Results generated on qui 08 mai 2025 09:34:33 -03
Number of threads: 4
Ignore '-real.txt' instances: false
-------------------------------------------
t1p5h1A.txt:
- static: -> Total time: 0.03
- dynamic: -> Total time: 0.03

t1p5h1B.txt:
- static: -> Total time: 0.03
- dynamic: -> Total time: 0.03

t1p5h2A.txt:
- static: -> Total time: 0.03
- dynamic: -> Total time: 0.03

t1p5h2B.txt:
- static: -> Total time: 0.04
- dynamic: -> Total time: 0.03

t1p6h1.txt:
- static: -> Total time: 0.04
- dynamic: -> Total time: 0.05

t1p6h2.txt:
- static: -> Total time: 0.30
- dynamic: -> Total time: 0.27

t2p5h1A.txt:
- static: -> Total time: 0.21
- dynamic: -> Total time: 0.19

t2p5h1B.txt:
- static: -> Total time: 0.05
- dynamic: -> Total time: 0.04

t2p5h1C.txt:
- static: -> Total time: 0.04
- dynamic: -> Total time: 0.05

t2p5h1D.txt:
- static: -> Total time: 0.04
- dynamic: -> Total time: 0.06

t2p5h1E.txt:
- static: -> Total time: 0.06
- dynamic: -> Total time: 0.05

t2p5h1F.txt:
- static: -> Total time: 0.05
- dynamic: -> Total time: 0.04

t2p5h1G.txt:
- static: -> Total time: 31.22
- dynamic: -> Total time: 24.83

t2p5h1H.txt:
- static: -> Total time: 3.30
- dynamic: -> Total time: 2.27

t2p5h2A.txt:
- static: -> Total time: 2.15
- dynamic: -> Total time: 2.45

t2p5h2B.txt:
- static: -> Total time: 0.14
- dynamic: -> Total time: 0.13

t2p5h3A.txt:
- static: -> Total time: 4.59
- dynamic: -> Total time: 5.87

t2p6h1.txt:
- static: -> Total time: 7.09
