Results generated on Tue Jul 22 12:51:41 UTC 2025
Set of instances: instances
Method: enum
Number of threads: 12
-------------------------------------------
t1p5h1A.txt:
-> Solution value: 0
-> Total time: 0.02

t1p5h1B.txt:
-> Solution value: 3840
-> Total time: 0.03

t1p5h2A.txt:
-> Solution value: 1280
-> Total time: 0.03

t1p5h2B.txt:
-> Solution value: 3840
-> Total time: 0.03

t1p6h1.txt:
-> Solution value: 7680
-> Total time: 0.01

t1p6h2.txt:
-> Solution value: 8040
-> Total time: 0.07

t2p5h1A.txt:
-> Solution value: 6359
-> Total time: 0.06

t2p5h1B.txt:
-> Solution value: 120
-> Total time: 0.03

t2p5h1C.txt:
-> Solution value: 60
-> Total time: 0.02

t2p5h1D.txt:
-> Solution value: 60
-> Total time: 0.02

t2p5h1E.txt:
-> Solution value: 60
-> Total time: 0.01

t2p5h1F.txt:
-> Solution value: 60
-> Total time: 0.01

t2p5h1G.txt:
-> Solution value: 959
-> Total time: 4.34

t2p5h1H.txt:
-> Solution value: 5180
-> Total time: 0.59

t2p5h2A.txt:
-> Solution value: 7380
-> Total time: 0.07

t2p5h2B.txt:
-> Solution value: 14040
-> Total time: 0.07

t2p5h3A.txt:
-> Solution value: 13681
-> Total time: 1.21

t2p6h1.txt:
-> Solution value: 5480
-> Total time: 0.40

t2p6h2.txt:
-> Solution value: 5720
-> Total time: 0.35

t2p6h3A.txt:
-> Solution value: 10160
-> Total time: 2.08

t2p6h3B.txt:
-> Solution value: 10080
-> Total time: 2.03

t2p8h1.txt:
-> Solution value: 8920
-> Total time: 0.54

t2p8h2.txt:
-> Solution value: 17720
-> Total time: 1076.92

t3p10h1.txt:
-> Solution value: 10440
-> Total time: 1.74

t3p5h1A.txt:
-> Solution value: 7039
-> Total time: 0.62

t3p5h1B.txt:
-> Solution value: 13960
-> Total time: 5.22

t3p5h1C.txt:
-> Solution value: 14440
-> Total time: 4.46

t3p5h1D.txt:
-> Solution value: 11820
-> Total time: 17.77

t3p5h2A.txt:
-> Solution value: 18599
-> Total time: 0.74

t3p5h2B.txt:
-> Solution value: 11819
-> Total time: 12.98

t3p5h3.txt:
-> Solution value: 32161
-> Total time: 2.03

t3p6h3A.txt:
-> Solution value: 7760
-> Total time: 17.78

t3p6h3B.txt:
-> Solution value: 7620
-> Total time: 15.91

t3p8h1.txt:
-> Solution value: 6880
-> Total time: 54.83

t3p8h2.txt:
-> Solution value: 7230
-> Total time: 25.94

t3p8h3.txt:
-> Solution value: 17080
-> Total time: 460.11
