Results generated on Tue Jul 22 13:38:44 UTC 2025
Set of instances: instances
Method: model
Number of threads: 12
-------------------------------------------
t1p5h1A.txt:
-> Solution value: 0
-> Total time: 0.00

t1p5h1B.txt:
-> Solution value: 3840
-> Total time: 0.00

t1p5h2A.txt:
-> Solution value: 1280
-> Total time: 0.06

t1p5h2B.txt:
-> Solution value: 3840
-> Total time: 0.08

t1p6h1.txt:
-> Solution value: 7680
-> Total time: 0.01

t1p6h2.txt:
-> Solution value: 8040
-> Total time: 0.15

t2p5h1A.txt:
-> Solution value: 6359
-> Total time: 0.06

t2p5h1B.txt:
-> Solution value: 120
-> Total time: 0.06

t2p5h1C.txt:
-> Solution value: 60
-> Total time: 0.04

t2p5h1D.txt:
-> Solution value: 60
-> Total time: 0.05

t2p5h1E.txt:
-> Solution value: 60
-> Total time: 0.05

t2p5h1F.txt:
-> Solution value: 60
-> Total time: 0.06

t2p5h1G.txt:
-> Solution value: 960
-> Total time: 0.52

t2p5h1H.txt:
-> Solution value: 5179
-> Total time: 1.66

t2p5h2A.txt:
-> Solution value: 7380
-> Total time: 0.22

t2p5h2B.txt:
-> Solution value: 14040
-> Total time: 0.46

t2p5h3A.txt:
-> Solution value: 13681
-> Total time: 14.16

t2p6h1.txt:
-> Solution value: 5480
-> Total time: 0.50

t2p6h2.txt:
-> Solution value: 5720
-> Total time: 2.30

t2p6h3A.txt:
-> Solution value: 10160
-> Total time: 8.85

t2p6h3B.txt:
-> Solution value: 10081
-> Total time: 12.46

t2p8h1.txt:
-> Solution value: 8920
-> Total time: 0.56

t2p8h2.txt:
-> Solution value: 17719
-> Total time: 495.09

t3p10h1.txt:
-> Solution value: 10440
-> Total time: 0.80

t3p5h1A.txt:
-> Solution value: 7040
-> Total time: 3.22

t3p5h1B.txt:
-> Solution value: 13960
-> Total time: 16.43

t3p5h1C.txt:
-> Solution value: 14440
-> Total time: 2.88

t3p5h1D.txt:
-> Solution value: 11820
-> Total time: 32.00

t3p5h2A.txt:
-> Solution value: 18599
-> Total time: 2.98

t3p5h2B.txt:
-> Solution value: 11819
-> Total time: 92.39

t3p5h3.txt:
-> Solution value: 32161
-> Total time: 3.41

t3p6h3A.txt:
-> Solution value: 7760
-> Total time: 81.31

t3p6h3B.txt:
-> Solution value: 7621
-> Total time: 70.77

t3p8h1.txt:
-> Solution value: 6879
-> Total time: 654.79

t3p8h2.txt:
-> Solution value: 7230
-> Total time: 187.82

t3p8h3.txt:
-> Solution value: 17080
-> Total time: 43203.18
