Results generated on qui 03 jul 2025 12:00:38 -03
Number of threads: 4
Ignore '-real.txt' instances: false
-------------------------------------------
t2p15h1.txt:
-> Solution value: 7861.00
-> Total time: 1.01
-> Optimal was found: 0.26

t2p20h1.txt:
-> Solution value: 16499.00
-> Total time: 1.68
-> Optimal was found: 1.68

t2p20h2.txt:
-> Solution value: 10607.00
-> Total time: 8.01
-> Optimal was found: 4.55

t3p11h1.txt:
-> Solution value: 18517.00
-> Total time: 19.17
-> Optimal was found: 19.17

t3p13h1.txt:
-> Solution value: 9391.00
-> Total time: 29.92
-> Optimal was found: 29.92

t3p15h1.txt:
-> Solution value: 9687.00
-> Total time: 34.80
-> Optimal was found: 34.79

t3p18h2.txt:
-> Solution value: 14062.00
-> Total time: 43.03
-> Optimal was found: 24.52

t3p19h1.txt:
-> Solution value: 12705.00
-> Total time: 52.07
-> Optimal was found: 52.07

t4p11h1.txt:
-> Solution value: 10141.00
-> Total time: 164.04
-> Optimal was found: 53.59

t4p13h2.txt:
-> Solution value: 22101.00
-> Total time: 558.92
-> Optimal was found: 558.92

t4p15h2.txt:
-> Solution value: 21059.00
-> Total time: 1270.95
-> Optimal was found: 1270.95

t4p15h4.txt:
-> Solution value: 
-> Total time: 
-> Optimal was found: 

t4p17h2.txt:
-> Solution value: 12192.00
-> Total time: 287.48
-> Optimal was found: 46.36