Results generated on sex 27 jun 2025 12:47:46 -03
Number of threads: 1
-------------------------------------------
t1p5h1A.txt:
-> Solution value: 0.00
-> Total time: 0.03

t1p5h1B.txt:
-> Solution value: 3840.00
-> Total time: 0.02

t1p5h2A.txt:
-> Solution value: 1280.00
-> Total time: 0.01

t1p5h2B.txt:
-> Solution value: 3840.00
-> Total time: 0.05

t1p6h1.txt:
-> Solution value: 7680.00
-> Total time: 0.02

t1p6h2.txt:
-> Solution value: 8040.00
-> Total time: 0.07

t2p5h1A.txt:
-> Solution value: 6360.00
-> Total time: 0.22

t2p5h1B.txt:
-> Solution value: 120.00
-> Total time: 0.02

t2p5h1C.txt:
-> Solution value: 60.00
-> Total time: 0.02

t2p5h1D.txt:
-> Solution value: 60.00
-> Total time: 0.02

t2p5h1E.txt:
-> Solution value: 60.00
-> Total time: 0.03

t2p5h1F.txt:
-> Solution value: 60.00
-> Total time: 0.05

t2p5h1G.txt:
-> Solution value: 960.00
-> Total time: 2.66

t2p5h1H.txt:
-> Solution value: 5180.00
-> Total time: 1.15

t2p5h2A.txt:
-> Solution value: 7380.00
-> Total time: 0.52

t2p5h2B.txt:
-> Solution value: 14040.00
-> Total time: 0.31

t2p5h3A.txt:
-> Solution value: 13681.00
-> Total time: 2.89

t2p6h1.txt:
-> Solution value: 5480.00
-> Total time: 1.45

t2p6h2.txt:
-> Solution value: 5720.00
-> Total time: 1.31

t2p6h3A.txt:
-> Solution value: 10161.00
-> Total time: 2.97

t2p6h3B.txt:
-> Solution value: 10081.00
-> Total time: 2.88

t2p8h1.txt:
-> Solution value: 8920.00
-> Total time: 1.76

t2p8h2.txt:
-> Solution value: 17720.00
-> Total time: 14.29

t3p10h1.txt:
-> Solution value: 10440.00
-> Total time: 5.81

t3p5h1A.txt:
-> Solution value: 7040.00
-> Total time: 8.94

t3p5h1B.txt:
-> Solution value: 13960.00
-> Total time: 37.65

t3p5h1C.txt:
-> Solution value: 14440.00
-> Total time: 11.12

t3p5h1D.txt:
-> Solution value: 11820.00
-> Total time: 77.14

t3p5h2A.txt:
-> Solution value: 18600.00
-> Total time: 2.25

t3p5h2B.txt:
-> Solution value: 11820.00
-> Total time: 23.90

t3p5h3.txt:
-> Solution value: 32161.00
-> Total time: 4.80

t3p6h3A.txt:
-> Solution value: 7761.00
-> Total time: 78.43

t3p6h3B.txt:
-> Solution value: 7621.00
-> Total time: 68.17

t3p8h1.txt:
-> Solution value: 6880.00
-> Total time: 356.76

t3p8h2.txt:
-> Solution value: 7260.00
-> Total time: 57.99

t3p8h3.txt:
-> Solution value: 17081.00
-> Total time: 433.92

