Results generated on Tue Jul 15 11:17:28 UTC 2025
Set of instances: instances
Method: heuristic
Number of threads: 12
-------------------------------------------
t1p5h1A.txt:
-> Solution value: 0.00
-> Total time: 0.02

t1p5h1B.txt:
-> Solution value: 3840.00
-> Total time: 0.03

t1p5h2A.txt:
-> Solution value: 1280.00
-> Total time: 0.03

t1p5h2B.txt:
-> Solution value: 3840.00
-> Total time: 0.03

t1p6h1.txt:
-> Solution value: 7680.00
-> Total time: 0.03

t1p6h2.txt:
-> Solution value: 8040.00
-> Total time: 0.04

t2p5h1A.txt:
-> Solution value: 6360.00
-> Total time: 0.07

t2p5h1B.txt:
-> Solution value: 120.00
-> Total time: 0.04

t2p5h1C.txt:
-> Solution value: 60.00
-> Total time: 0.04

t2p5h1D.txt:
-> Solution value: 60.00
-> Total time: 0.03

t2p5h1E.txt:
-> Solution value: 60.00
-> Total time: 0.01

t2p5h1F.txt:
-> Solution value: 60.00
-> Total time: 0.03

t2p5h1G.txt:
-> Solution value: 1020.00
-> Total time: 0.21

t2p5h1H.txt:
-> Solution value: 5180.00
-> Total time: 0.13

t2p5h2A.txt:
-> Solution value: 7380.00
-> Total time: 0.05

t2p5h2B.txt:
-> Solution value: 14040.00
-> Total time: 0.07

t2p5h3A.txt:
-> Solution value: 13681.00
-> Total time: 1.00

t2p6h1.txt:
-> Solution value: 5480.00
-> Total time: 0.17

t2p6h2.txt:
-> Solution value: 6840.00
-> Total time: 0.14

t2p6h3A.txt:
-> Solution value: 11361.00
-> Total time: 0.31

t2p6h3B.txt:
-> Solution value: 11081.00
-> Total time: 0.32

t2p8h1.txt:
-> Solution value: 8920.00
-> Total time: 0.26

t2p8h2.txt:
-> Solution value: 17720.00
-> Total time: 1.61

t3p10h1.txt:
-> Solution value: 10440.00
-> Total time: 1.71

t3p5h1A.txt:
-> Solution value: 7040.00
-> Total time: 1.05

t3p5h1B.txt:
-> Solution value: 13960.00
-> Total time: 4.89

t3p5h1C.txt:
-> Solution value: 14440.00
-> Total time: 4.44

t3p5h1D.txt:
-> Solution value: 11820.00
-> Total time: 10.68

t3p5h2A.txt:
-> Solution value: 18600.00
-> Total time: 0.69

t3p5h2B.txt:
-> Solution value: 11820.00
-> Total time: 1.31

t3p5h3.txt:
-> Solution value: 32161.00
-> Total time: 1.97

t3p6h3A.txt:
-> Solution value: 7761.00
-> Total time: 5.04

t3p6h3B.txt:
-> Solution value: 7621.00
-> Total time: 4.54

t3p8h1.txt:
-> Solution value: 6880.00
-> Total time: 84.82

t3p8h2.txt:
-> Solution value: 8120.00
-> Total time: 3.57

t3p8h3.txt:
-> Solution value: 17841.00
-> Total time: 53.72

