Results generated on sex 27 jun 2025 11:33:54 -03
Number of threads: 1
-------------------------------------------
t2p15h1.txt:
-> Solution value: 7861.00
-> Total time: 0.87

t2p20h1.txt:
-> Solution value: 16499.00
-> Total time: 1.43

t2p20h2.txt:
-> Solution value: 10607.00
-> Total time: 17.72

t3p11h1.txt:
-> Solution value: 18517.00
-> Total time: 27.14

t3p13h1.txt:
-> Solution value: 9391.00
-> Total time: 42.15

t3p15h1.txt:
-> Solution value: 9687.00
-> Total time: 44.65

t3p18h2.txt:
-> Solution value: 14062.00
-> Total time: 84.35

t3p19h1.txt:
-> Solution value: 12705.00
-> Total time: 71.95

t4p11h1.txt:
-> Solution value: 10141.00
-> Total time: 229.55

t4p13h2.txt:
-> Solution value: 22101.00
-> Total time: 619.36

t4p15h2.txt:
-> Solution value: 21059.00
-> Total time: 1417.15

t4p15h4.txt:
-> Solution value: 
-> Total time: 

t4p17h2.txt:
-> Solution value: 12192.00
-> Total time: 333.47
