Results generated on seg 18 ago 2025 10:37:31 -03
Set of instances: instances-small
Method: heuristic
Number of threads: 2
-------------------------------------------
t2p10r7h2.txt:
-> Solution value: 39224
-> Total time: 0.42
-> Gap value: 

t2p4r2h1.txt:
-> Solution value: 13205
-> Total time: 0.11
-> Gap value: 

t2p4r2h2.txt:
-> Solution value: 6693
-> Total time: 0.13
-> Gap value: 

t2p4r2h3.txt:
-> Solution value: 22014
-> Total time: 0.15
-> Gap value: 

t2p5r2h1.txt:
-> Solution value: 5638
-> Total time: 0.11
-> Gap value: 

t2p6r2h2.txt:
-> Solution value: 6329
-> Total time: 0.22
-> Gap value: 

t3p10r2h2.txt:
-> Solution value: 9376
-> Total time: 4.85
-> Gap value: 

t3p3r2h3.txt:
-> Solution value: 14631
-> Total time: 0.46
-> Gap value: 

t3p6r2h1.txt:
-> Solution value: 220
-> Total time: 0.27
-> Gap value: 

t3p8r2h2.txt:
