Results generated on Mon Jul 14 16:59:45 UTC 2025
Set of instances: instances-medium
Method: heuristic
Number of threads: 12
-------------------------------------------
t2p15h1.txt:
-> Solution value: 7861.00
-> Total time: 0.16

t2p20h1.txt:
-> Solution value: 16499.00
-> Total time: 0.26

t2p20h2.txt:
-> Solution value: 10607.00
-> Total time: 1.51

t3p11h1-new.txt:
-> Solution value: 18658.00
-> Total time: 2.31

t3p11h1.txt:
-> Solution value: 18517.00
-> Total time: 2.60

t3p13h1-new.txt:
-> Solution value: 9484.00
-> Total time: 3.32

t3p13h1.txt:
-> Solution value: 9391.00
-> Total time: 3.74

t3p15h1-new.txt:
-> Solution value: 9850.00
-> Total time: 2.44

t3p15h1.txt:
-> Solution value: 9687.00
-> Total time: 2.96

t3p18h2.txt:
-> Solution value: 14062.00
-> Total time: 13.88

t3p19h1-new.txt:
-> Solution value: 12902.00
-> Total time: 3.71

t3p19h1.txt:
-> Solution value: 12705.00
-> Total time: 4.45

t4p11h1.txt:
-> Solution value: 
-> Total time: 

t4p13h2-new.txt:
-> Solution value: 22101.00
-> Total time: 152.58

t4p13h2.txt:
-> Solution value: 22101.00
-> Total time: 175.25

t4p15h2.txt:
-> Solution value: 21059.00
-> Total time: 149.89

t4p15h4.txt:
-> Solution value: 
-> Total time: 

t4p17h2.txt:
-> Solution value: 12192.00
-> Total time: 38.23

t5p16h3.txt:
-> Solution value: 36001.00
-> Total time: 397.92

t6p12h3.txt:
