Results generated on sex 27 jun 2025 13:32:13 -03
Number of threads: 1
-------------------------------------------
t1p5h1A.txt:
-> Solution value: 0.00
-> Total time: 0.00

t1p5h1B.txt:
-> Solution value: 3840.00
-> Total time: 0.00

t1p5h2A.txt:
-> Solution value: 1280.00
-> Total time: 0.01

t1p5h2B.txt:
-> Solution value: 3840.00
-> Total time: 0.01

t1p6h1.txt:
-> Solution value: 7680.00
-> Total time: 0.00

t1p6h2.txt:
-> Solution value: 8040.00
-> Total time: 0.20

t2p5h1A.txt:
-> Solution value: 6360.00
-> Total time: 0.04

t2p5h1B.txt:
-> Solution value: 120.00
-> Total time: 0.01

t2p5h1C.txt:
-> Solution value: 60.00
-> Total time: 0.01

t2p5h1D.txt:
-> Solution value: 60.00
-> Total time: 0.01

t2p5h1E.txt:
-> Solution value: 60.00
-> Total time: 0.01

t2p5h1F.txt:
-> Solution value: 60.00
-> Total time: 0.01

t2p5h1G.txt:
-> Solution value: 960.00
-> Total time: 1.42

t2p5h1H.txt:
-> Solution value: 5180.00
-> Total time: 17.96

t2p5h2A.txt:
-> Solution value: 7380.00
-> Total time: 0.61

t2p5h2B.txt:
-> Solution value: 14040.00
-> Total time: 0.39

t2p5h3A.txt:
-> Solution value: 13681.00
-> Total time: 10.89

t2p6h1.txt:
-> Solution value: 5480.00
-> Total time: 1.53

t2p6h2.txt:
-> Solution value: 5720.00
-> Total time: 6.10

t2p6h3A.txt:
-> Solution value: 10161.00
-> Total time: 60.12

t2p6h3B.txt:
-> Solution value: 10081.00
-> Total time: 26.78

t2p8h1.txt:
-> Solution value: 8920.00
-> Total time: 2.17

t2p8h2.txt:
-> Solution value: 17720.00
-> Total time: 2460.75

t3p10h1.txt:
-> Solution value: 10440.00
-> Total time: 3.18

t3p5h1A.txt:
-> Solution value: 7040.00
-> Total time: 4.56

t3p5h1B.txt:
-> Solution value: 13960.00
-> Total time: 53.97

t3p5h1C.txt:
-> Solution value: 14440.00
-> Total time: 5.58

t3p5h1D.txt:
-> Solution value: 11820.00
-> Total time: 3.41

t3p5h2A.txt:
-> Solution value: 18600.00
-> Total time: 5.17

t3p5h2B.txt:
-> Solution value: 11820.00
-> Total time: 446.16

t3p5h3.txt:
-> Solution value: 32161.00
-> Total time: 4.01

t3p6h3A.txt:
-> Solution value: 7761.00
-> Total time: 455.99

t3p6h3B.txt:
-> Solution value: 7621.00
-> Total time: 789.16

t3p8h1.txt:
-> Solution value: 6880.00
-> Total time: 1189.05

t3p8h2.txt:
-> Solution value: 7230.00
-> Total time: 5667.52

t3p8h3.txt:
-> Solution value: 17081.00
-> Total time: 43200.01

