t2p5r2h1.txt:
   > Trying to open the instance file...
   > Reading number of trains...
   > Reading maximum number of trips per train...
   > Reading time intervals...
   > Reading number of points...
   > Reading stations...
   > Reading crossings...
   > Reading depots...
   > Reading initial point...
   > Reading routes...
   > Reading distance and distance and service...
   > Reading demands...
   > Reading maximum time...
   > Reading alpha...

--------------------------------
 Printing instance
--------------------------------
number of trains = 2
	max trips per trains: 6     6
number of intervals = 1
	(0,  61598)
number of points = 5
	initial point: 0
	stations: 0     1     2     3     4
	crossings: 0     2     4
	depots: 0     4
number of vertices = 10
	total vertices: 0     1     2     3     4     5     6     7     8     9
	upper vertices: 0     1     2     3     4
	lower vertices: 5     6     7     8     9
	vertices of point #0: (0, 5)
	vertices of point #1: (1, 6)
	vertices of point #2: (2, 7)
	vertices of point #3: (3, 8)
	vertices of point #4: (4, 9)

arcs...
	total arcs: 
		arc #0: (0, 1)
		arc #1: (0, 5)
		arc #2: (5, 0)
		arc #3: (1, 2)
		arc #4: (6, 5)
		arc #5: (2, 3)
		arc #6: (7, 6)
		arc #7: (3, 4)
		arc #8: (8, 7)
		arc #9: (9, 8)
		arc #10: (4, 9)
		arc #11: (9, 4)

	reverse arcs: 
		arc #1: (0, 5)
		arc #2: (5, 0)
		arc #10: (4, 9)
		arc #11: (9, 4)


incompatible points...
	(0, 1, 7, (1, 2))	(7, 6, 0, (6, 5))	(2, 3, 9, (3, 4))	(9, 8, 2, (8, 7))

number of routes = 2
vertices of routes...
	route #0: 0     1     2     3     4     9     8     7     6     5     0
	route #1: 9     8     7     6     5     0     1     2     3     4     9
arcs of routes...
	route #0: 0     3     5     7    10     9     8     6     4     2
	route #1: 9     8     6     4     2     0     3     5     7    10

incompatible routes...
	(0, 1)    	(1, 0)

vertices that can be adjacent in consecutive trips...
	(0, 0)    	(9, 9)
non cyclical routes: 


routes of trip...
	routes that train #0 can complete at trip #0: 0
	routes that train #0 can complete at trip #1: 0       1
	routes that train #0 can complete at trip #2: 0       1
	routes that train #0 can complete at trip #3: 0       1
	routes that train #0 can complete at trip #4: 0       1
	routes that train #0 can complete at trip #5: 0       1

	routes that train #1 can complete at trip #0: 0
	routes that train #1 can complete at trip #1: 0       1
	routes that train #1 can complete at trip #2: 0       1
	routes that train #1 can complete at trip #3: 0       1
	routes that train #1 can complete at trip #4: 0       1
	routes that train #1 can complete at trip #5: 0       1

 cost...
	arc #0 [0][1]: 694
	arc #1 [0][5]: 0
	arc #2 [5][0]: 0
	arc #3 [1][2]: 618
	arc #4 [6][5]: 694
	arc #5 [2][3]: 703
	arc #6 [7][6]: 618
	arc #7 [3][4]: 664
	arc #8 [8][7]: 703
	arc #9 [9][8]: 664
	arc #10 [4][9]: 0
	arc #11 [9][4]: 0

cost with minimum service...
	arc #0 [0][1]: 813
	arc #1 [0][5]: 0
	arc #2 [5][0]: 0
	arc #3 [1][2]: 737
	arc #4 [6][5]: 836
	arc #5 [2][3]: 822
	arc #6 [7][6]: 737
	arc #7 [3][4]: 806
	arc #8 [8][7]: 822
	arc #9 [9][8]: 783
	arc #10 [4][9]: 0
	arc #11 [9][4]: 0

cost with maximum service...
	arc #0 [0][1]: 1286
	arc #1 [0][5]: 592
	arc #2 [5][0]: 592
	arc #3 [1][2]: 1210
	arc #4 [6][5]: 1286
	arc #5 [2][3]: 1295
	arc #6 [7][6]: 1210
	arc #7 [3][4]: 1256
	arc #8 [8][7]: 1295
	arc #9 [9][8]: 1256
	arc #10 [4][9]: 592
	arc #11 [9][4]: 592

demands...
	demands of vertex 0 at time interval: 11
	demands of vertex 1 at time interval: 11
	demands of vertex 2 at time interval: 11
	demands of vertex 3 at time interval: 11
	demands of vertex 4 at time interval: 0
	demands of vertex 5 at time interval: 0
	demands of vertex 6 at time interval: 11
	demands of vertex 7 at time interval: 11
	demands of vertex 8 at time interval: 11
	demands of vertex 9 at time interval: 11

maximum time = 61598
alpha = 41

Selecting set of cyclical routes...

Selecting set of initial routes...

Creating initial set of candidate combinations...
Solving candidate combinations...

Found new best - 1/1 candidate combination(s) tested! (Thread 0)

Removing trips...

Solving candidate combinations...

1/1 candidate combination(s) tested! (Thread 0)

Relaxing trips, so the model can make changes...

>> Printing some results...
    -> Solution value = 31922 - 08:52:02
    -> Total time = 1.28

=============
Train 0
=============
> Trip 0
   0(time 119 - 00:01:59)(time 813 - 00:13:33) ->    1(time 932 - 00:15:32)(time 1550 - 00:25:50) ->    2(time 1669 - 00:27:49)(time 2372 - 00:39:32) ->    3(time 2514 - 00:41:54)(time 3178 - 00:52:58) ->    4(time 3320 - 00:55:20)(time 3320 - 00:55:20) ->    9(time 3320 - 00:55:20)(time 3984 - 01:06:24) ->    8(time 4103 - 01:08:23)(time 4806 - 01:20:06) ->    7(time 4925 - 01:22:05)(time 5543 - 01:32:23) ->    6(time 5662 - 01:34:22)(time 6356 - 01:45:56) ->    5(time 6498 - 01:48:18)(time 6498 - 01:48:18) -> 0
> Trip 1
   0(time 6498 - 01:48:18)(time 7192 - 01:59:52) ->    1(time 7311 - 02:01:51)(time 7929 - 02:12:09) ->    2(time 8048 - 02:14:08)(time 8751 - 02:25:51) ->    3(time 8870 - 02:27:50)(time 9534 - 02:38:54) ->    4(time 9676 - 02:41:16)(time 9676 - 02:41:16) ->    9(time 9676 - 02:41:16)(time 10340 - 02:52:20) ->    8(time 10459 - 02:54:19)(time 11162 - 03:06:02) ->    7(time 11281 - 03:08:01)(time 11899 - 03:18:19) ->    6(time 12018 - 03:20:18)(time 12712 - 03:31:52) ->    5(time 12854 - 03:34:14)(time 12854 - 03:34:14) -> 0
> Trip 2
   0(time 12854 - 03:34:14)(time 13548 - 03:45:48) ->    1(time 13667 - 03:47:47)(time 14285 - 03:58:05) ->    2(time 14404 - 04:00:04)(time 15107 - 04:11:47) ->    3(time 15226 - 04:13:46)(time 15890 - 04:24:50) ->    4(time 16032 - 04:27:12)(time 16032 - 04:27:12) ->    9(time 16032 - 04:27:12)(time 16696 - 04:38:16) ->    8(time 16815 - 04:40:15)(time 17518 - 04:51:58) ->    7(time 17637 - 04:53:57)(time 18255 - 05:04:15) ->    6(time 18374 - 05:06:14)(time 19068 - 05:17:48) ->    5(time 19210 - 05:20:10)(time 19210 - 05:20:10) -> 0
> Trip 3
   0(time 19210 - 05:20:10)(time 19904 - 05:31:44) ->    1(time 20023 - 05:33:43)(time 20641 - 05:44:01) ->    2(time 20760 - 05:46:00)(time 21463 - 05:57:43) ->    3(time 21582 - 05:59:42)(time 22246 - 06:10:46) ->    4(time 22388 - 06:13:08)(time 22388 - 06:13:08) ->    9(time 22388 - 06:13:08)(time 23052 - 06:24:12) ->    8(time 23171 - 06:26:11)(time 23874 - 06:37:54) ->    7(time 23993 - 06:39:53)(time 24611 - 06:50:11) ->    6(time 24730 - 06:52:10)(time 25424 - 07:03:44) ->    5(time 25566 - 07:06:06)(time 25566 - 07:06:06) -> 0
> Trip 4
   0(time 25566 - 07:06:06)(time 26260 - 07:17:40) ->    1(time 26379 - 07:19:39)(time 26997 - 07:29:57) ->    2(time 27116 - 07:31:56)(time 27819 - 07:43:39) ->    3(time 27938 - 07:45:38)(time 28602 - 07:56:42) ->    4(time 28744 - 07:59:04)(time 28744 - 07:59:04) ->    9(time 28744 - 07:59:04)(time 29408 - 08:10:08) ->    8(time 29527 - 08:12:07)(time 30230 - 08:23:50) ->    7(time 30349 - 08:25:49)(time 30967 - 08:36:07) ->    6(time 31086 - 08:38:06)(time 31780 - 08:49:40) ->    5(time 31922 - 08:52:02)(time 31922 - 08:52:02) -> 0
> Trip 5
   0(time 31922 - 08:52:02)(time 32616 - 09:03:36) ->    1(time 32735 - 09:05:35)(time 33353 - 09:15:53) ->    2(time 33472 - 09:17:52)(time 34175 - 09:29:35) ->    3(time 34294 - 09:31:34)(time 34958 - 09:42:38) ->    4(time 35100 - 09:45:00)(time 35100 - 09:45:00) ->    9(time 35100 - 09:45:00)(time 35764 - 09:56:04) ->    8(time 35883 - 09:58:03)(time 36586 - 10:09:46) ->    7(time 36705 - 10:11:45)(time 37323 - 10:22:03) ->    6(time 37442 - 10:24:02)(time 38136 - 10:35:36) ->    5(time 38278 - 10:37:58)(time 38278 - 10:37:58) -> 0
=============
Train 1
=============
> Trip 0
   0(time 0 - 00:00:00)(time 694 - 00:11:34) ->    1(time 813 - 00:13:33)(time 1431 - 00:23:51) ->    2(time 1550 - 00:25:50)(time 2253 - 00:37:33) ->    3(time 2372 - 00:39:32)(time 3036 - 00:50:36) ->    4(time 3178 - 00:52:58)(time 3178 - 00:52:58) ->    9(time 3178 - 00:52:58)(time 3842 - 01:04:02) ->    8(time 3961 - 01:06:01)(time 4664 - 01:17:44) ->    7(time 4783 - 01:19:43)(time 5401 - 01:30:01) ->    6(time 5520 - 01:32:00)(time 6214 - 01:43:34) ->    5(time 6356 - 01:45:56)(time 6356 - 01:45:56) -> 0
> Trip 1
   0(time 6356 - 01:45:56)(time 7050 - 01:57:30) ->    1(time 7169 - 01:59:29)(time 7787 - 02:09:47) ->    2(time 7906 - 02:11:46)(time 8609 - 02:23:29) ->    3(time 8728 - 02:25:28)(time 9392 - 02:36:32) ->    4(time 9534 - 02:38:54)(time 9534 - 02:38:54) ->    9(time 9534 - 02:38:54)(time 10198 - 02:49:58) ->    8(time 10317 - 02:51:57)(time 11020 - 03:03:40) ->    7(time 11139 - 03:05:39)(time 11757 - 03:15:57) ->    6(time 11876 - 03:17:56)(time 12570 - 03:29:30) ->    5(time 12712 - 03:31:52)(time 12712 - 03:31:52) -> 0
> Trip 2
   0(time 12712 - 03:31:52)(time 13406 - 03:43:26) ->    1(time 13525 - 03:45:25)(time 14143 - 03:55:43) ->    2(time 14262 - 03:57:42)(time 14965 - 04:09:25) ->    3(time 15084 - 04:11:24)(time 15748 - 04:22:28) ->    4(time 15890 - 04:24:50)(time 15890 - 04:24:50) ->    9(time 15890 - 04:24:50)(time 16554 - 04:35:54) ->    8(time 16673 - 04:37:53)(time 17376 - 04:49:36) ->    7(time 17495 - 04:51:35)(time 18113 - 05:01:53) ->    6(time 18232 - 05:03:52)(time 18926 - 05:15:26) ->    5(time 19068 - 05:17:48)(time 19068 - 05:17:48) -> 0
> Trip 3
   0(time 19068 - 05:17:48)(time 19762 - 05:29:22) ->    1(time 19881 - 05:31:21)(time 20499 - 05:41:39) ->    2(time 20618 - 05:43:38)(time 21321 - 05:55:21) ->    3(time 21440 - 05:57:20)(time 22104 - 06:08:24) ->    4(time 22246 - 06:10:46)(time 22246 - 06:10:46) ->    9(time 22246 - 06:10:46)(time 22910 - 06:21:50) ->    8(time 23029 - 06:23:49)(time 23732 - 06:35:32) ->    7(time 23851 - 06:37:31)(time 24469 - 06:47:49) ->    6(time 24588 - 06:49:48)(time 25282 - 07:01:22) ->    5(time 25424 - 07:03:44)(time 25424 - 07:03:44) -> 0
> Trip 4
   0(time 25424 - 07:03:44)(time 26118 - 07:15:18) ->    1(time 26237 - 07:17:17)(time 26855 - 07:27:35) ->    2(time 26974 - 07:29:34)(time 27677 - 07:41:17) ->    3(time 27796 - 07:43:16)(time 28460 - 07:54:20) ->    4(time 28602 - 07:56:42)(time 28602 - 07:56:42) ->    9(time 28602 - 07:56:42)(time 29266 - 08:07:46) ->    8(time 29385 - 08:09:45)(time 30088 - 08:21:28) ->    7(time 30207 - 08:23:27)(time 30825 - 08:33:45) ->    6(time 30944 - 08:35:44)(time 31638 - 08:47:18) ->    5(time 31780 - 08:49:40)(time 31780 - 08:49:40) -> 0
> Trip 5
   0(time 31780 - 08:49:40)(time 32474 - 09:01:14) ->    1(time 32593 - 09:03:13)(time 33211 - 09:13:31) ->    2(time 33330 - 09:15:30)(time 34033 - 09:27:13) ->    3(time 34152 - 09:29:12)(time 34816 - 09:40:16) ->    4(time 34958 - 09:42:38)(time 34958 - 09:42:38) ->    9(time 34958 - 09:42:38)(time 35622 - 09:53:42) ->    8(time 35741 - 09:55:41)(time 36444 - 10:07:24) ->    7(time 36563 - 10:09:23)(time 37181 - 10:19:41) ->    6(time 37300 - 10:21:40)(time 37994 - 10:33:14) ->    5(time 38136 - 10:35:36)(time 38136 - 10:35:36) -> 0
Traceback (most recent call last):
  File "/home/renata/Train-Timetabling/script.py", line 17, in <module>
    with open(file_name, "r") as file:
FileNotFoundError: [Errno 2] No such file or directory: 'script-solution.txt'
