t2p6r7h3.txt:
   > Trying to open the instance file...
   > Reading number of trains...
   > Reading maximum number of trips per train...
   > Reading time intervals...
   > Reading number of points...
   > Reading stations...
   > Reading crossings...
   > Reading depots...
   > Reading initial point...
   > Reading routes...
   > Reading distance and distance and service...
   > Reading demands...
   > Reading maximum time...
   > Reading alpha...

--------------------------------
 Printing instance
--------------------------------
number of trains = 2
	max trips per trains: 4     4
number of intervals = 3
	(0,  17216)	(17217,  34432)	(34433,  51649)
number of points = 6
	initial point: 4
	stations: 0     2     4     5
	crossings: 0     1     2     3     4     5
	depots: 0     4     5
number of vertices = 12
	total vertices: 0     1     2     3     4     5     6     7     8     9    10    11
	upper vertices: 0     1     2     3     4     5
	lower vertices: 6     7     8     9    10    11
	vertices of point #0: (0, 6)
	vertices of point #1: (1, 7)
	vertices of point #2: (2, 8)
	vertices of point #3: (3, 9)
	vertices of point #4: (4, 10)
	vertices of point #5: (5, 11)

arcs...
	total arcs: 
		arc #0: (0, 1)
		arc #1: (0, 6)
		arc #2: (6, 0)
		arc #3: (1, 2)
		arc #4: (7, 6)
		arc #5: (2, 3)
		arc #6: (8, 7)
		arc #7: (3, 4)
		arc #8: (9, 8)
		arc #9: (4, 5)
		arc #10: (10, 9)
		arc #11: (4, 10)
		arc #12: (10, 4)
		arc #13: (11, 10)
		arc #14: (5, 11)
		arc #15: (11, 5)

	reverse arcs: 
		arc #1: (0, 6)
		arc #2: (6, 0)
		arc #11: (4, 10)
		arc #12: (10, 4)
		arc #14: (5, 11)
		arc #15: (11, 5)


incompatible points...
	(0, 0, 7, (0, 1))	(7, 7, 0, (7, 6))	(1, 1, 8, (1, 2))	(8, 8, 1, (8, 7))	(2, 2, 9, (2, 3))	(9, 9, 2, (9, 8))	(3, 3, 10, (3, 4))	(10, 10, 3, (10, 9))	(4, 4, 11, (4, 5))	(11, 11, 4, (11, 10))

number of routes = 7
vertices of routes...
	route #0: 0     1     2     3     4     5    11    10     9     8     7     6     0
	route #1: 11    10     9     8     7     6     0     1     2     3     4     5    11
	route #2: 4     5
	route #3: 10     9     8     7     6
	route #4: 0     1     2     3     4
	route #5: 11    10
	route #6: 10     9     8     7     6     0     1     2     3     4    10
arcs of routes...
	route #0: 0     3     5     7     9    14    13    10     8     6     4     2
	route #1: 13    10     8     6     4     2     0     3     5     7     9    14
	route #2: 9
	route #3: 10     8     6     4
	route #4: 0     3     5     7
	route #5: 13
	route #6: 10     8     6     4     2     0     3     5     7    11

incompatible routes...
	(0, 1)    	(0, 2)    	(0, 3)    	(0, 5)    	(0, 6)    	(1, 0)    	(1, 2)    	(1, 3)    	(1, 4)    	(1, 6)    	(2, 0)    	(2, 2)    	(2, 3)    	(2, 4)    	(2, 6)    	(3, 1)    	(3, 2)    	(3, 3)    	(3, 5)    	(3, 6)    	(4, 0)    	(4, 1)    	(4, 4)    	(4, 5)    	(5, 0)    	(5, 1)    	(5, 4)    	(5, 5)    	(6, 0)    	(6, 1)    	(6, 4)    	(6, 5)

vertices that can be adjacent in consecutive trips...
	(0, 0)    	(4, 4)    	(4, 10)    	(5, 11)    	(6, 0)    	(10, 4)    	(10, 10)    	(11, 11)
non cyclical routes: 
       2       3       4       5

routes of trip...
	routes that train #0 can complete at trip #0: 2       3       6
	routes that train #0 can complete at trip #1: 0       1       2       3       4       5       6
	routes that train #0 can complete at trip #2: 0       1       2       3       4       5       6
	routes that train #0 can complete at trip #3: 0       1       2       3       4       5       6

	routes that train #1 can complete at trip #0: 2       3       6
	routes that train #1 can complete at trip #1: 0       1       2       3       4       5       6
	routes that train #1 can complete at trip #2: 0       1       2       3       4       5       6
	routes that train #1 can complete at trip #3: 0       1       2       3       4       5       6

 cost...
	arc #0 [0][1]: 677
	arc #1 [0][6]: 0
	arc #2 [6][0]: 0
	arc #3 [1][2]: 654
	arc #4 [7][6]: 677
	arc #5 [2][3]: 669
	arc #6 [8][7]: 654
	arc #7 [3][4]: 635
	arc #8 [9][8]: 669
	arc #9 [4][5]: 706
	arc #10 [10][9]: 635
	arc #11 [4][10]: 0
	arc #12 [10][4]: 0
	arc #13 [11][10]: 706
	arc #14 [5][11]: 0
	arc #15 [11][5]: 0

cost with minimum service...
	arc #0 [0][1]: 734
	arc #1 [0][6]: 0
	arc #2 [6][0]: 0
	arc #3 [1][2]: 724
	arc #4 [7][6]: 796
	arc #5 [2][3]: 726
	arc #6 [8][7]: 711
	arc #7 [3][4]: 754
	arc #8 [9][8]: 739
	arc #9 [4][5]: 825
	arc #10 [10][9]: 692
	arc #11 [4][10]: 0
	arc #12 [10][4]: 0
	arc #13 [11][10]: 825
	arc #14 [5][11]: 0
	arc #15 [11][5]: 0

cost with maximum service...
	arc #0 [0][1]: 984
	arc #1 [0][6]: 307
	arc #2 [6][0]: 307
	arc #3 [1][2]: 961
	arc #4 [7][6]: 984
	arc #5 [2][3]: 976
	arc #6 [8][7]: 961
	arc #7 [3][4]: 942
	arc #8 [9][8]: 976
	arc #9 [4][5]: 1013
	arc #10 [10][9]: 942
	arc #11 [4][10]: 307
	arc #12 [10][4]: 307
	arc #13 [11][10]: 1013
	arc #14 [5][11]: 307
	arc #15 [11][5]: 307

demands...
	demands of vertex 0 at time interval: 2     2     2
	demands of vertex 1 at time interval: 0     0     0
	demands of vertex 2 at time interval: 2     2     2
	demands of vertex 3 at time interval: 0     0     0
	demands of vertex 4 at time interval: 2     2     2
	demands of vertex 5 at time interval: 0     0     0
	demands of vertex 6 at time interval: 0     0     0
	demands of vertex 7 at time interval: 0     0     0
	demands of vertex 8 at time interval: 2     2     2
	demands of vertex 9 at time interval: 0     0     0
	demands of vertex 10 at time interval: 2     2     2
	demands of vertex 11 at time interval: 2     2     2

maximum time = 51649
alpha = 48

Selecting set of cyclical routes...

Selecting set of initial routes...

Creating initial set of candidate combinations...
Solving candidate combinations...

Found new best - 1/3 candidate combination(s) tested! (Thread 0)
2/3 candidate combination(s) tested! (Thread 0)
Found new best - 3/3 candidate combination(s) tested! (Thread 0)

Removing trips...

Terminating loop at iteration 1

Relaxing trips, so the model can make changes...

>> Printing some results...
    -> Solution value = 42077 - 11:41:17
    -> Total time = 0.79

=============
Train 0
=============
> Trip 0
   10(time 617 - 00:10:17)(time 1252 - 00:20:52) ->    9(time 1559 - 00:25:59)(time 2228 - 00:37:08) ->    8(time 2535 - 00:42:15)(time 3189 - 00:53:09) ->    7(time 3496 - 00:58:16)(time 4173 - 01:09:33) -> 6
> Trip 1
   0(time 4173 - 01:09:33)(time 4850 - 01:20:50) ->    1(time 4907 - 01:21:47)(time 5561 - 01:32:41) ->    2(time 5631 - 01:33:51)(time 6300 - 01:45:00) ->    3(time 6357 - 01:45:57)(time 6992 - 01:56:32) ->    4(time 7111 - 01:58:31)(time 7817 - 02:10:17) ->    5(time 7936 - 02:12:16)(time 7936 - 02:12:16) ->    11(time 7936 - 02:12:16)(time 8642 - 02:24:02) ->    10(time 8761 - 02:26:01)(time 9396 - 02:36:36) ->    9(time 9453 - 02:37:33)(time 10122 - 02:48:42) ->    8(time 10192 - 02:49:52)(time 10846 - 03:00:46) ->    7(time 10903 - 03:01:43)(time 11580 - 03:13:00) ->    6(time 11699 - 03:14:59)(time 11699 - 03:14:59) -> 0
> Trip 2
   0(time 18498 - 05:08:18)(time 19175 - 05:19:35) ->    1(time 19482 - 05:24:42)(time 20136 - 05:35:36) ->    2(time 20206 - 05:36:46)(time 20875 - 05:47:55) ->    3(time 20932 - 05:48:52)(time 21567 - 05:59:27) ->    4(time 21686 - 06:01:26)(time 22392 - 06:13:12) ->    5(time 22511 - 06:15:11)(time 22511 - 06:15:11) ->    11(time 22511 - 06:15:11)(time 23217 - 06:26:57) ->    10(time 23336 - 06:28:56)(time 23971 - 06:39:31) ->    9(time 24028 - 06:40:28)(time 24697 - 06:51:37) ->    8(time 24767 - 06:52:47)(time 25421 - 07:03:41) ->    7(time 25478 - 07:04:38)(time 26155 - 07:15:55) ->    6(time 26274 - 07:17:54)(time 26274 - 07:17:54) -> 0
> Trip 3
   0(time 34490 - 09:34:50)(time 35167 - 09:46:07) ->    1(time 35237 - 09:47:17)(time 35891 - 09:58:11) ->    2(time 35961 - 09:59:21)(time 36630 - 10:10:30) ->    3(time 36736 - 10:12:16)(time 37371 - 10:22:51) ->    4(time 37490 - 10:24:50)(time 38196 - 10:36:36) ->    5(time 38315 - 10:38:35)(time 38315 - 10:38:35) ->    11(time 38315 - 10:38:35)(time 39021 - 10:50:21) ->    10(time 39140 - 10:52:20)(time 39775 - 11:02:55) ->    9(time 39832 - 11:03:52)(time 40501 - 11:15:01) ->    8(time 40571 - 11:16:11)(time 41225 - 11:27:05) ->    7(time 41282 - 11:28:02)(time 41959 - 11:39:19) ->    6(time 42078 - 11:41:18)(time 42078 - 11:41:18) -> 0
=============
Train 1
=============
> Trip 0
   10(time 0 - 00:00:00)(time 635 - 00:10:35) ->    9(time 692 - 00:11:32)(time 1361 - 00:22:41) ->    8(time 1431 - 00:23:51)(time 2085 - 00:34:45) ->    7(time 2142 - 00:35:42)(time 2819 - 00:46:59) -> 6
> Trip 1
   0(time 2819 - 00:46:59)(time 3496 - 00:58:16) ->    1(time 3618 - 01:00:18)(time 4272 - 01:11:12) ->    2(time 4579 - 01:16:19)(time 5248 - 01:27:28) ->    3(time 5555 - 01:32:35)(time 6190 - 01:43:10) ->    4(time 6497 - 01:48:17)(time 7203 - 02:00:03) ->    5(time 7510 - 02:05:10)(time 7510 - 02:05:10) ->    11(time 7817 - 02:10:17)(time 8523 - 02:22:03) ->    10(time 8642 - 02:24:02)(time 9277 - 02:34:37) ->    9(time 9334 - 02:35:34)(time 10003 - 02:46:43) ->    8(time 10073 - 02:47:53)(time 10727 - 02:58:47) ->    7(time 10784 - 02:59:44)(time 11461 - 03:11:01) ->    6(time 11580 - 03:13:00)(time 11580 - 03:13:00) -> 0
> Trip 2
   0(time 17217 - 04:46:57)(time 17894 - 04:58:14) ->    1(time 17951 - 04:59:11)(time 18605 - 05:10:05) ->    2(time 18675 - 05:11:15)(time 19344 - 05:22:24) ->    3(time 19401 - 05:23:21)(time 20036 - 05:33:56) ->    4(time 20155 - 05:35:55)(time 20861 - 05:47:41) ->    5(time 20980 - 05:49:40)(time 20980 - 05:49:40) ->    11(time 20980 - 05:49:40)(time 21686 - 06:01:26) ->    10(time 21805 - 06:03:25)(time 22440 - 06:14:00) ->    9(time 22497 - 06:14:57)(time 23166 - 06:26:06) ->    8(time 23236 - 06:27:16)(time 23890 - 06:38:10) ->    7(time 23947 - 06:39:07)(time 24624 - 06:50:24) ->    6(time 24743 - 06:52:23)(time 24743 - 06:52:23) -> 0
> Trip 3
   0(time 34433 - 09:33:53)(time 35110 - 09:45:10) ->    1(time 35167 - 09:46:07)(time 35821 - 09:57:01) ->    2(time 35891 - 09:58:11)(time 36560 - 10:09:20) ->    3(time 36617 - 10:10:17)(time 37252 - 10:20:52) ->    4(time 37371 - 10:22:51)(time 38077 - 10:34:37) ->    5(time 38196 - 10:36:36)(time 38196 - 10:36:36) ->    11(time 38196 - 10:36:36)(time 38902 - 10:48:22) ->    10(time 39021 - 10:50:21)(time 39656 - 11:00:56) ->    9(time 39713 - 11:01:53)(time 40382 - 11:13:02) ->    8(time 40452 - 11:14:12)(time 41106 - 11:25:06) ->    7(time 41163 - 11:26:03)(time 41840 - 11:37:20) ->    6(time 41959 - 11:39:19)(time 41959 - 11:39:19) -> 0
