t2p6r7h3.txt:
   > Trying to open the instance file...
   > Reading number of trains...
   > Reading maximum number of trips per train...
   > Reading time intervals...
   > Reading number of points...
   > Reading stations...
   > Reading crossings...
   > Reading depots...
   > Reading initial point...
   > Reading routes...
   > Reading distance and distance and service...
   > Reading demands...
   > Reading maximum time...
   > Reading alpha...

--------------------------------
 Printing instance
--------------------------------
number of trains = 2
	max trips per trains: 4     4
number of intervals = 3
	(0,  17216)	(17217,  34432)	(34433,  51649)
number of points = 6
	initial point: 4
	stations: 0     2     4     5
	crossings: 0     1     2     3     4     5
	depots: 0     4     5
number of vertices = 12
	total vertices: 0     1     2     3     4     5     6     7     8     9    10    11
	upper vertices: 0     1     2     3     4     5
	lower vertices: 6     7     8     9    10    11
	vertices of point #0: (0, 6)
	vertices of point #1: (1, 7)
	vertices of point #2: (2, 8)
	vertices of point #3: (3, 9)
	vertices of point #4: (4, 10)
	vertices of point #5: (5, 11)

arcs...
	total arcs: 
		arc #0: (0, 1)
		arc #1: (0, 6)
		arc #2: (6, 0)
		arc #3: (1, 2)
		arc #4: (7, 6)
		arc #5: (2, 3)
		arc #6: (8, 7)
		arc #7: (3, 4)
		arc #8: (9, 8)
		arc #9: (4, 5)
		arc #10: (10, 9)
		arc #11: (4, 10)
		arc #12: (10, 4)
		arc #13: (11, 10)
		arc #14: (5, 11)
		arc #15: (11, 5)

	reverse arcs: 
		arc #1: (0, 6)
		arc #2: (6, 0)
		arc #11: (4, 10)
		arc #12: (10, 4)
		arc #14: (5, 11)
		arc #15: (11, 5)


incompatible points...
	(0, 0, 7, (0, 1))	(7, 7, 0, (7, 6))	(1, 1, 8, (1, 2))	(8, 8, 1, (8, 7))	(2, 2, 9, (2, 3))	(9, 9, 2, (9, 8))	(3, 3, 10, (3, 4))	(10, 10, 3, (10, 9))	(4, 4, 11, (4, 5))	(11, 11, 4, (11, 10))

number of routes = 7
vertices of routes...
	route #0: 0     1     2     3     4     5    11    10     9     8     7     6     0
	route #1: 11    10     9     8     7     6     0     1     2     3     4     5    11
	route #2: 4     5
	route #3: 10     9     8     7     6
	route #4: 0     1     2     3     4
	route #5: 11    10
	route #6: 10     9     8     7     6     0     1     2     3     4    10
arcs of routes...
	route #0: 0     3     5     7     9    14    13    10     8     6     4     2
	route #1: 13    10     8     6     4     2     0     3     5     7     9    14
	route #2: 9
	route #3: 10     8     6     4
	route #4: 0     3     5     7
	route #5: 13
	route #6: 10     8     6     4     2     0     3     5     7    11

incompatible routes...
	(0, 1)    	(0, 2)    	(0, 3)    	(0, 5)    	(0, 6)    	(1, 0)    	(1, 2)    	(1, 3)    	(1, 4)    	(1, 6)    	(2, 0)    	(2, 2)    	(2, 3)    	(2, 4)    	(2, 6)    	(3, 1)    	(3, 2)    	(3, 3)    	(3, 5)    	(3, 6)    	(4, 0)    	(4, 1)    	(4, 4)    	(4, 5)    	(5, 0)    	(5, 1)    	(5, 4)    	(5, 5)    	(6, 0)    	(6, 1)    	(6, 4)    	(6, 5)

vertices that can be adjacent in consecutive trips...
	(0, 0)    	(4, 4)    	(4, 10)    	(5, 11)    	(6, 0)    	(10, 4)    	(10, 10)    	(11, 11)
non cyclical routes: 
       2       3       4       5

routes of trip...
	routes that train #0 can complete at trip #0: 2       3       6
	routes that train #0 can complete at trip #1: 0       1       2       3       4       5       6
	routes that train #0 can complete at trip #2: 0       1       2       3       4       5       6
	routes that train #0 can complete at trip #3: 0       1       2       3       4       5       6

	routes that train #1 can complete at trip #0: 2       3       6
	routes that train #1 can complete at trip #1: 0       1       2       3       4       5       6
	routes that train #1 can complete at trip #2: 0       1       2       3       4       5       6
	routes that train #1 can complete at trip #3: 0       1       2       3       4       5       6

 cost...
	arc #0 [0][1]: 677
	arc #1 [0][6]: 0
	arc #2 [6][0]: 0
	arc #3 [1][2]: 654
	arc #4 [7][6]: 677
	arc #5 [2][3]: 669
	arc #6 [8][7]: 654
	arc #7 [3][4]: 635
	arc #8 [9][8]: 669
	arc #9 [4][5]: 706
	arc #10 [10][9]: 635
	arc #11 [4][10]: 0
	arc #12 [10][4]: 0
	arc #13 [11][10]: 706
	arc #14 [5][11]: 0
	arc #15 [11][5]: 0

cost with minimum service...
	arc #0 [0][1]: 734
	arc #1 [0][6]: 0
	arc #2 [6][0]: 0
	arc #3 [1][2]: 724
	arc #4 [7][6]: 796
	arc #5 [2][3]: 726
	arc #6 [8][7]: 711
	arc #7 [3][4]: 754
	arc #8 [9][8]: 739
	arc #9 [4][5]: 825
	arc #10 [10][9]: 692
	arc #11 [4][10]: 0
	arc #12 [10][4]: 0
	arc #13 [11][10]: 825
	arc #14 [5][11]: 0
	arc #15 [11][5]: 0

cost with maximum service...
	arc #0 [0][1]: 984
	arc #1 [0][6]: 307
	arc #2 [6][0]: 307
	arc #3 [1][2]: 961
	arc #4 [7][6]: 984
	arc #5 [2][3]: 976
	arc #6 [8][7]: 961
	arc #7 [3][4]: 942
	arc #8 [9][8]: 976
	arc #9 [4][5]: 1013
	arc #10 [10][9]: 942
	arc #11 [4][10]: 307
	arc #12 [10][4]: 307
	arc #13 [11][10]: 1013
	arc #14 [5][11]: 307
	arc #15 [11][5]: 307

demands...
	demands of vertex 0 at time interval: 2     2     2
	demands of vertex 1 at time interval: 0     0     0
	demands of vertex 2 at time interval: 2     2     2
	demands of vertex 3 at time interval: 0     0     0
	demands of vertex 4 at time interval: 2     2     2
	demands of vertex 5 at time interval: 0     0     0
	demands of vertex 6 at time interval: 0     0     0
	demands of vertex 7 at time interval: 0     0     0
	demands of vertex 8 at time interval: 2     2     2
	demands of vertex 9 at time interval: 0     0     0
	demands of vertex 10 at time interval: 2     2     2
	demands of vertex 11 at time interval: 2     2     2

maximum time = 51649
alpha = 48

>> Solving...
Version identifier: 20.1.0.0 | 2020-11-10 | 9bedb6d68
CPXPARAM_Threads                                 1
CPXPARAM_TimeLimit                               43200
Tried aggregator 3 times.
MIP Presolve eliminated 6933 rows and 1634 columns.
MIP Presolve modified 6545 coefficients.
Aggregator did 30 substitutions.
Reduced MIP has 11012 rows, 3697 columns, and 28466 nonzeros.
Reduced MIP has 3520 binaries, 0 generals, 0 SOSs, and 0 indicators.
Presolve time = 0.17 sec. (95.81 ticks)
Probing fixed 0 vars, tightened 19 bounds.
Probing time = 0.09 sec. (51.17 ticks)
Cover probing fixed 0 vars, tightened 5 bounds.
Tried aggregator 1 time.
Detecting symmetries...
MIP Presolve eliminated 48 rows and 36 columns.
MIP Presolve modified 605 coefficients.
Reduced MIP has 10964 rows, 3661 columns, and 28262 nonzeros.
Reduced MIP has 3484 binaries, 0 generals, 0 SOSs, and 0 indicators.
Presolve time = 0.17 sec. (131.95 ticks)
Probing fixed 0 vars, tightened 2 bounds.
Probing time = 0.04 sec. (23.53 ticks)
Cover probing fixed 0 vars, tightened 7 bounds.
Clique table members: 17873.
MIP emphasis: balance optimality and feasibility.
MIP search method: dynamic search.
Parallel mode: none, using 1 thread.
Root relaxation solution time = 0.39 sec. (252.48 ticks)

        Nodes                                         Cuts/
   Node  Left     Objective  IInf  Best Integer    Best Bound    ItCnt     Gap

      0     0    11477.6667   623                  11477.6667     3300         
      0     0    20659.8000   619                   Cuts: 258     3927         
      0     0    20659.8000   637                   Cuts: 631     4484         
      0     0    20659.8000   659                   Cuts: 382     6202         
*     0+    0                        50281.0000    20659.8000            58.91%

Repeating presolve.
Tried aggregator 1 time.
MIP Presolve eliminated 4731 rows and 1896 columns.
MIP Presolve modified 607 coefficients.
Reduced MIP has 6233 rows, 1765 columns, and 16904 nonzeros.
Reduced MIP has 1588 binaries, 0 generals, 0 SOSs, and 0 indicators.
Presolve time = 0.06 sec. (27.98 ticks)
Probing time = 0.01 sec. (5.06 ticks)
Cover probing fixed 0 vars, tightened 7 bounds.
Tried aggregator 1 time.
Detecting symmetries...
MIP Presolve modified 211 coefficients.
Reduced MIP has 6233 rows, 1765 columns, and 16904 nonzeros.
Reduced MIP has 1588 binaries, 0 generals, 0 SOSs, and 0 indicators.
Presolve time = 0.04 sec. (25.27 ticks)
Represolve time = 0.13 sec. (65.73 ticks)
Probing time = 0.01 sec. (5.00 ticks)
Clique table members: 10311.
MIP emphasis: balance optimality and feasibility.
MIP search method: dynamic search.
Parallel mode: none, using 1 thread.
Root relaxation solution time = 0.12 sec. (80.33 ticks)

        Nodes                                         Cuts/
   Node  Left     Objective  IInf  Best Integer    Best Bound    ItCnt     Gap

*     0+    0                        50281.0000    20659.8000            58.91%
      0     0    20659.8000   478    50281.0000    20659.8000     7867   58.91%
      0     0    20659.8000   499    50281.0000     Cuts: 129     9357   58.91%
      0     0    20659.8000   550    50281.0000     Cuts: 479    10280   58.91%
      0     2    20659.8000   404    50281.0000    22037.1200    10280   56.17%
Elapsed time = 7.51 sec. (5440.78 ticks, tree = 0.01 MB, solutions = 1)
      2     4    22037.1200   505    50281.0000    24103.1000    12873   52.06%
      4     6    49485.0000   201    50281.0000    24103.1000    16073   52.06%
*    20+   14                        49485.0000    24103.1000            51.29%
*    30+   18                        46547.0000    24103.1000            48.22%
*    32     4      integral     0    45722.0000    24103.1000    17258   47.28%
     33     4    24103.1000   483    45722.0000    24103.1000    18445   47.28%
     36     5    31735.6667   153    45722.0000    24103.1000    22062   47.28%
     70    31    27165.1250   297    45722.0000    30410.5525    23980   33.49%
*    80+   25                        42687.0000    34433.0000            19.34%
     81    28    41959.0000     6    42687.0000    34433.0000    26773   19.34%
     85    28    34433.0000   259    42687.0000    34433.0000    32039   19.34%
     86    27        cutoff          42687.0000    34433.0000    35491   19.34%
     88    27    34433.0000   470    42687.0000    34433.0000    39299   19.34%
    176    35        cutoff          42687.0000    41959.0000    46673    1.71%
Elapsed time = 13.03 sec. (10147.48 ticks, tree = 0.09 MB, solutions = 5)
*   220    34      integral     0    42197.0000    41959.0000    47379    0.56%
*   230+   16                        42078.0000    41959.0000             0.28%

Clique cuts applied:  5
Cover cuts applied:  1
Implied bound cuts applied:  199
Flow cuts applied:  24
Mixed integer rounding cuts applied:  15
Zero-half cuts applied:  14
Lift and project cuts applied:  3
Gomory fractional cuts applied:  10

Root node processing (before b&c):
  Real time             =    7.48 sec. (5416.71 ticks)
Sequential b&c:
  Real time             =    6.32 sec. (5281.44 ticks)
                          ------------
Total (root+branch&cut) =   13.80 sec. (10698.15 ticks)
Optimal

>> Printing some results...
    -> Solution value = 42078 - 11:41:18
    -> Total time = 13.80
    -> Gap value = 0.00

=============
Train 0
=============
> Trip 0
   10(time 0 - 00:00:00)(time 635 - 00:10:35) ->    9(time 692 - 00:11:32)(time 1361 - 00:22:41) ->    8(time 1431 - 00:23:51)(time 2085 - 00:34:45) ->    7(time 2142 - 00:35:42)(time 2819 - 00:46:59) -> 6
> Trip 1
   0(time 9103 - 02:31:43)(time 9780 - 02:43:00) ->    1(time 10087 - 02:48:07)(time 10741 - 02:59:01) ->    2(time 11048 - 03:04:08)(time 11717 - 03:15:17) ->    3(time 12024 - 03:20:24)(time 12659 - 03:30:59) ->    4(time 12966 - 03:36:06)(time 13672 - 03:47:52) ->    5(time 13979 - 03:52:59)(time 13979 - 03:52:59) ->    11(time 14286 - 03:58:06)(time 14992 - 04:09:52) ->    10(time 15299 - 04:14:59)(time 15934 - 04:25:34) ->    9(time 16241 - 04:30:41)(time 16910 - 04:41:50) ->    8(time 17217 - 04:46:57)(time 17871 - 04:57:51) ->    7(time 17928 - 04:58:48)(time 18605 - 05:10:05) ->    6(time 18724 - 05:12:04)(time 18724 - 05:12:04) -> 0
> Trip 2
   0(time 26337 - 07:18:57)(time 27014 - 07:30:14) ->    1(time 27071 - 07:31:11)(time 27725 - 07:42:05) ->    2(time 27795 - 07:43:15)(time 28464 - 07:54:24) ->    3(time 28521 - 07:55:21)(time 29156 - 08:05:56) ->    4(time 29275 - 08:07:55)(time 29981 - 08:19:41) ->    5(time 30100 - 08:21:40)(time 30100 - 08:21:40) ->    11(time 30100 - 08:21:40)(time 30806 - 08:33:26) ->    10(time 30925 - 08:35:25)(time 31560 - 08:46:00) ->    9(time 31867 - 08:51:07)(time 32536 - 09:02:16) ->    8(time 32606 - 09:03:26)(time 33260 - 09:14:20) ->    7(time 33330 - 09:15:30)(time 34007 - 09:26:47) ->    6(time 34314 - 09:31:54)(time 34314 - 09:31:54) -> 0
> Trip 3
   0(time 34490 - 09:34:50)(time 35167 - 09:46:07) ->    1(time 35237 - 09:47:17)(time 35891 - 09:58:11) ->    2(time 35961 - 09:59:21)(time 36630 - 10:10:30) ->    3(time 36736 - 10:12:16)(time 37371 - 10:22:51) ->    4(time 37490 - 10:24:50)(time 38196 - 10:36:36) ->    5(time 38315 - 10:38:35)(time 38315 - 10:38:35) ->    11(time 38315 - 10:38:35)(time 39021 - 10:50:21) ->    10(time 39140 - 10:52:20)(time 39775 - 11:02:55) ->    9(time 39832 - 11:03:52)(time 40501 - 11:15:01) ->    8(time 40571 - 11:16:11)(time 41225 - 11:27:05) ->    7(time 41282 - 11:28:02)(time 41959 - 11:39:19) ->    6(time 42078 - 11:41:18)(time 42078 - 11:41:18) -> 0
=============
Train 1
=============
> Trip 0
   10(time 57 - 00:00:57)(time 692 - 00:11:32) ->    9(time 762 - 00:12:42)(time 1431 - 00:23:51) ->    8(time 1501 - 00:25:01)(time 2155 - 00:35:55) ->    7(time 2212 - 00:36:52)(time 2889 - 00:48:09) -> 6
> Trip 1
   0(time 8489 - 02:21:29)(time 9166 - 02:32:46) ->    1(time 9473 - 02:37:53)(time 10127 - 02:48:47) ->    2(time 10434 - 02:53:54)(time 11103 - 03:05:03) ->    3(time 11410 - 03:10:10)(time 12045 - 03:20:45) ->    4(time 12352 - 03:25:52)(time 13058 - 03:37:38) ->    5(time 13365 - 03:42:45)(time 13365 - 03:42:45) ->    11(time 13672 - 03:47:52)(time 14378 - 03:59:38) ->    10(time 14497 - 04:01:37)(time 15132 - 04:12:12) ->    9(time 15189 - 04:13:09)(time 15858 - 04:24:18) ->    8(time 15928 - 04:25:28)(time 16582 - 04:36:22) ->    7(time 16639 - 04:37:19)(time 17316 - 04:48:36) ->    6(time 17623 - 04:53:43)(time 17623 - 04:53:43) -> 0
> Trip 2
   0(time 26394 - 07:19:54)(time 27071 - 07:31:11) ->    1(time 27141 - 07:32:21)(time 27795 - 07:43:15) ->    2(time 27914 - 07:45:14)(time 28583 - 07:56:23) ->    3(time 28640 - 07:57:20)(time 29275 - 08:07:55) ->    4(time 29394 - 08:09:54)(time 30100 - 08:21:40) ->    5(time 30232 - 08:23:52)(time 30232 - 08:23:52) ->    11(time 30232 - 08:23:52)(time 30938 - 08:35:38) ->    10(time 31245 - 08:40:45)(time 31880 - 08:51:20) ->    9(time 31937 - 08:52:17)(time 32606 - 09:03:26) ->    8(time 32676 - 09:04:36)(time 33330 - 09:15:30) ->    7(time 33637 - 09:20:37)(time 34314 - 09:31:54) ->    6(time 34433 - 09:33:53)(time 34433 - 09:33:53) -> 0
> Trip 3
   0(time 34433 - 09:33:53)(time 35110 - 09:45:10) ->    1(time 35167 - 09:46:07)(time 35821 - 09:57:01) ->    2(time 35891 - 09:58:11)(time 36560 - 10:09:20) ->    3(time 36617 - 10:10:17)(time 37252 - 10:20:52) ->    4(time 37371 - 10:22:51)(time 38077 - 10:34:37) ->    5(time 38196 - 10:36:36)(time 38196 - 10:36:36) ->    11(time 38196 - 10:36:36)(time 38902 - 10:48:22) ->    10(time 39021 - 10:50:21)(time 39656 - 11:00:56) ->    9(time 39713 - 11:01:53)(time 40382 - 11:13:02) ->    8(time 40452 - 11:14:12)(time 41106 - 11:25:06) ->    7(time 41163 - 11:26:03)(time 41840 - 11:37:20) ->    6(time 41959 - 11:39:19)(time 41959 - 11:39:19) -> 0
