t2p7r8h1.txt:
   > Trying to open the instance file...
   > Reading number of trains...
   > Reading maximum number of trips per train...
   > Reading time intervals...
   > Reading number of points...
   > Reading stations...
   > Reading crossings...
   > Reading depots...
   > Reading initial point...
   > Reading routes...
   > Reading distance and distance and service...
   > Reading demands...
   > Reading maximum time...
   > Reading alpha...

--------------------------------
 Printing instance
--------------------------------
number of trains = 2
	max trips per trains: 7     7
number of intervals = 1
	(0,  24317)
number of points = 7
	initial point: 6
	stations: 0     2     3     4     5     6
	crossings: 0     1     2     5     6
	depots: 0     2     6
number of vertices = 14
	total vertices: 0     1     2     3     4     5     6     7     8     9    10    11    12    13
	upper vertices: 0     1     2     3     4     5     6
	lower vertices: 7     8     9    10    11    12    13
	vertices of point #0: (0, 7)
	vertices of point #1: (1, 8)
	vertices of point #2: (2, 9)
	vertices of point #3: (3, 10)
	vertices of point #4: (4, 11)
	vertices of point #5: (5, 12)
	vertices of point #6: (6, 13)

arcs...
	total arcs: 
		arc #0: (0, 1)
		arc #1: (0, 7)
		arc #2: (7, 0)
		arc #3: (1, 2)
		arc #4: (8, 7)
		arc #5: (2, 3)
		arc #6: (9, 8)
		arc #7: (2, 9)
		arc #8: (9, 2)
		arc #9: (3, 4)
		arc #10: (10, 9)
		arc #11: (4, 5)
		arc #12: (11, 10)
		arc #13: (5, 6)
		arc #14: (12, 11)
		arc #15: (13, 12)
		arc #16: (6, 13)
		arc #17: (13, 6)

	reverse arcs: 
		arc #1: (0, 7)
		arc #2: (7, 0)
		arc #7: (2, 9)
		arc #8: (9, 2)
		arc #16: (6, 13)
		arc #17: (13, 6)


incompatible points...
	(0, 0, 8, (0, 1))	(8, 8, 0, (8, 7))	(1, 1, 9, (1, 2))	(9, 9, 1, (9, 8))	(2, 4, 12, (4, 5))	(12, 10, 2, (10, 9))	(5, 5, 13, (5, 6))	(13, 13, 5, (13, 12))

number of routes = 8
vertices of routes...
	route #0: 0     1     2     3     4     5     6    13    12    11    10     9     8     7     0
	route #1: 13    12    11    10     9     8     7     0     1     2     3     4     5     6    13
	route #2: 2     3     4     5     6
	route #3: 9     8     7
	route #4: 0     1     2
	route #5: 13    12    11    10     9
	route #6: 2     3     4     5     6    13    12    11    10     9     2
	route #7: 9     8     7     0     1     2     9
arcs of routes...
	route #0: 0     3     5     9    11    13    16    15    14    12    10     6     4     2
	route #1: 15    14    12    10     6     4     2     0     3     5     9    11    13    16
	route #2: 5     9    11    13
	route #3: 6     4
	route #4: 0     3
	route #5: 15    14    12    10
	route #6: 5     9    11    13    16    15    14    12    10     8
	route #7: 6     4     2     0     3     7

incompatible routes...
	(0, 1)    	(0, 2)    	(0, 3)    	(0, 5)    	(0, 6)    	(0, 7)    	(1, 0)    	(1, 2)    	(1, 3)    	(1, 4)    	(1, 6)    	(1, 7)    	(2, 0)    	(2, 2)    	(2, 3)    	(2, 4)    	(2, 6)    	(2, 7)    	(3, 1)    	(3, 2)    	(3, 3)    	(3, 5)    	(3, 6)    	(3, 7)    	(4, 0)    	(4, 1)    	(4, 4)    	(4, 5)    	(5, 0)    	(5, 1)    	(5, 4)    	(5, 5)    	(6, 0)    	(6, 1)    	(6, 4)    	(6, 5)    	(7, 0)    	(7, 1)    	(7, 4)    	(7, 5)

vertices that can be adjacent in consecutive trips...
	(0, 0)    	(2, 2)    	(2, 9)    	(6, 13)    	(7, 0)    	(9, 2)    	(9, 9)    	(13, 13)
non cyclical routes: 
       2       3       4       5

routes of trip...
	routes that train #0 can complete at trip #0: 1       5
	routes that train #0 can complete at trip #1: 0       1       2       3       4       5       6       7
	routes that train #0 can complete at trip #2: 0       1       2       3       4       5       6       7
	routes that train #0 can complete at trip #3: 0       1       2       3       4       5       6       7
	routes that train #0 can complete at trip #4: 0       1       2       3       4       5       6       7
	routes that train #0 can complete at trip #5: 0       1       2       3       4       5       6       7
	routes that train #0 can complete at trip #6: 0       1       2       3       4       5       6       7

	routes that train #1 can complete at trip #0: 1       5
	routes that train #1 can complete at trip #1: 0       1       2       3       4       5       6       7
	routes that train #1 can complete at trip #2: 0       1       2       3       4       5       6       7
	routes that train #1 can complete at trip #3: 0       1       2       3       4       5       6       7
	routes that train #1 can complete at trip #4: 0       1       2       3       4       5       6       7
	routes that train #1 can complete at trip #5: 0       1       2       3       4       5       6       7
	routes that train #1 can complete at trip #6: 0       1       2       3       4       5       6       7

 cost...
	arc #0 [0][1]: 148
	arc #1 [0][7]: 0
	arc #2 [7][0]: 0
	arc #3 [1][2]: 149
	arc #4 [8][7]: 148
	arc #5 [2][3]: 134
	arc #6 [9][8]: 149
	arc #7 [2][9]: 0
	arc #8 [9][2]: 0
	arc #9 [3][4]: 157
	arc #10 [10][9]: 134
	arc #11 [4][5]: 138
	arc #12 [11][10]: 157
	arc #13 [5][6]: 133
	arc #14 [12][11]: 138
	arc #15 [13][12]: 133
	arc #16 [6][13]: 0
	arc #17 [13][6]: 0

cost with minimum service...
	arc #0 [0][1]: 192
	arc #1 [0][7]: 0
	arc #2 [7][0]: 0
	arc #3 [1][2]: 283
	arc #4 [8][7]: 282
	arc #5 [2][3]: 228
	arc #6 [9][8]: 193
	arc #7 [2][9]: 0
	arc #8 [9][2]: 0
	arc #9 [3][4]: 251
	arc #10 [10][9]: 268
	arc #11 [4][5]: 232
	arc #12 [11][10]: 251
	arc #13 [5][6]: 267
	arc #14 [12][11]: 232
	arc #15 [13][12]: 227
	arc #16 [6][13]: 0
	arc #17 [13][6]: 0

cost with maximum service...
	arc #0 [0][1]: 519
	arc #1 [0][7]: 371
	arc #2 [7][0]: 371
	arc #3 [1][2]: 520
	arc #4 [8][7]: 519
	arc #5 [2][3]: 505
	arc #6 [9][8]: 520
	arc #7 [2][9]: 371
	arc #8 [9][2]: 371
	arc #9 [3][4]: 528
	arc #10 [10][9]: 505
	arc #11 [4][5]: 509
	arc #12 [11][10]: 528
	arc #13 [5][6]: 504
	arc #14 [12][11]: 509
	arc #15 [13][12]: 504
	arc #16 [6][13]: 371
	arc #17 [13][6]: 371

demands...
	demands of vertex 0 at time interval: 13
	demands of vertex 1 at time interval: 0
	demands of vertex 2 at time interval: 13
	demands of vertex 3 at time interval: 13
	demands of vertex 4 at time interval: 13
	demands of vertex 5 at time interval: 13
	demands of vertex 6 at time interval: 0
	demands of vertex 7 at time interval: 0
	demands of vertex 8 at time interval: 0
	demands of vertex 9 at time interval: 13
	demands of vertex 10 at time interval: 13
	demands of vertex 11 at time interval: 13
	demands of vertex 12 at time interval: 13
	demands of vertex 13 at time interval: 13

maximum time = 24317
alpha = 64

>> Solving...
Version identifier: 20.1.0.0 | 2020-11-10 | 9bedb6d68
CPXPARAM_Threads                                 1
CPXPARAM_TimeLimit                               43200
Tried aggregator 3 times.
MIP Presolve eliminated 24735 rows and 4968 columns.
MIP Presolve modified 18796 coefficients.
Aggregator did 284 substitutions.
Reduced MIP has 43074 rows, 14953 columns, and 112140 nonzeros.
Reduced MIP has 14580 binaries, 0 generals, 0 SOSs, and 0 indicators.
Presolve time = 1.16 sec. (630.82 ticks)
Probing fixed 968 vars, tightened 12122 bounds.
Probing time = 2.81 sec. (2788.97 ticks)
Tried aggregator 2 times.
MIP Presolve eliminated 35272 rows and 10110 columns.
MIP Presolve modified 5200 coefficients.
Aggregator did 3634 substitutions.
Reduced MIP has 4168 rows, 1209 columns, and 12094 nonzeros.
Reduced MIP has 984 binaries, 0 generals, 0 SOSs, and 0 indicators.
Presolve time = 0.09 sec. (93.88 ticks)
Probing fixed 0 vars, tightened 1 bounds.
Probing time = 0.02 sec. (15.63 ticks)
Cover probing fixed 0 vars, tightened 24 bounds.
Tried aggregator 2 times.
MIP Presolve eliminated 427 rows and 0 columns.
MIP Presolve modified 684 coefficients.
Aggregator did 28 substitutions.
Reduced MIP has 3713 rows, 934 columns, and 10637 nonzeros.
Reduced MIP has 737 binaries, 0 generals, 0 SOSs, and 0 indicators.
Presolve time = 0.02 sec. (19.89 ticks)
Probing time = 0.01 sec. (6.90 ticks)
Cover probing fixed 0 vars, tightened 568 bounds.
Tried aggregator 1 time.
Detecting symmetries...
Reduced MIP has 3713 rows, 934 columns, and 10637 nonzeros.
Reduced MIP has 737 binaries, 0 generals, 0 SOSs, and 0 indicators.
Presolve time = 0.01 sec. (7.46 ticks)
Probing time = 0.01 sec. (6.85 ticks)
Cover probing fixed 0 vars, tightened 568 bounds.
Clique table members: 6477.
Tightened 544 constraints.
MIP emphasis: balance optimality and feasibility.
MIP search method: dynamic search.
Parallel mode: none, using 1 thread.
Root relaxation solution time = 0.04 sec. (67.27 ticks)

        Nodes                                         Cuts/
   Node  Left     Objective  IInf  Best Integer    Best Bound    ItCnt     Gap

      0     0    14530.0000   172                  14530.0000      671         
*     0+    0                        24064.0000    14530.0000            39.62%
      0     0    14734.1111   206    24064.0000    Cuts: 1028      920   38.77%
      0     0    16793.4076   132    24064.0000     Cuts: 351     1085   30.21%
      0     0    16901.5000   125    24064.0000     Cuts: 234     1109   29.76%
      0     0    17209.4396   126    24064.0000      Cuts: 35     1175   28.48%
      0     0    17209.4396   136    24064.0000      Cuts: 60     1198   28.48%
Detecting symmetries...
      0     0    17209.4396   141    24064.0000      Cuts: 57     1244   28.48%
*     0+    0                        21292.0000    17209.4396            19.17%
Detecting symmetries...
      0     2    17209.4396   118    21292.0000    17436.0000     1244   18.11%
Elapsed time = 5.86 sec. (5015.26 ticks, tree = 0.01 MB, solutions = 2)
*    20+    3                        20476.0000    17436.0000            14.85%
*    30+    3                        17570.0000    17436.0000             0.76%

Clique cuts applied:  2
Implied bound cuts applied:  4
Flow cuts applied:  2
Mixed integer rounding cuts applied:  84
Zero-half cuts applied:  7
Gomory fractional cuts applied:  2

Root node processing (before b&c):
  Real time             =    5.87 sec. (5016.16 ticks)
Sequential b&c:
  Real time             =    0.09 sec. (126.62 ticks)
                          ------------
Total (root+branch&cut) =    5.96 sec. (5142.79 ticks)
Optimal

>> Printing some results...
    -> Solution value = 17570 - 04:52:50
    -> Total time = 5.96
    -> Gap value = 0.00

=============
Train 0
=============
> Trip 0
   13(time 134 - 00:02:14)(time 267 - 00:04:27) ->    12(time 361 - 00:06:01)(time 499 - 00:08:19) ->    11(time 593 - 00:09:53)(time 750 - 00:12:30) ->    10(time 844 - 00:14:04)(time 978 - 00:16:18) ->    9(time 1112 - 00:18:32)(time 1261 - 00:21:01) ->    8(time 1305 - 00:21:45)(time 1453 - 00:24:13) ->    7(time 1587 - 00:26:27)(time 1587 - 00:26:27) ->    0(time 1587 - 00:26:27)(time 1735 - 00:28:55) ->    1(time 1779 - 00:29:39)(time 1928 - 00:32:08) ->    2(time 2062 - 00:34:22)(time 2196 - 00:36:36) ->    3(time 2290 - 00:38:10)(time 2447 - 00:40:47) ->    4(time 2541 - 00:42:21)(time 2679 - 00:44:39) ->    5(time 2773 - 00:46:13)(time 2906 - 00:48:26) ->    6(time 3040 - 00:50:40)(time 3040 - 00:50:40) -> 13
> Trip 1
   13(time 3040 - 00:50:40)(time 3173 - 00:52:53) ->    12(time 3267 - 00:54:27)(time 3405 - 00:56:45) ->    11(time 3499 - 00:58:19)(time 3656 - 01:00:56) ->    10(time 3750 - 01:02:30)(time 3884 - 01:04:44) ->    9(time 4018 - 01:06:58)(time 4167 - 01:09:27) ->    8(time 4211 - 01:10:11)(time 4359 - 01:12:39) ->    7(time 4493 - 01:14:53)(time 4493 - 01:14:53) ->    0(time 4493 - 01:14:53)(time 4641 - 01:17:21) ->    1(time 4685 - 01:18:05)(time 4834 - 01:20:34) ->    2(time 4968 - 01:22:48)(time 5102 - 01:25:02) ->    3(time 5196 - 01:26:36)(time 5353 - 01:29:13) ->    4(time 5447 - 01:30:47)(time 5585 - 01:33:05) ->    5(time 5679 - 01:34:39)(time 5812 - 01:36:52) ->    6(time 5946 - 01:39:06)(time 5946 - 01:39:06) -> 13
> Trip 2
   13(time 5946 - 01:39:06)(time 6079 - 01:41:19) ->    12(time 6173 - 01:42:53)(time 6311 - 01:45:11) ->    11(time 6405 - 01:46:45)(time 6562 - 01:49:22) ->    10(time 6656 - 01:50:56)(time 6790 - 01:53:10) ->    9(time 6924 - 01:55:24)(time 7073 - 01:57:53) ->    8(time 7117 - 01:58:37)(time 7265 - 02:01:05) ->    7(time 7399 - 02:03:19)(time 7399 - 02:03:19) ->    0(time 7399 - 02:03:19)(time 7547 - 02:05:47) ->    1(time 7591 - 02:06:31)(time 7740 - 02:09:00) ->    2(time 7874 - 02:11:14)(time 8008 - 02:13:28) ->    3(time 8102 - 02:15:02)(time 8259 - 02:17:39) ->    4(time 8353 - 02:19:13)(time 8491 - 02:21:31) ->    5(time 8585 - 02:23:05)(time 8718 - 02:25:18) ->    6(time 8852 - 02:27:32)(time 8852 - 02:27:32) -> 13
> Trip 3
   13(time 8852 - 02:27:32)(time 8985 - 02:29:45) ->    12(time 9079 - 02:31:19)(time 9217 - 02:33:37) ->    11(time 9311 - 02:35:11)(time 9468 - 02:37:48) ->    10(time 9562 - 02:39:22)(time 9696 - 02:41:36) ->    9(time 9830 - 02:43:50)(time 9979 - 02:46:19) ->    8(time 10023 - 02:47:03)(time 10171 - 02:49:31) ->    7(time 10305 - 02:51:45)(time 10305 - 02:51:45) ->    0(time 10305 - 02:51:45)(time 10453 - 02:54:13) ->    1(time 10497 - 02:54:57)(time 10646 - 02:57:26) ->    2(time 10780 - 02:59:40)(time 10914 - 03:01:54) ->    3(time 11008 - 03:03:28)(time 11165 - 03:06:05) ->    4(time 11259 - 03:07:39)(time 11397 - 03:09:57) ->    5(time 11491 - 03:11:31)(time 11624 - 03:13:44) ->    6(time 11758 - 03:15:58)(time 11758 - 03:15:58) -> 13
> Trip 4
   13(time 11758 - 03:15:58)(time 11891 - 03:18:11) ->    12(time 11985 - 03:19:45)(time 12123 - 03:22:03) ->    11(time 12217 - 03:23:37)(time 12374 - 03:26:14) ->    10(time 12468 - 03:27:48)(time 12602 - 03:30:02) ->    9(time 12736 - 03:32:16)(time 12885 - 03:34:45) ->    8(time 12929 - 03:35:29)(time 13077 - 03:37:57) ->    7(time 13211 - 03:40:11)(time 13211 - 03:40:11) ->    0(time 13211 - 03:40:11)(time 13359 - 03:42:39) ->    1(time 13403 - 03:43:23)(time 13552 - 03:45:52) ->    2(time 13686 - 03:48:06)(time 13820 - 03:50:20) ->    3(time 13914 - 03:51:54)(time 14071 - 03:54:31) ->    4(time 14165 - 03:56:05)(time 14303 - 03:58:23) ->    5(time 14397 - 03:59:57)(time 14530 - 04:02:10) ->    6(time 14664 - 04:04:24)(time 14664 - 04:04:24) -> 13
> Trip 5
   13(time 14664 - 04:04:24)(time 14797 - 04:06:37) ->    12(time 14891 - 04:08:11)(time 15029 - 04:10:29) ->    11(time 15123 - 04:12:03)(time 15280 - 04:14:40) ->    10(time 15374 - 04:16:14)(time 15508 - 04:18:28) ->    9(time 15642 - 04:20:42)(time 15791 - 04:23:11) ->    8(time 15835 - 04:23:55)(time 15983 - 04:26:23) ->    7(time 16117 - 04:28:37)(time 16117 - 04:28:37) ->    0(time 16117 - 04:28:37)(time 16265 - 04:31:05) ->    1(time 16309 - 04:31:49)(time 16458 - 04:34:18) ->    2(time 16592 - 04:36:32)(time 16726 - 04:38:46) ->    3(time 16820 - 04:40:20)(time 16977 - 04:42:57) ->    4(time 17071 - 04:44:31)(time 17209 - 04:46:49) ->    5(time 17303 - 04:48:23)(time 17436 - 04:50:36) ->    6(time 17570 - 04:52:50)(time 17570 - 04:52:50) -> 13
> Trip 6
   13(time 17570 - 04:52:50)(time 17703 - 04:55:03) ->    12(time 17797 - 04:56:37)(time 17935 - 04:58:55) ->    11(time 18029 - 05:00:29)(time 18186 - 05:03:06) ->    10(time 18280 - 05:04:40)(time 18414 - 05:06:54) ->    9(time 18548 - 05:09:08)(time 18697 - 05:11:37) ->    8(time 18741 - 05:12:21)(time 18889 - 05:14:49) ->    7(time 19023 - 05:17:03)(time 19023 - 05:17:03) ->    0(time 19023 - 05:17:03)(time 19171 - 05:19:31) ->    1(time 19215 - 05:20:15)(time 19364 - 05:22:44) ->    2(time 19498 - 05:24:58)(time 19632 - 05:27:12) ->    3(time 19726 - 05:28:46)(time 19883 - 05:31:23) ->    4(time 19977 - 05:32:57)(time 20115 - 05:35:15) ->    5(time 20209 - 05:36:49)(time 20342 - 05:39:02) ->    6(time 20476 - 05:41:16)(time 20476 - 05:41:16) -> 13
=============
Train 1
=============
> Trip 0
   13(time 0 - 00:00:00)(time 133 - 00:02:13) ->    12(time 227 - 00:03:47)(time 365 - 00:06:05) ->    11(time 459 - 00:07:39)(time 616 - 00:10:16) ->    10(time 710 - 00:11:50)(time 844 - 00:14:04) ->    9(time 978 - 00:16:18)(time 1127 - 00:18:47) ->    8(time 1171 - 00:19:31)(time 1319 - 00:21:59) ->    7(time 1453 - 00:24:13)(time 1453 - 00:24:13) ->    0(time 1453 - 00:24:13)(time 1601 - 00:26:41) ->    1(time 1645 - 00:27:25)(time 1794 - 00:29:54) ->    2(time 1928 - 00:32:08)(time 2062 - 00:34:22) ->    3(time 2156 - 00:35:56)(time 2313 - 00:38:33) ->    4(time 2407 - 00:40:07)(time 2545 - 00:42:25) ->    5(time 2639 - 00:43:59)(time 2772 - 00:46:12) ->    6(time 2906 - 00:48:26)(time 2906 - 00:48:26) -> 13
> Trip 1
   13(time 2906 - 00:48:26)(time 3039 - 00:50:39) ->    12(time 3133 - 00:52:13)(time 3271 - 00:54:31) ->    11(time 3365 - 00:56:05)(time 3522 - 00:58:42) ->    10(time 3616 - 01:00:16)(time 3750 - 01:02:30) ->    9(time 3884 - 01:04:44)(time 4033 - 01:07:13) ->    8(time 4077 - 01:07:57)(time 4225 - 01:10:25) ->    7(time 4359 - 01:12:39)(time 4359 - 01:12:39) ->    0(time 4359 - 01:12:39)(time 4507 - 01:15:07) ->    1(time 4551 - 01:15:51)(time 4700 - 01:18:20) ->    2(time 4834 - 01:20:34)(time 4968 - 01:22:48) ->    3(time 5062 - 01:24:22)(time 5219 - 01:26:59) ->    4(time 5313 - 01:28:33)(time 5451 - 01:30:51) ->    5(time 5545 - 01:32:25)(time 5678 - 01:34:38) ->    6(time 5812 - 01:36:52)(time 5812 - 01:36:52) -> 13
> Trip 2
   13(time 5812 - 01:36:52)(time 5945 - 01:39:05) ->    12(time 6039 - 01:40:39)(time 6177 - 01:42:57) ->    11(time 6271 - 01:44:31)(time 6428 - 01:47:08) ->    10(time 6522 - 01:48:42)(time 6656 - 01:50:56) ->    9(time 6790 - 01:53:10)(time 6939 - 01:55:39) ->    8(time 6983 - 01:56:23)(time 7131 - 01:58:51) ->    7(time 7265 - 02:01:05)(time 7265 - 02:01:05) ->    0(time 7265 - 02:01:05)(time 7413 - 02:03:33) ->    1(time 7457 - 02:04:17)(time 7606 - 02:06:46) ->    2(time 7740 - 02:09:00)(time 7874 - 02:11:14) ->    3(time 7968 - 02:12:48)(time 8125 - 02:15:25) ->    4(time 8219 - 02:16:59)(time 8357 - 02:19:17) ->    5(time 8451 - 02:20:51)(time 8584 - 02:23:04) ->    6(time 8718 - 02:25:18)(time 8718 - 02:25:18) -> 13
> Trip 3
   13(time 8718 - 02:25:18)(time 8851 - 02:27:31) ->    12(time 8945 - 02:29:05)(time 9083 - 02:31:23) ->    11(time 9177 - 02:32:57)(time 9334 - 02:35:34) ->    10(time 9428 - 02:37:08)(time 9562 - 02:39:22) ->    9(time 9696 - 02:41:36)(time 9845 - 02:44:05) ->    8(time 9889 - 02:44:49)(time 10037 - 02:47:17) ->    7(time 10171 - 02:49:31)(time 10171 - 02:49:31) ->    0(time 10171 - 02:49:31)(time 10319 - 02:51:59) ->    1(time 10363 - 02:52:43)(time 10512 - 02:55:12) ->    2(time 10646 - 02:57:26)(time 10780 - 02:59:40) ->    3(time 10874 - 03:01:14)(time 11031 - 03:03:51) ->    4(time 11125 - 03:05:25)(time 11263 - 03:07:43) ->    5(time 11357 - 03:09:17)(time 11490 - 03:11:30) ->    6(time 11624 - 03:13:44)(time 11624 - 03:13:44) -> 13
> Trip 4
   13(time 11624 - 03:13:44)(time 11757 - 03:15:57) ->    12(time 11851 - 03:17:31)(time 11989 - 03:19:49) ->    11(time 12083 - 03:21:23)(time 12240 - 03:24:00) ->    10(time 12334 - 03:25:34)(time 12468 - 03:27:48) ->    9(time 12602 - 03:30:02)(time 12751 - 03:32:31) ->    8(time 12795 - 03:33:15)(time 12943 - 03:35:43) ->    7(time 13077 - 03:37:57)(time 13077 - 03:37:57) ->    0(time 13077 - 03:37:57)(time 13225 - 03:40:25) ->    1(time 13269 - 03:41:09)(time 13418 - 03:43:38) ->    2(time 13552 - 03:45:52)(time 13686 - 03:48:06) ->    3(time 13780 - 03:49:40)(time 13937 - 03:52:17) ->    4(time 14031 - 03:53:51)(time 14169 - 03:56:09) ->    5(time 14263 - 03:57:43)(time 14396 - 03:59:56) ->    6(time 14530 - 04:02:10)(time 14530 - 04:02:10) -> 13
> Trip 5
   13(time 14530 - 04:02:10)(time 14663 - 04:04:23) ->    12(time 14757 - 04:05:57)(time 14895 - 04:08:15) ->    11(time 14989 - 04:09:49)(time 15146 - 04:12:26) ->    10(time 15240 - 04:14:00)(time 15374 - 04:16:14) ->    9(time 15508 - 04:18:28)(time 15657 - 04:20:57) ->    8(time 15701 - 04:21:41)(time 15849 - 04:24:09) ->    7(time 15983 - 04:26:23)(time 15983 - 04:26:23) ->    0(time 15983 - 04:26:23)(time 16131 - 04:28:51) ->    1(time 16175 - 04:29:35)(time 16324 - 04:32:04) ->    2(time 16458 - 04:34:18)(time 16592 - 04:36:32) ->    3(time 16686 - 04:38:06)(time 16843 - 04:40:43) ->    4(time 16937 - 04:42:17)(time 17075 - 04:44:35) ->    5(time 17169 - 04:46:09)(time 17302 - 04:48:22) ->    6(time 17436 - 04:50:36)(time 17436 - 04:50:36) -> 13
> Trip 6
   13(time 17436 - 04:50:36)(time 17569 - 04:52:49) ->    12(time 17663 - 04:54:23)(time 17801 - 04:56:41) ->    11(time 17895 - 04:58:15)(time 18052 - 05:00:52) ->    10(time 18146 - 05:02:26)(time 18280 - 05:04:40) ->    9(time 18414 - 05:06:54)(time 18563 - 05:09:23) ->    8(time 18607 - 05:10:07)(time 18755 - 05:12:35) ->    7(time 18889 - 05:14:49)(time 18889 - 05:14:49) ->    0(time 18889 - 05:14:49)(time 19037 - 05:17:17) ->    1(time 19081 - 05:18:01)(time 19230 - 05:20:30) ->    2(time 19364 - 05:22:44)(time 19498 - 05:24:58) ->    3(time 19592 - 05:26:32)(time 19749 - 05:29:09) ->    4(time 19843 - 05:30:43)(time 19981 - 05:33:01) ->    5(time 20075 - 05:34:35)(time 20208 - 05:36:48) ->    6(time 20342 - 05:39:02)(time 20342 - 05:39:02) -> 13
