t2p9r2h3.txt:
   > Trying to open the instance file...
   > Reading number of trains...
   > Reading maximum number of trips per train...
   > Reading time intervals...
   > Reading number of points...
   > Reading stations...
   > Reading crossings...
   > Reading depots...
   > Reading initial point...
   > Reading routes...
   > Reading distance and distance and service...
   > Reading demands...
   > Reading maximum time...
   > Reading alpha...

--------------------------------
 Printing instance
--------------------------------
number of trains = 2
	max trips per trains: 10    10
number of intervals = 3
	(0,  14132)	(14133,  28264)	(28265,  42397)
number of points = 9
	initial point: 8
	stations: 0     1     2     3     4     5     6     7     8
	crossings: 0     8
	depots: 0     8
number of vertices = 18
	total vertices: 0     1     2     3     4     5     6     7     8     9    10    11    12    13    14    15    16    17
	upper vertices: 0     1     2     3     4     5     6     7     8
	lower vertices: 9    10    11    12    13    14    15    16    17
	vertices of point #0: (0, 9)
	vertices of point #1: (1, 10)
	vertices of point #2: (2, 11)
	vertices of point #3: (3, 12)
	vertices of point #4: (4, 13)
	vertices of point #5: (5, 14)
	vertices of point #6: (6, 15)
	vertices of point #7: (7, 16)
	vertices of point #8: (8, 17)

arcs...
	total arcs: 
		arc #0: (0, 1)
		arc #1: (0, 9)
		arc #2: (9, 0)
		arc #3: (1, 2)
		arc #4: (10, 9)
		arc #5: (2, 3)
		arc #6: (11, 10)
		arc #7: (3, 4)
		arc #8: (12, 11)
		arc #9: (4, 5)
		arc #10: (13, 12)
		arc #11: (5, 6)
		arc #12: (14, 13)
		arc #13: (6, 7)
		arc #14: (15, 14)
		arc #15: (7, 8)
		arc #16: (16, 15)
		arc #17: (17, 16)
		arc #18: (8, 17)
		arc #19: (17, 8)

	reverse arcs: 
		arc #1: (0, 9)
		arc #2: (9, 0)
		arc #18: (8, 17)
		arc #19: (17, 8)


incompatible points...
	(0, 7, 17, (7, 8))	(17, 10, 0, (10, 9))

number of routes = 2
vertices of routes...
	route #0: 0     1     2     3     4     5     6     7     8    17    16    15    14    13    12    11    10     9     0
	route #1: 17    16    15    14    13    12    11    10     9     0     1     2     3     4     5     6     7     8    17
arcs of routes...
	route #0: 0     3     5     7     9    11    13    15    18    17    16    14    12    10     8     6     4     2
	route #1: 17    16    14    12    10     8     6     4     2     0     3     5     7     9    11    13    15    18

incompatible routes...
	(0, 1)    	(1, 0)

vertices that can be adjacent in consecutive trips...
	(0, 0)    	(17, 17)
non cyclical routes: 


routes of trip...
	routes that train #0 can complete at trip #0: 1
	routes that train #0 can complete at trip #1: 0       1
	routes that train #0 can complete at trip #2: 0       1
	routes that train #0 can complete at trip #3: 0       1
	routes that train #0 can complete at trip #4: 0       1
	routes that train #0 can complete at trip #5: 0       1
	routes that train #0 can complete at trip #6: 0       1
	routes that train #0 can complete at trip #7: 0       1
	routes that train #0 can complete at trip #8: 0       1
	routes that train #0 can complete at trip #9: 0       1

	routes that train #1 can complete at trip #0: 1
	routes that train #1 can complete at trip #1: 0       1
	routes that train #1 can complete at trip #2: 0       1
	routes that train #1 can complete at trip #3: 0       1
	routes that train #1 can complete at trip #4: 0       1
	routes that train #1 can complete at trip #5: 0       1
	routes that train #1 can complete at trip #6: 0       1
	routes that train #1 can complete at trip #7: 0       1
	routes that train #1 can complete at trip #8: 0       1
	routes that train #1 can complete at trip #9: 0       1

 cost...
	arc #0 [0][1]: 137
	arc #1 [0][9]: 0
	arc #2 [9][0]: 0
	arc #3 [1][2]: 131
	arc #4 [10][9]: 137
	arc #5 [2][3]: 150
	arc #6 [11][10]: 131
	arc #7 [3][4]: 144
	arc #8 [12][11]: 150
	arc #9 [4][5]: 155
	arc #10 [13][12]: 144
	arc #11 [5][6]: 143
	arc #12 [14][13]: 155
	arc #13 [6][7]: 141
	arc #14 [15][14]: 143
	arc #15 [7][8]: 141
	arc #16 [16][15]: 141
	arc #17 [17][16]: 141
	arc #18 [8][17]: 0
	arc #19 [17][8]: 0

cost with minimum service...
	arc #0 [0][1]: 246
	arc #1 [0][9]: 0
	arc #2 [9][0]: 0
	arc #3 [1][2]: 240
	arc #4 [10][9]: 292
	arc #5 [2][3]: 259
	arc #6 [11][10]: 240
	arc #7 [3][4]: 253
	arc #8 [12][11]: 259
	arc #9 [4][5]: 264
	arc #10 [13][12]: 253
	arc #11 [5][6]: 252
	arc #12 [14][13]: 264
	arc #13 [6][7]: 250
	arc #14 [15][14]: 252
	arc #15 [7][8]: 296
	arc #16 [16][15]: 250
	arc #17 [17][16]: 250
	arc #18 [8][17]: 0
	arc #19 [17][8]: 0

cost with maximum service...
	arc #0 [0][1]: 563
	arc #1 [0][9]: 426
	arc #2 [9][0]: 426
	arc #3 [1][2]: 557
	arc #4 [10][9]: 563
	arc #5 [2][3]: 576
	arc #6 [11][10]: 557
	arc #7 [3][4]: 570
	arc #8 [12][11]: 576
	arc #9 [4][5]: 581
	arc #10 [13][12]: 570
	arc #11 [5][6]: 569
	arc #12 [14][13]: 581
	arc #13 [6][7]: 567
	arc #14 [15][14]: 569
	arc #15 [7][8]: 567
	arc #16 [16][15]: 567
	arc #17 [17][16]: 567
	arc #18 [8][17]: 426
	arc #19 [17][8]: 426

demands...
	demands of vertex 0 at time interval: 6     6     6
	demands of vertex 1 at time interval: 6     6     6
	demands of vertex 2 at time interval: 6     6     6
	demands of vertex 3 at time interval: 6     6     6
	demands of vertex 4 at time interval: 6     6     6
	demands of vertex 5 at time interval: 6     6     6
	demands of vertex 6 at time interval: 6     6     6
	demands of vertex 7 at time interval: 6     6     6
	demands of vertex 8 at time interval: 0     0     0
	demands of vertex 9 at time interval: 0     0     0
	demands of vertex 10 at time interval: 6     6     6
	demands of vertex 11 at time interval: 6     6     6
	demands of vertex 12 at time interval: 6     6     6
	demands of vertex 13 at time interval: 6     6     6
	demands of vertex 14 at time interval: 6     6     6
	demands of vertex 15 at time interval: 6     6     6
	demands of vertex 16 at time interval: 6     6     6
	demands of vertex 17 at time interval: 6     6     6

maximum time = 42397
alpha = 71

>> Solving...
Version identifier: 20.1.0.0 | 2020-11-10 | 9bedb6d68
CPXPARAM_Threads                                 1
CPXPARAM_TimeLimit                               43200
Tried aggregator 12 times.
MIP Presolve eliminated 68859 rows and 13378 columns.
MIP Presolve modified 144249 coefficients.
Aggregator did 720 substitutions.
Reduced MIP has 146364 rows, 53061 columns, and 361588 nonzeros.
Reduced MIP has 52700 binaries, 0 generals, 0 SOSs, and 0 indicators.
Presolve time = 14.74 sec. (8430.22 ticks)
Found incumbent of value 42397.000000 after 18.22 sec. (10014.57 ticks)
Probing fixed 4240 vars, tightened 2310 bounds.
Probing time = 18.40 sec. (7894.72 ticks)
Cover probing fixed 0 vars, tightened 21155 bounds.
Tried aggregator 2 times.
MIP Presolve eliminated 134349 rows and 43271 columns.
MIP Presolve modified 2546 coefficients.
Aggregator did 9208 substitutions.
Reduced MIP has 2807 rows, 582 columns, and 7399 nonzeros.
Reduced MIP has 221 binaries, 0 generals, 0 SOSs, and 0 indicators.
Presolve time = 0.41 sec. (272.56 ticks)
Probing fixed 0 vars, tightened 294 bounds.
Probing time = 0.06 sec. (37.08 ticks)
Tried aggregator 1 time.
Detecting symmetries...
MIP Presolve modified 1156 coefficients.
Reduced MIP has 2807 rows, 582 columns, and 7399 nonzeros.
Reduced MIP has 221 binaries, 0 generals, 0 SOSs, and 0 indicators.
Presolve time = 0.01 sec. (6.38 ticks)
Probing fixed 0 vars, tightened 31 bounds.
Probing time = 0.06 sec. (37.14 ticks)
Clique table members: 589.
MIP emphasis: balance optimality and feasibility.
MIP search method: dynamic search.
Parallel mode: none, using 1 thread.
Root relaxation solution time = 0.03 sec. (28.00 ticks)

        Nodes                                         Cuts/
   Node  Left     Objective  IInf  Best Integer    Best Bound    ItCnt     Gap

*     0+    0                        42397.0000    35883.0000            15.36%
      0     0    35883.0000   181    42397.0000    35883.0000      602   15.36%
*     0+    0                        40780.0000    35883.0000            12.01%
      0     0    36754.3807   183    40780.0000     Cuts: 296      885    9.87%
      0     0    37081.7464   205    40780.0000      Cuts: 92      953    9.07%
      0     0    37086.9491   203    40780.0000      Cuts: 55      968    9.06%
      0     0    37086.9491   204    40780.0000      Cuts: 23      993    9.06%
      0     0    37086.9491   205    40780.0000       Cuts: 3      996    9.06%
Detecting symmetries...
*     0+    0                        37235.0000    37086.9491             0.40%
Detecting symmetries...
      0     1    37089.4253   199    37235.0000    37157.5000      996    0.21%
Elapsed time = 40.48 sec. (20781.04 ticks, tree = 0.01 MB, solutions = 3)

Cover cuts applied:  1
Implied bound cuts applied:  39
Flow cuts applied:  19
Mixed integer rounding cuts applied:  27
Gomory fractional cuts applied:  10

Root node processing (before b&c):
  Real time             =   40.49 sec. (20783.68 ticks)
Sequential b&c:
  Real time             =    0.00 sec. (0.70 ticks)
                          ------------
Total (root+branch&cut) =   40.49 sec. (20784.38 ticks)
Optimal

>> Printing some results...
    -> Solution value = 37235 - 10:20:35
    -> Total time = 40.49
    -> Gap value = 0.00

=============
Train 0
=============
> Trip 0
   17(time 912 - 00:15:12)(time 1053 - 00:17:33) ->    16(time 1162 - 00:19:22)(time 1303 - 00:21:43) ->    15(time 1412 - 00:23:32)(time 1555 - 00:25:55) ->    14(time 1664 - 00:27:44)(time 1819 - 00:30:19) ->    13(time 1928 - 00:32:08)(time 2072 - 00:34:32) ->    12(time 2181 - 00:36:21)(time 2331 - 00:38:51) ->    11(time 2440 - 00:40:40)(time 2571 - 00:42:51) ->    10(time 2680 - 00:44:40)(time 2817 - 00:46:57) ->    9(time 2972 - 00:49:32)(time 2972 - 00:49:32) ->    0(time 2972 - 00:49:32)(time 3109 - 00:51:49) ->    1(time 3218 - 00:53:38)(time 3349 - 00:55:49) ->    2(time 3458 - 00:57:38)(time 3608 - 01:00:08) ->    3(time 3717 - 01:01:57)(time 3861 - 01:04:21) ->    4(time 3970 - 01:06:10)(time 4125 - 01:08:45) ->    5(time 4234 - 01:10:34)(time 4377 - 01:12:57) ->    6(time 4486 - 01:14:46)(time 4627 - 01:17:07) ->    7(time 4736 - 01:18:56)(time 4877 - 01:21:17) ->    8(time 5032 - 01:23:52)(time 5032 - 01:23:52) -> 17
> Trip 1
   17(time 5032 - 01:23:52)(time 5173 - 01:26:13) ->    16(time 5282 - 01:28:02)(time 5423 - 01:30:23) ->    15(time 5532 - 01:32:12)(time 5675 - 01:34:35) ->    14(time 5784 - 01:36:24)(time 5939 - 01:38:59) ->    13(time 6048 - 01:40:48)(time 6192 - 01:43:12) ->    12(time 6301 - 01:45:01)(time 6451 - 01:47:31) ->    11(time 6560 - 01:49:20)(time 6691 - 01:51:31) ->    10(time 6800 - 01:53:20)(time 6937 - 01:55:37) ->    9(time 7092 - 01:58:12)(time 7092 - 01:58:12) ->    0(time 7092 - 01:58:12)(time 7229 - 02:00:29) ->    1(time 7338 - 02:02:18)(time 7469 - 02:04:29) ->    2(time 7578 - 02:06:18)(time 7728 - 02:08:48) ->    3(time 7837 - 02:10:37)(time 7981 - 02:13:01) ->    4(time 8090 - 02:14:50)(time 8245 - 02:17:25) ->    5(time 8354 - 02:19:14)(time 8497 - 02:21:37) ->    6(time 8606 - 02:23:26)(time 8747 - 02:25:47) ->    7(time 8856 - 02:27:36)(time 8997 - 02:29:57) ->    8(time 9152 - 02:32:32)(time 9152 - 02:32:32) -> 17
> Trip 2
   17(time 9152 - 02:32:32)(time 9293 - 02:34:53) ->    16(time 9402 - 02:36:42)(time 9543 - 02:39:03) ->    15(time 9652 - 02:40:52)(time 9795 - 02:43:15) ->    14(time 9904 - 02:45:04)(time 10059 - 02:47:39) ->    13(time 10168 - 02:49:28)(time 10312 - 02:51:52) ->    12(time 10421 - 02:53:41)(time 10571 - 02:56:11) ->    11(time 10680 - 02:58:00)(time 10811 - 03:00:11) ->    10(time 10920 - 03:02:00)(time 11057 - 03:04:17) ->    9(time 11212 - 03:06:52)(time 11212 - 03:06:52) ->    0(time 11212 - 03:06:52)(time 11349 - 03:09:09) ->    1(time 11458 - 03:10:58)(time 11589 - 03:13:09) ->    2(time 11698 - 03:14:58)(time 11848 - 03:17:28) ->    3(time 11957 - 03:19:17)(time 12101 - 03:21:41) ->    4(time 12210 - 03:23:30)(time 12365 - 03:26:05) ->    5(time 12474 - 03:27:54)(time 12617 - 03:30:17) ->    6(time 12726 - 03:32:06)(time 12867 - 03:34:27) ->    7(time 12976 - 03:36:16)(time 13117 - 03:38:37) ->    8(time 13272 - 03:41:12)(time 13272 - 03:41:12) -> 17
> Trip 3
   17(time 13272 - 03:41:12)(time 13413 - 03:43:33) ->    16(time 13522 - 03:45:22)(time 13663 - 03:47:43) ->    15(time 13772 - 03:49:32)(time 13915 - 03:51:55) ->    14(time 14024 - 03:53:44)(time 14179 - 03:56:19) ->    13(time 14288 - 03:58:08)(time 14432 - 04:00:32) ->    12(time 14541 - 04:02:21)(time 14691 - 04:04:51) ->    11(time 14800 - 04:06:40)(time 14931 - 04:08:51) ->    10(time 15040 - 04:10:40)(time 15177 - 04:12:57) ->    9(time 15332 - 04:15:32)(time 15332 - 04:15:32) ->    0(time 15332 - 04:15:32)(time 15469 - 04:17:49) ->    1(time 15578 - 04:19:38)(time 15709 - 04:21:49) ->    2(time 15818 - 04:23:38)(time 15968 - 04:26:08) ->    3(time 16077 - 04:27:57)(time 16221 - 04:30:21) ->    4(time 16330 - 04:32:10)(time 16485 - 04:34:45) ->    5(time 16594 - 04:36:34)(time 16737 - 04:38:57) ->    6(time 16846 - 04:40:46)(time 16987 - 04:43:07) ->    7(time 17096 - 04:44:56)(time 17237 - 04:47:17) ->    8(time 17392 - 04:49:52)(time 17392 - 04:49:52) -> 17
> Trip 4
   17(time 17392 - 04:49:52)(time 17533 - 04:52:13) ->    16(time 17642 - 04:54:02)(time 17783 - 04:56:23) ->    15(time 17892 - 04:58:12)(time 18035 - 05:00:35) ->    14(time 18144 - 05:02:24)(time 18299 - 05:04:59) ->    13(time 18408 - 05:06:48)(time 18552 - 05:09:12) ->    12(time 18661 - 05:11:01)(time 18811 - 05:13:31) ->    11(time 18920 - 05:15:20)(time 19051 - 05:17:31) ->    10(time 19160 - 05:19:20)(time 19297 - 05:21:37) ->    9(time 19452 - 05:24:12)(time 19452 - 05:24:12) ->    0(time 19452 - 05:24:12)(time 19589 - 05:26:29) ->    1(time 19698 - 05:28:18)(time 19829 - 05:30:29) ->    2(time 19938 - 05:32:18)(time 20088 - 05:34:48) ->    3(time 20197 - 05:36:37)(time 20341 - 05:39:01) ->    4(time 20450 - 05:40:50)(time 20605 - 05:43:25) ->    5(time 20714 - 05:45:14)(time 20857 - 05:47:37) ->    6(time 20966 - 05:49:26)(time 21107 - 05:51:47) ->    7(time 21216 - 05:53:36)(time 21357 - 05:55:57) ->    8(time 21512 - 05:58:32)(time 21512 - 05:58:32) -> 17
> Trip 5
   17(time 21512 - 05:58:32)(time 21653 - 06:00:53) ->    16(time 21762 - 06:02:42)(time 21903 - 06:05:03) ->    15(time 22012 - 06:06:52)(time 22155 - 06:09:15) ->    14(time 22264 - 06:11:04)(time 22419 - 06:13:39) ->    13(time 22528 - 06:15:28)(time 22672 - 06:17:52) ->    12(time 22781 - 06:19:41)(time 22931 - 06:22:11) ->    11(time 23040 - 06:24:00)(time 23171 - 06:26:11) ->    10(time 23280 - 06:28:00)(time 23417 - 06:30:17) ->    9(time 23572 - 06:32:52)(time 23572 - 06:32:52) ->    0(time 23572 - 06:32:52)(time 23709 - 06:35:09) ->    1(time 23818 - 06:36:58)(time 23949 - 06:39:09) ->    2(time 24058 - 06:40:58)(time 24208 - 06:43:28) ->    3(time 24317 - 06:45:17)(time 24461 - 06:47:41) ->    4(time 24570 - 06:49:30)(time 24725 - 06:52:05) ->    5(time 24834 - 06:53:54)(time 24977 - 06:56:17) ->    6(time 25086 - 06:58:06)(time 25227 - 07:00:27) ->    7(time 25336 - 07:02:16)(time 25477 - 07:04:37) ->    8(time 25632 - 07:07:12)(time 25632 - 07:07:12) -> 17
> Trip 6
   17(time 25632 - 07:07:12)(time 25773 - 07:09:33) ->    16(time 25882 - 07:11:22)(time 26023 - 07:13:43) ->    15(time 26132 - 07:15:32)(time 26275 - 07:17:55) ->    14(time 26384 - 07:19:44)(time 26539 - 07:22:19) ->    13(time 26648 - 07:24:08)(time 26792 - 07:26:32) ->    12(time 26901 - 07:28:21)(time 27051 - 07:30:51) ->    11(time 27160 - 07:32:40)(time 27291 - 07:34:51) ->    10(time 27400 - 07:36:40)(time 27537 - 07:38:57) ->    9(time 27692 - 07:41:32)(time 27692 - 07:41:32) ->    0(time 27692 - 07:41:32)(time 27829 - 07:43:49) ->    1(time 27938 - 07:45:38)(time 28069 - 07:47:49) ->    2(time 28178 - 07:49:38)(time 28328 - 07:52:08) ->    3(time 28437 - 07:53:57)(time 28581 - 07:56:21) ->    4(time 28690 - 07:58:10)(time 28845 - 08:00:45) ->    5(time 28954 - 08:02:34)(time 29097 - 08:04:57) ->    6(time 29206 - 08:06:46)(time 29347 - 08:09:07) ->    7(time 29456 - 08:10:56)(time 29597 - 08:13:17) ->    8(time 29752 - 08:15:52)(time 29752 - 08:15:52) -> 17
> Trip 7
   17(time 29752 - 08:15:52)(time 29893 - 08:18:13) ->    16(time 30002 - 08:20:02)(time 30143 - 08:22:23) ->    15(time 30252 - 08:24:12)(time 30395 - 08:26:35) ->    14(time 30504 - 08:28:24)(time 30659 - 08:30:59) ->    13(time 30768 - 08:32:48)(time 30912 - 08:35:12) ->    12(time 31021 - 08:37:01)(time 31171 - 08:39:31) ->    11(time 31280 - 08:41:20)(time 31411 - 08:43:31) ->    10(time 31520 - 08:45:20)(time 31657 - 08:47:37) ->    9(time 31812 - 08:50:12)(time 31812 - 08:50:12) ->    0(time 31812 - 08:50:12)(time 31949 - 08:52:29) ->    1(time 32058 - 08:54:18)(time 32189 - 08:56:29) ->    2(time 32298 - 08:58:18)(time 32448 - 09:00:48) ->    3(time 32557 - 09:02:37)(time 32701 - 09:05:01) ->    4(time 32810 - 09:06:50)(time 32965 - 09:09:25) ->    5(time 33074 - 09:11:14)(time 33217 - 09:13:37) ->    6(time 33326 - 09:15:26)(time 33467 - 09:17:47) ->    7(time 33576 - 09:19:36)(time 33717 - 09:21:57) ->    8(time 33872 - 09:24:32)(time 33872 - 09:24:32) -> 17
> Trip 8
   17(time 33872 - 09:24:32)(time 34013 - 09:26:53) ->    16(time 34122 - 09:28:42)(time 34263 - 09:31:03) ->    15(time 34372 - 09:32:52)(time 34515 - 09:35:15) ->    14(time 34624 - 09:37:04)(time 34779 - 09:39:39) ->    13(time 34888 - 09:41:28)(time 35032 - 09:43:52) ->    12(time 35141 - 09:45:41)(time 35291 - 09:48:11) ->    11(time 35400 - 09:50:00)(time 35531 - 09:52:11) ->    10(time 35640 - 09:54:00)(time 35777 - 09:56:17) ->    9(time 35932 - 09:58:52)(time 35932 - 09:58:52) ->    0(time 35932 - 09:58:52)(time 36069 - 10:01:09) ->    1(time 36178 - 10:02:58)(time 36309 - 10:05:09) ->    2(time 36418 - 10:06:58)(time 36568 - 10:09:28) ->    3(time 36677 - 10:11:17)(time 36821 - 10:13:41) ->    4(time 36930 - 10:15:30)(time 37085 - 10:18:05) ->    5(time 37194 - 10:19:54)(time 37337 - 10:22:17) ->    6(time 37446 - 10:24:06)(time 37587 - 10:26:27) ->    7(time 37696 - 10:28:16)(time 37837 - 10:30:37) ->    8(time 37992 - 10:33:12)(time 37992 - 10:33:12) -> 17
> Trip 9
   17(time 37992 - 10:33:12)(time 38133 - 10:35:33) ->    16(time 38242 - 10:37:22)(time 38383 - 10:39:43) ->    15(time 38492 - 10:41:32)(time 38635 - 10:43:55) ->    14(time 38744 - 10:45:44)(time 38899 - 10:48:19) ->    13(time 39008 - 10:50:08)(time 39152 - 10:52:32) ->    12(time 39261 - 10:54:21)(time 39411 - 10:56:51) ->    11(time 39520 - 10:58:40)(time 39651 - 11:00:51) ->    10(time 39760 - 11:02:40)(time 39897 - 11:04:57) ->    9(time 40052 - 11:07:32)(time 40052 - 11:07:32) ->    0(time 40052 - 11:07:32)(time 40189 - 11:09:49) ->    1(time 40298 - 11:11:38)(time 40429 - 11:13:49) ->    2(time 40538 - 11:15:38)(time 40688 - 11:18:08) ->    3(time 40797 - 11:19:57)(time 40941 - 11:22:21) ->    4(time 41050 - 11:24:10)(time 41205 - 11:26:45) ->    5(time 41314 - 11:28:34)(time 41457 - 11:30:57) ->    6(time 41566 - 11:32:46)(time 41707 - 11:35:07) ->    7(time 41816 - 11:36:56)(time 41957 - 11:39:17) ->    8(time 42112 - 11:41:52)(time 42112 - 11:41:52) -> 17
=============
Train 1
=============
> Trip 0
   17(time 757 - 00:12:37)(time 898 - 00:14:58) ->    16(time 1007 - 00:16:47)(time 1148 - 00:19:08) ->    15(time 1257 - 00:20:57)(time 1400 - 00:23:20) ->    14(time 1509 - 00:25:09)(time 1664 - 00:27:44) ->    13(time 1773 - 00:29:33)(time 1917 - 00:31:57) ->    12(time 2026 - 00:33:46)(time 2176 - 00:36:16) ->    11(time 2285 - 00:38:05)(time 2416 - 00:40:16) ->    10(time 2525 - 00:42:05)(time 2662 - 00:44:22) ->    9(time 2817 - 00:46:57)(time 2817 - 00:46:57) ->    0(time 2817 - 00:46:57)(time 2954 - 00:49:14) ->    1(time 3063 - 00:51:03)(time 3194 - 00:53:14) ->    2(time 3303 - 00:55:03)(time 3453 - 00:57:33) ->    3(time 3562 - 00:59:22)(time 3706 - 01:01:46) ->    4(time 3815 - 01:03:35)(time 3970 - 01:06:10) ->    5(time 4079 - 01:07:59)(time 4222 - 01:10:22) ->    6(time 4331 - 01:12:11)(time 4472 - 01:14:32) ->    7(time 4581 - 01:16:21)(time 4722 - 01:18:42) ->    8(time 4877 - 01:21:17)(time 4877 - 01:21:17) -> 17
> Trip 1
   17(time 4877 - 01:21:17)(time 5018 - 01:23:38) ->    16(time 5127 - 01:25:27)(time 5268 - 01:27:48) ->    15(time 5377 - 01:29:37)(time 5520 - 01:32:00) ->    14(time 5629 - 01:33:49)(time 5784 - 01:36:24) ->    13(time 5893 - 01:38:13)(time 6037 - 01:40:37) ->    12(time 6146 - 01:42:26)(time 6296 - 01:44:56) ->    11(time 6405 - 01:46:45)(time 6536 - 01:48:56) ->    10(time 6645 - 01:50:45)(time 6782 - 01:53:02) ->    9(time 6937 - 01:55:37)(time 6937 - 01:55:37) ->    0(time 6937 - 01:55:37)(time 7074 - 01:57:54) ->    1(time 7183 - 01:59:43)(time 7314 - 02:01:54) ->    2(time 7423 - 02:03:43)(time 7573 - 02:06:13) ->    3(time 7682 - 02:08:02)(time 7826 - 02:10:26) ->    4(time 7935 - 02:12:15)(time 8090 - 02:14:50) ->    5(time 8199 - 02:16:39)(time 8342 - 02:19:02) ->    6(time 8451 - 02:20:51)(time 8592 - 02:23:12) ->    7(time 8701 - 02:25:01)(time 8842 - 02:27:22) ->    8(time 8997 - 02:29:57)(time 8997 - 02:29:57) -> 17
> Trip 2
   17(time 8997 - 02:29:57)(time 9138 - 02:32:18) ->    16(time 9247 - 02:34:07)(time 9388 - 02:36:28) ->    15(time 9497 - 02:38:17)(time 9640 - 02:40:40) ->    14(time 9749 - 02:42:29)(time 9904 - 02:45:04) ->    13(time 10013 - 02:46:53)(time 10157 - 02:49:17) ->    12(time 10266 - 02:51:06)(time 10416 - 02:53:36) ->    11(time 10525 - 02:55:25)(time 10656 - 02:57:36) ->    10(time 10765 - 02:59:25)(time 10902 - 03:01:42) ->    9(time 11057 - 03:04:17)(time 11057 - 03:04:17) ->    0(time 11057 - 03:04:17)(time 11194 - 03:06:34) ->    1(time 11303 - 03:08:23)(time 11434 - 03:10:34) ->    2(time 11543 - 03:12:23)(time 11693 - 03:14:53) ->    3(time 11802 - 03:16:42)(time 11946 - 03:19:06) ->    4(time 12055 - 03:20:55)(time 12210 - 03:23:30) ->    5(time 12319 - 03:25:19)(time 12462 - 03:27:42) ->    6(time 12571 - 03:29:31)(time 12712 - 03:31:52) ->    7(time 12821 - 03:33:41)(time 12962 - 03:36:02) ->    8(time 13117 - 03:38:37)(time 13117 - 03:38:37) -> 17
> Trip 3
   17(time 13117 - 03:38:37)(time 13258 - 03:40:58) ->    16(time 13367 - 03:42:47)(time 13508 - 03:45:08) ->    15(time 13617 - 03:46:57)(time 13760 - 03:49:20) ->    14(time 13869 - 03:51:09)(time 14024 - 03:53:44) ->    13(time 14133 - 03:55:33)(time 14277 - 03:57:57) ->    12(time 14386 - 03:59:46)(time 14536 - 04:02:16) ->    11(time 14645 - 04:04:05)(time 14776 - 04:06:16) ->    10(time 14885 - 04:08:05)(time 15022 - 04:10:22) ->    9(time 15177 - 04:12:57)(time 15177 - 04:12:57) ->    0(time 15177 - 04:12:57)(time 15314 - 04:15:14) ->    1(time 15423 - 04:17:03)(time 15554 - 04:19:14) ->    2(time 15663 - 04:21:03)(time 15813 - 04:23:33) ->    3(time 15922 - 04:25:22)(time 16066 - 04:27:46) ->    4(time 16175 - 04:29:35)(time 16330 - 04:32:10) ->    5(time 16439 - 04:33:59)(time 16582 - 04:36:22) ->    6(time 16691 - 04:38:11)(time 16832 - 04:40:32) ->    7(time 16941 - 04:42:21)(time 17082 - 04:44:42) ->    8(time 17237 - 04:47:17)(time 17237 - 04:47:17) -> 17
> Trip 4
   17(time 17237 - 04:47:17)(time 17378 - 04:49:38) ->    16(time 17487 - 04:51:27)(time 17628 - 04:53:48) ->    15(time 17737 - 04:55:37)(time 17880 - 04:58:00) ->    14(time 17989 - 04:59:49)(time 18144 - 05:02:24) ->    13(time 18253 - 05:04:13)(time 18397 - 05:06:37) ->    12(time 18506 - 05:08:26)(time 18656 - 05:10:56) ->    11(time 18765 - 05:12:45)(time 18896 - 05:14:56) ->    10(time 19005 - 05:16:45)(time 19142 - 05:19:02) ->    9(time 19297 - 05:21:37)(time 19297 - 05:21:37) ->    0(time 19297 - 05:21:37)(time 19434 - 05:23:54) ->    1(time 19543 - 05:25:43)(time 19674 - 05:27:54) ->    2(time 19783 - 05:29:43)(time 19933 - 05:32:13) ->    3(time 20042 - 05:34:02)(time 20186 - 05:36:26) ->    4(time 20295 - 05:38:15)(time 20450 - 05:40:50) ->    5(time 20559 - 05:42:39)(time 20702 - 05:45:02) ->    6(time 20811 - 05:46:51)(time 20952 - 05:49:12) ->    7(time 21061 - 05:51:01)(time 21202 - 05:53:22) ->    8(time 21357 - 05:55:57)(time 21357 - 05:55:57) -> 17
> Trip 5
   17(time 21357 - 05:55:57)(time 21498 - 05:58:18) ->    16(time 21607 - 06:00:07)(time 21748 - 06:02:28) ->    15(time 21857 - 06:04:17)(time 22000 - 06:06:40) ->    14(time 22109 - 06:08:29)(time 22264 - 06:11:04) ->    13(time 22373 - 06:12:53)(time 22517 - 06:15:17) ->    12(time 22626 - 06:17:06)(time 22776 - 06:19:36) ->    11(time 22885 - 06:21:25)(time 23016 - 06:23:36) ->    10(time 23125 - 06:25:25)(time 23262 - 06:27:42) ->    9(time 23417 - 06:30:17)(time 23417 - 06:30:17) ->    0(time 23417 - 06:30:17)(time 23554 - 06:32:34) ->    1(time 23663 - 06:34:23)(time 23794 - 06:36:34) ->    2(time 23903 - 06:38:23)(time 24053 - 06:40:53) ->    3(time 24162 - 06:42:42)(time 24306 - 06:45:06) ->    4(time 24415 - 06:46:55)(time 24570 - 06:49:30) ->    5(time 24679 - 06:51:19)(time 24822 - 06:53:42) ->    6(time 24931 - 06:55:31)(time 25072 - 06:57:52) ->    7(time 25181 - 06:59:41)(time 25322 - 07:02:02) ->    8(time 25477 - 07:04:37)(time 25477 - 07:04:37) -> 17
> Trip 6
   17(time 25477 - 07:04:37)(time 25618 - 07:06:58) ->    16(time 25727 - 07:08:47)(time 25868 - 07:11:08) ->    15(time 25977 - 07:12:57)(time 26120 - 07:15:20) ->    14(time 26229 - 07:17:09)(time 26384 - 07:19:44) ->    13(time 26493 - 07:21:33)(time 26637 - 07:23:57) ->    12(time 26746 - 07:25:46)(time 26896 - 07:28:16) ->    11(time 27005 - 07:30:05)(time 27136 - 07:32:16) ->    10(time 27245 - 07:34:05)(time 27382 - 07:36:22) ->    9(time 27537 - 07:38:57)(time 27537 - 07:38:57) ->    0(time 27537 - 07:38:57)(time 27674 - 07:41:14) ->    1(time 27783 - 07:43:03)(time 27914 - 07:45:14) ->    2(time 28023 - 07:47:03)(time 28173 - 07:49:33) ->    3(time 28282 - 07:51:22)(time 28426 - 07:53:46) ->    4(time 28535 - 07:55:35)(time 28690 - 07:58:10) ->    5(time 28799 - 07:59:59)(time 28942 - 08:02:22) ->    6(time 29051 - 08:04:11)(time 29192 - 08:06:32) ->    7(time 29301 - 08:08:21)(time 29442 - 08:10:42) ->    8(time 29597 - 08:13:17)(time 29597 - 08:13:17) -> 17
> Trip 7
   17(time 29597 - 08:13:17)(time 29738 - 08:15:38) ->    16(time 29847 - 08:17:27)(time 29988 - 08:19:48) ->    15(time 30097 - 08:21:37)(time 30240 - 08:24:00) ->    14(time 30349 - 08:25:49)(time 30504 - 08:28:24) ->    13(time 30613 - 08:30:13)(time 30757 - 08:32:37) ->    12(time 30866 - 08:34:26)(time 31016 - 08:36:56) ->    11(time 31125 - 08:38:45)(time 31256 - 08:40:56) ->    10(time 31365 - 08:42:45)(time 31502 - 08:45:02) ->    9(time 31657 - 08:47:37)(time 31657 - 08:47:37) ->    0(time 31657 - 08:47:37)(time 31794 - 08:49:54) ->    1(time 31903 - 08:51:43)(time 32034 - 08:53:54) ->    2(time 32143 - 08:55:43)(time 32293 - 08:58:13) ->    3(time 32402 - 09:00:02)(time 32546 - 09:02:26) ->    4(time 32655 - 09:04:15)(time 32810 - 09:06:50) ->    5(time 32919 - 09:08:39)(time 33062 - 09:11:02) ->    6(time 33171 - 09:12:51)(time 33312 - 09:15:12) ->    7(time 33421 - 09:17:01)(time 33562 - 09:19:22) ->    8(time 33717 - 09:21:57)(time 33717 - 09:21:57) -> 17
> Trip 8
   17(time 33717 - 09:21:57)(time 33858 - 09:24:18) ->    16(time 33967 - 09:26:07)(time 34108 - 09:28:28) ->    15(time 34217 - 09:30:17)(time 34360 - 09:32:40) ->    14(time 34469 - 09:34:29)(time 34624 - 09:37:04) ->    13(time 34733 - 09:38:53)(time 34877 - 09:41:17) ->    12(time 34986 - 09:43:06)(time 35136 - 09:45:36) ->    11(time 35245 - 09:47:25)(time 35376 - 09:49:36) ->    10(time 35485 - 09:51:25)(time 35622 - 09:53:42) ->    9(time 35777 - 09:56:17)(time 35777 - 09:56:17) ->    0(time 35777 - 09:56:17)(time 35914 - 09:58:34) ->    1(time 36023 - 10:00:23)(time 36154 - 10:02:34) ->    2(time 36263 - 10:04:23)(time 36413 - 10:06:53) ->    3(time 36522 - 10:08:42)(time 36666 - 10:11:06) ->    4(time 36775 - 10:12:55)(time 36930 - 10:15:30) ->    5(time 37039 - 10:17:19)(time 37182 - 10:19:42) ->    6(time 37291 - 10:21:31)(time 37432 - 10:23:52) ->    7(time 37541 - 10:25:41)(time 37682 - 10:28:02) ->    8(time 37837 - 10:30:37)(time 37837 - 10:30:37) -> 17
> Trip 9
   17(time 37837 - 10:30:37)(time 37978 - 10:32:58) ->    16(time 38087 - 10:34:47)(time 38228 - 10:37:08) ->    15(time 38337 - 10:38:57)(time 38480 - 10:41:20) ->    14(time 38589 - 10:43:09)(time 38744 - 10:45:44) ->    13(time 38853 - 10:47:33)(time 38997 - 10:49:57) ->    12(time 39106 - 10:51:46)(time 39256 - 10:54:16) ->    11(time 39365 - 10:56:05)(time 39496 - 10:58:16) ->    10(time 39605 - 11:00:05)(time 39742 - 11:02:22) ->    9(time 39897 - 11:04:57)(time 39897 - 11:04:57) ->    0(time 39897 - 11:04:57)(time 40034 - 11:07:14) ->    1(time 40143 - 11:09:03)(time 40274 - 11:11:14) ->    2(time 40383 - 11:13:03)(time 40533 - 11:15:33) ->    3(time 40642 - 11:17:22)(time 40786 - 11:19:46) ->    4(time 40895 - 11:21:35)(time 41050 - 11:24:10) ->    5(time 41159 - 11:25:59)(time 41302 - 11:28:22) ->    6(time 41411 - 11:30:11)(time 41552 - 11:32:32) ->    7(time 41661 - 11:34:21)(time 41802 - 11:36:42) ->    8(time 41957 - 11:39:17)(time 41957 - 11:39:17) -> 17
