t3p16r8h1.txt:
   > Trying to open the instance file...
   > Reading number of trains...
   > Reading maximum number of trips per train...
   > Reading time intervals...
   > Reading number of points...
   > Reading stations...
   > Reading crossings...
   > Reading depots...
   > Reading initial point...
   > Reading routes...
   > Reading distance and distance and service...
   > Reading demands...
   > Reading maximum time...
   > Reading alpha...

--------------------------------
 Printing instance
--------------------------------
number of trains = 3
	max trips per trains: 7     6     3
number of intervals = 1
	(0,  51540)
number of points = 16
	initial point: 7
	stations: 0     1     3     4     5     7     8     9    11    12    13    14    15
	crossings: 0     2     6     7     8    10    12    15
	depots: 0     7    15
number of vertices = 32
	total vertices: 0     1     2     3     4     5     6     7     8     9    10    11    12    13    14    15    16    17    18    19    20    21    22    23    24    25    26    27    28    29    30    31
	upper vertices: 0     1     2     3     4     5     6     7     8     9    10    11    12    13    14    15
	lower vertices: 16    17    18    19    20    21    22    23    24    25    26    27    28    29    30    31
	vertices of point #0: (0, 16)
	vertices of point #1: (1, 17)
	vertices of point #2: (2, 18)
	vertices of point #3: (3, 19)
	vertices of point #4: (4, 20)
	vertices of point #5: (5, 21)
	vertices of point #6: (6, 22)
	vertices of point #7: (7, 23)
	vertices of point #8: (8, 24)
	vertices of point #9: (9, 25)
	vertices of point #10: (10, 26)
	vertices of point #11: (11, 27)
	vertices of point #12: (12, 28)
	vertices of point #13: (13, 29)
	vertices of point #14: (14, 30)
	vertices of point #15: (15, 31)

arcs...
	total arcs: 
		arc #0: (0, 1)
		arc #1: (0, 16)
		arc #2: (16, 0)
		arc #3: (1, 2)
		arc #4: (17, 16)
		arc #5: (2, 3)
		arc #6: (18, 17)
		arc #7: (3, 4)
		arc #8: (19, 18)
		arc #9: (4, 5)
		arc #10: (20, 19)
		arc #11: (5, 6)
		arc #12: (21, 20)
		arc #13: (6, 7)
		arc #14: (22, 21)
		arc #15: (7, 8)
		arc #16: (23, 22)
		arc #17: (7, 23)
		arc #18: (23, 7)
		arc #19: (8, 9)
		arc #20: (24, 23)
		arc #21: (9, 10)
		arc #22: (25, 24)
		arc #23: (10, 11)
		arc #24: (26, 25)
		arc #25: (11, 12)
		arc #26: (27, 26)
		arc #27: (12, 13)
		arc #28: (28, 27)
		arc #29: (13, 14)
		arc #30: (29, 28)
		arc #31: (14, 15)
		arc #32: (30, 29)
		arc #33: (31, 30)
		arc #34: (15, 31)
		arc #35: (31, 15)

	reverse arcs: 
		arc #1: (0, 16)
		arc #2: (16, 0)
		arc #17: (7, 23)
		arc #18: (23, 7)
		arc #34: (15, 31)
		arc #35: (31, 15)


incompatible points...
	(0, 1, 18, (1, 2))	(18, 17, 0, (17, 16))	(2, 5, 22, (5, 6))	(22, 19, 2, (19, 18))	(6, 6, 23, (6, 7))	(23, 23, 6, (23, 22))	(7, 7, 24, (7, 8))	(24, 24, 7, (24, 23))	(8, 9, 26, (9, 10))	(26, 25, 8, (25, 24))	(10, 11, 28, (11, 12))	(28, 27, 10, (27, 26))	(12, 14, 31, (14, 15))	(31, 29, 12, (29, 28))

number of routes = 8
vertices of routes...
	route #0: 0     1     2     3     4     5     6     7
	route #1: 23    22    21    20    19    18    17    16
	route #2: 7     8     9    10    11    12    13    14    15
	route #3: 31    30    29    28    27    26    25    24    23
	route #4: 7     8     9    10    11    12    13    14    15    31    30    29    28    27    26    25    24    23    22    21    20    19    18    17    16     0     1     2     3     4     5     6     7
	route #5: 23    22    21    20    19    18    17    16     0     1     2     3     4     5     6     7     8     9    10    11    12    13    14    15    31    30    29    28    27    26    25    24    23
	route #6: 0     1     2     3     4     5     6     7     8     9    10    11    12    13    14    15    31    30    29    28    27    26    25    24    23    22    21    20    19    18    17    16     0
	route #7: 31    30    29    28    27    26    25    24    23    22    21    20    19    18    17    16     0     1     2     3     4     5     6     7     8     9    10    11    12    13    14    15    31
arcs of routes...
	route #0: 0     3     5     7     9    11    13
	route #1: 16    14    12    10     8     6     4
	route #2: 15    19    21    23    25    27    29    31
	route #3: 33    32    30    28    26    24    22    20
	route #4: 15    19    21    23    25    27    29    31    34    33    32    30    28    26    24    22    20    16    14    12    10     8     6     4     2     0     3     5     7     9    11    13
	route #5: 16    14    12    10     8     6     4     2     0     3     5     7     9    11    13    15    19    21    23    25    27    29    31    34    33    32    30    28    26    24    22    20
	route #6: 0     3     5     7     9    11    13    15    19    21    23    25    27    29    31    34    33    32    30    28    26    24    22    20    16    14    12    10     8     6     4     2
	route #7: 33    32    30    28    26    24    22    20    16    14    12    10     8     6     4     2     0     3     5     7     9    11    13    15    19    21    23    25    27    29    31    34

incompatible routes...
	(0, 0)    	(0, 3)    	(0, 6)    	(0, 7)    	(1, 1)    	(1, 2)    	(1, 3)    	(1, 4)    	(1, 5)    	(1, 7)    	(2, 0)    	(2, 1)    	(2, 2)    	(2, 4)    	(2, 5)    	(2, 6)    	(3, 0)    	(3, 3)    	(3, 6)    	(3, 7)    	(4, 0)    	(4, 3)    	(4, 6)    	(4, 7)    	(5, 0)    	(5, 3)    	(5, 6)    	(5, 7)    	(6, 1)    	(6, 2)    	(6, 3)    	(6, 4)    	(6, 5)    	(6, 7)    	(7, 0)    	(7, 1)    	(7, 2)    	(7, 4)    	(7, 5)    	(7, 6)

vertices that can be adjacent in consecutive trips...
	(0, 0)    	(7, 7)    	(7, 23)    	(15, 31)    	(16, 0)    	(23, 7)    	(23, 23)    	(31, 31)
non cyclical routes: 
       0       1       2       3

routes of trip...
	routes that train #0 can complete at trip #0: 1       2       4       5
	routes that train #0 can complete at trip #1: 0       1       2       3       4       5       6       7
	routes that train #0 can complete at trip #2: 0       1       2       3       4       5       6       7
	routes that train #0 can complete at trip #3: 0       1       2       3       4       5       6       7
	routes that train #0 can complete at trip #4: 0       1       2       3       4       5       6       7
	routes that train #0 can complete at trip #5: 0       1       2       3       4       5       6       7
	routes that train #0 can complete at trip #6: 0       1       2       3       4       5       6       7

	routes that train #1 can complete at trip #0: 1       2       4       5
	routes that train #1 can complete at trip #1: 0       1       2       3       4       5       6       7
	routes that train #1 can complete at trip #2: 0       1       2       3       4       5       6       7
	routes that train #1 can complete at trip #3: 0       1       2       3       4       5       6       7
	routes that train #1 can complete at trip #4: 0       1       2       3       4       5       6       7
	routes that train #1 can complete at trip #5: 0       1       2       3       4       5       6       7

	routes that train #2 can complete at trip #0: 1       2       4       5
	routes that train #2 can complete at trip #1: 0       1       2       3       4       5       6       7
	routes that train #2 can complete at trip #2: 0       1       2       3       4       5       6       7

 cost...
	arc #0 [0][1]: 240
	arc #1 [0][16]: 0
	arc #2 [16][0]: 0
	arc #3 [1][2]: 120
	arc #4 [17][16]: 240
	arc #5 [2][3]: 240
	arc #6 [18][17]: 120
	arc #7 [3][4]: 180
	arc #8 [19][18]: 240
	arc #9 [4][5]: 180
	arc #10 [20][19]: 180
	arc #11 [5][6]: 40
	arc #12 [21][20]: 180
	arc #13 [6][7]: 180
	arc #14 [22][21]: 40
	arc #15 [7][8]: 360
	arc #16 [23][22]: 180
	arc #17 [7][23]: 0
	arc #18 [23][7]: 0
	arc #19 [8][9]: 300
	arc #20 [24][23]: 360
	arc #21 [9][10]: 240
	arc #22 [25][24]: 300
	arc #23 [10][11]: 120
	arc #24 [26][25]: 240
	arc #25 [11][12]: 240
	arc #26 [27][26]: 120
	arc #27 [12][13]: 180
	arc #28 [28][27]: 240
	arc #29 [13][14]: 120
	arc #30 [29][28]: 180
	arc #31 [14][15]: 180
	arc #32 [30][29]: 120
	arc #33 [31][30]: 180
	arc #34 [15][31]: 0
	arc #35 [31][15]: 0

cost with minimum service...
	arc #0 [0][1]: 300
	arc #1 [0][16]: 0
	arc #2 [16][0]: 0
	arc #3 [1][2]: 160
	arc #4 [17][16]: 360
	arc #5 [2][3]: 300
	arc #6 [18][17]: 180
	arc #7 [3][4]: 240
	arc #8 [19][18]: 280
	arc #9 [4][5]: 240
	arc #10 [20][19]: 240
	arc #11 [5][6]: 80
	arc #12 [21][20]: 240
	arc #13 [6][7]: 300
	arc #14 [22][21]: 100
	arc #15 [7][8]: 420
	arc #16 [23][22]: 220
	arc #17 [7][23]: 0
	arc #18 [23][7]: 0
	arc #19 [8][9]: 360
	arc #20 [24][23]: 480
	arc #21 [9][10]: 280
	arc #22 [25][24]: 360
	arc #23 [10][11]: 180
	arc #24 [26][25]: 300
	arc #25 [11][12]: 300
	arc #26 [27][26]: 160
	arc #27 [12][13]: 240
	arc #28 [28][27]: 300
	arc #29 [13][14]: 180
	arc #30 [29][28]: 240
	arc #31 [14][15]: 300
	arc #32 [30][29]: 180
	arc #33 [31][30]: 240
	arc #34 [15][31]: 0
	arc #35 [31][15]: 0

cost with maximum service...
	arc #0 [0][1]: 840
	arc #1 [0][16]: 600
	arc #2 [16][0]: 600
	arc #3 [1][2]: 720
	arc #4 [17][16]: 840
	arc #5 [2][3]: 840
	arc #6 [18][17]: 720
	arc #7 [3][4]: 780
	arc #8 [19][18]: 840
	arc #9 [4][5]: 780
	arc #10 [20][19]: 780
	arc #11 [5][6]: 640
	arc #12 [21][20]: 780
	arc #13 [6][7]: 780
	arc #14 [22][21]: 640
	arc #15 [7][8]: 960
	arc #16 [23][22]: 780
	arc #17 [7][23]: 600
	arc #18 [23][7]: 600
	arc #19 [8][9]: 900
	arc #20 [24][23]: 960
	arc #21 [9][10]: 840
	arc #22 [25][24]: 900
	arc #23 [10][11]: 720
	arc #24 [26][25]: 840
	arc #25 [11][12]: 840
	arc #26 [27][26]: 720
	arc #27 [12][13]: 780
	arc #28 [28][27]: 840
	arc #29 [13][14]: 720
	arc #30 [29][28]: 780
	arc #31 [14][15]: 780
	arc #32 [30][29]: 720
	arc #33 [31][30]: 780
	arc #34 [15][31]: 600
	arc #35 [31][15]: 600

demands...
	demands of vertex 0 at time interval: 11
	demands of vertex 1 at time interval: 11
	demands of vertex 2 at time interval: 0
	demands of vertex 3 at time interval: 11
	demands of vertex 4 at time interval: 11
	demands of vertex 5 at time interval: 11
	demands of vertex 6 at time interval: 0
	demands of vertex 7 at time interval: 11
	demands of vertex 8 at time interval: 0
	demands of vertex 9 at time interval: 11
	demands of vertex 10 at time interval: 0
	demands of vertex 11 at time interval: 11
	demands of vertex 12 at time interval: 0
	demands of vertex 13 at time interval: 11
	demands of vertex 14 at time interval: 11
	demands of vertex 15 at time interval: 0
	demands of vertex 16 at time interval: 0
	demands of vertex 17 at time interval: 11
	demands of vertex 18 at time interval: 0
	demands of vertex 19 at time interval: 11
	demands of vertex 20 at time interval: 11
	demands of vertex 21 at time interval: 11
	demands of vertex 22 at time interval: 0
	demands of vertex 23 at time interval: 11
	demands of vertex 24 at time interval: 0
	demands of vertex 25 at time interval: 11
	demands of vertex 26 at time interval: 0
	demands of vertex 27 at time interval: 11
	demands of vertex 28 at time interval: 0
	demands of vertex 29 at time interval: 11
	demands of vertex 30 at time interval: 11
	demands of vertex 31 at time interval: 11

maximum time = 51540
alpha = 180

Selecting set of cyclical routes...

Selecting set of initial routes...

Creating initial set of candidate combinations...
Solving candidate combinations...

1/216 candidate combination(s) tested! (Thread 0)
Found new best - 2/216 candidate combination(s) tested! (Thread 0)
Found new best - 3/216 candidate combination(s) tested! (Thread 0)
4/216 candidate combination(s) tested! (Thread 0)
5/216 candidate combination(s) tested! (Thread 0)
6/216 candidate combination(s) tested! (Thread 0)
7/216 candidate combination(s) tested! (Thread 0)
8/216 candidate combination(s) tested! (Thread 0)
9/216 candidate combination(s) tested! (Thread 0)
10/216 candidate combination(s) tested! (Thread 0)
11/216 candidate combination(s) tested! (Thread 0)
12/216 candidate combination(s) tested! (Thread 0)
13/216 candidate combination(s) tested! (Thread 0)
14/216 candidate combination(s) tested! (Thread 0)
15/216 candidate combination(s) tested! (Thread 0)
16/216 candidate combination(s) tested! (Thread 0)
17/216 candidate combination(s) tested! (Thread 0)
18/216 candidate combination(s) tested! (Thread 0)
19/216 candidate combination(s) tested! (Thread 0)
20/216 candidate combination(s) tested! (Thread 0)
21/216 candidate combination(s) tested! (Thread 0)
22/216 candidate combination(s) tested! (Thread 0)
23/216 candidate combination(s) tested! (Thread 0)
24/216 candidate combination(s) tested! (Thread 0)
25/216 candidate combination(s) tested! (Thread 0)
26/216 candidate combination(s) tested! (Thread 0)
27/216 candidate combination(s) tested! (Thread 0)
28/216 candidate combination(s) tested! (Thread 0)
29/216 candidate combination(s) tested! (Thread 0)
30/216 candidate combination(s) tested! (Thread 0)
31/216 candidate combination(s) tested! (Thread 0)
32/216 candidate combination(s) tested! (Thread 0)
33/216 candidate combination(s) tested! (Thread 0)
34/216 candidate combination(s) tested! (Thread 0)
35/216 candidate combination(s) tested! (Thread 0)
36/216 candidate combination(s) tested! (Thread 0)
37/216 candidate combination(s) tested! (Thread 0)
38/216 candidate combination(s) tested! (Thread 0)
39/216 candidate combination(s) tested! (Thread 0)
40/216 candidate combination(s) tested! (Thread 0)
41/216 candidate combination(s) tested! (Thread 0)
42/216 candidate combination(s) tested! (Thread 0)
43/216 candidate combination(s) tested! (Thread 0)
44/216 candidate combination(s) tested! (Thread 0)
45/216 candidate combination(s) tested! (Thread 0)
46/216 candidate combination(s) tested! (Thread 0)
47/216 candidate combination(s) tested! (Thread 0)
48/216 candidate combination(s) tested! (Thread 0)
49/216 candidate combination(s) tested! (Thread 0)
50/216 candidate combination(s) tested! (Thread 0)
51/216 candidate combination(s) tested! (Thread 0)
52/216 candidate combination(s) tested! (Thread 0)
53/216 candidate combination(s) tested! (Thread 0)
54/216 candidate combination(s) tested! (Thread 0)
55/216 candidate combination(s) tested! (Thread 0)
56/216 candidate combination(s) tested! (Thread 0)
57/216 candidate combination(s) tested! (Thread 0)
58/216 candidate combination(s) tested! (Thread 0)
59/216 candidate combination(s) tested! (Thread 0)
60/216 candidate combination(s) tested! (Thread 0)
61/216 candidate combination(s) tested! (Thread 0)
62/216 candidate combination(s) tested! (Thread 0)
63/216 candidate combination(s) tested! (Thread 0)
64/216 candidate combination(s) tested! (Thread 0)
65/216 candidate combination(s) tested! (Thread 0)
66/216 candidate combination(s) tested! (Thread 0)
67/216 candidate combination(s) tested! (Thread 0)
68/216 candidate combination(s) tested! (Thread 0)
69/216 candidate combination(s) tested! (Thread 0)
70/216 candidate combination(s) tested! (Thread 0)
71/216 candidate combination(s) tested! (Thread 0)
72/216 candidate combination(s) tested! (Thread 0)
73/216 candidate combination(s) tested! (Thread 0)
74/216 candidate combination(s) tested! (Thread 0)
75/216 candidate combination(s) tested! (Thread 0)
76/216 candidate combination(s) tested! (Thread 0)
77/216 candidate combination(s) tested! (Thread 0)
78/216 candidate combination(s) tested! (Thread 0)
79/216 candidate combination(s) tested! (Thread 0)
80/216 candidate combination(s) tested! (Thread 0)
81/216 candidate combination(s) tested! (Thread 0)
82/216 candidate combination(s) tested! (Thread 0)
83/216 candidate combination(s) tested! (Thread 0)
84/216 candidate combination(s) tested! (Thread 0)
85/216 candidate combination(s) tested! (Thread 0)
86/216 candidate combination(s) tested! (Thread 0)
87/216 candidate combination(s) tested! (Thread 0)
88/216 candidate combination(s) tested! (Thread 0)
89/216 candidate combination(s) tested! (Thread 0)
90/216 candidate combination(s) tested! (Thread 0)
91/216 candidate combination(s) tested! (Thread 0)
92/216 candidate combination(s) tested! (Thread 0)
93/216 candidate combination(s) tested! (Thread 0)
94/216 candidate combination(s) tested! (Thread 0)
95/216 candidate combination(s) tested! (Thread 0)
96/216 candidate combination(s) tested! (Thread 0)
97/216 candidate combination(s) tested! (Thread 0)
98/216 candidate combination(s) tested! (Thread 0)
99/216 candidate combination(s) tested! (Thread 0)
100/216 candidate combination(s) tested! (Thread 0)
101/216 candidate combination(s) tested! (Thread 0)
102/216 candidate combination(s) tested! (Thread 0)
103/216 candidate combination(s) tested! (Thread 0)
104/216 candidate combination(s) tested! (Thread 0)
105/216 candidate combination(s) tested! (Thread 0)
106/216 candidate combination(s) tested! (Thread 0)
107/216 candidate combination(s) tested! (Thread 0)
108/216 candidate combination(s) tested! (Thread 0)
109/216 candidate combination(s) tested! (Thread 0)
110/216 candidate combination(s) tested! (Thread 0)
111/216 candidate combination(s) tested! (Thread 0)
112/216 candidate combination(s) tested! (Thread 0)
113/216 candidate combination(s) tested! (Thread 0)
114/216 candidate combination(s) tested! (Thread 0)
115/216 candidate combination(s) tested! (Thread 0)
116/216 candidate combination(s) tested! (Thread 0)
117/216 candidate combination(s) tested! (Thread 0)
118/216 candidate combination(s) tested! (Thread 0)
119/216 candidate combination(s) tested! (Thread 0)
120/216 candidate combination(s) tested! (Thread 0)
121/216 candidate combination(s) tested! (Thread 0)
122/216 candidate combination(s) tested! (Thread 0)
123/216 candidate combination(s) tested! (Thread 0)
124/216 candidate combination(s) tested! (Thread 0)
125/216 candidate combination(s) tested! (Thread 0)
126/216 candidate combination(s) tested! (Thread 0)
127/216 candidate combination(s) tested! (Thread 0)
128/216 candidate combination(s) tested! (Thread 0)
129/216 candidate combination(s) tested! (Thread 0)
130/216 candidate combination(s) tested! (Thread 0)
131/216 candidate combination(s) tested! (Thread 0)
132/216 candidate combination(s) tested! (Thread 0)
133/216 candidate combination(s) tested! (Thread 0)
134/216 candidate combination(s) tested! (Thread 0)
135/216 candidate combination(s) tested! (Thread 0)
136/216 candidate combination(s) tested! (Thread 0)
137/216 candidate combination(s) tested! (Thread 0)
138/216 candidate combination(s) tested! (Thread 0)
139/216 candidate combination(s) tested! (Thread 0)
140/216 candidate combination(s) tested! (Thread 0)
141/216 candidate combination(s) tested! (Thread 0)
142/216 candidate combination(s) tested! (Thread 0)
143/216 candidate combination(s) tested! (Thread 0)
144/216 candidate combination(s) tested! (Thread 0)
145/216 candidate combination(s) tested! (Thread 0)
146/216 candidate combination(s) tested! (Thread 0)
147/216 candidate combination(s) tested! (Thread 0)
148/216 candidate combination(s) tested! (Thread 0)
149/216 candidate combination(s) tested! (Thread 0)
150/216 candidate combination(s) tested! (Thread 0)
151/216 candidate combination(s) tested! (Thread 0)
152/216 candidate combination(s) tested! (Thread 0)
153/216 candidate combination(s) tested! (Thread 0)
154/216 candidate combination(s) tested! (Thread 0)
155/216 candidate combination(s) tested! (Thread 0)
156/216 candidate combination(s) tested! (Thread 0)
157/216 candidate combination(s) tested! (Thread 0)
158/216 candidate combination(s) tested! (Thread 0)
159/216 candidate combination(s) tested! (Thread 0)
160/216 candidate combination(s) tested! (Thread 0)
161/216 candidate combination(s) tested! (Thread 0)
162/216 candidate combination(s) tested! (Thread 0)
163/216 candidate combination(s) tested! (Thread 0)
164/216 candidate combination(s) tested! (Thread 0)
165/216 candidate combination(s) tested! (Thread 0)
166/216 candidate combination(s) tested! (Thread 0)
167/216 candidate combination(s) tested! (Thread 0)
168/216 candidate combination(s) tested! (Thread 0)
169/216 candidate combination(s) tested! (Thread 0)
170/216 candidate combination(s) tested! (Thread 0)
171/216 candidate combination(s) tested! (Thread 0)
172/216 candidate combination(s) tested! (Thread 0)
173/216 candidate combination(s) tested! (Thread 0)
174/216 candidate combination(s) tested! (Thread 0)
175/216 candidate combination(s) tested! (Thread 0)
176/216 candidate combination(s) tested! (Thread 0)
177/216 candidate combination(s) tested! (Thread 0)
178/216 candidate combination(s) tested! (Thread 0)
179/216 candidate combination(s) tested! (Thread 0)
180/216 candidate combination(s) tested! (Thread 0)
181/216 candidate combination(s) tested! (Thread 0)
182/216 candidate combination(s) tested! (Thread 0)
183/216 candidate combination(s) tested! (Thread 0)
184/216 candidate combination(s) tested! (Thread 0)
185/216 candidate combination(s) tested! (Thread 0)
186/216 candidate combination(s) tested! (Thread 0)
187/216 candidate combination(s) tested! (Thread 0)
188/216 candidate combination(s) tested! (Thread 0)
189/216 candidate combination(s) tested! (Thread 0)
190/216 candidate combination(s) tested! (Thread 0)
191/216 candidate combination(s) tested! (Thread 0)
192/216 candidate combination(s) tested! (Thread 0)
193/216 candidate combination(s) tested! (Thread 0)
194/216 candidate combination(s) tested! (Thread 0)
195/216 candidate combination(s) tested! (Thread 0)
196/216 candidate combination(s) tested! (Thread 0)
197/216 candidate combination(s) tested! (Thread 0)
198/216 candidate combination(s) tested! (Thread 0)
199/216 candidate combination(s) tested! (Thread 0)
200/216 candidate combination(s) tested! (Thread 0)
201/216 candidate combination(s) tested! (Thread 0)
202/216 candidate combination(s) tested! (Thread 0)
203/216 candidate combination(s) tested! (Thread 0)
204/216 candidate combination(s) tested! (Thread 0)
205/216 candidate combination(s) tested! (Thread 0)
206/216 candidate combination(s) tested! (Thread 0)
207/216 candidate combination(s) tested! (Thread 0)
208/216 candidate combination(s) tested! (Thread 0)
209/216 candidate combination(s) tested! (Thread 0)
210/216 candidate combination(s) tested! (Thread 0)
211/216 candidate combination(s) tested! (Thread 0)
212/216 candidate combination(s) tested! (Thread 0)
213/216 candidate combination(s) tested! (Thread 0)
214/216 candidate combination(s) tested! (Thread 0)
215/216 candidate combination(s) tested! (Thread 0)
216/216 candidate combination(s) tested! (Thread 0)

Removing trips...

Solving candidate combinations...

Found new best - 1/3 candidate combination(s) tested! (Thread 0)
2/3 candidate combination(s) tested! (Thread 0)
Found new best - 3/3 candidate combination(s) tested! (Thread 0)

Removing trips...

Solving candidate combinations...

Found new best - 1/2 candidate combination(s) tested! (Thread 0)
2/2 candidate combination(s) tested! (Thread 0)

Removing trips...

Terminating loop at iteration 3

Relaxing trips, so the model can make changes...

>> Printing some results...
    -> Solution value = 33319 - 09:15:19
    -> Total time = 2069.45

=============
Train 0
=============
> Trip 0
   23(time 0 - 00:00:00)(time 180 - 00:03:00) ->    22(time 220 - 00:03:40)(time 260 - 00:04:20) ->    21(time 320 - 00:05:20)(time 500 - 00:08:20) ->    20(time 560 - 00:09:20)(time 740 - 00:12:20) ->    19(time 800 - 00:13:20)(time 1040 - 00:17:20) ->    18(time 1080 - 00:18:00)(time 1200 - 00:20:00) ->    17(time 1260 - 00:21:00)(time 1500 - 00:25:00) -> 16
> Trip 1
   0(time 1680 - 00:28:00)(time 1920 - 00:32:00) ->    1(time 1980 - 00:33:00)(time 2100 - 00:35:00) ->    2(time 2140 - 00:35:40)(time 2380 - 00:39:40) ->    3(time 2440 - 00:40:40)(time 2620 - 00:43:40) ->    4(time 2680 - 00:44:40)(time 2860 - 00:47:40) ->    5(time 2920 - 00:48:40)(time 2960 - 00:49:20) ->    6(time 3000 - 00:50:00)(time 3180 - 00:53:00) ->    7(time 3300 - 00:55:00)(time 3660 - 01:01:00) ->    8(time 3720 - 01:02:00)(time 4020 - 01:07:00) ->    9(time 4080 - 01:08:00)(time 4320 - 01:12:00) ->    10(time 4360 - 01:12:40)(time 4480 - 01:14:40) ->    11(time 4540 - 01:15:40)(time 4780 - 01:19:40) ->    12(time 4840 - 01:20:40)(time 5020 - 01:23:40) ->    13(time 5080 - 01:24:40)(time 5200 - 01:26:40) ->    14(time 5260 - 01:27:40)(time 5440 - 01:30:40) ->    15(time 5560 - 01:32:40)(time 5560 - 01:32:40) ->    31(time 5620 - 01:33:40)(time 5800 - 01:36:40) ->    30(time 5860 - 01:37:40)(time 5980 - 01:39:40) ->    29(time 6040 - 01:40:40)(time 6220 - 01:43:40) ->    28(time 6280 - 01:44:40)(time 6520 - 01:48:40) ->    27(time 6580 - 01:49:40)(time 6700 - 01:51:40) ->    26(time 6740 - 01:52:20)(time 6980 - 01:56:20) ->    25(time 7040 - 01:57:20)(time 7340 - 02:02:20) ->    24(time 7400 - 02:03:20)(time 7760 - 02:09:20) ->    23(time 7880 - 02:11:20)(time 8060 - 02:14:20) ->    22(time 8100 - 02:15:00)(time 8140 - 02:15:40) ->    21(time 8200 - 02:16:40)(time 8380 - 02:19:40) ->    20(time 8440 - 02:20:40)(time 8620 - 02:23:40) ->    19(time 8680 - 02:24:40)(time 8920 - 02:28:40) ->    18(time 8960 - 02:29:20)(time 9080 - 02:31:20) ->    17(time 9140 - 02:32:20)(time 9380 - 02:36:20) ->    16(time 9500 - 02:38:20)(time 9500 - 02:38:20) -> 0
> Trip 2
   0(time 9560 - 02:39:20)(time 9800 - 02:43:20) ->    1(time 9860 - 02:44:20)(time 9980 - 02:46:20) ->    2(time 10020 - 02:47:00)(time 10260 - 02:51:00) ->    3(time 10320 - 02:52:00)(time 10500 - 02:55:00) ->    4(time 10560 - 02:56:00)(time 10740 - 02:59:00) ->    5(time 10800 - 03:00:00)(time 10840 - 03:00:40) ->    6(time 10880 - 03:01:20)(time 11060 - 03:04:20) ->    7(time 11180 - 03:06:20)(time 11540 - 03:12:20) ->    8(time 11600 - 03:13:20)(time 11900 - 03:18:20) ->    9(time 11960 - 03:19:20)(time 12200 - 03:23:20) ->    10(time 12240 - 03:24:00)(time 12360 - 03:26:00) ->    11(time 12420 - 03:27:00)(time 12660 - 03:31:00) ->    12(time 12720 - 03:32:00)(time 12900 - 03:35:00) ->    13(time 12960 - 03:36:00)(time 13080 - 03:38:00) ->    14(time 13140 - 03:39:00)(time 13320 - 03:42:00) ->    15(time 13440 - 03:44:00)(time 13440 - 03:44:00) ->    31(time 13500 - 03:45:00)(time 13680 - 03:48:00) ->    30(time 13740 - 03:49:00)(time 13860 - 03:51:00) ->    29(time 13920 - 03:52:00)(time 14100 - 03:55:00) ->    28(time 14160 - 03:56:00)(time 14400 - 04:00:00) ->    27(time 14460 - 04:01:00)(time 14580 - 04:03:00) ->    26(time 14620 - 04:03:40)(time 14860 - 04:07:40) ->    25(time 14920 - 04:08:40)(time 15220 - 04:13:40) ->    24(time 15280 - 04:14:40)(time 15640 - 04:20:40) ->    23(time 15760 - 04:22:40)(time 15940 - 04:25:40) ->    22(time 15980 - 04:26:20)(time 16020 - 04:27:00) ->    21(time 16080 - 04:28:00)(time 16260 - 04:31:00) ->    20(time 16320 - 04:32:00)(time 16500 - 04:35:00) ->    19(time 16560 - 04:36:00)(time 16800 - 04:40:00) ->    18(time 16840 - 04:40:40)(time 16960 - 04:42:40) ->    17(time 17020 - 04:43:40)(time 17260 - 04:47:40) ->    16(time 17380 - 04:49:40)(time 17380 - 04:49:40) -> 0
> Trip 3
   0(time 17440 - 04:50:40)(time 17680 - 04:54:40) ->    1(time 17740 - 04:55:40)(time 17860 - 04:57:40) ->    2(time 17900 - 04:58:20)(time 18140 - 05:02:20) ->    3(time 18200 - 05:03:20)(time 18380 - 05:06:20) ->    4(time 18440 - 05:07:20)(time 18620 - 05:10:20) ->    5(time 18680 - 05:11:20)(time 18720 - 05:12:00) ->    6(time 18760 - 05:12:40)(time 18940 - 05:15:40) ->    7(time 19060 - 05:17:40)(time 19420 - 05:23:40) ->    8(time 19480 - 05:24:40)(time 19780 - 05:29:40) ->    9(time 19840 - 05:30:40)(time 20080 - 05:34:40) ->    10(time 20120 - 05:35:20)(time 20240 - 05:37:20) ->    11(time 20300 - 05:38:20)(time 20540 - 05:42:20) ->    12(time 20600 - 05:43:20)(time 20780 - 05:46:20) ->    13(time 20840 - 05:47:20)(time 20960 - 05:49:20) ->    14(time 21020 - 05:50:20)(time 21200 - 05:53:20) ->    15(time 21320 - 05:55:20)(time 21320 - 05:55:20) ->    31(time 21380 - 05:56:20)(time 21560 - 05:59:20) ->    30(time 21620 - 06:00:20)(time 21740 - 06:02:20) ->    29(time 21800 - 06:03:20)(time 21980 - 06:06:20) ->    28(time 22040 - 06:07:20)(time 22280 - 06:11:20) ->    27(time 22340 - 06:12:20)(time 22460 - 06:14:20) ->    26(time 22500 - 06:15:00)(time 22740 - 06:19:00) ->    25(time 22800 - 06:20:00)(time 23100 - 06:25:00) ->    24(time 23160 - 06:26:00)(time 23520 - 06:32:00) ->    23(time 23640 - 06:34:00)(time 23820 - 06:37:00) ->    22(time 23860 - 06:37:40)(time 23900 - 06:38:20) ->    21(time 23960 - 06:39:20)(time 24140 - 06:42:20) ->    20(time 24200 - 06:43:20)(time 24380 - 06:46:20) ->    19(time 24440 - 06:47:20)(time 24680 - 06:51:20) ->    18(time 24720 - 06:52:00)(time 24840 - 06:54:00) ->    17(time 24900 - 06:55:00)(time 25140 - 06:59:00) ->    16(time 25260 - 07:01:00)(time 25260 - 07:01:00) -> 0
> Trip 4
   0(time 25320 - 07:02:00)(time 25560 - 07:06:00) ->    1(time 25620 - 07:07:00)(time 25740 - 07:09:00) ->    2(time 25780 - 07:09:40)(time 26020 - 07:13:40) ->    3(time 26080 - 07:14:40)(time 26260 - 07:17:40) ->    4(time 26320 - 07:18:40)(time 26500 - 07:21:40) ->    5(time 26560 - 07:22:40)(time 26600 - 07:23:20) ->    6(time 26640 - 07:24:00)(time 26820 - 07:27:00) ->    7(time 26940 - 07:29:00)(time 27300 - 07:35:00) ->    8(time 27360 - 07:36:00)(time 27660 - 07:41:00) ->    9(time 27720 - 07:42:00)(time 27960 - 07:46:00) ->    10(time 28000 - 07:46:40)(time 28120 - 07:48:40) ->    11(time 28180 - 07:49:40)(time 28420 - 07:53:40) ->    12(time 28480 - 07:54:40)(time 28660 - 07:57:40) ->    13(time 28720 - 07:58:40)(time 28840 - 08:00:40) ->    14(time 28900 - 08:01:40)(time 29080 - 08:04:40) ->    15(time 29260 - 08:07:40)(time 29260 - 08:07:40) ->    31(time 29260 - 08:07:40)(time 29440 - 08:10:40) ->    30(time 29500 - 08:11:40)(time 29620 - 08:13:40) ->    29(time 29680 - 08:14:40)(time 29860 - 08:17:40) ->    28(time 29920 - 08:18:40)(time 30160 - 08:22:40) ->    27(time 30220 - 08:23:40)(time 30340 - 08:25:40) ->    26(time 30380 - 08:26:20)(time 30620 - 08:30:20) ->    25(time 30680 - 08:31:20)(time 30980 - 08:36:20) ->    24(time 31040 - 08:37:20)(time 31400 - 08:43:20) ->    23(time 31520 - 08:45:20)(time 31700 - 08:48:20) ->    22(time 31740 - 08:49:00)(time 31780 - 08:49:40) ->    21(time 31840 - 08:50:40)(time 32020 - 08:53:40) ->    20(time 32080 - 08:54:40)(time 32260 - 08:57:40) ->    19(time 32320 - 08:58:40)(time 32560 - 09:02:40) ->    18(time 32600 - 09:03:20)(time 32720 - 09:05:20) ->    17(time 32780 - 09:06:20)(time 33020 - 09:10:20) ->    16(time 33140 - 09:12:20)(time 33140 - 09:12:20) -> 0
=============
Train 1
=============
> Trip 0
   23(time 179 - 00:02:59)(time 359 - 00:05:59) ->    22(time 400 - 00:06:40)(time 440 - 00:07:20) ->    21(time 500 - 00:08:20)(time 680 - 00:11:20) ->    20(time 740 - 00:12:20)(time 920 - 00:15:20) ->    19(time 980 - 00:16:20)(time 1220 - 00:20:20) ->    18(time 1260 - 00:21:00)(time 1380 - 00:23:00) ->    17(time 1440 - 00:24:00)(time 1680 - 00:28:00) -> 16
> Trip 1
   0(time 1860 - 00:31:00)(time 2100 - 00:35:00) ->    1(time 2160 - 00:36:00)(time 2280 - 00:38:00) ->    2(time 2320 - 00:38:40)(time 2560 - 00:42:40) ->    3(time 2620 - 00:43:40)(time 2800 - 00:46:40) ->    4(time 2860 - 00:47:40)(time 3040 - 00:50:40) ->    5(time 3100 - 00:51:40)(time 3140 - 00:52:20) ->    6(time 3180 - 00:53:00)(time 3360 - 00:56:00) ->    7(time 3480 - 00:58:00)(time 3840 - 01:04:00) ->    8(time 3900 - 01:05:00)(time 4200 - 01:10:00) ->    9(time 4260 - 01:11:00)(time 4500 - 01:15:00) ->    10(time 4540 - 01:15:40)(time 4660 - 01:17:40) ->    11(time 4720 - 01:18:40)(time 4960 - 01:22:40) ->    12(time 5020 - 01:23:40)(time 5200 - 01:26:40) ->    13(time 5260 - 01:27:40)(time 5380 - 01:29:40) ->    14(time 5440 - 01:30:40)(time 5620 - 01:33:40) ->    15(time 5740 - 01:35:40)(time 5740 - 01:35:40) ->    31(time 5800 - 01:36:40)(time 5980 - 01:39:40) ->    30(time 6040 - 01:40:40)(time 6160 - 01:42:40) ->    29(time 6220 - 01:43:40)(time 6400 - 01:46:40) ->    28(time 6460 - 01:47:40)(time 6700 - 01:51:40) ->    27(time 6760 - 01:52:40)(time 6880 - 01:54:40) ->    26(time 6920 - 01:55:20)(time 7160 - 01:59:20) ->    25(time 7220 - 02:00:20)(time 7520 - 02:05:20) ->    24(time 7580 - 02:06:20)(time 7940 - 02:12:20) ->    23(time 8060 - 02:14:20)(time 8240 - 02:17:20) ->    22(time 8280 - 02:18:00)(time 8320 - 02:18:40) ->    21(time 8380 - 02:19:40)(time 8560 - 02:22:40) ->    20(time 8620 - 02:23:40)(time 8800 - 02:26:40) ->    19(time 8860 - 02:27:40)(time 9100 - 02:31:40) ->    18(time 9140 - 02:32:20)(time 9260 - 02:34:20) ->    17(time 9320 - 02:35:20)(time 9560 - 02:39:20) ->    16(time 9680 - 02:41:20)(time 9680 - 02:41:20) -> 0
> Trip 2
   0(time 9740 - 02:42:20)(time 9980 - 02:46:20) ->    1(time 10040 - 02:47:20)(time 10160 - 02:49:20) ->    2(time 10200 - 02:50:00)(time 10440 - 02:54:00) ->    3(time 10500 - 02:55:00)(time 10680 - 02:58:00) ->    4(time 10740 - 02:59:00)(time 10920 - 03:02:00) ->    5(time 10980 - 03:03:00)(time 11020 - 03:03:40) ->    6(time 11060 - 03:04:20)(time 11240 - 03:07:20) ->    7(time 11360 - 03:09:20)(time 11720 - 03:15:20) ->    8(time 11780 - 03:16:20)(time 12080 - 03:21:20) ->    9(time 12140 - 03:22:20)(time 12380 - 03:26:20) ->    10(time 12420 - 03:27:00)(time 12540 - 03:29:00) ->    11(time 12600 - 03:30:00)(time 12840 - 03:34:00) ->    12(time 12900 - 03:35:00)(time 13080 - 03:38:00) ->    13(time 13140 - 03:39:00)(time 13260 - 03:41:00) ->    14(time 13320 - 03:42:00)(time 13500 - 03:45:00) ->    15(time 13620 - 03:47:00)(time 13620 - 03:47:00) ->    31(time 13680 - 03:48:00)(time 13860 - 03:51:00) ->    30(time 13920 - 03:52:00)(time 14040 - 03:54:00) ->    29(time 14100 - 03:55:00)(time 14280 - 03:58:00) ->    28(time 14340 - 03:59:00)(time 14580 - 04:03:00) ->    27(time 14640 - 04:04:00)(time 14760 - 04:06:00) ->    26(time 14800 - 04:06:40)(time 15040 - 04:10:40) ->    25(time 15100 - 04:11:40)(time 15400 - 04:16:40) ->    24(time 15460 - 04:17:40)(time 15820 - 04:23:40) ->    23(time 15940 - 04:25:40)(time 16120 - 04:28:40) ->    22(time 16160 - 04:29:20)(time 16200 - 04:30:00) ->    21(time 16260 - 04:31:00)(time 16440 - 04:34:00) ->    20(time 16500 - 04:35:00)(time 16680 - 04:38:00) ->    19(time 16740 - 04:39:00)(time 16980 - 04:43:00) ->    18(time 17020 - 04:43:40)(time 17140 - 04:45:40) ->    17(time 17200 - 04:46:40)(time 17440 - 04:50:40) ->    16(time 17560 - 04:52:40)(time 17560 - 04:52:40) -> 0
> Trip 3
   0(time 17620 - 04:53:40)(time 17860 - 04:57:40) ->    1(time 17920 - 04:58:40)(time 18040 - 05:00:40) ->    2(time 18080 - 05:01:20)(time 18320 - 05:05:20) ->    3(time 18380 - 05:06:20)(time 18560 - 05:09:20) ->    4(time 18620 - 05:10:20)(time 18800 - 05:13:20) ->    5(time 18860 - 05:14:20)(time 18900 - 05:15:00) ->    6(time 18940 - 05:15:40)(time 19120 - 05:18:40) ->    7(time 19240 - 05:20:40)(time 19600 - 05:26:40) ->    8(time 19660 - 05:27:40)(time 19960 - 05:32:40) ->    9(time 20020 - 05:33:40)(time 20260 - 05:37:40) ->    10(time 20300 - 05:38:20)(time 20420 - 05:40:20) ->    11(time 20480 - 05:41:20)(time 20720 - 05:45:20) ->    12(time 20780 - 05:46:20)(time 20960 - 05:49:20) ->    13(time 21020 - 05:50:20)(time 21140 - 05:52:20) ->    14(time 21200 - 05:53:20)(time 21380 - 05:56:20) ->    15(time 21500 - 05:58:20)(time 21500 - 05:58:20) ->    31(time 21560 - 05:59:20)(time 21740 - 06:02:20) ->    30(time 21800 - 06:03:20)(time 21920 - 06:05:20) ->    29(time 21980 - 06:06:20)(time 22160 - 06:09:20) ->    28(time 22220 - 06:10:20)(time 22460 - 06:14:20) ->    27(time 22520 - 06:15:20)(time 22640 - 06:17:20) ->    26(time 22680 - 06:18:00)(time 22920 - 06:22:00) ->    25(time 22980 - 06:23:00)(time 23280 - 06:28:00) ->    24(time 23340 - 06:29:00)(time 23700 - 06:35:00) ->    23(time 23820 - 06:37:00)(time 24000 - 06:40:00) ->    22(time 24040 - 06:40:40)(time 24080 - 06:41:20) ->    21(time 24140 - 06:42:20)(time 24320 - 06:45:20) ->    20(time 24380 - 06:46:20)(time 24560 - 06:49:20) ->    19(time 24620 - 06:50:20)(time 24860 - 06:54:20) ->    18(time 24900 - 06:55:00)(time 25020 - 06:57:00) ->    17(time 25080 - 06:58:00)(time 25320 - 07:02:00) ->    16(time 25440 - 07:04:00)(time 25440 - 07:04:00) -> 0
> Trip 4
   0(time 25500 - 07:05:00)(time 25740 - 07:09:00) ->    1(time 25800 - 07:10:00)(time 25920 - 07:12:00) ->    2(time 25960 - 07:12:40)(time 26200 - 07:16:40) ->    3(time 26260 - 07:17:40)(time 26440 - 07:20:40) ->    4(time 26500 - 07:21:40)(time 26680 - 07:24:40) ->    5(time 26740 - 07:25:40)(time 26780 - 07:26:20) ->    6(time 26820 - 07:27:00)(time 27000 - 07:30:00) ->    7(time 27120 - 07:32:00)(time 27480 - 07:38:00) ->    8(time 27540 - 07:39:00)(time 27840 - 07:44:00) ->    9(time 27900 - 07:45:00)(time 28140 - 07:49:00) ->    10(time 28180 - 07:49:40)(time 28300 - 07:51:40) ->    11(time 28360 - 07:52:40)(time 28600 - 07:56:40) ->    12(time 28660 - 07:57:40)(time 28840 - 08:00:40) ->    13(time 28900 - 08:01:40)(time 29020 - 08:03:40) ->    14(time 29080 - 08:04:40)(time 29260 - 08:07:40) ->    15(time 29440 - 08:10:40)(time 29440 - 08:10:40) ->    31(time 29440 - 08:10:40)(time 29620 - 08:13:40) ->    30(time 29680 - 08:14:40)(time 29800 - 08:16:40) ->    29(time 29860 - 08:17:40)(time 30040 - 08:20:40) ->    28(time 30100 - 08:21:40)(time 30340 - 08:25:40) ->    27(time 30400 - 08:26:40)(time 30520 - 08:28:40) ->    26(time 30560 - 08:29:20)(time 30800 - 08:33:20) ->    25(time 30860 - 08:34:20)(time 31160 - 08:39:20) ->    24(time 31220 - 08:40:20)(time 31580 - 08:46:20) ->    23(time 31700 - 08:48:20)(time 31880 - 08:51:20) ->    22(time 31920 - 08:52:00)(time 31960 - 08:52:40) ->    21(time 32020 - 08:53:40)(time 32200 - 08:56:40) ->    20(time 32260 - 08:57:40)(time 32440 - 09:00:40) ->    19(time 32500 - 09:01:40)(time 32740 - 09:05:40) ->    18(time 32780 - 09:06:20)(time 32900 - 09:08:20) ->    17(time 32960 - 09:09:20)(time 33200 - 09:13:20) ->    16(time 33320 - 09:15:20)(time 33320 - 09:15:20) -> 0
=============
Train 2
=============
> Trip 0
   7(time 0 - 00:00:00)(time 360 - 00:06:00) ->    8(time 420 - 00:07:00)(time 720 - 00:12:00) ->    9(time 780 - 00:13:00)(time 1020 - 00:17:00) ->    10(time 1060 - 00:17:40)(time 1180 - 00:19:40) ->    11(time 1240 - 00:20:40)(time 1480 - 00:24:40) ->    12(time 1540 - 00:25:40)(time 1720 - 00:28:40) ->    13(time 1780 - 00:29:40)(time 1900 - 00:31:40) ->    14(time 1960 - 00:32:40)(time 2140 - 00:35:40) ->    15(time 2260 - 00:37:40)(time 2260 - 00:37:40) ->    31(time 2260 - 00:37:40)(time 2440 - 00:40:40) ->    30(time 2500 - 00:41:40)(time 2620 - 00:43:40) ->    29(time 2680 - 00:44:40)(time 2860 - 00:47:40) ->    28(time 3460 - 00:57:40)(time 3700 - 01:01:40) ->    27(time 4240 - 01:10:40)(time 4360 - 01:12:40) ->    26(time 4960 - 01:22:40)(time 5200 - 01:26:40) ->    25(time 5260 - 01:27:40)(time 5560 - 01:32:40) ->    24(time 5620 - 01:33:40)(time 5980 - 01:39:40) ->    23(time 6100 - 01:41:40)(time 6280 - 01:44:40) ->    22(time 6320 - 01:45:20)(time 6360 - 01:46:00) ->    21(time 6420 - 01:47:00)(time 6600 - 01:50:00) ->    20(time 6660 - 01:51:00)(time 6840 - 01:54:00) ->    19(time 6900 - 01:55:00)(time 7140 - 01:59:00) ->    18(time 7180 - 01:59:40)(time 7300 - 02:01:40) ->    17(time 7360 - 02:02:40)(time 7600 - 02:06:40) ->    16(time 7720 - 02:08:40)(time 7720 - 02:08:40) ->    0(time 7720 - 02:08:40)(time 7960 - 02:12:40) ->    1(time 8560 - 02:22:40)(time 8680 - 02:24:40) ->    2(time 9100 - 02:31:40)(time 9340 - 02:35:40) ->    3(time 9400 - 02:36:40)(time 9580 - 02:39:40) ->    4(time 10180 - 02:49:40)(time 10360 - 02:52:40) ->    5(time 10420 - 02:53:40)(time 10460 - 02:54:20) ->    6(time 10700 - 02:58:20)(time 10880 - 03:01:20) -> 7
> Trip 1
   7(time 12680 - 03:31:20)(time 13040 - 03:37:20) ->    8(time 13100 - 03:38:20)(time 13400 - 03:43:20) ->    9(time 13460 - 03:44:20)(time 13700 - 03:48:20) ->    10(time 13740 - 03:49:00)(time 13860 - 03:51:00) ->    11(time 13920 - 03:52:00)(time 14160 - 03:56:00) ->    12(time 14760 - 04:06:00)(time 14940 - 04:09:00) ->    13(time 15000 - 04:10:00)(time 15120 - 04:12:00) ->    14(time 15180 - 04:13:00)(time 15360 - 04:16:00) ->    15(time 15480 - 04:18:00)(time 15480 - 04:18:00) ->    31(time 15480 - 04:18:00)(time 15660 - 04:21:00) ->    30(time 15720 - 04:22:00)(time 15840 - 04:24:00) ->    29(time 15900 - 04:25:00)(time 16080 - 04:28:00) ->    28(time 16140 - 04:29:00)(time 16380 - 04:33:00) ->    27(time 16440 - 04:34:00)(time 16560 - 04:36:00) ->    26(time 17160 - 04:46:00)(time 17400 - 04:50:00) ->    25(time 17460 - 04:51:00)(time 17760 - 04:56:00) ->    24(time 17820 - 04:57:00)(time 18180 - 05:03:00) ->    23(time 18300 - 05:05:00)(time 18480 - 05:08:00) ->    22(time 19080 - 05:18:00)(time 19120 - 05:18:40) ->    21(time 19180 - 05:19:40)(time 19360 - 05:22:40) ->    20(time 19420 - 05:23:40)(time 19600 - 05:26:40) ->    19(time 19660 - 05:27:40)(time 19900 - 05:31:40) ->    18(time 19940 - 05:32:20)(time 20060 - 05:34:20) ->    17(time 20120 - 05:35:20)(time 20360 - 05:39:20) ->    16(time 20480 - 05:41:20)(time 20480 - 05:41:20) ->    0(time 20480 - 05:41:20)(time 20720 - 05:45:20) ->    1(time 20780 - 05:46:20)(time 20900 - 05:48:20) ->    2(time 20940 - 05:49:00)(time 21180 - 05:53:00) ->    3(time 21240 - 05:54:00)(time 21420 - 05:57:00) ->    4(time 21480 - 05:58:00)(time 21660 - 06:01:00) ->    5(time 21720 - 06:02:00)(time 21760 - 06:02:40) ->    6(time 21800 - 06:03:20)(time 21980 - 06:06:20) -> 7
> Trip 2
   7(time 22800 - 06:20:00)(time 23160 - 06:26:00) ->    8(time 23760 - 06:36:00)(time 24060 - 06:41:00) ->    9(time 24160 - 06:42:40)(time 24400 - 06:46:40) ->    10(time 24440 - 06:47:20)(time 24560 - 06:49:20) ->    11(time 24620 - 06:50:20)(time 24860 - 06:54:20) ->    12(time 24920 - 06:55:20)(time 25100 - 06:58:20) ->    13(time 25160 - 06:59:20)(time 25280 - 07:01:20) ->    14(time 25340 - 07:02:20)(time 25520 - 07:05:20) ->    15(time 25640 - 07:07:20)(time 25640 - 07:07:20) ->    31(time 25640 - 07:07:20)(time 25820 - 07:10:20) ->    30(time 25880 - 07:11:20)(time 26000 - 07:13:20) ->    29(time 26060 - 07:14:20)(time 26240 - 07:17:20) ->    28(time 26300 - 07:18:20)(time 26540 - 07:22:20) ->    27(time 26600 - 07:23:20)(time 26720 - 07:25:20) ->    26(time 26760 - 07:26:00)(time 27000 - 07:30:00) ->    25(time 27060 - 07:31:00)(time 27360 - 07:36:00) ->    24(time 27480 - 07:38:00)(time 27840 - 07:44:00) ->    23(time 27960 - 07:46:00)(time 28140 - 07:49:00) ->    22(time 28180 - 07:49:40)(time 28220 - 07:50:20) ->    21(time 28280 - 07:51:20)(time 28460 - 07:54:20) ->    20(time 28520 - 07:55:20)(time 28700 - 07:58:20) ->    19(time 28760 - 07:59:20)(time 29000 - 08:03:20) ->    18(time 29040 - 08:04:00)(time 29160 - 08:06:00) ->    17(time 29220 - 08:07:00)(time 29460 - 08:11:00) ->    16(time 29580 - 08:13:00)(time 29580 - 08:13:00) ->    0(time 29580 - 08:13:00)(time 29820 - 08:17:00) ->    1(time 29880 - 08:18:00)(time 30000 - 08:20:00) ->    2(time 30040 - 08:20:40)(time 30280 - 08:24:40) ->    3(time 30340 - 08:25:40)(time 30520 - 08:28:40) ->    4(time 30580 - 08:29:40)(time 30760 - 08:32:40) ->    5(time 30820 - 08:33:40)(time 30860 - 08:34:20) ->    6(time 30900 - 08:35:00)(time 31080 - 08:38:00) -> 7
