t3p16r6h4.txt:
   > Trying to open the instance file...
   > Reading number of trains...
   > Reading maximum number of trips per train...
   > Reading time intervals...
   > Reading number of points...
   > Reading stations...
   > Reading crossings...
   > Reading depots...
   > Reading initial point...
   > Reading routes...
   > Reading distance and distance and service...
   > Reading demands...
   > Reading maximum time...
   > Reading alpha...

--------------------------------
 Printing instance
--------------------------------
number of trains = 3
	max trips per trains: 7     6     3
number of intervals = 4
	(0,  12885)	(12886,  25770)	(25771,  38655)	(38656,  51540)
number of points = 16
	initial point: 7
	stations: 0     1     3     4     5     7     8     9    11    12    13    14    15
	crossings: 0     2     6     7     8    10    12    15
	depots: 0     7    15
number of vertices = 32
	total vertices: 0     1     2     3     4     5     6     7     8     9    10    11    12    13    14    15    16    17    18    19    20    21    22    23    24    25    26    27    28    29    30    31
	upper vertices: 0     1     2     3     4     5     6     7     8     9    10    11    12    13    14    15
	lower vertices: 16    17    18    19    20    21    22    23    24    25    26    27    28    29    30    31
	vertices of point #0: (0, 16)
	vertices of point #1: (1, 17)
	vertices of point #2: (2, 18)
	vertices of point #3: (3, 19)
	vertices of point #4: (4, 20)
	vertices of point #5: (5, 21)
	vertices of point #6: (6, 22)
	vertices of point #7: (7, 23)
	vertices of point #8: (8, 24)
	vertices of point #9: (9, 25)
	vertices of point #10: (10, 26)
	vertices of point #11: (11, 27)
	vertices of point #12: (12, 28)
	vertices of point #13: (13, 29)
	vertices of point #14: (14, 30)
	vertices of point #15: (15, 31)

arcs...
	total arcs: 
		arc #0: (0, 1)
		arc #1: (0, 16)
		arc #2: (16, 0)
		arc #3: (1, 2)
		arc #4: (17, 16)
		arc #5: (2, 3)
		arc #6: (18, 17)
		arc #7: (3, 4)
		arc #8: (19, 18)
		arc #9: (4, 5)
		arc #10: (20, 19)
		arc #11: (5, 6)
		arc #12: (21, 20)
		arc #13: (6, 7)
		arc #14: (22, 21)
		arc #15: (7, 8)
		arc #16: (23, 22)
		arc #17: (7, 23)
		arc #18: (23, 7)
		arc #19: (8, 9)
		arc #20: (24, 23)
		arc #21: (9, 10)
		arc #22: (25, 24)
		arc #23: (10, 11)
		arc #24: (26, 25)
		arc #25: (11, 12)
		arc #26: (27, 26)
		arc #27: (12, 13)
		arc #28: (28, 27)
		arc #29: (13, 14)
		arc #30: (29, 28)
		arc #31: (14, 15)
		arc #32: (30, 29)
		arc #33: (31, 30)
		arc #34: (15, 31)
		arc #35: (31, 15)

	reverse arcs: 
		arc #1: (0, 16)
		arc #2: (16, 0)
		arc #17: (7, 23)
		arc #18: (23, 7)
		arc #34: (15, 31)
		arc #35: (31, 15)


incompatible points...
	(0, 1, 18, (1, 2))	(18, 17, 0, (17, 16))	(2, 5, 22, (5, 6))	(22, 19, 2, (19, 18))	(6, 6, 23, (6, 7))	(23, 23, 6, (23, 22))	(7, 7, 24, (7, 8))	(24, 24, 7, (24, 23))	(8, 9, 26, (9, 10))	(26, 25, 8, (25, 24))	(10, 11, 28, (11, 12))	(28, 27, 10, (27, 26))	(12, 14, 31, (14, 15))	(31, 29, 12, (29, 28))

number of routes = 6
vertices of routes...
	route #0: 0     1     2     3     4     5     6     7
	route #1: 23    22    21    20    19    18    17    16
	route #2: 7     8     9    10    11    12    13    14    15
	route #3: 31    30    29    28    27    26    25    24    23
	route #4: 0     1     2     3     4     5     6     7     8     9    10    11    12    13    14    15    31    30    29    28    27    26    25    24    23    22    21    20    19    18    17    16     0
	route #5: 31    30    29    28    27    26    25    24    23    22    21    20    19    18    17    16     0     1     2     3     4     5     6     7     8     9    10    11    12    13    14    15    31
arcs of routes...
	route #0: 0     3     5     7     9    11    13
	route #1: 16    14    12    10     8     6     4
	route #2: 15    19    21    23    25    27    29    31
	route #3: 33    32    30    28    26    24    22    20
	route #4: 0     3     5     7     9    11    13    15    19    21    23    25    27    29    31    34    33    32    30    28    26    24    22    20    16    14    12    10     8     6     4     2
	route #5: 33    32    30    28    26    24    22    20    16    14    12    10     8     6     4     2     0     3     5     7     9    11    13    15    19    21    23    25    27    29    31    34

incompatible routes...
	(0, 0)    	(0, 3)    	(0, 4)    	(0, 5)    	(1, 1)    	(1, 2)    	(1, 3)    	(1, 5)    	(2, 0)    	(2, 1)    	(2, 2)    	(2, 4)    	(3, 0)    	(3, 3)    	(3, 4)    	(3, 5)    	(4, 1)    	(4, 2)    	(4, 3)    	(4, 5)    	(5, 0)    	(5, 1)    	(5, 2)    	(5, 4)

vertices that can be adjacent in consecutive trips...
	(0, 0)    	(7, 7)    	(7, 23)    	(15, 31)    	(16, 0)    	(23, 7)    	(23, 23)    	(31, 31)
non cyclical routes: 
       0       1       2       3

routes of trip...
	routes that train #0 can complete at trip #0: 1       2
	routes that train #0 can complete at trip #1: 0       1       2       3       4       5
	routes that train #0 can complete at trip #2: 0       1       2       3       4       5
	routes that train #0 can complete at trip #3: 0       1       2       3       4       5
	routes that train #0 can complete at trip #4: 0       1       2       3       4       5
	routes that train #0 can complete at trip #5: 0       1       2       3       4       5
	routes that train #0 can complete at trip #6: 0       1       2       3       4       5

	routes that train #1 can complete at trip #0: 1       2
	routes that train #1 can complete at trip #1: 0       1       2       3       4       5
	routes that train #1 can complete at trip #2: 0       1       2       3       4       5
	routes that train #1 can complete at trip #3: 0       1       2       3       4       5
	routes that train #1 can complete at trip #4: 0       1       2       3       4       5
	routes that train #1 can complete at trip #5: 0       1       2       3       4       5

	routes that train #2 can complete at trip #0: 1       2
	routes that train #2 can complete at trip #1: 0       1       2       3       4       5
	routes that train #2 can complete at trip #2: 0       1       2       3       4       5

 cost...
	arc #0 [0][1]: 240
	arc #1 [0][16]: 0
	arc #2 [16][0]: 0
	arc #3 [1][2]: 120
	arc #4 [17][16]: 240
	arc #5 [2][3]: 240
	arc #6 [18][17]: 120
	arc #7 [3][4]: 180
	arc #8 [19][18]: 240
	arc #9 [4][5]: 180
	arc #10 [20][19]: 180
	arc #11 [5][6]: 40
	arc #12 [21][20]: 180
	arc #13 [6][7]: 180
	arc #14 [22][21]: 40
	arc #15 [7][8]: 360
	arc #16 [23][22]: 180
	arc #17 [7][23]: 0
	arc #18 [23][7]: 0
	arc #19 [8][9]: 300
	arc #20 [24][23]: 360
	arc #21 [9][10]: 240
	arc #22 [25][24]: 300
	arc #23 [10][11]: 120
	arc #24 [26][25]: 240
	arc #25 [11][12]: 240
	arc #26 [27][26]: 120
	arc #27 [12][13]: 180
	arc #28 [28][27]: 240
	arc #29 [13][14]: 120
	arc #30 [29][28]: 180
	arc #31 [14][15]: 180
	arc #32 [30][29]: 120
	arc #33 [31][30]: 180
	arc #34 [15][31]: 0
	arc #35 [31][15]: 0

cost with minimum service...
	arc #0 [0][1]: 300
	arc #1 [0][16]: 0
	arc #2 [16][0]: 0
	arc #3 [1][2]: 160
	arc #4 [17][16]: 360
	arc #5 [2][3]: 300
	arc #6 [18][17]: 180
	arc #7 [3][4]: 240
	arc #8 [19][18]: 280
	arc #9 [4][5]: 240
	arc #10 [20][19]: 240
	arc #11 [5][6]: 80
	arc #12 [21][20]: 240
	arc #13 [6][7]: 300
	arc #14 [22][21]: 100
	arc #15 [7][8]: 420
	arc #16 [23][22]: 220
	arc #17 [7][23]: 0
	arc #18 [23][7]: 0
	arc #19 [8][9]: 360
	arc #20 [24][23]: 480
	arc #21 [9][10]: 280
	arc #22 [25][24]: 360
	arc #23 [10][11]: 180
	arc #24 [26][25]: 300
	arc #25 [11][12]: 300
	arc #26 [27][26]: 160
	arc #27 [12][13]: 240
	arc #28 [28][27]: 300
	arc #29 [13][14]: 180
	arc #30 [29][28]: 240
	arc #31 [14][15]: 300
	arc #32 [30][29]: 180
	arc #33 [31][30]: 240
	arc #34 [15][31]: 0
	arc #35 [31][15]: 0

cost with maximum service...
	arc #0 [0][1]: 840
	arc #1 [0][16]: 600
	arc #2 [16][0]: 600
	arc #3 [1][2]: 720
	arc #4 [17][16]: 840
	arc #5 [2][3]: 840
	arc #6 [18][17]: 720
	arc #7 [3][4]: 780
	arc #8 [19][18]: 840
	arc #9 [4][5]: 780
	arc #10 [20][19]: 780
	arc #11 [5][6]: 640
	arc #12 [21][20]: 780
	arc #13 [6][7]: 780
	arc #14 [22][21]: 640
	arc #15 [7][8]: 960
	arc #16 [23][22]: 780
	arc #17 [7][23]: 600
	arc #18 [23][7]: 600
	arc #19 [8][9]: 900
	arc #20 [24][23]: 960
	arc #21 [9][10]: 840
	arc #22 [25][24]: 900
	arc #23 [10][11]: 720
	arc #24 [26][25]: 840
	arc #25 [11][12]: 840
	arc #26 [27][26]: 720
	arc #27 [12][13]: 780
	arc #28 [28][27]: 840
	arc #29 [13][14]: 720
	arc #30 [29][28]: 780
	arc #31 [14][15]: 780
	arc #32 [30][29]: 720
	arc #33 [31][30]: 780
	arc #34 [15][31]: 600
	arc #35 [31][15]: 600

demands...
	demands of vertex 0 at time interval: 3     3     2     3
	demands of vertex 1 at time interval: 3     3     2     3
	demands of vertex 2 at time interval: 0     0     0     0
	demands of vertex 3 at time interval: 3     3     2     3
	demands of vertex 4 at time interval: 3     3     2     3
	demands of vertex 5 at time interval: 3     3     2     3
	demands of vertex 6 at time interval: 0     0     0     0
	demands of vertex 7 at time interval: 3     3     2     3
	demands of vertex 8 at time interval: 0     0     0     0
	demands of vertex 9 at time interval: 3     3     2     3
	demands of vertex 10 at time interval: 0     0     0     0
	demands of vertex 11 at time interval: 3     3     2     3
	demands of vertex 12 at time interval: 0     0     0     0
	demands of vertex 13 at time interval: 3     3     2     3
	demands of vertex 14 at time interval: 3     3     2     3
	demands of vertex 15 at time interval: 0     0     0     0
	demands of vertex 16 at time interval: 0     0     0     0
	demands of vertex 17 at time interval: 3     3     2     3
	demands of vertex 18 at time interval: 0     0     0     0
	demands of vertex 19 at time interval: 3     3     2     3
	demands of vertex 20 at time interval: 3     3     2     3
	demands of vertex 21 at time interval: 3     3     2     3
	demands of vertex 22 at time interval: 0     0     0     0
	demands of vertex 23 at time interval: 3     3     2     3
	demands of vertex 24 at time interval: 0     0     0     0
	demands of vertex 25 at time interval: 3     3     2     3
	demands of vertex 26 at time interval: 0     0     0     0
	demands of vertex 27 at time interval: 3     3     2     3
	demands of vertex 28 at time interval: 0     0     0     0
	demands of vertex 29 at time interval: 3     3     2     3
	demands of vertex 30 at time interval: 3     3     2     3
	demands of vertex 31 at time interval: 3     3     2     3

maximum time = 51540
alpha = 180

>> Solving...
Version identifier: 20.1.0.0 | 2020-11-10 | 9bedb6d68
CPXPARAM_Threads                                 1
CPXPARAM_TimeLimit                               43200
Tried aggregator 3 times.
MIP Presolve eliminated 207819 rows and 48013 columns.
MIP Presolve modified 47033 coefficients.
Aggregator did 77 substitutions.
Reduced MIP has 321270 rows, 121787 columns, and 784774 nonzeros.
Reduced MIP has 120896 binaries, 0 generals, 0 SOSs, and 0 indicators.
Presolve time = 24.58 sec. (5188.51 ticks)
Probing fixed 12 vars, tightened 24 bounds.
Probing time = 8.42 sec. (748.01 ticks)
Tried aggregator 1 time.
Detecting symmetries...
Elapsed time for symmetry detection = 47.66 sec. (10003.23 ticks)
Elapsed time for symmetry detection = 92.83 sec. (20008.66 ticks)
Elapsed time for symmetry detection = 135.99 sec. (30010.32 ticks)
Elapsed time for symmetry detection = 171.15 sec. (40014.60 ticks)
Found 3.789508e+36508 symmetric permutations.
MIP Presolve eliminated 1195 rows and 67 columns.
MIP Presolve modified 1259 coefficients.
Reduced MIP has 320075 rows, 121720 columns, and 781174 nonzeros.
Reduced MIP has 120829 binaries, 0 generals, 0 SOSs, and 0 indicators.
Presolve time = 201.70 sec. (49366.43 ticks)
Probing fixed 0 vars, tightened 16 bounds.
Probing time = 14.98 sec. (871.79 ticks)
Clique table members: 517877.
MIP emphasis: balance optimality and feasibility.
MIP search method: dynamic search.
Parallel mode: none, using 1 thread.
Root relaxation solution time = 3897.40 sec. (199580.96 ticks)

        Nodes                                         Cuts/
   Node  Left     Objective  IInf  Best Integer    Best Bound    ItCnt     Gap

      0     0     8920.6154 56896                   8920.6154   202348         
      0     0    16354.4615 56880                  Cuts: 9672   277330         
      0     0    16354.4615 59629                  Cuts: 9820   323285         
      0     0    16354.4615 57362                  Cuts: 3202   356555         
      0     0    21500.8725 61172                  Cuts: 9469   426829         
      0     0    21500.8725 60849                  Cuts: 9705   479615         

Repeating presolve.
Tried aggregator 1 time.
MIP Presolve eliminated 134733 rows and 53973 columns.
MIP Presolve modified 1276 coefficients.
Reduced MIP has 185342 rows, 67747 columns, and 457618 nonzeros.
Reduced MIP has 66856 binaries, 0 generals, 0 SOSs, and 0 indicators.
Presolve time = 3.46 sec. (2182.76 ticks)
Probing fixed 0 vars, tightened 12 bounds.
Probing time = 4.23 sec. (481.92 ticks)
Tried aggregator 1 time.
Detecting symmetries...
Elapsed time for symmetry detection = 4.55 sec. (10002.40 ticks)
Found 1.244052e+43759 symmetric permutations.
MIP Presolve eliminated 143 rows and 143 columns.
MIP Presolve modified 620 coefficients.
Reduced MIP has 185199 rows, 67604 columns, and 457046 nonzeros.
Reduced MIP has 66713 binaries, 0 generals, 0 SOSs, and 0 indicators.
Presolve time = 11.03 sec. (19997.68 ticks)
Represolve time = 19.82 sec. (23061.27 ticks)
Probing fixed 6 vars, tightened 10 bounds.
Probing time = 2.54 sec. (310.86 ticks)
Clique table members: 303594.
MIP emphasis: balance optimality and feasibility.
MIP search method: dynamic search.
Parallel mode: none, using 1 thread.
Root relaxation solution time = 55.46 sec. (21438.47 ticks)

        Nodes                                         Cuts/
   Node  Left     Objective  IInf  Best Integer    Best Bound    ItCnt     Gap

      0     0    21500.8725 19888                  21500.8725   569784         
      0     0    21500.8725 33886                  Cuts: 9581   650951         
      0     0    21500.8725 33953                  Cuts: 2521   689118         
Heuristic still looking.
Heuristic still looking.
Heuristic still looking.
      0     2    21500.8725 33263                  21929.7507   689118         
Elapsed time = 20818.39 sec. (2638744.34 ticks, tree = 0.01 MB, solutions = 0)
      1     3    38656.0000 33879                  21929.7507   815832         
      2     4    21929.7507 33635                  22436.6067   858345         
      3     5    38656.0000 33480                  22436.6067   909685         
      4     6    22436.6067 33622                  23044.8340   909793         
      5     7    38656.0000 34055                  23044.8340  1058027         
      6     8    23044.8340 33599                  23044.8340  1060571         
      7     9    38656.0000 34032                  23044.8340  1133586         
      8    10    23788.2228 33625                  23788.2228  1134356         
      9    11    24717.4589 33649                  23788.2228  1135480         
     10    12    38656.0000 33584                  24717.4589  1142101         
Elapsed time = 23871.36 sec. (3102059.68 ticks, tree = 0.39 MB, solutions = 0)
     11    13    25912.1910 33677                  24717.4589  1143348         
     12    14    38656.0000 33434                  27505.1671  1231838         
     13    15    27505.1671 33793                  27505.1671  1232249         
     14    16    38656.0000 33634                  27505.1671  1320227         
     15    17    29735.3337 33667                  27505.1671  1321119         
     16    18    38656.0000 32980                  33080.5836  1335424         
     17    19    38656.0000 31983                  33080.5836  1412807         
     18    20    38656.0000 30745                  33080.5836  1426928         
     19    21    38656.0000 18924                  33080.5836  1509935         
     20    22    38656.0000 19167                  33080.5836  1609033         
Elapsed time = 26311.52 sec. (3483910.62 ticks, tree = 0.77 MB, solutions = 0)
     21    23    41296.0000 18090                  33080.5836  1656483         
     22    24    38656.0000  7128                  33080.5836  1700172         
     23    25    40940.0000  5870                  33080.5836  1761012         
     27    28    40940.0000  5986                  33080.5836  1766913         
     28    29    40940.0000  5920                  33080.5836  1776813         
     30    30    40940.0000  5882                  33080.5836  1781127         
     33    31    40940.0000  5852                  33080.5836  1786197         
     35    33    40940.0000  5907                  33080.5836  1795603         
     38    34    40940.0000  5856                  33080.5836  1805603         
     39    35    40940.0000  5847                  33080.5836  1810279         
Elapsed time = 27490.82 sec. (3642639.21 ticks, tree = 1.62 MB, solutions = 0)
     42    34    33080.5836 33913                  38656.0000  1970978         
     43    35    38656.0000 33020                  38656.0000  2059558         
     44    36    38656.0000 33422                  38656.0000  2087257         
     45    37    38656.0000 33289                  38656.0000  2153900         
     47    39    38656.0000 33113                  38656.0000  2195555         
     49    41    38656.0000 33312                  38656.0000  2233100         
     50    42    38656.0000 32821                  38656.0000  2262670         
     51    43    38656.0000 32944                  38656.0000  2292252         
     52    42    infeasible                        38656.0000  2328914         
     54    44    38656.0000 33058                  38656.0000  2330201         
Elapsed time = 28931.91 sec. (3851773.54 ticks, tree = 1.99 MB, solutions = 0)
     56    46    38656.0000 32728                  38656.0000  2352438         
     57    47    38656.0000 32294                  38656.0000  2368077         
     58    48    38656.0000 32264                  38656.0000  2400197         
     59    49    38656.0000 32248                  38656.0000  2435662         
     60    50    38656.0000 31590                  38656.0000  2465585         
     61    51    45176.0000 30656                  38656.0000  2494513         
     62    50    infeasible                        38656.0000  2517010         
     63    51    45176.0000 18545                  38656.0000  2528151         
     64    52    45176.0000 18457                  38656.0000  2547151         
     65    53    45176.0000 15759                  38656.0000  2567997         
Elapsed time = 29428.53 sec. (3924008.72 ticks, tree = 2.39 MB, solutions = 0)
     66    52    infeasible                        38656.0000  2584395         
     68    50    infeasible                        38656.0000  2642778         
     69    51    45176.0000  5049                  38656.0000  2695161         
     71    51    45176.0000  4099                  38656.0000  2701928         
     72    52    45176.0000  4121                  38656.0000  2710478         
     73    53    45176.0000   743                  38656.0000  2717144         
     74    54    45176.0000   762                  38656.0000  2723364         
     75    55    45176.0000   676                  38656.0000  2731625         
     76    56    45176.0000   738                  38656.0000  2736319         
     77    57    45176.0000   654                  38656.0000  2744826         
Elapsed time = 29804.76 sec. (3977799.31 ticks, tree = 2.67 MB, solutions = 0)
     78    58    45176.0000   712                  38656.0000  2750317         
     80    60    45176.0000   696                  38656.0000  2751162         
     81    61    45176.0000   749                  38656.0000  2756446         
     84    64    50056.0000   664                  38656.0000  2762455         
     86    62    infeasible                        38656.0000  2766354         
     87    63    38656.0000  8742                  38656.0000  2862134         
     88    64    38656.0000 10604                  38656.0000  2877259         
     89    65    40300.0000  8338                  38656.0000  2885504         
     95    71    40300.0000  7909                  38656.0000  2886247         
     97    73    40300.0000  7965                  38656.0000  2889816         
Elapsed time = 30136.29 sec. (4027377.38 ticks, tree = 3.69 MB, solutions = 0)
    101    71    38656.0000  7527                  38656.0000  2961719         
    102    72    38656.0000 10525                  38656.0000  3030170         
    103    71    infeasible                        38656.0000  3075989         
    105    73    45176.0000  9780                  38656.0000  3131553         
    106    74    41458.0000  6480                  38656.0000  3163209         
    119    81    41903.0000  2889                  38656.0000  3165026         
    121    81    infeasible                        38656.0000  3165974         
    124    80    38656.0000  7133                  38656.0000  3189011         
    125    81    38656.0000 10618                  38656.0000  3244656         
    126    82    38656.0000  7285                  38656.0000  3285440         
Elapsed time = 30909.74 sec. (4211316.19 ticks, tree = 4.31 MB, solutions = 0)
    128    84    40046.0000 10409                  38656.0000  3325797         
    129    83    infeasible                        38656.0000  3371424         
    130    84    41296.0000  9993                  38656.0000  3377631         
    132    84    41296.0000  9644                  38656.0000  3393657         
    133    85    41296.0000  9802                  38656.0000  3399534         
    136    86    41296.0000  9543                  38656.0000  3409613         
    137    87    41296.0000  7556                  38656.0000  3419704         
    138    88    41296.0000  7430                  38656.0000  3428616         
    139    89    41296.0000  7331                  38656.0000  3429681         
    140    90    41296.0000  7611                  38656.0000  3439825         
Elapsed time = 31149.00 sec. (4266610.03 ticks, tree = 4.73 MB, solutions = 0)
    141    89    infeasible                        38656.0000  3448367         
    143    91    41296.0000  7665                  38656.0000  3459136         
    144    90    infeasible                        38656.0000  3466205         
    145    91    41296.0000  7566                  38656.0000  3472074         
    146    92    41296.0000  7376                  38656.0000  3478406         
    147    91    infeasible                        38656.0000  3490404         
    148    92    42145.6667  4499                  38656.0000  3499801         
    155    97    42147.3333  4414                  38656.0000  3502884         
    157    97    43196.9667  4136                  38656.0000  3508432         
    163    97    infeasible                        38656.0000  3560859         
Elapsed time = 31307.29 sec. (4305443.68 ticks, tree = 5.31 MB, solutions = 0)
    164    96    infeasible                        38656.0000  3599768         
    165    95    infeasible                        38656.0000  3651415         
    166    96    38656.0000 10313                  38656.0000  3686304         
    167    97    41296.0000  9535                  38656.0000  3732271         
    168    96    infeasible                        38656.0000  3746823         
    169    95    infeasible                        38656.0000  3759153         
    170    94    infeasible                        38656.0000  3767447         
    172    94    38656.0000  9511                  38656.0000  3879833         
    173    95    41296.0000 10756                  38656.0000  3906631         
    174    94    infeasible                        38656.0000  3940401         
Elapsed time = 32215.30 sec. (4551038.45 ticks, tree = 5.10 MB, solutions = 0)
    175    93    infeasible                        38656.0000  3980053         
    177    91    infeasible                        38656.0000  4014417         
    178    90    infeasible                        38656.0000  4039955         
    179    89    infeasible                        38656.0000  4061571         
    180    88    infeasible                        38656.0000  4087076         
    181    89    38656.0000 25897                  38656.0000  4164396         
    182    88    infeasible                        38656.0000  4192172         
    183    89    38656.0000 25735                  38656.0000  4240795         
    184    90    38656.0000 21418                  38656.0000  4285762         
    185    91    38656.0000 21371                  38656.0000  4318527         
Elapsed time = 33053.64 sec. (4836612.41 ticks, tree = 5.03 MB, solutions = 0)
    186    92    38656.0000 21357                  38656.0000  4318674         
    187    93    38656.0000 18666                  38656.0000  4353536         
    188    94    38656.0000 22629                  38656.0000  4376716         
    189    93    infeasible                        38656.0000  4400550         
    190    92    infeasible                        38656.0000  4432574         
    191    91    infeasible                        38656.0000  4443223         
    192    92    38656.0000 24376                  38656.0000  4498320         
    194    94    38656.0000 20217                  38656.0000  4518577         
    195    95    38656.0000 20305                  38656.0000  4529589         
    196    94    infeasible                        38656.0000  4562961         
Elapsed time = 33842.93 sec. (5169128.39 ticks, tree = 5.31 MB, solutions = 0)
    197    95    49056.0000  8595                  38656.0000  4584853         
    201    93    38656.0000 25708                  38656.0000  4656555         
    202    94    38656.0000 27197                  38656.0000  4693609         
    203    95    38656.0000 25819                  38656.0000  4730295         
    204    96    38656.0000 26929                  38656.0000  4802315         
    206    96    49056.0000  7694                  38656.0000  4830100         
    207    97    49056.0000  7508                  38656.0000  4848099         
    209    99    49056.0000  7403                  38656.0000  4859339         
    211   100    49056.0000  7433                  38656.0000  4878783         
    214    99    49056.0000  6651                  38656.0000  4918327         
Elapsed time = 34409.70 sec. (5333671.33 ticks, tree = 5.61 MB, solutions = 0)
    215   100    49056.0000  7611                  38656.0000  4934876         
    217   100    49056.0000  7488                  38656.0000  4955226         
    219   102    49056.0000  7488                  38656.0000  4974755         
    222   101    infeasible                        38656.0000  4986317         
    223   102    38656.0000 21599                  38656.0000  5040548         
    224   103    38656.0000 25994                  38656.0000  5080456         
    226   101    infeasible                        38656.0000  5098704         
    227   102    38656.0000 23801                  38656.0000  5158921         
    231   100    38656.0000 24237                  38656.0000  5221205         
    232   101    38656.0000 24576                  38656.0000  5252448         
Elapsed time = 35122.54 sec. (5477744.88 ticks, tree = 5.71 MB, solutions = 0)
    233   102    38656.0000 24946                  38656.0000  5277009         
    234   101    infeasible                        38656.0000  5291592         
    235   102    49056.0000  8283                  38656.0000  5314687         
    238    99    infeasible                        38656.0000  5334495         
    239    98    infeasible                        38656.0000  5349623         
    240    99    38656.0000 26849                  38656.0000  5426576         
    241    98    infeasible                        38656.0000  5443152         
    242    99    38656.0000 24958                  38656.0000  5502330         
    244    97    infeasible                        38656.0000  5524388         
    246    95    infeasible                        38656.0000  5556724         
Elapsed time = 35778.50 sec. (5644216.96 ticks, tree = 5.47 MB, solutions = 0)
    247    96    38656.0000 34214                  38656.0000  5595420         
    248    97    38656.0000 34201                  38656.0000  5647435         
    249    98    38656.0000 33126                  38656.0000  5671751         
    250    99    38656.0000 30662                  38656.0000  5694971         
    252   101    41296.0000 23729                  38656.0000  5730470         
    253   102    49056.0000 25261                  38656.0000  5747606         
    255   102    49056.0000 32458                  38656.0000  5779595         
    256   103    49056.0000 21434                  38656.0000  5798937         
    257   102    infeasible                        38656.0000  5806674         
    258   103    49056.0000 25761                  38656.0000  5820551         
Elapsed time = 36257.96 sec. (5736841.11 ticks, tree = 5.77 MB, solutions = 0)
    259   104    49056.0000 21720                  38656.0000  5831584         
    261   106    49056.0000 26306                  38656.0000  5853585         
    263   104    infeasible                        38656.0000  5874881         
    265   104    49056.0000 32597                  38656.0000  5903465         
    266   103    infeasible                        38656.0000  5922993         
    268   103    38656.0000 30380                  38656.0000  5987814         
    269   104    38656.0000 26502                  38656.0000  6020478         
    270   105    38656.0000 25645                  38656.0000  6060480         
    271   104    infeasible                        38656.0000  6086355         
    272   103    infeasible                        38656.0000  6109647         
Elapsed time = 37001.05 sec. (5902684.73 ticks, tree = 5.83 MB, solutions = 0)
    273   104    38656.0000 24305                  38656.0000  6163803         
    274   105    38656.0000 25853                  38656.0000  6193552         
    275   104    infeasible                        38656.0000  6202941         
    276   105    38656.0000 25615                  38656.0000  6227739         
    277   104    infeasible                        38656.0000  6251662         
    278   105    38656.0000 22968                  38656.0000  6272057         
    279   106    38656.0000 22858                  38656.0000  6284296         
    280   107    38656.0000 22811                  38656.0000  6307206         
    281   108    38656.0000 27090                  38656.0000  6329726         
    282   107    infeasible                        38656.0000  6361629         
Elapsed time = 37584.98 sec. (6009618.76 ticks, tree = 5.97 MB, solutions = 0)
    283   108    38656.0000 22807                  38656.0000  6371243         
    284   109    38656.0000 27018                  38656.0000  6385713         
    285   108    infeasible                        38656.0000  6399806         
    287   110    38656.0000 22822                  38656.0000  6414556         
    288   111    38656.0000 23514                  38656.0000  6431146         
    289   112    42536.0000 24327                  38656.0000  6449165         
    292   113    infeasible                        38656.0000  6462562         
    294   113    38656.0000 21724                  38656.0000  6492999         
    300   109    38656.0000 24073                  38656.0000  6554961         
    301   108    infeasible                        38656.0000  6581482         
Elapsed time = 38175.42 sec. (6122496.23 ticks, tree = 6.09 MB, solutions = 0)
    306   103    infeasible                        38656.0000  6608775         
    307   104    38656.0000 34002                  38656.0000  6813003         
    308   105    38656.0000 33975                  38656.0000  6842846         
    309   106    38656.0000 33968                  38656.0000  6843001         
    310   107    38656.0000 33985                  38656.0000  6943011         
    311   108    38656.0000 32151                  38656.0000  6985785         
    312   109    38656.0000 31880                  38656.0000  7038297         
    313   110    38656.0000 27571                  38656.0000  7082365         
    314   111    38656.0000 29924                  38656.0000  7122333         
    315   112    38656.0000 31411                  38656.0000  7158921         
Elapsed time = 40316.35 sec. (6417505.96 ticks, tree = 6.18 MB, solutions = 0)
    316   113    38656.0000 32544                  38656.0000  7191860         
    317   114    45176.0000 31456                  38656.0000  7218761         
    318   115    45176.0000 23235                  38656.0000  7235843         
    319   116    45176.0000 23255                  38656.0000  7256897         
    321   118    45176.0000 19921                  38656.0000  7278585         
    324   121    45176.0000 19639                  38656.0000  7297606         
    325   122    45176.0000 17639                  38656.0000  7313077         
    327   122    45176.0000 17313                  38656.0000  7330437         
    331   122    45176.0000 30032                  38656.0000  7362957         
    332   121    infeasible                        38656.0000  7381941         
Elapsed time = 40882.79 sec. (6481868.35 ticks, tree = 6.79 MB, solutions = 0)
    333   122    45176.0000 28703                  38656.0000  7410671         
    336   123    45176.0000 30118                  38656.0000  7449916         
    339   126    45176.0000 30355                  38656.0000  7471438         
    343   128    45176.0000 30871                  38656.0000  7500578         
    344   129    45176.0000 28690                  38656.0000  7525116         
    347   132    45176.0000 23156                  38656.0000  7545249         
    350   135    45176.0000 21760                  38656.0000  7568867         
    355   134    38656.0000 31142                  38656.0000  7643448         
    356   135    38656.0000 31635                  38656.0000  7668080         
    357   136    38656.0000 29834                  38656.0000  7700145         
Elapsed time = 41482.32 sec. (6579683.38 ticks, tree = 7.54 MB, solutions = 0)
    358   137    38656.0000 29092                  38656.0000  7753132         
    359   136    infeasible                        38656.0000  7775549         
    360   137    38656.0000 29273                  38656.0000  7805420         
    365   142    41296.0000 26892                  38656.0000  7834258         
    368   145    41296.0000 27897                  38656.0000  7850676         
    371   148    41296.0000 28325                  38656.0000  7877403         
    374   151    41296.0000 27223                  38656.0000  7892429         
    376   151    infeasible                        38656.0000  7912888         
    381   154    41296.0000 14431                  38656.0000  7924691         
    388   157    38656.0000 20773                  38656.0000  7954898         
Elapsed time = 41853.30 sec. (6708564.68 ticks, tree = 8.70 MB, solutions = 0)
    389   158    38656.0000 17481                  38656.0000  7964454         
    392   159    41296.0000 10832                  38656.0000  7978767         
    394   161    41296.0000 10812                  38656.0000  7991628         
    403   164    infeasible                        38656.0000  8007143         
    404   163    infeasible                        38656.0000  8024053         
    405   164    38656.0000 21705                  38656.0000  8058229         
    408   165    41296.0000 15228                  38656.0000  8078058         
    410   167    41296.0000 11563                  38656.0000  8092528         
    411   168    41296.0000 11462                  38656.0000  8103528         
    415   170    infeasible                        38656.0000  8122158         
Elapsed time = 42465.06 sec. (6767704.67 ticks, tree = 9.60 MB, solutions = 0)
    417   170    38656.0000 22332                  38656.0000  8151659         
    419   172    41296.0000 10883                  38656.0000  8171954         
    422   175    41296.0000 14301                  38656.0000  8191099         
    428   173    38656.0000 31130                  38656.0000  8245253         
    429   174    41296.0000 29855                  38656.0000  8274094         

Clique cuts applied:  17
Implied bound cuts applied:  10174
Flow cuts applied:  21
Mixed integer rounding cuts applied:  126
Zero-half cuts applied:  4
Lift and project cuts applied:  2
Gomory fractional cuts applied:  3

Root node processing (before b&c):
  Real time             = 20814.93 sec. (2635417.32 ticks)
Sequential b&c:
  Real time             = 22385.48 sec. (4198814.99 ticks)
                          ------------
Total (root+branch&cut) = 43200.41 sec. (6834232.30 ticks)
Unknown
terminate called after throwing an instance of 'IloCplex::Exception'
