t3p16r6h1.txt:
   > Trying to open the instance file...
   > Reading number of trains...
   > Reading maximum number of trips per train...
   > Reading time intervals...
   > Reading number of points...
   > Reading stations...
   > Reading crossings...
   > Reading depots...
   > Reading initial point...
   > Reading routes...
   > Reading distance and distance and service...
   > Reading demands...
   > Reading maximum time...
   > Reading alpha...

--------------------------------
 Printing instance
--------------------------------
number of trains = 3
	max trips per trains: 7     6     3
number of intervals = 1
	(0,  51540)
number of points = 16
	initial point: 7
	stations: 0     1     3     4     5     7     8     9    11    12    13    14    15
	crossings: 0     2     6     7     8    10    12    15
	depots: 0     7    15
number of vertices = 32
	total vertices: 0     1     2     3     4     5     6     7     8     9    10    11    12    13    14    15    16    17    18    19    20    21    22    23    24    25    26    27    28    29    30    31
	upper vertices: 0     1     2     3     4     5     6     7     8     9    10    11    12    13    14    15
	lower vertices: 16    17    18    19    20    21    22    23    24    25    26    27    28    29    30    31
	vertices of point #0: (0, 16)
	vertices of point #1: (1, 17)
	vertices of point #2: (2, 18)
	vertices of point #3: (3, 19)
	vertices of point #4: (4, 20)
	vertices of point #5: (5, 21)
	vertices of point #6: (6, 22)
	vertices of point #7: (7, 23)
	vertices of point #8: (8, 24)
	vertices of point #9: (9, 25)
	vertices of point #10: (10, 26)
	vertices of point #11: (11, 27)
	vertices of point #12: (12, 28)
	vertices of point #13: (13, 29)
	vertices of point #14: (14, 30)
	vertices of point #15: (15, 31)

arcs...
	total arcs: 
		arc #0: (0, 1)
		arc #1: (0, 16)
		arc #2: (16, 0)
		arc #3: (1, 2)
		arc #4: (17, 16)
		arc #5: (2, 3)
		arc #6: (18, 17)
		arc #7: (3, 4)
		arc #8: (19, 18)
		arc #9: (4, 5)
		arc #10: (20, 19)
		arc #11: (5, 6)
		arc #12: (21, 20)
		arc #13: (6, 7)
		arc #14: (22, 21)
		arc #15: (7, 8)
		arc #16: (23, 22)
		arc #17: (7, 23)
		arc #18: (23, 7)
		arc #19: (8, 9)
		arc #20: (24, 23)
		arc #21: (9, 10)
		arc #22: (25, 24)
		arc #23: (10, 11)
		arc #24: (26, 25)
		arc #25: (11, 12)
		arc #26: (27, 26)
		arc #27: (12, 13)
		arc #28: (28, 27)
		arc #29: (13, 14)
		arc #30: (29, 28)
		arc #31: (14, 15)
		arc #32: (30, 29)
		arc #33: (31, 30)
		arc #34: (15, 31)
		arc #35: (31, 15)

	reverse arcs: 
		arc #1: (0, 16)
		arc #2: (16, 0)
		arc #17: (7, 23)
		arc #18: (23, 7)
		arc #34: (15, 31)
		arc #35: (31, 15)


incompatible points...
	(0, 1, 18, (1, 2))	(18, 17, 0, (17, 16))	(2, 5, 22, (5, 6))	(22, 19, 2, (19, 18))	(6, 6, 23, (6, 7))	(23, 23, 6, (23, 22))	(7, 7, 24, (7, 8))	(24, 24, 7, (24, 23))	(8, 9, 26, (9, 10))	(26, 25, 8, (25, 24))	(10, 11, 28, (11, 12))	(28, 27, 10, (27, 26))	(12, 14, 31, (14, 15))	(31, 29, 12, (29, 28))

number of routes = 6
vertices of routes...
	route #0: 0     1     2     3     4     5     6     7
	route #1: 23    22    21    20    19    18    17    16
	route #2: 7     8     9    10    11    12    13    14    15
	route #3: 31    30    29    28    27    26    25    24    23
	route #4: 0     1     2     3     4     5     6     7     8     9    10    11    12    13    14    15    31    30    29    28    27    26    25    24    23    22    21    20    19    18    17    16     0
	route #5: 31    30    29    28    27    26    25    24    23    22    21    20    19    18    17    16     0     1     2     3     4     5     6     7     8     9    10    11    12    13    14    15    31
arcs of routes...
	route #0: 0     3     5     7     9    11    13
	route #1: 16    14    12    10     8     6     4
	route #2: 15    19    21    23    25    27    29    31
	route #3: 33    32    30    28    26    24    22    20
	route #4: 0     3     5     7     9    11    13    15    19    21    23    25    27    29    31    34    33    32    30    28    26    24    22    20    16    14    12    10     8     6     4     2
	route #5: 33    32    30    28    26    24    22    20    16    14    12    10     8     6     4     2     0     3     5     7     9    11    13    15    19    21    23    25    27    29    31    34

incompatible routes...
	(0, 0)    	(0, 3)    	(0, 4)    	(0, 5)    	(1, 1)    	(1, 2)    	(1, 3)    	(1, 5)    	(2, 0)    	(2, 1)    	(2, 2)    	(2, 4)    	(3, 0)    	(3, 3)    	(3, 4)    	(3, 5)    	(4, 1)    	(4, 2)    	(4, 3)    	(4, 5)    	(5, 0)    	(5, 1)    	(5, 2)    	(5, 4)

vertices that can be adjacent in consecutive trips...
	(0, 0)    	(7, 7)    	(7, 23)    	(15, 31)    	(16, 0)    	(23, 7)    	(23, 23)    	(31, 31)
non cyclical routes: 
       0       1       2       3

routes of trip...
	routes that train #0 can complete at trip #0: 1       2
	routes that train #0 can complete at trip #1: 0       1       2       3       4       5
	routes that train #0 can complete at trip #2: 0       1       2       3       4       5
	routes that train #0 can complete at trip #3: 0       1       2       3       4       5
	routes that train #0 can complete at trip #4: 0       1       2       3       4       5
	routes that train #0 can complete at trip #5: 0       1       2       3       4       5
	routes that train #0 can complete at trip #6: 0       1       2       3       4       5

	routes that train #1 can complete at trip #0: 1       2
	routes that train #1 can complete at trip #1: 0       1       2       3       4       5
	routes that train #1 can complete at trip #2: 0       1       2       3       4       5
	routes that train #1 can complete at trip #3: 0       1       2       3       4       5
	routes that train #1 can complete at trip #4: 0       1       2       3       4       5
	routes that train #1 can complete at trip #5: 0       1       2       3       4       5

	routes that train #2 can complete at trip #0: 1       2
	routes that train #2 can complete at trip #1: 0       1       2       3       4       5
	routes that train #2 can complete at trip #2: 0       1       2       3       4       5

 cost...
	arc #0 [0][1]: 240
	arc #1 [0][16]: 0
	arc #2 [16][0]: 0
	arc #3 [1][2]: 120
	arc #4 [17][16]: 240
	arc #5 [2][3]: 240
	arc #6 [18][17]: 120
	arc #7 [3][4]: 180
	arc #8 [19][18]: 240
	arc #9 [4][5]: 180
	arc #10 [20][19]: 180
	arc #11 [5][6]: 40
	arc #12 [21][20]: 180
	arc #13 [6][7]: 180
	arc #14 [22][21]: 40
	arc #15 [7][8]: 360
	arc #16 [23][22]: 180
	arc #17 [7][23]: 0
	arc #18 [23][7]: 0
	arc #19 [8][9]: 300
	arc #20 [24][23]: 360
	arc #21 [9][10]: 240
	arc #22 [25][24]: 300
	arc #23 [10][11]: 120
	arc #24 [26][25]: 240
	arc #25 [11][12]: 240
	arc #26 [27][26]: 120
	arc #27 [12][13]: 180
	arc #28 [28][27]: 240
	arc #29 [13][14]: 120
	arc #30 [29][28]: 180
	arc #31 [14][15]: 180
	arc #32 [30][29]: 120
	arc #33 [31][30]: 180
	arc #34 [15][31]: 0
	arc #35 [31][15]: 0

cost with minimum service...
	arc #0 [0][1]: 300
	arc #1 [0][16]: 0
	arc #2 [16][0]: 0
	arc #3 [1][2]: 160
	arc #4 [17][16]: 360
	arc #5 [2][3]: 300
	arc #6 [18][17]: 180
	arc #7 [3][4]: 240
	arc #8 [19][18]: 280
	arc #9 [4][5]: 240
	arc #10 [20][19]: 240
	arc #11 [5][6]: 80
	arc #12 [21][20]: 240
	arc #13 [6][7]: 300
	arc #14 [22][21]: 100
	arc #15 [7][8]: 420
	arc #16 [23][22]: 220
	arc #17 [7][23]: 0
	arc #18 [23][7]: 0
	arc #19 [8][9]: 360
	arc #20 [24][23]: 480
	arc #21 [9][10]: 280
	arc #22 [25][24]: 360
	arc #23 [10][11]: 180
	arc #24 [26][25]: 300
	arc #25 [11][12]: 300
	arc #26 [27][26]: 160
	arc #27 [12][13]: 240
	arc #28 [28][27]: 300
	arc #29 [13][14]: 180
	arc #30 [29][28]: 240
	arc #31 [14][15]: 300
	arc #32 [30][29]: 180
	arc #33 [31][30]: 240
	arc #34 [15][31]: 0
	arc #35 [31][15]: 0

cost with maximum service...
	arc #0 [0][1]: 840
	arc #1 [0][16]: 600
	arc #2 [16][0]: 600
	arc #3 [1][2]: 720
	arc #4 [17][16]: 840
	arc #5 [2][3]: 840
	arc #6 [18][17]: 720
	arc #7 [3][4]: 780
	arc #8 [19][18]: 840
	arc #9 [4][5]: 780
	arc #10 [20][19]: 780
	arc #11 [5][6]: 640
	arc #12 [21][20]: 780
	arc #13 [6][7]: 780
	arc #14 [22][21]: 640
	arc #15 [7][8]: 960
	arc #16 [23][22]: 780
	arc #17 [7][23]: 600
	arc #18 [23][7]: 600
	arc #19 [8][9]: 900
	arc #20 [24][23]: 960
	arc #21 [9][10]: 840
	arc #22 [25][24]: 900
	arc #23 [10][11]: 720
	arc #24 [26][25]: 840
	arc #25 [11][12]: 840
	arc #26 [27][26]: 720
	arc #27 [12][13]: 780
	arc #28 [28][27]: 840
	arc #29 [13][14]: 720
	arc #30 [29][28]: 780
	arc #31 [14][15]: 780
	arc #32 [30][29]: 720
	arc #33 [31][30]: 780
	arc #34 [15][31]: 600
	arc #35 [31][15]: 600

demands...
	demands of vertex 0 at time interval: 11
	demands of vertex 1 at time interval: 11
	demands of vertex 2 at time interval: 0
	demands of vertex 3 at time interval: 11
	demands of vertex 4 at time interval: 11
	demands of vertex 5 at time interval: 11
	demands of vertex 6 at time interval: 0
	demands of vertex 7 at time interval: 11
	demands of vertex 8 at time interval: 0
	demands of vertex 9 at time interval: 11
	demands of vertex 10 at time interval: 0
	demands of vertex 11 at time interval: 11
	demands of vertex 12 at time interval: 0
	demands of vertex 13 at time interval: 11
	demands of vertex 14 at time interval: 11
	demands of vertex 15 at time interval: 0
	demands of vertex 16 at time interval: 0
	demands of vertex 17 at time interval: 11
	demands of vertex 18 at time interval: 0
	demands of vertex 19 at time interval: 11
	demands of vertex 20 at time interval: 11
	demands of vertex 21 at time interval: 11
	demands of vertex 22 at time interval: 0
	demands of vertex 23 at time interval: 11
	demands of vertex 24 at time interval: 0
	demands of vertex 25 at time interval: 11
	demands of vertex 26 at time interval: 0
	demands of vertex 27 at time interval: 11
	demands of vertex 28 at time interval: 0
	demands of vertex 29 at time interval: 11
	demands of vertex 30 at time interval: 11
	demands of vertex 31 at time interval: 11

maximum time = 51540
alpha = 180

>> Solving...
Version identifier: 20.1.0.0 | 2020-11-10 | 9bedb6d68
CPXPARAM_Threads                                 1
CPXPARAM_TimeLimit                               43200
Tried aggregator 3 times.
MIP Presolve eliminated 207093 rows and 47668 columns.
MIP Presolve modified 39798 coefficients.
Aggregator did 538 substitutions.
Reduced MIP has 317983 rows, 119943 columns, and 776067 nonzeros.
Reduced MIP has 119052 binaries, 0 generals, 0 SOSs, and 0 indicators.
Presolve time = 25.04 sec. (5140.89 ticks)
Probing fixed 12 vars, tightened 24 bounds.
Probing time = 9.44 sec. (863.52 ticks)
Tried aggregator 1 time.
Detecting symmetries...
Elapsed time for symmetry detection = 48.11 sec. (10003.36 ticks)
Elapsed time for symmetry detection = 96.42 sec. (20008.64 ticks)
Elapsed time for symmetry detection = 144.86 sec. (30009.57 ticks)
Elapsed time for symmetry detection = 192.57 sec. (40013.71 ticks)
Found 3.789508e+36508 symmetric permutations.
MIP Presolve eliminated 1195 rows and 67 columns.
MIP Presolve modified 1182 coefficients.
Reduced MIP has 316788 rows, 119876 columns, and 772467 nonzeros.
Reduced MIP has 118985 binaries, 0 generals, 0 SOSs, and 0 indicators.
Presolve time = 233.34 sec. (48733.27 ticks)
Probing fixed 0 vars, tightened 16 bounds.
Probing time = 16.74 sec. (949.28 ticks)
Clique table members: 508377.
MIP emphasis: balance optimality and feasibility.
MIP search method: dynamic search.
Parallel mode: none, using 1 thread.
Root relaxation solution time = 941.64 sec. (63057.22 ticks)

        Nodes                                         Cuts/
   Node  Left     Objective  IInf  Best Integer    Best Bound    ItCnt     Gap

      0     0        0.0000 52896                      0.0000    58135         
      0     0     1948.9248 40913                  Cuts: 9377    95906         
      0     0     3919.2958 52843                  Cuts: 9786   125484         
      0     0     4456.8724 57436                  Cuts: 4579   142350         
      0     0     4627.8935 58489                  Cuts: 2517   147057         
      0     0     4945.8257 55568                  Cuts: 3426   150490         

Repeating presolve.
Tried aggregator 1 time.
MIP Presolve eliminated 134733 rows and 53973 columns.
MIP Presolve modified 1097 coefficients.
Reduced MIP has 182055 rows, 65903 columns, and 448911 nonzeros.
Reduced MIP has 65012 binaries, 0 generals, 0 SOSs, and 0 indicators.
Presolve time = 4.34 sec. (2146.24 ticks)
Probing fixed 0 vars, tightened 12 bounds.
Probing time = 2.59 sec. (576.28 ticks)
Tried aggregator 1 time.
Detecting symmetries...
Elapsed time for symmetry detection = 4.19 sec. (10001.07 ticks)
Found 1.244052e+43759 symmetric permutations.
MIP Presolve eliminated 151 rows and 143 columns.
MIP Presolve modified 538 coefficients.
Reduced MIP has 181904 rows, 65760 columns, and 448235 nonzeros.
Reduced MIP has 64869 binaries, 0 generals, 0 SOSs, and 0 indicators.
Presolve time = 10.91 sec. (19529.82 ticks)
Represolve time = 18.77 sec. (23021.17 ticks)
Probing fixed 0 vars, tightened 11 bounds.
Probing time = 1.39 sec. (326.68 ticks)
Clique table members: 297865.
MIP emphasis: balance optimality and feasibility.
MIP search method: dynamic search.
Parallel mode: none, using 1 thread.
Root relaxation solution time = 63.92 sec. (28903.05 ticks)

        Nodes                                         Cuts/
   Node  Left     Objective  IInf  Best Integer    Best Bound    ItCnt     Gap

      0     0     4945.8257 32074                   4945.8257   248189         
      0     0     5538.6251 24724                  Cuts: 4815   254277         
      0     0     6110.7577 30862                  Cuts: 1602   259066         
      0     0     6234.4745 31264                  Cuts: 2096   265000         
      0     0     6237.4565 31332                   Cuts: 741   267485         
      0     0     6301.7437 29728                   Cuts: 706   273677         
      0     0     6311.1803 32012                  Cuts: 1671   291346         
      0     0     6311.1803 32048                  Cuts: 1880   295268         
      0     0     6311.1803 31721                   Cuts: 157   296029         
      0     0     6311.1803 31832                  Cuts: 3423   302544         
Heuristic still looking.
      0     2     6311.1803 31649                   6311.1803   302544         
Elapsed time = 9107.51 sec. (1230340.67 ticks, tree = 0.01 MB, solutions = 0)
      1     3     7760.0000 29556                   6311.1803   353351         
      2     4     6528.2676 32346                   6528.2676   376779         
      3     5     7760.0000 28157                   6528.2676   406357         
      4     6    30200.0000  2114                   6528.2676   430434         
      5     7    40300.0000  1104                   6528.2676   440795         
      6     6    infeasible                         6528.2676   452390         
      7     7    40300.0000   604                   6528.2676   475048         
      8     6    infeasible                         6528.2676   476525         
      9     7    40300.0000   590                   6528.2676   476526         
     10     6    infeasible                         6528.2676   478469         
Elapsed time = 10452.71 sec. (1474898.72 ticks, tree = 0.24 MB, solutions = 0)
     12     6    infeasible                         6528.2676   479110         
     14     6    infeasible                         6528.2676   479656         
     16     6    infeasible                         6528.2676   480198         
     18     6    infeasible                         6528.2676   480724         
     24     6     7760.0000 29051                   6541.7063   515668         
     25     7     8667.0473 26868                   6541.7063   559684         
     26     8    12493.7299 22464                   6541.7063   592005         
     27     9    17660.0000 26732                   6541.7063   625229         
     28    10    24780.0000 22102                   6541.7063   657808         
     29    11    32540.0000 14528                   6541.7063   669152         
Elapsed time = 11039.71 sec. (1587666.94 ticks, tree = 0.40 MB, solutions = 0)
     31     9    infeasible                         6541.7063   673613         
     32    10     7292.3305 25270                   7292.3305   686145         
     33    11     8667.0473 21445                   7292.3305   745428         
     35    13     7327.7917 25166                   7292.3305   748176         
     36    14    11680.0000  8866                   7756.4737   777196         
     37    15    37460.0000  6680                   7756.4737   789175         
     38    16    29060.0000  9640                   7756.4737   803091         
     39    17    32540.0000  8759                   7756.4737   811109         
     40    18    48880.0000  6048                   7756.4737   817493         
     42    20    36820.0000   993                   7756.4737   821625         
Elapsed time = 11771.27 sec. (1692853.59 ticks, tree = 0.95 MB, solutions = 0)
     50    28    36820.0000   104                   7756.4737   823058         
     53    27    17660.0000 25182                   7760.0000   850897         
     54    28    17660.0000 28589                   7760.0000   876990         
     55    29    17660.0000 28015                   7760.0000   903337         
     56    30    39720.0000  5545                   7760.0000   911196         
     60    32    47480.0000   984                   7760.0000   913161         
     62    34    47660.0000    50                   7760.0000   915850         
     64    36    47660.0000    38                   7760.0000   915859         
     65    37    47720.0000    34                   7760.0000   916800         
     67    37    infeasible                         7760.0000   917329         
Elapsed time = 11969.40 sec. (1733174.95 ticks, tree = 2.22 MB, solutions = 0)
     80    42    50380.0000    80                   7760.0000   917429         
     86    42    25420.0000 29736                   7760.0000   947061         
     87    43    25420.0000 21898                   7760.0000   971448         
     88    44    25420.0000 16775                   7760.0000   986574         
     90    44    25420.0000 17523                   7760.0000   999522         
     91    45    25420.0000 16648                   7760.0000  1005690         
     92    46    25420.0000 16622                   7760.0000  1015320         
     93    46    40940.0000  8517                   7760.0000  1018629         
     94    47    33180.0000 12672                   7760.0000  1024183         
     96    47     7760.0000 29572                   7760.0000  1126163         
Elapsed time = 12497.87 sec. (1835291.58 ticks, tree = 2.89 MB, solutions = 0)
     97    48    23280.0000 26855                   7760.0000  1205739         
     98    49     8302.9939 29631                   7760.0000  1249018         
     99    50    10991.5699 24747                   7760.0000  1264865         
    100    51    11368.3468 25270                   7760.0000  1279535         
    102    51    17660.0000 24815                   7760.0000  1308785         
    103    52    13348.6146 27175                   7760.0000  1318725         
    106    53    13364.7506 28244                   7760.0000  1326281         
    107    54    24780.0000 22406                   7760.0000  1345110         
    108    55    24780.0000 21235                   7760.0000  1367147         
    110    57    24780.0000 21775                   7760.0000  1381273         
Elapsed time = 12951.35 sec. (1918478.84 ticks, tree = 3.31 MB, solutions = 0)
    111    58    24780.0000 18217                   7760.0000  1404507         
    112    59    40300.0000  4831                   7760.0000  1408334         
    115    62    40300.0000   174                   7760.0000  1412093         
    124    71    48420.0000   152                   7760.0000  1412307         
    135    82    40300.0000    94                   7760.0000  1412941         
    140    87    41800.0000    92                   7760.0000  1412988         
    154    99    40300.0000    80                   7760.0000  1413103         
    170   105    40300.0000    60                   7760.0000  1413188         
    190   110    40300.0000    36                   7760.0000  1413285         
*   200+   88                        41280.0000     7760.0000            81.20%
*   200+   88                        41080.0000     7760.0000            81.11%
*   200+   81                        40700.0000     7760.0000            80.93%
    200    82    40300.0000    10    40700.0000     7760.0000  1413313   80.93%
Elapsed time = 13018.61 sec. (1933333.52 ticks, tree = 5.47 MB, solutions = 3)
    203    82     7941.1180 30010    40700.0000     7941.1180  1543957   80.49%
    204    83    25420.0000 15052    40700.0000     7941.1180  1576908   80.49%
    205    84    25420.0000 14866    40700.0000     7941.1180  1582053   80.49%
    206    85    36580.0000  6981    40700.0000     7941.1180  1589853   80.49%
    209    84    31040.0000 32966    40700.0000     8302.9939  1626074   79.60%
    210    85    31040.0000 33013    40700.0000     8302.9939  1640404   79.60%
    211    86    31040.0000 33127    40700.0000     8302.9939  1659426   79.60%
    212    87    31040.0000 32808    40700.0000     8302.9939  1677535   79.60%
    213    88    31040.0000 24463    40700.0000     8302.9939  1687792   79.60%
    215    88    36180.0000  1203    40700.0000     8302.9939  1700614   79.60%
Elapsed time = 13775.19 sec. (2053249.81 ticks, tree = 5.66 MB, solutions = 3)
    223    88     8667.0473 19076    40700.0000     8667.0473  1790669   78.71%
    224    89     8667.0473 20117    40700.0000     8667.0473  1817240   78.71%
    225    90     8667.0473 26131    40700.0000     8667.0473  1867204   78.71%
    226    89    infeasible          40700.0000     8667.0473  1903493   78.71%
    227    90    10080.0000 12522    40700.0000     8667.0473  1970031   78.71%
    228    89        cutoff          40700.0000     8667.0473  1976007   78.71%
    229    90    17660.0000 18817    40700.0000     8667.0473  1993827   78.71%
    230    91    36180.0000  7011    40700.0000     8667.0473  2012192   78.71%
    233    90    15520.0000 27036    40700.0000     8667.0473  2059383   78.71%
    234    91    15520.0000 18228    40700.0000     8667.0473  2096429   78.71%
Elapsed time = 15008.52 sec. (2219390.99 ticks, tree = 5.83 MB, solutions = 3)
    235    92    15520.0000 25656    40700.0000     8667.0473  2126036   78.71%
    236    93    15520.0000 23966    40700.0000     8667.0473  2139328   78.71%
    237    92        cutoff          40700.0000     8667.0473  2151627   78.71%
    238    93    15520.0000 22690    40700.0000     8667.0473  2167145   78.71%
    239    94    17020.0000 21903    40700.0000     8667.0473  2180791   78.71%
    240    95    36880.0000  9747    40700.0000     8667.0473  2190364   78.71%
    241    96    17020.0000 21986    40700.0000     8667.0473  2200303   78.71%
    242    97    24960.0000 14951    40700.0000     8667.0473  2214067   78.71%
    243    96        cutoff          40700.0000     8667.0473  2218681   78.71%
    245    95    11787.0205 20890    40700.0000     8667.0473  2248343   78.71%
Elapsed time = 15427.96 sec. (2265325.91 ticks, tree = 6.04 MB, solutions = 3)
    246    96    17660.0000 21597    40700.0000     8667.0473  2278327   78.71%
    249    99    17660.0000 21084    40700.0000     8667.0473  2289699   78.71%
    251    97        cutoff          40700.0000     8667.0473  2314269   78.71%
    254    98    11768.7425 26907    40700.0000    11762.8547  2333235   71.10%
    256   100    11790.4331 24446    40700.0000    11762.8547  2342410   71.10%
    258   102    37460.0000  5794    40700.0000    11762.8547  2374044   71.10%
    262   102    40300.0000  1465    40700.0000    11762.8547  2388697   71.10%
    274   102    11788.1052 23864    40700.0000    11779.0090  2414252   71.06%
    275   103    40300.0000 12321    40700.0000    11779.0090  2433269   71.06%
    297   107        cutoff          40700.0000    11788.1052  2450213   71.04%
Elapsed time = 15920.24 sec. (2326041.98 ticks, tree = 6.77 MB, solutions = 3)
    299   109    36820.0000  1199    40700.0000    11790.4331  2471088   71.03%
    305   111    40300.0000  6403    40700.0000    11790.4331  2495340   71.03%
    309   112    40300.0000  1309    40700.0000    11790.4331  2504887   71.03%
    323   112    40300.0000  1328    40700.0000    11790.4331  2516398   71.03%
    347   112    40300.0000  1324    40700.0000    11790.4331  2527507   71.03%
    357   112    infeasible          40700.0000    11790.4331  2536307   71.03%
    394   117    infeasible          40700.0000    11790.4331  2541746   71.03%
    421   119    40480.0000  2488    40700.0000    12134.9774  2570075   70.18%
    423   117        cutoff          40700.0000    12579.0227  2607698   69.09%
    424   118    40300.0000  6173    40700.0000    13348.6146  2627972   67.20%
Elapsed time = 16209.41 sec. (2378217.29 ticks, tree = 7.34 MB, solutions = 3)
    430   120    40300.0000  1322    40700.0000    13348.6146  2636165   67.20%
    437   122    40540.0000   135    40700.0000    15520.0000  2653803   61.87%
*   440+  119                        40660.0000    15520.0000            61.83%
    445   124    40600.0000    12    40660.0000    15520.0000  2657206   61.83%
*   450   118      integral     0    40600.0000    15520.0000  2657785   61.77%
    451   116    infeasible          40600.0000    15520.0000  2672055   61.77%
    452   115    infeasible          40600.0000    15520.0000  2697247   61.77%
    453   114    infeasible          40600.0000    17020.0000  2721089   58.08%
    455   112        cutoff          40600.0000    17660.0000  2750339   56.50%
    456   111    infeasible          40600.0000    17660.0000  2771290   56.50%
    458   109    infeasible          40600.0000    17660.0000  2804804   56.50%
    459   108    infeasible          40600.0000    17660.0000  2829116   56.50%
Elapsed time = 16914.21 sec. (2489175.76 ticks, tree = 7.04 MB, solutions = 5)
    460   107        cutoff          40600.0000    17660.0000  2862448   56.50%
    461   106    infeasible          40600.0000    17660.0000  2906556   56.50%
    462   105    infeasible          40600.0000    17660.0000  2944169   56.50%
    463   104    infeasible          40600.0000    17660.0000  2964807   56.50%
    464   103        cutoff          40600.0000    17660.0000  2994256   56.50%
    466   101        cutoff          40600.0000    23280.0000  3007592   42.66%
    467   102    23280.0000 32433    40600.0000    23280.0000  3067356   42.66%
    468   103    40300.0000  1166    40600.0000    23280.0000  3083250   42.66%
    471   106    40300.0000   112    40600.0000    23280.0000  3084480   42.66%
*   480   101      integral     0    40580.0000    23280.0000  3085999   42.63%
Elapsed time = 17610.90 sec. (2672897.91 ticks, tree = 6.78 MB, solutions = 6)
    481   100        cutoff          40580.0000    23280.0000  3109667   42.63%
    482   101    40300.0000   297    40580.0000    24780.0000  3140175   38.94%
    488   103    40300.0000    86    40580.0000    24780.0000  3142516   38.94%
*   490+  100                        40540.0000    24780.0000            38.88%
*   495   103      integral     0    40500.0000    24780.0000  3143642   38.81%
*   498    98      integral     0    40420.0000    24780.0000  3143670   38.69%
*   499    93      integral     0    40360.0000    24780.0000  3143676   38.60%
    500    92    infeasible          40360.0000    24780.0000  3177305   38.60%
    501    91    infeasible          40360.0000    24780.0000  3210372   38.60%
    503    89        cutoff          40360.0000    24780.0000  3224337   38.60%
    507    85    infeasible          40360.0000    25420.0000  3247297   37.02%
    512    80    infeasible          40360.0000    31040.0000  3298498   23.09%
    514    78    infeasible          40360.0000    31040.0000  3318422   23.09%
Elapsed time = 18333.39 sec. (2807999.62 ticks, tree = 5.50 MB, solutions = 10)
    515    77    infeasible          40360.0000    31040.0000  3334706   23.09%
    516    76        cutoff          40360.0000    31153.3273  3353060   22.81%
    518    74        cutoff          40360.0000    33180.0000  3357636   17.79%
    534    58    infeasible          40360.0000    39720.0000  3372016    1.59%
    544    48        cutoff          40360.0000    40300.0000  3380425    0.15%
    554    38        cutoff          40360.0000    40300.0000  3383369    0.15%
    582    10        cutoff          40360.0000    40300.0000  3386061    0.15%
    591     1        cutoff          40360.0000    40300.0000  3393756    0.15%

Clique cuts applied:  961
Implied bound cuts applied:  3498
Flow cuts applied:  72
Mixed integer rounding cuts applied:  23
Zero-half cuts applied:  103
Lift and project cuts applied:  4
Gomory fractional cuts applied:  4

Root node processing (before b&c):
  Real time             = 9103.41 sec. (1226912.44 ticks)
Sequential b&c:
  Real time             = 9557.88 sec. (1629070.58 ticks)
                          ------------
Total (root+branch&cut) = 18661.29 sec. (2855983.02 ticks)
Optimal

>> Printing some results...
    -> Solution value = 40359 - 11:12:39
    -> Total time = 18661.29
    -> Gap value = 0.00

=============
Train 0
=============
> Trip 0
   23(time 0 - 00:00:00)(time 180 - 00:03:00) ->    22(time 220 - 00:03:40)(time 260 - 00:04:20) ->    21(time 320 - 00:05:20)(time 500 - 00:08:20) ->    20(time 560 - 00:09:20)(time 740 - 00:12:20) ->    19(time 800 - 00:13:20)(time 1040 - 00:17:20) ->    18(time 1080 - 00:18:00)(time 1200 - 00:20:00) ->    17(time 1260 - 00:21:00)(time 1500 - 00:25:00) -> 16
> Trip 1
   0(time 1500 - 00:25:00)(time 1740 - 00:29:00) ->    1(time 1800 - 00:30:00)(time 1920 - 00:32:00) ->    2(time 1960 - 00:32:40)(time 2200 - 00:36:40) ->    3(time 2260 - 00:37:40)(time 2440 - 00:40:40) ->    4(time 2500 - 00:41:40)(time 2680 - 00:44:40) ->    5(time 2740 - 00:45:40)(time 2780 - 00:46:20) ->    6(time 2820 - 00:47:00)(time 3000 - 00:50:00) ->    7(time 3120 - 00:52:00)(time 3480 - 00:58:00) ->    8(time 3540 - 00:59:00)(time 3840 - 01:04:00) ->    9(time 3900 - 01:05:00)(time 4140 - 01:09:00) ->    10(time 4180 - 01:09:40)(time 4300 - 01:11:40) ->    11(time 4360 - 01:12:40)(time 4600 - 01:16:40) ->    12(time 4660 - 01:17:40)(time 4840 - 01:20:40) ->    13(time 4900 - 01:21:40)(time 5020 - 01:23:40) ->    14(time 5080 - 01:24:40)(time 5260 - 01:27:40) ->    15(time 5380 - 01:29:40)(time 5380 - 01:29:40) ->    31(time 5380 - 01:29:40)(time 5560 - 01:32:40) ->    30(time 5620 - 01:33:40)(time 5740 - 01:35:40) ->    29(time 5800 - 01:36:40)(time 5980 - 01:39:40) ->    28(time 6040 - 01:40:40)(time 6280 - 01:44:40) ->    27(time 6340 - 01:45:40)(time 6460 - 01:47:40) ->    26(time 6500 - 01:48:20)(time 6740 - 01:52:20) ->    25(time 6800 - 01:53:20)(time 7100 - 01:58:20) ->    24(time 7160 - 01:59:20)(time 7520 - 02:05:20) ->    23(time 7640 - 02:07:20)(time 7820 - 02:10:20) ->    22(time 7860 - 02:11:00)(time 7900 - 02:11:40) ->    21(time 7960 - 02:12:40)(time 8140 - 02:15:40) ->    20(time 8200 - 02:16:40)(time 8380 - 02:19:40) ->    19(time 8440 - 02:20:40)(time 8680 - 02:24:40) ->    18(time 8720 - 02:25:20)(time 8840 - 02:27:20) ->    17(time 8900 - 02:28:20)(time 9140 - 02:32:20) ->    16(time 9260 - 02:34:20)(time 9260 - 02:34:20) -> 0
> Trip 2
   0(time 9260 - 02:34:20)(time 9500 - 02:38:20) ->    1(time 9560 - 02:39:20)(time 9680 - 02:41:20) ->    2(time 9720 - 02:42:00)(time 9960 - 02:46:00) ->    3(time 10020 - 02:47:00)(time 10200 - 02:50:00) ->    4(time 10260 - 02:51:00)(time 10440 - 02:54:00) ->    5(time 10500 - 02:55:00)(time 10540 - 02:55:40) ->    6(time 10580 - 02:56:20)(time 10760 - 02:59:20) ->    7(time 10880 - 03:01:20)(time 11240 - 03:07:20) ->    8(time 11300 - 03:08:20)(time 11600 - 03:13:20) ->    9(time 11660 - 03:14:20)(time 11900 - 03:18:20) ->    10(time 11940 - 03:19:00)(time 12060 - 03:21:00) ->    11(time 12120 - 03:22:00)(time 12360 - 03:26:00) ->    12(time 12420 - 03:27:00)(time 12600 - 03:30:00) ->    13(time 12660 - 03:31:00)(time 12780 - 03:33:00) ->    14(time 12840 - 03:34:00)(time 13020 - 03:37:00) ->    15(time 13140 - 03:39:00)(time 13140 - 03:39:00) ->    31(time 13140 - 03:39:00)(time 13320 - 03:42:00) ->    30(time 13380 - 03:43:00)(time 13500 - 03:45:00) ->    29(time 13560 - 03:46:00)(time 13740 - 03:49:00) ->    28(time 13800 - 03:50:00)(time 14040 - 03:54:00) ->    27(time 14100 - 03:55:00)(time 14220 - 03:57:00) ->    26(time 14260 - 03:57:40)(time 14500 - 04:01:40) ->    25(time 14560 - 04:02:40)(time 14860 - 04:07:40) ->    24(time 14920 - 04:08:40)(time 15280 - 04:14:40) ->    23(time 15400 - 04:16:40)(time 15580 - 04:19:40) ->    22(time 15620 - 04:20:20)(time 15660 - 04:21:00) ->    21(time 15720 - 04:22:00)(time 15900 - 04:25:00) ->    20(time 15960 - 04:26:00)(time 16140 - 04:29:00) ->    19(time 16200 - 04:30:00)(time 16440 - 04:34:00) ->    18(time 16480 - 04:34:40)(time 16600 - 04:36:40) ->    17(time 16660 - 04:37:40)(time 16900 - 04:41:40) ->    16(time 17020 - 04:43:40)(time 17020 - 04:43:40) -> 0
> Trip 3
   0(time 17020 - 04:43:40)(time 17260 - 04:47:40) ->    1(time 17320 - 04:48:40)(time 17440 - 04:50:40) ->    2(time 17480 - 04:51:20)(time 17720 - 04:55:20) ->    3(time 17780 - 04:56:20)(time 17960 - 04:59:20) ->    4(time 18020 - 05:00:20)(time 18200 - 05:03:20) ->    5(time 18260 - 05:04:20)(time 18300 - 05:05:00) ->    6(time 18340 - 05:05:40)(time 18520 - 05:08:40) ->    7(time 18640 - 05:10:40)(time 19000 - 05:16:40) ->    8(time 19060 - 05:17:40)(time 19360 - 05:22:40) ->    9(time 19420 - 05:23:40)(time 19660 - 05:27:40) ->    10(time 19700 - 05:28:20)(time 19820 - 05:30:20) ->    11(time 19880 - 05:31:20)(time 20120 - 05:35:20) ->    12(time 20180 - 05:36:20)(time 20360 - 05:39:20) ->    13(time 20420 - 05:40:20)(time 20540 - 05:42:20) ->    14(time 20600 - 05:43:20)(time 20780 - 05:46:20) ->    15(time 20900 - 05:48:20)(time 20900 - 05:48:20) ->    31(time 20900 - 05:48:20)(time 21080 - 05:51:20) ->    30(time 21140 - 05:52:20)(time 21260 - 05:54:20) ->    29(time 21320 - 05:55:20)(time 21500 - 05:58:20) ->    28(time 21560 - 05:59:20)(time 21800 - 06:03:20) ->    27(time 21860 - 06:04:20)(time 21980 - 06:06:20) ->    26(time 22020 - 06:07:00)(time 22260 - 06:11:00) ->    25(time 22320 - 06:12:00)(time 22620 - 06:17:00) ->    24(time 22680 - 06:18:00)(time 23040 - 06:24:00) ->    23(time 23160 - 06:26:00)(time 23340 - 06:29:00) ->    22(time 23380 - 06:29:40)(time 23420 - 06:30:20) ->    21(time 23480 - 06:31:20)(time 23660 - 06:34:20) ->    20(time 23720 - 06:35:20)(time 23900 - 06:38:20) ->    19(time 23960 - 06:39:20)(time 24200 - 06:43:20) ->    18(time 24240 - 06:44:00)(time 24360 - 06:46:00) ->    17(time 24420 - 06:47:00)(time 24660 - 06:51:00) ->    16(time 24780 - 06:53:00)(time 24780 - 06:53:00) -> 0
> Trip 4
   0(time 24780 - 06:53:00)(time 25020 - 06:57:00) ->    1(time 25080 - 06:58:00)(time 25200 - 07:00:00) ->    2(time 25240 - 07:00:40)(time 25480 - 07:04:40) ->    3(time 25540 - 07:05:40)(time 25720 - 07:08:40) ->    4(time 25780 - 07:09:40)(time 25960 - 07:12:40) ->    5(time 26020 - 07:13:40)(time 26060 - 07:14:20) ->    6(time 26100 - 07:15:00)(time 26280 - 07:18:00) ->    7(time 26400 - 07:20:00)(time 26760 - 07:26:00) ->    8(time 26820 - 07:27:00)(time 27120 - 07:32:00) ->    9(time 27180 - 07:33:00)(time 27420 - 07:37:00) ->    10(time 27460 - 07:37:40)(time 27580 - 07:39:40) ->    11(time 27640 - 07:40:40)(time 27880 - 07:44:40) ->    12(time 27940 - 07:45:40)(time 28120 - 07:48:40) ->    13(time 28180 - 07:49:40)(time 28300 - 07:51:40) ->    14(time 28360 - 07:52:40)(time 28540 - 07:55:40) ->    15(time 28660 - 07:57:40)(time 28660 - 07:57:40) ->    31(time 28660 - 07:57:40)(time 28840 - 08:00:40) ->    30(time 28900 - 08:01:40)(time 29020 - 08:03:40) ->    29(time 29080 - 08:04:40)(time 29260 - 08:07:40) ->    28(time 29320 - 08:08:40)(time 29560 - 08:12:40) ->    27(time 29620 - 08:13:40)(time 29740 - 08:15:40) ->    26(time 29780 - 08:16:20)(time 30020 - 08:20:20) ->    25(time 30080 - 08:21:20)(time 30380 - 08:26:20) ->    24(time 30440 - 08:27:20)(time 30800 - 08:33:20) ->    23(time 30920 - 08:35:20)(time 31100 - 08:38:20) ->    22(time 31140 - 08:39:00)(time 31180 - 08:39:40) ->    21(time 31240 - 08:40:40)(time 31420 - 08:43:40) ->    20(time 31480 - 08:44:40)(time 31660 - 08:47:40) ->    19(time 31720 - 08:48:40)(time 31960 - 08:52:40) ->    18(time 32000 - 08:53:20)(time 32120 - 08:55:20) ->    17(time 32180 - 08:56:20)(time 32420 - 09:00:20) ->    16(time 32540 - 09:02:20)(time 32540 - 09:02:20) -> 0
> Trip 5
   0(time 32540 - 09:02:20)(time 32780 - 09:06:20) ->    1(time 32840 - 09:07:20)(time 32960 - 09:09:20) ->    2(time 33000 - 09:10:00)(time 33240 - 09:14:00) ->    3(time 33300 - 09:15:00)(time 33480 - 09:18:00) ->    4(time 33540 - 09:19:00)(time 33720 - 09:22:00) ->    5(time 33780 - 09:23:00)(time 33820 - 09:23:40) ->    6(time 33860 - 09:24:20)(time 34040 - 09:27:20) ->    7(time 34160 - 09:29:20)(time 34520 - 09:35:20) ->    8(time 34580 - 09:36:20)(time 34880 - 09:41:20) ->    9(time 34940 - 09:42:20)(time 35180 - 09:46:20) ->    10(time 35220 - 09:47:00)(time 35340 - 09:49:00) ->    11(time 35400 - 09:50:00)(time 35640 - 09:54:00) ->    12(time 35700 - 09:55:00)(time 35880 - 09:58:00) ->    13(time 35940 - 09:59:00)(time 36060 - 10:01:00) ->    14(time 36120 - 10:02:00)(time 36300 - 10:05:00) ->    15(time 36420 - 10:07:00)(time 36420 - 10:07:00) ->    31(time 36480 - 10:08:00)(time 36660 - 10:11:00) ->    30(time 36720 - 10:12:00)(time 36840 - 10:14:00) ->    29(time 36900 - 10:15:00)(time 37080 - 10:18:00) ->    28(time 37140 - 10:19:00)(time 37380 - 10:23:00) ->    27(time 37440 - 10:24:00)(time 37560 - 10:26:00) ->    26(time 37600 - 10:26:40)(time 37840 - 10:30:40) ->    25(time 37900 - 10:31:40)(time 38200 - 10:36:40) ->    24(time 38260 - 10:37:40)(time 38620 - 10:43:40) ->    23(time 38740 - 10:45:40)(time 38920 - 10:48:40) ->    22(time 38960 - 10:49:20)(time 39000 - 10:50:00) ->    21(time 39060 - 10:51:00)(time 39240 - 10:54:00) ->    20(time 39300 - 10:55:00)(time 39480 - 10:58:00) ->    19(time 39540 - 10:59:00)(time 39780 - 11:03:00) ->    18(time 39820 - 11:03:40)(time 39940 - 11:05:40) ->    17(time 40000 - 11:06:40)(time 40240 - 11:10:40) ->    16(time 40360 - 11:12:40)(time 40360 - 11:12:40) -> 0
=============
Train 1
=============
> Trip 0
   23(time 840 - 00:14:00)(time 1020 - 00:17:00) ->    22(time 1060 - 00:17:40)(time 1100 - 00:18:20) ->    21(time 1160 - 00:19:20)(time 1340 - 00:22:20) ->    20(time 1400 - 00:23:20)(time 1580 - 00:26:20) ->    19(time 1640 - 00:27:20)(time 1880 - 00:31:20) ->    18(time 1920 - 00:32:00)(time 2040 - 00:34:00) ->    17(time 2100 - 00:35:00)(time 2340 - 00:39:00) -> 16
> Trip 1
   0(time 2340 - 00:39:00)(time 2580 - 00:43:00) ->    1(time 2640 - 00:44:00)(time 2760 - 00:46:00) ->    2(time 2800 - 00:46:40)(time 3040 - 00:50:40) ->    3(time 3100 - 00:51:40)(time 3280 - 00:54:40) ->    4(time 3340 - 00:55:40)(time 3520 - 00:58:40) ->    5(time 3580 - 00:59:40)(time 3620 - 01:00:20) ->    6(time 3660 - 01:01:00)(time 3840 - 01:04:00) ->    7(time 3960 - 01:06:00)(time 4320 - 01:12:00) ->    8(time 4380 - 01:13:00)(time 4680 - 01:18:00) ->    9(time 4740 - 01:19:00)(time 4980 - 01:23:00) ->    10(time 5020 - 01:23:40)(time 5140 - 01:25:40) ->    11(time 5200 - 01:26:40)(time 5440 - 01:30:40) ->    12(time 5980 - 01:39:40)(time 6160 - 01:42:40) ->    13(time 6220 - 01:43:40)(time 6340 - 01:45:40) ->    14(time 6400 - 01:46:40)(time 6580 - 01:49:40) ->    15(time 6700 - 01:51:40)(time 6700 - 01:51:40) ->    31(time 6700 - 01:51:40)(time 6880 - 01:54:40) ->    30(time 6940 - 01:55:40)(time 7060 - 01:57:40) ->    29(time 7660 - 02:07:40)(time 7840 - 02:10:40) ->    28(time 8240 - 02:17:20)(time 8480 - 02:21:20) ->    27(time 8540 - 02:22:20)(time 8660 - 02:24:20) ->    26(time 8700 - 02:25:00)(time 8940 - 02:29:00) ->    25(time 9000 - 02:30:00)(time 9300 - 02:35:00) ->    24(time 9360 - 02:36:00)(time 9720 - 02:42:00) ->    23(time 10320 - 02:52:00)(time 10500 - 02:55:00) ->    22(time 10540 - 02:55:40)(time 10580 - 02:56:20) ->    21(time 10640 - 02:57:20)(time 10820 - 03:00:20) ->    20(time 10880 - 03:01:20)(time 11060 - 03:04:20) ->    19(time 11120 - 03:05:20)(time 11360 - 03:09:20) ->    18(time 11400 - 03:10:00)(time 11520 - 03:12:00) ->    17(time 11580 - 03:13:00)(time 11820 - 03:17:00) ->    16(time 11940 - 03:19:00)(time 11940 - 03:19:00) -> 0
> Trip 2
   0(time 11940 - 03:19:00)(time 12180 - 03:23:00) ->    1(time 12780 - 03:33:00)(time 12900 - 03:35:00) ->    2(time 13280 - 03:41:20)(time 13520 - 03:45:20) ->    3(time 13580 - 03:46:20)(time 13760 - 03:49:20) ->    4(time 13820 - 03:50:20)(time 14000 - 03:53:20) ->    5(time 14060 - 03:54:20)(time 14100 - 03:55:00) ->    6(time 14140 - 03:55:40)(time 14320 - 03:58:40) ->    7(time 14440 - 04:00:40)(time 14800 - 04:06:40) ->    8(time 14860 - 04:07:40)(time 15160 - 04:12:40) ->    9(time 15220 - 04:13:40)(time 15460 - 04:17:40) ->    10(time 15500 - 04:18:20)(time 15620 - 04:20:20) ->    11(time 15680 - 04:21:20)(time 15920 - 04:25:20) ->    12(time 15980 - 04:26:20)(time 16160 - 04:29:20) ->    13(time 16220 - 04:30:20)(time 16340 - 04:32:20) ->    14(time 16400 - 04:33:20)(time 16580 - 04:36:20) ->    15(time 16700 - 04:38:20)(time 16700 - 04:38:20) ->    31(time 16700 - 04:38:20)(time 16880 - 04:41:20) ->    30(time 16940 - 04:42:20)(time 17060 - 04:44:20) ->    29(time 17120 - 04:45:20)(time 17300 - 04:48:20) ->    28(time 17360 - 04:49:20)(time 17600 - 04:53:20) ->    27(time 17660 - 04:54:20)(time 17780 - 04:56:20) ->    26(time 17820 - 04:57:00)(time 18060 - 05:01:00) ->    25(time 18120 - 05:02:00)(time 18420 - 05:07:00) ->    24(time 19020 - 05:17:00)(time 19380 - 05:23:00) ->    23(time 19500 - 05:25:00)(time 19680 - 05:28:00) ->    22(time 19720 - 05:28:40)(time 19760 - 05:29:20) ->    21(time 19820 - 05:30:20)(time 20000 - 05:33:20) ->    20(time 20500 - 05:41:40)(time 20680 - 05:44:40) ->    19(time 21280 - 05:54:40)(time 21520 - 05:58:40) ->    18(time 21560 - 05:59:20)(time 21680 - 06:01:20) ->    17(time 21740 - 06:02:20)(time 21980 - 06:06:20) ->    16(time 22100 - 06:08:20)(time 22100 - 06:08:20) -> 0
> Trip 3
   0(time 22100 - 06:08:20)(time 22340 - 06:12:20) ->    1(time 22400 - 06:13:20)(time 22520 - 06:15:20) ->    2(time 22560 - 06:16:00)(time 22800 - 06:20:00) ->    3(time 22860 - 06:21:00)(time 23040 - 06:24:00) ->    4(time 23100 - 06:25:00)(time 23280 - 06:28:00) ->    5(time 23340 - 06:29:00)(time 23380 - 06:29:40) ->    6(time 23520 - 06:32:00)(time 23700 - 06:35:00) ->    7(time 24300 - 06:45:00)(time 24660 - 06:51:00) ->    8(time 24720 - 06:52:00)(time 25020 - 06:57:00) ->    9(time 25080 - 06:58:00)(time 25320 - 07:02:00) ->    10(time 25600 - 07:06:40)(time 25720 - 07:08:40) ->    11(time 26320 - 07:18:40)(time 26560 - 07:22:40) ->    12(time 26620 - 07:23:40)(time 26800 - 07:26:40) ->    13(time 26860 - 07:27:40)(time 26980 - 07:29:40) ->    14(time 27040 - 07:30:40)(time 27220 - 07:33:40) ->    15(time 27340 - 07:35:40)(time 27340 - 07:35:40) ->    31(time 27340 - 07:35:40)(time 27520 - 07:38:40) ->    30(time 27580 - 07:39:40)(time 27700 - 07:41:40) ->    29(time 27760 - 07:42:40)(time 27940 - 07:45:40) ->    28(time 28120 - 07:48:40)(time 28360 - 07:52:40) ->    27(time 28420 - 07:53:40)(time 28540 - 07:55:40) ->    26(time 28580 - 07:56:20)(time 28820 - 08:00:20) ->    25(time 28880 - 08:01:20)(time 29180 - 08:06:20) ->    24(time 29240 - 08:07:20)(time 29600 - 08:13:20) ->    23(time 29720 - 08:15:20)(time 29900 - 08:18:20) ->    22(time 29940 - 08:19:00)(time 29980 - 08:19:40) ->    21(time 30200 - 08:23:20)(time 30380 - 08:26:20) ->    20(time 30440 - 08:27:20)(time 30620 - 08:30:20) ->    19(time 30680 - 08:31:20)(time 30920 - 08:35:20) ->    18(time 30960 - 08:36:00)(time 31080 - 08:38:00) ->    17(time 31140 - 08:39:00)(time 31380 - 08:43:00) ->    16(time 31500 - 08:45:00)(time 31500 - 08:45:00) -> 0
> Trip 4
   0(time 31500 - 08:45:00)(time 31740 - 08:49:00) ->    1(time 31800 - 08:50:00)(time 31920 - 08:52:00) ->    2(time 31960 - 08:52:40)(time 32200 - 08:56:40) ->    3(time 32260 - 08:57:40)(time 32440 - 09:00:40) ->    4(time 32500 - 09:01:40)(time 32680 - 09:04:40) ->    5(time 32740 - 09:05:40)(time 32780 - 09:06:20) ->    6(time 32820 - 09:07:00)(time 33000 - 09:10:00) ->    7(time 33120 - 09:12:00)(time 33480 - 09:18:00) ->    8(time 33740 - 09:22:20)(time 34040 - 09:27:20) ->    9(time 34100 - 09:28:20)(time 34340 - 09:32:20) ->    10(time 34380 - 09:33:00)(time 34500 - 09:35:00) ->    11(time 35100 - 09:45:00)(time 35340 - 09:49:00) ->    12(time 35520 - 09:52:00)(time 35700 - 09:55:00) ->    13(time 35760 - 09:56:00)(time 35880 - 09:58:00) ->    14(time 35940 - 09:59:00)(time 36120 - 10:02:00) ->    15(time 36240 - 10:04:00)(time 36240 - 10:04:00) ->    31(time 36300 - 10:05:00)(time 36480 - 10:08:00) ->    30(time 36540 - 10:09:00)(time 36660 - 10:11:00) ->    29(time 36720 - 10:12:00)(time 36900 - 10:15:00) ->    28(time 36960 - 10:16:00)(time 37200 - 10:20:00) ->    27(time 37260 - 10:21:00)(time 37380 - 10:23:00) ->    26(time 37420 - 10:23:40)(time 37660 - 10:27:40) ->    25(time 37720 - 10:28:40)(time 38020 - 10:33:40) ->    24(time 38080 - 10:34:40)(time 38440 - 10:40:40) ->    23(time 38560 - 10:42:40)(time 38740 - 10:45:40) ->    22(time 38780 - 10:46:20)(time 38820 - 10:47:00) ->    21(time 38880 - 10:48:00)(time 39060 - 10:51:00) ->    20(time 39120 - 10:52:00)(time 39300 - 10:55:00) ->    19(time 39360 - 10:56:00)(time 39600 - 11:00:00) ->    18(time 39640 - 11:00:40)(time 39760 - 11:02:40) ->    17(time 39820 - 11:03:40)(time 40060 - 11:07:40) ->    16(time 40180 - 11:09:40)(time 40180 - 11:09:40) -> 0
=============
Train 2
=============
> Trip 0
   7(time 0 - 00:00:00)(time 360 - 00:06:00) ->    8(time 420 - 00:07:00)(time 720 - 00:12:00) ->    9(time 780 - 00:13:00)(time 1020 - 00:17:00) ->    10(time 1620 - 00:27:00)(time 1740 - 00:29:00) ->    11(time 2340 - 00:39:00)(time 2580 - 00:43:00) ->    12(time 3180 - 00:53:00)(time 3360 - 00:56:00) ->    13(time 3960 - 01:06:00)(time 4080 - 01:08:00) ->    14(time 4680 - 01:18:00)(time 4860 - 01:21:00) -> 15
> Trip 1
   31(time 21080 - 05:51:20)(time 21260 - 05:54:20) ->    30(time 21320 - 05:55:20)(time 21440 - 05:57:20) ->    29(time 21500 - 05:58:20)(time 21680 - 06:01:20) ->    28(time 21740 - 06:02:20)(time 21980 - 06:06:20) ->    27(time 22040 - 06:07:20)(time 22160 - 06:09:20) ->    26(time 22200 - 06:10:00)(time 22440 - 06:14:00) ->    25(time 22500 - 06:15:00)(time 22800 - 06:20:00) ->    24(time 22860 - 06:21:00)(time 23220 - 06:27:00) ->    23(time 23340 - 06:29:00)(time 23520 - 06:32:00) ->    22(time 23560 - 06:32:40)(time 23600 - 06:33:20) ->    21(time 23660 - 06:34:20)(time 23840 - 06:37:20) ->    20(time 23900 - 06:38:20)(time 24080 - 06:41:20) ->    19(time 24360 - 06:46:00)(time 24600 - 06:50:00) ->    18(time 25200 - 07:00:00)(time 25320 - 07:02:00) ->    17(time 25380 - 07:03:00)(time 25620 - 07:07:00) ->    16(time 25740 - 07:09:00)(time 25740 - 07:09:00) ->    0(time 25740 - 07:09:00)(time 25980 - 07:13:00) ->    1(time 26040 - 07:14:00)(time 26160 - 07:16:00) ->    2(time 26200 - 07:16:40)(time 26440 - 07:20:40) ->    3(time 26500 - 07:21:40)(time 26680 - 07:24:40) ->    4(time 26740 - 07:25:40)(time 26920 - 07:28:40) ->    5(time 27340 - 07:35:40)(time 27380 - 07:36:20) ->    6(time 27980 - 07:46:20)(time 28160 - 07:49:20) ->    7(time 28760 - 07:59:20)(time 29120 - 08:05:20) ->    8(time 29180 - 08:06:20)(time 29480 - 08:11:20) ->    9(time 29540 - 08:12:20)(time 29780 - 08:16:20) ->    10(time 30380 - 08:26:20)(time 30500 - 08:28:20) ->    11(time 31000 - 08:36:40)(time 31240 - 08:40:40) ->    12(time 31300 - 08:41:40)(time 31480 - 08:44:40) ->    13(time 31540 - 08:45:40)(time 31660 - 08:47:40) ->    14(time 31720 - 08:48:40)(time 31900 - 08:51:40) ->    15(time 32020 - 08:53:40)(time 32020 - 08:53:40) -> 31
> Trip 2
   31(time 32020 - 08:53:40)(time 32200 - 08:56:40) ->    30(time 32260 - 08:57:40)(time 32380 - 08:59:40) ->    29(time 32440 - 09:00:40)(time 32620 - 09:03:40) ->    28(time 32680 - 09:04:40)(time 32920 - 09:08:40) ->    27(time 32980 - 09:09:40)(time 33100 - 09:11:40) ->    26(time 33140 - 09:12:20)(time 33380 - 09:16:20) ->    25(time 33440 - 09:17:20)(time 33740 - 09:22:20) ->    24(time 33800 - 09:23:20)(time 34160 - 09:29:20) ->    23(time 34280 - 09:31:20)(time 34460 - 09:34:20) ->    22(time 34500 - 09:35:00)(time 34540 - 09:35:40) ->    21(time 34600 - 09:36:40)(time 34780 - 09:39:40) ->    20(time 34840 - 09:40:40)(time 35020 - 09:43:40) ->    19(time 35080 - 09:44:40)(time 35320 - 09:48:40) ->    18(time 35360 - 09:49:20)(time 35480 - 09:51:20) ->    17(time 35540 - 09:52:20)(time 35780 - 09:56:20) ->    16(time 35900 - 09:58:20)(time 35900 - 09:58:20) ->    0(time 35900 - 09:58:20)(time 36140 - 10:02:20) ->    1(time 36200 - 10:03:20)(time 36320 - 10:05:20) ->    2(time 36360 - 10:06:00)(time 36600 - 10:10:00) ->    3(time 36660 - 10:11:00)(time 36840 - 10:14:00) ->    4(time 36900 - 10:15:00)(time 37080 - 10:18:00) ->    5(time 37140 - 10:19:00)(time 37180 - 10:19:40) ->    6(time 37220 - 10:20:20)(time 37400 - 10:23:20) ->    7(time 37520 - 10:25:20)(time 37880 - 10:31:20) ->    8(time 38200 - 10:36:40)(time 38500 - 10:41:40) ->    9(time 38560 - 10:42:40)(time 38800 - 10:46:40) ->    10(time 38840 - 10:47:20)(time 38960 - 10:49:20) ->    11(time 39340 - 10:55:40)(time 39580 - 10:59:40) ->    12(time 39640 - 11:00:40)(time 39820 - 11:03:40) ->    13(time 39880 - 11:04:40)(time 40000 - 11:06:40) ->    14(time 40060 - 11:07:40)(time 40240 - 11:10:40) ->    15(time 40360 - 11:12:40)(time 40360 - 11:12:40) -> 31
