t3p19r2h5.txt:
   > Trying to open the instance file...
   > Reading number of trains...
   > Reading maximum number of trips per train...
   > Reading time intervals...
   > Reading number of points...
   > Reading stations...
   > Reading crossings...
   > Reading depots...
   > Reading initial point...
   > Reading routes...
   > Reading distance and distance and service...
   > Reading demands...
   > Reading maximum time...
   > Reading alpha...

--------------------------------
 Printing instance
--------------------------------
number of trains = 3
	max trips per trains: 4     4     4
number of intervals = 5
	(0,  10685)	(10686,  21370)	(21371,  32055)	(32056,  42740)	(42741,  53426)
number of points = 19
	initial point: 0
	stations: 0     1     2     6     7     8     9    10    11    12    13    14    15    16    17    18
	crossings: 0     2     3     4     5     7    12    18
	depots: 0    18
number of vertices = 38
	total vertices: 0     1     2     3     4     5     6     7     8     9    10    11    12    13    14    15    16    17    18    19    20    21    22    23    24    25    26    27    28    29    30    31    32    33    34    35    36    37
	upper vertices: 0     1     2     3     4     5     6     7     8     9    10    11    12    13    14    15    16    17    18
	lower vertices: 19    20    21    22    23    24    25    26    27    28    29    30    31    32    33    34    35    36    37
	vertices of point #0: (0, 19)
	vertices of point #1: (1, 20)
	vertices of point #2: (2, 21)
	vertices of point #3: (3, 22)
	vertices of point #4: (4, 23)
	vertices of point #5: (5, 24)
	vertices of point #6: (6, 25)
	vertices of point #7: (7, 26)
	vertices of point #8: (8, 27)
	vertices of point #9: (9, 28)
	vertices of point #10: (10, 29)
	vertices of point #11: (11, 30)
	vertices of point #12: (12, 31)
	vertices of point #13: (13, 32)
	vertices of point #14: (14, 33)
	vertices of point #15: (15, 34)
	vertices of point #16: (16, 35)
	vertices of point #17: (17, 36)
	vertices of point #18: (18, 37)

arcs...
	total arcs: 
		arc #0: (0, 1)
		arc #1: (0, 19)
		arc #2: (19, 0)
		arc #3: (1, 2)
		arc #4: (20, 19)
		arc #5: (2, 3)
		arc #6: (21, 20)
		arc #7: (3, 4)
		arc #8: (22, 21)
		arc #9: (4, 5)
		arc #10: (23, 22)
		arc #11: (5, 6)
		arc #12: (24, 23)
		arc #13: (6, 7)
		arc #14: (25, 24)
		arc #15: (7, 8)
		arc #16: (26, 25)
		arc #17: (8, 9)
		arc #18: (27, 26)
		arc #19: (9, 10)
		arc #20: (28, 27)
		arc #21: (10, 11)
		arc #22: (29, 28)
		arc #23: (11, 12)
		arc #24: (30, 29)
		arc #25: (12, 13)
		arc #26: (31, 30)
		arc #27: (13, 14)
		arc #28: (32, 31)
		arc #29: (14, 15)
		arc #30: (33, 32)
		arc #31: (15, 16)
		arc #32: (34, 33)
		arc #33: (16, 17)
		arc #34: (35, 34)
		arc #35: (17, 18)
		arc #36: (36, 35)
		arc #37: (37, 36)
		arc #38: (18, 37)
		arc #39: (37, 18)

	reverse arcs: 
		arc #1: (0, 19)
		arc #2: (19, 0)
		arc #38: (18, 37)
		arc #39: (37, 18)


incompatible points...
	(0, 1, 21, (1, 2))	(21, 20, 0, (20, 19))	(2, 2, 22, (2, 3))	(22, 22, 2, (22, 21))	(3, 3, 23, (3, 4))	(23, 23, 3, (23, 22))	(4, 4, 24, (4, 5))	(24, 24, 4, (24, 23))	(5, 6, 26, (6, 7))	(26, 25, 5, (25, 24))	(7, 11, 31, (11, 12))	(31, 27, 7, (27, 26))	(12, 17, 37, (17, 18))	(37, 32, 12, (32, 31))

number of routes = 2
vertices of routes...
	route #0: 0     1     2     3     4     5     6     7     8     9    10    11    12    13    14    15    16    17    18    37    36    35    34    33    32    31    30    29    28    27    26    25    24    23    22    21    20    19     0
	route #1: 37    36    35    34    33    32    31    30    29    28    27    26    25    24    23    22    21    20    19     0     1     2     3     4     5     6     7     8     9    10    11    12    13    14    15    16    17    18    37
arcs of routes...
	route #0: 0     3     5     7     9    11    13    15    17    19    21    23    25    27    29    31    33    35    38    37    36    34    32    30    28    26    24    22    20    18    16    14    12    10     8     6     4     2
	route #1: 37    36    34    32    30    28    26    24    22    20    18    16    14    12    10     8     6     4     2     0     3     5     7     9    11    13    15    17    19    21    23    25    27    29    31    33    35    38

incompatible routes...
	(0, 1)    	(1, 0)

vertices that can be adjacent in consecutive trips...
	(0, 0)    	(37, 37)
non cyclical routes: 


routes of trip...
	routes that train #0 can complete at trip #0: 0
	routes that train #0 can complete at trip #1: 0       1
	routes that train #0 can complete at trip #2: 0       1
	routes that train #0 can complete at trip #3: 0       1

	routes that train #1 can complete at trip #0: 0
	routes that train #1 can complete at trip #1: 0       1
	routes that train #1 can complete at trip #2: 0       1
	routes that train #1 can complete at trip #3: 0       1

	routes that train #2 can complete at trip #0: 0
	routes that train #2 can complete at trip #1: 0       1
	routes that train #2 can complete at trip #2: 0       1
	routes that train #2 can complete at trip #3: 0       1

 cost...
	arc #0 [0][1]: 128
	arc #1 [0][19]: 0
	arc #2 [19][0]: 0
	arc #3 [1][2]: 144
	arc #4 [20][19]: 128
	arc #5 [2][3]: 128
	arc #6 [21][20]: 144
	arc #7 [3][4]: 134
	arc #8 [22][21]: 128
	arc #9 [4][5]: 129
	arc #10 [23][22]: 134
	arc #11 [5][6]: 138
	arc #12 [24][23]: 129
	arc #13 [6][7]: 117
	arc #14 [25][24]: 138
	arc #15 [7][8]: 129
	arc #16 [26][25]: 117
	arc #17 [8][9]: 119
	arc #18 [27][26]: 129
	arc #19 [9][10]: 135
	arc #20 [28][27]: 119
	arc #21 [10][11]: 128
	arc #22 [29][28]: 135
	arc #23 [11][12]: 131
	arc #24 [30][29]: 128
	arc #25 [12][13]: 133
	arc #26 [31][30]: 131
	arc #27 [13][14]: 144
	arc #28 [32][31]: 133
	arc #29 [14][15]: 126
	arc #30 [33][32]: 144
	arc #31 [15][16]: 129
	arc #32 [34][33]: 126
	arc #33 [16][17]: 124
	arc #34 [35][34]: 129
	arc #35 [17][18]: 119
	arc #36 [36][35]: 124
	arc #37 [37][36]: 119
	arc #38 [18][37]: 0
	arc #39 [37][18]: 0

cost with minimum service...
	arc #0 [0][1]: 242
	arc #1 [0][19]: 0
	arc #2 [19][0]: 0
	arc #3 [1][2]: 258
	arc #4 [20][19]: 410
	arc #5 [2][3]: 217
	arc #6 [21][20]: 258
	arc #7 [3][4]: 223
	arc #8 [22][21]: 242
	arc #9 [4][5]: 218
	arc #10 [23][22]: 223
	arc #11 [5][6]: 252
	arc #12 [24][23]: 218
	arc #13 [6][7]: 231
	arc #14 [25][24]: 227
	arc #15 [7][8]: 243
	arc #16 [26][25]: 231
	arc #17 [8][9]: 233
	arc #18 [27][26]: 243
	arc #19 [9][10]: 249
	arc #20 [28][27]: 233
	arc #21 [10][11]: 242
	arc #22 [29][28]: 249
	arc #23 [11][12]: 245
	arc #24 [30][29]: 242
	arc #25 [12][13]: 247
	arc #26 [31][30]: 245
	arc #27 [13][14]: 258
	arc #28 [32][31]: 247
	arc #29 [14][15]: 240
	arc #30 [33][32]: 258
	arc #31 [15][16]: 243
	arc #32 [34][33]: 240
	arc #33 [16][17]: 238
	arc #34 [35][34]: 243
	arc #35 [17][18]: 401
	arc #36 [36][35]: 238
	arc #37 [37][36]: 233
	arc #38 [18][37]: 0
	arc #39 [37][18]: 0

cost with maximum service...
	arc #0 [0][1]: 618
	arc #1 [0][19]: 490
	arc #2 [19][0]: 490
	arc #3 [1][2]: 634
	arc #4 [20][19]: 618
	arc #5 [2][3]: 618
	arc #6 [21][20]: 634
	arc #7 [3][4]: 624
	arc #8 [22][21]: 618
	arc #9 [4][5]: 619
	arc #10 [23][22]: 624
	arc #11 [5][6]: 628
	arc #12 [24][23]: 619
	arc #13 [6][7]: 607
	arc #14 [25][24]: 628
	arc #15 [7][8]: 619
	arc #16 [26][25]: 607
	arc #17 [8][9]: 609
	arc #18 [27][26]: 619
	arc #19 [9][10]: 625
	arc #20 [28][27]: 609
	arc #21 [10][11]: 618
	arc #22 [29][28]: 625
	arc #23 [11][12]: 621
	arc #24 [30][29]: 618
	arc #25 [12][13]: 623
	arc #26 [31][30]: 621
	arc #27 [13][14]: 634
	arc #28 [32][31]: 623
	arc #29 [14][15]: 616
	arc #30 [33][32]: 634
	arc #31 [15][16]: 619
	arc #32 [34][33]: 616
	arc #33 [16][17]: 614
	arc #34 [35][34]: 619
	arc #35 [17][18]: 609
	arc #36 [36][35]: 614
	arc #37 [37][36]: 609
	arc #38 [18][37]: 490
	arc #39 [37][18]: 490

demands...
	demands of vertex 0 at time interval: 2     2     2     2     2
	demands of vertex 1 at time interval: 2     2     2     2     2
	demands of vertex 2 at time interval: 2     2     2     2     2
	demands of vertex 3 at time interval: 0     0     0     0     0
	demands of vertex 4 at time interval: 0     0     0     0     0
	demands of vertex 5 at time interval: 0     0     0     0     0
	demands of vertex 6 at time interval: 2     2     2     2     2
	demands of vertex 7 at time interval: 2     2     2     2     2
	demands of vertex 8 at time interval: 2     2     2     2     2
	demands of vertex 9 at time interval: 2     2     2     2     2
	demands of vertex 10 at time interval: 2     2     2     2     2
	demands of vertex 11 at time interval: 2     2     2     2     2
	demands of vertex 12 at time interval: 2     2     2     2     2
	demands of vertex 13 at time interval: 2     2     2     2     2
	demands of vertex 14 at time interval: 2     2     2     2     2
	demands of vertex 15 at time interval: 2     2     2     2     2
	demands of vertex 16 at time interval: 2     2     2     2     2
	demands of vertex 17 at time interval: 2     2     2     2     2
	demands of vertex 18 at time interval: 0     0     0     0     0
	demands of vertex 19 at time interval: 0     0     0     0     0
	demands of vertex 20 at time interval: 2     2     2     2     2
	demands of vertex 21 at time interval: 2     2     2     2     2
	demands of vertex 22 at time interval: 0     0     0     0     0
	demands of vertex 23 at time interval: 0     0     0     0     0
	demands of vertex 24 at time interval: 0     0     0     0     0
	demands of vertex 25 at time interval: 2     2     2     2     2
	demands of vertex 26 at time interval: 2     2     2     2     2
	demands of vertex 27 at time interval: 2     2     2     2     2
	demands of vertex 28 at time interval: 2     2     2     2     2
	demands of vertex 29 at time interval: 2     2     2     2     2
	demands of vertex 30 at time interval: 2     2     2     2     2
	demands of vertex 31 at time interval: 2     2     2     2     2
	demands of vertex 32 at time interval: 2     2     2     2     2
	demands of vertex 33 at time interval: 2     2     2     2     2
	demands of vertex 34 at time interval: 2     2     2     2     2
	demands of vertex 35 at time interval: 2     2     2     2     2
	demands of vertex 36 at time interval: 2     2     2     2     2
	demands of vertex 37 at time interval: 2     2     2     2     2

maximum time = 53426
alpha = 67

Selecting set of cyclical routes...

Selecting set of initial routes...

Creating initial set of candidate combinations...
Solving candidate combinations...

Found new best - 1/1 candidate combination(s) tested! (Thread 0)

Removing trips...

Solving candidate combinations...

1/2 candidate combination(s) tested! (Thread 0)
2/2 candidate combination(s) tested! (Thread 0)

Relaxing trips, so the model can make changes...

>> Printing some results...
    -> Solution value = 41169 - 11:26:09
    -> Total time = 399.35

=============
Train 0
=============
> Trip 0
   0(time 1799 - 00:29:59)(time 1927 - 00:32:07) ->    1(time 2041 - 00:34:01)(time 2185 - 00:36:25) ->    2(time 2467 - 00:41:07)(time 2595 - 00:43:15) ->    3(time 2684 - 00:44:44)(time 2818 - 00:46:58) ->    4(time 2907 - 00:48:27)(time 3036 - 00:50:36) ->    5(time 3125 - 00:52:05)(time 3263 - 00:54:23) ->    6(time 3377 - 00:56:17)(time 3494 - 00:58:14) ->    7(time 3608 - 01:00:08)(time 3737 - 01:02:17) ->    8(time 3851 - 01:04:11)(time 3970 - 01:06:10) ->    9(time 4084 - 01:08:04)(time 4219 - 01:10:19) ->    10(time 4333 - 01:12:13)(time 4461 - 01:14:21) ->    11(time 4575 - 01:16:15)(time 4706 - 01:18:26) ->    12(time 4820 - 01:20:20)(time 4953 - 01:22:33) ->    13(time 5067 - 01:24:27)(time 5211 - 01:26:51) ->    14(time 5325 - 01:28:45)(time 5451 - 01:30:51) ->    15(time 5565 - 01:32:45)(time 5694 - 01:34:54) ->    16(time 5808 - 01:36:48)(time 5932 - 01:38:52) ->    17(time 6214 - 01:43:34)(time 6333 - 01:45:33) ->    18(time 6615 - 01:50:15)(time 6615 - 01:50:15) ->    37(time 6615 - 01:50:15)(time 6734 - 01:52:14) ->    36(time 6848 - 01:54:08)(time 6972 - 01:56:12) ->    35(time 7086 - 01:58:06)(time 7215 - 02:00:15) ->    34(time 7329 - 02:02:09)(time 7455 - 02:04:15) ->    33(time 7569 - 02:06:09)(time 7713 - 02:08:33) ->    32(time 7827 - 02:10:27)(time 7960 - 02:12:40) ->    31(time 8074 - 02:14:34)(time 8205 - 02:16:45) ->    30(time 8319 - 02:18:39)(time 8447 - 02:20:47) ->    29(time 8561 - 02:22:41)(time 8696 - 02:24:56) ->    28(time 8810 - 02:26:50)(time 8929 - 02:28:49) ->    27(time 9043 - 02:30:43)(time 9172 - 02:32:52) ->    26(time 9286 - 02:34:46)(time 9403 - 02:36:43) ->    25(time 9517 - 02:38:37)(time 9655 - 02:40:55) ->    24(time 9744 - 02:42:24)(time 9873 - 02:44:33) ->    23(time 9962 - 02:46:02)(time 10096 - 02:48:16) ->    22(time 10185 - 02:49:45)(time 10313 - 02:51:53) ->    21(time 10427 - 02:53:47)(time 10571 - 02:56:11) ->    20(time 10685 - 02:58:05)(time 10813 - 03:00:13) ->    19(time 11095 - 03:04:55)(time 11095 - 03:04:55) -> 0
> Trip 1
   0(time 11095 - 03:04:55)(time 11223 - 03:07:03) ->    1(time 11337 - 03:08:57)(time 11481 - 03:11:21) ->    2(time 11595 - 03:13:15)(time 11723 - 03:15:23) ->    3(time 11812 - 03:16:52)(time 11946 - 03:19:06) ->    4(time 12035 - 03:20:35)(time 12164 - 03:22:44) ->    5(time 12253 - 03:24:13)(time 12391 - 03:26:31) ->    6(time 12873 - 03:34:33)(time 12990 - 03:36:30) ->    7(time 13480 - 03:44:40)(time 13609 - 03:46:49) ->    8(time 14099 - 03:54:59)(time 14218 - 03:56:58) ->    9(time 14332 - 03:58:52)(time 14467 - 04:01:07) ->    10(time 14581 - 04:03:01)(time 14709 - 04:05:09) ->    11(time 14823 - 04:07:03)(time 14954 - 04:09:14) ->    12(time 15068 - 04:11:08)(time 15201 - 04:13:21) ->    13(time 15315 - 04:15:15)(time 15459 - 04:17:39) ->    14(time 15573 - 04:19:33)(time 15699 - 04:21:39) ->    15(time 15813 - 04:23:33)(time 15942 - 04:25:42) ->    16(time 16056 - 04:27:36)(time 16180 - 04:29:40) ->    17(time 16294 - 04:31:34)(time 16413 - 04:33:33) ->    18(time 16695 - 04:38:15)(time 16695 - 04:38:15) ->    37(time 16695 - 04:38:15)(time 16814 - 04:40:14) ->    36(time 16928 - 04:42:08)(time 17052 - 04:44:12) ->    35(time 17166 - 04:46:06)(time 17295 - 04:48:15) ->    34(time 17409 - 04:50:09)(time 17535 - 04:52:15) ->    33(time 17675 - 04:54:35)(time 17819 - 04:56:59) ->    32(time 17933 - 04:58:53)(time 18066 - 05:01:06) ->    31(time 18180 - 05:03:00)(time 18311 - 05:05:11) ->    30(time 18425 - 05:07:05)(time 18553 - 05:09:13) ->    29(time 18667 - 05:11:07)(time 18802 - 05:13:22) ->    28(time 18916 - 05:15:16)(time 19035 - 05:17:15) ->    27(time 19149 - 05:19:09)(time 19278 - 05:21:18) ->    26(time 19392 - 05:23:12)(time 19509 - 05:25:09) ->    25(time 19623 - 05:27:03)(time 19761 - 05:29:21) ->    24(time 19850 - 05:30:50)(time 19979 - 05:32:59) ->    23(time 20068 - 05:34:28)(time 20202 - 05:36:42) ->    22(time 20291 - 05:38:11)(time 20419 - 05:40:19) ->    21(time 20533 - 05:42:13)(time 20677 - 05:44:37) ->    20(time 20791 - 05:46:31)(time 20919 - 05:48:39) ->    19(time 21201 - 05:53:21)(time 21201 - 05:53:21) -> 0
> Trip 2
   0(time 27427 - 07:37:07)(time 27555 - 07:39:15) ->    1(time 28045 - 07:47:25)(time 28189 - 07:49:49) ->    2(time 28303 - 07:51:43)(time 28431 - 07:53:51) ->    3(time 28520 - 07:55:20)(time 28654 - 07:57:34) ->    4(time 28743 - 07:59:03)(time 28872 - 08:01:12) ->    5(time 28961 - 08:02:41)(time 29099 - 08:04:59) ->    6(time 29213 - 08:06:53)(time 29330 - 08:08:50) ->    7(time 29444 - 08:10:44)(time 29573 - 08:12:53) ->    8(time 29687 - 08:14:47)(time 29806 - 08:16:46) ->    9(time 29920 - 08:18:40)(time 30055 - 08:20:55) ->    10(time 30169 - 08:22:49)(time 30297 - 08:24:57) ->    11(time 30411 - 08:26:51)(time 30542 - 08:29:02) ->    12(time 30656 - 08:30:56)(time 30789 - 08:33:09) ->    13(time 31279 - 08:41:19)(time 31423 - 08:43:43) ->    14(time 31573 - 08:46:13)(time 31699 - 08:48:19) ->    15(time 31813 - 08:50:13)(time 31942 - 08:52:22) ->    16(time 32056 - 08:54:16)(time 32180 - 08:56:20) ->    17(time 32294 - 08:58:14)(time 32413 - 09:00:13) ->    18(time 32903 - 09:08:23)(time 32903 - 09:08:23) ->    37(time 32903 - 09:08:23)(time 33022 - 09:10:22) ->    36(time 33466 - 09:17:46)(time 33590 - 09:19:50) ->    35(time 33704 - 09:21:44)(time 33833 - 09:23:53) ->    34(time 34323 - 09:32:03)(time 34449 - 09:34:09) ->    33(time 34563 - 09:36:03)(time 34707 - 09:38:27) ->    32(time 34821 - 09:40:21)(time 34954 - 09:42:34) ->    31(time 35117 - 09:45:17)(time 35248 - 09:47:28) ->    30(time 35362 - 09:49:22)(time 35490 - 09:51:30) ->    29(time 35604 - 09:53:24)(time 35739 - 09:55:39) ->    28(time 35853 - 09:57:33)(time 35972 - 09:59:32) ->    27(time 36462 - 10:07:42)(time 36591 - 10:09:51) ->    26(time 37081 - 10:18:01)(time 37198 - 10:19:58) ->    25(time 37688 - 10:28:08)(time 37826 - 10:30:26) ->    24(time 37915 - 10:31:55)(time 38044 - 10:34:04) ->    23(time 38133 - 10:35:33)(time 38267 - 10:37:47) ->    22(time 38757 - 10:45:57)(time 38885 - 10:48:05) ->    21(time 38999 - 10:49:59)(time 39143 - 10:52:23) ->    20(time 39257 - 10:54:17)(time 39385 - 10:56:25) ->    19(time 39667 - 11:01:07)(time 39667 - 11:01:07) -> 0
> Trip 3
   0(time 42855 - 11:54:15)(time 42983 - 11:56:23) ->    1(time 43097 - 11:58:17)(time 43241 - 12:00:41) ->    2(time 43355 - 12:02:35)(time 43483 - 12:04:43) ->    3(time 43572 - 12:06:12)(time 43706 - 12:08:26) ->    4(time 43795 - 12:09:55)(time 43924 - 12:12:04) ->    5(time 44013 - 12:13:33)(time 44151 - 12:15:51) ->    6(time 44265 - 12:17:45)(time 44382 - 12:19:42) ->    7(time 44496 - 12:21:36)(time 44625 - 12:23:45) ->    8(time 44739 - 12:25:39)(time 44858 - 12:27:38) ->    9(time 44972 - 12:29:32)(time 45107 - 12:31:47) ->    10(time 45221 - 12:33:41)(time 45349 - 12:35:49) ->    11(time 45463 - 12:37:43)(time 45594 - 12:39:54) ->    12(time 45708 - 12:41:48)(time 45841 - 12:44:01) ->    13(time 45955 - 12:45:55)(time 46099 - 12:48:19) ->    14(time 46381 - 12:53:01)(time 46507 - 12:55:07) ->    15(time 46621 - 12:57:01)(time 46750 - 12:59:10) ->    16(time 46864 - 13:01:04)(time 46988 - 13:03:08) ->    17(time 47102 - 13:05:02)(time 47221 - 13:07:01) ->    18(time 47503 - 13:11:43)(time 47503 - 13:11:43) ->    37(time 47503 - 13:11:43)(time 47622 - 13:13:42) ->    36(time 47736 - 13:15:36)(time 47860 - 13:17:40) ->    35(time 47974 - 13:19:34)(time 48103 - 13:21:43) ->    34(time 48217 - 13:23:37)(time 48343 - 13:25:43) ->    33(time 48457 - 13:27:37)(time 48601 - 13:30:01) ->    32(time 48715 - 13:31:55)(time 48848 - 13:34:08) ->    31(time 48962 - 13:36:02)(time 49093 - 13:38:13) ->    30(time 49207 - 13:40:07)(time 49335 - 13:42:15) ->    29(time 49449 - 13:44:09)(time 49584 - 13:46:24) ->    28(time 49698 - 13:48:18)(time 49817 - 13:50:17) ->    27(time 49931 - 13:52:11)(time 50060 - 13:54:20) ->    26(time 50174 - 13:56:14)(time 50291 - 13:58:11) ->    25(time 50405 - 14:00:05)(time 50543 - 14:02:23) ->    24(time 50632 - 14:03:52)(time 50761 - 14:06:01) ->    23(time 50850 - 14:07:30)(time 50984 - 14:09:44) ->    22(time 51073 - 14:11:13)(time 51201 - 14:13:21) ->    21(time 51315 - 14:15:15)(time 51459 - 14:17:39) ->    20(time 51573 - 14:19:33)(time 51701 - 14:21:41) ->    19(time 51983 - 14:26:23)(time 51983 - 14:26:23) -> 0
=============
Train 1
=============
> Trip 0
   0(time 1685 - 00:28:05)(time 1813 - 00:30:13) ->    1(time 1927 - 00:32:07)(time 2071 - 00:34:31) ->    2(time 2185 - 00:36:25)(time 2313 - 00:38:33) ->    3(time 2402 - 00:40:02)(time 2536 - 00:42:16) ->    4(time 2625 - 00:43:45)(time 2754 - 00:45:54) ->    5(time 2843 - 00:47:23)(time 2981 - 00:49:41) ->    6(time 3095 - 00:51:35)(time 3212 - 00:53:32) ->    7(time 3326 - 00:55:26)(time 3455 - 00:57:35) ->    8(time 3569 - 00:59:29)(time 3688 - 01:01:28) ->    9(time 3802 - 01:03:22)(time 3937 - 01:05:37) ->    10(time 4051 - 01:07:31)(time 4179 - 01:09:39) ->    11(time 4293 - 01:11:33)(time 4424 - 01:13:44) ->    12(time 4538 - 01:15:38)(time 4671 - 01:17:51) ->    13(time 4785 - 01:19:45)(time 4929 - 01:22:09) ->    14(time 5211 - 01:26:51)(time 5337 - 01:28:57) ->    15(time 5451 - 01:30:51)(time 5580 - 01:33:00) ->    16(time 5694 - 01:34:54)(time 5818 - 01:36:58) ->    17(time 5932 - 01:38:52)(time 6051 - 01:40:51) ->    18(time 6333 - 01:45:33)(time 6333 - 01:45:33) ->    37(time 6333 - 01:45:33)(time 6452 - 01:47:32) ->    36(time 6566 - 01:49:26)(time 6690 - 01:51:30) ->    35(time 6804 - 01:53:24)(time 6933 - 01:55:33) ->    34(time 7047 - 01:57:27)(time 7173 - 01:59:33) ->    33(time 7287 - 02:01:27)(time 7431 - 02:03:51) ->    32(time 7545 - 02:05:45)(time 7678 - 02:07:58) ->    31(time 7792 - 02:09:52)(time 7923 - 02:12:03) ->    30(time 8037 - 02:13:57)(time 8165 - 02:16:05) ->    29(time 8279 - 02:17:59)(time 8414 - 02:20:14) ->    28(time 8528 - 02:22:08)(time 8647 - 02:24:07) ->    27(time 8761 - 02:26:01)(time 8890 - 02:28:10) ->    26(time 9004 - 02:30:04)(time 9121 - 02:32:01) ->    25(time 9235 - 02:33:55)(time 9373 - 02:36:13) ->    24(time 9462 - 02:37:42)(time 9591 - 02:39:51) ->    23(time 9680 - 02:41:20)(time 9814 - 02:43:34) ->    22(time 9903 - 02:45:03)(time 10031 - 02:47:11) ->    21(time 10145 - 02:49:05)(time 10289 - 02:51:29) ->    20(time 10403 - 02:53:23)(time 10531 - 02:55:31) ->    19(time 10813 - 03:00:13)(time 10813 - 03:00:13) -> 0
> Trip 1
   0(time 15555 - 04:19:15)(time 15683 - 04:21:23) ->    1(time 15928 - 04:25:28)(time 16072 - 04:27:52) ->    2(time 16562 - 04:36:02)(time 16690 - 04:38:10) ->    3(time 17180 - 04:46:20)(time 17314 - 04:48:34) ->    4(time 17804 - 04:56:44)(time 17933 - 04:58:53) ->    5(time 18423 - 05:07:03)(time 18561 - 05:09:21) ->    6(time 19051 - 05:17:31)(time 19168 - 05:19:28) ->    7(time 19658 - 05:27:38)(time 19787 - 05:29:47) ->    8(time 20277 - 05:37:57)(time 20396 - 05:39:56) ->    9(time 20886 - 05:48:06)(time 21021 - 05:50:21) ->    10(time 21511 - 05:58:31)(time 21639 - 06:00:39) ->    11(time 22129 - 06:08:49)(time 22260 - 06:11:00) ->    12(time 22750 - 06:19:10)(time 22883 - 06:21:23) ->    13(time 22997 - 06:23:17)(time 23141 - 06:25:41) ->    14(time 23255 - 06:27:35)(time 23381 - 06:29:41) ->    15(time 23495 - 06:31:35)(time 23624 - 06:33:44) ->    16(time 23738 - 06:35:38)(time 23862 - 06:37:42) ->    17(time 23976 - 06:39:36)(time 24095 - 06:41:35) ->    18(time 24377 - 06:46:17)(time 24377 - 06:46:17) ->    37(time 24377 - 06:46:17)(time 24496 - 06:48:16) ->    36(time 24610 - 06:50:10)(time 24734 - 06:52:14) ->    35(time 24848 - 06:54:08)(time 24977 - 06:56:17) ->    34(time 25091 - 06:58:11)(time 25217 - 07:00:17) ->    33(time 25331 - 07:02:11)(time 25475 - 07:04:35) ->    32(time 25589 - 07:06:29)(time 25722 - 07:08:42) ->    31(time 25836 - 07:10:36)(time 25967 - 07:12:47) ->    30(time 26081 - 07:14:41)(time 26209 - 07:16:49) ->    29(time 26323 - 07:18:43)(time 26458 - 07:20:58) ->    28(time 26572 - 07:22:52)(time 26691 - 07:24:51) ->    27(time 26805 - 07:26:45)(time 26934 - 07:28:54) ->    26(time 27048 - 07:30:48)(time 27165 - 07:32:45) ->    25(time 27279 - 07:34:39)(time 27417 - 07:36:57) ->    24(time 27506 - 07:38:26)(time 27635 - 07:40:35) ->    23(time 27724 - 07:42:04)(time 27858 - 07:44:18) ->    22(time 27947 - 07:45:47)(time 28075 - 07:47:55) ->    21(time 28189 - 07:49:49)(time 28333 - 07:52:13) ->    20(time 28447 - 07:54:07)(time 28575 - 07:56:15) ->    19(time 28857 - 08:00:57)(time 28857 - 08:00:57) -> 0
> Trip 2
   0(time 32101 - 08:55:01)(time 32229 - 08:57:09) ->    1(time 32343 - 08:59:03)(time 32487 - 09:01:27) ->    2(time 32601 - 09:03:21)(time 32729 - 09:05:29) ->    3(time 32818 - 09:06:58)(time 32952 - 09:09:12) ->    4(time 33041 - 09:10:41)(time 33170 - 09:12:50) ->    5(time 33259 - 09:14:19)(time 33397 - 09:16:37) ->    6(time 33511 - 09:18:31)(time 33628 - 09:20:28) ->    7(time 33742 - 09:22:22)(time 33871 - 09:24:31) ->    8(time 33985 - 09:26:25)(time 34104 - 09:28:24) ->    9(time 34218 - 09:30:18)(time 34353 - 09:32:33) ->    10(time 34467 - 09:34:27)(time 34595 - 09:36:35) ->    11(time 34709 - 09:38:29)(time 34840 - 09:40:40) ->    12(time 34954 - 09:42:34)(time 35087 - 09:44:47) ->    13(time 35201 - 09:46:41)(time 35345 - 09:49:05) ->    14(time 35459 - 09:50:59)(time 35585 - 09:53:05) ->    15(time 35699 - 09:54:59)(time 35828 - 09:57:08) ->    16(time 35942 - 09:59:02)(time 36066 - 10:01:06) ->    17(time 36180 - 10:03:00)(time 36299 - 10:04:59) ->    18(time 36581 - 10:09:41)(time 36581 - 10:09:41) ->    37(time 36581 - 10:09:41)(time 36700 - 10:11:40) ->    36(time 36814 - 10:13:34)(time 36938 - 10:15:38) ->    35(time 37052 - 10:17:32)(time 37181 - 10:19:41) ->    34(time 37295 - 10:21:35)(time 37421 - 10:23:41) ->    33(time 37535 - 10:25:35)(time 37679 - 10:27:59) ->    32(time 37793 - 10:29:53)(time 37926 - 10:32:06) ->    31(time 38040 - 10:34:00)(time 38171 - 10:36:11) ->    30(time 38285 - 10:38:05)(time 38413 - 10:40:13) ->    29(time 38527 - 10:42:07)(time 38662 - 10:44:22) ->    28(time 38776 - 10:46:16)(time 38895 - 10:48:15) ->    27(time 39009 - 10:50:09)(time 39138 - 10:52:18) ->    26(time 39252 - 10:54:12)(time 39369 - 10:56:09) ->    25(time 39483 - 10:58:03)(time 39621 - 11:00:21) ->    24(time 39710 - 11:01:50)(time 39839 - 11:03:59) ->    23(time 39928 - 11:05:28)(time 40062 - 11:07:42) ->    22(time 40151 - 11:09:11)(time 40279 - 11:11:19) ->    21(time 40393 - 11:13:13)(time 40537 - 11:15:37) ->    20(time 40651 - 11:17:31)(time 40779 - 11:19:39) ->    19(time 41061 - 11:24:21)(time 41061 - 11:24:21) -> 0
> Trip 3
   0(time 42741 - 11:52:21)(time 42869 - 11:54:29) ->    1(time 42983 - 11:56:23)(time 43127 - 11:58:47) ->    2(time 43241 - 12:00:41)(time 43369 - 12:02:49) ->    3(time 43458 - 12:04:18)(time 43592 - 12:06:32) ->    4(time 43681 - 12:08:01)(time 43810 - 12:10:10) ->    5(time 43899 - 12:11:39)(time 44037 - 12:13:57) ->    6(time 44151 - 12:15:51)(time 44268 - 12:17:48) ->    7(time 44382 - 12:19:42)(time 44511 - 12:21:51) ->    8(time 44625 - 12:23:45)(time 44744 - 12:25:44) ->    9(time 44858 - 12:27:38)(time 44993 - 12:29:53) ->    10(time 45107 - 12:31:47)(time 45235 - 12:33:55) ->    11(time 45349 - 12:35:49)(time 45480 - 12:38:00) ->    12(time 45594 - 12:39:54)(time 45727 - 12:42:07) ->    13(time 45841 - 12:44:01)(time 45985 - 12:46:25) ->    14(time 46099 - 12:48:19)(time 46225 - 12:50:25) ->    15(time 46339 - 12:52:19)(time 46468 - 12:54:28) ->    16(time 46582 - 12:56:22)(time 46706 - 12:58:26) ->    17(time 46820 - 13:00:20)(time 46939 - 13:02:19) ->    18(time 47221 - 13:07:01)(time 47221 - 13:07:01) ->    37(time 47221 - 13:07:01)(time 47340 - 13:09:00) ->    36(time 47454 - 13:10:54)(time 47578 - 13:12:58) ->    35(time 47692 - 13:14:52)(time 47821 - 13:17:01) ->    34(time 47935 - 13:18:55)(time 48061 - 13:21:01) ->    33(time 48175 - 13:22:55)(time 48319 - 13:25:19) ->    32(time 48433 - 13:27:13)(time 48566 - 13:29:26) ->    31(time 48680 - 13:31:20)(time 48811 - 13:33:31) ->    30(time 48925 - 13:35:25)(time 49053 - 13:37:33) ->    29(time 49167 - 13:39:27)(time 49302 - 13:41:42) ->    28(time 49416 - 13:43:36)(time 49535 - 13:45:35) ->    27(time 49649 - 13:47:29)(time 49778 - 13:49:38) ->    26(time 49892 - 13:51:32)(time 50009 - 13:53:29) ->    25(time 50123 - 13:55:23)(time 50261 - 13:57:41) ->    24(time 50350 - 13:59:10)(time 50479 - 14:01:19) ->    23(time 50568 - 14:02:48)(time 50702 - 14:05:02) ->    22(time 50791 - 14:06:31)(time 50919 - 14:08:39) ->    21(time 51033 - 14:10:33)(time 51177 - 14:12:57) ->    20(time 51291 - 14:14:51)(time 51419 - 14:16:59) ->    19(time 51701 - 14:21:41)(time 51701 - 14:21:41) -> 0
=============
Train 2
=============
> Trip 0
   0(time 5053 - 01:24:13)(time 5181 - 01:26:21) ->    1(time 5295 - 01:28:15)(time 5439 - 01:30:39) ->    2(time 5553 - 01:32:33)(time 5681 - 01:34:41) ->    3(time 5770 - 01:36:10)(time 5904 - 01:38:24) ->    4(time 5993 - 01:39:53)(time 6122 - 01:42:02) ->    5(time 6211 - 01:43:31)(time 6349 - 01:45:49) ->    6(time 6463 - 01:47:43)(time 6580 - 01:49:40) ->    7(time 6694 - 01:51:34)(time 6823 - 01:53:43) ->    8(time 6937 - 01:55:37)(time 7056 - 01:57:36) ->    9(time 7170 - 01:59:30)(time 7305 - 02:01:45) ->    10(time 7419 - 02:03:39)(time 7547 - 02:05:47) ->    11(time 7661 - 02:07:41)(time 7792 - 02:09:52) ->    12(time 7960 - 02:12:40)(time 8093 - 02:14:53) ->    13(time 8207 - 02:16:47)(time 8351 - 02:19:11) ->    14(time 8465 - 02:21:05)(time 8591 - 02:23:11) ->    15(time 9081 - 02:31:21)(time 9210 - 02:33:30) ->    16(time 9700 - 02:41:40)(time 9824 - 02:43:44) ->    17(time 10314 - 02:51:54)(time 10433 - 02:53:53) ->    18(time 10923 - 03:02:03)(time 10923 - 03:02:03) ->    37(time 10923 - 03:02:03)(time 11042 - 03:04:02) ->    36(time 11156 - 03:05:56)(time 11280 - 03:08:00) ->    35(time 11394 - 03:09:54)(time 11523 - 03:12:03) ->    34(time 11637 - 03:13:57)(time 11763 - 03:16:03) ->    33(time 11877 - 03:17:57)(time 12021 - 03:20:21) ->    32(time 12135 - 03:22:15)(time 12268 - 03:24:28) ->    31(time 12382 - 03:26:22)(time 12513 - 03:28:33) ->    30(time 12627 - 03:30:27)(time 12755 - 03:32:35) ->    29(time 12869 - 03:34:29)(time 13004 - 03:36:44) ->    28(time 13118 - 03:38:38)(time 13237 - 03:40:37) ->    27(time 13351 - 03:42:31)(time 13480 - 03:44:40) ->    26(time 13594 - 03:46:34)(time 13711 - 03:48:31) ->    25(time 13825 - 03:50:25)(time 13963 - 03:52:43) ->    24(time 14052 - 03:54:12)(time 14181 - 03:56:21) ->    23(time 14308 - 03:58:28)(time 14442 - 04:00:42) ->    22(time 14531 - 04:02:11)(time 14659 - 04:04:19) ->    21(time 14773 - 04:06:13)(time 14917 - 04:08:37) ->    20(time 15031 - 04:10:31)(time 15159 - 04:12:39) ->    19(time 15441 - 04:17:21)(time 15441 - 04:17:21) -> 0
> Trip 1
   0(time 15441 - 04:17:21)(time 15569 - 04:19:29) ->    1(time 15683 - 04:21:23)(time 15827 - 04:23:47) ->    2(time 15941 - 04:25:41)(time 16069 - 04:27:49) ->    3(time 16158 - 04:29:18)(time 16292 - 04:31:32) ->    4(time 16381 - 04:33:01)(time 16510 - 04:35:10) ->    5(time 16599 - 04:36:39)(time 16737 - 04:38:57) ->    6(time 16851 - 04:40:51)(time 16968 - 04:42:48) ->    7(time 17082 - 04:44:42)(time 17211 - 04:46:51) ->    8(time 17325 - 04:48:45)(time 17444 - 04:50:44) ->    9(time 17558 - 04:52:38)(time 17693 - 04:54:53) ->    10(time 17807 - 04:56:47)(time 17935 - 04:58:55) ->    11(time 18049 - 05:00:49)(time 18180 - 05:03:00) ->    12(time 18294 - 05:04:54)(time 18427 - 05:07:07) ->    13(time 18541 - 05:09:01)(time 18685 - 05:11:25) ->    14(time 18799 - 05:13:19)(time 18925 - 05:15:25) ->    15(time 19039 - 05:17:19)(time 19168 - 05:19:28) ->    16(time 19658 - 05:27:38)(time 19782 - 05:29:42) ->    17(time 20272 - 05:37:52)(time 20391 - 05:39:51) ->    18(time 20881 - 05:48:01)(time 20881 - 05:48:01) ->    37(time 21371 - 05:56:11)(time 21490 - 05:58:10) ->    36(time 21638 - 06:00:38)(time 21762 - 06:02:42) ->    35(time 21876 - 06:04:36)(time 22005 - 06:06:45) ->    34(time 22119 - 06:08:39)(time 22245 - 06:10:45) ->    33(time 22359 - 06:12:39)(time 22503 - 06:15:03) ->    32(time 22617 - 06:16:57)(time 22750 - 06:19:10) ->    31(time 22864 - 06:21:04)(time 22995 - 06:23:15) ->    30(time 23109 - 06:25:09)(time 23237 - 06:27:17) ->    29(time 23727 - 06:35:27)(time 23862 - 06:37:42) ->    28(time 23976 - 06:39:36)(time 24095 - 06:41:35) ->    27(time 24585 - 06:49:45)(time 24714 - 06:51:54) ->    26(time 25014 - 06:56:54)(time 25131 - 06:58:51) ->    25(time 25245 - 07:00:45)(time 25383 - 07:03:03) ->    24(time 25472 - 07:04:32)(time 25601 - 07:06:41) ->    23(time 25690 - 07:08:10)(time 25824 - 07:10:24) ->    22(time 25913 - 07:11:53)(time 26041 - 07:14:01) ->    21(time 26155 - 07:15:55)(time 26299 - 07:18:19) ->    20(time 26413 - 07:20:13)(time 26541 - 07:22:21) ->    19(time 26823 - 07:27:03)(time 26823 - 07:27:03) -> 0
> Trip 2
   0(time 26823 - 07:27:03)(time 26951 - 07:29:11) ->    1(time 27441 - 07:37:21)(time 27585 - 07:39:45) ->    2(time 28075 - 07:47:55)(time 28203 - 07:50:03) ->    3(time 28292 - 07:51:32)(time 28426 - 07:53:46) ->    4(time 28515 - 07:55:15)(time 28644 - 07:57:24) ->    5(time 28733 - 07:58:53)(time 28871 - 08:01:11) ->    6(time 28985 - 08:03:05)(time 29102 - 08:05:02) ->    7(time 29216 - 08:06:56)(time 29345 - 08:09:05) ->    8(time 29459 - 08:10:59)(time 29578 - 08:12:58) ->    9(time 29692 - 08:14:52)(time 29827 - 08:17:07) ->    10(time 29941 - 08:19:01)(time 30069 - 08:21:09) ->    11(time 30183 - 08:23:03)(time 30314 - 08:25:14) ->    12(time 30428 - 08:27:08)(time 30561 - 08:29:21) ->    13(time 30675 - 08:31:15)(time 30819 - 08:33:39) ->    14(time 30933 - 08:35:33)(time 31059 - 08:37:39) ->    15(time 31173 - 08:39:33)(time 31302 - 08:41:42) ->    16(time 31416 - 08:43:36)(time 31540 - 08:45:40) ->    17(time 31654 - 08:47:34)(time 31773 - 08:49:33) ->    18(time 32055 - 08:54:15)(time 32055 - 08:54:15) ->    37(time 32413 - 09:00:13)(time 32532 - 09:02:12) ->    36(time 33022 - 09:10:22)(time 33146 - 09:12:26) ->    35(time 33590 - 09:19:50)(time 33719 - 09:21:59) ->    34(time 33833 - 09:23:53)(time 33959 - 09:25:59) ->    33(time 34073 - 09:27:53)(time 34217 - 09:30:17) ->    32(time 34331 - 09:32:11)(time 34464 - 09:34:24) ->    31(time 34840 - 09:40:40)(time 34971 - 09:42:51) ->    30(time 35085 - 09:44:45)(time 35213 - 09:46:53) ->    29(time 35327 - 09:48:47)(time 35462 - 09:51:02) ->    28(time 35576 - 09:52:56)(time 35695 - 09:54:55) ->    27(time 35809 - 09:56:49)(time 35938 - 09:58:58) ->    26(time 36052 - 10:00:52)(time 36169 - 10:02:49) ->    25(time 36283 - 10:04:43)(time 36421 - 10:07:01) ->    24(time 36510 - 10:08:30)(time 36639 - 10:10:39) ->    23(time 36728 - 10:12:08)(time 36862 - 10:14:22) ->    22(time 36951 - 10:15:51)(time 37079 - 10:17:59) ->    21(time 37569 - 10:26:09)(time 37713 - 10:28:33) ->    20(time 38203 - 10:36:43)(time 38331 - 10:38:51) ->    19(time 38613 - 10:43:33)(time 38613 - 10:43:33) -> 0
> Trip 3
   0(time 38613 - 10:43:33)(time 38741 - 10:45:41) ->    1(time 38855 - 10:47:35)(time 38999 - 10:49:59) ->    2(time 39399 - 10:56:39)(time 39527 - 10:58:47) ->    3(time 39616 - 11:00:16)(time 39750 - 11:02:30) ->    4(time 39839 - 11:03:59)(time 39968 - 11:06:08) ->    5(time 40057 - 11:07:37)(time 40195 - 11:09:55) ->    6(time 40309 - 11:11:49)(time 40426 - 11:13:46) ->    7(time 40540 - 11:15:40)(time 40669 - 11:17:49) ->    8(time 40783 - 11:19:43)(time 40902 - 11:21:42) ->    9(time 41016 - 11:23:36)(time 41151 - 11:25:51) ->    10(time 41265 - 11:27:45)(time 41393 - 11:29:53) ->    11(time 41507 - 11:31:47)(time 41638 - 11:33:58) ->    12(time 41752 - 11:35:52)(time 41885 - 11:38:05) ->    13(time 41999 - 11:39:59)(time 42143 - 11:42:23) ->    14(time 42257 - 11:44:17)(time 42383 - 11:46:23) ->    15(time 42497 - 11:48:17)(time 42626 - 11:50:26) ->    16(time 42740 - 11:52:20)(time 42864 - 11:54:24) ->    17(time 42978 - 11:56:18)(time 43097 - 11:58:17) ->    18(time 43587 - 12:06:27)(time 43587 - 12:06:27) ->    37(time 44077 - 12:14:37)(time 44196 - 12:16:36) ->    36(time 44310 - 12:18:30)(time 44434 - 12:20:34) ->    35(time 44606 - 12:23:26)(time 44735 - 12:25:35) ->    34(time 44849 - 12:27:29)(time 44975 - 12:29:35) ->    33(time 45089 - 12:31:29)(time 45233 - 12:33:53) ->    32(time 45347 - 12:35:47)(time 45480 - 12:38:00) ->    31(time 45594 - 12:39:54)(time 45725 - 12:42:05) ->    30(time 45839 - 12:43:59)(time 45967 - 12:46:07) ->    29(time 46081 - 12:48:01)(time 46216 - 12:50:16) ->    28(time 46330 - 12:52:10)(time 46449 - 12:54:09) ->    27(time 46563 - 12:56:03)(time 46692 - 12:58:12) ->    26(time 46806 - 13:00:06)(time 46923 - 13:02:03) ->    25(time 47037 - 13:03:57)(time 47175 - 13:06:15) ->    24(time 47264 - 13:07:44)(time 47393 - 13:09:53) ->    23(time 47482 - 13:11:22)(time 47616 - 13:13:36) ->    22(time 47705 - 13:15:05)(time 47833 - 13:17:13) ->    21(time 47947 - 13:19:07)(time 48091 - 13:21:31) ->    20(time 48205 - 13:23:25)(time 48333 - 13:25:33) ->    19(time 48615 - 13:30:15)(time 48615 - 13:30:15) -> 0
