t3p16r2h1.txt:
   > Trying to open the instance file...
   > Reading number of trains...
   > Reading maximum number of trips per train...
   > Reading time intervals...
   > Reading number of points...
   > Reading stations...
   > Reading crossings...
   > Reading depots...
   > Reading initial point...
   > Reading routes...
   > Reading distance and distance and service...
   > Reading demands...
   > Reading maximum time...
   > Reading alpha...

--------------------------------
 Printing instance
--------------------------------
number of trains = 3
	max trips per trains: 2     2     2
number of intervals = 1
	(0,  35645)
number of points = 16
	initial point: 15
	stations: 0     1     2     3     4     5     6     9    11    12    13    14    15
	crossings: 0     1     7     8    10    13    14    15
	depots: 0    15
number of vertices = 32
	total vertices: 0     1     2     3     4     5     6     7     8     9    10    11    12    13    14    15    16    17    18    19    20    21    22    23    24    25    26    27    28    29    30    31
	upper vertices: 0     1     2     3     4     5     6     7     8     9    10    11    12    13    14    15
	lower vertices: 16    17    18    19    20    21    22    23    24    25    26    27    28    29    30    31
	vertices of point #0: (0, 16)
	vertices of point #1: (1, 17)
	vertices of point #2: (2, 18)
	vertices of point #3: (3, 19)
	vertices of point #4: (4, 20)
	vertices of point #5: (5, 21)
	vertices of point #6: (6, 22)
	vertices of point #7: (7, 23)
	vertices of point #8: (8, 24)
	vertices of point #9: (9, 25)
	vertices of point #10: (10, 26)
	vertices of point #11: (11, 27)
	vertices of point #12: (12, 28)
	vertices of point #13: (13, 29)
	vertices of point #14: (14, 30)
	vertices of point #15: (15, 31)

arcs...
	total arcs: 
		arc #0: (0, 1)
		arc #1: (0, 16)
		arc #2: (16, 0)
		arc #3: (1, 2)
		arc #4: (17, 16)
		arc #5: (2, 3)
		arc #6: (18, 17)
		arc #7: (3, 4)
		arc #8: (19, 18)
		arc #9: (4, 5)
		arc #10: (20, 19)
		arc #11: (5, 6)
		arc #12: (21, 20)
		arc #13: (6, 7)
		arc #14: (22, 21)
		arc #15: (7, 8)
		arc #16: (23, 22)
		arc #17: (8, 9)
		arc #18: (24, 23)
		arc #19: (9, 10)
		arc #20: (25, 24)
		arc #21: (10, 11)
		arc #22: (26, 25)
		arc #23: (11, 12)
		arc #24: (27, 26)
		arc #25: (12, 13)
		arc #26: (28, 27)
		arc #27: (13, 14)
		arc #28: (29, 28)
		arc #29: (14, 15)
		arc #30: (30, 29)
		arc #31: (31, 30)
		arc #32: (15, 31)
		arc #33: (31, 15)

	reverse arcs: 
		arc #1: (0, 16)
		arc #2: (16, 0)
		arc #32: (15, 31)
		arc #33: (31, 15)


incompatible points...
	(0, 0, 17, (0, 1))	(17, 17, 0, (17, 16))	(1, 6, 23, (6, 7))	(23, 18, 1, (18, 17))	(7, 7, 24, (7, 8))	(24, 24, 7, (24, 23))	(8, 9, 26, (9, 10))	(26, 25, 8, (25, 24))	(10, 12, 29, (12, 13))	(29, 27, 10, (27, 26))	(13, 13, 30, (13, 14))	(30, 30, 13, (30, 29))	(14, 14, 31, (14, 15))	(31, 31, 14, (31, 30))

number of routes = 2
vertices of routes...
	route #0: 0     1     2     3     4     5     6     7     8     9    10    11    12    13    14    15    31    30    29    28    27    26    25    24    23    22    21    20    19    18    17    16     0
	route #1: 31    30    29    28    27    26    25    24    23    22    21    20    19    18    17    16     0     1     2     3     4     5     6     7     8     9    10    11    12    13    14    15    31
arcs of routes...
	route #0: 0     3     5     7     9    11    13    15    17    19    21    23    25    27    29    32    31    30    28    26    24    22    20    18    16    14    12    10     8     6     4     2
	route #1: 31    30    28    26    24    22    20    18    16    14    12    10     8     6     4     2     0     3     5     7     9    11    13    15    17    19    21    23    25    27    29    32

incompatible routes...
	(0, 1)    	(1, 0)

vertices that can be adjacent in consecutive trips...
	(0, 0)    	(31, 31)
non cyclical routes: 


routes of trip...
	routes that train #0 can complete at trip #0: 1
	routes that train #0 can complete at trip #1: 0       1

	routes that train #1 can complete at trip #0: 1
	routes that train #1 can complete at trip #1: 0       1

	routes that train #2 can complete at trip #0: 1
	routes that train #2 can complete at trip #1: 0       1

 cost...
	arc #0 [0][1]: 322
	arc #1 [0][16]: 0
	arc #2 [16][0]: 0
	arc #3 [1][2]: 356
	arc #4 [17][16]: 322
	arc #5 [2][3]: 344
	arc #6 [18][17]: 356
	arc #7 [3][4]: 322
	arc #8 [19][18]: 344
	arc #9 [4][5]: 351
	arc #10 [20][19]: 322
	arc #11 [5][6]: 352
	arc #12 [21][20]: 351
	arc #13 [6][7]: 334
	arc #14 [22][21]: 352
	arc #15 [7][8]: 310
	arc #16 [23][22]: 334
	arc #17 [8][9]: 337
	arc #18 [24][23]: 310
	arc #19 [9][10]: 298
	arc #20 [25][24]: 337
	arc #21 [10][11]: 343
	arc #22 [26][25]: 298
	arc #23 [11][12]: 308
	arc #24 [27][26]: 343
	arc #25 [12][13]: 356
	arc #26 [28][27]: 308
	arc #27 [13][14]: 357
	arc #28 [29][28]: 356
	arc #29 [14][15]: 346
	arc #30 [30][29]: 357
	arc #31 [31][30]: 346
	arc #32 [15][31]: 0
	arc #33 [31][15]: 0

cost with minimum service...
	arc #0 [0][1]: 429
	arc #1 [0][16]: 0
	arc #2 [16][0]: 0
	arc #3 [1][2]: 463
	arc #4 [17][16]: 483
	arc #5 [2][3]: 451
	arc #6 [18][17]: 463
	arc #7 [3][4]: 429
	arc #8 [19][18]: 451
	arc #9 [4][5]: 458
	arc #10 [20][19]: 429
	arc #11 [5][6]: 459
	arc #12 [21][20]: 458
	arc #13 [6][7]: 392
	arc #14 [22][21]: 459
	arc #15 [7][8]: 368
	arc #16 [23][22]: 441
	arc #17 [8][9]: 444
	arc #18 [24][23]: 368
	arc #19 [9][10]: 356
	arc #20 [25][24]: 395
	arc #21 [10][11]: 450
	arc #22 [26][25]: 405
	arc #23 [11][12]: 415
	arc #24 [27][26]: 401
	arc #25 [12][13]: 463
	arc #26 [28][27]: 415
	arc #27 [13][14]: 464
	arc #28 [29][28]: 463
	arc #29 [14][15]: 507
	arc #30 [30][29]: 464
	arc #31 [31][30]: 453
	arc #32 [15][31]: 0
	arc #33 [31][15]: 0

cost with maximum service...
	arc #0 [0][1]: 710
	arc #1 [0][16]: 388
	arc #2 [16][0]: 388
	arc #3 [1][2]: 744
	arc #4 [17][16]: 710
	arc #5 [2][3]: 732
	arc #6 [18][17]: 744
	arc #7 [3][4]: 710
	arc #8 [19][18]: 732
	arc #9 [4][5]: 739
	arc #10 [20][19]: 710
	arc #11 [5][6]: 740
	arc #12 [21][20]: 739
	arc #13 [6][7]: 722
	arc #14 [22][21]: 740
	arc #15 [7][8]: 698
	arc #16 [23][22]: 722
	arc #17 [8][9]: 725
	arc #18 [24][23]: 698
	arc #19 [9][10]: 686
	arc #20 [25][24]: 725
	arc #21 [10][11]: 731
	arc #22 [26][25]: 686
	arc #23 [11][12]: 696
	arc #24 [27][26]: 731
	arc #25 [12][13]: 744
	arc #26 [28][27]: 696
	arc #27 [13][14]: 745
	arc #28 [29][28]: 744
	arc #29 [14][15]: 734
	arc #30 [30][29]: 745
	arc #31 [31][30]: 734
	arc #32 [15][31]: 388
	arc #33 [31][15]: 388

demands...
	demands of vertex 0 at time interval: 3
	demands of vertex 1 at time interval: 3
	demands of vertex 2 at time interval: 3
	demands of vertex 3 at time interval: 3
	demands of vertex 4 at time interval: 3
	demands of vertex 5 at time interval: 3
	demands of vertex 6 at time interval: 3
	demands of vertex 7 at time interval: 0
	demands of vertex 8 at time interval: 0
	demands of vertex 9 at time interval: 3
	demands of vertex 10 at time interval: 0
	demands of vertex 11 at time interval: 3
	demands of vertex 12 at time interval: 3
	demands of vertex 13 at time interval: 3
	demands of vertex 14 at time interval: 3
	demands of vertex 15 at time interval: 0
	demands of vertex 16 at time interval: 0
	demands of vertex 17 at time interval: 3
	demands of vertex 18 at time interval: 3
	demands of vertex 19 at time interval: 3
	demands of vertex 20 at time interval: 3
	demands of vertex 21 at time interval: 3
	demands of vertex 22 at time interval: 3
	demands of vertex 23 at time interval: 0
	demands of vertex 24 at time interval: 0
	demands of vertex 25 at time interval: 3
	demands of vertex 26 at time interval: 0
	demands of vertex 27 at time interval: 3
	demands of vertex 28 at time interval: 3
	demands of vertex 29 at time interval: 3
	demands of vertex 30 at time interval: 3
	demands of vertex 31 at time interval: 3

maximum time = 35645
alpha = 74

Selecting set of cyclical routes...

Selecting set of initial routes...

Creating initial set of candidate combinations...
Solving candidate combinations...

Found new best - 1/1 candidate combination(s) tested! (Thread 0)

Removing trips...

Solving candidate combinations...

1/3 candidate combination(s) tested! (Thread 0)
2/3 candidate combination(s) tested! (Thread 0)
Found new best - 3/3 candidate combination(s) tested! (Thread 0)

Removing trips...

Terminating loop at iteration 2

Relaxing trips, so the model can make changes...

>> Printing some results...
    -> Solution value = 13578 - 03:46:18
    -> Total time = 102.23

=============
Train 0
=============
> Trip 0
   31(time 214 - 00:03:34)(time 560 - 00:09:20) ->    30(time 667 - 00:11:07)(time 1024 - 00:17:04) ->    29(time 1131 - 00:18:51)(time 1487 - 00:24:47) ->    28(time 1594 - 00:26:34)(time 1902 - 00:31:42) ->    27(time 2009 - 00:33:29)(time 2352 - 00:39:12) ->    26(time 2410 - 00:40:10)(time 2708 - 00:45:08) ->    25(time 2815 - 00:46:55)(time 3152 - 00:52:32) ->    24(time 3210 - 00:53:30)(time 3520 - 00:58:40) ->    23(time 3578 - 00:59:38)(time 3912 - 01:05:12) ->    22(time 4019 - 01:06:59)(time 4371 - 01:12:51) ->    21(time 4478 - 01:14:38)(time 4829 - 01:20:29) ->    20(time 4936 - 01:22:16)(time 5258 - 01:27:38) ->    19(time 5365 - 01:29:25)(time 5709 - 01:35:09) ->    18(time 5870 - 01:37:50)(time 6226 - 01:43:46) ->    17(time 6387 - 01:46:27)(time 6709 - 01:51:49) ->    16(time 6923 - 01:55:23)(time 6923 - 01:55:23) ->    0(time 6923 - 01:55:23)(time 7245 - 02:00:45) ->    1(time 7352 - 02:02:32)(time 7708 - 02:08:28) ->    2(time 7815 - 02:10:15)(time 8159 - 02:15:59) ->    3(time 8266 - 02:17:46)(time 8588 - 02:23:08) ->    4(time 8695 - 02:24:55)(time 9046 - 02:30:46) ->    5(time 9153 - 02:32:33)(time 9505 - 02:38:25) ->    6(time 9612 - 02:40:12)(time 9946 - 02:45:46) ->    7(time 10004 - 02:46:44)(time 10314 - 02:51:54) ->    8(time 10372 - 02:52:52)(time 10709 - 02:58:29) ->    9(time 10816 - 03:00:16)(time 11114 - 03:05:14) ->    10(time 11280 - 03:08:00)(time 11623 - 03:13:43) ->    11(time 11730 - 03:15:30)(time 12038 - 03:20:38) ->    12(time 12145 - 03:22:25)(time 12501 - 03:28:21) ->    13(time 12608 - 03:30:08)(time 12965 - 03:36:05) ->    14(time 13072 - 03:37:52)(time 13418 - 03:43:38) ->    15(time 13579 - 03:46:19)(time 13579 - 03:46:19) -> 31
=============
Train 1
=============
> Trip 0
   31(time 107 - 00:01:47)(time 453 - 00:07:33) ->    30(time 560 - 00:09:20)(time 917 - 00:15:17) ->    29(time 1024 - 00:17:04)(time 1380 - 00:23:00) ->    28(time 1487 - 00:24:47)(time 1795 - 00:29:55) ->    27(time 1902 - 00:31:42)(time 2245 - 00:37:25) ->    26(time 2303 - 00:38:23)(time 2601 - 00:43:21) ->    25(time 2708 - 00:45:08)(time 3045 - 00:50:45) ->    24(time 3103 - 00:51:43)(time 3413 - 00:56:53) ->    23(time 3471 - 00:57:51)(time 3805 - 01:03:25) ->    22(time 3912 - 01:05:12)(time 4264 - 01:11:04) ->    21(time 4371 - 01:12:51)(time 4722 - 01:18:42) ->    20(time 4829 - 01:20:29)(time 5151 - 01:25:51) ->    19(time 5258 - 01:27:38)(time 5602 - 01:33:22) ->    18(time 5709 - 01:35:09)(time 6065 - 01:41:05) ->    17(time 6226 - 01:43:46)(time 6548 - 01:49:08) ->    16(time 6709 - 01:51:49)(time 6709 - 01:51:49) ->    0(time 6816 - 01:53:36)(time 7138 - 01:58:58) ->    1(time 7245 - 02:00:45)(time 7601 - 02:06:41) ->    2(time 7708 - 02:08:28)(time 8052 - 02:14:12) ->    3(time 8159 - 02:15:59)(time 8481 - 02:21:21) ->    4(time 8588 - 02:23:08)(time 8939 - 02:28:59) ->    5(time 9046 - 02:30:46)(time 9398 - 02:36:38) ->    6(time 9505 - 02:38:25)(time 9839 - 02:43:59) ->    7(time 9897 - 02:44:57)(time 10207 - 02:50:07) ->    8(time 10265 - 02:51:05)(time 10602 - 02:56:42) ->    9(time 10709 - 02:58:29)(time 11007 - 03:03:27) ->    10(time 11065 - 03:04:25)(time 11408 - 03:10:08) ->    11(time 11515 - 03:11:55)(time 11823 - 03:17:03) ->    12(time 11930 - 03:18:50)(time 12286 - 03:24:46) ->    13(time 12393 - 03:26:33)(time 12750 - 03:32:30) ->    14(time 12911 - 03:35:11)(time 13257 - 03:40:57) ->    15(time 13418 - 03:43:38)(time 13418 - 03:43:38) -> 31
=============
Train 2
=============
> Trip 0
   31(time 0 - 00:00:00)(time 346 - 00:05:46) ->    30(time 453 - 00:07:33)(time 810 - 00:13:30) ->    29(time 917 - 00:15:17)(time 1273 - 00:21:13) ->    28(time 1380 - 00:23:00)(time 1688 - 00:28:08) ->    27(time 1795 - 00:29:55)(time 2138 - 00:35:38) ->    26(time 2196 - 00:36:36)(time 2494 - 00:41:34) ->    25(time 2601 - 00:43:21)(time 2938 - 00:48:58) ->    24(time 2996 - 00:49:56)(time 3306 - 00:55:06) ->    23(time 3364 - 00:56:04)(time 3698 - 01:01:38) ->    22(time 3805 - 01:03:25)(time 4157 - 01:09:17) ->    21(time 4264 - 01:11:04)(time 4615 - 01:16:55) ->    20(time 4722 - 01:18:42)(time 5044 - 01:24:04) ->    19(time 5151 - 01:25:51)(time 5495 - 01:31:35) ->    18(time 5602 - 01:33:22)(time 5958 - 01:39:18) ->    17(time 6065 - 01:41:05)(time 6387 - 01:46:27) ->    16(time 6548 - 01:49:08)(time 6548 - 01:49:08) ->    0(time 6709 - 01:51:49)(time 7031 - 01:57:11) ->    1(time 7138 - 01:58:58)(time 7494 - 02:04:54) ->    2(time 7601 - 02:06:41)(time 7945 - 02:12:25) ->    3(time 8052 - 02:14:12)(time 8374 - 02:19:34) ->    4(time 8481 - 02:21:21)(time 8832 - 02:27:12) ->    5(time 8939 - 02:28:59)(time 9291 - 02:34:51) ->    6(time 9398 - 02:36:38)(time 9732 - 02:42:12) ->    7(time 9790 - 02:43:10)(time 10100 - 02:48:20) ->    8(time 10158 - 02:49:18)(time 10495 - 02:54:55) ->    9(time 10602 - 02:56:42)(time 10900 - 03:01:40) ->    10(time 10958 - 03:02:38)(time 11301 - 03:08:21) ->    11(time 11408 - 03:10:08)(time 11716 - 03:15:16) ->    12(time 11823 - 03:17:03)(time 12179 - 03:22:59) ->    13(time 12286 - 03:24:46)(time 12643 - 03:30:43) ->    14(time 12750 - 03:32:30)(time 13096 - 03:38:16) ->    15(time 13257 - 03:40:57)(time 13257 - 03:40:57) -> 31
