t3p16r6h4.txt:
   > Trying to open the instance file...
   > Reading number of trains...
   > Reading maximum number of trips per train...
   > Reading time intervals...
   > Reading number of points...
   > Reading stations...
   > Reading crossings...
   > Reading depots...
   > Reading initial point...
   > Reading routes...
   > Reading distance and distance and service...
   > Reading demands...
   > Reading maximum time...
   > Reading alpha...

--------------------------------
 Printing instance
--------------------------------
number of trains = 3
	max trips per trains: 7     6     3
number of intervals = 4
	(0,  12885)	(12886,  25770)	(25771,  38655)	(38656,  51540)
number of points = 16
	initial point: 7
	stations: 0     1     3     4     5     7     8     9    11    12    13    14    15
	crossings: 0     2     6     7     8    10    12    15
	depots: 0     7    15
number of vertices = 32
	total vertices: 0     1     2     3     4     5     6     7     8     9    10    11    12    13    14    15    16    17    18    19    20    21    22    23    24    25    26    27    28    29    30    31
	upper vertices: 0     1     2     3     4     5     6     7     8     9    10    11    12    13    14    15
	lower vertices: 16    17    18    19    20    21    22    23    24    25    26    27    28    29    30    31
	vertices of point #0: (0, 16)
	vertices of point #1: (1, 17)
	vertices of point #2: (2, 18)
	vertices of point #3: (3, 19)
	vertices of point #4: (4, 20)
	vertices of point #5: (5, 21)
	vertices of point #6: (6, 22)
	vertices of point #7: (7, 23)
	vertices of point #8: (8, 24)
	vertices of point #9: (9, 25)
	vertices of point #10: (10, 26)
	vertices of point #11: (11, 27)
	vertices of point #12: (12, 28)
	vertices of point #13: (13, 29)
	vertices of point #14: (14, 30)
	vertices of point #15: (15, 31)

arcs...
	total arcs: 
		arc #0: (0, 1)
		arc #1: (0, 16)
		arc #2: (16, 0)
		arc #3: (1, 2)
		arc #4: (17, 16)
		arc #5: (2, 3)
		arc #6: (18, 17)
		arc #7: (3, 4)
		arc #8: (19, 18)
		arc #9: (4, 5)
		arc #10: (20, 19)
		arc #11: (5, 6)
		arc #12: (21, 20)
		arc #13: (6, 7)
		arc #14: (22, 21)
		arc #15: (7, 8)
		arc #16: (23, 22)
		arc #17: (7, 23)
		arc #18: (23, 7)
		arc #19: (8, 9)
		arc #20: (24, 23)
		arc #21: (9, 10)
		arc #22: (25, 24)
		arc #23: (10, 11)
		arc #24: (26, 25)
		arc #25: (11, 12)
		arc #26: (27, 26)
		arc #27: (12, 13)
		arc #28: (28, 27)
		arc #29: (13, 14)
		arc #30: (29, 28)
		arc #31: (14, 15)
		arc #32: (30, 29)
		arc #33: (31, 30)
		arc #34: (15, 31)
		arc #35: (31, 15)

	reverse arcs: 
		arc #1: (0, 16)
		arc #2: (16, 0)
		arc #17: (7, 23)
		arc #18: (23, 7)
		arc #34: (15, 31)
		arc #35: (31, 15)


incompatible points...
	(0, 1, 18, (1, 2))	(18, 17, 0, (17, 16))	(2, 5, 22, (5, 6))	(22, 19, 2, (19, 18))	(6, 6, 23, (6, 7))	(23, 23, 6, (23, 22))	(7, 7, 24, (7, 8))	(24, 24, 7, (24, 23))	(8, 9, 26, (9, 10))	(26, 25, 8, (25, 24))	(10, 11, 28, (11, 12))	(28, 27, 10, (27, 26))	(12, 14, 31, (14, 15))	(31, 29, 12, (29, 28))

number of routes = 6
vertices of routes...
	route #0: 0     1     2     3     4     5     6     7
	route #1: 23    22    21    20    19    18    17    16
	route #2: 7     8     9    10    11    12    13    14    15
	route #3: 31    30    29    28    27    26    25    24    23
	route #4: 0     1     2     3     4     5     6     7     8     9    10    11    12    13    14    15    31    30    29    28    27    26    25    24    23    22    21    20    19    18    17    16     0
	route #5: 31    30    29    28    27    26    25    24    23    22    21    20    19    18    17    16     0     1     2     3     4     5     6     7     8     9    10    11    12    13    14    15    31
arcs of routes...
	route #0: 0     3     5     7     9    11    13
	route #1: 16    14    12    10     8     6     4
	route #2: 15    19    21    23    25    27    29    31
	route #3: 33    32    30    28    26    24    22    20
	route #4: 0     3     5     7     9    11    13    15    19    21    23    25    27    29    31    34    33    32    30    28    26    24    22    20    16    14    12    10     8     6     4     2
	route #5: 33    32    30    28    26    24    22    20    16    14    12    10     8     6     4     2     0     3     5     7     9    11    13    15    19    21    23    25    27    29    31    34

incompatible routes...
	(0, 0)    	(0, 3)    	(0, 4)    	(0, 5)    	(1, 1)    	(1, 2)    	(1, 3)    	(1, 5)    	(2, 0)    	(2, 1)    	(2, 2)    	(2, 4)    	(3, 0)    	(3, 3)    	(3, 4)    	(3, 5)    	(4, 1)    	(4, 2)    	(4, 3)    	(4, 5)    	(5, 0)    	(5, 1)    	(5, 2)    	(5, 4)

vertices that can be adjacent in consecutive trips...
	(0, 0)    	(7, 7)    	(7, 23)    	(15, 31)    	(16, 0)    	(23, 7)    	(23, 23)    	(31, 31)
non cyclical routes: 
       0       1       2       3

routes of trip...
	routes that train #0 can complete at trip #0: 1       2
	routes that train #0 can complete at trip #1: 0       1       2       3       4       5
	routes that train #0 can complete at trip #2: 0       1       2       3       4       5
	routes that train #0 can complete at trip #3: 0       1       2       3       4       5
	routes that train #0 can complete at trip #4: 0       1       2       3       4       5
	routes that train #0 can complete at trip #5: 0       1       2       3       4       5
	routes that train #0 can complete at trip #6: 0       1       2       3       4       5

	routes that train #1 can complete at trip #0: 1       2
	routes that train #1 can complete at trip #1: 0       1       2       3       4       5
	routes that train #1 can complete at trip #2: 0       1       2       3       4       5
	routes that train #1 can complete at trip #3: 0       1       2       3       4       5
	routes that train #1 can complete at trip #4: 0       1       2       3       4       5
	routes that train #1 can complete at trip #5: 0       1       2       3       4       5

	routes that train #2 can complete at trip #0: 1       2
	routes that train #2 can complete at trip #1: 0       1       2       3       4       5
	routes that train #2 can complete at trip #2: 0       1       2       3       4       5

 cost...
	arc #0 [0][1]: 240
	arc #1 [0][16]: 0
	arc #2 [16][0]: 0
	arc #3 [1][2]: 120
	arc #4 [17][16]: 240
	arc #5 [2][3]: 240
	arc #6 [18][17]: 120
	arc #7 [3][4]: 180
	arc #8 [19][18]: 240
	arc #9 [4][5]: 180
	arc #10 [20][19]: 180
	arc #11 [5][6]: 40
	arc #12 [21][20]: 180
	arc #13 [6][7]: 180
	arc #14 [22][21]: 40
	arc #15 [7][8]: 360
	arc #16 [23][22]: 180
	arc #17 [7][23]: 0
	arc #18 [23][7]: 0
	arc #19 [8][9]: 300
	arc #20 [24][23]: 360
	arc #21 [9][10]: 240
	arc #22 [25][24]: 300
	arc #23 [10][11]: 120
	arc #24 [26][25]: 240
	arc #25 [11][12]: 240
	arc #26 [27][26]: 120
	arc #27 [12][13]: 180
	arc #28 [28][27]: 240
	arc #29 [13][14]: 120
	arc #30 [29][28]: 180
	arc #31 [14][15]: 180
	arc #32 [30][29]: 120
	arc #33 [31][30]: 180
	arc #34 [15][31]: 0
	arc #35 [31][15]: 0

cost with minimum service...
	arc #0 [0][1]: 300
	arc #1 [0][16]: 0
	arc #2 [16][0]: 0
	arc #3 [1][2]: 160
	arc #4 [17][16]: 360
	arc #5 [2][3]: 300
	arc #6 [18][17]: 180
	arc #7 [3][4]: 240
	arc #8 [19][18]: 280
	arc #9 [4][5]: 240
	arc #10 [20][19]: 240
	arc #11 [5][6]: 80
	arc #12 [21][20]: 240
	arc #13 [6][7]: 300
	arc #14 [22][21]: 100
	arc #15 [7][8]: 420
	arc #16 [23][22]: 220
	arc #17 [7][23]: 0
	arc #18 [23][7]: 0
	arc #19 [8][9]: 360
	arc #20 [24][23]: 480
	arc #21 [9][10]: 280
	arc #22 [25][24]: 360
	arc #23 [10][11]: 180
	arc #24 [26][25]: 300
	arc #25 [11][12]: 300
	arc #26 [27][26]: 160
	arc #27 [12][13]: 240
	arc #28 [28][27]: 300
	arc #29 [13][14]: 180
	arc #30 [29][28]: 240
	arc #31 [14][15]: 300
	arc #32 [30][29]: 180
	arc #33 [31][30]: 240
	arc #34 [15][31]: 0
	arc #35 [31][15]: 0

cost with maximum service...
	arc #0 [0][1]: 840
	arc #1 [0][16]: 600
	arc #2 [16][0]: 600
	arc #3 [1][2]: 720
	arc #4 [17][16]: 840
	arc #5 [2][3]: 840
	arc #6 [18][17]: 720
	arc #7 [3][4]: 780
	arc #8 [19][18]: 840
	arc #9 [4][5]: 780
	arc #10 [20][19]: 780
	arc #11 [5][6]: 640
	arc #12 [21][20]: 780
	arc #13 [6][7]: 780
	arc #14 [22][21]: 640
	arc #15 [7][8]: 960
	arc #16 [23][22]: 780
	arc #17 [7][23]: 600
	arc #18 [23][7]: 600
	arc #19 [8][9]: 900
	arc #20 [24][23]: 960
	arc #21 [9][10]: 840
	arc #22 [25][24]: 900
	arc #23 [10][11]: 720
	arc #24 [26][25]: 840
	arc #25 [11][12]: 840
	arc #26 [27][26]: 720
	arc #27 [12][13]: 780
	arc #28 [28][27]: 840
	arc #29 [13][14]: 720
	arc #30 [29][28]: 780
	arc #31 [14][15]: 780
	arc #32 [30][29]: 720
	arc #33 [31][30]: 780
	arc #34 [15][31]: 600
	arc #35 [31][15]: 600

demands...
	demands of vertex 0 at time interval: 3     3     2     3
	demands of vertex 1 at time interval: 3     3     2     3
	demands of vertex 2 at time interval: 0     0     0     0
	demands of vertex 3 at time interval: 3     3     2     3
	demands of vertex 4 at time interval: 3     3     2     3
	demands of vertex 5 at time interval: 3     3     2     3
	demands of vertex 6 at time interval: 0     0     0     0
	demands of vertex 7 at time interval: 3     3     2     3
	demands of vertex 8 at time interval: 0     0     0     0
	demands of vertex 9 at time interval: 3     3     2     3
	demands of vertex 10 at time interval: 0     0     0     0
	demands of vertex 11 at time interval: 3     3     2     3
	demands of vertex 12 at time interval: 0     0     0     0
	demands of vertex 13 at time interval: 3     3     2     3
	demands of vertex 14 at time interval: 3     3     2     3
	demands of vertex 15 at time interval: 0     0     0     0
	demands of vertex 16 at time interval: 0     0     0     0
	demands of vertex 17 at time interval: 3     3     2     3
	demands of vertex 18 at time interval: 0     0     0     0
	demands of vertex 19 at time interval: 3     3     2     3
	demands of vertex 20 at time interval: 3     3     2     3
	demands of vertex 21 at time interval: 3     3     2     3
	demands of vertex 22 at time interval: 0     0     0     0
	demands of vertex 23 at time interval: 3     3     2     3
	demands of vertex 24 at time interval: 0     0     0     0
	demands of vertex 25 at time interval: 3     3     2     3
	demands of vertex 26 at time interval: 0     0     0     0
	demands of vertex 27 at time interval: 3     3     2     3
	demands of vertex 28 at time interval: 0     0     0     0
	demands of vertex 29 at time interval: 3     3     2     3
	demands of vertex 30 at time interval: 3     3     2     3
	demands of vertex 31 at time interval: 3     3     2     3

maximum time = 51540
alpha = 180

Selecting set of cyclical routes...

Selecting set of initial routes...

Creating initial set of candidate combinations...
Solving candidate combinations...

1/8 candidate combination(s) tested! (Thread 0)
Found new best - 2/8 candidate combination(s) tested! (Thread 0)
3/8 candidate combination(s) tested! (Thread 0)
4/8 candidate combination(s) tested! (Thread 0)
5/8 candidate combination(s) tested! (Thread 0)
6/8 candidate combination(s) tested! (Thread 0)
7/8 candidate combination(s) tested! (Thread 0)
8/8 candidate combination(s) tested! (Thread 0)

Removing trips...

Solving candidate combinations...

Found new best - 1/3 candidate combination(s) tested! (Thread 0)
2/3 candidate combination(s) tested! (Thread 0)
3/3 candidate combination(s) tested! (Thread 0)

Removing trips...

Terminating loop at iteration 2

Relaxing trips, so the model can make changes...

>> Printing some results...
    -> Solution value = 47175 - 13:06:15
    -> Total time = 147.80

=============
Train 0
=============
> Trip 0
   23(time 0 - 00:00:00)(time 180 - 00:03:00) ->    22(time 220 - 00:03:40)(time 260 - 00:04:20) ->    21(time 320 - 00:05:20)(time 500 - 00:08:20) ->    20(time 560 - 00:09:20)(time 740 - 00:12:20) ->    19(time 800 - 00:13:20)(time 1040 - 00:17:20) ->    18(time 1080 - 00:18:00)(time 1200 - 00:20:00) ->    17(time 1260 - 00:21:00)(time 1500 - 00:25:00) -> 16
> Trip 1
   0(time 1500 - 00:25:00)(time 1740 - 00:29:00) ->    1(time 1800 - 00:30:00)(time 1920 - 00:32:00) ->    2(time 1960 - 00:32:40)(time 2200 - 00:36:40) ->    3(time 2260 - 00:37:40)(time 2440 - 00:40:40) ->    4(time 2500 - 00:41:40)(time 2680 - 00:44:40) ->    5(time 2740 - 00:45:40)(time 2780 - 00:46:20) ->    6(time 2820 - 00:47:00)(time 3000 - 00:50:00) ->    7(time 3120 - 00:52:00)(time 3480 - 00:58:00) ->    8(time 3540 - 00:59:00)(time 3840 - 01:04:00) ->    9(time 3900 - 01:05:00)(time 4140 - 01:09:00) ->    10(time 4180 - 01:09:40)(time 4300 - 01:11:40) ->    11(time 4360 - 01:12:40)(time 4600 - 01:16:40) ->    12(time 4660 - 01:17:40)(time 4840 - 01:20:40) ->    13(time 4900 - 01:21:40)(time 5020 - 01:23:40) ->    14(time 5080 - 01:24:40)(time 5260 - 01:27:40) ->    15(time 5380 - 01:29:40)(time 5380 - 01:29:40) ->    31(time 5380 - 01:29:40)(time 5560 - 01:32:40) ->    30(time 5620 - 01:33:40)(time 5740 - 01:35:40) ->    29(time 5800 - 01:36:40)(time 5980 - 01:39:40) ->    28(time 6040 - 01:40:40)(time 6280 - 01:44:40) ->    27(time 6340 - 01:45:40)(time 6460 - 01:47:40) ->    26(time 6500 - 01:48:20)(time 6740 - 01:52:20) ->    25(time 6800 - 01:53:20)(time 7100 - 01:58:20) ->    24(time 7160 - 01:59:20)(time 7520 - 02:05:20) ->    23(time 7640 - 02:07:20)(time 7820 - 02:10:20) ->    22(time 7860 - 02:11:00)(time 7900 - 02:11:40) ->    21(time 7960 - 02:12:40)(time 8140 - 02:15:40) ->    20(time 8200 - 02:16:40)(time 8380 - 02:19:40) ->    19(time 8440 - 02:20:40)(time 8680 - 02:24:40) ->    18(time 8720 - 02:25:20)(time 8840 - 02:27:20) ->    17(time 8900 - 02:28:20)(time 9140 - 02:32:20) ->    16(time 9260 - 02:34:20)(time 9260 - 02:34:20) -> 0
> Trip 2
   0(time 9260 - 02:34:20)(time 9500 - 02:38:20) ->    1(time 9560 - 02:39:20)(time 9680 - 02:41:20) ->    2(time 9720 - 02:42:00)(time 9960 - 02:46:00) ->    3(time 10020 - 02:47:00)(time 10200 - 02:50:00) ->    4(time 10260 - 02:51:00)(time 10440 - 02:54:00) ->    5(time 10500 - 02:55:00)(time 10540 - 02:55:40) ->    6(time 10580 - 02:56:20)(time 10760 - 02:59:20) ->    7(time 10880 - 03:01:20)(time 11240 - 03:07:20) ->    8(time 11300 - 03:08:20)(time 11600 - 03:13:20) ->    9(time 11705 - 03:15:05)(time 11945 - 03:19:05) ->    10(time 11985 - 03:19:45)(time 12105 - 03:21:45) ->    11(time 12165 - 03:22:45)(time 12405 - 03:26:45) ->    12(time 12465 - 03:27:45)(time 12645 - 03:30:45) ->    13(time 12705 - 03:31:45)(time 12825 - 03:33:45) ->    14(time 12885 - 03:34:45)(time 13065 - 03:37:45) ->    15(time 13185 - 03:39:45)(time 13185 - 03:39:45) ->    31(time 13185 - 03:39:45)(time 13365 - 03:42:45) ->    30(time 13546 - 03:45:46)(time 13666 - 03:47:46) ->    29(time 13726 - 03:48:46)(time 13906 - 03:51:46) ->    28(time 14506 - 04:01:46)(time 14746 - 04:05:46) ->    27(time 14806 - 04:06:46)(time 14926 - 04:08:46) ->    26(time 15526 - 04:18:46)(time 15766 - 04:22:46) ->    25(time 15826 - 04:23:46)(time 16126 - 04:28:46) ->    24(time 16186 - 04:29:46)(time 16546 - 04:35:46) ->    23(time 16666 - 04:37:46)(time 16846 - 04:40:46) ->    22(time 16886 - 04:41:26)(time 16926 - 04:42:06) ->    21(time 16986 - 04:43:06)(time 17166 - 04:46:06) ->    20(time 17226 - 04:47:06)(time 17406 - 04:50:06) ->    19(time 17466 - 04:51:06)(time 17706 - 04:55:06) ->    18(time 17746 - 04:55:46)(time 17866 - 04:57:46) ->    17(time 17926 - 04:58:46)(time 18166 - 05:02:46) ->    16(time 18286 - 05:04:46)(time 18286 - 05:04:46) -> 0
> Trip 3
   0(time 18286 - 05:04:46)(time 18526 - 05:08:46) ->    1(time 18586 - 05:09:46)(time 18706 - 05:11:46) ->    2(time 18746 - 05:12:26)(time 18986 - 05:16:26) ->    3(time 19046 - 05:17:26)(time 19226 - 05:20:26) ->    4(time 19286 - 05:21:26)(time 19466 - 05:24:26) ->    5(time 19526 - 05:25:26)(time 19566 - 05:26:06) ->    6(time 19606 - 05:26:46)(time 19786 - 05:29:46) ->    7(time 19906 - 05:31:46)(time 20266 - 05:37:46) ->    8(time 20326 - 05:38:46)(time 20626 - 05:43:46) ->    9(time 20686 - 05:44:46)(time 20926 - 05:48:46) ->    10(time 20966 - 05:49:26)(time 21086 - 05:51:26) ->    11(time 21146 - 05:52:26)(time 21386 - 05:56:26) ->    12(time 21446 - 05:57:26)(time 21626 - 06:00:26) ->    13(time 21686 - 06:01:26)(time 21806 - 06:03:26) ->    14(time 21866 - 06:04:26)(time 22046 - 06:07:26) ->    15(time 22166 - 06:09:26)(time 22166 - 06:09:26) ->    31(time 22166 - 06:09:26)(time 22346 - 06:12:26) ->    30(time 22406 - 06:13:26)(time 22526 - 06:15:26) ->    29(time 22586 - 06:16:26)(time 22766 - 06:19:26) ->    28(time 22826 - 06:20:26)(time 23066 - 06:24:26) ->    27(time 23126 - 06:25:26)(time 23246 - 06:27:26) ->    26(time 23286 - 06:28:06)(time 23526 - 06:32:06) ->    25(time 23586 - 06:33:06)(time 23886 - 06:38:06) ->    24(time 23946 - 06:39:06)(time 24306 - 06:45:06) ->    23(time 24426 - 06:47:06)(time 24606 - 06:50:06) ->    22(time 24646 - 06:50:46)(time 24686 - 06:51:26) ->    21(time 24746 - 06:52:26)(time 24926 - 06:55:26) ->    20(time 24986 - 06:56:26)(time 25166 - 06:59:26) ->    19(time 25226 - 07:00:26)(time 25466 - 07:04:26) ->    18(time 25506 - 07:05:06)(time 25626 - 07:07:06) ->    17(time 25686 - 07:08:06)(time 25926 - 07:12:06) ->    16(time 26526 - 07:22:06)(time 26526 - 07:22:06) -> 0
> Trip 4
   0(time 29786 - 08:16:26)(time 30026 - 08:20:26) ->    1(time 30086 - 08:21:26)(time 30206 - 08:23:26) ->    2(time 30246 - 08:24:06)(time 30486 - 08:28:06) ->    3(time 30546 - 08:29:06)(time 30726 - 08:32:06) ->    4(time 30786 - 08:33:06)(time 30966 - 08:36:06) ->    5(time 31026 - 08:37:06)(time 31066 - 08:37:46) ->    6(time 31106 - 08:38:26)(time 31286 - 08:41:26) ->    7(time 31406 - 08:43:26)(time 31766 - 08:49:26) ->    8(time 31826 - 08:50:26)(time 32126 - 08:55:26) ->    9(time 32186 - 08:56:26)(time 32426 - 09:00:26) ->    10(time 32466 - 09:01:06)(time 32586 - 09:03:06) ->    11(time 32646 - 09:04:06)(time 32886 - 09:08:06) ->    12(time 32946 - 09:09:06)(time 33126 - 09:12:06) ->    13(time 33186 - 09:13:06)(time 33306 - 09:15:06) ->    14(time 33366 - 09:16:06)(time 33546 - 09:19:06) ->    15(time 33726 - 09:22:06)(time 33726 - 09:22:06) ->    31(time 33726 - 09:22:06)(time 33906 - 09:25:06) ->    30(time 33966 - 09:26:06)(time 34086 - 09:28:06) ->    29(time 34146 - 09:29:06)(time 34326 - 09:32:06) ->    28(time 34386 - 09:33:06)(time 34626 - 09:37:06) ->    27(time 34686 - 09:38:06)(time 34806 - 09:40:06) ->    26(time 34846 - 09:40:46)(time 35086 - 09:44:46) ->    25(time 35146 - 09:45:46)(time 35446 - 09:50:46) ->    24(time 35506 - 09:51:46)(time 35866 - 09:57:46) ->    23(time 35986 - 09:59:46)(time 36166 - 10:02:46) ->    22(time 36206 - 10:03:26)(time 36246 - 10:04:06) ->    21(time 36306 - 10:05:06)(time 36486 - 10:08:06) ->    20(time 36546 - 10:09:06)(time 36726 - 10:12:06) ->    19(time 36786 - 10:13:06)(time 37026 - 10:17:06) ->    18(time 37066 - 10:17:46)(time 37186 - 10:19:46) ->    17(time 37246 - 10:20:46)(time 37486 - 10:24:46) ->    16(time 37606 - 10:26:46)(time 37606 - 10:26:46) -> 0
> Trip 5
   0(time 38836 - 10:47:16)(time 39076 - 10:51:16) ->    1(time 39136 - 10:52:16)(time 39256 - 10:54:16) ->    2(time 39296 - 10:54:56)(time 39536 - 10:58:56) ->    3(time 39596 - 10:59:56)(time 39776 - 11:02:56) ->    4(time 39836 - 11:03:56)(time 40016 - 11:06:56) ->    5(time 40076 - 11:07:56)(time 40116 - 11:08:36) ->    6(time 40616 - 11:16:56)(time 40796 - 11:19:56) ->    7(time 40976 - 11:22:56)(time 41336 - 11:28:56) ->    8(time 41396 - 11:29:56)(time 41696 - 11:34:56) ->    9(time 41756 - 11:35:56)(time 41996 - 11:39:56) ->    10(time 42036 - 11:40:36)(time 42156 - 11:42:36) ->    11(time 42216 - 11:43:36)(time 42456 - 11:47:36) ->    12(time 42516 - 11:48:36)(time 42696 - 11:51:36) ->    13(time 42756 - 11:52:36)(time 42876 - 11:54:36) ->    14(time 42936 - 11:55:36)(time 43116 - 11:58:36) ->    15(time 43236 - 12:00:36)(time 43236 - 12:00:36) ->    31(time 43296 - 12:01:36)(time 43476 - 12:04:36) ->    30(time 43536 - 12:05:36)(time 43656 - 12:07:36) ->    29(time 43716 - 12:08:36)(time 43896 - 12:11:36) ->    28(time 43956 - 12:12:36)(time 44196 - 12:16:36) ->    27(time 44256 - 12:17:36)(time 44376 - 12:19:36) ->    26(time 44416 - 12:20:16)(time 44656 - 12:24:16) ->    25(time 44716 - 12:25:16)(time 45016 - 12:30:16) ->    24(time 45076 - 12:31:16)(time 45436 - 12:37:16) ->    23(time 45556 - 12:39:16)(time 45736 - 12:42:16) ->    22(time 45776 - 12:42:56)(time 45816 - 12:43:36) ->    21(time 45876 - 12:44:36)(time 46056 - 12:47:36) ->    20(time 46116 - 12:48:36)(time 46296 - 12:51:36) ->    19(time 46356 - 12:52:36)(time 46596 - 12:56:36) ->    18(time 46636 - 12:57:16)(time 46756 - 12:59:16) ->    17(time 46816 - 13:00:16)(time 47056 - 13:04:16) ->    16(time 47176 - 13:06:16)(time 47176 - 13:06:16) -> 0
=============
Train 1
=============
> Trip 0
   23(time 180 - 00:03:00)(time 360 - 00:06:00) ->    22(time 400 - 00:06:40)(time 440 - 00:07:20) ->    21(time 500 - 00:08:20)(time 680 - 00:11:20) ->    20(time 740 - 00:12:20)(time 920 - 00:15:20) ->    19(time 1080 - 00:18:00)(time 1320 - 00:22:00) ->    18(time 1920 - 00:32:00)(time 2040 - 00:34:00) ->    17(time 2100 - 00:35:00)(time 2340 - 00:39:00) -> 16
> Trip 1
   0(time 2340 - 00:39:00)(time 2580 - 00:43:00) ->    1(time 2640 - 00:44:00)(time 2760 - 00:46:00) ->    2(time 2800 - 00:46:40)(time 3040 - 00:50:40) ->    3(time 3100 - 00:51:40)(time 3280 - 00:54:40) ->    4(time 3340 - 00:55:40)(time 3520 - 00:58:40) ->    5(time 3580 - 00:59:40)(time 3620 - 01:00:20) ->    6(time 3660 - 01:01:00)(time 3840 - 01:04:00) ->    7(time 3960 - 01:06:00)(time 4320 - 01:12:00) ->    8(time 4740 - 01:19:00)(time 5040 - 01:24:00) ->    9(time 5100 - 01:25:00)(time 5340 - 01:29:00) ->    10(time 5380 - 01:29:40)(time 5500 - 01:31:40) ->    11(time 5560 - 01:32:40)(time 5800 - 01:36:40) ->    12(time 5980 - 01:39:40)(time 6160 - 01:42:40) ->    13(time 6220 - 01:43:40)(time 6340 - 01:45:40) ->    14(time 6400 - 01:46:40)(time 6580 - 01:49:40) ->    15(time 6700 - 01:51:40)(time 6700 - 01:51:40) ->    31(time 6700 - 01:51:40)(time 6880 - 01:54:40) ->    30(time 6940 - 01:55:40)(time 7060 - 01:57:40) ->    29(time 7120 - 01:58:40)(time 7300 - 02:01:40) ->    28(time 7360 - 02:02:40)(time 7600 - 02:06:40) ->    27(time 7660 - 02:07:40)(time 7780 - 02:09:40) ->    26(time 7820 - 02:10:20)(time 8060 - 02:14:20) ->    25(time 8120 - 02:15:20)(time 8420 - 02:20:20) ->    24(time 8800 - 02:26:40)(time 9160 - 02:32:40) ->    23(time 9760 - 02:42:40)(time 9940 - 02:45:40) ->    22(time 10540 - 02:55:40)(time 10580 - 02:56:20) ->    21(time 10640 - 02:57:20)(time 10820 - 03:00:20) ->    20(time 10880 - 03:01:20)(time 11060 - 03:04:20) ->    19(time 11120 - 03:05:20)(time 11360 - 03:09:20) ->    18(time 11400 - 03:10:00)(time 11520 - 03:12:00) ->    17(time 11580 - 03:13:00)(time 11820 - 03:17:00) ->    16(time 11940 - 03:19:00)(time 11940 - 03:19:00) -> 0
> Trip 2
   0(time 12886 - 03:34:46)(time 13126 - 03:38:46) ->    1(time 13186 - 03:39:46)(time 13306 - 03:41:46) ->    2(time 13346 - 03:42:26)(time 13586 - 03:46:26) ->    3(time 13646 - 03:47:26)(time 13826 - 03:50:26) ->    4(time 13886 - 03:51:26)(time 14066 - 03:54:26) ->    5(time 14126 - 03:55:26)(time 14166 - 03:56:06) ->    6(time 14206 - 03:56:46)(time 14386 - 03:59:46) ->    7(time 14506 - 04:01:46)(time 14866 - 04:07:46) ->    8(time 14926 - 04:08:46)(time 15226 - 04:13:46) ->    9(time 15286 - 04:14:46)(time 15526 - 04:18:46) ->    10(time 15566 - 04:19:26)(time 15686 - 04:21:26) ->    11(time 15746 - 04:22:26)(time 15986 - 04:26:26) ->    12(time 16366 - 04:32:46)(time 16546 - 04:35:46) ->    13(time 16606 - 04:36:46)(time 16726 - 04:38:46) ->    14(time 16786 - 04:39:46)(time 16966 - 04:42:46) ->    15(time 17086 - 04:44:46)(time 17086 - 04:44:46) ->    31(time 17086 - 04:44:46)(time 17266 - 04:47:46) ->    30(time 17326 - 04:48:46)(time 17446 - 04:50:46) ->    29(time 17506 - 04:51:46)(time 17686 - 04:54:46) ->    28(time 17746 - 04:55:46)(time 17986 - 04:59:46) ->    27(time 18046 - 05:00:46)(time 18166 - 05:02:46) ->    26(time 18206 - 05:03:26)(time 18446 - 05:07:26) ->    25(time 18506 - 05:08:26)(time 18806 - 05:13:26) ->    24(time 18866 - 05:14:26)(time 19226 - 05:20:26) ->    23(time 19346 - 05:22:26)(time 19526 - 05:25:26) ->    22(time 19566 - 05:26:06)(time 19606 - 05:26:46) ->    21(time 19666 - 05:27:46)(time 19846 - 05:30:46) ->    20(time 19906 - 05:31:46)(time 20086 - 05:34:46) ->    19(time 20146 - 05:35:46)(time 20386 - 05:39:46) ->    18(time 20426 - 05:40:26)(time 20546 - 05:42:26) ->    17(time 20606 - 05:43:26)(time 20846 - 05:47:26) ->    16(time 20966 - 05:49:26)(time 20966 - 05:49:26) -> 0
> Trip 3
   0(time 21846 - 06:04:06)(time 22086 - 06:08:06) ->    1(time 22146 - 06:09:06)(time 22266 - 06:11:06) ->    2(time 22306 - 06:11:46)(time 22546 - 06:15:46) ->    3(time 22606 - 06:16:46)(time 22786 - 06:19:46) ->    4(time 22846 - 06:20:46)(time 23026 - 06:23:46) ->    5(time 23086 - 06:24:46)(time 23126 - 06:25:26) ->    6(time 23166 - 06:26:06)(time 23346 - 06:29:06) ->    7(time 23466 - 06:31:06)(time 23826 - 06:37:06) ->    8(time 23886 - 06:38:06)(time 24186 - 06:43:06) ->    9(time 24246 - 06:44:06)(time 24486 - 06:48:06) ->    10(time 24526 - 06:48:46)(time 24646 - 06:50:46) ->    11(time 24706 - 06:51:46)(time 24946 - 06:55:46) ->    12(time 25006 - 06:56:46)(time 25186 - 06:59:46) ->    13(time 25246 - 07:00:46)(time 25366 - 07:02:46) ->    14(time 25426 - 07:03:46)(time 25606 - 07:06:46) ->    15(time 25726 - 07:08:46)(time 25726 - 07:08:46) ->    31(time 25726 - 07:08:46)(time 25906 - 07:11:46) ->    30(time 25966 - 07:12:46)(time 26086 - 07:14:46) ->    29(time 26146 - 07:15:46)(time 26326 - 07:18:46) ->    28(time 26386 - 07:19:46)(time 26626 - 07:23:46) ->    27(time 26686 - 07:24:46)(time 26806 - 07:26:46) ->    26(time 26846 - 07:27:26)(time 27086 - 07:31:26) ->    25(time 27146 - 07:32:26)(time 27446 - 07:37:26) ->    24(time 27506 - 07:38:26)(time 27866 - 07:44:26) ->    23(time 27986 - 07:46:26)(time 28166 - 07:49:26) ->    22(time 28206 - 07:50:06)(time 28246 - 07:50:46) ->    21(time 28306 - 07:51:46)(time 28486 - 07:54:46) ->    20(time 28546 - 07:55:46)(time 28726 - 07:58:46) ->    19(time 28786 - 07:59:46)(time 29026 - 08:03:46) ->    18(time 29066 - 08:04:26)(time 29186 - 08:06:26) ->    17(time 29246 - 08:07:26)(time 29486 - 08:11:26) ->    16(time 29606 - 08:13:26)(time 29606 - 08:13:26) -> 0
> Trip 4
   0(time 29606 - 08:13:26)(time 29846 - 08:17:26) ->    1(time 29906 - 08:18:26)(time 30026 - 08:20:26) ->    2(time 30066 - 08:21:06)(time 30306 - 08:25:06) ->    3(time 30366 - 08:26:06)(time 30546 - 08:29:06) ->    4(time 30606 - 08:30:06)(time 30786 - 08:33:06) ->    5(time 30846 - 08:34:06)(time 30886 - 08:34:46) ->    6(time 30926 - 08:35:26)(time 31106 - 08:38:26) ->    7(time 31226 - 08:40:26)(time 31586 - 08:46:26) ->    8(time 31646 - 08:47:26)(time 31946 - 08:52:26) ->    9(time 32006 - 08:53:26)(time 32246 - 08:57:26) ->    10(time 32286 - 08:58:06)(time 32406 - 09:00:06) ->    11(time 32466 - 09:01:06)(time 32706 - 09:05:06) ->    12(time 32766 - 09:06:06)(time 32946 - 09:09:06) ->    13(time 33006 - 09:10:06)(time 33126 - 09:12:06) ->    14(time 33186 - 09:13:06)(time 33366 - 09:16:06) ->    15(time 33546 - 09:19:06)(time 33546 - 09:19:06) ->    31(time 33546 - 09:19:06)(time 33726 - 09:22:06) ->    30(time 33786 - 09:23:06)(time 33906 - 09:25:06) ->    29(time 33966 - 09:26:06)(time 34146 - 09:29:06) ->    28(time 34206 - 09:30:06)(time 34446 - 09:34:06) ->    27(time 34506 - 09:35:06)(time 34626 - 09:37:06) ->    26(time 34666 - 09:37:46)(time 34906 - 09:41:46) ->    25(time 34966 - 09:42:46)(time 35266 - 09:47:46) ->    24(time 35326 - 09:48:46)(time 35686 - 09:54:46) ->    23(time 35806 - 09:56:46)(time 35986 - 09:59:46) ->    22(time 36026 - 10:00:26)(time 36066 - 10:01:06) ->    21(time 36126 - 10:02:06)(time 36306 - 10:05:06) ->    20(time 36366 - 10:06:06)(time 36546 - 10:09:06) ->    19(time 36606 - 10:10:06)(time 36846 - 10:14:06) ->    18(time 36886 - 10:14:46)(time 37006 - 10:16:46) ->    17(time 37066 - 10:17:46)(time 37306 - 10:21:46) ->    16(time 37426 - 10:23:46)(time 37426 - 10:23:46) -> 0
> Trip 5
   0(time 38656 - 10:44:16)(time 38896 - 10:48:16) ->    1(time 38956 - 10:49:16)(time 39076 - 10:51:16) ->    2(time 39116 - 10:51:56)(time 39356 - 10:55:56) ->    3(time 39416 - 10:56:56)(time 39596 - 10:59:56) ->    4(time 39656 - 11:00:56)(time 39836 - 11:03:56) ->    5(time 39896 - 11:04:56)(time 39936 - 11:05:36) ->    6(time 40016 - 11:06:56)(time 40196 - 11:09:56) ->    7(time 40796 - 11:19:56)(time 41156 - 11:25:56) ->    8(time 41216 - 11:26:56)(time 41516 - 11:31:56) ->    9(time 41576 - 11:32:56)(time 41816 - 11:36:56) ->    10(time 41856 - 11:37:36)(time 41976 - 11:39:36) ->    11(time 42036 - 11:40:36)(time 42276 - 11:44:36) ->    12(time 42336 - 11:45:36)(time 42516 - 11:48:36) ->    13(time 42576 - 11:49:36)(time 42696 - 11:51:36) ->    14(time 42756 - 11:52:36)(time 42936 - 11:55:36) ->    15(time 43056 - 11:57:36)(time 43056 - 11:57:36) ->    31(time 43116 - 11:58:36)(time 43296 - 12:01:36) ->    30(time 43356 - 12:02:36)(time 43476 - 12:04:36) ->    29(time 43536 - 12:05:36)(time 43716 - 12:08:36) ->    28(time 43776 - 12:09:36)(time 44016 - 12:13:36) ->    27(time 44076 - 12:14:36)(time 44196 - 12:16:36) ->    26(time 44236 - 12:17:16)(time 44476 - 12:21:16) ->    25(time 44536 - 12:22:16)(time 44836 - 12:27:16) ->    24(time 44896 - 12:28:16)(time 45256 - 12:34:16) ->    23(time 45376 - 12:36:16)(time 45556 - 12:39:16) ->    22(time 45596 - 12:39:56)(time 45636 - 12:40:36) ->    21(time 45696 - 12:41:36)(time 45876 - 12:44:36) ->    20(time 45936 - 12:45:36)(time 46116 - 12:48:36) ->    19(time 46176 - 12:49:36)(time 46416 - 12:53:36) ->    18(time 46456 - 12:54:16)(time 46576 - 12:56:16) ->    17(time 46636 - 12:57:16)(time 46876 - 13:01:16) ->    16(time 46996 - 13:03:16)(time 46996 - 13:03:16) -> 0
=============
Train 2
=============
> Trip 0
   7(time 0 - 00:00:00)(time 360 - 00:06:00) ->    8(time 420 - 00:07:00)(time 720 - 00:12:00) ->    9(time 780 - 00:13:00)(time 1020 - 00:17:00) ->    10(time 1060 - 00:17:40)(time 1180 - 00:19:40) ->    11(time 1240 - 00:20:40)(time 1480 - 00:24:40) ->    12(time 1540 - 00:25:40)(time 1720 - 00:28:40) ->    13(time 1780 - 00:29:40)(time 1900 - 00:31:40) ->    14(time 1960 - 00:32:40)(time 2140 - 00:35:40) -> 15
> Trip 1
   31(time 2140 - 00:35:40)(time 2320 - 00:38:40) ->    30(time 2380 - 00:39:40)(time 2500 - 00:41:40) ->    29(time 2560 - 00:42:40)(time 2740 - 00:45:40) ->    28(time 3120 - 00:52:00)(time 3360 - 00:56:00) ->    27(time 3420 - 00:57:00)(time 3540 - 00:59:00) ->    26(time 4140 - 01:09:00)(time 4380 - 01:13:00) ->    25(time 4440 - 01:14:00)(time 4740 - 01:19:00) ->    24(time 5340 - 01:29:00)(time 5700 - 01:35:00) ->    23(time 5820 - 01:37:00)(time 6000 - 01:40:00) ->    22(time 6040 - 01:40:40)(time 6080 - 01:41:20) ->    21(time 6140 - 01:42:20)(time 6320 - 01:45:20) ->    20(time 6920 - 01:55:20)(time 7100 - 01:58:20) ->    19(time 7160 - 01:59:20)(time 7400 - 02:03:20) ->    18(time 7440 - 02:04:00)(time 7560 - 02:06:00) ->    17(time 7620 - 02:07:00)(time 7860 - 02:11:00) ->    16(time 7980 - 02:13:00)(time 7980 - 02:13:00) ->    0(time 8300 - 02:18:20)(time 8540 - 02:22:20) ->    1(time 8600 - 02:23:20)(time 8720 - 02:25:20) ->    2(time 8760 - 02:26:00)(time 9000 - 02:30:00) ->    3(time 9060 - 02:31:00)(time 9240 - 02:34:00) ->    4(time 9300 - 02:35:00)(time 9480 - 02:38:00) ->    5(time 9860 - 02:44:20)(time 9900 - 02:45:00) ->    6(time 9940 - 02:45:40)(time 10120 - 02:48:40) ->    7(time 10240 - 02:50:40)(time 10600 - 02:56:40) ->    8(time 10660 - 02:57:40)(time 10960 - 03:02:40) ->    9(time 11020 - 03:03:40)(time 11260 - 03:07:40) ->    10(time 11300 - 03:08:20)(time 11420 - 03:10:20) ->    11(time 11480 - 03:11:20)(time 11720 - 03:15:20) ->    12(time 11780 - 03:16:20)(time 11960 - 03:19:20) ->    13(time 12020 - 03:20:20)(time 12140 - 03:22:20) ->    14(time 12200 - 03:23:20)(time 12380 - 03:26:20) ->    15(time 12500 - 03:28:20)(time 12500 - 03:28:20) -> 31
> Trip 2
   31(time 38656 - 10:44:16)(time 38836 - 10:47:16) ->    30(time 38896 - 10:48:16)(time 39016 - 10:50:16) ->    29(time 39076 - 10:51:16)(time 39256 - 10:54:16) ->    28(time 39316 - 10:55:16)(time 39556 - 10:59:16) ->    27(time 39616 - 11:00:16)(time 39736 - 11:02:16) ->    26(time 39776 - 11:02:56)(time 40016 - 11:06:56) ->    25(time 40076 - 11:07:56)(time 40376 - 11:12:56) ->    24(time 40436 - 11:13:56)(time 40796 - 11:19:56) ->    23(time 40916 - 11:21:56)(time 41096 - 11:24:56) ->    22(time 41136 - 11:25:36)(time 41176 - 11:26:16) ->    21(time 41236 - 11:27:16)(time 41416 - 11:30:16) ->    20(time 41476 - 11:31:16)(time 41656 - 11:34:16) ->    19(time 41716 - 11:35:16)(time 41956 - 11:39:16) ->    18(time 41996 - 11:39:56)(time 42116 - 11:41:56) ->    17(time 42176 - 11:42:56)(time 42416 - 11:46:56) ->    16(time 42536 - 11:48:56)(time 42536 - 11:48:56) ->    0(time 42536 - 11:48:56)(time 42776 - 11:52:56) ->    1(time 42836 - 11:53:56)(time 42956 - 11:55:56) ->    2(time 42996 - 11:56:36)(time 43236 - 12:00:36) ->    3(time 43296 - 12:01:36)(time 43476 - 12:04:36) ->    4(time 43536 - 12:05:36)(time 43716 - 12:08:36) ->    5(time 43776 - 12:09:36)(time 43816 - 12:10:16) ->    6(time 43856 - 12:10:56)(time 44036 - 12:13:56) ->    7(time 44156 - 12:15:56)(time 44516 - 12:21:56) ->    8(time 45016 - 12:30:16)(time 45316 - 12:35:16) ->    9(time 45376 - 12:36:16)(time 45616 - 12:40:16) ->    10(time 45656 - 12:40:56)(time 45776 - 12:42:56) ->    11(time 45836 - 12:43:56)(time 46076 - 12:47:56) ->    12(time 46136 - 12:48:56)(time 46316 - 12:51:56) ->    13(time 46376 - 12:52:56)(time 46496 - 12:54:56) ->    14(time 46556 - 12:55:56)(time 46736 - 12:58:56) ->    15(time 46856 - 13:00:56)(time 46856 - 13:00:56) -> 31
