t3p10r6h3.txt:
   > Trying to open the instance file...
   > Reading number of trains...
   > Reading maximum number of trips per train...
   > Reading time intervals...
   > Reading number of points...
   > Reading stations...
   > Reading crossings...
   > Reading depots...
   > Reading initial point...
   > Reading routes...
   > Reading distance and distance and service...
   > Reading demands...
   > Reading maximum time...
   > Reading alpha...

--------------------------------
 Printing instance
--------------------------------
number of trains = 3
	max trips per trains: 4     4     4
number of intervals = 3
	(0,  15386)	(15387,  30772)	(30773,  46158)
number of points = 10
	initial point: 4
	stations: 0     1     2     3     4     5     6     7     8     9
	crossings: 0     1     2     4     9
	depots: 0     4     9
number of vertices = 20
	total vertices: 0     1     2     3     4     5     6     7     8     9    10    11    12    13    14    15    16    17    18    19
	upper vertices: 0     1     2     3     4     5     6     7     8     9
	lower vertices: 10    11    12    13    14    15    16    17    18    19
	vertices of point #0: (0, 10)
	vertices of point #1: (1, 11)
	vertices of point #2: (2, 12)
	vertices of point #3: (3, 13)
	vertices of point #4: (4, 14)
	vertices of point #5: (5, 15)
	vertices of point #6: (6, 16)
	vertices of point #7: (7, 17)
	vertices of point #8: (8, 18)
	vertices of point #9: (9, 19)

arcs...
	total arcs: 
		arc #0: (0, 1)
		arc #1: (0, 10)
		arc #2: (10, 0)
		arc #3: (1, 2)
		arc #4: (11, 10)
		arc #5: (2, 3)
		arc #6: (12, 11)
		arc #7: (3, 4)
		arc #8: (13, 12)
		arc #9: (4, 5)
		arc #10: (14, 13)
		arc #11: (4, 14)
		arc #12: (14, 4)
		arc #13: (5, 6)
		arc #14: (15, 14)
		arc #15: (6, 7)
		arc #16: (16, 15)
		arc #17: (7, 8)
		arc #18: (17, 16)
		arc #19: (8, 9)
		arc #20: (18, 17)
		arc #21: (19, 18)
		arc #22: (9, 19)
		arc #23: (19, 9)

	reverse arcs: 
		arc #1: (0, 10)
		arc #2: (10, 0)
		arc #11: (4, 14)
		arc #12: (14, 4)
		arc #22: (9, 19)
		arc #23: (19, 9)


incompatible points...
	(0, 0, 11, (0, 1))	(11, 11, 0, (11, 10))	(1, 1, 12, (1, 2))	(12, 12, 1, (12, 11))	(2, 3, 14, (3, 4))	(14, 13, 2, (13, 12))	(4, 8, 19, (8, 9))	(19, 15, 4, (15, 14))

number of routes = 6
vertices of routes...
	route #0: 0     1     2     3     4     5     6     7     8     9    19    18    17    16    15    14    13    12    11    10     0
	route #1: 19    18    17    16    15    14    13    12    11    10     0     1     2     3     4     5     6     7     8     9    19
	route #2: 4     5     6     7     8     9
	route #3: 14    13    12    11    10
	route #4: 0     1     2     3     4
	route #5: 19    18    17    16    15    14
arcs of routes...
	route #0: 0     3     5     7     9    13    15    17    19    22    21    20    18    16    14    10     8     6     4     2
	route #1: 21    20    18    16    14    10     8     6     4     2     0     3     5     7     9    13    15    17    19    22
	route #2: 9    13    15    17    19
	route #3: 10     8     6     4
	route #4: 0     3     5     7
	route #5: 21    20    18    16    14

incompatible routes...
	(0, 1)    	(0, 2)    	(0, 3)    	(0, 5)    	(1, 0)    	(1, 2)    	(1, 3)    	(1, 4)    	(2, 0)    	(2, 2)    	(2, 3)    	(2, 4)    	(3, 1)    	(3, 2)    	(3, 3)    	(3, 5)    	(4, 0)    	(4, 1)    	(4, 4)    	(4, 5)    	(5, 0)    	(5, 1)    	(5, 4)    	(5, 5)

vertices that can be adjacent in consecutive trips...
	(0, 0)    	(4, 4)    	(4, 14)    	(9, 19)    	(10, 0)    	(14, 4)    	(14, 14)    	(19, 19)
non cyclical routes: 
       2       3       4       5

routes of trip...
	routes that train #0 can complete at trip #0: 2       3
	routes that train #0 can complete at trip #1: 0       1       2       3       4       5
	routes that train #0 can complete at trip #2: 0       1       2       3       4       5
	routes that train #0 can complete at trip #3: 0       1       2       3       4       5

	routes that train #1 can complete at trip #0: 2       3
	routes that train #1 can complete at trip #1: 0       1       2       3       4       5
	routes that train #1 can complete at trip #2: 0       1       2       3       4       5
	routes that train #1 can complete at trip #3: 0       1       2       3       4       5

	routes that train #2 can complete at trip #0: 2       3
	routes that train #2 can complete at trip #1: 0       1       2       3       4       5
	routes that train #2 can complete at trip #2: 0       1       2       3       4       5
	routes that train #2 can complete at trip #3: 0       1       2       3       4       5

 cost...
	arc #0 [0][1]: 217
	arc #1 [0][10]: 0
	arc #2 [10][0]: 0
	arc #3 [1][2]: 236
	arc #4 [11][10]: 217
	arc #5 [2][3]: 244
	arc #6 [12][11]: 236
	arc #7 [3][4]: 226
	arc #8 [13][12]: 244
	arc #9 [4][5]: 220
	arc #10 [14][13]: 226
	arc #11 [4][14]: 0
	arc #12 [14][4]: 0
	arc #13 [5][6]: 249
	arc #14 [15][14]: 220
	arc #15 [6][7]: 220
	arc #16 [16][15]: 249
	arc #17 [7][8]: 248
	arc #18 [17][16]: 220
	arc #19 [8][9]: 235
	arc #20 [18][17]: 248
	arc #21 [19][18]: 235
	arc #22 [9][19]: 0
	arc #23 [19][9]: 0

cost with minimum service...
	arc #0 [0][1]: 319
	arc #1 [0][10]: 0
	arc #2 [10][0]: 0
	arc #3 [1][2]: 338
	arc #4 [11][10]: 390
	arc #5 [2][3]: 346
	arc #6 [12][11]: 338
	arc #7 [3][4]: 399
	arc #8 [13][12]: 346
	arc #9 [4][5]: 322
	arc #10 [14][13]: 328
	arc #11 [4][14]: 0
	arc #12 [14][4]: 0
	arc #13 [5][6]: 351
	arc #14 [15][14]: 393
	arc #15 [6][7]: 322
	arc #16 [16][15]: 351
	arc #17 [7][8]: 350
	arc #18 [17][16]: 322
	arc #19 [8][9]: 408
	arc #20 [18][17]: 350
	arc #21 [19][18]: 337
	arc #22 [9][19]: 0
	arc #23 [19][9]: 0

cost with maximum service...
	arc #0 [0][1]: 640
	arc #1 [0][10]: 423
	arc #2 [10][0]: 423
	arc #3 [1][2]: 659
	arc #4 [11][10]: 640
	arc #5 [2][3]: 667
	arc #6 [12][11]: 659
	arc #7 [3][4]: 649
	arc #8 [13][12]: 667
	arc #9 [4][5]: 643
	arc #10 [14][13]: 649
	arc #11 [4][14]: 423
	arc #12 [14][4]: 423
	arc #13 [5][6]: 672
	arc #14 [15][14]: 643
	arc #15 [6][7]: 643
	arc #16 [16][15]: 672
	arc #17 [7][8]: 671
	arc #18 [17][16]: 643
	arc #19 [8][9]: 658
	arc #20 [18][17]: 671
	arc #21 [19][18]: 658
	arc #22 [9][19]: 423
	arc #23 [19][9]: 423

demands...
	demands of vertex 0 at time interval: 3     3     3
	demands of vertex 1 at time interval: 3     3     3
	demands of vertex 2 at time interval: 3     3     3
	demands of vertex 3 at time interval: 3     3     3
	demands of vertex 4 at time interval: 3     3     3
	demands of vertex 5 at time interval: 3     3     3
	demands of vertex 6 at time interval: 3     3     3
	demands of vertex 7 at time interval: 3     3     3
	demands of vertex 8 at time interval: 3     3     3
	demands of vertex 9 at time interval: 0     0     0
	demands of vertex 10 at time interval: 0     0     0
	demands of vertex 11 at time interval: 3     3     3
	demands of vertex 12 at time interval: 3     3     3
	demands of vertex 13 at time interval: 3     3     3
	demands of vertex 14 at time interval: 3     3     3
	demands of vertex 15 at time interval: 3     3     3
	demands of vertex 16 at time interval: 3     3     3
	demands of vertex 17 at time interval: 3     3     3
	demands of vertex 18 at time interval: 3     3     3
	demands of vertex 19 at time interval: 3     3     3

maximum time = 46158
alpha = 63

>> Solving...
Version identifier: 20.1.0.0 | 2020-11-10 | 9bedb6d68
CPXPARAM_Threads                                 1
CPXPARAM_TimeLimit                               43200
Tried aggregator 3 times.
MIP Presolve eliminated 58765 rows and 14874 columns.
MIP Presolve modified 16117 coefficients.
Aggregator did 54 substitutions.
Reduced MIP has 69051 rows, 25165 columns, and 170844 nonzeros.
Reduced MIP has 24777 binaries, 0 generals, 0 SOSs, and 0 indicators.
Presolve time = 3.62 sec. (1041.91 ticks)
Probing fixed 12 vars, tightened 9 bounds.
Probing time = 2.29 sec. (261.93 ticks)
Tried aggregator 1 time.
Detecting symmetries...
MIP Presolve eliminated 535 rows and 103 columns.
MIP Presolve modified 441 coefficients.
Reduced MIP has 68516 rows, 25062 columns, and 169202 nonzeros.
Reduced MIP has 24674 binaries, 0 generals, 0 SOSs, and 0 indicators.
Presolve time = 2.93 sec. (3112.67 ticks)
Probing fixed 0 vars, tightened 6 bounds.
Probing time = 1.86 sec. (176.33 ticks)
Clique table members: 112089.
MIP emphasis: balance optimality and feasibility.
MIP search method: dynamic search.
Parallel mode: none, using 1 thread.
Root relaxation solution time = 20.04 sec. (3230.12 ticks)

        Nodes                                         Cuts/
   Node  Left     Objective  IInf  Best Integer    Best Bound    ItCnt     Gap

      0     0    10257.6667  4336                  10257.6667    24700         
      0     0    17950.9167  4333                  Cuts: 4448    36434         
      0     0    17950.9167  4375                  Cuts: 3032    50645         
      0     0    17950.9167  3929                  Cuts: 1299    52752         
      0     0    18184.0524  4370                  Cuts: 2128    86782         
      0     0    18835.2530  4271                  Cuts: 2310    93878         

Repeating presolve.
Tried aggregator 1 time.
MIP Presolve eliminated 44069 rows and 17654 columns.
MIP Presolve modified 298 coefficients.
Reduced MIP has 24447 rows, 7408 columns, and 63366 nonzeros.
Reduced MIP has 7020 binaries, 0 generals, 0 SOSs, and 0 indicators.
Presolve time = 0.32 sec. (281.48 ticks)
Probing time = 0.08 sec. (32.09 ticks)
Cover probing fixed 0 vars, tightened 54 bounds.
Tried aggregator 1 time.
Detecting symmetries...
MIP Presolve eliminated 6 rows and 6 columns.
MIP Presolve modified 1626 coefficients.
Reduced MIP has 24441 rows, 7402 columns, and 63348 nonzeros.
Reduced MIP has 7014 binaries, 0 generals, 0 SOSs, and 0 indicators.
Presolve time = 0.26 sec. (382.51 ticks)
Represolve time = 0.74 sec. (767.87 ticks)
Probing time = 0.02 sec. (7.96 ticks)
Clique table members: 39322.
MIP emphasis: balance optimality and feasibility.
MIP search method: dynamic search.
Parallel mode: none, using 1 thread.
Root relaxation solution time = 0.63 sec. (526.93 ticks)

        Nodes                                         Cuts/
   Node  Left     Objective  IInf  Best Integer    Best Bound    ItCnt     Gap

      0     0    18835.2530  1612                  18835.2530   100756         
      0     0    19233.2054  1748                  Cuts: 2575   105847         
      0     0    19233.2054  1747                  Cuts: 1836   110063         
      0     0    19233.2054  1576                   Cuts: 255   116020         
      0     0    19233.2054  1706                  Cuts: 2434   123111         

Repeating presolve.
Tried aggregator 1 time.
MIP Presolve eliminated 8160 rows and 3264 columns.
Reduced MIP has 16281 rows, 4138 columns, and 43764 nonzeros.
Reduced MIP has 3750 binaries, 0 generals, 0 SOSs, and 0 indicators.
Presolve time = 0.08 sec. (78.51 ticks)
Probing time = 0.02 sec. (6.67 ticks)
Tried aggregator 1 time.
Detecting symmetries...
Reduced MIP has 16281 rows, 4138 columns, and 43764 nonzeros.
Reduced MIP has 3750 binaries, 0 generals, 0 SOSs, and 0 indicators.
Presolve time = 0.07 sec. (77.10 ticks)
Represolve time = 0.23 sec. (184.01 ticks)
Probing time = 0.02 sec. (6.68 ticks)
Clique table members: 25763.
MIP emphasis: balance optimality and feasibility.
MIP search method: dynamic search.
Parallel mode: none, using 1 thread.
Root relaxation solution time = 0.29 sec. (252.22 ticks)

        Nodes                                         Cuts/
   Node  Left     Objective  IInf  Best Integer    Best Bound    ItCnt     Gap

      0     0    19233.2054  1394                  19233.2054   126665         
      0     0    19233.2054  1584                  Cuts: 2999   131992         
      0     0    19233.2054  1547                   Cuts: 363   135549         
      0     0    19233.2054  1538                  Cuts: 2326   139513         
      0     0    19233.2054  1593                  Cuts: 1579   142893         
*     0+    0                        45469.0000    19233.2054            57.70%
*     0+    0                        45061.0000    19233.2054            57.32%
      0     2    19233.2054  1195    45061.0000    19233.2054   142893   57.32%
Elapsed time = 239.36 sec. (124764.38 ticks, tree = 0.01 MB, solutions = 2)
      1     3    30773.0000  1429    45061.0000    19233.2054   149832   57.32%
      2     4    19713.9810  1627    45061.0000    19713.9810   154037   56.25%
      3     5    30773.0000  1048    45061.0000    19713.9810   159413   56.25%
      6     8    37083.0000   926    45061.0000    19713.9810   160608   56.25%
      8     9    43393.0000   745    45061.0000    19713.9810   164799   56.25%
      9     9    40238.0000   699    45061.0000    19713.9810   168023   56.25%
     14    10    infeasible          45061.0000    19713.9810   172158   56.25%
     17    11    21361.1206  1141    45061.0000    20332.1212   177293   54.88%
     19    13    30773.0000  1008    45061.0000    20332.1212   179836   54.88%
     29    20    28612.0255   956    45061.0000    20332.1212   184171   54.88%
Elapsed time = 247.27 sec. (133205.51 ticks, tree = 1.49 MB, solutions = 2)
     35    22    21762.6859  1146    45061.0000    21762.6859   187670   51.70%
     46    28    30773.0000   711    45061.0000    21762.6859   192076   51.70%
     50    30    30773.0000   673    45061.0000    21762.6859   198271   51.70%
     62    38    33271.0000   988    45061.0000    25708.4457   208208   42.95%
     80    51    30773.0000   955    45061.0000    27688.0000   215652   38.55%
     99    60    30773.0000   978    45061.0000    27688.0000   226125   38.55%
    106    55        cutoff          45061.0000    27688.0000   235513   38.55%
    111    50    infeasible          45061.0000    27688.0000   243037   38.55%
    114    49    30505.0000  1022    45061.0000    30505.0000   249906   32.30%
    115    50    30505.0000  1045    45061.0000    30505.0000   250674   32.30%
Elapsed time = 257.69 sec. (143760.38 ticks, tree = 2.76 MB, solutions = 2)
    116    51    30505.0000  1011    45061.0000    30505.0000   251371   32.30%
    118    53    33271.0000   846    45061.0000    30505.0000   253424   32.30%
*   180+   76                        40584.0000    30505.0000            24.83%
    191    78    30505.0000  1041    40584.0000    30505.0000   260663   24.83%
*   226    74      integral     0    40411.0000    30505.0000   264258   24.51%
    232    76    30773.0000   945    40411.0000    30505.0000   267965   24.51%
    258    95        cutoff          40411.0000    30505.0000   275438   24.51%
    275   103    30505.0000  1037    40411.0000    30505.0000   282671   24.51%
    285    99    infeasible          40411.0000    30773.0000   290013   23.85%
    287    99        cutoff          40411.0000    30773.0000   296429   23.85%
    292    98    39581.0000   556    40411.0000    30773.0000   304649   23.85%
    298    94    infeasible          40411.0000    30773.0000   318255   23.85%
Elapsed time = 268.96 sec. (155807.85 ticks, tree = 2.25 MB, solutions = 4)
    303    91    40238.0000   463    40411.0000    30773.0000   334310   23.85%
    322    99    39919.0000   672    40411.0000    30773.0000   346012   23.85%
*   326+   87                        40243.0000    30773.0000            23.53%
    326    89    37083.0000   458    40243.0000    30773.0000   354413   23.53%
    355   100    33928.0000   514    40243.0000    30773.0000   360121   23.53%
    360   101    infeasible          40243.0000    30773.0000   370569   23.53%
    376   109    37083.0000   341    40243.0000    30773.0000   380156   23.53%
    437   138    36764.0000   386    40243.0000    30773.0000   386898   23.53%
    448   135        cutoff          40243.0000    30773.0000   399837   23.53%
    454   134        cutoff          40243.0000    30773.0000   409248   23.53%
    459   133    40238.0000   772    40243.0000    30773.0000   427071   23.53%
Elapsed time = 281.94 sec. (169623.45 ticks, tree = 1.16 MB, solutions = 5)
    478   143    30773.0000  1042    40243.0000    30773.0000   438783   23.53%
    491   145        cutoff          40243.0000    30773.0000   451370   23.53%
    492   146    40238.0000   432    40243.0000    30773.0000   462407   23.53%
    497   150    40238.0000   468    40243.0000    30773.0000   474665   23.53%
    500   153    40238.0000   265    40243.0000    30773.0000   484852   23.53%
    559   195    30773.0000  1479    40243.0000    30773.0000   496761   23.53%
    561   197    30773.0000   954    40243.0000    30773.0000   506840   23.53%
    562   198    40238.0000   490    40243.0000    30773.0000   519058   23.53%
    566   200    40238.0000   427    40243.0000    30773.0000   528101   23.53%
    575   203        cutoff          40243.0000    30773.0000   539006   23.53%
Elapsed time = 296.67 sec. (184929.99 ticks, tree = 1.40 MB, solutions = 5)
    577   203        cutoff          40243.0000    30773.0000   546660   23.53%
    583   206    40238.0000   556    40243.0000    30773.0000   556629   23.53%
    588   208    30773.0000   791    40243.0000    30773.0000   572537   23.53%
    589   209    40238.0000   605    40243.0000    30773.0000   578564   23.53%
    611   222    infeasible          40243.0000    30773.0000   589955   23.53%
    612   223    30773.0000  1153    40243.0000    30773.0000   597639   23.53%
    619   226    40238.0000   863    40243.0000    30773.0000   606928   23.53%
    631   237    40238.0000   335    40243.0000    30773.0000   614336   23.53%
    647   244    30773.0000  1085    40243.0000    30773.0000   621154   23.53%
    651   244        cutoff          40243.0000    30773.0000   630463   23.53%
Elapsed time = 308.36 sec. (197921.63 ticks, tree = 1.56 MB, solutions = 5)
    663   245    40238.0000   871    40243.0000    30773.0000   641678   23.53%
    669   249    40238.0000   244    40243.0000    30773.0000   648890   23.53%
    698   260    30773.0000  1180    40243.0000    30773.0000   655116   23.53%
    729   270    37083.0000   369    40243.0000    30777.9069   665292   23.52%
    760   261    infeasible          40243.0000    30777.9069   675577   23.52%
    800   258    39365.0000    40    40243.0000    33271.0000   682251   17.32%
    814   256    37083.0000   375    40243.0000    33271.0000   693866   17.32%
    840   271    33271.0000  1086    40243.0000    33271.0000   701165   17.32%
    847   270    33271.0000  1200    40243.0000    33271.0000   713292   17.32%
    858   278    33271.0000   589    40243.0000    33271.0000   722897   17.32%
Elapsed time = 318.82 sec. (208832.27 ticks, tree = 1.80 MB, solutions = 5)
    863   275    33271.0000   924    40243.0000    33271.0000   736690   17.32%
    880   286    33271.0000   992    40243.0000    33271.0000   745406   17.32%
    894   284    33271.0000  1093    40243.0000    33271.0000   756266   17.32%
    905   277    infeasible          40243.0000    33271.0000   768441   17.32%
    908   276    33271.0000  1084    40243.0000    33271.0000   776092   17.32%
    915   275    33271.0000  1031    40243.0000    33271.0000   784165   17.32%
    926   272    33271.0000   771    40243.0000    33271.0000   790446   17.32%
    975   292    33271.0000   936    40243.0000    33271.0000   797513   17.32%
    983   296    33271.0000   541    40243.0000    33271.0000   806207   17.32%
    992   289    infeasible          40243.0000    33271.0000   816337   17.32%
Elapsed time = 329.54 sec. (219984.70 ticks, tree = 1.89 MB, solutions = 5)
    995   291    37083.0000   301    40243.0000    33271.0000   822260   17.32%
   1017   291    33271.0000  1186    40243.0000    33271.0000   833608   17.32%
   1027   289    infeasible          40243.0000    33528.4291   844220   16.69%
   1061   308    33609.0000  1124    40243.0000    33609.0000   853441   16.48%
   1101   326    37083.0000   166    40243.0000    33609.0000   861330   16.48%
*  1143   189      integral     0    40238.0000    33609.0000   864390   16.47%
   1148   192    37083.0000   359    40238.0000    33609.0000   871140   16.47%
   1172   197    35962.6291   406    40238.0000    33609.0000   881584   16.47%
*  1243+  179                        37785.0000    33609.0000            11.05%
*  1243+  172                        37612.0000    33609.0000            10.64%
   1243   174    37256.0000    76    37612.0000    33609.0000   885303   10.64%
   1259   175    33609.0000  1223    37612.0000    33609.0000   894088   10.64%
Elapsed time = 340.14 sec. (231318.67 ticks, tree = 1.08 MB, solutions = 8)
   1267   173    infeasible          37612.0000    33928.0000   903070    9.79%
   1269   173    34106.0000   344    37612.0000    33928.0000   911327    9.79%
   1294   167    37083.0000   429    37612.0000    36074.0000   922216    4.09%
   1300   163    36764.0000  1001    37612.0000    36764.0000   928389    2.25%
   1351   177    37439.0000    58    37612.0000    36764.0000   937355    2.25%
   1384   182    36764.0000   706    37612.0000    36764.0000   946915    2.25%
   1407   187        cutoff          37612.0000    36764.0000   955216    2.25%
   1436   189    36764.0000   963    37612.0000    36764.0000   963954    2.25%
   1472   206    37083.0000   266    37612.0000    36764.0000   968745    2.25%

Performing restart 1

Repeating presolve.
Tried aggregator 1 time.
MIP Presolve modified 5049 coefficients.
Reduced MIP has 16281 rows, 4138 columns, and 43728 nonzeros.
Reduced MIP has 3750 binaries, 0 generals, 0 SOSs, and 0 indicators.
Presolve time = 0.06 sec. (60.38 ticks)
Tried aggregator 1 time.
MIP Presolve modified 12078 coefficients.
Reduced MIP has 16281 rows, 4138 columns, and 43728 nonzeros.
Reduced MIP has 3750 binaries, 0 generals, 0 SOSs, and 0 indicators.
Presolve time = 0.08 sec. (88.54 ticks)
Represolve time = 0.46 sec. (474.87 ticks)
   1566     0    30773.0000  1244    37612.0000    Cuts: 2123   982499    2.25%
   1566     0    30773.0000  1259    37612.0000    Cuts: 2859   986062    2.25%
   1566     0    30773.0000  1053    37612.0000    Cuts: 1154   988497    2.25%
   1566     0    30773.0000  1198    37612.0000    Cuts: 1793   992427    2.25%
   1566     0    30773.0000  1236    37612.0000    Cuts: 1270   996173    2.25%
   1566     0    30773.0000  1052    37612.0000     Cuts: 332   998520    2.25%
   1566     0    30773.0000  1204    37612.0000    Cuts: 1524  1001949    2.25%
   1566     2    30773.0000   762    37612.0000    36764.0000  1001949    2.25%
Elapsed time = 379.07 sec. (275377.82 ticks, tree = 0.01 MB, solutions = 8)
   1568     3    30780.9900   774    37612.0000    36764.0000  1017983    2.25%
   1572     5    30948.0000   590    37612.0000    36764.0000  1029591    2.25%
   1575     4    30774.5135   674    37612.0000    36764.0000  1038615    2.25%
   1578     6    30868.2419   582    37612.0000    36764.0000  1045160    2.25%
   1582     6    30889.6667   697    37612.0000    36764.0000  1054921    2.25%
   1589    11    30948.0000   592    37612.0000    36764.0000  1057550    2.25%
   1595    10    30868.2419   564    37612.0000    36764.0000  1060110    2.25%
   1602     9    36764.0000   484    37612.0000    36764.0000  1064726    2.25%
   1609     8    36746.0000   465    37612.0000    36764.0000  1068694    2.25%
   1615     6    33609.0000   574    37612.0000    36764.0000  1072710    2.25%
Elapsed time = 417.86 sec. (325537.29 ticks, tree = 0.27 MB, solutions = 8)
   1625     2    36764.0000   687    37612.0000    36764.0000  1078802    2.25%
   1632     1    infeasible          37612.0000    37083.0000  1083112    1.41%

GUB cover cuts applied:  22
Clique cuts applied:  64
Cover cuts applied:  23
Implied bound cuts applied:  100
Flow cuts applied:  17
Mixed integer rounding cuts applied:  52
Zero-half cuts applied:  6
Gomory fractional cuts applied:  2

Root node processing (before b&c):
  Real time             =  239.28 sec. (124652.54 ticks)
Sequential b&c:
  Real time             =  187.02 sec. (210296.59 ticks)
                          ------------
Total (root+branch&cut) =  426.30 sec. (334949.13 ticks)
Optimal

>> Printing some results...
    -> Solution value = 37612 - 10:26:52
    -> Total time = 426.30
    -> Gap value = 0.00

=============
Train 0
=============
> Trip 0
   4(time 0 - 00:00:00)(time 220 - 00:03:40) ->    5(time 322 - 00:05:22)(time 571 - 00:09:31) ->    6(time 673 - 00:11:13)(time 893 - 00:14:53) ->    7(time 995 - 00:16:35)(time 1243 - 00:20:43) ->    8(time 1345 - 00:22:25)(time 1580 - 00:26:20) -> 9
> Trip 1
   19(time 9485 - 02:38:05)(time 9720 - 02:42:00) ->    18(time 10143 - 02:49:03)(time 10391 - 02:53:11) ->    17(time 10814 - 03:00:14)(time 11034 - 03:03:54) ->    16(time 11457 - 03:10:57)(time 11706 - 03:15:06) ->    15(time 12129 - 03:22:09)(time 12349 - 03:25:49) ->    14(time 12772 - 03:32:52)(time 12998 - 03:36:38) ->    13(time 13421 - 03:43:41)(time 13665 - 03:47:45) ->    12(time 14088 - 03:54:48)(time 14324 - 03:58:44) ->    11(time 14747 - 04:05:47)(time 14964 - 04:09:24) ->    10(time 15387 - 04:16:27)(time 15387 - 04:16:27) ->    0(time 15723 - 04:22:03)(time 15940 - 04:25:40) ->    1(time 16363 - 04:32:43)(time 16599 - 04:36:39) ->    2(time 16772 - 04:39:32)(time 17016 - 04:43:36) ->    3(time 17118 - 04:45:18)(time 17344 - 04:49:04) ->    4(time 17517 - 04:51:57)(time 17737 - 04:55:37) ->    5(time 17839 - 04:57:19)(time 18088 - 05:01:28) ->    6(time 18190 - 05:03:10)(time 18410 - 05:06:50) ->    7(time 18512 - 05:08:32)(time 18760 - 05:12:40) ->    8(time 18862 - 05:14:22)(time 19097 - 05:18:17) ->    9(time 19520 - 05:25:20)(time 19520 - 05:25:20) -> 19
> Trip 2
   19(time 24462 - 06:47:42)(time 24697 - 06:51:37) ->    18(time 24799 - 06:53:19)(time 25047 - 06:57:27) ->    17(time 25149 - 06:59:09)(time 25369 - 07:02:49) ->    16(time 25471 - 07:04:31)(time 25720 - 07:08:40) ->    15(time 25822 - 07:10:22)(time 26042 - 07:14:02) ->    14(time 26215 - 07:16:55)(time 26441 - 07:20:41) ->    13(time 26543 - 07:22:23)(time 26787 - 07:26:27) ->    12(time 26889 - 07:28:09)(time 27125 - 07:32:05) ->    11(time 27227 - 07:33:47)(time 27444 - 07:37:24) ->    10(time 27617 - 07:40:17)(time 27617 - 07:40:17) ->    0(time 27617 - 07:40:17)(time 27834 - 07:43:54) ->    1(time 27936 - 07:45:36)(time 28172 - 07:49:32) ->    2(time 28274 - 07:51:14)(time 28518 - 07:55:18) ->    3(time 28620 - 07:57:00)(time 28846 - 08:00:46) ->    4(time 29019 - 08:03:39)(time 29239 - 08:07:19) ->    5(time 29341 - 08:09:01)(time 29590 - 08:13:10) ->    6(time 29692 - 08:14:52)(time 29912 - 08:18:32) ->    7(time 30014 - 08:20:14)(time 30262 - 08:24:22) ->    8(time 30364 - 08:26:04)(time 30599 - 08:29:59) ->    9(time 30772 - 08:32:52)(time 30772 - 08:32:52) -> 19
> Trip 3
   19(time 30773 - 08:32:53)(time 31008 - 08:36:48) ->    18(time 31110 - 08:38:30)(time 31358 - 08:42:38) ->    17(time 31460 - 08:44:20)(time 31680 - 08:48:00) ->    16(time 31782 - 08:49:42)(time 32031 - 08:53:51) ->    15(time 32133 - 08:55:33)(time 32353 - 08:59:13) ->    14(time 32526 - 09:02:06)(time 32752 - 09:05:52) ->    13(time 33133 - 09:12:13)(time 33377 - 09:16:17) ->    12(time 33479 - 09:17:59)(time 33715 - 09:21:55) ->    11(time 33817 - 09:23:37)(time 34034 - 09:27:14) ->    10(time 34457 - 09:34:17)(time 34457 - 09:34:17) ->    0(time 34457 - 09:34:17)(time 34674 - 09:37:54) ->    1(time 34776 - 09:39:36)(time 35012 - 09:43:32) ->    2(time 35114 - 09:45:14)(time 35358 - 09:49:18) ->    3(time 35460 - 09:51:00)(time 35686 - 09:54:46) ->    4(time 35859 - 09:57:39)(time 36079 - 10:01:19) ->    5(time 36181 - 10:03:01)(time 36430 - 10:07:10) ->    6(time 36532 - 10:08:52)(time 36752 - 10:12:32) ->    7(time 36854 - 10:14:14)(time 37102 - 10:18:22) ->    8(time 37204 - 10:20:04)(time 37439 - 10:23:59) ->    9(time 37612 - 10:26:52)(time 37612 - 10:26:52) -> 19
=============
Train 1
=============
> Trip 0
   14(time 102 - 00:01:42)(time 328 - 00:05:28) ->    13(time 430 - 00:07:10)(time 674 - 00:11:14) ->    12(time 776 - 00:12:56)(time 1012 - 00:16:52) ->    11(time 1114 - 00:18:34)(time 1331 - 00:22:11) -> 10
> Trip 1
   0(time 1331 - 00:22:11)(time 1548 - 00:25:48) ->    1(time 1650 - 00:27:30)(time 1886 - 00:31:26) ->    2(time 1988 - 00:33:08)(time 2232 - 00:37:12) ->    3(time 2334 - 00:38:54)(time 2560 - 00:42:40) ->    4(time 2733 - 00:45:33)(time 2953 - 00:49:13) ->    5(time 3055 - 00:50:55)(time 3304 - 00:55:04) ->    6(time 3406 - 00:56:46)(time 3626 - 01:00:26) ->    7(time 3728 - 01:02:08)(time 3976 - 01:06:16) ->    8(time 4078 - 01:07:58)(time 4313 - 01:11:53) ->    9(time 4486 - 01:14:46)(time 4486 - 01:14:46) ->    19(time 4486 - 01:14:46)(time 4721 - 01:18:41) ->    18(time 4823 - 01:20:23)(time 5071 - 01:24:31) ->    17(time 5173 - 01:26:13)(time 5393 - 01:29:53) ->    16(time 5495 - 01:31:35)(time 5744 - 01:35:44) ->    15(time 5846 - 01:37:26)(time 6066 - 01:41:06) ->    14(time 6239 - 01:43:59)(time 6465 - 01:47:45) ->    13(time 6567 - 01:49:27)(time 6811 - 01:53:31) ->    12(time 6913 - 01:55:13)(time 7149 - 01:59:09) ->    11(time 7251 - 02:00:51)(time 7468 - 02:04:28) ->    10(time 7641 - 02:07:21)(time 7641 - 02:07:21) -> 0
> Trip 2
   0(time 15387 - 04:16:27)(time 15604 - 04:20:04) ->    1(time 15940 - 04:25:40)(time 16176 - 04:29:36) ->    2(time 16599 - 04:36:39)(time 16843 - 04:40:43) ->    3(time 16945 - 04:42:25)(time 17171 - 04:46:11) ->    4(time 17344 - 04:49:04)(time 17564 - 04:52:44) ->    5(time 17666 - 04:54:26)(time 17915 - 04:58:35) ->    6(time 18017 - 05:00:17)(time 18237 - 05:03:57) ->    7(time 18339 - 05:05:39)(time 18587 - 05:09:47) ->    8(time 18689 - 05:11:29)(time 18924 - 05:15:24) ->    9(time 19097 - 05:18:17)(time 19097 - 05:18:17) ->    19(time 19520 - 05:25:20)(time 19755 - 05:29:15) ->    18(time 20178 - 05:36:18)(time 20426 - 05:40:26) ->    17(time 20849 - 05:47:29)(time 21069 - 05:51:09) ->    16(time 21492 - 05:58:12)(time 21741 - 06:02:21) ->    15(time 22164 - 06:09:24)(time 22384 - 06:13:04) ->    14(time 22807 - 06:20:07)(time 23033 - 06:23:53) ->    13(time 23456 - 06:30:56)(time 23700 - 06:35:00) ->    12(time 24123 - 06:42:03)(time 24359 - 06:45:59) ->    11(time 24782 - 06:53:02)(time 24999 - 06:56:39) ->    10(time 25422 - 07:03:42)(time 25422 - 07:03:42) -> 0
> Trip 3
   0(time 30773 - 08:32:53)(time 30990 - 08:36:30) ->    1(time 31092 - 08:38:12)(time 31328 - 08:42:08) ->    2(time 31430 - 08:43:50)(time 31674 - 08:47:54) ->    3(time 31776 - 08:49:36)(time 32002 - 08:53:22) ->    4(time 32353 - 08:59:13)(time 32573 - 09:02:53) ->    5(time 32675 - 09:04:35)(time 32924 - 09:08:44) ->    6(time 33026 - 09:10:26)(time 33246 - 09:14:06) ->    7(time 33348 - 09:15:48)(time 33596 - 09:19:56) ->    8(time 33698 - 09:21:38)(time 33933 - 09:25:33) ->    9(time 34106 - 09:28:26)(time 34106 - 09:28:26) ->    19(time 34106 - 09:28:26)(time 34341 - 09:32:21) ->    18(time 34443 - 09:34:03)(time 34691 - 09:38:11) ->    17(time 34793 - 09:39:53)(time 35013 - 09:43:33) ->    16(time 35115 - 09:45:15)(time 35364 - 09:49:24) ->    15(time 35466 - 09:51:06)(time 35686 - 09:54:46) ->    14(time 35859 - 09:57:39)(time 36085 - 10:01:25) ->    13(time 36365 - 10:06:05)(time 36609 - 10:10:09) ->    12(time 36711 - 10:11:51)(time 36947 - 10:15:47) ->    11(time 37049 - 10:17:29)(time 37266 - 10:21:06) ->    10(time 37439 - 10:23:59)(time 37439 - 10:23:59) -> 0
=============
Train 2
=============
> Trip 0
   14(time 0 - 00:00:00)(time 226 - 00:03:46) ->    13(time 328 - 00:05:28)(time 572 - 00:09:32) ->    12(time 674 - 00:11:14)(time 910 - 00:15:10) ->    11(time 1012 - 00:16:52)(time 1229 - 00:20:29) -> 10
> Trip 1
   0(time 1504 - 00:25:04)(time 1721 - 00:28:41) ->    1(time 1823 - 00:30:23)(time 2059 - 00:34:19) ->    2(time 2161 - 00:36:01)(time 2405 - 00:40:05) ->    3(time 2507 - 00:41:47)(time 2733 - 00:45:33) ->    4(time 2906 - 00:48:26)(time 3126 - 00:52:06) ->    5(time 3228 - 00:53:48)(time 3477 - 00:57:57) ->    6(time 3579 - 00:59:39)(time 3799 - 01:03:19) ->    7(time 3901 - 01:05:01)(time 4149 - 01:09:09) ->    8(time 4251 - 01:10:51)(time 4486 - 01:14:46) ->    9(time 4659 - 01:17:39)(time 4659 - 01:17:39) ->    19(time 4659 - 01:17:39)(time 4894 - 01:21:34) ->    18(time 4996 - 01:23:16)(time 5244 - 01:27:24) ->    17(time 5346 - 01:29:06)(time 5566 - 01:32:46) ->    16(time 5668 - 01:34:28)(time 5917 - 01:38:37) ->    15(time 6019 - 01:40:19)(time 6239 - 01:43:59) ->    14(time 6412 - 01:46:52)(time 6638 - 01:50:38) ->    13(time 6740 - 01:52:20)(time 6984 - 01:56:24) ->    12(time 7086 - 01:58:06)(time 7322 - 02:02:02) ->    11(time 7424 - 02:03:44)(time 7641 - 02:07:21) ->    10(time 7814 - 02:10:14)(time 7814 - 02:10:14) -> 0
> Trip 2
   0(time 13093 - 03:38:13)(time 13310 - 03:41:50) ->    1(time 13412 - 03:43:32)(time 13648 - 03:47:28) ->    2(time 14071 - 03:54:31)(time 14315 - 03:58:35) ->    3(time 14738 - 04:05:38)(time 14964 - 04:09:24) ->    4(time 15387 - 04:16:27)(time 15607 - 04:20:07) ->    5(time 16030 - 04:27:10)(time 16279 - 04:31:19) ->    6(time 16702 - 04:38:22)(time 16922 - 04:42:02) ->    7(time 17345 - 04:49:05)(time 17593 - 04:53:13) ->    8(time 18016 - 05:00:16)(time 18251 - 05:04:11) ->    9(time 18674 - 05:11:14)(time 18674 - 05:11:14) ->    19(time 19097 - 05:18:17)(time 19332 - 05:22:12) ->    18(time 19434 - 05:23:54)(time 19682 - 05:28:02) ->    17(time 19784 - 05:29:44)(time 20004 - 05:33:24) ->    16(time 20106 - 05:35:06)(time 20355 - 05:39:15) ->    15(time 20457 - 05:40:57)(time 20677 - 05:44:37) ->    14(time 21100 - 05:51:40)(time 21326 - 05:55:26) ->    13(time 21749 - 06:02:29)(time 21993 - 06:06:33) ->    12(time 22416 - 06:13:36)(time 22652 - 06:17:32) ->    11(time 23075 - 06:24:35)(time 23292 - 06:28:12) ->    10(time 23715 - 06:35:15)(time 23715 - 06:35:15) -> 0
> Trip 3
   0(time 30875 - 08:34:35)(time 31092 - 08:38:12) ->    1(time 31194 - 08:39:54)(time 31430 - 08:43:50) ->    2(time 31781 - 08:49:41)(time 32025 - 08:53:45) ->    3(time 32127 - 08:55:27)(time 32353 - 08:59:13) ->    4(time 32526 - 09:02:06)(time 32746 - 09:05:46) ->    5(time 32848 - 09:07:28)(time 33097 - 09:11:37) ->    6(time 33199 - 09:13:19)(time 33419 - 09:16:59) ->    7(time 33521 - 09:18:41)(time 33769 - 09:22:49) ->    8(time 33871 - 09:24:31)(time 34106 - 09:28:26) ->    9(time 34279 - 09:31:19)(time 34279 - 09:31:19) ->    19(time 34279 - 09:31:19)(time 34514 - 09:35:14) ->    18(time 34616 - 09:36:56)(time 34864 - 09:41:04) ->    17(time 34966 - 09:42:46)(time 35186 - 09:46:26) ->    16(time 35288 - 09:48:08)(time 35537 - 09:52:17) ->    15(time 35639 - 09:53:59)(time 35859 - 09:57:39) ->    14(time 36210 - 10:03:30)(time 36436 - 10:07:16) ->    13(time 36538 - 10:08:58)(time 36782 - 10:13:02) ->    12(time 36884 - 10:14:44)(time 37120 - 10:18:40) ->    11(time 37222 - 10:20:22)(time 37439 - 10:23:59) ->    10(time 37612 - 10:26:52)(time 37612 - 10:26:52) -> 0
