t3p16r10h1.txt:
   > Trying to open the instance file...
   > Reading number of trains...
   > Reading maximum number of trips per train...
   > Reading time intervals...
   > Reading number of points...
   > Reading stations...
   > Reading crossings...
   > Reading depots...
   > Reading initial point...
   > Reading routes...
   > Reading distance and distance and service...
   > Reading demands...
   > Reading maximum time...
   > Reading alpha...

--------------------------------
 Printing instance
--------------------------------
number of trains = 3
	max trips per trains: 7     6     3
number of intervals = 1
	(0,  51540)
number of points = 16
	initial point: 7
	stations: 0     1     3     4     5     7     8     9    11    12    13    14    15
	crossings: 0     2     6     7     8    10    12    15
	depots: 0     7    15
number of vertices = 32
	total vertices: 0     1     2     3     4     5     6     7     8     9    10    11    12    13    14    15    16    17    18    19    20    21    22    23    24    25    26    27    28    29    30    31
	upper vertices: 0     1     2     3     4     5     6     7     8     9    10    11    12    13    14    15
	lower vertices: 16    17    18    19    20    21    22    23    24    25    26    27    28    29    30    31
	vertices of point #0: (0, 16)
	vertices of point #1: (1, 17)
	vertices of point #2: (2, 18)
	vertices of point #3: (3, 19)
	vertices of point #4: (4, 20)
	vertices of point #5: (5, 21)
	vertices of point #6: (6, 22)
	vertices of point #7: (7, 23)
	vertices of point #8: (8, 24)
	vertices of point #9: (9, 25)
	vertices of point #10: (10, 26)
	vertices of point #11: (11, 27)
	vertices of point #12: (12, 28)
	vertices of point #13: (13, 29)
	vertices of point #14: (14, 30)
	vertices of point #15: (15, 31)

arcs...
	total arcs: 
		arc #0: (0, 1)
		arc #1: (0, 16)
		arc #2: (16, 0)
		arc #3: (1, 2)
		arc #4: (17, 16)
		arc #5: (2, 3)
		arc #6: (18, 17)
		arc #7: (3, 4)
		arc #8: (19, 18)
		arc #9: (4, 5)
		arc #10: (20, 19)
		arc #11: (5, 6)
		arc #12: (21, 20)
		arc #13: (6, 7)
		arc #14: (22, 21)
		arc #15: (7, 8)
		arc #16: (23, 22)
		arc #17: (7, 23)
		arc #18: (23, 7)
		arc #19: (8, 9)
		arc #20: (24, 23)
		arc #21: (9, 10)
		arc #22: (25, 24)
		arc #23: (10, 11)
		arc #24: (26, 25)
		arc #25: (11, 12)
		arc #26: (27, 26)
		arc #27: (12, 13)
		arc #28: (28, 27)
		arc #29: (13, 14)
		arc #30: (29, 28)
		arc #31: (14, 15)
		arc #32: (30, 29)
		arc #33: (31, 30)
		arc #34: (15, 31)
		arc #35: (31, 15)

	reverse arcs: 
		arc #1: (0, 16)
		arc #2: (16, 0)
		arc #17: (7, 23)
		arc #18: (23, 7)
		arc #34: (15, 31)
		arc #35: (31, 15)


incompatible points...
	(0, 1, 18, (1, 2))	(18, 17, 0, (17, 16))	(2, 5, 22, (5, 6))	(22, 19, 2, (19, 18))	(6, 6, 23, (6, 7))	(23, 23, 6, (23, 22))	(7, 7, 24, (7, 8))	(24, 24, 7, (24, 23))	(8, 9, 26, (9, 10))	(26, 25, 8, (25, 24))	(10, 11, 28, (11, 12))	(28, 27, 10, (27, 26))	(12, 14, 31, (14, 15))	(31, 29, 12, (29, 28))

number of routes = 10
vertices of routes...
	route #0: 0     1     2     3     4     5     6     7
	route #1: 23    22    21    20    19    18    17    16
	route #2: 0     1     2     3     4     5     6     7    23    22    21    20    19    18    17    16     0
	route #3: 23    22    21    20    19    18    17    16     0     1     2     3     4     5     6     7    23
	route #4: 7     8     9    10    11    12    13    14    15
	route #5: 31    30    29    28    27    26    25    24    23
	route #6: 7     8     9    10    11    12    13    14    15    31    30    29    28    27    26    25    24    23     7
	route #7: 31    30    29    28    27    26    25    24    23     7     8     9    10    11    12    13    14    15    31
	route #8: 0     1     2     3     4     5     6     7     8     9    10    11    12    13    14    15    31    30    29    28    27    26    25    24    23    22    21    20    19    18    17    16     0
	route #9: 31    30    29    28    27    26    25    24    23    22    21    20    19    18    17    16     0     1     2     3     4     5     6     7     8     9    10    11    12    13    14    15    31
arcs of routes...
	route #0: 0     3     5     7     9    11    13
	route #1: 16    14    12    10     8     6     4
	route #2: 0     3     5     7     9    11    13    17    16    14    12    10     8     6     4     2
	route #3: 16    14    12    10     8     6     4     2     0     3     5     7     9    11    13    17
	route #4: 15    19    21    23    25    27    29    31
	route #5: 33    32    30    28    26    24    22    20
	route #6: 15    19    21    23    25    27    29    31    34    33    32    30    28    26    24    22    20    18
	route #7: 33    32    30    28    26    24    22    20    18    15    19    21    23    25    27    29    31    34
	route #8: 0     3     5     7     9    11    13    15    19    21    23    25    27    29    31    34    33    32    30    28    26    24    22    20    16    14    12    10     8     6     4     2
	route #9: 33    32    30    28    26    24    22    20    16    14    12    10     8     6     4     2     0     3     5     7     9    11    13    15    19    21    23    25    27    29    31    34

incompatible routes...
	(0, 0)    	(0, 2)    	(0, 5)    	(0, 7)    	(0, 8)    	(0, 9)    	(1, 1)    	(1, 3)    	(1, 4)    	(1, 5)    	(1, 6)    	(1, 7)    	(1, 9)    	(2, 1)    	(2, 3)    	(2, 4)    	(2, 5)    	(2, 6)    	(2, 7)    	(2, 9)    	(3, 0)    	(3, 2)    	(3, 5)    	(3, 7)    	(3, 8)    	(3, 9)    	(4, 0)    	(4, 1)    	(4, 2)    	(4, 3)    	(4, 4)    	(4, 6)    	(4, 8)    	(5, 0)    	(5, 2)    	(5, 5)    	(5, 7)    	(5, 8)    	(5, 9)    	(6, 0)    	(6, 2)    	(6, 5)    	(6, 7)    	(6, 8)    	(6, 9)    	(7, 0)    	(7, 1)    	(7, 2)    	(7, 3)    	(7, 4)    	(7, 6)    	(7, 8)    	(8, 1)    	(8, 3)    	(8, 4)    	(8, 5)    	(8, 6)    	(8, 7)    	(8, 9)    	(9, 0)    	(9, 1)    	(9, 2)    	(9, 3)    	(9, 4)    	(9, 6)    	(9, 8)

vertices that can be adjacent in consecutive trips...
	(0, 0)    	(7, 7)    	(7, 23)    	(15, 31)    	(16, 0)    	(23, 7)    	(23, 23)    	(31, 31)
non cyclical routes: 
       0       1       4       5

routes of trip...
	routes that train #0 can complete at trip #0: 1       3       4       6
	routes that train #0 can complete at trip #1: 0       1       2       3       4       5       6       7       8       9
	routes that train #0 can complete at trip #2: 0       1       2       3       4       5       6       7       8       9
	routes that train #0 can complete at trip #3: 0       1       2       3       4       5       6       7       8       9
	routes that train #0 can complete at trip #4: 0       1       2       3       4       5       6       7       8       9
	routes that train #0 can complete at trip #5: 0       1       2       3       4       5       6       7       8       9
	routes that train #0 can complete at trip #6: 0       1       2       3       4       5       6       7       8       9

	routes that train #1 can complete at trip #0: 1       3       4       6
	routes that train #1 can complete at trip #1: 0       1       2       3       4       5       6       7       8       9
	routes that train #1 can complete at trip #2: 0       1       2       3       4       5       6       7       8       9
	routes that train #1 can complete at trip #3: 0       1       2       3       4       5       6       7       8       9
	routes that train #1 can complete at trip #4: 0       1       2       3       4       5       6       7       8       9
	routes that train #1 can complete at trip #5: 0       1       2       3       4       5       6       7       8       9

	routes that train #2 can complete at trip #0: 1       3       4       6
	routes that train #2 can complete at trip #1: 0       1       2       3       4       5       6       7       8       9
	routes that train #2 can complete at trip #2: 0       1       2       3       4       5       6       7       8       9

 cost...
	arc #0 [0][1]: 240
	arc #1 [0][16]: 0
	arc #2 [16][0]: 0
	arc #3 [1][2]: 120
	arc #4 [17][16]: 240
	arc #5 [2][3]: 240
	arc #6 [18][17]: 120
	arc #7 [3][4]: 180
	arc #8 [19][18]: 240
	arc #9 [4][5]: 180
	arc #10 [20][19]: 180
	arc #11 [5][6]: 40
	arc #12 [21][20]: 180
	arc #13 [6][7]: 180
	arc #14 [22][21]: 40
	arc #15 [7][8]: 360
	arc #16 [23][22]: 180
	arc #17 [7][23]: 0
	arc #18 [23][7]: 0
	arc #19 [8][9]: 300
	arc #20 [24][23]: 360
	arc #21 [9][10]: 240
	arc #22 [25][24]: 300
	arc #23 [10][11]: 120
	arc #24 [26][25]: 240
	arc #25 [11][12]: 240
	arc #26 [27][26]: 120
	arc #27 [12][13]: 180
	arc #28 [28][27]: 240
	arc #29 [13][14]: 120
	arc #30 [29][28]: 180
	arc #31 [14][15]: 180
	arc #32 [30][29]: 120
	arc #33 [31][30]: 180
	arc #34 [15][31]: 0
	arc #35 [31][15]: 0

cost with minimum service...
	arc #0 [0][1]: 300
	arc #1 [0][16]: 0
	arc #2 [16][0]: 0
	arc #3 [1][2]: 160
	arc #4 [17][16]: 360
	arc #5 [2][3]: 300
	arc #6 [18][17]: 180
	arc #7 [3][4]: 240
	arc #8 [19][18]: 280
	arc #9 [4][5]: 240
	arc #10 [20][19]: 240
	arc #11 [5][6]: 80
	arc #12 [21][20]: 240
	arc #13 [6][7]: 300
	arc #14 [22][21]: 100
	arc #15 [7][8]: 420
	arc #16 [23][22]: 220
	arc #17 [7][23]: 0
	arc #18 [23][7]: 0
	arc #19 [8][9]: 360
	arc #20 [24][23]: 480
	arc #21 [9][10]: 280
	arc #22 [25][24]: 360
	arc #23 [10][11]: 180
	arc #24 [26][25]: 300
	arc #25 [11][12]: 300
	arc #26 [27][26]: 160
	arc #27 [12][13]: 240
	arc #28 [28][27]: 300
	arc #29 [13][14]: 180
	arc #30 [29][28]: 240
	arc #31 [14][15]: 300
	arc #32 [30][29]: 180
	arc #33 [31][30]: 240
	arc #34 [15][31]: 0
	arc #35 [31][15]: 0

cost with maximum service...
	arc #0 [0][1]: 840
	arc #1 [0][16]: 600
	arc #2 [16][0]: 600
	arc #3 [1][2]: 720
	arc #4 [17][16]: 840
	arc #5 [2][3]: 840
	arc #6 [18][17]: 720
	arc #7 [3][4]: 780
	arc #8 [19][18]: 840
	arc #9 [4][5]: 780
	arc #10 [20][19]: 780
	arc #11 [5][6]: 640
	arc #12 [21][20]: 780
	arc #13 [6][7]: 780
	arc #14 [22][21]: 640
	arc #15 [7][8]: 960
	arc #16 [23][22]: 780
	arc #17 [7][23]: 600
	arc #18 [23][7]: 600
	arc #19 [8][9]: 900
	arc #20 [24][23]: 960
	arc #21 [9][10]: 840
	arc #22 [25][24]: 900
	arc #23 [10][11]: 720
	arc #24 [26][25]: 840
	arc #25 [11][12]: 840
	arc #26 [27][26]: 720
	arc #27 [12][13]: 780
	arc #28 [28][27]: 840
	arc #29 [13][14]: 720
	arc #30 [29][28]: 780
	arc #31 [14][15]: 780
	arc #32 [30][29]: 720
	arc #33 [31][30]: 780
	arc #34 [15][31]: 600
	arc #35 [31][15]: 600

demands...
	demands of vertex 0 at time interval: 11
	demands of vertex 1 at time interval: 11
	demands of vertex 2 at time interval: 0
	demands of vertex 3 at time interval: 11
	demands of vertex 4 at time interval: 11
	demands of vertex 5 at time interval: 11
	demands of vertex 6 at time interval: 0
	demands of vertex 7 at time interval: 11
	demands of vertex 8 at time interval: 0
	demands of vertex 9 at time interval: 11
	demands of vertex 10 at time interval: 0
	demands of vertex 11 at time interval: 11
	demands of vertex 12 at time interval: 0
	demands of vertex 13 at time interval: 11
	demands of vertex 14 at time interval: 11
	demands of vertex 15 at time interval: 0
	demands of vertex 16 at time interval: 0
	demands of vertex 17 at time interval: 11
	demands of vertex 18 at time interval: 0
	demands of vertex 19 at time interval: 11
	demands of vertex 20 at time interval: 11
	demands of vertex 21 at time interval: 11
	demands of vertex 22 at time interval: 0
	demands of vertex 23 at time interval: 11
	demands of vertex 24 at time interval: 0
	demands of vertex 25 at time interval: 11
	demands of vertex 26 at time interval: 0
	demands of vertex 27 at time interval: 11
	demands of vertex 28 at time interval: 0
	demands of vertex 29 at time interval: 11
	demands of vertex 30 at time interval: 11
	demands of vertex 31 at time interval: 11

maximum time = 51540
alpha = 180

Selecting set of cyclical routes...

Selecting set of initial routes...

Creating initial set of candidate combinations...
Solving candidate combinations...

1/8 candidate combination(s) tested! (Thread 0)
Found new best - 2/8 candidate combination(s) tested! (Thread 0)
3/8 candidate combination(s) tested! (Thread 0)
4/8 candidate combination(s) tested! (Thread 0)
5/8 candidate combination(s) tested! (Thread 0)
6/8 candidate combination(s) tested! (Thread 0)
7/8 candidate combination(s) tested! (Thread 0)
8/8 candidate combination(s) tested! (Thread 0)

Removing trips...

Solving candidate combinations...

Found new best - 1/3 candidate combination(s) tested! (Thread 0)
2/3 candidate combination(s) tested! (Thread 0)
Found new best - 3/3 candidate combination(s) tested! (Thread 0)

Removing trips...

Terminating loop at iteration 2

Relaxing trips, so the model can make changes...

>> Printing some results...
    -> Solution value = 40359 - 11:12:39
    -> Total time = 125.49

=============
Train 0
=============
> Trip 0
   23(time 0 - 00:00:00)(time 180 - 00:03:00) ->    22(time 220 - 00:03:40)(time 260 - 00:04:20) ->    21(time 320 - 00:05:20)(time 500 - 00:08:20) ->    20(time 560 - 00:09:20)(time 740 - 00:12:20) ->    19(time 800 - 00:13:20)(time 1040 - 00:17:20) ->    18(time 1080 - 00:18:00)(time 1200 - 00:20:00) ->    17(time 1260 - 00:21:00)(time 1500 - 00:25:00) -> 16
> Trip 1
   0(time 1500 - 00:25:00)(time 1740 - 00:29:00) ->    1(time 1800 - 00:30:00)(time 1920 - 00:32:00) ->    2(time 1960 - 00:32:40)(time 2200 - 00:36:40) ->    3(time 2260 - 00:37:40)(time 2440 - 00:40:40) ->    4(time 2500 - 00:41:40)(time 2680 - 00:44:40) ->    5(time 2740 - 00:45:40)(time 2780 - 00:46:20) ->    6(time 2820 - 00:47:00)(time 3000 - 00:50:00) ->    7(time 3120 - 00:52:00)(time 3480 - 00:58:00) ->    8(time 3540 - 00:59:00)(time 3840 - 01:04:00) ->    9(time 3900 - 01:05:00)(time 4140 - 01:09:00) ->    10(time 4180 - 01:09:40)(time 4300 - 01:11:40) ->    11(time 4360 - 01:12:40)(time 4600 - 01:16:40) ->    12(time 4660 - 01:17:40)(time 4840 - 01:20:40) ->    13(time 4900 - 01:21:40)(time 5020 - 01:23:40) ->    14(time 5080 - 01:24:40)(time 5260 - 01:27:40) ->    15(time 5380 - 01:29:40)(time 5380 - 01:29:40) ->    31(time 5380 - 01:29:40)(time 5560 - 01:32:40) ->    30(time 5620 - 01:33:40)(time 5740 - 01:35:40) ->    29(time 5800 - 01:36:40)(time 5980 - 01:39:40) ->    28(time 6040 - 01:40:40)(time 6280 - 01:44:40) ->    27(time 6340 - 01:45:40)(time 6460 - 01:47:40) ->    26(time 6500 - 01:48:20)(time 6740 - 01:52:20) ->    25(time 6800 - 01:53:20)(time 7100 - 01:58:20) ->    24(time 7160 - 01:59:20)(time 7520 - 02:05:20) ->    23(time 7640 - 02:07:20)(time 7820 - 02:10:20) ->    22(time 7860 - 02:11:00)(time 7900 - 02:11:40) ->    21(time 7960 - 02:12:40)(time 8140 - 02:15:40) ->    20(time 8200 - 02:16:40)(time 8380 - 02:19:40) ->    19(time 8440 - 02:20:40)(time 8680 - 02:24:40) ->    18(time 8720 - 02:25:20)(time 8840 - 02:27:20) ->    17(time 8900 - 02:28:20)(time 9140 - 02:32:20) ->    16(time 9260 - 02:34:20)(time 9260 - 02:34:20) -> 0
> Trip 2
   0(time 9260 - 02:34:20)(time 9500 - 02:38:20) ->    1(time 9560 - 02:39:20)(time 9680 - 02:41:20) ->    2(time 9720 - 02:42:00)(time 9960 - 02:46:00) ->    3(time 10020 - 02:47:00)(time 10200 - 02:50:00) ->    4(time 10260 - 02:51:00)(time 10440 - 02:54:00) ->    5(time 10500 - 02:55:00)(time 10540 - 02:55:40) ->    6(time 10580 - 02:56:20)(time 10760 - 02:59:20) ->    7(time 10880 - 03:01:20)(time 11240 - 03:07:20) ->    8(time 11300 - 03:08:20)(time 11600 - 03:13:20) ->    9(time 11660 - 03:14:20)(time 11900 - 03:18:20) ->    10(time 11940 - 03:19:00)(time 12060 - 03:21:00) ->    11(time 12120 - 03:22:00)(time 12360 - 03:26:00) ->    12(time 12420 - 03:27:00)(time 12600 - 03:30:00) ->    13(time 12660 - 03:31:00)(time 12780 - 03:33:00) ->    14(time 12840 - 03:34:00)(time 13020 - 03:37:00) ->    15(time 13140 - 03:39:00)(time 13140 - 03:39:00) ->    31(time 13140 - 03:39:00)(time 13320 - 03:42:00) ->    30(time 13380 - 03:43:00)(time 13500 - 03:45:00) ->    29(time 13560 - 03:46:00)(time 13740 - 03:49:00) ->    28(time 13800 - 03:50:00)(time 14040 - 03:54:00) ->    27(time 14100 - 03:55:00)(time 14220 - 03:57:00) ->    26(time 14260 - 03:57:40)(time 14500 - 04:01:40) ->    25(time 14560 - 04:02:40)(time 14860 - 04:07:40) ->    24(time 14920 - 04:08:40)(time 15280 - 04:14:40) ->    23(time 15400 - 04:16:40)(time 15580 - 04:19:40) ->    22(time 15620 - 04:20:20)(time 15660 - 04:21:00) ->    21(time 15720 - 04:22:00)(time 15900 - 04:25:00) ->    20(time 15960 - 04:26:00)(time 16140 - 04:29:00) ->    19(time 16200 - 04:30:00)(time 16440 - 04:34:00) ->    18(time 16480 - 04:34:40)(time 16600 - 04:36:40) ->    17(time 16660 - 04:37:40)(time 16900 - 04:41:40) ->    16(time 17020 - 04:43:40)(time 17020 - 04:43:40) -> 0
> Trip 3
   0(time 17020 - 04:43:40)(time 17260 - 04:47:40) ->    1(time 17320 - 04:48:40)(time 17440 - 04:50:40) ->    2(time 17480 - 04:51:20)(time 17720 - 04:55:20) ->    3(time 17780 - 04:56:20)(time 17960 - 04:59:20) ->    4(time 18020 - 05:00:20)(time 18200 - 05:03:20) ->    5(time 18260 - 05:04:20)(time 18300 - 05:05:00) ->    6(time 18340 - 05:05:40)(time 18520 - 05:08:40) ->    7(time 18640 - 05:10:40)(time 19000 - 05:16:40) ->    8(time 19060 - 05:17:40)(time 19360 - 05:22:40) ->    9(time 19420 - 05:23:40)(time 19660 - 05:27:40) ->    10(time 19700 - 05:28:20)(time 19820 - 05:30:20) ->    11(time 19880 - 05:31:20)(time 20120 - 05:35:20) ->    12(time 20180 - 05:36:20)(time 20360 - 05:39:20) ->    13(time 20420 - 05:40:20)(time 20540 - 05:42:20) ->    14(time 20600 - 05:43:20)(time 20780 - 05:46:20) ->    15(time 20900 - 05:48:20)(time 20900 - 05:48:20) ->    31(time 20900 - 05:48:20)(time 21080 - 05:51:20) ->    30(time 21140 - 05:52:20)(time 21260 - 05:54:20) ->    29(time 21320 - 05:55:20)(time 21500 - 05:58:20) ->    28(time 21560 - 05:59:20)(time 21800 - 06:03:20) ->    27(time 21860 - 06:04:20)(time 21980 - 06:06:20) ->    26(time 22020 - 06:07:00)(time 22260 - 06:11:00) ->    25(time 22320 - 06:12:00)(time 22620 - 06:17:00) ->    24(time 22680 - 06:18:00)(time 23040 - 06:24:00) ->    23(time 23160 - 06:26:00)(time 23340 - 06:29:00) ->    22(time 23380 - 06:29:40)(time 23420 - 06:30:20) ->    21(time 23480 - 06:31:20)(time 23660 - 06:34:20) ->    20(time 23720 - 06:35:20)(time 23900 - 06:38:20) ->    19(time 23960 - 06:39:20)(time 24200 - 06:43:20) ->    18(time 24240 - 06:44:00)(time 24360 - 06:46:00) ->    17(time 24420 - 06:47:00)(time 24660 - 06:51:00) ->    16(time 24780 - 06:53:00)(time 24780 - 06:53:00) -> 0
> Trip 4
   0(time 24780 - 06:53:00)(time 25020 - 06:57:00) ->    1(time 25080 - 06:58:00)(time 25200 - 07:00:00) ->    2(time 25240 - 07:00:40)(time 25480 - 07:04:40) ->    3(time 25540 - 07:05:40)(time 25720 - 07:08:40) ->    4(time 25780 - 07:09:40)(time 25960 - 07:12:40) ->    5(time 26020 - 07:13:40)(time 26060 - 07:14:20) ->    6(time 26100 - 07:15:00)(time 26280 - 07:18:00) ->    7(time 26400 - 07:20:00)(time 26760 - 07:26:00) ->    8(time 26820 - 07:27:00)(time 27120 - 07:32:00) ->    9(time 27180 - 07:33:00)(time 27420 - 07:37:00) ->    10(time 27460 - 07:37:40)(time 27580 - 07:39:40) ->    11(time 27640 - 07:40:40)(time 27880 - 07:44:40) ->    12(time 27940 - 07:45:40)(time 28120 - 07:48:40) ->    13(time 28180 - 07:49:40)(time 28300 - 07:51:40) ->    14(time 28360 - 07:52:40)(time 28540 - 07:55:40) ->    15(time 28660 - 07:57:40)(time 28660 - 07:57:40) ->    31(time 28660 - 07:57:40)(time 28840 - 08:00:40) ->    30(time 28900 - 08:01:40)(time 29020 - 08:03:40) ->    29(time 29080 - 08:04:40)(time 29260 - 08:07:40) ->    28(time 29320 - 08:08:40)(time 29560 - 08:12:40) ->    27(time 29620 - 08:13:40)(time 29740 - 08:15:40) ->    26(time 29780 - 08:16:20)(time 30020 - 08:20:20) ->    25(time 30080 - 08:21:20)(time 30380 - 08:26:20) ->    24(time 30440 - 08:27:20)(time 30800 - 08:33:20) ->    23(time 30920 - 08:35:20)(time 31100 - 08:38:20) ->    22(time 31140 - 08:39:00)(time 31180 - 08:39:40) ->    21(time 31240 - 08:40:40)(time 31420 - 08:43:40) ->    20(time 31480 - 08:44:40)(time 31660 - 08:47:40) ->    19(time 31720 - 08:48:40)(time 31960 - 08:52:40) ->    18(time 32000 - 08:53:20)(time 32120 - 08:55:20) ->    17(time 32180 - 08:56:20)(time 32420 - 09:00:20) ->    16(time 32540 - 09:02:20)(time 32540 - 09:02:20) -> 0
> Trip 5
   0(time 32540 - 09:02:20)(time 32780 - 09:06:20) ->    1(time 32840 - 09:07:20)(time 32960 - 09:09:20) ->    2(time 33000 - 09:10:00)(time 33240 - 09:14:00) ->    3(time 33300 - 09:15:00)(time 33480 - 09:18:00) ->    4(time 33540 - 09:19:00)(time 33720 - 09:22:00) ->    5(time 33780 - 09:23:00)(time 33820 - 09:23:40) ->    6(time 33860 - 09:24:20)(time 34040 - 09:27:20) ->    7(time 34160 - 09:29:20)(time 34520 - 09:35:20) ->    8(time 34580 - 09:36:20)(time 34880 - 09:41:20) ->    9(time 34940 - 09:42:20)(time 35180 - 09:46:20) ->    10(time 35220 - 09:47:00)(time 35340 - 09:49:00) ->    11(time 35400 - 09:50:00)(time 35640 - 09:54:00) ->    12(time 35700 - 09:55:00)(time 35880 - 09:58:00) ->    13(time 35940 - 09:59:00)(time 36060 - 10:01:00) ->    14(time 36120 - 10:02:00)(time 36300 - 10:05:00) ->    15(time 36420 - 10:07:00)(time 36420 - 10:07:00) ->    31(time 36480 - 10:08:00)(time 36660 - 10:11:00) ->    30(time 36720 - 10:12:00)(time 36840 - 10:14:00) ->    29(time 36900 - 10:15:00)(time 37080 - 10:18:00) ->    28(time 37140 - 10:19:00)(time 37380 - 10:23:00) ->    27(time 37440 - 10:24:00)(time 37560 - 10:26:00) ->    26(time 37600 - 10:26:40)(time 37840 - 10:30:40) ->    25(time 37900 - 10:31:40)(time 38200 - 10:36:40) ->    24(time 38260 - 10:37:40)(time 38620 - 10:43:40) ->    23(time 38740 - 10:45:40)(time 38920 - 10:48:40) ->    22(time 38960 - 10:49:20)(time 39000 - 10:50:00) ->    21(time 39060 - 10:51:00)(time 39240 - 10:54:00) ->    20(time 39300 - 10:55:00)(time 39480 - 10:58:00) ->    19(time 39540 - 10:59:00)(time 39780 - 11:03:00) ->    18(time 39820 - 11:03:40)(time 39940 - 11:05:40) ->    17(time 40000 - 11:06:40)(time 40240 - 11:10:40) ->    16(time 40360 - 11:12:40)(time 40360 - 11:12:40) -> 0
=============
Train 1
=============
> Trip 0
   23(time 180 - 00:03:00)(time 360 - 00:06:00) ->    22(time 400 - 00:06:40)(time 440 - 00:07:20) ->    21(time 500 - 00:08:20)(time 680 - 00:11:20) ->    20(time 740 - 00:12:20)(time 920 - 00:15:20) ->    19(time 1200 - 00:20:00)(time 1440 - 00:24:00) ->    18(time 2040 - 00:34:00)(time 2160 - 00:36:00) ->    17(time 2220 - 00:37:00)(time 2460 - 00:41:00) -> 16
> Trip 1
   0(time 2460 - 00:41:00)(time 2700 - 00:45:00) ->    1(time 2760 - 00:46:00)(time 2880 - 00:48:00) ->    2(time 2920 - 00:48:40)(time 3160 - 00:52:40) ->    3(time 3220 - 00:53:40)(time 3400 - 00:56:40) ->    4(time 3460 - 00:57:40)(time 3640 - 01:00:40) ->    5(time 3700 - 01:01:40)(time 3740 - 01:02:20) ->    6(time 3780 - 01:03:00)(time 3960 - 01:06:00) ->    7(time 4560 - 01:16:00)(time 4920 - 01:22:00) ->    8(time 4980 - 01:23:00)(time 5280 - 01:28:00) ->    9(time 5340 - 01:29:00)(time 5580 - 01:33:00) ->    10(time 5620 - 01:33:40)(time 5740 - 01:35:40) ->    11(time 5800 - 01:36:40)(time 6040 - 01:40:40) ->    12(time 6640 - 01:50:40)(time 6820 - 01:53:40) ->    13(time 6980 - 01:56:20)(time 7100 - 01:58:20) ->    14(time 7160 - 01:59:20)(time 7340 - 02:02:20) ->    15(time 7460 - 02:04:20)(time 7460 - 02:04:20) ->    31(time 8060 - 02:14:20)(time 8240 - 02:17:20) ->    30(time 8300 - 02:18:20)(time 8420 - 02:20:20) ->    29(time 8480 - 02:21:20)(time 8660 - 02:24:20) ->    28(time 8720 - 02:25:20)(time 8960 - 02:29:20) ->    27(time 9020 - 02:30:20)(time 9140 - 02:32:20) ->    26(time 9180 - 02:33:00)(time 9420 - 02:37:00) ->    25(time 9480 - 02:38:00)(time 9780 - 02:43:00) ->    24(time 9840 - 02:44:00)(time 10200 - 02:50:00) ->    23(time 10320 - 02:52:00)(time 10500 - 02:55:00) ->    22(time 10540 - 02:55:40)(time 10580 - 02:56:20) ->    21(time 10640 - 02:57:20)(time 10820 - 03:00:20) ->    20(time 10880 - 03:01:20)(time 11060 - 03:04:20) ->    19(time 11120 - 03:05:20)(time 11360 - 03:09:20) ->    18(time 11400 - 03:10:00)(time 11520 - 03:12:00) ->    17(time 11580 - 03:13:00)(time 11820 - 03:17:00) ->    16(time 11940 - 03:19:00)(time 11940 - 03:19:00) -> 0
> Trip 2
   0(time 11940 - 03:19:00)(time 12180 - 03:23:00) ->    1(time 12760 - 03:32:40)(time 12880 - 03:34:40) ->    2(time 12920 - 03:35:20)(time 13160 - 03:39:20) ->    3(time 13220 - 03:40:20)(time 13400 - 03:43:20) ->    4(time 13460 - 03:44:20)(time 13640 - 03:47:20) ->    5(time 13700 - 03:48:20)(time 13740 - 03:49:00) ->    6(time 13780 - 03:49:40)(time 13960 - 03:52:40) ->    7(time 14080 - 03:54:40)(time 14440 - 04:00:40) ->    8(time 15040 - 04:10:40)(time 15340 - 04:15:40) ->    9(time 15400 - 04:16:40)(time 15640 - 04:20:40) ->    10(time 16140 - 04:29:00)(time 16260 - 04:31:00) ->    11(time 16320 - 04:32:00)(time 16560 - 04:36:00) ->    12(time 16620 - 04:37:00)(time 16800 - 04:40:00) ->    13(time 16860 - 04:41:00)(time 16980 - 04:43:00) ->    14(time 17040 - 04:44:00)(time 17220 - 04:47:00) ->    15(time 17340 - 04:49:00)(time 17340 - 04:49:00) ->    31(time 17340 - 04:49:00)(time 17520 - 04:52:00) ->    30(time 17580 - 04:53:00)(time 17700 - 04:55:00) ->    29(time 17760 - 04:56:00)(time 17940 - 04:59:00) ->    28(time 18000 - 05:00:00)(time 18240 - 05:04:00) ->    27(time 18300 - 05:05:00)(time 18420 - 05:07:00) ->    26(time 18460 - 05:07:40)(time 18700 - 05:11:40) ->    25(time 18760 - 05:12:40)(time 19060 - 05:17:40) ->    24(time 19120 - 05:18:40)(time 19480 - 05:24:40) ->    23(time 19600 - 05:26:40)(time 19780 - 05:29:40) ->    22(time 19820 - 05:30:20)(time 19860 - 05:31:00) ->    21(time 19920 - 05:32:00)(time 20100 - 05:35:00) ->    20(time 20160 - 05:36:00)(time 20340 - 05:39:00) ->    19(time 20400 - 05:40:00)(time 20640 - 05:44:00) ->    18(time 20680 - 05:44:40)(time 20800 - 05:46:40) ->    17(time 20860 - 05:47:40)(time 21100 - 05:51:40) ->    16(time 21220 - 05:53:40)(time 21220 - 05:53:40) -> 0
> Trip 3
   0(time 21220 - 05:53:40)(time 21460 - 05:57:40) ->    1(time 21520 - 05:58:40)(time 21640 - 06:00:40) ->    2(time 21680 - 06:01:20)(time 21920 - 06:05:20) ->    3(time 21980 - 06:06:20)(time 22160 - 06:09:20) ->    4(time 22220 - 06:10:20)(time 22400 - 06:13:20) ->    5(time 22460 - 06:14:20)(time 22500 - 06:15:00) ->    6(time 22540 - 06:15:40)(time 22720 - 06:18:40) ->    7(time 23040 - 06:24:00)(time 23400 - 06:30:00) ->    8(time 23460 - 06:31:00)(time 23760 - 06:36:00) ->    9(time 23820 - 06:37:00)(time 24060 - 06:41:00) ->    10(time 24100 - 06:41:40)(time 24220 - 06:43:40) ->    11(time 24280 - 06:44:40)(time 24520 - 06:48:40) ->    12(time 24580 - 06:49:40)(time 24760 - 06:52:40) ->    13(time 24820 - 06:53:40)(time 24940 - 06:55:40) ->    14(time 25000 - 06:56:40)(time 25180 - 06:59:40) ->    15(time 25300 - 07:01:40)(time 25300 - 07:01:40) ->    31(time 25300 - 07:01:40)(time 25480 - 07:04:40) ->    30(time 25540 - 07:05:40)(time 25660 - 07:07:40) ->    29(time 25720 - 07:08:40)(time 25900 - 07:11:40) ->    28(time 25960 - 07:12:40)(time 26200 - 07:16:40) ->    27(time 26700 - 07:25:00)(time 26820 - 07:27:00) ->    26(time 27420 - 07:37:00)(time 27660 - 07:41:00) ->    25(time 27720 - 07:42:00)(time 28020 - 07:47:00) ->    24(time 28080 - 07:48:00)(time 28440 - 07:54:00) ->    23(time 28560 - 07:56:00)(time 28740 - 07:59:00) ->    22(time 28780 - 07:59:40)(time 28820 - 08:00:20) ->    21(time 28880 - 08:01:20)(time 29060 - 08:04:20) ->    20(time 29120 - 08:05:20)(time 29300 - 08:08:20) ->    19(time 29360 - 08:09:20)(time 29600 - 08:13:20) ->    18(time 29640 - 08:14:00)(time 29760 - 08:16:00) ->    17(time 29820 - 08:17:00)(time 30060 - 08:21:00) ->    16(time 30180 - 08:23:00)(time 30180 - 08:23:00) -> 0
> Trip 4
   0(time 30400 - 08:26:40)(time 30640 - 08:30:40) ->    1(time 31240 - 08:40:40)(time 31360 - 08:42:40) ->    2(time 31960 - 08:52:40)(time 32200 - 08:56:40) ->    3(time 32260 - 08:57:40)(time 32440 - 09:00:40) ->    4(time 32500 - 09:01:40)(time 32680 - 09:04:40) ->    5(time 32740 - 09:05:40)(time 32780 - 09:06:20) ->    6(time 32820 - 09:07:00)(time 33000 - 09:10:00) ->    7(time 33120 - 09:12:00)(time 33480 - 09:18:00) ->    8(time 33540 - 09:19:00)(time 33840 - 09:24:00) ->    9(time 33900 - 09:25:00)(time 34140 - 09:29:00) ->    10(time 34180 - 09:29:40)(time 34300 - 09:31:40) ->    11(time 34360 - 09:32:40)(time 34600 - 09:36:40) ->    12(time 34660 - 09:37:40)(time 34840 - 09:40:40) ->    13(time 34900 - 09:41:40)(time 35020 - 09:43:40) ->    14(time 35080 - 09:44:40)(time 35260 - 09:47:40) ->    15(time 35700 - 09:55:00)(time 35700 - 09:55:00) ->    31(time 36300 - 10:05:00)(time 36480 - 10:08:00) ->    30(time 36540 - 10:09:00)(time 36660 - 10:11:00) ->    29(time 36720 - 10:12:00)(time 36900 - 10:15:00) ->    28(time 36960 - 10:16:00)(time 37200 - 10:20:00) ->    27(time 37260 - 10:21:00)(time 37380 - 10:23:00) ->    26(time 37420 - 10:23:40)(time 37660 - 10:27:40) ->    25(time 37720 - 10:28:40)(time 38020 - 10:33:40) ->    24(time 38080 - 10:34:40)(time 38440 - 10:40:40) ->    23(time 38560 - 10:42:40)(time 38740 - 10:45:40) ->    22(time 38780 - 10:46:20)(time 38820 - 10:47:00) ->    21(time 38880 - 10:48:00)(time 39060 - 10:51:00) ->    20(time 39120 - 10:52:00)(time 39300 - 10:55:00) ->    19(time 39360 - 10:56:00)(time 39600 - 11:00:00) ->    18(time 39640 - 11:00:40)(time 39760 - 11:02:40) ->    17(time 39820 - 11:03:40)(time 40060 - 11:07:40) ->    16(time 40180 - 11:09:40)(time 40180 - 11:09:40) -> 0
=============
Train 2
=============
> Trip 0
   7(time 0 - 00:00:00)(time 360 - 00:06:00) ->    8(time 420 - 00:07:00)(time 720 - 00:12:00) ->    9(time 780 - 00:13:00)(time 1020 - 00:17:00) ->    10(time 1060 - 00:17:40)(time 1180 - 00:19:40) ->    11(time 1240 - 00:20:40)(time 1480 - 00:24:40) ->    12(time 1540 - 00:25:40)(time 1720 - 00:28:40) ->    13(time 1780 - 00:29:40)(time 1900 - 00:31:40) ->    14(time 1960 - 00:32:40)(time 2140 - 00:35:40) -> 15
> Trip 1
   31(time 2140 - 00:35:40)(time 2320 - 00:38:40) ->    30(time 2380 - 00:39:40)(time 2500 - 00:41:40) ->    29(time 2560 - 00:42:40)(time 2740 - 00:45:40) ->    28(time 2800 - 00:46:40)(time 3040 - 00:50:40) ->    27(time 3640 - 01:00:40)(time 3760 - 01:02:40) ->    26(time 4360 - 01:12:40)(time 4600 - 01:16:40) ->    25(time 4660 - 01:17:40)(time 4960 - 01:22:40) ->    24(time 5020 - 01:23:40)(time 5380 - 01:29:40) ->    23(time 5500 - 01:31:40)(time 5680 - 01:34:40) ->    22(time 5720 - 01:35:20)(time 5760 - 01:36:00) ->    21(time 5820 - 01:37:00)(time 6000 - 01:40:00) ->    20(time 6060 - 01:41:00)(time 6240 - 01:44:00) ->    19(time 6300 - 01:45:00)(time 6540 - 01:49:00) ->    18(time 6580 - 01:49:40)(time 6700 - 01:51:40) ->    17(time 6760 - 01:52:40)(time 7000 - 01:56:40) ->    16(time 7120 - 01:58:40)(time 7120 - 01:58:40) ->    0(time 7720 - 02:08:40)(time 7960 - 02:12:40) ->    1(time 8560 - 02:22:40)(time 8680 - 02:24:40) ->    2(time 9280 - 02:34:40)(time 9520 - 02:38:40) ->    3(time 9580 - 02:39:40)(time 9760 - 02:42:40) ->    4(time 9820 - 02:43:40)(time 10000 - 02:46:40) ->    5(time 10060 - 02:47:40)(time 10100 - 02:48:20) ->    6(time 10140 - 02:49:00)(time 10320 - 02:52:00) ->    7(time 10440 - 02:54:00)(time 10800 - 03:00:00) ->    8(time 10860 - 03:01:00)(time 11160 - 03:06:00) ->    9(time 11220 - 03:07:00)(time 11460 - 03:11:00) ->    10(time 11500 - 03:11:40)(time 11620 - 03:13:40) ->    11(time 11680 - 03:14:40)(time 11920 - 03:18:40) ->    12(time 11980 - 03:19:40)(time 12160 - 03:22:40) ->    13(time 12220 - 03:23:40)(time 12340 - 03:25:40) ->    14(time 12400 - 03:26:40)(time 12580 - 03:29:40) ->    15(time 12700 - 03:31:40)(time 12700 - 03:31:40) -> 31
> Trip 2
   31(time 13320 - 03:42:00)(time 13500 - 03:45:00) ->    30(time 13560 - 03:46:00)(time 13680 - 03:48:00) ->    29(time 13740 - 03:49:00)(time 13920 - 03:52:00) ->    28(time 13980 - 03:53:00)(time 14220 - 03:57:00) ->    27(time 14280 - 03:58:00)(time 14400 - 04:00:00) ->    26(time 14440 - 04:00:40)(time 14680 - 04:04:40) ->    25(time 14740 - 04:05:40)(time 15040 - 04:10:40) ->    24(time 15640 - 04:20:40)(time 16000 - 04:26:40) ->    23(time 16440 - 04:34:00)(time 16620 - 04:37:00) ->    22(time 16660 - 04:37:40)(time 16700 - 04:38:20) ->    21(time 16760 - 04:39:20)(time 16940 - 04:42:20) ->    20(time 17000 - 04:43:20)(time 17180 - 04:46:20) ->    19(time 17240 - 04:47:20)(time 17480 - 04:51:20) ->    18(time 17920 - 04:58:40)(time 18040 - 05:00:40) ->    17(time 18100 - 05:01:40)(time 18340 - 05:05:40) ->    16(time 18460 - 05:07:40)(time 18460 - 05:07:40) ->    0(time 18460 - 05:07:40)(time 18700 - 05:11:40) ->    1(time 18760 - 05:12:40)(time 18880 - 05:14:40) ->    2(time 18920 - 05:15:20)(time 19160 - 05:19:20) ->    3(time 19220 - 05:20:20)(time 19400 - 05:23:20) ->    4(time 19460 - 05:24:20)(time 19640 - 05:27:20) ->    5(time 19700 - 05:28:20)(time 19740 - 05:29:00) ->    6(time 19780 - 05:29:40)(time 19960 - 05:32:40) ->    7(time 20080 - 05:34:40)(time 20440 - 05:40:40) ->    8(time 20500 - 05:41:40)(time 20800 - 05:46:40) ->    9(time 20860 - 05:47:40)(time 21100 - 05:51:40) ->    10(time 21140 - 05:52:20)(time 21260 - 05:54:20) ->    11(time 21320 - 05:55:20)(time 21560 - 05:59:20) ->    12(time 21620 - 06:00:20)(time 21800 - 06:03:20) ->    13(time 21860 - 06:04:20)(time 21980 - 06:06:20) ->    14(time 22040 - 06:07:20)(time 22220 - 06:10:20) ->    15(time 22340 - 06:12:20)(time 22340 - 06:12:20) -> 31
