t3p16r6h6.txt:
   > Trying to open the instance file...
   > Reading number of trains...
   > Reading maximum number of trips per train...
   > Reading time intervals...
   > Reading number of points...
   > Reading stations...
   > Reading crossings...
   > Reading depots...
   > Reading initial point...
   > Reading routes...
   > Reading distance and distance and service...
   > Reading demands...
   > Reading maximum time...
   > Reading alpha...

--------------------------------
 Printing instance
--------------------------------
number of trains = 3
	max trips per trains: 7     6     3
number of intervals = 6
	(0,   8590)	(8591,  17180)	(17181,  25770)	(25771,  34360)	(34361,  42950)	(42951,  51540)
number of points = 16
	initial point: 7
	stations: 0     1     3     4     5     7     8     9    11    12    13    14    15
	crossings: 0     2     6     7     8    10    12    15
	depots: 0     7    15
number of vertices = 32
	total vertices: 0     1     2     3     4     5     6     7     8     9    10    11    12    13    14    15    16    17    18    19    20    21    22    23    24    25    26    27    28    29    30    31
	upper vertices: 0     1     2     3     4     5     6     7     8     9    10    11    12    13    14    15
	lower vertices: 16    17    18    19    20    21    22    23    24    25    26    27    28    29    30    31
	vertices of point #0: (0, 16)
	vertices of point #1: (1, 17)
	vertices of point #2: (2, 18)
	vertices of point #3: (3, 19)
	vertices of point #4: (4, 20)
	vertices of point #5: (5, 21)
	vertices of point #6: (6, 22)
	vertices of point #7: (7, 23)
	vertices of point #8: (8, 24)
	vertices of point #9: (9, 25)
	vertices of point #10: (10, 26)
	vertices of point #11: (11, 27)
	vertices of point #12: (12, 28)
	vertices of point #13: (13, 29)
	vertices of point #14: (14, 30)
	vertices of point #15: (15, 31)

arcs...
	total arcs: 
		arc #0: (0, 1)
		arc #1: (0, 16)
		arc #2: (16, 0)
		arc #3: (1, 2)
		arc #4: (17, 16)
		arc #5: (2, 3)
		arc #6: (18, 17)
		arc #7: (3, 4)
		arc #8: (19, 18)
		arc #9: (4, 5)
		arc #10: (20, 19)
		arc #11: (5, 6)
		arc #12: (21, 20)
		arc #13: (6, 7)
		arc #14: (22, 21)
		arc #15: (7, 8)
		arc #16: (23, 22)
		arc #17: (7, 23)
		arc #18: (23, 7)
		arc #19: (8, 9)
		arc #20: (24, 23)
		arc #21: (9, 10)
		arc #22: (25, 24)
		arc #23: (10, 11)
		arc #24: (26, 25)
		arc #25: (11, 12)
		arc #26: (27, 26)
		arc #27: (12, 13)
		arc #28: (28, 27)
		arc #29: (13, 14)
		arc #30: (29, 28)
		arc #31: (14, 15)
		arc #32: (30, 29)
		arc #33: (31, 30)
		arc #34: (15, 31)
		arc #35: (31, 15)

	reverse arcs: 
		arc #1: (0, 16)
		arc #2: (16, 0)
		arc #17: (7, 23)
		arc #18: (23, 7)
		arc #34: (15, 31)
		arc #35: (31, 15)


incompatible points...
	(0, 1, 18, (1, 2))	(18, 17, 0, (17, 16))	(2, 5, 22, (5, 6))	(22, 19, 2, (19, 18))	(6, 6, 23, (6, 7))	(23, 23, 6, (23, 22))	(7, 7, 24, (7, 8))	(24, 24, 7, (24, 23))	(8, 9, 26, (9, 10))	(26, 25, 8, (25, 24))	(10, 11, 28, (11, 12))	(28, 27, 10, (27, 26))	(12, 14, 31, (14, 15))	(31, 29, 12, (29, 28))

number of routes = 6
vertices of routes...
	route #0: 0     1     2     3     4     5     6     7
	route #1: 23    22    21    20    19    18    17    16
	route #2: 7     8     9    10    11    12    13    14    15
	route #3: 31    30    29    28    27    26    25    24    23
	route #4: 0     1     2     3     4     5     6     7     8     9    10    11    12    13    14    15    31    30    29    28    27    26    25    24    23    22    21    20    19    18    17    16     0
	route #5: 31    30    29    28    27    26    25    24    23    22    21    20    19    18    17    16     0     1     2     3     4     5     6     7     8     9    10    11    12    13    14    15    31
arcs of routes...
	route #0: 0     3     5     7     9    11    13
	route #1: 16    14    12    10     8     6     4
	route #2: 15    19    21    23    25    27    29    31
	route #3: 33    32    30    28    26    24    22    20
	route #4: 0     3     5     7     9    11    13    15    19    21    23    25    27    29    31    34    33    32    30    28    26    24    22    20    16    14    12    10     8     6     4     2
	route #5: 33    32    30    28    26    24    22    20    16    14    12    10     8     6     4     2     0     3     5     7     9    11    13    15    19    21    23    25    27    29    31    34

incompatible routes...
	(0, 0)    	(0, 3)    	(0, 4)    	(0, 5)    	(1, 1)    	(1, 2)    	(1, 3)    	(1, 5)    	(2, 0)    	(2, 1)    	(2, 2)    	(2, 4)    	(3, 0)    	(3, 3)    	(3, 4)    	(3, 5)    	(4, 1)    	(4, 2)    	(4, 3)    	(4, 5)    	(5, 0)    	(5, 1)    	(5, 2)    	(5, 4)

vertices that can be adjacent in consecutive trips...
	(0, 0)    	(7, 7)    	(7, 23)    	(15, 31)    	(16, 0)    	(23, 7)    	(23, 23)    	(31, 31)
non cyclical routes: 
       0       1       2       3

routes of trip...
	routes that train #0 can complete at trip #0: 1       2
	routes that train #0 can complete at trip #1: 0       1       2       3       4       5
	routes that train #0 can complete at trip #2: 0       1       2       3       4       5
	routes that train #0 can complete at trip #3: 0       1       2       3       4       5
	routes that train #0 can complete at trip #4: 0       1       2       3       4       5
	routes that train #0 can complete at trip #5: 0       1       2       3       4       5
	routes that train #0 can complete at trip #6: 0       1       2       3       4       5

	routes that train #1 can complete at trip #0: 1       2
	routes that train #1 can complete at trip #1: 0       1       2       3       4       5
	routes that train #1 can complete at trip #2: 0       1       2       3       4       5
	routes that train #1 can complete at trip #3: 0       1       2       3       4       5
	routes that train #1 can complete at trip #4: 0       1       2       3       4       5
	routes that train #1 can complete at trip #5: 0       1       2       3       4       5

	routes that train #2 can complete at trip #0: 1       2
	routes that train #2 can complete at trip #1: 0       1       2       3       4       5
	routes that train #2 can complete at trip #2: 0       1       2       3       4       5

 cost...
	arc #0 [0][1]: 240
	arc #1 [0][16]: 0
	arc #2 [16][0]: 0
	arc #3 [1][2]: 120
	arc #4 [17][16]: 240
	arc #5 [2][3]: 240
	arc #6 [18][17]: 120
	arc #7 [3][4]: 180
	arc #8 [19][18]: 240
	arc #9 [4][5]: 180
	arc #10 [20][19]: 180
	arc #11 [5][6]: 40
	arc #12 [21][20]: 180
	arc #13 [6][7]: 180
	arc #14 [22][21]: 40
	arc #15 [7][8]: 360
	arc #16 [23][22]: 180
	arc #17 [7][23]: 0
	arc #18 [23][7]: 0
	arc #19 [8][9]: 300
	arc #20 [24][23]: 360
	arc #21 [9][10]: 240
	arc #22 [25][24]: 300
	arc #23 [10][11]: 120
	arc #24 [26][25]: 240
	arc #25 [11][12]: 240
	arc #26 [27][26]: 120
	arc #27 [12][13]: 180
	arc #28 [28][27]: 240
	arc #29 [13][14]: 120
	arc #30 [29][28]: 180
	arc #31 [14][15]: 180
	arc #32 [30][29]: 120
	arc #33 [31][30]: 180
	arc #34 [15][31]: 0
	arc #35 [31][15]: 0

cost with minimum service...
	arc #0 [0][1]: 300
	arc #1 [0][16]: 0
	arc #2 [16][0]: 0
	arc #3 [1][2]: 160
	arc #4 [17][16]: 360
	arc #5 [2][3]: 300
	arc #6 [18][17]: 180
	arc #7 [3][4]: 240
	arc #8 [19][18]: 280
	arc #9 [4][5]: 240
	arc #10 [20][19]: 240
	arc #11 [5][6]: 80
	arc #12 [21][20]: 240
	arc #13 [6][7]: 300
	arc #14 [22][21]: 100
	arc #15 [7][8]: 420
	arc #16 [23][22]: 220
	arc #17 [7][23]: 0
	arc #18 [23][7]: 0
	arc #19 [8][9]: 360
	arc #20 [24][23]: 480
	arc #21 [9][10]: 280
	arc #22 [25][24]: 360
	arc #23 [10][11]: 180
	arc #24 [26][25]: 300
	arc #25 [11][12]: 300
	arc #26 [27][26]: 160
	arc #27 [12][13]: 240
	arc #28 [28][27]: 300
	arc #29 [13][14]: 180
	arc #30 [29][28]: 240
	arc #31 [14][15]: 300
	arc #32 [30][29]: 180
	arc #33 [31][30]: 240
	arc #34 [15][31]: 0
	arc #35 [31][15]: 0

cost with maximum service...
	arc #0 [0][1]: 840
	arc #1 [0][16]: 600
	arc #2 [16][0]: 600
	arc #3 [1][2]: 720
	arc #4 [17][16]: 840
	arc #5 [2][3]: 840
	arc #6 [18][17]: 720
	arc #7 [3][4]: 780
	arc #8 [19][18]: 840
	arc #9 [4][5]: 780
	arc #10 [20][19]: 780
	arc #11 [5][6]: 640
	arc #12 [21][20]: 780
	arc #13 [6][7]: 780
	arc #14 [22][21]: 640
	arc #15 [7][8]: 960
	arc #16 [23][22]: 780
	arc #17 [7][23]: 600
	arc #18 [23][7]: 600
	arc #19 [8][9]: 900
	arc #20 [24][23]: 960
	arc #21 [9][10]: 840
	arc #22 [25][24]: 900
	arc #23 [10][11]: 720
	arc #24 [26][25]: 840
	arc #25 [11][12]: 840
	arc #26 [27][26]: 720
	arc #27 [12][13]: 780
	arc #28 [28][27]: 840
	arc #29 [13][14]: 720
	arc #30 [29][28]: 780
	arc #31 [14][15]: 780
	arc #32 [30][29]: 720
	arc #33 [31][30]: 780
	arc #34 [15][31]: 600
	arc #35 [31][15]: 600

demands...
	demands of vertex 0 at time interval: 2     3     1     1     3     1
	demands of vertex 1 at time interval: 2     3     1     1     3     1
	demands of vertex 2 at time interval: 0     0     0     0     0     0
	demands of vertex 3 at time interval: 2     3     1     1     3     1
	demands of vertex 4 at time interval: 2     3     1     1     3     1
	demands of vertex 5 at time interval: 2     3     1     1     3     1
	demands of vertex 6 at time interval: 0     0     0     0     0     0
	demands of vertex 7 at time interval: 2     3     1     1     3     1
	demands of vertex 8 at time interval: 0     0     0     0     0     0
	demands of vertex 9 at time interval: 2     3     1     1     3     1
	demands of vertex 10 at time interval: 0     0     0     0     0     0
	demands of vertex 11 at time interval: 2     3     1     1     3     1
	demands of vertex 12 at time interval: 0     0     0     0     0     0
	demands of vertex 13 at time interval: 2     3     1     1     3     1
	demands of vertex 14 at time interval: 2     3     1     1     3     1
	demands of vertex 15 at time interval: 0     0     0     0     0     0
	demands of vertex 16 at time interval: 0     0     0     0     0     0
	demands of vertex 17 at time interval: 2     3     1     1     3     1
	demands of vertex 18 at time interval: 0     0     0     0     0     0
	demands of vertex 19 at time interval: 2     3     1     1     3     1
	demands of vertex 20 at time interval: 2     3     1     1     3     1
	demands of vertex 21 at time interval: 2     3     1     1     3     1
	demands of vertex 22 at time interval: 0     0     0     0     0     0
	demands of vertex 23 at time interval: 2     3     1     1     3     1
	demands of vertex 24 at time interval: 0     0     0     0     0     0
	demands of vertex 25 at time interval: 2     3     1     1     3     1
	demands of vertex 26 at time interval: 0     0     0     0     0     0
	demands of vertex 27 at time interval: 2     3     1     1     3     1
	demands of vertex 28 at time interval: 0     0     0     0     0     0
	demands of vertex 29 at time interval: 2     3     1     1     3     1
	demands of vertex 30 at time interval: 2     3     1     1     3     1
	demands of vertex 31 at time interval: 2     3     1     1     3     1

maximum time = 51540
alpha = 180

Selecting set of cyclical routes...

Selecting set of initial routes...

Creating initial set of candidate combinations...
Solving candidate combinations...

1/8 candidate combination(s) tested! (Thread 0)
Found new best - 2/8 candidate combination(s) tested! (Thread 0)
Found new best - 3/8 candidate combination(s) tested! (Thread 0)
Found new best - 4/8 candidate combination(s) tested! (Thread 0)
5/8 candidate combination(s) tested! (Thread 0)
6/8 candidate combination(s) tested! (Thread 0)
7/8 candidate combination(s) tested! (Thread 0)
8/8 candidate combination(s) tested! (Thread 0)

Removing trips...

Solving candidate combinations...

Found new best - 1/3 candidate combination(s) tested! (Thread 0)
2/3 candidate combination(s) tested! (Thread 0)
3/3 candidate combination(s) tested! (Thread 0)

Removing trips...

Solving candidate combinations...

1/1 candidate combination(s) tested! (Thread 0)

Relaxing trips, so the model can make changes...

>> Printing some results...
    -> Solution value = 47030 - 13:03:50
    -> Total time = 118.35

=============
Train 0
=============
> Trip 0
   23(time 0 - 00:00:00)(time 180 - 00:03:00) ->    22(time 220 - 00:03:40)(time 260 - 00:04:20) ->    21(time 320 - 00:05:20)(time 500 - 00:08:20) ->    20(time 560 - 00:09:20)(time 740 - 00:12:20) ->    19(time 800 - 00:13:20)(time 1040 - 00:17:20) ->    18(time 1080 - 00:18:00)(time 1200 - 00:20:00) ->    17(time 1260 - 00:21:00)(time 1500 - 00:25:00) -> 16
> Trip 1
   0(time 1500 - 00:25:00)(time 1740 - 00:29:00) ->    1(time 1800 - 00:30:00)(time 1920 - 00:32:00) ->    2(time 1960 - 00:32:40)(time 2200 - 00:36:40) ->    3(time 2260 - 00:37:40)(time 2440 - 00:40:40) ->    4(time 2500 - 00:41:40)(time 2680 - 00:44:40) ->    5(time 2740 - 00:45:40)(time 2780 - 00:46:20) ->    6(time 2820 - 00:47:00)(time 3000 - 00:50:00) ->    7(time 3120 - 00:52:00)(time 3480 - 00:58:00) ->    8(time 3860 - 01:04:20)(time 4160 - 01:09:20) ->    9(time 4220 - 01:10:20)(time 4460 - 01:14:20) ->    10(time 4500 - 01:15:00)(time 4620 - 01:17:00) ->    11(time 4680 - 01:18:00)(time 4920 - 01:22:00) ->    12(time 4980 - 01:23:00)(time 5160 - 01:26:00) ->    13(time 5220 - 01:27:00)(time 5340 - 01:29:00) ->    14(time 5400 - 01:30:00)(time 5580 - 01:33:00) ->    15(time 5700 - 01:35:00)(time 5700 - 01:35:00) ->    31(time 5700 - 01:35:00)(time 5880 - 01:38:00) ->    30(time 5940 - 01:39:00)(time 6060 - 01:41:00) ->    29(time 6120 - 01:42:00)(time 6300 - 01:45:00) ->    28(time 6360 - 01:46:00)(time 6600 - 01:50:00) ->    27(time 6660 - 01:51:00)(time 6780 - 01:53:00) ->    26(time 6820 - 01:53:40)(time 7060 - 01:57:40) ->    25(time 7120 - 01:58:40)(time 7420 - 02:03:40) ->    24(time 7480 - 02:04:40)(time 7840 - 02:10:40) ->    23(time 7960 - 02:12:40)(time 8140 - 02:15:40) ->    22(time 8180 - 02:16:20)(time 8220 - 02:17:00) ->    21(time 8280 - 02:18:00)(time 8460 - 02:21:00) ->    20(time 8520 - 02:22:00)(time 8700 - 02:25:00) ->    19(time 8760 - 02:26:00)(time 9000 - 02:30:00) ->    18(time 9040 - 02:30:40)(time 9160 - 02:32:40) ->    17(time 9220 - 02:33:40)(time 9460 - 02:37:40) ->    16(time 9580 - 02:39:40)(time 9580 - 02:39:40) -> 0
> Trip 2
   0(time 9580 - 02:39:40)(time 9820 - 02:43:40) ->    1(time 9880 - 02:44:40)(time 10000 - 02:46:40) ->    2(time 10040 - 02:47:20)(time 10280 - 02:51:20) ->    3(time 10340 - 02:52:20)(time 10520 - 02:55:20) ->    4(time 10580 - 02:56:20)(time 10760 - 02:59:20) ->    5(time 10820 - 03:00:20)(time 10860 - 03:01:00) ->    6(time 11100 - 03:05:00)(time 11280 - 03:08:00) ->    7(time 11400 - 03:10:00)(time 11760 - 03:16:00) ->    8(time 11820 - 03:17:00)(time 12120 - 03:22:00) ->    9(time 12180 - 03:23:00)(time 12420 - 03:27:00) ->    10(time 12460 - 03:27:40)(time 12580 - 03:29:40) ->    11(time 12640 - 03:30:40)(time 12880 - 03:34:40) ->    12(time 12940 - 03:35:40)(time 13120 - 03:38:40) ->    13(time 13180 - 03:39:40)(time 13300 - 03:41:40) ->    14(time 13360 - 03:42:40)(time 13540 - 03:45:40) ->    15(time 13660 - 03:47:40)(time 13660 - 03:47:40) ->    31(time 13660 - 03:47:40)(time 13840 - 03:50:40) ->    30(time 13900 - 03:51:40)(time 14020 - 03:53:40) ->    29(time 14080 - 03:54:40)(time 14260 - 03:57:40) ->    28(time 14320 - 03:58:40)(time 14560 - 04:02:40) ->    27(time 14620 - 04:03:40)(time 14740 - 04:05:40) ->    26(time 14780 - 04:06:20)(time 15020 - 04:10:20) ->    25(time 15080 - 04:11:20)(time 15380 - 04:16:20) ->    24(time 15980 - 04:26:20)(time 16340 - 04:32:20) ->    23(time 16460 - 04:34:20)(time 16640 - 04:37:20) ->    22(time 16680 - 04:38:00)(time 16720 - 04:38:40) ->    21(time 16780 - 04:39:40)(time 16960 - 04:42:40) ->    20(time 17020 - 04:43:40)(time 17200 - 04:46:40) ->    19(time 17260 - 04:47:40)(time 17500 - 04:51:40) ->    18(time 17540 - 04:52:20)(time 17660 - 04:54:20) ->    17(time 17720 - 04:55:20)(time 17960 - 04:59:20) ->    16(time 18080 - 05:01:20)(time 18080 - 05:01:20) -> 0
> Trip 3
   0(time 18620 - 05:10:20)(time 18860 - 05:14:20) ->    1(time 18920 - 05:15:20)(time 19040 - 05:17:20) ->    2(time 19080 - 05:18:00)(time 19320 - 05:22:00) ->    3(time 19380 - 05:23:00)(time 19560 - 05:26:00) ->    4(time 19620 - 05:27:00)(time 19800 - 05:30:00) ->    5(time 19860 - 05:31:00)(time 19900 - 05:31:40) ->    6(time 19940 - 05:32:20)(time 20120 - 05:35:20) ->    7(time 20720 - 05:45:20)(time 21080 - 05:51:20) ->    8(time 21140 - 05:52:20)(time 21440 - 05:57:20) ->    9(time 21500 - 05:58:20)(time 21740 - 06:02:20) ->    10(time 21780 - 06:03:00)(time 21900 - 06:05:00) ->    11(time 21960 - 06:06:00)(time 22200 - 06:10:00) ->    12(time 22540 - 06:15:40)(time 22720 - 06:18:40) ->    13(time 22780 - 06:19:40)(time 22900 - 06:21:40) ->    14(time 22960 - 06:22:40)(time 23140 - 06:25:40) ->    15(time 23260 - 06:27:40)(time 23260 - 06:27:40) ->    31(time 23260 - 06:27:40)(time 23440 - 06:30:40) ->    30(time 23500 - 06:31:40)(time 23620 - 06:33:40) ->    29(time 23680 - 06:34:40)(time 23860 - 06:37:40) ->    28(time 23920 - 06:38:40)(time 24160 - 06:42:40) ->    27(time 24220 - 06:43:40)(time 24340 - 06:45:40) ->    26(time 24380 - 06:46:20)(time 24620 - 06:50:20) ->    25(time 24680 - 06:51:20)(time 24980 - 06:56:20) ->    24(time 25040 - 06:57:20)(time 25400 - 07:03:20) ->    23(time 25520 - 07:05:20)(time 25700 - 07:08:20) ->    22(time 25740 - 07:09:00)(time 25780 - 07:09:40) ->    21(time 25840 - 07:10:40)(time 26020 - 07:13:40) ->    20(time 26080 - 07:14:40)(time 26260 - 07:17:40) ->    19(time 26320 - 07:18:40)(time 26560 - 07:22:40) ->    18(time 26600 - 07:23:20)(time 26720 - 07:25:20) ->    17(time 26780 - 07:26:20)(time 27020 - 07:30:20) ->    16(time 27140 - 07:32:20)(time 27140 - 07:32:20) -> 0
> Trip 4
   0(time 27140 - 07:32:20)(time 27380 - 07:36:20) ->    1(time 27440 - 07:37:20)(time 27560 - 07:39:20) ->    2(time 27600 - 07:40:00)(time 27840 - 07:44:00) ->    3(time 27900 - 07:45:00)(time 28080 - 07:48:00) ->    4(time 28140 - 07:49:00)(time 28320 - 07:52:00) ->    5(time 28380 - 07:53:00)(time 28420 - 07:53:40) ->    6(time 28460 - 07:54:20)(time 28640 - 07:57:20) ->    7(time 28760 - 07:59:20)(time 29120 - 08:05:20) ->    8(time 29180 - 08:06:20)(time 29480 - 08:11:20) ->    9(time 30080 - 08:21:20)(time 30320 - 08:25:20) ->    10(time 30920 - 08:35:20)(time 31040 - 08:37:20) ->    11(time 31640 - 08:47:20)(time 31880 - 08:51:20) ->    12(time 32480 - 09:01:20)(time 32660 - 09:04:20) ->    13(time 33260 - 09:14:20)(time 33380 - 09:16:20) ->    14(time 33980 - 09:26:20)(time 34160 - 09:29:20) ->    15(time 34760 - 09:39:20)(time 34760 - 09:39:20) ->    31(time 34760 - 09:39:20)(time 34940 - 09:42:20) ->    30(time 35000 - 09:43:20)(time 35120 - 09:45:20) ->    29(time 35180 - 09:46:20)(time 35360 - 09:49:20) ->    28(time 35420 - 09:50:20)(time 35660 - 09:54:20) ->    27(time 35720 - 09:55:20)(time 35840 - 09:57:20) ->    26(time 35880 - 09:58:00)(time 36120 - 10:02:00) ->    25(time 36180 - 10:03:00)(time 36480 - 10:08:00) ->    24(time 36600 - 10:10:00)(time 36960 - 10:16:00) ->    23(time 37080 - 10:18:00)(time 37260 - 10:21:00) ->    22(time 37300 - 10:21:40)(time 37340 - 10:22:20) ->    21(time 37400 - 10:23:20)(time 37580 - 10:26:20) ->    20(time 37640 - 10:27:20)(time 37820 - 10:30:20) ->    19(time 37880 - 10:31:20)(time 38120 - 10:35:20) ->    18(time 38160 - 10:36:00)(time 38280 - 10:38:00) ->    17(time 38340 - 10:39:00)(time 38580 - 10:43:00) ->    16(time 38700 - 10:45:00)(time 38700 - 10:45:00) -> 0
> Trip 5
   0(time 38760 - 10:46:00)(time 39000 - 10:50:00) ->    1(time 39060 - 10:51:00)(time 39180 - 10:53:00) ->    2(time 39220 - 10:53:40)(time 39460 - 10:57:40) ->    3(time 39520 - 10:58:40)(time 39700 - 11:01:40) ->    4(time 39760 - 11:02:40)(time 39940 - 11:05:40) ->    5(time 40000 - 11:06:40)(time 40040 - 11:07:20) ->    6(time 40080 - 11:08:00)(time 40260 - 11:11:00) ->    7(time 40380 - 11:13:00)(time 40740 - 11:19:00) ->    8(time 40800 - 11:20:00)(time 41100 - 11:25:00) ->    9(time 41160 - 11:26:00)(time 41400 - 11:30:00) ->    10(time 41440 - 11:30:40)(time 41560 - 11:32:40) ->    11(time 41620 - 11:33:40)(time 41860 - 11:37:40) ->    12(time 41920 - 11:38:40)(time 42100 - 11:41:40) ->    13(time 42160 - 11:42:40)(time 42280 - 11:44:40) ->    14(time 42340 - 11:45:40)(time 42520 - 11:48:40) ->    15(time 42640 - 11:50:40)(time 42640 - 11:50:40) ->    31(time 42951 - 11:55:51)(time 43131 - 11:58:51) ->    30(time 43191 - 11:59:51)(time 43311 - 12:01:51) ->    29(time 43371 - 12:02:51)(time 43551 - 12:05:51) ->    28(time 43611 - 12:06:51)(time 43851 - 12:10:51) ->    27(time 43911 - 12:11:51)(time 44031 - 12:13:51) ->    26(time 44071 - 12:14:31)(time 44311 - 12:18:31) ->    25(time 44371 - 12:19:31)(time 44671 - 12:24:31) ->    24(time 44931 - 12:28:51)(time 45291 - 12:34:51) ->    23(time 45411 - 12:36:51)(time 45591 - 12:39:51) ->    22(time 45631 - 12:40:31)(time 45671 - 12:41:11) ->    21(time 45731 - 12:42:11)(time 45911 - 12:45:11) ->    20(time 45971 - 12:46:11)(time 46151 - 12:49:11) ->    19(time 46211 - 12:50:11)(time 46451 - 12:54:11) ->    18(time 46491 - 12:54:51)(time 46611 - 12:56:51) ->    17(time 46671 - 12:57:51)(time 46911 - 13:01:51) ->    16(time 47031 - 13:03:51)(time 47031 - 13:03:51) -> 0
=============
Train 1
=============
> Trip 0
   7(time 0 - 00:00:00)(time 360 - 00:06:00) ->    8(time 420 - 00:07:00)(time 720 - 00:12:00) ->    9(time 780 - 00:13:00)(time 1020 - 00:17:00) ->    10(time 1060 - 00:17:40)(time 1180 - 00:19:40) ->    11(time 1240 - 00:20:40)(time 1480 - 00:24:40) ->    12(time 1540 - 00:25:40)(time 1720 - 00:28:40) ->    13(time 1780 - 00:29:40)(time 1900 - 00:31:40) ->    14(time 1960 - 00:32:40)(time 2140 - 00:35:40) -> 15
> Trip 1
   31(time 2140 - 00:35:40)(time 2320 - 00:38:40) ->    30(time 2380 - 00:39:40)(time 2500 - 00:41:40) ->    29(time 2560 - 00:42:40)(time 2740 - 00:45:40) ->    28(time 2800 - 00:46:40)(time 3040 - 00:50:40) ->    27(time 3100 - 00:51:40)(time 3220 - 00:53:40) ->    26(time 3260 - 00:54:20)(time 3500 - 00:58:20) ->    25(time 3560 - 00:59:20)(time 3860 - 01:04:20) ->    24(time 4120 - 01:08:40)(time 4480 - 01:14:40) ->    23(time 4600 - 01:16:40)(time 4780 - 01:19:40) ->    22(time 4820 - 01:20:20)(time 4860 - 01:21:00) ->    21(time 4920 - 01:22:00)(time 5100 - 01:25:00) ->    20(time 5160 - 01:26:00)(time 5340 - 01:29:00) ->    19(time 5400 - 01:30:00)(time 5640 - 01:34:00) ->    18(time 5680 - 01:34:40)(time 5800 - 01:36:40) ->    17(time 5860 - 01:37:40)(time 6100 - 01:41:40) ->    16(time 6220 - 01:43:40)(time 6220 - 01:43:40) ->    0(time 6220 - 01:43:40)(time 6460 - 01:47:40) ->    1(time 6520 - 01:48:40)(time 6640 - 01:50:40) ->    2(time 6680 - 01:51:20)(time 6920 - 01:55:20) ->    3(time 6980 - 01:56:20)(time 7160 - 01:59:20) ->    4(time 7220 - 02:00:20)(time 7400 - 02:03:20) ->    5(time 7460 - 02:04:20)(time 7500 - 02:05:00) ->    6(time 7540 - 02:05:40)(time 7720 - 02:08:40) ->    7(time 7840 - 02:10:40)(time 8200 - 02:16:40) ->    8(time 8260 - 02:17:40)(time 8560 - 02:22:40) ->    9(time 8620 - 02:23:40)(time 8860 - 02:27:40) ->    10(time 8900 - 02:28:20)(time 9020 - 02:30:20) ->    11(time 9080 - 02:31:20)(time 9320 - 02:35:20) ->    12(time 9380 - 02:36:20)(time 9560 - 02:39:20) ->    13(time 9620 - 02:40:20)(time 9740 - 02:42:20) ->    14(time 9800 - 02:43:20)(time 9980 - 02:46:20) ->    15(time 10100 - 02:48:20)(time 10100 - 02:48:20) -> 31
> Trip 2
   31(time 10100 - 02:48:20)(time 10280 - 02:51:20) ->    30(time 10340 - 02:52:20)(time 10460 - 02:54:20) ->    29(time 10520 - 02:55:20)(time 10700 - 02:58:20) ->    28(time 10760 - 02:59:20)(time 11000 - 03:03:20) ->    27(time 11060 - 03:04:20)(time 11180 - 03:06:20) ->    26(time 11220 - 03:07:00)(time 11460 - 03:11:00) ->    25(time 11520 - 03:12:00)(time 11820 - 03:17:00) ->    24(time 11880 - 03:18:00)(time 12240 - 03:24:00) ->    23(time 12360 - 03:26:00)(time 12540 - 03:29:00) ->    22(time 12580 - 03:29:40)(time 12620 - 03:30:20) ->    21(time 12680 - 03:31:20)(time 12860 - 03:34:20) ->    20(time 12920 - 03:35:20)(time 13100 - 03:38:20) ->    19(time 13160 - 03:39:20)(time 13400 - 03:43:20) ->    18(time 13440 - 03:44:00)(time 13560 - 03:46:00) ->    17(time 13620 - 03:47:00)(time 13860 - 03:51:00) ->    16(time 13980 - 03:53:00)(time 13980 - 03:53:00) ->    0(time 13980 - 03:53:00)(time 14220 - 03:57:00) ->    1(time 14280 - 03:58:00)(time 14400 - 04:00:00) ->    2(time 14440 - 04:00:40)(time 14680 - 04:04:40) ->    3(time 14740 - 04:05:40)(time 14920 - 04:08:40) ->    4(time 14980 - 04:09:40)(time 15160 - 04:12:40) ->    5(time 15220 - 04:13:40)(time 15260 - 04:14:20) ->    6(time 15300 - 04:15:00)(time 15480 - 04:18:00) ->    7(time 15600 - 04:20:00)(time 15960 - 04:26:00) ->    8(time 16020 - 04:27:00)(time 16320 - 04:32:00) ->    9(time 16380 - 04:33:00)(time 16620 - 04:37:00) ->    10(time 16660 - 04:37:40)(time 16780 - 04:39:40) ->    11(time 16840 - 04:40:40)(time 17080 - 04:44:40) ->    12(time 17140 - 04:45:40)(time 17320 - 04:48:40) ->    13(time 17380 - 04:49:40)(time 17500 - 04:51:40) ->    14(time 17560 - 04:52:40)(time 17740 - 04:55:40) ->    15(time 17860 - 04:57:40)(time 17860 - 04:57:40) -> 31
> Trip 3
   31(time 17860 - 04:57:40)(time 18040 - 05:00:40) ->    30(time 18100 - 05:01:40)(time 18220 - 05:03:40) ->    29(time 18280 - 05:04:40)(time 18460 - 05:07:40) ->    28(time 18520 - 05:08:40)(time 18760 - 05:12:40) ->    27(time 18820 - 05:13:40)(time 18940 - 05:15:40) ->    26(time 18980 - 05:16:20)(time 19220 - 05:20:20) ->    25(time 19280 - 05:21:20)(time 19580 - 05:26:20) ->    24(time 19640 - 05:27:20)(time 20000 - 05:33:20) ->    23(time 20120 - 05:35:20)(time 20300 - 05:38:20) ->    22(time 20340 - 05:39:00)(time 20380 - 05:39:40) ->    21(time 20440 - 05:40:40)(time 20620 - 05:43:40) ->    20(time 20680 - 05:44:40)(time 20860 - 05:47:40) ->    19(time 20920 - 05:48:40)(time 21160 - 05:52:40) ->    18(time 21200 - 05:53:20)(time 21320 - 05:55:20) ->    17(time 21380 - 05:56:20)(time 21620 - 06:00:20) ->    16(time 21740 - 06:02:20)(time 21740 - 06:02:20) ->    0(time 21740 - 06:02:20)(time 21980 - 06:06:20) ->    1(time 22040 - 06:07:20)(time 22160 - 06:09:20) ->    2(time 22200 - 06:10:00)(time 22440 - 06:14:00) ->    3(time 22500 - 06:15:00)(time 22680 - 06:18:00) ->    4(time 22740 - 06:19:00)(time 22920 - 06:22:00) ->    5(time 22980 - 06:23:00)(time 23020 - 06:23:40) ->    6(time 23060 - 06:24:20)(time 23240 - 06:27:20) ->    7(time 23360 - 06:29:20)(time 23720 - 06:35:20) ->    8(time 23780 - 06:36:20)(time 24080 - 06:41:20) ->    9(time 24140 - 06:42:20)(time 24380 - 06:46:20) ->    10(time 24420 - 06:47:00)(time 24540 - 06:49:00) ->    11(time 24600 - 06:50:00)(time 24840 - 06:54:00) ->    12(time 24900 - 06:55:00)(time 25080 - 06:58:00) ->    13(time 25140 - 06:59:00)(time 25260 - 07:01:00) ->    14(time 25320 - 07:02:00)(time 25500 - 07:05:00) ->    15(time 25620 - 07:07:00)(time 25620 - 07:07:00) -> 31
> Trip 4
   31(time 25900 - 07:11:40)(time 26080 - 07:14:40) ->    30(time 26140 - 07:15:40)(time 26260 - 07:17:40) ->    29(time 26320 - 07:18:40)(time 26500 - 07:21:40) ->    28(time 26560 - 07:22:40)(time 26800 - 07:26:40) ->    27(time 26860 - 07:27:40)(time 26980 - 07:29:40) ->    26(time 27020 - 07:30:20)(time 27260 - 07:34:20) ->    25(time 27320 - 07:35:20)(time 27620 - 07:40:20) ->    24(time 27680 - 07:41:20)(time 28040 - 07:47:20) ->    23(time 28640 - 07:57:20)(time 28820 - 08:00:20) ->    22(time 29161 - 08:06:01)(time 29201 - 08:06:41) ->    21(time 29801 - 08:16:41)(time 29981 - 08:19:41) ->    20(time 30581 - 08:29:41)(time 30761 - 08:32:41) ->    19(time 31361 - 08:42:41)(time 31601 - 08:46:41) ->    18(time 32201 - 08:56:41)(time 32321 - 08:58:41) ->    17(time 32921 - 09:08:41)(time 33161 - 09:12:41) ->    16(time 33761 - 09:22:41)(time 33761 - 09:22:41) ->    0(time 34361 - 09:32:41)(time 34601 - 09:36:41) ->    1(time 34661 - 09:37:41)(time 34781 - 09:39:41) ->    2(time 34821 - 09:40:21)(time 35061 - 09:44:21) ->    3(time 35121 - 09:45:21)(time 35301 - 09:48:21) ->    4(time 35361 - 09:49:21)(time 35541 - 09:52:21) ->    5(time 35601 - 09:53:21)(time 35641 - 09:54:01) ->    6(time 35681 - 09:54:41)(time 35861 - 09:57:41) ->    7(time 36060 - 10:01:00)(time 36420 - 10:07:00) ->    8(time 36480 - 10:08:00)(time 36780 - 10:13:00) ->    9(time 36840 - 10:14:00)(time 37080 - 10:18:00) ->    10(time 37120 - 10:18:40)(time 37240 - 10:20:40) ->    11(time 37840 - 10:30:40)(time 38080 - 10:34:40) ->    12(time 38140 - 10:35:40)(time 38320 - 10:38:40) ->    13(time 38380 - 10:39:40)(time 38500 - 10:41:40) ->    14(time 38560 - 10:42:40)(time 38740 - 10:45:40) ->    15(time 38860 - 10:47:40)(time 38860 - 10:47:40) -> 31
> Trip 5
   31(time 38860 - 10:47:40)(time 39040 - 10:50:40) ->    30(time 39100 - 10:51:40)(time 39220 - 10:53:40) ->    29(time 39280 - 10:54:40)(time 39460 - 10:57:40) ->    28(time 39520 - 10:58:40)(time 39760 - 11:02:40) ->    27(time 39820 - 11:03:40)(time 39940 - 11:05:40) ->    26(time 40020 - 11:07:00)(time 40260 - 11:11:00) ->    25(time 40320 - 11:12:00)(time 40620 - 11:17:00) ->    24(time 40740 - 11:19:00)(time 41100 - 11:25:00) ->    23(time 41220 - 11:27:00)(time 41400 - 11:30:00) ->    22(time 41440 - 11:30:40)(time 41480 - 11:31:20) ->    21(time 41540 - 11:32:20)(time 41720 - 11:35:20) ->    20(time 41780 - 11:36:20)(time 41960 - 11:39:20) ->    19(time 42020 - 11:40:20)(time 42260 - 11:44:20) ->    18(time 42300 - 11:45:00)(time 42420 - 11:47:00) ->    17(time 42480 - 11:48:00)(time 42720 - 11:52:00) ->    16(time 42840 - 11:54:00)(time 42840 - 11:54:00) ->    0(time 42951 - 11:55:51)(time 43191 - 11:59:51) ->    1(time 43251 - 12:00:51)(time 43371 - 12:02:51) ->    2(time 43411 - 12:03:31)(time 43651 - 12:07:31) ->    3(time 43711 - 12:08:31)(time 43891 - 12:11:31) ->    4(time 43951 - 12:12:31)(time 44131 - 12:15:31) ->    5(time 44191 - 12:16:31)(time 44231 - 12:17:11) ->    6(time 44271 - 12:17:51)(time 44451 - 12:20:51) ->    7(time 44571 - 12:22:51)(time 44931 - 12:28:51) ->    8(time 44991 - 12:29:51)(time 45291 - 12:34:51) ->    9(time 45351 - 12:35:51)(time 45591 - 12:39:51) ->    10(time 45631 - 12:40:31)(time 45751 - 12:42:31) ->    11(time 45811 - 12:43:31)(time 46051 - 12:47:31) ->    12(time 46111 - 12:48:31)(time 46291 - 12:51:31) ->    13(time 46351 - 12:52:31)(time 46471 - 12:54:31) ->    14(time 46731 - 12:58:51)(time 46911 - 13:01:51) ->    15(time 47031 - 13:03:51)(time 47031 - 13:03:51) -> 31
=============
Train 2
=============
> Trip 0
   7(time 180 - 00:03:00)(time 540 - 00:09:00) ->    8(time 600 - 00:10:00)(time 900 - 00:15:00) ->    9(time 960 - 00:16:00)(time 1200 - 00:20:00) ->    10(time 1240 - 00:20:40)(time 1360 - 00:22:40) ->    11(time 1900 - 00:31:40)(time 2140 - 00:35:40) ->    12(time 2740 - 00:45:40)(time 2920 - 00:48:40) ->    13(time 2980 - 00:49:40)(time 3100 - 00:51:40) ->    14(time 3160 - 00:52:40)(time 3340 - 00:55:40) -> 15
> Trip 1
   31(time 8591 - 02:23:11)(time 8771 - 02:26:11) ->    30(time 8831 - 02:27:11)(time 8951 - 02:29:11) ->    29(time 9011 - 02:30:11)(time 9191 - 02:33:11) ->    28(time 9320 - 02:35:20)(time 9560 - 02:39:20) ->    27(time 9620 - 02:40:20)(time 9740 - 02:42:20) ->    26(time 9780 - 02:43:00)(time 10020 - 02:47:00) ->    25(time 10080 - 02:48:00)(time 10380 - 02:53:00) ->    24(time 10440 - 02:54:00)(time 10800 - 03:00:00) ->    23(time 10920 - 03:02:00)(time 11100 - 03:05:00) ->    22(time 11620 - 03:13:40)(time 11660 - 03:14:20) ->    21(time 11720 - 03:15:20)(time 11900 - 03:18:20) ->    20(time 11960 - 03:19:20)(time 12140 - 03:22:20) ->    19(time 12200 - 03:23:20)(time 12440 - 03:27:20) ->    18(time 12480 - 03:28:00)(time 12600 - 03:30:00) ->    17(time 12660 - 03:31:00)(time 12900 - 03:35:00) ->    16(time 13020 - 03:37:00)(time 13020 - 03:37:00) ->    0(time 13020 - 03:37:00)(time 13260 - 03:41:00) ->    1(time 13320 - 03:42:00)(time 13440 - 03:44:00) ->    2(time 13480 - 03:44:40)(time 13720 - 03:48:40) ->    3(time 13780 - 03:49:40)(time 13960 - 03:52:40) ->    4(time 14020 - 03:53:40)(time 14200 - 03:56:40) ->    5(time 14260 - 03:57:40)(time 14300 - 03:58:20) ->    6(time 14340 - 03:59:00)(time 14520 - 04:02:00) ->    7(time 14640 - 04:04:00)(time 15000 - 04:10:00) ->    8(time 15380 - 04:16:20)(time 15680 - 04:21:20) ->    9(time 15740 - 04:22:20)(time 15980 - 04:26:20) ->    10(time 16020 - 04:27:00)(time 16140 - 04:29:00) ->    11(time 16200 - 04:30:00)(time 16440 - 04:34:00) ->    12(time 16500 - 04:35:00)(time 16680 - 04:38:00) ->    13(time 16740 - 04:39:00)(time 16860 - 04:41:00) ->    14(time 16920 - 04:42:00)(time 17100 - 04:45:00) ->    15(time 17220 - 04:47:00)(time 17220 - 04:47:00) -> 31
> Trip 2
   31(time 34361 - 09:32:41)(time 34541 - 09:35:41) ->    30(time 34601 - 09:36:41)(time 34721 - 09:38:41) ->    29(time 34781 - 09:39:41)(time 34961 - 09:42:41) ->    28(time 35021 - 09:43:41)(time 35261 - 09:47:41) ->    27(time 35321 - 09:48:41)(time 35441 - 09:50:41) ->    26(time 35481 - 09:51:21)(time 35721 - 09:55:21) ->    25(time 35781 - 09:56:21)(time 36081 - 10:01:21) ->    24(time 36420 - 10:07:00)(time 36780 - 10:13:00) ->    23(time 36900 - 10:15:00)(time 37080 - 10:18:00) ->    22(time 37120 - 10:18:40)(time 37160 - 10:19:20) ->    21(time 37220 - 10:20:20)(time 37400 - 10:23:20) ->    20(time 37460 - 10:24:20)(time 37640 - 10:27:20) ->    19(time 37700 - 10:28:20)(time 37940 - 10:32:20) ->    18(time 37980 - 10:33:00)(time 38100 - 10:35:00) ->    17(time 38160 - 10:36:00)(time 38400 - 10:40:00) ->    16(time 38520 - 10:42:00)(time 38520 - 10:42:00) ->    0(time 38580 - 10:43:00)(time 38820 - 10:47:00) ->    1(time 38880 - 10:48:00)(time 39000 - 10:50:00) ->    2(time 39040 - 10:50:40)(time 39280 - 10:54:40) ->    3(time 39340 - 10:55:40)(time 39520 - 10:58:40) ->    4(time 39580 - 10:59:40)(time 39760 - 11:02:40) ->    5(time 39820 - 11:03:40)(time 39860 - 11:04:20) ->    6(time 39900 - 11:05:00)(time 40080 - 11:08:00) ->    7(time 40200 - 11:10:00)(time 40560 - 11:16:00) ->    8(time 40620 - 11:17:00)(time 40920 - 11:22:00) ->    9(time 40980 - 11:23:00)(time 41220 - 11:27:00) ->    10(time 41260 - 11:27:40)(time 41380 - 11:29:40) ->    11(time 41440 - 11:30:40)(time 41680 - 11:34:40) ->    12(time 41740 - 11:35:40)(time 41920 - 11:38:40) ->    13(time 41980 - 11:39:40)(time 42100 - 11:41:40) ->    14(time 42160 - 11:42:40)(time 42340 - 11:45:40) ->    15(time 42460 - 11:47:40)(time 42460 - 11:47:40) -> 31
Traceback (most recent call last):
  File "/home/renata/Train-Timetabling/script.py", line 17, in <module>
    with open(file_name, "r") as file:
FileNotFoundError: [Errno 2] No such file or directory: 'script-solution.txt'
