t3p18r2h4.txt:
   > Trying to open the instance file...
   > Reading number of trains...
   > Reading maximum number of trips per train...
   > Reading time intervals...
   > Reading number of points...
   > Reading stations...
   > Reading crossings...
   > Reading depots...
   > Reading initial point...
   > Reading routes...
   > Reading distance and distance and service...
   > Reading demands...
   > Reading maximum time...
   > Reading alpha...

--------------------------------
 Printing instance
--------------------------------
number of trains = 3
	max trips per trains: 4     4     4
number of intervals = 4
	(0,  11893)	(11894,  23786)	(23787,  35679)	(35680,  47572)
number of points = 18
	initial point: 0
	stations: 0     1     2     3     4     5     6     7     8    11    12    13    14    15    16    17
	crossings: 0     9    10    17
	depots: 0    17
number of vertices = 36
	total vertices: 0     1     2     3     4     5     6     7     8     9    10    11    12    13    14    15    16    17    18    19    20    21    22    23    24    25    26    27    28    29    30    31    32    33    34    35
	upper vertices: 0     1     2     3     4     5     6     7     8     9    10    11    12    13    14    15    16    17
	lower vertices: 18    19    20    21    22    23    24    25    26    27    28    29    30    31    32    33    34    35
	vertices of point #0: (0, 18)
	vertices of point #1: (1, 19)
	vertices of point #2: (2, 20)
	vertices of point #3: (3, 21)
	vertices of point #4: (4, 22)
	vertices of point #5: (5, 23)
	vertices of point #6: (6, 24)
	vertices of point #7: (7, 25)
	vertices of point #8: (8, 26)
	vertices of point #9: (9, 27)
	vertices of point #10: (10, 28)
	vertices of point #11: (11, 29)
	vertices of point #12: (12, 30)
	vertices of point #13: (13, 31)
	vertices of point #14: (14, 32)
	vertices of point #15: (15, 33)
	vertices of point #16: (16, 34)
	vertices of point #17: (17, 35)

arcs...
	total arcs: 
		arc #0: (0, 1)
		arc #1: (0, 18)
		arc #2: (18, 0)
		arc #3: (1, 2)
		arc #4: (19, 18)
		arc #5: (2, 3)
		arc #6: (20, 19)
		arc #7: (3, 4)
		arc #8: (21, 20)
		arc #9: (4, 5)
		arc #10: (22, 21)
		arc #11: (5, 6)
		arc #12: (23, 22)
		arc #13: (6, 7)
		arc #14: (24, 23)
		arc #15: (7, 8)
		arc #16: (25, 24)
		arc #17: (8, 9)
		arc #18: (26, 25)
		arc #19: (9, 10)
		arc #20: (27, 26)
		arc #21: (10, 11)
		arc #22: (28, 27)
		arc #23: (11, 12)
		arc #24: (29, 28)
		arc #25: (12, 13)
		arc #26: (30, 29)
		arc #27: (13, 14)
		arc #28: (31, 30)
		arc #29: (14, 15)
		arc #30: (32, 31)
		arc #31: (15, 16)
		arc #32: (33, 32)
		arc #33: (16, 17)
		arc #34: (34, 33)
		arc #35: (35, 34)
		arc #36: (17, 35)
		arc #37: (35, 17)

	reverse arcs: 
		arc #1: (0, 18)
		arc #2: (18, 0)
		arc #36: (17, 35)
		arc #37: (35, 17)


incompatible points...
	(0, 8, 27, (8, 9))	(27, 19, 0, (19, 18))	(9, 9, 28, (9, 10))	(28, 28, 9, (28, 27))	(10, 16, 35, (16, 17))	(35, 29, 10, (29, 28))

number of routes = 2
vertices of routes...
	route #0: 0     1     2     3     4     5     6     7     8     9    10    11    12    13    14    15    16    17    35    34    33    32    31    30    29    28    27    26    25    24    23    22    21    20    19    18     0
	route #1: 35    34    33    32    31    30    29    28    27    26    25    24    23    22    21    20    19    18     0     1     2     3     4     5     6     7     8     9    10    11    12    13    14    15    16    17    35
arcs of routes...
	route #0: 0     3     5     7     9    11    13    15    17    19    21    23    25    27    29    31    33    36    35    34    32    30    28    26    24    22    20    18    16    14    12    10     8     6     4     2
	route #1: 35    34    32    30    28    26    24    22    20    18    16    14    12    10     8     6     4     2     0     3     5     7     9    11    13    15    17    19    21    23    25    27    29    31    33    36

incompatible routes...
	(0, 1)    	(1, 0)

vertices that can be adjacent in consecutive trips...
	(0, 0)    	(35, 35)
non cyclical routes: 


routes of trip...
	routes that train #0 can complete at trip #0: 0
	routes that train #0 can complete at trip #1: 0       1
	routes that train #0 can complete at trip #2: 0       1
	routes that train #0 can complete at trip #3: 0       1

	routes that train #1 can complete at trip #0: 0
	routes that train #1 can complete at trip #1: 0       1
	routes that train #1 can complete at trip #2: 0       1
	routes that train #1 can complete at trip #3: 0       1

	routes that train #2 can complete at trip #0: 0
	routes that train #2 can complete at trip #1: 0       1
	routes that train #2 can complete at trip #2: 0       1
	routes that train #2 can complete at trip #3: 0       1

 cost...
	arc #0 [0][1]: 114
	arc #1 [0][18]: 0
	arc #2 [18][0]: 0
	arc #3 [1][2]: 117
	arc #4 [19][18]: 114
	arc #5 [2][3]: 124
	arc #6 [20][19]: 117
	arc #7 [3][4]: 134
	arc #8 [21][20]: 124
	arc #9 [4][5]: 131
	arc #10 [22][21]: 134
	arc #11 [5][6]: 130
	arc #12 [23][22]: 131
	arc #13 [6][7]: 112
	arc #14 [24][23]: 130
	arc #15 [7][8]: 133
	arc #16 [25][24]: 112
	arc #17 [8][9]: 122
	arc #18 [26][25]: 133
	arc #19 [9][10]: 120
	arc #20 [27][26]: 122
	arc #21 [10][11]: 130
	arc #22 [28][27]: 120
	arc #23 [11][12]: 117
	arc #24 [29][28]: 130
	arc #25 [12][13]: 137
	arc #26 [30][29]: 117
	arc #27 [13][14]: 132
	arc #28 [31][30]: 137
	arc #29 [14][15]: 118
	arc #30 [32][31]: 132
	arc #31 [15][16]: 124
	arc #32 [33][32]: 118
	arc #33 [16][17]: 130
	arc #34 [34][33]: 124
	arc #35 [35][34]: 130
	arc #36 [17][35]: 0
	arc #37 [35][17]: 0

cost with minimum service...
	arc #0 [0][1]: 219
	arc #1 [0][18]: 0
	arc #2 [18][0]: 0
	arc #3 [1][2]: 222
	arc #4 [19][18]: 222
	arc #5 [2][3]: 229
	arc #6 [20][19]: 222
	arc #7 [3][4]: 239
	arc #8 [21][20]: 229
	arc #9 [4][5]: 236
	arc #10 [22][21]: 239
	arc #11 [5][6]: 235
	arc #12 [23][22]: 236
	arc #13 [6][7]: 217
	arc #14 [24][23]: 235
	arc #15 [7][8]: 238
	arc #16 [25][24]: 217
	arc #17 [8][9]: 191
	arc #18 [26][25]: 238
	arc #19 [9][10]: 189
	arc #20 [27][26]: 227
	arc #21 [10][11]: 235
	arc #22 [28][27]: 189
	arc #23 [11][12]: 222
	arc #24 [29][28]: 199
	arc #25 [12][13]: 242
	arc #26 [30][29]: 222
	arc #27 [13][14]: 237
	arc #28 [31][30]: 242
	arc #29 [14][15]: 223
	arc #30 [32][31]: 237
	arc #31 [15][16]: 229
	arc #32 [33][32]: 223
	arc #33 [16][17]: 238
	arc #34 [34][33]: 229
	arc #35 [35][34]: 235
	arc #36 [17][35]: 0
	arc #37 [35][17]: 0

cost with maximum service...
	arc #0 [0][1]: 650
	arc #1 [0][18]: 536
	arc #2 [18][0]: 536
	arc #3 [1][2]: 653
	arc #4 [19][18]: 650
	arc #5 [2][3]: 660
	arc #6 [20][19]: 653
	arc #7 [3][4]: 670
	arc #8 [21][20]: 660
	arc #9 [4][5]: 667
	arc #10 [22][21]: 670
	arc #11 [5][6]: 666
	arc #12 [23][22]: 667
	arc #13 [6][7]: 648
	arc #14 [24][23]: 666
	arc #15 [7][8]: 669
	arc #16 [25][24]: 648
	arc #17 [8][9]: 658
	arc #18 [26][25]: 669
	arc #19 [9][10]: 656
	arc #20 [27][26]: 658
	arc #21 [10][11]: 666
	arc #22 [28][27]: 656
	arc #23 [11][12]: 653
	arc #24 [29][28]: 666
	arc #25 [12][13]: 673
	arc #26 [30][29]: 653
	arc #27 [13][14]: 668
	arc #28 [31][30]: 673
	arc #29 [14][15]: 654
	arc #30 [32][31]: 668
	arc #31 [15][16]: 660
	arc #32 [33][32]: 654
	arc #33 [16][17]: 666
	arc #34 [34][33]: 660
	arc #35 [35][34]: 666
	arc #36 [17][35]: 536
	arc #37 [35][17]: 536

demands...
	demands of vertex 0 at time interval: 2     2     2     2
	demands of vertex 1 at time interval: 2     2     2     2
	demands of vertex 2 at time interval: 2     2     2     2
	demands of vertex 3 at time interval: 2     2     2     2
	demands of vertex 4 at time interval: 2     2     2     2
	demands of vertex 5 at time interval: 2     2     2     2
	demands of vertex 6 at time interval: 2     2     2     2
	demands of vertex 7 at time interval: 2     2     2     2
	demands of vertex 8 at time interval: 2     2     2     2
	demands of vertex 9 at time interval: 0     0     0     0
	demands of vertex 10 at time interval: 0     0     0     0
	demands of vertex 11 at time interval: 2     2     2     2
	demands of vertex 12 at time interval: 2     2     2     2
	demands of vertex 13 at time interval: 2     2     2     2
	demands of vertex 14 at time interval: 2     2     2     2
	demands of vertex 15 at time interval: 2     2     2     2
	demands of vertex 16 at time interval: 2     2     2     2
	demands of vertex 17 at time interval: 0     0     0     0
	demands of vertex 18 at time interval: 0     0     0     0
	demands of vertex 19 at time interval: 2     2     2     2
	demands of vertex 20 at time interval: 2     2     2     2
	demands of vertex 21 at time interval: 2     2     2     2
	demands of vertex 22 at time interval: 2     2     2     2
	demands of vertex 23 at time interval: 2     2     2     2
	demands of vertex 24 at time interval: 2     2     2     2
	demands of vertex 25 at time interval: 2     2     2     2
	demands of vertex 26 at time interval: 2     2     2     2
	demands of vertex 27 at time interval: 0     0     0     0
	demands of vertex 28 at time interval: 0     0     0     0
	demands of vertex 29 at time interval: 2     2     2     2
	demands of vertex 30 at time interval: 2     2     2     2
	demands of vertex 31 at time interval: 2     2     2     2
	demands of vertex 32 at time interval: 2     2     2     2
	demands of vertex 33 at time interval: 2     2     2     2
	demands of vertex 34 at time interval: 2     2     2     2
	demands of vertex 35 at time interval: 2     2     2     2

maximum time = 47572
alpha = 47

>> Solving...
Version identifier: 20.1.0.0 | 2020-11-10 | 9bedb6d68
CPXPARAM_Threads                                 1
CPXPARAM_TimeLimit                               43200
Aggregator has done 756 substitutions...
Tried aggregator 6 times.
MIP Presolve eliminated 99019 rows and 13377 columns.
MIP Presolve modified 227427 coefficients.
Aggregator did 864 substitutions.
Reduced MIP has 294066 rows, 113341 columns, and 714520 nonzeros.
Reduced MIP has 112908 binaries, 0 generals, 0 SOSs, and 0 indicators.
Presolve time = 41.39 sec. (14147.05 ticks)
Probing fixed 360 vars, tightened 267 bounds.
Probing time = 27.62 sec. (5577.40 ticks)
Tried aggregator 1 time.
Detecting symmetries...
Elapsed time for symmetry detection = 50.27 sec. (10002.21 ticks)
Elapsed time for symmetry detection = 101.54 sec. (20004.43 ticks)
Elapsed time for symmetry detection = 150.98 sec. (30007.99 ticks)
Elapsed time for symmetry detection = 200.00 sec. (40012.38 ticks)
Elapsed time for symmetry detection = 249.26 sec. (50013.27 ticks)
Found 7.334857e+156210 symmetric permutations.
MIP Presolve eliminated 456 rows and 360 columns.
MIP Presolve modified 11127 coefficients.
Reduced MIP has 293610 rows, 112981 columns, and 712951 nonzeros.
Reduced MIP has 112548 binaries, 0 generals, 0 SOSs, and 0 indicators.
Presolve time = 284.59 sec. (57327.29 ticks)
Probing fixed 0 vars, tightened 56 bounds.
Probing time = 8.51 sec. (874.55 ticks)
Clique table members: 484138.
MIP emphasis: balance optimality and feasibility.
MIP search method: dynamic search.
Parallel mode: none, using 1 thread.
Root relaxation solution time = 676.76 sec. (104754.76 ticks)

        Nodes                                         Cuts/
   Node  Left     Objective  IInf  Best Integer    Best Bound    ItCnt     Gap

      0     0        0.0000 53028                      0.0000   128724         
      0     0       81.2275 53154                  Cuts: 6213   148969         
      0     0      741.5315 48433                  Cuts: 9482   169709         
      0     0      741.6357 48446                  Cuts: 6732   200815         
      0     0     1080.3791 50721                  Cuts: 6879   232855         
      0     0     1277.2603 53055                  Cuts: 7629   245281         

Repeating presolve.
Tried aggregator 1 time.
MIP Presolve eliminated 267600 rows and 107040 columns.
MIP Presolve modified 4224 coefficients.
Reduced MIP has 26010 rows, 5941 columns, and 70545 nonzeros.
Reduced MIP has 5508 binaries, 0 generals, 0 SOSs, and 0 indicators.
Presolve time = 1.63 sec. (771.29 ticks)
Probing fixed 0 vars, tightened 50 bounds.
Probing time = 0.41 sec. (215.71 ticks)
Tried aggregator 1 time.
Detecting symmetries...
MIP Presolve modified 2070 coefficients.
Reduced MIP has 26010 rows, 5941 columns, and 70545 nonzeros.
Reduced MIP has 5508 binaries, 0 generals, 0 SOSs, and 0 indicators.
Presolve time = 0.48 sec. (190.42 ticks)
Represolve time = 3.26 sec. (1237.38 ticks)
Probing fixed 0 vars, tightened 44 bounds.
Probing time = 0.41 sec. (205.87 ticks)
Clique table members: 41073.
MIP emphasis: balance optimality and feasibility.
MIP search method: dynamic search.
Parallel mode: none, using 1 thread.
Root relaxation solution time = 4.34 sec. (2075.60 ticks)

        Nodes                                         Cuts/
   Node  Left     Objective  IInf  Best Integer    Best Bound    ItCnt     Gap

      0     0     1277.2603  2748                   1277.2603   258559         
      0     0     1300.4157  2719                  Cuts: 2479   259247         
      0     0     1518.5332  2708                   Cuts: 989   260492         
      0     0     1554.0298  2665                   Cuts: 918   261498         
      0     0     1564.4015  2783                   Cuts: 693   262007         
      0     0     1564.4015  2765                   Cuts: 200   262164         
      0     0     1564.4015  2761                   Cuts: 300   262285         
      0     0     1564.4015  2663                   Cuts: 152   262413         
      0     0     1564.4015  2691                  Cuts: 1549   262679         
*     0+    0                        47506.0000     1564.4015            96.71%
      0     2     1564.4015  2630    47506.0000     1594.4084   262679   96.64%
Elapsed time = 4729.04 sec. (878938.52 ticks, tree = 0.01 MB, solutions = 1)
      1     3    23046.0000  1905    47506.0000     1594.4084   271547   96.64%
      2     4     1857.6060  2592    47506.0000     1864.2192   273425   96.08%
      3     5     2410.8260  2727    47506.0000     1911.8782   274514   95.98%
      4     6    23046.0000  2918    47506.0000     2643.1680   284358   94.44%
      5     7     3595.0243  2619    47506.0000     3649.5126   288120   92.32%
      6     8     6288.9380  2379    47506.0000     3649.5126   291260   92.32%
      7     9     8667.9938  2457    47506.0000     3649.5126   294502   92.32%
      8    10    41982.0000  1210    47506.0000     3649.5126   301871   92.32%
     10    10    41982.0000  1006    47506.0000     3649.5126   307150   92.32%
     97    89    41982.0000  1111    47506.0000     5933.0000   312033   87.51%
Elapsed time = 4760.62 sec. (893800.76 ticks, tree = 16.53 MB, solutions = 1)
    107    96    42153.0696   786    47506.0000     5933.0000   314216   87.51%
    116    99    23046.0000  2355    47506.0000     9199.4915   320984   80.64%
    120   103    41982.0000   549    47506.0000     9199.4915   323441   80.64%
    129   112    41982.0000  1546    47506.0000     9199.4915   326086   80.64%
    132   115    41982.0000   444    47506.0000     9199.4915   326602   80.64%
    180   163    41982.0000   408    47506.0000     9199.4915   328226   80.64%
    192   171    11266.7439  2528    47506.0000    12262.0746   332380   74.19%
    195   174    28092.5975  2143    47506.0000    17764.8593   338093   62.61%
    210   187    43143.0000   304    47506.0000    17764.8593   340634   62.61%
    214   187    41982.0000  1166    47506.0000    17980.4999   354672   62.15%
Elapsed time = 4802.83 sec. (912474.19 ticks, tree = 19.69 MB, solutions = 1)
    215   188    41982.0000  1039    47506.0000    17980.4999   356281   62.15%
    216   189    41982.0000   705    47506.0000    17980.4999   356680   62.15%
    217   190    43362.0000   576    47506.0000    17980.4999   356887   62.15%
    218   191    43362.0000   227    47506.0000    17980.4999   356968   62.15%
    220   193    43362.0000   148    47506.0000    17980.4999   357007   62.15%
    232   199    41982.0000  1200    47506.0000    19559.8366   362083   58.83%
    240   207    41982.0000   926    47506.0000    19559.8366   363884   58.83%
    340   279    41982.0000   786    47506.0000    19559.8366   364955   58.83%
    413   338    41982.0000  1145    47506.0000    23046.0000   368401   51.49%
    420   345    43143.0000   274    47506.0000    23046.0000   369281   51.49%
Elapsed time = 4847.22 sec. (928932.73 ticks, tree = 52.27 MB, solutions = 1)
    437   359    23151.0000  1472    47506.0000    23046.0000   371340   51.49%

Performing restart 1

Repeating presolve.
Tried aggregator 1 time.
MIP Presolve modified 3474 coefficients.
Reduced MIP has 26010 rows, 5941 columns, and 70545 nonzeros.
Reduced MIP has 5508 binaries, 0 generals, 0 SOSs, and 0 indicators.
Presolve time = 0.32 sec. (189.37 ticks)
Tried aggregator 1 time.
MIP Presolve modified 8175 coefficients.
Reduced MIP has 26010 rows, 5941 columns, and 70545 nonzeros.
Reduced MIP has 5508 binaries, 0 generals, 0 SOSs, and 0 indicators.
Presolve time = 0.52 sec. (219.41 ticks)
Represolve time = 6.77 sec. (3041.77 ticks)
    470     0     1634.2899  2598    47506.0000    Cuts: 4661   397585   51.49%
    470     0     1672.5220  2624    47506.0000    Cuts: 2942   398496   51.49%
    470     0     1672.5220  2545    47506.0000     Cuts: 738   398800   51.49%
    470     0     2239.2287  2882    47506.0000    Cuts: 2920   400752   51.49%
    470     0     3166.1880  2646    47506.0000    Cuts: 1875   401463   51.49%
    470     0     3169.5455  2755    47506.0000    Cuts: 1849   401859   51.49%
    470     0     3175.4210  2774    47506.0000     Cuts: 741   402335   51.49%
*   470+    0                        47384.0000    23046.0000            51.36%
*   470+    0                        47277.0000    23046.0000            51.25%
    470     2     3175.4210  2688    47277.0000    23046.0000   402335   51.25%
    474     6    41982.0000  2373    47277.0000    23046.0000   414217   51.25%
    476     8    15364.0000  2693    47277.0000    23046.0000   422858   51.25%
    481    13     7682.0000  2527    47277.0000    23046.0000   430782   51.25%
    482    14    26462.0000  1680    47277.0000    23046.0000   441893   51.25%
    483    15    15364.0000  2313    47277.0000    23046.0000   452798   51.25%
    486    18    28382.5478  1624    47277.0000    23046.0000   460272   51.25%
    487    19    15364.0000  2184    47277.0000    23046.0000   471407   51.25%
    490    22    17436.1517  2242    47277.0000    23046.0000   478637   51.25%
Elapsed time = 4983.82 sec. (995109.00 ticks, tree = 0.12 MB, solutions = 3)
    504    33    42921.0000   820    47277.0000    23046.0000   482537   51.25%
    506    33    41982.0000  1525    47277.0000    23046.0000   487500   51.25%
    519    38     7682.0000  2366    47277.0000    23046.0000   495513   51.25%
    521    40    23151.0000  2113    47277.0000    23046.0000   504513   51.25%
    538    52    43575.0000   282    47277.0000    23046.0000   507083   51.25%
    558    65    39521.0000  1733    47277.0000    23046.0000   516159   51.25%
    560    67    39521.0000  1109    47277.0000    23046.0000   520144   51.25%
    588    86    43470.0000    20    47277.0000    23046.0000   521756   51.25%
    598    92    41982.0000  1189    47277.0000    23046.0000   528592   51.25%
    602    94    41982.0000   491    47277.0000    23046.0000   531114   51.25%
Elapsed time = 5011.89 sec. (1007462.27 ticks, tree = 1.95 MB, solutions = 3)
    606    94    41982.0000  1516    47277.0000    23046.0000   538434   51.25%
    610    98    41982.0000   806    47277.0000    23046.0000   539558   51.25%
    615   102    42921.0000   674    47277.0000    23046.0000   544530   51.25%
    636   113    17589.1228  2055    47277.0000    23046.0000   551585   51.25%
    639   115    43362.0000  1239    47277.0000    23046.0000   556296   51.25%
    640   116    43362.0000  1163    47277.0000    23046.0000   556667   51.25%
    642   118    43362.0000   172    47277.0000    23046.0000   557060   51.25%
    647   123    43362.0000   128    47277.0000    23046.0000   557094   51.25%
*   650+   96                        43470.0000    23046.0000            46.98%
    652    96        cutoff          43470.0000    23046.0000   558595   46.98%
    653    97    38355.0000  1939    43470.0000    23046.0000   567802   46.98%
Elapsed time = 5094.90 sec. (1039943.02 ticks, tree = 3.35 MB, solutions = 4)
    655    95    infeasible          43470.0000    23046.0000   574581   46.98%
    656    96    26787.0000  1761    43470.0000    23046.0000   578469   46.98%
    657    97    26787.0000  1759    43470.0000    23046.0000   578552   46.98%
    658    98    26787.0000  1505    43470.0000    23046.0000   578885   46.98%
    659    99    41982.0000  1009    43470.0000    23046.0000   579843   46.98%
    660   100    41982.0000   735    43470.0000    23046.0000   580069   46.98%
    661   101    41982.0000   693    43470.0000    23046.0000   580128   46.98%
    662   102    41982.0000   687    43470.0000    23046.0000   580135   46.98%
    663   103    41982.0000   580    43470.0000    23046.0000   580160   46.98%
    665   103    41982.0000   558    43470.0000    23046.0000   580265   46.98%
Elapsed time = 5145.34 sec. (1072674.48 ticks, tree = 3.40 MB, solutions = 4)
    666   104    41982.0000   532    43470.0000    23046.0000   580287   46.98%
    667   105    41982.0000   538    43470.0000    23046.0000   580314   46.98%
    673   109    43362.0000   362    43470.0000    23046.0000   580671   46.98%
    685   117    15364.0000  2238    43470.0000    23046.0000   581256   46.98%
    687   116        cutoff          43470.0000    23046.0000   585167   46.98%
    688   117    15364.0000  2210    43470.0000    23046.0000   585403   46.98%
    691   120    20272.3807  2192    43470.0000    23046.0000   591988   46.98%
    700   123        cutoff          43470.0000    23046.0000   594438   46.98%
    703   124    23046.0000  2026    43470.0000    23046.0000   603729   46.98%
    749   157    15364.0000  2466    43470.0000    23046.0000   610644   46.98%
Elapsed time = 5168.07 sec. (1093864.61 ticks, tree = 3.95 MB, solutions = 4)
    750   158    15364.0000  2447    43470.0000    23046.0000   614286   46.98%
    777   183    35959.0000   117    43470.0000    23046.0000   620279   46.98%
    790   188    30620.0000  1209    43470.0000    23046.0000   624003   46.98%
    821   210    15364.0000  2761    43470.0000    23046.0000   631264   46.98%
    822   211    15364.0000  2395    43470.0000    23046.0000   636159   46.98%
    824   211        cutoff          43470.0000    23046.0000   643424   46.98%
    829   216    27036.0000  1416    43470.0000    23046.0000   651788   46.98%
    868   246    15364.0000  2452    43470.0000    23046.0000   655996   46.98%
    878   254    32046.0000   862    43470.0000    23046.0000   661004   46.98%
    912   284    30560.0000  1621    43470.0000    23046.0000   666514   46.98%
Elapsed time = 5209.20 sec. (1113706.45 ticks, tree = 5.19 MB, solutions = 4)
    913   285    30560.0000  1618    43470.0000    23046.0000   668680   46.98%
    929   297    43362.0000   599    43470.0000    23046.0000   675971   46.98%
    950   308    23046.0000  1635    43470.0000    23046.0000   682865   46.98%
    959   313    15364.0000  2796    43470.0000    23046.0000   687397   46.98%
    966   320    32958.0000  1484    43470.0000    23046.0000   695946   46.98%
    986   337    15364.0000  2412    43470.0000    23046.0000   696940   46.98%
   1001   343    23115.0000  1786    43470.0000    23046.0000   706885   46.98%
   1017   355    43362.0000   168    43470.0000    23046.0000   713170   46.98%
   1034   357    23203.0000  2509    43470.0000    23046.0000   720866   46.98%
   1035   358    23203.0000  2363    43470.0000    23046.0000   721423   46.98%
Elapsed time = 5270.02 sec. (1136210.10 ticks, tree = 5.85 MB, solutions = 4)
   1107   396    42884.0000  1045    43470.0000    23046.0000   747124   46.98%
   1194   443    34349.2641   658    43470.0000    23046.0000   772857   46.98%
   1228   447    41982.0000  1816    43470.0000    23046.0000   791842   46.98%
   1257   458    23046.0000  1422    43470.0000    23046.0000   802880   46.98%
   1365   535    29873.7404  1033    43470.0000    23046.0000   823169   46.98%
   1430   587    25558.0000  1498    43470.0000    23046.0000   829615   46.98%
   1549   671    43362.0000   163    43470.0000    23046.0000   843398   46.98%
   1588   695    28719.0000   597    43470.0000    23046.0000   852679   46.98%
   1691   769    43362.0000   448    43470.0000    23046.0000   867827   46.98%
   1757   819    33190.0000   230    43470.0000    23046.0000   876511   46.98%
Elapsed time = 5432.39 sec. (1189926.25 ticks, tree = 10.21 MB, solutions = 4)
   1801   843    23046.0000  2681    43470.0000    23046.0000   886364   46.98%
   1802   844    23046.0000  2155    43470.0000    23046.0000   890619   46.98%
   1897   911    26862.9976  2181    43470.0000    23151.0000   911366   46.74%
   1898   912    31247.0000   538    43470.0000    23151.0000   913628   46.74%
   1978   975    43362.0000   578    43470.0000    23203.0000   926505   46.62%
   2043  1007    31115.0000   542    43470.0000    24242.0000   940408   44.23%
   2081  1028    28552.0000   800    43470.0000    24242.0000   950771   44.23%
   2213  1106    28552.0000   754    43470.0000    25434.0000   969116   41.49%
   2310  1179    31691.0000   498    43470.0000    25477.5120   977448   41.39%
   2413  1260    33196.0000   400    43470.0000    25656.0000   985536   40.98%
Elapsed time = 5574.57 sec. (1237827.18 ticks, tree = 14.19 MB, solutions = 4)
   2649  1460    36582.0000   128    43470.0000    25656.0000   997450   40.98%
   2740  1529    32189.0000   522    43470.0000    25656.0000  1006292   40.98%
   2853  1623    31691.0000   506    43470.0000    25656.0000  1014545   40.98%
   2939  1686    31087.0818   677    43470.0000    25656.0000  1022308   40.98%
   3083  1795    31691.0000   505    43470.0000    25656.0000  1033181   40.98%
   3179  1875    27036.0000  1010    43470.0000    26337.8658  1038804   39.41%
   3279  1929    26595.0000  1086    43470.0000    26595.0000  1057154   38.82%
   3357  1984    31846.0000   551    43470.0000    26787.0000  1066091   38.38%
   3444  2047    29016.0000   646    43470.0000    26787.0000  1075111   38.38%
   3641  2191    31691.0000   332    43470.0000    27036.0000  1085389   37.81%
Elapsed time = 5703.91 sec. (1283808.61 ticks, tree = 23.48 MB, solutions = 4)
   3760  2277    29975.0000   438    43470.0000    27068.0000  1091588   37.73%
*  3910+ 1842                        39784.0000    27068.0000            31.96%
   3923  1857    30514.0000   344    39784.0000    27068.0000  1096297   31.96%
*  4010+ 1242                        35183.0000    27068.0000            23.07%
   4010  1244    32056.0000   442    35183.0000    27068.0000  1098505   23.07%
   4127  1326    32958.0000   346    35183.0000    27172.0000  1103374   22.77%
   4260  1435    34054.0000   194    35183.0000    27172.0000  1111831   22.77%
   4393  1548    34639.0000   104    35183.0000    27172.0000  1117535   22.77%
   4506  1638    34961.0000   126    35183.0000    27172.0000  1123741   22.77%
   4589  1692    29689.0000   622    35183.0000    27172.0000  1127668   22.77%
*  4590+ 1675                        35069.0000    27172.0000            22.52%
*  4690+ 1171                        34225.0000    27172.0000            20.61%
*  4690+ 1091                        34138.0000    27172.0000            20.41%
   4690  1090    34138.0000     0    34138.0000    27172.0000  1132651   20.41%
   4760  1137    27172.0000   831    34138.0000    27172.0000  1139334   20.41%
Elapsed time = 5804.11 sec. (1326742.01 ticks, tree = 10.89 MB, solutions = 9)
*  4780+ 1133                        34105.0000    27172.0000            20.33%
*  4810+ 1105                        34024.0000    27172.0000            20.14%
   4837  1118    infeasible          34024.0000    27172.0000  1148898   20.14%
   4905  1154    29972.0000   828    34024.0000    27172.0000  1155742   20.14%
*  4910+ 1022                        33888.0000    27172.0000            19.82%
*  4910+  980                        33825.0000    27172.0000            19.67%
   4962  1018    31951.0000   510    33825.0000    27172.0000  1161514   19.67%
   5070  1100    31738.0000   518    33825.0000    27172.0000  1168762   19.67%
   5210  1205    27172.0000   933    33825.0000    27172.0000  1174511   19.67%
   5230  1225    31901.0000   249    33825.0000    27172.0000  1177003   19.67%
*  5263  1163      integral     0    33636.0000    27172.0000  1177533   19.22%
   5418  1288    33409.0000   298    33636.0000    27280.0000  1185542   18.90%
*  5470+  442                        31571.0000    27280.0000            13.59%
   5493   455        cutoff          31571.0000    27280.0000  1190068   13.59%
   5630   492    29974.0000   406    31571.0000    27835.0000  1194216   11.83%
   5704   526    31022.0000   228    31571.0000    28111.0000  1199799   10.96%
Elapsed time = 5894.31 sec. (1365894.87 ticks, tree = 4.85 MB, solutions = 15)
*  5820+  551                        31463.0000    28167.0000            10.48%
   5830   559    29631.0000   204    31463.0000    28167.0000  1207174   10.48%
   5940   589    30914.0000   300    31463.0000    28251.0000  1211852   10.21%
   6068   602    30911.0000   284    31463.0000    28251.0000  1217490   10.21%
   6170   612    29737.0000   471    31463.0000    28489.0000  1221138    9.45%
   6283   633    31247.0000   308    31463.0000    28552.0000  1230201    9.25%
   6370   646    31247.2746   342    31463.0000    28552.0000  1239364    9.25%
   6507   655    31247.0000   272    31463.0000    28660.0000  1249450    8.91%
   6709   686    31136.0000   340    31463.0000    29190.0000  1257050    7.22%
   6864   731        cutoff          31463.0000    29295.0000  1262982    6.89%
   7050   810    infeasible          31463.0000    29428.0000  1268438    6.47%
Elapsed time = 6041.24 sec. (1406254.25 ticks, tree = 7.70 MB, solutions = 16)
   7185   867        cutoff          31463.0000    29428.0000  1275791    6.47%
   7324   925        cutoff          31463.0000    29428.0000  1282027    6.47%
   7462   971    infeasible          31463.0000    29631.0000  1289106    5.82%
   7592   953    30911.0000   362    31463.0000    29867.0000  1296193    5.07%
   7740   999    31223.0000   306    31463.0000    29867.0000  1303940    5.07%
   7830  1021    31247.0000   568    31463.0000    29869.0000  1311610    5.07%
   7991  1024    31136.0000   310    31463.0000    29975.0000  1319605    4.73%
   8165   952    30935.0000   356    31463.0000    30725.0000  1325076    2.35%
   8342  1016    30911.0000   392    31463.0000    30806.0000  1331801    2.09%
   8522  1060    31457.0000   208    31463.0000    30806.0000  1337926    2.09%
Elapsed time = 6177.83 sec. (1444683.82 ticks, tree = 10.26 MB, solutions = 16)
   8696  1118    31136.0000   371    31463.0000    30806.0000  1343392    2.09%
   8890  1171    31028.0000   170    31463.0000    30806.0000  1348070    2.09%
   9050  1221    30914.0000   426    31463.0000    30806.0000  1352357    2.09%
   9237  1312    30806.0000   407    31463.0000    30806.0000  1356972    2.09%
   9406  1369    infeasible          31463.0000    30806.0000  1361909    2.09%
   9579  1438    31202.0000   205    31463.0000    30806.0000  1366771    2.09%
   9743  1506        cutoff          31463.0000    30806.0000  1370741    2.09%
   9915  1538    infeasible          31463.0000    30908.0000  1374389    1.76%
  10112  1609    31217.0000   333    31463.0000    30908.0000  1378618    1.76%
  10282  1655    31016.0000   212    31463.0000    30911.0000  1383926    1.75%
Elapsed time = 6324.55 sec. (1483340.04 ticks, tree = 15.89 MB, solutions = 16)
  10479  1686    30911.0000   258    31463.0000    30911.0000  1389332    1.75%
  10651  1704    31238.0000   197    31463.0000    30911.0000  1393743    1.75%
  10860  1723    31238.0000   168    31463.0000    30911.0000  1399627    1.75%
  11063  1724    infeasible          31463.0000    30911.0000  1404737    1.75%
  11273  1730        cutoff          31463.0000    30911.0000  1409685    1.75%
  11481  1751        cutoff          31463.0000    30911.0000  1414036    1.75%
  11665  1773    30911.0000   382    31463.0000    30911.0000  1418854    1.75%
  11873  1809        cutoff          31463.0000    30911.0000  1424555    1.75%
  12064  1848        cutoff          31463.0000    30911.0000  1428499    1.75%
  12263  1904    31241.0000   299    31463.0000    30911.0000  1433422    1.75%
Elapsed time = 6456.47 sec. (1522192.61 ticks, tree = 18.28 MB, solutions = 16)
  12473  1899    infeasible          31463.0000    30914.0000  1438683    1.74%
  12718  1940        cutoff          31463.0000    30914.0000  1444435    1.74%
  12915  1955    infeasible          31463.0000    30914.0000  1450639    1.74%
  13117  2009    31241.0000   240    31463.0000    30914.0000  1454874    1.74%
  13350  2066    infeasible          31463.0000    30914.0000  1459356    1.74%
  13566  2110    31460.0000   167    31463.0000    30914.0000  1463426    1.74%
  13768  2155    30914.0000   402    31463.0000    30914.0000  1467692    1.74%
  13935  2188    infeasible          31463.0000    30914.0000  1471961    1.74%
  14100  2245    30914.0000   434    31463.0000    30914.0000  1476030    1.74%
  14372  2226        cutoff          31463.0000    31016.0000  1480535    1.42%
Elapsed time = 6528.97 sec. (1562554.89 ticks, tree = 21.39 MB, solutions = 16)
  14603  2223    31238.0000   244    31463.0000    31016.0000  1484340    1.42%
  14848  2187    infeasible          31463.0000    31019.0000  1488380    1.41%
  15082  2202        cutoff          31463.0000    31019.0000  1492986    1.41%
  15305  2216        cutoff          31463.0000    31019.0000  1496981    1.41%
  15535  2221    infeasible          31463.0000    31028.0000  1501254    1.38%
  15750  2231        cutoff          31463.0000    31028.0000  1505029    1.38%
  15939  2284    infeasible          31463.0000    31028.0000  1509004    1.38%
  16170  2356    31355.0000   178    31463.0000    31028.0000  1513643    1.38%
  16333  2411        cutoff          31463.0000    31028.0000  1517541    1.38%
  16517  2481    31028.0000   358    31463.0000    31028.0000  1521818    1.38%
Elapsed time = 6678.18 sec. (1602608.38 ticks, tree = 23.86 MB, solutions = 16)
  16766  2565    31238.0000   251    31463.0000    31028.0000  1527719    1.38%
  16950  2642    31238.0000   274    31463.0000    31028.0000  1530722    1.38%
  17153  2673    31217.0000   218    31463.0000    31115.0000  1535057    1.11%
  17378  2682    31133.0000   327    31463.0000    31130.0000  1537830    1.06%
  17610  2736    31238.0000   172    31463.0000    31130.0000  1540708    1.06%
  17801  2805    infeasible          31463.0000    31130.0000  1544129    1.06%
  18014  2853    31238.0000   233    31463.0000    31133.0000  1548612    1.05%
  18176  2872    31238.0000   252    31463.0000    31133.0000  1553253    1.05%
  18420  2916    31235.0000   190    31463.0000    31133.0000  1557686    1.05%
  18652  2933    31238.0000   236    31463.0000    31133.0000  1560994    1.05%
Elapsed time = 6817.35 sec. (1641382.83 ticks, tree = 28.22 MB, solutions = 16)
  18887  2976    infeasible          31463.0000    31133.0000  1564168    1.05%
  19115  3019    31133.0000   278    31463.0000    31133.0000  1567637    1.05%
  19314  3028    infeasible          31463.0000    31133.0000  1571193    1.05%
  19512  3056    infeasible          31463.0000    31133.0000  1576131    1.05%
  19746  3073    infeasible          31463.0000    31133.0000  1580570    1.05%
  19946  3091    infeasible          31463.0000    31133.0000  1583662    1.05%
  20201  3141        cutoff          31463.0000    31133.0000  1587709    1.05%
  20494  3175    infeasible          31463.0000    31133.0000  1591644    1.05%
  20726  3203    31238.0000   136    31463.0000    31133.0000  1595077    1.05%
  20951  3241    infeasible          31463.0000    31133.0000  1598240    1.05%
Elapsed time = 6964.54 sec. (1681458.51 ticks, tree = 31.25 MB, solutions = 16)
  21194  3274        cutoff          31463.0000    31133.0000  1602995    1.05%
  21408  3315    31133.0000   270    31463.0000    31133.0000  1606585    1.05%
  21658  3340    infeasible          31463.0000    31133.0000  1610111    1.05%
  21892  3352    31133.0000   282    31463.0000    31133.0000  1613869    1.05%
  22109  3386    31133.0000   268    31463.0000    31133.0000  1617633    1.05%
  22341  3417    infeasible          31463.0000    31133.0000  1621630    1.05%
  22572  3430    31133.0000   230    31463.0000    31133.0000  1624778    1.05%
  22758  3424        cutoff          31463.0000    31133.0000  1628138    1.05%
  23020  3423    31238.0000   240    31463.0000    31133.0000  1632203    1.05%
  23229  3435        cutoff          31463.0000    31133.0000  1636054    1.05%
Elapsed time = 7111.84 sec. (1720187.96 ticks, tree = 33.21 MB, solutions = 16)
  23460  3464    infeasible          31463.0000    31133.0000  1639504    1.05%
  23746  3406        cutoff          31463.0000    31136.0000  1643831    1.04%
  23965  3390    31241.0000   316    31463.0000    31136.0000  1649000    1.04%
  24164  3382    31241.0000   217    31463.0000    31136.0000  1652671    1.04%
  24400  3382    infeasible          31463.0000    31136.0000  1657436    1.04%
  24629  3390        cutoff          31463.0000    31136.0000  1659958    1.04%
  24858  3421    31241.0000   320    31463.0000    31136.0000  1663153    1.04%
  25062  3461        cutoff          31463.0000    31136.0000  1666105    1.04%
  25294  3506    31241.0000   274    31463.0000    31159.0000  1668998    0.97%
  25564  3463        cutoff          31463.0000    31217.0000  1671573    0.78%
Elapsed time = 7179.58 sec. (1759634.42 ticks, tree = 33.55 MB, solutions = 16)
  25771  3442    31220.0000   191    31463.0000    31220.0000  1675150    0.77%
  26025  3381    31220.0000   201    31463.0000    31220.0000  1678497    0.77%
  26266  3344    31223.0000   302    31463.0000    31223.0000  1681571    0.76%
  26564  3294        cutoff          31463.0000    31235.0000  1684542    0.72%
  26819  3315        cutoff          31463.0000    31235.0000  1687224    0.72%
  27097  3288    31238.0000   178    31463.0000    31235.0000  1690691    0.72%
  27358  3261    infeasible          31463.0000    31235.0000  1693435    0.72%
  27660  3227    31235.0000   174    31463.0000    31235.0000  1696231    0.72%
  27931  3212    31235.0000   212    31463.0000    31235.0000  1698815    0.72%
  28251  3142    31235.0000   154    31463.0000    31235.0000  1701837    0.72%
Elapsed time = 7323.13 sec. (1798860.47 ticks, tree = 30.45 MB, solutions = 16)
  28554  3028    31238.0000   318    31463.0000    31238.0000  1704558    0.72%
  28795  2992    31238.0000   168    31463.0000    31238.0000  1707420    0.72%
  29069  2877    31238.0000   252    31463.0000    31238.0000  1710499    0.72%
  29381  2767        cutoff          31463.0000    31238.0000  1713578    0.72%
  29633  2733    infeasible          31463.0000    31238.0000  1717282    0.72%
  29912  2671    31238.0000   238    31463.0000    31238.0000  1720668    0.72%
  30167  2590    31238.0000   178    31463.0000    31238.0000  1725591    0.72%
  30399  2548    infeasible          31463.0000    31238.0000  1728407    0.72%
  30650  2541    31238.0000   169    31463.0000    31238.0000  1732718    0.72%
  30908  2470    31238.0000   162    31463.0000    31238.0000  1736097    0.72%
Elapsed time = 7469.81 sec. (1837850.39 ticks, tree = 23.93 MB, solutions = 16)
  31213  2404    31238.0000   246    31463.0000    31238.0000  1739357    0.72%
  31472  2372    31238.0000   140    31463.0000    31238.0000  1742212    0.72%
  31765  2304    31238.0000   260    31463.0000    31238.0000  1745084    0.72%
  32032  2276    31241.0000   208    31463.0000    31238.0000  1747202    0.72%
  32303  2253    31238.0000   136    31463.0000    31238.0000  1750188    0.72%
  32519  2224        cutoff          31463.0000    31238.0000  1754333    0.72%
  32790  2178    31238.0000   246    31463.0000    31238.0000  1757437    0.72%
  33017  2150    31238.0000   244    31463.0000    31238.0000  1761134    0.72%
  33260  2129    31238.0000   207    31463.0000    31238.0000  1763763    0.72%
  33496  2081    31238.0000   340    31463.0000    31238.0000  1766373    0.72%
Elapsed time = 7607.34 sec. (1876192.32 ticks, tree = 20.19 MB, solutions = 16)
  33744  2066    31241.0000   122    31463.0000    31238.0000  1769568    0.72%
  33997  2029        cutoff          31463.0000    31238.0000  1772411    0.72%
  34270  2006    infeasible          31463.0000    31238.0000  1775505    0.72%
  34508  1952    infeasible          31463.0000    31238.0000  1778203    0.72%
  34780  1935        cutoff          31463.0000    31238.0000  1780496    0.72%
  35070  1889    31241.0000   218    31463.0000    31238.0000  1783589    0.72%
  35323  1861    infeasible          31463.0000    31238.0000  1786291    0.72%
  35636  1762    31238.0000   236    31463.0000    31238.0000  1789506    0.72%
  35907  1716    31238.0000   228    31463.0000    31238.0000  1791414    0.72%
  36203  1629    31238.0000   374    31463.0000    31238.0000  1794779    0.72%
Elapsed time = 7753.56 sec. (1914890.14 ticks, tree = 15.85 MB, solutions = 16)
  36475  1555    infeasible          31463.0000    31241.0000  1797417    0.71%
  36773  1457        cutoff          31463.0000    31241.0000  1801902    0.71%
  37088  1357    infeasible          31463.0000    31241.0000  1805391    0.71%
  37424  1247        cutoff          31463.0000    31241.0000  1809140    0.71%
  37780  1187    infeasible          31463.0000    31241.0000  1812256    0.71%
  38078  1094    31241.0000   228    31463.0000    31241.0000  1814881    0.71%
  38366  1045    infeasible          31463.0000    31241.0000  1817644    0.71%
  38695   968    31241.0000   328    31463.0000    31241.0000  1820722    0.71%
  38978   879    31241.0000   222    31463.0000    31241.0000  1824061    0.71%
  39257   820    infeasible          31463.0000    31241.0000  1826481    0.71%
Elapsed time = 7841.04 sec. (1954719.18 ticks, tree = 8.05 MB, solutions = 16)
  39556   804    31241.0000   326    31463.0000    31241.0000  1828879    0.71%
  39874   728    31241.0000   276    31463.0000    31241.0000  1831899    0.71%
  40157   678    31241.0000   326    31463.0000    31241.0000  1834734    0.71%
  40474   587        cutoff          31463.0000    31241.0000  1837768    0.71%
  40806   540    infeasible          31463.0000    31241.0000  1840472    0.71%
  41037   437        cutoff          31463.0000    31247.0000  1848636    0.69%
  41215   410    31355.0000   226    31463.0000    31247.0000  1858392    0.69%
  41374   401        cutoff          31463.0000    31247.0000  1865651    0.69%
  41553   388    31247.0000   258    31463.0000    31247.0000  1875588    0.69%
  41769   381    31247.0000   384    31463.0000    31247.0000  1884739    0.69%
Elapsed time = 7988.98 sec. (1994278.55 ticks, tree = 3.88 MB, solutions = 16)
  41967   318    31340.0000   162    31463.0000    31340.0000  1891642    0.39%
  42225   191        cutoff          31463.0000    31355.0000  1899555    0.34%
  42442   112        cutoff          31463.0000    31355.0000  1909878    0.34%

GUB cover cuts applied:  9
Clique cuts applied:  472
Cover cuts applied:  217
Implied bound cuts applied:  104
Flow cuts applied:  257
Mixed integer rounding cuts applied:  330
Lift and project cuts applied:  1
Gomory fractional cuts applied:  1

Root node processing (before b&c):
  Real time             = 4728.84 sec. (878769.32 ticks)
Sequential b&c:
  Real time             = 3316.02 sec. (1129267.71 ticks)
                          ------------
Total (root+branch&cut) = 8044.86 sec. (2008037.03 ticks)
Optimal

>> Printing some results...
    -> Solution value = 31462 - 08:44:22
    -> Total time = 8044.86
    -> Gap value = 0.00

=============
Train 0
=============
> Trip 0
   0(time 4430 - 01:13:50)(time 4544 - 01:15:44) ->    1(time 4649 - 01:17:29)(time 4766 - 01:19:26) ->    2(time 4871 - 01:21:11)(time 4995 - 01:23:15) ->    3(time 5100 - 01:25:00)(time 5234 - 01:27:14) ->    4(time 5339 - 01:28:59)(time 5470 - 01:31:10) ->    5(time 5575 - 01:32:55)(time 5705 - 01:35:05) ->    6(time 5813 - 01:36:53)(time 5925 - 01:38:45) ->    7(time 6030 - 01:40:30)(time 6163 - 01:42:43) ->    8(time 6268 - 01:44:28)(time 6390 - 01:46:30) ->    9(time 6459 - 01:47:39)(time 6579 - 01:49:39) ->    10(time 6648 - 01:50:48)(time 6778 - 01:52:58) ->    11(time 6883 - 01:54:43)(time 7000 - 01:56:40) ->    12(time 7105 - 01:58:25)(time 7242 - 02:00:42) ->    13(time 7347 - 02:02:27)(time 7479 - 02:04:39) ->    14(time 7584 - 02:06:24)(time 7702 - 02:08:22) ->    15(time 7807 - 02:10:07)(time 7931 - 02:12:11) ->    16(time 8036 - 02:13:56)(time 8166 - 02:16:06) ->    17(time 8274 - 02:17:54)(time 8274 - 02:17:54) ->    35(time 8274 - 02:17:54)(time 8404 - 02:20:04) ->    34(time 8509 - 02:21:49)(time 8633 - 02:23:53) ->    33(time 8738 - 02:25:38)(time 8856 - 02:27:36) ->    32(time 8961 - 02:29:21)(time 9093 - 02:31:33) ->    31(time 9198 - 02:33:18)(time 9335 - 02:35:35) ->    30(time 9440 - 02:37:20)(time 9557 - 02:39:17) ->    29(time 9662 - 02:41:02)(time 9792 - 02:43:12) ->    28(time 9861 - 02:44:21)(time 9981 - 02:46:21) ->    27(time 10050 - 02:47:30)(time 10172 - 02:49:32) ->    26(time 10277 - 02:51:17)(time 10410 - 02:53:30) ->    25(time 10515 - 02:55:15)(time 10627 - 02:57:07) ->    24(time 10732 - 02:58:52)(time 10862 - 03:01:02) ->    23(time 10967 - 03:02:47)(time 11098 - 03:04:58) ->    22(time 11203 - 03:06:43)(time 11337 - 03:08:57) ->    21(time 11442 - 03:10:42)(time 11566 - 03:12:46) ->    20(time 11671 - 03:14:31)(time 11788 - 03:16:28) ->    19(time 11893 - 03:18:13)(time 12007 - 03:20:07) ->    18(time 12115 - 03:21:55)(time 12115 - 03:21:55) -> 0
> Trip 1
   0(time 12155 - 03:22:35)(time 12269 - 03:24:29) ->    1(time 12374 - 03:26:14)(time 12491 - 03:28:11) ->    2(time 12596 - 03:29:56)(time 12720 - 03:32:00) ->    3(time 12825 - 03:33:45)(time 12959 - 03:35:59) ->    4(time 13064 - 03:37:44)(time 13195 - 03:39:55) ->    5(time 13300 - 03:41:40)(time 13430 - 03:43:50) ->    6(time 13535 - 03:45:35)(time 13647 - 03:47:27) ->    7(time 13752 - 03:49:12)(time 13885 - 03:51:25) ->    8(time 13990 - 03:53:10)(time 14112 - 03:55:12) ->    9(time 14181 - 03:56:21)(time 14301 - 03:58:21) ->    10(time 14370 - 03:59:30)(time 14500 - 04:01:40) ->    11(time 14605 - 04:03:25)(time 14722 - 04:05:22) ->    12(time 14827 - 04:07:07)(time 14964 - 04:09:24) ->    13(time 15069 - 04:11:09)(time 15201 - 04:13:21) ->    14(time 15306 - 04:15:06)(time 15424 - 04:17:04) ->    15(time 15529 - 04:18:49)(time 15653 - 04:20:53) ->    16(time 15758 - 04:22:38)(time 15888 - 04:24:48) ->    17(time 15996 - 04:26:36)(time 15996 - 04:26:36) ->    35(time 16101 - 04:28:21)(time 16231 - 04:30:31) ->    34(time 16336 - 04:32:16)(time 16460 - 04:34:20) ->    33(time 16565 - 04:36:05)(time 16683 - 04:38:03) ->    32(time 16788 - 04:39:48)(time 16920 - 04:42:00) ->    31(time 17028 - 04:43:48)(time 17165 - 04:46:05) ->    30(time 17270 - 04:47:50)(time 17387 - 04:49:47) ->    29(time 17492 - 04:51:32)(time 17622 - 04:53:42) ->    28(time 17691 - 04:54:51)(time 17811 - 04:56:51) ->    27(time 17880 - 04:58:00)(time 18002 - 05:00:02) ->    26(time 18107 - 05:01:47)(time 18240 - 05:04:00) ->    25(time 18345 - 05:05:45)(time 18457 - 05:07:37) ->    24(time 18562 - 05:09:22)(time 18692 - 05:11:32) ->    23(time 18797 - 05:13:17)(time 18928 - 05:15:28) ->    22(time 19033 - 05:17:13)(time 19167 - 05:19:27) ->    21(time 19272 - 05:21:12)(time 19396 - 05:23:16) ->    20(time 19501 - 05:25:01)(time 19618 - 05:26:58) ->    19(time 19723 - 05:28:43)(time 19837 - 05:30:37) ->    18(time 19945 - 05:32:25)(time 19945 - 05:32:25) -> 0
> Trip 2
   0(time 22797 - 06:19:57)(time 22911 - 06:21:51) ->    1(time 23016 - 06:23:36)(time 23133 - 06:25:33) ->    2(time 23238 - 06:27:18)(time 23362 - 06:29:22) ->    3(time 23467 - 06:31:07)(time 23601 - 06:33:21) ->    4(time 23706 - 06:35:06)(time 23837 - 06:37:17) ->    5(time 24373 - 06:46:13)(time 24503 - 06:48:23) ->    6(time 24608 - 06:50:08)(time 24720 - 06:52:00) ->    7(time 24825 - 06:53:45)(time 24958 - 06:55:58) ->    8(time 25063 - 06:57:43)(time 25185 - 06:59:45) ->    9(time 25254 - 07:00:54)(time 25374 - 07:02:54) ->    10(time 25443 - 07:04:03)(time 25573 - 07:06:13) ->    11(time 25678 - 07:07:58)(time 25795 - 07:09:55) ->    12(time 26032 - 07:13:52)(time 26169 - 07:16:09) ->    13(time 26274 - 07:17:54)(time 26406 - 07:20:06) ->    14(time 26511 - 07:21:51)(time 26629 - 07:23:49) ->    15(time 26734 - 07:25:34)(time 26858 - 07:27:38) ->    16(time 26963 - 07:29:23)(time 27093 - 07:31:33) ->    17(time 27201 - 07:33:21)(time 27201 - 07:33:21) ->    35(time 27201 - 07:33:21)(time 27331 - 07:35:31) ->    34(time 27436 - 07:37:16)(time 27560 - 07:39:20) ->    33(time 27665 - 07:41:05)(time 27783 - 07:43:03) ->    32(time 27888 - 07:44:48)(time 28020 - 07:47:00) ->    31(time 28125 - 07:48:45)(time 28262 - 07:51:02) ->    30(time 28367 - 07:52:47)(time 28484 - 07:54:44) ->    29(time 28730 - 07:58:50)(time 28860 - 08:01:00) ->    28(time 29396 - 08:09:56)(time 29516 - 08:11:56) ->    27(time 29585 - 08:13:05)(time 29707 - 08:15:07) ->    26(time 29812 - 08:16:52)(time 29945 - 08:19:05) ->    25(time 30050 - 08:20:50)(time 30162 - 08:22:42) ->    24(time 30267 - 08:24:27)(time 30397 - 08:26:37) ->    23(time 30502 - 08:28:22)(time 30633 - 08:30:33) ->    22(time 30738 - 08:32:18)(time 30872 - 08:34:32) ->    21(time 30977 - 08:36:17)(time 31101 - 08:38:21) ->    20(time 31206 - 08:40:06)(time 31323 - 08:42:03) ->    19(time 31428 - 08:43:48)(time 31542 - 08:45:42) ->    18(time 31650 - 08:47:30)(time 31650 - 08:47:30) -> 0
> Trip 3
   0(time 31719 - 08:48:39)(time 31833 - 08:50:33) ->    1(time 31938 - 08:52:18)(time 32055 - 08:54:15) ->    2(time 32160 - 08:56:00)(time 32284 - 08:58:04) ->    3(time 32389 - 08:59:49)(time 32523 - 09:02:03) ->    4(time 32628 - 09:03:48)(time 32759 - 09:05:59) ->    5(time 32864 - 09:07:44)(time 32994 - 09:09:54) ->    6(time 33099 - 09:11:39)(time 33211 - 09:13:31) ->    7(time 33316 - 09:15:16)(time 33449 - 09:17:29) ->    8(time 33554 - 09:19:14)(time 33676 - 09:21:16) ->    9(time 33745 - 09:22:25)(time 33865 - 09:24:25) ->    10(time 33934 - 09:25:34)(time 34064 - 09:27:44) ->    11(time 34169 - 09:29:29)(time 34286 - 09:31:26) ->    12(time 34391 - 09:33:11)(time 34528 - 09:35:28) ->    13(time 34633 - 09:37:13)(time 34765 - 09:39:25) ->    14(time 35026 - 09:43:46)(time 35144 - 09:45:44) ->    15(time 35680 - 09:54:40)(time 35804 - 09:56:44) ->    16(time 35909 - 09:58:29)(time 36039 - 10:00:39) ->    17(time 36147 - 10:02:27)(time 36147 - 10:02:27) ->    35(time 36147 - 10:02:27)(time 36277 - 10:04:37) ->    34(time 36382 - 10:06:22)(time 36506 - 10:08:26) ->    33(time 36611 - 10:10:11)(time 36729 - 10:12:09) ->    32(time 36834 - 10:13:54)(time 36966 - 10:16:06) ->    31(time 37071 - 10:17:51)(time 37208 - 10:20:08) ->    30(time 37313 - 10:21:53)(time 37430 - 10:23:50) ->    29(time 37535 - 10:25:35)(time 37665 - 10:27:45) ->    28(time 37934 - 10:32:14)(time 38054 - 10:34:14) ->    27(time 38123 - 10:35:23)(time 38245 - 10:37:25) ->    26(time 38350 - 10:39:10)(time 38483 - 10:41:23) ->    25(time 38588 - 10:43:08)(time 38700 - 10:45:00) ->    24(time 38805 - 10:46:45)(time 38935 - 10:48:55) ->    23(time 39040 - 10:50:40)(time 39171 - 10:52:51) ->    22(time 39276 - 10:54:36)(time 39410 - 10:56:50) ->    21(time 39515 - 10:58:35)(time 39639 - 11:00:39) ->    20(time 39744 - 11:02:24)(time 39861 - 11:04:21) ->    19(time 39966 - 11:06:06)(time 40080 - 11:08:00) ->    18(time 40188 - 11:09:48)(time 40188 - 11:09:48) -> 0
=============
Train 1
=============
> Trip 0
   0(time 4325 - 01:12:05)(time 4439 - 01:13:59) ->    1(time 4544 - 01:15:44)(time 4661 - 01:17:41) ->    2(time 4766 - 01:19:26)(time 4890 - 01:21:30) ->    3(time 4995 - 01:23:15)(time 5129 - 01:25:29) ->    4(time 5234 - 01:27:14)(time 5365 - 01:29:25) ->    5(time 5470 - 01:31:10)(time 5600 - 01:33:20) ->    6(time 5705 - 01:35:05)(time 5817 - 01:36:57) ->    7(time 5922 - 01:38:42)(time 6055 - 01:40:55) ->    8(time 6160 - 01:42:40)(time 6282 - 01:44:42) ->    9(time 6351 - 01:45:51)(time 6471 - 01:47:51) ->    10(time 6540 - 01:49:00)(time 6670 - 01:51:10) ->    11(time 6775 - 01:52:55)(time 6892 - 01:54:52) ->    12(time 6997 - 01:56:37)(time 7134 - 01:58:54) ->    13(time 7239 - 02:00:39)(time 7371 - 02:02:51) ->    14(time 7476 - 02:04:36)(time 7594 - 02:06:34) ->    15(time 7699 - 02:08:19)(time 7823 - 02:10:23) ->    16(time 7928 - 02:12:08)(time 8058 - 02:14:18) ->    17(time 8166 - 02:16:06)(time 8166 - 02:16:06) ->    35(time 8166 - 02:16:06)(time 8296 - 02:18:16) ->    34(time 8401 - 02:20:01)(time 8525 - 02:22:05) ->    33(time 8630 - 02:23:50)(time 8748 - 02:25:48) ->    32(time 8853 - 02:27:33)(time 8985 - 02:29:45) ->    31(time 9090 - 02:31:30)(time 9227 - 02:33:47) ->    30(time 9332 - 02:35:32)(time 9449 - 02:37:29) ->    29(time 9554 - 02:39:14)(time 9684 - 02:41:24) ->    28(time 9753 - 02:42:33)(time 9873 - 02:44:33) ->    27(time 9942 - 02:45:42)(time 10064 - 02:47:44) ->    26(time 10169 - 02:49:29)(time 10302 - 02:51:42) ->    25(time 10407 - 02:53:27)(time 10519 - 02:55:19) ->    24(time 10624 - 02:57:04)(time 10754 - 02:59:14) ->    23(time 10859 - 03:00:59)(time 10990 - 03:03:10) ->    22(time 11095 - 03:04:55)(time 11229 - 03:07:09) ->    21(time 11334 - 03:08:54)(time 11458 - 03:10:58) ->    20(time 11563 - 03:12:43)(time 11680 - 03:14:40) ->    19(time 11785 - 03:16:25)(time 11899 - 03:18:19) ->    18(time 12007 - 03:20:07)(time 12007 - 03:20:07) -> 0
> Trip 1
   0(time 12263 - 03:24:23)(time 12377 - 03:26:17) ->    1(time 12482 - 03:28:02)(time 12599 - 03:29:59) ->    2(time 12704 - 03:31:44)(time 12828 - 03:33:48) ->    3(time 12933 - 03:35:33)(time 13067 - 03:37:47) ->    4(time 13172 - 03:39:32)(time 13303 - 03:41:43) ->    5(time 13408 - 03:43:28)(time 13538 - 03:45:38) ->    6(time 13643 - 03:47:23)(time 13755 - 03:49:15) ->    7(time 13860 - 03:51:00)(time 13993 - 03:53:13) ->    8(time 14098 - 03:54:58)(time 14220 - 03:57:00) ->    9(time 14289 - 03:58:09)(time 14409 - 04:00:09) ->    10(time 14478 - 04:01:18)(time 14608 - 04:03:28) ->    11(time 14713 - 04:05:13)(time 14830 - 04:07:10) ->    12(time 14935 - 04:08:55)(time 15072 - 04:11:12) ->    13(time 15177 - 04:12:57)(time 15309 - 04:15:09) ->    14(time 15414 - 04:16:54)(time 15532 - 04:18:52) ->    15(time 15637 - 04:20:37)(time 15761 - 04:22:41) ->    16(time 15866 - 04:24:26)(time 15996 - 04:26:36) ->    17(time 16206 - 04:30:06)(time 16206 - 04:30:06) ->    35(time 16206 - 04:30:06)(time 16336 - 04:32:16) ->    34(time 16441 - 04:34:01)(time 16565 - 04:36:05) ->    33(time 16676 - 04:37:56)(time 16794 - 04:39:54) ->    32(time 16899 - 04:41:39)(time 17031 - 04:43:51) ->    31(time 17136 - 04:45:36)(time 17273 - 04:47:53) ->    30(time 17378 - 04:49:38)(time 17495 - 04:51:35) ->    29(time 17600 - 04:53:20)(time 17730 - 04:55:30) ->    28(time 17799 - 04:56:39)(time 17919 - 04:58:39) ->    27(time 17988 - 04:59:48)(time 18110 - 05:01:50) ->    26(time 18215 - 05:03:35)(time 18348 - 05:05:48) ->    25(time 18453 - 05:07:33)(time 18565 - 05:09:25) ->    24(time 18670 - 05:11:10)(time 18800 - 05:13:20) ->    23(time 18905 - 05:15:05)(time 19036 - 05:17:16) ->    22(time 19141 - 05:19:01)(time 19275 - 05:21:15) ->    21(time 19380 - 05:23:00)(time 19504 - 05:25:04) ->    20(time 19609 - 05:26:49)(time 19726 - 05:28:46) ->    19(time 19831 - 05:30:31)(time 19945 - 05:32:25) ->    18(time 20053 - 05:34:13)(time 20053 - 05:34:13) -> 0
> Trip 2
   0(time 23116 - 06:25:16)(time 23230 - 06:27:10) ->    1(time 23335 - 06:28:55)(time 23452 - 06:30:52) ->    2(time 23557 - 06:32:37)(time 23681 - 06:34:41) ->    3(time 23786 - 06:36:26)(time 23920 - 06:38:40) ->    4(time 24242 - 06:44:02)(time 24373 - 06:46:13) ->    5(time 24478 - 06:47:58)(time 24608 - 06:50:08) ->    6(time 24713 - 06:51:53)(time 24825 - 06:53:45) ->    7(time 25065 - 06:57:45)(time 25198 - 06:59:58) ->    8(time 25303 - 07:01:43)(time 25425 - 07:03:45) ->    9(time 25494 - 07:04:54)(time 25614 - 07:06:54) ->    10(time 25683 - 07:08:03)(time 25813 - 07:10:13) ->    11(time 25918 - 07:11:58)(time 26035 - 07:13:55) ->    12(time 26140 - 07:15:40)(time 26277 - 07:17:57) ->    13(time 26382 - 07:19:42)(time 26514 - 07:21:54) ->    14(time 26619 - 07:23:39)(time 26737 - 07:25:37) ->    15(time 26842 - 07:27:22)(time 26966 - 07:29:26) ->    16(time 27071 - 07:31:11)(time 27201 - 07:33:21) ->    17(time 27309 - 07:35:09)(time 27309 - 07:35:09) ->    35(time 27309 - 07:35:09)(time 27439 - 07:37:19) ->    34(time 27544 - 07:39:04)(time 27668 - 07:41:08) ->    33(time 28204 - 07:50:04)(time 28322 - 07:52:02) ->    32(time 28427 - 07:53:47)(time 28559 - 07:55:59) ->    31(time 28802 - 08:00:02)(time 28939 - 08:02:19) ->    30(time 29044 - 08:04:04)(time 29161 - 08:06:01) ->    29(time 29266 - 08:07:46)(time 29396 - 08:09:56) ->    28(time 29534 - 08:12:14)(time 29654 - 08:14:14) ->    27(time 29723 - 08:15:23)(time 29845 - 08:17:25) ->    26(time 29950 - 08:19:10)(time 30083 - 08:21:23) ->    25(time 30188 - 08:23:08)(time 30300 - 08:25:00) ->    24(time 30405 - 08:26:45)(time 30535 - 08:28:55) ->    23(time 30640 - 08:30:40)(time 30771 - 08:32:51) ->    22(time 30876 - 08:34:36)(time 31010 - 08:36:50) ->    21(time 31115 - 08:38:35)(time 31239 - 08:40:39) ->    20(time 31344 - 08:42:24)(time 31461 - 08:44:21) ->    19(time 31566 - 08:46:06)(time 31680 - 08:48:00) ->    18(time 31788 - 08:49:48)(time 31788 - 08:49:48) -> 0
> Trip 3
   0(time 35680 - 09:54:40)(time 35794 - 09:56:34) ->    1(time 35899 - 09:58:19)(time 36016 - 10:00:16) ->    2(time 36121 - 10:02:01)(time 36245 - 10:04:05) ->    3(time 36350 - 10:05:50)(time 36484 - 10:08:04) ->    4(time 36589 - 10:09:49)(time 36720 - 10:12:00) ->    5(time 36825 - 10:13:45)(time 36955 - 10:15:55) ->    6(time 37060 - 10:17:40)(time 37172 - 10:19:32) ->    7(time 37277 - 10:21:17)(time 37410 - 10:23:30) ->    8(time 37515 - 10:25:15)(time 37637 - 10:27:17) ->    9(time 37706 - 10:28:26)(time 37826 - 10:30:26) ->    10(time 37895 - 10:31:35)(time 38025 - 10:33:45) ->    11(time 38130 - 10:35:30)(time 38247 - 10:37:27) ->    12(time 38352 - 10:39:12)(time 38489 - 10:41:29) ->    13(time 38594 - 10:43:14)(time 38726 - 10:45:26) ->    14(time 38831 - 10:47:11)(time 38949 - 10:49:09) ->    15(time 39054 - 10:50:54)(time 39178 - 10:52:58) ->    16(time 39283 - 10:54:43)(time 39413 - 10:56:53) ->    17(time 39521 - 10:58:41)(time 39521 - 10:58:41) ->    35(time 39521 - 10:58:41)(time 39651 - 11:00:51) ->    34(time 39756 - 11:02:36)(time 39880 - 11:04:40) ->    33(time 39985 - 11:06:25)(time 40103 - 11:08:23) ->    32(time 40208 - 11:10:08)(time 40340 - 11:12:20) ->    31(time 40445 - 11:14:05)(time 40582 - 11:16:22) ->    30(time 40687 - 11:18:07)(time 40804 - 11:20:04) ->    29(time 40909 - 11:21:49)(time 41039 - 11:23:59) ->    28(time 41108 - 11:25:08)(time 41228 - 11:27:08) ->    27(time 41297 - 11:28:17)(time 41419 - 11:30:19) ->    26(time 41524 - 11:32:04)(time 41657 - 11:34:17) ->    25(time 41762 - 11:36:02)(time 41874 - 11:37:54) ->    24(time 41979 - 11:39:39)(time 42109 - 11:41:49) ->    23(time 42214 - 11:43:34)(time 42345 - 11:45:45) ->    22(time 42450 - 11:47:30)(time 42584 - 11:49:44) ->    21(time 42689 - 11:51:29)(time 42813 - 11:53:33) ->    20(time 42918 - 11:55:18)(time 43035 - 11:57:15) ->    19(time 43140 - 11:59:00)(time 43254 - 12:00:54) ->    18(time 43362 - 12:02:42)(time 43362 - 12:02:42) -> 0
=============
Train 2
=============
> Trip 0
   0(time 12007 - 03:20:07)(time 12121 - 03:22:01) ->    1(time 12226 - 03:23:46)(time 12343 - 03:25:43) ->    2(time 12448 - 03:27:28)(time 12572 - 03:29:32) ->    3(time 12677 - 03:31:17)(time 12811 - 03:33:31) ->    4(time 12916 - 03:35:16)(time 13047 - 03:37:27) ->    5(time 13152 - 03:39:12)(time 13282 - 03:41:22) ->    6(time 13387 - 03:43:07)(time 13499 - 03:44:59) ->    7(time 13604 - 03:46:44)(time 13737 - 03:48:57) ->    8(time 13842 - 03:50:42)(time 13964 - 03:52:44) ->    9(time 14033 - 03:53:53)(time 14153 - 03:55:53) ->    10(time 14222 - 03:57:02)(time 14352 - 03:59:12) ->    11(time 14457 - 04:00:57)(time 14574 - 04:02:54) ->    12(time 14679 - 04:04:39)(time 14816 - 04:06:56) ->    13(time 14921 - 04:08:41)(time 15053 - 04:10:53) ->    14(time 15158 - 04:12:38)(time 15276 - 04:14:36) ->    15(time 15381 - 04:16:21)(time 15505 - 04:18:25) ->    16(time 15610 - 04:20:10)(time 15740 - 04:22:20) ->    17(time 15888 - 04:24:48)(time 15888 - 04:24:48) ->    35(time 15996 - 04:26:36)(time 16126 - 04:28:46) ->    34(time 16231 - 04:30:31)(time 16355 - 04:32:35) ->    33(time 16460 - 04:34:20)(time 16578 - 04:36:18) ->    32(time 16683 - 04:38:03)(time 16815 - 04:40:15) ->    31(time 16920 - 04:42:00)(time 17057 - 04:44:17) ->    30(time 17162 - 04:46:02)(time 17279 - 04:47:59) ->    29(time 17384 - 04:49:44)(time 17514 - 04:51:54) ->    28(time 17583 - 04:53:03)(time 17703 - 04:55:03) ->    27(time 17772 - 04:56:12)(time 17894 - 04:58:14) ->    26(time 17999 - 04:59:59)(time 18132 - 05:02:12) ->    25(time 18237 - 05:03:57)(time 18349 - 05:05:49) ->    24(time 18454 - 05:07:34)(time 18584 - 05:09:44) ->    23(time 18689 - 05:11:29)(time 18820 - 05:13:40) ->    22(time 18925 - 05:15:25)(time 19059 - 05:17:39) ->    21(time 19164 - 05:19:24)(time 19288 - 05:21:28) ->    20(time 19393 - 05:23:13)(time 19510 - 05:25:10) ->    19(time 19615 - 05:26:55)(time 19729 - 05:28:49) ->    18(time 19837 - 05:30:37)(time 19837 - 05:30:37) -> 0
> Trip 1
   0(time 19945 - 05:32:25)(time 20059 - 05:34:19) ->    1(time 20164 - 05:36:04)(time 20281 - 05:38:01) ->    2(time 20386 - 05:39:46)(time 20510 - 05:41:50) ->    3(time 20615 - 05:43:35)(time 20749 - 05:45:49) ->    4(time 20854 - 05:47:34)(time 20985 - 05:49:45) ->    5(time 21090 - 05:51:30)(time 21220 - 05:53:40) ->    6(time 21325 - 05:55:25)(time 21437 - 05:57:17) ->    7(time 21542 - 05:59:02)(time 21675 - 06:01:15) ->    8(time 21780 - 06:03:00)(time 21902 - 06:05:02) ->    9(time 21971 - 06:06:11)(time 22091 - 06:08:11) ->    10(time 22160 - 06:09:20)(time 22290 - 06:11:30) ->    11(time 22395 - 06:13:15)(time 22512 - 06:15:12) ->    12(time 22617 - 06:16:57)(time 22754 - 06:19:14) ->    13(time 22859 - 06:20:59)(time 22991 - 06:23:11) ->    14(time 23096 - 06:24:56)(time 23214 - 06:26:54) ->    15(time 23319 - 06:28:39)(time 23443 - 06:30:43) ->    16(time 23548 - 06:32:28)(time 23678 - 06:34:38) ->    17(time 23786 - 06:36:26)(time 23786 - 06:36:26) ->    35(time 23787 - 06:36:27)(time 23917 - 06:38:37) ->    34(time 24022 - 06:40:22)(time 24146 - 06:42:26) ->    33(time 24251 - 06:44:11)(time 24369 - 06:46:09) ->    32(time 24474 - 06:47:54)(time 24606 - 06:50:06) ->    31(time 24711 - 06:51:51)(time 24848 - 06:54:08) ->    30(time 24953 - 06:55:53)(time 25070 - 06:57:50) ->    29(time 25175 - 06:59:35)(time 25305 - 07:01:45) ->    28(time 25374 - 07:02:54)(time 25494 - 07:04:54) ->    27(time 25563 - 07:06:03)(time 25685 - 07:08:05) ->    26(time 25790 - 07:09:50)(time 25923 - 07:12:03) ->    25(time 26028 - 07:13:48)(time 26140 - 07:15:40) ->    24(time 26245 - 07:17:25)(time 26375 - 07:19:35) ->    23(time 26480 - 07:21:20)(time 26611 - 07:23:31) ->    22(time 26716 - 07:25:16)(time 26850 - 07:27:30) ->    21(time 26955 - 07:29:15)(time 27079 - 07:31:19) ->    20(time 27184 - 07:33:04)(time 27301 - 07:35:01) ->    19(time 27406 - 07:36:46)(time 27520 - 07:38:40) ->    18(time 27628 - 07:40:28)(time 27628 - 07:40:28) -> 0
> Trip 2
   0(time 27628 - 07:40:28)(time 27742 - 07:42:22) ->    1(time 27847 - 07:44:07)(time 27964 - 07:46:04) ->    2(time 28069 - 07:47:49)(time 28193 - 07:49:53) ->    3(time 28298 - 07:51:38)(time 28432 - 07:53:52) ->    4(time 28537 - 07:55:37)(time 28668 - 07:57:48) ->    5(time 28773 - 07:59:33)(time 28903 - 08:01:43) ->    6(time 29008 - 08:03:28)(time 29120 - 08:05:20) ->    7(time 29225 - 08:07:05)(time 29358 - 08:09:18) ->    8(time 29463 - 08:11:03)(time 29585 - 08:13:05) ->    9(time 29654 - 08:14:14)(time 29774 - 08:16:14) ->    10(time 29843 - 08:17:23)(time 29973 - 08:19:33) ->    11(time 30509 - 08:28:29)(time 30626 - 08:30:26) ->    12(time 30731 - 08:32:11)(time 30868 - 08:34:28) ->    13(time 30973 - 08:36:13)(time 31105 - 08:38:25) ->    14(time 31210 - 08:40:10)(time 31328 - 08:42:08) ->    15(time 31433 - 08:43:53)(time 31557 - 08:45:57) ->    16(time 31662 - 08:47:42)(time 31792 - 08:49:52) ->    17(time 31900 - 08:51:40)(time 31900 - 08:51:40) ->    35(time 31900 - 08:51:40)(time 32030 - 08:53:50) ->    34(time 32135 - 08:55:35)(time 32259 - 08:57:39) ->    33(time 32364 - 08:59:24)(time 32482 - 09:01:22) ->    32(time 32587 - 09:03:07)(time 32719 - 09:05:19) ->    31(time 32824 - 09:07:04)(time 32961 - 09:09:21) ->    30(time 33066 - 09:11:06)(time 33183 - 09:13:03) ->    29(time 33288 - 09:14:48)(time 33418 - 09:16:58) ->    28(time 33487 - 09:18:07)(time 33607 - 09:20:07) ->    27(time 33676 - 09:21:16)(time 33798 - 09:23:18) ->    26(time 33903 - 09:25:03)(time 34036 - 09:27:16) ->    25(time 34141 - 09:29:01)(time 34253 - 09:30:53) ->    24(time 34358 - 09:32:38)(time 34488 - 09:34:48) ->    23(time 34593 - 09:36:33)(time 34724 - 09:38:44) ->    22(time 34829 - 09:40:29)(time 34963 - 09:42:43) ->    21(time 35068 - 09:44:28)(time 35192 - 09:46:32) ->    20(time 35297 - 09:48:17)(time 35414 - 09:50:14) ->    19(time 35519 - 09:51:59)(time 35633 - 09:53:53) ->    18(time 35741 - 09:55:41)(time 35741 - 09:55:41) -> 0
> Trip 3
   0(time 35788 - 09:56:28)(time 35902 - 09:58:22) ->    1(time 36007 - 10:00:07)(time 36124 - 10:02:04) ->    2(time 36229 - 10:03:49)(time 36353 - 10:05:53) ->    3(time 36458 - 10:07:38)(time 36592 - 10:09:52) ->    4(time 36697 - 10:11:37)(time 36828 - 10:13:48) ->    5(time 36933 - 10:15:33)(time 37063 - 10:17:43) ->    6(time 37168 - 10:19:28)(time 37280 - 10:21:20) ->    7(time 37385 - 10:23:05)(time 37518 - 10:25:18) ->    8(time 37623 - 10:27:03)(time 37745 - 10:29:05) ->    9(time 37814 - 10:30:14)(time 37934 - 10:32:14) ->    10(time 38003 - 10:33:23)(time 38133 - 10:35:33) ->    11(time 38238 - 10:37:18)(time 38355 - 10:39:15) ->    12(time 38460 - 10:41:00)(time 38597 - 10:43:17) ->    13(time 38702 - 10:45:02)(time 38834 - 10:47:14) ->    14(time 38939 - 10:48:59)(time 39057 - 10:50:57) ->    15(time 39162 - 10:52:42)(time 39286 - 10:54:46) ->    16(time 39391 - 10:56:31)(time 39521 - 10:58:41) ->    17(time 39629 - 11:00:29)(time 39629 - 11:00:29) ->    35(time 39629 - 11:00:29)(time 39759 - 11:02:39) ->    34(time 39864 - 11:04:24)(time 39988 - 11:06:28) ->    33(time 40093 - 11:08:13)(time 40211 - 11:10:11) ->    32(time 40316 - 11:11:56)(time 40448 - 11:14:08) ->    31(time 40553 - 11:15:53)(time 40690 - 11:18:10) ->    30(time 40795 - 11:19:55)(time 40912 - 11:21:52) ->    29(time 41017 - 11:23:37)(time 41147 - 11:25:47) ->    28(time 41216 - 11:26:56)(time 41336 - 11:28:56) ->    27(time 41405 - 11:30:05)(time 41527 - 11:32:07) ->    26(time 41632 - 11:33:52)(time 41765 - 11:36:05) ->    25(time 41870 - 11:37:50)(time 41982 - 11:39:42) ->    24(time 42087 - 11:41:27)(time 42217 - 11:43:37) ->    23(time 42322 - 11:45:22)(time 42453 - 11:47:33) ->    22(time 42558 - 11:49:18)(time 42692 - 11:51:32) ->    21(time 42797 - 11:53:17)(time 42921 - 11:55:21) ->    20(time 43026 - 11:57:06)(time 43143 - 11:59:03) ->    19(time 43248 - 12:00:48)(time 43362 - 12:02:42) ->    18(time 43470 - 12:04:30)(time 43470 - 12:04:30) -> 0
