t3p16r6h6.txt:
   > Trying to open the instance file...
   > Reading number of trains...
   > Reading maximum number of trips per train...
   > Reading time intervals...
   > Reading number of points...
   > Reading stations...
   > Reading crossings...
   > Reading depots...
   > Reading initial point...
   > Reading routes...
   > Reading distance and distance and service...
   > Reading demands...
   > Reading maximum time...
   > Reading alpha...

--------------------------------
 Printing instance
--------------------------------
number of trains = 3
	max trips per trains: 7     6     3
number of intervals = 6
	(0,   8590)	(8591,  17180)	(17181,  25770)	(25771,  34360)	(34361,  42950)	(42951,  51540)
number of points = 16
	initial point: 7
	stations: 0     1     3     4     5     7     8     9    11    12    13    14    15
	crossings: 0     2     6     7     8    10    12    15
	depots: 0     7    15
number of vertices = 32
	total vertices: 0     1     2     3     4     5     6     7     8     9    10    11    12    13    14    15    16    17    18    19    20    21    22    23    24    25    26    27    28    29    30    31
	upper vertices: 0     1     2     3     4     5     6     7     8     9    10    11    12    13    14    15
	lower vertices: 16    17    18    19    20    21    22    23    24    25    26    27    28    29    30    31
	vertices of point #0: (0, 16)
	vertices of point #1: (1, 17)
	vertices of point #2: (2, 18)
	vertices of point #3: (3, 19)
	vertices of point #4: (4, 20)
	vertices of point #5: (5, 21)
	vertices of point #6: (6, 22)
	vertices of point #7: (7, 23)
	vertices of point #8: (8, 24)
	vertices of point #9: (9, 25)
	vertices of point #10: (10, 26)
	vertices of point #11: (11, 27)
	vertices of point #12: (12, 28)
	vertices of point #13: (13, 29)
	vertices of point #14: (14, 30)
	vertices of point #15: (15, 31)

arcs...
	total arcs: 
		arc #0: (0, 1)
		arc #1: (0, 16)
		arc #2: (16, 0)
		arc #3: (1, 2)
		arc #4: (17, 16)
		arc #5: (2, 3)
		arc #6: (18, 17)
		arc #7: (3, 4)
		arc #8: (19, 18)
		arc #9: (4, 5)
		arc #10: (20, 19)
		arc #11: (5, 6)
		arc #12: (21, 20)
		arc #13: (6, 7)
		arc #14: (22, 21)
		arc #15: (7, 8)
		arc #16: (23, 22)
		arc #17: (7, 23)
		arc #18: (23, 7)
		arc #19: (8, 9)
		arc #20: (24, 23)
		arc #21: (9, 10)
		arc #22: (25, 24)
		arc #23: (10, 11)
		arc #24: (26, 25)
		arc #25: (11, 12)
		arc #26: (27, 26)
		arc #27: (12, 13)
		arc #28: (28, 27)
		arc #29: (13, 14)
		arc #30: (29, 28)
		arc #31: (14, 15)
		arc #32: (30, 29)
		arc #33: (31, 30)
		arc #34: (15, 31)
		arc #35: (31, 15)

	reverse arcs: 
		arc #1: (0, 16)
		arc #2: (16, 0)
		arc #17: (7, 23)
		arc #18: (23, 7)
		arc #34: (15, 31)
		arc #35: (31, 15)


incompatible points...
	(0, 1, 18, (1, 2))	(18, 17, 0, (17, 16))	(2, 5, 22, (5, 6))	(22, 19, 2, (19, 18))	(6, 6, 23, (6, 7))	(23, 23, 6, (23, 22))	(7, 7, 24, (7, 8))	(24, 24, 7, (24, 23))	(8, 9, 26, (9, 10))	(26, 25, 8, (25, 24))	(10, 11, 28, (11, 12))	(28, 27, 10, (27, 26))	(12, 14, 31, (14, 15))	(31, 29, 12, (29, 28))

number of routes = 6
vertices of routes...
	route #0: 0     1     2     3     4     5     6     7
	route #1: 23    22    21    20    19    18    17    16
	route #2: 7     8     9    10    11    12    13    14    15
	route #3: 31    30    29    28    27    26    25    24    23
	route #4: 0     1     2     3     4     5     6     7     8     9    10    11    12    13    14    15    31    30    29    28    27    26    25    24    23    22    21    20    19    18    17    16     0
	route #5: 31    30    29    28    27    26    25    24    23    22    21    20    19    18    17    16     0     1     2     3     4     5     6     7     8     9    10    11    12    13    14    15    31
arcs of routes...
	route #0: 0     3     5     7     9    11    13
	route #1: 16    14    12    10     8     6     4
	route #2: 15    19    21    23    25    27    29    31
	route #3: 33    32    30    28    26    24    22    20
	route #4: 0     3     5     7     9    11    13    15    19    21    23    25    27    29    31    34    33    32    30    28    26    24    22    20    16    14    12    10     8     6     4     2
	route #5: 33    32    30    28    26    24    22    20    16    14    12    10     8     6     4     2     0     3     5     7     9    11    13    15    19    21    23    25    27    29    31    34

incompatible routes...
	(0, 0)    	(0, 3)    	(0, 4)    	(0, 5)    	(1, 1)    	(1, 2)    	(1, 3)    	(1, 5)    	(2, 0)    	(2, 1)    	(2, 2)    	(2, 4)    	(3, 0)    	(3, 3)    	(3, 4)    	(3, 5)    	(4, 1)    	(4, 2)    	(4, 3)    	(4, 5)    	(5, 0)    	(5, 1)    	(5, 2)    	(5, 4)

vertices that can be adjacent in consecutive trips...
	(0, 0)    	(7, 7)    	(7, 23)    	(15, 31)    	(16, 0)    	(23, 7)    	(23, 23)    	(31, 31)
non cyclical routes: 
       0       1       2       3

routes of trip...
	routes that train #0 can complete at trip #0: 1       2
	routes that train #0 can complete at trip #1: 0       1       2       3       4       5
	routes that train #0 can complete at trip #2: 0       1       2       3       4       5
	routes that train #0 can complete at trip #3: 0       1       2       3       4       5
	routes that train #0 can complete at trip #4: 0       1       2       3       4       5
	routes that train #0 can complete at trip #5: 0       1       2       3       4       5
	routes that train #0 can complete at trip #6: 0       1       2       3       4       5

	routes that train #1 can complete at trip #0: 1       2
	routes that train #1 can complete at trip #1: 0       1       2       3       4       5
	routes that train #1 can complete at trip #2: 0       1       2       3       4       5
	routes that train #1 can complete at trip #3: 0       1       2       3       4       5
	routes that train #1 can complete at trip #4: 0       1       2       3       4       5
	routes that train #1 can complete at trip #5: 0       1       2       3       4       5

	routes that train #2 can complete at trip #0: 1       2
	routes that train #2 can complete at trip #1: 0       1       2       3       4       5
	routes that train #2 can complete at trip #2: 0       1       2       3       4       5

 cost...
	arc #0 [0][1]: 240
	arc #1 [0][16]: 0
	arc #2 [16][0]: 0
	arc #3 [1][2]: 120
	arc #4 [17][16]: 240
	arc #5 [2][3]: 240
	arc #6 [18][17]: 120
	arc #7 [3][4]: 180
	arc #8 [19][18]: 240
	arc #9 [4][5]: 180
	arc #10 [20][19]: 180
	arc #11 [5][6]: 40
	arc #12 [21][20]: 180
	arc #13 [6][7]: 180
	arc #14 [22][21]: 40
	arc #15 [7][8]: 360
	arc #16 [23][22]: 180
	arc #17 [7][23]: 0
	arc #18 [23][7]: 0
	arc #19 [8][9]: 300
	arc #20 [24][23]: 360
	arc #21 [9][10]: 240
	arc #22 [25][24]: 300
	arc #23 [10][11]: 120
	arc #24 [26][25]: 240
	arc #25 [11][12]: 240
	arc #26 [27][26]: 120
	arc #27 [12][13]: 180
	arc #28 [28][27]: 240
	arc #29 [13][14]: 120
	arc #30 [29][28]: 180
	arc #31 [14][15]: 180
	arc #32 [30][29]: 120
	arc #33 [31][30]: 180
	arc #34 [15][31]: 0
	arc #35 [31][15]: 0

cost with minimum service...
	arc #0 [0][1]: 300
	arc #1 [0][16]: 0
	arc #2 [16][0]: 0
	arc #3 [1][2]: 160
	arc #4 [17][16]: 360
	arc #5 [2][3]: 300
	arc #6 [18][17]: 180
	arc #7 [3][4]: 240
	arc #8 [19][18]: 280
	arc #9 [4][5]: 240
	arc #10 [20][19]: 240
	arc #11 [5][6]: 80
	arc #12 [21][20]: 240
	arc #13 [6][7]: 300
	arc #14 [22][21]: 100
	arc #15 [7][8]: 420
	arc #16 [23][22]: 220
	arc #17 [7][23]: 0
	arc #18 [23][7]: 0
	arc #19 [8][9]: 360
	arc #20 [24][23]: 480
	arc #21 [9][10]: 280
	arc #22 [25][24]: 360
	arc #23 [10][11]: 180
	arc #24 [26][25]: 300
	arc #25 [11][12]: 300
	arc #26 [27][26]: 160
	arc #27 [12][13]: 240
	arc #28 [28][27]: 300
	arc #29 [13][14]: 180
	arc #30 [29][28]: 240
	arc #31 [14][15]: 300
	arc #32 [30][29]: 180
	arc #33 [31][30]: 240
	arc #34 [15][31]: 0
	arc #35 [31][15]: 0

cost with maximum service...
	arc #0 [0][1]: 840
	arc #1 [0][16]: 600
	arc #2 [16][0]: 600
	arc #3 [1][2]: 720
	arc #4 [17][16]: 840
	arc #5 [2][3]: 840
	arc #6 [18][17]: 720
	arc #7 [3][4]: 780
	arc #8 [19][18]: 840
	arc #9 [4][5]: 780
	arc #10 [20][19]: 780
	arc #11 [5][6]: 640
	arc #12 [21][20]: 780
	arc #13 [6][7]: 780
	arc #14 [22][21]: 640
	arc #15 [7][8]: 960
	arc #16 [23][22]: 780
	arc #17 [7][23]: 600
	arc #18 [23][7]: 600
	arc #19 [8][9]: 900
	arc #20 [24][23]: 960
	arc #21 [9][10]: 840
	arc #22 [25][24]: 900
	arc #23 [10][11]: 720
	arc #24 [26][25]: 840
	arc #25 [11][12]: 840
	arc #26 [27][26]: 720
	arc #27 [12][13]: 780
	arc #28 [28][27]: 840
	arc #29 [13][14]: 720
	arc #30 [29][28]: 780
	arc #31 [14][15]: 780
	arc #32 [30][29]: 720
	arc #33 [31][30]: 780
	arc #34 [15][31]: 600
	arc #35 [31][15]: 600

demands...
	demands of vertex 0 at time interval: 2     3     1     1     3     1
	demands of vertex 1 at time interval: 2     3     1     1     3     1
	demands of vertex 2 at time interval: 0     0     0     0     0     0
	demands of vertex 3 at time interval: 2     3     1     1     3     1
	demands of vertex 4 at time interval: 2     3     1     1     3     1
	demands of vertex 5 at time interval: 2     3     1     1     3     1
	demands of vertex 6 at time interval: 0     0     0     0     0     0
	demands of vertex 7 at time interval: 2     3     1     1     3     1
	demands of vertex 8 at time interval: 0     0     0     0     0     0
	demands of vertex 9 at time interval: 2     3     1     1     3     1
	demands of vertex 10 at time interval: 0     0     0     0     0     0
	demands of vertex 11 at time interval: 2     3     1     1     3     1
	demands of vertex 12 at time interval: 0     0     0     0     0     0
	demands of vertex 13 at time interval: 2     3     1     1     3     1
	demands of vertex 14 at time interval: 2     3     1     1     3     1
	demands of vertex 15 at time interval: 0     0     0     0     0     0
	demands of vertex 16 at time interval: 0     0     0     0     0     0
	demands of vertex 17 at time interval: 2     3     1     1     3     1
	demands of vertex 18 at time interval: 0     0     0     0     0     0
	demands of vertex 19 at time interval: 2     3     1     1     3     1
	demands of vertex 20 at time interval: 2     3     1     1     3     1
	demands of vertex 21 at time interval: 2     3     1     1     3     1
	demands of vertex 22 at time interval: 0     0     0     0     0     0
	demands of vertex 23 at time interval: 2     3     1     1     3     1
	demands of vertex 24 at time interval: 0     0     0     0     0     0
	demands of vertex 25 at time interval: 2     3     1     1     3     1
	demands of vertex 26 at time interval: 0     0     0     0     0     0
	demands of vertex 27 at time interval: 2     3     1     1     3     1
	demands of vertex 28 at time interval: 0     0     0     0     0     0
	demands of vertex 29 at time interval: 2     3     1     1     3     1
	demands of vertex 30 at time interval: 2     3     1     1     3     1
	demands of vertex 31 at time interval: 2     3     1     1     3     1

maximum time = 51540
alpha = 180

>> Solving...
Version identifier: 20.1.0.0 | 2020-11-10 | 9bedb6d68
CPXPARAM_Threads                                 1
CPXPARAM_TimeLimit                               43200
Tried aggregator 3 times.
MIP Presolve eliminated 208303 rows and 48243 columns.
MIP Presolve modified 51855 coefficients.
Aggregator did 77 substitutions.
Reduced MIP has 323154 rows, 122709 columns, and 789964 nonzeros.
Reduced MIP has 121818 binaries, 0 generals, 0 SOSs, and 0 indicators.
Presolve time = 24.60 sec. (5215.70 ticks)
Probing fixed 0 vars, tightened 23 bounds.
Probing time = 6.90 sec. (597.90 ticks)
Tried aggregator 1 time.
Detecting symmetries...
Elapsed time for symmetry detection = 44.79 sec. (10000.52 ticks)
Elapsed time for symmetry detection = 90.02 sec. (20003.35 ticks)
Elapsed time for symmetry detection = 136.34 sec. (30008.29 ticks)
Elapsed time for symmetry detection = 185.72 sec. (40010.17 ticks)
Found 3.789508e+36508 symmetric permutations.
MIP Presolve eliminated 1147 rows and 55 columns.
MIP Presolve modified 1242 coefficients.
Reduced MIP has 322007 rows, 122654 columns, and 786484 nonzeros.
Reduced MIP has 121763 binaries, 0 generals, 0 SOSs, and 0 indicators.
Presolve time = 230.47 sec. (49754.55 ticks)
Probing fixed 12 vars, tightened 15 bounds.
Probing time = 16.65 sec. (929.99 ticks)
Clique table members: 517512.
MIP emphasis: balance optimality and feasibility.
MIP search method: dynamic search.
Parallel mode: none, using 1 thread.
Root relaxation solution time = 3104.51 sec. (165244.02 ticks)

        Nodes                                         Cuts/
   Node  Left     Objective  IInf  Best Integer    Best Bound    ItCnt     Gap

      0     0     7929.4615 57401                   7929.4615   162876         
      0     0    14537.3462 59719                  Cuts: 9680   225083         
      0     0    14537.3462 60258                  Cuts: 9885   277250         
      0     0    14537.3462 58677                  Cuts: 2985   326670         
      0     0    14537.3462 58968                  Cuts: 9756   377610         
Heuristic still looking.
Heuristic still looking.

Repeating presolve.
Tried aggregator 1 time.
MIP Presolve eliminated 134781 rows and 53985 columns.
MIP Presolve modified 1348 coefficients.
Reduced MIP has 187226 rows, 68669 columns, and 462808 nonzeros.
Reduced MIP has 67778 binaries, 0 generals, 0 SOSs, and 0 indicators.
Presolve time = 5.01 sec. (2203.40 ticks)
Probing fixed 0 vars, tightened 11 bounds.
Probing time = 5.07 sec. (499.74 ticks)
Tried aggregator 1 time.
Detecting symmetries...
Elapsed time for symmetry detection = 5.11 sec. (10001.64 ticks)
Found 1.244052e+43759 symmetric permutations.
MIP Presolve eliminated 143 rows and 143 columns.
MIP Presolve modified 567 coefficients.
Reduced MIP has 187083 rows, 68526 columns, and 462236 nonzeros.
Reduced MIP has 67635 binaries, 0 generals, 0 SOSs, and 0 indicators.
Presolve time = 12.18 sec. (20272.90 ticks)
Represolve time = 23.52 sec. (23304.48 ticks)
Probing fixed 0 vars, tightened 8 bounds.
Probing time = 0.65 sec. (257.13 ticks)
Clique table members: 301537.
MIP emphasis: balance optimality and feasibility.
MIP search method: dynamic search.
Parallel mode: none, using 1 thread.
Root relaxation solution time = 245.73 sec. (21938.82 ticks)

        Nodes                                         Cuts/
   Node  Left     Objective  IInf  Best Integer    Best Bound    ItCnt     Gap

      0     0    14537.3462 33968                  14537.3462   456938         
      0     0    14537.3462 31602                  Cuts: 9733   517353         
      0     0    14537.3462 27877                  Cuts: 9685   558325         
      0     0    14537.3462 14664                  Cuts: 8286   580463         
      0     0    19112.0076 34456                  Cuts: 9546   645903         
      0     0    19112.0076 26363                  Cuts: 9513   696785         
      0     0    19112.0076 19804                  Cuts: 9461   756185         
      0     0    19112.0076 29507                  Cuts: 9519   803375         
      0     0    19112.0076 31278                  Cuts: 2927   856612         
Heuristic still looking.
Heuristic still looking.
*     0+    0                        51101.0000    19112.0076            62.60%
      0     2    19112.0076 32580    51101.0000    19493.2325   910391   61.85%
Elapsed time = 31202.18 sec. (3676193.98 ticks, tree = 0.01 MB, solutions = 1)
      1     3    34361.0000 34231    51101.0000    19493.2325  1067830   61.85%
      2     4    19493.2325 33697    51101.0000    19943.7709  1135177   60.97%
      3     5    34361.0000 34020    51101.0000    19943.7709  1181011   60.97%
      4     6    19943.7709 33675    51101.0000    19943.7709  1181270   60.97%
      5     7    34361.0000 34230    51101.0000    19943.7709  1303501   60.97%
      6     8    20484.4170 33666    51101.0000    20484.4170  1306518   59.91%
      7     9    21145.2066 33682    51101.0000    20484.4170  1306763   59.91%
      8    10    34361.0000 34107    51101.0000    21145.2066  1426229   58.62%
      9    11    21971.1937 33683    51101.0000    21145.2066  1426474   58.62%
     10    12    34361.0000 34222    51101.0000    21971.1937  1520051   57.00%
Elapsed time = 37224.92 sec. (4261107.21 ticks, tree = 0.40 MB, solutions = 1)
     11    13    23033.1771 33652    51101.0000    21971.1937  1522735   57.00%
     12    14    34361.0000 34207    51101.0000    24449.1550  1698063   52.16%
     13    15    24449.1550 33652    51101.0000    24449.1550  1707034   52.16%
     14    16    34361.0000 34160    51101.0000    24449.1550  1828870   52.16%
     15    17    26431.5240 34076    51101.0000    24449.1550  1894718   52.16%
     16    18    34361.0000 34089    51101.0000    29405.0775  1973400   42.46%
     17    19    29405.0775 34137    51101.0000    34361.0000  2038778   32.76%

Clique cuts applied:  21
Implied bound cuts applied:  462
Flow cuts applied:  22
Mixed integer rounding cuts applied:  131
Zero-half cuts applied:  27

Root node processing (before b&c):
  Real time             = 31189.75 sec. (3672224.97 ticks)
Sequential b&c:
  Real time             = 12010.64 sec. (1265523.13 ticks)
                          ------------
Total (root+branch&cut) = 43200.39 sec. (4937748.11 ticks)
Feasible

>> Printing some results...
    -> Solution value = 51101 - 14:11:41
    -> Total time = 43200.39
    -> Gap value = 0.33

=============
Train 0
=============
> Trip 0
   7(time 0 - 00:00:00)(time 360 - 00:06:00) ->    8(time 420 - 00:07:00)(time 720 - 00:12:00) ->    9(time 780 - 00:13:00)(time 1020 - 00:17:00) ->    10(time 1060 - 00:17:40)(time 1180 - 00:19:40) ->    11(time 1240 - 00:20:40)(time 1480 - 00:24:40) ->    12(time 1540 - 00:25:40)(time 1720 - 00:28:40) ->    13(time 1780 - 00:29:40)(time 1900 - 00:31:40) ->    14(time 1960 - 00:32:40)(time 2140 - 00:35:40) -> 15
> Trip 1
   31(time 2140 - 00:35:40)(time 2320 - 00:38:40) ->    30(time 2720 - 00:45:20)(time 2840 - 00:47:20) ->    29(time 3440 - 00:57:20)(time 3620 - 01:00:20) ->    28(time 3680 - 01:01:20)(time 3920 - 01:05:20) ->    27(time 3980 - 01:06:20)(time 4100 - 01:08:20) ->    26(time 4140 - 01:09:00)(time 4380 - 01:13:00) ->    25(time 4440 - 01:14:00)(time 4740 - 01:19:00) ->    24(time 4800 - 01:20:00)(time 5160 - 01:26:00) ->    23(time 5280 - 01:28:00)(time 5460 - 01:31:00) ->    22(time 5500 - 01:31:40)(time 5540 - 01:32:20) ->    21(time 5600 - 01:33:20)(time 5780 - 01:36:20) ->    20(time 5840 - 01:37:20)(time 6020 - 01:40:20) ->    19(time 6080 - 01:41:20)(time 6320 - 01:45:20) ->    18(time 6360 - 01:46:00)(time 6480 - 01:48:00) ->    17(time 6540 - 01:49:00)(time 6780 - 01:53:00) ->    16(time 6900 - 01:55:00)(time 6900 - 01:55:00) ->    0(time 6900 - 01:55:00)(time 7140 - 01:59:00) ->    1(time 7200 - 02:00:00)(time 7320 - 02:02:00) ->    2(time 7360 - 02:02:40)(time 7600 - 02:06:40) ->    3(time 7660 - 02:07:40)(time 7840 - 02:10:40) ->    4(time 7900 - 02:11:40)(time 8080 - 02:14:40) ->    5(time 8140 - 02:15:40)(time 8180 - 02:16:20) ->    6(time 8591 - 02:23:11)(time 8771 - 02:26:11) ->    7(time 8891 - 02:28:11)(time 9251 - 02:34:11) ->    8(time 9311 - 02:35:11)(time 9611 - 02:40:11) ->    9(time 9671 - 02:41:11)(time 9911 - 02:45:11) ->    10(time 9951 - 02:45:51)(time 10071 - 02:47:51) ->    11(time 10131 - 02:48:51)(time 10371 - 02:52:51) ->    12(time 10431 - 02:53:51)(time 10611 - 02:56:51) ->    13(time 10671 - 02:57:51)(time 10791 - 02:59:51) ->    14(time 10851 - 03:00:51)(time 11031 - 03:03:51) ->    15(time 11151 - 03:05:51)(time 11151 - 03:05:51) -> 31
> Trip 2
   31(time 11151 - 03:05:51)(time 11331 - 03:08:51) ->    30(time 11391 - 03:09:51)(time 11511 - 03:11:51) ->    29(time 11571 - 03:12:51)(time 11751 - 03:15:51) ->    28(time 12150 - 03:22:30)(time 12390 - 03:26:30) ->    27(time 12450 - 03:27:30)(time 12570 - 03:29:30) ->    26(time 12610 - 03:30:10)(time 12850 - 03:34:10) ->    25(time 12910 - 03:35:10)(time 13210 - 03:40:10) ->    24(time 13270 - 03:41:10)(time 13630 - 03:47:10) ->    23(time 13750 - 03:49:10)(time 13930 - 03:52:10) ->    22(time 13970 - 03:52:50)(time 14010 - 03:53:30) ->    21(time 14070 - 03:54:30)(time 14250 - 03:57:30) ->    20(time 14310 - 03:58:30)(time 14490 - 04:01:30) ->    19(time 14550 - 04:02:30)(time 14790 - 04:06:30) ->    18(time 14830 - 04:07:10)(time 14950 - 04:09:10) ->    17(time 15010 - 04:10:10)(time 15250 - 04:14:10) ->    16(time 15370 - 04:16:10)(time 15370 - 04:16:10) ->    0(time 15370 - 04:16:10)(time 15610 - 04:20:10) ->    1(time 15670 - 04:21:10)(time 15790 - 04:23:10) ->    2(time 15830 - 04:23:50)(time 16070 - 04:27:50) ->    3(time 16130 - 04:28:50)(time 16310 - 04:31:50) ->    4(time 16370 - 04:32:50)(time 16550 - 04:35:50) ->    5(time 16610 - 04:36:50)(time 16650 - 04:37:30) ->    6(time 16690 - 04:38:10)(time 16870 - 04:41:10) ->    7(time 17181 - 04:46:21)(time 17541 - 04:52:21) ->    8(time 17601 - 04:53:21)(time 17901 - 04:58:21) ->    9(time 17961 - 04:59:21)(time 18201 - 05:03:21) ->    10(time 18241 - 05:04:01)(time 18361 - 05:06:01) ->    11(time 18421 - 05:07:01)(time 18661 - 05:11:01) ->    12(time 18721 - 05:12:01)(time 18901 - 05:15:01) ->    13(time 18961 - 05:16:01)(time 19081 - 05:18:01) ->    14(time 19141 - 05:19:01)(time 19321 - 05:22:01) ->    15(time 19441 - 05:24:01)(time 19441 - 05:24:01) -> 31
> Trip 3
   31(time 19441 - 05:24:01)(time 19621 - 05:27:01) ->    30(time 19681 - 05:28:01)(time 19801 - 05:30:01) ->    29(time 19861 - 05:31:01)(time 20041 - 05:34:01) ->    28(time 20101 - 05:35:01)(time 20341 - 05:39:01) ->    27(time 20530 - 05:42:10)(time 20650 - 05:44:10) ->    26(time 20690 - 05:44:50)(time 20930 - 05:48:50) ->    25(time 20990 - 05:49:50)(time 21290 - 05:54:50) ->    24(time 21350 - 05:55:50)(time 21710 - 06:01:50) ->    23(time 21830 - 06:03:50)(time 22010 - 06:06:50) ->    22(time 22050 - 06:07:30)(time 22090 - 06:08:10) ->    21(time 22150 - 06:09:10)(time 22330 - 06:12:10) ->    20(time 22390 - 06:13:10)(time 22570 - 06:16:10) ->    19(time 22630 - 06:17:10)(time 22870 - 06:21:10) ->    18(time 22910 - 06:21:50)(time 23030 - 06:23:50) ->    17(time 23090 - 06:24:50)(time 23330 - 06:28:50) ->    16(time 23450 - 06:30:50)(time 23450 - 06:30:50) ->    0(time 23450 - 06:30:50)(time 23690 - 06:34:50) ->    1(time 23750 - 06:35:50)(time 23870 - 06:37:50) ->    2(time 23910 - 06:38:30)(time 24150 - 06:42:30) ->    3(time 24210 - 06:43:30)(time 24390 - 06:46:30) ->    4(time 24450 - 06:47:30)(time 24630 - 06:50:30) ->    5(time 24690 - 06:51:30)(time 24730 - 06:52:10) ->    6(time 24770 - 06:52:50)(time 24950 - 06:55:50) ->    7(time 25070 - 06:57:50)(time 25430 - 07:03:50) ->    8(time 25490 - 07:04:50)(time 25790 - 07:09:50) ->    9(time 25850 - 07:10:50)(time 26090 - 07:14:50) ->    10(time 26130 - 07:15:30)(time 26250 - 07:17:30) ->    11(time 26310 - 07:18:30)(time 26550 - 07:22:30) ->    12(time 26610 - 07:23:30)(time 26790 - 07:26:30) ->    13(time 26850 - 07:27:30)(time 26970 - 07:29:30) ->    14(time 27061 - 07:31:01)(time 27241 - 07:34:01) ->    15(time 27361 - 07:36:01)(time 27361 - 07:36:01) -> 31
> Trip 4
   31(time 27361 - 07:36:01)(time 27541 - 07:39:01) ->    30(time 27601 - 07:40:01)(time 27721 - 07:42:01) ->    29(time 27781 - 07:43:01)(time 27961 - 07:46:01) ->    28(time 28021 - 07:47:01)(time 28261 - 07:51:01) ->    27(time 28321 - 07:52:01)(time 28441 - 07:54:01) ->    26(time 28481 - 07:54:41)(time 28721 - 07:58:41) ->    25(time 28781 - 07:59:41)(time 29081 - 08:04:41) ->    24(time 29141 - 08:05:41)(time 29501 - 08:11:41) ->    23(time 29621 - 08:13:41)(time 29801 - 08:16:41) ->    22(time 29841 - 08:17:21)(time 29881 - 08:18:01) ->    21(time 29941 - 08:19:01)(time 30121 - 08:22:01) ->    20(time 30181 - 08:23:01)(time 30361 - 08:26:01) ->    19(time 30421 - 08:27:01)(time 30661 - 08:31:01) ->    18(time 30701 - 08:31:41)(time 30821 - 08:33:41) ->    17(time 30881 - 08:34:41)(time 31121 - 08:38:41) ->    16(time 31241 - 08:40:41)(time 31241 - 08:40:41) ->    0(time 31241 - 08:40:41)(time 31481 - 08:44:41) ->    1(time 31541 - 08:45:41)(time 31661 - 08:47:41) ->    2(time 31701 - 08:48:21)(time 31941 - 08:52:21) ->    3(time 32001 - 08:53:21)(time 32181 - 08:56:21) ->    4(time 32241 - 08:57:21)(time 32421 - 09:00:21) ->    5(time 32481 - 09:01:21)(time 32521 - 09:02:01) ->    6(time 32561 - 09:02:41)(time 32741 - 09:05:41) ->    7(time 32861 - 09:07:41)(time 33221 - 09:13:41) ->    8(time 33281 - 09:14:41)(time 33581 - 09:19:41) ->    9(time 33641 - 09:20:41)(time 33881 - 09:24:41) ->    10(time 33921 - 09:25:21)(time 34041 - 09:27:21) ->    11(time 34101 - 09:28:21)(time 34341 - 09:32:21) ->    12(time 34401 - 09:33:21)(time 34581 - 09:36:21) ->    13(time 34641 - 09:37:21)(time 34761 - 09:39:21) ->    14(time 34821 - 09:40:21)(time 35001 - 09:43:21) ->    15(time 35121 - 09:45:21)(time 35121 - 09:45:21) -> 31
> Trip 5
   31(time 35121 - 09:45:21)(time 35301 - 09:48:21) ->    30(time 35361 - 09:49:21)(time 35481 - 09:51:21) ->    29(time 35541 - 09:52:21)(time 35721 - 09:55:21) ->    28(time 35781 - 09:56:21)(time 36021 - 10:00:21) ->    27(time 36081 - 10:01:21)(time 36201 - 10:03:21) ->    26(time 36241 - 10:04:01)(time 36481 - 10:08:01) ->    25(time 36541 - 10:09:01)(time 36841 - 10:14:01) ->    24(time 36901 - 10:15:01)(time 37261 - 10:21:01) ->    23(time 37381 - 10:23:01)(time 37561 - 10:26:01) ->    22(time 37601 - 10:26:41)(time 37641 - 10:27:21) ->    21(time 37701 - 10:28:21)(time 37881 - 10:31:21) ->    20(time 37941 - 10:32:21)(time 38121 - 10:35:21) ->    19(time 38181 - 10:36:21)(time 38421 - 10:40:21) ->    18(time 38461 - 10:41:01)(time 38581 - 10:43:01) ->    17(time 38641 - 10:44:01)(time 38881 - 10:48:01) ->    16(time 39001 - 10:50:01)(time 39001 - 10:50:01) ->    0(time 39001 - 10:50:01)(time 39241 - 10:54:01) ->    1(time 39301 - 10:55:01)(time 39421 - 10:57:01) ->    2(time 39721 - 11:02:01)(time 39961 - 11:06:01) ->    3(time 40021 - 11:07:01)(time 40201 - 11:10:01) ->    4(time 40261 - 11:11:01)(time 40441 - 11:14:01) ->    5(time 40501 - 11:15:01)(time 40541 - 11:15:41) ->    6(time 40581 - 11:16:21)(time 40761 - 11:19:21) ->    7(time 40881 - 11:21:21)(time 41241 - 11:27:21) ->    8(time 41301 - 11:28:21)(time 41601 - 11:33:21) ->    9(time 41661 - 11:34:21)(time 41901 - 11:38:21) ->    10(time 41941 - 11:39:01)(time 42061 - 11:41:01) ->    11(time 42121 - 11:42:01)(time 42361 - 11:46:01) ->    12(time 42421 - 11:47:01)(time 42601 - 11:50:01) ->    13(time 42661 - 11:51:01)(time 42781 - 11:53:01) ->    14(time 42841 - 11:54:01)(time 43021 - 11:57:01) ->    15(time 43141 - 11:59:01)(time 43141 - 11:59:01) -> 31
> Trip 6
   31(time 43141 - 11:59:01)(time 43321 - 12:02:01) ->    30(time 43381 - 12:03:01)(time 43501 - 12:05:01) ->    29(time 43561 - 12:06:01)(time 43741 - 12:09:01) ->    28(time 43801 - 12:10:01)(time 44041 - 12:14:01) ->    27(time 44101 - 12:15:01)(time 44221 - 12:17:01) ->    26(time 44261 - 12:17:41)(time 44501 - 12:21:41) ->    25(time 44561 - 12:22:41)(time 44861 - 12:27:41) ->    24(time 44921 - 12:28:41)(time 45281 - 12:34:41) ->    23(time 45401 - 12:36:41)(time 45581 - 12:39:41) ->    22(time 45621 - 12:40:21)(time 45661 - 12:41:01) ->    21(time 45721 - 12:42:01)(time 45901 - 12:45:01) ->    20(time 45961 - 12:46:01)(time 46141 - 12:49:01) ->    19(time 46201 - 12:50:01)(time 46441 - 12:54:01) ->    18(time 46481 - 12:54:41)(time 46601 - 12:56:41) ->    17(time 46661 - 12:57:41)(time 46901 - 13:01:41) ->    16(time 47021 - 13:03:41)(time 47021 - 13:03:41) ->    0(time 47021 - 13:03:41)(time 47261 - 13:07:41) ->    1(time 47321 - 13:08:41)(time 47441 - 13:10:41) ->    2(time 47481 - 13:11:21)(time 47721 - 13:15:21) ->    3(time 47781 - 13:16:21)(time 47961 - 13:19:21) ->    4(time 48021 - 13:20:21)(time 48201 - 13:23:21) ->    5(time 48261 - 13:24:21)(time 48301 - 13:25:01) ->    6(time 48341 - 13:25:41)(time 48521 - 13:28:41) ->    7(time 48641 - 13:30:41)(time 49001 - 13:36:41) ->    8(time 49261 - 13:41:01)(time 49561 - 13:46:01) ->    9(time 49621 - 13:47:01)(time 49861 - 13:51:01) ->    10(time 49901 - 13:51:41)(time 50021 - 13:53:41) ->    11(time 50081 - 13:54:41)(time 50321 - 13:58:41) ->    12(time 50381 - 13:59:41)(time 50561 - 14:02:41) ->    13(time 50621 - 14:03:41)(time 50741 - 14:05:41) ->    14(time 50801 - 14:06:41)(time 50981 - 14:09:41) ->    15(time 51101 - 14:11:41)(time 51101 - 14:11:41) -> 31
=============
Train 1
=============
> Trip 0
   23(time 0 - 00:00:00)(time 180 - 00:03:00) ->    22(time 220 - 00:03:40)(time 260 - 00:04:20) ->    21(time 320 - 00:05:20)(time 500 - 00:08:20) ->    20(time 560 - 00:09:20)(time 740 - 00:12:20) ->    19(time 800 - 00:13:20)(time 1040 - 00:17:20) ->    18(time 1080 - 00:18:00)(time 1200 - 00:20:00) ->    17(time 1260 - 00:21:00)(time 1500 - 00:25:00) -> 16
> Trip 1
   0(time 1500 - 00:25:00)(time 1740 - 00:29:00) ->    1(time 1800 - 00:30:00)(time 1920 - 00:32:00) ->    2(time 1960 - 00:32:40)(time 2200 - 00:36:40) ->    3(time 2260 - 00:37:40)(time 2440 - 00:40:40) ->    4(time 2500 - 00:41:40)(time 2680 - 00:44:40) ->    5(time 2740 - 00:45:40)(time 2780 - 00:46:20) ->    6(time 2820 - 00:47:00)(time 3000 - 00:50:00) ->    7(time 3120 - 00:52:00)(time 3480 - 00:58:00) ->    8(time 3540 - 00:59:00)(time 3840 - 01:04:00) ->    9(time 3900 - 01:05:00)(time 4140 - 01:09:00) ->    10(time 4180 - 01:09:40)(time 4300 - 01:11:40) ->    11(time 4360 - 01:12:40)(time 4600 - 01:16:40) ->    12(time 4660 - 01:17:40)(time 4840 - 01:20:40) ->    13(time 4900 - 01:21:40)(time 5020 - 01:23:40) ->    14(time 5080 - 01:24:40)(time 5260 - 01:27:40) ->    15(time 5380 - 01:29:40)(time 5380 - 01:29:40) ->    31(time 5380 - 01:29:40)(time 5560 - 01:32:40) ->    30(time 5620 - 01:33:40)(time 5740 - 01:35:40) ->    29(time 5800 - 01:36:40)(time 5980 - 01:39:40) ->    28(time 6040 - 01:40:40)(time 6280 - 01:44:40) ->    27(time 6340 - 01:45:40)(time 6460 - 01:47:40) ->    26(time 6500 - 01:48:20)(time 6740 - 01:52:20) ->    25(time 6800 - 01:53:20)(time 7100 - 01:58:20) ->    24(time 7160 - 01:59:20)(time 7520 - 02:05:20) ->    23(time 7640 - 02:07:20)(time 7820 - 02:10:20) ->    22(time 8180 - 02:16:20)(time 8220 - 02:17:00) ->    21(time 8280 - 02:18:00)(time 8460 - 02:21:00) ->    20(time 8520 - 02:22:00)(time 8700 - 02:25:00) ->    19(time 8760 - 02:26:00)(time 9000 - 02:30:00) ->    18(time 9040 - 02:30:40)(time 9160 - 02:32:40) ->    17(time 9610 - 02:40:10)(time 9850 - 02:44:10) ->    16(time 9970 - 02:46:10)(time 9970 - 02:46:10) -> 0
> Trip 2
   0(time 9970 - 02:46:10)(time 10210 - 02:50:10) ->    1(time 10270 - 02:51:10)(time 10390 - 02:53:10) ->    2(time 10430 - 02:53:50)(time 10670 - 02:57:50) ->    3(time 10730 - 02:58:50)(time 10910 - 03:01:50) ->    4(time 10970 - 03:02:50)(time 11150 - 03:05:50) ->    5(time 11210 - 03:06:50)(time 11250 - 03:07:30) ->    6(time 11290 - 03:08:10)(time 11470 - 03:11:10) ->    7(time 11590 - 03:13:10)(time 11950 - 03:19:10) ->    8(time 12010 - 03:20:10)(time 12310 - 03:25:10) ->    9(time 12370 - 03:26:10)(time 12610 - 03:30:10) ->    10(time 12650 - 03:30:50)(time 12770 - 03:32:50) ->    11(time 12830 - 03:33:50)(time 13070 - 03:37:50) ->    12(time 13130 - 03:38:50)(time 13310 - 03:41:50) ->    13(time 13370 - 03:42:50)(time 13490 - 03:44:50) ->    14(time 13550 - 03:45:50)(time 13730 - 03:48:50) ->    15(time 13850 - 03:50:50)(time 13850 - 03:50:50) ->    31(time 13850 - 03:50:50)(time 14030 - 03:53:50) ->    30(time 14090 - 03:54:50)(time 14210 - 03:56:50) ->    29(time 14270 - 03:57:50)(time 14450 - 04:00:50) ->    28(time 14510 - 04:01:50)(time 14750 - 04:05:50) ->    27(time 14810 - 04:06:50)(time 14930 - 04:08:50) ->    26(time 14970 - 04:09:30)(time 15210 - 04:13:30) ->    25(time 15270 - 04:14:30)(time 15570 - 04:19:30) ->    24(time 15630 - 04:20:30)(time 15990 - 04:26:30) ->    23(time 16110 - 04:28:30)(time 16290 - 04:31:30) ->    22(time 16650 - 04:37:30)(time 16690 - 04:38:10) ->    21(time 16750 - 04:39:10)(time 16930 - 04:42:10) ->    20(time 16990 - 04:43:10)(time 17170 - 04:46:10) ->    19(time 17230 - 04:47:10)(time 17470 - 04:51:10) ->    18(time 17510 - 04:51:50)(time 17630 - 04:53:50) ->    17(time 17690 - 04:54:50)(time 17930 - 04:58:50) ->    16(time 18050 - 05:00:50)(time 18050 - 05:00:50) -> 0
> Trip 3
   0(time 18050 - 05:00:50)(time 18290 - 05:04:50) ->    1(time 18350 - 05:05:50)(time 18470 - 05:07:50) ->    2(time 18510 - 05:08:30)(time 18750 - 05:12:30) ->    3(time 18810 - 05:13:30)(time 18990 - 05:16:30) ->    4(time 19050 - 05:17:30)(time 19230 - 05:20:30) ->    5(time 19290 - 05:21:30)(time 19330 - 05:22:10) ->    6(time 19370 - 05:22:50)(time 19550 - 05:25:50) ->    7(time 19670 - 05:27:50)(time 20030 - 05:33:50) ->    8(time 20090 - 05:34:50)(time 20390 - 05:39:50) ->    9(time 20450 - 05:40:50)(time 20690 - 05:44:50) ->    10(time 20730 - 05:45:30)(time 20850 - 05:47:30) ->    11(time 20910 - 05:48:30)(time 21150 - 05:52:30) ->    12(time 21210 - 05:53:30)(time 21390 - 05:56:30) ->    13(time 21450 - 05:57:30)(time 21570 - 05:59:30) ->    14(time 21630 - 06:00:30)(time 21810 - 06:03:30) ->    15(time 21930 - 06:05:30)(time 21930 - 06:05:30) ->    31(time 22250 - 06:10:50)(time 22430 - 06:13:50) ->    30(time 22490 - 06:14:50)(time 22610 - 06:16:50) ->    29(time 22670 - 06:17:50)(time 22850 - 06:20:50) ->    28(time 22910 - 06:21:50)(time 23150 - 06:25:50) ->    27(time 23210 - 06:26:50)(time 23330 - 06:28:50) ->    26(time 23370 - 06:29:30)(time 23610 - 06:33:30) ->    25(time 23670 - 06:34:30)(time 23970 - 06:39:30) ->    24(time 24030 - 06:40:30)(time 24390 - 06:46:30) ->    23(time 24510 - 06:48:30)(time 24690 - 06:51:30) ->    22(time 24730 - 06:52:10)(time 24770 - 06:52:50) ->    21(time 24830 - 06:53:50)(time 25010 - 06:56:50) ->    20(time 25070 - 06:57:50)(time 25250 - 07:00:50) ->    19(time 25310 - 07:01:50)(time 25550 - 07:05:50) ->    18(time 25590 - 07:06:30)(time 25710 - 07:08:30) ->    17(time 25770 - 07:09:30)(time 26010 - 07:13:30) ->    16(time 26130 - 07:15:30)(time 26130 - 07:15:30) -> 0
> Trip 4
   0(time 34801 - 09:40:01)(time 35041 - 09:44:01) ->    1(time 35101 - 09:45:01)(time 35221 - 09:47:01) ->    2(time 35261 - 09:47:41)(time 35501 - 09:51:41) ->    3(time 35561 - 09:52:41)(time 35741 - 09:55:41) ->    4(time 35801 - 09:56:41)(time 35981 - 09:59:41) ->    5(time 36041 - 10:00:41)(time 36081 - 10:01:21) ->    6(time 36121 - 10:02:01)(time 36301 - 10:05:01) ->    7(time 36421 - 10:07:01)(time 36781 - 10:13:01) ->    8(time 36841 - 10:14:01)(time 37141 - 10:19:01) ->    9(time 37201 - 10:20:01)(time 37441 - 10:24:01) ->    10(time 37481 - 10:24:41)(time 37601 - 10:26:41) ->    11(time 37661 - 10:27:41)(time 37901 - 10:31:41) ->    12(time 37961 - 10:32:41)(time 38141 - 10:35:41) ->    13(time 38201 - 10:36:41)(time 38321 - 10:38:41) ->    14(time 38381 - 10:39:41)(time 38561 - 10:42:41) ->    15(time 38681 - 10:44:41)(time 38681 - 10:44:41) ->    31(time 38741 - 10:45:41)(time 38921 - 10:48:41) ->    30(time 38981 - 10:49:41)(time 39101 - 10:51:41) ->    29(time 39161 - 10:52:41)(time 39341 - 10:55:41) ->    28(time 39401 - 10:56:41)(time 39641 - 11:00:41) ->    27(time 39701 - 11:01:41)(time 39821 - 11:03:41) ->    26(time 39861 - 11:04:21)(time 40101 - 11:08:21) ->    25(time 40161 - 11:09:21)(time 40461 - 11:14:21) ->    24(time 40521 - 11:15:21)(time 40881 - 11:21:21) ->    23(time 41001 - 11:23:21)(time 41181 - 11:26:21) ->    22(time 41221 - 11:27:01)(time 41261 - 11:27:41) ->    21(time 41321 - 11:28:41)(time 41501 - 11:31:41) ->    20(time 41561 - 11:32:41)(time 41741 - 11:35:41) ->    19(time 41830 - 11:37:10)(time 42070 - 11:41:10) ->    18(time 42110 - 11:41:50)(time 42230 - 11:43:50) ->    17(time 42290 - 11:44:50)(time 42530 - 11:48:50) ->    16(time 42650 - 11:50:50)(time 42650 - 11:50:50) -> 0
> Trip 5
   0(time 42650 - 11:50:50)(time 42890 - 11:54:50) ->    1(time 42950 - 11:55:50)(time 43070 - 11:57:50) ->    2(time 43401 - 12:03:21)(time 43641 - 12:07:21) ->    3(time 43701 - 12:08:21)(time 43881 - 12:11:21) ->    4(time 43941 - 12:12:21)(time 44121 - 12:15:21) ->    5(time 44181 - 12:16:21)(time 44221 - 12:17:01) ->    6(time 44261 - 12:17:41)(time 44441 - 12:20:41) ->    7(time 44561 - 12:22:41)(time 44921 - 12:28:41) ->    8(time 45381 - 12:36:21)(time 45681 - 12:41:21) ->    9(time 45741 - 12:42:21)(time 45981 - 12:46:21) ->    10(time 46021 - 12:47:01)(time 46141 - 12:49:01) ->    11(time 46201 - 12:50:01)(time 46441 - 12:54:01) ->    12(time 46501 - 12:55:01)(time 46681 - 12:58:01) ->    13(time 46741 - 12:59:01)(time 46861 - 13:01:01) ->    14(time 46921 - 13:02:01)(time 47101 - 13:05:01) ->    15(time 47221 - 13:07:01)(time 47221 - 13:07:01) ->    31(time 47221 - 13:07:01)(time 47401 - 13:10:01) ->    30(time 47461 - 13:11:01)(time 47581 - 13:13:01) ->    29(time 47641 - 13:14:01)(time 47821 - 13:17:01) ->    28(time 47881 - 13:18:01)(time 48121 - 13:22:01) ->    27(time 48181 - 13:23:01)(time 48301 - 13:25:01) ->    26(time 48341 - 13:25:41)(time 48581 - 13:29:41) ->    25(time 48641 - 13:30:41)(time 48941 - 13:35:41) ->    24(time 49001 - 13:36:41)(time 49361 - 13:42:41) ->    23(time 49481 - 13:44:41)(time 49661 - 13:47:41) ->    22(time 49701 - 13:48:21)(time 49741 - 13:49:01) ->    21(time 49801 - 13:50:01)(time 49981 - 13:53:01) ->    20(time 50041 - 13:54:01)(time 50221 - 13:57:01) ->    19(time 50281 - 13:58:01)(time 50521 - 14:02:01) ->    18(time 50561 - 14:02:41)(time 50681 - 14:04:41) ->    17(time 50741 - 14:05:41)(time 50981 - 14:09:41) ->    16(time 51101 - 14:11:41)(time 51101 - 14:11:41) -> 0
=============
Train 2
=============
> Trip 0
   23(time 2000 - 00:33:20)(time 2180 - 00:36:20) ->    22(time 2780 - 00:46:20)(time 2820 - 00:47:00) ->    21(time 2880 - 00:48:00)(time 3060 - 00:51:00) ->    20(time 3660 - 01:01:00)(time 3840 - 01:04:00) ->    19(time 4440 - 01:14:00)(time 4680 - 01:18:00) ->    18(time 5280 - 01:28:00)(time 5400 - 01:30:00) ->    17(time 6000 - 01:40:00)(time 6240 - 01:44:00) -> 16
> Trip 1
   0(time 8591 - 02:23:11)(time 8831 - 02:27:11) ->    1(time 8891 - 02:28:11)(time 9011 - 02:30:11) ->    2(time 9051 - 02:30:51)(time 9291 - 02:34:51) ->    3(time 9351 - 02:35:51)(time 9531 - 02:38:51) ->    4(time 9591 - 02:39:51)(time 9771 - 02:42:51) ->    5(time 9831 - 02:43:51)(time 9871 - 02:44:31) ->    6(time 9911 - 02:45:11)(time 10091 - 02:48:11) ->    7(time 10211 - 02:50:11)(time 10571 - 02:56:11) ->    8(time 10631 - 02:57:11)(time 10931 - 03:02:11) ->    9(time 10991 - 03:03:11)(time 11231 - 03:07:11) ->    10(time 11271 - 03:07:51)(time 11391 - 03:09:51) ->    11(time 11451 - 03:10:51)(time 11691 - 03:14:51) ->    12(time 11751 - 03:15:51)(time 11931 - 03:18:51) ->    13(time 11991 - 03:19:51)(time 12111 - 03:21:51) ->    14(time 12171 - 03:22:51)(time 12351 - 03:25:51) ->    15(time 12471 - 03:27:51)(time 12471 - 03:27:51) ->    31(time 12471 - 03:27:51)(time 12651 - 03:30:51) ->    30(time 12711 - 03:31:51)(time 12831 - 03:33:51) ->    29(time 12891 - 03:34:51)(time 13071 - 03:37:51) ->    28(time 13131 - 03:38:51)(time 13371 - 03:42:51) ->    27(time 13431 - 03:43:51)(time 13551 - 03:45:51) ->    26(time 13591 - 03:46:31)(time 13831 - 03:50:31) ->    25(time 13891 - 03:51:31)(time 14191 - 03:56:31) ->    24(time 14251 - 03:57:31)(time 14611 - 04:03:31) ->    23(time 14731 - 04:05:31)(time 14911 - 04:08:31) ->    22(time 14951 - 04:09:11)(time 14991 - 04:09:51) ->    21(time 15051 - 04:10:51)(time 15231 - 04:13:51) ->    20(time 15291 - 04:14:51)(time 15471 - 04:17:51) ->    19(time 15531 - 04:18:51)(time 15771 - 04:22:51) ->    18(time 15811 - 04:23:31)(time 15931 - 04:25:31) ->    17(time 15991 - 04:26:31)(time 16231 - 04:30:31) ->    16(time 16351 - 04:32:31)(time 16351 - 04:32:31) -> 0
> Trip 2
   0(time 33601 - 09:20:01)(time 33841 - 09:24:01) ->    1(time 33901 - 09:25:01)(time 34021 - 09:27:01) ->    2(time 34061 - 09:27:41)(time 34301 - 09:31:41) ->    3(time 34361 - 09:32:41)(time 34541 - 09:35:41) ->    4(time 34601 - 09:36:41)(time 34781 - 09:39:41) ->    5(time 34841 - 09:40:41)(time 34881 - 09:41:21) ->    6(time 34921 - 09:42:01)(time 35101 - 09:45:01) ->    7(time 35221 - 09:47:01)(time 35581 - 09:53:01) ->    8(time 35641 - 09:54:01)(time 35941 - 09:59:01) ->    9(time 36001 - 10:00:01)(time 36241 - 10:04:01) ->    10(time 36281 - 10:04:41)(time 36401 - 10:06:41) ->    11(time 36461 - 10:07:41)(time 36701 - 10:11:41) ->    12(time 36761 - 10:12:41)(time 36941 - 10:15:41) ->    13(time 37001 - 10:16:41)(time 37121 - 10:18:41) ->    14(time 37181 - 10:19:41)(time 37361 - 10:22:41) ->    15(time 37961 - 10:32:41)(time 37961 - 10:32:41) ->    31(time 38561 - 10:42:41)(time 38741 - 10:45:41) ->    30(time 38801 - 10:46:41)(time 38921 - 10:48:41) ->    29(time 38981 - 10:49:41)(time 39161 - 10:52:41) ->    28(time 39221 - 10:53:41)(time 39461 - 10:57:41) ->    27(time 39521 - 10:58:41)(time 39641 - 11:00:41) ->    26(time 39681 - 11:01:21)(time 39921 - 11:05:21) ->    25(time 39981 - 11:06:21)(time 40281 - 11:11:21) ->    24(time 40341 - 11:12:21)(time 40701 - 11:18:21) ->    23(time 40821 - 11:20:21)(time 41001 - 11:23:21) ->    22(time 41041 - 11:24:01)(time 41081 - 11:24:41) ->    21(time 41141 - 11:25:41)(time 41321 - 11:28:41) ->    20(time 41381 - 11:29:41)(time 41561 - 11:32:41) ->    19(time 41621 - 11:33:41)(time 41861 - 11:37:41) ->    18(time 41901 - 11:38:21)(time 42021 - 11:40:21) ->    17(time 42081 - 11:41:21)(time 42321 - 11:45:21) ->    16(time 42470 - 11:47:50)(time 42470 - 11:47:50) -> 0
