t3p16r2h1.txt:
   > Trying to open the instance file...
   > Reading number of trains...
   > Reading maximum number of trips per train...
   > Reading time intervals...
   > Reading number of points...
   > Reading stations...
   > Reading crossings...
   > Reading depots...
   > Reading initial point...
   > Reading routes...
   > Reading distance and distance and service...
   > Reading demands...
   > Reading maximum time...
   > Reading alpha...

--------------------------------
 Printing instance
--------------------------------
number of trains = 3
	max trips per trains: 2     2     2
number of intervals = 1
	(0,  35645)
number of points = 16
	initial point: 15
	stations: 0     1     2     3     4     5     6     9    11    12    13    14    15
	crossings: 0     1     7     8    10    13    14    15
	depots: 0    15
number of vertices = 32
	total vertices: 0     1     2     3     4     5     6     7     8     9    10    11    12    13    14    15    16    17    18    19    20    21    22    23    24    25    26    27    28    29    30    31
	upper vertices: 0     1     2     3     4     5     6     7     8     9    10    11    12    13    14    15
	lower vertices: 16    17    18    19    20    21    22    23    24    25    26    27    28    29    30    31
	vertices of point #0: (0, 16)
	vertices of point #1: (1, 17)
	vertices of point #2: (2, 18)
	vertices of point #3: (3, 19)
	vertices of point #4: (4, 20)
	vertices of point #5: (5, 21)
	vertices of point #6: (6, 22)
	vertices of point #7: (7, 23)
	vertices of point #8: (8, 24)
	vertices of point #9: (9, 25)
	vertices of point #10: (10, 26)
	vertices of point #11: (11, 27)
	vertices of point #12: (12, 28)
	vertices of point #13: (13, 29)
	vertices of point #14: (14, 30)
	vertices of point #15: (15, 31)

arcs...
	total arcs: 
		arc #0: (0, 1)
		arc #1: (0, 16)
		arc #2: (16, 0)
		arc #3: (1, 2)
		arc #4: (17, 16)
		arc #5: (2, 3)
		arc #6: (18, 17)
		arc #7: (3, 4)
		arc #8: (19, 18)
		arc #9: (4, 5)
		arc #10: (20, 19)
		arc #11: (5, 6)
		arc #12: (21, 20)
		arc #13: (6, 7)
		arc #14: (22, 21)
		arc #15: (7, 8)
		arc #16: (23, 22)
		arc #17: (8, 9)
		arc #18: (24, 23)
		arc #19: (9, 10)
		arc #20: (25, 24)
		arc #21: (10, 11)
		arc #22: (26, 25)
		arc #23: (11, 12)
		arc #24: (27, 26)
		arc #25: (12, 13)
		arc #26: (28, 27)
		arc #27: (13, 14)
		arc #28: (29, 28)
		arc #29: (14, 15)
		arc #30: (30, 29)
		arc #31: (31, 30)
		arc #32: (15, 31)
		arc #33: (31, 15)

	reverse arcs: 
		arc #1: (0, 16)
		arc #2: (16, 0)
		arc #32: (15, 31)
		arc #33: (31, 15)


incompatible points...
	(0, 0, 17, (0, 1))	(17, 17, 0, (17, 16))	(1, 6, 23, (6, 7))	(23, 18, 1, (18, 17))	(7, 7, 24, (7, 8))	(24, 24, 7, (24, 23))	(8, 9, 26, (9, 10))	(26, 25, 8, (25, 24))	(10, 12, 29, (12, 13))	(29, 27, 10, (27, 26))	(13, 13, 30, (13, 14))	(30, 30, 13, (30, 29))	(14, 14, 31, (14, 15))	(31, 31, 14, (31, 30))

number of routes = 2
vertices of routes...
	route #0: 0     1     2     3     4     5     6     7     8     9    10    11    12    13    14    15    31    30    29    28    27    26    25    24    23    22    21    20    19    18    17    16     0
	route #1: 31    30    29    28    27    26    25    24    23    22    21    20    19    18    17    16     0     1     2     3     4     5     6     7     8     9    10    11    12    13    14    15    31
arcs of routes...
	route #0: 0     3     5     7     9    11    13    15    17    19    21    23    25    27    29    32    31    30    28    26    24    22    20    18    16    14    12    10     8     6     4     2
	route #1: 31    30    28    26    24    22    20    18    16    14    12    10     8     6     4     2     0     3     5     7     9    11    13    15    17    19    21    23    25    27    29    32

incompatible routes...
	(0, 1)    	(1, 0)

vertices that can be adjacent in consecutive trips...
	(0, 0)    	(31, 31)
non cyclical routes: 


routes of trip...
	routes that train #0 can complete at trip #0: 1
	routes that train #0 can complete at trip #1: 0       1

	routes that train #1 can complete at trip #0: 1
	routes that train #1 can complete at trip #1: 0       1

	routes that train #2 can complete at trip #0: 1
	routes that train #2 can complete at trip #1: 0       1

 cost...
	arc #0 [0][1]: 322
	arc #1 [0][16]: 0
	arc #2 [16][0]: 0
	arc #3 [1][2]: 356
	arc #4 [17][16]: 322
	arc #5 [2][3]: 344
	arc #6 [18][17]: 356
	arc #7 [3][4]: 322
	arc #8 [19][18]: 344
	arc #9 [4][5]: 351
	arc #10 [20][19]: 322
	arc #11 [5][6]: 352
	arc #12 [21][20]: 351
	arc #13 [6][7]: 334
	arc #14 [22][21]: 352
	arc #15 [7][8]: 310
	arc #16 [23][22]: 334
	arc #17 [8][9]: 337
	arc #18 [24][23]: 310
	arc #19 [9][10]: 298
	arc #20 [25][24]: 337
	arc #21 [10][11]: 343
	arc #22 [26][25]: 298
	arc #23 [11][12]: 308
	arc #24 [27][26]: 343
	arc #25 [12][13]: 356
	arc #26 [28][27]: 308
	arc #27 [13][14]: 357
	arc #28 [29][28]: 356
	arc #29 [14][15]: 346
	arc #30 [30][29]: 357
	arc #31 [31][30]: 346
	arc #32 [15][31]: 0
	arc #33 [31][15]: 0

cost with minimum service...
	arc #0 [0][1]: 429
	arc #1 [0][16]: 0
	arc #2 [16][0]: 0
	arc #3 [1][2]: 463
	arc #4 [17][16]: 483
	arc #5 [2][3]: 451
	arc #6 [18][17]: 463
	arc #7 [3][4]: 429
	arc #8 [19][18]: 451
	arc #9 [4][5]: 458
	arc #10 [20][19]: 429
	arc #11 [5][6]: 459
	arc #12 [21][20]: 458
	arc #13 [6][7]: 392
	arc #14 [22][21]: 459
	arc #15 [7][8]: 368
	arc #16 [23][22]: 441
	arc #17 [8][9]: 444
	arc #18 [24][23]: 368
	arc #19 [9][10]: 356
	arc #20 [25][24]: 395
	arc #21 [10][11]: 450
	arc #22 [26][25]: 405
	arc #23 [11][12]: 415
	arc #24 [27][26]: 401
	arc #25 [12][13]: 463
	arc #26 [28][27]: 415
	arc #27 [13][14]: 464
	arc #28 [29][28]: 463
	arc #29 [14][15]: 507
	arc #30 [30][29]: 464
	arc #31 [31][30]: 453
	arc #32 [15][31]: 0
	arc #33 [31][15]: 0

cost with maximum service...
	arc #0 [0][1]: 710
	arc #1 [0][16]: 388
	arc #2 [16][0]: 388
	arc #3 [1][2]: 744
	arc #4 [17][16]: 710
	arc #5 [2][3]: 732
	arc #6 [18][17]: 744
	arc #7 [3][4]: 710
	arc #8 [19][18]: 732
	arc #9 [4][5]: 739
	arc #10 [20][19]: 710
	arc #11 [5][6]: 740
	arc #12 [21][20]: 739
	arc #13 [6][7]: 722
	arc #14 [22][21]: 740
	arc #15 [7][8]: 698
	arc #16 [23][22]: 722
	arc #17 [8][9]: 725
	arc #18 [24][23]: 698
	arc #19 [9][10]: 686
	arc #20 [25][24]: 725
	arc #21 [10][11]: 731
	arc #22 [26][25]: 686
	arc #23 [11][12]: 696
	arc #24 [27][26]: 731
	arc #25 [12][13]: 744
	arc #26 [28][27]: 696
	arc #27 [13][14]: 745
	arc #28 [29][28]: 744
	arc #29 [14][15]: 734
	arc #30 [30][29]: 745
	arc #31 [31][30]: 734
	arc #32 [15][31]: 388
	arc #33 [31][15]: 388

demands...
	demands of vertex 0 at time interval: 3
	demands of vertex 1 at time interval: 3
	demands of vertex 2 at time interval: 3
	demands of vertex 3 at time interval: 3
	demands of vertex 4 at time interval: 3
	demands of vertex 5 at time interval: 3
	demands of vertex 6 at time interval: 3
	demands of vertex 7 at time interval: 0
	demands of vertex 8 at time interval: 0
	demands of vertex 9 at time interval: 3
	demands of vertex 10 at time interval: 0
	demands of vertex 11 at time interval: 3
	demands of vertex 12 at time interval: 3
	demands of vertex 13 at time interval: 3
	demands of vertex 14 at time interval: 3
	demands of vertex 15 at time interval: 0
	demands of vertex 16 at time interval: 0
	demands of vertex 17 at time interval: 3
	demands of vertex 18 at time interval: 3
	demands of vertex 19 at time interval: 3
	demands of vertex 20 at time interval: 3
	demands of vertex 21 at time interval: 3
	demands of vertex 22 at time interval: 3
	demands of vertex 23 at time interval: 0
	demands of vertex 24 at time interval: 0
	demands of vertex 25 at time interval: 3
	demands of vertex 26 at time interval: 0
	demands of vertex 27 at time interval: 3
	demands of vertex 28 at time interval: 3
	demands of vertex 29 at time interval: 3
	demands of vertex 30 at time interval: 3
	demands of vertex 31 at time interval: 3

maximum time = 35645
alpha = 74

>> Solving...
Version identifier: 20.1.0.0 | 2020-11-10 | 9bedb6d68
CPXPARAM_Threads                                 1
CPXPARAM_TimeLimit                               43200
Tried aggregator 4 times.
MIP Presolve eliminated 21002 rows and 2955 columns.
MIP Presolve modified 54891 coefficients.
Aggregator did 576 substitutions.
Reduced MIP has 57343 rows, 21847 columns, and 139404 nonzeros.
Reduced MIP has 21654 binaries, 0 generals, 0 SOSs, and 0 indicators.
Presolve time = 5.28 sec. (2306.08 ticks)
Probing fixed 36 vars, tightened 155 bounds.
Probing time = 4.08 sec. (671.64 ticks)
Cover probing fixed 0 vars, tightened 5 bounds.
Tried aggregator 1 time.
Detecting symmetries...
MIP Presolve eliminated 108 rows and 36 columns.
MIP Presolve modified 3433 coefficients.
Reduced MIP has 57235 rows, 21811 columns, and 139116 nonzeros.
Reduced MIP has 21618 binaries, 0 generals, 0 SOSs, and 0 indicators.
Presolve time = 1.96 sec. (2625.71 ticks)
Probing fixed 0 vars, tightened 73 bounds.
Probing time = 2.72 sec. (336.19 ticks)
Clique table members: 94873.
MIP emphasis: balance optimality and feasibility.
MIP search method: dynamic search.
Parallel mode: none, using 1 thread.
Root relaxation solution time = 2.76 sec. (1764.12 ticks)

        Nodes                                         Cuts/
   Node  Left     Objective  IInf  Best Integer    Best Bound    ItCnt     Gap

      0     0       12.9309  2712                     12.9309     4097         
      0     0     3505.2286  3614                   Cuts: 187     9654         
      0     0     7295.0189  3626                   Cuts: 599     9748         
      0     0     7323.0728  3639                   Cuts: 473     9803         
      0     0     7586.2927  3643                   Cuts: 488    11650         
      0     0     7692.4535  5441                   Cuts: 406    15287         

Repeating presolve.
Tried aggregator 1 time.
MIP Presolve eliminated 51300 rows and 20520 columns.
MIP Presolve modified 1993 coefficients.
Reduced MIP has 5935 rows, 1291 columns, and 15954 nonzeros.
Reduced MIP has 1098 binaries, 0 generals, 0 SOSs, and 0 indicators.
Presolve time = 0.31 sec. (135.91 ticks)
Probing fixed 0 vars, tightened 63 bounds.
Probing time = 0.19 sec. (106.40 ticks)
Tried aggregator 1 time.
Detecting symmetries...
MIP Presolve modified 1274 coefficients.
Reduced MIP has 5935 rows, 1291 columns, and 15954 nonzeros.
Reduced MIP has 1098 binaries, 0 generals, 0 SOSs, and 0 indicators.
Presolve time = 0.08 sec. (44.14 ticks)
Represolve time = 0.70 sec. (299.96 ticks)
Probing fixed 0 vars, tightened 56 bounds.
Probing time = 0.18 sec. (99.43 ticks)
Clique table members: 9832.
MIP emphasis: balance optimality and feasibility.
MIP search method: dynamic search.
Parallel mode: none, using 1 thread.
Root relaxation solution time = 0.14 sec. (90.53 ticks)

        Nodes                                         Cuts/
   Node  Left     Objective  IInf  Best Integer    Best Bound    ItCnt     Gap

      0     0     7692.4535   302                   7692.4535    16276         
      0     0     7752.4994   255                    Cuts: 79    16543         
      0     0     7752.9205   306                    Cuts: 53    16653         
      0     0     7757.8392   263                    Cuts: 28    16744         
      0     0     7757.8392   264                    Cuts: 46    16779         
      0     0     7757.8392   253                ZeroHalf: 21    16787         
      0     0     7757.8392   255                    Cuts: 20    16802         
*     0+    0                        33135.0000     7757.8392            76.59%
      0     2     7757.8392   251    33135.0000    11451.9274    16802   65.44%
Elapsed time = 42.18 sec. (22169.47 ticks, tree = 0.01 MB, solutions = 1)
      2     4    13096.0000   298    33135.0000    13096.0000    19080   60.48%
*    23     5      integral     0    26192.0000    13096.0000    20193   50.00%
     33     8    13491.0000    62    26192.0000    13096.0000    20752   50.00%
     76    42    13096.0000   469    26192.0000    13096.0000    23257   50.00%
    109    57    13310.0000   258    26192.0000    13096.0000    24954   50.00%
    167   102    19303.0000   245    26192.0000    13096.0000    26461   50.00%
    229   125    14169.0000   169    26192.0000    13096.0000    27685   50.00%
    285   130    13310.0000   270    26192.0000    13096.0000    28903   50.00%
    339   156    13899.0000   129    26192.0000    13096.0000    30217   50.00%
    373   145    infeasible          26192.0000    13096.0000    33009   50.00%
    476   180    13257.0653   146    26192.0000    13203.0000    37871   49.59%
Elapsed time = 48.60 sec. (25503.67 ticks, tree = 0.65 MB, solutions = 2)
    730   332    13525.0000   150    26192.0000    13257.0000    41275   49.39%

Performing restart 1

Repeating presolve.
Tried aggregator 1 time.
MIP Presolve modified 1440 coefficients.
Reduced MIP has 5935 rows, 1291 columns, and 15954 nonzeros.
Reduced MIP has 1098 binaries, 0 generals, 0 SOSs, and 0 indicators.
Presolve time = 0.07 sec. (42.61 ticks)
Tried aggregator 1 time.
MIP Presolve eliminated 36 rows and 12 columns.
MIP Presolve modified 2839 coefficients.
Reduced MIP has 5899 rows, 1279 columns, and 15858 nonzeros.
Reduced MIP has 1086 binaries, 0 generals, 0 SOSs, and 0 indicators.
Presolve time = 0.10 sec. (54.72 ticks)
Represolve time = 1.18 sec. (829.92 ticks)
   1030     0    11591.1375   360    26192.0000     Cuts: 349    46634   49.31%
   1030     0    13096.0000   386    26192.0000     Cuts: 333    47133   49.31%
   1030     0    13096.0000   481    26192.0000     Cuts: 775    47482   49.31%
   1030     0    13096.0000   653    26192.0000    Cuts: 1019    47839   49.31%
   1030     0    13096.0000   516    26192.0000     Cuts: 321    48175   49.31%
   1030     0    13096.0000   661    26192.0000     Cuts: 402    48469   49.31%
   1030     0    13096.0000   602    26192.0000     Cuts: 514    48635   49.31%
   1030     0    13096.0000   587    26192.0000     Cuts: 296    48835   49.31%
   1030     0    13096.0000   611    26192.0000     Cuts: 392    49026   49.31%
   1030     2    13096.0000   388    26192.0000    13277.0000    49026   49.31%
   1037     7    13491.0000   260    26192.0000    13277.0000    49701   49.31%
   1106    51    13096.0000   594    26192.0000    13277.0000    50864   49.31%
   1158    82    13096.1674   523    26192.0000    13277.0000    52663   49.31%
   1268   148    13277.0000   153    26192.0000    13277.0000    55884   49.31%
*  1293    63      integral     0    13579.0000    13277.0000    56211    2.22%
   1403    87        cutoff          13579.0000    13363.5000    59808    1.59%
   1557    96    13419.2119    97    13579.0000    13418.0000    65443    1.19%

GUB cover cuts applied:  16
Clique cuts applied:  283
Cover cuts applied:  107
Flow cuts applied:  7
Mixed integer rounding cuts applied:  163
Zero-half cuts applied:  203
Gomory fractional cuts applied:  5

Root node processing (before b&c):
  Real time             =   42.18 sec. (22170.38 ticks)
Sequential b&c:
  Real time             =   35.28 sec. (17920.92 ticks)
                          ------------
Total (root+branch&cut) =   77.46 sec. (40091.30 ticks)
Optimal

>> Printing some results...
    -> Solution value = 13578 - 03:46:18
    -> Total time = 77.47
    -> Gap value = 0.00

=============
Train 0
=============
> Trip 0
   31(time 0 - 00:00:00)(time 346 - 00:05:46) ->    30(time 453 - 00:07:33)(time 810 - 00:13:30) ->    29(time 917 - 00:15:17)(time 1273 - 00:21:13) ->    28(time 1380 - 00:23:00)(time 1688 - 00:28:08) ->    27(time 1795 - 00:29:55)(time 2138 - 00:35:38) ->    26(time 2196 - 00:36:36)(time 2494 - 00:41:34) ->    25(time 2601 - 00:43:21)(time 2938 - 00:48:58) ->    24(time 2996 - 00:49:56)(time 3306 - 00:55:06) ->    23(time 3364 - 00:56:04)(time 3698 - 01:01:38) ->    22(time 3805 - 01:03:25)(time 4157 - 01:09:17) ->    21(time 4264 - 01:11:04)(time 4615 - 01:16:55) ->    20(time 4722 - 01:18:42)(time 5044 - 01:24:04) ->    19(time 5151 - 01:25:51)(time 5495 - 01:31:35) ->    18(time 5602 - 01:33:22)(time 5958 - 01:39:18) ->    17(time 6065 - 01:41:05)(time 6387 - 01:46:27) ->    16(time 6548 - 01:49:08)(time 6548 - 01:49:08) ->    0(time 6709 - 01:51:49)(time 7031 - 01:57:11) ->    1(time 7138 - 01:58:58)(time 7494 - 02:04:54) ->    2(time 7601 - 02:06:41)(time 7945 - 02:12:25) ->    3(time 8052 - 02:14:12)(time 8374 - 02:19:34) ->    4(time 8481 - 02:21:21)(time 8832 - 02:27:12) ->    5(time 8939 - 02:28:59)(time 9291 - 02:34:51) ->    6(time 9398 - 02:36:38)(time 9732 - 02:42:12) ->    7(time 9790 - 02:43:10)(time 10100 - 02:48:20) ->    8(time 10158 - 02:49:18)(time 10495 - 02:54:55) ->    9(time 10602 - 02:56:42)(time 10900 - 03:01:40) ->    10(time 10958 - 03:02:38)(time 11301 - 03:08:21) ->    11(time 11408 - 03:10:08)(time 11716 - 03:15:16) ->    12(time 11823 - 03:17:03)(time 12179 - 03:22:59) ->    13(time 12286 - 03:24:46)(time 12643 - 03:30:43) ->    14(time 12750 - 03:32:30)(time 13096 - 03:38:16) ->    15(time 13257 - 03:40:57)(time 13257 - 03:40:57) -> 31
=============
Train 1
=============
> Trip 0
   31(time 214 - 00:03:34)(time 560 - 00:09:20) ->    30(time 667 - 00:11:07)(time 1024 - 00:17:04) ->    29(time 1239 - 00:20:39)(time 1595 - 00:26:35) ->    28(time 1702 - 00:28:22)(time 2010 - 00:33:30) ->    27(time 2117 - 00:35:17)(time 2460 - 00:41:00) ->    26(time 2518 - 00:41:58)(time 2816 - 00:46:56) ->    25(time 2923 - 00:48:43)(time 3260 - 00:54:20) ->    24(time 3318 - 00:55:18)(time 3628 - 01:00:28) ->    23(time 3686 - 01:01:26)(time 4020 - 01:07:00) ->    22(time 4127 - 01:08:47)(time 4479 - 01:14:39) ->    21(time 4586 - 01:16:26)(time 4937 - 01:22:17) ->    20(time 5044 - 01:24:04)(time 5366 - 01:29:26) ->    19(time 5473 - 01:31:13)(time 5817 - 01:36:57) ->    18(time 5924 - 01:38:44)(time 6280 - 01:44:40) ->    17(time 6387 - 01:46:27)(time 6709 - 01:51:49) ->    16(time 6977 - 01:56:17)(time 6977 - 01:56:17) ->    0(time 6977 - 01:56:17)(time 7299 - 02:01:39) ->    1(time 7406 - 02:03:26)(time 7762 - 02:09:22) ->    2(time 7869 - 02:11:09)(time 8213 - 02:16:53) ->    3(time 8320 - 02:18:40)(time 8642 - 02:24:02) ->    4(time 8749 - 02:25:49)(time 9100 - 02:31:40) ->    5(time 9207 - 02:33:27)(time 9559 - 02:39:19) ->    6(time 9666 - 02:41:06)(time 10000 - 02:46:40) ->    7(time 10058 - 02:47:38)(time 10368 - 02:52:48) ->    8(time 10426 - 02:53:46)(time 10763 - 02:59:23) ->    9(time 10870 - 03:01:10)(time 11168 - 03:06:08) ->    10(time 11226 - 03:07:06)(time 11569 - 03:12:49) ->    11(time 11676 - 03:14:36)(time 11984 - 03:19:44) ->    12(time 12091 - 03:21:31)(time 12447 - 03:27:27) ->    13(time 12554 - 03:29:14)(time 12911 - 03:35:11) ->    14(time 13072 - 03:37:52)(time 13418 - 03:43:38) ->    15(time 13579 - 03:46:19)(time 13579 - 03:46:19) -> 31
=============
Train 2
=============
> Trip 0
   31(time 107 - 00:01:47)(time 453 - 00:07:33) ->    30(time 560 - 00:09:20)(time 917 - 00:15:17) ->    29(time 1024 - 00:17:04)(time 1380 - 00:23:00) ->    28(time 1541 - 00:25:41)(time 1849 - 00:30:49) ->    27(time 1956 - 00:32:36)(time 2299 - 00:38:19) ->    26(time 2357 - 00:39:17)(time 2655 - 00:44:15) ->    25(time 2762 - 00:46:02)(time 3099 - 00:51:39) ->    24(time 3157 - 00:52:37)(time 3467 - 00:57:47) ->    23(time 3525 - 00:58:45)(time 3859 - 01:04:19) ->    22(time 3966 - 01:06:06)(time 4318 - 01:11:58) ->    21(time 4425 - 01:13:45)(time 4776 - 01:19:36) ->    20(time 4883 - 01:21:23)(time 5205 - 01:26:45) ->    19(time 5312 - 01:28:32)(time 5656 - 01:34:16) ->    18(time 5763 - 01:36:03)(time 6119 - 01:41:59) ->    17(time 6226 - 01:43:46)(time 6548 - 01:49:08) ->    16(time 6709 - 01:51:49)(time 6709 - 01:51:49) ->    0(time 6870 - 01:54:30)(time 7192 - 01:59:52) ->    1(time 7299 - 02:01:39)(time 7655 - 02:07:35) ->    2(time 7762 - 02:09:22)(time 8106 - 02:15:06) ->    3(time 8213 - 02:16:53)(time 8535 - 02:22:15) ->    4(time 8642 - 02:24:02)(time 8993 - 02:29:53) ->    5(time 9100 - 02:31:40)(time 9452 - 02:37:32) ->    6(time 9559 - 02:39:19)(time 9893 - 02:44:53) ->    7(time 9951 - 02:45:51)(time 10261 - 02:51:01) ->    8(time 10319 - 02:51:59)(time 10656 - 02:57:36) ->    9(time 10763 - 02:59:23)(time 11061 - 03:04:21) ->    10(time 11119 - 03:05:19)(time 11462 - 03:11:02) ->    11(time 11569 - 03:12:49)(time 11877 - 03:17:57) ->    12(time 11984 - 03:19:44)(time 12340 - 03:25:40) ->    13(time 12447 - 03:27:27)(time 12804 - 03:33:24) ->    14(time 12911 - 03:35:11)(time 13257 - 03:40:57) ->    15(time 13418 - 03:43:38)(time 13418 - 03:43:38) -> 31
