t3p16r10h1.txt:
   > Trying to open the instance file...
   > Reading number of trains...
   > Reading maximum number of trips per train...
   > Reading time intervals...
   > Reading number of points...
   > Reading stations...
   > Reading crossings...
   > Reading depots...
   > Reading initial point...
   > Reading routes...
   > Reading distance and distance and service...
   > Reading demands...
   > Reading maximum time...
   > Reading alpha...

--------------------------------
 Printing instance
--------------------------------
number of trains = 3
	max trips per trains: 7     6     3
number of intervals = 1
	(0,  51540)
number of points = 16
	initial point: 7
	stations: 0     1     3     4     5     7     8     9    11    12    13    14    15
	crossings: 0     2     6     7     8    10    12    15
	depots: 0     7    15
number of vertices = 32
	total vertices: 0     1     2     3     4     5     6     7     8     9    10    11    12    13    14    15    16    17    18    19    20    21    22    23    24    25    26    27    28    29    30    31
	upper vertices: 0     1     2     3     4     5     6     7     8     9    10    11    12    13    14    15
	lower vertices: 16    17    18    19    20    21    22    23    24    25    26    27    28    29    30    31
	vertices of point #0: (0, 16)
	vertices of point #1: (1, 17)
	vertices of point #2: (2, 18)
	vertices of point #3: (3, 19)
	vertices of point #4: (4, 20)
	vertices of point #5: (5, 21)
	vertices of point #6: (6, 22)
	vertices of point #7: (7, 23)
	vertices of point #8: (8, 24)
	vertices of point #9: (9, 25)
	vertices of point #10: (10, 26)
	vertices of point #11: (11, 27)
	vertices of point #12: (12, 28)
	vertices of point #13: (13, 29)
	vertices of point #14: (14, 30)
	vertices of point #15: (15, 31)

arcs...
	total arcs: 
		arc #0: (0, 1)
		arc #1: (0, 16)
		arc #2: (16, 0)
		arc #3: (1, 2)
		arc #4: (17, 16)
		arc #5: (2, 3)
		arc #6: (18, 17)
		arc #7: (3, 4)
		arc #8: (19, 18)
		arc #9: (4, 5)
		arc #10: (20, 19)
		arc #11: (5, 6)
		arc #12: (21, 20)
		arc #13: (6, 7)
		arc #14: (22, 21)
		arc #15: (7, 8)
		arc #16: (23, 22)
		arc #17: (7, 23)
		arc #18: (23, 7)
		arc #19: (8, 9)
		arc #20: (24, 23)
		arc #21: (9, 10)
		arc #22: (25, 24)
		arc #23: (10, 11)
		arc #24: (26, 25)
		arc #25: (11, 12)
		arc #26: (27, 26)
		arc #27: (12, 13)
		arc #28: (28, 27)
		arc #29: (13, 14)
		arc #30: (29, 28)
		arc #31: (14, 15)
		arc #32: (30, 29)
		arc #33: (31, 30)
		arc #34: (15, 31)
		arc #35: (31, 15)

	reverse arcs: 
		arc #1: (0, 16)
		arc #2: (16, 0)
		arc #17: (7, 23)
		arc #18: (23, 7)
		arc #34: (15, 31)
		arc #35: (31, 15)


incompatible points...
	(0, 1, 18, (1, 2))	(18, 17, 0, (17, 16))	(2, 5, 22, (5, 6))	(22, 19, 2, (19, 18))	(6, 6, 23, (6, 7))	(23, 23, 6, (23, 22))	(7, 7, 24, (7, 8))	(24, 24, 7, (24, 23))	(8, 9, 26, (9, 10))	(26, 25, 8, (25, 24))	(10, 11, 28, (11, 12))	(28, 27, 10, (27, 26))	(12, 14, 31, (14, 15))	(31, 29, 12, (29, 28))

number of routes = 10
vertices of routes...
	route #0: 0     1     2     3     4     5     6     7
	route #1: 23    22    21    20    19    18    17    16
	route #2: 0     1     2     3     4     5     6     7    23    22    21    20    19    18    17    16     0
	route #3: 23    22    21    20    19    18    17    16     0     1     2     3     4     5     6     7    23
	route #4: 7     8     9    10    11    12    13    14    15
	route #5: 31    30    29    28    27    26    25    24    23
	route #6: 7     8     9    10    11    12    13    14    15    31    30    29    28    27    26    25    24    23     7
	route #7: 31    30    29    28    27    26    25    24    23     7     8     9    10    11    12    13    14    15    31
	route #8: 0     1     2     3     4     5     6     7     8     9    10    11    12    13    14    15    31    30    29    28    27    26    25    24    23    22    21    20    19    18    17    16     0
	route #9: 31    30    29    28    27    26    25    24    23    22    21    20    19    18    17    16     0     1     2     3     4     5     6     7     8     9    10    11    12    13    14    15    31
arcs of routes...
	route #0: 0     3     5     7     9    11    13
	route #1: 16    14    12    10     8     6     4
	route #2: 0     3     5     7     9    11    13    17    16    14    12    10     8     6     4     2
	route #3: 16    14    12    10     8     6     4     2     0     3     5     7     9    11    13    17
	route #4: 15    19    21    23    25    27    29    31
	route #5: 33    32    30    28    26    24    22    20
	route #6: 15    19    21    23    25    27    29    31    34    33    32    30    28    26    24    22    20    18
	route #7: 33    32    30    28    26    24    22    20    18    15    19    21    23    25    27    29    31    34
	route #8: 0     3     5     7     9    11    13    15    19    21    23    25    27    29    31    34    33    32    30    28    26    24    22    20    16    14    12    10     8     6     4     2
	route #9: 33    32    30    28    26    24    22    20    16    14    12    10     8     6     4     2     0     3     5     7     9    11    13    15    19    21    23    25    27    29    31    34

incompatible routes...
	(0, 0)    	(0, 2)    	(0, 5)    	(0, 7)    	(0, 8)    	(0, 9)    	(1, 1)    	(1, 3)    	(1, 4)    	(1, 5)    	(1, 6)    	(1, 7)    	(1, 9)    	(2, 1)    	(2, 3)    	(2, 4)    	(2, 5)    	(2, 6)    	(2, 7)    	(2, 9)    	(3, 0)    	(3, 2)    	(3, 5)    	(3, 7)    	(3, 8)    	(3, 9)    	(4, 0)    	(4, 1)    	(4, 2)    	(4, 3)    	(4, 4)    	(4, 6)    	(4, 8)    	(5, 0)    	(5, 2)    	(5, 5)    	(5, 7)    	(5, 8)    	(5, 9)    	(6, 0)    	(6, 2)    	(6, 5)    	(6, 7)    	(6, 8)    	(6, 9)    	(7, 0)    	(7, 1)    	(7, 2)    	(7, 3)    	(7, 4)    	(7, 6)    	(7, 8)    	(8, 1)    	(8, 3)    	(8, 4)    	(8, 5)    	(8, 6)    	(8, 7)    	(8, 9)    	(9, 0)    	(9, 1)    	(9, 2)    	(9, 3)    	(9, 4)    	(9, 6)    	(9, 8)

vertices that can be adjacent in consecutive trips...
	(0, 0)    	(7, 7)    	(7, 23)    	(15, 31)    	(16, 0)    	(23, 7)    	(23, 23)    	(31, 31)
non cyclical routes: 
       0       1       4       5

routes of trip...
	routes that train #0 can complete at trip #0: 1       3       4       6
	routes that train #0 can complete at trip #1: 0       1       2       3       4       5       6       7       8       9
	routes that train #0 can complete at trip #2: 0       1       2       3       4       5       6       7       8       9
	routes that train #0 can complete at trip #3: 0       1       2       3       4       5       6       7       8       9
	routes that train #0 can complete at trip #4: 0       1       2       3       4       5       6       7       8       9
	routes that train #0 can complete at trip #5: 0       1       2       3       4       5       6       7       8       9
	routes that train #0 can complete at trip #6: 0       1       2       3       4       5       6       7       8       9

	routes that train #1 can complete at trip #0: 1       3       4       6
	routes that train #1 can complete at trip #1: 0       1       2       3       4       5       6       7       8       9
	routes that train #1 can complete at trip #2: 0       1       2       3       4       5       6       7       8       9
	routes that train #1 can complete at trip #3: 0       1       2       3       4       5       6       7       8       9
	routes that train #1 can complete at trip #4: 0       1       2       3       4       5       6       7       8       9
	routes that train #1 can complete at trip #5: 0       1       2       3       4       5       6       7       8       9

	routes that train #2 can complete at trip #0: 1       3       4       6
	routes that train #2 can complete at trip #1: 0       1       2       3       4       5       6       7       8       9
	routes that train #2 can complete at trip #2: 0       1       2       3       4       5       6       7       8       9

 cost...
	arc #0 [0][1]: 240
	arc #1 [0][16]: 0
	arc #2 [16][0]: 0
	arc #3 [1][2]: 120
	arc #4 [17][16]: 240
	arc #5 [2][3]: 240
	arc #6 [18][17]: 120
	arc #7 [3][4]: 180
	arc #8 [19][18]: 240
	arc #9 [4][5]: 180
	arc #10 [20][19]: 180
	arc #11 [5][6]: 40
	arc #12 [21][20]: 180
	arc #13 [6][7]: 180
	arc #14 [22][21]: 40
	arc #15 [7][8]: 360
	arc #16 [23][22]: 180
	arc #17 [7][23]: 0
	arc #18 [23][7]: 0
	arc #19 [8][9]: 300
	arc #20 [24][23]: 360
	arc #21 [9][10]: 240
	arc #22 [25][24]: 300
	arc #23 [10][11]: 120
	arc #24 [26][25]: 240
	arc #25 [11][12]: 240
	arc #26 [27][26]: 120
	arc #27 [12][13]: 180
	arc #28 [28][27]: 240
	arc #29 [13][14]: 120
	arc #30 [29][28]: 180
	arc #31 [14][15]: 180
	arc #32 [30][29]: 120
	arc #33 [31][30]: 180
	arc #34 [15][31]: 0
	arc #35 [31][15]: 0

cost with minimum service...
	arc #0 [0][1]: 300
	arc #1 [0][16]: 0
	arc #2 [16][0]: 0
	arc #3 [1][2]: 160
	arc #4 [17][16]: 360
	arc #5 [2][3]: 300
	arc #6 [18][17]: 180
	arc #7 [3][4]: 240
	arc #8 [19][18]: 280
	arc #9 [4][5]: 240
	arc #10 [20][19]: 240
	arc #11 [5][6]: 80
	arc #12 [21][20]: 240
	arc #13 [6][7]: 300
	arc #14 [22][21]: 100
	arc #15 [7][8]: 420
	arc #16 [23][22]: 220
	arc #17 [7][23]: 0
	arc #18 [23][7]: 0
	arc #19 [8][9]: 360
	arc #20 [24][23]: 480
	arc #21 [9][10]: 280
	arc #22 [25][24]: 360
	arc #23 [10][11]: 180
	arc #24 [26][25]: 300
	arc #25 [11][12]: 300
	arc #26 [27][26]: 160
	arc #27 [12][13]: 240
	arc #28 [28][27]: 300
	arc #29 [13][14]: 180
	arc #30 [29][28]: 240
	arc #31 [14][15]: 300
	arc #32 [30][29]: 180
	arc #33 [31][30]: 240
	arc #34 [15][31]: 0
	arc #35 [31][15]: 0

cost with maximum service...
	arc #0 [0][1]: 840
	arc #1 [0][16]: 600
	arc #2 [16][0]: 600
	arc #3 [1][2]: 720
	arc #4 [17][16]: 840
	arc #5 [2][3]: 840
	arc #6 [18][17]: 720
	arc #7 [3][4]: 780
	arc #8 [19][18]: 840
	arc #9 [4][5]: 780
	arc #10 [20][19]: 780
	arc #11 [5][6]: 640
	arc #12 [21][20]: 780
	arc #13 [6][7]: 780
	arc #14 [22][21]: 640
	arc #15 [7][8]: 960
	arc #16 [23][22]: 780
	arc #17 [7][23]: 600
	arc #18 [23][7]: 600
	arc #19 [8][9]: 900
	arc #20 [24][23]: 960
	arc #21 [9][10]: 840
	arc #22 [25][24]: 900
	arc #23 [10][11]: 720
	arc #24 [26][25]: 840
	arc #25 [11][12]: 840
	arc #26 [27][26]: 720
	arc #27 [12][13]: 780
	arc #28 [28][27]: 840
	arc #29 [13][14]: 720
	arc #30 [29][28]: 780
	arc #31 [14][15]: 780
	arc #32 [30][29]: 720
	arc #33 [31][30]: 780
	arc #34 [15][31]: 600
	arc #35 [31][15]: 600

demands...
	demands of vertex 0 at time interval: 11
	demands of vertex 1 at time interval: 11
	demands of vertex 2 at time interval: 0
	demands of vertex 3 at time interval: 11
	demands of vertex 4 at time interval: 11
	demands of vertex 5 at time interval: 11
	demands of vertex 6 at time interval: 0
	demands of vertex 7 at time interval: 11
	demands of vertex 8 at time interval: 0
	demands of vertex 9 at time interval: 11
	demands of vertex 10 at time interval: 0
	demands of vertex 11 at time interval: 11
	demands of vertex 12 at time interval: 0
	demands of vertex 13 at time interval: 11
	demands of vertex 14 at time interval: 11
	demands of vertex 15 at time interval: 0
	demands of vertex 16 at time interval: 0
	demands of vertex 17 at time interval: 11
	demands of vertex 18 at time interval: 0
	demands of vertex 19 at time interval: 11
	demands of vertex 20 at time interval: 11
	demands of vertex 21 at time interval: 11
	demands of vertex 22 at time interval: 0
	demands of vertex 23 at time interval: 11
	demands of vertex 24 at time interval: 0
	demands of vertex 25 at time interval: 11
	demands of vertex 26 at time interval: 0
	demands of vertex 27 at time interval: 11
	demands of vertex 28 at time interval: 0
	demands of vertex 29 at time interval: 11
	demands of vertex 30 at time interval: 11
	demands of vertex 31 at time interval: 11

maximum time = 51540
alpha = 180

>> Solving...
Version identifier: 20.1.0.0 | 2020-11-10 | 9bedb6d68
CPXPARAM_Threads                                 1
CPXPARAM_TimeLimit                               43200
Tried aggregator 3 times.
MIP Presolve eliminated 134781 rows and 19828 columns.
MIP Presolve modified 55847 coefficients.
Aggregator did 633 substitutions.
Reduced MIP has 394502 rows, 147746 columns, and 966903 nonzeros.
Reduced MIP has 146753 binaries, 0 generals, 0 SOSs, and 0 indicators.
Presolve time = 32.17 sec. (6467.44 ticks)
Probing fixed 0 vars, tightened 25 bounds.
Probing time = 13.30 sec. (848.04 ticks)
Tried aggregator 1 time.
Detecting symmetries...
Elapsed time for symmetry detection = 56.00 sec. (10005.70 ticks)
Elapsed time for symmetry detection = 111.04 sec. (20011.06 ticks)
Elapsed time for symmetry detection = 163.93 sec. (30015.77 ticks)
Elapsed time for symmetry detection = 215.80 sec. (40020.71 ticks)
Elapsed time for symmetry detection = 270.03 sec. (50025.27 ticks)
Elapsed time for symmetry detection = 324.56 sec. (60027.29 ticks)
Found 1.438881e+43861 symmetric permutations.
MIP Presolve eliminated 65 rows and 65 columns.
MIP Presolve modified 1755 coefficients.
Reduced MIP has 394437 rows, 147681 columns, and 966552 nonzeros.
Reduced MIP has 146688 binaries, 0 generals, 0 SOSs, and 0 indicators.
Presolve time = 385.25 sec. (73094.04 ticks)
Probing fixed 0 vars, tightened 18 bounds.
Probing time = 24.18 sec. (1165.93 ticks)
Clique table members: 631727.
MIP emphasis: balance optimality and feasibility.
MIP search method: dynamic search.
Parallel mode: none, using 1 thread.
Root relaxation solution time = 4882.26 sec. (209490.82 ticks)

        Nodes                                         Cuts/
   Node  Left     Objective  IInf  Best Integer    Best Bound    ItCnt     Gap

      0     0        0.0000 52199                      0.0000    88926         
      0     0        0.0000 59779                  Cuts: 5401   197796         
      0     0        0.0000 60522                  Cuts: 5452   254183         
Heuristic still looking.
Heuristic still looking.
Heuristic still looking.

Repeating presolve.
Tried aggregator 1 time.
MIP Presolve eliminated 168373 rows and 67435 columns.
MIP Presolve modified 1178 coefficients.
Reduced MIP has 226064 rows, 80246 columns, and 561981 nonzeros.
Reduced MIP has 79253 binaries, 0 generals, 0 SOSs, and 0 indicators.
Presolve time = 4.63 sec. (2672.08 ticks)
Probing time = 7.03 sec. (684.81 ticks)
Tried aggregator 1 time.
Detecting symmetries...
Elapsed time for symmetry detection = 7.34 sec. (10001.05 ticks)
Elapsed time for symmetry detection = 14.66 sec. (20002.04 ticks)
Found 5.582177e+53930 symmetric permutations.
MIP Presolve eliminated 183 rows and 169 columns.
Reduced MIP has 225881 rows, 80077 columns, and 560782 nonzeros.
Reduced MIP has 79084 binaries, 0 generals, 0 SOSs, and 0 indicators.
Presolve time = 23.71 sec. (29016.52 ticks)
Represolve time = 36.75 sec. (32523.14 ticks)
Probing time = 0.44 sec. (36.23 ticks)
Clique table members: 268203.
MIP emphasis: balance optimality and feasibility.
MIP search method: dynamic search.
Parallel mode: none, using 1 thread.
Root relaxation solution time = 960.04 sec. (80971.43 ticks)

        Nodes                                         Cuts/
   Node  Left     Objective  IInf  Best Integer    Best Bound    ItCnt     Gap

      0     0        0.0000 32810                      0.0000   367717         
      0     0      129.2654 36215                  Cuts: 5524   516487         
      0     0      132.6634 28330                  Cuts: 2414   531685         
      0     0      208.5469 25531                  Cuts: 1863   551077         
      0     0      468.9279 25051                   Cuts: 946   563662         
      0     0      468.9534 24959                   Cuts: 692   576070         

Clique cuts applied:  69
Implied bound cuts applied:  1093
Flow cuts applied:  513
Mixed integer rounding cuts applied:  709
Zero-half cuts applied:  25
Lift and project cuts applied:  4
Gomory fractional cuts applied:  1

Root node processing (before b&c):
  Real time             = 43200.50 sec. (4880168.09 ticks)
Sequential b&c:
  Real time             =    0.00 sec. (0.00 ticks)
                          ------------
Total (root+branch&cut) = 43200.50 sec. (4880168.09 ticks)
Unknown
terminate called after throwing an instance of 'IloCplex::Exception'
