t3p13r12h2.txt:
   > Trying to open the instance file...
   > Reading number of trains...
   > Reading maximum number of trips per train...
   > Reading time intervals...
   > Reading number of points...
   > Reading stations...
   > Reading crossings...
   > Reading depots...
   > Reading initial point...
   > Reading routes...
   > Reading distance and distance and service...
   > Reading demands...
   > Reading maximum time...
   > Reading alpha...

--------------------------------
 Printing instance
--------------------------------
number of trains = 3
	max trips per trains: 3     3     3
number of intervals = 2
	(0,  17330)	(17331,  34661)
number of points = 13
	initial point: 0
	stations: 0     1     2     3     4     6     7     8    10    11    12
	crossings: 0     3     4     5     8     9    12
	depots: 0     3     8    12
number of vertices = 26
	total vertices: 0     1     2     3     4     5     6     7     8     9    10    11    12    13    14    15    16    17    18    19    20    21    22    23    24    25
	upper vertices: 0     1     2     3     4     5     6     7     8     9    10    11    12
	lower vertices: 13    14    15    16    17    18    19    20    21    22    23    24    25
	vertices of point #0: (0, 13)
	vertices of point #1: (1, 14)
	vertices of point #2: (2, 15)
	vertices of point #3: (3, 16)
	vertices of point #4: (4, 17)
	vertices of point #5: (5, 18)
	vertices of point #6: (6, 19)
	vertices of point #7: (7, 20)
	vertices of point #8: (8, 21)
	vertices of point #9: (9, 22)
	vertices of point #10: (10, 23)
	vertices of point #11: (11, 24)
	vertices of point #12: (12, 25)

arcs...
	total arcs: 
		arc #0: (0, 1)
		arc #1: (0, 13)
		arc #2: (13, 0)
		arc #3: (1, 2)
		arc #4: (14, 13)
		arc #5: (2, 3)
		arc #6: (15, 14)
		arc #7: (3, 4)
		arc #8: (16, 15)
		arc #9: (3, 16)
		arc #10: (16, 3)
		arc #11: (4, 5)
		arc #12: (17, 16)
		arc #13: (5, 6)
		arc #14: (18, 17)
		arc #15: (6, 7)
		arc #16: (19, 18)
		arc #17: (7, 8)
		arc #18: (20, 19)
		arc #19: (8, 9)
		arc #20: (21, 20)
		arc #21: (8, 21)
		arc #22: (21, 8)
		arc #23: (9, 10)
		arc #24: (22, 21)
		arc #25: (10, 11)
		arc #26: (23, 22)
		arc #27: (11, 12)
		arc #28: (24, 23)
		arc #29: (25, 24)
		arc #30: (12, 25)
		arc #31: (25, 12)

	reverse arcs: 
		arc #1: (0, 13)
		arc #2: (13, 0)
		arc #9: (3, 16)
		arc #10: (16, 3)
		arc #21: (8, 21)
		arc #22: (21, 8)
		arc #30: (12, 25)
		arc #31: (25, 12)


incompatible points...
	(0, 2, 16, (2, 3))	(16, 14, 0, (14, 13))	(3, 3, 17, (3, 4))	(17, 17, 3, (17, 16))	(4, 4, 18, (4, 5))	(18, 18, 4, (18, 17))	(5, 7, 21, (7, 8))	(21, 19, 5, (19, 18))	(8, 8, 22, (8, 9))	(22, 22, 8, (22, 21))	(9, 11, 25, (11, 12))	(25, 23, 9, (23, 22))

number of routes = 12
vertices of routes...
	route #0: 0     1     2     3     4     5     6     7     8     9    10    11    12    25    24    23    22    21    20    19    18    17    16    15    14    13     0
	route #1: 25    24    23    22    21    20    19    18    17    16    15    14    13     0     1     2     3     4     5     6     7     8     9    10    11    12    25
	route #2: 3     4     5     6     7     8     9    10    11    12
	route #3: 16    15    14    13
	route #4: 0     1     2     3
	route #5: 25    24    23    22    21    20    19    18    17    16
	route #6: 8     9    10    11    12
	route #7: 21    20    19    18    17    16    15    14    13
	route #8: 0     1     2     3     4     5     6     7     8
	route #9: 25    24    23    22    21
	route #10: 8     9    10    11    12    25    24    23    22    21     8
	route #11: 3     4     5     6     7     8
arcs of routes...
	route #0: 0     3     5     7    11    13    15    17    19    23    25    27    30    29    28    26    24    20    18    16    14    12     8     6     4     2
	route #1: 29    28    26    24    20    18    16    14    12     8     6     4     2     0     3     5     7    11    13    15    17    19    23    25    27    30
	route #2: 7    11    13    15    17    19    23    25    27
	route #3: 8     6     4
	route #4: 0     3     5
	route #5: 29    28    26    24    20    18    16    14    12
	route #6: 19    23    25    27
	route #7: 20    18    16    14    12     8     6     4
	route #8: 0     3     5     7    11    13    15    17
	route #9: 29    28    26    24
	route #10: 19    23    25    27    30    29    28    26    24    22
	route #11: 7    11    13    15    17

incompatible routes...
	(0, 1)    	(0, 2)    	(0, 3)    	(0, 5)    	(0, 6)    	(0, 7)    	(0, 9)    	(0, 10)    	(0, 11)    	(1, 0)    	(1, 2)    	(1, 3)    	(1, 4)    	(1, 6)    	(1, 7)    	(1, 8)    	(1, 10)    	(1, 11)    	(2, 0)    	(2, 2)    	(2, 3)    	(2, 4)    	(2, 6)    	(2, 7)    	(2, 8)    	(2, 10)    	(2, 11)    	(3, 1)    	(3, 2)    	(3, 3)    	(3, 5)    	(3, 6)    	(3, 7)    	(3, 9)    	(3, 10)    	(3, 11)    	(4, 0)    	(4, 1)    	(4, 4)    	(4, 5)    	(4, 6)    	(4, 7)    	(4, 8)    	(4, 9)    	(4, 10)    	(5, 0)    	(5, 1)    	(5, 4)    	(5, 5)    	(5, 6)    	(5, 7)    	(5, 8)    	(5, 9)    	(5, 10)    	(6, 0)    	(6, 2)    	(6, 3)    	(6, 4)    	(6, 6)    	(6, 7)    	(6, 8)    	(6, 10)    	(6, 11)    	(7, 1)    	(7, 2)    	(7, 3)    	(7, 5)    	(7, 6)    	(7, 7)    	(7, 9)    	(7, 10)    	(7, 11)    	(8, 0)    	(8, 1)    	(8, 2)    	(8, 3)    	(8, 4)    	(8, 5)    	(8, 8)    	(8, 9)    	(8, 11)    	(9, 0)    	(9, 1)    	(9, 2)    	(9, 3)    	(9, 4)    	(9, 5)    	(9, 8)    	(9, 9)    	(9, 11)    	(10, 0)    	(10, 1)    	(10, 2)    	(10, 3)    	(10, 4)    	(10, 5)    	(10, 8)    	(10, 9)    	(10, 11)    	(11, 0)    	(11, 1)    	(11, 2)    	(11, 3)    	(11, 4)    	(11, 5)    	(11, 8)    	(11, 9)    	(11, 11)

vertices that can be adjacent in consecutive trips...
	(0, 0)    	(3, 3)    	(3, 16)    	(8, 8)    	(8, 21)    	(12, 25)    	(13, 0)    	(16, 3)    	(16, 16)    	(21, 8)    	(21, 21)    	(25, 25)
non cyclical routes: 
       2       3       4       5       6       7       8       9      11

routes of trip...
	routes that train #0 can complete at trip #0: 0       4       8
	routes that train #0 can complete at trip #1: 0       1       2       3       4       5       6       7       8       9      10      11
	routes that train #0 can complete at trip #2: 0       1       2       3       4       5       6       7       8       9      10      11

	routes that train #1 can complete at trip #0: 0       4       8
	routes that train #1 can complete at trip #1: 0       1       2       3       4       5       6       7       8       9      10      11
	routes that train #1 can complete at trip #2: 0       1       2       3       4       5       6       7       8       9      10      11

	routes that train #2 can complete at trip #0: 0       4       8
	routes that train #2 can complete at trip #1: 0       1       2       3       4       5       6       7       8       9      10      11
	routes that train #2 can complete at trip #2: 0       1       2       3       4       5       6       7       8       9      10      11

 cost...
	arc #0 [0][1]: 210
	arc #1 [0][13]: 0
	arc #2 [13][0]: 0
	arc #3 [1][2]: 179
	arc #4 [14][13]: 210
	arc #5 [2][3]: 191
	arc #6 [15][14]: 179
	arc #7 [3][4]: 185
	arc #8 [16][15]: 191
	arc #9 [3][16]: 0
	arc #10 [16][3]: 0
	arc #11 [4][5]: 183
	arc #12 [17][16]: 185
	arc #13 [5][6]: 179
	arc #14 [18][17]: 183
	arc #15 [6][7]: 211
	arc #16 [19][18]: 179
	arc #17 [7][8]: 202
	arc #18 [20][19]: 211
	arc #19 [8][9]: 189
	arc #20 [21][20]: 202
	arc #21 [8][21]: 0
	arc #22 [21][8]: 0
	arc #23 [9][10]: 208
	arc #24 [22][21]: 189
	arc #25 [10][11]: 216
	arc #26 [23][22]: 208
	arc #27 [11][12]: 202
	arc #28 [24][23]: 216
	arc #29 [25][24]: 202
	arc #30 [12][25]: 0
	arc #31 [25][12]: 0

cost with minimum service...
	arc #0 [0][1]: 325
	arc #1 [0][13]: 0
	arc #2 [13][0]: 0
	arc #3 [1][2]: 294
	arc #4 [14][13]: 474
	arc #5 [2][3]: 455
	arc #6 [15][14]: 294
	arc #7 [3][4]: 300
	arc #8 [16][15]: 306
	arc #9 [3][16]: 0
	arc #10 [16][3]: 0
	arc #11 [4][5]: 255
	arc #12 [17][16]: 449
	arc #13 [5][6]: 294
	arc #14 [18][17]: 298
	arc #15 [6][7]: 326
	arc #16 [19][18]: 251
	arc #17 [7][8]: 466
	arc #18 [20][19]: 326
	arc #19 [8][9]: 261
	arc #20 [21][20]: 317
	arc #21 [8][21]: 0
	arc #22 [21][8]: 0
	arc #23 [9][10]: 323
	arc #24 [22][21]: 453
	arc #25 [10][11]: 331
	arc #26 [23][22]: 280
	arc #27 [11][12]: 466
	arc #28 [24][23]: 331
	arc #29 [25][24]: 317
	arc #30 [12][25]: 0
	arc #31 [25][12]: 0

cost with maximum service...
	arc #0 [0][1]: 746
	arc #1 [0][13]: 536
	arc #2 [13][0]: 536
	arc #3 [1][2]: 715
	arc #4 [14][13]: 746
	arc #5 [2][3]: 727
	arc #6 [15][14]: 715
	arc #7 [3][4]: 721
	arc #8 [16][15]: 727
	arc #9 [3][16]: 536
	arc #10 [16][3]: 536
	arc #11 [4][5]: 719
	arc #12 [17][16]: 721
	arc #13 [5][6]: 715
	arc #14 [18][17]: 719
	arc #15 [6][7]: 747
	arc #16 [19][18]: 715
	arc #17 [7][8]: 738
	arc #18 [20][19]: 747
	arc #19 [8][9]: 725
	arc #20 [21][20]: 738
	arc #21 [8][21]: 536
	arc #22 [21][8]: 536
	arc #23 [9][10]: 744
	arc #24 [22][21]: 725
	arc #25 [10][11]: 752
	arc #26 [23][22]: 744
	arc #27 [11][12]: 738
	arc #28 [24][23]: 752
	arc #29 [25][24]: 738
	arc #30 [12][25]: 536
	arc #31 [25][12]: 536

demands...
	demands of vertex 0 at time interval: 3     3
	demands of vertex 1 at time interval: 3     3
	demands of vertex 2 at time interval: 3     3
	demands of vertex 3 at time interval: 3     3
	demands of vertex 4 at time interval: 3     3
	demands of vertex 5 at time interval: 0     0
	demands of vertex 6 at time interval: 3     3
	demands of vertex 7 at time interval: 3     3
	demands of vertex 8 at time interval: 3     3
	demands of vertex 9 at time interval: 0     0
	demands of vertex 10 at time interval: 3     3
	demands of vertex 11 at time interval: 3     3
	demands of vertex 12 at time interval: 0     0
	demands of vertex 13 at time interval: 0     0
	demands of vertex 14 at time interval: 3     3
	demands of vertex 15 at time interval: 3     3
	demands of vertex 16 at time interval: 3     3
	demands of vertex 17 at time interval: 3     3
	demands of vertex 18 at time interval: 0     0
	demands of vertex 19 at time interval: 3     3
	demands of vertex 20 at time interval: 3     3
	demands of vertex 21 at time interval: 3     3
	demands of vertex 22 at time interval: 0     0
	demands of vertex 23 at time interval: 3     3
	demands of vertex 24 at time interval: 3     3
	demands of vertex 25 at time interval: 3     3

maximum time = 34661
alpha = 86

>> Solving...
Version identifier: 20.1.0.0 | 2020-11-10 | 9bedb6d68
CPXPARAM_Threads                                 1
CPXPARAM_TimeLimit                               43200
Tried aggregator 3 times.
MIP Presolve eliminated 33436 rows and 5445 columns.
MIP Presolve modified 27193 coefficients.
Aggregator did 120 substitutions.
Reduced MIP has 86977 rows, 32353 columns, and 214161 nonzeros.
Reduced MIP has 31941 binaries, 0 generals, 0 SOSs, and 0 indicators.
Presolve time = 4.63 sec. (1866.91 ticks)
Probing fixed 0 vars, tightened 42 bounds.
Probing time = 3.52 sec. (323.17 ticks)
Tried aggregator 1 time.
Detecting symmetries...
MIP Presolve eliminated 103 rows and 91 columns.
MIP Presolve modified 1462 coefficients.
Reduced MIP has 86874 rows, 32262 columns, and 213690 nonzeros.
Reduced MIP has 31850 binaries, 0 generals, 0 SOSs, and 0 indicators.
Presolve time = 4.58 sec. (4875.74 ticks)
Probing fixed 0 vars, tightened 12 bounds.
Probing time = 2.03 sec. (133.21 ticks)
Clique table members: 146316.
MIP emphasis: balance optimality and feasibility.
MIP search method: dynamic search.
Parallel mode: none, using 1 thread.
Root relaxation solution time = 113.95 sec. (15392.75 ticks)

        Nodes                                         Cuts/
   Node  Left     Objective  IInf  Best Integer    Best Bound    ItCnt     Gap

      0     0        0.0000 14455                      0.0000    21468         
*     0+    0                        34471.0000        0.0000           100.00%
      0     0        0.0000 15783    34471.0000    Cuts: 2246    28255  100.00%
      0     0       15.5836 16133    34471.0000    Cuts: 1958    50502   99.95%
      0     0       24.6406 16284    34471.0000    Cuts: 2585    62317   99.93%
*     0+    0                        33871.0000       24.6406            99.93%
*     0+    0                        33715.0000       24.6406            99.93%
      0     0       45.8285 16519    33715.0000    Cuts: 1712    70679   99.86%
      0     0       45.8815 16606    33715.0000    Cuts: 1701    75021   99.86%

Repeating presolve.
Tried aggregator 1 time.
MIP Presolve eliminated 62231 rows and 24896 columns.
MIP Presolve modified 594 coefficients.
Reduced MIP has 24643 rows, 7366 columns, and 64326 nonzeros.
Reduced MIP has 6954 binaries, 0 generals, 0 SOSs, and 0 indicators.
Presolve time = 0.27 sec. (211.58 ticks)
Probing fixed 0 vars, tightened 15 bounds.
Probing time = 0.13 sec. (92.00 ticks)
Cover probing fixed 0 vars, tightened 3 bounds.
Tried aggregator 1 time.
Detecting symmetries...
MIP Presolve eliminated 24 rows and 24 columns.
MIP Presolve modified 1965 coefficients.
Reduced MIP has 24619 rows, 7342 columns, and 64248 nonzeros.
Reduced MIP has 6930 binaries, 0 generals, 0 SOSs, and 0 indicators.
Presolve time = 0.34 sec. (425.69 ticks)
Represolve time = 0.83 sec. (765.41 ticks)
Probing fixed 0 vars, tightened 39 bounds.
Probing time = 0.12 sec. (83.95 ticks)
Clique table members: 39904.
MIP emphasis: balance optimality and feasibility.
MIP search method: dynamic search.
Parallel mode: none, using 1 thread.
Root relaxation solution time = 2.37 sec. (1814.54 ticks)

        Nodes                                         Cuts/
   Node  Left     Objective  IInf  Best Integer    Best Bound    ItCnt     Gap

*     0+    0                        33715.0000       45.8815            99.86%
      0     0       45.8815  3866    33715.0000       45.8815    88569   99.86%
      0     0       45.9565  3965    33715.0000     Cuts: 793    93196   99.86%
      0     0       45.9962  4208    33715.0000    Cuts: 1385    94900   99.86%
      0     0       46.0576  4277    33715.0000     Cuts: 678    95975   99.86%
      0     0       46.0845  4289    33715.0000     Cuts: 660    97101   99.86%
      0     0       46.0887  4303    33715.0000     Cuts: 501    97758   99.86%

Repeating presolve.
Tried aggregator 1 time.
MIP Presolve eliminated 6088 rows and 2440 columns.
MIP Presolve modified 1269 coefficients.
Reduced MIP has 18531 rows, 4902 columns, and 49620 nonzeros.
Reduced MIP has 4490 binaries, 0 generals, 0 SOSs, and 0 indicators.
Presolve time = 0.11 sec. (104.16 ticks)
Probing time = 0.02 sec. (8.01 ticks)
Tried aggregator 1 time.
Detecting symmetries...
Reduced MIP has 18531 rows, 4902 columns, and 49620 nonzeros.
Reduced MIP has 4490 binaries, 0 generals, 0 SOSs, and 0 indicators.
Presolve time = 0.11 sec. (128.86 ticks)
Represolve time = 0.34 sec. (279.36 ticks)
Probing time = 0.02 sec. (7.95 ticks)
Clique table members: 25898.
MIP emphasis: balance optimality and feasibility.
MIP search method: dynamic search.
Parallel mode: none, using 1 thread.
Root relaxation solution time = 1.29 sec. (1206.05 ticks)

        Nodes                                         Cuts/
   Node  Left     Objective  IInf  Best Integer    Best Bound    ItCnt     Gap

*     0+    0                        33715.0000       46.0887            99.86%
      0     0       46.0887  2762    33715.0000       46.0887   108804   99.86%
      0     0       46.0917  2824    33715.0000     Cuts: 610   110454   99.86%
      0     0       46.0917  3016    33715.0000    Cuts: 1197   111469   99.86%
      0     0       46.0917  2942    33715.0000     Cuts: 648   112535   99.86%
      0     0       46.0917  3039    33715.0000     Cuts: 787   113810   99.86%
      0     2       46.0917  2840    33715.0000       51.1905   113810   99.85%
Elapsed time = 343.38 sec. (187706.89 ticks, tree = 0.01 MB, solutions = 3)
      1     3     8192.0000  2521    33715.0000      303.0278   120080   99.10%
      2     4     5235.6034  2217    33715.0000     5235.6034   131250   84.47%
      3     4    24576.0000  1415    33715.0000     5235.6034   134223   84.47%
      4     5     8192.0000  2143    33715.0000     8192.0000   136111   75.70%
      5     5    24576.0000  1362    33715.0000     8192.0000   147509   75.70%
      6     6     8192.0000  2164    33715.0000     8192.0000   158009   75.70%
      7     7     8547.1250  1914    33715.0000     8192.0000   164889   75.70%
      8     8     8547.1250  1808    33715.0000     8192.0000   166280   75.70%
     10    10    17331.0000  1593    33715.0000     8192.0000   169317   75.70%
     15    15    24576.0000   861    33715.0000     8192.0000   173892   75.70%
Elapsed time = 359.16 sec. (206515.32 ticks, tree = 0.56 MB, solutions = 3)
     24    17     9774.8571  1802    33715.0000     8192.0000   182509   75.70%
     32    23    26916.0000   160    33715.0000     8192.0000   186505   75.70%
     59    39     8192.0000  2165    33715.0000     8192.0000   189807   75.70%
     70    49    16384.0000  1433    33715.0000     8192.0000   197537   75.70%
    107    80    16384.0000  1699    33715.0000     8192.0000   206186   75.70%
    115    84    16499.0000  1484    33715.0000     8192.0000   213420   75.70%
    117    86    25523.0000   161    33715.0000     8192.0000   215342   75.70%
    120    89    25523.0000   110    33715.0000     8192.0000   215455   75.70%
*   128    76      integral     0    29883.0000     8192.0000   215898   72.59%
    130    76     8192.0000  2170    29883.0000     8192.0000   219274   72.59%
Elapsed time = 370.34 sec. (220506.58 ticks, tree = 1.36 MB, solutions = 4)
    155   101    24662.0000   824    29883.0000     8192.0000   228015   72.59%
    169   111    16384.0000  1834    29883.0000     8192.0000   235832   72.59%
    211   129    16384.0000  1552    29883.0000     8192.0000   245676   72.59%
    227   135    infeasible          29883.0000     8192.0000   254620   72.59%
    241   141    16648.0000  1002    29883.0000     8192.0000   265289   72.59%
    279   150    24576.0000   522    29883.0000     8192.0000   272910   72.59%
    320   166    16384.0000  2033    29883.0000     8547.1250   283624   71.40%
    323   169    16384.0000  1661    29883.0000     8547.1250   287628   71.40%
    365   184     8573.9512  2022    29883.0000     8573.9512   297894   71.31%
    399   199     9802.4280  1681    29883.0000     9802.4280   307129   67.20%
Elapsed time = 381.27 sec. (232938.38 ticks, tree = 2.12 MB, solutions = 4)
    414   206    24904.0000   876    29883.0000     9802.4280   316983   67.20%
    430   208    infeasible          29883.0000     9802.4280   326496   67.20%
    439   207        cutoff          29883.0000    12288.0000   336088   58.88%
    443   205    16384.0000  1406    29883.0000    16384.0000   340387   45.17%
    500   231    29619.0000    42    29883.0000    16384.0000   346660   45.17%
    517   234    25787.0000   226    29883.0000    16384.0000   355654   45.17%
    534   244    24576.0000   800    29883.0000    16384.0000   362198   45.17%
    597   254    24576.0000  1105    29883.0000    16384.0000   366771   45.17%
    607   252    25523.0000   308    29883.0000    16384.0000   376926   45.17%
    658   282    29619.0000    48    29883.0000    16384.0000   384089   45.17%
Elapsed time = 390.72 sec. (243913.92 ticks, tree = 2.57 MB, solutions = 4)
    678   293    16499.0000  1329    29883.0000    16384.0000   390601   45.17%
    684   295    16384.0000  1644    29883.0000    16384.0000   396987   45.17%
    701   300    24691.0000   206    29883.0000    16384.0000   405226   45.17%
    707   302    25523.0000   304    29883.0000    16384.0000   412328   45.17%
    753   319    16384.0000  1622    29883.0000    16384.0000   419205   45.17%
    786   321    16384.0000  1596    29883.0000    16384.0000   427238   45.17%
    787   322    24576.0000  1034    29883.0000    16384.0000   430504   45.17%
    818   330    16384.0000  1584    29883.0000    16384.0000   436013   45.17%
    850   332    22808.0000  1429    29883.0000    16384.0000   442753   45.17%
    867   331    16384.0000  1583    29883.0000    16384.0000   449594   45.17%
Elapsed time = 400.06 sec. (254966.09 ticks, tree = 2.92 MB, solutions = 4)
    877   332    infeasible          29883.0000    16384.0000   459394   45.17%
    901   348    26671.0000    76    29883.0000    16384.0000   464407   45.17%
    933   363    25523.0000   220    29883.0000    16384.0000   469580   45.17%
    973   376    16384.0000  1866    29883.0000    16384.0000   479164   45.17%
    983   379    16384.0000  1655    29883.0000    16384.0000   485979   45.17%
    987   382    25144.2000   289    29883.0000    16384.0000   495458   45.17%
    995   383    24576.0000  1600    29883.0000    16384.0000   501520   45.17%
   1006   383    16384.0000  1648    29883.0000    16384.0000   510858   45.17%
   1014   383        cutoff          29883.0000    16384.0000   519660   45.17%
   1020   382    26562.5000   399    29883.0000    16384.0000   526066   45.17%
Elapsed time = 410.08 sec. (266649.65 ticks, tree = 3.31 MB, solutions = 4)
   1032   381    16384.0000  1643    29883.0000    16384.0000   534584   45.17%
   1033   382    29619.0000   425    29883.0000    16384.0000   537629   45.17%
   1046   385    24662.0000   716    29883.0000    16384.0000   547518   45.17%
   1060   387    24576.0000  1403    29883.0000    16470.0000   556433   44.89%
   1080   389    27663.0000    70    29883.0000    16499.0000   563746   44.79%
   1099   396    16499.0000  1393    29883.0000    16499.0000   566605   44.79%
   1170   432    24662.0000   114    29883.0000    16648.0000   571592   44.29%
   1265   462    25368.0000    80    29883.0000    16648.0000   574325   44.29%
   1344   503    17027.0000   166    29883.0000    16648.0000   576849   44.29%
   1427   560    22938.0000    70    29883.0000    16648.0000   578305   44.29%
Elapsed time = 418.54 sec. (276869.35 ticks, tree = 4.57 MB, solutions = 4)
   1530   623    16996.0000   368    29883.0000    16648.0000   580016   44.29%

Performing restart 1

Repeating presolve.
Tried aggregator 2 times.
MIP Presolve eliminated 1365 rows and 489 columns.
MIP Presolve modified 111 coefficients.
Aggregator did 63 substitutions.
Reduced MIP has 17103 rows, 4350 columns, and 46159 nonzeros.
Reduced MIP has 3938 binaries, 0 generals, 0 SOSs, and 0 indicators.
Presolve time = 0.10 sec. (107.11 ticks)
Tried aggregator 1 time.
MIP Presolve eliminated 1 rows and 1 columns.
MIP Presolve modified 10064 coefficients.
Reduced MIP has 17102 rows, 4349 columns, and 46156 nonzeros.
Reduced MIP has 3937 binaries, 0 generals, 0 SOSs, and 0 indicators.
Presolve time = 0.10 sec. (111.98 ticks)
Represolve time = 0.39 sec. (391.71 ticks)
   1545     0       63.9512  2857    29883.0000    Cuts: 2197   595544   44.29%
   1545     0       65.6335  2770    29883.0000     Cuts: 734   600383   44.29%
   1545     0       65.9292  2833    29883.0000    Cuts: 1499   615379   44.29%
   1545     0       65.9833  2578    29883.0000     Cuts: 853   621911   44.29%
   1545     0       66.1393  2646    29883.0000    Cuts: 2700   626261   44.29%
   1545     0       69.2994  2620    29883.0000     Cuts: 983   631955   44.29%
   1545     0       82.4171  2515    29883.0000    Cuts: 2030   639116   44.29%
   1545     0      117.8602  2457    29883.0000    Cuts: 1283   652031   44.29%
   1545     0      118.1061  2508    29883.0000    Cuts: 1832   671750   44.29%
   1545     2      118.1061  2247    29883.0000    16648.0000   671750   44.29%
   1549     6      118.7414  2213    29883.0000    16648.0000   673030   44.29%
   1552     9     7435.6828  2006    29883.0000    16648.0000   682218   44.29%
   1553    10     8192.0000  2199    29883.0000    16648.0000   686716   44.29%
   1554    11     8523.9004  1967    29883.0000    16648.0000   692177   44.29%
   1556    13     8523.9004  1948    29883.0000    16648.0000   694968   44.29%
   1557    14    16384.0000  1856    29883.0000    16648.0000   709310   44.29%
   1559    14    25523.0000   206    29883.0000    16648.0000   716249   44.29%
   1560    13        cutoff          29883.0000    16648.0000   722687   44.29%
Elapsed time = 490.04 sec. (367405.48 ticks, tree = 0.18 MB, solutions = 4)
   1563    15    25787.0000   150    29883.0000    16648.0000   724352   44.29%
   1566    18    25787.0000   114    29883.0000    16648.0000   724407   44.29%
   1569    21    26315.0000    78    29883.0000    16648.0000   724497   44.29%
   1572    24    26051.0000    38    29883.0000    16648.0000   724529   44.29%
*  1582    25      integral     0    26525.0000    16648.0000   724820   37.24%
   1583    25    10441.0000  1777    26525.0000    16648.0000   736605   37.24%
   1584    24        cutoff          26525.0000    16648.0000   741247   37.24%
   1585    23        cutoff          26525.0000    16648.0000   747546   37.24%
   1586    24     7323.3769  1764    26525.0000    16648.0000   756192   37.24%
   1587    23        cutoff          26525.0000    16648.0000   758878   37.24%
   1588    24    16384.0000  1614    26525.0000    16648.0000   766945   37.24%
Elapsed time = 503.16 sec. (382942.24 ticks, tree = 0.12 MB, solutions = 5)
   1589    25    25787.0000   136    26525.0000    16648.0000   774916   37.24%
   1591    25    infeasible          26525.0000    16648.0000   775135   37.24%
   1592    26    25787.0000   421    26525.0000    16648.0000   775151   37.24%
*  1600    24      integral     0    26315.0000    16648.0000   775834   36.74%
   1601    25     8920.3429  1579    26315.0000    16648.0000   786134   36.74%
   1604    24     9417.0571  1634    26315.0000    16648.0000   803777   36.74%
   1606    24        cutoff          26315.0000    16648.0000   806140   36.74%
   1607    25    17331.0000  1699    26315.0000    16648.0000   814603   36.74%
   1608    26    17331.0000  1692    26315.0000    16648.0000   821554   36.74%
   1610    24    infeasible          26315.0000    16648.0000   829978   36.74%
   1612    26    16384.0000  1514    26315.0000    16648.0000   849397   36.74%
Elapsed time = 525.33 sec. (408891.46 ticks, tree = 0.14 MB, solutions = 6)
   1616    26     8192.0000  1713    26315.0000    16648.0000   861615   36.74%
   1618    28     8227.6152  1562    26315.0000    16648.0000   864470   36.74%
   1620    28        cutoff          26315.0000    16648.0000   865229   36.74%
   1621    29     9873.5556  1487    26315.0000    16648.0000   866492   36.74%
   1622    30     9873.5556  1387    26315.0000    16648.0000   866705   36.74%
   1623    31     9873.5556  1384    26315.0000    16648.0000   866723   36.74%
   1625    32    25523.0000   889    26315.0000    16648.0000   868322   36.74%
   1638    41    16384.0000   886    26315.0000    16648.0000   872756   36.74%
   1643    41    16384.0000  1062    26315.0000    16648.0000   876235   36.74%
   1645    43    16384.0000  1013    26315.0000    16648.0000   876308   36.74%
Elapsed time = 569.46 sec. (457917.92 ticks, tree = 0.23 MB, solutions = 6)
   1646    44    16384.0000  1011    26315.0000    16648.0000   876309   36.74%
*  1662    29      integral     0    25430.0000    16648.0000   877964   34.53%
   1663    28    infeasible          25430.0000    16648.0000   882274   34.53%
   1670    23    16648.0000   466    25430.0000    16648.0000   899166   34.53%
   1681    34    16912.0000   149    25430.0000    16648.0000   899904   34.53%
*  1689    30      integral     0    17999.0000    16648.0000   900185    7.51%
*  1690    27      integral     0    17968.0000    16648.0000   900186    7.35%
   1695    26    16648.0000   452    17968.0000    16648.0000   901703    7.35%
   1702    31    17176.0000   295    17968.0000    16648.0000   902314    7.35%
   1725    47    17027.0000   314    17968.0000    16648.0000   907437    7.35%
   1859   129    17262.0000   201    17968.0000    16648.0000   910199    7.35%
   2022   234    16734.0000   242    17968.0000    16648.0000   914495    7.35%
   2280   397    16912.0000   288    17968.0000    16648.0000   920168    7.35%
Elapsed time = 603.93 sec. (499152.16 ticks, tree = 2.46 MB, solutions = 9)
   2493   545    16763.0000   300    17968.0000    16648.0000   924490    7.35%
   2751   722        cutoff          17968.0000    16734.0000   929583    6.87%
   2992   858    17027.0000   258    17968.0000    16763.0000   933733    6.71%
   3230  1001        cutoff          17968.0000    16820.0000   938728    6.39%
   3430  1079    17704.0000   161    17968.0000    16849.0000   943700    6.23%
   3747  1256    17641.0000   232    17968.0000    16912.0000   948661    5.88%
   3996  1397    17819.0000   158    17968.0000    16912.0000   953657    5.88%
   4275  1553    17027.0000   220    17968.0000    16912.0000   958654    5.88%
   4526  1686    17704.0000   206    17968.0000    16912.0000   963819    5.88%
   4739  1805    infeasible          17968.0000    16912.0000   969251    5.88%
Elapsed time = 639.79 sec. (538722.40 ticks, tree = 11.27 MB, solutions = 9)
   4980  1920    17819.0000   235    17968.0000    16912.0000   976021    5.88%
   5170  1994    16998.0000   260    17968.0000    16912.0000   981699    5.88%
   5416  2118    17176.0000   184    17968.0000    16912.0000   988995    5.88%
   5685  2221    16998.0000   210    17968.0000    16998.0000   994969    5.40%
   5937  2310        cutoff          17968.0000    16998.0000   999275    5.40%
   6188  2402    17790.0000   222    17968.0000    17027.0000  1004873    5.24%
   6429  2479    17704.0000   201    17968.0000    17027.0000  1009506    5.24%
   6695  2595    17291.0000   216    17968.0000    17027.0000  1015418    5.24%
   6919  2671    17027.0000   262    17968.0000    17027.0000  1019902    5.24%
   7138  2761        cutoff          17968.0000    17027.0000  1024979    5.24%
Elapsed time = 676.22 sec. (577224.14 ticks, tree = 17.27 MB, solutions = 9)
   7402  2862    17440.0000   228    17968.0000    17027.0000  1030764    5.24%
   7645  2937    17704.0000   186    17968.0000    17084.0000  1035922    4.92%
   7909  2993        cutoff          17968.0000    17113.0000  1040384    4.76%
   8185  3063    infeasible          17968.0000    17113.0000  1045875    4.76%
   8449  3151    17440.0000   140    17968.0000    17176.0000  1050805    4.41%
   8783  3242    infeasible          17968.0000    17176.0000  1056679    4.41%
   9052  3303    infeasible          17968.0000    17176.0000  1063097    4.41%
   9300  3372    17934.0000   154    17968.0000    17176.0000  1067979    4.41%
   9562  3449    infeasible          17968.0000    17176.0000  1073595    4.41%
   9846  3519    17440.0000   200    17968.0000    17176.0000  1080002    4.41%
Elapsed time = 716.11 sec. (616231.12 ticks, tree = 21.95 MB, solutions = 9)
  10080  3584    17440.0000   224    17968.0000    17176.0000  1084155    4.41%
  10342  3659    infeasible          17968.0000    17176.0000  1089051    4.41%
  10644  3761    infeasible          17968.0000    17176.0000  1094745    4.41%
  10911  3850    17291.0000   260    17968.0000    17176.0000  1099288    4.41%
  11194  3962    17819.0000   166    17968.0000    17176.0000  1104966    4.41%
  11501  4079    17440.0000   212    17968.0000    17176.0000  1110844    4.41%
  11747  4164    17704.0000   178    17968.0000    17176.0000  1116624    4.41%
  11847  4194    17262.0000   212    17968.0000    17176.0000  1119308    4.41%
  12077  4264    17555.0000   232    17968.0000    17176.0000  1124460    4.41%
  12333  4355    17555.0000   230    17968.0000    17176.0000  1131393    4.41%
Elapsed time = 754.14 sec. (655383.20 ticks, tree = 27.28 MB, solutions = 9)
  12567  4430    17704.0000   206    17968.0000    17176.0000  1136196    4.41%
  12826  4501    17440.0000   156    17968.0000    17176.0000  1142052    4.41%
  13077  4607    infeasible          17968.0000    17176.0000  1147081    4.41%
  13345  4692    17440.0000   230    17968.0000    17176.0000  1152794    4.41%
  13618  4773    17555.0000   212    17968.0000    17176.0000  1158664    4.41%
  13870  4822    17819.0000   266    17968.0000    17228.0000  1164512    4.12%
  14136  4901    17704.0000   162    17968.0000    17262.0000  1169563    3.93%
  14454  4971        cutoff          17968.0000    17262.0000  1175189    3.93%
  14730  5026    17262.0000   244    17968.0000    17262.0000  1180525    3.93%
  14983  5077    17262.0000   187    17968.0000    17262.0000  1185866    3.93%
Elapsed time = 792.04 sec. (693713.90 ticks, tree = 31.77 MB, solutions = 9)
  15245  5125    infeasible          17968.0000    17291.0000  1192170    3.77%
  15525  5186    infeasible          17968.0000    17291.0000  1197586    3.77%
  15837  5266    17819.0000   215    17968.0000    17291.0000  1203109    3.77%
  16127  5314    17819.0000   194    17968.0000    17291.0000  1207594    3.77%
  16408  5380    17704.0000   178    17968.0000    17291.0000  1212766    3.77%
  16678  5457    infeasible          17968.0000    17291.0000  1217566    3.77%
  16955  5533    17555.0000   172    17968.0000    17291.0000  1222660    3.77%
  17227  5601    17555.0000   126    17968.0000    17291.0000  1228234    3.77%
  17499  5666        cutoff          17968.0000    17291.0000  1235342    3.77%
  17730  5738    17819.0000   158    17968.0000    17291.0000  1239851    3.77%
Elapsed time = 831.56 sec. (732852.34 ticks, tree = 35.87 MB, solutions = 9)
  18054  5830    infeasible          17968.0000    17291.0000  1244673    3.77%
  18335  5928    17905.0000   234    17968.0000    17291.0000  1249586    3.77%
  18536  5965        cutoff          17968.0000    17331.0000  1265684    3.55%
  18546  5957    infeasible          17968.0000    17348.0000  1284032    3.45%
  18565  5939        cutoff          17968.0000    17348.0000  1285643    3.45%
  18843  5960    infeasible          17968.0000    17377.0000  1290960    3.29%
  19132  6012    17670.0000   167    17968.0000    17377.0000  1295463    3.29%
  19401  6058    17377.0000   285    17968.0000    17377.0000  1300612    3.29%
  19695  6091    17819.0000   186    17968.0000    17406.0000  1304886    3.13%
  19983  6103        cutoff          17968.0000    17440.0000  1311188    2.94%
Elapsed time = 872.27 sec. (772846.36 ticks, tree = 38.16 MB, solutions = 9)
  20325  6124    17440.0000   116    17968.0000    17440.0000  1316854    2.94%
  20630  6140        cutoff          17968.0000    17440.0000  1322553    2.94%
  20919  6197    17526.0000   114    17968.0000    17440.0000  1328320    2.94%
  21233  6247    infeasible          17968.0000    17440.0000  1333317    2.94%
  21523  6284    17440.0000   156    17968.0000    17440.0000  1339044    2.94%
  21842  6328    17704.0000   156    17968.0000    17440.0000  1344012    2.94%
  22105  6355    17440.0000   228    17968.0000    17440.0000  1350202    2.94%
  22367  6406    infeasible          17968.0000    17440.0000  1354526    2.94%
  22657  6418    17704.0000   240    17968.0000    17440.0000  1360505    2.94%
  22919  6455    17704.0000   154    17968.0000    17440.0000  1365669    2.94%
Elapsed time = 912.22 sec. (811988.46 ticks, tree = 40.34 MB, solutions = 9)
  23167  6478    17704.0000   158    17968.0000    17440.0000  1370586    2.94%
  23473  6540    infeasible          17968.0000    17440.0000  1375987    2.94%
  23730  6575    17440.0000   194    17968.0000    17440.0000  1381612    2.94%
  24016  6621    17819.0000   134    17968.0000    17440.0000  1387069    2.94%
  24270  6657    infeasible          17968.0000    17440.0000  1391498    2.94%
  24555  6690    infeasible          17968.0000    17440.0000  1396883    2.94%
  24775  6705    17704.0000   184    17968.0000    17440.0000  1401410    2.94%
  25038  6745    infeasible          17968.0000    17440.0000  1408493    2.94%
  25313  6785    infeasible          17968.0000    17440.0000  1413613    2.94%
  25561  6804    17704.0000   250    17968.0000    17440.0000  1419112    2.94%
Elapsed time = 952.20 sec. (850661.13 ticks, tree = 42.51 MB, solutions = 9)
  25837  6880    17440.0000   227    17968.0000    17440.0000  1422866    2.94%
  26106  6900    17704.0000   220    17968.0000    17440.0000  1427819    2.94%
  26374  6958        cutoff          17968.0000    17440.0000  1432207    2.94%
  26670  7013    infeasible          17968.0000    17440.0000  1437688    2.94%
  26953  7035    17704.0000   140    17968.0000    17440.0000  1442524    2.94%
  27254  7096    17704.0000   146    17968.0000    17440.0000  1447959    2.94%
  27547  7122        cutoff          17968.0000    17440.0000  1453871    2.94%
  27835  7159    infeasible          17968.0000    17440.0000  1459465    2.94%
  28104  7198    infeasible          17968.0000    17440.0000  1465595    2.94%
  28391  7236    17704.0000   215    17968.0000    17440.0000  1470650    2.94%
Elapsed time = 991.47 sec. (889973.43 ticks, tree = 45.19 MB, solutions = 9)
  28659  7270        cutoff          17968.0000    17440.0000  1476651    2.94%
  28934  7315        cutoff          17968.0000    17440.0000  1481535    2.94%
  29196  7354    17704.0000   158    17968.0000    17440.0000  1486114    2.94%
  29487  7393    17704.0000   285    17968.0000    17440.0000  1490799    2.94%
  29757  7419    infeasible          17968.0000    17440.0000  1495856    2.94%
  30030  7429    infeasible          17968.0000    17440.0000  1501415    2.94%
  30304  7481    17704.0000   130    17968.0000    17440.0000  1506198    2.94%
  30552  7510    17440.0000   206    17968.0000    17440.0000  1510839    2.94%
  30853  7539        cutoff          17968.0000    17440.0000  1515840    2.94%
  31115  7550    17704.0000   150    17968.0000    17440.0000  1521271    2.94%
Elapsed time = 1029.58 sec. (929856.58 ticks, tree = 47.15 MB, solutions = 9)
  31398  7603    infeasible          17968.0000    17440.0000  1525385    2.94%
  31683  7637    17905.0000   194    17968.0000    17440.0000  1530210    2.94%
  31932  7660    17440.0000   194    17968.0000    17440.0000  1535625    2.94%
  32192  7691    17704.0000   199    17968.0000    17440.0000  1540382    2.94%
  32481  7729    infeasible          17968.0000    17440.0000  1545462    2.94%
  32771  7755    infeasible          17968.0000    17440.0000  1551282    2.94%
  33061  7756    17727.0000   278    17968.0000    17463.0000  1556762    2.81%
  33360  7728    infeasible          17968.0000    17526.0000  1561454    2.46%
  33676  7705    infeasible          17968.0000    17526.0000  1566569    2.46%
  33969  7701        cutoff          17968.0000    17526.0000  1572171    2.46%
Elapsed time = 1069.05 sec. (969332.78 ticks, tree = 48.11 MB, solutions = 9)
  34284  7709    17905.0000   175    17968.0000    17526.0000  1576588    2.46%
  34570  7714    17704.0000   208    17968.0000    17526.0000  1580557    2.46%
  34847  7703    17526.0000   198    17968.0000    17526.0000  1586327    2.46%
  35144  7696    infeasible          17968.0000    17526.0000  1590812    2.46%
  35418  7710    17790.0000   236    17968.0000    17526.0000  1595580    2.46%
  35672  7726    17704.0000   204    17968.0000    17526.0000  1599652    2.46%
  36000  7721        cutoff          17968.0000    17555.0000  1604337    2.30%
  36273  7732    17819.0000   204    17968.0000    17555.0000  1609334    2.30%
  36561  7743    17819.0000   238    17968.0000    17555.0000  1614679    2.30%
  36869  7759        cutoff          17968.0000    17555.0000  1618690    2.30%
Elapsed time = 1109.21 sec. (1007942.80 ticks, tree = 48.48 MB, solutions = 9)
  37156  7753        cutoff          17968.0000    17555.0000  1622979    2.30%
  37475  7723    17819.0000   170    17968.0000    17555.0000  1627691    2.30%
  37745  7707    infeasible          17968.0000    17555.0000  1631888    2.30%
  38014  7723    infeasible          17968.0000    17555.0000  1636410    2.30%
  38325  7741    infeasible          17968.0000    17555.0000  1641663    2.30%
  38621  7769        cutoff          17968.0000    17555.0000  1646075    2.30%
  38930  7801    infeasible          17968.0000    17555.0000  1651053    2.30%
  39223  7828    17819.0000   224    17968.0000    17555.0000  1655384    2.30%
  39493  7846    infeasible          17968.0000    17555.0000  1659286    2.30%
  39761  7858    17905.0000   162    17968.0000    17555.0000  1663758    2.30%
Elapsed time = 1148.60 sec. (1046883.54 ticks, tree = 49.10 MB, solutions = 9)
  40016  7883        cutoff          17968.0000    17555.0000  1667847    2.30%
  40300  7895    infeasible          17968.0000    17555.0000  1671584    2.30%
  40608  7911    17819.0000   230    17968.0000    17555.0000  1675754    2.30%
  40896  7894        cutoff          17968.0000    17555.0000  1680404    2.30%
  41195  7892    17790.0000   158    17968.0000    17555.0000  1685011    2.30%
  41477  7925    17819.0000   164    17968.0000    17555.0000  1688594    2.30%
  41791  7934    infeasible          17968.0000    17555.0000  1692730    2.30%
  42074  7955    infeasible          17968.0000    17555.0000  1697180    2.30%
  42374  7979    17555.0000   238    17968.0000    17555.0000  1700599    2.30%
  42622  7972        cutoff          17968.0000    17555.0000  1705122    2.30%
Elapsed time = 1186.99 sec. (1085518.72 ticks, tree = 49.82 MB, solutions = 9)
  42867  7984    17704.0000   206    17968.0000    17555.0000  1709146    2.30%
  43170  8026    17555.0000   235    17968.0000    17555.0000  1713636    2.30%
  43436  8052    17819.0000   166    17968.0000    17555.0000  1717729    2.30%
  43698  8095    infeasible          17968.0000    17555.0000  1721316    2.30%
  44006  8099    infeasible          17968.0000    17555.0000  1725050    2.30%
  44276  8127    17670.0000   272    17968.0000    17555.0000  1729853    2.30%
  44577  8125    infeasible          17968.0000    17555.0000  1734023    2.30%
  44811  8109    17555.0000   178    17968.0000    17555.0000  1738751    2.30%
  45106  8124    17819.0000   197    17968.0000    17555.0000  1743474    2.30%
  45398  8120    infeasible          17968.0000    17612.0000  1748092    1.98%
Elapsed time = 1226.79 sec. (1124215.23 ticks, tree = 50.74 MB, solutions = 9)
  45712  8067    17876.0000   193    17968.0000    17612.0000  1752925    1.98%
  45999  8027    infeasible          17968.0000    17641.0000  1756972    1.82%
  46291  7985        cutoff          17968.0000    17641.0000  1760868    1.82%
  46586  7945    17819.0000   170    17968.0000    17641.0000  1764769    1.82%
  46900  7913    17641.0000   131    17968.0000    17641.0000  1768454    1.82%
  47199  7855    infeasible          17968.0000    17670.0000  1772010    1.66%
  47531  7809    17934.0000   142    17968.0000    17670.0000  1776272    1.66%
  47823  7761        cutoff          17968.0000    17670.0000  1780152    1.66%
  48136  7697    17934.0000   200    17968.0000    17670.0000  1783103    1.66%
  48413  7664    17704.0000   172    17968.0000    17704.0000  1786340    1.47%
Elapsed time = 1270.46 sec. (1162556.07 ticks, tree = 47.91 MB, solutions = 9)
  48713  7625    17704.0000   178    17968.0000    17704.0000  1790953    1.47%
  49011  7555        cutoff          17968.0000    17704.0000  1796089    1.47%
  49268  7505    17704.0000   174    17968.0000    17704.0000  1801012    1.47%
  49577  7453    17934.0000   146    17968.0000    17704.0000  1806239    1.47%
  49836  7413        cutoff          17968.0000    17704.0000  1810325    1.47%
  50121  7375    infeasible          17968.0000    17704.0000  1814768    1.47%
  50416  7338    infeasible          17968.0000    17704.0000  1819404    1.47%
  50719  7320    17704.0000   280    17968.0000    17704.0000  1823667    1.47%
  51006  7260    infeasible          17968.0000    17704.0000  1827944    1.47%
  51289  7171        cutoff          17968.0000    17704.0000  1834168    1.47%
Elapsed time = 1311.48 sec. (1201162.62 ticks, tree = 44.86 MB, solutions = 9)
  51565  7095    17704.0000   180    17968.0000    17704.0000  1837972    1.47%
  51844  7002        cutoff          17968.0000    17704.0000  1842579    1.47%
  52130  6928    infeasible          17968.0000    17704.0000  1846614    1.47%
  52403  6852        cutoff          17968.0000    17704.0000  1851580    1.47%
  52697  6800        cutoff          17968.0000    17704.0000  1856150    1.47%
  52964  6777        cutoff          17968.0000    17704.0000  1861108    1.47%
  53261  6720        cutoff          17968.0000    17704.0000  1865259    1.47%
  53556  6667    17704.0000   213    17968.0000    17704.0000  1869681    1.47%
  53843  6619    infeasible          17968.0000    17704.0000  1874284    1.47%
  54100  6561        cutoff          17968.0000    17704.0000  1879110    1.47%
Elapsed time = 1352.03 sec. (1239885.57 ticks, tree = 41.08 MB, solutions = 9)
  54359  6508    infeasible          17968.0000    17704.0000  1883945    1.47%
  54586  6483    17704.0000   200    17968.0000    17704.0000  1887998    1.47%
  54889  6430    17704.0000   202    17968.0000    17704.0000  1893213    1.47%
  55132  6397    17819.0000   232    17968.0000    17704.0000  1898029    1.47%
  55408  6293    17704.0000   176    17968.0000    17704.0000  1902847    1.47%
  55664  6232    17704.0000   162    17968.0000    17704.0000  1907705    1.47%
  55970  6163    infeasible          17968.0000    17704.0000  1912340    1.47%
  56254  6081    17704.0000   169    17968.0000    17704.0000  1917477    1.47%
  56513  6006    17704.0000   171    17968.0000    17704.0000  1921486    1.47%
  56793  5948    17704.0000   164    17968.0000    17704.0000  1926252    1.47%
Elapsed time = 1392.66 sec. (1278725.17 ticks, tree = 37.27 MB, solutions = 9)
  57082  5888    17704.0000   104    17968.0000    17704.0000  1931030    1.47%
  57372  5828    17704.0000   184    17968.0000    17704.0000  1935506    1.47%
  57689  5739        cutoff          17968.0000    17704.0000  1940053    1.47%
  57972  5683        cutoff          17968.0000    17704.0000  1943642    1.47%
  58248  5604        cutoff          17968.0000    17704.0000  1948413    1.47%
  58565  5558    17704.0000   206    17968.0000    17704.0000  1952774    1.47%
  58867  5488    17704.0000   150    17968.0000    17704.0000  1956804    1.47%
  59160  5350    17756.0000   270    17968.0000    17756.0000  1962083    1.18%
  59520  5193        cutoff          17968.0000    17790.0000  1966187    0.99%
  59850  5053    17905.0000   250    17968.0000    17790.0000  1969204    0.99%
Elapsed time = 1434.47 sec. (1317706.10 ticks, tree = 31.72 MB, solutions = 9)
  60226  4902    17790.0000   174    17968.0000    17790.0000  1973491    0.99%
  60580  4779    infeasible          17968.0000    17790.0000  1976662    0.99%
  60897  4669        cutoff          17968.0000    17790.0000  1979824    0.99%
  61234  4559    17905.0000   220    17968.0000    17790.0000  1983477    0.99%
  61560  4414    17819.0000   180    17968.0000    17819.0000  1987740    0.83%
  61937  4221    17934.0000   136    17968.0000    17819.0000  1991232    0.83%
  62304  4025        cutoff          17968.0000    17819.0000  1994623    0.83%
  62644  3871        cutoff          17968.0000    17819.0000  1998212    0.83%
  62953  3771        cutoff          17968.0000    17819.0000  2001673    0.83%
  63287  3636    17819.0000   169    17968.0000    17819.0000  2005976    0.83%
Elapsed time = 1483.63 sec. (1357091.69 ticks, tree = 22.91 MB, solutions = 9)
  63628  3447    17819.0000   118    17968.0000    17819.0000  2009109    0.83%
  63981  3297    17819.0000   212    17968.0000    17819.0000  2012905    0.83%
  64305  3141    17819.0000   182    17968.0000    17819.0000  2016253    0.83%
  64616  2992    17819.0000   142    17968.0000    17819.0000  2019543    0.83%
  64950  2876        cutoff          17968.0000    17819.0000  2022822    0.83%
  65291  2744        cutoff          17968.0000    17819.0000  2026073    0.83%
  65568  2626    17819.0000   274    17968.0000    17819.0000  2029352    0.83%
  65915  2479        cutoff          17968.0000    17819.0000  2032879    0.83%
  66215  2324        cutoff          17968.0000    17819.0000  2036349    0.83%
  66522  2201    17819.0000   164    17968.0000    17819.0000  2038995    0.83%
Elapsed time = 1534.32 sec. (1395600.61 ticks, tree = 13.99 MB, solutions = 9)
  66843  2074    infeasible          17968.0000    17819.0000  2042105    0.83%
  67137  1960    17819.0000   247    17968.0000    17819.0000  2045819    0.83%
  67419  1862        cutoff          17968.0000    17819.0000  2049298    0.83%
  67711  1736    infeasible          17968.0000    17819.0000  2052857    0.83%
  67991  1648    infeasible          17968.0000    17819.0000  2055716    0.83%
  68303  1520        cutoff          17968.0000    17819.0000  2059465    0.83%
  68746  1193    infeasible          17968.0000    17905.0000  2061903    0.35%
  69098   983    infeasible          17968.0000    17905.0000  2064796    0.35%
  69529   709        cutoff          17968.0000    17934.0000  2067189    0.19%
  69862   483    17934.0000   161    17968.0000    17934.0000  2069660    0.19%
Elapsed time = 1587.27 sec. (1434079.22 ticks, tree = 3.32 MB, solutions = 9)
  70267   241    infeasible          17968.0000    17934.0000  2071876    0.19%

GUB cover cuts applied:  20
Clique cuts applied:  36
Cover cuts applied:  196
Implied bound cuts applied:  20
Flow cuts applied:  67
Mixed integer rounding cuts applied:  116
Zero-half cuts applied:  46
Gomory fractional cuts applied:  6

Root node processing (before b&c):
  Real time             =  343.29 sec. (187554.56 ticks)
Sequential b&c:
  Real time             = 1255.27 sec. (1254426.32 ticks)
                          ------------
Total (root+branch&cut) = 1598.56 sec. (1441980.87 ticks)
Optimal

>> Printing some results...
    -> Solution value = 17968 - 04:59:28
    -> Total time = 1598.56
    -> Gap value = 0.00

=============
Train 0
=============
> Trip 0
   0(time 155 - 00:02:35)(time 365 - 00:06:05) ->    1(time 480 - 00:08:00)(time 659 - 00:10:59) ->    2(time 774 - 00:12:54)(time 965 - 00:16:05) ->    3(time 1229 - 00:20:29)(time 1414 - 00:23:34) ->    4(time 1529 - 00:25:29)(time 1712 - 00:28:32) ->    5(time 1784 - 00:29:44)(time 1963 - 00:32:43) ->    6(time 2078 - 00:34:38)(time 2289 - 00:38:09) ->    7(time 2404 - 00:40:04)(time 2606 - 00:43:26) ->    8(time 2870 - 00:47:50)(time 3059 - 00:50:59) ->    9(time 3131 - 00:52:11)(time 3339 - 00:55:39) ->    10(time 3454 - 00:57:34)(time 3670 - 01:01:10) ->    11(time 3785 - 01:03:05)(time 3987 - 01:06:27) ->    12(time 4251 - 01:10:51)(time 4251 - 01:10:51) ->    25(time 4515 - 01:15:15)(time 4717 - 01:18:37) ->    24(time 4832 - 01:20:32)(time 5048 - 01:24:08) ->    23(time 5163 - 01:26:03)(time 5371 - 01:29:31) ->    22(time 5443 - 01:30:43)(time 5632 - 01:33:52) ->    21(time 5896 - 01:38:16)(time 6098 - 01:41:38) ->    20(time 6213 - 01:43:33)(time 6424 - 01:47:04) ->    19(time 6539 - 01:48:59)(time 6718 - 01:51:58) ->    18(time 6790 - 01:53:10)(time 6973 - 01:56:13) ->    17(time 7088 - 01:58:08)(time 7273 - 02:01:13) ->    16(time 7537 - 02:05:37)(time 7728 - 02:08:48) ->    15(time 7843 - 02:10:43)(time 8022 - 02:13:42) ->    14(time 8137 - 02:15:37)(time 8347 - 02:19:07) ->    13(time 8611 - 02:23:31)(time 8611 - 02:23:31) -> 0
> Trip 1
   0(time 8875 - 02:27:55)(time 9085 - 02:31:25) ->    1(time 9200 - 02:33:20)(time 9379 - 02:36:19) ->    2(time 9494 - 02:38:14)(time 9685 - 02:41:25) ->    3(time 9949 - 02:45:49)(time 10134 - 02:48:54) ->    4(time 10249 - 02:50:49)(time 10432 - 02:53:52) ->    5(time 10504 - 02:55:04)(time 10683 - 02:58:03) ->    6(time 10798 - 02:59:58)(time 11009 - 03:03:29) ->    7(time 11124 - 03:05:24)(time 11326 - 03:08:46) ->    8(time 11590 - 03:13:10)(time 11779 - 03:16:19) ->    9(time 11851 - 03:17:31)(time 12059 - 03:20:59) ->    10(time 12174 - 03:22:54)(time 12390 - 03:26:30) ->    11(time 12505 - 03:28:25)(time 12707 - 03:31:47) ->    12(time 12971 - 03:36:11)(time 12971 - 03:36:11) ->    25(time 13235 - 03:40:35)(time 13437 - 03:43:57) ->    24(time 13552 - 03:45:52)(time 13768 - 03:49:28) ->    23(time 13883 - 03:51:23)(time 14091 - 03:54:51) ->    22(time 14163 - 03:56:03)(time 14352 - 03:59:12) ->    21(time 14616 - 04:03:36)(time 14818 - 04:06:58) ->    20(time 14933 - 04:08:53)(time 15144 - 04:12:24) ->    19(time 15259 - 04:14:19)(time 15438 - 04:17:18) ->    18(time 15510 - 04:18:30)(time 15693 - 04:21:33) ->    17(time 15808 - 04:23:28)(time 15993 - 04:26:33) ->    16(time 16257 - 04:30:57)(time 16448 - 04:34:08) ->    15(time 16563 - 04:36:03)(time 16742 - 04:39:02) ->    14(time 16857 - 04:40:57)(time 17067 - 04:44:27) ->    13(time 17331 - 04:48:51)(time 17331 - 04:48:51) -> 0
> Trip 2
   0(time 17595 - 04:53:15)(time 17805 - 04:56:45) ->    1(time 17920 - 04:58:40)(time 18099 - 05:01:39) ->    2(time 18214 - 05:03:34)(time 18405 - 05:06:45) ->    3(time 18669 - 05:11:09)(time 18854 - 05:14:14) ->    4(time 18969 - 05:16:09)(time 19152 - 05:19:12) ->    5(time 19224 - 05:20:24)(time 19403 - 05:23:23) ->    6(time 19518 - 05:25:18)(time 19729 - 05:28:49) ->    7(time 19844 - 05:30:44)(time 20046 - 05:34:06) ->    8(time 20310 - 05:38:30)(time 20499 - 05:41:39) ->    9(time 20571 - 05:42:51)(time 20779 - 05:46:19) ->    10(time 20894 - 05:48:14)(time 21110 - 05:51:50) ->    11(time 21225 - 05:53:45)(time 21427 - 05:57:07) ->    12(time 21691 - 06:01:31)(time 21691 - 06:01:31) ->    25(time 21955 - 06:05:55)(time 22157 - 06:09:17) ->    24(time 22272 - 06:11:12)(time 22488 - 06:14:48) ->    23(time 22603 - 06:16:43)(time 22811 - 06:20:11) ->    22(time 22883 - 06:21:23)(time 23072 - 06:24:32) ->    21(time 23336 - 06:28:56)(time 23538 - 06:32:18) ->    20(time 23653 - 06:34:13)(time 23864 - 06:37:44) ->    19(time 23979 - 06:39:39)(time 24158 - 06:42:38) ->    18(time 24230 - 06:43:50)(time 24413 - 06:46:53) ->    17(time 24528 - 06:48:48)(time 24713 - 06:51:53) ->    16(time 24977 - 06:56:17)(time 25168 - 06:59:28) ->    15(time 25283 - 07:01:23)(time 25462 - 07:04:22) ->    14(time 25577 - 07:06:17)(time 25787 - 07:09:47) ->    13(time 26051 - 07:14:11)(time 26051 - 07:14:11) -> 0
=============
Train 1
=============
> Trip 0
   0(time 385 - 00:06:25)(time 595 - 00:09:55) ->    1(time 859 - 00:14:19)(time 1038 - 00:17:18) ->    2(time 1302 - 00:21:42)(time 1493 - 00:24:53) ->    3(time 1757 - 00:29:17)(time 1942 - 00:32:22) ->    4(time 2057 - 00:34:17)(time 2240 - 00:37:20) ->    5(time 2312 - 00:38:32)(time 2491 - 00:41:31) ->    6(time 2606 - 00:43:26)(time 2817 - 00:46:57) ->    7(time 2932 - 00:48:52)(time 3134 - 00:52:14) ->    8(time 3398 - 00:56:38)(time 3587 - 00:59:47) ->    9(time 3659 - 01:00:59)(time 3867 - 01:04:27) ->    10(time 3982 - 01:06:22)(time 4198 - 01:09:58) ->    11(time 4313 - 01:11:53)(time 4515 - 01:15:15) ->    12(time 5043 - 01:24:03)(time 5043 - 01:24:03) ->    25(time 5043 - 01:24:03)(time 5245 - 01:27:25) ->    24(time 5360 - 01:29:20)(time 5576 - 01:32:56) ->    23(time 5691 - 01:34:51)(time 5899 - 01:38:19) ->    22(time 5971 - 01:39:31)(time 6160 - 01:42:40) ->    21(time 6424 - 01:47:04)(time 6626 - 01:50:26) ->    20(time 6741 - 01:52:21)(time 6952 - 01:55:52) ->    19(time 7067 - 01:57:47)(time 7246 - 02:00:46) ->    18(time 7318 - 02:01:58)(time 7501 - 02:05:01) ->    17(time 7616 - 02:06:56)(time 7801 - 02:10:01) ->    16(time 8065 - 02:14:25)(time 8256 - 02:17:36) ->    15(time 8371 - 02:19:31)(time 8550 - 02:22:30) ->    14(time 8665 - 02:24:25)(time 8875 - 02:27:55) ->    13(time 9139 - 02:32:19)(time 9139 - 02:32:19) -> 0
> Trip 1
   0(time 9139 - 02:32:19)(time 9349 - 02:35:49) ->    1(time 9728 - 02:42:08)(time 9907 - 02:45:07) ->    2(time 10022 - 02:47:02)(time 10213 - 02:50:13) ->    3(time 10477 - 02:54:37)(time 10662 - 02:57:42) ->    4(time 10777 - 02:59:37)(time 10960 - 03:02:40) ->    5(time 11032 - 03:03:52)(time 11211 - 03:06:51) ->    6(time 11326 - 03:08:46)(time 11537 - 03:12:17) ->    7(time 11652 - 03:14:12)(time 11854 - 03:17:34) ->    8(time 12118 - 03:21:58)(time 12307 - 03:25:07) ->    9(time 12379 - 03:26:19)(time 12587 - 03:29:47) ->    10(time 12702 - 03:31:42)(time 12918 - 03:35:18) ->    11(time 13033 - 03:37:13)(time 13235 - 03:40:35) ->    12(time 13499 - 03:44:59)(time 13499 - 03:44:59) ->    25(time 13499 - 03:44:59)(time 13701 - 03:48:21) ->    24(time 13931 - 03:52:11)(time 14147 - 03:55:47) ->    23(time 14262 - 03:57:42)(time 14470 - 04:01:10) ->    22(time 14691 - 04:04:51)(time 14880 - 04:08:00) ->    21(time 15144 - 04:12:24)(time 15346 - 04:15:46) ->    20(time 15461 - 04:17:41)(time 15672 - 04:21:12) ->    19(time 15787 - 04:23:07)(time 15966 - 04:26:06) ->    18(time 16038 - 04:27:18)(time 16221 - 04:30:21) ->    17(time 16336 - 04:32:16)(time 16521 - 04:35:21) ->    16(time 16785 - 04:39:45)(time 16976 - 04:42:56) ->    15(time 17091 - 04:44:51)(time 17270 - 04:47:50) ->    14(time 17385 - 04:49:45)(time 17595 - 04:53:15) ->    13(time 17859 - 04:57:39)(time 17859 - 04:57:39) -> 0
> Trip 2
   0(time 18123 - 05:02:03)(time 18333 - 05:05:33) ->    1(time 18448 - 05:07:28)(time 18627 - 05:10:27) ->    2(time 18742 - 05:12:22)(time 18933 - 05:15:33) ->    3(time 19197 - 05:19:57)(time 19382 - 05:23:02) ->    4(time 19497 - 05:24:57)(time 19680 - 05:28:00) ->    5(time 19752 - 05:29:12)(time 19931 - 05:32:11) ->    6(time 20046 - 05:34:06)(time 20257 - 05:37:37) ->    7(time 20372 - 05:39:32)(time 20574 - 05:42:54) ->    8(time 20838 - 05:47:18)(time 21027 - 05:50:27) ->    9(time 21099 - 05:51:39)(time 21307 - 05:55:07) ->    10(time 21422 - 05:57:02)(time 21638 - 06:00:38) ->    11(time 21753 - 06:02:33)(time 21955 - 06:05:55) ->    12(time 22219 - 06:10:19)(time 22219 - 06:10:19) ->    25(time 22219 - 06:10:19)(time 22421 - 06:13:41) ->    24(time 22651 - 06:17:31)(time 22867 - 06:21:07) ->    23(time 23131 - 06:25:31)(time 23339 - 06:28:59) ->    22(time 23411 - 06:30:11)(time 23600 - 06:33:20) ->    21(time 23864 - 06:37:44)(time 24066 - 06:41:06) ->    20(time 24181 - 06:43:01)(time 24392 - 06:46:32) ->    19(time 24507 - 06:48:27)(time 24686 - 06:51:26) ->    18(time 24758 - 06:52:38)(time 24941 - 06:55:41) ->    17(time 25056 - 06:57:36)(time 25241 - 07:00:41) ->    16(time 25505 - 07:05:05)(time 25696 - 07:08:16) ->    15(time 25811 - 07:10:11)(time 25990 - 07:13:10) ->    14(time 26105 - 07:15:05)(time 26315 - 07:18:35) ->    13(time 26579 - 07:22:59)(time 26579 - 07:22:59) -> 0
=============
Train 2
=============
> Trip 0
   0(time 270 - 00:04:30)(time 480 - 00:08:00) ->    1(time 595 - 00:09:55)(time 774 - 00:12:54) ->    2(time 1038 - 00:17:18)(time 1229 - 00:20:29) ->    3(time 1493 - 00:24:53)(time 1678 - 00:27:58) ->    4(time 1793 - 00:29:53)(time 1976 - 00:32:56) ->    5(time 2048 - 00:34:08)(time 2227 - 00:37:07) ->    6(time 2342 - 00:39:02)(time 2553 - 00:42:33) ->    7(time 2668 - 00:44:28)(time 2870 - 00:47:50) ->    8(time 3134 - 00:52:14)(time 3323 - 00:55:23) ->    9(time 3395 - 00:56:35)(time 3603 - 01:00:03) ->    10(time 3718 - 01:01:58)(time 3934 - 01:05:34) ->    11(time 4049 - 01:07:29)(time 4251 - 01:10:51) ->    12(time 4515 - 01:15:15)(time 4515 - 01:15:15) ->    25(time 4630 - 01:17:10)(time 4832 - 01:20:32) ->    24(time 5096 - 01:24:56)(time 5312 - 01:28:32) ->    23(time 5427 - 01:30:27)(time 5635 - 01:33:55) ->    22(time 5707 - 01:35:07)(time 5896 - 01:38:16) ->    21(time 6160 - 01:42:40)(time 6362 - 01:46:02) ->    20(time 6477 - 01:47:57)(time 6688 - 01:51:28) ->    19(time 6803 - 01:53:23)(time 6982 - 01:56:22) ->    18(time 7054 - 01:57:34)(time 7237 - 02:00:37) ->    17(time 7352 - 02:02:32)(time 7537 - 02:05:37) ->    16(time 7801 - 02:10:01)(time 7992 - 02:13:12) ->    15(time 8107 - 02:15:07)(time 8286 - 02:18:06) ->    14(time 8401 - 02:20:01)(time 8611 - 02:23:31) ->    13(time 8875 - 02:27:55)(time 8875 - 02:27:55) -> 0
> Trip 1
   0(time 8990 - 02:29:50)(time 9200 - 02:33:20) ->    1(time 9315 - 02:35:15)(time 9494 - 02:38:14) ->    2(time 9758 - 02:42:38)(time 9949 - 02:45:49) ->    3(time 10213 - 02:50:13)(time 10398 - 02:53:18) ->    4(time 10513 - 02:55:13)(time 10696 - 02:58:16) ->    5(time 10768 - 02:59:28)(time 10947 - 03:02:27) ->    6(time 11062 - 03:04:22)(time 11273 - 03:07:53) ->    7(time 11388 - 03:09:48)(time 11590 - 03:13:10) ->    8(time 11854 - 03:17:34)(time 12043 - 03:20:43) ->    9(time 12115 - 03:21:55)(time 12323 - 03:25:23) ->    10(time 12438 - 03:27:18)(time 12654 - 03:30:54) ->    11(time 12769 - 03:32:49)(time 12971 - 03:36:11) ->    12(time 13235 - 03:40:35)(time 13235 - 03:40:35) ->    25(time 13350 - 03:42:30)(time 13552 - 03:45:52) ->    24(time 13701 - 03:48:21)(time 13917 - 03:51:57) ->    23(time 14147 - 03:55:47)(time 14355 - 03:59:15) ->    22(time 14427 - 04:00:27)(time 14616 - 04:03:36) ->    21(time 14880 - 04:08:00)(time 15082 - 04:11:22) ->    20(time 15197 - 04:13:17)(time 15408 - 04:16:48) ->    19(time 15523 - 04:18:43)(time 15702 - 04:21:42) ->    18(time 15774 - 04:22:54)(time 15957 - 04:25:57) ->    17(time 16072 - 04:27:52)(time 16257 - 04:30:57) ->    16(time 16521 - 04:35:21)(time 16712 - 04:38:32) ->    15(time 16827 - 04:40:27)(time 17006 - 04:43:26) ->    14(time 17121 - 04:45:21)(time 17331 - 04:48:51) ->    13(time 17595 - 04:53:15)(time 17595 - 04:53:15) -> 0
> Trip 2
   0(time 17859 - 04:57:39)(time 18069 - 05:01:09) ->    1(time 18184 - 05:03:04)(time 18363 - 05:06:03) ->    2(time 18478 - 05:07:58)(time 18669 - 05:11:09) ->    3(time 18933 - 05:15:33)(time 19118 - 05:18:38) ->    4(time 19233 - 05:20:33)(time 19416 - 05:23:36) ->    5(time 19488 - 05:24:48)(time 19667 - 05:27:47) ->    6(time 19782 - 05:29:42)(time 19993 - 05:33:13) ->    7(time 20108 - 05:35:08)(time 20310 - 05:38:30) ->    8(time 20574 - 05:42:54)(time 20763 - 05:46:03) ->    9(time 20835 - 05:47:15)(time 21043 - 05:50:43) ->    10(time 21158 - 05:52:38)(time 21374 - 05:56:14) ->    11(time 21489 - 05:58:09)(time 21691 - 06:01:31) ->    12(time 21955 - 06:05:55)(time 21955 - 06:05:55) ->    25(time 22070 - 06:07:50)(time 22272 - 06:11:12) ->    24(time 22387 - 06:13:07)(time 22603 - 06:16:43) ->    23(time 22867 - 06:21:07)(time 23075 - 06:24:35) ->    22(time 23147 - 06:25:47)(time 23336 - 06:28:56) ->    21(time 23600 - 06:33:20)(time 23802 - 06:36:42) ->    20(time 23917 - 06:38:37)(time 24128 - 06:42:08) ->    19(time 24243 - 06:44:03)(time 24422 - 06:47:02) ->    18(time 24494 - 06:48:14)(time 24677 - 06:51:17) ->    17(time 24792 - 06:53:12)(time 24977 - 06:56:17) ->    16(time 25241 - 07:00:41)(time 25432 - 07:03:52) ->    15(time 25547 - 07:05:47)(time 25726 - 07:08:46) ->    14(time 25841 - 07:10:41)(time 26051 - 07:14:11) ->    13(time 26315 - 07:18:35)(time 26315 - 07:18:35) -> 0
