t3p10r6h3.txt:
   > Trying to open the instance file...
   > Reading number of trains...
   > Reading maximum number of trips per train...
   > Reading time intervals...
   > Reading number of points...
   > Reading stations...
   > Reading crossings...
   > Reading depots...
   > Reading initial point...
   > Reading routes...
   > Reading distance and distance and service...
   > Reading demands...
   > Reading maximum time...
   > Reading alpha...

--------------------------------
 Printing instance
--------------------------------
number of trains = 3
	max trips per trains: 4     4     4
number of intervals = 3
	(0,  15386)	(15387,  30772)	(30773,  46158)
number of points = 10
	initial point: 4
	stations: 0     1     2     3     4     5     6     7     8     9
	crossings: 0     1     2     4     9
	depots: 0     4     9
number of vertices = 20
	total vertices: 0     1     2     3     4     5     6     7     8     9    10    11    12    13    14    15    16    17    18    19
	upper vertices: 0     1     2     3     4     5     6     7     8     9
	lower vertices: 10    11    12    13    14    15    16    17    18    19
	vertices of point #0: (0, 10)
	vertices of point #1: (1, 11)
	vertices of point #2: (2, 12)
	vertices of point #3: (3, 13)
	vertices of point #4: (4, 14)
	vertices of point #5: (5, 15)
	vertices of point #6: (6, 16)
	vertices of point #7: (7, 17)
	vertices of point #8: (8, 18)
	vertices of point #9: (9, 19)

arcs...
	total arcs: 
		arc #0: (0, 1)
		arc #1: (0, 10)
		arc #2: (10, 0)
		arc #3: (1, 2)
		arc #4: (11, 10)
		arc #5: (2, 3)
		arc #6: (12, 11)
		arc #7: (3, 4)
		arc #8: (13, 12)
		arc #9: (4, 5)
		arc #10: (14, 13)
		arc #11: (4, 14)
		arc #12: (14, 4)
		arc #13: (5, 6)
		arc #14: (15, 14)
		arc #15: (6, 7)
		arc #16: (16, 15)
		arc #17: (7, 8)
		arc #18: (17, 16)
		arc #19: (8, 9)
		arc #20: (18, 17)
		arc #21: (19, 18)
		arc #22: (9, 19)
		arc #23: (19, 9)

	reverse arcs: 
		arc #1: (0, 10)
		arc #2: (10, 0)
		arc #11: (4, 14)
		arc #12: (14, 4)
		arc #22: (9, 19)
		arc #23: (19, 9)


incompatible points...
	(0, 0, 11, (0, 1))	(11, 11, 0, (11, 10))	(1, 1, 12, (1, 2))	(12, 12, 1, (12, 11))	(2, 3, 14, (3, 4))	(14, 13, 2, (13, 12))	(4, 8, 19, (8, 9))	(19, 15, 4, (15, 14))

number of routes = 6
vertices of routes...
	route #0: 0     1     2     3     4     5     6     7     8     9    19    18    17    16    15    14    13    12    11    10     0
	route #1: 19    18    17    16    15    14    13    12    11    10     0     1     2     3     4     5     6     7     8     9    19
	route #2: 4     5     6     7     8     9
	route #3: 14    13    12    11    10
	route #4: 0     1     2     3     4
	route #5: 19    18    17    16    15    14
arcs of routes...
	route #0: 0     3     5     7     9    13    15    17    19    22    21    20    18    16    14    10     8     6     4     2
	route #1: 21    20    18    16    14    10     8     6     4     2     0     3     5     7     9    13    15    17    19    22
	route #2: 9    13    15    17    19
	route #3: 10     8     6     4
	route #4: 0     3     5     7
	route #5: 21    20    18    16    14

incompatible routes...
	(0, 1)    	(0, 2)    	(0, 3)    	(0, 5)    	(1, 0)    	(1, 2)    	(1, 3)    	(1, 4)    	(2, 0)    	(2, 2)    	(2, 3)    	(2, 4)    	(3, 1)    	(3, 2)    	(3, 3)    	(3, 5)    	(4, 0)    	(4, 1)    	(4, 4)    	(4, 5)    	(5, 0)    	(5, 1)    	(5, 4)    	(5, 5)

vertices that can be adjacent in consecutive trips...
	(0, 0)    	(4, 4)    	(4, 14)    	(9, 19)    	(10, 0)    	(14, 4)    	(14, 14)    	(19, 19)
non cyclical routes: 
       2       3       4       5

routes of trip...
	routes that train #0 can complete at trip #0: 2       3
	routes that train #0 can complete at trip #1: 0       1       2       3       4       5
	routes that train #0 can complete at trip #2: 0       1       2       3       4       5
	routes that train #0 can complete at trip #3: 0       1       2       3       4       5

	routes that train #1 can complete at trip #0: 2       3
	routes that train #1 can complete at trip #1: 0       1       2       3       4       5
	routes that train #1 can complete at trip #2: 0       1       2       3       4       5
	routes that train #1 can complete at trip #3: 0       1       2       3       4       5

	routes that train #2 can complete at trip #0: 2       3
	routes that train #2 can complete at trip #1: 0       1       2       3       4       5
	routes that train #2 can complete at trip #2: 0       1       2       3       4       5
	routes that train #2 can complete at trip #3: 0       1       2       3       4       5

 cost...
	arc #0 [0][1]: 217
	arc #1 [0][10]: 0
	arc #2 [10][0]: 0
	arc #3 [1][2]: 236
	arc #4 [11][10]: 217
	arc #5 [2][3]: 244
	arc #6 [12][11]: 236
	arc #7 [3][4]: 226
	arc #8 [13][12]: 244
	arc #9 [4][5]: 220
	arc #10 [14][13]: 226
	arc #11 [4][14]: 0
	arc #12 [14][4]: 0
	arc #13 [5][6]: 249
	arc #14 [15][14]: 220
	arc #15 [6][7]: 220
	arc #16 [16][15]: 249
	arc #17 [7][8]: 248
	arc #18 [17][16]: 220
	arc #19 [8][9]: 235
	arc #20 [18][17]: 248
	arc #21 [19][18]: 235
	arc #22 [9][19]: 0
	arc #23 [19][9]: 0

cost with minimum service...
	arc #0 [0][1]: 319
	arc #1 [0][10]: 0
	arc #2 [10][0]: 0
	arc #3 [1][2]: 338
	arc #4 [11][10]: 390
	arc #5 [2][3]: 346
	arc #6 [12][11]: 338
	arc #7 [3][4]: 399
	arc #8 [13][12]: 346
	arc #9 [4][5]: 322
	arc #10 [14][13]: 328
	arc #11 [4][14]: 0
	arc #12 [14][4]: 0
	arc #13 [5][6]: 351
	arc #14 [15][14]: 393
	arc #15 [6][7]: 322
	arc #16 [16][15]: 351
	arc #17 [7][8]: 350
	arc #18 [17][16]: 322
	arc #19 [8][9]: 408
	arc #20 [18][17]: 350
	arc #21 [19][18]: 337
	arc #22 [9][19]: 0
	arc #23 [19][9]: 0

cost with maximum service...
	arc #0 [0][1]: 640
	arc #1 [0][10]: 423
	arc #2 [10][0]: 423
	arc #3 [1][2]: 659
	arc #4 [11][10]: 640
	arc #5 [2][3]: 667
	arc #6 [12][11]: 659
	arc #7 [3][4]: 649
	arc #8 [13][12]: 667
	arc #9 [4][5]: 643
	arc #10 [14][13]: 649
	arc #11 [4][14]: 423
	arc #12 [14][4]: 423
	arc #13 [5][6]: 672
	arc #14 [15][14]: 643
	arc #15 [6][7]: 643
	arc #16 [16][15]: 672
	arc #17 [7][8]: 671
	arc #18 [17][16]: 643
	arc #19 [8][9]: 658
	arc #20 [18][17]: 671
	arc #21 [19][18]: 658
	arc #22 [9][19]: 423
	arc #23 [19][9]: 423

demands...
	demands of vertex 0 at time interval: 3     3     3
	demands of vertex 1 at time interval: 3     3     3
	demands of vertex 2 at time interval: 3     3     3
	demands of vertex 3 at time interval: 3     3     3
	demands of vertex 4 at time interval: 3     3     3
	demands of vertex 5 at time interval: 3     3     3
	demands of vertex 6 at time interval: 3     3     3
	demands of vertex 7 at time interval: 3     3     3
	demands of vertex 8 at time interval: 3     3     3
	demands of vertex 9 at time interval: 0     0     0
	demands of vertex 10 at time interval: 0     0     0
	demands of vertex 11 at time interval: 3     3     3
	demands of vertex 12 at time interval: 3     3     3
	demands of vertex 13 at time interval: 3     3     3
	demands of vertex 14 at time interval: 3     3     3
	demands of vertex 15 at time interval: 3     3     3
	demands of vertex 16 at time interval: 3     3     3
	demands of vertex 17 at time interval: 3     3     3
	demands of vertex 18 at time interval: 3     3     3
	demands of vertex 19 at time interval: 3     3     3

maximum time = 46158
alpha = 63
Starting to test combinations... - Total number of combinations = 27000
Found new best - 16/27000
Found new best - 466/27000
10% done - 2700/27000 combination(s) tested! (Thread 0)
20% done - 5400/27000 combination(s) tested! (Thread 0)
30% done - 8100/27000 combination(s) tested! (Thread 0)
40% done - 10800/27000 combination(s) tested! (Thread 0)
50% done - 13500/27000 combination(s) tested! (Thread 0)
60% done - 16200/27000 combination(s) tested! (Thread 0)
70% done - 18900/27000 combination(s) tested! (Thread 0)
80% done - 21600/27000 combination(s) tested! (Thread 0)
90% done - 24300/27000 combination(s) tested! (Thread 0)
100% done - 27000/27000 combination(s) tested! (Thread 0)
All combination(s) tested!
2/27000 were feasible combination(s)! - (0.007%)

>> Printing some results...
    -> Solution value = 37611 - 10:26:51
    -> Total time = 3.47
    -> Gap value = 0.00

=============
Train 0
=============
> Trip 0
   4(time 0 - 00:00:00)(time 220 - 00:03:40) ->    5(time 322 - 00:05:22)(time 571 - 00:09:31) ->    6(time 673 - 00:11:13)(time 893 - 00:14:53) ->    7(time 995 - 00:16:35)(time 1243 - 00:20:43) ->    8(time 1345 - 00:22:25)(time 1580 - 00:26:20) -> 9
> Trip 1
   19(time 1580 - 00:26:20)(time 1815 - 00:30:15) ->    18(time 1917 - 00:31:57)(time 2165 - 00:36:05) ->    17(time 2267 - 00:37:47)(time 2487 - 00:41:27) ->    16(time 2589 - 00:43:09)(time 2838 - 00:47:18) ->    15(time 2940 - 00:49:00)(time 3160 - 00:52:40) ->    14(time 3333 - 00:55:33)(time 3559 - 00:59:19) ->    13(time 3661 - 01:01:01)(time 3905 - 01:05:05) ->    12(time 4007 - 01:06:47)(time 4243 - 01:10:43) ->    11(time 4345 - 01:12:25)(time 4562 - 01:16:02) ->    10(time 4735 - 01:18:55)(time 4735 - 01:18:55) ->    0(time 4735 - 01:18:55)(time 4952 - 01:22:32) ->    1(time 5054 - 01:24:14)(time 5290 - 01:28:10) ->    2(time 5392 - 01:29:52)(time 5636 - 01:33:56) ->    3(time 5844 - 01:37:24)(time 6070 - 01:41:10) ->    4(time 6493 - 01:48:13)(time 6713 - 01:51:53) ->    5(time 6815 - 01:53:35)(time 7064 - 01:57:44) ->    6(time 7166 - 01:59:26)(time 7386 - 02:03:06) ->    7(time 7488 - 02:04:48)(time 7736 - 02:08:56) ->    8(time 7838 - 02:10:38)(time 8073 - 02:14:33) ->    9(time 8246 - 02:17:26)(time 8246 - 02:17:26) -> 19
> Trip 2
   19(time 8246 - 02:17:26)(time 8481 - 02:21:21) ->    18(time 8583 - 02:23:03)(time 8831 - 02:27:11) ->    17(time 8933 - 02:28:53)(time 9153 - 02:32:33) ->    16(time 9255 - 02:34:15)(time 9504 - 02:38:24) ->    15(time 9606 - 02:40:06)(time 9826 - 02:43:46) ->    14(time 9999 - 02:46:39)(time 10225 - 02:50:25) ->    13(time 10327 - 02:52:07)(time 10571 - 02:56:11) ->    12(time 10673 - 02:57:53)(time 10909 - 03:01:49) ->    11(time 11011 - 03:03:31)(time 11228 - 03:07:08) ->    10(time 11401 - 03:10:01)(time 11401 - 03:10:01) ->    0(time 11401 - 03:10:01)(time 11618 - 03:13:38) ->    1(time 11720 - 03:15:20)(time 11956 - 03:19:16) ->    2(time 12058 - 03:20:58)(time 12302 - 03:25:02) ->    3(time 12404 - 03:26:44)(time 12630 - 03:30:30) ->    4(time 12803 - 03:33:23)(time 13023 - 03:37:03) ->    5(time 13125 - 03:38:45)(time 13374 - 03:42:54) ->    6(time 13476 - 03:44:36)(time 13696 - 03:48:16) ->    7(time 14119 - 03:55:19)(time 14367 - 03:59:27) ->    8(time 14790 - 04:06:30)(time 15025 - 04:10:25) ->    9(time 15386 - 04:16:26)(time 15386 - 04:16:26) -> 19
> Trip 3
   19(time 30773 - 08:32:53)(time 31008 - 08:36:48) ->    18(time 31110 - 08:38:30)(time 31358 - 08:42:38) ->    17(time 31460 - 08:44:20)(time 31680 - 08:48:00) ->    16(time 31782 - 08:49:42)(time 32031 - 08:53:51) ->    15(time 32133 - 08:55:33)(time 32353 - 08:59:13) ->    14(time 32526 - 09:02:06)(time 32752 - 09:05:52) ->    13(time 32854 - 09:07:34)(time 33098 - 09:11:38) ->    12(time 33200 - 09:13:20)(time 33436 - 09:17:16) ->    11(time 33538 - 09:18:58)(time 33755 - 09:22:35) ->    10(time 33928 - 09:25:28)(time 33928 - 09:25:28) ->    0(time 33928 - 09:25:28)(time 34145 - 09:29:05) ->    1(time 34247 - 09:30:47)(time 34483 - 09:34:43) ->    2(time 34585 - 09:36:25)(time 34829 - 09:40:29) ->    3(time 35210 - 09:46:50)(time 35436 - 09:50:36) ->    4(time 35859 - 09:57:39)(time 36079 - 10:01:19) ->    5(time 36181 - 10:03:01)(time 36430 - 10:07:10) ->    6(time 36532 - 10:08:52)(time 36752 - 10:12:32) ->    7(time 36854 - 10:14:14)(time 37102 - 10:18:22) ->    8(time 37204 - 10:20:04)(time 37439 - 10:23:59) ->    9(time 37612 - 10:26:52)(time 37612 - 10:26:52) -> 19
=============
Train 1
=============
> Trip 0
   14(time 102 - 00:01:42)(time 328 - 00:05:28) ->    13(time 430 - 00:07:10)(time 674 - 00:11:14) ->    12(time 776 - 00:12:56)(time 1012 - 00:16:52) ->    11(time 1114 - 00:18:34)(time 1331 - 00:22:11) -> 10
> Trip 1
   0(time 1331 - 00:22:11)(time 1548 - 00:25:48) ->    1(time 1650 - 00:27:30)(time 1886 - 00:31:26) ->    2(time 1988 - 00:33:08)(time 2232 - 00:37:12) ->    3(time 2655 - 00:44:15)(time 2881 - 00:48:01) ->    4(time 3160 - 00:52:40)(time 3380 - 00:56:20) ->    5(time 3482 - 00:58:02)(time 3731 - 01:02:11) ->    6(time 3833 - 01:03:53)(time 4053 - 01:07:33) ->    7(time 4155 - 01:09:15)(time 4403 - 01:13:23) ->    8(time 4505 - 01:15:05)(time 4740 - 01:19:00) ->    9(time 4913 - 01:21:53)(time 4913 - 01:21:53) ->    19(time 4913 - 01:21:53)(time 5148 - 01:25:48) ->    18(time 5250 - 01:27:30)(time 5498 - 01:31:38) ->    17(time 5600 - 01:33:20)(time 5820 - 01:37:00) ->    16(time 5922 - 01:38:42)(time 6171 - 01:42:51) ->    15(time 6273 - 01:44:33)(time 6493 - 01:48:13) ->    14(time 6916 - 01:55:16)(time 7142 - 01:59:02) ->    13(time 7244 - 02:00:44)(time 7488 - 02:04:48) ->    12(time 7590 - 02:06:30)(time 7826 - 02:10:26) ->    11(time 7928 - 02:12:08)(time 8145 - 02:15:45) ->    10(time 8318 - 02:18:38)(time 8318 - 02:18:38) -> 0
> Trip 2
   0(time 24462 - 06:47:42)(time 24679 - 06:51:19) ->    1(time 24781 - 06:53:01)(time 25017 - 06:56:57) ->    2(time 25119 - 06:58:39)(time 25363 - 07:02:43) ->    3(time 25465 - 07:04:25)(time 25691 - 07:08:11) ->    4(time 25864 - 07:11:04)(time 26084 - 07:14:44) ->    5(time 26186 - 07:16:26)(time 26435 - 07:20:35) ->    6(time 26537 - 07:22:17)(time 26757 - 07:25:57) ->    7(time 26859 - 07:27:39)(time 27107 - 07:31:47) ->    8(time 27209 - 07:33:29)(time 27444 - 07:37:24) ->    9(time 27617 - 07:40:17)(time 27617 - 07:40:17) ->    19(time 27617 - 07:40:17)(time 27852 - 07:44:12) ->    18(time 27954 - 07:45:54)(time 28202 - 07:50:02) ->    17(time 28304 - 07:51:44)(time 28524 - 07:55:24) ->    16(time 28626 - 07:57:06)(time 28875 - 08:01:15) ->    15(time 28977 - 08:02:57)(time 29197 - 08:06:37) ->    14(time 29370 - 08:09:30)(time 29596 - 08:13:16) ->    13(time 29698 - 08:14:58)(time 29942 - 08:19:02) ->    12(time 30044 - 08:20:44)(time 30280 - 08:24:40) ->    11(time 30382 - 08:26:22)(time 30599 - 08:29:59) ->    10(time 30772 - 08:32:52)(time 30772 - 08:32:52) -> 0
> Trip 3
   0(time 31124 - 08:38:44)(time 31341 - 08:42:21) ->    1(time 31443 - 08:44:03)(time 31679 - 08:47:59) ->    2(time 31781 - 08:49:41)(time 32025 - 08:53:45) ->    3(time 32127 - 08:55:27)(time 32353 - 08:59:13) ->    4(time 32526 - 09:02:06)(time 32746 - 09:05:46) ->    5(time 32848 - 09:07:28)(time 33097 - 09:11:37) ->    6(time 33199 - 09:13:19)(time 33419 - 09:16:59) ->    7(time 33521 - 09:18:41)(time 33769 - 09:22:49) ->    8(time 33871 - 09:24:31)(time 34106 - 09:28:26) ->    9(time 34279 - 09:31:19)(time 34279 - 09:31:19) ->    19(time 34279 - 09:31:19)(time 34514 - 09:35:14) ->    18(time 34616 - 09:36:56)(time 34864 - 09:41:04) ->    17(time 34966 - 09:42:46)(time 35186 - 09:46:26) ->    16(time 35288 - 09:48:08)(time 35537 - 09:52:17) ->    15(time 35639 - 09:53:59)(time 35859 - 09:57:39) ->    14(time 36032 - 10:00:32)(time 36258 - 10:04:18) ->    13(time 36360 - 10:06:00)(time 36604 - 10:10:04) ->    12(time 36706 - 10:11:46)(time 36942 - 10:15:42) ->    11(time 37044 - 10:17:24)(time 37261 - 10:21:01) ->    10(time 37434 - 10:23:54)(time 37434 - 10:23:54) -> 0
=============
Train 2
=============
> Trip 0
   14(time 0 - 00:00:00)(time 226 - 00:03:46) ->    13(time 328 - 00:05:28)(time 572 - 00:09:32) ->    12(time 674 - 00:11:14)(time 910 - 00:15:10) ->    11(time 1012 - 00:16:52)(time 1229 - 00:20:29) -> 10
> Trip 1
   0(time 15387 - 04:16:27)(time 15604 - 04:20:04) ->    1(time 15706 - 04:21:46)(time 15942 - 04:25:42) ->    2(time 16044 - 04:27:24)(time 16288 - 04:31:28) ->    3(time 16390 - 04:33:10)(time 16616 - 04:36:56) ->    4(time 16789 - 04:39:49)(time 17009 - 04:43:29) ->    5(time 17111 - 04:45:11)(time 17360 - 04:49:20) ->    6(time 17462 - 04:51:02)(time 17682 - 04:54:42) ->    7(time 17784 - 04:56:24)(time 18032 - 05:00:32) ->    8(time 18134 - 05:02:14)(time 18369 - 05:06:09) ->    9(time 18792 - 05:13:12)(time 18792 - 05:13:12) ->    19(time 19215 - 05:20:15)(time 19450 - 05:24:10) ->    18(time 19873 - 05:31:13)(time 20121 - 05:35:21) ->    17(time 20544 - 05:42:24)(time 20764 - 05:46:04) ->    16(time 21187 - 05:53:07)(time 21436 - 05:57:16) ->    15(time 21859 - 06:04:19)(time 22079 - 06:07:59) ->    14(time 22502 - 06:15:02)(time 22728 - 06:18:48) ->    13(time 22830 - 06:20:30)(time 23074 - 06:24:34) ->    12(time 23176 - 06:26:16)(time 23412 - 06:30:12) ->    11(time 23514 - 06:31:54)(time 23731 - 06:35:31) ->    10(time 23904 - 06:38:24)(time 23904 - 06:38:24) -> 0
> Trip 2
   0(time 24289 - 06:44:49)(time 24506 - 06:48:26) ->    1(time 24608 - 06:50:08)(time 24844 - 06:54:04) ->    2(time 24946 - 06:55:46)(time 25190 - 06:59:50) ->    3(time 25292 - 07:01:32)(time 25518 - 07:05:18) ->    4(time 25691 - 07:08:11)(time 25911 - 07:11:51) ->    5(time 26013 - 07:13:33)(time 26262 - 07:17:42) ->    6(time 26364 - 07:19:24)(time 26584 - 07:23:04) ->    7(time 26686 - 07:24:46)(time 26934 - 07:28:54) ->    8(time 27036 - 07:30:36)(time 27271 - 07:34:31) ->    9(time 27444 - 07:37:24)(time 27444 - 07:37:24) ->    19(time 27444 - 07:37:24)(time 27679 - 07:41:19) ->    18(time 27781 - 07:43:01)(time 28029 - 07:47:09) ->    17(time 28131 - 07:48:51)(time 28351 - 07:52:31) ->    16(time 28453 - 07:54:13)(time 28702 - 07:58:22) ->    15(time 28804 - 08:00:04)(time 29024 - 08:03:44) ->    14(time 29197 - 08:06:37)(time 29423 - 08:10:23) ->    13(time 29525 - 08:12:05)(time 29769 - 08:16:09) ->    12(time 29871 - 08:17:51)(time 30107 - 08:21:47) ->    11(time 30209 - 08:23:29)(time 30426 - 08:27:06) ->    10(time 30599 - 08:29:59)(time 30599 - 08:29:59) -> 0
> Trip 3
   0(time 30951 - 08:35:51)(time 31168 - 08:39:28) ->    1(time 31270 - 08:41:10)(time 31506 - 08:45:06) ->    2(time 31608 - 08:46:48)(time 31852 - 08:50:52) ->    3(time 31954 - 08:52:34)(time 32180 - 08:56:20) ->    4(time 32353 - 08:59:13)(time 32573 - 09:02:53) ->    5(time 32675 - 09:04:35)(time 32924 - 09:08:44) ->    6(time 33026 - 09:10:26)(time 33246 - 09:14:06) ->    7(time 33348 - 09:15:48)(time 33596 - 09:19:56) ->    8(time 33698 - 09:21:38)(time 33933 - 09:25:33) ->    9(time 34106 - 09:28:26)(time 34106 - 09:28:26) ->    19(time 34106 - 09:28:26)(time 34341 - 09:32:21) ->    18(time 34443 - 09:34:03)(time 34691 - 09:38:11) ->    17(time 34793 - 09:39:53)(time 35013 - 09:43:33) ->    16(time 35115 - 09:45:15)(time 35364 - 09:49:24) ->    15(time 35466 - 09:51:06)(time 35686 - 09:54:46) ->    14(time 35859 - 09:57:39)(time 36085 - 10:01:25) ->    13(time 36187 - 10:03:07)(time 36431 - 10:07:11) ->    12(time 36533 - 10:08:53)(time 36769 - 10:12:49) ->    11(time 36871 - 10:14:31)(time 37088 - 10:18:08) ->    10(time 37261 - 10:21:01)(time 37261 - 10:21:01) -> 0
