t3p15r13h2.txt:
   > Trying to open the instance file...
   > Reading number of trains...
   > Reading maximum number of trips per train...
   > Reading time intervals...
   > Reading number of points...
   > Reading stations...
   > Reading crossings...
   > Reading depots...
   > Reading initial point...
   > Reading routes...
   > Reading distance and distance and service...
   > Reading demands...
   > Reading maximum time...
   > Reading alpha...

--------------------------------
 Printing instance
--------------------------------
number of trains = 3
	max trips per trains: 3     3     3
number of intervals = 2
	(0,  21322)	(21323,  42644)
number of points = 15
	initial point: 4
	stations: 0     1     2     3     4     5     6     7     8     9    10    11    12    13    14
	crossings: 0     3     4     7    14
	depots: 0     3     4    14
number of vertices = 30
	total vertices: 0     1     2     3     4     5     6     7     8     9    10    11    12    13    14    15    16    17    18    19    20    21    22    23    24    25    26    27    28    29
	upper vertices: 0     1     2     3     4     5     6     7     8     9    10    11    12    13    14
	lower vertices: 15    16    17    18    19    20    21    22    23    24    25    26    27    28    29
	vertices of point #0: (0, 15)
	vertices of point #1: (1, 16)
	vertices of point #2: (2, 17)
	vertices of point #3: (3, 18)
	vertices of point #4: (4, 19)
	vertices of point #5: (5, 20)
	vertices of point #6: (6, 21)
	vertices of point #7: (7, 22)
	vertices of point #8: (8, 23)
	vertices of point #9: (9, 24)
	vertices of point #10: (10, 25)
	vertices of point #11: (11, 26)
	vertices of point #12: (12, 27)
	vertices of point #13: (13, 28)
	vertices of point #14: (14, 29)

arcs...
	total arcs: 
		arc #0: (0, 1)
		arc #1: (0, 15)
		arc #2: (15, 0)
		arc #3: (1, 2)
		arc #4: (16, 15)
		arc #5: (2, 3)
		arc #6: (17, 16)
		arc #7: (3, 4)
		arc #8: (18, 17)
		arc #9: (3, 18)
		arc #10: (18, 3)
		arc #11: (4, 5)
		arc #12: (19, 18)
		arc #13: (4, 19)
		arc #14: (19, 4)
		arc #15: (5, 6)
		arc #16: (20, 19)
		arc #17: (6, 7)
		arc #18: (21, 20)
		arc #19: (7, 8)
		arc #20: (22, 21)
		arc #21: (8, 9)
		arc #22: (23, 22)
		arc #23: (9, 10)
		arc #24: (24, 23)
		arc #25: (10, 11)
		arc #26: (25, 24)
		arc #27: (11, 12)
		arc #28: (26, 25)
		arc #29: (12, 13)
		arc #30: (27, 26)
		arc #31: (13, 14)
		arc #32: (28, 27)
		arc #33: (29, 28)
		arc #34: (14, 29)
		arc #35: (29, 14)

	reverse arcs: 
		arc #1: (0, 15)
		arc #2: (15, 0)
		arc #9: (3, 18)
		arc #10: (18, 3)
		arc #13: (4, 19)
		arc #14: (19, 4)
		arc #34: (14, 29)
		arc #35: (29, 14)


incompatible points...
	(0, 2, 18, (2, 3))	(18, 16, 0, (16, 15))	(3, 3, 19, (3, 4))	(19, 19, 3, (19, 18))	(4, 6, 22, (6, 7))	(22, 20, 4, (20, 19))	(7, 13, 29, (13, 14))	(29, 23, 7, (23, 22))

number of routes = 13
vertices of routes...
	route #0: 0     1     2     3     4     5     6     7     8     9    10    11    12    13    14    29    28    27    26    25    24    23    22    21    20    19    18    17    16    15     0
	route #1: 29    28    27    26    25    24    23    22    21    20    19    18    17    16    15     0     1     2     3     4     5     6     7     8     9    10    11    12    13    14    29
	route #2: 4     5     6     7     8     9    10    11    12    13    14
	route #3: 19    18    17    16    15
	route #4: 0     1     2     3     4
	route #5: 29    28    27    26    25    24    23    22    21    20    19
	route #6: 3     4     5     6     7     8     9    10    11    12    13    14
	route #7: 18    17    16    15
	route #8: 0     1     2     3
	route #9: 29    28    27    26    25    24    23    22    21    20    19    18
	route #10: 18    17    16    15     0     1     2     3    18
	route #11: 3     4
	route #12: 19    18    17    16    15     0     1     2     3     4    19
arcs of routes...
	route #0: 0     3     5     7    11    15    17    19    21    23    25    27    29    31    34    33    32    30    28    26    24    22    20    18    16    12     8     6     4     2
	route #1: 33    32    30    28    26    24    22    20    18    16    12     8     6     4     2     0     3     5     7    11    15    17    19    21    23    25    27    29    31    34
	route #2: 11    15    17    19    21    23    25    27    29    31
	route #3: 12     8     6     4
	route #4: 0     3     5     7
	route #5: 33    32    30    28    26    24    22    20    18    16
	route #6: 7    11    15    17    19    21    23    25    27    29    31
	route #7: 8     6     4
	route #8: 0     3     5
	route #9: 33    32    30    28    26    24    22    20    18    16    12
	route #10: 8     6     4     2     0     3     5     9
	route #11: 7
	route #12: 12     8     6     4     2     0     3     5     7    13

incompatible routes...
	(0, 1)    	(0, 2)    	(0, 3)    	(0, 5)    	(0, 6)    	(0, 7)    	(0, 9)    	(0, 10)    	(0, 11)    	(0, 12)    	(1, 0)    	(1, 2)    	(1, 3)    	(1, 4)    	(1, 6)    	(1, 7)    	(1, 8)    	(1, 10)    	(1, 11)    	(1, 12)    	(2, 0)    	(2, 2)    	(2, 3)    	(2, 4)    	(2, 6)    	(2, 7)    	(2, 8)    	(2, 10)    	(2, 11)    	(2, 12)    	(3, 1)    	(3, 2)    	(3, 3)    	(3, 5)    	(3, 6)    	(3, 7)    	(3, 9)    	(3, 10)    	(3, 11)    	(3, 12)    	(4, 0)    	(4, 1)    	(4, 4)    	(4, 5)    	(4, 6)    	(4, 7)    	(4, 8)    	(4, 9)    	(4, 10)    	(4, 11)    	(5, 0)    	(5, 1)    	(5, 4)    	(5, 5)    	(5, 6)    	(5, 7)    	(5, 8)    	(5, 9)    	(5, 10)    	(5, 11)    	(6, 0)    	(6, 2)    	(6, 3)    	(6, 4)    	(6, 6)    	(6, 7)    	(6, 8)    	(6, 10)    	(6, 11)    	(6, 12)    	(7, 1)    	(7, 2)    	(7, 3)    	(7, 5)    	(7, 6)    	(7, 7)    	(7, 9)    	(7, 10)    	(7, 11)    	(7, 12)    	(8, 0)    	(8, 1)    	(8, 2)    	(8, 3)    	(8, 4)    	(8, 5)    	(8, 8)    	(8, 9)    	(8, 12)    	(9, 0)    	(9, 1)    	(9, 2)    	(9, 3)    	(9, 4)    	(9, 5)    	(9, 8)    	(9, 9)    	(9, 12)    	(10, 0)    	(10, 1)    	(10, 2)    	(10, 3)    	(10, 4)    	(10, 5)    	(10, 8)    	(10, 9)    	(10, 12)    	(11, 0)    	(11, 1)    	(11, 4)    	(11, 5)    	(11, 6)    	(11, 7)    	(11, 8)    	(11, 9)    	(11, 10)    	(11, 11)    	(12, 0)    	(12, 1)    	(12, 4)    	(12, 5)    	(12, 6)    	(12, 7)    	(12, 8)    	(12, 9)    	(12, 10)    	(12, 11)

vertices that can be adjacent in consecutive trips...
	(0, 0)    	(3, 3)    	(3, 18)    	(4, 4)    	(4, 19)    	(14, 29)    	(15, 0)    	(18, 3)    	(18, 18)    	(19, 4)    	(19, 19)    	(29, 29)
non cyclical routes: 
       2       3       4       5       6       7       8       9      11

routes of trip...
	routes that train #0 can complete at trip #0: 2       3      12
	routes that train #0 can complete at trip #1: 0       1       2       3       4       5       6       7       8       9      10      11      12
	routes that train #0 can complete at trip #2: 0       1       2       3       4       5       6       7       8       9      10      11      12

	routes that train #1 can complete at trip #0: 2       3      12
	routes that train #1 can complete at trip #1: 0       1       2       3       4       5       6       7       8       9      10      11      12
	routes that train #1 can complete at trip #2: 0       1       2       3       4       5       6       7       8       9      10      11      12

	routes that train #2 can complete at trip #0: 2       3      12
	routes that train #2 can complete at trip #1: 0       1       2       3       4       5       6       7       8       9      10      11      12
	routes that train #2 can complete at trip #2: 0       1       2       3       4       5       6       7       8       9      10      11      12

 cost...
	arc #0 [0][1]: 216
	arc #1 [0][15]: 0
	arc #2 [15][0]: 0
	arc #3 [1][2]: 224
	arc #4 [16][15]: 216
	arc #5 [2][3]: 226
	arc #6 [17][16]: 224
	arc #7 [3][4]: 223
	arc #8 [18][17]: 226
	arc #9 [3][18]: 0
	arc #10 [18][3]: 0
	arc #11 [4][5]: 220
	arc #12 [19][18]: 223
	arc #13 [4][19]: 0
	arc #14 [19][4]: 0
	arc #15 [5][6]: 213
	arc #16 [20][19]: 220
	arc #17 [6][7]: 201
	arc #18 [21][20]: 213
	arc #19 [7][8]: 190
	arc #20 [22][21]: 201
	arc #21 [8][9]: 187
	arc #22 [23][22]: 190
	arc #23 [9][10]: 217
	arc #24 [24][23]: 187
	arc #25 [10][11]: 209
	arc #26 [25][24]: 217
	arc #27 [11][12]: 190
	arc #28 [26][25]: 209
	arc #29 [12][13]: 224
	arc #30 [27][26]: 190
	arc #31 [13][14]: 188
	arc #32 [28][27]: 224
	arc #33 [29][28]: 188
	arc #34 [14][29]: 0
	arc #35 [29][14]: 0

cost with minimum service...
	arc #0 [0][1]: 311
	arc #1 [0][15]: 0
	arc #2 [15][0]: 0
	arc #3 [1][2]: 319
	arc #4 [16][15]: 488
	arc #5 [2][3]: 498
	arc #6 [17][16]: 319
	arc #7 [3][4]: 495
	arc #8 [18][17]: 321
	arc #9 [3][18]: 0
	arc #10 [18][3]: 0
	arc #11 [4][5]: 315
	arc #12 [19][18]: 495
	arc #13 [4][19]: 0
	arc #14 [19][4]: 0
	arc #15 [5][6]: 308
	arc #16 [20][19]: 492
	arc #17 [6][7]: 296
	arc #18 [21][20]: 308
	arc #19 [7][8]: 285
	arc #20 [22][21]: 296
	arc #21 [8][9]: 282
	arc #22 [23][22]: 285
	arc #23 [9][10]: 312
	arc #24 [24][23]: 282
	arc #25 [10][11]: 304
	arc #26 [25][24]: 312
	arc #27 [11][12]: 285
	arc #28 [26][25]: 304
	arc #29 [12][13]: 319
	arc #30 [27][26]: 285
	arc #31 [13][14]: 460
	arc #32 [28][27]: 319
	arc #33 [29][28]: 283
	arc #34 [14][29]: 0
	arc #35 [29][14]: 0

cost with maximum service...
	arc #0 [0][1]: 694
	arc #1 [0][15]: 478
	arc #2 [15][0]: 478
	arc #3 [1][2]: 702
	arc #4 [16][15]: 694
	arc #5 [2][3]: 704
	arc #6 [17][16]: 702
	arc #7 [3][4]: 701
	arc #8 [18][17]: 704
	arc #9 [3][18]: 478
	arc #10 [18][3]: 478
	arc #11 [4][5]: 698
	arc #12 [19][18]: 701
	arc #13 [4][19]: 478
	arc #14 [19][4]: 478
	arc #15 [5][6]: 691
	arc #16 [20][19]: 698
	arc #17 [6][7]: 679
	arc #18 [21][20]: 691
	arc #19 [7][8]: 668
	arc #20 [22][21]: 679
	arc #21 [8][9]: 665
	arc #22 [23][22]: 668
	arc #23 [9][10]: 695
	arc #24 [24][23]: 665
	arc #25 [10][11]: 687
	arc #26 [25][24]: 695
	arc #27 [11][12]: 668
	arc #28 [26][25]: 687
	arc #29 [12][13]: 702
	arc #30 [27][26]: 668
	arc #31 [13][14]: 666
	arc #32 [28][27]: 702
	arc #33 [29][28]: 666
	arc #34 [14][29]: 478
	arc #35 [29][14]: 478

demands...
	demands of vertex 0 at time interval: 3     3
	demands of vertex 1 at time interval: 3     3
	demands of vertex 2 at time interval: 3     3
	demands of vertex 3 at time interval: 3     3
	demands of vertex 4 at time interval: 3     3
	demands of vertex 5 at time interval: 3     3
	demands of vertex 6 at time interval: 3     3
	demands of vertex 7 at time interval: 3     3
	demands of vertex 8 at time interval: 3     3
	demands of vertex 9 at time interval: 3     3
	demands of vertex 10 at time interval: 3     3
	demands of vertex 11 at time interval: 3     3
	demands of vertex 12 at time interval: 3     3
	demands of vertex 13 at time interval: 3     3
	demands of vertex 14 at time interval: 0     0
	demands of vertex 15 at time interval: 0     0
	demands of vertex 16 at time interval: 3     3
	demands of vertex 17 at time interval: 3     3
	demands of vertex 18 at time interval: 3     3
	demands of vertex 19 at time interval: 3     3
	demands of vertex 20 at time interval: 3     3
	demands of vertex 21 at time interval: 3     3
	demands of vertex 22 at time interval: 3     3
	demands of vertex 23 at time interval: 3     3
	demands of vertex 24 at time interval: 3     3
	demands of vertex 25 at time interval: 3     3
	demands of vertex 26 at time interval: 3     3
	demands of vertex 27 at time interval: 3     3
	demands of vertex 28 at time interval: 3     3
	demands of vertex 29 at time interval: 3     3

maximum time = 42644
alpha = 62

Selecting set of cyclical routes...

Selecting set of initial routes...

Creating initial set of candidate combinations...
Solving candidate combinations...

1/4 candidate combination(s) tested! (Thread 0)
Found new best - 2/4 candidate combination(s) tested! (Thread 0)
3/4 candidate combination(s) tested! (Thread 0)
4/4 candidate combination(s) tested! (Thread 0)

Removing trips...

Terminating loop at iteration 1

Relaxing trips, so the model can make changes...

>> Printing some results...
    -> Solution value = 31926 - 08:52:06
    -> Total time = 17.51

=============
Train 0
=============
> Trip 0
   4(time 95 - 00:01:35)(time 315 - 00:05:15) ->    5(time 410 - 00:06:50)(time 623 - 00:10:23) ->    6(time 718 - 00:11:58)(time 919 - 00:15:19) ->    7(time 1014 - 00:16:54)(time 1204 - 00:20:04) ->    8(time 1299 - 00:21:39)(time 1486 - 00:24:46) ->    9(time 1581 - 00:26:21)(time 1798 - 00:29:58) ->    10(time 1893 - 00:31:33)(time 2102 - 00:35:02) ->    11(time 2197 - 00:36:37)(time 2387 - 00:39:47) ->    12(time 2482 - 00:41:22)(time 2706 - 00:45:06) ->    13(time 2801 - 00:46:41)(time 2989 - 00:49:49) -> 14
> Trip 1
   29(time 10013 - 02:46:53)(time 10201 - 02:50:01) ->    28(time 10296 - 02:51:36)(time 10520 - 02:55:20) ->    27(time 10615 - 02:56:55)(time 10805 - 03:00:05) ->    26(time 10900 - 03:01:40)(time 11109 - 03:05:09) ->    25(time 11204 - 03:06:44)(time 11421 - 03:10:21) ->    24(time 11516 - 03:11:56)(time 11703 - 03:15:03) ->    23(time 11798 - 03:16:38)(time 11988 - 03:19:48) ->    22(time 12466 - 03:27:46)(time 12667 - 03:31:07) ->    21(time 13145 - 03:39:05)(time 13358 - 03:42:38) ->    20(time 13836 - 03:50:36)(time 14056 - 03:54:16) ->    19(time 14383 - 03:59:43)(time 14606 - 04:03:26) ->    18(time 14878 - 04:07:58)(time 15104 - 04:11:44) ->    17(time 15199 - 04:13:19)(time 15423 - 04:17:03) ->    16(time 15518 - 04:18:38)(time 15734 - 04:22:14) ->    15(time 16006 - 04:26:46)(time 16006 - 04:26:46) ->    0(time 16006 - 04:26:46)(time 16222 - 04:30:22) ->    1(time 16317 - 04:31:57)(time 16541 - 04:35:41) ->    2(time 16636 - 04:37:16)(time 16862 - 04:41:02) ->    3(time 17134 - 04:45:34)(time 17357 - 04:49:17) ->    4(time 17629 - 04:53:49)(time 17849 - 04:57:29) ->    5(time 17944 - 04:59:04)(time 18157 - 05:02:37) ->    6(time 18252 - 05:04:12)(time 18453 - 05:07:33) ->    7(time 18548 - 05:09:08)(time 18738 - 05:12:18) ->    8(time 18833 - 05:13:53)(time 19020 - 05:17:00) ->    9(time 19115 - 05:18:35)(time 19332 - 05:22:12) ->    10(time 19427 - 05:23:47)(time 19636 - 05:27:16) ->    11(time 19731 - 05:28:51)(time 19921 - 05:32:01) ->    12(time 20016 - 05:33:36)(time 20240 - 05:37:20) ->    13(time 20335 - 05:38:55)(time 20523 - 05:42:03) ->    14(time 20795 - 05:46:35)(time 20795 - 05:46:35) -> 29
> Trip 2
   29(time 21972 - 06:06:12)(time 22160 - 06:09:20) ->    28(time 22255 - 06:10:55)(time 22479 - 06:14:39) ->    27(time 22574 - 06:16:14)(time 22764 - 06:19:24) ->    26(time 22859 - 06:20:59)(time 23068 - 06:24:28) ->    25(time 23163 - 06:26:03)(time 23380 - 06:29:40) ->    24(time 23475 - 06:31:15)(time 23662 - 06:34:22) ->    23(time 23757 - 06:35:57)(time 23947 - 06:39:07) ->    22(time 24042 - 06:40:42)(time 24243 - 06:44:03) ->    21(time 24338 - 06:45:38)(time 24551 - 06:49:11) ->    20(time 24646 - 06:50:46)(time 24866 - 06:54:26) ->    19(time 25138 - 06:58:58)(time 25361 - 07:02:41) ->    18(time 25633 - 07:07:13)(time 25859 - 07:10:59) ->    17(time 25954 - 07:12:34)(time 26178 - 07:16:18) ->    16(time 26273 - 07:17:53)(time 26489 - 07:21:29) ->    15(time 26761 - 07:26:01)(time 26761 - 07:26:01) ->    0(time 26761 - 07:26:01)(time 26977 - 07:29:37) ->    1(time 27072 - 07:31:12)(time 27296 - 07:34:56) ->    2(time 27391 - 07:36:31)(time 27617 - 07:40:17) ->    3(time 27889 - 07:44:49)(time 28112 - 07:48:32) ->    4(time 28384 - 07:53:04)(time 28604 - 07:56:44) ->    5(time 28699 - 07:58:19)(time 28912 - 08:01:52) ->    6(time 29007 - 08:03:27)(time 29208 - 08:06:48) ->    7(time 29680 - 08:14:40)(time 29870 - 08:17:50) ->    8(time 29965 - 08:19:25)(time 30152 - 08:22:32) ->    9(time 30247 - 08:24:07)(time 30464 - 08:27:44) ->    10(time 30559 - 08:29:19)(time 30768 - 08:32:48) ->    11(time 30863 - 08:34:23)(time 31053 - 08:37:33) ->    12(time 31148 - 08:39:08)(time 31372 - 08:42:52) ->    13(time 31467 - 08:44:27)(time 31655 - 08:47:35) ->    14(time 31927 - 08:52:07)(time 31927 - 08:52:07) -> 29
=============
Train 1
=============
> Trip 0
   4(time 0 - 00:00:00)(time 220 - 00:03:40) ->    5(time 315 - 00:05:15)(time 528 - 00:08:48) ->    6(time 623 - 00:10:23)(time 824 - 00:13:44) ->    7(time 919 - 00:15:19)(time 1109 - 00:18:29) ->    8(time 1204 - 00:20:04)(time 1391 - 00:23:11) ->    9(time 1486 - 00:24:46)(time 1703 - 00:28:23) ->    10(time 1798 - 00:29:58)(time 2007 - 00:33:27) ->    11(time 2102 - 00:35:02)(time 2292 - 00:38:12) ->    12(time 2387 - 00:39:47)(time 2611 - 00:43:31) ->    13(time 2706 - 00:45:06)(time 2894 - 00:48:14) -> 14
> Trip 1
   29(time 3541 - 00:59:01)(time 3729 - 01:02:09) ->    28(time 3824 - 01:03:44)(time 4048 - 01:07:28) ->    27(time 4526 - 01:15:26)(time 4716 - 01:18:36) ->    26(time 5194 - 01:26:34)(time 5403 - 01:30:03) ->    25(time 5881 - 01:38:01)(time 6098 - 01:41:38) ->    24(time 6576 - 01:49:36)(time 6763 - 01:52:43) ->    23(time 7241 - 02:00:41)(time 7431 - 02:03:51) ->    22(time 7909 - 02:11:49)(time 8110 - 02:15:10) ->    21(time 8588 - 02:23:08)(time 8801 - 02:26:41) ->    20(time 9279 - 02:34:39)(time 9499 - 02:38:19) ->    19(time 9977 - 02:46:17)(time 10200 - 02:50:00) ->    18(time 10678 - 02:57:58)(time 10904 - 03:01:44) ->    17(time 11382 - 03:09:42)(time 11606 - 03:13:26) ->    16(time 12084 - 03:21:24)(time 12300 - 03:25:00) ->    15(time 12778 - 03:32:58)(time 12778 - 03:32:58) ->    0(time 13256 - 03:40:56)(time 13472 - 03:44:32) ->    1(time 13950 - 03:52:30)(time 14174 - 03:56:14) ->    2(time 14652 - 04:04:12)(time 14878 - 04:07:58) ->    3(time 15356 - 04:15:56)(time 15579 - 04:19:39) ->    4(time 16057 - 04:27:37)(time 16277 - 04:31:17) ->    5(time 16755 - 04:39:15)(time 16968 - 04:42:48) ->    6(time 17446 - 04:50:46)(time 17647 - 04:54:07) ->    7(time 18125 - 05:02:05)(time 18315 - 05:05:15) ->    8(time 18410 - 05:06:50)(time 18597 - 05:09:57) ->    9(time 18692 - 05:11:32)(time 18909 - 05:15:09) ->    10(time 19004 - 05:16:44)(time 19213 - 05:20:13) ->    11(time 19308 - 05:21:48)(time 19498 - 05:24:58) ->    12(time 19593 - 05:26:33)(time 19817 - 05:30:17) ->    13(time 19912 - 05:31:52)(time 20100 - 05:35:00) ->    14(time 20372 - 05:39:32)(time 20372 - 05:39:32) -> 29
> Trip 2
   29(time 21700 - 06:01:40)(time 21888 - 06:04:48) ->    28(time 21983 - 06:06:23)(time 22207 - 06:10:07) ->    27(time 22302 - 06:11:42)(time 22492 - 06:14:52) ->    26(time 22587 - 06:16:27)(time 22796 - 06:19:56) ->    25(time 22891 - 06:21:31)(time 23108 - 06:25:08) ->    24(time 23203 - 06:26:43)(time 23390 - 06:29:50) ->    23(time 23485 - 06:31:25)(time 23675 - 06:34:35) ->    22(time 23770 - 06:36:10)(time 23971 - 06:39:31) ->    21(time 24066 - 06:41:06)(time 24279 - 06:44:39) ->    20(time 24374 - 06:46:14)(time 24594 - 06:49:54) ->    19(time 24866 - 06:54:26)(time 25089 - 06:58:09) ->    18(time 25361 - 07:02:41)(time 25587 - 07:06:27) ->    17(time 25682 - 07:08:02)(time 25906 - 07:11:46) ->    16(time 26001 - 07:13:21)(time 26217 - 07:16:57) ->    15(time 26489 - 07:21:29)(time 26489 - 07:21:29) ->    0(time 26489 - 07:21:29)(time 26705 - 07:25:05) ->    1(time 26800 - 07:26:40)(time 27024 - 07:30:24) ->    2(time 27119 - 07:31:59)(time 27345 - 07:35:45) ->    3(time 27617 - 07:40:17)(time 27840 - 07:44:00) ->    4(time 28112 - 07:48:32)(time 28332 - 07:52:12) ->    5(time 28604 - 07:56:44)(time 28817 - 08:00:17) ->    6(time 28912 - 08:01:52)(time 29113 - 08:05:13) ->    7(time 29208 - 08:06:48)(time 29398 - 08:09:58) ->    8(time 29693 - 08:14:53)(time 29880 - 08:18:00) ->    9(time 29975 - 08:19:35)(time 30192 - 08:23:12) ->    10(time 30287 - 08:24:47)(time 30496 - 08:28:16) ->    11(time 30591 - 08:29:51)(time 30781 - 08:33:01) ->    12(time 30876 - 08:34:36)(time 31100 - 08:38:20) ->    13(time 31195 - 08:39:55)(time 31383 - 08:43:03) ->    14(time 31655 - 08:47:35)(time 31655 - 08:47:35) -> 29
=============
Train 2
=============
> Trip 0
   19(time 0 - 00:00:00)(time 223 - 00:03:43) ->    18(time 495 - 00:08:15)(time 721 - 00:12:01) ->    17(time 816 - 00:13:36)(time 1040 - 00:17:20) ->    16(time 1135 - 00:18:55)(time 1351 - 00:22:31) -> 15
> Trip 1
   0(time 8474 - 02:21:14)(time 8690 - 02:24:50) ->    1(time 9168 - 02:32:48)(time 9392 - 02:36:32) ->    2(time 9870 - 02:44:30)(time 10096 - 02:48:16) ->    3(time 10574 - 02:56:14)(time 10797 - 02:59:57) ->    4(time 11069 - 03:04:29)(time 11289 - 03:08:09) ->    5(time 11384 - 03:09:44)(time 11597 - 03:13:17) ->    6(time 11692 - 03:14:52)(time 11893 - 03:18:13) ->    7(time 11988 - 03:19:48)(time 12178 - 03:22:58) ->    8(time 12273 - 03:24:33)(time 12460 - 03:27:40) ->    9(time 12555 - 03:29:15)(time 12772 - 03:32:52) ->    10(time 12867 - 03:34:27)(time 13076 - 03:37:56) ->    11(time 13171 - 03:39:31)(time 13361 - 03:42:41) ->    12(time 13456 - 03:44:16)(time 13680 - 03:48:00) ->    13(time 13775 - 03:49:35)(time 13963 - 03:52:43) ->    14(time 14235 - 03:57:15)(time 14235 - 03:57:15) ->    29(time 14235 - 03:57:15)(time 14423 - 04:00:23) ->    28(time 14518 - 04:01:58)(time 14742 - 04:05:42) ->    27(time 15220 - 04:13:40)(time 15410 - 04:16:50) ->    26(time 15888 - 04:24:48)(time 16097 - 04:28:17) ->    25(time 16575 - 04:36:15)(time 16792 - 04:39:52) ->    24(time 17270 - 04:47:50)(time 17457 - 04:50:57) ->    23(time 17935 - 04:58:55)(time 18125 - 05:02:05) ->    22(time 18603 - 05:10:03)(time 18804 - 05:13:24) ->    21(time 18899 - 05:14:59)(time 19112 - 05:18:32) ->    20(time 19207 - 05:20:07)(time 19427 - 05:23:47) ->    19(time 19699 - 05:28:19)(time 19922 - 05:32:02) ->    18(time 20194 - 05:36:34)(time 20420 - 05:40:20) ->    17(time 20515 - 05:41:55)(time 20739 - 05:45:39) ->    16(time 20834 - 05:47:14)(time 21050 - 05:50:50) ->    15(time 21322 - 05:55:22)(time 21322 - 05:55:22) -> 0
> Trip 2
   0(time 21323 - 05:55:23)(time 21539 - 05:58:59) ->    1(time 21634 - 06:00:34)(time 21858 - 06:04:18) ->    2(time 21953 - 06:05:53)(time 22179 - 06:09:39) ->    3(time 22451 - 06:14:11)(time 22674 - 06:17:54) ->    4(time 22946 - 06:22:26)(time 23166 - 06:26:06) ->    5(time 23261 - 06:27:41)(time 23474 - 06:31:14) ->    6(time 23569 - 06:32:49)(time 23770 - 06:36:10) ->    7(time 24248 - 06:44:08)(time 24438 - 06:47:18) ->    8(time 24916 - 06:55:16)(time 25103 - 06:58:23) ->    9(time 25458 - 07:04:18)(time 25675 - 07:07:55) ->    10(time 25770 - 07:09:30)(time 25979 - 07:12:59) ->    11(time 26074 - 07:14:34)(time 26264 - 07:17:44) ->    12(time 26359 - 07:19:19)(time 26583 - 07:23:03) ->    13(time 26678 - 07:24:38)(time 26866 - 07:27:46) ->    14(time 27138 - 07:32:18)(time 27138 - 07:32:18) ->    29(time 27138 - 07:32:18)(time 27326 - 07:35:26) ->    28(time 27421 - 07:37:01)(time 27645 - 07:40:45) ->    27(time 27740 - 07:42:20)(time 27930 - 07:45:30) ->    26(time 28025 - 07:47:05)(time 28234 - 07:50:34) ->    25(time 28329 - 07:52:09)(time 28546 - 07:55:46) ->    24(time 28641 - 07:57:21)(time 28828 - 08:00:28) ->    23(time 28923 - 08:02:03)(time 29113 - 08:05:13) ->    22(time 29208 - 08:06:48)(time 29409 - 08:10:09) ->    21(time 29504 - 08:11:44)(time 29717 - 08:15:17) ->    20(time 29812 - 08:16:52)(time 30032 - 08:20:32) ->    19(time 30304 - 08:25:04)(time 30527 - 08:28:47) ->    18(time 30799 - 08:33:19)(time 31025 - 08:37:05) ->    17(time 31120 - 08:38:40)(time 31344 - 08:42:24) ->    16(time 31439 - 08:43:59)(time 31655 - 08:47:35) ->    15(time 31927 - 08:52:07)(time 31927 - 08:52:07) -> 0
