t3p19r2h5.txt:
   > Trying to open the instance file...
   > Reading number of trains...
   > Reading maximum number of trips per train...
   > Reading time intervals...
   > Reading number of points...
   > Reading stations...
   > Reading crossings...
   > Reading depots...
   > Reading initial point...
   > Reading routes...
   > Reading distance and distance and service...
   > Reading demands...
   > Reading maximum time...
   > Reading alpha...

--------------------------------
 Printing instance
--------------------------------
number of trains = 3
	max trips per trains: 4     4     4
number of intervals = 5
	(0,  10685)	(10686,  21370)	(21371,  32055)	(32056,  42740)	(42741,  53426)
number of points = 19
	initial point: 0
	stations: 0     1     2     6     7     8     9    10    11    12    13    14    15    16    17    18
	crossings: 0     2     3     4     5     7    12    18
	depots: 0    18
number of vertices = 38
	total vertices: 0     1     2     3     4     5     6     7     8     9    10    11    12    13    14    15    16    17    18    19    20    21    22    23    24    25    26    27    28    29    30    31    32    33    34    35    36    37
	upper vertices: 0     1     2     3     4     5     6     7     8     9    10    11    12    13    14    15    16    17    18
	lower vertices: 19    20    21    22    23    24    25    26    27    28    29    30    31    32    33    34    35    36    37
	vertices of point #0: (0, 19)
	vertices of point #1: (1, 20)
	vertices of point #2: (2, 21)
	vertices of point #3: (3, 22)
	vertices of point #4: (4, 23)
	vertices of point #5: (5, 24)
	vertices of point #6: (6, 25)
	vertices of point #7: (7, 26)
	vertices of point #8: (8, 27)
	vertices of point #9: (9, 28)
	vertices of point #10: (10, 29)
	vertices of point #11: (11, 30)
	vertices of point #12: (12, 31)
	vertices of point #13: (13, 32)
	vertices of point #14: (14, 33)
	vertices of point #15: (15, 34)
	vertices of point #16: (16, 35)
	vertices of point #17: (17, 36)
	vertices of point #18: (18, 37)

arcs...
	total arcs: 
		arc #0: (0, 1)
		arc #1: (0, 19)
		arc #2: (19, 0)
		arc #3: (1, 2)
		arc #4: (20, 19)
		arc #5: (2, 3)
		arc #6: (21, 20)
		arc #7: (3, 4)
		arc #8: (22, 21)
		arc #9: (4, 5)
		arc #10: (23, 22)
		arc #11: (5, 6)
		arc #12: (24, 23)
		arc #13: (6, 7)
		arc #14: (25, 24)
		arc #15: (7, 8)
		arc #16: (26, 25)
		arc #17: (8, 9)
		arc #18: (27, 26)
		arc #19: (9, 10)
		arc #20: (28, 27)
		arc #21: (10, 11)
		arc #22: (29, 28)
		arc #23: (11, 12)
		arc #24: (30, 29)
		arc #25: (12, 13)
		arc #26: (31, 30)
		arc #27: (13, 14)
		arc #28: (32, 31)
		arc #29: (14, 15)
		arc #30: (33, 32)
		arc #31: (15, 16)
		arc #32: (34, 33)
		arc #33: (16, 17)
		arc #34: (35, 34)
		arc #35: (17, 18)
		arc #36: (36, 35)
		arc #37: (37, 36)
		arc #38: (18, 37)
		arc #39: (37, 18)

	reverse arcs: 
		arc #1: (0, 19)
		arc #2: (19, 0)
		arc #38: (18, 37)
		arc #39: (37, 18)


incompatible points...
	(0, 1, 21, (1, 2))	(21, 20, 0, (20, 19))	(2, 2, 22, (2, 3))	(22, 22, 2, (22, 21))	(3, 3, 23, (3, 4))	(23, 23, 3, (23, 22))	(4, 4, 24, (4, 5))	(24, 24, 4, (24, 23))	(5, 6, 26, (6, 7))	(26, 25, 5, (25, 24))	(7, 11, 31, (11, 12))	(31, 27, 7, (27, 26))	(12, 17, 37, (17, 18))	(37, 32, 12, (32, 31))

number of routes = 2
vertices of routes...
	route #0: 0     1     2     3     4     5     6     7     8     9    10    11    12    13    14    15    16    17    18    37    36    35    34    33    32    31    30    29    28    27    26    25    24    23    22    21    20    19     0
	route #1: 37    36    35    34    33    32    31    30    29    28    27    26    25    24    23    22    21    20    19     0     1     2     3     4     5     6     7     8     9    10    11    12    13    14    15    16    17    18    37
arcs of routes...
	route #0: 0     3     5     7     9    11    13    15    17    19    21    23    25    27    29    31    33    35    38    37    36    34    32    30    28    26    24    22    20    18    16    14    12    10     8     6     4     2
	route #1: 37    36    34    32    30    28    26    24    22    20    18    16    14    12    10     8     6     4     2     0     3     5     7     9    11    13    15    17    19    21    23    25    27    29    31    33    35    38

incompatible routes...
	(0, 1)    	(1, 0)

vertices that can be adjacent in consecutive trips...
	(0, 0)    	(37, 37)
non cyclical routes: 


routes of trip...
	routes that train #0 can complete at trip #0: 0
	routes that train #0 can complete at trip #1: 0       1
	routes that train #0 can complete at trip #2: 0       1
	routes that train #0 can complete at trip #3: 0       1

	routes that train #1 can complete at trip #0: 0
	routes that train #1 can complete at trip #1: 0       1
	routes that train #1 can complete at trip #2: 0       1
	routes that train #1 can complete at trip #3: 0       1

	routes that train #2 can complete at trip #0: 0
	routes that train #2 can complete at trip #1: 0       1
	routes that train #2 can complete at trip #2: 0       1
	routes that train #2 can complete at trip #3: 0       1

 cost...
	arc #0 [0][1]: 128
	arc #1 [0][19]: 0
	arc #2 [19][0]: 0
	arc #3 [1][2]: 144
	arc #4 [20][19]: 128
	arc #5 [2][3]: 128
	arc #6 [21][20]: 144
	arc #7 [3][4]: 134
	arc #8 [22][21]: 128
	arc #9 [4][5]: 129
	arc #10 [23][22]: 134
	arc #11 [5][6]: 138
	arc #12 [24][23]: 129
	arc #13 [6][7]: 117
	arc #14 [25][24]: 138
	arc #15 [7][8]: 129
	arc #16 [26][25]: 117
	arc #17 [8][9]: 119
	arc #18 [27][26]: 129
	arc #19 [9][10]: 135
	arc #20 [28][27]: 119
	arc #21 [10][11]: 128
	arc #22 [29][28]: 135
	arc #23 [11][12]: 131
	arc #24 [30][29]: 128
	arc #25 [12][13]: 133
	arc #26 [31][30]: 131
	arc #27 [13][14]: 144
	arc #28 [32][31]: 133
	arc #29 [14][15]: 126
	arc #30 [33][32]: 144
	arc #31 [15][16]: 129
	arc #32 [34][33]: 126
	arc #33 [16][17]: 124
	arc #34 [35][34]: 129
	arc #35 [17][18]: 119
	arc #36 [36][35]: 124
	arc #37 [37][36]: 119
	arc #38 [18][37]: 0
	arc #39 [37][18]: 0

cost with minimum service...
	arc #0 [0][1]: 242
	arc #1 [0][19]: 0
	arc #2 [19][0]: 0
	arc #3 [1][2]: 258
	arc #4 [20][19]: 410
	arc #5 [2][3]: 217
	arc #6 [21][20]: 258
	arc #7 [3][4]: 223
	arc #8 [22][21]: 242
	arc #9 [4][5]: 218
	arc #10 [23][22]: 223
	arc #11 [5][6]: 252
	arc #12 [24][23]: 218
	arc #13 [6][7]: 231
	arc #14 [25][24]: 227
	arc #15 [7][8]: 243
	arc #16 [26][25]: 231
	arc #17 [8][9]: 233
	arc #18 [27][26]: 243
	arc #19 [9][10]: 249
	arc #20 [28][27]: 233
	arc #21 [10][11]: 242
	arc #22 [29][28]: 249
	arc #23 [11][12]: 245
	arc #24 [30][29]: 242
	arc #25 [12][13]: 247
	arc #26 [31][30]: 245
	arc #27 [13][14]: 258
	arc #28 [32][31]: 247
	arc #29 [14][15]: 240
	arc #30 [33][32]: 258
	arc #31 [15][16]: 243
	arc #32 [34][33]: 240
	arc #33 [16][17]: 238
	arc #34 [35][34]: 243
	arc #35 [17][18]: 401
	arc #36 [36][35]: 238
	arc #37 [37][36]: 233
	arc #38 [18][37]: 0
	arc #39 [37][18]: 0

cost with maximum service...
	arc #0 [0][1]: 618
	arc #1 [0][19]: 490
	arc #2 [19][0]: 490
	arc #3 [1][2]: 634
	arc #4 [20][19]: 618
	arc #5 [2][3]: 618
	arc #6 [21][20]: 634
	arc #7 [3][4]: 624
	arc #8 [22][21]: 618
	arc #9 [4][5]: 619
	arc #10 [23][22]: 624
	arc #11 [5][6]: 628
	arc #12 [24][23]: 619
	arc #13 [6][7]: 607
	arc #14 [25][24]: 628
	arc #15 [7][8]: 619
	arc #16 [26][25]: 607
	arc #17 [8][9]: 609
	arc #18 [27][26]: 619
	arc #19 [9][10]: 625
	arc #20 [28][27]: 609
	arc #21 [10][11]: 618
	arc #22 [29][28]: 625
	arc #23 [11][12]: 621
	arc #24 [30][29]: 618
	arc #25 [12][13]: 623
	arc #26 [31][30]: 621
	arc #27 [13][14]: 634
	arc #28 [32][31]: 623
	arc #29 [14][15]: 616
	arc #30 [33][32]: 634
	arc #31 [15][16]: 619
	arc #32 [34][33]: 616
	arc #33 [16][17]: 614
	arc #34 [35][34]: 619
	arc #35 [17][18]: 609
	arc #36 [36][35]: 614
	arc #37 [37][36]: 609
	arc #38 [18][37]: 490
	arc #39 [37][18]: 490

demands...
	demands of vertex 0 at time interval: 2     2     2     2     2
	demands of vertex 1 at time interval: 2     2     2     2     2
	demands of vertex 2 at time interval: 2     2     2     2     2
	demands of vertex 3 at time interval: 0     0     0     0     0
	demands of vertex 4 at time interval: 0     0     0     0     0
	demands of vertex 5 at time interval: 0     0     0     0     0
	demands of vertex 6 at time interval: 2     2     2     2     2
	demands of vertex 7 at time interval: 2     2     2     2     2
	demands of vertex 8 at time interval: 2     2     2     2     2
	demands of vertex 9 at time interval: 2     2     2     2     2
	demands of vertex 10 at time interval: 2     2     2     2     2
	demands of vertex 11 at time interval: 2     2     2     2     2
	demands of vertex 12 at time interval: 2     2     2     2     2
	demands of vertex 13 at time interval: 2     2     2     2     2
	demands of vertex 14 at time interval: 2     2     2     2     2
	demands of vertex 15 at time interval: 2     2     2     2     2
	demands of vertex 16 at time interval: 2     2     2     2     2
	demands of vertex 17 at time interval: 2     2     2     2     2
	demands of vertex 18 at time interval: 0     0     0     0     0
	demands of vertex 19 at time interval: 0     0     0     0     0
	demands of vertex 20 at time interval: 2     2     2     2     2
	demands of vertex 21 at time interval: 2     2     2     2     2
	demands of vertex 22 at time interval: 0     0     0     0     0
	demands of vertex 23 at time interval: 0     0     0     0     0
	demands of vertex 24 at time interval: 0     0     0     0     0
	demands of vertex 25 at time interval: 2     2     2     2     2
	demands of vertex 26 at time interval: 2     2     2     2     2
	demands of vertex 27 at time interval: 2     2     2     2     2
	demands of vertex 28 at time interval: 2     2     2     2     2
	demands of vertex 29 at time interval: 2     2     2     2     2
	demands of vertex 30 at time interval: 2     2     2     2     2
	demands of vertex 31 at time interval: 2     2     2     2     2
	demands of vertex 32 at time interval: 2     2     2     2     2
	demands of vertex 33 at time interval: 2     2     2     2     2
	demands of vertex 34 at time interval: 2     2     2     2     2
	demands of vertex 35 at time interval: 2     2     2     2     2
	demands of vertex 36 at time interval: 2     2     2     2     2
	demands of vertex 37 at time interval: 2     2     2     2     2

maximum time = 53426
alpha = 67

>> Solving...
Version identifier: 20.1.0.0 | 2020-11-10 | 9bedb6d68
CPXPARAM_Threads                                 1
CPXPARAM_TimeLimit                               43200
Aggregator has done 671 substitutions...
Tried aggregator 6 times.
MIP Presolve eliminated 108275 rows and 14169 columns.
MIP Presolve modified 280819 coefficients.
Aggregator did 912 substitutions.
Reduced MIP has 330000 rows, 127357 columns, and 802104 nonzeros.
Reduced MIP has 126900 binaries, 0 generals, 0 SOSs, and 0 indicators.
Presolve time = 49.29 sec. (16766.47 ticks)
Probing fixed 643 vars, tightened 407 bounds.
Probing time = 42.31 sec. (7697.32 ticks)
Tried aggregator 2 times.
MIP Presolve eliminated 31648 rows and 643 columns.
MIP Presolve modified 15420 coefficients.
Aggregator did 19936 substitutions.
Reduced MIP has 278416 rows, 106778 columns, and 677283 nonzeros.
Reduced MIP has 106321 binaries, 0 generals, 0 SOSs, and 0 indicators.
Presolve time = 11.14 sec. (3218.91 ticks)
Probing fixed 2 vars, tightened 178 bounds.
Probing time = 16.60 sec. (1358.68 ticks)
Tried aggregator 2 times.
MIP Presolve eliminated 52828 rows and 2494 columns.
MIP Presolve modified 6190 coefficients.
Aggregator did 30060 substitutions.
Reduced MIP has 195528 rows, 74224 columns, and 477947 nonzeros.
Reduced MIP has 73767 binaries, 0 generals, 0 SOSs, and 0 indicators.
Presolve time = 5.32 sec. (2874.66 ticks)
Probing fixed 0 vars, tightened 47 bounds.
Probing time = 5.41 sec. (505.55 ticks)
Tried aggregator 1 time.
Detecting symmetries...
Elapsed time for symmetry detection = 7.03 sec. (10000.92 ticks)
Elapsed time for symmetry detection = 14.43 sec. (20002.67 ticks)
Found 5.010024e+99708 symmetric permutations.
MIP Presolve modified 3164 coefficients.
Reduced MIP has 195528 rows, 74224 columns, and 477947 nonzeros.
Reduced MIP has 73767 binaries, 0 generals, 0 SOSs, and 0 indicators.
Presolve time = 20.81 sec. (24736.94 ticks)
Probing fixed 0 vars, tightened 40 bounds.
Probing time = 5.40 sec. (457.94 ticks)
Clique table members: 381733.
MIP emphasis: balance optimality and feasibility.
MIP search method: dynamic search.
Parallel mode: none, using 1 thread.
Root relaxation solution time = 245.30 sec. (33445.80 ticks)

        Nodes                                         Cuts/
   Node  Left     Objective  IInf  Best Integer    Best Bound    ItCnt     Gap

      0     0     8960.0000 36202                   8960.0000   108469         
      0     0     8960.0000 37619                  Cuts: 7867   113200         
      0     0     8960.0000 36049                  Cuts: 7495   134056         
      0     0     9711.0788 37464                  Cuts: 9610   160887         
      0     0    10730.1758 37351                  Cuts: 9385   165808         
      0     0    11108.2988 37489                  Cuts: 6773   169645         

Repeating presolve.
Tried aggregator 1 time.
MIP Presolve eliminated 168075 rows and 67230 columns.
MIP Presolve modified 5475 coefficients.
Reduced MIP has 27453 rows, 6994 columns, and 74404 nonzeros.
Reduced MIP has 6537 binaries, 0 generals, 0 SOSs, and 0 indicators.
Presolve time = 1.05 sec. (832.46 ticks)
Probing fixed 0 vars, tightened 39 bounds.
Probing time = 0.21 sec. (174.15 ticks)
Tried aggregator 1 time.
Detecting symmetries...
MIP Presolve modified 3101 coefficients.
Reduced MIP has 27453 rows, 6994 columns, and 74404 nonzeros.
Reduced MIP has 6537 binaries, 0 generals, 0 SOSs, and 0 indicators.
Presolve time = 0.30 sec. (203.22 ticks)
Represolve time = 2.13 sec. (1273.32 ticks)
Probing fixed 0 vars, tightened 29 bounds.
Probing time = 0.17 sec. (149.15 ticks)
Clique table members: 46958.
MIP emphasis: balance optimality and feasibility.
MIP search method: dynamic search.
Parallel mode: none, using 1 thread.
Root relaxation solution time = 2.37 sec. (1099.30 ticks)

        Nodes                                         Cuts/
   Node  Left     Objective  IInf  Best Integer    Best Bound    ItCnt     Gap

      0     0    11108.2988  3671                  11108.2988   179171         
      0     0    11123.3392  3915                  Cuts: 6830   180908         
      0     0    11224.4877  3888                  Cuts: 1669   182193         
      0     0    11387.1766  3839                  Cuts: 1727   182860         
      0     0    11422.0535  3948                  Cuts: 1494   183415         
      0     0    11426.7931  3953                   Cuts: 874   183832         
      0     0    11426.7931  3952                   Cuts: 763   184173         
      0     0    11426.7931  3647                   Cuts: 915   184517         
      0     0    11593.2346  3706                  Cuts: 3916   185373         
      0     0    11759.2603  3710                  Cuts: 1138   186301         
      0     0    11819.7234  3691                  Cuts: 2411   187079         
      0     0    11819.7234  3736                  Cuts: 1079   187577         
*     0+    0                        53420.0000    11819.7234            77.87%
*     0+    0                        52297.0000    11819.7234            77.40%
      0     2    11819.7234  3530    52297.0000    12468.1435   187577   76.16%
Elapsed time = 2024.55 sec. (425723.80 ticks, tree = 0.01 MB, solutions = 2)
      2     4    26880.0000  2377    52297.0000    26880.0000   210099   48.60%
      3     5    35840.0000   839    52297.0000    26880.0000   211734   48.60%
      7     9    48251.0000   384    52297.0000    26880.0000   213067   48.60%
     11    13    46367.0000   675    52297.0000    26880.0000   214328   48.60%
     14    16    37566.0000   701    52297.0000    26880.0000   215257   48.60%
     15    16    38097.2443  1280    52297.0000    26880.0000   216554   48.60%
     16    17    37566.0000   769    52297.0000    26880.0000   218177   48.60%
     19    19    43427.3333   603    52297.0000    26880.0000   219247   48.60%
     22    18    26880.0000  2369    52297.0000    26880.0000   219255   48.60%
     27    21    26880.0000  1919    52297.0000    26880.0000   225152   48.60%
Elapsed time = 2038.23 sec. (439448.69 ticks, tree = 2.71 MB, solutions = 2)
     37    31    26880.0000  1463    52297.0000    26880.0000   230792   48.60%
     59    53    36914.0000   579    52297.0000    26880.0000   235794   48.60%
    111    98    41091.0000   205    52297.0000    26880.0000   237984   48.60%
    153   126    33077.0000  1326    52297.0000    26880.0000   241718   48.60%
    209   162    39528.0000   615    52297.0000    26880.0000   247027   48.60%
    264   201    51701.0000   563    52297.0000    26880.0000   250842   48.60%
    316   249    51701.0000   466    52297.0000    33077.0000   255730   36.75%
*   340+  265                        51983.0000    33077.0000            36.37%
    349   270    42037.0000   554    51983.0000    33770.0000   258047   35.04%
*   360+  146                        44290.0000    33770.0000            23.75%
*   360+  131                        43499.0000    33770.0000            22.37%
*   370+  126                        42891.0000    33770.0000            21.27%
*   380+  128                        42776.0000    33770.0000            21.05%
    384   131    39009.0000   545    42776.0000    33770.0000   260685   21.05%
*   390+  129                        42594.0000    33770.0000            20.72%
    440   169    42293.0000   140    42594.0000    33770.0000   263620   20.72%
Elapsed time = 2057.80 sec. (449732.99 ticks, tree = 3.06 MB, solutions = 8)
*   490+  186                        42455.0000    33770.0000            20.46%
*   490+  184                        42319.0000    33770.0000            20.20%
    490   183    infeasible          42319.0000    33770.0000   265596   20.20%
    530   211    37239.0000   786    42319.0000    33770.0000   268716   20.20%
    578   256    41002.0000   166    42319.0000    33770.0000   271084   20.20%
    635   298    41733.0000   125    42319.0000    33770.0000   273495   20.20%
    677   332    41926.0000   138    42319.0000    33770.0000   275920   20.20%
    720   366    41882.0000    98    42319.0000    34013.0000   278304   19.63%
    753   384    40606.1713   284    42319.0000    34013.0000   282073   19.63%
    800   418    41926.0000   272    42319.0000    34013.0000   284367   19.63%
    845   442    40774.0000   829    42319.0000    34013.0000   288650   19.63%
    880   467    38722.0000   725    42319.0000    34013.0000   291542   19.63%
Elapsed time = 2079.27 sec. (460280.16 ticks, tree = 6.39 MB, solutions = 10)
    937   513    38722.0000   834    42319.0000    34013.0000   294656   19.63%
    989   556    41540.0000   102    42319.0000    34013.0000   298365   19.63%
   1030   582    40364.1713   495    42319.0000    35412.0000   301705   16.32%
   1052   596    infeasible          42319.0000    35412.0000   303056   16.32%
   1053   597    37156.0000   427    42319.0000    35412.0000   303638   16.32%
   1054   598    40364.0000   377    42319.0000    35412.0000   303765   16.32%
   1055   599    40606.0000   405    42319.0000    35412.0000   303932   16.32%

Performing restart 1

Repeating presolve.
Tried aggregator 1 time.
MIP Presolve modified 3462 coefficients.
Reduced MIP has 27453 rows, 6994 columns, and 74404 nonzeros.
Reduced MIP has 6537 binaries, 0 generals, 0 SOSs, and 0 indicators.
Presolve time = 0.21 sec. (199.46 ticks)
Tried aggregator 1 time.
MIP Presolve modified 11150 coefficients.
Reduced MIP has 27453 rows, 6994 columns, and 74404 nonzeros.
Reduced MIP has 6537 binaries, 0 generals, 0 SOSs, and 0 indicators.
Presolve time = 0.38 sec. (267.60 ticks)
Represolve time = 4.44 sec. (3034.37 ticks)
   1086     0    26883.1867  1645    42319.0000    Cuts: 6963   322014   16.32%
   1086     0    28959.2516  1508    42319.0000    Cuts: 6963   324037   16.32%
*  1086+    0                        42268.0000    35412.0000            16.22%
*  1086+    0                        41939.0000    35412.0000            15.56%
   1086     0  -1.00000e+75     0    41939.0000    35412.0000   324037   15.56%

Repeating presolve.
Tried aggregator 2 times.
MIP Presolve eliminated 16191 rows and 2649 columns.
MIP Presolve modified 13036 coefficients.
Aggregator did 1398 substitutions.
Reduced MIP has 9864 rows, 2947 columns, and 27666 nonzeros.
Reduced MIP has 2490 binaries, 0 generals, 0 SOSs, and 0 indicators.
Presolve time = 0.08 sec. (33.08 ticks)
Tried aggregator 1 time.
MIP Presolve eliminated 954 rows and 60 columns.
MIP Presolve modified 10476 coefficients.
Reduced MIP has 8910 rows, 2887 columns, and 24834 nonzeros.
Reduced MIP has 2430 binaries, 0 generals, 0 SOSs, and 0 indicators.
Presolve time = 0.02 sec. (11.87 ticks)
Tried aggregator 1 time.
Reduced MIP has 8910 rows, 2887 columns, and 24834 nonzeros.
Reduced MIP has 2430 binaries, 0 generals, 0 SOSs, and 0 indicators.
Presolve time = 0.03 sec. (13.74 ticks)
Represolve time = 5.01 sec. (2396.42 ticks)
   1086     0    34899.3753   737    41939.0000    Cuts: 2327   328237   15.56%
   1086     0    34900.4164   712    41939.0000    Cuts: 1627   329959   15.56%
   1086     0    34900.4172   804    41939.0000     Cuts: 781   330311   15.56%
*  1086+    0                        41834.0000    35412.0000            15.35%
*  1086+    0                        41782.0000    35412.0000            15.25%
   1086     0  -1.00000e+75     0    41782.0000    35412.0000   330311   15.25%
   1086     0    34921.2873   631    41782.0000     Cuts: 449   330837   15.25%
   1086     0    34921.2876   663    41782.0000    Cuts: 1007   331377   15.25%
   1086     0    34921.2876   671    41782.0000     Cuts: 549   331703   15.25%
   1086     0    34921.2884   695    41782.0000     Cuts: 402   332018   15.25%
   1086     2    34921.3848   653    41782.0000    36512.6736   332027   12.61%
   1106    17    41002.0000   254    41782.0000    40606.0000   335452    2.81%
   1226    94    41170.0000    54    41782.0000    40606.0000   338288    2.81%
Elapsed time = 2158.17 sec. (499337.05 ticks, tree = 0.39 MB, solutions = 14)
   1306   144    40720.0000   335    41782.0000    40606.0000   340800    2.81%
   1393   210    41170.0000    55    41782.0000    40606.0000   343754    2.81%
   1467   260    40606.4627   431    41782.0000    40606.4627   347655    2.81%
   1561   331    41002.0000   125    41782.0000    40606.4627   351309    2.81%
   1632   374    41452.0000    49    41782.0000    40606.7874   353625    2.81%
   1709   422    41002.0000   311    41782.0000    40640.3837   356838    2.73%
   1831   486    41284.0000    57    41782.0000    40720.0000   361452    2.54%
*  1876+  507                        41664.0000    40720.0000             2.27%
   1940   542    40834.2135   313    41664.0000    40720.0000   365390    2.27%
*  1946+  539                        41531.0000    40720.0000             1.95%
   1994   564    40835.1486   357    41531.0000    40720.0000   368516    1.95%
*  2046+  432                        41254.0000    40720.0000             1.29%
   2046   434    40834.6751   373    41254.0000    40720.0000   370185    1.29%
Elapsed time = 2178.83 sec. (512503.75 ticks, tree = 1.65 MB, solutions = 17)
   2106   464    40889.1331   305    41254.0000    40721.1486   372767    1.29%
   2145   480    infeasible          41254.0000    40753.9210   374765    1.21%
   2146   481    40921.9210   200    41254.0000    40753.9210   374994    1.21%
   2148   483    41170.0000   122    41254.0000    40753.9210   375119    1.21%
   2150   485    41170.0000   116    41254.0000    40753.9210   375123    1.21%
*  2186+  334                        41170.0000    40753.9210             1.01%
   2215   337    40804.0000   475    41170.0000    40804.0000   380368    0.89%
   2266   356    40804.0000   327    41170.0000    40804.0000   385068    0.89%
   2318   319        cutoff          41170.0000    40834.0000   387377    0.82%
   2325   312    infeasible          41170.0000    40834.6751   388926    0.81%
   2329   308        cutoff          41170.0000    40834.6751   390010    0.81%
Elapsed time = 2196.95 sec. (524801.41 ticks, tree = 1.16 MB, solutions = 18)
   2333   304    infeasible          41170.0000    40834.6751   390993    0.81%
   2336   301        cutoff          41170.0000    40834.6751   391544    0.81%
   2356   286    41002.6667   265    41170.0000    40835.3418   393334    0.81%
   2390   265    40921.9210   356    41170.0000    40888.0000   395948    0.68%
   2491   179    infeasible          41170.0000    41002.0000   402373    0.41%
   2558   112    infeasible          41170.0000    41002.0000   405981    0.41%
   2616    58        cutoff          41170.0000    41029.0000   408716    0.34%

GUB cover cuts applied:  2
Clique cuts applied:  1424
Cover cuts applied:  399
Implied bound cuts applied:  32
Flow cuts applied:  165
Mixed integer rounding cuts applied:  206
Zero-half cuts applied:  14
Gomory fractional cuts applied:  5

Root node processing (before b&c):
  Real time             = 2024.46 sec. (425485.02 ticks)
Sequential b&c:
  Real time             =  184.39 sec. (106817.03 ticks)
                          ------------
Total (root+branch&cut) = 2208.85 sec. (532302.04 ticks)
Optimal

>> Printing some results...
    -> Solution value = 41170 - 11:26:10
    -> Total time = 2208.85
    -> Gap value = 0.00

=============
Train 0
=============
> Trip 0
   0(time 2772 - 00:46:12)(time 2900 - 00:48:20) ->    1(time 3014 - 00:50:14)(time 3158 - 00:52:38) ->    2(time 3648 - 01:00:48)(time 3776 - 01:02:56) ->    3(time 3865 - 01:04:25)(time 3999 - 01:06:39) ->    4(time 4088 - 01:08:08)(time 4217 - 01:10:17) ->    5(time 4707 - 01:18:27)(time 4845 - 01:20:45) ->    6(time 5335 - 01:28:55)(time 5452 - 01:30:52) ->    7(time 5566 - 01:32:46)(time 5695 - 01:34:55) ->    8(time 5809 - 01:36:49)(time 5928 - 01:38:48) ->    9(time 6418 - 01:46:58)(time 6553 - 01:49:13) ->    10(time 7043 - 01:57:23)(time 7171 - 01:59:31) ->    11(time 7661 - 02:07:41)(time 7792 - 02:09:52) ->    12(time 8282 - 02:18:02)(time 8415 - 02:20:15) ->    13(time 8529 - 02:22:09)(time 8673 - 02:24:33) ->    14(time 8787 - 02:26:27)(time 8913 - 02:28:33) ->    15(time 9027 - 02:30:27)(time 9156 - 02:32:36) ->    16(time 9270 - 02:34:30)(time 9394 - 02:36:34) ->    17(time 9508 - 02:38:28)(time 9627 - 02:40:27) ->    18(time 9909 - 02:45:09)(time 9909 - 02:45:09) ->    37(time 9909 - 02:45:09)(time 10028 - 02:47:08) ->    36(time 10142 - 02:49:02)(time 10266 - 02:51:06) ->    35(time 10380 - 02:53:00)(time 10509 - 02:55:09) ->    34(time 10623 - 02:57:03)(time 10749 - 02:59:09) ->    33(time 10863 - 03:01:03)(time 11007 - 03:03:27) ->    32(time 11121 - 03:05:21)(time 11254 - 03:07:34) ->    31(time 11368 - 03:09:28)(time 11499 - 03:11:39) ->    30(time 11613 - 03:13:33)(time 11741 - 03:15:41) ->    29(time 11855 - 03:17:35)(time 11990 - 03:19:50) ->    28(time 12104 - 03:21:44)(time 12223 - 03:23:43) ->    27(time 12337 - 03:25:37)(time 12466 - 03:27:46) ->    26(time 12580 - 03:29:40)(time 12697 - 03:31:37) ->    25(time 12885 - 03:34:45)(time 13023 - 03:37:03) ->    24(time 13112 - 03:38:32)(time 13241 - 03:40:41) ->    23(time 13330 - 03:42:10)(time 13464 - 03:44:24) ->    22(time 13553 - 03:45:53)(time 13681 - 03:48:01) ->    21(time 13795 - 03:49:55)(time 13939 - 03:52:19) ->    20(time 14053 - 03:54:13)(time 14181 - 03:56:21) ->    19(time 14463 - 04:01:03)(time 14463 - 04:01:03) -> 0
> Trip 1
   0(time 14463 - 04:01:03)(time 14591 - 04:03:11) ->    1(time 14705 - 04:05:05)(time 14849 - 04:07:29) ->    2(time 14963 - 04:09:23)(time 15091 - 04:11:31) ->    3(time 15180 - 04:13:00)(time 15314 - 04:15:14) ->    4(time 15403 - 04:16:43)(time 15532 - 04:18:52) ->    5(time 15621 - 04:20:21)(time 15759 - 04:22:39) ->    6(time 15873 - 04:24:33)(time 15990 - 04:26:30) ->    7(time 16104 - 04:28:24)(time 16233 - 04:30:33) ->    8(time 16347 - 04:32:27)(time 16466 - 04:34:26) ->    9(time 16580 - 04:36:20)(time 16715 - 04:38:35) ->    10(time 16829 - 04:40:29)(time 16957 - 04:42:37) ->    11(time 17071 - 04:44:31)(time 17202 - 04:46:42) ->    12(time 17316 - 04:48:36)(time 17449 - 04:50:49) ->    13(time 17563 - 04:52:43)(time 17707 - 04:55:07) ->    14(time 17821 - 04:57:01)(time 17947 - 04:59:07) ->    15(time 18061 - 05:01:01)(time 18190 - 05:03:10) ->    16(time 18304 - 05:05:04)(time 18428 - 05:07:08) ->    17(time 18542 - 05:09:02)(time 18661 - 05:11:01) ->    18(time 18943 - 05:15:43)(time 18943 - 05:15:43) ->    37(time 18943 - 05:15:43)(time 19062 - 05:17:42) ->    36(time 19176 - 05:19:36)(time 19300 - 05:21:40) ->    35(time 19414 - 05:23:34)(time 19543 - 05:25:43) ->    34(time 19657 - 05:27:37)(time 19783 - 05:29:43) ->    33(time 19897 - 05:31:37)(time 20041 - 05:34:01) ->    32(time 20155 - 05:35:55)(time 20288 - 05:38:08) ->    31(time 20402 - 05:40:02)(time 20533 - 05:42:13) ->    30(time 20647 - 05:44:07)(time 20775 - 05:46:15) ->    29(time 20889 - 05:48:09)(time 21024 - 05:50:24) ->    28(time 21138 - 05:52:18)(time 21257 - 05:54:17) ->    27(time 21371 - 05:56:11)(time 21500 - 05:58:20) ->    26(time 21614 - 06:00:14)(time 21731 - 06:02:11) ->    25(time 21845 - 06:04:05)(time 21983 - 06:06:23) ->    24(time 22120 - 06:08:40)(time 22249 - 06:10:49) ->    23(time 22338 - 06:12:18)(time 22472 - 06:14:32) ->    22(time 22561 - 06:16:01)(time 22689 - 06:18:09) ->    21(time 22803 - 06:20:03)(time 22947 - 06:22:27) ->    20(time 23061 - 06:24:21)(time 23189 - 06:26:29) ->    19(time 23471 - 06:31:11)(time 23471 - 06:31:11) -> 0
> Trip 2
   0(time 23471 - 06:31:11)(time 23599 - 06:33:19) ->    1(time 23713 - 06:35:13)(time 23857 - 06:37:37) ->    2(time 23971 - 06:39:31)(time 24099 - 06:41:39) ->    3(time 24188 - 06:43:08)(time 24322 - 06:45:22) ->    4(time 24411 - 06:46:51)(time 24540 - 06:49:00) ->    5(time 24629 - 06:50:29)(time 24767 - 06:52:47) ->    6(time 24881 - 06:54:41)(time 24998 - 06:56:38) ->    7(time 25112 - 06:58:32)(time 25241 - 07:00:41) ->    8(time 25355 - 07:02:35)(time 25474 - 07:04:34) ->    9(time 25588 - 07:06:28)(time 25723 - 07:08:43) ->    10(time 25837 - 07:10:37)(time 25965 - 07:12:45) ->    11(time 26079 - 07:14:39)(time 26210 - 07:16:50) ->    12(time 26324 - 07:18:44)(time 26457 - 07:20:57) ->    13(time 26571 - 07:22:51)(time 26715 - 07:25:15) ->    14(time 26829 - 07:27:09)(time 26955 - 07:29:15) ->    15(time 27069 - 07:31:09)(time 27198 - 07:33:18) ->    16(time 27312 - 07:35:12)(time 27436 - 07:37:16) ->    17(time 27550 - 07:39:10)(time 27669 - 07:41:09) ->    18(time 27951 - 07:45:51)(time 27951 - 07:45:51) ->    37(time 27951 - 07:45:51)(time 28070 - 07:47:50) ->    36(time 28184 - 07:49:44)(time 28308 - 07:51:48) ->    35(time 28422 - 07:53:42)(time 28551 - 07:55:51) ->    34(time 28665 - 07:57:45)(time 28791 - 07:59:51) ->    33(time 28905 - 08:01:45)(time 29049 - 08:04:09) ->    32(time 29163 - 08:06:03)(time 29296 - 08:08:16) ->    31(time 29410 - 08:10:10)(time 29541 - 08:12:21) ->    30(time 29655 - 08:14:15)(time 29783 - 08:16:23) ->    29(time 29897 - 08:18:17)(time 30032 - 08:20:32) ->    28(time 30146 - 08:22:26)(time 30265 - 08:24:25) ->    27(time 30379 - 08:26:19)(time 30508 - 08:28:28) ->    26(time 30622 - 08:30:22)(time 30739 - 08:32:19) ->    25(time 30853 - 08:34:13)(time 30991 - 08:36:31) ->    24(time 31080 - 08:38:00)(time 31209 - 08:40:09) ->    23(time 31298 - 08:41:38)(time 31432 - 08:43:52) ->    22(time 31521 - 08:45:21)(time 31649 - 08:47:29) ->    21(time 31763 - 08:49:23)(time 31907 - 08:51:47) ->    20(time 32021 - 08:53:41)(time 32149 - 08:55:49) ->    19(time 32431 - 09:00:31)(time 32431 - 09:00:31) -> 0
> Trip 3
   0(time 42741 - 11:52:21)(time 42869 - 11:54:29) ->    1(time 42983 - 11:56:23)(time 43127 - 11:58:47) ->    2(time 43241 - 12:00:41)(time 43369 - 12:02:49) ->    3(time 43458 - 12:04:18)(time 43592 - 12:06:32) ->    4(time 43681 - 12:08:01)(time 43810 - 12:10:10) ->    5(time 43899 - 12:11:39)(time 44037 - 12:13:57) ->    6(time 44151 - 12:15:51)(time 44268 - 12:17:48) ->    7(time 44382 - 12:19:42)(time 44511 - 12:21:51) ->    8(time 44625 - 12:23:45)(time 44744 - 12:25:44) ->    9(time 44858 - 12:27:38)(time 44993 - 12:29:53) ->    10(time 45107 - 12:31:47)(time 45235 - 12:33:55) ->    11(time 45349 - 12:35:49)(time 45480 - 12:38:00) ->    12(time 45594 - 12:39:54)(time 45727 - 12:42:07) ->    13(time 45841 - 12:44:01)(time 45985 - 12:46:25) ->    14(time 46099 - 12:48:19)(time 46225 - 12:50:25) ->    15(time 46339 - 12:52:19)(time 46468 - 12:54:28) ->    16(time 46582 - 12:56:22)(time 46706 - 12:58:26) ->    17(time 46820 - 13:00:20)(time 46939 - 13:02:19) ->    18(time 47221 - 13:07:01)(time 47221 - 13:07:01) ->    37(time 47221 - 13:07:01)(time 47340 - 13:09:00) ->    36(time 47454 - 13:10:54)(time 47578 - 13:12:58) ->    35(time 47692 - 13:14:52)(time 47821 - 13:17:01) ->    34(time 47935 - 13:18:55)(time 48061 - 13:21:01) ->    33(time 48175 - 13:22:55)(time 48319 - 13:25:19) ->    32(time 48433 - 13:27:13)(time 48566 - 13:29:26) ->    31(time 48680 - 13:31:20)(time 48811 - 13:33:31) ->    30(time 48925 - 13:35:25)(time 49053 - 13:37:33) ->    29(time 49167 - 13:39:27)(time 49302 - 13:41:42) ->    28(time 49416 - 13:43:36)(time 49535 - 13:45:35) ->    27(time 49649 - 13:47:29)(time 49778 - 13:49:38) ->    26(time 49892 - 13:51:32)(time 50009 - 13:53:29) ->    25(time 50123 - 13:55:23)(time 50261 - 13:57:41) ->    24(time 50350 - 13:59:10)(time 50479 - 14:01:19) ->    23(time 50568 - 14:02:48)(time 50702 - 14:05:02) ->    22(time 50791 - 14:06:31)(time 50919 - 14:08:39) ->    21(time 51033 - 14:10:33)(time 51177 - 14:12:57) ->    20(time 51291 - 14:14:51)(time 51419 - 14:16:59) ->    19(time 51701 - 14:21:41)(time 51701 - 14:21:41) -> 0
=============
Train 1
=============
> Trip 0
   0(time 1853 - 00:30:53)(time 1981 - 00:33:01) ->    1(time 2095 - 00:34:55)(time 2239 - 00:37:19) ->    2(time 2353 - 00:39:13)(time 2481 - 00:41:21) ->    3(time 2570 - 00:42:50)(time 2704 - 00:45:04) ->    4(time 2793 - 00:46:33)(time 2922 - 00:48:42) ->    5(time 3011 - 00:50:11)(time 3149 - 00:52:29) ->    6(time 3263 - 00:54:23)(time 3380 - 00:56:20) ->    7(time 3494 - 00:58:14)(time 3623 - 01:00:23) ->    8(time 3737 - 01:02:17)(time 3856 - 01:04:16) ->    9(time 3970 - 01:06:10)(time 4105 - 01:08:25) ->    10(time 4219 - 01:10:19)(time 4347 - 01:12:27) ->    11(time 4461 - 01:14:21)(time 4592 - 01:16:32) ->    12(time 4706 - 01:18:26)(time 4839 - 01:20:39) ->    13(time 4953 - 01:22:33)(time 5097 - 01:24:57) ->    14(time 5211 - 01:26:51)(time 5337 - 01:28:57) ->    15(time 5451 - 01:30:51)(time 5580 - 01:33:00) ->    16(time 5694 - 01:34:54)(time 5818 - 01:36:58) ->    17(time 5932 - 01:38:52)(time 6051 - 01:40:51) ->    18(time 6333 - 01:45:33)(time 6333 - 01:45:33) ->    37(time 6333 - 01:45:33)(time 6452 - 01:47:32) ->    36(time 6566 - 01:49:26)(time 6690 - 01:51:30) ->    35(time 6804 - 01:53:24)(time 6933 - 01:55:33) ->    34(time 7047 - 01:57:27)(time 7173 - 01:59:33) ->    33(time 7287 - 02:01:27)(time 7431 - 02:03:51) ->    32(time 7545 - 02:05:45)(time 7678 - 02:07:58) ->    31(time 7792 - 02:09:52)(time 7923 - 02:12:03) ->    30(time 8037 - 02:13:57)(time 8165 - 02:16:05) ->    29(time 8279 - 02:17:59)(time 8414 - 02:20:14) ->    28(time 8528 - 02:22:08)(time 8647 - 02:24:07) ->    27(time 8761 - 02:26:01)(time 8890 - 02:28:10) ->    26(time 9004 - 02:30:04)(time 9121 - 02:32:01) ->    25(time 9235 - 02:33:55)(time 9373 - 02:36:13) ->    24(time 9462 - 02:37:42)(time 9591 - 02:39:51) ->    23(time 9680 - 02:41:20)(time 9814 - 02:43:34) ->    22(time 9903 - 02:45:03)(time 10031 - 02:47:11) ->    21(time 10145 - 02:49:05)(time 10289 - 02:51:29) ->    20(time 10403 - 02:53:23)(time 10531 - 02:55:31) ->    19(time 10813 - 03:00:13)(time 10813 - 03:00:13) -> 0
> Trip 1
   0(time 10813 - 03:00:13)(time 10941 - 03:02:21) ->    1(time 11055 - 03:04:15)(time 11199 - 03:06:39) ->    2(time 11313 - 03:08:33)(time 11441 - 03:10:41) ->    3(time 11530 - 03:12:10)(time 11664 - 03:14:24) ->    4(time 11753 - 03:15:53)(time 11882 - 03:18:02) ->    5(time 11971 - 03:19:31)(time 12109 - 03:21:49) ->    6(time 12223 - 03:23:43)(time 12340 - 03:25:40) ->    7(time 12528 - 03:28:48)(time 12657 - 03:30:57) ->    8(time 12771 - 03:32:51)(time 12890 - 03:34:50) ->    9(time 13004 - 03:36:44)(time 13139 - 03:38:59) ->    10(time 13253 - 03:40:53)(time 13381 - 03:43:01) ->    11(time 13495 - 03:44:55)(time 13626 - 03:47:06) ->    12(time 13740 - 03:49:00)(time 13873 - 03:51:13) ->    13(time 13987 - 03:53:07)(time 14131 - 03:55:31) ->    14(time 14245 - 03:57:25)(time 14371 - 03:59:31) ->    15(time 14485 - 04:01:25)(time 14614 - 04:03:34) ->    16(time 14728 - 04:05:28)(time 14852 - 04:07:32) ->    17(time 14966 - 04:09:26)(time 15085 - 04:11:25) ->    18(time 15367 - 04:16:07)(time 15367 - 04:16:07) ->    37(time 15367 - 04:16:07)(time 15486 - 04:18:06) ->    36(time 15600 - 04:20:00)(time 15724 - 04:22:04) ->    35(time 15838 - 04:23:58)(time 15967 - 04:26:07) ->    34(time 16081 - 04:28:01)(time 16207 - 04:30:07) ->    33(time 16321 - 04:32:01)(time 16465 - 04:34:25) ->    32(time 16579 - 04:36:19)(time 16712 - 04:38:32) ->    31(time 17202 - 04:46:42)(time 17333 - 04:48:53) ->    30(time 17447 - 04:50:47)(time 17575 - 04:52:55) ->    29(time 17689 - 04:54:49)(time 17824 - 04:57:04) ->    28(time 17938 - 04:58:58)(time 18057 - 05:00:57) ->    27(time 18171 - 05:02:51)(time 18300 - 05:05:00) ->    26(time 18414 - 05:06:54)(time 18531 - 05:08:51) ->    25(time 18645 - 05:10:45)(time 18783 - 05:13:03) ->    24(time 19273 - 05:21:13)(time 19402 - 05:23:22) ->    23(time 19491 - 05:24:51)(time 19625 - 05:27:05) ->    22(time 19714 - 05:28:34)(time 19842 - 05:30:42) ->    21(time 20119 - 05:35:19)(time 20263 - 05:37:43) ->    20(time 20753 - 05:45:53)(time 20881 - 05:48:01) ->    19(time 21371 - 05:56:11)(time 21371 - 05:56:11) -> 0
> Trip 2
   0(time 32149 - 08:55:49)(time 32277 - 08:57:57) ->    1(time 32391 - 08:59:51)(time 32535 - 09:02:15) ->    2(time 32649 - 09:04:09)(time 32777 - 09:06:17) ->    3(time 32866 - 09:07:46)(time 33000 - 09:10:00) ->    4(time 33089 - 09:11:29)(time 33218 - 09:13:38) ->    5(time 33307 - 09:15:07)(time 33445 - 09:17:25) ->    6(time 33559 - 09:19:19)(time 33676 - 09:21:16) ->    7(time 33790 - 09:23:10)(time 33919 - 09:25:19) ->    8(time 34033 - 09:27:13)(time 34152 - 09:29:12) ->    9(time 34266 - 09:31:06)(time 34401 - 09:33:21) ->    10(time 34515 - 09:35:15)(time 34643 - 09:37:23) ->    11(time 34757 - 09:39:17)(time 34888 - 09:41:28) ->    12(time 35366 - 09:49:26)(time 35499 - 09:51:39) ->    13(time 35613 - 09:53:33)(time 35757 - 09:55:57) ->    14(time 35871 - 09:57:51)(time 35997 - 09:59:57) ->    15(time 36111 - 10:01:51)(time 36240 - 10:04:00) ->    16(time 36354 - 10:05:54)(time 36478 - 10:07:58) ->    17(time 36968 - 10:16:08)(time 37087 - 10:18:07) ->    18(time 37369 - 10:22:49)(time 37369 - 10:22:49) ->    37(time 37369 - 10:22:49)(time 37488 - 10:24:48) ->    36(time 37602 - 10:26:42)(time 37726 - 10:28:46) ->    35(time 37840 - 10:30:40)(time 37969 - 10:32:49) ->    34(time 38083 - 10:34:43)(time 38209 - 10:36:49) ->    33(time 38323 - 10:38:43)(time 38467 - 10:41:07) ->    32(time 38581 - 10:43:01)(time 38714 - 10:45:14) ->    31(time 38828 - 10:47:08)(time 38959 - 10:49:19) ->    30(time 39073 - 10:51:13)(time 39201 - 10:53:21) ->    29(time 39315 - 10:55:15)(time 39450 - 10:57:30) ->    28(time 39564 - 10:59:24)(time 39683 - 11:01:23) ->    27(time 40173 - 11:09:33)(time 40302 - 11:11:42) ->    26(time 40792 - 11:19:52)(time 40909 - 11:21:49) ->    25(time 41399 - 11:29:59)(time 41537 - 11:32:17) ->    24(time 41672 - 11:34:32)(time 41801 - 11:36:41) ->    23(time 41890 - 11:38:10)(time 42024 - 11:40:24) ->    22(time 42113 - 11:41:53)(time 42241 - 11:44:01) ->    21(time 42355 - 11:45:55)(time 42499 - 11:48:19) ->    20(time 42613 - 11:50:13)(time 42741 - 11:52:21) ->    19(time 43023 - 11:57:03)(time 43023 - 11:57:03) -> 0
> Trip 3
   0(time 43023 - 11:57:03)(time 43151 - 11:59:11) ->    1(time 43265 - 12:01:05)(time 43409 - 12:03:29) ->    2(time 43523 - 12:05:23)(time 43651 - 12:07:31) ->    3(time 43740 - 12:09:00)(time 43874 - 12:11:14) ->    4(time 43963 - 12:12:43)(time 44092 - 12:14:52) ->    5(time 44181 - 12:16:21)(time 44319 - 12:18:39) ->    6(time 44433 - 12:20:33)(time 44550 - 12:22:30) ->    7(time 44664 - 12:24:24)(time 44793 - 12:26:33) ->    8(time 44907 - 12:28:27)(time 45026 - 12:30:26) ->    9(time 45140 - 12:32:20)(time 45275 - 12:34:35) ->    10(time 45389 - 12:36:29)(time 45517 - 12:38:37) ->    11(time 45631 - 12:40:31)(time 45762 - 12:42:42) ->    12(time 45876 - 12:44:36)(time 46009 - 12:46:49) ->    13(time 46123 - 12:48:43)(time 46267 - 12:51:07) ->    14(time 46381 - 12:53:01)(time 46507 - 12:55:07) ->    15(time 46621 - 12:57:01)(time 46750 - 12:59:10) ->    16(time 46864 - 13:01:04)(time 46988 - 13:03:08) ->    17(time 47102 - 13:05:02)(time 47221 - 13:07:01) ->    18(time 47503 - 13:11:43)(time 47503 - 13:11:43) ->    37(time 47503 - 13:11:43)(time 47622 - 13:13:42) ->    36(time 47736 - 13:15:36)(time 47860 - 13:17:40) ->    35(time 47974 - 13:19:34)(time 48103 - 13:21:43) ->    34(time 48217 - 13:23:37)(time 48343 - 13:25:43) ->    33(time 48457 - 13:27:37)(time 48601 - 13:30:01) ->    32(time 48715 - 13:31:55)(time 48848 - 13:34:08) ->    31(time 48962 - 13:36:02)(time 49093 - 13:38:13) ->    30(time 49207 - 13:40:07)(time 49335 - 13:42:15) ->    29(time 49449 - 13:44:09)(time 49584 - 13:46:24) ->    28(time 49698 - 13:48:18)(time 49817 - 13:50:17) ->    27(time 49931 - 13:52:11)(time 50060 - 13:54:20) ->    26(time 50174 - 13:56:14)(time 50291 - 13:58:11) ->    25(time 50405 - 14:00:05)(time 50543 - 14:02:23) ->    24(time 50632 - 14:03:52)(time 50761 - 14:06:01) ->    23(time 50850 - 14:07:30)(time 50984 - 14:09:44) ->    22(time 51073 - 14:11:13)(time 51201 - 14:13:21) ->    21(time 51315 - 14:15:15)(time 51459 - 14:17:39) ->    20(time 51573 - 14:19:33)(time 51701 - 14:21:41) ->    19(time 51983 - 14:26:23)(time 51983 - 14:26:23) -> 0
=============
Train 2
=============
> Trip 0
   0(time 1967 - 00:32:47)(time 2095 - 00:34:55) ->    1(time 2209 - 00:36:49)(time 2353 - 00:39:13) ->    2(time 2467 - 00:41:07)(time 2595 - 00:43:15) ->    3(time 2684 - 00:44:44)(time 2818 - 00:46:58) ->    4(time 2907 - 00:48:27)(time 3036 - 00:50:36) ->    5(time 3125 - 00:52:05)(time 3263 - 00:54:23) ->    6(time 3377 - 00:56:17)(time 3494 - 00:58:14) ->    7(time 3608 - 01:00:08)(time 3737 - 01:02:17) ->    8(time 3851 - 01:04:11)(time 3970 - 01:06:10) ->    9(time 4084 - 01:08:04)(time 4219 - 01:10:19) ->    10(time 4333 - 01:12:13)(time 4461 - 01:14:21) ->    11(time 4575 - 01:16:15)(time 4706 - 01:18:26) ->    12(time 4820 - 01:20:20)(time 4953 - 01:22:33) ->    13(time 5067 - 01:24:27)(time 5211 - 01:26:51) ->    14(time 5325 - 01:28:45)(time 5451 - 01:30:51) ->    15(time 5565 - 01:32:45)(time 5694 - 01:34:54) ->    16(time 5808 - 01:36:48)(time 5932 - 01:38:52) ->    17(time 6214 - 01:43:34)(time 6333 - 01:45:33) ->    18(time 6615 - 01:50:15)(time 6615 - 01:50:15) ->    37(time 6615 - 01:50:15)(time 6734 - 01:52:14) ->    36(time 6848 - 01:54:08)(time 6972 - 01:56:12) ->    35(time 7086 - 01:58:06)(time 7215 - 02:00:15) ->    34(time 7329 - 02:02:09)(time 7455 - 02:04:15) ->    33(time 7569 - 02:06:09)(time 7713 - 02:08:33) ->    32(time 7827 - 02:10:27)(time 7960 - 02:12:40) ->    31(time 8074 - 02:14:34)(time 8205 - 02:16:45) ->    30(time 8319 - 02:18:39)(time 8447 - 02:20:47) ->    29(time 8561 - 02:22:41)(time 8696 - 02:24:56) ->    28(time 8810 - 02:26:50)(time 8929 - 02:28:49) ->    27(time 9043 - 02:30:43)(time 9172 - 02:32:52) ->    26(time 9286 - 02:34:46)(time 9403 - 02:36:43) ->    25(time 9517 - 02:38:37)(time 9655 - 02:40:55) ->    24(time 9744 - 02:42:24)(time 9873 - 02:44:33) ->    23(time 9962 - 02:46:02)(time 10096 - 02:48:16) ->    22(time 10185 - 02:49:45)(time 10313 - 02:51:53) ->    21(time 10427 - 02:53:47)(time 10571 - 02:56:11) ->    20(time 10685 - 02:58:05)(time 10813 - 03:00:13) ->    19(time 11095 - 03:04:55)(time 11095 - 03:04:55) -> 0
> Trip 1
   0(time 14930 - 04:08:50)(time 15058 - 04:10:58) ->    1(time 15172 - 04:12:52)(time 15316 - 04:15:16) ->    2(time 15806 - 04:23:26)(time 15934 - 04:25:34) ->    3(time 16424 - 04:33:44)(time 16558 - 04:35:58) ->    4(time 17048 - 04:44:08)(time 17177 - 04:46:17) ->    5(time 17667 - 04:54:27)(time 17805 - 04:56:45) ->    6(time 18295 - 05:04:55)(time 18412 - 05:06:52) ->    7(time 18902 - 05:15:02)(time 19031 - 05:17:11) ->    8(time 19521 - 05:25:21)(time 19640 - 05:27:20) ->    9(time 19754 - 05:29:14)(time 19889 - 05:31:29) ->    10(time 20003 - 05:33:23)(time 20131 - 05:35:31) ->    11(time 20245 - 05:37:25)(time 20376 - 05:39:36) ->    12(time 20490 - 05:41:30)(time 20623 - 05:43:43) ->    13(time 20737 - 05:45:37)(time 20881 - 05:48:01) ->    14(time 21371 - 05:56:11)(time 21497 - 05:58:17) ->    15(time 21611 - 06:00:11)(time 21740 - 06:02:20) ->    16(time 21916 - 06:05:16)(time 22040 - 06:07:20) ->    17(time 22154 - 06:09:14)(time 22273 - 06:11:13) ->    18(time 22555 - 06:15:55)(time 22555 - 06:15:55) ->    37(time 22555 - 06:15:55)(time 22674 - 06:17:54) ->    36(time 22788 - 06:19:48)(time 22912 - 06:21:52) ->    35(time 23026 - 06:23:46)(time 23155 - 06:25:55) ->    34(time 23269 - 06:27:49)(time 23395 - 06:29:55) ->    33(time 23509 - 06:31:49)(time 23653 - 06:34:13) ->    32(time 23767 - 06:36:07)(time 23900 - 06:38:20) ->    31(time 24014 - 06:40:14)(time 24145 - 06:42:25) ->    30(time 24259 - 06:44:19)(time 24387 - 06:46:27) ->    29(time 24501 - 06:48:21)(time 24636 - 06:50:36) ->    28(time 24750 - 06:52:30)(time 24869 - 06:54:29) ->    27(time 24983 - 06:56:23)(time 25112 - 06:58:32) ->    26(time 25602 - 07:06:42)(time 25719 - 07:08:39) ->    25(time 25833 - 07:10:33)(time 25971 - 07:12:51) ->    24(time 26461 - 07:21:01)(time 26590 - 07:23:10) ->    23(time 27080 - 07:31:20)(time 27214 - 07:33:34) ->    22(time 27303 - 07:35:03)(time 27431 - 07:37:11) ->    21(time 27545 - 07:39:05)(time 27689 - 07:41:29) ->    20(time 27803 - 07:43:23)(time 27931 - 07:45:31) ->    19(time 28213 - 07:50:13)(time 28213 - 07:50:13) -> 0
> Trip 2
   0(time 28213 - 07:50:13)(time 28341 - 07:52:21) ->    1(time 28455 - 07:54:15)(time 28599 - 07:56:39) ->    2(time 28713 - 07:58:33)(time 28841 - 08:00:41) ->    3(time 28930 - 08:02:10)(time 29064 - 08:04:24) ->    4(time 29153 - 08:05:53)(time 29282 - 08:08:02) ->    5(time 29371 - 08:09:31)(time 29509 - 08:11:49) ->    6(time 29999 - 08:19:59)(time 30116 - 08:21:56) ->    7(time 30590 - 08:29:50)(time 30719 - 08:31:59) ->    8(time 30833 - 08:33:53)(time 30952 - 08:35:52) ->    9(time 31066 - 08:37:46)(time 31201 - 08:40:01) ->    10(time 31315 - 08:41:55)(time 31443 - 08:44:03) ->    11(time 31557 - 08:45:57)(time 31688 - 08:48:08) ->    12(time 31802 - 08:50:02)(time 31935 - 08:52:15) ->    13(time 32049 - 08:54:09)(time 32193 - 08:56:33) ->    14(time 32307 - 08:58:27)(time 32433 - 09:00:33) ->    15(time 32547 - 09:02:27)(time 32676 - 09:04:36) ->    16(time 32790 - 09:06:30)(time 32914 - 09:08:34) ->    17(time 33028 - 09:10:28)(time 33147 - 09:12:27) ->    18(time 33429 - 09:17:09)(time 33429 - 09:17:09) ->    37(time 33429 - 09:17:09)(time 33548 - 09:19:08) ->    36(time 33662 - 09:21:02)(time 33786 - 09:23:06) ->    35(time 33900 - 09:25:00)(time 34029 - 09:27:09) ->    34(time 34143 - 09:29:03)(time 34269 - 09:31:09) ->    33(time 34383 - 09:33:03)(time 34527 - 09:35:27) ->    32(time 34641 - 09:37:21)(time 34774 - 09:39:34) ->    31(time 34888 - 09:41:28)(time 35019 - 09:43:39) ->    30(time 35133 - 09:45:33)(time 35261 - 09:47:41) ->    29(time 35375 - 09:49:35)(time 35510 - 09:51:50) ->    28(time 35624 - 09:53:44)(time 35743 - 09:55:43) ->    27(time 36233 - 10:03:53)(time 36362 - 10:06:02) ->    26(time 36852 - 10:14:12)(time 36969 - 10:16:09) ->    25(time 37083 - 10:18:03)(time 37221 - 10:20:21) ->    24(time 37310 - 10:21:50)(time 37439 - 10:23:59) ->    23(time 37528 - 10:25:28)(time 37662 - 10:27:42) ->    22(time 37751 - 10:29:11)(time 37879 - 10:31:19) ->    21(time 37993 - 10:33:13)(time 38137 - 10:35:37) ->    20(time 38251 - 10:37:31)(time 38379 - 10:39:39) ->    19(time 38661 - 10:44:21)(time 38661 - 10:44:21) -> 0
> Trip 3
   0(time 38661 - 10:44:21)(time 38789 - 10:46:29) ->    1(time 38903 - 10:48:23)(time 39047 - 10:50:47) ->    2(time 39161 - 10:52:41)(time 39289 - 10:54:49) ->    3(time 39378 - 10:56:18)(time 39512 - 10:58:32) ->    4(time 39601 - 11:00:01)(time 39730 - 11:02:10) ->    5(time 39819 - 11:03:39)(time 39957 - 11:05:57) ->    6(time 40071 - 11:07:51)(time 40188 - 11:09:48) ->    7(time 40302 - 11:11:42)(time 40431 - 11:13:51) ->    8(time 40545 - 11:15:45)(time 40664 - 11:17:44) ->    9(time 40778 - 11:19:38)(time 40913 - 11:21:53) ->    10(time 41027 - 11:23:47)(time 41155 - 11:25:55) ->    11(time 41269 - 11:27:49)(time 41400 - 11:30:00) ->    12(time 41514 - 11:31:54)(time 41647 - 11:34:07) ->    13(time 41761 - 11:36:01)(time 41905 - 11:38:25) ->    14(time 42019 - 11:40:19)(time 42145 - 11:42:25) ->    15(time 42259 - 11:44:19)(time 42388 - 11:46:28) ->    16(time 42502 - 11:48:22)(time 42626 - 11:50:26) ->    17(time 42740 - 11:52:20)(time 42859 - 11:54:19) ->    18(time 43349 - 12:02:29)(time 43349 - 12:02:29) ->    37(time 43839 - 12:10:39)(time 43958 - 12:12:38) ->    36(time 44160 - 12:16:00)(time 44284 - 12:18:04) ->    35(time 44398 - 12:19:58)(time 44527 - 12:22:07) ->    34(time 44641 - 12:24:01)(time 44767 - 12:26:07) ->    33(time 44881 - 12:28:01)(time 45025 - 12:30:25) ->    32(time 45139 - 12:32:19)(time 45272 - 12:34:32) ->    31(time 45762 - 12:42:42)(time 45893 - 12:44:53) ->    30(time 46383 - 12:53:03)(time 46511 - 12:55:11) ->    29(time 46625 - 12:57:05)(time 46760 - 12:59:20) ->    28(time 47250 - 13:07:30)(time 47369 - 13:09:29) ->    27(time 47859 - 13:17:39)(time 47988 - 13:19:48) ->    26(time 48478 - 13:27:58)(time 48595 - 13:29:55) ->    25(time 49085 - 13:38:05)(time 49223 - 13:40:23) ->    24(time 49312 - 13:41:52)(time 49441 - 13:44:01) ->    23(time 49530 - 13:45:30)(time 49664 - 13:47:44) ->    22(time 49753 - 13:49:13)(time 49881 - 13:51:21) ->    21(time 49995 - 13:53:15)(time 50139 - 13:55:39) ->    20(time 50253 - 13:57:33)(time 50381 - 13:59:41) ->    19(time 50663 - 14:04:23)(time 50663 - 14:04:23) -> 0
