t3p16r8h1.txt:
   > Trying to open the instance file...
   > Reading number of trains...
   > Reading maximum number of trips per train...
   > Reading time intervals...
   > Reading number of points...
   > Reading stations...
   > Reading crossings...
   > Reading depots...
   > Reading initial point...
   > Reading routes...
   > Reading distance and distance and service...
   > Reading demands...
   > Reading maximum time...
   > Reading alpha...

--------------------------------
 Printing instance
--------------------------------
number of trains = 3
	max trips per trains: 7     6     3
number of intervals = 1
	(0,  51540)
number of points = 16
	initial point: 7
	stations: 0     1     3     4     5     7     8     9    11    12    13    14    15
	crossings: 0     2     6     7     8    10    12    15
	depots: 0     7    15
number of vertices = 32
	total vertices: 0     1     2     3     4     5     6     7     8     9    10    11    12    13    14    15    16    17    18    19    20    21    22    23    24    25    26    27    28    29    30    31
	upper vertices: 0     1     2     3     4     5     6     7     8     9    10    11    12    13    14    15
	lower vertices: 16    17    18    19    20    21    22    23    24    25    26    27    28    29    30    31
	vertices of point #0: (0, 16)
	vertices of point #1: (1, 17)
	vertices of point #2: (2, 18)
	vertices of point #3: (3, 19)
	vertices of point #4: (4, 20)
	vertices of point #5: (5, 21)
	vertices of point #6: (6, 22)
	vertices of point #7: (7, 23)
	vertices of point #8: (8, 24)
	vertices of point #9: (9, 25)
	vertices of point #10: (10, 26)
	vertices of point #11: (11, 27)
	vertices of point #12: (12, 28)
	vertices of point #13: (13, 29)
	vertices of point #14: (14, 30)
	vertices of point #15: (15, 31)

arcs...
	total arcs: 
		arc #0: (0, 1)
		arc #1: (0, 16)
		arc #2: (16, 0)
		arc #3: (1, 2)
		arc #4: (17, 16)
		arc #5: (2, 3)
		arc #6: (18, 17)
		arc #7: (3, 4)
		arc #8: (19, 18)
		arc #9: (4, 5)
		arc #10: (20, 19)
		arc #11: (5, 6)
		arc #12: (21, 20)
		arc #13: (6, 7)
		arc #14: (22, 21)
		arc #15: (7, 8)
		arc #16: (23, 22)
		arc #17: (7, 23)
		arc #18: (23, 7)
		arc #19: (8, 9)
		arc #20: (24, 23)
		arc #21: (9, 10)
		arc #22: (25, 24)
		arc #23: (10, 11)
		arc #24: (26, 25)
		arc #25: (11, 12)
		arc #26: (27, 26)
		arc #27: (12, 13)
		arc #28: (28, 27)
		arc #29: (13, 14)
		arc #30: (29, 28)
		arc #31: (14, 15)
		arc #32: (30, 29)
		arc #33: (31, 30)
		arc #34: (15, 31)
		arc #35: (31, 15)

	reverse arcs: 
		arc #1: (0, 16)
		arc #2: (16, 0)
		arc #17: (7, 23)
		arc #18: (23, 7)
		arc #34: (15, 31)
		arc #35: (31, 15)


incompatible points...
	(0, 1, 18, (1, 2))	(18, 17, 0, (17, 16))	(2, 5, 22, (5, 6))	(22, 19, 2, (19, 18))	(6, 6, 23, (6, 7))	(23, 23, 6, (23, 22))	(7, 7, 24, (7, 8))	(24, 24, 7, (24, 23))	(8, 9, 26, (9, 10))	(26, 25, 8, (25, 24))	(10, 11, 28, (11, 12))	(28, 27, 10, (27, 26))	(12, 14, 31, (14, 15))	(31, 29, 12, (29, 28))

number of routes = 8
vertices of routes...
	route #0: 0     1     2     3     4     5     6     7
	route #1: 23    22    21    20    19    18    17    16
	route #2: 7     8     9    10    11    12    13    14    15
	route #3: 31    30    29    28    27    26    25    24    23
	route #4: 7     8     9    10    11    12    13    14    15    31    30    29    28    27    26    25    24    23    22    21    20    19    18    17    16     0     1     2     3     4     5     6     7
	route #5: 23    22    21    20    19    18    17    16     0     1     2     3     4     5     6     7     8     9    10    11    12    13    14    15    31    30    29    28    27    26    25    24    23
	route #6: 0     1     2     3     4     5     6     7     8     9    10    11    12    13    14    15    31    30    29    28    27    26    25    24    23    22    21    20    19    18    17    16     0
	route #7: 31    30    29    28    27    26    25    24    23    22    21    20    19    18    17    16     0     1     2     3     4     5     6     7     8     9    10    11    12    13    14    15    31
arcs of routes...
	route #0: 0     3     5     7     9    11    13
	route #1: 16    14    12    10     8     6     4
	route #2: 15    19    21    23    25    27    29    31
	route #3: 33    32    30    28    26    24    22    20
	route #4: 15    19    21    23    25    27    29    31    34    33    32    30    28    26    24    22    20    16    14    12    10     8     6     4     2     0     3     5     7     9    11    13
	route #5: 16    14    12    10     8     6     4     2     0     3     5     7     9    11    13    15    19    21    23    25    27    29    31    34    33    32    30    28    26    24    22    20
	route #6: 0     3     5     7     9    11    13    15    19    21    23    25    27    29    31    34    33    32    30    28    26    24    22    20    16    14    12    10     8     6     4     2
	route #7: 33    32    30    28    26    24    22    20    16    14    12    10     8     6     4     2     0     3     5     7     9    11    13    15    19    21    23    25    27    29    31    34

incompatible routes...
	(0, 0)    	(0, 3)    	(0, 6)    	(0, 7)    	(1, 1)    	(1, 2)    	(1, 3)    	(1, 4)    	(1, 5)    	(1, 7)    	(2, 0)    	(2, 1)    	(2, 2)    	(2, 4)    	(2, 5)    	(2, 6)    	(3, 0)    	(3, 3)    	(3, 6)    	(3, 7)    	(4, 0)    	(4, 3)    	(4, 6)    	(4, 7)    	(5, 0)    	(5, 3)    	(5, 6)    	(5, 7)    	(6, 1)    	(6, 2)    	(6, 3)    	(6, 4)    	(6, 5)    	(6, 7)    	(7, 0)    	(7, 1)    	(7, 2)    	(7, 4)    	(7, 5)    	(7, 6)

vertices that can be adjacent in consecutive trips...
	(0, 0)    	(7, 7)    	(7, 23)    	(15, 31)    	(16, 0)    	(23, 7)    	(23, 23)    	(31, 31)
non cyclical routes: 
       0       1       2       3

routes of trip...
	routes that train #0 can complete at trip #0: 1       2       4       5
	routes that train #0 can complete at trip #1: 0       1       2       3       4       5       6       7
	routes that train #0 can complete at trip #2: 0       1       2       3       4       5       6       7
	routes that train #0 can complete at trip #3: 0       1       2       3       4       5       6       7
	routes that train #0 can complete at trip #4: 0       1       2       3       4       5       6       7
	routes that train #0 can complete at trip #5: 0       1       2       3       4       5       6       7
	routes that train #0 can complete at trip #6: 0       1       2       3       4       5       6       7

	routes that train #1 can complete at trip #0: 1       2       4       5
	routes that train #1 can complete at trip #1: 0       1       2       3       4       5       6       7
	routes that train #1 can complete at trip #2: 0       1       2       3       4       5       6       7
	routes that train #1 can complete at trip #3: 0       1       2       3       4       5       6       7
	routes that train #1 can complete at trip #4: 0       1       2       3       4       5       6       7
	routes that train #1 can complete at trip #5: 0       1       2       3       4       5       6       7

	routes that train #2 can complete at trip #0: 1       2       4       5
	routes that train #2 can complete at trip #1: 0       1       2       3       4       5       6       7
	routes that train #2 can complete at trip #2: 0       1       2       3       4       5       6       7

 cost...
	arc #0 [0][1]: 240
	arc #1 [0][16]: 0
	arc #2 [16][0]: 0
	arc #3 [1][2]: 120
	arc #4 [17][16]: 240
	arc #5 [2][3]: 240
	arc #6 [18][17]: 120
	arc #7 [3][4]: 180
	arc #8 [19][18]: 240
	arc #9 [4][5]: 180
	arc #10 [20][19]: 180
	arc #11 [5][6]: 40
	arc #12 [21][20]: 180
	arc #13 [6][7]: 180
	arc #14 [22][21]: 40
	arc #15 [7][8]: 360
	arc #16 [23][22]: 180
	arc #17 [7][23]: 0
	arc #18 [23][7]: 0
	arc #19 [8][9]: 300
	arc #20 [24][23]: 360
	arc #21 [9][10]: 240
	arc #22 [25][24]: 300
	arc #23 [10][11]: 120
	arc #24 [26][25]: 240
	arc #25 [11][12]: 240
	arc #26 [27][26]: 120
	arc #27 [12][13]: 180
	arc #28 [28][27]: 240
	arc #29 [13][14]: 120
	arc #30 [29][28]: 180
	arc #31 [14][15]: 180
	arc #32 [30][29]: 120
	arc #33 [31][30]: 180
	arc #34 [15][31]: 0
	arc #35 [31][15]: 0

cost with minimum service...
	arc #0 [0][1]: 300
	arc #1 [0][16]: 0
	arc #2 [16][0]: 0
	arc #3 [1][2]: 160
	arc #4 [17][16]: 360
	arc #5 [2][3]: 300
	arc #6 [18][17]: 180
	arc #7 [3][4]: 240
	arc #8 [19][18]: 280
	arc #9 [4][5]: 240
	arc #10 [20][19]: 240
	arc #11 [5][6]: 80
	arc #12 [21][20]: 240
	arc #13 [6][7]: 300
	arc #14 [22][21]: 100
	arc #15 [7][8]: 420
	arc #16 [23][22]: 220
	arc #17 [7][23]: 0
	arc #18 [23][7]: 0
	arc #19 [8][9]: 360
	arc #20 [24][23]: 480
	arc #21 [9][10]: 280
	arc #22 [25][24]: 360
	arc #23 [10][11]: 180
	arc #24 [26][25]: 300
	arc #25 [11][12]: 300
	arc #26 [27][26]: 160
	arc #27 [12][13]: 240
	arc #28 [28][27]: 300
	arc #29 [13][14]: 180
	arc #30 [29][28]: 240
	arc #31 [14][15]: 300
	arc #32 [30][29]: 180
	arc #33 [31][30]: 240
	arc #34 [15][31]: 0
	arc #35 [31][15]: 0

cost with maximum service...
	arc #0 [0][1]: 840
	arc #1 [0][16]: 600
	arc #2 [16][0]: 600
	arc #3 [1][2]: 720
	arc #4 [17][16]: 840
	arc #5 [2][3]: 840
	arc #6 [18][17]: 720
	arc #7 [3][4]: 780
	arc #8 [19][18]: 840
	arc #9 [4][5]: 780
	arc #10 [20][19]: 780
	arc #11 [5][6]: 640
	arc #12 [21][20]: 780
	arc #13 [6][7]: 780
	arc #14 [22][21]: 640
	arc #15 [7][8]: 960
	arc #16 [23][22]: 780
	arc #17 [7][23]: 600
	arc #18 [23][7]: 600
	arc #19 [8][9]: 900
	arc #20 [24][23]: 960
	arc #21 [9][10]: 840
	arc #22 [25][24]: 900
	arc #23 [10][11]: 720
	arc #24 [26][25]: 840
	arc #25 [11][12]: 840
	arc #26 [27][26]: 720
	arc #27 [12][13]: 780
	arc #28 [28][27]: 840
	arc #29 [13][14]: 720
	arc #30 [29][28]: 780
	arc #31 [14][15]: 780
	arc #32 [30][29]: 720
	arc #33 [31][30]: 780
	arc #34 [15][31]: 600
	arc #35 [31][15]: 600

demands...
	demands of vertex 0 at time interval: 11
	demands of vertex 1 at time interval: 11
	demands of vertex 2 at time interval: 0
	demands of vertex 3 at time interval: 11
	demands of vertex 4 at time interval: 11
	demands of vertex 5 at time interval: 11
	demands of vertex 6 at time interval: 0
	demands of vertex 7 at time interval: 11
	demands of vertex 8 at time interval: 0
	demands of vertex 9 at time interval: 11
	demands of vertex 10 at time interval: 0
	demands of vertex 11 at time interval: 11
	demands of vertex 12 at time interval: 0
	demands of vertex 13 at time interval: 11
	demands of vertex 14 at time interval: 11
	demands of vertex 15 at time interval: 0
	demands of vertex 16 at time interval: 0
	demands of vertex 17 at time interval: 11
	demands of vertex 18 at time interval: 0
	demands of vertex 19 at time interval: 11
	demands of vertex 20 at time interval: 11
	demands of vertex 21 at time interval: 11
	demands of vertex 22 at time interval: 0
	demands of vertex 23 at time interval: 11
	demands of vertex 24 at time interval: 0
	demands of vertex 25 at time interval: 11
	demands of vertex 26 at time interval: 0
	demands of vertex 27 at time interval: 11
	demands of vertex 28 at time interval: 0
	demands of vertex 29 at time interval: 11
	demands of vertex 30 at time interval: 11
	demands of vertex 31 at time interval: 11

maximum time = 51540
alpha = 180

>> Solving...
Version identifier: 20.1.0.0 | 2020-11-10 | 9bedb6d68
CPXPARAM_Threads                                 1
CPXPARAM_TimeLimit                               43200
Tried aggregator 2 times.
MIP Presolve eliminated 134490 rows and 19892 columns.
MIP Presolve modified 43395 coefficients.
Aggregator did 512 substitutions.
Reduced MIP has 394840 rows, 147777 columns, and 966469 nonzeros.
Reduced MIP has 146752 binaries, 0 generals, 0 SOSs, and 0 indicators.
Presolve time = 30.67 sec. (4255.78 ticks)
Probing time = 8.34 sec. (537.48 ticks)
Tried aggregator 1 time.
Detecting symmetries...
Elapsed time for symmetry detection = 52.25 sec. (10003.64 ticks)
Elapsed time for symmetry detection = 105.32 sec. (20007.31 ticks)
Elapsed time for symmetry detection = 160.21 sec. (30010.99 ticks)
Elapsed time for symmetry detection = 213.73 sec. (40014.66 ticks)
Elapsed time for symmetry detection = 267.35 sec. (50016.58 ticks)
Elapsed time for symmetry detection = 320.59 sec. (60022.87 ticks)
Found 1.172677e+40208 symmetric permutations.
MIP Presolve eliminated 81 rows and 81 columns.
Reduced MIP has 394759 rows, 147696 columns, and 966057 nonzeros.
Reduced MIP has 146671 binaries, 0 generals, 0 SOSs, and 0 indicators.
Presolve time = 363.63 sec. (69997.47 ticks)
Probing time = 12.98 sec. (739.68 ticks)
Clique table members: 635841.
MIP emphasis: balance optimality and feasibility.
MIP search method: dynamic search.
Parallel mode: none, using 1 thread.
Root relaxation solution time = 5443.13 sec. (311836.00 ticks)

        Nodes                                         Cuts/
   Node  Left     Objective  IInf  Best Integer    Best Bound    ItCnt     Gap

      0     0        0.0000 38339                      0.0000    84304         
      0     0        0.0000 43252                  Cuts: 3824    91368         
      0     0        0.0000 65082                  Cuts: 3919   196995         
Heuristic still looking.
Heuristic still looking.

Repeating presolve.
Tried aggregator 1 time.
MIP Presolve eliminated 145613 rows and 58331 columns.
Reduced MIP has 249146 rows, 89365 columns, and 616097 nonzeros.
Reduced MIP has 88340 binaries, 0 generals, 0 SOSs, and 0 indicators.
Presolve time = 4.57 sec. (2760.18 ticks)
Probing time = 4.07 sec. (522.45 ticks)
Tried aggregator 1 time.
Detecting symmetries...
Elapsed time for symmetry detection = 6.81 sec. (10003.36 ticks)
Elapsed time for symmetry detection = 14.22 sec. (20003.41 ticks)
Elapsed time for symmetry detection = 21.31 sec. (30006.50 ticks)
Found 1.362363e+57482 symmetric permutations.
MIP Presolve eliminated 165 rows and 165 columns.
Reduced MIP has 248981 rows, 89200 columns, and 615155 nonzeros.
Reduced MIP has 88175 binaries, 0 generals, 0 SOSs, and 0 indicators.
Presolve time = 27.78 sec. (35379.95 ticks)
Represolve time = 37.43 sec. (38792.72 ticks)
Probing time = 2.33 sec. (308.54 ticks)
Clique table members: 396960.
MIP emphasis: balance optimality and feasibility.
MIP search method: dynamic search.
Parallel mode: none, using 1 thread.
Root relaxation solution time = 1317.39 sec. (95413.11 ticks)

        Nodes                                         Cuts/
   Node  Left     Objective  IInf  Best Integer    Best Bound    ItCnt     Gap

      0     0        0.0000 39692                      0.0000   252737         
      0     0        0.0000 41390                  Cuts: 5384   320323         
      0     0        0.0000 44933                  Cuts: 2732   343255         
Heuristic still looking.
Heuristic still looking.
      0     2        0.0000 44310                      0.0000   343255         
Elapsed time = 31790.55 sec. (4092397.40 ticks, tree = 0.01 MB, solutions = 0)
      1     3        0.0000 39232                      0.0000   377489         
      2     4        0.0000 38980                      0.0000   384334         
      3     5        0.0000 35638                      0.0000   385262         
      4     6       73.4506 30599                      0.0000   404439         
      5     7     9260.0000 35533                      0.0000   423837         
      6     8     7380.0000 31691                      0.0000   434701         
      7     9       73.4506 30594                      0.0000   434740         
      8    10       73.4506 30617                      0.0000   434803         
      9    11     7380.0000 32382                      0.0000   457806         
     10    12     2740.0000 27985                      0.0000   470490         
Elapsed time = 35653.36 sec. (4506255.75 ticks, tree = 0.80 MB, solutions = 0)
     11    13     7280.0000 30616                      0.0000   486502         
     12    14     2740.0000 28303                      0.0000   488876         
     13    15     7760.0000 27506                      0.0000   496719         
     14    16     2740.0000 30253                      0.0000   499859         
     15    17     7760.0000 24826                      0.0000   505545         
     16    18     2740.0000 29478                      0.0000   515379         
     17    19     2740.0000 28334                      0.0000   522305         
     18    20     2740.0000 24060                      0.0000   526118         
     19    21     7280.0000 23988                      0.0000   527727         
     20    22     7380.0000 23974                      0.0000   534947         
Elapsed time = 38240.72 sec. (4796739.54 ticks, tree = 7.74 MB, solutions = 0)
     21    23    14920.0000 23824                      0.0000   536385         
     22    24    14920.0000 23814                      0.0000   551162         
     23    25    14920.0000 20594                      0.0000   555691         
     25    27    14920.0000  5235                      0.0000   560908         
     27    29    22560.0000  5051                      0.0000   566009         
     28    30    22660.0000  4853                      0.0000   569128         
     29    31    22660.0000  5428                      0.0000   573433         
     30    32    47820.0000   781                      0.0000   580019         
     32    34    38000.0000   990                      0.0000   583824         
     33    35    26940.0000  1149                      0.0000   587162         
Elapsed time = 39529.76 sec. (4906074.49 ticks, tree = 14.92 MB, solutions = 0)
     35    37    26940.0000   603                      0.0000   591662         
     37    39    42120.0000   338                      0.0000   595180         
     39    41    42120.0000   148                      0.0000   599851         
     44    40     2386.8674 37152                      0.0000   611607         
     47    43     2386.8674 33535                      0.0000   627962         
     48    44     2386.8674 32744                      0.0000   628564         
     50    46     7380.0000 35659                      0.0000   644171         
     51    47     2386.8674 32563                      0.0000   651734         
     52    48     7760.0000 35579                      0.0000   668345         
     53    49     7760.0000 31789                      0.0000   673864         
Elapsed time = 41702.33 sec. (5142700.34 ticks, tree = 16.42 MB, solutions = 0)
     54    50     7760.0000 30302                      0.0000   674198         
     55    51     7760.0000 30301                      0.0000   674881         
     56    52     7760.0000 31334                      0.0000   687555         
     57    53     7760.0000 34092                      0.0000   703389         
     58    54     7760.0000 21727                      0.0000   717078         
     59    55     7760.0000 23005                      0.0000   719338         
     61    57     7760.0000 26390                      0.0000   725202         
     62    58     7760.0000 24192                      0.0000   728865         

Implied bound cuts applied:  2927
Flow cuts applied:  183
Mixed integer rounding cuts applied:  1348
Zero-half cuts applied:  2

Root node processing (before b&c):
  Real time             = 31784.58 sec. (4088131.43 ticks)
Sequential b&c:
  Real time             = 11415.81 sec. (1203256.49 ticks)
                          ------------
Total (root+branch&cut) = 43200.39 sec. (5291387.92 ticks)
Unknown
terminate called after throwing an instance of 'IloCplex::Exception'
