t3p12r2h3.txt:
   > Trying to open the instance file...
   > Reading number of trains...
   > Reading maximum number of trips per train...
   > Reading time intervals...
   > Reading number of points...
   > Reading stations...
   > Reading crossings...
   > Reading depots...
   > Reading initial point...
   > Reading routes...
   > Reading distance and distance and service...
   > Reading demands...
   > Reading maximum time...
   > Reading alpha...

--------------------------------
 Printing instance
--------------------------------
number of trains = 3
	max trips per trains: 2     2     2
number of intervals = 3
	(0,  19658)	(19659,  39316)	(39317,  58976)
number of points = 12
	initial point: 11
	stations: 0     1     2     3     4     5     6     7     8     9    10    11
	crossings: 0    11
	depots: 0    11
number of vertices = 24
	total vertices: 0     1     2     3     4     5     6     7     8     9    10    11    12    13    14    15    16    17    18    19    20    21    22    23
	upper vertices: 0     1     2     3     4     5     6     7     8     9    10    11
	lower vertices: 12    13    14    15    16    17    18    19    20    21    22    23
	vertices of point #0: (0, 12)
	vertices of point #1: (1, 13)
	vertices of point #2: (2, 14)
	vertices of point #3: (3, 15)
	vertices of point #4: (4, 16)
	vertices of point #5: (5, 17)
	vertices of point #6: (6, 18)
	vertices of point #7: (7, 19)
	vertices of point #8: (8, 20)
	vertices of point #9: (9, 21)
	vertices of point #10: (10, 22)
	vertices of point #11: (11, 23)

arcs...
	total arcs: 
		arc #0: (0, 1)
		arc #1: (0, 12)
		arc #2: (12, 0)
		arc #3: (1, 2)
		arc #4: (13, 12)
		arc #5: (2, 3)
		arc #6: (14, 13)
		arc #7: (3, 4)
		arc #8: (15, 14)
		arc #9: (4, 5)
		arc #10: (16, 15)
		arc #11: (5, 6)
		arc #12: (17, 16)
		arc #13: (6, 7)
		arc #14: (18, 17)
		arc #15: (7, 8)
		arc #16: (19, 18)
		arc #17: (8, 9)
		arc #18: (20, 19)
		arc #19: (9, 10)
		arc #20: (21, 20)
		arc #21: (10, 11)
		arc #22: (22, 21)
		arc #23: (23, 22)
		arc #24: (11, 23)
		arc #25: (23, 11)

	reverse arcs: 
		arc #1: (0, 12)
		arc #2: (12, 0)
		arc #24: (11, 23)
		arc #25: (23, 11)


incompatible points...
	(0, 10, 23, (10, 11))	(23, 13, 0, (13, 12))

number of routes = 2
vertices of routes...
	route #0: 0     1     2     3     4     5     6     7     8     9    10    11    23    22    21    20    19    18    17    16    15    14    13    12     0
	route #1: 23    22    21    20    19    18    17    16    15    14    13    12     0     1     2     3     4     5     6     7     8     9    10    11    23
arcs of routes...
	route #0: 0     3     5     7     9    11    13    15    17    19    21    24    23    22    20    18    16    14    12    10     8     6     4     2
	route #1: 23    22    20    18    16    14    12    10     8     6     4     2     0     3     5     7     9    11    13    15    17    19    21    24

incompatible routes...
	(0, 1)    	(1, 0)

vertices that can be adjacent in consecutive trips...
	(0, 0)    	(23, 23)
non cyclical routes: 


routes of trip...
	routes that train #0 can complete at trip #0: 1
	routes that train #0 can complete at trip #1: 0       1

	routes that train #1 can complete at trip #0: 1
	routes that train #1 can complete at trip #1: 0       1

	routes that train #2 can complete at trip #0: 1
	routes that train #2 can complete at trip #1: 0       1

 cost...
	arc #0 [0][1]: 690
	arc #1 [0][12]: 0
	arc #2 [12][0]: 0
	arc #3 [1][2]: 767
	arc #4 [13][12]: 690
	arc #5 [2][3]: 754
	arc #6 [14][13]: 767
	arc #7 [3][4]: 682
	arc #8 [15][14]: 754
	arc #9 [4][5]: 689
	arc #10 [16][15]: 682
	arc #11 [5][6]: 669
	arc #12 [17][16]: 689
	arc #13 [6][7]: 743
	arc #14 [18][17]: 669
	arc #15 [7][8]: 726
	arc #16 [19][18]: 743
	arc #17 [8][9]: 719
	arc #18 [20][19]: 726
	arc #19 [9][10]: 673
	arc #20 [21][20]: 719
	arc #21 [10][11]: 651
	arc #22 [22][21]: 673
	arc #23 [23][22]: 651
	arc #24 [11][23]: 0
	arc #25 [23][11]: 0

cost with minimum service...
	arc #0 [0][1]: 806
	arc #1 [0][12]: 0
	arc #2 [12][0]: 0
	arc #3 [1][2]: 883
	arc #4 [13][12]: 821
	arc #5 [2][3]: 870
	arc #6 [14][13]: 883
	arc #7 [3][4]: 798
	arc #8 [15][14]: 870
	arc #9 [4][5]: 805
	arc #10 [16][15]: 798
	arc #11 [5][6]: 785
	arc #12 [17][16]: 805
	arc #13 [6][7]: 859
	arc #14 [18][17]: 785
	arc #15 [7][8]: 842
	arc #16 [19][18]: 859
	arc #17 [8][9]: 835
	arc #18 [20][19]: 842
	arc #19 [9][10]: 789
	arc #20 [21][20]: 835
	arc #21 [10][11]: 782
	arc #22 [22][21]: 789
	arc #23 [23][22]: 767
	arc #24 [11][23]: 0
	arc #25 [23][11]: 0

cost with maximum service...
	arc #0 [0][1]: 1269
	arc #1 [0][12]: 579
	arc #2 [12][0]: 579
	arc #3 [1][2]: 1346
	arc #4 [13][12]: 1269
	arc #5 [2][3]: 1333
	arc #6 [14][13]: 1346
	arc #7 [3][4]: 1261
	arc #8 [15][14]: 1333
	arc #9 [4][5]: 1268
	arc #10 [16][15]: 1261
	arc #11 [5][6]: 1248
	arc #12 [17][16]: 1268
	arc #13 [6][7]: 1322
	arc #14 [18][17]: 1248
	arc #15 [7][8]: 1305
	arc #16 [19][18]: 1322
	arc #17 [8][9]: 1298
	arc #18 [20][19]: 1305
	arc #19 [9][10]: 1252
	arc #20 [21][20]: 1298
	arc #21 [10][11]: 1230
	arc #22 [22][21]: 1252
	arc #23 [23][22]: 1230
	arc #24 [11][23]: 579
	arc #25 [23][11]: 579

demands...
	demands of vertex 0 at time interval: 1     1     1
	demands of vertex 1 at time interval: 1     1     1
	demands of vertex 2 at time interval: 1     1     1
	demands of vertex 3 at time interval: 1     1     1
	demands of vertex 4 at time interval: 1     1     1
	demands of vertex 5 at time interval: 1     1     1
	demands of vertex 6 at time interval: 1     1     1
	demands of vertex 7 at time interval: 1     1     1
	demands of vertex 8 at time interval: 1     1     1
	demands of vertex 9 at time interval: 1     1     1
	demands of vertex 10 at time interval: 1     1     1
	demands of vertex 11 at time interval: 0     0     0
	demands of vertex 12 at time interval: 0     0     0
	demands of vertex 13 at time interval: 1     1     1
	demands of vertex 14 at time interval: 1     1     1
	demands of vertex 15 at time interval: 1     1     1
	demands of vertex 16 at time interval: 1     1     1
	demands of vertex 17 at time interval: 1     1     1
	demands of vertex 18 at time interval: 1     1     1
	demands of vertex 19 at time interval: 1     1     1
	demands of vertex 20 at time interval: 1     1     1
	demands of vertex 21 at time interval: 1     1     1
	demands of vertex 22 at time interval: 1     1     1
	demands of vertex 23 at time interval: 1     1     1

maximum time = 58976
alpha = 66
Starting to test combinations... - Total number of combinations = 8
Found new best - 1/8
10% done - 1/8 combination(s) tested! (Thread 0)
20% done - 2/8 combination(s) tested! (Thread 0)
30% done - 3/8 combination(s) tested! (Thread 0)
40% done - 4/8 combination(s) tested! (Thread 0)
50% done - 5/8 combination(s) tested! (Thread 0)
60% done - 6/8 combination(s) tested! (Thread 0)
70% done - 7/8 combination(s) tested! (Thread 0)
80% done - 8/8 combination(s) tested! (Thread 0)
All combination(s) tested!
1/8 were feasible combination(s)! - (12.500%)

>> Printing some results...
    -> Solution value = 36984 - 10:16:24
    -> Total time = 1.44
    -> Gap value = 0.00

=============
Train 0
=============
> Trip 0
   23(time 2332 - 00:38:52)(time 2983 - 00:49:43) ->    22(time 3099 - 00:51:39)(time 3772 - 01:02:52) ->    21(time 3888 - 01:04:48)(time 4607 - 01:16:47) ->    20(time 4723 - 01:18:43)(time 5449 - 01:30:49) ->    19(time 5565 - 01:32:45)(time 6308 - 01:45:08) ->    18(time 6424 - 01:47:04)(time 7093 - 01:58:13) ->    17(time 7209 - 02:00:09)(time 7898 - 02:11:38) ->    16(time 8014 - 02:13:34)(time 8696 - 02:24:56) ->    15(time 8812 - 02:26:52)(time 9566 - 02:39:26) ->    14(time 9682 - 02:41:22)(time 10449 - 02:54:09) ->    13(time 10565 - 02:56:05)(time 11255 - 03:07:35) ->    12(time 11386 - 03:09:46)(time 11386 - 03:09:46) ->    0(time 11386 - 03:09:46)(time 12076 - 03:21:16) ->    1(time 12192 - 03:23:12)(time 12959 - 03:35:59) ->    2(time 13075 - 03:37:55)(time 13829 - 03:50:29) ->    3(time 13945 - 03:52:25)(time 14627 - 04:03:47) ->    4(time 14743 - 04:05:43)(time 15432 - 04:17:12) ->    5(time 15548 - 04:19:08)(time 16217 - 04:30:17) ->    6(time 16333 - 04:32:13)(time 17076 - 04:44:36) ->    7(time 17192 - 04:46:32)(time 17918 - 04:58:38) ->    8(time 18034 - 05:00:34)(time 18753 - 05:12:33) ->    9(time 18869 - 05:14:29)(time 19542 - 05:25:42) ->    10(time 19658 - 05:27:38)(time 20309 - 05:38:29) ->    11(time 20440 - 05:40:40)(time 20440 - 05:40:40) -> 23
> Trip 1
   23(time 20572 - 05:42:52)(time 21223 - 05:53:43) ->    22(time 21339 - 05:55:39)(time 22012 - 06:06:52) ->    21(time 22128 - 06:08:48)(time 22847 - 06:20:47) ->    20(time 22963 - 06:22:43)(time 23689 - 06:34:49) ->    19(time 23805 - 06:36:45)(time 24548 - 06:49:08) ->    18(time 24664 - 06:51:04)(time 25333 - 07:02:13) ->    17(time 25449 - 07:04:09)(time 26138 - 07:15:38) ->    16(time 26254 - 07:17:34)(time 26936 - 07:28:56) ->    15(time 27052 - 07:30:52)(time 27806 - 07:43:26) ->    14(time 27922 - 07:45:22)(time 28689 - 07:58:09) ->    13(time 28805 - 08:00:05)(time 29495 - 08:11:35) ->    12(time 29626 - 08:13:46)(time 29626 - 08:13:46) ->    0(time 29626 - 08:13:46)(time 30316 - 08:25:16) ->    1(time 30432 - 08:27:12)(time 31199 - 08:39:59) ->    2(time 31315 - 08:41:55)(time 32069 - 08:54:29) ->    3(time 32185 - 08:56:25)(time 32867 - 09:07:47) ->    4(time 32983 - 09:09:43)(time 33672 - 09:21:12) ->    5(time 33788 - 09:23:08)(time 34457 - 09:34:17) ->    6(time 34573 - 09:36:13)(time 35316 - 09:48:36) ->    7(time 35432 - 09:50:32)(time 36158 - 10:02:38) ->    8(time 36274 - 10:04:34)(time 36993 - 10:16:33) ->    9(time 37109 - 10:18:29)(time 37782 - 10:29:42) ->    10(time 37898 - 10:31:38)(time 38549 - 10:42:29) ->    11(time 38680 - 10:44:40)(time 38680 - 10:44:40) -> 23
=============
Train 1
=============
> Trip 0
   23(time 2463 - 00:41:03)(time 3114 - 00:51:54) ->    22(time 3230 - 00:53:50)(time 3903 - 01:05:03) ->    21(time 4019 - 01:06:59)(time 4738 - 01:18:58) ->    20(time 4854 - 01:20:54)(time 5580 - 01:33:00) ->    19(time 5696 - 01:34:56)(time 6439 - 01:47:19) ->    18(time 6555 - 01:49:15)(time 7224 - 02:00:24) ->    17(time 7340 - 02:02:20)(time 8029 - 02:13:49) ->    16(time 8145 - 02:15:45)(time 8827 - 02:27:07) ->    15(time 8943 - 02:29:03)(time 9697 - 02:41:37) ->    14(time 9813 - 02:43:33)(time 10580 - 02:56:20) ->    13(time 10696 - 02:58:16)(time 11386 - 03:09:46) ->    12(time 11517 - 03:11:57)(time 11517 - 03:11:57) ->    0(time 11517 - 03:11:57)(time 12207 - 03:23:27) ->    1(time 12323 - 03:25:23)(time 13090 - 03:38:10) ->    2(time 13206 - 03:40:06)(time 13960 - 03:52:40) ->    3(time 14076 - 03:54:36)(time 14758 - 04:05:58) ->    4(time 14874 - 04:07:54)(time 15563 - 04:19:23) ->    5(time 15679 - 04:21:19)(time 16348 - 04:32:28) ->    6(time 16464 - 04:34:24)(time 17207 - 04:46:47) ->    7(time 17323 - 04:48:43)(time 18049 - 05:00:49) ->    8(time 18165 - 05:02:45)(time 18884 - 05:14:44) ->    9(time 19000 - 05:16:40)(time 19673 - 05:27:53) ->    10(time 19789 - 05:29:49)(time 20440 - 05:40:40) ->    11(time 20571 - 05:42:51)(time 20571 - 05:42:51) -> 23
> Trip 1
   23(time 38549 - 10:42:29)(time 39200 - 10:53:20) ->    22(time 39316 - 10:55:16)(time 39989 - 11:06:29) ->    21(time 40105 - 11:08:25)(time 40824 - 11:20:24) ->    20(time 40940 - 11:22:20)(time 41666 - 11:34:26) ->    19(time 41782 - 11:36:22)(time 42525 - 11:48:45) ->    18(time 42641 - 11:50:41)(time 43310 - 12:01:50) ->    17(time 43426 - 12:03:46)(time 44115 - 12:15:15) ->    16(time 44231 - 12:17:11)(time 44913 - 12:28:33) ->    15(time 45029 - 12:30:29)(time 45783 - 12:43:03) ->    14(time 45899 - 12:44:59)(time 46666 - 12:57:46) ->    13(time 46782 - 12:59:42)(time 47472 - 13:11:12) ->    12(time 47661 - 13:14:21)(time 47661 - 13:14:21) ->    0(time 48240 - 13:24:00)(time 48930 - 13:35:30) ->    1(time 49046 - 13:37:26)(time 49813 - 13:50:13) ->    2(time 49929 - 13:52:09)(time 50683 - 14:04:43) ->    3(time 50799 - 14:06:39)(time 51481 - 14:18:01) ->    4(time 51597 - 14:19:57)(time 52286 - 14:31:26) ->    5(time 52402 - 14:33:22)(time 53071 - 14:44:31) ->    6(time 53187 - 14:46:27)(time 53930 - 14:58:50) ->    7(time 54046 - 15:00:46)(time 54772 - 15:12:52) ->    8(time 54888 - 15:14:48)(time 55607 - 15:26:47) ->    9(time 55723 - 15:28:43)(time 56396 - 15:39:56) ->    10(time 56512 - 15:41:52)(time 57163 - 15:52:43) ->    11(time 57294 - 15:54:54)(time 57294 - 15:54:54) -> 23
=============
Train 2
=============
> Trip 0
   23(time 20441 - 05:40:41)(time 21092 - 05:51:32) ->    22(time 21208 - 05:53:28)(time 21881 - 06:04:41) ->    21(time 21997 - 06:06:37)(time 22716 - 06:18:36) ->    20(time 22832 - 06:20:32)(time 23558 - 06:32:38) ->    19(time 23674 - 06:34:34)(time 24417 - 06:46:57) ->    18(time 24533 - 06:48:53)(time 25202 - 07:00:02) ->    17(time 25318 - 07:01:58)(time 26007 - 07:13:27) ->    16(time 26123 - 07:15:23)(time 26805 - 07:26:45) ->    15(time 26921 - 07:28:41)(time 27675 - 07:41:15) ->    14(time 27791 - 07:43:11)(time 28558 - 07:55:58) ->    13(time 28674 - 07:57:54)(time 29364 - 08:09:24) ->    12(time 29495 - 08:11:35)(time 29495 - 08:11:35) ->    0(time 29495 - 08:11:35)(time 30185 - 08:23:05) ->    1(time 30301 - 08:25:01)(time 31068 - 08:37:48) ->    2(time 31184 - 08:39:44)(time 31938 - 08:52:18) ->    3(time 32054 - 08:54:14)(time 32736 - 09:05:36) ->    4(time 32852 - 09:07:32)(time 33541 - 09:19:01) ->    5(time 33657 - 09:20:57)(time 34326 - 09:32:06) ->    6(time 34442 - 09:34:02)(time 35185 - 09:46:25) ->    7(time 35301 - 09:48:21)(time 36027 - 10:00:27) ->    8(time 36143 - 10:02:23)(time 36862 - 10:14:22) ->    9(time 36978 - 10:16:18)(time 37651 - 10:27:31) ->    10(time 37767 - 10:29:27)(time 38418 - 10:40:18) ->    11(time 38549 - 10:42:29)(time 38549 - 10:42:29) -> 23
> Trip 1
   23(time 39317 - 10:55:17)(time 39968 - 11:06:08) ->    22(time 40084 - 11:08:04)(time 40757 - 11:19:17) ->    21(time 40873 - 11:21:13)(time 41592 - 11:33:12) ->    20(time 41708 - 11:35:08)(time 42434 - 11:47:14) ->    19(time 42550 - 11:49:10)(time 43293 - 12:01:33) ->    18(time 43409 - 12:03:29)(time 44078 - 12:14:38) ->    17(time 44194 - 12:16:34)(time 44883 - 12:28:03) ->    16(time 44999 - 12:29:59)(time 45681 - 12:41:21) ->    15(time 45797 - 12:43:17)(time 46551 - 12:55:51) ->    14(time 46667 - 12:57:47)(time 47434 - 13:10:34) ->    13(time 47550 - 13:12:30)(time 48240 - 13:24:00) ->    12(time 48371 - 13:26:11)(time 48371 - 13:26:11) ->    0(time 48371 - 13:26:11)(time 49061 - 13:37:41) ->    1(time 49177 - 13:39:37)(time 49944 - 13:52:24) ->    2(time 50060 - 13:54:20)(time 50814 - 14:06:54) ->    3(time 50930 - 14:08:50)(time 51612 - 14:20:12) ->    4(time 51728 - 14:22:08)(time 52417 - 14:33:37) ->    5(time 52533 - 14:35:33)(time 53202 - 14:46:42) ->    6(time 53318 - 14:48:38)(time 54061 - 15:01:01) ->    7(time 54177 - 15:02:57)(time 54903 - 15:15:03) ->    8(time 55019 - 15:16:59)(time 55738 - 15:28:58) ->    9(time 55854 - 15:30:54)(time 56527 - 15:42:07) ->    10(time 56643 - 15:44:03)(time 57294 - 15:54:54) ->    11(time 57425 - 15:57:05)(time 57425 - 15:57:05) -> 23
