t3p18r2h4.txt:
   > Trying to open the instance file...
   > Reading number of trains...
   > Reading maximum number of trips per train...
   > Reading time intervals...
   > Reading number of points...
   > Reading stations...
   > Reading crossings...
   > Reading depots...
   > Reading initial point...
   > Reading routes...
   > Reading distance and distance and service...
   > Reading demands...
   > Reading maximum time...
   > Reading alpha...

--------------------------------
 Printing instance
--------------------------------
number of trains = 3
	max trips per trains: 4     4     4
number of intervals = 4
	(0,  11893)	(11894,  23786)	(23787,  35679)	(35680,  47572)
number of points = 18
	initial point: 0
	stations: 0     1     2     3     4     5     6     7     8    11    12    13    14    15    16    17
	crossings: 0     9    10    17
	depots: 0    17
number of vertices = 36
	total vertices: 0     1     2     3     4     5     6     7     8     9    10    11    12    13    14    15    16    17    18    19    20    21    22    23    24    25    26    27    28    29    30    31    32    33    34    35
	upper vertices: 0     1     2     3     4     5     6     7     8     9    10    11    12    13    14    15    16    17
	lower vertices: 18    19    20    21    22    23    24    25    26    27    28    29    30    31    32    33    34    35
	vertices of point #0: (0, 18)
	vertices of point #1: (1, 19)
	vertices of point #2: (2, 20)
	vertices of point #3: (3, 21)
	vertices of point #4: (4, 22)
	vertices of point #5: (5, 23)
	vertices of point #6: (6, 24)
	vertices of point #7: (7, 25)
	vertices of point #8: (8, 26)
	vertices of point #9: (9, 27)
	vertices of point #10: (10, 28)
	vertices of point #11: (11, 29)
	vertices of point #12: (12, 30)
	vertices of point #13: (13, 31)
	vertices of point #14: (14, 32)
	vertices of point #15: (15, 33)
	vertices of point #16: (16, 34)
	vertices of point #17: (17, 35)

arcs...
	total arcs: 
		arc #0: (0, 1)
		arc #1: (0, 18)
		arc #2: (18, 0)
		arc #3: (1, 2)
		arc #4: (19, 18)
		arc #5: (2, 3)
		arc #6: (20, 19)
		arc #7: (3, 4)
		arc #8: (21, 20)
		arc #9: (4, 5)
		arc #10: (22, 21)
		arc #11: (5, 6)
		arc #12: (23, 22)
		arc #13: (6, 7)
		arc #14: (24, 23)
		arc #15: (7, 8)
		arc #16: (25, 24)
		arc #17: (8, 9)
		arc #18: (26, 25)
		arc #19: (9, 10)
		arc #20: (27, 26)
		arc #21: (10, 11)
		arc #22: (28, 27)
		arc #23: (11, 12)
		arc #24: (29, 28)
		arc #25: (12, 13)
		arc #26: (30, 29)
		arc #27: (13, 14)
		arc #28: (31, 30)
		arc #29: (14, 15)
		arc #30: (32, 31)
		arc #31: (15, 16)
		arc #32: (33, 32)
		arc #33: (16, 17)
		arc #34: (34, 33)
		arc #35: (35, 34)
		arc #36: (17, 35)
		arc #37: (35, 17)

	reverse arcs: 
		arc #1: (0, 18)
		arc #2: (18, 0)
		arc #36: (17, 35)
		arc #37: (35, 17)


incompatible points...
	(0, 8, 27, (8, 9))	(27, 19, 0, (19, 18))	(9, 9, 28, (9, 10))	(28, 28, 9, (28, 27))	(10, 16, 35, (16, 17))	(35, 29, 10, (29, 28))

number of routes = 2
vertices of routes...
	route #0: 0     1     2     3     4     5     6     7     8     9    10    11    12    13    14    15    16    17    35    34    33    32    31    30    29    28    27    26    25    24    23    22    21    20    19    18     0
	route #1: 35    34    33    32    31    30    29    28    27    26    25    24    23    22    21    20    19    18     0     1     2     3     4     5     6     7     8     9    10    11    12    13    14    15    16    17    35
arcs of routes...
	route #0: 0     3     5     7     9    11    13    15    17    19    21    23    25    27    29    31    33    36    35    34    32    30    28    26    24    22    20    18    16    14    12    10     8     6     4     2
	route #1: 35    34    32    30    28    26    24    22    20    18    16    14    12    10     8     6     4     2     0     3     5     7     9    11    13    15    17    19    21    23    25    27    29    31    33    36

incompatible routes...
	(0, 1)    	(1, 0)

vertices that can be adjacent in consecutive trips...
	(0, 0)    	(35, 35)
non cyclical routes: 


routes of trip...
	routes that train #0 can complete at trip #0: 0
	routes that train #0 can complete at trip #1: 0       1
	routes that train #0 can complete at trip #2: 0       1
	routes that train #0 can complete at trip #3: 0       1

	routes that train #1 can complete at trip #0: 0
	routes that train #1 can complete at trip #1: 0       1
	routes that train #1 can complete at trip #2: 0       1
	routes that train #1 can complete at trip #3: 0       1

	routes that train #2 can complete at trip #0: 0
	routes that train #2 can complete at trip #1: 0       1
	routes that train #2 can complete at trip #2: 0       1
	routes that train #2 can complete at trip #3: 0       1

 cost...
	arc #0 [0][1]: 114
	arc #1 [0][18]: 0
	arc #2 [18][0]: 0
	arc #3 [1][2]: 117
	arc #4 [19][18]: 114
	arc #5 [2][3]: 124
	arc #6 [20][19]: 117
	arc #7 [3][4]: 134
	arc #8 [21][20]: 124
	arc #9 [4][5]: 131
	arc #10 [22][21]: 134
	arc #11 [5][6]: 130
	arc #12 [23][22]: 131
	arc #13 [6][7]: 112
	arc #14 [24][23]: 130
	arc #15 [7][8]: 133
	arc #16 [25][24]: 112
	arc #17 [8][9]: 122
	arc #18 [26][25]: 133
	arc #19 [9][10]: 120
	arc #20 [27][26]: 122
	arc #21 [10][11]: 130
	arc #22 [28][27]: 120
	arc #23 [11][12]: 117
	arc #24 [29][28]: 130
	arc #25 [12][13]: 137
	arc #26 [30][29]: 117
	arc #27 [13][14]: 132
	arc #28 [31][30]: 137
	arc #29 [14][15]: 118
	arc #30 [32][31]: 132
	arc #31 [15][16]: 124
	arc #32 [33][32]: 118
	arc #33 [16][17]: 130
	arc #34 [34][33]: 124
	arc #35 [35][34]: 130
	arc #36 [17][35]: 0
	arc #37 [35][17]: 0

cost with minimum service...
	arc #0 [0][1]: 219
	arc #1 [0][18]: 0
	arc #2 [18][0]: 0
	arc #3 [1][2]: 222
	arc #4 [19][18]: 222
	arc #5 [2][3]: 229
	arc #6 [20][19]: 222
	arc #7 [3][4]: 239
	arc #8 [21][20]: 229
	arc #9 [4][5]: 236
	arc #10 [22][21]: 239
	arc #11 [5][6]: 235
	arc #12 [23][22]: 236
	arc #13 [6][7]: 217
	arc #14 [24][23]: 235
	arc #15 [7][8]: 238
	arc #16 [25][24]: 217
	arc #17 [8][9]: 191
	arc #18 [26][25]: 238
	arc #19 [9][10]: 189
	arc #20 [27][26]: 227
	arc #21 [10][11]: 235
	arc #22 [28][27]: 189
	arc #23 [11][12]: 222
	arc #24 [29][28]: 199
	arc #25 [12][13]: 242
	arc #26 [30][29]: 222
	arc #27 [13][14]: 237
	arc #28 [31][30]: 242
	arc #29 [14][15]: 223
	arc #30 [32][31]: 237
	arc #31 [15][16]: 229
	arc #32 [33][32]: 223
	arc #33 [16][17]: 238
	arc #34 [34][33]: 229
	arc #35 [35][34]: 235
	arc #36 [17][35]: 0
	arc #37 [35][17]: 0

cost with maximum service...
	arc #0 [0][1]: 650
	arc #1 [0][18]: 536
	arc #2 [18][0]: 536
	arc #3 [1][2]: 653
	arc #4 [19][18]: 650
	arc #5 [2][3]: 660
	arc #6 [20][19]: 653
	arc #7 [3][4]: 670
	arc #8 [21][20]: 660
	arc #9 [4][5]: 667
	arc #10 [22][21]: 670
	arc #11 [5][6]: 666
	arc #12 [23][22]: 667
	arc #13 [6][7]: 648
	arc #14 [24][23]: 666
	arc #15 [7][8]: 669
	arc #16 [25][24]: 648
	arc #17 [8][9]: 658
	arc #18 [26][25]: 669
	arc #19 [9][10]: 656
	arc #20 [27][26]: 658
	arc #21 [10][11]: 666
	arc #22 [28][27]: 656
	arc #23 [11][12]: 653
	arc #24 [29][28]: 666
	arc #25 [12][13]: 673
	arc #26 [30][29]: 653
	arc #27 [13][14]: 668
	arc #28 [31][30]: 673
	arc #29 [14][15]: 654
	arc #30 [32][31]: 668
	arc #31 [15][16]: 660
	arc #32 [33][32]: 654
	arc #33 [16][17]: 666
	arc #34 [34][33]: 660
	arc #35 [35][34]: 666
	arc #36 [17][35]: 536
	arc #37 [35][17]: 536

demands...
	demands of vertex 0 at time interval: 2     2     2     2
	demands of vertex 1 at time interval: 2     2     2     2
	demands of vertex 2 at time interval: 2     2     2     2
	demands of vertex 3 at time interval: 2     2     2     2
	demands of vertex 4 at time interval: 2     2     2     2
	demands of vertex 5 at time interval: 2     2     2     2
	demands of vertex 6 at time interval: 2     2     2     2
	demands of vertex 7 at time interval: 2     2     2     2
	demands of vertex 8 at time interval: 2     2     2     2
	demands of vertex 9 at time interval: 0     0     0     0
	demands of vertex 10 at time interval: 0     0     0     0
	demands of vertex 11 at time interval: 2     2     2     2
	demands of vertex 12 at time interval: 2     2     2     2
	demands of vertex 13 at time interval: 2     2     2     2
	demands of vertex 14 at time interval: 2     2     2     2
	demands of vertex 15 at time interval: 2     2     2     2
	demands of vertex 16 at time interval: 2     2     2     2
	demands of vertex 17 at time interval: 0     0     0     0
	demands of vertex 18 at time interval: 0     0     0     0
	demands of vertex 19 at time interval: 2     2     2     2
	demands of vertex 20 at time interval: 2     2     2     2
	demands of vertex 21 at time interval: 2     2     2     2
	demands of vertex 22 at time interval: 2     2     2     2
	demands of vertex 23 at time interval: 2     2     2     2
	demands of vertex 24 at time interval: 2     2     2     2
	demands of vertex 25 at time interval: 2     2     2     2
	demands of vertex 26 at time interval: 2     2     2     2
	demands of vertex 27 at time interval: 0     0     0     0
	demands of vertex 28 at time interval: 0     0     0     0
	demands of vertex 29 at time interval: 2     2     2     2
	demands of vertex 30 at time interval: 2     2     2     2
	demands of vertex 31 at time interval: 2     2     2     2
	demands of vertex 32 at time interval: 2     2     2     2
	demands of vertex 33 at time interval: 2     2     2     2
	demands of vertex 34 at time interval: 2     2     2     2
	demands of vertex 35 at time interval: 2     2     2     2

maximum time = 47572
alpha = 47

Selecting set of cyclical routes...

Selecting set of initial routes...

Creating initial set of candidate combinations...
Solving candidate combinations...

Found new best - 1/1 candidate combination(s) tested! (Thread 0)

Removing trips...

Solving candidate combinations...

1/3 candidate combination(s) tested! (Thread 0)
2/3 candidate combination(s) tested! (Thread 0)
3/3 candidate combination(s) tested! (Thread 0)

Relaxing trips, so the model can make changes...

>> Printing some results...
    -> Solution value = 31462 - 08:44:22
    -> Total time = 133.26

=============
Train 0
=============
> Trip 0
   0(time 4325 - 01:12:05)(time 4439 - 01:13:59) ->    1(time 4544 - 01:15:44)(time 4661 - 01:17:41) ->    2(time 4766 - 01:19:26)(time 4890 - 01:21:30) ->    3(time 4995 - 01:23:15)(time 5129 - 01:25:29) ->    4(time 5234 - 01:27:14)(time 5365 - 01:29:25) ->    5(time 5470 - 01:31:10)(time 5600 - 01:33:20) ->    6(time 5705 - 01:35:05)(time 5817 - 01:36:57) ->    7(time 5922 - 01:38:42)(time 6055 - 01:40:55) ->    8(time 6160 - 01:42:40)(time 6282 - 01:44:42) ->    9(time 6351 - 01:45:51)(time 6471 - 01:47:51) ->    10(time 6540 - 01:49:00)(time 6670 - 01:51:10) ->    11(time 6775 - 01:52:55)(time 6892 - 01:54:52) ->    12(time 6997 - 01:56:37)(time 7134 - 01:58:54) ->    13(time 7239 - 02:00:39)(time 7371 - 02:02:51) ->    14(time 7476 - 02:04:36)(time 7594 - 02:06:34) ->    15(time 7699 - 02:08:19)(time 7823 - 02:10:23) ->    16(time 7928 - 02:12:08)(time 8058 - 02:14:18) ->    17(time 8166 - 02:16:06)(time 8166 - 02:16:06) ->    35(time 8166 - 02:16:06)(time 8296 - 02:18:16) ->    34(time 8401 - 02:20:01)(time 8525 - 02:22:05) ->    33(time 8630 - 02:23:50)(time 8748 - 02:25:48) ->    32(time 8853 - 02:27:33)(time 8985 - 02:29:45) ->    31(time 9090 - 02:31:30)(time 9227 - 02:33:47) ->    30(time 9332 - 02:35:32)(time 9449 - 02:37:29) ->    29(time 9554 - 02:39:14)(time 9684 - 02:41:24) ->    28(time 9753 - 02:42:33)(time 9873 - 02:44:33) ->    27(time 9942 - 02:45:42)(time 10064 - 02:47:44) ->    26(time 10169 - 02:49:29)(time 10302 - 02:51:42) ->    25(time 10407 - 02:53:27)(time 10519 - 02:55:19) ->    24(time 10624 - 02:57:04)(time 10754 - 02:59:14) ->    23(time 10859 - 03:00:59)(time 10990 - 03:03:10) ->    22(time 11095 - 03:04:55)(time 11229 - 03:07:09) ->    21(time 11334 - 03:08:54)(time 11458 - 03:10:58) ->    20(time 11563 - 03:12:43)(time 11680 - 03:14:40) ->    19(time 11785 - 03:16:25)(time 11899 - 03:18:19) ->    18(time 12007 - 03:20:07)(time 12007 - 03:20:07) -> 0
> Trip 1
   0(time 12007 - 03:20:07)(time 12121 - 03:22:01) ->    1(time 12226 - 03:23:46)(time 12343 - 03:25:43) ->    2(time 12448 - 03:27:28)(time 12572 - 03:29:32) ->    3(time 12677 - 03:31:17)(time 12811 - 03:33:31) ->    4(time 12916 - 03:35:16)(time 13047 - 03:37:27) ->    5(time 13152 - 03:39:12)(time 13282 - 03:41:22) ->    6(time 13387 - 03:43:07)(time 13499 - 03:44:59) ->    7(time 13604 - 03:46:44)(time 13737 - 03:48:57) ->    8(time 13842 - 03:50:42)(time 13964 - 03:52:44) ->    9(time 14395 - 03:59:55)(time 14515 - 04:01:55) ->    10(time 14584 - 04:03:04)(time 14714 - 04:05:14) ->    11(time 14819 - 04:06:59)(time 14936 - 04:08:56) ->    12(time 15041 - 04:10:41)(time 15178 - 04:12:58) ->    13(time 15283 - 04:14:43)(time 15415 - 04:16:55) ->    14(time 15520 - 04:18:40)(time 15638 - 04:20:38) ->    15(time 15743 - 04:22:23)(time 15867 - 04:24:27) ->    16(time 15972 - 04:26:12)(time 16102 - 04:28:22) ->    17(time 16210 - 04:30:10)(time 16210 - 04:30:10) ->    35(time 16210 - 04:30:10)(time 16340 - 04:32:20) ->    34(time 16445 - 04:34:05)(time 16569 - 04:36:09) ->    33(time 16674 - 04:37:54)(time 16792 - 04:39:52) ->    32(time 16897 - 04:41:37)(time 17029 - 04:43:49) ->    31(time 17134 - 04:45:34)(time 17271 - 04:47:51) ->    30(time 17376 - 04:49:36)(time 17493 - 04:51:33) ->    29(time 17598 - 04:53:18)(time 17728 - 04:55:28) ->    28(time 17797 - 04:56:37)(time 17917 - 04:58:37) ->    27(time 17986 - 04:59:46)(time 18108 - 05:01:48) ->    26(time 18213 - 05:03:33)(time 18346 - 05:05:46) ->    25(time 18451 - 05:07:31)(time 18563 - 05:09:23) ->    24(time 18668 - 05:11:08)(time 18798 - 05:13:18) ->    23(time 18903 - 05:15:03)(time 19034 - 05:17:14) ->    22(time 19139 - 05:18:59)(time 19273 - 05:21:13) ->    21(time 19378 - 05:22:58)(time 19502 - 05:25:02) ->    20(time 19607 - 05:26:47)(time 19724 - 05:28:44) ->    19(time 19829 - 05:30:29)(time 19943 - 05:32:23) ->    18(time 20051 - 05:34:11)(time 20051 - 05:34:11) -> 0
> Trip 2
   0(time 20051 - 05:34:11)(time 20165 - 05:36:05) ->    1(time 20270 - 05:37:50)(time 20387 - 05:39:47) ->    2(time 20492 - 05:41:32)(time 20616 - 05:43:36) ->    3(time 20721 - 05:45:21)(time 20855 - 05:47:35) ->    4(time 20960 - 05:49:20)(time 21091 - 05:51:31) ->    5(time 21196 - 05:53:16)(time 21326 - 05:55:26) ->    6(time 21431 - 05:57:11)(time 21543 - 05:59:03) ->    7(time 21648 - 06:00:48)(time 21781 - 06:03:01) ->    8(time 21886 - 06:04:46)(time 22008 - 06:06:48) ->    9(time 22077 - 06:07:57)(time 22197 - 06:09:57) ->    10(time 22266 - 06:11:06)(time 22396 - 06:13:16) ->    11(time 22501 - 06:15:01)(time 22618 - 06:16:58) ->    12(time 22723 - 06:18:43)(time 22860 - 06:21:00) ->    13(time 22965 - 06:22:45)(time 23097 - 06:24:57) ->    14(time 23202 - 06:26:42)(time 23320 - 06:28:40) ->    15(time 23581 - 06:33:01)(time 23705 - 06:35:05) ->    16(time 23810 - 06:36:50)(time 23940 - 06:39:00) ->    17(time 24048 - 06:40:48)(time 24048 - 06:40:48) ->    35(time 24048 - 06:40:48)(time 24178 - 06:42:58) ->    34(time 24283 - 06:44:43)(time 24407 - 06:46:47) ->    33(time 24512 - 06:48:32)(time 24630 - 06:50:30) ->    32(time 24735 - 06:52:15)(time 24867 - 06:54:27) ->    31(time 24972 - 06:56:12)(time 25109 - 06:58:29) ->    30(time 25214 - 07:00:14)(time 25331 - 07:02:11) ->    29(time 25436 - 07:03:56)(time 25566 - 07:06:06) ->    28(time 25635 - 07:07:15)(time 25755 - 07:09:15) ->    27(time 25824 - 07:10:24)(time 25946 - 07:12:26) ->    26(time 26051 - 07:14:11)(time 26184 - 07:16:24) ->    25(time 26289 - 07:18:09)(time 26401 - 07:20:01) ->    24(time 26506 - 07:21:46)(time 26636 - 07:23:56) ->    23(time 26741 - 07:25:41)(time 26872 - 07:27:52) ->    22(time 26977 - 07:29:37)(time 27111 - 07:31:51) ->    21(time 27216 - 07:33:36)(time 27340 - 07:35:40) ->    20(time 27445 - 07:37:25)(time 27562 - 07:39:22) ->    19(time 27667 - 07:41:07)(time 27781 - 07:43:01) ->    18(time 27889 - 07:44:49)(time 27889 - 07:44:49) -> 0
> Trip 3
   0(time 27994 - 07:46:34)(time 28108 - 07:48:28) ->    1(time 28213 - 07:50:13)(time 28330 - 07:52:10) ->    2(time 28435 - 07:53:55)(time 28559 - 07:55:59) ->    3(time 28664 - 07:57:44)(time 28798 - 07:59:58) ->    4(time 28903 - 08:01:43)(time 29034 - 08:03:54) ->    5(time 29139 - 08:05:39)(time 29269 - 08:07:49) ->    6(time 29374 - 08:09:34)(time 29486 - 08:11:26) ->    7(time 29591 - 08:13:11)(time 29724 - 08:15:24) ->    8(time 29829 - 08:17:09)(time 29951 - 08:19:11) ->    9(time 30020 - 08:20:20)(time 30140 - 08:22:20) ->    10(time 30209 - 08:23:29)(time 30339 - 08:25:39) ->    11(time 30444 - 08:27:24)(time 30561 - 08:29:21) ->    12(time 30666 - 08:31:06)(time 30803 - 08:33:23) ->    13(time 30911 - 08:35:11)(time 31043 - 08:37:23) ->    14(time 31148 - 08:39:08)(time 31266 - 08:41:06) ->    15(time 31371 - 08:42:51)(time 31495 - 08:44:55) ->    16(time 31600 - 08:46:40)(time 31730 - 08:48:50) ->    17(time 31838 - 08:50:38)(time 31838 - 08:50:38) ->    35(time 31946 - 08:52:26)(time 32076 - 08:54:36) ->    34(time 32181 - 08:56:21)(time 32305 - 08:58:25) ->    33(time 32410 - 09:00:10)(time 32528 - 09:02:08) ->    32(time 32633 - 09:03:53)(time 32765 - 09:06:05) ->    31(time 32870 - 09:07:50)(time 33007 - 09:10:07) ->    30(time 33112 - 09:11:52)(time 33229 - 09:13:49) ->    29(time 33334 - 09:15:34)(time 33464 - 09:17:44) ->    28(time 33533 - 09:18:53)(time 33653 - 09:20:53) ->    27(time 33722 - 09:22:02)(time 33844 - 09:24:04) ->    26(time 33949 - 09:25:49)(time 34082 - 09:28:02) ->    25(time 34187 - 09:29:47)(time 34299 - 09:31:39) ->    24(time 34404 - 09:33:24)(time 34534 - 09:35:34) ->    23(time 34639 - 09:37:19)(time 34770 - 09:39:30) ->    22(time 34875 - 09:41:15)(time 35009 - 09:43:29) ->    21(time 35114 - 09:45:14)(time 35238 - 09:47:18) ->    20(time 35343 - 09:49:03)(time 35460 - 09:51:00) ->    19(time 35565 - 09:52:45)(time 35679 - 09:54:39) ->    18(time 35787 - 09:56:27)(time 35787 - 09:56:27) -> 0
=============
Train 1
=============
> Trip 0
   0(time 7985 - 02:13:05)(time 8099 - 02:14:59) ->    1(time 8204 - 02:16:44)(time 8321 - 02:18:41) ->    2(time 8426 - 02:20:26)(time 8550 - 02:22:30) ->    3(time 8655 - 02:24:15)(time 8789 - 02:26:29) ->    4(time 8894 - 02:28:14)(time 9025 - 02:30:25) ->    5(time 9130 - 02:32:10)(time 9260 - 02:34:20) ->    6(time 9365 - 02:36:05)(time 9477 - 02:37:57) ->    7(time 9582 - 02:39:42)(time 9715 - 02:41:55) ->    8(time 9820 - 02:43:40)(time 9942 - 02:45:42) ->    9(time 10373 - 02:52:53)(time 10493 - 02:54:53) ->    10(time 10562 - 02:56:02)(time 10692 - 02:58:12) ->    11(time 10797 - 02:59:57)(time 10914 - 03:01:54) ->    12(time 11019 - 03:03:39)(time 11156 - 03:05:56) ->    13(time 11261 - 03:07:41)(time 11393 - 03:09:53) ->    14(time 11498 - 03:11:38)(time 11616 - 03:13:36) ->    15(time 11721 - 03:15:21)(time 11845 - 03:17:25) ->    16(time 11950 - 03:19:10)(time 12080 - 03:21:20) ->    17(time 12188 - 03:23:08)(time 12188 - 03:23:08) ->    35(time 12188 - 03:23:08)(time 12318 - 03:25:18) ->    34(time 12423 - 03:27:03)(time 12547 - 03:29:07) ->    33(time 12652 - 03:30:52)(time 12770 - 03:32:50) ->    32(time 12875 - 03:34:35)(time 13007 - 03:36:47) ->    31(time 13112 - 03:38:32)(time 13249 - 03:40:49) ->    30(time 13354 - 03:42:34)(time 13471 - 03:44:31) ->    29(time 13576 - 03:46:16)(time 13706 - 03:48:26) ->    28(time 13775 - 03:49:35)(time 13895 - 03:51:35) ->    27(time 13964 - 03:52:44)(time 14086 - 03:54:46) ->    26(time 14191 - 03:56:31)(time 14324 - 03:58:44) ->    25(time 14429 - 04:00:29)(time 14541 - 04:02:21) ->    24(time 14646 - 04:04:06)(time 14776 - 04:06:16) ->    23(time 14881 - 04:08:01)(time 15012 - 04:10:12) ->    22(time 15117 - 04:11:57)(time 15251 - 04:14:11) ->    21(time 15356 - 04:15:56)(time 15480 - 04:18:00) ->    20(time 15585 - 04:19:45)(time 15702 - 04:21:42) ->    19(time 15807 - 04:23:27)(time 15921 - 04:25:21) ->    18(time 16029 - 04:27:09)(time 16029 - 04:27:09) -> 0
> Trip 1
   0(time 16029 - 04:27:09)(time 16143 - 04:29:03) ->    1(time 16248 - 04:30:48)(time 16365 - 04:32:45) ->    2(time 16470 - 04:34:30)(time 16594 - 04:36:34) ->    3(time 16699 - 04:38:19)(time 16833 - 04:40:33) ->    4(time 16938 - 04:42:18)(time 17069 - 04:44:29) ->    5(time 17174 - 04:46:14)(time 17304 - 04:48:24) ->    6(time 17409 - 04:50:09)(time 17521 - 04:52:01) ->    7(time 17626 - 04:53:46)(time 17759 - 04:55:59) ->    8(time 17864 - 04:57:44)(time 17986 - 04:59:46) ->    9(time 18055 - 05:00:55)(time 18175 - 05:02:55) ->    10(time 18244 - 05:04:04)(time 18374 - 05:06:14) ->    11(time 18479 - 05:07:59)(time 18596 - 05:09:56) ->    12(time 18701 - 05:11:41)(time 18838 - 05:13:58) ->    13(time 18943 - 05:15:43)(time 19075 - 05:17:55) ->    14(time 19180 - 05:19:40)(time 19298 - 05:21:38) ->    15(time 19403 - 05:23:23)(time 19527 - 05:25:27) ->    16(time 19632 - 05:27:12)(time 19762 - 05:29:22) ->    17(time 19870 - 05:31:10)(time 19870 - 05:31:10) ->    35(time 19870 - 05:31:10)(time 20000 - 05:33:20) ->    34(time 20105 - 05:35:05)(time 20229 - 05:37:09) ->    33(time 20334 - 05:38:54)(time 20452 - 05:40:52) ->    32(time 20557 - 05:42:37)(time 20689 - 05:44:49) ->    31(time 20794 - 05:46:34)(time 20931 - 05:48:51) ->    30(time 21154 - 05:52:34)(time 21271 - 05:54:31) ->    29(time 21807 - 06:03:27)(time 21937 - 06:05:37) ->    28(time 22473 - 06:14:33)(time 22593 - 06:16:33) ->    27(time 23129 - 06:25:29)(time 23251 - 06:27:31) ->    26(time 23787 - 06:36:27)(time 23920 - 06:38:40) ->    25(time 24025 - 06:40:25)(time 24137 - 06:42:17) ->    24(time 24242 - 06:44:02)(time 24372 - 06:46:12) ->    23(time 24477 - 06:47:57)(time 24608 - 06:50:08) ->    22(time 25040 - 06:57:20)(time 25174 - 06:59:34) ->    21(time 25710 - 07:08:30)(time 25834 - 07:10:34) ->    20(time 26370 - 07:19:30)(time 26487 - 07:21:27) ->    19(time 27023 - 07:30:23)(time 27137 - 07:32:17) ->    18(time 27673 - 07:41:13)(time 27673 - 07:41:13) -> 0
> Trip 2
   0(time 27781 - 07:43:01)(time 27895 - 07:44:55) ->    1(time 28000 - 07:46:40)(time 28117 - 07:48:37) ->    2(time 28222 - 07:50:22)(time 28346 - 07:52:26) ->    3(time 28451 - 07:54:11)(time 28585 - 07:56:25) ->    4(time 28690 - 07:58:10)(time 28821 - 08:00:21) ->    5(time 28926 - 08:02:06)(time 29056 - 08:04:16) ->    6(time 29161 - 08:06:01)(time 29273 - 08:07:53) ->    7(time 29378 - 08:09:38)(time 29511 - 08:11:51) ->    8(time 29616 - 08:13:36)(time 29738 - 08:15:38) ->    9(time 29807 - 08:16:47)(time 29927 - 08:18:47) ->    10(time 29996 - 08:19:56)(time 30126 - 08:22:06) ->    11(time 30231 - 08:23:51)(time 30348 - 08:25:48) ->    12(time 30453 - 08:27:33)(time 30590 - 08:29:50) ->    13(time 30695 - 08:31:35)(time 30827 - 08:33:47) ->    14(time 30932 - 08:35:32)(time 31050 - 08:37:30) ->    15(time 31155 - 08:39:15)(time 31279 - 08:41:19) ->    16(time 31384 - 08:43:04)(time 31514 - 08:45:14) ->    17(time 31622 - 08:47:02)(time 31622 - 08:47:02) ->    35(time 31730 - 08:48:50)(time 31860 - 08:51:00) ->    34(time 31965 - 08:52:45)(time 32089 - 08:54:49) ->    33(time 32194 - 08:56:34)(time 32312 - 08:58:32) ->    32(time 32417 - 09:00:17)(time 32549 - 09:02:29) ->    31(time 32654 - 09:04:14)(time 32791 - 09:06:31) ->    30(time 32896 - 09:08:16)(time 33013 - 09:10:13) ->    29(time 33118 - 09:11:58)(time 33248 - 09:14:08) ->    28(time 33317 - 09:15:17)(time 33437 - 09:17:17) ->    27(time 33506 - 09:18:26)(time 33628 - 09:20:28) ->    26(time 33733 - 09:22:13)(time 33866 - 09:24:26) ->    25(time 33971 - 09:26:11)(time 34083 - 09:28:03) ->    24(time 34188 - 09:29:48)(time 34318 - 09:31:58) ->    23(time 34423 - 09:33:43)(time 34554 - 09:35:54) ->    22(time 34659 - 09:37:39)(time 34793 - 09:39:53) ->    21(time 34898 - 09:41:38)(time 35022 - 09:43:42) ->    20(time 35127 - 09:45:27)(time 35244 - 09:47:24) ->    19(time 35349 - 09:49:09)(time 35463 - 09:51:03) ->    18(time 35571 - 09:52:51)(time 35571 - 09:52:51) -> 0
> Trip 3
   0(time 35788 - 09:56:28)(time 35902 - 09:58:22) ->    1(time 36007 - 10:00:07)(time 36124 - 10:02:04) ->    2(time 36229 - 10:03:49)(time 36353 - 10:05:53) ->    3(time 36458 - 10:07:38)(time 36592 - 10:09:52) ->    4(time 36697 - 10:11:37)(time 36828 - 10:13:48) ->    5(time 36933 - 10:15:33)(time 37063 - 10:17:43) ->    6(time 37168 - 10:19:28)(time 37280 - 10:21:20) ->    7(time 37385 - 10:23:05)(time 37518 - 10:25:18) ->    8(time 37623 - 10:27:03)(time 37745 - 10:29:05) ->    9(time 37814 - 10:30:14)(time 37934 - 10:32:14) ->    10(time 38003 - 10:33:23)(time 38133 - 10:35:33) ->    11(time 38238 - 10:37:18)(time 38355 - 10:39:15) ->    12(time 38460 - 10:41:00)(time 38597 - 10:43:17) ->    13(time 38702 - 10:45:02)(time 38834 - 10:47:14) ->    14(time 38939 - 10:48:59)(time 39057 - 10:50:57) ->    15(time 39162 - 10:52:42)(time 39286 - 10:54:46) ->    16(time 39391 - 10:56:31)(time 39521 - 10:58:41) ->    17(time 39629 - 11:00:29)(time 39629 - 11:00:29) ->    35(time 39629 - 11:00:29)(time 39759 - 11:02:39) ->    34(time 39864 - 11:04:24)(time 39988 - 11:06:28) ->    33(time 40093 - 11:08:13)(time 40211 - 11:10:11) ->    32(time 40316 - 11:11:56)(time 40448 - 11:14:08) ->    31(time 40553 - 11:15:53)(time 40690 - 11:18:10) ->    30(time 40795 - 11:19:55)(time 40912 - 11:21:52) ->    29(time 41017 - 11:23:37)(time 41147 - 11:25:47) ->    28(time 41216 - 11:26:56)(time 41336 - 11:28:56) ->    27(time 41405 - 11:30:05)(time 41527 - 11:32:07) ->    26(time 41632 - 11:33:52)(time 41765 - 11:36:05) ->    25(time 41870 - 11:37:50)(time 41982 - 11:39:42) ->    24(time 42087 - 11:41:27)(time 42217 - 11:43:37) ->    23(time 42322 - 11:45:22)(time 42453 - 11:47:33) ->    22(time 42558 - 11:49:18)(time 42692 - 11:51:32) ->    21(time 42797 - 11:53:17)(time 42921 - 11:55:21) ->    20(time 43026 - 11:57:06)(time 43143 - 11:59:03) ->    19(time 43248 - 12:00:48)(time 43362 - 12:02:42) ->    18(time 43470 - 12:04:30)(time 43470 - 12:04:30) -> 0
=============
Train 2
=============
> Trip 0
   0(time 4433 - 01:13:53)(time 4547 - 01:15:47) ->    1(time 4652 - 01:17:32)(time 4769 - 01:19:29) ->    2(time 4874 - 01:21:14)(time 4998 - 01:23:18) ->    3(time 5103 - 01:25:03)(time 5237 - 01:27:17) ->    4(time 5342 - 01:29:02)(time 5473 - 01:31:13) ->    5(time 5578 - 01:32:58)(time 5708 - 01:35:08) ->    6(time 5813 - 01:36:53)(time 5925 - 01:38:45) ->    7(time 6030 - 01:40:30)(time 6163 - 01:42:43) ->    8(time 6268 - 01:44:28)(time 6390 - 01:46:30) ->    9(time 6459 - 01:47:39)(time 6579 - 01:49:39) ->    10(time 6648 - 01:50:48)(time 6778 - 01:52:58) ->    11(time 6883 - 01:54:43)(time 7000 - 01:56:40) ->    12(time 7105 - 01:58:25)(time 7242 - 02:00:42) ->    13(time 7347 - 02:02:27)(time 7479 - 02:04:39) ->    14(time 7584 - 02:06:24)(time 7702 - 02:08:22) ->    15(time 7807 - 02:10:07)(time 7931 - 02:12:11) ->    16(time 8036 - 02:13:56)(time 8166 - 02:16:06) ->    17(time 8274 - 02:17:54)(time 8274 - 02:17:54) ->    35(time 8274 - 02:17:54)(time 8404 - 02:20:04) ->    34(time 8509 - 02:21:49)(time 8633 - 02:23:53) ->    33(time 8738 - 02:25:38)(time 8856 - 02:27:36) ->    32(time 8961 - 02:29:21)(time 9093 - 02:31:33) ->    31(time 9198 - 02:33:18)(time 9335 - 02:35:35) ->    30(time 9440 - 02:37:20)(time 9557 - 02:39:17) ->    29(time 9662 - 02:41:02)(time 9792 - 02:43:12) ->    28(time 9861 - 02:44:21)(time 9981 - 02:46:21) ->    27(time 10050 - 02:47:30)(time 10172 - 02:49:32) ->    26(time 10277 - 02:51:17)(time 10410 - 02:53:30) ->    25(time 10515 - 02:55:15)(time 10627 - 02:57:07) ->    24(time 10732 - 02:58:52)(time 10862 - 03:01:02) ->    23(time 10967 - 03:02:47)(time 11098 - 03:04:58) ->    22(time 11203 - 03:06:43)(time 11337 - 03:08:57) ->    21(time 11442 - 03:10:42)(time 11566 - 03:12:46) ->    20(time 11671 - 03:14:31)(time 11788 - 03:16:28) ->    19(time 11893 - 03:18:13)(time 12007 - 03:20:07) ->    18(time 12115 - 03:21:55)(time 12115 - 03:21:55) -> 0
> Trip 1
   0(time 19945 - 05:32:25)(time 20059 - 05:34:19) ->    1(time 20164 - 05:36:04)(time 20281 - 05:38:01) ->    2(time 20386 - 05:39:46)(time 20510 - 05:41:50) ->    3(time 20615 - 05:43:35)(time 20749 - 05:45:49) ->    4(time 20854 - 05:47:34)(time 20985 - 05:49:45) ->    5(time 21090 - 05:51:30)(time 21220 - 05:53:40) ->    6(time 21325 - 05:55:25)(time 21437 - 05:57:17) ->    7(time 21542 - 05:59:02)(time 21675 - 06:01:15) ->    8(time 21780 - 06:03:00)(time 21902 - 06:05:02) ->    9(time 21971 - 06:06:11)(time 22091 - 06:08:11) ->    10(time 22160 - 06:09:20)(time 22290 - 06:11:30) ->    11(time 22395 - 06:13:15)(time 22512 - 06:15:12) ->    12(time 22617 - 06:16:57)(time 22754 - 06:19:14) ->    13(time 22859 - 06:20:59)(time 22991 - 06:23:11) ->    14(time 23096 - 06:24:56)(time 23214 - 06:26:54) ->    15(time 23319 - 06:28:39)(time 23443 - 06:30:43) ->    16(time 23548 - 06:32:28)(time 23678 - 06:34:38) ->    17(time 23786 - 06:36:26)(time 23786 - 06:36:26) ->    35(time 23940 - 06:39:00)(time 24070 - 06:41:10) ->    34(time 24175 - 06:42:55)(time 24299 - 06:44:59) ->    33(time 24404 - 06:46:44)(time 24522 - 06:48:42) ->    32(time 24627 - 06:50:27)(time 24759 - 06:52:39) ->    31(time 24864 - 06:54:24)(time 25001 - 06:56:41) ->    30(time 25106 - 06:58:26)(time 25223 - 07:00:23) ->    29(time 25328 - 07:02:08)(time 25458 - 07:04:18) ->    28(time 25527 - 07:05:27)(time 25647 - 07:07:27) ->    27(time 25716 - 07:08:36)(time 25838 - 07:10:38) ->    26(time 25943 - 07:12:23)(time 26076 - 07:14:36) ->    25(time 26181 - 07:16:21)(time 26293 - 07:18:13) ->    24(time 26398 - 07:19:58)(time 26528 - 07:22:08) ->    23(time 26633 - 07:23:53)(time 26764 - 07:26:04) ->    22(time 26869 - 07:27:49)(time 27003 - 07:30:03) ->    21(time 27108 - 07:31:48)(time 27232 - 07:33:52) ->    20(time 27337 - 07:35:37)(time 27454 - 07:37:34) ->    19(time 27559 - 07:39:19)(time 27673 - 07:41:13) ->    18(time 27781 - 07:43:01)(time 27781 - 07:43:01) -> 0
> Trip 2
   0(time 27889 - 07:44:49)(time 28003 - 07:46:43) ->    1(time 28108 - 07:48:28)(time 28225 - 07:50:25) ->    2(time 28330 - 07:52:10)(time 28454 - 07:54:14) ->    3(time 28559 - 07:55:59)(time 28693 - 07:58:13) ->    4(time 28798 - 07:59:58)(time 28929 - 08:02:09) ->    5(time 29034 - 08:03:54)(time 29164 - 08:06:04) ->    6(time 29269 - 08:07:49)(time 29381 - 08:09:41) ->    7(time 29486 - 08:11:26)(time 29619 - 08:13:39) ->    8(time 29724 - 08:15:24)(time 29846 - 08:17:26) ->    9(time 29915 - 08:18:35)(time 30035 - 08:20:35) ->    10(time 30104 - 08:21:44)(time 30234 - 08:23:54) ->    11(time 30339 - 08:25:39)(time 30456 - 08:27:36) ->    12(time 30561 - 08:29:21)(time 30698 - 08:31:38) ->    13(time 30803 - 08:33:23)(time 30935 - 08:35:35) ->    14(time 31040 - 08:37:20)(time 31158 - 08:39:18) ->    15(time 31263 - 08:41:03)(time 31387 - 08:43:07) ->    16(time 31492 - 08:44:52)(time 31622 - 08:47:02) ->    17(time 31730 - 08:48:50)(time 31730 - 08:48:50) ->    35(time 31838 - 08:50:38)(time 31968 - 08:52:48) ->    34(time 32073 - 08:54:33)(time 32197 - 08:56:37) ->    33(time 32302 - 08:58:22)(time 32420 - 09:00:20) ->    32(time 32525 - 09:02:05)(time 32657 - 09:04:17) ->    31(time 32762 - 09:06:02)(time 32899 - 09:08:19) ->    30(time 33004 - 09:10:04)(time 33121 - 09:12:01) ->    29(time 33226 - 09:13:46)(time 33356 - 09:15:56) ->    28(time 33425 - 09:17:05)(time 33545 - 09:19:05) ->    27(time 33614 - 09:20:14)(time 33736 - 09:22:16) ->    26(time 33841 - 09:24:01)(time 33974 - 09:26:14) ->    25(time 34079 - 09:27:59)(time 34191 - 09:29:51) ->    24(time 34296 - 09:31:36)(time 34426 - 09:33:46) ->    23(time 34531 - 09:35:31)(time 34662 - 09:37:42) ->    22(time 34767 - 09:39:27)(time 34901 - 09:41:41) ->    21(time 35006 - 09:43:26)(time 35130 - 09:45:30) ->    20(time 35235 - 09:47:15)(time 35352 - 09:49:12) ->    19(time 35457 - 09:50:57)(time 35571 - 09:52:51) ->    18(time 35679 - 09:54:39)(time 35679 - 09:54:39) -> 0
> Trip 3
   0(time 35680 - 09:54:40)(time 35794 - 09:56:34) ->    1(time 35899 - 09:58:19)(time 36016 - 10:00:16) ->    2(time 36121 - 10:02:01)(time 36245 - 10:04:05) ->    3(time 36350 - 10:05:50)(time 36484 - 10:08:04) ->    4(time 36589 - 10:09:49)(time 36720 - 10:12:00) ->    5(time 36825 - 10:13:45)(time 36955 - 10:15:55) ->    6(time 37060 - 10:17:40)(time 37172 - 10:19:32) ->    7(time 37277 - 10:21:17)(time 37410 - 10:23:30) ->    8(time 37515 - 10:25:15)(time 37637 - 10:27:17) ->    9(time 37706 - 10:28:26)(time 37826 - 10:30:26) ->    10(time 37895 - 10:31:35)(time 38025 - 10:33:45) ->    11(time 38130 - 10:35:30)(time 38247 - 10:37:27) ->    12(time 38352 - 10:39:12)(time 38489 - 10:41:29) ->    13(time 38594 - 10:43:14)(time 38726 - 10:45:26) ->    14(time 38831 - 10:47:11)(time 38949 - 10:49:09) ->    15(time 39054 - 10:50:54)(time 39178 - 10:52:58) ->    16(time 39283 - 10:54:43)(time 39413 - 10:56:53) ->    17(time 39521 - 10:58:41)(time 39521 - 10:58:41) ->    35(time 39521 - 10:58:41)(time 39651 - 11:00:51) ->    34(time 39756 - 11:02:36)(time 39880 - 11:04:40) ->    33(time 39985 - 11:06:25)(time 40103 - 11:08:23) ->    32(time 40208 - 11:10:08)(time 40340 - 11:12:20) ->    31(time 40445 - 11:14:05)(time 40582 - 11:16:22) ->    30(time 40687 - 11:18:07)(time 40804 - 11:20:04) ->    29(time 40909 - 11:21:49)(time 41039 - 11:23:59) ->    28(time 41108 - 11:25:08)(time 41228 - 11:27:08) ->    27(time 41297 - 11:28:17)(time 41419 - 11:30:19) ->    26(time 41524 - 11:32:04)(time 41657 - 11:34:17) ->    25(time 41762 - 11:36:02)(time 41874 - 11:37:54) ->    24(time 41979 - 11:39:39)(time 42109 - 11:41:49) ->    23(time 42214 - 11:43:34)(time 42345 - 11:45:45) ->    22(time 42450 - 11:47:30)(time 42584 - 11:49:44) ->    21(time 42689 - 11:51:29)(time 42813 - 11:53:33) ->    20(time 42918 - 11:55:18)(time 43035 - 11:57:15) ->    19(time 43140 - 11:59:00)(time 43254 - 12:00:54) ->    18(time 43362 - 12:02:42)(time 43362 - 12:02:42) -> 0
