t3p15r13h2.txt:
   > Trying to open the instance file...
   > Reading number of trains...
   > Reading maximum number of trips per train...
   > Reading time intervals...
   > Reading number of points...
   > Reading stations...
   > Reading crossings...
   > Reading depots...
   > Reading initial point...
   > Reading routes...
   > Reading distance and distance and service...
   > Reading demands...
   > Reading maximum time...
   > Reading alpha...

--------------------------------
 Printing instance
--------------------------------
number of trains = 3
	max trips per trains: 3     3     3
number of intervals = 2
	(0,  21322)	(21323,  42644)
number of points = 15
	initial point: 4
	stations: 0     1     2     3     4     5     6     7     8     9    10    11    12    13    14
	crossings: 0     3     4     7    14
	depots: 0     3     4    14
number of vertices = 30
	total vertices: 0     1     2     3     4     5     6     7     8     9    10    11    12    13    14    15    16    17    18    19    20    21    22    23    24    25    26    27    28    29
	upper vertices: 0     1     2     3     4     5     6     7     8     9    10    11    12    13    14
	lower vertices: 15    16    17    18    19    20    21    22    23    24    25    26    27    28    29
	vertices of point #0: (0, 15)
	vertices of point #1: (1, 16)
	vertices of point #2: (2, 17)
	vertices of point #3: (3, 18)
	vertices of point #4: (4, 19)
	vertices of point #5: (5, 20)
	vertices of point #6: (6, 21)
	vertices of point #7: (7, 22)
	vertices of point #8: (8, 23)
	vertices of point #9: (9, 24)
	vertices of point #10: (10, 25)
	vertices of point #11: (11, 26)
	vertices of point #12: (12, 27)
	vertices of point #13: (13, 28)
	vertices of point #14: (14, 29)

arcs...
	total arcs: 
		arc #0: (0, 1)
		arc #1: (0, 15)
		arc #2: (15, 0)
		arc #3: (1, 2)
		arc #4: (16, 15)
		arc #5: (2, 3)
		arc #6: (17, 16)
		arc #7: (3, 4)
		arc #8: (18, 17)
		arc #9: (3, 18)
		arc #10: (18, 3)
		arc #11: (4, 5)
		arc #12: (19, 18)
		arc #13: (4, 19)
		arc #14: (19, 4)
		arc #15: (5, 6)
		arc #16: (20, 19)
		arc #17: (6, 7)
		arc #18: (21, 20)
		arc #19: (7, 8)
		arc #20: (22, 21)
		arc #21: (8, 9)
		arc #22: (23, 22)
		arc #23: (9, 10)
		arc #24: (24, 23)
		arc #25: (10, 11)
		arc #26: (25, 24)
		arc #27: (11, 12)
		arc #28: (26, 25)
		arc #29: (12, 13)
		arc #30: (27, 26)
		arc #31: (13, 14)
		arc #32: (28, 27)
		arc #33: (29, 28)
		arc #34: (14, 29)
		arc #35: (29, 14)

	reverse arcs: 
		arc #1: (0, 15)
		arc #2: (15, 0)
		arc #9: (3, 18)
		arc #10: (18, 3)
		arc #13: (4, 19)
		arc #14: (19, 4)
		arc #34: (14, 29)
		arc #35: (29, 14)


incompatible points...
	(0, 2, 18, (2, 3))	(18, 16, 0, (16, 15))	(3, 3, 19, (3, 4))	(19, 19, 3, (19, 18))	(4, 6, 22, (6, 7))	(22, 20, 4, (20, 19))	(7, 13, 29, (13, 14))	(29, 23, 7, (23, 22))

number of routes = 13
vertices of routes...
	route #0: 0     1     2     3     4     5     6     7     8     9    10    11    12    13    14    29    28    27    26    25    24    23    22    21    20    19    18    17    16    15     0
	route #1: 29    28    27    26    25    24    23    22    21    20    19    18    17    16    15     0     1     2     3     4     5     6     7     8     9    10    11    12    13    14    29
	route #2: 4     5     6     7     8     9    10    11    12    13    14
	route #3: 19    18    17    16    15
	route #4: 0     1     2     3     4
	route #5: 29    28    27    26    25    24    23    22    21    20    19
	route #6: 3     4     5     6     7     8     9    10    11    12    13    14
	route #7: 18    17    16    15
	route #8: 0     1     2     3
	route #9: 29    28    27    26    25    24    23    22    21    20    19    18
	route #10: 18    17    16    15     0     1     2     3    18
	route #11: 3     4
	route #12: 19    18    17    16    15     0     1     2     3     4    19
arcs of routes...
	route #0: 0     3     5     7    11    15    17    19    21    23    25    27    29    31    34    33    32    30    28    26    24    22    20    18    16    12     8     6     4     2
	route #1: 33    32    30    28    26    24    22    20    18    16    12     8     6     4     2     0     3     5     7    11    15    17    19    21    23    25    27    29    31    34
	route #2: 11    15    17    19    21    23    25    27    29    31
	route #3: 12     8     6     4
	route #4: 0     3     5     7
	route #5: 33    32    30    28    26    24    22    20    18    16
	route #6: 7    11    15    17    19    21    23    25    27    29    31
	route #7: 8     6     4
	route #8: 0     3     5
	route #9: 33    32    30    28    26    24    22    20    18    16    12
	route #10: 8     6     4     2     0     3     5     9
	route #11: 7
	route #12: 12     8     6     4     2     0     3     5     7    13

incompatible routes...
	(0, 1)    	(0, 2)    	(0, 3)    	(0, 5)    	(0, 6)    	(0, 7)    	(0, 9)    	(0, 10)    	(0, 11)    	(0, 12)    	(1, 0)    	(1, 2)    	(1, 3)    	(1, 4)    	(1, 6)    	(1, 7)    	(1, 8)    	(1, 10)    	(1, 11)    	(1, 12)    	(2, 0)    	(2, 2)    	(2, 3)    	(2, 4)    	(2, 6)    	(2, 7)    	(2, 8)    	(2, 10)    	(2, 11)    	(2, 12)    	(3, 1)    	(3, 2)    	(3, 3)    	(3, 5)    	(3, 6)    	(3, 7)    	(3, 9)    	(3, 10)    	(3, 11)    	(3, 12)    	(4, 0)    	(4, 1)    	(4, 4)    	(4, 5)    	(4, 6)    	(4, 7)    	(4, 8)    	(4, 9)    	(4, 10)    	(4, 11)    	(5, 0)    	(5, 1)    	(5, 4)    	(5, 5)    	(5, 6)    	(5, 7)    	(5, 8)    	(5, 9)    	(5, 10)    	(5, 11)    	(6, 0)    	(6, 2)    	(6, 3)    	(6, 4)    	(6, 6)    	(6, 7)    	(6, 8)    	(6, 10)    	(6, 11)    	(6, 12)    	(7, 1)    	(7, 2)    	(7, 3)    	(7, 5)    	(7, 6)    	(7, 7)    	(7, 9)    	(7, 10)    	(7, 11)    	(7, 12)    	(8, 0)    	(8, 1)    	(8, 2)    	(8, 3)    	(8, 4)    	(8, 5)    	(8, 8)    	(8, 9)    	(8, 12)    	(9, 0)    	(9, 1)    	(9, 2)    	(9, 3)    	(9, 4)    	(9, 5)    	(9, 8)    	(9, 9)    	(9, 12)    	(10, 0)    	(10, 1)    	(10, 2)    	(10, 3)    	(10, 4)    	(10, 5)    	(10, 8)    	(10, 9)    	(10, 12)    	(11, 0)    	(11, 1)    	(11, 4)    	(11, 5)    	(11, 6)    	(11, 7)    	(11, 8)    	(11, 9)    	(11, 10)    	(11, 11)    	(12, 0)    	(12, 1)    	(12, 4)    	(12, 5)    	(12, 6)    	(12, 7)    	(12, 8)    	(12, 9)    	(12, 10)    	(12, 11)

vertices that can be adjacent in consecutive trips...
	(0, 0)    	(3, 3)    	(3, 18)    	(4, 4)    	(4, 19)    	(14, 29)    	(15, 0)    	(18, 3)    	(18, 18)    	(19, 4)    	(19, 19)    	(29, 29)
non cyclical routes: 
       2       3       4       5       6       7       8       9      11

routes of trip...
	routes that train #0 can complete at trip #0: 2       3      12
	routes that train #0 can complete at trip #1: 0       1       2       3       4       5       6       7       8       9      10      11      12
	routes that train #0 can complete at trip #2: 0       1       2       3       4       5       6       7       8       9      10      11      12

	routes that train #1 can complete at trip #0: 2       3      12
	routes that train #1 can complete at trip #1: 0       1       2       3       4       5       6       7       8       9      10      11      12
	routes that train #1 can complete at trip #2: 0       1       2       3       4       5       6       7       8       9      10      11      12

	routes that train #2 can complete at trip #0: 2       3      12
	routes that train #2 can complete at trip #1: 0       1       2       3       4       5       6       7       8       9      10      11      12
	routes that train #2 can complete at trip #2: 0       1       2       3       4       5       6       7       8       9      10      11      12

 cost...
	arc #0 [0][1]: 216
	arc #1 [0][15]: 0
	arc #2 [15][0]: 0
	arc #3 [1][2]: 224
	arc #4 [16][15]: 216
	arc #5 [2][3]: 226
	arc #6 [17][16]: 224
	arc #7 [3][4]: 223
	arc #8 [18][17]: 226
	arc #9 [3][18]: 0
	arc #10 [18][3]: 0
	arc #11 [4][5]: 220
	arc #12 [19][18]: 223
	arc #13 [4][19]: 0
	arc #14 [19][4]: 0
	arc #15 [5][6]: 213
	arc #16 [20][19]: 220
	arc #17 [6][7]: 201
	arc #18 [21][20]: 213
	arc #19 [7][8]: 190
	arc #20 [22][21]: 201
	arc #21 [8][9]: 187
	arc #22 [23][22]: 190
	arc #23 [9][10]: 217
	arc #24 [24][23]: 187
	arc #25 [10][11]: 209
	arc #26 [25][24]: 217
	arc #27 [11][12]: 190
	arc #28 [26][25]: 209
	arc #29 [12][13]: 224
	arc #30 [27][26]: 190
	arc #31 [13][14]: 188
	arc #32 [28][27]: 224
	arc #33 [29][28]: 188
	arc #34 [14][29]: 0
	arc #35 [29][14]: 0

cost with minimum service...
	arc #0 [0][1]: 311
	arc #1 [0][15]: 0
	arc #2 [15][0]: 0
	arc #3 [1][2]: 319
	arc #4 [16][15]: 488
	arc #5 [2][3]: 498
	arc #6 [17][16]: 319
	arc #7 [3][4]: 495
	arc #8 [18][17]: 321
	arc #9 [3][18]: 0
	arc #10 [18][3]: 0
	arc #11 [4][5]: 315
	arc #12 [19][18]: 495
	arc #13 [4][19]: 0
	arc #14 [19][4]: 0
	arc #15 [5][6]: 308
	arc #16 [20][19]: 492
	arc #17 [6][7]: 296
	arc #18 [21][20]: 308
	arc #19 [7][8]: 285
	arc #20 [22][21]: 296
	arc #21 [8][9]: 282
	arc #22 [23][22]: 285
	arc #23 [9][10]: 312
	arc #24 [24][23]: 282
	arc #25 [10][11]: 304
	arc #26 [25][24]: 312
	arc #27 [11][12]: 285
	arc #28 [26][25]: 304
	arc #29 [12][13]: 319
	arc #30 [27][26]: 285
	arc #31 [13][14]: 460
	arc #32 [28][27]: 319
	arc #33 [29][28]: 283
	arc #34 [14][29]: 0
	arc #35 [29][14]: 0

cost with maximum service...
	arc #0 [0][1]: 694
	arc #1 [0][15]: 478
	arc #2 [15][0]: 478
	arc #3 [1][2]: 702
	arc #4 [16][15]: 694
	arc #5 [2][3]: 704
	arc #6 [17][16]: 702
	arc #7 [3][4]: 701
	arc #8 [18][17]: 704
	arc #9 [3][18]: 478
	arc #10 [18][3]: 478
	arc #11 [4][5]: 698
	arc #12 [19][18]: 701
	arc #13 [4][19]: 478
	arc #14 [19][4]: 478
	arc #15 [5][6]: 691
	arc #16 [20][19]: 698
	arc #17 [6][7]: 679
	arc #18 [21][20]: 691
	arc #19 [7][8]: 668
	arc #20 [22][21]: 679
	arc #21 [8][9]: 665
	arc #22 [23][22]: 668
	arc #23 [9][10]: 695
	arc #24 [24][23]: 665
	arc #25 [10][11]: 687
	arc #26 [25][24]: 695
	arc #27 [11][12]: 668
	arc #28 [26][25]: 687
	arc #29 [12][13]: 702
	arc #30 [27][26]: 668
	arc #31 [13][14]: 666
	arc #32 [28][27]: 702
	arc #33 [29][28]: 666
	arc #34 [14][29]: 478
	arc #35 [29][14]: 478

demands...
	demands of vertex 0 at time interval: 3     3
	demands of vertex 1 at time interval: 3     3
	demands of vertex 2 at time interval: 3     3
	demands of vertex 3 at time interval: 3     3
	demands of vertex 4 at time interval: 3     3
	demands of vertex 5 at time interval: 3     3
	demands of vertex 6 at time interval: 3     3
	demands of vertex 7 at time interval: 3     3
	demands of vertex 8 at time interval: 3     3
	demands of vertex 9 at time interval: 3     3
	demands of vertex 10 at time interval: 3     3
	demands of vertex 11 at time interval: 3     3
	demands of vertex 12 at time interval: 3     3
	demands of vertex 13 at time interval: 3     3
	demands of vertex 14 at time interval: 0     0
	demands of vertex 15 at time interval: 0     0
	demands of vertex 16 at time interval: 3     3
	demands of vertex 17 at time interval: 3     3
	demands of vertex 18 at time interval: 3     3
	demands of vertex 19 at time interval: 3     3
	demands of vertex 20 at time interval: 3     3
	demands of vertex 21 at time interval: 3     3
	demands of vertex 22 at time interval: 3     3
	demands of vertex 23 at time interval: 3     3
	demands of vertex 24 at time interval: 3     3
	demands of vertex 25 at time interval: 3     3
	demands of vertex 26 at time interval: 3     3
	demands of vertex 27 at time interval: 3     3
	demands of vertex 28 at time interval: 3     3
	demands of vertex 29 at time interval: 3     3

maximum time = 42644
alpha = 62

>> Solving...
Version identifier: 20.1.0.0 | 2020-11-10 | 9bedb6d68
CPXPARAM_Threads                                 1
CPXPARAM_TimeLimit                               43200
Tried aggregator 3 times.
MIP Presolve eliminated 66668 rows and 15963 columns.
MIP Presolve modified 19324 coefficients.
Aggregator did 102 substitutions.
Reduced MIP has 91589 rows, 34135 columns, and 225612 nonzeros.
Reduced MIP has 33699 binaries, 0 generals, 0 SOSs, and 0 indicators.
Presolve time = 5.11 sec. (1786.92 ticks)
Probing fixed 0 vars, tightened 38 bounds.
Probing time = 6.50 sec. (511.79 ticks)
Tried aggregator 1 time.
Detecting symmetries...
MIP Presolve eliminated 159 rows and 141 columns.
MIP Presolve modified 1192 coefficients.
Reduced MIP has 91430 rows, 33994 columns, and 224886 nonzeros.
Reduced MIP has 33558 binaries, 0 generals, 0 SOSs, and 0 indicators.
Presolve time = 4.85 sec. (5700.10 ticks)
Probing fixed 0 vars, tightened 17 bounds.
Probing time = 1.92 sec. (133.57 ticks)
Clique table members: 153575.
MIP emphasis: balance optimality and feasibility.
MIP search method: dynamic search.
Parallel mode: none, using 1 thread.
Root relaxation solution time = 81.44 sec. (7653.35 ticks)

        Nodes                                         Cuts/
   Node  Left     Objective  IInf  Best Integer    Best Bound    ItCnt     Gap

      0     0    10661.5000  6095                  10661.5000    26799         
      0     0    17058.4000  5687                  Cuts: 1166    59114         
      0     0    19617.1600  6019                  Cuts: 1536    71583         
      0     0    19617.1600  5678                  Cuts: 1331   106703         
      0     0    19617.1600  6022                  Cuts: 1691   121920         
      0     0    19617.1600  5802                   Cuts: 484   128236         

Repeating presolve.
Tried aggregator 1 time.
MIP Presolve eliminated 75075 rows and 30030 columns.
MIP Presolve modified 621 coefficients.
Reduced MIP has 16355 rows, 3964 columns, and 44706 nonzeros.
Reduced MIP has 3528 binaries, 0 generals, 0 SOSs, and 0 indicators.
Presolve time = 0.57 sec. (141.50 ticks)
Probing fixed 0 vars, tightened 11 bounds.
Probing time = 0.33 sec. (31.68 ticks)
Cover probing fixed 0 vars, tightened 19 bounds.
Tried aggregator 1 time.
Detecting symmetries...
MIP Presolve modified 379 coefficients.
Reduced MIP has 16355 rows, 3964 columns, and 44706 nonzeros.
Reduced MIP has 3528 binaries, 0 generals, 0 SOSs, and 0 indicators.
Presolve time = 0.28 sec. (83.09 ticks)
Represolve time = 1.48 sec. (281.34 ticks)
Probing fixed 0 vars, tightened 3 bounds.
Probing time = 0.24 sec. (20.87 ticks)
Clique table members: 26229.
MIP emphasis: balance optimality and feasibility.
MIP search method: dynamic search.
Parallel mode: none, using 1 thread.
Root relaxation solution time = 0.93 sec. (292.07 ticks)

        Nodes                                         Cuts/
   Node  Left     Objective  IInf  Best Integer    Best Bound    ItCnt     Gap

      0     0    19617.1600  1283                  19617.1600   131823         
      0     0    19617.1600  1160                   Cuts: 375   135091         
      0     0    19617.1600  1290                  Cuts: 1286   137408         
      0     0    19617.1600  1214                   Cuts: 278   139438         
      0     0    19617.1600  1314                  Cuts: 1539   144720         
      0     2    19617.1600   907                  19958.3280   144720         
Elapsed time = 1302.94 sec. (175343.10 ticks, tree = 0.01 MB, solutions = 0)
      1     3    21323.0000  1159                  19958.3280   149272         
      2     4    19958.3280  1263                  20470.0800   152223         
      3     5    21325.2510  1152                  20470.0800   155572         
      4     6    21325.2521  1238                  21323.0000   162954         
      6     8    30901.0000   800                  21323.0000   163804         
     11    10    infeasible                        21323.0000   165593         
     13    10    21323.0000   875                  21323.0000   171254         
     14    11    21323.0000   698                  21323.0000   180320         
     15    12    24609.0000   609                  21323.0000   181272         
     18    15    30901.0000   348                  21323.0000   191871         
Elapsed time = 1319.98 sec. (185952.50 ticks, tree = 0.13 MB, solutions = 0)
     20    15    26112.0000   423                  21323.0000   201204         
     21    16    30180.0000   414                  21323.0000   211208         
     22    17    26112.0000   414                  21323.0000   217948         
     30    19    30901.0000   334                  21323.0000   221492         
     32    21    29398.0000   296                  21323.0000   225871         
     44    29    22050.0000   773                  21325.2521   238759         
     48    30    21326.7678  1141                  21325.2521   246193         
     54    27    26112.0000   842                  24609.0000   256258         
     68    35    24609.0000   652                  24609.0000   266299         
     76    41    26836.7500   586                  24609.0000   274015         
Elapsed time = 1351.20 sec. (202052.85 ticks, tree = 0.89 MB, solutions = 0)
    146    89    30901.0000   338                  24609.0000   278925         
    210   123    32172.0000    30                  24609.0000   284015         
    241   144    35690.0000   588                  24609.0000   289226         
    292   171    35690.0000   250                  25905.4372   299033         
    349   196    26112.0000   856                  26112.0000   307970         
    389   216    31708.0000   252                  26112.0000   314748         
    433   246    40846.0000    38                  26112.0000   323344         
    456   245    infeasible                        26112.0000   332103         
    462   249    26112.0000   603                  26112.0000   341073         
    478   257    26112.0000   549                  26112.0000   350171         
Elapsed time = 1368.96 sec. (212822.96 ticks, tree = 1.95 MB, solutions = 0)
    499   254    26112.0000   934                  26112.0000   363463         
    516   264    34187.0000   488                  26112.0000   374734         
    523   269    35690.0000   312                  26112.0000   382210         
    542   280    26112.0000   594                  26112.0000   389643         
*   550+  275                        42437.0000    26112.0000            38.47%
    553   280    40479.0000    66    42437.0000    26112.0000   396769   38.47%
    586   286    infeasible          42437.0000    26112.0000   401748   38.47%
    591   286    40479.0000    44    42437.0000    28831.0000   404653   32.06%
*   600   288      integral     0    41183.0000    28831.0000   405057   29.99%
    604   292    35690.0000    62    41183.0000    28831.0000   406840   29.99%
    609   297    35690.0000    28    41183.0000    28831.0000   407222   29.99%
Elapsed time = 1384.04 sec. (223149.08 ticks, tree = 2.02 MB, solutions = 2)
*   610+  222                        37960.0000    28831.0000            24.05%
*   615   141      integral     0    35690.0000    28831.0000   407515   19.22%
    618   144    34162.0000   184    35690.0000    29398.0000   411895   17.63%
    627   145    31173.0000    83    35690.0000    29773.0000   412878   16.58%
*   638   133      integral     0    32199.0000    29773.0000   413443    7.53%
    639   133    30901.0000   254    32199.0000    29773.0000   413979    7.53%
    659   117    31389.0000   184    32199.0000    30271.0000   416857    5.99%
    684    94    32172.0000    30    32199.0000    30901.0000   421808    4.03%
    760   102    31927.0000    46    32199.0000    30901.0000   423188    4.03%
    833   115    infeasible          32199.0000    30901.0000   427737    4.03%
    848   115    30901.0000   280    32199.0000    30901.0000   435276    4.03%
    859   105    30901.0000   784    32199.0000    30901.0000   446966    4.03%
Elapsed time = 1394.09 sec. (233338.16 ticks, tree = 0.60 MB, solutions = 5)
    957   123    31281.0000   184    32199.0000    30901.0000   451378    4.03%
    987   127    31091.1192   126    32199.0000    30901.0000   458999    4.03%
   1004   124    30901.0000   806    32199.0000    30901.0000   463577    4.03%
   1032   126    30996.0000   198    32199.0000    30996.0000   468582    3.74%
   1111   136    31927.0000    18    32199.0000    30996.0000   469626    3.74%
*  1150+  135                        32057.0000    30996.2573             3.31%
   1201   106    31738.0000    98    32057.0000    31363.0000   471101    2.16%
*  1250+   70                        31927.0000    31373.0000             1.74%
   1296    58    31655.0000    48    31927.0000    31655.0000   472848    0.85%

Clique cuts applied:  36
Cover cuts applied:  11
Implied bound cuts applied:  775
Flow cuts applied:  82
Mixed integer rounding cuts applied:  181
Zero-half cuts applied:  23
Gomory fractional cuts applied:  9

Root node processing (before b&c):
  Real time             = 1302.70 sec. (175219.45 ticks)
Sequential b&c:
  Real time             =  103.07 sec. (65726.84 ticks)
                          ------------
Total (root+branch&cut) = 1405.77 sec. (240946.29 ticks)
Optimal

>> Printing some results...
    -> Solution value = 31927 - 08:52:07
    -> Total time = 1405.78
    -> Gap value = 0.00

=============
Train 0
=============
> Trip 0
   4(time 95 - 00:01:35)(time 315 - 00:05:15) ->    5(time 793 - 00:13:13)(time 1006 - 00:16:46) ->    6(time 1101 - 00:18:21)(time 1302 - 00:21:42) ->    7(time 1397 - 00:23:17)(time 1587 - 00:26:27) ->    8(time 1682 - 00:28:02)(time 1869 - 00:31:09) ->    9(time 1964 - 00:32:44)(time 2181 - 00:36:21) ->    10(time 2276 - 00:37:56)(time 2485 - 00:41:25) ->    11(time 2580 - 00:43:00)(time 2770 - 00:46:10) ->    12(time 2865 - 00:47:45)(time 3089 - 00:51:29) ->    13(time 3184 - 00:53:04)(time 3372 - 00:56:12) -> 14
> Trip 1
   29(time 9998 - 02:46:38)(time 10186 - 02:49:46) ->    28(time 10664 - 02:57:44)(time 10888 - 03:01:28) ->    27(time 11366 - 03:09:26)(time 11556 - 03:12:36) ->    26(time 11651 - 03:14:11)(time 11860 - 03:17:40) ->    25(time 11955 - 03:19:15)(time 12172 - 03:22:52) ->    24(time 12267 - 03:24:27)(time 12454 - 03:27:34) ->    23(time 12549 - 03:29:09)(time 12739 - 03:32:19) ->    22(time 12834 - 03:33:54)(time 13035 - 03:37:15) ->    21(time 13307 - 03:41:47)(time 13520 - 03:45:20) ->    20(time 13615 - 03:46:55)(time 13835 - 03:50:35) ->    19(time 14107 - 03:55:07)(time 14330 - 03:58:50) ->    18(time 14602 - 04:03:22)(time 14828 - 04:07:08) ->    17(time 14923 - 04:08:43)(time 15147 - 04:12:27) ->    16(time 15250 - 04:14:10)(time 15466 - 04:17:46) ->    15(time 15738 - 04:22:18)(time 15738 - 04:22:18) ->    0(time 15738 - 04:22:18)(time 15954 - 04:25:54) ->    1(time 16049 - 04:27:29)(time 16273 - 04:31:13) ->    2(time 16368 - 04:32:48)(time 16594 - 04:36:34) ->    3(time 17072 - 04:44:32)(time 17295 - 04:48:15) ->    4(time 17567 - 04:52:47)(time 17787 - 04:56:27) ->    5(time 17882 - 04:58:02)(time 18095 - 05:01:35) ->    6(time 18190 - 05:03:10)(time 18391 - 05:06:31) ->    7(time 18486 - 05:08:06)(time 18676 - 05:11:16) ->    8(time 18771 - 05:12:51)(time 18958 - 05:15:58) ->    9(time 19053 - 05:17:33)(time 19270 - 05:21:10) ->    10(time 19365 - 05:22:45)(time 19574 - 05:26:14) ->    11(time 19669 - 05:27:49)(time 19859 - 05:30:59) ->    12(time 19954 - 05:32:34)(time 20178 - 05:36:18) ->    13(time 20656 - 05:44:16)(time 20844 - 05:47:24) ->    14(time 21322 - 05:55:22)(time 21322 - 05:55:22) -> 29
> Trip 2
   29(time 21418 - 05:56:58)(time 21606 - 06:00:06) ->    28(time 21701 - 06:01:41)(time 21925 - 06:05:25) ->    27(time 22403 - 06:13:23)(time 22593 - 06:16:33) ->    26(time 22859 - 06:20:59)(time 23068 - 06:24:28) ->    25(time 23163 - 06:26:03)(time 23380 - 06:29:40) ->    24(time 23475 - 06:31:15)(time 23662 - 06:34:22) ->    23(time 23757 - 06:35:57)(time 23947 - 06:39:07) ->    22(time 24042 - 06:40:42)(time 24243 - 06:44:03) ->    21(time 24338 - 06:45:38)(time 24551 - 06:49:11) ->    20(time 24646 - 06:50:46)(time 24866 - 06:54:26) ->    19(time 25138 - 06:58:58)(time 25361 - 07:02:41) ->    18(time 25633 - 07:07:13)(time 25859 - 07:10:59) ->    17(time 25954 - 07:12:34)(time 26178 - 07:16:18) ->    16(time 26273 - 07:17:53)(time 26489 - 07:21:29) ->    15(time 26761 - 07:26:01)(time 26761 - 07:26:01) ->    0(time 26761 - 07:26:01)(time 26977 - 07:29:37) ->    1(time 27072 - 07:31:12)(time 27296 - 07:34:56) ->    2(time 27391 - 07:36:31)(time 27617 - 07:40:17) ->    3(time 27889 - 07:44:49)(time 28112 - 07:48:32) ->    4(time 28384 - 07:53:04)(time 28604 - 07:56:44) ->    5(time 28699 - 07:58:19)(time 28912 - 08:01:52) ->    6(time 29007 - 08:03:27)(time 29208 - 08:06:48) ->    7(time 29303 - 08:08:23)(time 29493 - 08:11:33) ->    8(time 29588 - 08:13:08)(time 29775 - 08:16:15) ->    9(time 29870 - 08:17:50)(time 30087 - 08:21:27) ->    10(time 30182 - 08:23:02)(time 30391 - 08:26:31) ->    11(time 30486 - 08:28:06)(time 30676 - 08:31:16) ->    12(time 30771 - 08:32:51)(time 30995 - 08:36:35) ->    13(time 31467 - 08:44:27)(time 31655 - 08:47:35) ->    14(time 31927 - 08:52:07)(time 31927 - 08:52:07) -> 29
=============
Train 1
=============
> Trip 0
   4(time 0 - 00:00:00)(time 220 - 00:03:40) ->    5(time 315 - 00:05:15)(time 528 - 00:08:48) ->    6(time 623 - 00:10:23)(time 824 - 00:13:44) ->    7(time 919 - 00:15:19)(time 1109 - 00:18:29) ->    8(time 1204 - 00:20:04)(time 1391 - 00:23:11) ->    9(time 1486 - 00:24:46)(time 1703 - 00:28:23) ->    10(time 1798 - 00:29:58)(time 2007 - 00:33:27) ->    11(time 2102 - 00:35:02)(time 2292 - 00:38:12) ->    12(time 2387 - 00:39:47)(time 2611 - 00:43:31) ->    13(time 2706 - 00:45:06)(time 2894 - 00:48:14) -> 14
> Trip 1
   29(time 9903 - 02:45:03)(time 10091 - 02:48:11) ->    28(time 10186 - 02:49:46)(time 10410 - 02:53:30) ->    27(time 10888 - 03:01:28)(time 11078 - 03:04:38) ->    26(time 11173 - 03:06:13)(time 11382 - 03:09:42) ->    25(time 11477 - 03:11:17)(time 11694 - 03:14:54) ->    24(time 12172 - 03:22:52)(time 12359 - 03:25:59) ->    23(time 12454 - 03:27:34)(time 12644 - 03:30:44) ->    22(time 12739 - 03:32:19)(time 12940 - 03:35:40) ->    21(time 13035 - 03:37:15)(time 13248 - 03:40:48) ->    20(time 13343 - 03:42:23)(time 13563 - 03:46:03) ->    19(time 13835 - 03:50:35)(time 14058 - 03:54:18) ->    18(time 14330 - 03:58:50)(time 14556 - 04:02:36) ->    17(time 14651 - 04:04:11)(time 14875 - 04:07:55) ->    16(time 14970 - 04:09:30)(time 15186 - 04:13:06) ->    15(time 15466 - 04:17:46)(time 15466 - 04:17:46) ->    0(time 15466 - 04:17:46)(time 15682 - 04:21:22) ->    1(time 15777 - 04:22:57)(time 16001 - 04:26:41) ->    2(time 16096 - 04:28:16)(time 16322 - 04:32:02) ->    3(time 16594 - 04:36:34)(time 16817 - 04:40:17) ->    4(time 17089 - 04:44:49)(time 17309 - 04:48:29) ->    5(time 17404 - 04:50:04)(time 17617 - 04:53:37) ->    6(time 17712 - 04:55:12)(time 17913 - 04:58:33) ->    7(time 18008 - 05:00:08)(time 18198 - 05:03:18) ->    8(time 18293 - 05:04:53)(time 18480 - 05:08:00) ->    9(time 18575 - 05:09:35)(time 18792 - 05:13:12) ->    10(time 18887 - 05:14:47)(time 19096 - 05:18:16) ->    11(time 19191 - 05:19:51)(time 19381 - 05:23:01) ->    12(time 19476 - 05:24:36)(time 19700 - 05:28:20) ->    13(time 19795 - 05:29:55)(time 19983 - 05:33:03) ->    14(time 20461 - 05:41:01)(time 20461 - 05:41:01) -> 29
> Trip 2
   29(time 21323 - 05:55:23)(time 21511 - 05:58:31) ->    28(time 21606 - 06:00:06)(time 21830 - 06:03:50) ->    27(time 21925 - 06:05:25)(time 22115 - 06:08:35) ->    26(time 22587 - 06:16:27)(time 22796 - 06:19:56) ->    25(time 22891 - 06:21:31)(time 23108 - 06:25:08) ->    24(time 23203 - 06:26:43)(time 23390 - 06:29:50) ->    23(time 23485 - 06:31:25)(time 23675 - 06:34:35) ->    22(time 23770 - 06:36:10)(time 23971 - 06:39:31) ->    21(time 24066 - 06:41:06)(time 24279 - 06:44:39) ->    20(time 24374 - 06:46:14)(time 24594 - 06:49:54) ->    19(time 24866 - 06:54:26)(time 25089 - 06:58:09) ->    18(time 25361 - 07:02:41)(time 25587 - 07:06:27) ->    17(time 25682 - 07:08:02)(time 25906 - 07:11:46) ->    16(time 26001 - 07:13:21)(time 26217 - 07:16:57) ->    15(time 26489 - 07:21:29)(time 26489 - 07:21:29) ->    0(time 26489 - 07:21:29)(time 26705 - 07:25:05) ->    1(time 26800 - 07:26:40)(time 27024 - 07:30:24) ->    2(time 27119 - 07:31:59)(time 27345 - 07:35:45) ->    3(time 27617 - 07:40:17)(time 27840 - 07:44:00) ->    4(time 28112 - 07:48:32)(time 28332 - 07:52:12) ->    5(time 28427 - 07:53:47)(time 28640 - 07:57:20) ->    6(time 28735 - 07:58:55)(time 28936 - 08:02:16) ->    7(time 29113 - 08:05:13)(time 29303 - 08:08:23) ->    8(time 29398 - 08:09:58)(time 29585 - 08:13:05) ->    9(time 29680 - 08:14:40)(time 29897 - 08:18:17) ->    10(time 29992 - 08:19:52)(time 30201 - 08:23:21) ->    11(time 30296 - 08:24:56)(time 30486 - 08:28:06) ->    12(time 30581 - 08:29:41)(time 30805 - 08:33:25) ->    13(time 30989 - 08:36:29)(time 31177 - 08:39:37) ->    14(time 31655 - 08:47:35)(time 31655 - 08:47:35) -> 29
=============
Train 2
=============
> Trip 0
   19(time 0 - 00:00:00)(time 223 - 00:03:43) ->    18(time 495 - 00:08:15)(time 721 - 00:12:01) ->    17(time 816 - 00:13:36)(time 1040 - 00:17:20) ->    16(time 1135 - 00:18:55)(time 1351 - 00:22:31) -> 15
> Trip 1
   0(time 5386 - 01:29:46)(time 5602 - 01:33:22) ->    1(time 5697 - 01:34:57)(time 5921 - 01:38:41) ->    2(time 6016 - 01:40:16)(time 6242 - 01:44:02) ->    3(time 6514 - 01:48:34)(time 6737 - 01:52:17) ->    4(time 7009 - 01:56:49)(time 7229 - 02:00:29) ->    5(time 7324 - 02:02:04)(time 7537 - 02:05:37) ->    6(time 7632 - 02:07:12)(time 7833 - 02:10:33) ->    7(time 7928 - 02:12:08)(time 8118 - 02:15:18) ->    8(time 8213 - 02:16:53)(time 8400 - 02:20:00) ->    9(time 8495 - 02:21:35)(time 8712 - 02:25:12) ->    10(time 8807 - 02:26:47)(time 9016 - 02:30:16) ->    11(time 9111 - 02:31:51)(time 9301 - 02:35:01) ->    12(time 9396 - 02:36:36)(time 9620 - 02:40:20) ->    13(time 9715 - 02:41:55)(time 9903 - 02:45:03) ->    14(time 10381 - 02:53:01)(time 10381 - 02:53:01) ->    29(time 10859 - 03:00:59)(time 11047 - 03:04:07) ->    28(time 11142 - 03:05:42)(time 11366 - 03:09:26) ->    27(time 11844 - 03:17:24)(time 12034 - 03:20:34) ->    26(time 12512 - 03:28:32)(time 12721 - 03:32:01) ->    25(time 13199 - 03:39:59)(time 13416 - 03:43:36) ->    24(time 13894 - 03:51:34)(time 14081 - 03:54:41) ->    23(time 14559 - 04:02:39)(time 14749 - 04:05:49) ->    22(time 15227 - 04:13:47)(time 15428 - 04:17:08) ->    21(time 15906 - 04:25:06)(time 16119 - 04:28:39) ->    20(time 16597 - 04:36:37)(time 16817 - 04:40:17) ->    19(time 17295 - 04:48:15)(time 17518 - 04:51:58) ->    18(time 17790 - 04:56:30)(time 18016 - 05:00:16) ->    17(time 18111 - 05:01:51)(time 18335 - 05:05:35) ->    16(time 18430 - 05:07:10)(time 18646 - 05:10:46) ->    15(time 19124 - 05:18:44)(time 19124 - 05:18:44) -> 0
> Trip 2
   0(time 21323 - 05:55:23)(time 21539 - 05:58:59) ->    1(time 21634 - 06:00:34)(time 21858 - 06:04:18) ->    2(time 21953 - 06:05:53)(time 22179 - 06:09:39) ->    3(time 22451 - 06:14:11)(time 22674 - 06:17:54) ->    4(time 22946 - 06:22:26)(time 23166 - 06:26:06) ->    5(time 23261 - 06:27:41)(time 23474 - 06:31:14) ->    6(time 23569 - 06:32:49)(time 23770 - 06:36:10) ->    7(time 24248 - 06:44:08)(time 24438 - 06:47:18) ->    8(time 24916 - 06:55:16)(time 25103 - 06:58:23) ->    9(time 25458 - 07:04:18)(time 25675 - 07:07:55) ->    10(time 25770 - 07:09:30)(time 25979 - 07:12:59) ->    11(time 26074 - 07:14:34)(time 26264 - 07:17:44) ->    12(time 26359 - 07:19:19)(time 26583 - 07:23:03) ->    13(time 26678 - 07:24:38)(time 26866 - 07:27:46) ->    14(time 27138 - 07:32:18)(time 27138 - 07:32:18) ->    29(time 27138 - 07:32:18)(time 27326 - 07:35:26) ->    28(time 27421 - 07:37:01)(time 27645 - 07:40:45) ->    27(time 27740 - 07:42:20)(time 27930 - 07:45:30) ->    26(time 28025 - 07:47:05)(time 28234 - 07:50:34) ->    25(time 28329 - 07:52:09)(time 28546 - 07:55:46) ->    24(time 28641 - 07:57:21)(time 28828 - 08:00:28) ->    23(time 28923 - 08:02:03)(time 29113 - 08:05:13) ->    22(time 29208 - 08:06:48)(time 29409 - 08:10:09) ->    21(time 29504 - 08:11:44)(time 29717 - 08:15:17) ->    20(time 29812 - 08:16:52)(time 30032 - 08:20:32) ->    19(time 30304 - 08:25:04)(time 30527 - 08:28:47) ->    18(time 30799 - 08:33:19)(time 31025 - 08:37:05) ->    17(time 31120 - 08:38:40)(time 31344 - 08:42:24) ->    16(time 31439 - 08:43:59)(time 31655 - 08:47:35) ->    15(time 31927 - 08:52:07)(time 31927 - 08:52:07) -> 0
