t3p11r2h1.txt:
   > Trying to open the instance file...
   > Reading number of trains...
   > Reading maximum number of trips per train...
   > Reading time intervals...
   > Reading number of points...
   > Reading stations...
   > Reading crossings...
   > Reading depots...
   > Reading initial point...
   > Reading routes...
   > Reading distance and distance and service...
   > Reading demands...
   > Reading maximum time...
   > Reading alpha...

--------------------------------
 Printing instance
--------------------------------
number of trains = 3
	max trips per trains: 7     7     7
number of intervals = 1
	(0,  62344)
number of points = 11
	initial point: 10
	stations: 0     1     2     3     4     5     6     7     8     9    10
	crossings: 0     8    10
	depots: 0    10
number of vertices = 22
	total vertices: 0     1     2     3     4     5     6     7     8     9    10    11    12    13    14    15    16    17    18    19    20    21
	upper vertices: 0     1     2     3     4     5     6     7     8     9    10
	lower vertices: 11    12    13    14    15    16    17    18    19    20    21
	vertices of point #0: (0, 11)
	vertices of point #1: (1, 12)
	vertices of point #2: (2, 13)
	vertices of point #3: (3, 14)
	vertices of point #4: (4, 15)
	vertices of point #5: (5, 16)
	vertices of point #6: (6, 17)
	vertices of point #7: (7, 18)
	vertices of point #8: (8, 19)
	vertices of point #9: (9, 20)
	vertices of point #10: (10, 21)

arcs...
	total arcs: 
		arc #0: (0, 1)
		arc #1: (0, 11)
		arc #2: (11, 0)
		arc #3: (1, 2)
		arc #4: (12, 11)
		arc #5: (2, 3)
		arc #6: (13, 12)
		arc #7: (3, 4)
		arc #8: (14, 13)
		arc #9: (4, 5)
		arc #10: (15, 14)
		arc #11: (5, 6)
		arc #12: (16, 15)
		arc #13: (6, 7)
		arc #14: (17, 16)
		arc #15: (7, 8)
		arc #16: (18, 17)
		arc #17: (8, 9)
		arc #18: (19, 18)
		arc #19: (9, 10)
		arc #20: (20, 19)
		arc #21: (21, 20)
		arc #22: (10, 21)
		arc #23: (21, 10)

	reverse arcs: 
		arc #1: (0, 11)
		arc #2: (11, 0)
		arc #22: (10, 21)
		arc #23: (21, 10)


incompatible points...
	(0, 7, 19, (7, 8))	(19, 12, 0, (12, 11))	(8, 9, 21, (9, 10))	(21, 20, 8, (20, 19))

number of routes = 2
vertices of routes...
	route #0: 0     1     2     3     4     5     6     7     8     9    10    21    20    19    18    17    16    15    14    13    12    11     0
	route #1: 21    20    19    18    17    16    15    14    13    12    11     0     1     2     3     4     5     6     7     8     9    10    21
arcs of routes...
	route #0: 0     3     5     7     9    11    13    15    17    19    22    21    20    18    16    14    12    10     8     6     4     2
	route #1: 21    20    18    16    14    12    10     8     6     4     2     0     3     5     7     9    11    13    15    17    19    22

incompatible routes...
	(0, 1)    	(1, 0)

vertices that can be adjacent in consecutive trips...
	(0, 0)    	(21, 21)
non cyclical routes: 


routes of trip...
	routes that train #0 can complete at trip #0: 1
	routes that train #0 can complete at trip #1: 0       1
	routes that train #0 can complete at trip #2: 0       1
	routes that train #0 can complete at trip #3: 0       1
	routes that train #0 can complete at trip #4: 0       1
	routes that train #0 can complete at trip #5: 0       1
	routes that train #0 can complete at trip #6: 0       1

	routes that train #1 can complete at trip #0: 1
	routes that train #1 can complete at trip #1: 0       1
	routes that train #1 can complete at trip #2: 0       1
	routes that train #1 can complete at trip #3: 0       1
	routes that train #1 can complete at trip #4: 0       1
	routes that train #1 can complete at trip #5: 0       1
	routes that train #1 can complete at trip #6: 0       1

	routes that train #2 can complete at trip #0: 1
	routes that train #2 can complete at trip #1: 0       1
	routes that train #2 can complete at trip #2: 0       1
	routes that train #2 can complete at trip #3: 0       1
	routes that train #2 can complete at trip #4: 0       1
	routes that train #2 can complete at trip #5: 0       1
	routes that train #2 can complete at trip #6: 0       1

 cost...
	arc #0 [0][1]: 161
	arc #1 [0][11]: 0
	arc #2 [11][0]: 0
	arc #3 [1][2]: 154
	arc #4 [12][11]: 161
	arc #5 [2][3]: 154
	arc #6 [13][12]: 154
	arc #7 [3][4]: 166
	arc #8 [14][13]: 154
	arc #9 [4][5]: 149
	arc #10 [15][14]: 166
	arc #11 [5][6]: 155
	arc #12 [16][15]: 149
	arc #13 [6][7]: 170
	arc #14 [17][16]: 155
	arc #15 [7][8]: 157
	arc #16 [18][17]: 170
	arc #17 [8][9]: 163
	arc #18 [19][18]: 157
	arc #19 [9][10]: 180
	arc #20 [20][19]: 163
	arc #21 [21][20]: 180
	arc #22 [10][21]: 0
	arc #23 [21][10]: 0

cost with minimum service...
	arc #0 [0][1]: 268
	arc #1 [0][11]: 0
	arc #2 [11][0]: 0
	arc #3 [1][2]: 261
	arc #4 [12][11]: 437
	arc #5 [2][3]: 261
	arc #6 [13][12]: 261
	arc #7 [3][4]: 273
	arc #8 [14][13]: 261
	arc #9 [4][5]: 256
	arc #10 [15][14]: 273
	arc #11 [5][6]: 262
	arc #12 [16][15]: 256
	arc #13 [6][7]: 277
	arc #14 [17][16]: 262
	arc #15 [7][8]: 264
	arc #16 [18][17]: 277
	arc #17 [8][9]: 270
	arc #18 [19][18]: 264
	arc #19 [9][10]: 456
	arc #20 [20][19]: 270
	arc #21 [21][20]: 287
	arc #22 [10][21]: 0
	arc #23 [21][10]: 0

cost with maximum service...
	arc #0 [0][1]: 684
	arc #1 [0][11]: 523
	arc #2 [11][0]: 523
	arc #3 [1][2]: 677
	arc #4 [12][11]: 684
	arc #5 [2][3]: 677
	arc #6 [13][12]: 677
	arc #7 [3][4]: 689
	arc #8 [14][13]: 677
	arc #9 [4][5]: 672
	arc #10 [15][14]: 689
	arc #11 [5][6]: 678
	arc #12 [16][15]: 672
	arc #13 [6][7]: 693
	arc #14 [17][16]: 678
	arc #15 [7][8]: 680
	arc #16 [18][17]: 693
	arc #17 [8][9]: 686
	arc #18 [19][18]: 680
	arc #19 [9][10]: 703
	arc #20 [20][19]: 686
	arc #21 [21][20]: 703
	arc #22 [10][21]: 523
	arc #23 [21][10]: 523

demands...
	demands of vertex 0 at time interval: 19
	demands of vertex 1 at time interval: 19
	demands of vertex 2 at time interval: 19
	demands of vertex 3 at time interval: 19
	demands of vertex 4 at time interval: 19
	demands of vertex 5 at time interval: 19
	demands of vertex 6 at time interval: 19
	demands of vertex 7 at time interval: 19
	demands of vertex 8 at time interval: 19
	demands of vertex 9 at time interval: 19
	demands of vertex 10 at time interval: 0
	demands of vertex 11 at time interval: 0
	demands of vertex 12 at time interval: 19
	demands of vertex 13 at time interval: 19
	demands of vertex 14 at time interval: 19
	demands of vertex 15 at time interval: 19
	demands of vertex 16 at time interval: 19
	demands of vertex 17 at time interval: 19
	demands of vertex 18 at time interval: 19
	demands of vertex 19 at time interval: 19
	demands of vertex 20 at time interval: 19
	demands of vertex 21 at time interval: 19

maximum time = 62344
alpha = 55

Selecting set of cyclical routes...

Selecting set of initial routes...

Creating initial set of candidate combinations...
Solving candidate combinations...

Found new best - 1/1 candidate combination(s) tested! (Thread 0)

Removing trips...

Solving candidate combinations...

1/2 candidate combination(s) tested! (Thread 0)
2/2 candidate combination(s) tested! (Thread 0)

Relaxing trips, so the model can make changes...

>> Printing some results...
    -> Solution value = 38039 - 10:33:59
    -> Total time = 2410.09

=============
Train 0
=============
> Trip 0
   21(time 107 - 00:01:47)(time 287 - 00:04:47) ->    20(time 394 - 00:06:34)(time 557 - 00:09:17) ->    19(time 1001 - 00:16:41)(time 1158 - 00:19:18) ->    18(time 1265 - 00:21:05)(time 1435 - 00:23:55) ->    17(time 1542 - 00:25:42)(time 1697 - 00:28:17) ->    16(time 1804 - 00:30:04)(time 1953 - 00:32:33) ->    15(time 2060 - 00:34:20)(time 2226 - 00:37:06) ->    14(time 2333 - 00:38:53)(time 2487 - 00:41:27) ->    13(time 2594 - 00:43:14)(time 2748 - 00:45:48) ->    12(time 2855 - 00:47:35)(time 3016 - 00:50:16) ->    11(time 3292 - 00:54:52)(time 3292 - 00:54:52) ->    0(time 3461 - 00:57:41)(time 3622 - 01:00:22) ->    1(time 3729 - 01:02:09)(time 3883 - 01:04:43) ->    2(time 3990 - 01:06:30)(time 4144 - 01:09:04) ->    3(time 4251 - 01:10:51)(time 4417 - 01:13:37) ->    4(time 4524 - 01:15:24)(time 4673 - 01:17:53) ->    5(time 4780 - 01:19:40)(time 4935 - 01:22:15) ->    6(time 5042 - 01:24:02)(time 5212 - 01:26:52) ->    7(time 5319 - 01:28:39)(time 5476 - 01:31:16) ->    8(time 5583 - 01:33:03)(time 5746 - 01:35:46) ->    9(time 5960 - 01:39:20)(time 6140 - 01:42:20) ->    10(time 6416 - 01:46:56)(time 6416 - 01:46:56) -> 21
> Trip 1
   21(time 6968 - 01:56:08)(time 7148 - 01:59:08) ->    20(time 7255 - 02:00:55)(time 7418 - 02:03:38) ->    19(time 7525 - 02:05:25)(time 7682 - 02:08:02) ->    18(time 7789 - 02:09:49)(time 7959 - 02:12:39) ->    17(time 8066 - 02:14:26)(time 8221 - 02:17:01) ->    16(time 8328 - 02:18:48)(time 8477 - 02:21:17) ->    15(time 8584 - 02:23:04)(time 8750 - 02:25:50) ->    14(time 8857 - 02:27:37)(time 9011 - 02:30:11) ->    13(time 9118 - 02:31:58)(time 9272 - 02:34:32) ->    12(time 9379 - 02:36:19)(time 9540 - 02:39:00) ->    11(time 9923 - 02:45:23)(time 9923 - 02:45:23) ->    0(time 9923 - 02:45:23)(time 10084 - 02:48:04) ->    1(time 10191 - 02:49:51)(time 10345 - 02:52:25) ->    2(time 10621 - 02:57:01)(time 10775 - 02:59:35) ->    3(time 10882 - 03:01:22)(time 11048 - 03:04:08) ->    4(time 11155 - 03:05:55)(time 11304 - 03:08:24) ->    5(time 11411 - 03:10:11)(time 11566 - 03:12:46) ->    6(time 11673 - 03:14:33)(time 11843 - 03:17:23) ->    7(time 11950 - 03:19:10)(time 12107 - 03:21:47) ->    8(time 12214 - 03:23:34)(time 12377 - 03:26:17) ->    9(time 12484 - 03:28:04)(time 12664 - 03:31:04) ->    10(time 13187 - 03:39:47)(time 13187 - 03:39:47) -> 21
> Trip 2
   21(time 13216 - 03:40:16)(time 13396 - 03:43:16) ->    20(time 13503 - 03:45:03)(time 13666 - 03:47:46) ->    19(time 13773 - 03:49:33)(time 13930 - 03:52:10) ->    18(time 14037 - 03:53:57)(time 14207 - 03:56:47) ->    17(time 14314 - 03:58:34)(time 14469 - 04:01:09) ->    16(time 14576 - 04:02:56)(time 14725 - 04:05:25) ->    15(time 14832 - 04:07:12)(time 14998 - 04:09:58) ->    14(time 15105 - 04:11:45)(time 15259 - 04:14:19) ->    13(time 15366 - 04:16:06)(time 15520 - 04:18:40) ->    12(time 15627 - 04:20:27)(time 15788 - 04:23:08) ->    11(time 16064 - 04:27:44)(time 16064 - 04:27:44) ->    0(time 16064 - 04:27:44)(time 16225 - 04:30:25) ->    1(time 16439 - 04:33:59)(time 16593 - 04:36:33) ->    2(time 16700 - 04:38:20)(time 16854 - 04:40:54) ->    3(time 16961 - 04:42:41)(time 17127 - 04:45:27) ->    4(time 17403 - 04:50:03)(time 17552 - 04:52:32) ->    5(time 17659 - 04:54:19)(time 17814 - 04:56:54) ->    6(time 17921 - 04:58:41)(time 18091 - 05:01:31) ->    7(time 18198 - 05:03:18)(time 18355 - 05:05:55) ->    8(time 18462 - 05:07:42)(time 18625 - 05:10:25) ->    9(time 18732 - 05:12:12)(time 18912 - 05:15:12) ->    10(time 19188 - 05:19:48)(time 19188 - 05:19:48) -> 21
> Trip 3
   21(time 19188 - 05:19:48)(time 19368 - 05:22:48) ->    20(time 19475 - 05:24:35)(time 19638 - 05:27:18) ->    19(time 19745 - 05:29:05)(time 19902 - 05:31:42) ->    18(time 20009 - 05:33:29)(time 20179 - 05:36:19) ->    17(time 20286 - 05:38:06)(time 20441 - 05:40:41) ->    16(time 20548 - 05:42:28)(time 20697 - 05:44:57) ->    15(time 20804 - 05:46:44)(time 20970 - 05:49:30) ->    14(time 21077 - 05:51:17)(time 21231 - 05:53:51) ->    13(time 21338 - 05:55:38)(time 21492 - 05:58:12) ->    12(time 21599 - 05:59:59)(time 21760 - 06:02:40) ->    11(time 22036 - 06:07:16)(time 22036 - 06:07:16) ->    0(time 22312 - 06:11:52)(time 22473 - 06:14:33) ->    1(time 22580 - 06:16:20)(time 22734 - 06:18:54) ->    2(time 22841 - 06:20:41)(time 22995 - 06:23:15) ->    3(time 23102 - 06:25:02)(time 23268 - 06:27:48) ->    4(time 23375 - 06:29:35)(time 23524 - 06:32:04) ->    5(time 23631 - 06:33:51)(time 23786 - 06:36:26) ->    6(time 23893 - 06:38:13)(time 24063 - 06:41:03) ->    7(time 24170 - 06:42:50)(time 24327 - 06:45:27) ->    8(time 24434 - 06:47:14)(time 24597 - 06:49:57) ->    9(time 24704 - 06:51:44)(time 24884 - 06:54:44) ->    10(time 25160 - 06:59:20)(time 25160 - 06:59:20) -> 21
> Trip 4
   21(time 25160 - 06:59:20)(time 25340 - 07:02:20) ->    20(time 25447 - 07:04:07)(time 25610 - 07:06:50) ->    19(time 25717 - 07:08:37)(time 25874 - 07:11:14) ->    18(time 25981 - 07:13:01)(time 26151 - 07:15:51) ->    17(time 26258 - 07:17:38)(time 26413 - 07:20:13) ->    16(time 26520 - 07:22:00)(time 26669 - 07:24:29) ->    15(time 26776 - 07:26:16)(time 26942 - 07:29:02) ->    14(time 27049 - 07:30:49)(time 27203 - 07:33:23) ->    13(time 27310 - 07:35:10)(time 27464 - 07:37:44) ->    12(time 27571 - 07:39:31)(time 27732 - 07:42:12) ->    11(time 28008 - 07:46:48)(time 28008 - 07:46:48) ->    0(time 28284 - 07:51:24)(time 28445 - 07:54:05) ->    1(time 28552 - 07:55:52)(time 28706 - 07:58:26) ->    2(time 28813 - 08:00:13)(time 28967 - 08:02:47) ->    3(time 29074 - 08:04:34)(time 29240 - 08:07:20) ->    4(time 29347 - 08:09:07)(time 29496 - 08:11:36) ->    5(time 29603 - 08:13:23)(time 29758 - 08:15:58) ->    6(time 29865 - 08:17:45)(time 30035 - 08:20:35) ->    7(time 30142 - 08:22:22)(time 30299 - 08:24:59) ->    8(time 30406 - 08:26:46)(time 30569 - 08:29:29) ->    9(time 30676 - 08:31:16)(time 30856 - 08:34:16) ->    10(time 31132 - 08:38:52)(time 31132 - 08:38:52) -> 21
> Trip 5
   21(time 31408 - 08:43:28)(time 31588 - 08:46:28) ->    20(time 31695 - 08:48:15)(time 31858 - 08:50:58) ->    19(time 31965 - 08:52:45)(time 32122 - 08:55:22) ->    18(time 32229 - 08:57:09)(time 32399 - 08:59:59) ->    17(time 32506 - 09:01:46)(time 32661 - 09:04:21) ->    16(time 32768 - 09:06:08)(time 32917 - 09:08:37) ->    15(time 33024 - 09:10:24)(time 33190 - 09:13:10) ->    14(time 33297 - 09:14:57)(time 33451 - 09:17:31) ->    13(time 33558 - 09:19:18)(time 33712 - 09:21:52) ->    12(time 33819 - 09:23:39)(time 33980 - 09:26:20) ->    11(time 34256 - 09:30:56)(time 34256 - 09:30:56) ->    0(time 34532 - 09:35:32)(time 34693 - 09:38:13) ->    1(time 34800 - 09:40:00)(time 34954 - 09:42:34) ->    2(time 35061 - 09:44:21)(time 35215 - 09:46:55) ->    3(time 35322 - 09:48:42)(time 35488 - 09:51:28) ->    4(time 35595 - 09:53:15)(time 35744 - 09:55:44) ->    5(time 35851 - 09:57:31)(time 36006 - 10:00:06) ->    6(time 36113 - 10:01:53)(time 36283 - 10:04:43) ->    7(time 36390 - 10:06:30)(time 36547 - 10:09:07) ->    8(time 36654 - 10:10:54)(time 36817 - 10:13:37) ->    9(time 36924 - 10:15:24)(time 37104 - 10:18:24) ->    10(time 37380 - 10:23:00)(time 37380 - 10:23:00) -> 21
> Trip 6
   21(time 37656 - 10:27:36)(time 37836 - 10:30:36) ->    20(time 37943 - 10:32:23)(time 38106 - 10:35:06) ->    19(time 38213 - 10:36:53)(time 38370 - 10:39:30) ->    18(time 38477 - 10:41:17)(time 38647 - 10:44:07) ->    17(time 38754 - 10:45:54)(time 38909 - 10:48:29) ->    16(time 39016 - 10:50:16)(time 39165 - 10:52:45) ->    15(time 39272 - 10:54:32)(time 39438 - 10:57:18) ->    14(time 39545 - 10:59:05)(time 39699 - 11:01:39) ->    13(time 39806 - 11:03:26)(time 39960 - 11:06:00) ->    12(time 40067 - 11:07:47)(time 40228 - 11:10:28) ->    11(time 40504 - 11:15:04)(time 40504 - 11:15:04) ->    0(time 40780 - 11:19:40)(time 40941 - 11:22:21) ->    1(time 41048 - 11:24:08)(time 41202 - 11:26:42) ->    2(time 41309 - 11:28:29)(time 41463 - 11:31:03) ->    3(time 41570 - 11:32:50)(time 41736 - 11:35:36) ->    4(time 41843 - 11:37:23)(time 41992 - 11:39:52) ->    5(time 42099 - 11:41:39)(time 42254 - 11:44:14) ->    6(time 42361 - 11:46:01)(time 42531 - 11:48:51) ->    7(time 42638 - 11:50:38)(time 42795 - 11:53:15) ->    8(time 42902 - 11:55:02)(time 43065 - 11:57:45) ->    9(time 43172 - 11:59:32)(time 43352 - 12:02:32) ->    10(time 43628 - 12:07:08)(time 43628 - 12:07:08) -> 21
=============
Train 1
=============
> Trip 0
   21(time 720 - 00:12:00)(time 900 - 00:15:00) ->    20(time 1007 - 00:16:47)(time 1170 - 00:19:30) ->    19(time 1277 - 00:21:17)(time 1434 - 00:23:54) ->    18(time 1541 - 00:25:41)(time 1711 - 00:28:31) ->    17(time 1818 - 00:30:18)(time 1973 - 00:32:53) ->    16(time 2080 - 00:34:40)(time 2229 - 00:37:09) ->    15(time 2336 - 00:38:56)(time 2502 - 00:41:42) ->    14(time 2609 - 00:43:29)(time 2763 - 00:46:03) ->    13(time 2870 - 00:47:50)(time 3024 - 00:50:24) ->    12(time 3131 - 00:52:11)(time 3292 - 00:54:52) ->    11(time 3568 - 00:59:28)(time 3568 - 00:59:28) ->    0(time 3568 - 00:59:28)(time 3729 - 01:02:09) ->    1(time 3836 - 01:03:56)(time 3990 - 01:06:30) ->    2(time 4097 - 01:08:17)(time 4251 - 01:10:51) ->    3(time 4358 - 01:12:38)(time 4524 - 01:15:24) ->    4(time 4631 - 01:17:11)(time 4780 - 01:19:40) ->    5(time 4887 - 01:21:27)(time 5042 - 01:24:02) ->    6(time 5149 - 01:25:49)(time 5319 - 01:28:39) ->    7(time 5426 - 01:30:26)(time 5583 - 01:33:03) ->    8(time 5797 - 01:36:37)(time 5960 - 01:39:20) ->    9(time 6236 - 01:43:56)(time 6416 - 01:46:56) ->    10(time 6692 - 01:51:32)(time 6692 - 01:51:32) -> 21
> Trip 1
   21(time 6692 - 01:51:32)(time 6872 - 01:54:32) ->    20(time 6979 - 01:56:19)(time 7142 - 01:59:02) ->    19(time 7249 - 02:00:49)(time 7406 - 02:03:26) ->    18(time 7513 - 02:05:13)(time 7683 - 02:08:03) ->    17(time 7790 - 02:09:50)(time 7945 - 02:12:25) ->    16(time 8052 - 02:14:12)(time 8201 - 02:16:41) ->    15(time 8308 - 02:18:28)(time 8474 - 02:21:14) ->    14(time 8581 - 02:23:01)(time 8735 - 02:25:35) ->    13(time 8842 - 02:27:22)(time 8996 - 02:29:56) ->    12(time 9103 - 02:31:43)(time 9264 - 02:34:24) ->    11(time 9540 - 02:39:00)(time 9540 - 02:39:00) ->    0(time 9816 - 02:43:36)(time 9977 - 02:46:17) ->    1(time 10084 - 02:48:04)(time 10238 - 02:50:38) ->    2(time 10345 - 02:52:25)(time 10499 - 02:54:59) ->    3(time 10606 - 02:56:46)(time 10772 - 02:59:32) ->    4(time 10879 - 03:01:19)(time 11028 - 03:03:48) ->    5(time 11135 - 03:05:35)(time 11290 - 03:08:10) ->    6(time 11397 - 03:09:57)(time 11567 - 03:12:47) ->    7(time 11674 - 03:14:34)(time 11831 - 03:17:11) ->    8(time 11938 - 03:18:58)(time 12101 - 03:21:41) ->    9(time 12208 - 03:23:28)(time 12388 - 03:26:28) ->    10(time 12664 - 03:31:04)(time 12664 - 03:31:04) -> 21
> Trip 2
   21(time 12940 - 03:35:40)(time 13120 - 03:38:40) ->    20(time 13227 - 03:40:27)(time 13390 - 03:43:10) ->    19(time 13497 - 03:44:57)(time 13654 - 03:47:34) ->    18(time 13761 - 03:49:21)(time 13931 - 03:52:11) ->    17(time 14038 - 03:53:58)(time 14193 - 03:56:33) ->    16(time 14300 - 03:58:20)(time 14449 - 04:00:49) ->    15(time 14556 - 04:02:36)(time 14722 - 04:05:22) ->    14(time 14829 - 04:07:09)(time 14983 - 04:09:43) ->    13(time 15090 - 04:11:30)(time 15244 - 04:14:04) ->    12(time 15351 - 04:15:51)(time 15512 - 04:18:32) ->    11(time 15788 - 04:23:08)(time 15788 - 04:23:08) ->    0(time 15957 - 04:25:57)(time 16118 - 04:28:38) ->    1(time 16225 - 04:30:25)(time 16379 - 04:32:59) ->    2(time 16593 - 04:36:33)(time 16747 - 04:39:07) ->    3(time 16854 - 04:40:54)(time 17020 - 04:43:40) ->    4(time 17127 - 04:45:27)(time 17276 - 04:47:56) ->    5(time 17383 - 04:49:43)(time 17538 - 04:52:18) ->    6(time 17645 - 04:54:05)(time 17815 - 04:56:55) ->    7(time 17922 - 04:58:42)(time 18079 - 05:01:19) ->    8(time 18186 - 05:03:06)(time 18349 - 05:05:49) ->    9(time 18456 - 05:07:36)(time 18636 - 05:10:36) ->    10(time 18912 - 05:15:12)(time 18912 - 05:15:12) -> 21
> Trip 3
   21(time 18912 - 05:15:12)(time 19092 - 05:18:12) ->    20(time 19199 - 05:19:59)(time 19362 - 05:22:42) ->    19(time 19469 - 05:24:29)(time 19626 - 05:27:06) ->    18(time 19733 - 05:28:53)(time 19903 - 05:31:43) ->    17(time 20010 - 05:33:30)(time 20165 - 05:36:05) ->    16(time 20272 - 05:37:52)(time 20421 - 05:40:21) ->    15(time 20528 - 05:42:08)(time 20694 - 05:44:54) ->    14(time 20801 - 05:46:41)(time 20955 - 05:49:15) ->    13(time 21062 - 05:51:02)(time 21216 - 05:53:36) ->    12(time 21323 - 05:55:23)(time 21484 - 05:58:04) ->    11(time 21760 - 06:02:40)(time 21760 - 06:02:40) ->    0(time 22036 - 06:07:16)(time 22197 - 06:09:57) ->    1(time 22304 - 06:11:44)(time 22458 - 06:14:18) ->    2(time 22565 - 06:16:05)(time 22719 - 06:18:39) ->    3(time 22826 - 06:20:26)(time 22992 - 06:23:12) ->    4(time 23099 - 06:24:59)(time 23248 - 06:27:28) ->    5(time 23355 - 06:29:15)(time 23510 - 06:31:50) ->    6(time 23617 - 06:33:37)(time 23787 - 06:36:27) ->    7(time 23894 - 06:38:14)(time 24051 - 06:40:51) ->    8(time 24158 - 06:42:38)(time 24321 - 06:45:21) ->    9(time 24428 - 06:47:08)(time 24608 - 06:50:08) ->    10(time 24884 - 06:54:44)(time 24884 - 06:54:44) -> 21
> Trip 4
   21(time 25543 - 07:05:43)(time 25723 - 07:08:43) ->    20(time 25999 - 07:13:19)(time 26162 - 07:16:02) ->    19(time 26269 - 07:17:49)(time 26426 - 07:20:26) ->    18(time 26533 - 07:22:13)(time 26703 - 07:25:03) ->    17(time 26810 - 07:26:50)(time 26965 - 07:29:25) ->    16(time 27072 - 07:31:12)(time 27221 - 07:33:41) ->    15(time 27328 - 07:35:28)(time 27494 - 07:38:14) ->    14(time 27601 - 07:40:01)(time 27755 - 07:42:35) ->    13(time 27862 - 07:44:22)(time 28016 - 07:46:56) ->    12(time 28123 - 07:48:43)(time 28284 - 07:51:24) ->    11(time 28667 - 07:57:47)(time 28667 - 07:57:47) ->    0(time 28667 - 07:57:47)(time 28828 - 08:00:28) ->    1(time 28935 - 08:02:15)(time 29089 - 08:04:49) ->    2(time 29196 - 08:06:36)(time 29350 - 08:09:10) ->    3(time 29457 - 08:10:57)(time 29623 - 08:13:43) ->    4(time 29730 - 08:15:30)(time 29879 - 08:17:59) ->    5(time 29986 - 08:19:46)(time 30141 - 08:22:21) ->    6(time 30248 - 08:24:08)(time 30418 - 08:26:58) ->    7(time 30525 - 08:28:45)(time 30682 - 08:31:22) ->    8(time 30789 - 08:33:09)(time 30952 - 08:35:52) ->    9(time 31228 - 08:40:28)(time 31408 - 08:43:28) ->    10(time 31931 - 08:52:11)(time 31931 - 08:52:11) -> 21
> Trip 5
   21(time 31960 - 08:52:40)(time 32140 - 08:55:40) ->    20(time 32247 - 08:57:27)(time 32410 - 09:00:10) ->    19(time 32517 - 09:01:57)(time 32674 - 09:04:34) ->    18(time 32781 - 09:06:21)(time 32951 - 09:09:11) ->    17(time 33058 - 09:10:58)(time 33213 - 09:13:33) ->    16(time 33320 - 09:15:20)(time 33469 - 09:17:49) ->    15(time 33576 - 09:19:36)(time 33742 - 09:22:22) ->    14(time 33849 - 09:24:09)(time 34003 - 09:26:43) ->    13(time 34110 - 09:28:30)(time 34264 - 09:31:04) ->    12(time 34371 - 09:32:51)(time 34532 - 09:35:32) ->    11(time 34808 - 09:40:08)(time 34808 - 09:40:08) ->    0(time 34915 - 09:41:55)(time 35076 - 09:44:36) ->    1(time 35183 - 09:46:23)(time 35337 - 09:48:57) ->    2(time 35444 - 09:50:44)(time 35598 - 09:53:18) ->    3(time 35705 - 09:55:05)(time 35871 - 09:57:51) ->    4(time 35978 - 09:59:38)(time 36127 - 10:02:07) ->    5(time 36234 - 10:03:54)(time 36389 - 10:06:29) ->    6(time 36496 - 10:08:16)(time 36666 - 10:11:06) ->    7(time 36773 - 10:12:53)(time 36930 - 10:15:30) ->    8(time 37037 - 10:17:17)(time 37200 - 10:20:00) ->    9(time 37476 - 10:24:36)(time 37656 - 10:27:36) ->    10(time 37932 - 10:32:12)(time 37932 - 10:32:12) -> 21
> Trip 6
   21(time 37932 - 10:32:12)(time 38112 - 10:35:12) ->    20(time 38219 - 10:36:59)(time 38382 - 10:39:42) ->    19(time 38489 - 10:41:29)(time 38646 - 10:44:06) ->    18(time 38753 - 10:45:53)(time 38923 - 10:48:43) ->    17(time 39030 - 10:50:30)(time 39185 - 10:53:05) ->    16(time 39292 - 10:54:52)(time 39441 - 10:57:21) ->    15(time 39548 - 10:59:08)(time 39714 - 11:01:54) ->    14(time 39821 - 11:03:41)(time 39975 - 11:06:15) ->    13(time 40082 - 11:08:02)(time 40236 - 11:10:36) ->    12(time 40343 - 11:12:23)(time 40504 - 11:15:04) ->    11(time 40780 - 11:19:40)(time 40780 - 11:19:40) ->    0(time 41056 - 11:24:16)(time 41217 - 11:26:57) ->    1(time 41324 - 11:28:44)(time 41478 - 11:31:18) ->    2(time 41585 - 11:33:05)(time 41739 - 11:35:39) ->    3(time 41846 - 11:37:26)(time 42012 - 11:40:12) ->    4(time 42119 - 11:41:59)(time 42268 - 11:44:28) ->    5(time 42375 - 11:46:15)(time 42530 - 11:48:50) ->    6(time 42637 - 11:50:37)(time 42807 - 11:53:27) ->    7(time 42914 - 11:55:14)(time 43071 - 11:57:51) ->    8(time 43178 - 11:59:38)(time 43341 - 12:02:21) ->    9(time 43448 - 12:04:08)(time 43628 - 12:07:08) ->    10(time 43904 - 12:11:44)(time 43904 - 12:11:44) -> 21
=============
Train 2
=============
> Trip 0
   21(time 0 - 00:00:00)(time 180 - 00:03:00) ->    20(time 287 - 00:04:47)(time 450 - 00:07:30) ->    19(time 557 - 00:09:17)(time 714 - 00:11:54) ->    18(time 821 - 00:13:41)(time 991 - 00:16:31) ->    17(time 1098 - 00:18:18)(time 1253 - 00:20:53) ->    16(time 1360 - 00:22:40)(time 1509 - 00:25:09) ->    15(time 1616 - 00:26:56)(time 1782 - 00:29:42) ->    14(time 1889 - 00:31:29)(time 2043 - 00:34:03) ->    13(time 2318 - 00:38:38)(time 2472 - 00:41:12) ->    12(time 2579 - 00:42:59)(time 2740 - 00:45:40) ->    11(time 3016 - 00:50:16)(time 3016 - 00:50:16) ->    0(time 3292 - 00:54:52)(time 3453 - 00:57:33) ->    1(time 3560 - 00:59:20)(time 3714 - 01:01:54) ->    2(time 3821 - 01:03:41)(time 3975 - 01:06:15) ->    3(time 4082 - 01:08:02)(time 4248 - 01:10:48) ->    4(time 4355 - 01:12:35)(time 4504 - 01:15:04) ->    5(time 4611 - 01:16:51)(time 4766 - 01:19:26) ->    6(time 4873 - 01:21:13)(time 5043 - 01:24:03) ->    7(time 5150 - 01:25:50)(time 5307 - 01:28:27) ->    8(time 5414 - 01:30:14)(time 5577 - 01:32:57) ->    9(time 5684 - 01:34:44)(time 5864 - 01:37:44) ->    10(time 6140 - 01:42:20)(time 6140 - 01:42:20) -> 21
> Trip 1
   21(time 6416 - 01:46:56)(time 6596 - 01:49:56) ->    20(time 6703 - 01:51:43)(time 6866 - 01:54:26) ->    19(time 6973 - 01:56:13)(time 7130 - 01:58:50) ->    18(time 7237 - 02:00:37)(time 7407 - 02:03:27) ->    17(time 7514 - 02:05:14)(time 7669 - 02:07:49) ->    16(time 7776 - 02:09:36)(time 7925 - 02:12:05) ->    15(time 8032 - 02:13:52)(time 8198 - 02:16:38) ->    14(time 8305 - 02:18:25)(time 8459 - 02:20:59) ->    13(time 8566 - 02:22:46)(time 8720 - 02:25:20) ->    12(time 8827 - 02:27:07)(time 8988 - 02:29:48) ->    11(time 9264 - 02:34:24)(time 9264 - 02:34:24) ->    0(time 9540 - 02:39:00)(time 9701 - 02:41:41) ->    1(time 9808 - 02:43:28)(time 9962 - 02:46:02) ->    2(time 10069 - 02:47:49)(time 10223 - 02:50:23) ->    3(time 10330 - 02:52:10)(time 10496 - 02:54:56) ->    4(time 10603 - 02:56:43)(time 10752 - 02:59:12) ->    5(time 10859 - 03:00:59)(time 11014 - 03:03:34) ->    6(time 11121 - 03:05:21)(time 11291 - 03:08:11) ->    7(time 11398 - 03:09:58)(time 11555 - 03:12:35) ->    8(time 11662 - 03:14:22)(time 11825 - 03:17:05) ->    9(time 11932 - 03:18:52)(time 12112 - 03:21:52) ->    10(time 12388 - 03:26:28)(time 12388 - 03:26:28) -> 21
> Trip 2
   21(time 12664 - 03:31:04)(time 12844 - 03:34:04) ->    20(time 12951 - 03:35:51)(time 13114 - 03:38:34) ->    19(time 13221 - 03:40:21)(time 13378 - 03:42:58) ->    18(time 13485 - 03:44:45)(time 13655 - 03:47:35) ->    17(time 13762 - 03:49:22)(time 13917 - 03:51:57) ->    16(time 14024 - 03:53:44)(time 14173 - 03:56:13) ->    15(time 14280 - 03:58:00)(time 14446 - 04:00:46) ->    14(time 14553 - 04:02:33)(time 14707 - 04:05:07) ->    13(time 14814 - 04:06:54)(time 14968 - 04:09:28) ->    12(time 15075 - 04:11:15)(time 15236 - 04:13:56) ->    11(time 15512 - 04:18:32)(time 15512 - 04:18:32) ->    0(time 15788 - 04:23:08)(time 15949 - 04:25:49) ->    1(time 16056 - 04:27:36)(time 16210 - 04:30:10) ->    2(time 16317 - 04:31:57)(time 16471 - 04:34:31) ->    3(time 16578 - 04:36:18)(time 16744 - 04:39:04) ->    4(time 16851 - 04:40:51)(time 17000 - 04:43:20) ->    5(time 17107 - 04:45:07)(time 17262 - 04:47:42) ->    6(time 17369 - 04:49:29)(time 17539 - 04:52:19) ->    7(time 17646 - 04:54:06)(time 17803 - 04:56:43) ->    8(time 17910 - 04:58:30)(time 18073 - 05:01:13) ->    9(time 18180 - 05:03:00)(time 18360 - 05:06:00) ->    10(time 18636 - 05:10:36)(time 18636 - 05:10:36) -> 21
> Trip 3
   21(time 19464 - 05:24:24)(time 19644 - 05:27:24) ->    20(time 19751 - 05:29:11)(time 19914 - 05:31:54) ->    19(time 20021 - 05:33:41)(time 20178 - 05:36:18) ->    18(time 20285 - 05:38:05)(time 20455 - 05:40:55) ->    17(time 20562 - 05:42:42)(time 20717 - 05:45:17) ->    16(time 20824 - 05:47:04)(time 20973 - 05:49:33) ->    15(time 21080 - 05:51:20)(time 21246 - 05:54:06) ->    14(time 21353 - 05:55:53)(time 21507 - 05:58:27) ->    13(time 21614 - 06:00:14)(time 21768 - 06:02:48) ->    12(time 21875 - 06:04:35)(time 22036 - 06:07:16) ->    11(time 22312 - 06:11:52)(time 22312 - 06:11:52) ->    0(time 22588 - 06:16:28)(time 22749 - 06:19:09) ->    1(time 22856 - 06:20:56)(time 23010 - 06:23:30) ->    2(time 23117 - 06:25:17)(time 23271 - 06:27:51) ->    3(time 23378 - 06:29:38)(time 23544 - 06:32:24) ->    4(time 23651 - 06:34:11)(time 23800 - 06:36:40) ->    5(time 23907 - 06:38:27)(time 24062 - 06:41:02) ->    6(time 24169 - 06:42:49)(time 24339 - 06:45:39) ->    7(time 24446 - 06:47:26)(time 24603 - 06:50:03) ->    8(time 24710 - 06:51:50)(time 24873 - 06:54:33) ->    9(time 24980 - 06:56:20)(time 25160 - 06:59:20) ->    10(time 25436 - 07:03:56)(time 25436 - 07:03:56) -> 21
> Trip 4
   21(time 25436 - 07:03:56)(time 25616 - 07:06:56) ->    20(time 25723 - 07:08:43)(time 25886 - 07:11:26) ->    19(time 25993 - 07:13:13)(time 26150 - 07:15:50) ->    18(time 26257 - 07:17:37)(time 26427 - 07:20:27) ->    17(time 26534 - 07:22:14)(time 26689 - 07:24:49) ->    16(time 26796 - 07:26:36)(time 26945 - 07:29:05) ->    15(time 27052 - 07:30:52)(time 27218 - 07:33:38) ->    14(time 27325 - 07:35:25)(time 27479 - 07:37:59) ->    13(time 27586 - 07:39:46)(time 27740 - 07:42:20) ->    12(time 27847 - 07:44:07)(time 28008 - 07:46:48) ->    11(time 28284 - 07:51:24)(time 28284 - 07:51:24) ->    0(time 28560 - 07:56:00)(time 28721 - 07:58:41) ->    1(time 28828 - 08:00:28)(time 28982 - 08:03:02) ->    2(time 29089 - 08:04:49)(time 29243 - 08:07:23) ->    3(time 29350 - 08:09:10)(time 29516 - 08:11:56) ->    4(time 29623 - 08:13:43)(time 29772 - 08:16:12) ->    5(time 29879 - 08:17:59)(time 30034 - 08:20:34) ->    6(time 30141 - 08:22:21)(time 30311 - 08:25:11) ->    7(time 30418 - 08:26:58)(time 30575 - 08:29:35) ->    8(time 30682 - 08:31:22)(time 30845 - 08:34:05) ->    9(time 30952 - 08:35:52)(time 31132 - 08:38:52) ->    10(time 31408 - 08:43:28)(time 31408 - 08:43:28) -> 21
> Trip 5
   21(time 31515 - 08:45:15)(time 31695 - 08:48:15) ->    20(time 31802 - 08:50:02)(time 31965 - 08:52:45) ->    19(time 32072 - 08:54:32)(time 32229 - 08:57:09) ->    18(time 32336 - 08:58:56)(time 32506 - 09:01:46) ->    17(time 32782 - 09:06:22)(time 32937 - 09:08:57) ->    16(time 33044 - 09:10:44)(time 33193 - 09:13:13) ->    15(time 33300 - 09:15:00)(time 33466 - 09:17:46) ->    14(time 33573 - 09:19:33)(time 33727 - 09:22:07) ->    13(time 33834 - 09:23:54)(time 33988 - 09:26:28) ->    12(time 34095 - 09:28:15)(time 34256 - 09:30:56) ->    11(time 34532 - 09:35:32)(time 34532 - 09:35:32) ->    0(time 34639 - 09:37:19)(time 34800 - 09:40:00) ->    1(time 34907 - 09:41:47)(time 35061 - 09:44:21) ->    2(time 35168 - 09:46:08)(time 35322 - 09:48:42) ->    3(time 35429 - 09:50:29)(time 35595 - 09:53:15) ->    4(time 35871 - 09:57:51)(time 36020 - 10:00:20) ->    5(time 36127 - 10:02:07)(time 36282 - 10:04:42) ->    6(time 36389 - 10:06:29)(time 36559 - 10:09:19) ->    7(time 36666 - 10:11:06)(time 36823 - 10:13:43) ->    8(time 36930 - 10:15:30)(time 37093 - 10:18:13) ->    9(time 37200 - 10:20:00)(time 37380 - 10:23:00) ->    10(time 37656 - 10:27:36)(time 37656 - 10:27:36) -> 21
> Trip 6
   21(time 38039 - 10:33:59)(time 38219 - 10:36:59) ->    20(time 38326 - 10:38:46)(time 38489 - 10:41:29) ->    19(time 38596 - 10:43:16)(time 38753 - 10:45:53) ->    18(time 38860 - 10:47:40)(time 39030 - 10:50:30) ->    17(time 39137 - 10:52:17)(time 39292 - 10:54:52) ->    16(time 39399 - 10:56:39)(time 39548 - 10:59:08) ->    15(time 39655 - 11:00:55)(time 39821 - 11:03:41) ->    14(time 39928 - 11:05:28)(time 40082 - 11:08:02) ->    13(time 40189 - 11:09:49)(time 40343 - 11:12:23) ->    12(time 40619 - 11:16:59)(time 40780 - 11:19:40) ->    11(time 41056 - 11:24:16)(time 41056 - 11:24:16) ->    0(time 41332 - 11:28:52)(time 41493 - 11:31:33) ->    1(time 41600 - 11:33:20)(time 41754 - 11:35:54) ->    2(time 41861 - 11:37:41)(time 42015 - 11:40:15) ->    3(time 42122 - 11:42:02)(time 42288 - 11:44:48) ->    4(time 42395 - 11:46:35)(time 42544 - 11:49:04) ->    5(time 42651 - 11:50:51)(time 42806 - 11:53:26) ->    6(time 42913 - 11:55:13)(time 43083 - 11:58:03) ->    7(time 43190 - 11:59:50)(time 43347 - 12:02:27) ->    8(time 43454 - 12:04:14)(time 43617 - 12:06:57) ->    9(time 43724 - 12:08:44)(time 43904 - 12:11:44) ->    10(time 44180 - 12:16:20)(time 44180 - 12:16:20) -> 21
