t3p19r2h5.txt:
   > Trying to open the instance file...
   > Reading number of trains...
   > Reading maximum number of trips per train...
   > Reading time intervals...
   > Reading number of points...
   > Reading stations...
   > Reading crossings...
   > Reading depots...
   > Reading initial point...
   > Reading routes...
   > Reading distance and distance and service...
   > Reading demands...
   > Reading maximum time...
   > Reading alpha...

--------------------------------
 Printing instance
--------------------------------
number of trains = 3
	max trips per trains: 4     4     4
number of intervals = 5
	(0,  10685)	(10686,  21370)	(21371,  32055)	(32056,  42740)	(42741,  53426)
number of points = 19
	initial point: 0
	stations: 0     1     2     6     7     8     9    10    11    12    13    14    15    16    17    18
	crossings: 0     2     3     4     5     7    12    18
	depots: 0    18
number of vertices = 38
	total vertices: 0     1     2     3     4     5     6     7     8     9    10    11    12    13    14    15    16    17    18    19    20    21    22    23    24    25    26    27    28    29    30    31    32    33    34    35    36    37
	upper vertices: 0     1     2     3     4     5     6     7     8     9    10    11    12    13    14    15    16    17    18
	lower vertices: 19    20    21    22    23    24    25    26    27    28    29    30    31    32    33    34    35    36    37
	vertices of point #0: (0, 19)
	vertices of point #1: (1, 20)
	vertices of point #2: (2, 21)
	vertices of point #3: (3, 22)
	vertices of point #4: (4, 23)
	vertices of point #5: (5, 24)
	vertices of point #6: (6, 25)
	vertices of point #7: (7, 26)
	vertices of point #8: (8, 27)
	vertices of point #9: (9, 28)
	vertices of point #10: (10, 29)
	vertices of point #11: (11, 30)
	vertices of point #12: (12, 31)
	vertices of point #13: (13, 32)
	vertices of point #14: (14, 33)
	vertices of point #15: (15, 34)
	vertices of point #16: (16, 35)
	vertices of point #17: (17, 36)
	vertices of point #18: (18, 37)

arcs...
	total arcs: 
		arc #0: (0, 1)
		arc #1: (0, 19)
		arc #2: (19, 0)
		arc #3: (1, 2)
		arc #4: (20, 19)
		arc #5: (2, 3)
		arc #6: (21, 20)
		arc #7: (3, 4)
		arc #8: (22, 21)
		arc #9: (4, 5)
		arc #10: (23, 22)
		arc #11: (5, 6)
		arc #12: (24, 23)
		arc #13: (6, 7)
		arc #14: (25, 24)
		arc #15: (7, 8)
		arc #16: (26, 25)
		arc #17: (8, 9)
		arc #18: (27, 26)
		arc #19: (9, 10)
		arc #20: (28, 27)
		arc #21: (10, 11)
		arc #22: (29, 28)
		arc #23: (11, 12)
		arc #24: (30, 29)
		arc #25: (12, 13)
		arc #26: (31, 30)
		arc #27: (13, 14)
		arc #28: (32, 31)
		arc #29: (14, 15)
		arc #30: (33, 32)
		arc #31: (15, 16)
		arc #32: (34, 33)
		arc #33: (16, 17)
		arc #34: (35, 34)
		arc #35: (17, 18)
		arc #36: (36, 35)
		arc #37: (37, 36)
		arc #38: (18, 37)
		arc #39: (37, 18)

	reverse arcs: 
		arc #1: (0, 19)
		arc #2: (19, 0)
		arc #38: (18, 37)
		arc #39: (37, 18)


incompatible points...
	(0, 1, 21, (1, 2))	(21, 20, 0, (20, 19))	(2, 2, 22, (2, 3))	(22, 22, 2, (22, 21))	(3, 3, 23, (3, 4))	(23, 23, 3, (23, 22))	(4, 4, 24, (4, 5))	(24, 24, 4, (24, 23))	(5, 6, 26, (6, 7))	(26, 25, 5, (25, 24))	(7, 11, 31, (11, 12))	(31, 27, 7, (27, 26))	(12, 17, 37, (17, 18))	(37, 32, 12, (32, 31))

number of routes = 2
vertices of routes...
	route #0: 0     1     2     3     4     5     6     7     8     9    10    11    12    13    14    15    16    17    18    37    36    35    34    33    32    31    30    29    28    27    26    25    24    23    22    21    20    19     0
	route #1: 37    36    35    34    33    32    31    30    29    28    27    26    25    24    23    22    21    20    19     0     1     2     3     4     5     6     7     8     9    10    11    12    13    14    15    16    17    18    37
arcs of routes...
	route #0: 0     3     5     7     9    11    13    15    17    19    21    23    25    27    29    31    33    35    38    37    36    34    32    30    28    26    24    22    20    18    16    14    12    10     8     6     4     2
	route #1: 37    36    34    32    30    28    26    24    22    20    18    16    14    12    10     8     6     4     2     0     3     5     7     9    11    13    15    17    19    21    23    25    27    29    31    33    35    38

incompatible routes...
	(0, 1)    	(1, 0)

vertices that can be adjacent in consecutive trips...
	(0, 0)    	(37, 37)
non cyclical routes: 


routes of trip...
	routes that train #0 can complete at trip #0: 0
	routes that train #0 can complete at trip #1: 0       1
	routes that train #0 can complete at trip #2: 0       1
	routes that train #0 can complete at trip #3: 0       1

	routes that train #1 can complete at trip #0: 0
	routes that train #1 can complete at trip #1: 0       1
	routes that train #1 can complete at trip #2: 0       1
	routes that train #1 can complete at trip #3: 0       1

	routes that train #2 can complete at trip #0: 0
	routes that train #2 can complete at trip #1: 0       1
	routes that train #2 can complete at trip #2: 0       1
	routes that train #2 can complete at trip #3: 0       1

 cost...
	arc #0 [0][1]: 128
	arc #1 [0][19]: 0
	arc #2 [19][0]: 0
	arc #3 [1][2]: 144
	arc #4 [20][19]: 128
	arc #5 [2][3]: 128
	arc #6 [21][20]: 144
	arc #7 [3][4]: 134
	arc #8 [22][21]: 128
	arc #9 [4][5]: 129
	arc #10 [23][22]: 134
	arc #11 [5][6]: 138
	arc #12 [24][23]: 129
	arc #13 [6][7]: 117
	arc #14 [25][24]: 138
	arc #15 [7][8]: 129
	arc #16 [26][25]: 117
	arc #17 [8][9]: 119
	arc #18 [27][26]: 129
	arc #19 [9][10]: 135
	arc #20 [28][27]: 119
	arc #21 [10][11]: 128
	arc #22 [29][28]: 135
	arc #23 [11][12]: 131
	arc #24 [30][29]: 128
	arc #25 [12][13]: 133
	arc #26 [31][30]: 131
	arc #27 [13][14]: 144
	arc #28 [32][31]: 133
	arc #29 [14][15]: 126
	arc #30 [33][32]: 144
	arc #31 [15][16]: 129
	arc #32 [34][33]: 126
	arc #33 [16][17]: 124
	arc #34 [35][34]: 129
	arc #35 [17][18]: 119
	arc #36 [36][35]: 124
	arc #37 [37][36]: 119
	arc #38 [18][37]: 0
	arc #39 [37][18]: 0

cost with minimum service...
	arc #0 [0][1]: 242
	arc #1 [0][19]: 0
	arc #2 [19][0]: 0
	arc #3 [1][2]: 258
	arc #4 [20][19]: 410
	arc #5 [2][3]: 217
	arc #6 [21][20]: 258
	arc #7 [3][4]: 223
	arc #8 [22][21]: 242
	arc #9 [4][5]: 218
	arc #10 [23][22]: 223
	arc #11 [5][6]: 252
	arc #12 [24][23]: 218
	arc #13 [6][7]: 231
	arc #14 [25][24]: 227
	arc #15 [7][8]: 243
	arc #16 [26][25]: 231
	arc #17 [8][9]: 233
	arc #18 [27][26]: 243
	arc #19 [9][10]: 249
	arc #20 [28][27]: 233
	arc #21 [10][11]: 242
	arc #22 [29][28]: 249
	arc #23 [11][12]: 245
	arc #24 [30][29]: 242
	arc #25 [12][13]: 247
	arc #26 [31][30]: 245
	arc #27 [13][14]: 258
	arc #28 [32][31]: 247
	arc #29 [14][15]: 240
	arc #30 [33][32]: 258
	arc #31 [15][16]: 243
	arc #32 [34][33]: 240
	arc #33 [16][17]: 238
	arc #34 [35][34]: 243
	arc #35 [17][18]: 401
	arc #36 [36][35]: 238
	arc #37 [37][36]: 233
	arc #38 [18][37]: 0
	arc #39 [37][18]: 0

cost with maximum service...
	arc #0 [0][1]: 618
	arc #1 [0][19]: 490
	arc #2 [19][0]: 490
	arc #3 [1][2]: 634
	arc #4 [20][19]: 618
	arc #5 [2][3]: 618
	arc #6 [21][20]: 634
	arc #7 [3][4]: 624
	arc #8 [22][21]: 618
	arc #9 [4][5]: 619
	arc #10 [23][22]: 624
	arc #11 [5][6]: 628
	arc #12 [24][23]: 619
	arc #13 [6][7]: 607
	arc #14 [25][24]: 628
	arc #15 [7][8]: 619
	arc #16 [26][25]: 607
	arc #17 [8][9]: 609
	arc #18 [27][26]: 619
	arc #19 [9][10]: 625
	arc #20 [28][27]: 609
	arc #21 [10][11]: 618
	arc #22 [29][28]: 625
	arc #23 [11][12]: 621
	arc #24 [30][29]: 618
	arc #25 [12][13]: 623
	arc #26 [31][30]: 621
	arc #27 [13][14]: 634
	arc #28 [32][31]: 623
	arc #29 [14][15]: 616
	arc #30 [33][32]: 634
	arc #31 [15][16]: 619
	arc #32 [34][33]: 616
	arc #33 [16][17]: 614
	arc #34 [35][34]: 619
	arc #35 [17][18]: 609
	arc #36 [36][35]: 614
	arc #37 [37][36]: 609
	arc #38 [18][37]: 490
	arc #39 [37][18]: 490

demands...
	demands of vertex 0 at time interval: 2     2     2     2     2
	demands of vertex 1 at time interval: 2     2     2     2     2
	demands of vertex 2 at time interval: 2     2     2     2     2
	demands of vertex 3 at time interval: 0     0     0     0     0
	demands of vertex 4 at time interval: 0     0     0     0     0
	demands of vertex 5 at time interval: 0     0     0     0     0
	demands of vertex 6 at time interval: 2     2     2     2     2
	demands of vertex 7 at time interval: 2     2     2     2     2
	demands of vertex 8 at time interval: 2     2     2     2     2
	demands of vertex 9 at time interval: 2     2     2     2     2
	demands of vertex 10 at time interval: 2     2     2     2     2
	demands of vertex 11 at time interval: 2     2     2     2     2
	demands of vertex 12 at time interval: 2     2     2     2     2
	demands of vertex 13 at time interval: 2     2     2     2     2
	demands of vertex 14 at time interval: 2     2     2     2     2
	demands of vertex 15 at time interval: 2     2     2     2     2
	demands of vertex 16 at time interval: 2     2     2     2     2
	demands of vertex 17 at time interval: 2     2     2     2     2
	demands of vertex 18 at time interval: 0     0     0     0     0
	demands of vertex 19 at time interval: 0     0     0     0     0
	demands of vertex 20 at time interval: 2     2     2     2     2
	demands of vertex 21 at time interval: 2     2     2     2     2
	demands of vertex 22 at time interval: 0     0     0     0     0
	demands of vertex 23 at time interval: 0     0     0     0     0
	demands of vertex 24 at time interval: 0     0     0     0     0
	demands of vertex 25 at time interval: 2     2     2     2     2
	demands of vertex 26 at time interval: 2     2     2     2     2
	demands of vertex 27 at time interval: 2     2     2     2     2
	demands of vertex 28 at time interval: 2     2     2     2     2
	demands of vertex 29 at time interval: 2     2     2     2     2
	demands of vertex 30 at time interval: 2     2     2     2     2
	demands of vertex 31 at time interval: 2     2     2     2     2
	demands of vertex 32 at time interval: 2     2     2     2     2
	demands of vertex 33 at time interval: 2     2     2     2     2
	demands of vertex 34 at time interval: 2     2     2     2     2
	demands of vertex 35 at time interval: 2     2     2     2     2
	demands of vertex 36 at time interval: 2     2     2     2     2
	demands of vertex 37 at time interval: 2     2     2     2     2

maximum time = 53426
alpha = 67
Starting to test combinations... - Total number of combinations = 64
Found new best - 1/64
10% done - 7/64 combination(s) tested! (Thread 0)
20% done - 14/64 combination(s) tested! (Thread 0)
30% done - 21/64 combination(s) tested! (Thread 0)
40% done - 28/64 combination(s) tested! (Thread 0)
50% done - 35/64 combination(s) tested! (Thread 0)
60% done - 42/64 combination(s) tested! (Thread 0)
70% done - 49/64 combination(s) tested! (Thread 0)
80% done - 56/64 combination(s) tested! (Thread 0)
90% done - 63/64 combination(s) tested! (Thread 0)
All combination(s) tested!
1/64 were feasible combination(s)! - (1.562%)

>> Printing some results...
    -> Solution value = 41170 - 11:26:10
    -> Total time = 91.73
    -> Gap value = 0.00

=============
Train 0
=============
> Trip 0
   0(time 2135 - 00:35:35)(time 2263 - 00:37:43) ->    1(time 2377 - 00:39:37)(time 2521 - 00:42:01) ->    2(time 2635 - 00:43:55)(time 2763 - 00:46:03) ->    3(time 2852 - 00:47:32)(time 2986 - 00:49:46) ->    4(time 3075 - 00:51:15)(time 3204 - 00:53:24) ->    5(time 3293 - 00:54:53)(time 3431 - 00:57:11) ->    6(time 3545 - 00:59:05)(time 3662 - 01:01:02) ->    7(time 3776 - 01:02:56)(time 3905 - 01:05:05) ->    8(time 4019 - 01:06:59)(time 4138 - 01:08:58) ->    9(time 4252 - 01:10:52)(time 4387 - 01:13:07) ->    10(time 4501 - 01:15:01)(time 4629 - 01:17:09) ->    11(time 4743 - 01:19:03)(time 4874 - 01:21:14) ->    12(time 4988 - 01:23:08)(time 5121 - 01:25:21) ->    13(time 5235 - 01:27:15)(time 5379 - 01:29:39) ->    14(time 5493 - 01:31:33)(time 5619 - 01:33:39) ->    15(time 5733 - 01:35:33)(time 5862 - 01:37:42) ->    16(time 5976 - 01:39:36)(time 6100 - 01:41:40) ->    17(time 6214 - 01:43:34)(time 6333 - 01:45:33) ->    18(time 6615 - 01:50:15)(time 6615 - 01:50:15) ->    37(time 6615 - 01:50:15)(time 6734 - 01:52:14) ->    36(time 6848 - 01:54:08)(time 6972 - 01:56:12) ->    35(time 7086 - 01:58:06)(time 7215 - 02:00:15) ->    34(time 7329 - 02:02:09)(time 7455 - 02:04:15) ->    33(time 7569 - 02:06:09)(time 7713 - 02:08:33) ->    32(time 7827 - 02:10:27)(time 7960 - 02:12:40) ->    31(time 8074 - 02:14:34)(time 8205 - 02:16:45) ->    30(time 8319 - 02:18:39)(time 8447 - 02:20:47) ->    29(time 8561 - 02:22:41)(time 8696 - 02:24:56) ->    28(time 8810 - 02:26:50)(time 8929 - 02:28:49) ->    27(time 9043 - 02:30:43)(time 9172 - 02:32:52) ->    26(time 9286 - 02:34:46)(time 9403 - 02:36:43) ->    25(time 9517 - 02:38:37)(time 9655 - 02:40:55) ->    24(time 9744 - 02:42:24)(time 9873 - 02:44:33) ->    23(time 9962 - 02:46:02)(time 10096 - 02:48:16) ->    22(time 10185 - 02:49:45)(time 10313 - 02:51:53) ->    21(time 10427 - 02:53:47)(time 10571 - 02:56:11) ->    20(time 10685 - 02:58:05)(time 10813 - 03:00:13) ->    19(time 11095 - 03:04:55)(time 11095 - 03:04:55) -> 0
> Trip 1
   0(time 11095 - 03:04:55)(time 11223 - 03:07:03) ->    1(time 11337 - 03:08:57)(time 11481 - 03:11:21) ->    2(time 11971 - 03:19:31)(time 12099 - 03:21:39) ->    3(time 12589 - 03:29:49)(time 12723 - 03:32:03) ->    4(time 12812 - 03:33:32)(time 12941 - 03:35:41) ->    5(time 13030 - 03:37:10)(time 13168 - 03:39:28) ->    6(time 13658 - 03:47:38)(time 13775 - 03:49:35) ->    7(time 13889 - 03:51:29)(time 14018 - 03:53:38) ->    8(time 14132 - 03:55:32)(time 14251 - 03:57:31) ->    9(time 14365 - 03:59:25)(time 14500 - 04:01:40) ->    10(time 14614 - 04:03:34)(time 14742 - 04:05:42) ->    11(time 14856 - 04:07:36)(time 14987 - 04:09:47) ->    12(time 15101 - 04:11:41)(time 15234 - 04:13:54) ->    13(time 15348 - 04:15:48)(time 15492 - 04:18:12) ->    14(time 15606 - 04:20:06)(time 15732 - 04:22:12) ->    15(time 15846 - 04:24:06)(time 15975 - 04:26:15) ->    16(time 16089 - 04:28:09)(time 16213 - 04:30:13) ->    17(time 16327 - 04:32:07)(time 16446 - 04:34:06) ->    18(time 16728 - 04:38:48)(time 16728 - 04:38:48) ->    37(time 16728 - 04:38:48)(time 16847 - 04:40:47) ->    36(time 16961 - 04:42:41)(time 17085 - 04:44:45) ->    35(time 17199 - 04:46:39)(time 17328 - 04:48:48) ->    34(time 17442 - 04:50:42)(time 17568 - 04:52:48) ->    33(time 17682 - 04:54:42)(time 17826 - 04:57:06) ->    32(time 17940 - 04:59:00)(time 18073 - 05:01:13) ->    31(time 18187 - 05:03:07)(time 18318 - 05:05:18) ->    30(time 18432 - 05:07:12)(time 18560 - 05:09:20) ->    29(time 18674 - 05:11:14)(time 18809 - 05:13:29) ->    28(time 18923 - 05:15:23)(time 19042 - 05:17:22) ->    27(time 19156 - 05:19:16)(time 19285 - 05:21:25) ->    26(time 19399 - 05:23:19)(time 19516 - 05:25:16) ->    25(time 19630 - 05:27:10)(time 19768 - 05:29:28) ->    24(time 19857 - 05:30:57)(time 19986 - 05:33:06) ->    23(time 20075 - 05:34:35)(time 20209 - 05:36:49) ->    22(time 20298 - 05:38:18)(time 20426 - 05:40:26) ->    21(time 20540 - 05:42:20)(time 20684 - 05:44:44) ->    20(time 20798 - 05:46:38)(time 20926 - 05:48:46) ->    19(time 21208 - 05:53:28)(time 21208 - 05:53:28) -> 0
> Trip 2
   0(time 30039 - 08:20:39)(time 30167 - 08:22:47) ->    1(time 30281 - 08:24:41)(time 30425 - 08:27:05) ->    2(time 30539 - 08:28:59)(time 30667 - 08:31:07) ->    3(time 30756 - 08:32:36)(time 30890 - 08:34:50) ->    4(time 30979 - 08:36:19)(time 31108 - 08:38:28) ->    5(time 31197 - 08:39:57)(time 31335 - 08:42:15) ->    6(time 31449 - 08:44:09)(time 31566 - 08:46:06) ->    7(time 32056 - 08:54:16)(time 32185 - 08:56:25) ->    8(time 32457 - 09:00:57)(time 32576 - 09:02:56) ->    9(time 32690 - 09:04:50)(time 32825 - 09:07:05) ->    10(time 32939 - 09:08:59)(time 33067 - 09:11:07) ->    11(time 33181 - 09:13:01)(time 33312 - 09:15:12) ->    12(time 33802 - 09:23:22)(time 33935 - 09:25:35) ->    13(time 34425 - 09:33:45)(time 34569 - 09:36:09) ->    14(time 35059 - 09:44:19)(time 35185 - 09:46:25) ->    15(time 35299 - 09:48:19)(time 35428 - 09:50:28) ->    16(time 35542 - 09:52:22)(time 35666 - 09:54:26) ->    17(time 36156 - 10:02:36)(time 36275 - 10:04:35) ->    18(time 36557 - 10:09:17)(time 36557 - 10:09:17) ->    37(time 37047 - 10:17:27)(time 37166 - 10:19:26) ->    36(time 37280 - 10:21:20)(time 37404 - 10:23:24) ->    35(time 37894 - 10:31:34)(time 38023 - 10:33:43) ->    34(time 38137 - 10:35:37)(time 38263 - 10:37:43) ->    33(time 38377 - 10:39:37)(time 38521 - 10:42:01) ->    32(time 38635 - 10:43:55)(time 38768 - 10:46:08) ->    31(time 38882 - 10:48:02)(time 39013 - 10:50:13) ->    30(time 39463 - 10:57:43)(time 39591 - 10:59:51) ->    29(time 39705 - 11:01:45)(time 39840 - 11:04:00) ->    28(time 39954 - 11:05:54)(time 40073 - 11:07:53) ->    27(time 40187 - 11:09:47)(time 40316 - 11:11:56) ->    26(time 40430 - 11:13:50)(time 40547 - 11:15:47) ->    25(time 40661 - 11:17:41)(time 40799 - 11:19:59) ->    24(time 40888 - 11:21:28)(time 41017 - 11:23:37) ->    23(time 41106 - 11:25:06)(time 41240 - 11:27:20) ->    22(time 41329 - 11:28:49)(time 41457 - 11:30:57) ->    21(time 41571 - 11:32:51)(time 41715 - 11:35:15) ->    20(time 42205 - 11:43:25)(time 42333 - 11:45:33) ->    19(time 42740 - 11:52:20)(time 42740 - 11:52:20) -> 0
> Trip 3
   0(time 42741 - 11:52:21)(time 42869 - 11:54:29) ->    1(time 42983 - 11:56:23)(time 43127 - 11:58:47) ->    2(time 43241 - 12:00:41)(time 43369 - 12:02:49) ->    3(time 43458 - 12:04:18)(time 43592 - 12:06:32) ->    4(time 43681 - 12:08:01)(time 43810 - 12:10:10) ->    5(time 43899 - 12:11:39)(time 44037 - 12:13:57) ->    6(time 44151 - 12:15:51)(time 44268 - 12:17:48) ->    7(time 44382 - 12:19:42)(time 44511 - 12:21:51) ->    8(time 44625 - 12:23:45)(time 44744 - 12:25:44) ->    9(time 44858 - 12:27:38)(time 44993 - 12:29:53) ->    10(time 45107 - 12:31:47)(time 45235 - 12:33:55) ->    11(time 45349 - 12:35:49)(time 45480 - 12:38:00) ->    12(time 45594 - 12:39:54)(time 45727 - 12:42:07) ->    13(time 45841 - 12:44:01)(time 45985 - 12:46:25) ->    14(time 46099 - 12:48:19)(time 46225 - 12:50:25) ->    15(time 46339 - 12:52:19)(time 46468 - 12:54:28) ->    16(time 46582 - 12:56:22)(time 46706 - 12:58:26) ->    17(time 46820 - 13:00:20)(time 46939 - 13:02:19) ->    18(time 47221 - 13:07:01)(time 47221 - 13:07:01) ->    37(time 47221 - 13:07:01)(time 47340 - 13:09:00) ->    36(time 47454 - 13:10:54)(time 47578 - 13:12:58) ->    35(time 47692 - 13:14:52)(time 47821 - 13:17:01) ->    34(time 47935 - 13:18:55)(time 48061 - 13:21:01) ->    33(time 48175 - 13:22:55)(time 48319 - 13:25:19) ->    32(time 48433 - 13:27:13)(time 48566 - 13:29:26) ->    31(time 48680 - 13:31:20)(time 48811 - 13:33:31) ->    30(time 48925 - 13:35:25)(time 49053 - 13:37:33) ->    29(time 49167 - 13:39:27)(time 49302 - 13:41:42) ->    28(time 49416 - 13:43:36)(time 49535 - 13:45:35) ->    27(time 49649 - 13:47:29)(time 49778 - 13:49:38) ->    26(time 49892 - 13:51:32)(time 50009 - 13:53:29) ->    25(time 50123 - 13:55:23)(time 50261 - 13:57:41) ->    24(time 50350 - 13:59:10)(time 50479 - 14:01:19) ->    23(time 50568 - 14:02:48)(time 50702 - 14:05:02) ->    22(time 50791 - 14:06:31)(time 50919 - 14:08:39) ->    21(time 51033 - 14:10:33)(time 51177 - 14:12:57) ->    20(time 51291 - 14:14:51)(time 51419 - 14:16:59) ->    19(time 51701 - 14:21:41)(time 51701 - 14:21:41) -> 0
=============
Train 1
=============
> Trip 0
   0(time 1852 - 00:30:52)(time 1980 - 00:33:00) ->    1(time 2094 - 00:34:54)(time 2238 - 00:37:18) ->    2(time 2352 - 00:39:12)(time 2480 - 00:41:20) ->    3(time 2569 - 00:42:49)(time 2703 - 00:45:03) ->    4(time 2792 - 00:46:32)(time 2921 - 00:48:41) ->    5(time 3010 - 00:50:10)(time 3148 - 00:52:28) ->    6(time 3262 - 00:54:22)(time 3379 - 00:56:19) ->    7(time 3493 - 00:58:13)(time 3622 - 01:00:22) ->    8(time 3736 - 01:02:16)(time 3855 - 01:04:15) ->    9(time 3969 - 01:06:09)(time 4104 - 01:08:24) ->    10(time 4218 - 01:10:18)(time 4346 - 01:12:26) ->    11(time 4460 - 01:14:20)(time 4591 - 01:16:31) ->    12(time 4705 - 01:18:25)(time 4838 - 01:20:38) ->    13(time 4952 - 01:22:32)(time 5096 - 01:24:56) ->    14(time 5210 - 01:26:50)(time 5336 - 01:28:56) ->    15(time 5450 - 01:30:50)(time 5579 - 01:32:59) ->    16(time 5693 - 01:34:53)(time 5817 - 01:36:57) ->    17(time 5932 - 01:38:52)(time 6051 - 01:40:51) ->    18(time 6333 - 01:45:33)(time 6333 - 01:45:33) ->    37(time 6333 - 01:45:33)(time 6452 - 01:47:32) ->    36(time 6566 - 01:49:26)(time 6690 - 01:51:30) ->    35(time 6804 - 01:53:24)(time 6933 - 01:55:33) ->    34(time 7047 - 01:57:27)(time 7173 - 01:59:33) ->    33(time 7287 - 02:01:27)(time 7431 - 02:03:51) ->    32(time 7545 - 02:05:45)(time 7678 - 02:07:58) ->    31(time 7792 - 02:09:52)(time 7923 - 02:12:03) ->    30(time 8037 - 02:13:57)(time 8165 - 02:16:05) ->    29(time 8279 - 02:17:59)(time 8414 - 02:20:14) ->    28(time 8528 - 02:22:08)(time 8647 - 02:24:07) ->    27(time 8761 - 02:26:01)(time 8890 - 02:28:10) ->    26(time 9004 - 02:30:04)(time 9121 - 02:32:01) ->    25(time 9235 - 02:33:55)(time 9373 - 02:36:13) ->    24(time 9462 - 02:37:42)(time 9591 - 02:39:51) ->    23(time 9680 - 02:41:20)(time 9814 - 02:43:34) ->    22(time 9903 - 02:45:03)(time 10031 - 02:47:11) ->    21(time 10145 - 02:49:05)(time 10289 - 02:51:29) ->    20(time 10403 - 02:53:23)(time 10531 - 02:55:31) ->    19(time 10813 - 03:00:13)(time 10813 - 03:00:13) -> 0
> Trip 1
   0(time 13315 - 03:41:55)(time 13443 - 03:44:03) ->    1(time 13933 - 03:52:13)(time 14077 - 03:54:37) ->    2(time 14567 - 04:02:47)(time 14695 - 04:04:55) ->    3(time 14784 - 04:06:24)(time 14918 - 04:08:38) ->    4(time 15007 - 04:10:07)(time 15136 - 04:12:16) ->    5(time 15626 - 04:20:26)(time 15764 - 04:22:44) ->    6(time 15878 - 04:24:38)(time 15995 - 04:26:35) ->    7(time 16109 - 04:28:29)(time 16238 - 04:30:38) ->    8(time 16728 - 04:38:48)(time 16847 - 04:40:47) ->    9(time 17337 - 04:48:57)(time 17472 - 04:51:12) ->    10(time 17586 - 04:53:06)(time 17714 - 04:55:14) ->    11(time 17828 - 04:57:08)(time 17959 - 04:59:19) ->    12(time 18073 - 05:01:13)(time 18206 - 05:03:26) ->    13(time 18660 - 05:11:00)(time 18804 - 05:13:24) ->    14(time 19294 - 05:21:34)(time 19420 - 05:23:40) ->    15(time 19534 - 05:25:34)(time 19663 - 05:27:43) ->    16(time 19777 - 05:29:37)(time 19901 - 05:31:41) ->    17(time 20015 - 05:33:35)(time 20134 - 05:35:34) ->    18(time 20416 - 05:40:16)(time 20416 - 05:40:16) ->    37(time 20416 - 05:40:16)(time 20535 - 05:42:15) ->    36(time 20649 - 05:44:09)(time 20773 - 05:46:13) ->    35(time 20887 - 05:48:07)(time 21016 - 05:50:16) ->    34(time 21130 - 05:52:10)(time 21256 - 05:54:16) ->    33(time 21370 - 05:56:10)(time 21514 - 05:58:34) ->    32(time 22004 - 06:06:44)(time 22137 - 06:08:57) ->    31(time 22627 - 06:17:07)(time 22758 - 06:19:18) ->    30(time 22872 - 06:21:12)(time 23000 - 06:23:20) ->    29(time 23114 - 06:25:14)(time 23249 - 06:27:29) ->    28(time 23363 - 06:29:23)(time 23482 - 06:31:22) ->    27(time 23596 - 06:33:16)(time 23725 - 06:35:25) ->    26(time 23839 - 06:37:19)(time 23956 - 06:39:16) ->    25(time 24446 - 06:47:26)(time 24584 - 06:49:44) ->    24(time 24673 - 06:51:13)(time 24802 - 06:53:22) ->    23(time 24891 - 06:54:51)(time 25025 - 06:57:05) ->    22(time 25114 - 06:58:34)(time 25242 - 07:00:42) ->    21(time 25356 - 07:02:36)(time 25500 - 07:05:00) ->    20(time 25627 - 07:07:07)(time 25755 - 07:09:15) ->    19(time 26245 - 07:17:25)(time 26245 - 07:17:25) -> 0
> Trip 2
   0(time 26245 - 07:17:25)(time 26373 - 07:19:33) ->    1(time 26487 - 07:21:27)(time 26631 - 07:23:51) ->    2(time 27121 - 07:32:01)(time 27249 - 07:34:09) ->    3(time 27338 - 07:35:38)(time 27472 - 07:37:52) ->    4(time 27561 - 07:39:21)(time 27690 - 07:41:30) ->    5(time 27779 - 07:42:59)(time 27917 - 07:45:17) ->    6(time 28031 - 07:47:11)(time 28148 - 07:49:08) ->    7(time 28262 - 07:51:02)(time 28391 - 07:53:11) ->    8(time 28505 - 07:55:05)(time 28624 - 07:57:04) ->    9(time 28738 - 07:58:58)(time 28873 - 08:01:13) ->    10(time 28987 - 08:03:07)(time 29115 - 08:05:15) ->    11(time 29229 - 08:07:09)(time 29360 - 08:09:20) ->    12(time 29474 - 08:11:14)(time 29607 - 08:13:27) ->    13(time 29721 - 08:15:21)(time 29865 - 08:17:45) ->    14(time 29979 - 08:19:39)(time 30105 - 08:21:45) ->    15(time 30219 - 08:23:39)(time 30348 - 08:25:48) ->    16(time 30462 - 08:27:42)(time 30586 - 08:29:46) ->    17(time 30700 - 08:31:40)(time 30819 - 08:33:39) ->    18(time 31101 - 08:38:21)(time 31101 - 08:38:21) ->    37(time 31101 - 08:38:21)(time 31220 - 08:40:20) ->    36(time 31334 - 08:42:14)(time 31458 - 08:44:18) ->    35(time 31572 - 08:46:12)(time 31701 - 08:48:21) ->    34(time 31815 - 08:50:15)(time 31941 - 08:52:21) ->    33(time 32055 - 08:54:15)(time 32199 - 08:56:39) ->    32(time 32689 - 09:04:49)(time 32822 - 09:07:02) ->    31(time 33312 - 09:15:12)(time 33443 - 09:17:23) ->    30(time 33557 - 09:19:17)(time 33685 - 09:21:25) ->    29(time 33879 - 09:24:39)(time 34014 - 09:26:54) ->    28(time 34128 - 09:28:48)(time 34247 - 09:30:47) ->    27(time 34361 - 09:32:41)(time 34490 - 09:34:50) ->    26(time 34980 - 09:43:00)(time 35097 - 09:44:57) ->    25(time 35587 - 09:53:07)(time 35725 - 09:55:25) ->    24(time 36215 - 10:03:35)(time 36344 - 10:05:44) ->    23(time 36433 - 10:07:13)(time 36567 - 10:09:27) ->    22(time 36656 - 10:10:56)(time 36784 - 10:13:04) ->    21(time 37274 - 10:21:14)(time 37418 - 10:23:38) ->    20(time 37532 - 10:25:32)(time 37660 - 10:27:40) ->    19(time 37942 - 10:32:22)(time 37942 - 10:32:22) -> 0
> Trip 3
   0(time 38062 - 10:34:22)(time 38190 - 10:36:30) ->    1(time 38304 - 10:38:24)(time 38448 - 10:40:48) ->    2(time 38938 - 10:48:58)(time 39066 - 10:51:06) ->    3(time 39556 - 10:59:16)(time 39690 - 11:01:30) ->    4(time 40180 - 11:09:40)(time 40309 - 11:11:49) ->    5(time 40799 - 11:19:59)(time 40937 - 11:22:17) ->    6(time 41051 - 11:24:11)(time 41168 - 11:26:08) ->    7(time 41282 - 11:28:02)(time 41411 - 11:30:11) ->    8(time 41525 - 11:32:05)(time 41644 - 11:34:04) ->    9(time 41758 - 11:35:58)(time 41893 - 11:38:13) ->    10(time 42007 - 11:40:07)(time 42135 - 11:42:15) ->    11(time 42249 - 11:44:09)(time 42380 - 11:46:20) ->    12(time 42494 - 11:48:14)(time 42627 - 11:50:27) ->    13(time 42741 - 11:52:21)(time 42885 - 11:54:45) ->    14(time 42999 - 11:56:39)(time 43125 - 11:58:45) ->    15(time 43367 - 12:02:47)(time 43496 - 12:04:56) ->    16(time 43610 - 12:06:50)(time 43734 - 12:08:54) ->    17(time 43848 - 12:10:48)(time 43967 - 12:12:47) ->    18(time 44249 - 12:17:29)(time 44249 - 12:17:29) ->    37(time 44249 - 12:17:29)(time 44368 - 12:19:28) ->    36(time 44482 - 12:21:22)(time 44606 - 12:23:26) ->    35(time 44720 - 12:25:20)(time 44849 - 12:27:29) ->    34(time 44963 - 12:29:23)(time 45089 - 12:31:29) ->    33(time 45203 - 12:33:23)(time 45347 - 12:35:47) ->    32(time 45461 - 12:37:41)(time 45594 - 12:39:54) ->    31(time 45761 - 12:42:41)(time 45892 - 12:44:52) ->    30(time 46006 - 12:46:46)(time 46134 - 12:48:54) ->    29(time 46624 - 12:57:04)(time 46759 - 12:59:19) ->    28(time 47249 - 13:07:29)(time 47368 - 13:09:28) ->    27(time 47858 - 13:17:38)(time 47987 - 13:19:47) ->    26(time 48101 - 13:21:41)(time 48218 - 13:23:38) ->    25(time 48708 - 13:31:48)(time 48846 - 13:34:06) ->    24(time 48935 - 13:35:35)(time 49064 - 13:37:44) ->    23(time 49153 - 13:39:13)(time 49287 - 13:41:27) ->    22(time 49376 - 13:42:56)(time 49504 - 13:45:04) ->    21(time 49994 - 13:53:14)(time 50138 - 13:55:38) ->    20(time 50252 - 13:57:32)(time 50380 - 13:59:40) ->    19(time 50870 - 14:07:50)(time 50870 - 14:07:50) -> 0
=============
Train 2
=============
> Trip 0
   0(time 3979 - 01:06:19)(time 4107 - 01:08:27) ->    1(time 4221 - 01:10:21)(time 4365 - 01:12:45) ->    2(time 4479 - 01:14:39)(time 4607 - 01:16:47) ->    3(time 4696 - 01:18:16)(time 4830 - 01:20:30) ->    4(time 4919 - 01:21:59)(time 5048 - 01:24:08) ->    5(time 5137 - 01:25:37)(time 5275 - 01:27:55) ->    6(time 5389 - 01:29:49)(time 5506 - 01:31:46) ->    7(time 5996 - 01:39:56)(time 6125 - 01:42:05) ->    8(time 6615 - 01:50:15)(time 6734 - 01:52:14) ->    9(time 6848 - 01:54:08)(time 6983 - 01:56:23) ->    10(time 7097 - 01:58:17)(time 7225 - 02:00:25) ->    11(time 7339 - 02:02:19)(time 7470 - 02:04:30) ->    12(time 7960 - 02:12:40)(time 8093 - 02:14:53) ->    13(time 8207 - 02:16:47)(time 8351 - 02:19:11) ->    14(time 8465 - 02:21:05)(time 8591 - 02:23:11) ->    15(time 8705 - 02:25:05)(time 8834 - 02:27:14) ->    16(time 8948 - 02:29:08)(time 9072 - 02:31:12) ->    17(time 9186 - 02:33:06)(time 9305 - 02:35:05) ->    18(time 9587 - 02:39:47)(time 9587 - 02:39:47) ->    37(time 9587 - 02:39:47)(time 9706 - 02:41:46) ->    36(time 9820 - 02:43:40)(time 9944 - 02:45:44) ->    35(time 10058 - 02:47:38)(time 10187 - 02:49:47) ->    34(time 10301 - 02:51:41)(time 10427 - 02:53:47) ->    33(time 10685 - 02:58:05)(time 10829 - 03:00:29) ->    32(time 10943 - 03:02:23)(time 11076 - 03:04:36) ->    31(time 11566 - 03:12:46)(time 11697 - 03:14:57) ->    30(time 12187 - 03:23:07)(time 12315 - 03:25:15) ->    29(time 12805 - 03:33:25)(time 12940 - 03:35:40) ->    28(time 13430 - 03:43:50)(time 13549 - 03:45:49) ->    27(time 13760 - 03:49:20)(time 13889 - 03:51:29) ->    26(time 14003 - 03:53:23)(time 14120 - 03:55:20) ->    25(time 14473 - 04:01:13)(time 14611 - 04:03:31) ->    24(time 14700 - 04:05:00)(time 14829 - 04:07:09) ->    23(time 14918 - 04:08:38)(time 15052 - 04:10:52) ->    22(time 15141 - 04:12:21)(time 15269 - 04:14:29) ->    21(time 15383 - 04:16:23)(time 15527 - 04:18:47) ->    20(time 15641 - 04:20:41)(time 15769 - 04:22:49) ->    19(time 16051 - 04:27:31)(time 16051 - 04:27:31) -> 0
> Trip 1
   0(time 17023 - 04:43:43)(time 17151 - 04:45:51) ->    1(time 17641 - 04:54:01)(time 17785 - 04:56:25) ->    2(time 18275 - 05:04:35)(time 18403 - 05:06:43) ->    3(time 18893 - 05:14:53)(time 19027 - 05:17:07) ->    4(time 19517 - 05:25:17)(time 19646 - 05:27:26) ->    5(time 20136 - 05:35:36)(time 20274 - 05:37:54) ->    6(time 20764 - 05:46:04)(time 20881 - 05:48:01) ->    7(time 21371 - 05:56:11)(time 21500 - 05:58:20) ->    8(time 21614 - 06:00:14)(time 21733 - 06:02:13) ->    9(time 21847 - 06:04:07)(time 21982 - 06:06:22) ->    10(time 22096 - 06:08:16)(time 22224 - 06:10:24) ->    11(time 22338 - 06:12:18)(time 22469 - 06:14:29) ->    12(time 22583 - 06:16:23)(time 22716 - 06:18:36) ->    13(time 22830 - 06:20:30)(time 22974 - 06:22:54) ->    14(time 23088 - 06:24:48)(time 23214 - 06:26:54) ->    15(time 23328 - 06:28:48)(time 23457 - 06:30:57) ->    16(time 23571 - 06:32:51)(time 23695 - 06:34:55) ->    17(time 23809 - 06:36:49)(time 23928 - 06:38:48) ->    18(time 24210 - 06:43:30)(time 24210 - 06:43:30) ->    37(time 24210 - 06:43:30)(time 24329 - 06:45:29) ->    36(time 24443 - 06:47:23)(time 24567 - 06:49:27) ->    35(time 24774 - 06:52:54)(time 24903 - 06:55:03) ->    34(time 25017 - 06:56:57)(time 25143 - 06:59:03) ->    33(time 25257 - 07:00:57)(time 25401 - 07:03:21) ->    32(time 25515 - 07:05:15)(time 25648 - 07:07:28) ->    31(time 25762 - 07:09:22)(time 25893 - 07:11:33) ->    30(time 26007 - 07:13:27)(time 26135 - 07:15:35) ->    29(time 26249 - 07:17:29)(time 26384 - 07:19:44) ->    28(time 26498 - 07:21:38)(time 26617 - 07:23:37) ->    27(time 26731 - 07:25:31)(time 26860 - 07:27:40) ->    26(time 26974 - 07:29:34)(time 27091 - 07:31:31) ->    25(time 27205 - 07:33:25)(time 27343 - 07:35:43) ->    24(time 27432 - 07:37:12)(time 27561 - 07:39:21) ->    23(time 27650 - 07:40:50)(time 27784 - 07:43:04) ->    22(time 27873 - 07:44:33)(time 28001 - 07:46:41) ->    21(time 28115 - 07:48:35)(time 28259 - 07:50:59) ->    20(time 28373 - 07:52:53)(time 28501 - 07:55:01) ->    19(time 28783 - 07:59:43)(time 28783 - 07:59:43) -> 0
> Trip 2
   0(time 32056 - 08:54:16)(time 32184 - 08:56:24) ->    1(time 32298 - 08:58:18)(time 32442 - 09:00:42) ->    2(time 32556 - 09:02:36)(time 32684 - 09:04:44) ->    3(time 32773 - 09:06:13)(time 32907 - 09:08:27) ->    4(time 33397 - 09:16:37)(time 33526 - 09:18:46) ->    5(time 34007 - 09:26:47)(time 34145 - 09:29:05) ->    6(time 34259 - 09:30:59)(time 34376 - 09:32:56) ->    7(time 34490 - 09:34:50)(time 34619 - 09:36:59) ->    8(time 34733 - 09:38:53)(time 34852 - 09:40:52) ->    9(time 34966 - 09:42:46)(time 35101 - 09:45:01) ->    10(time 35215 - 09:46:55)(time 35343 - 09:49:03) ->    11(time 35457 - 09:50:57)(time 35588 - 09:53:08) ->    12(time 35702 - 09:55:02)(time 35835 - 09:57:15) ->    13(time 35949 - 09:59:09)(time 36093 - 10:01:33) ->    14(time 36207 - 10:03:27)(time 36333 - 10:05:33) ->    15(time 36447 - 10:07:27)(time 36576 - 10:09:36) ->    16(time 36690 - 10:11:30)(time 36814 - 10:13:34) ->    17(time 36928 - 10:15:28)(time 37047 - 10:17:27) ->    18(time 37537 - 10:25:37)(time 37537 - 10:25:37) ->    37(time 37537 - 10:25:37)(time 37656 - 10:27:36) ->    36(time 38146 - 10:35:46)(time 38270 - 10:37:50) ->    35(time 38637 - 10:43:57)(time 38766 - 10:46:06) ->    34(time 38880 - 10:48:00)(time 39006 - 10:50:06) ->    33(time 39120 - 10:52:00)(time 39264 - 10:54:24) ->    32(time 39378 - 10:56:18)(time 39511 - 10:58:31) ->    31(time 39625 - 11:00:25)(time 39756 - 11:02:36) ->    30(time 40246 - 11:10:46)(time 40374 - 11:12:54) ->    29(time 40488 - 11:14:48)(time 40623 - 11:17:03) ->    28(time 40737 - 11:18:57)(time 40856 - 11:20:56) ->    27(time 40970 - 11:22:50)(time 41099 - 11:24:59) ->    26(time 41213 - 11:26:53)(time 41330 - 11:28:50) ->    25(time 41444 - 11:30:44)(time 41582 - 11:33:02) ->    24(time 41671 - 11:34:31)(time 41800 - 11:36:40) ->    23(time 41889 - 11:38:09)(time 42023 - 11:40:23) ->    22(time 42112 - 11:41:52)(time 42240 - 11:44:00) ->    21(time 42354 - 11:45:54)(time 42498 - 11:48:18) ->    20(time 42612 - 11:50:12)(time 42740 - 11:52:20) ->    19(time 43022 - 11:57:02)(time 43022 - 11:57:02) -> 0
> Trip 3
   0(time 43022 - 11:57:02)(time 43150 - 11:59:10) ->    1(time 43264 - 12:01:04)(time 43408 - 12:03:28) ->    2(time 43522 - 12:05:22)(time 43650 - 12:07:30) ->    3(time 43739 - 12:08:59)(time 43873 - 12:11:13) ->    4(time 43962 - 12:12:42)(time 44091 - 12:14:51) ->    5(time 44180 - 12:16:20)(time 44318 - 12:18:38) ->    6(time 44432 - 12:20:32)(time 44549 - 12:22:29) ->    7(time 44663 - 12:24:23)(time 44792 - 12:26:32) ->    8(time 44906 - 12:28:26)(time 45025 - 12:30:25) ->    9(time 45139 - 12:32:19)(time 45274 - 12:34:34) ->    10(time 45388 - 12:36:28)(time 45516 - 12:38:36) ->    11(time 45630 - 12:40:30)(time 45761 - 12:42:41) ->    12(time 45875 - 12:44:35)(time 46008 - 12:46:48) ->    13(time 46122 - 12:48:42)(time 46266 - 12:51:06) ->    14(time 46380 - 12:53:00)(time 46506 - 12:55:06) ->    15(time 46620 - 12:57:00)(time 46749 - 12:59:09) ->    16(time 46863 - 13:01:03)(time 46987 - 13:03:07) ->    17(time 47102 - 13:05:02)(time 47221 - 13:07:01) ->    18(time 47503 - 13:11:43)(time 47503 - 13:11:43) ->    37(time 47503 - 13:11:43)(time 47622 - 13:13:42) ->    36(time 47736 - 13:15:36)(time 47860 - 13:17:40) ->    35(time 47974 - 13:19:34)(time 48103 - 13:21:43) ->    34(time 48217 - 13:23:37)(time 48343 - 13:25:43) ->    33(time 48457 - 13:27:37)(time 48601 - 13:30:01) ->    32(time 48715 - 13:31:55)(time 48848 - 13:34:08) ->    31(time 48962 - 13:36:02)(time 49093 - 13:38:13) ->    30(time 49207 - 13:40:07)(time 49335 - 13:42:15) ->    29(time 49449 - 13:44:09)(time 49584 - 13:46:24) ->    28(time 49698 - 13:48:18)(time 49817 - 13:50:17) ->    27(time 49931 - 13:52:11)(time 50060 - 13:54:20) ->    26(time 50174 - 13:56:14)(time 50291 - 13:58:11) ->    25(time 50405 - 14:00:05)(time 50543 - 14:02:23) ->    24(time 50632 - 14:03:52)(time 50761 - 14:06:01) ->    23(time 50850 - 14:07:30)(time 50984 - 14:09:44) ->    22(time 51073 - 14:11:13)(time 51201 - 14:13:21) ->    21(time 51315 - 14:15:15)(time 51459 - 14:17:39) ->    20(time 51573 - 14:19:33)(time 51701 - 14:21:41) ->    19(time 51983 - 14:26:23)(time 51983 - 14:26:23) -> 0
