t3p21r13h5.txt:
   > Trying to open the instance file...
   > Reading number of trains...
   > Reading maximum number of trips per train...
   > Reading time intervals...
   > Reading number of points...
   > Reading stations...
   > Reading crossings...
   > Reading depots...
   > Reading initial point...
   > Reading routes...
   > Reading distance and distance and service...
   > Reading demands...
   > Reading maximum time...
   > Reading alpha...

--------------------------------
 Printing instance
--------------------------------
number of trains = 3
	max trips per trains: 3     3     3
number of intervals = 5
	(0,  10311)	(10312,  20622)	(20623,  30933)	(30934,  41244)	(41245,  51555)
number of points = 21
	initial point: 2
	stations: 0     1     2     3     4     7     8    10    11    12    13    14    15    16    17    18    20
	crossings: 0     2     5     6     9    14    15    19    20
	depots: 0     2    15    20
number of vertices = 42
	total vertices: 0     1     2     3     4     5     6     7     8     9    10    11    12    13    14    15    16    17    18    19    20    21    22    23    24    25    26    27    28    29    30    31    32    33    34    35    36    37    38    39    40    41
	upper vertices: 0     1     2     3     4     5     6     7     8     9    10    11    12    13    14    15    16    17    18    19    20
	lower vertices: 21    22    23    24    25    26    27    28    29    30    31    32    33    34    35    36    37    38    39    40    41
	vertices of point #0: (0, 21)
	vertices of point #1: (1, 22)
	vertices of point #2: (2, 23)
	vertices of point #3: (3, 24)
	vertices of point #4: (4, 25)
	vertices of point #5: (5, 26)
	vertices of point #6: (6, 27)
	vertices of point #7: (7, 28)
	vertices of point #8: (8, 29)
	vertices of point #9: (9, 30)
	vertices of point #10: (10, 31)
	vertices of point #11: (11, 32)
	vertices of point #12: (12, 33)
	vertices of point #13: (13, 34)
	vertices of point #14: (14, 35)
	vertices of point #15: (15, 36)
	vertices of point #16: (16, 37)
	vertices of point #17: (17, 38)
	vertices of point #18: (18, 39)
	vertices of point #19: (19, 40)
	vertices of point #20: (20, 41)

arcs...
	total arcs: 
		arc #0: (0, 1)
		arc #1: (0, 21)
		arc #2: (21, 0)
		arc #3: (1, 2)
		arc #4: (22, 21)
		arc #5: (2, 3)
		arc #6: (23, 22)
		arc #7: (2, 23)
		arc #8: (23, 2)
		arc #9: (3, 4)
		arc #10: (24, 23)
		arc #11: (4, 5)
		arc #12: (25, 24)
		arc #13: (5, 6)
		arc #14: (26, 25)
		arc #15: (6, 7)
		arc #16: (27, 26)
		arc #17: (7, 8)
		arc #18: (28, 27)
		arc #19: (8, 9)
		arc #20: (29, 28)
		arc #21: (9, 10)
		arc #22: (30, 29)
		arc #23: (10, 11)
		arc #24: (31, 30)
		arc #25: (11, 12)
		arc #26: (32, 31)
		arc #27: (12, 13)
		arc #28: (33, 32)
		arc #29: (13, 14)
		arc #30: (34, 33)
		arc #31: (14, 15)
		arc #32: (35, 34)
		arc #33: (15, 16)
		arc #34: (36, 35)
		arc #35: (15, 36)
		arc #36: (36, 15)
		arc #37: (16, 17)
		arc #38: (37, 36)
		arc #39: (17, 18)
		arc #40: (38, 37)
		arc #41: (18, 19)
		arc #42: (39, 38)
		arc #43: (19, 20)
		arc #44: (40, 39)
		arc #45: (41, 40)
		arc #46: (20, 41)
		arc #47: (41, 20)

	reverse arcs: 
		arc #1: (0, 21)
		arc #2: (21, 0)
		arc #7: (2, 23)
		arc #8: (23, 2)
		arc #35: (15, 36)
		arc #36: (36, 15)
		arc #46: (20, 41)
		arc #47: (41, 20)


incompatible points...
	(0, 1, 23, (1, 2))	(23, 22, 0, (22, 21))	(2, 4, 26, (4, 5))	(26, 24, 2, (24, 23))	(5, 5, 27, (5, 6))	(27, 27, 5, (27, 26))	(6, 8, 30, (8, 9))	(30, 28, 6, (28, 27))	(9, 13, 35, (13, 14))	(35, 31, 9, (31, 30))	(14, 14, 36, (14, 15))	(36, 36, 14, (36, 35))	(15, 18, 40, (18, 19))	(40, 37, 15, (37, 36))	(19, 19, 41, (19, 20))	(41, 41, 19, (41, 40))

number of routes = 13
vertices of routes...
	route #0: 0     1     2     3     4     5     6     7     8     9    10    11    12    13    14    15    16    17    18    19    20    41    40    39    38    37    36    35    34    33    32    31    30    29    28    27    26    25    24    23    22    21     0
	route #1: 41    40    39    38    37    36    35    34    33    32    31    30    29    28    27    26    25    24    23    22    21     0     1     2     3     4     5     6     7     8     9    10    11    12    13    14    15    16    17    18    19    20    41
	route #2: 15    16    17    18    19    20
	route #3: 36    35    34    33    32    31    30    29    28    27    26    25    24    23    22    21
	route #4: 0     1     2     3     4     5     6     7     8     9    10    11    12    13    14    15
	route #5: 41    40    39    38    37    36
	route #6: 2     3     4     5     6     7     8     9    10    11    12    13    14    15    16    17    18    19    20
	route #7: 23    22    21
	route #8: 0     1     2
	route #9: 41    40    39    38    37    36    35    34    33    32    31    30    29    28    27    26    25    24    23
	route #10: 36    35    34    33    32    31    30    29    28    27    26    25    24    23
	route #11: 2     3     4     5     6     7     8     9    10    11    12    13    14    15
	route #12: 23    22    21     0     1     2    23
arcs of routes...
	route #0: 0     3     5     9    11    13    15    17    19    21    23    25    27    29    31    33    37    39    41    43    46    45    44    42    40    38    34    32    30    28    26    24    22    20    18    16    14    12    10     6     4     2
	route #1: 45    44    42    40    38    34    32    30    28    26    24    22    20    18    16    14    12    10     6     4     2     0     3     5     9    11    13    15    17    19    21    23    25    27    29    31    33    37    39    41    43    46
	route #2: 33    37    39    41    43
	route #3: 34    32    30    28    26    24    22    20    18    16    14    12    10     6     4
	route #4: 0     3     5     9    11    13    15    17    19    21    23    25    27    29    31
	route #5: 45    44    42    40    38
	route #6: 5     9    11    13    15    17    19    21    23    25    27    29    31    33    37    39    41    43
	route #7: 6     4
	route #8: 0     3
	route #9: 45    44    42    40    38    34    32    30    28    26    24    22    20    18    16    14    12    10
	route #10: 34    32    30    28    26    24    22    20    18    16    14    12    10
	route #11: 5     9    11    13    15    17    19    21    23    25    27    29    31
	route #12: 6     4     2     0     3     7

incompatible routes...
	(0, 1)    	(0, 2)    	(0, 3)    	(0, 5)    	(0, 6)    	(0, 7)    	(0, 9)    	(0, 10)    	(0, 11)    	(0, 12)    	(1, 0)    	(1, 2)    	(1, 3)    	(1, 4)    	(1, 6)    	(1, 7)    	(1, 8)    	(1, 10)    	(1, 11)    	(1, 12)    	(2, 0)    	(2, 2)    	(2, 3)    	(2, 4)    	(2, 6)    	(2, 7)    	(2, 8)    	(2, 10)    	(2, 11)    	(2, 12)    	(3, 1)    	(3, 2)    	(3, 3)    	(3, 5)    	(3, 6)    	(3, 7)    	(3, 9)    	(3, 10)    	(3, 11)    	(3, 12)    	(4, 0)    	(4, 1)    	(4, 4)    	(4, 5)    	(4, 6)    	(4, 7)    	(4, 8)    	(4, 9)    	(4, 11)    	(4, 12)    	(5, 0)    	(5, 1)    	(5, 4)    	(5, 5)    	(5, 6)    	(5, 7)    	(5, 8)    	(5, 9)    	(5, 11)    	(5, 12)    	(6, 0)    	(6, 2)    	(6, 3)    	(6, 4)    	(6, 6)    	(6, 7)    	(6, 8)    	(6, 10)    	(6, 11)    	(6, 12)    	(7, 1)    	(7, 2)    	(7, 3)    	(7, 5)    	(7, 6)    	(7, 7)    	(7, 9)    	(7, 10)    	(7, 11)    	(7, 12)    	(8, 0)    	(8, 1)    	(8, 2)    	(8, 3)    	(8, 4)    	(8, 5)    	(8, 8)    	(8, 9)    	(8, 10)    	(9, 0)    	(9, 1)    	(9, 2)    	(9, 3)    	(9, 4)    	(9, 5)    	(9, 8)    	(9, 9)    	(9, 10)    	(10, 0)    	(10, 1)    	(10, 2)    	(10, 3)    	(10, 4)    	(10, 5)    	(10, 8)    	(10, 9)    	(10, 10)    	(11, 0)    	(11, 1)    	(11, 4)    	(11, 5)    	(11, 6)    	(11, 7)    	(11, 8)    	(11, 9)    	(11, 11)    	(11, 12)    	(12, 0)    	(12, 1)    	(12, 2)    	(12, 3)    	(12, 4)    	(12, 5)    	(12, 8)    	(12, 9)    	(12, 10)

vertices that can be adjacent in consecutive trips...
	(0, 0)    	(2, 2)    	(2, 23)    	(15, 15)    	(15, 36)    	(20, 41)    	(21, 0)    	(23, 2)    	(23, 23)    	(36, 15)    	(36, 36)    	(41, 41)
non cyclical routes: 
       2       3       4       5       6       7       8       9      10      11

routes of trip...
	routes that train #0 can complete at trip #0: 6       7      11      12
	routes that train #0 can complete at trip #1: 0       1       2       3       4       5       6       7       8       9      10      11      12
	routes that train #0 can complete at trip #2: 0       1       2       3       4       5       6       7       8       9      10      11      12

	routes that train #1 can complete at trip #0: 6       7      11      12
	routes that train #1 can complete at trip #1: 0       1       2       3       4       5       6       7       8       9      10      11      12
	routes that train #1 can complete at trip #2: 0       1       2       3       4       5       6       7       8       9      10      11      12

	routes that train #2 can complete at trip #0: 6       7      11      12
	routes that train #2 can complete at trip #1: 0       1       2       3       4       5       6       7       8       9      10      11      12
	routes that train #2 can complete at trip #2: 0       1       2       3       4       5       6       7       8       9      10      11      12

 cost...
	arc #0 [0][1]: 181
	arc #1 [0][21]: 0
	arc #2 [21][0]: 0
	arc #3 [1][2]: 172
	arc #4 [22][21]: 181
	arc #5 [2][3]: 189
	arc #6 [23][22]: 172
	arc #7 [2][23]: 0
	arc #8 [23][2]: 0
	arc #9 [3][4]: 169
	arc #10 [24][23]: 189
	arc #11 [4][5]: 160
	arc #12 [25][24]: 169
	arc #13 [5][6]: 182
	arc #14 [26][25]: 160
	arc #15 [6][7]: 171
	arc #16 [27][26]: 182
	arc #17 [7][8]: 178
	arc #18 [28][27]: 171
	arc #19 [8][9]: 159
	arc #20 [29][28]: 178
	arc #21 [9][10]: 187
	arc #22 [30][29]: 159
	arc #23 [10][11]: 154
	arc #24 [31][30]: 187
	arc #25 [11][12]: 181
	arc #26 [32][31]: 154
	arc #27 [12][13]: 171
	arc #28 [33][32]: 181
	arc #29 [13][14]: 159
	arc #30 [34][33]: 171
	arc #31 [14][15]: 186
	arc #32 [35][34]: 159
	arc #33 [15][16]: 173
	arc #34 [36][35]: 186
	arc #35 [15][36]: 0
	arc #36 [36][15]: 0
	arc #37 [16][17]: 159
	arc #38 [37][36]: 173
	arc #39 [17][18]: 170
	arc #40 [38][37]: 159
	arc #41 [18][19]: 166
	arc #42 [39][38]: 170
	arc #43 [19][20]: 171
	arc #44 [40][39]: 166
	arc #45 [41][40]: 171
	arc #46 [20][41]: 0
	arc #47 [41][20]: 0

cost with minimum service...
	arc #0 [0][1]: 260
	arc #1 [0][21]: 0
	arc #2 [21][0]: 0
	arc #3 [1][2]: 267
	arc #4 [22][21]: 276
	arc #5 [2][3]: 268
	arc #6 [23][22]: 251
	arc #7 [2][23]: 0
	arc #8 [23][2]: 0
	arc #9 [3][4]: 248
	arc #10 [24][23]: 284
	arc #11 [4][5]: 231
	arc #12 [25][24]: 248
	arc #13 [5][6]: 253
	arc #14 [26][25]: 239
	arc #15 [6][7]: 250
	arc #16 [27][26]: 253
	arc #17 [7][8]: 257
	arc #18 [28][27]: 242
	arc #19 [8][9]: 230
	arc #20 [29][28]: 257
	arc #21 [9][10]: 266
	arc #22 [30][29]: 238
	arc #23 [10][11]: 233
	arc #24 [31][30]: 258
	arc #25 [11][12]: 260
	arc #26 [32][31]: 233
	arc #27 [12][13]: 250
	arc #28 [33][32]: 260
	arc #29 [13][14]: 238
	arc #30 [34][33]: 250
	arc #31 [14][15]: 281
	arc #32 [35][34]: 238
	arc #33 [15][16]: 252
	arc #34 [36][35]: 265
	arc #35 [15][36]: 0
	arc #36 [36][15]: 0
	arc #37 [16][17]: 238
	arc #38 [37][36]: 268
	arc #39 [17][18]: 249
	arc #40 [38][37]: 238
	arc #41 [18][19]: 237
	arc #42 [39][38]: 249
	arc #43 [19][20]: 266
	arc #44 [40][39]: 245
	arc #45 [41][40]: 242
	arc #46 [20][41]: 0
	arc #47 [41][20]: 0

cost with maximum service...
	arc #0 [0][1]: 671
	arc #1 [0][21]: 490
	arc #2 [21][0]: 490
	arc #3 [1][2]: 662
	arc #4 [22][21]: 671
	arc #5 [2][3]: 679
	arc #6 [23][22]: 662
	arc #7 [2][23]: 490
	arc #8 [23][2]: 490
	arc #9 [3][4]: 659
	arc #10 [24][23]: 679
	arc #11 [4][5]: 650
	arc #12 [25][24]: 659
	arc #13 [5][6]: 672
	arc #14 [26][25]: 650
	arc #15 [6][7]: 661
	arc #16 [27][26]: 672
	arc #17 [7][8]: 668
	arc #18 [28][27]: 661
	arc #19 [8][9]: 649
	arc #20 [29][28]: 668
	arc #21 [9][10]: 677
	arc #22 [30][29]: 649
	arc #23 [10][11]: 644
	arc #24 [31][30]: 677
	arc #25 [11][12]: 671
	arc #26 [32][31]: 644
	arc #27 [12][13]: 661
	arc #28 [33][32]: 671
	arc #29 [13][14]: 649
	arc #30 [34][33]: 661
	arc #31 [14][15]: 676
	arc #32 [35][34]: 649
	arc #33 [15][16]: 663
	arc #34 [36][35]: 676
	arc #35 [15][36]: 490
	arc #36 [36][15]: 490
	arc #37 [16][17]: 649
	arc #38 [37][36]: 663
	arc #39 [17][18]: 660
	arc #40 [38][37]: 649
	arc #41 [18][19]: 656
	arc #42 [39][38]: 660
	arc #43 [19][20]: 661
	arc #44 [40][39]: 656
	arc #45 [41][40]: 661
	arc #46 [20][41]: 490
	arc #47 [41][20]: 490

demands...
	demands of vertex 0 at time interval: 1     1     1     1     1
	demands of vertex 1 at time interval: 1     1     1     1     1
	demands of vertex 2 at time interval: 1     1     1     1     1
	demands of vertex 3 at time interval: 1     1     1     1     1
	demands of vertex 4 at time interval: 1     1     1     1     1
	demands of vertex 5 at time interval: 0     0     0     0     0
	demands of vertex 6 at time interval: 0     0     0     0     0
	demands of vertex 7 at time interval: 1     1     1     1     1
	demands of vertex 8 at time interval: 1     1     1     1     1
	demands of vertex 9 at time interval: 0     0     0     0     0
	demands of vertex 10 at time interval: 1     1     1     1     1
	demands of vertex 11 at time interval: 1     1     1     1     1
	demands of vertex 12 at time interval: 1     1     1     1     1
	demands of vertex 13 at time interval: 1     1     1     1     1
	demands of vertex 14 at time interval: 1     1     1     1     1
	demands of vertex 15 at time interval: 1     1     1     1     1
	demands of vertex 16 at time interval: 1     1     1     1     1
	demands of vertex 17 at time interval: 1     1     1     1     1
	demands of vertex 18 at time interval: 1     1     1     1     1
	demands of vertex 19 at time interval: 0     0     0     0     0
	demands of vertex 20 at time interval: 0     0     0     0     0
	demands of vertex 21 at time interval: 0     0     0     0     0
	demands of vertex 22 at time interval: 1     1     1     1     1
	demands of vertex 23 at time interval: 1     1     1     1     1
	demands of vertex 24 at time interval: 1     1     1     1     1
	demands of vertex 25 at time interval: 1     1     1     1     1
	demands of vertex 26 at time interval: 0     0     0     0     0
	demands of vertex 27 at time interval: 0     0     0     0     0
	demands of vertex 28 at time interval: 1     1     1     1     1
	demands of vertex 29 at time interval: 1     1     1     1     1
	demands of vertex 30 at time interval: 0     0     0     0     0
	demands of vertex 31 at time interval: 1     1     1     1     1
	demands of vertex 32 at time interval: 1     1     1     1     1
	demands of vertex 33 at time interval: 1     1     1     1     1
	demands of vertex 34 at time interval: 1     1     1     1     1
	demands of vertex 35 at time interval: 1     1     1     1     1
	demands of vertex 36 at time interval: 1     1     1     1     1
	demands of vertex 37 at time interval: 1     1     1     1     1
	demands of vertex 38 at time interval: 1     1     1     1     1
	demands of vertex 39 at time interval: 1     1     1     1     1
	demands of vertex 40 at time interval: 0     0     0     0     0
	demands of vertex 41 at time interval: 1     1     1     1     1

maximum time = 51555
alpha = 86

>> Solving...
Version identifier: 20.1.0.0 | 2020-11-10 | 9bedb6d68
CPXPARAM_Threads                                 1
CPXPARAM_TimeLimit                               43200
Tried aggregator 3 times.
MIP Presolve eliminated 134322 rows and 33477 columns.
MIP Presolve modified 26218 coefficients.
Aggregator did 57 substitutions.
Reduced MIP has 171268 rows, 65161 columns, and 419862 nonzeros.
Reduced MIP has 64539 binaries, 0 generals, 0 SOSs, and 0 indicators.
Presolve time = 7.14 sec. (2664.13 ticks)
Probing fixed 0 vars, tightened 25 bounds.
Probing time = 8.68 sec. (663.87 ticks)
Tried aggregator 1 time.
Detecting symmetries...
Elapsed time for symmetry detection = 7.43 sec. (10000.08 ticks)
Found 1.001111e+36384 symmetric permutations.
MIP Presolve eliminated 160 rows and 148 columns.
MIP Presolve modified 1050 coefficients.
Reduced MIP has 171108 rows, 65013 columns, and 418950 nonzeros.
Reduced MIP has 64391 binaries, 0 generals, 0 SOSs, and 0 indicators.
Presolve time = 16.51 sec. (17511.33 ticks)
Probing fixed 0 vars, tightened 5 bounds.
Probing time = 8.64 sec. (550.91 ticks)
Clique table members: 279294.
MIP emphasis: balance optimality and feasibility.
MIP search method: dynamic search.
Parallel mode: none, using 1 thread.
Root relaxation solution time = 961.70 sec. (54595.46 ticks)

        Nodes                                         Cuts/
   Node  Left     Objective  IInf  Best Integer    Best Bound    ItCnt     Gap

      0     0     6874.1667 31399                   6874.1667   115074         
      0     0    13748.3333 28678                  Cuts: 3108   144671         
      0     0    13748.3333 30818                  Cuts: 4172   173824         
      0     0    13748.3333 27782                   Cuts: 811   198164         
      0     0    18331.0322 30668                  Cuts: 4139   240188         
      0     0    18331.0322 29876                  Cuts: 3565   265987         

Repeating presolve.
Tried aggregator 1 time.
MIP Presolve eliminated 117812 rows and 47174 columns.
MIP Presolve modified 264 coefficients.
Reduced MIP has 53296 rows, 17839 columns, and 136032 nonzeros.
Reduced MIP has 17217 binaries, 0 generals, 0 SOSs, and 0 indicators.
Presolve time = 1.74 sec. (954.12 ticks)
Probing fixed 0 vars, tightened 1 bounds.
Probing time = 0.67 sec. (93.86 ticks)
Tried aggregator 1 time.
Detecting symmetries...
MIP Presolve eliminated 13 rows and 13 columns.
MIP Presolve modified 65 coefficients.
Reduced MIP has 53283 rows, 17826 columns, and 135993 nonzeros.
Reduced MIP has 17204 binaries, 0 generals, 0 SOSs, and 0 indicators.
Presolve time = 1.37 sec. (1647.56 ticks)
Represolve time = 4.22 sec. (2949.08 ticks)
Probing time = 0.08 sec. (13.86 ticks)
Clique table members: 87004.
MIP emphasis: balance optimality and feasibility.
MIP search method: dynamic search.
Parallel mode: none, using 1 thread.
Root relaxation solution time = 5.79 sec. (2508.88 ticks)

        Nodes                                         Cuts/
   Node  Left     Objective  IInf  Best Integer    Best Bound    ItCnt     Gap

      0     0    18331.0322  7930                  18331.0322   289251         
      0     0    18331.0322  7765                  Cuts: 4088   307332         
      0     0    18331.0322  8197                  Cuts: 2743   313167         
      0     0    18514.3796  7560                  Cuts: 3076   319607         
      0     0    18514.3796  7909                  Cuts: 2911   332898         
Heuristic still looking.

Repeating presolve.
Tried aggregator 1 time.
MIP Presolve eliminated 28910 rows and 11564 columns.
Reduced MIP has 24373 rows, 6262 columns, and 66609 nonzeros.
Reduced MIP has 5640 binaries, 0 generals, 0 SOSs, and 0 indicators.
Presolve time = 0.43 sec. (146.41 ticks)
Probing time = 0.14 sec. (8.32 ticks)
Cover probing fixed 0 vars, tightened 81 bounds.
Tried aggregator 1 time.
Detecting symmetries...
MIP Presolve modified 2217 coefficients.
Reduced MIP has 24373 rows, 6262 columns, and 66609 nonzeros.
Reduced MIP has 5640 binaries, 0 generals, 0 SOSs, and 0 indicators.
Presolve time = 0.51 sec. (140.57 ticks)
Represolve time = 1.54 sec. (372.26 ticks)
Probing time = 0.13 sec. (7.99 ticks)
Clique table members: 33908.
MIP emphasis: balance optimality and feasibility.
MIP search method: dynamic search.
Parallel mode: none, using 1 thread.
Root relaxation solution time = 2.23 sec. (535.56 ticks)

        Nodes                                         Cuts/
   Node  Left     Objective  IInf  Best Integer    Best Bound    ItCnt     Gap

      0     0    18514.3796  2970                  18514.3796   340092         
      0     0    18514.3796  2542                   Cuts: 636   345896         
      0     0    18514.3796  3024                  Cuts: 4023   352113         
      0     0    18967.8268  2851                   Cuts: 574   361369         
      0     0    18967.8552  2503                  Cuts: 4091   381615         
      0     0    18968.2725  2567                  Cuts: 2845   390091         
*     0+    0                        48734.0000    18968.2725            61.08%
      0     2    18968.2725  2567    48734.0000    18968.2725   390091   61.08%
Elapsed time = 5146.48 sec. (720488.23 ticks, tree = 0.01 MB, solutions = 1)
      1     3    41245.0000  2760    48734.0000    18968.2725   397815   61.08%
      2     4    22913.8257  2712    48734.0000    27496.6193   404630   43.58%
      3     5    41245.3640  2512    48734.0000    27496.6193   412612   43.58%
      4     6    41483.0000  1232    48734.0000    27496.6193   414527   43.58%
      5     7    41483.0000  1043    48734.0000    27496.6193   424633   43.58%
      6     6    infeasible          48734.0000    27496.6193   429728   43.58%
      7     7    41483.0000   607    48734.0000    27496.6193   432433   43.58%
      9     9    41483.0000   517    48734.0000    27496.6193   433493   43.58%
     12     8    infeasible          48734.0000    27496.6193   434632   43.58%
     16     8    infeasible          48734.0000    27496.6193   436972   43.58%
Elapsed time = 5195.72 sec. (733778.83 ticks, tree = 0.17 MB, solutions = 1)
     26    12    41483.0000   471    48734.0000    27496.6193   438786   43.58%
     31    13    41483.0000   495    48734.0000    27496.6193   442192   43.58%
     41    17    infeasible          48734.0000    27496.6193   445514   43.58%
     62    18    infeasible          48734.0000    27496.6193   449168   43.58%
     77    17    41245.0000  2745    48734.0000    41245.0000   463381   15.37%
     78    18    41245.0000  2494    48734.0000    41245.0000   465319   15.37%
     80    18    41245.0000  2658    48734.0000    41245.0000   473392   15.37%
     81    19    41245.0000  2583    48734.0000    41245.0000   485484   15.37%
     83    21    41246.2981  2789    48734.0000    41245.0000   497055   15.37%
     87    19    infeasible          48734.0000    41245.0000   507446   15.37%
Elapsed time = 5262.27 sec. (754926.08 ticks, tree = 0.59 MB, solutions = 1)
     88    20    41245.0000  2341    48734.0000    41245.0000   518713   15.37%
     89    21    41245.0000  2403    48734.0000    41245.0000   527533   15.37%
     91    21        cutoff          48734.0000    41245.0000   536371   15.37%
     92    20        cutoff          48734.0000    41245.0000   541630   15.37%
     93    21    45543.0000  2275    48734.0000    41245.0000   545116   15.37%
     95    23    45543.0000  1328    48734.0000    41245.0000   561581   15.37%
     99    23    45543.0000  1146    48734.0000    41245.0000   569396   15.37%
    104    21    46279.0000   551    48734.0000    41245.0000   593141   15.37%
    105    22    46279.0000   480    48734.0000    41245.0000   601021   15.37%
    106    23    46279.0000   411    48734.0000    41245.0000   603791   15.37%
Elapsed time = 5371.35 sec. (784102.32 ticks, tree = 0.81 MB, solutions = 1)
    108    25    46279.0000    74    48734.0000    41245.0000   608010   15.37%
*   110+   25                        48204.0000    41245.0000            14.44%
    112    29    46690.0000    45    48204.0000    41245.0000   608097   14.44%
*   119    32      integral     0    47680.0000    41245.0000   608365   13.50%
    120    33    41245.0000  1744    47680.0000    41245.0000   627387   13.50%
    122    33    45543.0000   873    47680.0000    41245.0000   643821   13.50%
    123    34    45543.0000   543    47680.0000    41245.0000   650495   13.50%
    124    35    45543.0000   477    47680.0000    41245.0000   654698   13.50%
    125    36    45543.0000   499    47680.0000    41245.0000   657906   13.50%
    126    37    46279.0000   325    47680.0000    41245.0000   663954   13.50%
    129    36    41245.0000  2536    47680.0000    41245.0000   677244   13.50%
Elapsed time = 5435.26 sec. (806966.36 ticks, tree = 0.93 MB, solutions = 3)
    130    37    41245.0000  2593    47680.0000    41245.0000   683358   13.50%
    131    38    41245.0000  1832    47680.0000    41245.0000   698011   13.50%
    134    39    45543.0000   881    47680.0000    41245.0000   704988   13.50%
    137    42    45543.0000   501    47680.0000    41245.0000   716410   13.50%
    140    45    45543.0000   484    47680.0000    41245.0000   726143   13.50%
    146    51    45543.0000   497    47680.0000    41245.0000   736473   13.50%
    150    55    45543.0000   483    47680.0000    41245.0000   750345   13.50%
    154    53    infeasible          47680.0000    41245.0000   764040   13.50%
    155    54    41245.0000  2173    47680.0000    41245.0000   773463   13.50%
    159    54    41245.0000  1489    47680.0000    41245.0000   785112   13.50%
Elapsed time = 5484.54 sec. (827016.84 ticks, tree = 1.06 MB, solutions = 3)
    163    56    45543.0000  1071    47680.0000    41245.0000   794207   13.50%
    167    60    45543.0000   757    47680.0000    41245.0000   806079   13.50%
    170    63    45543.0000   556    47680.0000    41245.0000   814140   13.50%
    175    66    infeasible          47680.0000    41245.0000   823131   13.50%
    180    63    41364.0000  2932    47680.0000    41364.0000   857286   13.25%
    181    64    41364.0000  2798    47680.0000    41364.0000   862057   13.25%
    182    65    45543.0000  2135    47680.0000    41364.0000   873452   13.25%
    195    78    45543.0000  2258    47680.0000    41364.0000   882103   13.25%
    197    80    45543.0000  2163    47680.0000    41364.0000   888747   13.25%
    198    81    45543.0000  1156    47680.0000    41364.0000   894835   13.25%
Elapsed time = 5528.11 sec. (848478.64 ticks, tree = 1.23 MB, solutions = 3)
    201    80    41364.0000  2667    47680.0000    41364.0000   906539   13.25%
    203    82    41364.0000  1630    47680.0000    41364.0000   915090   13.25%
    204    81        cutoff          47680.0000    41364.0000   922581   13.25%
    205    82    45543.0000  1347    47680.0000    41364.0000   929114   13.25%
    210    85    45543.0000   543    47680.0000    41364.0000   939810   13.25%
*   219+   92                        46956.0000    41364.0000            11.91%
*   219+   86                        46690.0000    41364.0000            11.41%
    219    88    46279.0000   359    46690.0000    41364.0000   945199   11.41%
    222    87    41364.0000  1673    46690.0000    41364.0000   952638   11.41%
    226    89    45543.0000  1027    46690.0000    41364.0000   961189   11.41%
    228    91    45543.0000   936    46690.0000    41364.0000   968998   11.41%
    231    94    45543.0000   919    46690.0000    41364.0000   978199   11.41%
Elapsed time = 5572.41 sec. (868710.47 ticks, tree = 1.31 MB, solutions = 5)
    232    95    46279.0000   235    46690.0000    41364.0000   984345   11.41%
    235    94    41364.0000  2398    46690.0000    41364.0000   995510   11.41%
    238    95    45543.0000  2410    46690.0000    41364.0000  1006407   11.41%
    240    97    45543.0000  1170    46690.0000    41364.0000  1015363   11.41%
    241    98    45543.0000  1297    46690.0000    41364.0000  1023178   11.41%
    244   101    46279.0000   447    46690.0000    41364.0000  1037189   11.41%
    249   106    46279.0000   478    46690.0000    41364.0000  1049066   11.41%
    253   110    46279.0000   566    46690.0000    41364.0000  1061717   11.41%
    257   114    46279.0000   620    46690.0000    41364.0000  1074504   11.41%
    260   117    46279.0000   539    46690.0000    41364.0000  1085320   11.41%
Elapsed time = 5650.74 sec. (885475.56 ticks, tree = 1.47 MB, solutions = 5)
    263   116        cutoff          46690.0000    41364.0000  1098087   11.41%
    264   115    infeasible          46690.0000    41483.0000  1105677   11.15%
    266   113        cutoff          46690.0000    41483.0000  1118845   11.15%
    267   112    infeasible          46690.0000    41483.0000  1127119   11.15%
    269   110    infeasible          46690.0000    41483.0000  1138119   11.15%
    270   109    infeasible          46690.0000    41483.0000  1146144   11.15%
    272   107        cutoff          46690.0000    41483.0000  1162477   11.15%
    273   106    infeasible          46690.0000    41483.0000  1176179   11.15%
    275   104    infeasible          46690.0000    41483.0000  1186129   11.15%
    276   103        cutoff          46690.0000    43038.0000  1194579    7.82%
Elapsed time = 5736.87 sec. (904962.75 ticks, tree = 0.91 MB, solutions = 5)
    280    99        cutoff          46690.0000    45543.0000  1207968    2.46%
    281   100    46279.0000   365    46690.0000    45543.0000  1216516    2.46%
    284    97        cutoff          46690.0000    45543.0000  1222878    2.46%
    290    91        cutoff          46690.0000    45543.0000  1236101    2.46%
    294    87        cutoff          46690.0000    45543.0000  1248248    2.46%
    297    84    infeasible          46690.0000    45543.0000  1258725    2.46%
    302    79    infeasible          46690.0000    45543.0000  1269833    2.46%
    312    69    infeasible          46690.0000    45543.0000  1279472    2.46%
    317    64    infeasible          46690.0000    45543.0000  1290572    2.46%
    324    59    46279.0000   917    46690.0000    45543.0000  1314506    2.46%
Elapsed time = 5797.27 sec. (919759.99 ticks, tree = 0.60 MB, solutions = 5)
    328    59    45543.0000   626    46690.0000    45543.0000  1339541    2.46%
    340    47    infeasible          46690.0000    45543.0000  1365241    2.46%
    346    45    infeasible          46690.0000    45543.0000  1388128    2.46%
    357    44    46279.0000   385    46690.0000    45543.0000  1417539    2.46%
    384    50    infeasible          46690.0000    45543.0000  1449232    2.46%
    398    44    infeasible          46690.0000    45543.0000  1482866    2.46%
    410    42    45543.0000   413    46690.0000    45543.0000  1516742    2.46%
    445    55    46279.0000   322    46690.0000    45543.0000  1552298    2.46%
    459    47    infeasible          46690.0000    45543.0000  1584175    2.46%
    466    44    45543.0000  2025    46690.0000    45543.0000  1610737    2.46%
Elapsed time = 5970.59 sec. (962920.11 ticks, tree = 0.51 MB, solutions = 5)
    471    41    46279.0000  1423    46690.0000    45543.0000  1637947    2.46%
    514    76    45543.0000   398    46690.0000    45543.0000  1668484    2.46%
    548    62    infeasible          46690.0000    45543.0000  1708148    2.46%
    570    56    45543.0000  1576    46690.0000    45543.0000  1742115    2.46%
    585    59    45543.0000   419    46690.0000    45543.0000  1771416    2.46%
    632    55    infeasible          46690.0000    45543.0000  1809692    2.46%
    686    92    infeasible          46690.0000    45543.0000  1837889    2.46%
    733    82    infeasible          46690.0000    45543.0000  1871882    2.46%
    769    82    45543.0000   390    46690.0000    45543.0000  1908084    2.46%
    810    87    45543.0000   567    46690.0000    45543.0000  1940410    2.46%
Elapsed time = 6089.96 sec. (1003412.97 ticks, tree = 0.67 MB, solutions = 5)
    856    83        cutoff          46690.0000    45543.0000  1966889    2.46%
    883    72    45543.0000  2151    46690.0000    45543.0000  1998432    2.46%
    896    77    infeasible          46690.0000    45543.0000  2029743    2.46%
    909    78    45776.0000   517    46690.0000    45543.0000  2062662    2.46%
    921    74    45543.0000  1824    46690.0000    45543.0000  2088244    2.46%
    977    80        cutoff          46690.0000    45543.0000  2120441    2.46%
    996    79    45543.0000  1327    46690.0000    45543.0000  2148898    2.46%
   1013    76    45543.0000  2000    46690.0000    45543.0000  2179445    2.46%
   1057    96    45543.0000  1689    46690.0000    45543.0000  2215982    2.46%
   1075    86    infeasible          46690.0000    45543.0000  2249845    2.46%
Elapsed time = 6161.70 sec. (1043880.72 ticks, tree = 0.67 MB, solutions = 5)
   1086    77    45543.0000  2506    46690.0000    45543.0000  2282291    2.46%
   1106    78    45543.0000  2321    46690.0000    45543.0000  2323400    2.46%
   1143    98    infeasible          46690.0000    45543.0000  2353536    2.46%
   1171    94    infeasible          46690.0000    45543.0000  2384233    2.46%
   1184    91    45543.0000  2036    46690.0000    45543.0000  2415411    2.46%
   1197   104    45543.0000  1248    46690.0000    45543.0000  2445338    2.46%
   1213   101    45543.0000  1770    46690.0000    45543.0000  2481082    2.46%
   1222   102    infeasible          46690.0000    45543.0000  2505479    2.46%
   1228    98    45543.0000  1801    46690.0000    45543.0000  2533765    2.46%
   1240    92    infeasible          46690.0000    45543.0000  2562041    2.46%
Elapsed time = 6368.04 sec. (1088101.26 ticks, tree = 0.73 MB, solutions = 5)
   1256    86        cutoff          46690.0000    45879.0000  2591799    1.74%
   1327    17        cutoff          46690.0000    46279.0000  2627008    0.88%
   1341     3        cutoff          46690.0000    46279.0000  2662863    0.88%

Clique cuts applied:  50
Implied bound cuts applied:  4671
Flow cuts applied:  109
Mixed integer rounding cuts applied:  443
Zero-half cuts applied:  41
Lift and project cuts applied:  3
Gomory fractional cuts applied:  9

Root node processing (before b&c):
  Real time             = 5145.20 sec. (720113.32 ticks)
Sequential b&c:
  Real time             = 1278.74 sec. (380304.54 ticks)
                          ------------
Total (root+branch&cut) = 6423.94 sec. (1100417.87 ticks)
Optimal

>> Printing some results...
    -> Solution value = 46690 - 12:58:10
    -> Total time = 6423.94
    -> Gap value = 0.00

=============
Train 0
=============
> Trip 0
   2(time 0 - 00:00:00)(time 189 - 00:03:09) ->    3(time 268 - 00:04:28)(time 437 - 00:07:17) ->    4(time 516 - 00:08:36)(time 676 - 00:11:16) ->    5(time 747 - 00:12:27)(time 929 - 00:15:29) ->    6(time 1000 - 00:16:40)(time 1171 - 00:19:31) ->    7(time 1250 - 00:20:50)(time 1428 - 00:23:48) ->    8(time 1507 - 00:25:07)(time 1666 - 00:27:46) ->    9(time 1737 - 00:28:57)(time 1924 - 00:32:04) ->    10(time 2003 - 00:33:23)(time 2157 - 00:35:57) ->    11(time 2236 - 00:37:16)(time 2417 - 00:40:17) ->    12(time 2496 - 00:41:36)(time 2667 - 00:44:27) ->    13(time 2746 - 00:45:46)(time 2905 - 00:48:25) ->    14(time 2984 - 00:49:44)(time 3170 - 00:52:50) ->    15(time 3265 - 00:54:25)(time 3438 - 00:57:18) ->    16(time 3517 - 00:58:37)(time 3676 - 01:01:16) ->    17(time 3755 - 01:02:35)(time 3925 - 01:05:25) ->    18(time 4004 - 01:06:44)(time 4170 - 01:09:30) ->    19(time 4241 - 01:10:41)(time 4412 - 01:13:32) -> 20
> Trip 1
   41(time 4412 - 01:13:32)(time 4583 - 01:16:23) ->    40(time 4654 - 01:17:34)(time 4820 - 01:20:20) ->    39(time 4899 - 01:21:39)(time 5069 - 01:24:29) ->    38(time 5148 - 01:25:48)(time 5307 - 01:28:27) ->    37(time 5386 - 01:29:46)(time 5559 - 01:32:39) ->    36(time 5654 - 01:34:14)(time 5840 - 01:37:20) ->    35(time 5919 - 01:38:39)(time 6078 - 01:41:18) ->    34(time 6157 - 01:42:37)(time 6328 - 01:45:28) ->    33(time 6407 - 01:46:47)(time 6588 - 01:49:48) ->    32(time 6667 - 01:51:07)(time 6821 - 01:53:41) ->    31(time 6900 - 01:55:00)(time 7087 - 01:58:07) ->    30(time 7158 - 01:59:18)(time 7317 - 02:01:57) ->    29(time 7396 - 02:03:16)(time 7574 - 02:06:14) ->    28(time 7653 - 02:07:33)(time 7824 - 02:10:24) ->    27(time 7895 - 02:11:35)(time 8077 - 02:14:37) ->    26(time 8148 - 02:15:48)(time 8308 - 02:18:28) ->    25(time 8387 - 02:19:47)(time 8556 - 02:22:36) ->    24(time 8635 - 02:23:55)(time 8824 - 02:27:04) ->    23(time 8919 - 02:28:39)(time 9091 - 02:31:31) ->    22(time 9170 - 02:32:50)(time 9351 - 02:35:51) ->    21(time 9446 - 02:37:26)(time 9446 - 02:37:26) ->    0(time 9446 - 02:37:26)(time 9627 - 02:40:27) ->    1(time 10117 - 02:48:37)(time 10289 - 02:51:29) ->    2(time 10779 - 02:59:39)(time 10968 - 03:02:48) ->    3(time 11458 - 03:10:58)(time 11627 - 03:13:47) ->    4(time 12117 - 03:21:57)(time 12277 - 03:24:37) ->    5(time 12767 - 03:32:47)(time 12949 - 03:35:49) ->    6(time 13439 - 03:43:59)(time 13610 - 03:46:50) ->    7(time 14100 - 03:55:00)(time 14278 - 03:57:58) ->    8(time 14768 - 04:06:08)(time 14927 - 04:08:47) ->    9(time 15417 - 04:16:57)(time 15604 - 04:20:04) ->    10(time 15683 - 04:21:23)(time 15837 - 04:23:57) ->    11(time 15916 - 04:25:16)(time 16097 - 04:28:17) ->    12(time 16176 - 04:29:36)(time 16347 - 04:32:27) ->    13(time 16426 - 04:33:46)(time 16585 - 04:36:25) ->    14(time 16664 - 04:37:44)(time 16850 - 04:40:50) ->    15(time 16945 - 04:42:25)(time 17118 - 04:45:18) ->    16(time 17197 - 04:46:37)(time 17356 - 04:49:16) ->    17(time 17435 - 04:50:35)(time 17605 - 04:53:25) ->    18(time 17684 - 04:54:44)(time 17850 - 04:57:30) ->    19(time 17921 - 04:58:41)(time 18092 - 05:01:32) ->    20(time 18187 - 05:03:07)(time 18187 - 05:03:07) -> 41
> Trip 2
   41(time 24035 - 06:40:35)(time 24206 - 06:43:26) ->    40(time 24277 - 06:44:37)(time 24443 - 06:47:23) ->    39(time 24522 - 06:48:42)(time 24692 - 06:51:32) ->    38(time 24771 - 06:52:51)(time 24930 - 06:55:30) ->    37(time 25009 - 06:56:49)(time 25182 - 06:59:42) ->    36(time 25277 - 07:01:17)(time 25463 - 07:04:23) ->    35(time 25542 - 07:05:42)(time 25701 - 07:08:21) ->    34(time 25780 - 07:09:40)(time 25951 - 07:12:31) ->    33(time 26030 - 07:13:50)(time 26211 - 07:16:51) ->    32(time 26290 - 07:18:10)(time 26444 - 07:20:44) ->    31(time 26523 - 07:22:03)(time 26710 - 07:25:10) ->    30(time 26781 - 07:26:21)(time 26940 - 07:29:00) ->    29(time 27019 - 07:30:19)(time 27197 - 07:33:17) ->    28(time 27276 - 07:34:36)(time 27447 - 07:37:27) ->    27(time 27518 - 07:38:38)(time 27700 - 07:41:40) ->    26(time 27771 - 07:42:51)(time 27931 - 07:45:31) ->    25(time 28010 - 07:46:50)(time 28179 - 07:49:39) ->    24(time 28258 - 07:50:58)(time 28447 - 07:54:07) ->    23(time 28542 - 07:55:42)(time 28714 - 07:58:34) ->    22(time 28793 - 07:59:53)(time 28974 - 08:02:54) ->    21(time 29069 - 08:04:29)(time 29069 - 08:04:29) ->    0(time 29069 - 08:04:29)(time 29250 - 08:07:30) ->    1(time 29329 - 08:08:49)(time 29501 - 08:11:41) ->    2(time 29596 - 08:13:16)(time 29785 - 08:16:25) ->    3(time 29864 - 08:17:44)(time 30033 - 08:20:33) ->    4(time 30284 - 08:24:44)(time 30444 - 08:27:24) ->    5(time 30934 - 08:35:34)(time 31116 - 08:38:36) ->    6(time 31187 - 08:39:47)(time 31358 - 08:42:38) ->    7(time 31437 - 08:43:57)(time 31615 - 08:46:55) ->    8(time 31694 - 08:48:14)(time 31853 - 08:50:53) ->    9(time 31924 - 08:52:04)(time 32111 - 08:55:11) ->    10(time 32190 - 08:56:30)(time 32344 - 08:59:04) ->    11(time 32423 - 09:00:23)(time 32604 - 09:03:24) ->    12(time 32683 - 09:04:43)(time 32854 - 09:07:34) ->    13(time 32933 - 09:08:53)(time 33092 - 09:11:32) ->    14(time 33171 - 09:12:51)(time 33357 - 09:15:57) ->    15(time 33452 - 09:17:32)(time 33625 - 09:20:25) ->    16(time 33704 - 09:21:44)(time 33863 - 09:24:23) ->    17(time 33942 - 09:25:42)(time 34112 - 09:28:32) ->    18(time 34191 - 09:29:51)(time 34357 - 09:32:37) ->    19(time 34428 - 09:33:48)(time 34599 - 09:36:39) ->    20(time 34694 - 09:38:14)(time 34694 - 09:38:14) -> 41
=============
Train 1
=============
> Trip 0
   23(time 0 - 00:00:00)(time 172 - 00:02:52) ->    22(time 251 - 00:04:11)(time 432 - 00:07:12) -> 21
> Trip 1
   0(time 32939 - 09:08:59)(time 33120 - 09:12:00) ->    1(time 33199 - 09:13:19)(time 33371 - 09:16:11) ->    2(time 33466 - 09:17:46)(time 33655 - 09:20:55) ->    3(time 33734 - 09:22:14)(time 33903 - 09:25:03) ->    4(time 33982 - 09:26:22)(time 34142 - 09:29:02) ->    5(time 34213 - 09:30:13)(time 34395 - 09:33:15) ->    6(time 34466 - 09:34:26)(time 34637 - 09:37:17) ->    7(time 34716 - 09:38:36)(time 34894 - 09:41:34) ->    8(time 34973 - 09:42:53)(time 35132 - 09:45:32) ->    9(time 35203 - 09:46:43)(time 35390 - 09:49:50) ->    10(time 35469 - 09:51:09)(time 35623 - 09:53:43) ->    11(time 36113 - 10:01:53)(time 36294 - 10:04:54) ->    12(time 36784 - 10:13:04)(time 36955 - 10:15:55) ->    13(time 37445 - 10:24:05)(time 37604 - 10:26:44) ->    14(time 38094 - 10:34:54)(time 38280 - 10:38:00) ->    15(time 38770 - 10:46:10)(time 38943 - 10:49:03) ->    16(time 39433 - 10:57:13)(time 39592 - 10:59:52) ->    17(time 40082 - 11:08:02)(time 40252 - 11:10:52) ->    18(time 40742 - 11:19:02)(time 40908 - 11:21:48) ->    19(time 40979 - 11:22:59)(time 41150 - 11:25:50) ->    20(time 41245 - 11:27:25)(time 41245 - 11:27:25) ->    41(time 41245 - 11:27:25)(time 41416 - 11:30:16) ->    40(time 41487 - 11:31:27)(time 41653 - 11:34:13) ->    39(time 41732 - 11:35:32)(time 41902 - 11:38:22) ->    38(time 41981 - 11:39:41)(time 42140 - 11:42:20) ->    37(time 42219 - 11:43:39)(time 42392 - 11:46:32) ->    36(time 42487 - 11:48:07)(time 42673 - 11:51:13) ->    35(time 42752 - 11:52:32)(time 42911 - 11:55:11) ->    34(time 42990 - 11:56:30)(time 43161 - 11:59:21) ->    33(time 43240 - 12:00:40)(time 43421 - 12:03:41) ->    32(time 43500 - 12:05:00)(time 43654 - 12:07:34) ->    31(time 43733 - 12:08:53)(time 43920 - 12:12:00) ->    30(time 43991 - 12:13:11)(time 44150 - 12:15:50) ->    29(time 44229 - 12:17:09)(time 44407 - 12:20:07) ->    28(time 44486 - 12:21:26)(time 44657 - 12:24:17) ->    27(time 44728 - 12:25:28)(time 44910 - 12:28:30) ->    26(time 44981 - 12:29:41)(time 45141 - 12:32:21) ->    25(time 45631 - 12:40:31)(time 45800 - 12:43:20) ->    24(time 45879 - 12:44:39)(time 46068 - 12:47:48) ->    23(time 46163 - 12:49:23)(time 46335 - 12:52:15) ->    22(time 46414 - 12:53:34)(time 46595 - 12:56:35) ->    21(time 46690 - 12:58:10)(time 46690 - 12:58:10) -> 0
=============
Train 2
=============
> Trip 0
   2(time 4520 - 01:15:20)(time 4709 - 01:18:29) ->    3(time 4788 - 01:19:48)(time 4957 - 01:22:37) ->    4(time 5036 - 01:23:56)(time 5196 - 01:26:36) ->    5(time 5267 - 01:27:47)(time 5449 - 01:30:49) ->    6(time 5520 - 01:32:00)(time 5691 - 01:34:51) ->    7(time 5770 - 01:36:10)(time 5948 - 01:39:08) ->    8(time 6438 - 01:47:18)(time 6597 - 01:49:57) ->    9(time 7087 - 01:58:07)(time 7274 - 02:01:14) ->    10(time 7353 - 02:02:33)(time 7507 - 02:05:07) ->    11(time 7586 - 02:06:26)(time 7767 - 02:09:27) ->    12(time 7846 - 02:10:46)(time 8017 - 02:13:37) ->    13(time 8096 - 02:14:56)(time 8255 - 02:17:35) ->    14(time 8334 - 02:18:54)(time 8520 - 02:22:00) ->    15(time 9000 - 02:30:00)(time 9173 - 02:32:53) ->    16(time 9663 - 02:41:03)(time 9822 - 02:43:42) ->    17(time 10312 - 02:51:52)(time 10482 - 02:54:42) ->    18(time 10561 - 02:56:01)(time 10727 - 02:58:47) ->    19(time 10798 - 02:59:58)(time 10969 - 03:02:49) -> 20
> Trip 1
   41(time 10969 - 03:02:49)(time 11140 - 03:05:40) ->    40(time 11630 - 03:13:50)(time 11796 - 03:16:36) ->    39(time 12286 - 03:24:46)(time 12456 - 03:27:36) ->    38(time 12946 - 03:35:46)(time 13105 - 03:38:25) ->    37(time 13595 - 03:46:35)(time 13768 - 03:49:28) ->    36(time 13863 - 03:51:03)(time 14049 - 03:54:09) ->    35(time 14128 - 03:55:28)(time 14287 - 03:58:07) ->    34(time 14366 - 03:59:26)(time 14537 - 04:02:17) ->    33(time 14737 - 04:05:37)(time 14918 - 04:08:38) ->    32(time 14997 - 04:09:57)(time 15151 - 04:12:31) ->    31(time 15230 - 04:13:50)(time 15417 - 04:16:57) ->    30(time 15907 - 04:25:07)(time 16066 - 04:27:46) ->    29(time 16556 - 04:35:56)(time 16734 - 04:38:54) ->    28(time 17224 - 04:47:04)(time 17395 - 04:49:55) ->    27(time 17545 - 04:52:25)(time 17727 - 04:55:27) ->    26(time 17798 - 04:56:38)(time 17958 - 04:59:18) ->    25(time 18037 - 05:00:37)(time 18206 - 05:03:26) ->    24(time 18285 - 05:04:45)(time 18474 - 05:07:54) ->    23(time 18569 - 05:09:29)(time 18741 - 05:12:21) ->    22(time 18820 - 05:13:40)(time 19001 - 05:16:41) ->    21(time 19096 - 05:18:16)(time 19096 - 05:18:16) ->    0(time 19096 - 05:18:16)(time 19277 - 05:21:17) ->    1(time 19356 - 05:22:36)(time 19528 - 05:25:28) ->    2(time 19623 - 05:27:03)(time 19812 - 05:30:12) ->    3(time 19891 - 05:31:31)(time 20060 - 05:34:20) ->    4(time 20139 - 05:35:39)(time 20299 - 05:38:19) ->    5(time 20370 - 05:39:30)(time 20552 - 05:42:32) ->    6(time 20623 - 05:43:43)(time 20794 - 05:46:34) ->    7(time 20873 - 05:47:53)(time 21051 - 05:50:51) ->    8(time 21130 - 05:52:10)(time 21289 - 05:54:49) ->    9(time 21360 - 05:56:00)(time 21547 - 05:59:07) ->    10(time 21626 - 06:00:26)(time 21780 - 06:03:00) ->    11(time 21859 - 06:04:19)(time 22040 - 06:07:20) ->    12(time 22119 - 06:08:39)(time 22290 - 06:11:30) ->    13(time 22369 - 06:12:49)(time 22528 - 06:15:28) ->    14(time 22607 - 06:16:47)(time 22793 - 06:19:53) ->    15(time 22888 - 06:21:28)(time 23061 - 06:24:21) ->    16(time 23140 - 06:25:40)(time 23299 - 06:28:19) ->    17(time 23378 - 06:29:38)(time 23548 - 06:32:28) ->    18(time 23627 - 06:33:47)(time 23793 - 06:36:33) ->    19(time 23864 - 06:37:44)(time 24035 - 06:40:35) ->    20(time 24525 - 06:48:45)(time 24525 - 06:48:45) -> 41
> Trip 2
   41(time 30934 - 08:35:34)(time 31105 - 08:38:25) ->    40(time 31176 - 08:39:36)(time 31342 - 08:42:22) ->    39(time 31421 - 08:43:41)(time 31591 - 08:46:31) ->    38(time 31670 - 08:47:50)(time 31829 - 08:50:29) ->    37(time 31908 - 08:51:48)(time 32081 - 08:54:41) ->    36(time 32416 - 09:00:16)(time 32602 - 09:03:22) ->    35(time 33092 - 09:11:32)(time 33251 - 09:14:11) ->    34(time 33330 - 09:15:30)(time 33501 - 09:18:21) ->    33(time 33580 - 09:19:40)(time 33761 - 09:22:41) ->    32(time 33952 - 09:25:52)(time 34106 - 09:28:26) ->    31(time 34596 - 09:36:36)(time 34783 - 09:39:43) ->    30(time 35273 - 09:47:53)(time 35432 - 09:50:32) ->    29(time 35922 - 09:58:42)(time 36100 - 10:01:40) ->    28(time 36590 - 10:09:50)(time 36761 - 10:12:41) ->    27(time 37251 - 10:20:51)(time 37433 - 10:23:53) ->    26(time 37923 - 10:32:03)(time 38083 - 10:34:43) ->    25(time 38573 - 10:42:53)(time 38742 - 10:45:42) ->    24(time 39232 - 10:53:52)(time 39421 - 10:57:01) ->    23(time 39911 - 11:05:11)(time 40083 - 11:08:03) ->    22(time 40573 - 11:16:13)(time 40754 - 11:19:14) ->    21(time 41244 - 11:27:24)(time 41244 - 11:27:24) ->    0(time 41245 - 11:27:25)(time 41426 - 11:30:26) ->    1(time 41521 - 11:32:01)(time 41693 - 11:34:53) ->    2(time 42183 - 11:43:03)(time 42372 - 11:46:12) ->    3(time 42451 - 11:47:31)(time 42620 - 11:50:20) ->    4(time 42699 - 11:51:39)(time 42859 - 11:54:19) ->    5(time 42930 - 11:55:30)(time 43112 - 11:58:32) ->    6(time 43183 - 11:59:43)(time 43354 - 12:02:34) ->    7(time 43433 - 12:03:53)(time 43611 - 12:06:51) ->    8(time 43690 - 12:08:10)(time 43849 - 12:10:49) ->    9(time 43920 - 12:12:00)(time 44107 - 12:15:07) ->    10(time 44186 - 12:16:26)(time 44340 - 12:19:00) ->    11(time 44419 - 12:20:19)(time 44600 - 12:23:20) ->    12(time 44679 - 12:24:39)(time 44850 - 12:27:30) ->    13(time 44929 - 12:28:49)(time 45088 - 12:31:28) ->    14(time 45167 - 12:32:47)(time 45353 - 12:35:53) ->    15(time 45448 - 12:37:28)(time 45621 - 12:40:21) ->    16(time 45700 - 12:41:40)(time 45859 - 12:44:19) ->    17(time 45938 - 12:45:38)(time 46108 - 12:48:28) ->    18(time 46187 - 12:49:47)(time 46353 - 12:52:33) ->    19(time 46424 - 12:53:44)(time 46595 - 12:56:35) ->    20(time 46690 - 12:58:10)(time 46690 - 12:58:10) -> 41
