t3p20r16h2.txt:
   > Trying to open the instance file...
   > Reading number of trains...
   > Reading maximum number of trips per train...
   > Reading time intervals...
   > Reading number of points...
   > Reading stations...
   > Reading crossings...
   > Reading depots...
   > Reading initial point...
   > Reading routes...
   > Reading distance and distance and service...
   > Reading demands...
   > Reading maximum time...
   > Reading alpha...

--------------------------------
 Printing instance
--------------------------------
number of trains = 3
	max trips per trains: 3     3     3
number of intervals = 2
	(0,  18557)	(18558,  37114)
number of points = 20
	initial point: 11
	stations: 0     1     2     3     4     5     6     7     8    10    11    13    14    15    16    17    18    19
	crossings: 0     9    11    12    17    19
	depots: 0    11    17    19
number of vertices = 40
	total vertices: 0     1     2     3     4     5     6     7     8     9    10    11    12    13    14    15    16    17    18    19    20    21    22    23    24    25    26    27    28    29    30    31    32    33    34    35    36    37    38    39
	upper vertices: 0     1     2     3     4     5     6     7     8     9    10    11    12    13    14    15    16    17    18    19
	lower vertices: 20    21    22    23    24    25    26    27    28    29    30    31    32    33    34    35    36    37    38    39
	vertices of point #0: (0, 20)
	vertices of point #1: (1, 21)
	vertices of point #2: (2, 22)
	vertices of point #3: (3, 23)
	vertices of point #4: (4, 24)
	vertices of point #5: (5, 25)
	vertices of point #6: (6, 26)
	vertices of point #7: (7, 27)
	vertices of point #8: (8, 28)
	vertices of point #9: (9, 29)
	vertices of point #10: (10, 30)
	vertices of point #11: (11, 31)
	vertices of point #12: (12, 32)
	vertices of point #13: (13, 33)
	vertices of point #14: (14, 34)
	vertices of point #15: (15, 35)
	vertices of point #16: (16, 36)
	vertices of point #17: (17, 37)
	vertices of point #18: (18, 38)
	vertices of point #19: (19, 39)

arcs...
	total arcs: 
		arc #0: (0, 1)
		arc #1: (0, 20)
		arc #2: (20, 0)
		arc #3: (1, 2)
		arc #4: (21, 20)
		arc #5: (2, 3)
		arc #6: (22, 21)
		arc #7: (3, 4)
		arc #8: (23, 22)
		arc #9: (4, 5)
		arc #10: (24, 23)
		arc #11: (5, 6)
		arc #12: (25, 24)
		arc #13: (6, 7)
		arc #14: (26, 25)
		arc #15: (7, 8)
		arc #16: (27, 26)
		arc #17: (8, 9)
		arc #18: (28, 27)
		arc #19: (9, 10)
		arc #20: (29, 28)
		arc #21: (10, 11)
		arc #22: (30, 29)
		arc #23: (11, 12)
		arc #24: (31, 30)
		arc #25: (11, 31)
		arc #26: (31, 11)
		arc #27: (12, 13)
		arc #28: (32, 31)
		arc #29: (13, 14)
		arc #30: (33, 32)
		arc #31: (14, 15)
		arc #32: (34, 33)
		arc #33: (15, 16)
		arc #34: (35, 34)
		arc #35: (16, 17)
		arc #36: (36, 35)
		arc #37: (17, 18)
		arc #38: (37, 36)
		arc #39: (17, 37)
		arc #40: (37, 17)
		arc #41: (18, 19)
		arc #42: (38, 37)
		arc #43: (39, 38)
		arc #44: (19, 39)
		arc #45: (39, 19)

	reverse arcs: 
		arc #1: (0, 20)
		arc #2: (20, 0)
		arc #25: (11, 31)
		arc #26: (31, 11)
		arc #39: (17, 37)
		arc #40: (37, 17)
		arc #44: (19, 39)
		arc #45: (39, 19)


incompatible points...
	(0, 8, 29, (8, 9))	(29, 21, 0, (21, 20))	(9, 10, 31, (10, 11))	(31, 30, 9, (30, 29))	(11, 11, 32, (11, 12))	(32, 32, 11, (32, 31))	(12, 16, 37, (16, 17))	(37, 33, 12, (33, 32))	(17, 18, 39, (18, 19))	(39, 38, 17, (38, 37))

number of routes = 16
vertices of routes...
	route #0: 0     1     2     3     4     5     6     7     8     9    10    11    12    13    14    15    16    17    18    19    39    38    37    36    35    34    33    32    31    30    29    28    27    26    25    24    23    22    21    20     0
	route #1: 39    38    37    36    35    34    33    32    31    30    29    28    27    26    25    24    23    22    21    20     0     1     2     3     4     5     6     7     8     9    10    11    12    13    14    15    16    17    18    19    39
	route #2: 11    12    13    14    15    16    17    18    19
	route #3: 31    30    29    28    27    26    25    24    23    22    21    20
	route #4: 0     1     2     3     4     5     6     7     8     9    10    11
	route #5: 39    38    37    36    35    34    33    32    31
	route #6: 17    18    19
	route #7: 37    36    35    34    33    32    31    30    29    28    27    26    25    24    23    22    21    20
	route #8: 0     1     2     3     4     5     6     7     8     9    10    11    12    13    14    15    16    17
	route #9: 39    38    37
	route #10: 11    12    13    14    15    16    17
	route #11: 37    36    35    34    33    32    31
	route #12: 17    18    19    39    38    37    17
	route #13: 11    12    13    14    15    16    17    18    19    39    38    37    36    35    34    33    32    31    11
	route #14: 31    30    29    28    27    26    25    24    23    22    21    20     0     1     2     3     4     5     6     7     8     9    10    11    31
	route #15: 37    36    35    34    33    32    31    30    29    28    27    26    25    24    23    22    21    20     0     1     2     3     4     5     6     7     8     9    10    11    12    13    14    15    16    17    37
arcs of routes...
	route #0: 0     3     5     7     9    11    13    15    17    19    21    23    27    29    31    33    35    37    41    44    43    42    38    36    34    32    30    28    24    22    20    18    16    14    12    10     8     6     4     2
	route #1: 43    42    38    36    34    32    30    28    24    22    20    18    16    14    12    10     8     6     4     2     0     3     5     7     9    11    13    15    17    19    21    23    27    29    31    33    35    37    41    44
	route #2: 23    27    29    31    33    35    37    41
	route #3: 24    22    20    18    16    14    12    10     8     6     4
	route #4: 0     3     5     7     9    11    13    15    17    19    21
	route #5: 43    42    38    36    34    32    30    28
	route #6: 37    41
	route #7: 38    36    34    32    30    28    24    22    20    18    16    14    12    10     8     6     4
	route #8: 0     3     5     7     9    11    13    15    17    19    21    23    27    29    31    33    35
	route #9: 43    42
	route #10: 23    27    29    31    33    35
	route #11: 38    36    34    32    30    28
	route #12: 37    41    44    43    42    40
	route #13: 23    27    29    31    33    35    37    41    44    43    42    38    36    34    32    30    28    26
	route #14: 24    22    20    18    16    14    12    10     8     6     4     2     0     3     5     7     9    11    13    15    17    19    21    25
	route #15: 38    36    34    32    30    28    24    22    20    18    16    14    12    10     8     6     4     2     0     3     5     7     9    11    13    15    17    19    21    23    27    29    31    33    35    39

incompatible routes...
	(0, 1)    	(0, 2)    	(0, 3)    	(0, 5)    	(0, 6)    	(0, 7)    	(0, 9)    	(0, 10)    	(0, 11)    	(0, 12)    	(0, 13)    	(0, 14)    	(0, 15)    	(1, 0)    	(1, 2)    	(1, 3)    	(1, 4)    	(1, 6)    	(1, 7)    	(1, 8)    	(1, 10)    	(1, 11)    	(1, 12)    	(1, 13)    	(1, 14)    	(1, 15)    	(2, 0)    	(2, 2)    	(2, 3)    	(2, 4)    	(2, 6)    	(2, 7)    	(2, 8)    	(2, 10)    	(2, 11)    	(2, 12)    	(2, 13)    	(2, 14)    	(2, 15)    	(3, 1)    	(3, 2)    	(3, 3)    	(3, 5)    	(3, 6)    	(3, 7)    	(3, 9)    	(3, 10)    	(3, 11)    	(3, 12)    	(3, 13)    	(3, 14)    	(3, 15)    	(4, 0)    	(4, 1)    	(4, 4)    	(4, 5)    	(4, 6)    	(4, 7)    	(4, 8)    	(4, 9)    	(4, 11)    	(4, 12)    	(4, 15)    	(5, 0)    	(5, 1)    	(5, 4)    	(5, 5)    	(5, 6)    	(5, 7)    	(5, 8)    	(5, 9)    	(5, 11)    	(5, 12)    	(5, 15)    	(6, 0)    	(6, 2)    	(6, 3)    	(6, 4)    	(6, 6)    	(6, 7)    	(6, 8)    	(6, 10)    	(6, 11)    	(6, 12)    	(6, 13)    	(6, 14)    	(6, 15)    	(7, 1)    	(7, 2)    	(7, 3)    	(7, 5)    	(7, 6)    	(7, 7)    	(7, 9)    	(7, 10)    	(7, 11)    	(7, 12)    	(7, 13)    	(7, 14)    	(7, 15)    	(8, 0)    	(8, 1)    	(8, 2)    	(8, 3)    	(8, 4)    	(8, 5)    	(8, 8)    	(8, 9)    	(8, 10)    	(8, 13)    	(8, 14)    	(9, 0)    	(9, 1)    	(9, 2)    	(9, 3)    	(9, 4)    	(9, 5)    	(9, 8)    	(9, 9)    	(9, 10)    	(9, 13)    	(9, 14)    	(10, 0)    	(10, 1)    	(10, 2)    	(10, 3)    	(10, 4)    	(10, 5)    	(10, 8)    	(10, 9)    	(10, 10)    	(10, 13)    	(10, 14)    	(11, 0)    	(11, 1)    	(11, 4)    	(11, 5)    	(11, 6)    	(11, 7)    	(11, 8)    	(11, 9)    	(11, 11)    	(11, 12)    	(11, 15)    	(12, 0)    	(12, 1)    	(12, 2)    	(12, 3)    	(12, 4)    	(12, 5)    	(12, 8)    	(12, 9)    	(12, 10)    	(12, 13)    	(12, 14)    	(13, 0)    	(13, 1)    	(13, 4)    	(13, 5)    	(13, 6)    	(13, 7)    	(13, 8)    	(13, 9)    	(13, 11)    	(13, 12)    	(13, 15)    	(14, 0)    	(14, 1)    	(14, 4)    	(14, 5)    	(14, 6)    	(14, 7)    	(14, 8)    	(14, 9)    	(14, 11)    	(14, 12)    	(14, 15)    	(15, 0)    	(15, 1)    	(15, 2)    	(15, 3)    	(15, 4)    	(15, 5)    	(15, 8)    	(15, 9)    	(15, 10)    	(15, 13)    	(15, 14)

vertices that can be adjacent in consecutive trips...
	(0, 0)    	(11, 11)    	(11, 31)    	(17, 17)    	(17, 37)    	(19, 39)    	(20, 0)    	(31, 11)    	(31, 31)    	(37, 17)    	(37, 37)    	(39, 39)
non cyclical routes: 
       2       3       4       5       6       7       8       9      10      11

routes of trip...
	routes that train #0 can complete at trip #0: 2       3      10      13      14
	routes that train #0 can complete at trip #1: 0       1       2       3       4       5       6       7       8       9      10      11      12      13      14      15
	routes that train #0 can complete at trip #2: 0       1       2       3       4       5       6       7       8       9      10      11      12      13      14      15

	routes that train #1 can complete at trip #0: 2       3      10      13      14
	routes that train #1 can complete at trip #1: 0       1       2       3       4       5       6       7       8       9      10      11      12      13      14      15
	routes that train #1 can complete at trip #2: 0       1       2       3       4       5       6       7       8       9      10      11      12      13      14      15

	routes that train #2 can complete at trip #0: 2       3      10      13      14
	routes that train #2 can complete at trip #1: 0       1       2       3       4       5       6       7       8       9      10      11      12      13      14      15
	routes that train #2 can complete at trip #2: 0       1       2       3       4       5       6       7       8       9      10      11      12      13      14      15

 cost...
	arc #0 [0][1]: 131
	arc #1 [0][20]: 0
	arc #2 [20][0]: 0
	arc #3 [1][2]: 134
	arc #4 [21][20]: 131
	arc #5 [2][3]: 132
	arc #6 [22][21]: 134
	arc #7 [3][4]: 122
	arc #8 [23][22]: 132
	arc #9 [4][5]: 141
	arc #10 [24][23]: 122
	arc #11 [5][6]: 127
	arc #12 [25][24]: 141
	arc #13 [6][7]: 133
	arc #14 [26][25]: 127
	arc #15 [7][8]: 120
	arc #16 [27][26]: 133
	arc #17 [8][9]: 126
	arc #18 [28][27]: 120
	arc #19 [9][10]: 135
	arc #20 [29][28]: 126
	arc #21 [10][11]: 125
	arc #22 [30][29]: 135
	arc #23 [11][12]: 138
	arc #24 [31][30]: 125
	arc #25 [11][31]: 0
	arc #26 [31][11]: 0
	arc #27 [12][13]: 125
	arc #28 [32][31]: 138
	arc #29 [13][14]: 121
	arc #30 [33][32]: 125
	arc #31 [14][15]: 134
	arc #32 [34][33]: 121
	arc #33 [15][16]: 122
	arc #34 [35][34]: 134
	arc #35 [16][17]: 129
	arc #36 [36][35]: 122
	arc #37 [17][18]: 134
	arc #38 [37][36]: 129
	arc #39 [17][37]: 0
	arc #40 [37][17]: 0
	arc #41 [18][19]: 136
	arc #42 [38][37]: 134
	arc #43 [39][38]: 136
	arc #44 [19][39]: 0
	arc #45 [39][19]: 0

cost with minimum service...
	arc #0 [0][1]: 249
	arc #1 [0][20]: 0
	arc #2 [20][0]: 0
	arc #3 [1][2]: 252
	arc #4 [21][20]: 424
	arc #5 [2][3]: 250
	arc #6 [22][21]: 252
	arc #7 [3][4]: 240
	arc #8 [23][22]: 250
	arc #9 [4][5]: 259
	arc #10 [24][23]: 240
	arc #11 [5][6]: 245
	arc #12 [25][24]: 259
	arc #13 [6][7]: 251
	arc #14 [26][25]: 245
	arc #15 [7][8]: 238
	arc #16 [27][26]: 251
	arc #17 [8][9]: 206
	arc #18 [28][27]: 238
	arc #19 [9][10]: 253
	arc #20 [29][28]: 244
	arc #21 [10][11]: 418
	arc #22 [30][29]: 215
	arc #23 [11][12]: 218
	arc #24 [31][30]: 243
	arc #25 [11][31]: 0
	arc #26 [31][11]: 0
	arc #27 [12][13]: 243
	arc #28 [32][31]: 431
	arc #29 [13][14]: 239
	arc #30 [33][32]: 205
	arc #31 [14][15]: 252
	arc #32 [34][33]: 239
	arc #33 [15][16]: 240
	arc #34 [35][34]: 252
	arc #35 [16][17]: 422
	arc #36 [36][35]: 240
	arc #37 [17][18]: 252
	arc #38 [37][36]: 247
	arc #39 [17][37]: 0
	arc #40 [37][17]: 0
	arc #41 [18][19]: 429
	arc #42 [38][37]: 427
	arc #43 [39][38]: 254
	arc #44 [19][39]: 0
	arc #45 [39][19]: 0

cost with maximum service...
	arc #0 [0][1]: 548
	arc #1 [0][20]: 417
	arc #2 [20][0]: 417
	arc #3 [1][2]: 551
	arc #4 [21][20]: 548
	arc #5 [2][3]: 549
	arc #6 [22][21]: 551
	arc #7 [3][4]: 539
	arc #8 [23][22]: 549
	arc #9 [4][5]: 558
	arc #10 [24][23]: 539
	arc #11 [5][6]: 544
	arc #12 [25][24]: 558
	arc #13 [6][7]: 550
	arc #14 [26][25]: 544
	arc #15 [7][8]: 537
	arc #16 [27][26]: 550
	arc #17 [8][9]: 543
	arc #18 [28][27]: 537
	arc #19 [9][10]: 552
	arc #20 [29][28]: 543
	arc #21 [10][11]: 542
	arc #22 [30][29]: 552
	arc #23 [11][12]: 555
	arc #24 [31][30]: 542
	arc #25 [11][31]: 417
	arc #26 [31][11]: 417
	arc #27 [12][13]: 542
	arc #28 [32][31]: 555
	arc #29 [13][14]: 538
	arc #30 [33][32]: 542
	arc #31 [14][15]: 551
	arc #32 [34][33]: 538
	arc #33 [15][16]: 539
	arc #34 [35][34]: 551
	arc #35 [16][17]: 546
	arc #36 [36][35]: 539
	arc #37 [17][18]: 551
	arc #38 [37][36]: 546
	arc #39 [17][37]: 417
	arc #40 [37][17]: 417
	arc #41 [18][19]: 553
	arc #42 [38][37]: 551
	arc #43 [39][38]: 553
	arc #44 [19][39]: 417
	arc #45 [39][19]: 417

demands...
	demands of vertex 0 at time interval: 3     3
	demands of vertex 1 at time interval: 3     3
	demands of vertex 2 at time interval: 3     3
	demands of vertex 3 at time interval: 3     3
	demands of vertex 4 at time interval: 3     3
	demands of vertex 5 at time interval: 3     3
	demands of vertex 6 at time interval: 3     3
	demands of vertex 7 at time interval: 3     3
	demands of vertex 8 at time interval: 3     3
	demands of vertex 9 at time interval: 0     0
	demands of vertex 10 at time interval: 3     3
	demands of vertex 11 at time interval: 3     3
	demands of vertex 12 at time interval: 0     0
	demands of vertex 13 at time interval: 3     3
	demands of vertex 14 at time interval: 3     3
	demands of vertex 15 at time interval: 3     3
	demands of vertex 16 at time interval: 3     3
	demands of vertex 17 at time interval: 3     3
	demands of vertex 18 at time interval: 3     3
	demands of vertex 19 at time interval: 0     0
	demands of vertex 20 at time interval: 0     0
	demands of vertex 21 at time interval: 3     3
	demands of vertex 22 at time interval: 3     3
	demands of vertex 23 at time interval: 3     3
	demands of vertex 24 at time interval: 3     3
	demands of vertex 25 at time interval: 3     3
	demands of vertex 26 at time interval: 3     3
	demands of vertex 27 at time interval: 3     3
	demands of vertex 28 at time interval: 3     3
	demands of vertex 29 at time interval: 0     0
	demands of vertex 30 at time interval: 3     3
	demands of vertex 31 at time interval: 3     3
	demands of vertex 32 at time interval: 0     0
	demands of vertex 33 at time interval: 3     3
	demands of vertex 34 at time interval: 3     3
	demands of vertex 35 at time interval: 3     3
	demands of vertex 36 at time interval: 3     3
	demands of vertex 37 at time interval: 3     3
	demands of vertex 38 at time interval: 3     3
	demands of vertex 39 at time interval: 3     3

maximum time = 37114
alpha = 67

>> Solving...
Version identifier: 20.1.0.0 | 2020-11-10 | 9bedb6d68
CPXPARAM_Threads                                 1
CPXPARAM_TimeLimit                               43200
Tried aggregator 3 times.
MIP Presolve eliminated 66046 rows and 8388 columns.
MIP Presolve modified 38102 coefficients.
Aggregator did 150 substitutions.
Reduced MIP has 211523 rows, 79936 columns, and 518679 nonzeros.
Reduced MIP has 79272 binaries, 0 generals, 0 SOSs, and 0 indicators.
Presolve time = 14.86 sec. (4068.38 ticks)
Probing fixed 0 vars, tightened 81 bounds.
Probing time = 15.90 sec. (1197.86 ticks)
Tried aggregator 1 time.
Detecting symmetries...
Elapsed time for symmetry detection = 7.64 sec. (10001.59 ticks)
Elapsed time for symmetry detection = 16.48 sec. (20004.65 ticks)
Found 3.735964e+53934 symmetric permutations.
MIP Presolve eliminated 238 rows and 190 columns.
MIP Presolve modified 3115 coefficients.
Reduced MIP has 211285 rows, 79746 columns, and 517223 nonzeros.
Reduced MIP has 79082 binaries, 0 generals, 0 SOSs, and 0 indicators.
Presolve time = 27.89 sec. (28239.76 ticks)
Probing fixed 0 vars, tightened 27 bounds.
Probing time = 11.47 sec. (678.15 ticks)
Clique table members: 346346.
MIP emphasis: balance optimality and feasibility.
MIP search method: dynamic search.
Parallel mode: none, using 1 thread.
Root relaxation solution time = 1561.22 sec. (78987.24 ticks)

        Nodes                                         Cuts/
   Node  Left     Objective  IInf  Best Integer    Best Bound    ItCnt     Gap

      0     0     9279.0000 10703                   9279.0000    96708         
      0     0    13918.5000 10038                  Cuts: 2690   105795         
      0     0    14846.4000 10423                  Cuts: 1557   117417         
      0     0    14846.4000 10502                  Cuts: 1628   124357         
      0     0    14846.4000 10693                  Cuts: 1767   133702         
Heuristic still looking.
Heuristic still looking.

Repeating presolve.
Tried aggregator 1 time.
MIP Presolve eliminated 172791 rows and 68960 columns.
MIP Presolve modified 762 coefficients.
Reduced MIP has 38494 rows, 10786 columns, and 102024 nonzeros.
Reduced MIP has 10122 binaries, 0 generals, 0 SOSs, and 0 indicators.
Presolve time = 2.04 sec. (656.93 ticks)
Probing fixed 18 vars, tightened 21 bounds.
Probing time = 1.58 sec. (147.42 ticks)
Tried aggregator 1 time.
Detecting symmetries...
MIP Presolve eliminated 539 rows and 25 columns.
MIP Presolve modified 603 coefficients.
Reduced MIP has 37955 rows, 10761 columns, and 100179 nonzeros.
Reduced MIP has 10097 binaries, 0 generals, 0 SOSs, and 0 indicators.
Presolve time = 1.00 sec. (706.51 ticks)
Represolve time = 5.44 sec. (1628.62 ticks)
Probing fixed 0 vars, tightened 15 bounds.
Probing time = 0.75 sec. (56.99 ticks)
Clique table members: 62274.
MIP emphasis: balance optimality and feasibility.
MIP search method: dynamic search.
Parallel mode: none, using 1 thread.
Root relaxation solution time = 11.60 sec. (2134.47 ticks)

        Nodes                                         Cuts/
   Node  Left     Objective  IInf  Best Integer    Best Bound    ItCnt     Gap

      0     0    14846.4000  3061                  14846.4000   148057         
      0     0    14846.4000  3432                  Cuts: 2650   154088         
      0     0    14846.4000  3314                   Cuts: 256   158177         
      0     0    14846.4000  3177                  Cuts: 1825   163536         
      0     0    14846.4000  3460                  Cuts: 1363   170305         

Repeating presolve.
Tried aggregator 1 time.
MIP Presolve eliminated 12552 rows and 4902 columns.
MIP Presolve modified 433 coefficients.
Reduced MIP has 25403 rows, 5859 columns, and 69725 nonzeros.
Reduced MIP has 5195 binaries, 0 generals, 0 SOSs, and 0 indicators.
Presolve time = 0.41 sec. (148.46 ticks)
Probing fixed 0 vars, tightened 4 bounds.
Probing time = 0.39 sec. (41.31 ticks)
Tried aggregator 1 time.
Detecting symmetries...
MIP Presolve eliminated 5 rows and 5 columns.
MIP Presolve modified 108 coefficients.
Reduced MIP has 25398 rows, 5854 columns, and 69706 nonzeros.
Reduced MIP has 5190 binaries, 0 generals, 0 SOSs, and 0 indicators.
Presolve time = 0.48 sec. (173.48 ticks)
Represolve time = 1.75 sec. (403.74 ticks)
Probing time = 0.12 sec. (8.27 ticks)
Clique table members: 40789.
MIP emphasis: balance optimality and feasibility.
MIP search method: dynamic search.
Parallel mode: none, using 1 thread.
Root relaxation solution time = 3.74 sec. (1073.73 ticks)

        Nodes                                         Cuts/
   Node  Left     Objective  IInf  Best Integer    Best Bound    ItCnt     Gap

      0     0    14846.4000  1593                  14846.4000   179369         
      0     0    14846.4000  1430                   Cuts: 568   182261         
      0     0    14846.4000  1562                  Cuts: 1878   186978         
      0     0    14846.4000  1442                   Cuts: 498   189867         
      0     0    14846.4000  1582                  Cuts: 1818   193863         
      0     2    14846.4000  1166                  14846.4000   193863         
Elapsed time = 4774.12 sec. (492270.46 ticks, tree = 0.01 MB, solutions = 0)
      1     3    22626.0000  1198                  14846.4000   196697         
      2     4    23192.0000   942                  22626.0000   201952         
      3     5    23192.0000   738                  22626.0000   204021         
      4     6    23192.0000   723                  22626.0000   207342         
      5     7    33275.0000   524                  22626.0000   209390         
      6     8    23996.0000   681                  22626.0000   210565         
      7     7    infeasible                        22626.0000   211545         
      8     8    25370.3333   647                  22626.0000   212079         
     12    10    28119.0000   488                  22626.0000   213804         
     29    19    infeasible                        22626.0000   219575         
Elapsed time = 4789.96 sec. (498143.12 ticks, tree = 0.11 MB, solutions = 0)
     60    30    30465.0000   362                  22626.0000   224518         
    110    52    28616.0000   226                  22626.0000   228630         
    175    82    infeasible                        22626.0000   232213         
    240   123    22626.0000   940                  22626.0000   237869         
    269   140    31583.0000   282                  22626.0000   245529         
    302   157    28870.0000   162                  22626.0000   250903         
    355   190    25571.6000   769                  22626.0000   255705         
    375   200    23192.0000   874                  23192.0000   261665         
    413   219    24096.4042   641                  23192.0000   269229         
    440   238    29163.0000   168                  23192.0000   276237         
Elapsed time = 4823.84 sec. (509047.84 ticks, tree = 1.64 MB, solutions = 0)
    502   279    24096.4042   630                  23192.0000   281419         
    530   299    28616.0000   416                  23192.0000   287074         
    577   330    28870.0000   310                  23192.0000   292234         
    624   344    29068.0000    78                  23192.0000   298346         
    652   360    24747.0000   967                  23192.0000   306043         
    675   379    28616.0000   346                  23509.2000   311932         
    760   406    29281.0000    50                  23509.2000   315417         
    804   425    33275.0000   322                  24747.0000   321392         
*   853   402      integral     0    34135.0000    24747.0000   323696   27.50%
    878   425    31244.0000   188    34135.0000    25864.8588   325397   24.23%
*   920+  412                        34026.0000    27816.0656            18.25%
    925   414    32162.0000   300    34026.0000    28119.0000   330854   17.36%
Elapsed time = 4853.99 sec. (519287.81 ticks, tree = 2.80 MB, solutions = 2)
    964   437    33772.0000   158    34026.0000    28119.0000   335074   17.36%
*  1000+  231                        29646.0000    28119.0000             5.15%
   1038   194    28988.0000   196    29646.0000    28616.0000   340130    3.47%
   1104   199    infeasible          29646.0000    28616.0000   343535    3.47%
   1210   189    28950.0000   102    29646.0000    28859.2434   346585    2.65%
   1309   208    29281.0000   116    29646.0000    28870.0000   348558    2.62%
   1408   226        cutoff          29646.0000    28870.0000   349656    2.62%
   1492   263    29106.0000   124    29646.0000    28870.0000   351884    2.62%
   1560   281    28870.0000   126    29646.0000    28870.0000   355072    2.62%
   1640   287    28870.0000   164    29646.0000    28870.0000   357481    2.62%
   1713   309        cutoff          29646.0000    28870.0000   359592    2.62%
Elapsed time = 4887.55 sec. (528998.82 ticks, tree = 2.52 MB, solutions = 3)
   1772   323    29587.0000   186    29646.0000    28870.0000   362821    2.62%
   1861   329    29243.0000   266    29646.0000    28870.5289   366831    2.62%
   1958   348    29163.0000    62    29646.0000    28950.0000   369401    2.35%
   2037   360    29299.0000   188    29646.0000    28950.0000   371874    2.35%
   2114   373    29163.0000   242    29646.0000    28988.0000   373462    2.22%

Performing restart 1

Repeating presolve.
Tried aggregator 4 times.
MIP Presolve eliminated 13302 rows and 1727 columns.
MIP Presolve modified 64023 coefficients.
Aggregator did 1090 substitutions.
Reduced MIP has 11004 rows, 2749 columns, and 31287 nonzeros.
Reduced MIP has 2137 binaries, 0 generals, 0 SOSs, and 0 indicators.
Presolve time = 0.59 sec. (249.25 ticks)
Tried aggregator 2 times.
MIP Presolve eliminated 4284 rows and 915 columns.
MIP Presolve modified 15743 coefficients.
Aggregator did 21 substitutions.
Reduced MIP has 6699 rows, 1813 columns, and 19162 nonzeros.
Reduced MIP has 1257 binaries, 0 generals, 0 SOSs, and 0 indicators.
Presolve time = 0.47 sec. (241.81 ticks)
Tried aggregator 2 times.
MIP Presolve eliminated 2107 rows and 589 columns.
MIP Presolve modified 6065 coefficients.
Aggregator did 7 substitutions.
Reduced MIP has 4585 rows, 1217 columns, and 13223 nonzeros.
Reduced MIP has 661 binaries, 0 generals, 0 SOSs, and 0 indicators.
Presolve time = 0.06 sec. (31.61 ticks)
Tried aggregator 2 times.
MIP Presolve eliminated 108 rows and 39 columns.
MIP Presolve modified 60 coefficients.
Aggregator did 7 substitutions.
Reduced MIP has 4470 rows, 1171 columns, and 12924 nonzeros.
Reduced MIP has 615 binaries, 0 generals, 0 SOSs, and 0 indicators.
Presolve time = 0.05 sec. (27.49 ticks)
Tried aggregator 2 times.
MIP Presolve eliminated 66 rows and 24 columns.
MIP Presolve modified 36 coefficients.
Aggregator did 4 substitutions.
Reduced MIP has 4400 rows, 1143 columns, and 12742 nonzeros.
Reduced MIP has 587 binaries, 0 generals, 0 SOSs, and 0 indicators.
Presolve time = 0.05 sec. (28.29 ticks)
Represolve time = 4.46 sec. (1937.25 ticks)
   2120     0    28870.0000   190    29646.0000     Cuts: 697   375078    2.22%
   2120     0    28870.0000   169    29646.0000    Cuts: 1200   375977    2.22%
   2120     0    28870.0000   115    29646.0000     Cuts: 708   376393    2.22%
   2120     0    28870.0000   168    29646.0000     Cuts: 215   376647    2.22%
   2120     0    28870.0000   136    29646.0000      Cuts: 47   376807    2.22%
   2120     0    28870.0000   186    29646.0000     Cuts: 512   377148    2.22%
   2120     0    28870.0000   103    29646.0000      Cuts: 30   377359    2.22%
   2120     0    28870.0000   132    29646.0000     Cuts: 513   377620    2.22%
   2120     0    28870.0000   163    29646.0000     Cuts: 338   377833    2.22%
   2120     2    28870.0000    95    29646.0000    28988.0000   377833    2.22%
   2132    13    29163.0000    88    29646.0000    28988.0000   378893    2.22%
   2154    22    29163.0000    93    29646.0000    28988.0000   380441    2.22%
   2200    28    29163.0000    84    29646.0000    28988.0000   381819    2.22%

Clique cuts applied:  8
Cover cuts applied:  5
Implied bound cuts applied:  36
Flow cuts applied:  384
Mixed integer rounding cuts applied:  23
Zero-half cuts applied:  5
Lift and project cuts applied:  1
Gomory fractional cuts applied:  5

Root node processing (before b&c):
  Real time             = 4773.60 sec. (491967.82 ticks)
Sequential b&c:
  Real time             =  143.94 sec. (49993.87 ticks)
                          ------------
Total (root+branch&cut) = 4917.54 sec. (541961.69 ticks)
Optimal

>> Printing some results...
    -> Solution value = 29645 - 08:14:05
    -> Total time = 4917.54
    -> Gap value = 0.00

=============
Train 0
=============
> Trip 0
   11(time 0 - 00:00:00)(time 138 - 00:02:18) ->    12(time 218 - 00:03:38)(time 343 - 00:05:43) ->    13(time 461 - 00:07:41)(time 582 - 00:09:42) ->    14(time 700 - 00:11:40)(time 834 - 00:13:54) ->    15(time 952 - 00:15:52)(time 1074 - 00:17:54) ->    16(time 1192 - 00:19:52)(time 1321 - 00:22:01) ->    17(time 1614 - 00:26:54)(time 1748 - 00:29:08) ->    18(time 1866 - 00:31:06)(time 2002 - 00:33:22) -> 19
> Trip 1
   39(time 2002 - 00:33:22)(time 2138 - 00:35:38) ->    38(time 2415 - 00:40:15)(time 2549 - 00:42:29) ->    37(time 2842 - 00:47:22)(time 2971 - 00:49:31) ->    36(time 3089 - 00:51:29)(time 3211 - 00:53:31) ->    35(time 3329 - 00:55:29)(time 3463 - 00:57:43) ->    34(time 3581 - 00:59:41)(time 3702 - 01:01:42) ->    33(time 3820 - 01:03:40)(time 3945 - 01:05:45) ->    32(time 4025 - 01:07:05)(time 4163 - 01:09:23) ->    31(time 4456 - 01:14:16)(time 4581 - 01:16:21) ->    30(time 4699 - 01:18:19)(time 4834 - 01:20:34) ->    29(time 4914 - 01:21:54)(time 5040 - 01:24:00) ->    28(time 5158 - 01:25:58)(time 5278 - 01:27:58) ->    27(time 5396 - 01:29:56)(time 5529 - 01:32:09) ->    26(time 5946 - 01:39:06)(time 6073 - 01:41:13) ->    25(time 6490 - 01:48:10)(time 6631 - 01:50:31) ->    24(time 7048 - 01:57:28)(time 7170 - 01:59:30) ->    23(time 7587 - 02:06:27)(time 7719 - 02:08:39) ->    22(time 7837 - 02:10:37)(time 7971 - 02:12:51) ->    21(time 8388 - 02:19:48)(time 8519 - 02:21:59) ->    20(time 8936 - 02:28:56)(time 8936 - 02:28:56) ->    0(time 9353 - 02:35:53)(time 9484 - 02:38:04) ->    1(time 9602 - 02:40:02)(time 9736 - 02:42:16) ->    2(time 10153 - 02:49:13)(time 10285 - 02:51:25) ->    3(time 10702 - 02:58:22)(time 10824 - 03:00:24) ->    4(time 11241 - 03:07:21)(time 11382 - 03:09:42) ->    5(time 11799 - 03:16:39)(time 11926 - 03:18:46) ->    6(time 12343 - 03:25:43)(time 12476 - 03:27:56) ->    7(time 12893 - 03:34:53)(time 13013 - 03:36:53) ->    8(time 13131 - 03:38:51)(time 13257 - 03:40:57) ->    9(time 13337 - 03:42:17)(time 13472 - 03:44:32) ->    10(time 13889 - 03:51:29)(time 14014 - 03:53:34) ->    11(time 14307 - 03:58:27)(time 14445 - 04:00:45) ->    12(time 14525 - 04:02:05)(time 14650 - 04:04:10) ->    13(time 14768 - 04:06:08)(time 14889 - 04:08:09) ->    14(time 15007 - 04:10:07)(time 15141 - 04:12:21) ->    15(time 15259 - 04:14:19)(time 15381 - 04:16:21) ->    16(time 15499 - 04:18:19)(time 15628 - 04:20:28) ->    17(time 15921 - 04:25:21)(time 16055 - 04:27:35) ->    18(time 16173 - 04:29:33)(time 16309 - 04:31:49) ->    19(time 16602 - 04:36:42)(time 16602 - 04:36:42) -> 39
> Trip 2
   39(time 19000 - 05:16:40)(time 19136 - 05:18:56) ->    38(time 19254 - 05:20:54)(time 19388 - 05:23:08) ->    37(time 19681 - 05:28:01)(time 19810 - 05:30:10) ->    36(time 19928 - 05:32:08)(time 20050 - 05:34:10) ->    35(time 20168 - 05:36:08)(time 20302 - 05:38:22) ->    34(time 20420 - 05:40:20)(time 20541 - 05:42:21) ->    33(time 20659 - 05:44:19)(time 20784 - 05:46:24) ->    32(time 20864 - 05:47:44)(time 21002 - 05:50:02) ->    31(time 21419 - 05:56:59)(time 21544 - 05:59:04) ->    30(time 21872 - 06:04:32)(time 22007 - 06:06:47) ->    29(time 22087 - 06:08:07)(time 22213 - 06:10:13) ->    28(time 22331 - 06:12:11)(time 22451 - 06:14:11) ->    27(time 22569 - 06:16:09)(time 22702 - 06:18:22) ->    26(time 22820 - 06:20:20)(time 22947 - 06:22:27) ->    25(time 23065 - 06:24:25)(time 23206 - 06:26:46) ->    24(time 23324 - 06:28:44)(time 23446 - 06:30:46) ->    23(time 23564 - 06:32:44)(time 23696 - 06:34:56) ->    22(time 23814 - 06:36:54)(time 23948 - 06:39:08) ->    21(time 24066 - 06:41:06)(time 24197 - 06:43:17) ->    20(time 24490 - 06:48:10)(time 24490 - 06:48:10) ->    0(time 24490 - 06:48:10)(time 24621 - 06:50:21) ->    1(time 24739 - 06:52:19)(time 24873 - 06:54:33) ->    2(time 24991 - 06:56:31)(time 25123 - 06:58:43) ->    3(time 25241 - 07:00:41)(time 25363 - 07:02:43) ->    4(time 25481 - 07:04:41)(time 25622 - 07:07:02) ->    5(time 25740 - 07:09:00)(time 25867 - 07:11:07) ->    6(time 25985 - 07:13:05)(time 26118 - 07:15:18) ->    7(time 26236 - 07:17:16)(time 26356 - 07:19:16) ->    8(time 26474 - 07:21:14)(time 26600 - 07:23:20) ->    9(time 26680 - 07:24:40)(time 26815 - 07:26:55) ->    10(time 26933 - 07:28:53)(time 27058 - 07:30:58) ->    11(time 27351 - 07:35:51)(time 27489 - 07:38:09) ->    12(time 27569 - 07:39:29)(time 27694 - 07:41:34) ->    13(time 27812 - 07:43:32)(time 27933 - 07:45:33) ->    14(time 28051 - 07:47:31)(time 28185 - 07:49:45) ->    15(time 28303 - 07:51:43)(time 28425 - 07:53:45) ->    16(time 28543 - 07:55:43)(time 28672 - 07:57:52) ->    17(time 28965 - 08:02:45)(time 29099 - 08:04:59) ->    18(time 29217 - 08:06:57)(time 29353 - 08:09:13) ->    19(time 29646 - 08:14:06)(time 29646 - 08:14:06) -> 39
=============
Train 1
=============
> Trip 0
   31(time 118 - 00:01:58)(time 243 - 00:04:03) ->    30(time 361 - 00:06:01)(time 496 - 00:08:16) ->    29(time 576 - 00:09:36)(time 702 - 00:11:42) ->    28(time 820 - 00:13:40)(time 940 - 00:15:40) ->    27(time 1058 - 00:17:38)(time 1191 - 00:19:51) ->    26(time 1309 - 00:21:49)(time 1436 - 00:23:56) ->    25(time 1554 - 00:25:54)(time 1695 - 00:28:15) ->    24(time 1813 - 00:30:13)(time 1935 - 00:32:15) ->    23(time 2053 - 00:34:13)(time 2185 - 00:36:25) ->    22(time 2303 - 00:38:23)(time 2437 - 00:40:37) ->    21(time 2555 - 00:42:35)(time 2686 - 00:44:46) -> 20
> Trip 1
   0(time 2804 - 00:46:44)(time 2935 - 00:48:55) ->    1(time 3053 - 00:50:53)(time 3187 - 00:53:07) ->    2(time 3305 - 00:55:05)(time 3437 - 00:57:17) ->    3(time 3555 - 00:59:15)(time 3677 - 01:01:17) ->    4(time 3795 - 01:03:15)(time 3936 - 01:05:36) ->    5(time 4054 - 01:07:34)(time 4181 - 01:09:41) ->    6(time 4299 - 01:11:39)(time 4432 - 01:13:52) ->    7(time 4550 - 01:15:50)(time 4670 - 01:17:50) ->    8(time 4788 - 01:19:48)(time 4914 - 01:21:54) ->    9(time 5331 - 01:28:51)(time 5466 - 01:31:06) ->    10(time 5883 - 01:38:03)(time 6008 - 01:40:08) ->    11(time 6425 - 01:47:05)(time 6563 - 01:49:23) ->    12(time 6980 - 01:56:20)(time 7105 - 01:58:25) ->    13(time 7522 - 02:05:22)(time 7643 - 02:07:23) ->    14(time 7761 - 02:09:21)(time 7895 - 02:11:35) ->    15(time 8086 - 02:14:46)(time 8208 - 02:16:48) ->    16(time 8625 - 02:23:45)(time 8754 - 02:25:54) ->    17(time 9171 - 02:32:51)(time 9305 - 02:35:05) ->    18(time 9722 - 02:42:02)(time 9858 - 02:44:18) ->    19(time 10275 - 02:51:15)(time 10275 - 02:51:15) ->    39(time 10692 - 02:58:12)(time 10828 - 03:00:28) ->    38(time 10946 - 03:02:26)(time 11080 - 03:04:40) ->    37(time 11497 - 03:11:37)(time 11626 - 03:13:46) ->    36(time 12043 - 03:20:43)(time 12165 - 03:22:45) ->    35(time 12582 - 03:29:42)(time 12716 - 03:31:56) ->    34(time 13133 - 03:38:53)(time 13254 - 03:40:54) ->    33(time 13671 - 03:47:51)(time 13796 - 03:49:56) ->    32(time 13876 - 03:51:16)(time 14014 - 03:53:34) ->    31(time 14307 - 03:58:27)(time 14432 - 04:00:32) ->    30(time 14550 - 04:02:30)(time 14685 - 04:04:45) ->    29(time 15102 - 04:11:42)(time 15228 - 04:13:48) ->    28(time 15645 - 04:20:45)(time 15765 - 04:22:45) ->    27(time 15883 - 04:24:43)(time 16016 - 04:26:56) ->    26(time 16134 - 04:28:54)(time 16261 - 04:31:01) ->    25(time 16379 - 04:32:59)(time 16520 - 04:35:20) ->    24(time 16638 - 04:37:18)(time 16760 - 04:39:20) ->    23(time 16909 - 04:41:49)(time 17041 - 04:44:01) ->    22(time 17458 - 04:50:58)(time 17592 - 04:53:12) ->    21(time 18009 - 05:00:09)(time 18140 - 05:02:20) ->    20(time 18557 - 05:09:17)(time 18557 - 05:09:17) -> 0
> Trip 2
   0(time 18676 - 05:11:16)(time 18807 - 05:13:27) ->    1(time 18925 - 05:15:25)(time 19059 - 05:17:39) ->    2(time 19177 - 05:19:37)(time 19309 - 05:21:49) ->    3(time 19427 - 05:23:47)(time 19549 - 05:25:49) ->    4(time 19667 - 05:27:47)(time 19808 - 05:30:08) ->    5(time 19926 - 05:32:06)(time 20053 - 05:34:13) ->    6(time 20171 - 05:36:11)(time 20304 - 05:38:24) ->    7(time 20422 - 05:40:22)(time 20542 - 05:42:22) ->    8(time 20660 - 05:44:20)(time 20786 - 05:46:26) ->    9(time 20866 - 05:47:46)(time 21001 - 05:50:01) ->    10(time 21294 - 05:54:54)(time 21419 - 05:56:59) ->    11(time 21712 - 06:01:52)(time 21850 - 06:04:10) ->    12(time 21930 - 06:05:30)(time 22055 - 06:07:35) ->    13(time 22173 - 06:09:33)(time 22294 - 06:11:34) ->    14(time 22412 - 06:13:32)(time 22546 - 06:15:46) ->    15(time 22664 - 06:17:44)(time 22786 - 06:19:46) ->    16(time 22904 - 06:21:44)(time 23033 - 06:23:53) ->    17(time 23326 - 06:28:46)(time 23460 - 06:31:00) ->    18(time 23578 - 06:32:58)(time 23714 - 06:35:14) ->    19(time 24007 - 06:40:07)(time 24007 - 06:40:07) ->    39(time 24007 - 06:40:07)(time 24143 - 06:42:23) ->    38(time 24261 - 06:44:21)(time 24395 - 06:46:35) ->    37(time 24688 - 06:51:28)(time 24817 - 06:53:37) ->    36(time 24935 - 06:55:35)(time 25057 - 06:57:37) ->    35(time 25175 - 06:59:35)(time 25309 - 07:01:49) ->    34(time 25427 - 07:03:47)(time 25548 - 07:05:48) ->    33(time 25666 - 07:07:46)(time 25791 - 07:09:51) ->    32(time 25871 - 07:11:11)(time 26009 - 07:13:29) ->    31(time 26302 - 07:18:22)(time 26427 - 07:20:27) ->    30(time 26545 - 07:22:25)(time 26680 - 07:24:40) ->    29(time 26760 - 07:26:00)(time 26886 - 07:28:06) ->    28(time 27188 - 07:33:08)(time 27308 - 07:35:08) ->    27(time 27426 - 07:37:06)(time 27559 - 07:39:19) ->    26(time 27677 - 07:41:17)(time 27804 - 07:43:24) ->    25(time 27922 - 07:45:22)(time 28063 - 07:47:43) ->    24(time 28181 - 07:49:41)(time 28303 - 07:51:43) ->    23(time 28421 - 07:53:41)(time 28553 - 07:55:53) ->    22(time 28671 - 07:57:51)(time 28805 - 08:00:05) ->    21(time 29098 - 08:04:58)(time 29229 - 08:07:09) ->    20(time 29646 - 08:14:06)(time 29646 - 08:14:06) -> 0
=============
Train 2
=============
> Trip 0
   31(time 0 - 00:00:00)(time 125 - 00:02:05) ->    30(time 243 - 00:04:03)(time 378 - 00:06:18) ->    29(time 458 - 00:07:38)(time 584 - 00:09:44) ->    28(time 702 - 00:11:42)(time 822 - 00:13:42) ->    27(time 940 - 00:15:40)(time 1073 - 00:17:53) ->    26(time 1191 - 00:19:51)(time 1318 - 00:21:58) ->    25(time 1436 - 00:23:56)(time 1577 - 00:26:17) ->    24(time 1695 - 00:28:15)(time 1817 - 00:30:17) ->    23(time 1935 - 00:32:15)(time 2067 - 00:34:27) ->    22(time 2185 - 00:36:25)(time 2319 - 00:38:39) ->    21(time 2437 - 00:40:37)(time 2568 - 00:42:48) -> 20
> Trip 1
   0(time 2686 - 00:44:46)(time 2817 - 00:46:57) ->    1(time 2935 - 00:48:55)(time 3069 - 00:51:09) ->    2(time 3187 - 00:53:07)(time 3319 - 00:55:19) ->    3(time 3437 - 00:57:17)(time 3559 - 00:59:19) ->    4(time 3677 - 01:01:17)(time 3818 - 01:03:38) ->    5(time 3936 - 01:05:36)(time 4063 - 01:07:43) ->    6(time 4181 - 01:09:41)(time 4314 - 01:11:54) ->    7(time 4432 - 01:13:52)(time 4552 - 01:15:52) ->    8(time 4670 - 01:17:50)(time 4796 - 01:19:56) ->    9(time 4876 - 01:21:16)(time 5011 - 01:23:31) ->    10(time 5129 - 01:25:29)(time 5254 - 01:27:34) ->    11(time 5671 - 01:34:31)(time 5809 - 01:36:49) ->    12(time 5920 - 01:38:40)(time 6045 - 01:40:45) ->    13(time 6462 - 01:47:42)(time 6583 - 01:49:43) ->    14(time 7000 - 01:56:40)(time 7134 - 01:58:54) ->    15(time 7252 - 02:00:52)(time 7374 - 02:02:54) ->    16(time 7791 - 02:09:51)(time 7920 - 02:12:00) ->    17(time 8337 - 02:18:57)(time 8471 - 02:21:11) ->    18(time 8888 - 02:28:08)(time 9024 - 02:30:24) ->    19(time 9441 - 02:37:21)(time 9441 - 02:37:21) ->    39(time 9858 - 02:44:18)(time 9994 - 02:46:34) ->    38(time 10316 - 02:51:56)(time 10450 - 02:54:10) ->    37(time 10743 - 02:59:03)(time 10872 - 03:01:12) ->    36(time 11289 - 03:08:09)(time 11411 - 03:10:11) ->    35(time 11828 - 03:17:08)(time 11962 - 03:19:22) ->    34(time 12379 - 03:26:19)(time 12500 - 03:28:20) ->    33(time 12917 - 03:35:17)(time 13042 - 03:37:22) ->    32(time 13459 - 03:44:19)(time 13597 - 03:46:37) ->    31(time 14014 - 03:53:34)(time 14139 - 03:55:39) ->    30(time 14257 - 03:57:37)(time 14392 - 03:59:52) ->    29(time 14472 - 04:01:12)(time 14598 - 04:03:18) ->    28(time 14716 - 04:05:16)(time 14836 - 04:07:16) ->    27(time 14954 - 04:09:14)(time 15087 - 04:11:27) ->    26(time 15205 - 04:13:25)(time 15332 - 04:15:32) ->    25(time 15450 - 04:17:30)(time 15591 - 04:19:51) ->    24(time 15709 - 04:21:49)(time 15831 - 04:23:51) ->    23(time 15949 - 04:25:49)(time 16081 - 04:28:01) ->    22(time 16199 - 04:29:59)(time 16333 - 04:32:13) ->    21(time 16451 - 04:34:11)(time 16582 - 04:36:22) ->    20(time 16999 - 04:43:19)(time 16999 - 04:43:19) -> 0
> Trip 2
   0(time 18558 - 05:09:18)(time 18689 - 05:11:29) ->    1(time 18807 - 05:13:27)(time 18941 - 05:15:41) ->    2(time 19059 - 05:17:39)(time 19191 - 05:19:51) ->    3(time 19309 - 05:21:49)(time 19431 - 05:23:51) ->    4(time 19549 - 05:25:49)(time 19690 - 05:28:10) ->    5(time 19808 - 05:30:08)(time 19935 - 05:32:15) ->    6(time 20053 - 05:34:13)(time 20186 - 05:36:26) ->    7(time 20304 - 05:38:24)(time 20424 - 05:40:24) ->    8(time 20542 - 05:42:22)(time 20668 - 05:44:28) ->    9(time 20748 - 05:45:48)(time 20883 - 05:48:03) ->    10(time 21001 - 05:50:01)(time 21126 - 05:52:06) ->    11(time 21419 - 05:56:59)(time 21557 - 05:59:17) ->    12(time 21637 - 06:00:37)(time 21762 - 06:02:42) ->    13(time 21880 - 06:04:40)(time 22001 - 06:06:41) ->    14(time 22119 - 06:08:39)(time 22253 - 06:10:53) ->    15(time 22371 - 06:12:51)(time 22493 - 06:14:53) ->    16(time 22611 - 06:16:51)(time 22740 - 06:19:00) ->    17(time 23033 - 06:23:53)(time 23167 - 06:26:07) ->    18(time 23285 - 06:28:05)(time 23421 - 06:30:21) ->    19(time 23714 - 06:35:14)(time 23714 - 06:35:14) ->    39(time 23714 - 06:35:14)(time 23850 - 06:37:30) ->    38(time 23968 - 06:39:28)(time 24102 - 06:41:42) ->    37(time 24395 - 06:46:35)(time 24524 - 06:48:44) ->    36(time 24642 - 06:50:42)(time 24764 - 06:52:44) ->    35(time 24882 - 06:54:42)(time 25016 - 06:56:56) ->    34(time 25134 - 06:58:54)(time 25255 - 07:00:55) ->    33(time 25373 - 07:02:53)(time 25498 - 07:04:58) ->    32(time 25578 - 07:06:18)(time 25716 - 07:08:36) ->    31(time 26009 - 07:13:29)(time 26134 - 07:15:34) ->    30(time 26252 - 07:17:32)(time 26387 - 07:19:47) ->    29(time 26600 - 07:23:20)(time 26726 - 07:25:26) ->    28(time 26886 - 07:28:06)(time 27006 - 07:30:06) ->    27(time 27308 - 07:35:08)(time 27441 - 07:37:21) ->    26(time 27559 - 07:39:19)(time 27686 - 07:41:26) ->    25(time 27804 - 07:43:24)(time 27945 - 07:45:45) ->    24(time 28063 - 07:47:43)(time 28185 - 07:49:45) ->    23(time 28303 - 07:51:43)(time 28435 - 07:53:55) ->    22(time 28553 - 07:55:53)(time 28687 - 07:58:07) ->    21(time 28805 - 08:00:05)(time 28936 - 08:02:16) ->    20(time 29229 - 08:07:09)(time 29229 - 08:07:09) -> 0
