t3p23r12h4.txt:
   > Trying to open the instance file...
   > Reading number of trains...
   > Reading maximum number of trips per train...
   > Reading time intervals...
   > Reading number of points...
   > Reading stations...
   > Reading crossings...
   > Reading depots...
   > Reading initial point...
   > Reading routes...
   > Reading distance and distance and service...
   > Reading demands...
   > Reading maximum time...
   > Reading alpha...

--------------------------------
 Printing instance
--------------------------------
number of trains = 3
	max trips per trains: 3     3     3
number of intervals = 4
	(0,  14387)	(14388,  28774)	(28775,  43161)	(43162,  57550)
number of points = 23
	initial point: 22
	stations: 0     1     2     3     4     5     7     8     9    10    11    12    13    15    16    17    18    19    20    21    22
	crossings: 0     2     3     6    13    14    15    16    22
	depots: 0    15    16    22
number of vertices = 46
	total vertices: 0     1     2     3     4     5     6     7     8     9    10    11    12    13    14    15    16    17    18    19    20    21    22    23    24    25    26    27    28    29    30    31    32    33    34    35    36    37    38    39    40    41    42    43    44    45
	upper vertices: 0     1     2     3     4     5     6     7     8     9    10    11    12    13    14    15    16    17    18    19    20    21    22
	lower vertices: 23    24    25    26    27    28    29    30    31    32    33    34    35    36    37    38    39    40    41    42    43    44    45
	vertices of point #0: (0, 23)
	vertices of point #1: (1, 24)
	vertices of point #2: (2, 25)
	vertices of point #3: (3, 26)
	vertices of point #4: (4, 27)
	vertices of point #5: (5, 28)
	vertices of point #6: (6, 29)
	vertices of point #7: (7, 30)
	vertices of point #8: (8, 31)
	vertices of point #9: (9, 32)
	vertices of point #10: (10, 33)
	vertices of point #11: (11, 34)
	vertices of point #12: (12, 35)
	vertices of point #13: (13, 36)
	vertices of point #14: (14, 37)
	vertices of point #15: (15, 38)
	vertices of point #16: (16, 39)
	vertices of point #17: (17, 40)
	vertices of point #18: (18, 41)
	vertices of point #19: (19, 42)
	vertices of point #20: (20, 43)
	vertices of point #21: (21, 44)
	vertices of point #22: (22, 45)

arcs...
	total arcs: 
		arc #0: (0, 1)
		arc #1: (0, 23)
		arc #2: (23, 0)
		arc #3: (1, 2)
		arc #4: (24, 23)
		arc #5: (2, 3)
		arc #6: (25, 24)
		arc #7: (3, 4)
		arc #8: (26, 25)
		arc #9: (4, 5)
		arc #10: (27, 26)
		arc #11: (5, 6)
		arc #12: (28, 27)
		arc #13: (6, 7)
		arc #14: (29, 28)
		arc #15: (7, 8)
		arc #16: (30, 29)
		arc #17: (8, 9)
		arc #18: (31, 30)
		arc #19: (9, 10)
		arc #20: (32, 31)
		arc #21: (10, 11)
		arc #22: (33, 32)
		arc #23: (11, 12)
		arc #24: (34, 33)
		arc #25: (12, 13)
		arc #26: (35, 34)
		arc #27: (13, 14)
		arc #28: (36, 35)
		arc #29: (14, 15)
		arc #30: (37, 36)
		arc #31: (15, 16)
		arc #32: (38, 37)
		arc #33: (15, 38)
		arc #34: (38, 15)
		arc #35: (16, 17)
		arc #36: (39, 38)
		arc #37: (16, 39)
		arc #38: (39, 16)
		arc #39: (17, 18)
		arc #40: (40, 39)
		arc #41: (18, 19)
		arc #42: (41, 40)
		arc #43: (19, 20)
		arc #44: (42, 41)
		arc #45: (20, 21)
		arc #46: (43, 42)
		arc #47: (21, 22)
		arc #48: (44, 43)
		arc #49: (45, 44)
		arc #50: (22, 45)
		arc #51: (45, 22)

	reverse arcs: 
		arc #1: (0, 23)
		arc #2: (23, 0)
		arc #33: (15, 38)
		arc #34: (38, 15)
		arc #37: (16, 39)
		arc #38: (39, 16)
		arc #50: (22, 45)
		arc #51: (45, 22)


incompatible points...
	(0, 1, 25, (1, 2))	(25, 24, 0, (24, 23))	(2, 2, 26, (2, 3))	(26, 26, 2, (26, 25))	(3, 5, 29, (5, 6))	(29, 27, 3, (27, 26))	(6, 12, 36, (12, 13))	(36, 30, 6, (30, 29))	(13, 13, 37, (13, 14))	(37, 37, 13, (37, 36))	(14, 14, 38, (14, 15))	(38, 38, 14, (38, 37))	(15, 15, 39, (15, 16))	(39, 39, 15, (39, 38))	(16, 21, 45, (21, 22))	(45, 40, 16, (40, 39))

number of routes = 12
vertices of routes...
	route #0: 0     1     2     3     4     5     6     7     8     9    10    11    12    13    14    15    16    17    18    19    20    21    22    45    44    43    42    41    40    39    38    37    36    35    34    33    32    31    30    29    28    27    26    25    24    23     0
	route #1: 45    44    43    42    41    40    39    38    37    36    35    34    33    32    31    30    29    28    27    26    25    24    23     0     1     2     3     4     5     6     7     8     9    10    11    12    13    14    15    16    17    18    19    20    21    22    45
	route #2: 15    16    17    18    19    20    21    22
	route #3: 38    37    36    35    34    33    32    31    30    29    28    27    26    25    24    23
	route #4: 0     1     2     3     4     5     6     7     8     9    10    11    12    13    14    15
	route #5: 45    44    43    42    41    40    39    38
	route #6: 16    17    18    19    20    21    22
	route #7: 39    38    37    36    35    34    33    32    31    30    29    28    27    26    25    24    23
	route #8: 0     1     2     3     4     5     6     7     8     9    10    11    12    13    14    15    16
	route #9: 45    44    43    42    41    40    39
	route #10: 16    17    18    19    20    21    22    45    44    43    42    41    40    39    16
	route #11: 38    37    36    35    34    33    32    31    30    29    28    27    26    25    24    23     0     1     2     3     4     5     6     7     8     9    10    11    12    13    14    15    38
arcs of routes...
	route #0: 0     3     5     7     9    11    13    15    17    19    21    23    25    27    29    31    35    39    41    43    45    47    50    49    48    46    44    42    40    36    32    30    28    26    24    22    20    18    16    14    12    10     8     6     4     2
	route #1: 49    48    46    44    42    40    36    32    30    28    26    24    22    20    18    16    14    12    10     8     6     4     2     0     3     5     7     9    11    13    15    17    19    21    23    25    27    29    31    35    39    41    43    45    47    50
	route #2: 31    35    39    41    43    45    47
	route #3: 32    30    28    26    24    22    20    18    16    14    12    10     8     6     4
	route #4: 0     3     5     7     9    11    13    15    17    19    21    23    25    27    29
	route #5: 49    48    46    44    42    40    36
	route #6: 35    39    41    43    45    47
	route #7: 36    32    30    28    26    24    22    20    18    16    14    12    10     8     6     4
	route #8: 0     3     5     7     9    11    13    15    17    19    21    23    25    27    29    31
	route #9: 49    48    46    44    42    40
	route #10: 35    39    41    43    45    47    50    49    48    46    44    42    40    38
	route #11: 32    30    28    26    24    22    20    18    16    14    12    10     8     6     4     2     0     3     5     7     9    11    13    15    17    19    21    23    25    27    29    33

incompatible routes...
	(0, 1)    	(0, 2)    	(0, 3)    	(0, 5)    	(0, 6)    	(0, 7)    	(0, 9)    	(0, 10)    	(0, 11)    	(1, 0)    	(1, 2)    	(1, 3)    	(1, 4)    	(1, 6)    	(1, 7)    	(1, 8)    	(1, 10)    	(1, 11)    	(2, 0)    	(2, 2)    	(2, 3)    	(2, 4)    	(2, 6)    	(2, 7)    	(2, 8)    	(2, 10)    	(2, 11)    	(3, 1)    	(3, 2)    	(3, 3)    	(3, 5)    	(3, 6)    	(3, 7)    	(3, 9)    	(3, 10)    	(3, 11)    	(4, 0)    	(4, 1)    	(4, 4)    	(4, 5)    	(4, 6)    	(4, 7)    	(4, 8)    	(4, 9)    	(4, 10)    	(5, 0)    	(5, 1)    	(5, 4)    	(5, 5)    	(5, 6)    	(5, 7)    	(5, 8)    	(5, 9)    	(5, 10)    	(6, 0)    	(6, 2)    	(6, 3)    	(6, 4)    	(6, 6)    	(6, 7)    	(6, 8)    	(6, 10)    	(6, 11)    	(7, 1)    	(7, 2)    	(7, 3)    	(7, 5)    	(7, 6)    	(7, 7)    	(7, 9)    	(7, 10)    	(7, 11)    	(8, 0)    	(8, 1)    	(8, 2)    	(8, 3)    	(8, 4)    	(8, 5)    	(8, 8)    	(8, 9)    	(8, 11)    	(9, 0)    	(9, 1)    	(9, 2)    	(9, 3)    	(9, 4)    	(9, 5)    	(9, 8)    	(9, 9)    	(9, 11)    	(10, 0)    	(10, 1)    	(10, 2)    	(10, 3)    	(10, 4)    	(10, 5)    	(10, 8)    	(10, 9)    	(10, 11)    	(11, 0)    	(11, 1)    	(11, 4)    	(11, 5)    	(11, 6)    	(11, 7)    	(11, 8)    	(11, 9)    	(11, 10)

vertices that can be adjacent in consecutive trips...
	(0, 0)    	(15, 15)    	(15, 38)    	(16, 16)    	(16, 39)    	(22, 45)    	(23, 0)    	(38, 15)    	(38, 38)    	(39, 16)    	(39, 39)    	(45, 45)
non cyclical routes: 
       2       3       4       5       6       7       8       9

routes of trip...
	routes that train #0 can complete at trip #0: 1       5       9
	routes that train #0 can complete at trip #1: 0       1       2       3       4       5       6       7       8       9      10      11
	routes that train #0 can complete at trip #2: 0       1       2       3       4       5       6       7       8       9      10      11

	routes that train #1 can complete at trip #0: 1       5       9
	routes that train #1 can complete at trip #1: 0       1       2       3       4       5       6       7       8       9      10      11
	routes that train #1 can complete at trip #2: 0       1       2       3       4       5       6       7       8       9      10      11

	routes that train #2 can complete at trip #0: 1       5       9
	routes that train #2 can complete at trip #1: 0       1       2       3       4       5       6       7       8       9      10      11
	routes that train #2 can complete at trip #2: 0       1       2       3       4       5       6       7       8       9      10      11

 cost...
	arc #0 [0][1]: 168
	arc #1 [0][23]: 0
	arc #2 [23][0]: 0
	arc #3 [1][2]: 179
	arc #4 [24][23]: 168
	arc #5 [2][3]: 184
	arc #6 [25][24]: 179
	arc #7 [3][4]: 180
	arc #8 [26][25]: 184
	arc #9 [4][5]: 172
	arc #10 [27][26]: 180
	arc #11 [5][6]: 188
	arc #12 [28][27]: 172
	arc #13 [6][7]: 168
	arc #14 [29][28]: 188
	arc #15 [7][8]: 161
	arc #16 [30][29]: 168
	arc #17 [8][9]: 175
	arc #18 [31][30]: 161
	arc #19 [9][10]: 168
	arc #20 [32][31]: 175
	arc #21 [10][11]: 183
	arc #22 [33][32]: 168
	arc #23 [11][12]: 190
	arc #24 [34][33]: 183
	arc #25 [12][13]: 183
	arc #26 [35][34]: 190
	arc #27 [13][14]: 168
	arc #28 [36][35]: 183
	arc #29 [14][15]: 163
	arc #30 [37][36]: 168
	arc #31 [15][16]: 175
	arc #32 [38][37]: 163
	arc #33 [15][38]: 0
	arc #34 [38][15]: 0
	arc #35 [16][17]: 168
	arc #36 [39][38]: 175
	arc #37 [16][39]: 0
	arc #38 [39][16]: 0
	arc #39 [17][18]: 174
	arc #40 [40][39]: 168
	arc #41 [18][19]: 184
	arc #42 [41][40]: 174
	arc #43 [19][20]: 189
	arc #44 [42][41]: 184
	arc #45 [20][21]: 168
	arc #46 [43][42]: 189
	arc #47 [21][22]: 172
	arc #48 [44][43]: 168
	arc #49 [45][44]: 172
	arc #50 [22][45]: 0
	arc #51 [45][22]: 0

cost with minimum service...
	arc #0 [0][1]: 234
	arc #1 [0][23]: 0
	arc #2 [23][0]: 0
	arc #3 [1][2]: 245
	arc #4 [24][23]: 407
	arc #5 [2][3]: 250
	arc #6 [25][24]: 245
	arc #7 [3][4]: 246
	arc #8 [26][25]: 250
	arc #9 [4][5]: 238
	arc #10 [27][26]: 246
	arc #11 [5][6]: 231
	arc #12 [28][27]: 238
	arc #13 [6][7]: 234
	arc #14 [29][28]: 254
	arc #15 [7][8]: 227
	arc #16 [30][29]: 211
	arc #17 [8][9]: 241
	arc #18 [31][30]: 227
	arc #19 [9][10]: 234
	arc #20 [32][31]: 241
	arc #21 [10][11]: 249
	arc #22 [33][32]: 234
	arc #23 [11][12]: 256
	arc #24 [34][33]: 249
	arc #25 [12][13]: 249
	arc #26 [35][34]: 256
	arc #27 [13][14]: 211
	arc #28 [36][35]: 249
	arc #29 [14][15]: 402
	arc #30 [37][36]: 234
	arc #31 [15][16]: 414
	arc #32 [38][37]: 206
	arc #33 [15][38]: 0
	arc #34 [38][15]: 0
	arc #35 [16][17]: 234
	arc #36 [39][38]: 414
	arc #37 [16][39]: 0
	arc #38 [39][16]: 0
	arc #39 [17][18]: 240
	arc #40 [40][39]: 407
	arc #41 [18][19]: 250
	arc #42 [41][40]: 240
	arc #43 [19][20]: 255
	arc #44 [42][41]: 250
	arc #45 [20][21]: 234
	arc #46 [43][42]: 255
	arc #47 [21][22]: 411
	arc #48 [44][43]: 234
	arc #49 [45][44]: 238
	arc #50 [22][45]: 0
	arc #51 [45][22]: 0

cost with maximum service...
	arc #0 [0][1]: 677
	arc #1 [0][23]: 509
	arc #2 [23][0]: 509
	arc #3 [1][2]: 688
	arc #4 [24][23]: 677
	arc #5 [2][3]: 693
	arc #6 [25][24]: 688
	arc #7 [3][4]: 689
	arc #8 [26][25]: 693
	arc #9 [4][5]: 681
	arc #10 [27][26]: 689
	arc #11 [5][6]: 697
	arc #12 [28][27]: 681
	arc #13 [6][7]: 677
	arc #14 [29][28]: 697
	arc #15 [7][8]: 670
	arc #16 [30][29]: 677
	arc #17 [8][9]: 684
	arc #18 [31][30]: 670
	arc #19 [9][10]: 677
	arc #20 [32][31]: 684
	arc #21 [10][11]: 692
	arc #22 [33][32]: 677
	arc #23 [11][12]: 699
	arc #24 [34][33]: 692
	arc #25 [12][13]: 692
	arc #26 [35][34]: 699
	arc #27 [13][14]: 677
	arc #28 [36][35]: 692
	arc #29 [14][15]: 672
	arc #30 [37][36]: 677
	arc #31 [15][16]: 684
	arc #32 [38][37]: 672
	arc #33 [15][38]: 509
	arc #34 [38][15]: 509
	arc #35 [16][17]: 677
	arc #36 [39][38]: 684
	arc #37 [16][39]: 509
	arc #38 [39][16]: 509
	arc #39 [17][18]: 683
	arc #40 [40][39]: 677
	arc #41 [18][19]: 693
	arc #42 [41][40]: 683
	arc #43 [19][20]: 698
	arc #44 [42][41]: 693
	arc #45 [20][21]: 677
	arc #46 [43][42]: 698
	arc #47 [21][22]: 681
	arc #48 [44][43]: 677
	arc #49 [45][44]: 681
	arc #50 [22][45]: 509
	arc #51 [45][22]: 509

demands...
	demands of vertex 0 at time interval: 1     1     1     1
	demands of vertex 1 at time interval: 1     1     1     1
	demands of vertex 2 at time interval: 1     1     1     1
	demands of vertex 3 at time interval: 1     1     1     1
	demands of vertex 4 at time interval: 1     1     1     1
	demands of vertex 5 at time interval: 1     1     1     1
	demands of vertex 6 at time interval: 0     0     0     0
	demands of vertex 7 at time interval: 1     1     1     1
	demands of vertex 8 at time interval: 1     1     1     1
	demands of vertex 9 at time interval: 1     1     1     1
	demands of vertex 10 at time interval: 1     1     1     1
	demands of vertex 11 at time interval: 1     1     1     1
	demands of vertex 12 at time interval: 1     1     1     1
	demands of vertex 13 at time interval: 1     1     1     1
	demands of vertex 14 at time interval: 0     0     0     0
	demands of vertex 15 at time interval: 1     1     1     1
	demands of vertex 16 at time interval: 1     1     1     1
	demands of vertex 17 at time interval: 1     1     1     1
	demands of vertex 18 at time interval: 1     1     1     1
	demands of vertex 19 at time interval: 1     1     1     1
	demands of vertex 20 at time interval: 1     1     1     1
	demands of vertex 21 at time interval: 1     1     1     1
	demands of vertex 22 at time interval: 0     0     0     0
	demands of vertex 23 at time interval: 0     0     0     0
	demands of vertex 24 at time interval: 1     1     1     1
	demands of vertex 25 at time interval: 1     1     1     1
	demands of vertex 26 at time interval: 1     1     1     1
	demands of vertex 27 at time interval: 1     1     1     1
	demands of vertex 28 at time interval: 1     1     1     1
	demands of vertex 29 at time interval: 0     0     0     0
	demands of vertex 30 at time interval: 1     1     1     1
	demands of vertex 31 at time interval: 1     1     1     1
	demands of vertex 32 at time interval: 1     1     1     1
	demands of vertex 33 at time interval: 1     1     1     1
	demands of vertex 34 at time interval: 1     1     1     1
	demands of vertex 35 at time interval: 1     1     1     1
	demands of vertex 36 at time interval: 1     1     1     1
	demands of vertex 37 at time interval: 0     0     0     0
	demands of vertex 38 at time interval: 1     1     1     1
	demands of vertex 39 at time interval: 1     1     1     1
	demands of vertex 40 at time interval: 1     1     1     1
	demands of vertex 41 at time interval: 1     1     1     1
	demands of vertex 42 at time interval: 1     1     1     1
	demands of vertex 43 at time interval: 1     1     1     1
	demands of vertex 44 at time interval: 1     1     1     1
	demands of vertex 45 at time interval: 1     1     1     1

maximum time = 57550
alpha = 66
Starting to test combinations... - Total number of combinations = 59319
Found new best - 1/59319
10% done - 5932/59319 combination(s) tested! (Thread 0)
20% done - 11864/59319 combination(s) tested! (Thread 0)
30% done - 17796/59319 combination(s) tested! (Thread 0)
40% done - 23728/59319 combination(s) tested! (Thread 0)
50% done - 29660/59319 combination(s) tested! (Thread 0)
60% done - 35592/59319 combination(s) tested! (Thread 0)
70% done - 41524/59319 combination(s) tested! (Thread 0)
80% done - 47456/59319 combination(s) tested! (Thread 0)
90% done - 53388/59319 combination(s) tested! (Thread 0)
All combination(s) tested!
1/59319 were feasible combination(s)! - (0.002%)

>> Printing some results...
    -> Solution value = 39934 - 11:05:34
    -> Total time = 5075.94
    -> Gap value = 0.00

=============
Train 0
=============
> Trip 0
   45(time 4293 - 01:11:33)(time 4465 - 01:14:25) ->    44(time 4531 - 01:15:31)(time 4699 - 01:18:19) ->    43(time 4765 - 01:19:25)(time 4954 - 01:22:34) ->    42(time 5020 - 01:23:40)(time 5204 - 01:26:44) ->    41(time 5270 - 01:27:50)(time 5444 - 01:30:44) ->    40(time 5510 - 01:31:50)(time 5678 - 01:34:38) ->    39(time 5917 - 01:38:37)(time 6092 - 01:41:32) ->    38(time 6331 - 01:45:31)(time 6494 - 01:48:14) ->    37(time 6537 - 01:48:57)(time 6705 - 01:51:45) ->    36(time 6771 - 01:52:51)(time 6954 - 01:55:54) ->    35(time 7020 - 01:57:00)(time 7210 - 02:00:10) ->    34(time 7276 - 02:01:16)(time 7459 - 02:04:19) ->    33(time 7525 - 02:05:25)(time 7693 - 02:08:13) ->    32(time 7759 - 02:09:19)(time 7934 - 02:12:14) ->    31(time 8000 - 02:13:20)(time 8161 - 02:16:01) ->    30(time 8227 - 02:17:07)(time 8395 - 02:19:55) ->    29(time 8438 - 02:20:38)(time 8626 - 02:23:46) ->    28(time 8692 - 02:24:52)(time 8864 - 02:27:44) ->    27(time 8930 - 02:28:50)(time 9110 - 02:31:50) ->    26(time 9176 - 02:32:56)(time 9360 - 02:36:00) ->    25(time 9426 - 02:37:06)(time 9605 - 02:40:05) ->    24(time 9671 - 02:41:11)(time 9839 - 02:43:59) ->    23(time 10078 - 02:47:58)(time 10078 - 02:47:58) ->    0(time 10078 - 02:47:58)(time 10246 - 02:50:46) ->    1(time 10312 - 02:51:52)(time 10491 - 02:54:51) ->    2(time 10557 - 02:55:57)(time 10741 - 02:59:01) ->    3(time 10807 - 03:00:07)(time 10987 - 03:03:07) ->    4(time 11053 - 03:04:13)(time 11225 - 03:07:05) ->    5(time 11291 - 03:08:11)(time 11479 - 03:11:19) ->    6(time 11670 - 03:14:30)(time 11838 - 03:17:18) ->    7(time 11904 - 03:18:24)(time 12065 - 03:21:05) ->    8(time 12131 - 03:22:11)(time 12306 - 03:25:06) ->    9(time 12372 - 03:26:12)(time 12540 - 03:29:00) ->    10(time 12606 - 03:30:06)(time 12789 - 03:33:09) ->    11(time 12855 - 03:34:15)(time 13045 - 03:37:25) ->    12(time 13111 - 03:38:31)(time 13294 - 03:41:34) ->    13(time 13360 - 03:42:40)(time 13528 - 03:45:28) ->    14(time 13571 - 03:46:11)(time 13734 - 03:48:54) ->    15(time 13973 - 03:52:53)(time 14148 - 03:55:48) ->    16(time 14387 - 03:59:47)(time 14555 - 04:02:35) ->    17(time 14689 - 04:04:49)(time 14863 - 04:07:43) ->    18(time 15372 - 04:16:12)(time 15556 - 04:19:16) ->    19(time 16065 - 04:27:45)(time 16254 - 04:30:54) ->    20(time 16320 - 04:32:00)(time 16488 - 04:34:48) ->    21(time 16554 - 04:35:54)(time 16726 - 04:38:46) ->    22(time 17204 - 04:46:44)(time 17204 - 04:46:44) -> 45
> Trip 1
   45(time 17204 - 04:46:44)(time 17376 - 04:49:36) ->    44(time 17442 - 04:50:42)(time 17610 - 04:53:30) ->    43(time 17676 - 04:54:36)(time 17865 - 04:57:45) ->    42(time 17931 - 04:58:51)(time 18115 - 05:01:55) ->    41(time 18181 - 05:03:01)(time 18355 - 05:05:55) ->    40(time 18421 - 05:07:01)(time 18589 - 05:09:49) ->    39(time 18828 - 05:13:48)(time 19003 - 05:16:43) ->    38(time 19242 - 05:20:42)(time 19405 - 05:23:25) ->    37(time 19448 - 05:24:08)(time 19616 - 05:26:56) ->    36(time 19682 - 05:28:02)(time 19865 - 05:31:05) ->    35(time 19931 - 05:32:11)(time 20121 - 05:35:21) ->    34(time 20187 - 05:36:27)(time 20370 - 05:39:30) ->    33(time 20436 - 05:40:36)(time 20604 - 05:43:24) ->    32(time 20670 - 05:44:30)(time 20845 - 05:47:25) ->    31(time 20911 - 05:48:31)(time 21072 - 05:51:12) ->    30(time 21138 - 05:52:18)(time 21306 - 05:55:06) ->    29(time 21349 - 05:55:49)(time 21537 - 05:58:57) ->    28(time 21603 - 06:00:03)(time 21775 - 06:02:55) ->    27(time 21841 - 06:04:01)(time 22021 - 06:07:01) ->    26(time 22087 - 06:08:07)(time 22271 - 06:11:11) ->    25(time 22337 - 06:12:17)(time 22516 - 06:15:16) ->    24(time 22582 - 06:16:22)(time 22750 - 06:19:10) ->    23(time 23259 - 06:27:39)(time 23259 - 06:27:39) ->    0(time 23768 - 06:36:08)(time 23936 - 06:38:56) ->    1(time 24445 - 06:47:25)(time 24624 - 06:50:24) ->    2(time 24771 - 06:52:51)(time 24955 - 06:55:55) ->    3(time 25021 - 06:57:01)(time 25201 - 07:00:01) ->    4(time 25267 - 07:01:07)(time 25439 - 07:03:59) ->    5(time 25505 - 07:05:05)(time 25693 - 07:08:13) ->    6(time 25736 - 07:08:56)(time 25904 - 07:11:44) ->    7(time 25970 - 07:12:50)(time 26131 - 07:15:31) ->    8(time 26197 - 07:16:37)(time 26372 - 07:19:32) ->    9(time 26438 - 07:20:38)(time 26606 - 07:23:26) ->    10(time 26672 - 07:24:32)(time 26855 - 07:27:35) ->    11(time 26921 - 07:28:41)(time 27111 - 07:31:51) ->    12(time 27177 - 07:32:57)(time 27360 - 07:36:00) ->    13(time 27426 - 07:37:06)(time 27594 - 07:39:54) ->    14(time 28103 - 07:48:23)(time 28266 - 07:51:06) ->    15(time 28775 - 07:59:35)(time 28950 - 08:02:30) ->    16(time 29189 - 08:06:29)(time 29357 - 08:09:17) ->    17(time 29423 - 08:10:23)(time 29597 - 08:13:17) ->    18(time 29663 - 08:14:23)(time 29847 - 08:17:27) ->    19(time 29913 - 08:18:33)(time 30102 - 08:21:42) ->    20(time 30168 - 08:22:48)(time 30336 - 08:25:36) ->    21(time 30402 - 08:26:42)(time 30574 - 08:29:34) ->    22(time 30813 - 08:33:33)(time 30813 - 08:33:33) -> 45
> Trip 2
   45(time 30813 - 08:33:33)(time 30985 - 08:36:25) ->    44(time 31051 - 08:37:31)(time 31219 - 08:40:19) ->    43(time 31285 - 08:41:25)(time 31474 - 08:44:34) ->    42(time 31540 - 08:45:40)(time 31724 - 08:48:44) ->    41(time 31790 - 08:49:50)(time 31964 - 08:52:44) ->    40(time 32030 - 08:53:50)(time 32198 - 08:56:38) ->    39(time 32437 - 09:00:37)(time 32612 - 09:03:32) ->    38(time 32851 - 09:07:31)(time 33014 - 09:10:14) ->    37(time 33057 - 09:10:57)(time 33225 - 09:13:45) ->    36(time 33291 - 09:14:51)(time 33474 - 09:17:54) ->    35(time 33540 - 09:19:00)(time 33730 - 09:22:10) ->    34(time 33796 - 09:23:16)(time 33979 - 09:26:19) ->    33(time 34045 - 09:27:25)(time 34213 - 09:30:13) ->    32(time 34279 - 09:31:19)(time 34454 - 09:34:14) ->    31(time 34520 - 09:35:20)(time 34681 - 09:38:01) ->    30(time 34747 - 09:39:07)(time 34915 - 09:41:55) ->    29(time 34958 - 09:42:38)(time 35146 - 09:45:46) ->    28(time 35212 - 09:46:52)(time 35384 - 09:49:44) ->    27(time 35450 - 09:50:50)(time 35630 - 09:53:50) ->    26(time 35696 - 09:54:56)(time 35880 - 09:58:00) ->    25(time 35946 - 09:59:06)(time 36125 - 10:02:05) ->    24(time 36191 - 10:03:11)(time 36359 - 10:05:59) ->    23(time 36598 - 10:09:58)(time 36598 - 10:09:58) ->    0(time 36598 - 10:09:58)(time 36766 - 10:12:46) ->    1(time 37275 - 10:21:15)(time 37454 - 10:24:14) ->    2(time 37520 - 10:25:20)(time 37704 - 10:28:24) ->    3(time 38213 - 10:36:53)(time 38393 - 10:39:53) ->    4(time 38902 - 10:48:22)(time 39074 - 10:51:14) ->    5(time 39583 - 10:59:43)(time 39771 - 11:02:51) ->    6(time 40280 - 11:11:20)(time 40448 - 11:14:08) ->    7(time 40514 - 11:15:14)(time 40675 - 11:17:55) ->    8(time 40741 - 11:19:01)(time 40916 - 11:21:56) ->    9(time 40982 - 11:23:02)(time 41150 - 11:25:50) ->    10(time 41216 - 11:26:56)(time 41399 - 11:29:59) ->    11(time 41632 - 11:33:52)(time 41822 - 11:37:02) ->    12(time 42331 - 11:45:31)(time 42514 - 11:48:34) ->    13(time 43023 - 11:57:03)(time 43191 - 11:59:51) ->    14(time 43700 - 12:08:20)(time 43863 - 12:11:03) ->    15(time 44372 - 12:19:32)(time 44547 - 12:22:27) ->    16(time 44786 - 12:26:26)(time 44954 - 12:29:14) ->    17(time 45020 - 12:30:20)(time 45194 - 12:33:14) ->    18(time 45260 - 12:34:20)(time 45444 - 12:37:24) ->    19(time 45953 - 12:45:53)(time 46142 - 12:49:02) ->    20(time 46208 - 12:50:08)(time 46376 - 12:52:56) ->    21(time 46442 - 12:54:02)(time 46614 - 12:56:54) ->    22(time 47123 - 13:05:23)(time 47123 - 13:05:23) -> 45
=============
Train 1
=============
> Trip 0
   45(time 3228 - 00:53:48)(time 3400 - 00:56:40) ->    44(time 3466 - 00:57:46)(time 3634 - 01:00:34) ->    43(time 3700 - 01:01:40)(time 3889 - 01:04:49) ->    42(time 3955 - 01:05:55)(time 4139 - 01:08:59) ->    41(time 4205 - 01:10:05)(time 4379 - 01:12:59) ->    40(time 4445 - 01:14:05)(time 4613 - 01:16:53) ->    39(time 4852 - 01:20:52)(time 5027 - 01:23:47) ->    38(time 5266 - 01:27:46)(time 5429 - 01:30:29) ->    37(time 5472 - 01:31:12)(time 5640 - 01:34:00) ->    36(time 5706 - 01:35:06)(time 5889 - 01:38:09) ->    35(time 5955 - 01:39:15)(time 6145 - 01:42:25) ->    34(time 6211 - 01:43:31)(time 6394 - 01:46:34) ->    33(time 6460 - 01:47:40)(time 6628 - 01:50:28) ->    32(time 6694 - 01:51:34)(time 6869 - 01:54:29) ->    31(time 6935 - 01:55:35)(time 7096 - 01:58:16) ->    30(time 7162 - 01:59:22)(time 7330 - 02:02:10) ->    29(time 7373 - 02:02:53)(time 7561 - 02:06:01) ->    28(time 7627 - 02:07:07)(time 7799 - 02:09:59) ->    27(time 7865 - 02:11:05)(time 8045 - 02:14:05) ->    26(time 8111 - 02:15:11)(time 8295 - 02:18:15) ->    25(time 8361 - 02:19:21)(time 8540 - 02:22:20) ->    24(time 8606 - 02:23:26)(time 8774 - 02:26:14) ->    23(time 9013 - 02:30:13)(time 9013 - 02:30:13) ->    0(time 9013 - 02:30:13)(time 9181 - 02:33:01) ->    1(time 9247 - 02:34:07)(time 9426 - 02:37:06) ->    2(time 9492 - 02:38:12)(time 9676 - 02:41:16) ->    3(time 9742 - 02:42:22)(time 9922 - 02:45:22) ->    4(time 9988 - 02:46:28)(time 10160 - 02:49:20) ->    5(time 10226 - 02:50:26)(time 10414 - 02:53:34) ->    6(time 10457 - 02:54:17)(time 10625 - 02:57:05) ->    7(time 10691 - 02:58:11)(time 10852 - 03:00:52) ->    8(time 10918 - 03:01:58)(time 11093 - 03:04:53) ->    9(time 11159 - 03:05:59)(time 11327 - 03:08:47) ->    10(time 11393 - 03:09:53)(time 11576 - 03:12:56) ->    11(time 11642 - 03:14:02)(time 11832 - 03:17:12) ->    12(time 11898 - 03:18:18)(time 12081 - 03:21:21) ->    13(time 12147 - 03:22:27)(time 12315 - 03:25:15) ->    14(time 12358 - 03:25:58)(time 12521 - 03:28:41) ->    15(time 12760 - 03:32:40)(time 12935 - 03:35:35) ->    16(time 13174 - 03:39:34)(time 13342 - 03:42:22) ->    17(time 13408 - 03:43:28)(time 13582 - 03:46:22) ->    18(time 13648 - 03:47:28)(time 13832 - 03:50:32) ->    19(time 13898 - 03:51:38)(time 14087 - 03:54:47) ->    20(time 14153 - 03:55:53)(time 14321 - 03:58:41) ->    21(time 14387 - 03:59:47)(time 14559 - 04:02:39) ->    22(time 15068 - 04:11:08)(time 15068 - 04:11:08) -> 45
> Trip 1
   45(time 16965 - 04:42:45)(time 17137 - 04:45:37) ->    44(time 17203 - 04:46:43)(time 17371 - 04:49:31) ->    43(time 17437 - 04:50:37)(time 17626 - 04:53:46) ->    42(time 17692 - 04:54:52)(time 17876 - 04:57:56) ->    41(time 17942 - 04:59:02)(time 18116 - 05:01:56) ->    40(time 18182 - 05:03:02)(time 18350 - 05:05:50) ->    39(time 18589 - 05:09:49)(time 18764 - 05:12:44) ->    38(time 19003 - 05:16:43)(time 19166 - 05:19:26) ->    37(time 19209 - 05:20:09)(time 19377 - 05:22:57) ->    36(time 19443 - 05:24:03)(time 19626 - 05:27:06) ->    35(time 19692 - 05:28:12)(time 19882 - 05:31:22) ->    34(time 19948 - 05:32:28)(time 20131 - 05:35:31) ->    33(time 20197 - 05:36:37)(time 20365 - 05:39:25) ->    32(time 20431 - 05:40:31)(time 20606 - 05:43:26) ->    31(time 20672 - 05:44:32)(time 20833 - 05:47:13) ->    30(time 20899 - 05:48:19)(time 21067 - 05:51:07) ->    29(time 21110 - 05:51:50)(time 21298 - 05:54:58) ->    28(time 21364 - 05:56:04)(time 21536 - 05:58:56) ->    27(time 21602 - 06:00:02)(time 21782 - 06:03:02) ->    26(time 21848 - 06:04:08)(time 22032 - 06:07:12) ->    25(time 22098 - 06:08:18)(time 22277 - 06:11:17) ->    24(time 22343 - 06:12:23)(time 22511 - 06:15:11) ->    23(time 22750 - 06:19:10)(time 22750 - 06:19:10) ->    0(time 22816 - 06:20:16)(time 22984 - 06:23:04) ->    1(time 23050 - 06:24:10)(time 23229 - 06:27:09) ->    2(time 23295 - 06:28:15)(time 23479 - 06:31:19) ->    3(time 23545 - 06:32:25)(time 23725 - 06:35:25) ->    4(time 23791 - 06:36:31)(time 23963 - 06:39:23) ->    5(time 24029 - 06:40:29)(time 24217 - 06:43:37) ->    6(time 24433 - 06:47:13)(time 24601 - 06:50:01) ->    7(time 24667 - 06:51:07)(time 24828 - 06:53:48) ->    8(time 24894 - 06:54:54)(time 25069 - 06:57:49) ->    9(time 25135 - 06:58:55)(time 25303 - 07:01:43) ->    10(time 25369 - 07:02:49)(time 25552 - 07:05:52) ->    11(time 25618 - 07:06:58)(time 25808 - 07:10:08) ->    12(time 25874 - 07:11:14)(time 26057 - 07:14:17) ->    13(time 26123 - 07:15:23)(time 26291 - 07:18:11) ->    14(time 26334 - 07:18:54)(time 26497 - 07:21:37) ->    15(time 26736 - 07:25:36)(time 26911 - 07:28:31) ->    16(time 27150 - 07:32:30)(time 27318 - 07:35:18) ->    17(time 27384 - 07:36:24)(time 27558 - 07:39:18) ->    18(time 27624 - 07:40:24)(time 27808 - 07:43:28) ->    19(time 27874 - 07:44:34)(time 28063 - 07:47:43) ->    20(time 28129 - 07:48:49)(time 28297 - 07:51:37) ->    21(time 28363 - 07:52:43)(time 28535 - 07:55:35) ->    22(time 28774 - 07:59:34)(time 28774 - 07:59:34) -> 45
> Trip 2
   45(time 42923 - 11:55:23)(time 43095 - 11:58:15) ->    44(time 43161 - 11:59:21)(time 43329 - 12:02:09) ->    43(time 43395 - 12:03:15)(time 43584 - 12:06:24) ->    42(time 43650 - 12:07:30)(time 43834 - 12:10:34) ->    41(time 43900 - 12:11:40)(time 44074 - 12:14:34) ->    40(time 44140 - 12:15:40)(time 44308 - 12:18:28) ->    39(time 44547 - 12:22:27)(time 44722 - 12:25:22) ->    38(time 44961 - 12:29:21)(time 45124 - 12:32:04) ->    37(time 45167 - 12:32:47)(time 45335 - 12:35:35) ->    36(time 45401 - 12:36:41)(time 45584 - 12:39:44) ->    35(time 45650 - 12:40:50)(time 45840 - 12:44:00) ->    34(time 45906 - 12:45:06)(time 46089 - 12:48:09) ->    33(time 46155 - 12:49:15)(time 46323 - 12:52:03) ->    32(time 46389 - 12:53:09)(time 46564 - 12:56:04) ->    31(time 46630 - 12:57:10)(time 46791 - 12:59:51) ->    30(time 46857 - 13:00:57)(time 47025 - 13:03:45) ->    29(time 47068 - 13:04:28)(time 47256 - 13:07:36) ->    28(time 47322 - 13:08:42)(time 47494 - 13:11:34) ->    27(time 47560 - 13:12:40)(time 47740 - 13:15:40) ->    26(time 47806 - 13:16:46)(time 47990 - 13:19:50) ->    25(time 48056 - 13:20:56)(time 48235 - 13:23:55) ->    24(time 48301 - 13:25:01)(time 48469 - 13:27:49) ->    23(time 48708 - 13:31:48)(time 48708 - 13:31:48) ->    0(time 48708 - 13:31:48)(time 48876 - 13:34:36) ->    1(time 48942 - 13:35:42)(time 49121 - 13:38:41) ->    2(time 49187 - 13:39:47)(time 49371 - 13:42:51) ->    3(time 49437 - 13:43:57)(time 49617 - 13:46:57) ->    4(time 49683 - 13:48:03)(time 49855 - 13:50:55) ->    5(time 49921 - 13:52:01)(time 50109 - 13:55:09) ->    6(time 50152 - 13:55:52)(time 50320 - 13:58:40) ->    7(time 50386 - 13:59:46)(time 50547 - 14:02:27) ->    8(time 50613 - 14:03:33)(time 50788 - 14:06:28) ->    9(time 50854 - 14:07:34)(time 51022 - 14:10:22) ->    10(time 51088 - 14:11:28)(time 51271 - 14:14:31) ->    11(time 51337 - 14:15:37)(time 51527 - 14:18:47) ->    12(time 51593 - 14:19:53)(time 51776 - 14:22:56) ->    13(time 51842 - 14:24:02)(time 52010 - 14:26:50) ->    14(time 52053 - 14:27:33)(time 52216 - 14:30:16) ->    15(time 52455 - 14:34:15)(time 52630 - 14:37:10) ->    16(time 52869 - 14:41:09)(time 53037 - 14:43:57) ->    17(time 53103 - 14:45:03)(time 53277 - 14:47:57) ->    18(time 53343 - 14:49:03)(time 53527 - 14:52:07) ->    19(time 53593 - 14:53:13)(time 53782 - 14:56:22) ->    20(time 53848 - 14:57:28)(time 54016 - 15:00:16) ->    21(time 54082 - 15:01:22)(time 54254 - 15:04:14) ->    22(time 54493 - 15:08:13)(time 54493 - 15:08:13) -> 45
=============
Train 2
=============
> Trip 0
   45(time 3467 - 00:57:47)(time 3639 - 01:00:39) ->    44(time 3705 - 01:01:45)(time 3873 - 01:04:33) ->    43(time 3939 - 01:05:39)(time 4128 - 01:08:48) ->    42(time 4194 - 01:09:54)(time 4378 - 01:12:58) ->    41(time 4444 - 01:14:04)(time 4618 - 01:16:58) ->    40(time 4684 - 01:18:04)(time 4852 - 01:20:52) ->    39(time 5091 - 01:24:51)(time 5266 - 01:27:46) ->    38(time 5505 - 01:31:45)(time 5668 - 01:34:28) ->    37(time 5711 - 01:35:11)(time 5879 - 01:37:59) ->    36(time 5945 - 01:39:05)(time 6128 - 01:42:08) ->    35(time 6194 - 01:43:14)(time 6384 - 01:46:24) ->    34(time 6450 - 01:47:30)(time 6633 - 01:50:33) ->    33(time 6699 - 01:51:39)(time 6867 - 01:54:27) ->    32(time 6933 - 01:55:33)(time 7108 - 01:58:28) ->    31(time 7174 - 01:59:34)(time 7335 - 02:02:15) ->    30(time 7401 - 02:03:21)(time 7569 - 02:06:09) ->    29(time 7612 - 02:06:52)(time 7800 - 02:10:00) ->    28(time 7866 - 02:11:06)(time 8038 - 02:13:58) ->    27(time 8104 - 02:15:04)(time 8284 - 02:18:04) ->    26(time 8350 - 02:19:10)(time 8534 - 02:22:14) ->    25(time 8600 - 02:23:20)(time 8779 - 02:26:19) ->    24(time 8845 - 02:27:25)(time 9013 - 02:30:13) ->    23(time 9522 - 02:38:42)(time 9522 - 02:38:42) ->    0(time 9839 - 02:43:59)(time 10007 - 02:46:47) ->    1(time 10073 - 02:47:53)(time 10252 - 02:50:52) ->    2(time 10318 - 02:51:58)(time 10502 - 02:55:02) ->    3(time 10568 - 02:56:08)(time 10748 - 02:59:08) ->    4(time 10814 - 03:00:14)(time 10986 - 03:03:06) ->    5(time 11052 - 03:04:12)(time 11240 - 03:07:20) ->    6(time 11283 - 03:08:03)(time 11451 - 03:10:51) ->    7(time 11517 - 03:11:57)(time 11678 - 03:14:38) ->    8(time 11744 - 03:15:44)(time 11919 - 03:18:39) ->    9(time 11985 - 03:19:45)(time 12153 - 03:22:33) ->    10(time 12219 - 03:23:39)(time 12402 - 03:26:42) ->    11(time 12468 - 03:27:48)(time 12658 - 03:30:58) ->    12(time 12724 - 03:32:04)(time 12907 - 03:35:07) ->    13(time 12973 - 03:36:13)(time 13141 - 03:39:01) ->    14(time 13184 - 03:39:44)(time 13347 - 03:42:27) ->    15(time 13586 - 03:46:26)(time 13761 - 03:49:21) ->    16(time 14148 - 03:55:48)(time 14316 - 03:58:36) ->    17(time 14382 - 03:59:42)(time 14556 - 04:02:36) ->    18(time 14622 - 04:03:42)(time 14806 - 04:06:46) ->    19(time 14872 - 04:07:52)(time 15061 - 04:11:01) ->    20(time 15127 - 04:12:07)(time 15295 - 04:14:55) ->    21(time 15361 - 04:16:01)(time 15533 - 04:18:53) ->    22(time 15772 - 04:22:52)(time 15772 - 04:22:52) -> 45
> Trip 1
   45(time 16726 - 04:38:46)(time 16898 - 04:41:38) ->    44(time 16964 - 04:42:44)(time 17132 - 04:45:32) ->    43(time 17198 - 04:46:38)(time 17387 - 04:49:47) ->    42(time 17453 - 04:50:53)(time 17637 - 04:53:57) ->    41(time 17703 - 04:55:03)(time 17877 - 04:57:57) ->    40(time 17943 - 04:59:03)(time 18111 - 05:01:51) ->    39(time 18350 - 05:05:50)(time 18525 - 05:08:45) ->    38(time 18764 - 05:12:44)(time 18927 - 05:15:27) ->    37(time 18970 - 05:16:10)(time 19138 - 05:18:58) ->    36(time 19204 - 05:20:04)(time 19387 - 05:23:07) ->    35(time 19453 - 05:24:13)(time 19643 - 05:27:23) ->    34(time 19709 - 05:28:29)(time 19892 - 05:31:32) ->    33(time 19958 - 05:32:38)(time 20126 - 05:35:26) ->    32(time 20192 - 05:36:32)(time 20367 - 05:39:27) ->    31(time 20433 - 05:40:33)(time 20594 - 05:43:14) ->    30(time 20660 - 05:44:20)(time 20828 - 05:47:08) ->    29(time 20871 - 05:47:51)(time 21059 - 05:50:59) ->    28(time 21125 - 05:52:05)(time 21297 - 05:54:57) ->    27(time 21363 - 05:56:03)(time 21543 - 05:59:03) ->    26(time 21609 - 06:00:09)(time 21793 - 06:03:13) ->    25(time 21859 - 06:04:19)(time 22038 - 06:07:18) ->    24(time 22104 - 06:08:24)(time 22272 - 06:11:12) ->    23(time 22511 - 06:15:11)(time 22511 - 06:15:11) ->    0(time 22750 - 06:19:10)(time 22918 - 06:21:58) ->    1(time 22984 - 06:23:04)(time 23163 - 06:26:03) ->    2(time 23229 - 06:27:09)(time 23413 - 06:30:13) ->    3(time 23479 - 06:31:19)(time 23659 - 06:34:19) ->    4(time 23725 - 06:35:25)(time 23897 - 06:38:17) ->    5(time 23963 - 06:39:23)(time 24151 - 06:42:31) ->    6(time 24194 - 06:43:14)(time 24362 - 06:46:02) ->    7(time 24428 - 06:47:08)(time 24589 - 06:49:49) ->    8(time 24655 - 06:50:55)(time 24830 - 06:53:50) ->    9(time 24896 - 06:54:56)(time 25064 - 06:57:44) ->    10(time 25130 - 06:58:50)(time 25313 - 07:01:53) ->    11(time 25379 - 07:02:59)(time 25569 - 07:06:09) ->    12(time 25635 - 07:07:15)(time 25818 - 07:10:18) ->    13(time 25884 - 07:11:24)(time 26052 - 07:14:12) ->    14(time 26095 - 07:14:55)(time 26258 - 07:17:38) ->    15(time 26497 - 07:21:37)(time 26672 - 07:24:32) ->    16(time 26911 - 07:28:31)(time 27079 - 07:31:19) ->    17(time 27145 - 07:32:25)(time 27319 - 07:35:19) ->    18(time 27385 - 07:36:25)(time 27569 - 07:39:29) ->    19(time 27635 - 07:40:35)(time 27824 - 07:43:44) ->    20(time 27890 - 07:44:50)(time 28058 - 07:47:38) ->    21(time 28124 - 07:48:44)(time 28296 - 07:51:36) ->    22(time 28535 - 07:55:35)(time 28535 - 07:55:35) -> 45
> Trip 2
   45(time 43162 - 11:59:22)(time 43334 - 12:02:14) ->    44(time 43400 - 12:03:20)(time 43568 - 12:06:08) ->    43(time 43634 - 12:07:14)(time 43823 - 12:10:23) ->    42(time 43889 - 12:11:29)(time 44073 - 12:14:33) ->    41(time 44139 - 12:15:39)(time 44313 - 12:18:33) ->    40(time 44379 - 12:19:39)(time 44547 - 12:22:27) ->    39(time 44786 - 12:26:26)(time 44961 - 12:29:21) ->    38(time 45200 - 12:33:20)(time 45363 - 12:36:03) ->    37(time 45406 - 12:36:46)(time 45574 - 12:39:34) ->    36(time 45640 - 12:40:40)(time 45823 - 12:43:43) ->    35(time 45889 - 12:44:49)(time 46079 - 12:47:59) ->    34(time 46145 - 12:49:05)(time 46328 - 12:52:08) ->    33(time 46394 - 12:53:14)(time 46562 - 12:56:02) ->    32(time 46628 - 12:57:08)(time 46803 - 13:00:03) ->    31(time 46869 - 13:01:09)(time 47030 - 13:03:50) ->    30(time 47096 - 13:04:56)(time 47264 - 13:07:44) ->    29(time 47307 - 13:08:27)(time 47495 - 13:11:35) ->    28(time 47561 - 13:12:41)(time 47733 - 13:15:33) ->    27(time 47799 - 13:16:39)(time 47979 - 13:19:39) ->    26(time 48045 - 13:20:45)(time 48229 - 13:23:49) ->    25(time 48295 - 13:24:55)(time 48474 - 13:27:54) ->    24(time 48540 - 13:29:00)(time 48708 - 13:31:48) ->    23(time 48947 - 13:35:47)(time 48947 - 13:35:47) ->    0(time 48947 - 13:35:47)(time 49115 - 13:38:35) ->    1(time 49181 - 13:39:41)(time 49360 - 13:42:40) ->    2(time 49426 - 13:43:46)(time 49610 - 13:46:50) ->    3(time 49676 - 13:47:56)(time 49856 - 13:50:56) ->    4(time 49922 - 13:52:02)(time 50094 - 13:54:54) ->    5(time 50160 - 13:56:00)(time 50348 - 13:59:08) ->    6(time 50391 - 13:59:51)(time 50559 - 14:02:39) ->    7(time 50625 - 14:03:45)(time 50786 - 14:06:26) ->    8(time 50852 - 14:07:32)(time 51027 - 14:10:27) ->    9(time 51093 - 14:11:33)(time 51261 - 14:14:21) ->    10(time 51327 - 14:15:27)(time 51510 - 14:18:30) ->    11(time 51576 - 14:19:36)(time 51766 - 14:22:46) ->    12(time 51832 - 14:23:52)(time 52015 - 14:26:55) ->    13(time 52081 - 14:28:01)(time 52249 - 14:30:49) ->    14(time 52292 - 14:31:32)(time 52455 - 14:34:15) ->    15(time 52694 - 14:38:14)(time 52869 - 14:41:09) ->    16(time 53108 - 14:45:08)(time 53276 - 14:47:56) ->    17(time 53342 - 14:49:02)(time 53516 - 14:51:56) ->    18(time 53582 - 14:53:02)(time 53766 - 14:56:06) ->    19(time 53832 - 14:57:12)(time 54021 - 15:00:21) ->    20(time 54087 - 15:01:27)(time 54255 - 15:04:15) ->    21(time 54321 - 15:05:21)(time 54493 - 15:08:13) ->    22(time 54732 - 15:12:12)(time 54732 - 15:12:12) -> 45
