t3p24r7h5.txt:
   > Trying to open the instance file...
   > Reading number of trains...
   > Reading maximum number of trips per train...
   > Reading time intervals...
   > Reading number of points...
   > Reading stations...
   > Reading crossings...
   > Reading depots...
   > Reading initial point...
   > Reading routes...
   > Reading distance and distance and service...
   > Reading demands...
   > Reading maximum time...
   > Reading alpha...

--------------------------------
 Printing instance
--------------------------------
number of trains = 3
	max trips per trains: 3     3     3
number of intervals = 5
	(0,  12640)	(12641,  25280)	(25281,  37920)	(37921,  50560)	(50561,  63204)
number of points = 24
	initial point: 23
	stations: 0     1     2     3     4     5     6     7     8    10    11    12    13    14    15    16    17    18    19    20    21    22    23
	crossings: 0     5     6     9    21    23
	depots: 0    21    23
number of vertices = 48
	total vertices: 0     1     2     3     4     5     6     7     8     9    10    11    12    13    14    15    16    17    18    19    20    21    22    23    24    25    26    27    28    29    30    31    32    33    34    35    36    37    38    39    40    41    42    43    44    45    46    47
	upper vertices: 0     1     2     3     4     5     6     7     8     9    10    11    12    13    14    15    16    17    18    19    20    21    22    23
	lower vertices: 24    25    26    27    28    29    30    31    32    33    34    35    36    37    38    39    40    41    42    43    44    45    46    47
	vertices of point #0: (0, 24)
	vertices of point #1: (1, 25)
	vertices of point #2: (2, 26)
	vertices of point #3: (3, 27)
	vertices of point #4: (4, 28)
	vertices of point #5: (5, 29)
	vertices of point #6: (6, 30)
	vertices of point #7: (7, 31)
	vertices of point #8: (8, 32)
	vertices of point #9: (9, 33)
	vertices of point #10: (10, 34)
	vertices of point #11: (11, 35)
	vertices of point #12: (12, 36)
	vertices of point #13: (13, 37)
	vertices of point #14: (14, 38)
	vertices of point #15: (15, 39)
	vertices of point #16: (16, 40)
	vertices of point #17: (17, 41)
	vertices of point #18: (18, 42)
	vertices of point #19: (19, 43)
	vertices of point #20: (20, 44)
	vertices of point #21: (21, 45)
	vertices of point #22: (22, 46)
	vertices of point #23: (23, 47)

arcs...
	total arcs: 
		arc #0: (0, 1)
		arc #1: (0, 24)
		arc #2: (24, 0)
		arc #3: (1, 2)
		arc #4: (25, 24)
		arc #5: (2, 3)
		arc #6: (26, 25)
		arc #7: (3, 4)
		arc #8: (27, 26)
		arc #9: (4, 5)
		arc #10: (28, 27)
		arc #11: (5, 6)
		arc #12: (29, 28)
		arc #13: (6, 7)
		arc #14: (30, 29)
		arc #15: (7, 8)
		arc #16: (31, 30)
		arc #17: (8, 9)
		arc #18: (32, 31)
		arc #19: (9, 10)
		arc #20: (33, 32)
		arc #21: (10, 11)
		arc #22: (34, 33)
		arc #23: (11, 12)
		arc #24: (35, 34)
		arc #25: (12, 13)
		arc #26: (36, 35)
		arc #27: (13, 14)
		arc #28: (37, 36)
		arc #29: (14, 15)
		arc #30: (38, 37)
		arc #31: (15, 16)
		arc #32: (39, 38)
		arc #33: (16, 17)
		arc #34: (40, 39)
		arc #35: (17, 18)
		arc #36: (41, 40)
		arc #37: (18, 19)
		arc #38: (42, 41)
		arc #39: (19, 20)
		arc #40: (43, 42)
		arc #41: (20, 21)
		arc #42: (44, 43)
		arc #43: (21, 22)
		arc #44: (45, 44)
		arc #45: (21, 45)
		arc #46: (45, 21)
		arc #47: (22, 23)
		arc #48: (46, 45)
		arc #49: (47, 46)
		arc #50: (23, 47)
		arc #51: (47, 23)

	reverse arcs: 
		arc #1: (0, 24)
		arc #2: (24, 0)
		arc #45: (21, 45)
		arc #46: (45, 21)
		arc #50: (23, 47)
		arc #51: (47, 23)


incompatible points...
	(0, 4, 29, (4, 5))	(29, 25, 0, (25, 24))	(5, 5, 30, (5, 6))	(30, 30, 5, (30, 29))	(6, 8, 33, (8, 9))	(33, 31, 6, (31, 30))	(9, 20, 45, (20, 21))	(45, 34, 9, (34, 33))	(21, 22, 47, (22, 23))	(47, 46, 21, (46, 45))

number of routes = 7
vertices of routes...
	route #0: 0     1     2     3     4     5     6     7     8     9    10    11    12    13    14    15    16    17    18    19    20    21    22    23    47    46    45    44    43    42    41    40    39    38    37    36    35    34    33    32    31    30    29    28    27    26    25    24     0
	route #1: 47    46    45    44    43    42    41    40    39    38    37    36    35    34    33    32    31    30    29    28    27    26    25    24     0     1     2     3     4     5     6     7     8     9    10    11    12    13    14    15    16    17    18    19    20    21    22    23    47
	route #2: 21    22    23
	route #3: 45    44    43    42    41    40    39    38    37    36    35    34    33    32    31    30    29    28    27    26    25    24
	route #4: 0     1     2     3     4     5     6     7     8     9    10    11    12    13    14    15    16    17    18    19    20    21
	route #5: 47    46    45
	route #6: 21    22    23    47    46    45    21
arcs of routes...
	route #0: 0     3     5     7     9    11    13    15    17    19    21    23    25    27    29    31    33    35    37    39    41    43    47    50    49    48    44    42    40    38    36    34    32    30    28    26    24    22    20    18    16    14    12    10     8     6     4     2
	route #1: 49    48    44    42    40    38    36    34    32    30    28    26    24    22    20    18    16    14    12    10     8     6     4     2     0     3     5     7     9    11    13    15    17    19    21    23    25    27    29    31    33    35    37    39    41    43    47    50
	route #2: 43    47
	route #3: 44    42    40    38    36    34    32    30    28    26    24    22    20    18    16    14    12    10     8     6     4
	route #4: 0     3     5     7     9    11    13    15    17    19    21    23    25    27    29    31    33    35    37    39    41
	route #5: 49    48
	route #6: 43    47    50    49    48    46

incompatible routes...
	(0, 1)    	(0, 2)    	(0, 3)    	(0, 5)    	(0, 6)    	(1, 0)    	(1, 2)    	(1, 3)    	(1, 4)    	(1, 6)    	(2, 0)    	(2, 2)    	(2, 3)    	(2, 4)    	(2, 6)    	(3, 1)    	(3, 2)    	(3, 3)    	(3, 5)    	(3, 6)    	(4, 0)    	(4, 1)    	(4, 4)    	(4, 5)    	(5, 0)    	(5, 1)    	(5, 4)    	(5, 5)    	(6, 0)    	(6, 1)    	(6, 4)    	(6, 5)

vertices that can be adjacent in consecutive trips...
	(0, 0)    	(21, 21)    	(21, 45)    	(23, 47)    	(24, 0)    	(45, 21)    	(45, 45)    	(47, 47)
non cyclical routes: 
       2       3       4       5

routes of trip...
	routes that train #0 can complete at trip #0: 1       5
	routes that train #0 can complete at trip #1: 0       1       2       3       4       5       6
	routes that train #0 can complete at trip #2: 0       1       2       3       4       5       6

	routes that train #1 can complete at trip #0: 1       5
	routes that train #1 can complete at trip #1: 0       1       2       3       4       5       6
	routes that train #1 can complete at trip #2: 0       1       2       3       4       5       6

	routes that train #2 can complete at trip #0: 1       5
	routes that train #2 can complete at trip #1: 0       1       2       3       4       5       6
	routes that train #2 can complete at trip #2: 0       1       2       3       4       5       6

 cost...
	arc #0 [0][1]: 195
	arc #1 [0][24]: 0
	arc #2 [24][0]: 0
	arc #3 [1][2]: 190
	arc #4 [25][24]: 195
	arc #5 [2][3]: 174
	arc #6 [26][25]: 190
	arc #7 [3][4]: 176
	arc #8 [27][26]: 174
	arc #9 [4][5]: 177
	arc #10 [28][27]: 176
	arc #11 [5][6]: 198
	arc #12 [29][28]: 177
	arc #13 [6][7]: 162
	arc #14 [30][29]: 198
	arc #15 [7][8]: 171
	arc #16 [31][30]: 162
	arc #17 [8][9]: 185
	arc #18 [32][31]: 171
	arc #19 [9][10]: 168
	arc #20 [33][32]: 185
	arc #21 [10][11]: 173
	arc #22 [34][33]: 168
	arc #23 [11][12]: 168
	arc #24 [35][34]: 173
	arc #25 [12][13]: 193
	arc #26 [36][35]: 168
	arc #27 [13][14]: 199
	arc #28 [37][36]: 193
	arc #29 [14][15]: 169
	arc #30 [38][37]: 199
	arc #31 [15][16]: 165
	arc #32 [39][38]: 169
	arc #33 [16][17]: 191
	arc #34 [40][39]: 165
	arc #35 [17][18]: 190
	arc #36 [41][40]: 191
	arc #37 [18][19]: 175
	arc #38 [42][41]: 190
	arc #39 [19][20]: 177
	arc #40 [43][42]: 175
	arc #41 [20][21]: 184
	arc #42 [44][43]: 177
	arc #43 [21][22]: 172
	arc #44 [45][44]: 184
	arc #45 [21][45]: 0
	arc #46 [45][21]: 0
	arc #47 [22][23]: 163
	arc #48 [46][45]: 172
	arc #49 [47][46]: 163
	arc #50 [23][47]: 0
	arc #51 [47][23]: 0

cost with minimum service...
	arc #0 [0][1]: 256
	arc #1 [0][24]: 0
	arc #2 [24][0]: 0
	arc #3 [1][2]: 251
	arc #4 [25][24]: 453
	arc #5 [2][3]: 235
	arc #6 [26][25]: 251
	arc #7 [3][4]: 237
	arc #8 [27][26]: 235
	arc #9 [4][5]: 238
	arc #10 [28][27]: 237
	arc #11 [5][6]: 259
	arc #12 [29][28]: 238
	arc #13 [6][7]: 223
	arc #14 [30][29]: 259
	arc #15 [7][8]: 232
	arc #16 [31][30]: 223
	arc #17 [8][9]: 244
	arc #18 [32][31]: 232
	arc #19 [9][10]: 229
	arc #20 [33][32]: 246
	arc #21 [10][11]: 234
	arc #22 [34][33]: 227
	arc #23 [11][12]: 229
	arc #24 [35][34]: 234
	arc #25 [12][13]: 254
	arc #26 [36][35]: 229
	arc #27 [13][14]: 260
	arc #28 [37][36]: 254
	arc #29 [14][15]: 230
	arc #30 [38][37]: 260
	arc #31 [15][16]: 226
	arc #32 [39][38]: 230
	arc #33 [16][17]: 252
	arc #34 [40][39]: 226
	arc #35 [17][18]: 251
	arc #36 [41][40]: 252
	arc #37 [18][19]: 236
	arc #38 [42][41]: 251
	arc #39 [19][20]: 238
	arc #40 [43][42]: 236
	arc #41 [20][21]: 442
	arc #42 [44][43]: 238
	arc #43 [21][22]: 233
	arc #44 [45][44]: 245
	arc #45 [21][45]: 0
	arc #46 [45][21]: 0
	arc #47 [22][23]: 421
	arc #48 [46][45]: 430
	arc #49 [47][46]: 224
	arc #50 [23][47]: 0
	arc #51 [47][23]: 0

cost with maximum service...
	arc #0 [0][1]: 554
	arc #1 [0][24]: 359
	arc #2 [24][0]: 359
	arc #3 [1][2]: 549
	arc #4 [25][24]: 554
	arc #5 [2][3]: 533
	arc #6 [26][25]: 549
	arc #7 [3][4]: 535
	arc #8 [27][26]: 533
	arc #9 [4][5]: 536
	arc #10 [28][27]: 535
	arc #11 [5][6]: 557
	arc #12 [29][28]: 536
	arc #13 [6][7]: 521
	arc #14 [30][29]: 557
	arc #15 [7][8]: 530
	arc #16 [31][30]: 521
	arc #17 [8][9]: 544
	arc #18 [32][31]: 530
	arc #19 [9][10]: 527
	arc #20 [33][32]: 544
	arc #21 [10][11]: 532
	arc #22 [34][33]: 527
	arc #23 [11][12]: 527
	arc #24 [35][34]: 532
	arc #25 [12][13]: 552
	arc #26 [36][35]: 527
	arc #27 [13][14]: 558
	arc #28 [37][36]: 552
	arc #29 [14][15]: 528
	arc #30 [38][37]: 558
	arc #31 [15][16]: 524
	arc #32 [39][38]: 528
	arc #33 [16][17]: 550
	arc #34 [40][39]: 524
	arc #35 [17][18]: 549
	arc #36 [41][40]: 550
	arc #37 [18][19]: 534
	arc #38 [42][41]: 549
	arc #39 [19][20]: 536
	arc #40 [43][42]: 534
	arc #41 [20][21]: 543
	arc #42 [44][43]: 536
	arc #43 [21][22]: 531
	arc #44 [45][44]: 543
	arc #45 [21][45]: 359
	arc #46 [45][21]: 359
	arc #47 [22][23]: 522
	arc #48 [46][45]: 531
	arc #49 [47][46]: 522
	arc #50 [23][47]: 359
	arc #51 [47][23]: 359

demands...
	demands of vertex 0 at time interval: 1     1     1     1     1
	demands of vertex 1 at time interval: 1     1     1     1     1
	demands of vertex 2 at time interval: 1     1     1     1     1
	demands of vertex 3 at time interval: 1     1     1     1     1
	demands of vertex 4 at time interval: 1     1     1     1     1
	demands of vertex 5 at time interval: 1     1     1     1     1
	demands of vertex 6 at time interval: 1     1     1     1     1
	demands of vertex 7 at time interval: 1     1     1     1     1
	demands of vertex 8 at time interval: 1     1     1     1     1
	demands of vertex 9 at time interval: 0     0     0     0     0
	demands of vertex 10 at time interval: 1     1     1     1     1
	demands of vertex 11 at time interval: 1     1     1     1     1
	demands of vertex 12 at time interval: 1     1     1     1     1
	demands of vertex 13 at time interval: 1     1     1     1     1
	demands of vertex 14 at time interval: 1     1     1     1     1
	demands of vertex 15 at time interval: 1     1     1     1     1
	demands of vertex 16 at time interval: 1     1     1     1     1
	demands of vertex 17 at time interval: 1     1     1     1     1
	demands of vertex 18 at time interval: 1     1     1     1     1
	demands of vertex 19 at time interval: 1     1     1     1     1
	demands of vertex 20 at time interval: 1     1     1     1     1
	demands of vertex 21 at time interval: 1     1     1     1     1
	demands of vertex 22 at time interval: 1     1     1     1     1
	demands of vertex 23 at time interval: 0     0     0     0     0
	demands of vertex 24 at time interval: 0     0     0     0     0
	demands of vertex 25 at time interval: 1     1     1     1     1
	demands of vertex 26 at time interval: 1     1     1     1     1
	demands of vertex 27 at time interval: 1     1     1     1     1
	demands of vertex 28 at time interval: 1     1     1     1     1
	demands of vertex 29 at time interval: 1     1     1     1     1
	demands of vertex 30 at time interval: 1     1     1     1     1
	demands of vertex 31 at time interval: 1     1     1     1     1
	demands of vertex 32 at time interval: 1     1     1     1     1
	demands of vertex 33 at time interval: 0     0     0     0     0
	demands of vertex 34 at time interval: 1     1     1     1     1
	demands of vertex 35 at time interval: 1     1     1     1     1
	demands of vertex 36 at time interval: 1     1     1     1     1
	demands of vertex 37 at time interval: 1     1     1     1     1
	demands of vertex 38 at time interval: 1     1     1     1     1
	demands of vertex 39 at time interval: 1     1     1     1     1
	demands of vertex 40 at time interval: 1     1     1     1     1
	demands of vertex 41 at time interval: 1     1     1     1     1
	demands of vertex 42 at time interval: 1     1     1     1     1
	demands of vertex 43 at time interval: 1     1     1     1     1
	demands of vertex 44 at time interval: 1     1     1     1     1
	demands of vertex 45 at time interval: 1     1     1     1     1
	demands of vertex 46 at time interval: 1     1     1     1     1
	demands of vertex 47 at time interval: 1     1     1     1     1

maximum time = 63204
alpha = 58
Starting to test combinations... - Total number of combinations = 6859
Found new best - 1/6859
10% done - 686/6859 combination(s) tested! (Thread 0)
20% done - 1372/6859 combination(s) tested! (Thread 0)
30% done - 2058/6859 combination(s) tested! (Thread 0)
40% done - 2744/6859 combination(s) tested! (Thread 0)
50% done - 3430/6859 combination(s) tested! (Thread 0)
60% done - 4116/6859 combination(s) tested! (Thread 0)
70% done - 4802/6859 combination(s) tested! (Thread 0)
80% done - 5488/6859 combination(s) tested! (Thread 0)
90% done - 6174/6859 combination(s) tested! (Thread 0)
All combination(s) tested!
1/6859 were feasible combination(s)! - (0.015%)

>> Printing some results...
    -> Solution value = 49320 - 13:42:00
    -> Total time = 648.06
    -> Gap value = 0.00

=============
Train 0
=============
> Trip 0
   47(time 2012 - 00:33:32)(time 2175 - 00:36:15) ->    46(time 2534 - 00:42:14)(time 2706 - 00:45:06) ->    45(time 3065 - 00:51:05)(time 3249 - 00:54:09) ->    44(time 3608 - 01:00:08)(time 3785 - 01:03:05) ->    43(time 4144 - 01:09:04)(time 4319 - 01:11:59) ->    42(time 4678 - 01:17:58)(time 4868 - 01:21:08) ->    41(time 5227 - 01:27:07)(time 5418 - 01:30:18) ->    40(time 5777 - 01:36:17)(time 5942 - 01:39:02) ->    39(time 6301 - 01:45:01)(time 6470 - 01:47:50) ->    38(time 6829 - 01:53:49)(time 7028 - 01:57:08) ->    37(time 7387 - 02:03:07)(time 7580 - 02:06:20) ->    36(time 7939 - 02:12:19)(time 8107 - 02:15:07) ->    35(time 8466 - 02:21:06)(time 8639 - 02:23:59) ->    34(time 8998 - 02:29:58)(time 9166 - 02:32:46) ->    33(time 9525 - 02:38:45)(time 9710 - 02:41:50) ->    32(time 10069 - 02:47:49)(time 10240 - 02:50:40) ->    31(time 10301 - 02:51:41)(time 10463 - 02:54:23) ->    30(time 10524 - 02:55:24)(time 10722 - 02:58:42) ->    29(time 10928 - 03:02:08)(time 11105 - 03:05:05) ->    28(time 11464 - 03:11:04)(time 11640 - 03:14:00) ->    27(time 11701 - 03:15:01)(time 11875 - 03:17:55) ->    26(time 11936 - 03:18:56)(time 12126 - 03:22:06) ->    25(time 12187 - 03:23:07)(time 12382 - 03:26:22) ->    24(time 12640 - 03:30:40)(time 12640 - 03:30:40) ->    0(time 12641 - 03:30:41)(time 12836 - 03:33:56) ->    1(time 13195 - 03:39:55)(time 13385 - 03:43:05) ->    2(time 13446 - 03:44:06)(time 13620 - 03:47:00) ->    3(time 13979 - 03:52:59)(time 14155 - 03:55:55) ->    4(time 14514 - 04:01:54)(time 14691 - 04:04:51) ->    5(time 15050 - 04:10:50)(time 15248 - 04:14:08) ->    6(time 15607 - 04:20:07)(time 15769 - 04:22:49) ->    7(time 16124 - 04:28:44)(time 16295 - 04:31:35) ->    8(time 16654 - 04:37:34)(time 16839 - 04:40:39) ->    9(time 17198 - 04:46:38)(time 17366 - 04:49:26) ->    10(time 17725 - 04:55:25)(time 17898 - 04:58:18) ->    11(time 18257 - 05:04:17)(time 18425 - 05:07:05) ->    12(time 18784 - 05:13:04)(time 18977 - 05:16:17) ->    13(time 19336 - 05:22:16)(time 19535 - 05:25:35) ->    14(time 19894 - 05:31:34)(time 20063 - 05:34:23) ->    15(time 20422 - 05:40:22)(time 20587 - 05:43:07) ->    16(time 20946 - 05:49:06)(time 21137 - 05:52:17) ->    17(time 21496 - 05:58:16)(time 21686 - 06:01:26) ->    18(time 22045 - 06:07:25)(time 22220 - 06:10:20) ->    19(time 22579 - 06:16:19)(time 22756 - 06:19:16) ->    20(time 23115 - 06:25:15)(time 23299 - 06:28:19) ->    21(time 23658 - 06:34:18)(time 23830 - 06:37:10) ->    22(time 24189 - 06:43:09)(time 24352 - 06:45:52) ->    23(time 24610 - 06:50:10)(time 24610 - 06:50:10) -> 47
> Trip 1
   47(time 35079 - 09:44:39)(time 35242 - 09:47:22) ->    46(time 35601 - 09:53:21)(time 35773 - 09:56:13) ->    45(time 36132 - 10:02:12)(time 36316 - 10:05:16) ->    44(time 36377 - 10:06:17)(time 36554 - 10:09:14) ->    43(time 36913 - 10:15:13)(time 37088 - 10:18:08) ->    42(time 37149 - 10:19:09)(time 37339 - 10:22:19) ->    41(time 37669 - 10:27:49)(time 37860 - 10:31:00) ->    40(time 37921 - 10:32:01)(time 38086 - 10:34:46) ->    39(time 38445 - 10:40:45)(time 38614 - 10:43:34) ->    38(time 38675 - 10:44:35)(time 38874 - 10:47:54) ->    37(time 38935 - 10:48:55)(time 39128 - 10:52:08) ->    36(time 39189 - 10:53:09)(time 39357 - 10:55:57) ->    35(time 39418 - 10:56:58)(time 39591 - 10:59:51) ->    34(time 39652 - 11:00:52)(time 39820 - 11:03:40) ->    33(time 39879 - 11:04:39)(time 40064 - 11:07:44) ->    32(time 40125 - 11:08:45)(time 40296 - 11:11:36) ->    31(time 40655 - 11:17:35)(time 40817 - 11:20:17) ->    30(time 41176 - 11:26:16)(time 41374 - 11:29:34) ->    29(time 41435 - 11:30:35)(time 41612 - 11:33:32) ->    28(time 41971 - 11:39:31)(time 42147 - 11:42:27) ->    27(time 42275 - 11:44:35)(time 42449 - 11:47:29) ->    26(time 42510 - 11:48:30)(time 42700 - 11:51:40) ->    25(time 43059 - 11:57:39)(time 43254 - 12:00:54) ->    24(time 43613 - 12:06:53)(time 43613 - 12:06:53) ->    0(time 43972 - 12:12:52)(time 44167 - 12:16:07) ->    1(time 44228 - 12:17:08)(time 44418 - 12:20:18) ->    2(time 44479 - 12:21:19)(time 44653 - 12:24:13) ->    3(time 44714 - 12:25:14)(time 44890 - 12:28:10) ->    4(time 44951 - 12:29:11)(time 45128 - 12:32:08) ->    5(time 45487 - 12:38:07)(time 45685 - 12:41:25) ->    6(time 45746 - 12:42:26)(time 45908 - 12:45:08) ->    7(time 45969 - 12:46:09)(time 46140 - 12:49:00) ->    8(time 46499 - 12:54:59)(time 46684 - 12:58:04) ->    9(time 46825 - 13:00:25)(time 46993 - 13:03:13) ->    10(time 47054 - 13:04:14)(time 47227 - 13:07:07) ->    11(time 47288 - 13:08:08)(time 47456 - 13:10:56) ->    12(time 47517 - 13:11:57)(time 47710 - 13:15:10) ->    13(time 47771 - 13:16:11)(time 47970 - 13:19:30) ->    14(time 48031 - 13:20:31)(time 48200 - 13:23:20) ->    15(time 48261 - 13:24:21)(time 48426 - 13:27:06) ->    16(time 48487 - 13:28:07)(time 48678 - 13:31:18) ->    17(time 48739 - 13:32:19)(time 48929 - 13:35:29) ->    18(time 48990 - 13:36:30)(time 49165 - 13:39:25) ->    19(time 49226 - 13:40:26)(time 49403 - 13:43:23) ->    20(time 49464 - 13:44:24)(time 49648 - 13:47:28) ->    21(time 49906 - 13:51:46)(time 50078 - 13:54:38) ->    22(time 50139 - 13:55:39)(time 50302 - 13:58:22) ->    23(time 50560 - 14:02:40)(time 50560 - 14:02:40) -> 47
> Trip 2
   47(time 50561 - 14:02:41)(time 50724 - 14:05:24) ->    46(time 50785 - 14:06:25)(time 50957 - 14:09:17) ->    45(time 51215 - 14:13:35)(time 51399 - 14:16:39) ->    44(time 51460 - 14:17:40)(time 51637 - 14:20:37) ->    43(time 51698 - 14:21:38)(time 51873 - 14:24:33) ->    42(time 51934 - 14:25:34)(time 52124 - 14:28:44) ->    41(time 52185 - 14:29:45)(time 52376 - 14:32:56) ->    40(time 52437 - 14:33:57)(time 52602 - 14:36:42) ->    39(time 52663 - 14:37:43)(time 52832 - 14:40:32) ->    38(time 52893 - 14:41:33)(time 53092 - 14:44:52) ->    37(time 53153 - 14:45:53)(time 53346 - 14:49:06) ->    36(time 53407 - 14:50:07)(time 53575 - 14:52:55) ->    35(time 53636 - 14:53:56)(time 53809 - 14:56:49) ->    34(time 53870 - 14:57:50)(time 54038 - 15:00:38) ->    33(time 54097 - 15:01:37)(time 54282 - 15:04:42) ->    32(time 54343 - 15:05:43)(time 54514 - 15:08:34) ->    31(time 54575 - 15:09:35)(time 54737 - 15:12:17) ->    30(time 54798 - 15:13:18)(time 54996 - 15:16:36) ->    29(time 55057 - 15:17:37)(time 55234 - 15:20:34) ->    28(time 55295 - 15:21:35)(time 55471 - 15:24:31) ->    27(time 55532 - 15:25:32)(time 55706 - 15:28:26) ->    26(time 55767 - 15:29:27)(time 55957 - 15:32:37) ->    25(time 56018 - 15:33:38)(time 56213 - 15:36:53) ->    24(time 56471 - 15:41:11)(time 56471 - 15:41:11) ->    0(time 56471 - 15:41:11)(time 56666 - 15:44:26) ->    1(time 56727 - 15:45:27)(time 56917 - 15:48:37) ->    2(time 56978 - 15:49:38)(time 57152 - 15:52:32) ->    3(time 57213 - 15:53:33)(time 57389 - 15:56:29) ->    4(time 57450 - 15:57:30)(time 57627 - 16:00:27) ->    5(time 57688 - 16:01:28)(time 57886 - 16:04:46) ->    6(time 57947 - 16:05:47)(time 58109 - 16:08:29) ->    7(time 58170 - 16:09:30)(time 58341 - 16:12:21) ->    8(time 58402 - 16:13:22)(time 58587 - 16:16:27) ->    9(time 58646 - 16:17:26)(time 58814 - 16:20:14) ->    10(time 58875 - 16:21:15)(time 59048 - 16:24:08) ->    11(time 59109 - 16:25:09)(time 59277 - 16:27:57) ->    12(time 59338 - 16:28:58)(time 59531 - 16:32:11) ->    13(time 59592 - 16:33:12)(time 59791 - 16:36:31) ->    14(time 59852 - 16:37:32)(time 60021 - 16:40:21) ->    15(time 60082 - 16:41:22)(time 60247 - 16:44:07) ->    16(time 60308 - 16:45:08)(time 60499 - 16:48:19) ->    17(time 60560 - 16:49:20)(time 60750 - 16:52:30) ->    18(time 60811 - 16:53:31)(time 60986 - 16:56:26) ->    19(time 61047 - 16:57:27)(time 61224 - 17:00:24) ->    20(time 61285 - 17:01:25)(time 61469 - 17:04:29) ->    21(time 61727 - 17:08:47)(time 61899 - 17:11:39) ->    22(time 61960 - 17:12:40)(time 62123 - 17:15:23) ->    23(time 62381 - 17:19:41)(time 62381 - 17:19:41) -> 47
=============
Train 1
=============
> Trip 0
   47(time 1241 - 00:20:41)(time 1404 - 00:23:24) ->    46(time 1465 - 00:24:25)(time 1637 - 00:27:17) ->    45(time 1895 - 00:31:35)(time 2079 - 00:34:39) ->    44(time 2140 - 00:35:40)(time 2317 - 00:38:37) ->    43(time 2378 - 00:39:38)(time 2553 - 00:42:33) ->    42(time 2614 - 00:43:34)(time 2804 - 00:46:44) ->    41(time 2865 - 00:47:45)(time 3056 - 00:50:56) ->    40(time 3117 - 00:51:57)(time 3282 - 00:54:42) ->    39(time 3343 - 00:55:43)(time 3512 - 00:58:32) ->    38(time 3573 - 00:59:33)(time 3772 - 01:02:52) ->    37(time 3833 - 01:03:53)(time 4026 - 01:07:06) ->    36(time 4087 - 01:08:07)(time 4255 - 01:10:55) ->    35(time 4316 - 01:11:56)(time 4489 - 01:14:49) ->    34(time 4550 - 01:15:50)(time 4718 - 01:18:38) ->    33(time 4777 - 01:19:37)(time 4962 - 01:22:42) ->    32(time 5023 - 01:23:43)(time 5194 - 01:26:34) ->    31(time 5255 - 01:27:35)(time 5417 - 01:30:17) ->    30(time 5478 - 01:31:18)(time 5676 - 01:34:36) ->    29(time 5737 - 01:35:37)(time 5914 - 01:38:34) ->    28(time 5975 - 01:39:35)(time 6151 - 01:42:31) ->    27(time 6212 - 01:43:32)(time 6386 - 01:46:26) ->    26(time 6447 - 01:47:27)(time 6637 - 01:50:37) ->    25(time 6698 - 01:51:38)(time 6893 - 01:54:53) ->    24(time 7151 - 01:59:11)(time 7151 - 01:59:11) ->    0(time 7151 - 01:59:11)(time 7346 - 02:02:26) ->    1(time 7407 - 02:03:27)(time 7597 - 02:06:37) ->    2(time 7658 - 02:07:38)(time 7832 - 02:10:32) ->    3(time 7893 - 02:11:33)(time 8069 - 02:14:29) ->    4(time 8130 - 02:15:30)(time 8307 - 02:18:27) ->    5(time 8368 - 02:19:28)(time 8566 - 02:22:46) ->    6(time 8627 - 02:23:47)(time 8789 - 02:26:29) ->    7(time 8850 - 02:27:30)(time 9021 - 02:30:21) ->    8(time 9082 - 02:31:22)(time 9267 - 02:34:27) ->    9(time 9326 - 02:35:26)(time 9494 - 02:38:14) ->    10(time 9555 - 02:39:15)(time 9728 - 02:42:08) ->    11(time 9789 - 02:43:09)(time 9957 - 02:45:57) ->    12(time 10018 - 02:46:58)(time 10211 - 02:50:11) ->    13(time 10272 - 02:51:12)(time 10471 - 02:54:31) ->    14(time 10532 - 02:55:32)(time 10701 - 02:58:21) ->    15(time 10762 - 02:59:22)(time 10927 - 03:02:07) ->    16(time 10988 - 03:03:08)(time 11179 - 03:06:19) ->    17(time 11240 - 03:07:20)(time 11430 - 03:10:30) ->    18(time 11491 - 03:11:31)(time 11666 - 03:14:26) ->    19(time 11727 - 03:15:27)(time 11904 - 03:18:24) ->    20(time 11965 - 03:19:25)(time 12149 - 03:22:29) ->    21(time 12407 - 03:26:47)(time 12579 - 03:29:39) ->    22(time 12640 - 03:30:40)(time 12803 - 03:33:23) ->    23(time 13061 - 03:37:41)(time 13061 - 03:37:41) -> 47
> Trip 1
   47(time 13061 - 03:37:41)(time 13224 - 03:40:24) ->    46(time 13285 - 03:41:25)(time 13457 - 03:44:17) ->    45(time 13715 - 03:48:35)(time 13899 - 03:51:39) ->    44(time 13960 - 03:52:40)(time 14137 - 03:55:37) ->    43(time 14198 - 03:56:38)(time 14373 - 03:59:33) ->    42(time 14434 - 04:00:34)(time 14624 - 04:03:44) ->    41(time 14685 - 04:04:45)(time 14876 - 04:07:56) ->    40(time 14937 - 04:08:57)(time 15102 - 04:11:42) ->    39(time 15163 - 04:12:43)(time 15332 - 04:15:32) ->    38(time 15635 - 04:20:35)(time 15834 - 04:23:54) ->    37(time 15895 - 04:24:55)(time 16088 - 04:28:08) ->    36(time 16149 - 04:29:09)(time 16317 - 04:31:57) ->    35(time 16378 - 04:32:58)(time 16551 - 04:35:51) ->    34(time 16612 - 04:36:52)(time 16780 - 04:39:40) ->    33(time 16839 - 04:40:39)(time 17024 - 04:43:44) ->    32(time 17085 - 04:44:45)(time 17256 - 04:47:36) ->    31(time 17317 - 04:48:37)(time 17479 - 04:51:19) ->    30(time 17540 - 04:52:20)(time 17738 - 04:55:38) ->    29(time 17799 - 04:56:39)(time 17976 - 04:59:36) ->    28(time 18037 - 05:00:37)(time 18213 - 05:03:33) ->    27(time 18274 - 05:04:34)(time 18448 - 05:07:28) ->    26(time 18509 - 05:08:29)(time 18699 - 05:11:39) ->    25(time 18760 - 05:12:40)(time 18955 - 05:15:55) ->    24(time 19314 - 05:21:54)(time 19314 - 05:21:54) ->    0(time 19314 - 05:21:54)(time 19509 - 05:25:09) ->    1(time 19570 - 05:26:10)(time 19760 - 05:29:20) ->    2(time 19821 - 05:30:21)(time 19995 - 05:33:15) ->    3(time 20056 - 05:34:16)(time 20232 - 05:37:12) ->    4(time 20293 - 05:38:13)(time 20470 - 05:41:10) ->    5(time 20531 - 05:42:11)(time 20729 - 05:45:29) ->    6(time 20790 - 05:46:30)(time 20952 - 05:49:12) ->    7(time 21013 - 05:50:13)(time 21184 - 05:53:04) ->    8(time 21245 - 05:54:05)(time 21430 - 05:57:10) ->    9(time 21489 - 05:58:09)(time 21657 - 06:00:57) ->    10(time 21718 - 06:01:58)(time 21891 - 06:04:51) ->    11(time 21952 - 06:05:52)(time 22120 - 06:08:40) ->    12(time 22181 - 06:09:41)(time 22374 - 06:12:54) ->    13(time 22435 - 06:13:55)(time 22634 - 06:17:14) ->    14(time 22695 - 06:18:15)(time 22864 - 06:21:04) ->    15(time 22925 - 06:22:05)(time 23090 - 06:24:50) ->    16(time 23151 - 06:25:51)(time 23342 - 06:29:02) ->    17(time 23403 - 06:30:03)(time 23593 - 06:33:13) ->    18(time 23654 - 06:34:14)(time 23829 - 06:37:09) ->    19(time 23890 - 06:38:10)(time 24067 - 06:41:07) ->    20(time 24128 - 06:42:08)(time 24312 - 06:45:12) ->    21(time 24570 - 06:49:30)(time 24742 - 06:52:22) ->    22(time 24803 - 06:53:23)(time 24966 - 06:56:06) ->    23(time 25224 - 07:00:24)(time 25224 - 07:00:24) -> 47
> Trip 2
   47(time 25224 - 07:00:24)(time 25387 - 07:03:07) ->    46(time 25448 - 07:04:08)(time 25620 - 07:07:00) ->    45(time 25878 - 07:11:18)(time 26062 - 07:14:22) ->    44(time 26123 - 07:15:23)(time 26300 - 07:18:20) ->    43(time 26361 - 07:19:21)(time 26536 - 07:22:16) ->    42(time 26597 - 07:23:17)(time 26787 - 07:26:27) ->    41(time 26848 - 07:27:28)(time 27039 - 07:30:39) ->    40(time 27100 - 07:31:40)(time 27265 - 07:34:25) ->    39(time 27326 - 07:35:26)(time 27495 - 07:38:15) ->    38(time 27556 - 07:39:16)(time 27755 - 07:42:35) ->    37(time 27816 - 07:43:36)(time 28009 - 07:46:49) ->    36(time 28070 - 07:47:50)(time 28238 - 07:50:38) ->    35(time 28299 - 07:51:39)(time 28472 - 07:54:32) ->    34(time 28533 - 07:55:33)(time 28701 - 07:58:21) ->    33(time 28760 - 07:59:20)(time 28945 - 08:02:25) ->    32(time 29006 - 08:03:26)(time 29177 - 08:06:17) ->    31(time 29238 - 08:07:18)(time 29400 - 08:10:00) ->    30(time 29461 - 08:11:01)(time 29659 - 08:14:19) ->    29(time 29720 - 08:15:20)(time 29897 - 08:18:17) ->    28(time 29958 - 08:19:18)(time 30134 - 08:22:14) ->    27(time 30195 - 08:23:15)(time 30369 - 08:26:09) ->    26(time 30430 - 08:27:10)(time 30620 - 08:30:20) ->    25(time 30681 - 08:31:21)(time 30876 - 08:34:36) ->    24(time 31134 - 08:38:54)(time 31134 - 08:38:54) ->    0(time 31134 - 08:38:54)(time 31329 - 08:42:09) ->    1(time 31390 - 08:43:10)(time 31580 - 08:46:20) ->    2(time 31641 - 08:47:21)(time 31815 - 08:50:15) ->    3(time 31876 - 08:51:16)(time 32052 - 08:54:12) ->    4(time 32113 - 08:55:13)(time 32290 - 08:58:10) ->    5(time 32351 - 08:59:11)(time 32549 - 09:02:29) ->    6(time 32610 - 09:03:30)(time 32772 - 09:06:12) ->    7(time 32833 - 09:07:13)(time 33004 - 09:10:04) ->    8(time 33065 - 09:11:05)(time 33250 - 09:14:10) ->    9(time 33309 - 09:15:09)(time 33477 - 09:17:57) ->    10(time 33538 - 09:18:58)(time 33711 - 09:21:51) ->    11(time 33772 - 09:22:52)(time 33940 - 09:25:40) ->    12(time 34001 - 09:26:41)(time 34194 - 09:29:54) ->    13(time 34255 - 09:30:55)(time 34454 - 09:34:14) ->    14(time 34515 - 09:35:15)(time 34684 - 09:38:04) ->    15(time 34745 - 09:39:05)(time 34910 - 09:41:50) ->    16(time 34971 - 09:42:51)(time 35162 - 09:46:02) ->    17(time 35223 - 09:47:03)(time 35413 - 09:50:13) ->    18(time 35474 - 09:51:14)(time 35649 - 09:54:09) ->    19(time 35710 - 09:55:10)(time 35887 - 09:58:07) ->    20(time 35948 - 09:59:08)(time 36132 - 10:02:12) ->    21(time 36390 - 10:06:30)(time 36562 - 10:09:22) ->    22(time 36623 - 10:10:23)(time 36786 - 10:13:06) ->    23(time 37044 - 10:17:24)(time 37044 - 10:17:24) -> 47
=============
Train 2
=============
> Trip 0
   47(time 1499 - 00:24:59)(time 1662 - 00:27:42) ->    46(time 1723 - 00:28:43)(time 1895 - 00:31:35) ->    45(time 2153 - 00:35:53)(time 2337 - 00:38:57) ->    44(time 2398 - 00:39:58)(time 2575 - 00:42:55) ->    43(time 2636 - 00:43:56)(time 2811 - 00:46:51) ->    42(time 2872 - 00:47:52)(time 3062 - 00:51:02) ->    41(time 3123 - 00:52:03)(time 3314 - 00:55:14) ->    40(time 3375 - 00:56:15)(time 3540 - 00:59:00) ->    39(time 3601 - 01:00:01)(time 3770 - 01:02:50) ->    38(time 3831 - 01:03:51)(time 4030 - 01:07:10) ->    37(time 4091 - 01:08:11)(time 4284 - 01:11:24) ->    36(time 4345 - 01:12:25)(time 4513 - 01:15:13) ->    35(time 4574 - 01:16:14)(time 4747 - 01:19:07) ->    34(time 4808 - 01:20:08)(time 4976 - 01:22:56) ->    33(time 5035 - 01:23:55)(time 5220 - 01:27:00) ->    32(time 5281 - 01:28:01)(time 5452 - 01:30:52) ->    31(time 5513 - 01:31:53)(time 5675 - 01:34:35) ->    30(time 5736 - 01:35:36)(time 5934 - 01:38:54) ->    29(time 5995 - 01:39:55)(time 6172 - 01:42:52) ->    28(time 6233 - 01:43:53)(time 6409 - 01:46:49) ->    27(time 6470 - 01:47:50)(time 6644 - 01:50:44) ->    26(time 6705 - 01:51:45)(time 6895 - 01:54:55) ->    25(time 6956 - 01:55:56)(time 7151 - 01:59:11) ->    24(time 7409 - 02:03:29)(time 7409 - 02:03:29) ->    0(time 7409 - 02:03:29)(time 7604 - 02:06:44) ->    1(time 7665 - 02:07:45)(time 7855 - 02:10:55) ->    2(time 7916 - 02:11:56)(time 8090 - 02:14:50) ->    3(time 8151 - 02:15:51)(time 8327 - 02:18:47) ->    4(time 8388 - 02:19:48)(time 8565 - 02:22:45) ->    5(time 8626 - 02:23:46)(time 8824 - 02:27:04) ->    6(time 8885 - 02:28:05)(time 9047 - 02:30:47) ->    7(time 9108 - 02:31:48)(time 9279 - 02:34:39) ->    8(time 9340 - 02:35:40)(time 9525 - 02:38:45) ->    9(time 9584 - 02:39:44)(time 9752 - 02:42:32) ->    10(time 9813 - 02:43:33)(time 9986 - 02:46:26) ->    11(time 10047 - 02:47:27)(time 10215 - 02:50:15) ->    12(time 10276 - 02:51:16)(time 10469 - 02:54:29) ->    13(time 10530 - 02:55:30)(time 10729 - 02:58:49) ->    14(time 10790 - 02:59:50)(time 10959 - 03:02:39) ->    15(time 11020 - 03:03:40)(time 11185 - 03:06:25) ->    16(time 11246 - 03:07:26)(time 11437 - 03:10:37) ->    17(time 11498 - 03:11:38)(time 11688 - 03:14:48) ->    18(time 11749 - 03:15:49)(time 11924 - 03:18:44) ->    19(time 11985 - 03:19:45)(time 12162 - 03:22:42) ->    20(time 12223 - 03:23:43)(time 12407 - 03:26:47) ->    21(time 12665 - 03:31:05)(time 12837 - 03:33:57) ->    22(time 12898 - 03:34:58)(time 13061 - 03:37:41) ->    23(time 13319 - 03:41:59)(time 13319 - 03:41:59) -> 47
> Trip 1
   47(time 13319 - 03:41:59)(time 13482 - 03:44:42) ->    46(time 13543 - 03:45:43)(time 13715 - 03:48:35) ->    45(time 13973 - 03:52:53)(time 14157 - 03:55:57) ->    44(time 14263 - 03:57:43)(time 14440 - 04:00:40) ->    43(time 14501 - 04:01:41)(time 14676 - 04:04:36) ->    42(time 14737 - 04:05:37)(time 14927 - 04:08:47) ->    41(time 14988 - 04:09:48)(time 15179 - 04:12:59) ->    40(time 15240 - 04:14:00)(time 15405 - 04:16:45) ->    39(time 15466 - 04:17:46)(time 15635 - 04:20:35) ->    38(time 15696 - 04:21:36)(time 15895 - 04:24:55) ->    37(time 15956 - 04:25:56)(time 16149 - 04:29:09) ->    36(time 16210 - 04:30:10)(time 16378 - 04:32:58) ->    35(time 16439 - 04:33:59)(time 16612 - 04:36:52) ->    34(time 16673 - 04:37:53)(time 16841 - 04:40:41) ->    33(time 16900 - 04:41:40)(time 17085 - 04:44:45) ->    32(time 17146 - 04:45:46)(time 17317 - 04:48:37) ->    31(time 17378 - 04:49:38)(time 17540 - 04:52:20) ->    30(time 17601 - 04:53:21)(time 17799 - 04:56:39) ->    29(time 17860 - 04:57:40)(time 18037 - 05:00:37) ->    28(time 18396 - 05:06:36)(time 18572 - 05:09:32) ->    27(time 18633 - 05:10:33)(time 18807 - 05:13:27) ->    26(time 18868 - 05:14:28)(time 19058 - 05:17:38) ->    25(time 19119 - 05:18:39)(time 19314 - 05:21:54) ->    24(time 19572 - 05:26:12)(time 19572 - 05:26:12) ->    0(time 19572 - 05:26:12)(time 19767 - 05:29:27) ->    1(time 19828 - 05:30:28)(time 20018 - 05:33:38) ->    2(time 20079 - 05:34:39)(time 20253 - 05:37:33) ->    3(time 20314 - 05:38:34)(time 20490 - 05:41:30) ->    4(time 20551 - 05:42:31)(time 20728 - 05:45:28) ->    5(time 20789 - 05:46:29)(time 20987 - 05:49:47) ->    6(time 21048 - 05:50:48)(time 21210 - 05:53:30) ->    7(time 21271 - 05:54:31)(time 21442 - 05:57:22) ->    8(time 21503 - 05:58:23)(time 21688 - 06:01:28) ->    9(time 21747 - 06:02:27)(time 21915 - 06:05:15) ->    10(time 22274 - 06:11:14)(time 22447 - 06:14:07) ->    11(time 22508 - 06:15:08)(time 22676 - 06:17:56) ->    12(time 22737 - 06:18:57)(time 22930 - 06:22:10) ->    13(time 22991 - 06:23:11)(time 23190 - 06:26:30) ->    14(time 23251 - 06:27:31)(time 23420 - 06:30:20) ->    15(time 23779 - 06:36:19)(time 23944 - 06:39:04) ->    16(time 24005 - 06:40:05)(time 24196 - 06:43:16) ->    17(time 24555 - 06:49:15)(time 24745 - 06:52:25) ->    18(time 24806 - 06:53:26)(time 24981 - 06:56:21) ->    19(time 25042 - 06:57:22)(time 25219 - 07:00:19) ->    20(time 25280 - 07:01:20)(time 25464 - 07:04:24) ->    21(time 25722 - 07:08:42)(time 25894 - 07:11:34) ->    22(time 25955 - 07:12:35)(time 26118 - 07:15:18) ->    23(time 26376 - 07:19:36)(time 26376 - 07:19:36) -> 47
> Trip 2
   47(time 42850 - 11:54:10)(time 43013 - 11:56:53) ->    46(time 43372 - 12:02:52)(time 43544 - 12:05:44) ->    45(time 43802 - 12:10:02)(time 43986 - 12:13:06) ->    44(time 44047 - 12:14:07)(time 44224 - 12:17:04) ->    43(time 44285 - 12:18:05)(time 44460 - 12:21:00) ->    42(time 44521 - 12:22:01)(time 44711 - 12:25:11) ->    41(time 44772 - 12:26:12)(time 44963 - 12:29:23) ->    40(time 45024 - 12:30:24)(time 45189 - 12:33:09) ->    39(time 45250 - 12:34:10)(time 45419 - 12:36:59) ->    38(time 45480 - 12:38:00)(time 45679 - 12:41:19) ->    37(time 45740 - 12:42:20)(time 45933 - 12:45:33) ->    36(time 45994 - 12:46:34)(time 46162 - 12:49:22) ->    35(time 46223 - 12:50:23)(time 46396 - 12:53:16) ->    34(time 46457 - 12:54:17)(time 46625 - 12:57:05) ->    33(time 46684 - 12:58:04)(time 46869 - 13:01:09) ->    32(time 46930 - 13:02:10)(time 47101 - 13:05:01) ->    31(time 47460 - 13:11:00)(time 47622 - 13:13:42) ->    30(time 47683 - 13:14:43)(time 47881 - 13:18:01) ->    29(time 48240 - 13:24:00)(time 48417 - 13:26:57) ->    28(time 48776 - 13:32:56)(time 48952 - 13:35:52) ->    27(time 49013 - 13:36:53)(time 49187 - 13:39:47) ->    26(time 49248 - 13:40:48)(time 49438 - 13:43:58) ->    25(time 49499 - 13:44:59)(time 49694 - 13:48:14) ->    24(time 50053 - 13:54:13)(time 50053 - 13:54:13) ->    0(time 50053 - 13:54:13)(time 50248 - 13:57:28) ->    1(time 50309 - 13:58:29)(time 50499 - 14:01:39) ->    2(time 50560 - 14:02:40)(time 50734 - 14:05:34) ->    3(time 51093 - 14:11:33)(time 51269 - 14:14:29) ->    4(time 51628 - 14:20:28)(time 51805 - 14:23:25) ->    5(time 52164 - 14:29:24)(time 52362 - 14:32:42) ->    6(time 52721 - 14:38:41)(time 52883 - 14:41:23) ->    7(time 53242 - 14:47:22)(time 53413 - 14:50:13) ->    8(time 53772 - 14:56:12)(time 53957 - 14:59:17) ->    9(time 54038 - 15:00:38)(time 54206 - 15:03:26) ->    10(time 54267 - 15:04:27)(time 54440 - 15:07:20) ->    11(time 54501 - 15:08:21)(time 54669 - 15:11:09) ->    12(time 54730 - 15:12:10)(time 54923 - 15:15:23) ->    13(time 54984 - 15:16:24)(time 55183 - 15:19:43) ->    14(time 55244 - 15:20:44)(time 55413 - 15:23:33) ->    15(time 55474 - 15:24:34)(time 55639 - 15:27:19) ->    16(time 55700 - 15:28:20)(time 55891 - 15:31:31) ->    17(time 55952 - 15:32:32)(time 56142 - 15:35:42) ->    18(time 56203 - 15:36:43)(time 56378 - 15:39:38) ->    19(time 56439 - 15:40:39)(time 56616 - 15:43:36) ->    20(time 56677 - 15:44:37)(time 56861 - 15:47:41) ->    21(time 57119 - 15:51:59)(time 57291 - 15:54:51) ->    22(time 57352 - 15:55:52)(time 57515 - 15:58:35) ->    23(time 57773 - 16:02:53)(time 57773 - 16:02:53) -> 47
