t3p21r13h5.txt:
   > Trying to open the instance file...
   > Reading number of trains...
   > Reading maximum number of trips per train...
   > Reading time intervals...
   > Reading number of points...
   > Reading stations...
   > Reading crossings...
   > Reading depots...
   > Reading initial point...
   > Reading routes...
   > Reading distance and distance and service...
   > Reading demands...
   > Reading maximum time...
   > Reading alpha...

--------------------------------
 Printing instance
--------------------------------
number of trains = 3
	max trips per trains: 3     3     3
number of intervals = 5
	(0,  10311)	(10312,  20622)	(20623,  30933)	(30934,  41244)	(41245,  51555)
number of points = 21
	initial point: 2
	stations: 0     1     2     3     4     7     8    10    11    12    13    14    15    16    17    18    20
	crossings: 0     2     5     6     9    14    15    19    20
	depots: 0     2    15    20
number of vertices = 42
	total vertices: 0     1     2     3     4     5     6     7     8     9    10    11    12    13    14    15    16    17    18    19    20    21    22    23    24    25    26    27    28    29    30    31    32    33    34    35    36    37    38    39    40    41
	upper vertices: 0     1     2     3     4     5     6     7     8     9    10    11    12    13    14    15    16    17    18    19    20
	lower vertices: 21    22    23    24    25    26    27    28    29    30    31    32    33    34    35    36    37    38    39    40    41
	vertices of point #0: (0, 21)
	vertices of point #1: (1, 22)
	vertices of point #2: (2, 23)
	vertices of point #3: (3, 24)
	vertices of point #4: (4, 25)
	vertices of point #5: (5, 26)
	vertices of point #6: (6, 27)
	vertices of point #7: (7, 28)
	vertices of point #8: (8, 29)
	vertices of point #9: (9, 30)
	vertices of point #10: (10, 31)
	vertices of point #11: (11, 32)
	vertices of point #12: (12, 33)
	vertices of point #13: (13, 34)
	vertices of point #14: (14, 35)
	vertices of point #15: (15, 36)
	vertices of point #16: (16, 37)
	vertices of point #17: (17, 38)
	vertices of point #18: (18, 39)
	vertices of point #19: (19, 40)
	vertices of point #20: (20, 41)

arcs...
	total arcs: 
		arc #0: (0, 1)
		arc #1: (0, 21)
		arc #2: (21, 0)
		arc #3: (1, 2)
		arc #4: (22, 21)
		arc #5: (2, 3)
		arc #6: (23, 22)
		arc #7: (2, 23)
		arc #8: (23, 2)
		arc #9: (3, 4)
		arc #10: (24, 23)
		arc #11: (4, 5)
		arc #12: (25, 24)
		arc #13: (5, 6)
		arc #14: (26, 25)
		arc #15: (6, 7)
		arc #16: (27, 26)
		arc #17: (7, 8)
		arc #18: (28, 27)
		arc #19: (8, 9)
		arc #20: (29, 28)
		arc #21: (9, 10)
		arc #22: (30, 29)
		arc #23: (10, 11)
		arc #24: (31, 30)
		arc #25: (11, 12)
		arc #26: (32, 31)
		arc #27: (12, 13)
		arc #28: (33, 32)
		arc #29: (13, 14)
		arc #30: (34, 33)
		arc #31: (14, 15)
		arc #32: (35, 34)
		arc #33: (15, 16)
		arc #34: (36, 35)
		arc #35: (15, 36)
		arc #36: (36, 15)
		arc #37: (16, 17)
		arc #38: (37, 36)
		arc #39: (17, 18)
		arc #40: (38, 37)
		arc #41: (18, 19)
		arc #42: (39, 38)
		arc #43: (19, 20)
		arc #44: (40, 39)
		arc #45: (41, 40)
		arc #46: (20, 41)
		arc #47: (41, 20)

	reverse arcs: 
		arc #1: (0, 21)
		arc #2: (21, 0)
		arc #7: (2, 23)
		arc #8: (23, 2)
		arc #35: (15, 36)
		arc #36: (36, 15)
		arc #46: (20, 41)
		arc #47: (41, 20)


incompatible points...
	(0, 1, 23, (1, 2))	(23, 22, 0, (22, 21))	(2, 4, 26, (4, 5))	(26, 24, 2, (24, 23))	(5, 5, 27, (5, 6))	(27, 27, 5, (27, 26))	(6, 8, 30, (8, 9))	(30, 28, 6, (28, 27))	(9, 13, 35, (13, 14))	(35, 31, 9, (31, 30))	(14, 14, 36, (14, 15))	(36, 36, 14, (36, 35))	(15, 18, 40, (18, 19))	(40, 37, 15, (37, 36))	(19, 19, 41, (19, 20))	(41, 41, 19, (41, 40))

number of routes = 13
vertices of routes...
	route #0: 0     1     2     3     4     5     6     7     8     9    10    11    12    13    14    15    16    17    18    19    20    41    40    39    38    37    36    35    34    33    32    31    30    29    28    27    26    25    24    23    22    21     0
	route #1: 41    40    39    38    37    36    35    34    33    32    31    30    29    28    27    26    25    24    23    22    21     0     1     2     3     4     5     6     7     8     9    10    11    12    13    14    15    16    17    18    19    20    41
	route #2: 15    16    17    18    19    20
	route #3: 36    35    34    33    32    31    30    29    28    27    26    25    24    23    22    21
	route #4: 0     1     2     3     4     5     6     7     8     9    10    11    12    13    14    15
	route #5: 41    40    39    38    37    36
	route #6: 2     3     4     5     6     7     8     9    10    11    12    13    14    15    16    17    18    19    20
	route #7: 23    22    21
	route #8: 0     1     2
	route #9: 41    40    39    38    37    36    35    34    33    32    31    30    29    28    27    26    25    24    23
	route #10: 36    35    34    33    32    31    30    29    28    27    26    25    24    23
	route #11: 2     3     4     5     6     7     8     9    10    11    12    13    14    15
	route #12: 23    22    21     0     1     2    23
arcs of routes...
	route #0: 0     3     5     9    11    13    15    17    19    21    23    25    27    29    31    33    37    39    41    43    46    45    44    42    40    38    34    32    30    28    26    24    22    20    18    16    14    12    10     6     4     2
	route #1: 45    44    42    40    38    34    32    30    28    26    24    22    20    18    16    14    12    10     6     4     2     0     3     5     9    11    13    15    17    19    21    23    25    27    29    31    33    37    39    41    43    46
	route #2: 33    37    39    41    43
	route #3: 34    32    30    28    26    24    22    20    18    16    14    12    10     6     4
	route #4: 0     3     5     9    11    13    15    17    19    21    23    25    27    29    31
	route #5: 45    44    42    40    38
	route #6: 5     9    11    13    15    17    19    21    23    25    27    29    31    33    37    39    41    43
	route #7: 6     4
	route #8: 0     3
	route #9: 45    44    42    40    38    34    32    30    28    26    24    22    20    18    16    14    12    10
	route #10: 34    32    30    28    26    24    22    20    18    16    14    12    10
	route #11: 5     9    11    13    15    17    19    21    23    25    27    29    31
	route #12: 6     4     2     0     3     7

incompatible routes...
	(0, 1)    	(0, 2)    	(0, 3)    	(0, 5)    	(0, 6)    	(0, 7)    	(0, 9)    	(0, 10)    	(0, 11)    	(0, 12)    	(1, 0)    	(1, 2)    	(1, 3)    	(1, 4)    	(1, 6)    	(1, 7)    	(1, 8)    	(1, 10)    	(1, 11)    	(1, 12)    	(2, 0)    	(2, 2)    	(2, 3)    	(2, 4)    	(2, 6)    	(2, 7)    	(2, 8)    	(2, 10)    	(2, 11)    	(2, 12)    	(3, 1)    	(3, 2)    	(3, 3)    	(3, 5)    	(3, 6)    	(3, 7)    	(3, 9)    	(3, 10)    	(3, 11)    	(3, 12)    	(4, 0)    	(4, 1)    	(4, 4)    	(4, 5)    	(4, 6)    	(4, 7)    	(4, 8)    	(4, 9)    	(4, 11)    	(4, 12)    	(5, 0)    	(5, 1)    	(5, 4)    	(5, 5)    	(5, 6)    	(5, 7)    	(5, 8)    	(5, 9)    	(5, 11)    	(5, 12)    	(6, 0)    	(6, 2)    	(6, 3)    	(6, 4)    	(6, 6)    	(6, 7)    	(6, 8)    	(6, 10)    	(6, 11)    	(6, 12)    	(7, 1)    	(7, 2)    	(7, 3)    	(7, 5)    	(7, 6)    	(7, 7)    	(7, 9)    	(7, 10)    	(7, 11)    	(7, 12)    	(8, 0)    	(8, 1)    	(8, 2)    	(8, 3)    	(8, 4)    	(8, 5)    	(8, 8)    	(8, 9)    	(8, 10)    	(9, 0)    	(9, 1)    	(9, 2)    	(9, 3)    	(9, 4)    	(9, 5)    	(9, 8)    	(9, 9)    	(9, 10)    	(10, 0)    	(10, 1)    	(10, 2)    	(10, 3)    	(10, 4)    	(10, 5)    	(10, 8)    	(10, 9)    	(10, 10)    	(11, 0)    	(11, 1)    	(11, 4)    	(11, 5)    	(11, 6)    	(11, 7)    	(11, 8)    	(11, 9)    	(11, 11)    	(11, 12)    	(12, 0)    	(12, 1)    	(12, 2)    	(12, 3)    	(12, 4)    	(12, 5)    	(12, 8)    	(12, 9)    	(12, 10)

vertices that can be adjacent in consecutive trips...
	(0, 0)    	(2, 2)    	(2, 23)    	(15, 15)    	(15, 36)    	(20, 41)    	(21, 0)    	(23, 2)    	(23, 23)    	(36, 15)    	(36, 36)    	(41, 41)
non cyclical routes: 
       2       3       4       5       6       7       8       9      10      11

routes of trip...
	routes that train #0 can complete at trip #0: 6       7      11      12
	routes that train #0 can complete at trip #1: 0       1       2       3       4       5       6       7       8       9      10      11      12
	routes that train #0 can complete at trip #2: 0       1       2       3       4       5       6       7       8       9      10      11      12

	routes that train #1 can complete at trip #0: 6       7      11      12
	routes that train #1 can complete at trip #1: 0       1       2       3       4       5       6       7       8       9      10      11      12
	routes that train #1 can complete at trip #2: 0       1       2       3       4       5       6       7       8       9      10      11      12

	routes that train #2 can complete at trip #0: 6       7      11      12
	routes that train #2 can complete at trip #1: 0       1       2       3       4       5       6       7       8       9      10      11      12
	routes that train #2 can complete at trip #2: 0       1       2       3       4       5       6       7       8       9      10      11      12

 cost...
	arc #0 [0][1]: 181
	arc #1 [0][21]: 0
	arc #2 [21][0]: 0
	arc #3 [1][2]: 172
	arc #4 [22][21]: 181
	arc #5 [2][3]: 189
	arc #6 [23][22]: 172
	arc #7 [2][23]: 0
	arc #8 [23][2]: 0
	arc #9 [3][4]: 169
	arc #10 [24][23]: 189
	arc #11 [4][5]: 160
	arc #12 [25][24]: 169
	arc #13 [5][6]: 182
	arc #14 [26][25]: 160
	arc #15 [6][7]: 171
	arc #16 [27][26]: 182
	arc #17 [7][8]: 178
	arc #18 [28][27]: 171
	arc #19 [8][9]: 159
	arc #20 [29][28]: 178
	arc #21 [9][10]: 187
	arc #22 [30][29]: 159
	arc #23 [10][11]: 154
	arc #24 [31][30]: 187
	arc #25 [11][12]: 181
	arc #26 [32][31]: 154
	arc #27 [12][13]: 171
	arc #28 [33][32]: 181
	arc #29 [13][14]: 159
	arc #30 [34][33]: 171
	arc #31 [14][15]: 186
	arc #32 [35][34]: 159
	arc #33 [15][16]: 173
	arc #34 [36][35]: 186
	arc #35 [15][36]: 0
	arc #36 [36][15]: 0
	arc #37 [16][17]: 159
	arc #38 [37][36]: 173
	arc #39 [17][18]: 170
	arc #40 [38][37]: 159
	arc #41 [18][19]: 166
	arc #42 [39][38]: 170
	arc #43 [19][20]: 171
	arc #44 [40][39]: 166
	arc #45 [41][40]: 171
	arc #46 [20][41]: 0
	arc #47 [41][20]: 0

cost with minimum service...
	arc #0 [0][1]: 260
	arc #1 [0][21]: 0
	arc #2 [21][0]: 0
	arc #3 [1][2]: 267
	arc #4 [22][21]: 276
	arc #5 [2][3]: 268
	arc #6 [23][22]: 251
	arc #7 [2][23]: 0
	arc #8 [23][2]: 0
	arc #9 [3][4]: 248
	arc #10 [24][23]: 284
	arc #11 [4][5]: 231
	arc #12 [25][24]: 248
	arc #13 [5][6]: 253
	arc #14 [26][25]: 239
	arc #15 [6][7]: 250
	arc #16 [27][26]: 253
	arc #17 [7][8]: 257
	arc #18 [28][27]: 242
	arc #19 [8][9]: 230
	arc #20 [29][28]: 257
	arc #21 [9][10]: 266
	arc #22 [30][29]: 238
	arc #23 [10][11]: 233
	arc #24 [31][30]: 258
	arc #25 [11][12]: 260
	arc #26 [32][31]: 233
	arc #27 [12][13]: 250
	arc #28 [33][32]: 260
	arc #29 [13][14]: 238
	arc #30 [34][33]: 250
	arc #31 [14][15]: 281
	arc #32 [35][34]: 238
	arc #33 [15][16]: 252
	arc #34 [36][35]: 265
	arc #35 [15][36]: 0
	arc #36 [36][15]: 0
	arc #37 [16][17]: 238
	arc #38 [37][36]: 268
	arc #39 [17][18]: 249
	arc #40 [38][37]: 238
	arc #41 [18][19]: 237
	arc #42 [39][38]: 249
	arc #43 [19][20]: 266
	arc #44 [40][39]: 245
	arc #45 [41][40]: 242
	arc #46 [20][41]: 0
	arc #47 [41][20]: 0

cost with maximum service...
	arc #0 [0][1]: 671
	arc #1 [0][21]: 490
	arc #2 [21][0]: 490
	arc #3 [1][2]: 662
	arc #4 [22][21]: 671
	arc #5 [2][3]: 679
	arc #6 [23][22]: 662
	arc #7 [2][23]: 490
	arc #8 [23][2]: 490
	arc #9 [3][4]: 659
	arc #10 [24][23]: 679
	arc #11 [4][5]: 650
	arc #12 [25][24]: 659
	arc #13 [5][6]: 672
	arc #14 [26][25]: 650
	arc #15 [6][7]: 661
	arc #16 [27][26]: 672
	arc #17 [7][8]: 668
	arc #18 [28][27]: 661
	arc #19 [8][9]: 649
	arc #20 [29][28]: 668
	arc #21 [9][10]: 677
	arc #22 [30][29]: 649
	arc #23 [10][11]: 644
	arc #24 [31][30]: 677
	arc #25 [11][12]: 671
	arc #26 [32][31]: 644
	arc #27 [12][13]: 661
	arc #28 [33][32]: 671
	arc #29 [13][14]: 649
	arc #30 [34][33]: 661
	arc #31 [14][15]: 676
	arc #32 [35][34]: 649
	arc #33 [15][16]: 663
	arc #34 [36][35]: 676
	arc #35 [15][36]: 490
	arc #36 [36][15]: 490
	arc #37 [16][17]: 649
	arc #38 [37][36]: 663
	arc #39 [17][18]: 660
	arc #40 [38][37]: 649
	arc #41 [18][19]: 656
	arc #42 [39][38]: 660
	arc #43 [19][20]: 661
	arc #44 [40][39]: 656
	arc #45 [41][40]: 661
	arc #46 [20][41]: 490
	arc #47 [41][20]: 490

demands...
	demands of vertex 0 at time interval: 1     1     1     1     1
	demands of vertex 1 at time interval: 1     1     1     1     1
	demands of vertex 2 at time interval: 1     1     1     1     1
	demands of vertex 3 at time interval: 1     1     1     1     1
	demands of vertex 4 at time interval: 1     1     1     1     1
	demands of vertex 5 at time interval: 0     0     0     0     0
	demands of vertex 6 at time interval: 0     0     0     0     0
	demands of vertex 7 at time interval: 1     1     1     1     1
	demands of vertex 8 at time interval: 1     1     1     1     1
	demands of vertex 9 at time interval: 0     0     0     0     0
	demands of vertex 10 at time interval: 1     1     1     1     1
	demands of vertex 11 at time interval: 1     1     1     1     1
	demands of vertex 12 at time interval: 1     1     1     1     1
	demands of vertex 13 at time interval: 1     1     1     1     1
	demands of vertex 14 at time interval: 1     1     1     1     1
	demands of vertex 15 at time interval: 1     1     1     1     1
	demands of vertex 16 at time interval: 1     1     1     1     1
	demands of vertex 17 at time interval: 1     1     1     1     1
	demands of vertex 18 at time interval: 1     1     1     1     1
	demands of vertex 19 at time interval: 0     0     0     0     0
	demands of vertex 20 at time interval: 0     0     0     0     0
	demands of vertex 21 at time interval: 0     0     0     0     0
	demands of vertex 22 at time interval: 1     1     1     1     1
	demands of vertex 23 at time interval: 1     1     1     1     1
	demands of vertex 24 at time interval: 1     1     1     1     1
	demands of vertex 25 at time interval: 1     1     1     1     1
	demands of vertex 26 at time interval: 0     0     0     0     0
	demands of vertex 27 at time interval: 0     0     0     0     0
	demands of vertex 28 at time interval: 1     1     1     1     1
	demands of vertex 29 at time interval: 1     1     1     1     1
	demands of vertex 30 at time interval: 0     0     0     0     0
	demands of vertex 31 at time interval: 1     1     1     1     1
	demands of vertex 32 at time interval: 1     1     1     1     1
	demands of vertex 33 at time interval: 1     1     1     1     1
	demands of vertex 34 at time interval: 1     1     1     1     1
	demands of vertex 35 at time interval: 1     1     1     1     1
	demands of vertex 36 at time interval: 1     1     1     1     1
	demands of vertex 37 at time interval: 1     1     1     1     1
	demands of vertex 38 at time interval: 1     1     1     1     1
	demands of vertex 39 at time interval: 1     1     1     1     1
	demands of vertex 40 at time interval: 0     0     0     0     0
	demands of vertex 41 at time interval: 1     1     1     1     1

maximum time = 51555
alpha = 86

Selecting set of cyclical routes...

Selecting set of initial routes...

Creating initial set of candidate combinations...
Solving candidate combinations...

1/4 candidate combination(s) tested! (Thread 0)
Found new best - 2/4 candidate combination(s) tested! (Thread 0)
Found new best - 3/4 candidate combination(s) tested! (Thread 0)
4/4 candidate combination(s) tested! (Thread 0)

Removing trips...

Solving candidate combinations...

1/2 candidate combination(s) tested! (Thread 0)
2/2 candidate combination(s) tested! (Thread 0)

Relaxing trips, so the model can make changes...

>> Printing some results...
    -> Solution value = 46689 - 12:58:09
    -> Total time = 99.61

=============
Train 0
=============
> Trip 0
   2(time 0 - 00:00:00)(time 189 - 00:03:09) ->    3(time 268 - 00:04:28)(time 437 - 00:07:17) ->    4(time 516 - 00:08:36)(time 676 - 00:11:16) ->    5(time 747 - 00:12:27)(time 929 - 00:15:29) ->    6(time 1000 - 00:16:40)(time 1171 - 00:19:31) ->    7(time 1250 - 00:20:50)(time 1428 - 00:23:48) ->    8(time 1507 - 00:25:07)(time 1666 - 00:27:46) ->    9(time 1737 - 00:28:57)(time 1924 - 00:32:04) ->    10(time 2003 - 00:33:23)(time 2157 - 00:35:57) ->    11(time 2236 - 00:37:16)(time 2417 - 00:40:17) ->    12(time 2496 - 00:41:36)(time 2667 - 00:44:27) ->    13(time 2746 - 00:45:46)(time 2905 - 00:48:25) ->    14(time 2984 - 00:49:44)(time 3170 - 00:52:50) ->    15(time 3265 - 00:54:25)(time 3438 - 00:57:18) ->    16(time 3517 - 00:58:37)(time 3676 - 01:01:16) ->    17(time 3755 - 01:02:35)(time 3925 - 01:05:25) ->    18(time 4004 - 01:06:44)(time 4170 - 01:09:30) ->    19(time 4241 - 01:10:41)(time 4412 - 01:13:32) -> 20
> Trip 1
   41(time 5277 - 01:27:57)(time 5448 - 01:30:48) ->    40(time 5519 - 01:31:59)(time 5685 - 01:34:45) ->    39(time 5764 - 01:36:04)(time 5934 - 01:38:54) ->    38(time 6013 - 01:40:13)(time 6172 - 01:42:52) ->    37(time 6251 - 01:44:11)(time 6424 - 01:47:04) ->    36(time 6519 - 01:48:39)(time 6705 - 01:51:45) ->    35(time 6784 - 01:53:04)(time 6943 - 01:55:43) ->    34(time 7022 - 01:57:02)(time 7193 - 01:59:53) ->    33(time 7272 - 02:01:12)(time 7453 - 02:04:13) ->    32(time 7532 - 02:05:32)(time 7686 - 02:08:06) ->    31(time 7765 - 02:09:25)(time 7952 - 02:12:32) ->    30(time 8023 - 02:13:43)(time 8182 - 02:16:22) ->    29(time 8261 - 02:17:41)(time 8439 - 02:20:39) ->    28(time 8518 - 02:21:58)(time 8689 - 02:24:49) ->    27(time 8760 - 02:26:00)(time 8942 - 02:29:02) ->    26(time 9013 - 02:30:13)(time 9173 - 02:32:53) ->    25(time 9252 - 02:34:12)(time 9421 - 02:37:01) ->    24(time 9500 - 02:38:20)(time 9689 - 02:41:29) ->    23(time 9784 - 02:43:04)(time 9956 - 02:45:56) ->    22(time 10035 - 02:47:15)(time 10216 - 02:50:16) ->    21(time 10311 - 02:51:51)(time 10311 - 02:51:51) ->    0(time 10366 - 02:52:46)(time 10547 - 02:55:47) ->    1(time 11037 - 03:03:57)(time 11209 - 03:06:49) ->    2(time 11304 - 03:08:24)(time 11493 - 03:11:33) ->    3(time 11572 - 03:12:52)(time 11741 - 03:15:41) ->    4(time 11820 - 03:17:00)(time 11980 - 03:19:40) ->    5(time 12470 - 03:27:50)(time 12652 - 03:30:52) ->    6(time 12723 - 03:32:03)(time 12894 - 03:34:54) ->    7(time 12973 - 03:36:13)(time 13151 - 03:39:11) ->    8(time 13230 - 03:40:30)(time 13389 - 03:43:09) ->    9(time 13460 - 03:44:20)(time 13647 - 03:47:27) ->    10(time 13726 - 03:48:46)(time 13880 - 03:51:20) ->    11(time 13959 - 03:52:39)(time 14140 - 03:55:40) ->    12(time 14219 - 03:56:59)(time 14390 - 03:59:50) ->    13(time 14469 - 04:01:09)(time 14628 - 04:03:48) ->    14(time 14707 - 04:05:07)(time 14893 - 04:08:13) ->    15(time 14988 - 04:09:48)(time 15161 - 04:12:41) ->    16(time 15240 - 04:14:00)(time 15399 - 04:16:39) ->    17(time 15478 - 04:17:58)(time 15648 - 04:20:48) ->    18(time 15727 - 04:22:07)(time 15893 - 04:24:53) ->    19(time 15964 - 04:26:04)(time 16135 - 04:28:55) ->    20(time 16230 - 04:30:30)(time 16230 - 04:30:30) -> 41
> Trip 2
   41(time 35829 - 09:57:09)(time 36000 - 10:00:00) ->    40(time 36071 - 10:01:11)(time 36237 - 10:03:57) ->    39(time 36316 - 10:05:16)(time 36486 - 10:08:06) ->    38(time 36565 - 10:09:25)(time 36724 - 10:12:04) ->    37(time 36803 - 10:13:23)(time 36976 - 10:16:16) ->    36(time 37466 - 10:24:26)(time 37652 - 10:27:32) ->    35(time 37731 - 10:28:51)(time 37890 - 10:31:30) ->    34(time 37969 - 10:32:49)(time 38140 - 10:35:40) ->    33(time 38219 - 10:36:59)(time 38400 - 10:40:00) ->    32(time 38479 - 10:41:19)(time 38633 - 10:43:53) ->    31(time 38712 - 10:45:12)(time 38899 - 10:48:19) ->    30(time 38970 - 10:49:30)(time 39129 - 10:52:09) ->    29(time 39208 - 10:53:28)(time 39386 - 10:56:26) ->    28(time 39465 - 10:57:45)(time 39636 - 11:00:36) ->    27(time 39707 - 11:01:47)(time 39889 - 11:04:49) ->    26(time 39960 - 11:06:00)(time 40120 - 11:08:40) ->    25(time 40199 - 11:09:59)(time 40368 - 11:12:48) ->    24(time 40447 - 11:14:07)(time 40636 - 11:17:16) ->    23(time 40731 - 11:18:51)(time 40903 - 11:21:43) ->    22(time 40982 - 11:23:02)(time 41163 - 11:26:03) ->    21(time 41258 - 11:27:38)(time 41258 - 11:27:38) ->    0(time 41258 - 11:27:38)(time 41439 - 11:30:39) ->    1(time 41518 - 11:31:58)(time 41690 - 11:34:50) ->    2(time 41785 - 11:36:25)(time 41974 - 11:39:34) ->    3(time 42053 - 11:40:53)(time 42222 - 11:43:42) ->    4(time 42301 - 11:45:01)(time 42461 - 11:47:41) ->    5(time 42532 - 11:48:52)(time 42714 - 11:51:54) ->    6(time 42785 - 11:53:05)(time 42956 - 11:55:56) ->    7(time 43035 - 11:57:15)(time 43213 - 12:00:13) ->    8(time 43292 - 12:01:32)(time 43451 - 12:04:11) ->    9(time 43920 - 12:12:00)(time 44107 - 12:15:07) ->    10(time 44186 - 12:16:26)(time 44340 - 12:19:00) ->    11(time 44419 - 12:20:19)(time 44600 - 12:23:20) ->    12(time 44679 - 12:24:39)(time 44850 - 12:27:30) ->    13(time 44929 - 12:28:49)(time 45088 - 12:31:28) ->    14(time 45167 - 12:32:47)(time 45353 - 12:35:53) ->    15(time 45448 - 12:37:28)(time 45621 - 12:40:21) ->    16(time 45700 - 12:41:40)(time 45859 - 12:44:19) ->    17(time 45938 - 12:45:38)(time 46108 - 12:48:28) ->    18(time 46187 - 12:49:47)(time 46353 - 12:52:33) ->    19(time 46424 - 12:53:44)(time 46595 - 12:56:35) ->    20(time 46690 - 12:58:10)(time 46690 - 12:58:10) -> 41
=============
Train 1
=============
> Trip 0
   23(time 864 - 00:14:24)(time 1036 - 00:17:16) ->    22(time 1115 - 00:18:35)(time 1296 - 00:21:36) -> 21
> Trip 1
   0(time 20623 - 05:43:43)(time 20804 - 05:46:44) ->    1(time 20883 - 05:48:03)(time 21055 - 05:50:55) ->    2(time 21150 - 05:52:30)(time 21339 - 05:55:39) ->    3(time 21418 - 05:56:58)(time 21587 - 05:59:47) ->    4(time 21666 - 06:01:06)(time 21826 - 06:03:46) ->    5(time 21897 - 06:04:57)(time 22079 - 06:07:59) ->    6(time 22150 - 06:09:10)(time 22321 - 06:12:01) ->    7(time 22400 - 06:13:20)(time 22578 - 06:16:18) ->    8(time 22657 - 06:17:37)(time 22816 - 06:20:16) ->    9(time 22887 - 06:21:27)(time 23074 - 06:24:34) ->    10(time 23153 - 06:25:53)(time 23307 - 06:28:27) ->    11(time 23386 - 06:29:46)(time 23567 - 06:32:47) ->    12(time 23646 - 06:34:06)(time 23817 - 06:36:57) ->    13(time 23896 - 06:38:16)(time 24055 - 06:40:55) ->    14(time 24134 - 06:42:14)(time 24320 - 06:45:20) ->    15(time 24415 - 06:46:55)(time 24588 - 06:49:48) ->    16(time 24667 - 06:51:07)(time 24826 - 06:53:46) ->    17(time 24905 - 06:55:05)(time 25075 - 06:57:55) ->    18(time 25154 - 06:59:14)(time 25320 - 07:02:00) ->    19(time 25810 - 07:10:10)(time 25981 - 07:13:01) ->    20(time 26468 - 07:21:08)(time 26468 - 07:21:08) ->    41(time 26958 - 07:29:18)(time 27129 - 07:32:09) ->    40(time 27200 - 07:33:20)(time 27366 - 07:36:06) ->    39(time 27445 - 07:37:25)(time 27615 - 07:40:15) ->    38(time 27694 - 07:41:34)(time 27853 - 07:44:13) ->    37(time 27932 - 07:45:32)(time 28105 - 07:48:25) ->    36(time 28200 - 07:50:00)(time 28386 - 07:53:06) ->    35(time 28465 - 07:54:25)(time 28624 - 07:57:04) ->    34(time 28703 - 07:58:23)(time 28874 - 08:01:14) ->    33(time 28953 - 08:02:33)(time 29134 - 08:05:34) ->    32(time 29213 - 08:06:53)(time 29367 - 08:09:27) ->    31(time 29446 - 08:10:46)(time 29633 - 08:13:53) ->    30(time 29704 - 08:15:04)(time 29863 - 08:17:43) ->    29(time 29942 - 08:19:02)(time 30120 - 08:22:00) ->    28(time 30199 - 08:23:19)(time 30370 - 08:26:10) ->    27(time 30441 - 08:27:21)(time 30623 - 08:30:23) ->    26(time 30694 - 08:31:34)(time 30854 - 08:34:14) ->    25(time 30933 - 08:35:33)(time 31102 - 08:38:22) ->    24(time 31181 - 08:39:41)(time 31370 - 08:42:50) ->    23(time 31465 - 08:44:25)(time 31637 - 08:47:17) ->    22(time 31716 - 08:48:36)(time 31897 - 08:51:37) ->    21(time 31992 - 08:53:12)(time 31992 - 08:53:12) -> 0
> Trip 2
   0(time 31992 - 08:53:12)(time 32173 - 08:56:13) ->    1(time 32252 - 08:57:32)(time 32424 - 09:00:24) ->    2(time 32652 - 09:04:12)(time 32841 - 09:07:21) ->    3(time 32920 - 09:08:40)(time 33089 - 09:11:29) ->    4(time 33168 - 09:12:48)(time 33328 - 09:15:28) ->    5(time 33399 - 09:16:39)(time 33581 - 09:19:41) ->    6(time 33652 - 09:20:52)(time 33823 - 09:23:43) ->    7(time 34313 - 09:31:53)(time 34491 - 09:34:51) ->    8(time 34981 - 09:43:01)(time 35140 - 09:45:40) ->    9(time 35211 - 09:46:51)(time 35398 - 09:49:58) ->    10(time 35477 - 09:51:17)(time 35631 - 09:53:51) ->    11(time 36121 - 10:02:01)(time 36302 - 10:05:02) ->    12(time 36381 - 10:06:21)(time 36552 - 10:09:12) ->    13(time 36631 - 10:10:31)(time 36790 - 10:13:10) ->    14(time 37280 - 10:21:20)(time 37466 - 10:24:26) ->    15(time 37956 - 10:32:36)(time 38129 - 10:35:29) ->    16(time 38619 - 10:43:39)(time 38778 - 10:46:18) ->    17(time 39268 - 10:54:28)(time 39438 - 10:57:18) ->    18(time 39928 - 11:05:28)(time 40094 - 11:08:14) ->    19(time 40584 - 11:16:24)(time 40755 - 11:19:15) ->    20(time 41245 - 11:27:25)(time 41245 - 11:27:25) ->    41(time 41245 - 11:27:25)(time 41416 - 11:30:16) ->    40(time 41487 - 11:31:27)(time 41653 - 11:34:13) ->    39(time 41732 - 11:35:32)(time 41902 - 11:38:22) ->    38(time 41981 - 11:39:41)(time 42140 - 11:42:20) ->    37(time 42219 - 11:43:39)(time 42392 - 11:46:32) ->    36(time 42487 - 11:48:07)(time 42673 - 11:51:13) ->    35(time 42752 - 11:52:32)(time 42911 - 11:55:11) ->    34(time 42990 - 11:56:30)(time 43161 - 11:59:21) ->    33(time 43240 - 12:00:40)(time 43421 - 12:03:41) ->    32(time 43500 - 12:05:00)(time 43654 - 12:07:34) ->    31(time 43733 - 12:08:53)(time 43920 - 12:12:00) ->    30(time 43991 - 12:13:11)(time 44150 - 12:15:50) ->    29(time 44229 - 12:17:09)(time 44407 - 12:20:07) ->    28(time 44486 - 12:21:26)(time 44657 - 12:24:17) ->    27(time 44728 - 12:25:28)(time 44910 - 12:28:30) ->    26(time 44981 - 12:29:41)(time 45141 - 12:32:21) ->    25(time 45220 - 12:33:40)(time 45389 - 12:36:29) ->    24(time 45468 - 12:37:48)(time 45657 - 12:40:57) ->    23(time 45752 - 12:42:32)(time 45924 - 12:45:24) ->    22(time 46003 - 12:46:43)(time 46184 - 12:49:44) ->    21(time 46279 - 12:51:19)(time 46279 - 12:51:19) -> 0
=============
Train 2
=============
> Trip 0
   23(time 0 - 00:00:00)(time 172 - 00:02:52) ->    22(time 251 - 00:04:11)(time 432 - 00:07:12) -> 21
> Trip 1
   0(time 432 - 00:07:12)(time 613 - 00:10:13) ->    1(time 692 - 00:11:32)(time 864 - 00:14:24) ->    2(time 959 - 00:15:59)(time 1148 - 00:19:08) ->    3(time 1227 - 00:20:27)(time 1396 - 00:23:16) ->    4(time 1475 - 00:24:35)(time 1635 - 00:27:15) ->    5(time 1706 - 00:28:26)(time 1888 - 00:31:28) ->    6(time 1959 - 00:32:39)(time 2130 - 00:35:30) ->    7(time 2209 - 00:36:49)(time 2387 - 00:39:47) ->    8(time 2466 - 00:41:06)(time 2625 - 00:43:45) ->    9(time 2696 - 00:44:56)(time 2883 - 00:48:03) ->    10(time 2962 - 00:49:22)(time 3116 - 00:51:56) ->    11(time 3195 - 00:53:15)(time 3376 - 00:56:16) ->    12(time 3455 - 00:57:35)(time 3626 - 01:00:26) ->    13(time 3705 - 01:01:45)(time 3864 - 01:04:24) ->    14(time 3943 - 01:05:43)(time 4129 - 01:08:49) ->    15(time 4224 - 01:10:24)(time 4397 - 01:13:17) ->    16(time 4476 - 01:14:36)(time 4635 - 01:17:15) ->    17(time 4714 - 01:18:34)(time 4884 - 01:21:24) ->    18(time 5353 - 01:29:13)(time 5519 - 01:31:59) ->    19(time 6009 - 01:40:09)(time 6180 - 01:43:00) ->    20(time 6670 - 01:51:10)(time 6670 - 01:51:10) ->    41(time 7160 - 01:59:20)(time 7331 - 02:02:11) ->    40(time 7821 - 02:10:21)(time 7987 - 02:13:07) ->    39(time 8477 - 02:21:17)(time 8647 - 02:24:07) ->    38(time 9137 - 02:32:17)(time 9296 - 02:34:56) ->    37(time 9375 - 02:36:15)(time 9548 - 02:39:08) ->    36(time 9643 - 02:40:43)(time 9829 - 02:43:49) ->    35(time 10312 - 02:51:52)(time 10471 - 02:54:31) ->    34(time 10550 - 02:55:50)(time 10721 - 02:58:41) ->    33(time 10800 - 03:00:00)(time 10981 - 03:03:01) ->    32(time 11060 - 03:04:20)(time 11214 - 03:06:54) ->    31(time 11293 - 03:08:13)(time 11480 - 03:11:20) ->    30(time 11551 - 03:12:31)(time 11710 - 03:15:10) ->    29(time 11789 - 03:16:29)(time 11967 - 03:19:27) ->    28(time 12046 - 03:20:46)(time 12217 - 03:23:37) ->    27(time 12288 - 03:24:48)(time 12470 - 03:27:50) ->    26(time 12541 - 03:29:01)(time 12701 - 03:31:41) ->    25(time 12780 - 03:33:00)(time 12949 - 03:35:49) ->    24(time 13028 - 03:37:08)(time 13217 - 03:40:17) ->    23(time 13312 - 03:41:52)(time 13484 - 03:44:44) ->    22(time 13563 - 03:46:03)(time 13744 - 03:49:04) ->    21(time 13839 - 03:50:39)(time 13839 - 03:50:39) -> 0
> Trip 2
   0(time 14346 - 03:59:06)(time 14527 - 04:02:07) ->    1(time 14606 - 04:03:26)(time 14778 - 04:06:18) ->    2(time 14873 - 04:07:53)(time 15062 - 04:11:02) ->    3(time 15141 - 04:12:21)(time 15310 - 04:15:10) ->    4(time 15389 - 04:16:29)(time 15549 - 04:19:09) ->    5(time 15620 - 04:20:20)(time 15802 - 04:23:22) ->    6(time 15873 - 04:24:33)(time 16044 - 04:27:24) ->    7(time 16123 - 04:28:43)(time 16301 - 04:31:41) ->    8(time 16380 - 04:33:00)(time 16539 - 04:35:39) ->    9(time 16610 - 04:36:50)(time 16797 - 04:39:57) ->    10(time 16876 - 04:41:16)(time 17030 - 04:43:50) ->    11(time 17109 - 04:45:09)(time 17290 - 04:48:10) ->    12(time 17369 - 04:49:29)(time 17540 - 04:52:20) ->    13(time 17619 - 04:53:39)(time 17778 - 04:56:18) ->    14(time 17857 - 04:57:37)(time 18043 - 05:00:43) ->    15(time 18138 - 05:02:18)(time 18311 - 05:05:11) ->    16(time 18390 - 05:06:30)(time 18549 - 05:09:09) ->    17(time 18628 - 05:10:28)(time 18798 - 05:13:18) ->    18(time 18877 - 05:14:37)(time 19043 - 05:17:23) ->    19(time 19114 - 05:18:34)(time 19285 - 05:21:25) ->    20(time 19380 - 05:23:00)(time 19380 - 05:23:00) ->    41(time 19380 - 05:23:00)(time 19551 - 05:25:51) ->    40(time 19622 - 05:27:02)(time 19788 - 05:29:48) ->    39(time 19867 - 05:31:07)(time 20037 - 05:33:57) ->    38(time 20116 - 05:35:16)(time 20275 - 05:37:55) ->    37(time 20354 - 05:39:14)(time 20527 - 05:42:07) ->    36(time 20622 - 05:43:42)(time 20808 - 05:46:48) ->    35(time 21166 - 05:52:46)(time 21325 - 05:55:25) ->    34(time 21404 - 05:56:44)(time 21575 - 05:59:35) ->    33(time 22065 - 06:07:45)(time 22246 - 06:10:46) ->    32(time 22325 - 06:12:05)(time 22479 - 06:14:39) ->    31(time 22558 - 06:15:58)(time 22745 - 06:19:05) ->    30(time 22816 - 06:20:16)(time 22975 - 06:22:55) ->    29(time 23054 - 06:24:14)(time 23232 - 06:27:12) ->    28(time 23311 - 06:28:31)(time 23482 - 06:31:22) ->    27(time 23553 - 06:32:33)(time 23735 - 06:35:35) ->    26(time 23806 - 06:36:46)(time 23966 - 06:39:26) ->    25(time 24045 - 06:40:45)(time 24214 - 06:43:34) ->    24(time 24293 - 06:44:53)(time 24482 - 06:48:02) ->    23(time 24577 - 06:49:37)(time 24749 - 06:52:29) ->    22(time 24828 - 06:53:48)(time 25009 - 06:56:49) ->    21(time 25104 - 06:58:24)(time 25104 - 06:58:24) -> 0
