t3p22r6h1.txt:
   > Trying to open the instance file...
   > Reading number of trains...
   > Reading maximum number of trips per train...
   > Reading time intervals...
   > Reading number of points...
   > Reading stations...
   > Reading crossings...
   > Reading depots...
   > Reading initial point...
   > Reading routes...
   > Reading distance and distance and service...
   > Reading demands...
   > Reading maximum time...
   > Reading alpha...

--------------------------------
 Printing instance
--------------------------------
number of trains = 3
	max trips per trains: 3     3     3
number of intervals = 1
	(0,  35586)
number of points = 22
	initial point: 21
	stations: 0     1     2     3     4     5     6     9    10    11    13    14    15    17    18    19    20    21
	crossings: 0     7     8    11    12    16    18    20    21
	depots: 0    11    21
number of vertices = 44
	total vertices: 0     1     2     3     4     5     6     7     8     9    10    11    12    13    14    15    16    17    18    19    20    21    22    23    24    25    26    27    28    29    30    31    32    33    34    35    36    37    38    39    40    41    42    43
	upper vertices: 0     1     2     3     4     5     6     7     8     9    10    11    12    13    14    15    16    17    18    19    20    21
	lower vertices: 22    23    24    25    26    27    28    29    30    31    32    33    34    35    36    37    38    39    40    41    42    43
	vertices of point #0: (0, 22)
	vertices of point #1: (1, 23)
	vertices of point #2: (2, 24)
	vertices of point #3: (3, 25)
	vertices of point #4: (4, 26)
	vertices of point #5: (5, 27)
	vertices of point #6: (6, 28)
	vertices of point #7: (7, 29)
	vertices of point #8: (8, 30)
	vertices of point #9: (9, 31)
	vertices of point #10: (10, 32)
	vertices of point #11: (11, 33)
	vertices of point #12: (12, 34)
	vertices of point #13: (13, 35)
	vertices of point #14: (14, 36)
	vertices of point #15: (15, 37)
	vertices of point #16: (16, 38)
	vertices of point #17: (17, 39)
	vertices of point #18: (18, 40)
	vertices of point #19: (19, 41)
	vertices of point #20: (20, 42)
	vertices of point #21: (21, 43)

arcs...
	total arcs: 
		arc #0: (0, 1)
		arc #1: (0, 22)
		arc #2: (22, 0)
		arc #3: (1, 2)
		arc #4: (23, 22)
		arc #5: (2, 3)
		arc #6: (24, 23)
		arc #7: (3, 4)
		arc #8: (25, 24)
		arc #9: (4, 5)
		arc #10: (26, 25)
		arc #11: (5, 6)
		arc #12: (27, 26)
		arc #13: (6, 7)
		arc #14: (28, 27)
		arc #15: (7, 8)
		arc #16: (29, 28)
		arc #17: (8, 9)
		arc #18: (30, 29)
		arc #19: (9, 10)
		arc #20: (31, 30)
		arc #21: (10, 11)
		arc #22: (32, 31)
		arc #23: (11, 12)
		arc #24: (33, 32)
		arc #25: (11, 33)
		arc #26: (33, 11)
		arc #27: (12, 13)
		arc #28: (34, 33)
		arc #29: (13, 14)
		arc #30: (35, 34)
		arc #31: (14, 15)
		arc #32: (36, 35)
		arc #33: (15, 16)
		arc #34: (37, 36)
		arc #35: (16, 17)
		arc #36: (38, 37)
		arc #37: (17, 18)
		arc #38: (39, 38)
		arc #39: (18, 19)
		arc #40: (40, 39)
		arc #41: (19, 20)
		arc #42: (41, 40)
		arc #43: (20, 21)
		arc #44: (42, 41)
		arc #45: (43, 42)
		arc #46: (21, 43)
		arc #47: (43, 21)

	reverse arcs: 
		arc #1: (0, 22)
		arc #2: (22, 0)
		arc #25: (11, 33)
		arc #26: (33, 11)
		arc #46: (21, 43)
		arc #47: (43, 21)


incompatible points...
	(0, 6, 29, (6, 7))	(29, 23, 0, (23, 22))	(7, 7, 30, (7, 8))	(30, 30, 7, (30, 29))	(8, 10, 33, (10, 11))	(33, 31, 8, (31, 30))	(11, 11, 34, (11, 12))	(34, 34, 11, (34, 33))	(12, 15, 38, (15, 16))	(38, 35, 12, (35, 34))	(16, 17, 40, (17, 18))	(40, 39, 16, (39, 38))	(18, 19, 42, (19, 20))	(42, 41, 18, (41, 40))	(20, 20, 43, (20, 21))	(43, 43, 20, (43, 42))

number of routes = 6
vertices of routes...
	route #0: 0     1     2     3     4     5     6     7     8     9    10    11    12    13    14    15    16    17    18    19    20    21    43    42    41    40    39    38    37    36    35    34    33    32    31    30    29    28    27    26    25    24    23    22     0
	route #1: 43    42    41    40    39    38    37    36    35    34    33    32    31    30    29    28    27    26    25    24    23    22     0     1     2     3     4     5     6     7     8     9    10    11    12    13    14    15    16    17    18    19    20    21    43
	route #2: 11    12    13    14    15    16    17    18    19    20    21
	route #3: 33    32    31    30    29    28    27    26    25    24    23    22
	route #4: 0     1     2     3     4     5     6     7     8     9    10    11
	route #5: 43    42    41    40    39    38    37    36    35    34    33
arcs of routes...
	route #0: 0     3     5     7     9    11    13    15    17    19    21    23    27    29    31    33    35    37    39    41    43    46    45    44    42    40    38    36    34    32    30    28    24    22    20    18    16    14    12    10     8     6     4     2
	route #1: 45    44    42    40    38    36    34    32    30    28    24    22    20    18    16    14    12    10     8     6     4     2     0     3     5     7     9    11    13    15    17    19    21    23    27    29    31    33    35    37    39    41    43    46
	route #2: 23    27    29    31    33    35    37    39    41    43
	route #3: 24    22    20    18    16    14    12    10     8     6     4
	route #4: 0     3     5     7     9    11    13    15    17    19    21
	route #5: 45    44    42    40    38    36    34    32    30    28

incompatible routes...
	(0, 1)    	(0, 2)    	(0, 3)    	(0, 5)    	(1, 0)    	(1, 2)    	(1, 3)    	(1, 4)    	(2, 0)    	(2, 2)    	(2, 3)    	(2, 4)    	(3, 1)    	(3, 2)    	(3, 3)    	(3, 5)    	(4, 0)    	(4, 1)    	(4, 4)    	(4, 5)    	(5, 0)    	(5, 1)    	(5, 4)    	(5, 5)

vertices that can be adjacent in consecutive trips...
	(0, 0)    	(11, 11)    	(11, 33)    	(21, 43)    	(22, 0)    	(33, 11)    	(33, 33)    	(43, 43)
non cyclical routes: 
       2       3       4       5

routes of trip...
	routes that train #0 can complete at trip #0: 1       5
	routes that train #0 can complete at trip #1: 0       1       2       3       4       5
	routes that train #0 can complete at trip #2: 0       1       2       3       4       5

	routes that train #1 can complete at trip #0: 1       5
	routes that train #1 can complete at trip #1: 0       1       2       3       4       5
	routes that train #1 can complete at trip #2: 0       1       2       3       4       5

	routes that train #2 can complete at trip #0: 1       5
	routes that train #2 can complete at trip #1: 0       1       2       3       4       5
	routes that train #2 can complete at trip #2: 0       1       2       3       4       5

 cost...
	arc #0 [0][1]: 118
	arc #1 [0][22]: 0
	arc #2 [22][0]: 0
	arc #3 [1][2]: 113
	arc #4 [23][22]: 118
	arc #5 [2][3]: 109
	arc #6 [24][23]: 113
	arc #7 [3][4]: 125
	arc #8 [25][24]: 109
	arc #9 [4][5]: 114
	arc #10 [26][25]: 125
	arc #11 [5][6]: 104
	arc #12 [27][26]: 114
	arc #13 [6][7]: 111
	arc #14 [28][27]: 104
	arc #15 [7][8]: 127
	arc #16 [29][28]: 111
	arc #17 [8][9]: 109
	arc #18 [30][29]: 127
	arc #19 [9][10]: 107
	arc #20 [31][30]: 109
	arc #21 [10][11]: 108
	arc #22 [32][31]: 107
	arc #23 [11][12]: 116
	arc #24 [33][32]: 108
	arc #25 [11][33]: 0
	arc #26 [33][11]: 0
	arc #27 [12][13]: 112
	arc #28 [34][33]: 116
	arc #29 [13][14]: 109
	arc #30 [35][34]: 112
	arc #31 [14][15]: 112
	arc #32 [36][35]: 109
	arc #33 [15][16]: 121
	arc #34 [37][36]: 112
	arc #35 [16][17]: 110
	arc #36 [38][37]: 121
	arc #37 [17][18]: 117
	arc #38 [39][38]: 110
	arc #39 [18][19]: 123
	arc #40 [40][39]: 117
	arc #41 [19][20]: 116
	arc #42 [41][40]: 123
	arc #43 [20][21]: 126
	arc #44 [42][41]: 116
	arc #45 [43][42]: 126
	arc #46 [21][43]: 0
	arc #47 [43][21]: 0

cost with minimum service...
	arc #0 [0][1]: 206
	arc #1 [0][22]: 0
	arc #2 [22][0]: 0
	arc #3 [1][2]: 201
	arc #4 [23][22]: 246
	arc #5 [2][3]: 197
	arc #6 [24][23]: 201
	arc #7 [3][4]: 213
	arc #8 [25][24]: 197
	arc #9 [4][5]: 202
	arc #10 [26][25]: 213
	arc #11 [5][6]: 192
	arc #12 [27][26]: 202
	arc #13 [6][7]: 172
	arc #14 [28][27]: 192
	arc #15 [7][8]: 188
	arc #16 [29][28]: 199
	arc #17 [8][9]: 197
	arc #18 [30][29]: 188
	arc #19 [9][10]: 195
	arc #20 [31][30]: 170
	arc #21 [10][11]: 236
	arc #22 [32][31]: 195
	arc #23 [11][12]: 177
	arc #24 [33][32]: 196
	arc #25 [11][33]: 0
	arc #26 [33][11]: 0
	arc #27 [12][13]: 200
	arc #28 [34][33]: 244
	arc #29 [13][14]: 197
	arc #30 [35][34]: 173
	arc #31 [14][15]: 200
	arc #32 [36][35]: 197
	arc #33 [15][16]: 182
	arc #34 [37][36]: 200
	arc #35 [16][17]: 198
	arc #36 [38][37]: 209
	arc #37 [17][18]: 205
	arc #38 [39][38]: 171
	arc #39 [18][19]: 211
	arc #40 [40][39]: 205
	arc #41 [19][20]: 204
	arc #42 [41][40]: 211
	arc #43 [20][21]: 254
	arc #44 [42][41]: 204
	arc #45 [43][42]: 214
	arc #46 [21][43]: 0
	arc #47 [43][21]: 0

cost with maximum service...
	arc #0 [0][1]: 582
	arc #1 [0][22]: 464
	arc #2 [22][0]: 464
	arc #3 [1][2]: 577
	arc #4 [23][22]: 582
	arc #5 [2][3]: 573
	arc #6 [24][23]: 577
	arc #7 [3][4]: 589
	arc #8 [25][24]: 573
	arc #9 [4][5]: 578
	arc #10 [26][25]: 589
	arc #11 [5][6]: 568
	arc #12 [27][26]: 578
	arc #13 [6][7]: 575
	arc #14 [28][27]: 568
	arc #15 [7][8]: 591
	arc #16 [29][28]: 575
	arc #17 [8][9]: 573
	arc #18 [30][29]: 591
	arc #19 [9][10]: 571
	arc #20 [31][30]: 573
	arc #21 [10][11]: 572
	arc #22 [32][31]: 571
	arc #23 [11][12]: 580
	arc #24 [33][32]: 572
	arc #25 [11][33]: 464
	arc #26 [33][11]: 464
	arc #27 [12][13]: 576
	arc #28 [34][33]: 580
	arc #29 [13][14]: 573
	arc #30 [35][34]: 576
	arc #31 [14][15]: 576
	arc #32 [36][35]: 573
	arc #33 [15][16]: 585
	arc #34 [37][36]: 576
	arc #35 [16][17]: 574
	arc #36 [38][37]: 585
	arc #37 [17][18]: 581
	arc #38 [39][38]: 574
	arc #39 [18][19]: 587
	arc #40 [40][39]: 581
	arc #41 [19][20]: 580
	arc #42 [41][40]: 587
	arc #43 [20][21]: 590
	arc #44 [42][41]: 580
	arc #45 [43][42]: 590
	arc #46 [21][43]: 464
	arc #47 [43][21]: 464

demands...
	demands of vertex 0 at time interval: 7
	demands of vertex 1 at time interval: 7
	demands of vertex 2 at time interval: 7
	demands of vertex 3 at time interval: 7
	demands of vertex 4 at time interval: 7
	demands of vertex 5 at time interval: 7
	demands of vertex 6 at time interval: 7
	demands of vertex 7 at time interval: 0
	demands of vertex 8 at time interval: 0
	demands of vertex 9 at time interval: 7
	demands of vertex 10 at time interval: 7
	demands of vertex 11 at time interval: 7
	demands of vertex 12 at time interval: 0
	demands of vertex 13 at time interval: 7
	demands of vertex 14 at time interval: 7
	demands of vertex 15 at time interval: 7
	demands of vertex 16 at time interval: 0
	demands of vertex 17 at time interval: 7
	demands of vertex 18 at time interval: 7
	demands of vertex 19 at time interval: 7
	demands of vertex 20 at time interval: 7
	demands of vertex 21 at time interval: 0
	demands of vertex 22 at time interval: 0
	demands of vertex 23 at time interval: 7
	demands of vertex 24 at time interval: 7
	demands of vertex 25 at time interval: 7
	demands of vertex 26 at time interval: 7
	demands of vertex 27 at time interval: 7
	demands of vertex 28 at time interval: 7
	demands of vertex 29 at time interval: 0
	demands of vertex 30 at time interval: 0
	demands of vertex 31 at time interval: 7
	demands of vertex 32 at time interval: 7
	demands of vertex 33 at time interval: 7
	demands of vertex 34 at time interval: 0
	demands of vertex 35 at time interval: 7
	demands of vertex 36 at time interval: 7
	demands of vertex 37 at time interval: 7
	demands of vertex 38 at time interval: 0
	demands of vertex 39 at time interval: 7
	demands of vertex 40 at time interval: 7
	demands of vertex 41 at time interval: 7
	demands of vertex 42 at time interval: 7
	demands of vertex 43 at time interval: 7

maximum time = 35586
alpha = 78

Selecting set of cyclical routes...

Selecting set of initial routes...

Creating initial set of candidate combinations...
Solving candidate combinations...

Found new best - 1/1 candidate combination(s) tested! (Thread 0)

Removing trips...

Solving candidate combinations...

1/2 candidate combination(s) tested! (Thread 0)
2/2 candidate combination(s) tested! (Thread 0)

Relaxing trips, so the model can make changes...

>> Printing some results...
    -> Solution value = 17667 - 04:54:27
    -> Total time = 468.97

=============
Train 0
=============
> Trip 0
   43(time 176 - 00:02:56)(time 302 - 00:05:02) ->    42(time 390 - 00:06:30)(time 506 - 00:08:26) ->    41(time 674 - 00:11:14)(time 797 - 00:13:17) ->    40(time 885 - 00:14:45)(time 1002 - 00:16:42) ->    39(time 1090 - 00:18:10)(time 1200 - 00:20:00) ->    38(time 1261 - 00:21:01)(time 1382 - 00:23:02) ->    37(time 1470 - 00:24:30)(time 1582 - 00:26:22) ->    36(time 1670 - 00:27:50)(time 1779 - 00:29:39) ->    35(time 1867 - 00:31:07)(time 1979 - 00:32:59) ->    34(time 2040 - 00:34:00)(time 2156 - 00:35:56) ->    33(time 2284 - 00:38:04)(time 2392 - 00:39:52) ->    32(time 2480 - 00:41:20)(time 2587 - 00:43:07) ->    31(time 2675 - 00:44:35)(time 2784 - 00:46:24) ->    30(time 2845 - 00:47:25)(time 2972 - 00:49:32) ->    29(time 3033 - 00:50:33)(time 3144 - 00:52:24) ->    28(time 3232 - 00:53:52)(time 3336 - 00:55:36) ->    27(time 3424 - 00:57:04)(time 3538 - 00:58:58) ->    26(time 3626 - 01:00:26)(time 3751 - 01:02:31) ->    25(time 3839 - 01:03:59)(time 3948 - 01:05:48) ->    24(time 4036 - 01:07:16)(time 4149 - 01:09:09) ->    23(time 4237 - 01:10:37)(time 4355 - 01:12:35) ->    22(time 4483 - 01:14:43)(time 4483 - 01:14:43) ->    0(time 4571 - 01:16:11)(time 4689 - 01:18:09) ->    1(time 4777 - 01:19:37)(time 4890 - 01:21:30) ->    2(time 4978 - 01:22:58)(time 5087 - 01:24:47) ->    3(time 5175 - 01:26:15)(time 5300 - 01:28:20) ->    4(time 5388 - 01:29:48)(time 5502 - 01:31:42) ->    5(time 5590 - 01:33:10)(time 5694 - 01:34:54) ->    6(time 5782 - 01:36:22)(time 5893 - 01:38:13) ->    7(time 5954 - 01:39:14)(time 6081 - 01:41:21) ->    8(time 6142 - 01:42:22)(time 6251 - 01:44:11) ->    9(time 6339 - 01:45:39)(time 6446 - 01:47:26) ->    10(time 6574 - 01:49:34)(time 6682 - 01:51:22) ->    11(time 6810 - 01:53:30)(time 6926 - 01:55:26) ->    12(time 6987 - 01:56:27)(time 7099 - 01:58:19) ->    13(time 7187 - 01:59:47)(time 7296 - 02:01:36) ->    14(time 7384 - 02:03:04)(time 7496 - 02:04:56) ->    15(time 7584 - 02:06:24)(time 7705 - 02:08:25) ->    16(time 7766 - 02:09:26)(time 7876 - 02:11:16) ->    17(time 7964 - 02:12:44)(time 8081 - 02:14:41) ->    18(time 8169 - 02:16:09)(time 8292 - 02:18:12) ->    19(time 8380 - 02:19:40)(time 8496 - 02:21:36) ->    20(time 8708 - 02:25:08)(time 8834 - 02:27:14) ->    21(time 8962 - 02:29:22)(time 8962 - 02:29:22) -> 43
> Trip 1
   43(time 8962 - 02:29:22)(time 9088 - 02:31:28) ->    42(time 9176 - 02:32:56)(time 9292 - 02:34:52) ->    41(time 9380 - 02:36:20)(time 9503 - 02:38:23) ->    40(time 9591 - 02:39:51)(time 9708 - 02:41:48) ->    39(time 9796 - 02:43:16)(time 9906 - 02:45:06) ->    38(time 9967 - 02:46:07)(time 10088 - 02:48:08) ->    37(time 10176 - 02:49:36)(time 10288 - 02:51:28) ->    36(time 10376 - 02:52:56)(time 10485 - 02:54:45) ->    35(time 10573 - 02:56:13)(time 10685 - 02:58:05) ->    34(time 10746 - 02:59:06)(time 10862 - 03:01:02) ->    33(time 10990 - 03:03:10)(time 11098 - 03:04:58) ->    32(time 11186 - 03:06:26)(time 11293 - 03:08:13) ->    31(time 11381 - 03:09:41)(time 11490 - 03:11:30) ->    30(time 11551 - 03:12:31)(time 11678 - 03:14:38) ->    29(time 11739 - 03:15:39)(time 11850 - 03:17:30) ->    28(time 11938 - 03:18:58)(time 12042 - 03:20:42) ->    27(time 12130 - 03:22:10)(time 12244 - 03:24:04) ->    26(time 12332 - 03:25:32)(time 12457 - 03:27:37) ->    25(time 12545 - 03:29:05)(time 12654 - 03:30:54) ->    24(time 12742 - 03:32:22)(time 12855 - 03:34:15) ->    23(time 12943 - 03:35:43)(time 13061 - 03:37:41) ->    22(time 13277 - 03:41:17)(time 13277 - 03:41:17) ->    0(time 13277 - 03:41:17)(time 13395 - 03:43:15) ->    1(time 13483 - 03:44:43)(time 13596 - 03:46:36) ->    2(time 13684 - 03:48:04)(time 13793 - 03:49:53) ->    3(time 13881 - 03:51:21)(time 14006 - 03:53:26) ->    4(time 14094 - 03:54:54)(time 14208 - 03:56:48) ->    5(time 14296 - 03:58:16)(time 14400 - 04:00:00) ->    6(time 14488 - 04:01:28)(time 14599 - 04:03:19) ->    7(time 14660 - 04:04:20)(time 14787 - 04:06:27) ->    8(time 14848 - 04:07:28)(time 14957 - 04:09:17) ->    9(time 15209 - 04:13:29)(time 15316 - 04:15:16) ->    10(time 15404 - 04:16:44)(time 15512 - 04:18:32) ->    11(time 15640 - 04:20:40)(time 15756 - 04:22:36) ->    12(time 15817 - 04:23:37)(time 15929 - 04:25:29) ->    13(time 16017 - 04:26:57)(time 16126 - 04:28:46) ->    14(time 16214 - 04:30:14)(time 16326 - 04:32:06) ->    15(time 16414 - 04:33:34)(time 16535 - 04:35:35) ->    16(time 16596 - 04:36:36)(time 16706 - 04:38:26) ->    17(time 16794 - 04:39:54)(time 16911 - 04:41:51) ->    18(time 16999 - 04:43:19)(time 17122 - 04:45:22) ->    19(time 17210 - 04:46:50)(time 17326 - 04:48:46) ->    20(time 17414 - 04:50:14)(time 17540 - 04:52:20) ->    21(time 17668 - 04:54:28)(time 17668 - 04:54:28) -> 43
> Trip 2
   43(time 17668 - 04:54:28)(time 17794 - 04:56:34) ->    42(time 17882 - 04:58:02)(time 17998 - 04:59:58) ->    41(time 18086 - 05:01:26)(time 18209 - 05:03:29) ->    40(time 18297 - 05:04:57)(time 18414 - 05:06:54) ->    39(time 18502 - 05:08:22)(time 18612 - 05:10:12) ->    38(time 18673 - 05:11:13)(time 18794 - 05:13:14) ->    37(time 18882 - 05:14:42)(time 18994 - 05:16:34) ->    36(time 19082 - 05:18:02)(time 19191 - 05:19:51) ->    35(time 19279 - 05:21:19)(time 19391 - 05:23:11) ->    34(time 19452 - 05:24:12)(time 19568 - 05:26:08) ->    33(time 19696 - 05:28:16)(time 19804 - 05:30:04) ->    32(time 19892 - 05:31:32)(time 19999 - 05:33:19) ->    31(time 20087 - 05:34:47)(time 20196 - 05:36:36) ->    30(time 20257 - 05:37:37)(time 20384 - 05:39:44) ->    29(time 20445 - 05:40:45)(time 20556 - 05:42:36) ->    28(time 20644 - 05:44:04)(time 20748 - 05:45:48) ->    27(time 20836 - 05:47:16)(time 20950 - 05:49:10) ->    26(time 21038 - 05:50:38)(time 21163 - 05:52:43) ->    25(time 21251 - 05:54:11)(time 21360 - 05:56:00) ->    24(time 21448 - 05:57:28)(time 21561 - 05:59:21) ->    23(time 21649 - 06:00:49)(time 21767 - 06:02:47) ->    22(time 21895 - 06:04:55)(time 21895 - 06:04:55) ->    0(time 22023 - 06:07:03)(time 22141 - 06:09:01) ->    1(time 22229 - 06:10:29)(time 22342 - 06:12:22) ->    2(time 22430 - 06:13:50)(time 22539 - 06:15:39) ->    3(time 22627 - 06:17:07)(time 22752 - 06:19:12) ->    4(time 22840 - 06:20:40)(time 22954 - 06:22:34) ->    5(time 23042 - 06:24:02)(time 23146 - 06:25:46) ->    6(time 23234 - 06:27:14)(time 23345 - 06:29:05) ->    7(time 23406 - 06:30:06)(time 23533 - 06:32:13) ->    8(time 23594 - 06:33:14)(time 23703 - 06:35:03) ->    9(time 23791 - 06:36:31)(time 23898 - 06:38:18) ->    10(time 23986 - 06:39:46)(time 24094 - 06:41:34) ->    11(time 24222 - 06:43:42)(time 24338 - 06:45:38) ->    12(time 24399 - 06:46:39)(time 24511 - 06:48:31) ->    13(time 24599 - 06:49:59)(time 24708 - 06:51:48) ->    14(time 24796 - 06:53:16)(time 24908 - 06:55:08) ->    15(time 24996 - 06:56:36)(time 25117 - 06:58:37) ->    16(time 25178 - 06:59:38)(time 25288 - 07:01:28) ->    17(time 25376 - 07:02:56)(time 25493 - 07:04:53) ->    18(time 25581 - 07:06:21)(time 25704 - 07:08:24) ->    19(time 25792 - 07:09:52)(time 25908 - 07:11:48) ->    20(time 25996 - 07:13:16)(time 26122 - 07:15:22) ->    21(time 26250 - 07:17:30)(time 26250 - 07:17:30) -> 43
=============
Train 1
=============
> Trip 0
   43(time 88 - 00:01:28)(time 214 - 00:03:34) ->    42(time 302 - 00:05:02)(time 418 - 00:06:58) ->    41(time 506 - 00:08:26)(time 629 - 00:10:29) ->    40(time 717 - 00:11:57)(time 834 - 00:13:54) ->    39(time 922 - 00:15:22)(time 1032 - 00:17:12) ->    38(time 1093 - 00:18:13)(time 1214 - 00:20:14) ->    37(time 1302 - 00:21:42)(time 1414 - 00:23:34) ->    36(time 1502 - 00:25:02)(time 1611 - 00:26:51) ->    35(time 1699 - 00:28:19)(time 1811 - 00:30:11) ->    34(time 1912 - 00:31:52)(time 2028 - 00:33:48) ->    33(time 2156 - 00:35:56)(time 2264 - 00:37:44) ->    32(time 2352 - 00:39:12)(time 2459 - 00:40:59) ->    31(time 2547 - 00:42:27)(time 2656 - 00:44:16) ->    30(time 2717 - 00:45:17)(time 2844 - 00:47:24) ->    29(time 2905 - 00:48:25)(time 3016 - 00:50:16) ->    28(time 3104 - 00:51:44)(time 3208 - 00:53:28) ->    27(time 3296 - 00:54:56)(time 3410 - 00:56:50) ->    26(time 3498 - 00:58:18)(time 3623 - 01:00:23) ->    25(time 3711 - 01:01:51)(time 3820 - 01:03:40) ->    24(time 3908 - 01:05:08)(time 4021 - 01:07:01) ->    23(time 4109 - 01:08:29)(time 4227 - 01:10:27) ->    22(time 4355 - 01:12:35)(time 4355 - 01:12:35) ->    0(time 4443 - 01:14:03)(time 4561 - 01:16:01) ->    1(time 4689 - 01:18:09)(time 4802 - 01:20:02) ->    2(time 4890 - 01:21:30)(time 4999 - 01:23:19) ->    3(time 5087 - 01:24:47)(time 5212 - 01:26:52) ->    4(time 5300 - 01:28:20)(time 5414 - 01:30:14) ->    5(time 5502 - 01:31:42)(time 5606 - 01:33:26) ->    6(time 5694 - 01:34:54)(time 5805 - 01:36:45) ->    7(time 5866 - 01:37:46)(time 5993 - 01:39:53) ->    8(time 6054 - 01:40:54)(time 6163 - 01:42:43) ->    9(time 6251 - 01:44:11)(time 6358 - 01:45:58) ->    10(time 6446 - 01:47:26)(time 6554 - 01:49:14) ->    11(time 6682 - 01:51:22)(time 6798 - 01:53:18) ->    12(time 6859 - 01:54:19)(time 6971 - 01:56:11) ->    13(time 7059 - 01:57:39)(time 7168 - 01:59:28) ->    14(time 7256 - 02:00:56)(time 7368 - 02:02:48) ->    15(time 7456 - 02:04:16)(time 7577 - 02:06:17) ->    16(time 7638 - 02:07:18)(time 7748 - 02:09:08) ->    17(time 7836 - 02:10:36)(time 7953 - 02:12:33) ->    18(time 8041 - 02:14:01)(time 8164 - 02:16:04) ->    19(time 8252 - 02:17:32)(time 8368 - 02:19:28) ->    20(time 8456 - 02:20:56)(time 8582 - 02:23:02) ->    21(time 8834 - 02:27:14)(time 8834 - 02:27:14) -> 43
> Trip 1
   43(time 8834 - 02:27:14)(time 8960 - 02:29:20) ->    42(time 9048 - 02:30:48)(time 9164 - 02:32:44) ->    41(time 9252 - 02:34:12)(time 9375 - 02:36:15) ->    40(time 9463 - 02:37:43)(time 9580 - 02:39:40) ->    39(time 9668 - 02:41:08)(time 9778 - 02:42:58) ->    38(time 9839 - 02:43:59)(time 9960 - 02:46:00) ->    37(time 10048 - 02:47:28)(time 10160 - 02:49:20) ->    36(time 10248 - 02:50:48)(time 10357 - 02:52:37) ->    35(time 10445 - 02:54:05)(time 10557 - 02:55:57) ->    34(time 10618 - 02:56:58)(time 10734 - 02:58:54) ->    33(time 10862 - 03:01:02)(time 10970 - 03:02:50) ->    32(time 11058 - 03:04:18)(time 11165 - 03:06:05) ->    31(time 11253 - 03:07:33)(time 11362 - 03:09:22) ->    30(time 11423 - 03:10:23)(time 11550 - 03:12:30) ->    29(time 11611 - 03:13:31)(time 11722 - 03:15:22) ->    28(time 11810 - 03:16:50)(time 11914 - 03:18:34) ->    27(time 12002 - 03:20:02)(time 12116 - 03:21:56) ->    26(time 12204 - 03:23:24)(time 12329 - 03:25:29) ->    25(time 12417 - 03:26:57)(time 12526 - 03:28:46) ->    24(time 12614 - 03:30:14)(time 12727 - 03:32:07) ->    23(time 12815 - 03:33:35)(time 12933 - 03:35:33) ->    22(time 13061 - 03:37:41)(time 13061 - 03:37:41) ->    0(time 13189 - 03:39:49)(time 13307 - 03:41:47) ->    1(time 13395 - 03:43:15)(time 13508 - 03:45:08) ->    2(time 13596 - 03:46:36)(time 13705 - 03:48:25) ->    3(time 13793 - 03:49:53)(time 13918 - 03:51:58) ->    4(time 14006 - 03:53:26)(time 14120 - 03:55:20) ->    5(time 14208 - 03:56:48)(time 14312 - 03:58:32) ->    6(time 14400 - 04:00:00)(time 14511 - 04:01:51) ->    7(time 14572 - 04:02:52)(time 14699 - 04:04:59) ->    8(time 14760 - 04:06:00)(time 14869 - 04:07:49) ->    9(time 14957 - 04:09:17)(time 15064 - 04:11:04) ->    10(time 15152 - 04:12:32)(time 15260 - 04:14:20) ->    11(time 15388 - 04:16:28)(time 15504 - 04:18:24) ->    12(time 15565 - 04:19:25)(time 15677 - 04:21:17) ->    13(time 15765 - 04:22:45)(time 15874 - 04:24:34) ->    14(time 15962 - 04:26:02)(time 16074 - 04:27:54) ->    15(time 16162 - 04:29:22)(time 16283 - 04:31:23) ->    16(time 16344 - 04:32:24)(time 16454 - 04:34:14) ->    17(time 16542 - 04:35:42)(time 16659 - 04:37:39) ->    18(time 16747 - 04:39:07)(time 16870 - 04:41:10) ->    19(time 16958 - 04:42:38)(time 17074 - 04:44:34) ->    20(time 17162 - 04:46:02)(time 17288 - 04:48:08) ->    21(time 17540 - 04:52:20)(time 17540 - 04:52:20) -> 43
> Trip 2
   43(time 17540 - 04:52:20)(time 17666 - 04:54:26) ->    42(time 17754 - 04:55:54)(time 17870 - 04:57:50) ->    41(time 17958 - 04:59:18)(time 18081 - 05:01:21) ->    40(time 18169 - 05:02:49)(time 18286 - 05:04:46) ->    39(time 18374 - 05:06:14)(time 18484 - 05:08:04) ->    38(time 18545 - 05:09:05)(time 18666 - 05:11:06) ->    37(time 18754 - 05:12:34)(time 18866 - 05:14:26) ->    36(time 18954 - 05:15:54)(time 19063 - 05:17:43) ->    35(time 19151 - 05:19:11)(time 19263 - 05:21:03) ->    34(time 19324 - 05:22:04)(time 19440 - 05:24:00) ->    33(time 19568 - 05:26:08)(time 19676 - 05:27:56) ->    32(time 19764 - 05:29:24)(time 19871 - 05:31:11) ->    31(time 19959 - 05:32:39)(time 20068 - 05:34:28) ->    30(time 20129 - 05:35:29)(time 20256 - 05:37:36) ->    29(time 20317 - 05:38:37)(time 20428 - 05:40:28) ->    28(time 20516 - 05:41:56)(time 20620 - 05:43:40) ->    27(time 20708 - 05:45:08)(time 20822 - 05:47:02) ->    26(time 20910 - 05:48:30)(time 21035 - 05:50:35) ->    25(time 21123 - 05:52:03)(time 21232 - 05:53:52) ->    24(time 21320 - 05:55:20)(time 21433 - 05:57:13) ->    23(time 21521 - 05:58:41)(time 21639 - 06:00:39) ->    22(time 21767 - 06:02:47)(time 21767 - 06:02:47) ->    0(time 21855 - 06:04:15)(time 21973 - 06:06:13) ->    1(time 22061 - 06:07:41)(time 22174 - 06:09:34) ->    2(time 22262 - 06:11:02)(time 22371 - 06:12:51) ->    3(time 22459 - 06:14:19)(time 22584 - 06:16:24) ->    4(time 22672 - 06:17:52)(time 22786 - 06:19:46) ->    5(time 22874 - 06:21:14)(time 22978 - 06:22:58) ->    6(time 23066 - 06:24:26)(time 23177 - 06:26:17) ->    7(time 23278 - 06:27:58)(time 23405 - 06:30:05) ->    8(time 23466 - 06:31:06)(time 23575 - 06:32:55) ->    9(time 23663 - 06:34:23)(time 23770 - 06:36:10) ->    10(time 23858 - 06:37:38)(time 23966 - 06:39:26) ->    11(time 24094 - 06:41:34)(time 24210 - 06:43:30) ->    12(time 24271 - 06:44:31)(time 24383 - 06:46:23) ->    13(time 24471 - 06:47:51)(time 24580 - 06:49:40) ->    14(time 24668 - 06:51:08)(time 24780 - 06:53:00) ->    15(time 24868 - 06:54:28)(time 24989 - 06:56:29) ->    16(time 25050 - 06:57:30)(time 25160 - 06:59:20) ->    17(time 25248 - 07:00:48)(time 25365 - 07:02:45) ->    18(time 25453 - 07:04:13)(time 25576 - 07:06:16) ->    19(time 25664 - 07:07:44)(time 25780 - 07:09:40) ->    20(time 25868 - 07:11:08)(time 25994 - 07:13:14) ->    21(time 26122 - 07:15:22)(time 26122 - 07:15:22) -> 43
=============
Train 2
=============
> Trip 0
   43(time 0 - 00:00:00)(time 126 - 00:02:06) ->    42(time 214 - 00:03:34)(time 330 - 00:05:30) ->    41(time 418 - 00:06:58)(time 541 - 00:09:01) ->    40(time 629 - 00:10:29)(time 746 - 00:12:26) ->    39(time 834 - 00:13:54)(time 944 - 00:15:44) ->    38(time 1005 - 00:16:45)(time 1126 - 00:18:46) ->    37(time 1214 - 00:20:14)(time 1326 - 00:22:06) ->    36(time 1414 - 00:23:34)(time 1523 - 00:25:23) ->    35(time 1611 - 00:26:51)(time 1723 - 00:28:43) ->    34(time 1784 - 00:29:44)(time 1900 - 00:31:40) ->    33(time 2028 - 00:33:48)(time 2136 - 00:35:36) ->    32(time 2224 - 00:37:04)(time 2331 - 00:38:51) ->    31(time 2419 - 00:40:19)(time 2528 - 00:42:08) ->    30(time 2589 - 00:43:09)(time 2716 - 00:45:16) ->    29(time 2777 - 00:46:17)(time 2888 - 00:48:08) ->    28(time 2976 - 00:49:36)(time 3080 - 00:51:20) ->    27(time 3168 - 00:52:48)(time 3282 - 00:54:42) ->    26(time 3370 - 00:56:10)(time 3495 - 00:58:15) ->    25(time 3583 - 00:59:43)(time 3692 - 01:01:32) ->    24(time 3780 - 01:03:00)(time 3893 - 01:04:53) ->    23(time 3981 - 01:06:21)(time 4099 - 01:08:19) ->    22(time 4227 - 01:10:27)(time 4227 - 01:10:27) ->    0(time 4355 - 01:12:35)(time 4473 - 01:14:33) ->    1(time 4561 - 01:16:01)(time 4674 - 01:17:54) ->    2(time 4762 - 01:19:22)(time 4871 - 01:21:11) ->    3(time 4959 - 01:22:39)(time 5084 - 01:24:44) ->    4(time 5172 - 01:26:12)(time 5286 - 01:28:06) ->    5(time 5374 - 01:29:34)(time 5478 - 01:31:18) ->    6(time 5566 - 01:32:46)(time 5677 - 01:34:37) ->    7(time 5738 - 01:35:38)(time 5865 - 01:37:45) ->    8(time 5926 - 01:38:46)(time 6035 - 01:40:35) ->    9(time 6123 - 01:42:03)(time 6230 - 01:43:50) ->    10(time 6318 - 01:45:18)(time 6426 - 01:47:06) ->    11(time 6554 - 01:49:14)(time 6670 - 01:51:10) ->    12(time 6731 - 01:52:11)(time 6843 - 01:54:03) ->    13(time 6931 - 01:55:31)(time 7040 - 01:57:20) ->    14(time 7128 - 01:58:48)(time 7240 - 02:00:40) ->    15(time 7328 - 02:02:08)(time 7449 - 02:04:09) ->    16(time 7510 - 02:05:10)(time 7620 - 02:07:00) ->    17(time 7708 - 02:08:28)(time 7825 - 02:10:25) ->    18(time 7913 - 02:11:53)(time 8036 - 02:13:56) ->    19(time 8124 - 02:15:24)(time 8240 - 02:17:20) ->    20(time 8328 - 02:18:48)(time 8454 - 02:20:54) ->    21(time 8582 - 02:23:02)(time 8582 - 02:23:02) -> 43
> Trip 1
   43(time 8582 - 02:23:02)(time 8708 - 02:25:08) ->    42(time 8796 - 02:26:36)(time 8912 - 02:28:32) ->    41(time 9000 - 02:30:00)(time 9123 - 02:32:03) ->    40(time 9211 - 02:33:31)(time 9328 - 02:35:28) ->    39(time 9416 - 02:36:56)(time 9526 - 02:38:46) ->    38(time 9587 - 02:39:47)(time 9708 - 02:41:48) ->    37(time 9796 - 02:43:16)(time 9908 - 02:45:08) ->    36(time 9996 - 02:46:36)(time 10105 - 02:48:25) ->    35(time 10193 - 02:49:53)(time 10305 - 02:51:45) ->    34(time 10366 - 02:52:46)(time 10482 - 02:54:42) ->    33(time 10610 - 02:56:50)(time 10718 - 02:58:38) ->    32(time 10806 - 03:00:06)(time 10913 - 03:01:53) ->    31(time 11001 - 03:03:21)(time 11110 - 03:05:10) ->    30(time 11171 - 03:06:11)(time 11298 - 03:08:18) ->    29(time 11359 - 03:09:19)(time 11470 - 03:11:10) ->    28(time 11558 - 03:12:38)(time 11662 - 03:14:22) ->    27(time 11750 - 03:15:50)(time 11864 - 03:17:44) ->    26(time 11952 - 03:19:12)(time 12077 - 03:21:17) ->    25(time 12165 - 03:22:45)(time 12274 - 03:24:34) ->    24(time 12362 - 03:26:02)(time 12475 - 03:27:55) ->    23(time 12687 - 03:31:27)(time 12805 - 03:33:25) ->    22(time 12933 - 03:35:33)(time 12933 - 03:35:33) ->    0(time 13061 - 03:37:41)(time 13179 - 03:39:39) ->    1(time 13267 - 03:41:07)(time 13380 - 03:43:00) ->    2(time 13468 - 03:44:28)(time 13577 - 03:46:17) ->    3(time 13665 - 03:47:45)(time 13790 - 03:49:50) ->    4(time 13878 - 03:51:18)(time 13992 - 03:53:12) ->    5(time 14080 - 03:54:40)(time 14184 - 03:56:24) ->    6(time 14272 - 03:57:52)(time 14383 - 03:59:43) ->    7(time 14444 - 04:00:44)(time 14571 - 04:02:51) ->    8(time 14632 - 04:03:52)(time 14741 - 04:05:41) ->    9(time 14829 - 04:07:09)(time 14936 - 04:08:56) ->    10(time 15024 - 04:10:24)(time 15132 - 04:12:12) ->    11(time 15260 - 04:14:20)(time 15376 - 04:16:16) ->    12(time 15437 - 04:17:17)(time 15549 - 04:19:09) ->    13(time 15637 - 04:20:37)(time 15746 - 04:22:26) ->    14(time 15834 - 04:23:54)(time 15946 - 04:25:46) ->    15(time 16034 - 04:27:14)(time 16155 - 04:29:15) ->    16(time 16216 - 04:30:16)(time 16326 - 04:32:06) ->    17(time 16414 - 04:33:34)(time 16531 - 04:35:31) ->    18(time 16619 - 04:36:59)(time 16742 - 04:39:02) ->    19(time 16830 - 04:40:30)(time 16946 - 04:42:26) ->    20(time 17034 - 04:43:54)(time 17160 - 04:46:00) ->    21(time 17288 - 04:48:08)(time 17288 - 04:48:08) -> 43
> Trip 2
   43(time 17288 - 04:48:08)(time 17414 - 04:50:14) ->    42(time 17502 - 04:51:42)(time 17618 - 04:53:38) ->    41(time 17706 - 04:55:06)(time 17829 - 04:57:09) ->    40(time 17917 - 04:58:37)(time 18034 - 05:00:34) ->    39(time 18122 - 05:02:02)(time 18232 - 05:03:52) ->    38(time 18293 - 05:04:53)(time 18414 - 05:06:54) ->    37(time 18502 - 05:08:22)(time 18614 - 05:10:14) ->    36(time 18702 - 05:11:42)(time 18811 - 05:13:31) ->    35(time 18899 - 05:14:59)(time 19011 - 05:16:51) ->    34(time 19072 - 05:17:52)(time 19188 - 05:19:48) ->    33(time 19316 - 05:21:56)(time 19424 - 05:23:44) ->    32(time 19512 - 05:25:12)(time 19619 - 05:26:59) ->    31(time 19707 - 05:28:27)(time 19816 - 05:30:16) ->    30(time 19877 - 05:31:17)(time 20004 - 05:33:24) ->    29(time 20065 - 05:34:25)(time 20176 - 05:36:16) ->    28(time 20264 - 05:37:44)(time 20368 - 05:39:28) ->    27(time 20456 - 05:40:56)(time 20570 - 05:42:50) ->    26(time 20658 - 05:44:18)(time 20783 - 05:46:23) ->    25(time 20871 - 05:47:51)(time 20980 - 05:49:40) ->    24(time 21068 - 05:51:08)(time 21181 - 05:53:01) ->    23(time 21269 - 05:54:29)(time 21387 - 05:56:27) ->    22(time 21515 - 05:58:35)(time 21515 - 05:58:35) ->    0(time 21767 - 06:02:47)(time 21885 - 06:04:45) ->    1(time 21973 - 06:06:13)(time 22086 - 06:08:06) ->    2(time 22174 - 06:09:34)(time 22283 - 06:11:23) ->    3(time 22371 - 06:12:51)(time 22496 - 06:14:56) ->    4(time 22584 - 06:16:24)(time 22698 - 06:18:18) ->    5(time 22786 - 06:19:46)(time 22890 - 06:21:30) ->    6(time 22978 - 06:22:58)(time 23089 - 06:24:49) ->    7(time 23150 - 06:25:50)(time 23277 - 06:27:57) ->    8(time 23338 - 06:28:58)(time 23447 - 06:30:47) ->    9(time 23535 - 06:32:15)(time 23642 - 06:34:02) ->    10(time 23730 - 06:35:30)(time 23838 - 06:37:18) ->    11(time 23966 - 06:39:26)(time 24082 - 06:41:22) ->    12(time 24143 - 06:42:23)(time 24255 - 06:44:15) ->    13(time 24343 - 06:45:43)(time 24452 - 06:47:32) ->    14(time 24540 - 06:49:00)(time 24652 - 06:50:52) ->    15(time 24740 - 06:52:20)(time 24861 - 06:54:21) ->    16(time 24922 - 06:55:22)(time 25032 - 06:57:12) ->    17(time 25120 - 06:58:40)(time 25237 - 07:00:37) ->    18(time 25325 - 07:02:05)(time 25448 - 07:04:08) ->    19(time 25536 - 07:05:36)(time 25652 - 07:07:32) ->    20(time 25740 - 07:09:00)(time 25866 - 07:11:06) ->    21(time 25994 - 07:13:14)(time 25994 - 07:13:14) -> 43
