t3p20r16h2.txt:
   > Trying to open the instance file...
   > Reading number of trains...
   > Reading maximum number of trips per train...
   > Reading time intervals...
   > Reading number of points...
   > Reading stations...
   > Reading crossings...
   > Reading depots...
   > Reading initial point...
   > Reading routes...
   > Reading distance and distance and service...
   > Reading demands...
   > Reading maximum time...
   > Reading alpha...

--------------------------------
 Printing instance
--------------------------------
number of trains = 3
	max trips per trains: 3     3     3
number of intervals = 2
	(0,  18557)	(18558,  37114)
number of points = 20
	initial point: 11
	stations: 0     1     2     3     4     5     6     7     8    10    11    13    14    15    16    17    18    19
	crossings: 0     9    11    12    17    19
	depots: 0    11    17    19
number of vertices = 40
	total vertices: 0     1     2     3     4     5     6     7     8     9    10    11    12    13    14    15    16    17    18    19    20    21    22    23    24    25    26    27    28    29    30    31    32    33    34    35    36    37    38    39
	upper vertices: 0     1     2     3     4     5     6     7     8     9    10    11    12    13    14    15    16    17    18    19
	lower vertices: 20    21    22    23    24    25    26    27    28    29    30    31    32    33    34    35    36    37    38    39
	vertices of point #0: (0, 20)
	vertices of point #1: (1, 21)
	vertices of point #2: (2, 22)
	vertices of point #3: (3, 23)
	vertices of point #4: (4, 24)
	vertices of point #5: (5, 25)
	vertices of point #6: (6, 26)
	vertices of point #7: (7, 27)
	vertices of point #8: (8, 28)
	vertices of point #9: (9, 29)
	vertices of point #10: (10, 30)
	vertices of point #11: (11, 31)
	vertices of point #12: (12, 32)
	vertices of point #13: (13, 33)
	vertices of point #14: (14, 34)
	vertices of point #15: (15, 35)
	vertices of point #16: (16, 36)
	vertices of point #17: (17, 37)
	vertices of point #18: (18, 38)
	vertices of point #19: (19, 39)

arcs...
	total arcs: 
		arc #0: (0, 1)
		arc #1: (0, 20)
		arc #2: (20, 0)
		arc #3: (1, 2)
		arc #4: (21, 20)
		arc #5: (2, 3)
		arc #6: (22, 21)
		arc #7: (3, 4)
		arc #8: (23, 22)
		arc #9: (4, 5)
		arc #10: (24, 23)
		arc #11: (5, 6)
		arc #12: (25, 24)
		arc #13: (6, 7)
		arc #14: (26, 25)
		arc #15: (7, 8)
		arc #16: (27, 26)
		arc #17: (8, 9)
		arc #18: (28, 27)
		arc #19: (9, 10)
		arc #20: (29, 28)
		arc #21: (10, 11)
		arc #22: (30, 29)
		arc #23: (11, 12)
		arc #24: (31, 30)
		arc #25: (11, 31)
		arc #26: (31, 11)
		arc #27: (12, 13)
		arc #28: (32, 31)
		arc #29: (13, 14)
		arc #30: (33, 32)
		arc #31: (14, 15)
		arc #32: (34, 33)
		arc #33: (15, 16)
		arc #34: (35, 34)
		arc #35: (16, 17)
		arc #36: (36, 35)
		arc #37: (17, 18)
		arc #38: (37, 36)
		arc #39: (17, 37)
		arc #40: (37, 17)
		arc #41: (18, 19)
		arc #42: (38, 37)
		arc #43: (39, 38)
		arc #44: (19, 39)
		arc #45: (39, 19)

	reverse arcs: 
		arc #1: (0, 20)
		arc #2: (20, 0)
		arc #25: (11, 31)
		arc #26: (31, 11)
		arc #39: (17, 37)
		arc #40: (37, 17)
		arc #44: (19, 39)
		arc #45: (39, 19)


incompatible points...
	(0, 8, 29, (8, 9))	(29, 21, 0, (21, 20))	(9, 10, 31, (10, 11))	(31, 30, 9, (30, 29))	(11, 11, 32, (11, 12))	(32, 32, 11, (32, 31))	(12, 16, 37, (16, 17))	(37, 33, 12, (33, 32))	(17, 18, 39, (18, 19))	(39, 38, 17, (38, 37))

number of routes = 16
vertices of routes...
	route #0: 0     1     2     3     4     5     6     7     8     9    10    11    12    13    14    15    16    17    18    19    39    38    37    36    35    34    33    32    31    30    29    28    27    26    25    24    23    22    21    20     0
	route #1: 39    38    37    36    35    34    33    32    31    30    29    28    27    26    25    24    23    22    21    20     0     1     2     3     4     5     6     7     8     9    10    11    12    13    14    15    16    17    18    19    39
	route #2: 11    12    13    14    15    16    17    18    19
	route #3: 31    30    29    28    27    26    25    24    23    22    21    20
	route #4: 0     1     2     3     4     5     6     7     8     9    10    11
	route #5: 39    38    37    36    35    34    33    32    31
	route #6: 17    18    19
	route #7: 37    36    35    34    33    32    31    30    29    28    27    26    25    24    23    22    21    20
	route #8: 0     1     2     3     4     5     6     7     8     9    10    11    12    13    14    15    16    17
	route #9: 39    38    37
	route #10: 11    12    13    14    15    16    17
	route #11: 37    36    35    34    33    32    31
	route #12: 17    18    19    39    38    37    17
	route #13: 11    12    13    14    15    16    17    18    19    39    38    37    36    35    34    33    32    31    11
	route #14: 31    30    29    28    27    26    25    24    23    22    21    20     0     1     2     3     4     5     6     7     8     9    10    11    31
	route #15: 37    36    35    34    33    32    31    30    29    28    27    26    25    24    23    22    21    20     0     1     2     3     4     5     6     7     8     9    10    11    12    13    14    15    16    17    37
arcs of routes...
	route #0: 0     3     5     7     9    11    13    15    17    19    21    23    27    29    31    33    35    37    41    44    43    42    38    36    34    32    30    28    24    22    20    18    16    14    12    10     8     6     4     2
	route #1: 43    42    38    36    34    32    30    28    24    22    20    18    16    14    12    10     8     6     4     2     0     3     5     7     9    11    13    15    17    19    21    23    27    29    31    33    35    37    41    44
	route #2: 23    27    29    31    33    35    37    41
	route #3: 24    22    20    18    16    14    12    10     8     6     4
	route #4: 0     3     5     7     9    11    13    15    17    19    21
	route #5: 43    42    38    36    34    32    30    28
	route #6: 37    41
	route #7: 38    36    34    32    30    28    24    22    20    18    16    14    12    10     8     6     4
	route #8: 0     3     5     7     9    11    13    15    17    19    21    23    27    29    31    33    35
	route #9: 43    42
	route #10: 23    27    29    31    33    35
	route #11: 38    36    34    32    30    28
	route #12: 37    41    44    43    42    40
	route #13: 23    27    29    31    33    35    37    41    44    43    42    38    36    34    32    30    28    26
	route #14: 24    22    20    18    16    14    12    10     8     6     4     2     0     3     5     7     9    11    13    15    17    19    21    25
	route #15: 38    36    34    32    30    28    24    22    20    18    16    14    12    10     8     6     4     2     0     3     5     7     9    11    13    15    17    19    21    23    27    29    31    33    35    39

incompatible routes...
	(0, 1)    	(0, 2)    	(0, 3)    	(0, 5)    	(0, 6)    	(0, 7)    	(0, 9)    	(0, 10)    	(0, 11)    	(0, 12)    	(0, 13)    	(0, 14)    	(0, 15)    	(1, 0)    	(1, 2)    	(1, 3)    	(1, 4)    	(1, 6)    	(1, 7)    	(1, 8)    	(1, 10)    	(1, 11)    	(1, 12)    	(1, 13)    	(1, 14)    	(1, 15)    	(2, 0)    	(2, 2)    	(2, 3)    	(2, 4)    	(2, 6)    	(2, 7)    	(2, 8)    	(2, 10)    	(2, 11)    	(2, 12)    	(2, 13)    	(2, 14)    	(2, 15)    	(3, 1)    	(3, 2)    	(3, 3)    	(3, 5)    	(3, 6)    	(3, 7)    	(3, 9)    	(3, 10)    	(3, 11)    	(3, 12)    	(3, 13)    	(3, 14)    	(3, 15)    	(4, 0)    	(4, 1)    	(4, 4)    	(4, 5)    	(4, 6)    	(4, 7)    	(4, 8)    	(4, 9)    	(4, 11)    	(4, 12)    	(4, 15)    	(5, 0)    	(5, 1)    	(5, 4)    	(5, 5)    	(5, 6)    	(5, 7)    	(5, 8)    	(5, 9)    	(5, 11)    	(5, 12)    	(5, 15)    	(6, 0)    	(6, 2)    	(6, 3)    	(6, 4)    	(6, 6)    	(6, 7)    	(6, 8)    	(6, 10)    	(6, 11)    	(6, 12)    	(6, 13)    	(6, 14)    	(6, 15)    	(7, 1)    	(7, 2)    	(7, 3)    	(7, 5)    	(7, 6)    	(7, 7)    	(7, 9)    	(7, 10)    	(7, 11)    	(7, 12)    	(7, 13)    	(7, 14)    	(7, 15)    	(8, 0)    	(8, 1)    	(8, 2)    	(8, 3)    	(8, 4)    	(8, 5)    	(8, 8)    	(8, 9)    	(8, 10)    	(8, 13)    	(8, 14)    	(9, 0)    	(9, 1)    	(9, 2)    	(9, 3)    	(9, 4)    	(9, 5)    	(9, 8)    	(9, 9)    	(9, 10)    	(9, 13)    	(9, 14)    	(10, 0)    	(10, 1)    	(10, 2)    	(10, 3)    	(10, 4)    	(10, 5)    	(10, 8)    	(10, 9)    	(10, 10)    	(10, 13)    	(10, 14)    	(11, 0)    	(11, 1)    	(11, 4)    	(11, 5)    	(11, 6)    	(11, 7)    	(11, 8)    	(11, 9)    	(11, 11)    	(11, 12)    	(11, 15)    	(12, 0)    	(12, 1)    	(12, 2)    	(12, 3)    	(12, 4)    	(12, 5)    	(12, 8)    	(12, 9)    	(12, 10)    	(12, 13)    	(12, 14)    	(13, 0)    	(13, 1)    	(13, 4)    	(13, 5)    	(13, 6)    	(13, 7)    	(13, 8)    	(13, 9)    	(13, 11)    	(13, 12)    	(13, 15)    	(14, 0)    	(14, 1)    	(14, 4)    	(14, 5)    	(14, 6)    	(14, 7)    	(14, 8)    	(14, 9)    	(14, 11)    	(14, 12)    	(14, 15)    	(15, 0)    	(15, 1)    	(15, 2)    	(15, 3)    	(15, 4)    	(15, 5)    	(15, 8)    	(15, 9)    	(15, 10)    	(15, 13)    	(15, 14)

vertices that can be adjacent in consecutive trips...
	(0, 0)    	(11, 11)    	(11, 31)    	(17, 17)    	(17, 37)    	(19, 39)    	(20, 0)    	(31, 11)    	(31, 31)    	(37, 17)    	(37, 37)    	(39, 39)
non cyclical routes: 
       2       3       4       5       6       7       8       9      10      11

routes of trip...
	routes that train #0 can complete at trip #0: 2       3      10      13      14
	routes that train #0 can complete at trip #1: 0       1       2       3       4       5       6       7       8       9      10      11      12      13      14      15
	routes that train #0 can complete at trip #2: 0       1       2       3       4       5       6       7       8       9      10      11      12      13      14      15

	routes that train #1 can complete at trip #0: 2       3      10      13      14
	routes that train #1 can complete at trip #1: 0       1       2       3       4       5       6       7       8       9      10      11      12      13      14      15
	routes that train #1 can complete at trip #2: 0       1       2       3       4       5       6       7       8       9      10      11      12      13      14      15

	routes that train #2 can complete at trip #0: 2       3      10      13      14
	routes that train #2 can complete at trip #1: 0       1       2       3       4       5       6       7       8       9      10      11      12      13      14      15
	routes that train #2 can complete at trip #2: 0       1       2       3       4       5       6       7       8       9      10      11      12      13      14      15

 cost...
	arc #0 [0][1]: 131
	arc #1 [0][20]: 0
	arc #2 [20][0]: 0
	arc #3 [1][2]: 134
	arc #4 [21][20]: 131
	arc #5 [2][3]: 132
	arc #6 [22][21]: 134
	arc #7 [3][4]: 122
	arc #8 [23][22]: 132
	arc #9 [4][5]: 141
	arc #10 [24][23]: 122
	arc #11 [5][6]: 127
	arc #12 [25][24]: 141
	arc #13 [6][7]: 133
	arc #14 [26][25]: 127
	arc #15 [7][8]: 120
	arc #16 [27][26]: 133
	arc #17 [8][9]: 126
	arc #18 [28][27]: 120
	arc #19 [9][10]: 135
	arc #20 [29][28]: 126
	arc #21 [10][11]: 125
	arc #22 [30][29]: 135
	arc #23 [11][12]: 138
	arc #24 [31][30]: 125
	arc #25 [11][31]: 0
	arc #26 [31][11]: 0
	arc #27 [12][13]: 125
	arc #28 [32][31]: 138
	arc #29 [13][14]: 121
	arc #30 [33][32]: 125
	arc #31 [14][15]: 134
	arc #32 [34][33]: 121
	arc #33 [15][16]: 122
	arc #34 [35][34]: 134
	arc #35 [16][17]: 129
	arc #36 [36][35]: 122
	arc #37 [17][18]: 134
	arc #38 [37][36]: 129
	arc #39 [17][37]: 0
	arc #40 [37][17]: 0
	arc #41 [18][19]: 136
	arc #42 [38][37]: 134
	arc #43 [39][38]: 136
	arc #44 [19][39]: 0
	arc #45 [39][19]: 0

cost with minimum service...
	arc #0 [0][1]: 249
	arc #1 [0][20]: 0
	arc #2 [20][0]: 0
	arc #3 [1][2]: 252
	arc #4 [21][20]: 424
	arc #5 [2][3]: 250
	arc #6 [22][21]: 252
	arc #7 [3][4]: 240
	arc #8 [23][22]: 250
	arc #9 [4][5]: 259
	arc #10 [24][23]: 240
	arc #11 [5][6]: 245
	arc #12 [25][24]: 259
	arc #13 [6][7]: 251
	arc #14 [26][25]: 245
	arc #15 [7][8]: 238
	arc #16 [27][26]: 251
	arc #17 [8][9]: 206
	arc #18 [28][27]: 238
	arc #19 [9][10]: 253
	arc #20 [29][28]: 244
	arc #21 [10][11]: 418
	arc #22 [30][29]: 215
	arc #23 [11][12]: 218
	arc #24 [31][30]: 243
	arc #25 [11][31]: 0
	arc #26 [31][11]: 0
	arc #27 [12][13]: 243
	arc #28 [32][31]: 431
	arc #29 [13][14]: 239
	arc #30 [33][32]: 205
	arc #31 [14][15]: 252
	arc #32 [34][33]: 239
	arc #33 [15][16]: 240
	arc #34 [35][34]: 252
	arc #35 [16][17]: 422
	arc #36 [36][35]: 240
	arc #37 [17][18]: 252
	arc #38 [37][36]: 247
	arc #39 [17][37]: 0
	arc #40 [37][17]: 0
	arc #41 [18][19]: 429
	arc #42 [38][37]: 427
	arc #43 [39][38]: 254
	arc #44 [19][39]: 0
	arc #45 [39][19]: 0

cost with maximum service...
	arc #0 [0][1]: 548
	arc #1 [0][20]: 417
	arc #2 [20][0]: 417
	arc #3 [1][2]: 551
	arc #4 [21][20]: 548
	arc #5 [2][3]: 549
	arc #6 [22][21]: 551
	arc #7 [3][4]: 539
	arc #8 [23][22]: 549
	arc #9 [4][5]: 558
	arc #10 [24][23]: 539
	arc #11 [5][6]: 544
	arc #12 [25][24]: 558
	arc #13 [6][7]: 550
	arc #14 [26][25]: 544
	arc #15 [7][8]: 537
	arc #16 [27][26]: 550
	arc #17 [8][9]: 543
	arc #18 [28][27]: 537
	arc #19 [9][10]: 552
	arc #20 [29][28]: 543
	arc #21 [10][11]: 542
	arc #22 [30][29]: 552
	arc #23 [11][12]: 555
	arc #24 [31][30]: 542
	arc #25 [11][31]: 417
	arc #26 [31][11]: 417
	arc #27 [12][13]: 542
	arc #28 [32][31]: 555
	arc #29 [13][14]: 538
	arc #30 [33][32]: 542
	arc #31 [14][15]: 551
	arc #32 [34][33]: 538
	arc #33 [15][16]: 539
	arc #34 [35][34]: 551
	arc #35 [16][17]: 546
	arc #36 [36][35]: 539
	arc #37 [17][18]: 551
	arc #38 [37][36]: 546
	arc #39 [17][37]: 417
	arc #40 [37][17]: 417
	arc #41 [18][19]: 553
	arc #42 [38][37]: 551
	arc #43 [39][38]: 553
	arc #44 [19][39]: 417
	arc #45 [39][19]: 417

demands...
	demands of vertex 0 at time interval: 3     3
	demands of vertex 1 at time interval: 3     3
	demands of vertex 2 at time interval: 3     3
	demands of vertex 3 at time interval: 3     3
	demands of vertex 4 at time interval: 3     3
	demands of vertex 5 at time interval: 3     3
	demands of vertex 6 at time interval: 3     3
	demands of vertex 7 at time interval: 3     3
	demands of vertex 8 at time interval: 3     3
	demands of vertex 9 at time interval: 0     0
	demands of vertex 10 at time interval: 3     3
	demands of vertex 11 at time interval: 3     3
	demands of vertex 12 at time interval: 0     0
	demands of vertex 13 at time interval: 3     3
	demands of vertex 14 at time interval: 3     3
	demands of vertex 15 at time interval: 3     3
	demands of vertex 16 at time interval: 3     3
	demands of vertex 17 at time interval: 3     3
	demands of vertex 18 at time interval: 3     3
	demands of vertex 19 at time interval: 0     0
	demands of vertex 20 at time interval: 0     0
	demands of vertex 21 at time interval: 3     3
	demands of vertex 22 at time interval: 3     3
	demands of vertex 23 at time interval: 3     3
	demands of vertex 24 at time interval: 3     3
	demands of vertex 25 at time interval: 3     3
	demands of vertex 26 at time interval: 3     3
	demands of vertex 27 at time interval: 3     3
	demands of vertex 28 at time interval: 3     3
	demands of vertex 29 at time interval: 0     0
	demands of vertex 30 at time interval: 3     3
	demands of vertex 31 at time interval: 3     3
	demands of vertex 32 at time interval: 0     0
	demands of vertex 33 at time interval: 3     3
	demands of vertex 34 at time interval: 3     3
	demands of vertex 35 at time interval: 3     3
	demands of vertex 36 at time interval: 3     3
	demands of vertex 37 at time interval: 3     3
	demands of vertex 38 at time interval: 3     3
	demands of vertex 39 at time interval: 3     3

maximum time = 37114
alpha = 67

Selecting set of cyclical routes...

Selecting set of initial routes...

Creating initial set of candidate combinations...
Solving candidate combinations...

1/4 candidate combination(s) tested! (Thread 0)
Found new best - 2/4 candidate combination(s) tested! (Thread 0)
3/4 candidate combination(s) tested! (Thread 0)
4/4 candidate combination(s) tested! (Thread 0)

Removing trips...

Terminating loop at iteration 1

Relaxing trips, so the model can make changes...

>> Printing some results...
    -> Solution value = 29645 - 08:14:05
    -> Total time = 31.50

=============
Train 0
=============
> Trip 0
   11(time 80 - 00:01:20)(time 218 - 00:03:38) ->    12(time 336 - 00:05:36)(time 461 - 00:07:41) ->    13(time 579 - 00:09:39)(time 700 - 00:11:40) ->    14(time 818 - 00:13:38)(time 952 - 00:15:52) ->    15(time 1305 - 00:21:45)(time 1427 - 00:23:47) ->    16(time 1844 - 00:30:44)(time 1973 - 00:32:53) ->    17(time 2390 - 00:39:50)(time 2524 - 00:42:04) ->    18(time 2642 - 00:44:02)(time 2778 - 00:46:18) -> 19
> Trip 1
   39(time 2778 - 00:46:18)(time 2914 - 00:48:34) ->    38(time 3032 - 00:50:32)(time 3166 - 00:52:46) ->    37(time 3459 - 00:57:39)(time 3588 - 00:59:48) ->    36(time 3706 - 01:01:46)(time 3828 - 01:03:48) ->    35(time 3946 - 01:05:46)(time 4080 - 01:08:00) ->    34(time 4198 - 01:09:58)(time 4319 - 01:11:59) ->    33(time 4437 - 01:13:57)(time 4562 - 01:16:02) ->    32(time 4642 - 01:17:22)(time 4780 - 01:19:40) ->    31(time 5073 - 01:24:33)(time 5198 - 01:26:38) ->    30(time 5316 - 01:28:36)(time 5451 - 01:30:51) ->    29(time 5531 - 01:32:11)(time 5657 - 01:34:17) ->    28(time 5775 - 01:36:15)(time 5895 - 01:38:15) ->    27(time 6013 - 01:40:13)(time 6146 - 01:42:26) ->    26(time 6264 - 01:44:24)(time 6391 - 01:46:31) ->    25(time 6509 - 01:48:29)(time 6650 - 01:50:50) ->    24(time 6768 - 01:52:48)(time 6890 - 01:54:50) ->    23(time 7008 - 01:56:48)(time 7140 - 01:59:00) ->    22(time 7258 - 02:00:58)(time 7392 - 02:03:12) ->    21(time 7510 - 02:05:10)(time 7641 - 02:07:21) ->    20(time 7934 - 02:12:14)(time 7934 - 02:12:14) ->    0(time 7934 - 02:12:14)(time 8065 - 02:14:25) ->    1(time 8183 - 02:16:23)(time 8317 - 02:18:37) ->    2(time 8435 - 02:20:35)(time 8567 - 02:22:47) ->    3(time 8685 - 02:24:45)(time 8807 - 02:26:47) ->    4(time 8925 - 02:28:45)(time 9066 - 02:31:06) ->    5(time 9184 - 02:33:04)(time 9311 - 02:35:11) ->    6(time 9429 - 02:37:09)(time 9562 - 02:39:22) ->    7(time 9680 - 02:41:20)(time 9800 - 02:43:20) ->    8(time 9918 - 02:45:18)(time 10044 - 02:47:24) ->    9(time 10124 - 02:48:44)(time 10259 - 02:50:59) ->    10(time 10377 - 02:52:57)(time 10502 - 02:55:02) ->    11(time 10795 - 02:59:55)(time 10933 - 03:02:13) ->    12(time 11013 - 03:03:33)(time 11138 - 03:05:38) ->    13(time 11256 - 03:07:36)(time 11377 - 03:09:37) ->    14(time 11495 - 03:11:35)(time 11629 - 03:13:49) ->    15(time 11747 - 03:15:47)(time 11869 - 03:17:49) ->    16(time 11987 - 03:19:47)(time 12116 - 03:21:56) ->    17(time 12409 - 03:26:49)(time 12543 - 03:29:03) ->    18(time 12661 - 03:31:01)(time 12797 - 03:33:17) ->    19(time 13090 - 03:38:10)(time 13090 - 03:38:10) -> 39
> Trip 2
   39(time 19334 - 05:22:14)(time 19470 - 05:24:30) ->    38(time 19588 - 05:26:28)(time 19722 - 05:28:42) ->    37(time 20015 - 05:33:35)(time 20144 - 05:35:44) ->    36(time 20262 - 05:37:42)(time 20384 - 05:39:44) ->    35(time 20502 - 05:41:42)(time 20636 - 05:43:56) ->    34(time 20754 - 05:45:54)(time 20875 - 05:47:55) ->    33(time 20993 - 05:49:53)(time 21118 - 05:51:58) ->    32(time 21198 - 05:53:18)(time 21336 - 05:55:36) ->    31(time 21629 - 06:00:29)(time 21754 - 06:02:34) ->    30(time 21872 - 06:04:32)(time 22007 - 06:06:47) ->    29(time 22087 - 06:08:07)(time 22213 - 06:10:13) ->    28(time 22331 - 06:12:11)(time 22451 - 06:14:11) ->    27(time 22569 - 06:16:09)(time 22702 - 06:18:22) ->    26(time 22820 - 06:20:20)(time 22947 - 06:22:27) ->    25(time 23065 - 06:24:25)(time 23206 - 06:26:46) ->    24(time 23324 - 06:28:44)(time 23446 - 06:30:46) ->    23(time 23564 - 06:32:44)(time 23696 - 06:34:56) ->    22(time 23814 - 06:36:54)(time 23948 - 06:39:08) ->    21(time 24066 - 06:41:06)(time 24197 - 06:43:17) ->    20(time 24490 - 06:48:10)(time 24490 - 06:48:10) ->    0(time 24490 - 06:48:10)(time 24621 - 06:50:21) ->    1(time 24739 - 06:52:19)(time 24873 - 06:54:33) ->    2(time 24991 - 06:56:31)(time 25123 - 06:58:43) ->    3(time 25241 - 07:00:41)(time 25363 - 07:02:43) ->    4(time 25481 - 07:04:41)(time 25622 - 07:07:02) ->    5(time 25740 - 07:09:00)(time 25867 - 07:11:07) ->    6(time 25985 - 07:13:05)(time 26118 - 07:15:18) ->    7(time 26236 - 07:17:16)(time 26356 - 07:19:16) ->    8(time 26474 - 07:21:14)(time 26600 - 07:23:20) ->    9(time 26680 - 07:24:40)(time 26815 - 07:26:55) ->    10(time 26933 - 07:28:53)(time 27058 - 07:30:58) ->    11(time 27351 - 07:35:51)(time 27489 - 07:38:09) ->    12(time 27569 - 07:39:29)(time 27694 - 07:41:34) ->    13(time 27812 - 07:43:32)(time 27933 - 07:45:33) ->    14(time 28051 - 07:47:31)(time 28185 - 07:49:45) ->    15(time 28303 - 07:51:43)(time 28425 - 07:53:45) ->    16(time 28543 - 07:55:43)(time 28672 - 07:57:52) ->    17(time 28965 - 08:02:45)(time 29099 - 08:04:59) ->    18(time 29217 - 08:06:57)(time 29353 - 08:09:13) ->    19(time 29646 - 08:14:06)(time 29646 - 08:14:06) -> 39
=============
Train 1
=============
> Trip 0
   11(time 0 - 00:00:00)(time 138 - 00:02:18) ->    12(time 218 - 00:03:38)(time 343 - 00:05:43) ->    13(time 461 - 00:07:41)(time 582 - 00:09:42) ->    14(time 700 - 00:11:40)(time 834 - 00:13:54) ->    15(time 952 - 00:15:52)(time 1074 - 00:17:54) ->    16(time 1192 - 00:19:52)(time 1321 - 00:22:01) ->    17(time 1614 - 00:26:54)(time 1748 - 00:29:08) ->    18(time 1866 - 00:31:06)(time 2002 - 00:33:22) -> 19
> Trip 1
   39(time 2002 - 00:33:22)(time 2138 - 00:35:38) ->    38(time 2256 - 00:37:36)(time 2390 - 00:39:50) ->    37(time 2683 - 00:44:43)(time 2812 - 00:46:52) ->    36(time 2930 - 00:48:50)(time 3052 - 00:50:52) ->    35(time 3170 - 00:52:50)(time 3304 - 00:55:04) ->    34(time 3422 - 00:57:02)(time 3543 - 00:59:03) ->    33(time 3661 - 01:01:01)(time 3786 - 01:03:06) ->    32(time 3866 - 01:04:26)(time 4004 - 01:06:44) ->    31(time 4297 - 01:11:37)(time 4422 - 01:13:42) ->    30(time 4540 - 01:15:40)(time 4675 - 01:17:55) ->    29(time 5034 - 01:23:54)(time 5160 - 01:26:00) ->    28(time 5278 - 01:27:58)(time 5398 - 01:29:58) ->    27(time 5516 - 01:31:56)(time 5649 - 01:34:09) ->    26(time 5767 - 01:36:07)(time 5894 - 01:38:14) ->    25(time 6012 - 01:40:12)(time 6153 - 01:42:33) ->    24(time 6271 - 01:44:31)(time 6393 - 01:46:33) ->    23(time 6511 - 01:48:31)(time 6643 - 01:50:43) ->    22(time 6761 - 01:52:41)(time 6895 - 01:54:55) ->    21(time 7013 - 01:56:53)(time 7144 - 01:59:04) ->    20(time 7437 - 02:03:57)(time 7437 - 02:03:57) ->    0(time 7641 - 02:07:21)(time 7772 - 02:09:32) ->    1(time 7890 - 02:11:30)(time 8024 - 02:13:44) ->    2(time 8142 - 02:15:42)(time 8274 - 02:17:54) ->    3(time 8392 - 02:19:52)(time 8514 - 02:21:54) ->    4(time 8632 - 02:23:52)(time 8773 - 02:26:13) ->    5(time 8891 - 02:28:11)(time 9018 - 02:30:18) ->    6(time 9136 - 02:32:16)(time 9269 - 02:34:29) ->    7(time 9387 - 02:36:27)(time 9507 - 02:38:27) ->    8(time 9625 - 02:40:25)(time 9751 - 02:42:31) ->    9(time 9831 - 02:43:51)(time 9966 - 02:46:06) ->    10(time 10084 - 02:48:04)(time 10209 - 02:50:09) ->    11(time 10502 - 02:55:02)(time 10640 - 02:57:20) ->    12(time 10720 - 02:58:40)(time 10845 - 03:00:45) ->    13(time 10963 - 03:02:43)(time 11084 - 03:04:44) ->    14(time 11202 - 03:06:42)(time 11336 - 03:08:56) ->    15(time 11454 - 03:10:54)(time 11576 - 03:12:56) ->    16(time 11694 - 03:14:54)(time 11823 - 03:17:03) ->    17(time 12116 - 03:21:56)(time 12250 - 03:24:10) ->    18(time 12368 - 03:26:08)(time 12504 - 03:28:24) ->    19(time 12797 - 03:33:17)(time 12797 - 03:33:17) -> 39
> Trip 2
   39(time 19041 - 05:17:21)(time 19177 - 05:19:37) ->    38(time 19295 - 05:21:35)(time 19429 - 05:23:49) ->    37(time 19722 - 05:28:42)(time 19851 - 05:30:51) ->    36(time 19969 - 05:32:49)(time 20091 - 05:34:51) ->    35(time 20209 - 05:36:49)(time 20343 - 05:39:03) ->    34(time 20461 - 05:41:01)(time 20582 - 05:43:02) ->    33(time 20700 - 05:45:00)(time 20825 - 05:47:05) ->    32(time 20905 - 05:48:25)(time 21043 - 05:50:43) ->    31(time 21336 - 05:55:36)(time 21461 - 05:57:41) ->    30(time 21579 - 05:59:39)(time 21714 - 06:01:54) ->    29(time 21794 - 06:03:14)(time 21920 - 06:05:20) ->    28(time 22038 - 06:07:18)(time 22158 - 06:09:18) ->    27(time 22276 - 06:11:16)(time 22409 - 06:13:29) ->    26(time 22527 - 06:15:27)(time 22654 - 06:17:34) ->    25(time 22772 - 06:19:32)(time 22913 - 06:21:53) ->    24(time 23031 - 06:23:51)(time 23153 - 06:25:53) ->    23(time 23271 - 06:27:51)(time 23403 - 06:30:03) ->    22(time 23521 - 06:32:01)(time 23655 - 06:34:15) ->    21(time 23773 - 06:36:13)(time 23904 - 06:38:24) ->    20(time 24197 - 06:43:17)(time 24197 - 06:43:17) ->    0(time 24197 - 06:43:17)(time 24328 - 06:45:28) ->    1(time 24446 - 06:47:26)(time 24580 - 06:49:40) ->    2(time 24698 - 06:51:38)(time 24830 - 06:53:50) ->    3(time 24948 - 06:55:48)(time 25070 - 06:57:50) ->    4(time 25188 - 06:59:48)(time 25329 - 07:02:09) ->    5(time 25447 - 07:04:07)(time 25574 - 07:06:14) ->    6(time 25692 - 07:08:12)(time 25825 - 07:10:25) ->    7(time 25943 - 07:12:23)(time 26063 - 07:14:23) ->    8(time 26181 - 07:16:21)(time 26307 - 07:18:27) ->    9(time 26387 - 07:19:47)(time 26522 - 07:22:02) ->    10(time 26640 - 07:24:00)(time 26765 - 07:26:05) ->    11(time 27058 - 07:30:58)(time 27196 - 07:33:16) ->    12(time 27276 - 07:34:36)(time 27401 - 07:36:41) ->    13(time 27519 - 07:38:39)(time 27640 - 07:40:40) ->    14(time 27758 - 07:42:38)(time 27892 - 07:44:52) ->    15(time 28010 - 07:46:50)(time 28132 - 07:48:52) ->    16(time 28250 - 07:50:50)(time 28379 - 07:52:59) ->    17(time 28672 - 07:57:52)(time 28806 - 08:00:06) ->    18(time 28924 - 08:02:04)(time 29060 - 08:04:20) ->    19(time 29353 - 08:09:13)(time 29353 - 08:09:13) -> 39
=============
Train 2
=============
> Trip 0
   31(time 0 - 00:00:00)(time 125 - 00:02:05) ->    30(time 243 - 00:04:03)(time 378 - 00:06:18) ->    29(time 458 - 00:07:38)(time 584 - 00:09:44) ->    28(time 702 - 00:11:42)(time 822 - 00:13:42) ->    27(time 940 - 00:15:40)(time 1073 - 00:17:53) ->    26(time 1191 - 00:19:51)(time 1318 - 00:21:58) ->    25(time 1436 - 00:23:56)(time 1577 - 00:26:17) ->    24(time 1695 - 00:28:15)(time 1817 - 00:30:17) ->    23(time 1935 - 00:32:15)(time 2067 - 00:34:27) ->    22(time 2185 - 00:36:25)(time 2319 - 00:38:39) ->    21(time 2437 - 00:40:37)(time 2568 - 00:42:48) -> 20
> Trip 1
   0(time 2568 - 00:42:48)(time 2699 - 00:44:59) ->    1(time 2817 - 00:46:57)(time 2951 - 00:49:11) ->    2(time 3069 - 00:51:09)(time 3201 - 00:53:21) ->    3(time 3319 - 00:55:19)(time 3441 - 00:57:21) ->    4(time 3559 - 00:59:19)(time 3700 - 01:01:40) ->    5(time 3818 - 01:03:38)(time 3945 - 01:05:45) ->    6(time 4063 - 01:07:43)(time 4196 - 01:09:56) ->    7(time 4371 - 01:12:51)(time 4491 - 01:14:51) ->    8(time 4908 - 01:21:48)(time 5034 - 01:23:54) ->    9(time 5451 - 01:30:51)(time 5586 - 01:33:06) ->    10(time 5704 - 01:35:04)(time 5829 - 01:37:09) ->    11(time 6122 - 01:42:02)(time 6260 - 01:44:20) ->    12(time 6340 - 01:45:40)(time 6465 - 01:47:45) ->    13(time 6583 - 01:49:43)(time 6704 - 01:51:44) ->    14(time 6822 - 01:53:42)(time 6956 - 01:55:56) ->    15(time 7074 - 01:57:54)(time 7196 - 01:59:56) ->    16(time 7314 - 02:01:54)(time 7443 - 02:04:03) ->    17(time 7736 - 02:08:56)(time 7870 - 02:11:10) ->    18(time 7988 - 02:13:08)(time 8124 - 02:15:24) ->    19(time 8417 - 02:20:17)(time 8417 - 02:20:17) ->    39(time 8417 - 02:20:17)(time 8553 - 02:22:33) ->    38(time 8671 - 02:24:31)(time 8805 - 02:26:45) ->    37(time 9098 - 02:31:38)(time 9227 - 02:33:47) ->    36(time 9345 - 02:35:45)(time 9467 - 02:37:47) ->    35(time 9585 - 02:39:45)(time 9719 - 02:41:59) ->    34(time 9837 - 02:43:57)(time 9958 - 02:45:58) ->    33(time 10076 - 02:47:56)(time 10201 - 02:50:01) ->    32(time 10281 - 02:51:21)(time 10419 - 02:53:39) ->    31(time 10712 - 02:58:32)(time 10837 - 03:00:37) ->    30(time 10955 - 03:02:35)(time 11090 - 03:04:50) ->    29(time 11170 - 03:06:10)(time 11296 - 03:08:16) ->    28(time 11414 - 03:10:14)(time 11534 - 03:12:14) ->    27(time 11652 - 03:14:12)(time 11785 - 03:16:25) ->    26(time 11903 - 03:18:23)(time 12030 - 03:20:30) ->    25(time 12148 - 03:22:28)(time 12289 - 03:24:49) ->    24(time 12407 - 03:26:47)(time 12529 - 03:28:49) ->    23(time 12647 - 03:30:47)(time 12779 - 03:32:59) ->    22(time 12897 - 03:34:57)(time 13031 - 03:37:11) ->    21(time 13149 - 03:39:09)(time 13280 - 03:41:20) ->    20(time 13573 - 03:46:13)(time 13573 - 03:46:13) -> 0
> Trip 2
   0(time 18558 - 05:09:18)(time 18689 - 05:11:29) ->    1(time 18807 - 05:13:27)(time 18941 - 05:15:41) ->    2(time 19059 - 05:17:39)(time 19191 - 05:19:51) ->    3(time 19309 - 05:21:49)(time 19431 - 05:23:51) ->    4(time 19549 - 05:25:49)(time 19690 - 05:28:10) ->    5(time 19808 - 05:30:08)(time 19935 - 05:32:15) ->    6(time 20053 - 05:34:13)(time 20186 - 05:36:26) ->    7(time 20304 - 05:38:24)(time 20424 - 05:40:24) ->    8(time 20542 - 05:42:22)(time 20668 - 05:44:28) ->    9(time 20748 - 05:45:48)(time 20883 - 05:48:03) ->    10(time 21001 - 05:50:01)(time 21126 - 05:52:06) ->    11(time 21419 - 05:56:59)(time 21557 - 05:59:17) ->    12(time 21637 - 06:00:37)(time 21762 - 06:02:42) ->    13(time 21880 - 06:04:40)(time 22001 - 06:06:41) ->    14(time 22119 - 06:08:39)(time 22253 - 06:10:53) ->    15(time 22371 - 06:12:51)(time 22493 - 06:14:53) ->    16(time 22611 - 06:16:51)(time 22740 - 06:19:00) ->    17(time 23033 - 06:23:53)(time 23167 - 06:26:07) ->    18(time 23285 - 06:28:05)(time 23421 - 06:30:21) ->    19(time 23714 - 06:35:14)(time 23714 - 06:35:14) ->    39(time 23714 - 06:35:14)(time 23850 - 06:37:30) ->    38(time 23968 - 06:39:28)(time 24102 - 06:41:42) ->    37(time 24395 - 06:46:35)(time 24524 - 06:48:44) ->    36(time 24642 - 06:50:42)(time 24764 - 06:52:44) ->    35(time 24882 - 06:54:42)(time 25016 - 06:56:56) ->    34(time 25134 - 06:58:54)(time 25255 - 07:00:55) ->    33(time 25373 - 07:02:53)(time 25498 - 07:04:58) ->    32(time 25578 - 07:06:18)(time 25716 - 07:08:36) ->    31(time 26009 - 07:13:29)(time 26134 - 07:15:34) ->    30(time 26252 - 07:17:32)(time 26387 - 07:19:47) ->    29(time 26760 - 07:26:00)(time 26886 - 07:28:06) ->    28(time 27004 - 07:30:04)(time 27124 - 07:32:04) ->    27(time 27242 - 07:34:02)(time 27375 - 07:36:15) ->    26(time 27493 - 07:38:13)(time 27620 - 07:40:20) ->    25(time 27738 - 07:42:18)(time 27879 - 07:44:39) ->    24(time 27997 - 07:46:37)(time 28119 - 07:48:39) ->    23(time 28237 - 07:50:37)(time 28369 - 07:52:49) ->    22(time 28487 - 07:54:47)(time 28621 - 07:57:01) ->    21(time 28739 - 07:58:59)(time 28870 - 08:01:10) ->    20(time 29163 - 08:06:03)(time 29163 - 08:06:03) -> 0
