t3p24r7h5.txt:
   > Trying to open the instance file...
   > Reading number of trains...
   > Reading maximum number of trips per train...
   > Reading time intervals...
   > Reading number of points...
   > Reading stations...
   > Reading crossings...
   > Reading depots...
   > Reading initial point...
   > Reading routes...
   > Reading distance and distance and service...
   > Reading demands...
   > Reading maximum time...
   > Reading alpha...

--------------------------------
 Printing instance
--------------------------------
number of trains = 3
	max trips per trains: 3     3     3
number of intervals = 5
	(0,  12640)	(12641,  25280)	(25281,  37920)	(37921,  50560)	(50561,  63204)
number of points = 24
	initial point: 23
	stations: 0     1     2     3     4     5     6     7     8    10    11    12    13    14    15    16    17    18    19    20    21    22    23
	crossings: 0     5     6     9    21    23
	depots: 0    21    23
number of vertices = 48
	total vertices: 0     1     2     3     4     5     6     7     8     9    10    11    12    13    14    15    16    17    18    19    20    21    22    23    24    25    26    27    28    29    30    31    32    33    34    35    36    37    38    39    40    41    42    43    44    45    46    47
	upper vertices: 0     1     2     3     4     5     6     7     8     9    10    11    12    13    14    15    16    17    18    19    20    21    22    23
	lower vertices: 24    25    26    27    28    29    30    31    32    33    34    35    36    37    38    39    40    41    42    43    44    45    46    47
	vertices of point #0: (0, 24)
	vertices of point #1: (1, 25)
	vertices of point #2: (2, 26)
	vertices of point #3: (3, 27)
	vertices of point #4: (4, 28)
	vertices of point #5: (5, 29)
	vertices of point #6: (6, 30)
	vertices of point #7: (7, 31)
	vertices of point #8: (8, 32)
	vertices of point #9: (9, 33)
	vertices of point #10: (10, 34)
	vertices of point #11: (11, 35)
	vertices of point #12: (12, 36)
	vertices of point #13: (13, 37)
	vertices of point #14: (14, 38)
	vertices of point #15: (15, 39)
	vertices of point #16: (16, 40)
	vertices of point #17: (17, 41)
	vertices of point #18: (18, 42)
	vertices of point #19: (19, 43)
	vertices of point #20: (20, 44)
	vertices of point #21: (21, 45)
	vertices of point #22: (22, 46)
	vertices of point #23: (23, 47)

arcs...
	total arcs: 
		arc #0: (0, 1)
		arc #1: (0, 24)
		arc #2: (24, 0)
		arc #3: (1, 2)
		arc #4: (25, 24)
		arc #5: (2, 3)
		arc #6: (26, 25)
		arc #7: (3, 4)
		arc #8: (27, 26)
		arc #9: (4, 5)
		arc #10: (28, 27)
		arc #11: (5, 6)
		arc #12: (29, 28)
		arc #13: (6, 7)
		arc #14: (30, 29)
		arc #15: (7, 8)
		arc #16: (31, 30)
		arc #17: (8, 9)
		arc #18: (32, 31)
		arc #19: (9, 10)
		arc #20: (33, 32)
		arc #21: (10, 11)
		arc #22: (34, 33)
		arc #23: (11, 12)
		arc #24: (35, 34)
		arc #25: (12, 13)
		arc #26: (36, 35)
		arc #27: (13, 14)
		arc #28: (37, 36)
		arc #29: (14, 15)
		arc #30: (38, 37)
		arc #31: (15, 16)
		arc #32: (39, 38)
		arc #33: (16, 17)
		arc #34: (40, 39)
		arc #35: (17, 18)
		arc #36: (41, 40)
		arc #37: (18, 19)
		arc #38: (42, 41)
		arc #39: (19, 20)
		arc #40: (43, 42)
		arc #41: (20, 21)
		arc #42: (44, 43)
		arc #43: (21, 22)
		arc #44: (45, 44)
		arc #45: (21, 45)
		arc #46: (45, 21)
		arc #47: (22, 23)
		arc #48: (46, 45)
		arc #49: (47, 46)
		arc #50: (23, 47)
		arc #51: (47, 23)

	reverse arcs: 
		arc #1: (0, 24)
		arc #2: (24, 0)
		arc #45: (21, 45)
		arc #46: (45, 21)
		arc #50: (23, 47)
		arc #51: (47, 23)


incompatible points...
	(0, 4, 29, (4, 5))	(29, 25, 0, (25, 24))	(5, 5, 30, (5, 6))	(30, 30, 5, (30, 29))	(6, 8, 33, (8, 9))	(33, 31, 6, (31, 30))	(9, 20, 45, (20, 21))	(45, 34, 9, (34, 33))	(21, 22, 47, (22, 23))	(47, 46, 21, (46, 45))

number of routes = 7
vertices of routes...
	route #0: 0     1     2     3     4     5     6     7     8     9    10    11    12    13    14    15    16    17    18    19    20    21    22    23    47    46    45    44    43    42    41    40    39    38    37    36    35    34    33    32    31    30    29    28    27    26    25    24     0
	route #1: 47    46    45    44    43    42    41    40    39    38    37    36    35    34    33    32    31    30    29    28    27    26    25    24     0     1     2     3     4     5     6     7     8     9    10    11    12    13    14    15    16    17    18    19    20    21    22    23    47
	route #2: 21    22    23
	route #3: 45    44    43    42    41    40    39    38    37    36    35    34    33    32    31    30    29    28    27    26    25    24
	route #4: 0     1     2     3     4     5     6     7     8     9    10    11    12    13    14    15    16    17    18    19    20    21
	route #5: 47    46    45
	route #6: 21    22    23    47    46    45    21
arcs of routes...
	route #0: 0     3     5     7     9    11    13    15    17    19    21    23    25    27    29    31    33    35    37    39    41    43    47    50    49    48    44    42    40    38    36    34    32    30    28    26    24    22    20    18    16    14    12    10     8     6     4     2
	route #1: 49    48    44    42    40    38    36    34    32    30    28    26    24    22    20    18    16    14    12    10     8     6     4     2     0     3     5     7     9    11    13    15    17    19    21    23    25    27    29    31    33    35    37    39    41    43    47    50
	route #2: 43    47
	route #3: 44    42    40    38    36    34    32    30    28    26    24    22    20    18    16    14    12    10     8     6     4
	route #4: 0     3     5     7     9    11    13    15    17    19    21    23    25    27    29    31    33    35    37    39    41
	route #5: 49    48
	route #6: 43    47    50    49    48    46

incompatible routes...
	(0, 1)    	(0, 2)    	(0, 3)    	(0, 5)    	(0, 6)    	(1, 0)    	(1, 2)    	(1, 3)    	(1, 4)    	(1, 6)    	(2, 0)    	(2, 2)    	(2, 3)    	(2, 4)    	(2, 6)    	(3, 1)    	(3, 2)    	(3, 3)    	(3, 5)    	(3, 6)    	(4, 0)    	(4, 1)    	(4, 4)    	(4, 5)    	(5, 0)    	(5, 1)    	(5, 4)    	(5, 5)    	(6, 0)    	(6, 1)    	(6, 4)    	(6, 5)

vertices that can be adjacent in consecutive trips...
	(0, 0)    	(21, 21)    	(21, 45)    	(23, 47)    	(24, 0)    	(45, 21)    	(45, 45)    	(47, 47)
non cyclical routes: 
       2       3       4       5

routes of trip...
	routes that train #0 can complete at trip #0: 1       5
	routes that train #0 can complete at trip #1: 0       1       2       3       4       5       6
	routes that train #0 can complete at trip #2: 0       1       2       3       4       5       6

	routes that train #1 can complete at trip #0: 1       5
	routes that train #1 can complete at trip #1: 0       1       2       3       4       5       6
	routes that train #1 can complete at trip #2: 0       1       2       3       4       5       6

	routes that train #2 can complete at trip #0: 1       5
	routes that train #2 can complete at trip #1: 0       1       2       3       4       5       6
	routes that train #2 can complete at trip #2: 0       1       2       3       4       5       6

 cost...
	arc #0 [0][1]: 195
	arc #1 [0][24]: 0
	arc #2 [24][0]: 0
	arc #3 [1][2]: 190
	arc #4 [25][24]: 195
	arc #5 [2][3]: 174
	arc #6 [26][25]: 190
	arc #7 [3][4]: 176
	arc #8 [27][26]: 174
	arc #9 [4][5]: 177
	arc #10 [28][27]: 176
	arc #11 [5][6]: 198
	arc #12 [29][28]: 177
	arc #13 [6][7]: 162
	arc #14 [30][29]: 198
	arc #15 [7][8]: 171
	arc #16 [31][30]: 162
	arc #17 [8][9]: 185
	arc #18 [32][31]: 171
	arc #19 [9][10]: 168
	arc #20 [33][32]: 185
	arc #21 [10][11]: 173
	arc #22 [34][33]: 168
	arc #23 [11][12]: 168
	arc #24 [35][34]: 173
	arc #25 [12][13]: 193
	arc #26 [36][35]: 168
	arc #27 [13][14]: 199
	arc #28 [37][36]: 193
	arc #29 [14][15]: 169
	arc #30 [38][37]: 199
	arc #31 [15][16]: 165
	arc #32 [39][38]: 169
	arc #33 [16][17]: 191
	arc #34 [40][39]: 165
	arc #35 [17][18]: 190
	arc #36 [41][40]: 191
	arc #37 [18][19]: 175
	arc #38 [42][41]: 190
	arc #39 [19][20]: 177
	arc #40 [43][42]: 175
	arc #41 [20][21]: 184
	arc #42 [44][43]: 177
	arc #43 [21][22]: 172
	arc #44 [45][44]: 184
	arc #45 [21][45]: 0
	arc #46 [45][21]: 0
	arc #47 [22][23]: 163
	arc #48 [46][45]: 172
	arc #49 [47][46]: 163
	arc #50 [23][47]: 0
	arc #51 [47][23]: 0

cost with minimum service...
	arc #0 [0][1]: 256
	arc #1 [0][24]: 0
	arc #2 [24][0]: 0
	arc #3 [1][2]: 251
	arc #4 [25][24]: 453
	arc #5 [2][3]: 235
	arc #6 [26][25]: 251
	arc #7 [3][4]: 237
	arc #8 [27][26]: 235
	arc #9 [4][5]: 238
	arc #10 [28][27]: 237
	arc #11 [5][6]: 259
	arc #12 [29][28]: 238
	arc #13 [6][7]: 223
	arc #14 [30][29]: 259
	arc #15 [7][8]: 232
	arc #16 [31][30]: 223
	arc #17 [8][9]: 244
	arc #18 [32][31]: 232
	arc #19 [9][10]: 229
	arc #20 [33][32]: 246
	arc #21 [10][11]: 234
	arc #22 [34][33]: 227
	arc #23 [11][12]: 229
	arc #24 [35][34]: 234
	arc #25 [12][13]: 254
	arc #26 [36][35]: 229
	arc #27 [13][14]: 260
	arc #28 [37][36]: 254
	arc #29 [14][15]: 230
	arc #30 [38][37]: 260
	arc #31 [15][16]: 226
	arc #32 [39][38]: 230
	arc #33 [16][17]: 252
	arc #34 [40][39]: 226
	arc #35 [17][18]: 251
	arc #36 [41][40]: 252
	arc #37 [18][19]: 236
	arc #38 [42][41]: 251
	arc #39 [19][20]: 238
	arc #40 [43][42]: 236
	arc #41 [20][21]: 442
	arc #42 [44][43]: 238
	arc #43 [21][22]: 233
	arc #44 [45][44]: 245
	arc #45 [21][45]: 0
	arc #46 [45][21]: 0
	arc #47 [22][23]: 421
	arc #48 [46][45]: 430
	arc #49 [47][46]: 224
	arc #50 [23][47]: 0
	arc #51 [47][23]: 0

cost with maximum service...
	arc #0 [0][1]: 554
	arc #1 [0][24]: 359
	arc #2 [24][0]: 359
	arc #3 [1][2]: 549
	arc #4 [25][24]: 554
	arc #5 [2][3]: 533
	arc #6 [26][25]: 549
	arc #7 [3][4]: 535
	arc #8 [27][26]: 533
	arc #9 [4][5]: 536
	arc #10 [28][27]: 535
	arc #11 [5][6]: 557
	arc #12 [29][28]: 536
	arc #13 [6][7]: 521
	arc #14 [30][29]: 557
	arc #15 [7][8]: 530
	arc #16 [31][30]: 521
	arc #17 [8][9]: 544
	arc #18 [32][31]: 530
	arc #19 [9][10]: 527
	arc #20 [33][32]: 544
	arc #21 [10][11]: 532
	arc #22 [34][33]: 527
	arc #23 [11][12]: 527
	arc #24 [35][34]: 532
	arc #25 [12][13]: 552
	arc #26 [36][35]: 527
	arc #27 [13][14]: 558
	arc #28 [37][36]: 552
	arc #29 [14][15]: 528
	arc #30 [38][37]: 558
	arc #31 [15][16]: 524
	arc #32 [39][38]: 528
	arc #33 [16][17]: 550
	arc #34 [40][39]: 524
	arc #35 [17][18]: 549
	arc #36 [41][40]: 550
	arc #37 [18][19]: 534
	arc #38 [42][41]: 549
	arc #39 [19][20]: 536
	arc #40 [43][42]: 534
	arc #41 [20][21]: 543
	arc #42 [44][43]: 536
	arc #43 [21][22]: 531
	arc #44 [45][44]: 543
	arc #45 [21][45]: 359
	arc #46 [45][21]: 359
	arc #47 [22][23]: 522
	arc #48 [46][45]: 531
	arc #49 [47][46]: 522
	arc #50 [23][47]: 359
	arc #51 [47][23]: 359

demands...
	demands of vertex 0 at time interval: 1     1     1     1     1
	demands of vertex 1 at time interval: 1     1     1     1     1
	demands of vertex 2 at time interval: 1     1     1     1     1
	demands of vertex 3 at time interval: 1     1     1     1     1
	demands of vertex 4 at time interval: 1     1     1     1     1
	demands of vertex 5 at time interval: 1     1     1     1     1
	demands of vertex 6 at time interval: 1     1     1     1     1
	demands of vertex 7 at time interval: 1     1     1     1     1
	demands of vertex 8 at time interval: 1     1     1     1     1
	demands of vertex 9 at time interval: 0     0     0     0     0
	demands of vertex 10 at time interval: 1     1     1     1     1
	demands of vertex 11 at time interval: 1     1     1     1     1
	demands of vertex 12 at time interval: 1     1     1     1     1
	demands of vertex 13 at time interval: 1     1     1     1     1
	demands of vertex 14 at time interval: 1     1     1     1     1
	demands of vertex 15 at time interval: 1     1     1     1     1
	demands of vertex 16 at time interval: 1     1     1     1     1
	demands of vertex 17 at time interval: 1     1     1     1     1
	demands of vertex 18 at time interval: 1     1     1     1     1
	demands of vertex 19 at time interval: 1     1     1     1     1
	demands of vertex 20 at time interval: 1     1     1     1     1
	demands of vertex 21 at time interval: 1     1     1     1     1
	demands of vertex 22 at time interval: 1     1     1     1     1
	demands of vertex 23 at time interval: 0     0     0     0     0
	demands of vertex 24 at time interval: 0     0     0     0     0
	demands of vertex 25 at time interval: 1     1     1     1     1
	demands of vertex 26 at time interval: 1     1     1     1     1
	demands of vertex 27 at time interval: 1     1     1     1     1
	demands of vertex 28 at time interval: 1     1     1     1     1
	demands of vertex 29 at time interval: 1     1     1     1     1
	demands of vertex 30 at time interval: 1     1     1     1     1
	demands of vertex 31 at time interval: 1     1     1     1     1
	demands of vertex 32 at time interval: 1     1     1     1     1
	demands of vertex 33 at time interval: 0     0     0     0     0
	demands of vertex 34 at time interval: 1     1     1     1     1
	demands of vertex 35 at time interval: 1     1     1     1     1
	demands of vertex 36 at time interval: 1     1     1     1     1
	demands of vertex 37 at time interval: 1     1     1     1     1
	demands of vertex 38 at time interval: 1     1     1     1     1
	demands of vertex 39 at time interval: 1     1     1     1     1
	demands of vertex 40 at time interval: 1     1     1     1     1
	demands of vertex 41 at time interval: 1     1     1     1     1
	demands of vertex 42 at time interval: 1     1     1     1     1
	demands of vertex 43 at time interval: 1     1     1     1     1
	demands of vertex 44 at time interval: 1     1     1     1     1
	demands of vertex 45 at time interval: 1     1     1     1     1
	demands of vertex 46 at time interval: 1     1     1     1     1
	demands of vertex 47 at time interval: 1     1     1     1     1

maximum time = 63204
alpha = 58

Selecting set of cyclical routes...

Selecting set of initial routes...

Creating initial set of candidate combinations...
Solving candidate combinations...

Found new best - 1/1 candidate combination(s) tested! (Thread 0)

Removing trips...

Solving candidate combinations...

1/3 candidate combination(s) tested! (Thread 0)
2/3 candidate combination(s) tested! (Thread 0)
3/3 candidate combination(s) tested! (Thread 0)

Relaxing trips, so the model can make changes...

>> Printing some results...
    -> Solution value = 49319 - 13:41:59
    -> Total time = 230.84

=============
Train 0
=============
> Trip 0
   47(time 24775 - 06:52:55)(time 24938 - 06:55:38) ->    46(time 24999 - 06:56:39)(time 25171 - 06:59:31) ->    45(time 25429 - 07:03:49)(time 25613 - 07:06:53) ->    44(time 25674 - 07:07:54)(time 25851 - 07:10:51) ->    43(time 25912 - 07:11:52)(time 26087 - 07:14:47) ->    42(time 26148 - 07:15:48)(time 26338 - 07:18:58) ->    41(time 26399 - 07:19:59)(time 26590 - 07:23:10) ->    40(time 26651 - 07:24:11)(time 26816 - 07:26:56) ->    39(time 26877 - 07:27:57)(time 27046 - 07:30:46) ->    38(time 27107 - 07:31:47)(time 27306 - 07:35:06) ->    37(time 27367 - 07:36:07)(time 27560 - 07:39:20) ->    36(time 27621 - 07:40:21)(time 27789 - 07:43:09) ->    35(time 27850 - 07:44:10)(time 28023 - 07:47:03) ->    34(time 28084 - 07:48:04)(time 28252 - 07:50:52) ->    33(time 28311 - 07:51:51)(time 28496 - 07:54:56) ->    32(time 28557 - 07:55:57)(time 28728 - 07:58:48) ->    31(time 28789 - 07:59:49)(time 28951 - 08:02:31) ->    30(time 29012 - 08:03:32)(time 29210 - 08:06:50) ->    29(time 29271 - 08:07:51)(time 29448 - 08:10:48) ->    28(time 29509 - 08:11:49)(time 29685 - 08:14:45) ->    27(time 29746 - 08:15:46)(time 29920 - 08:18:40) ->    26(time 29981 - 08:19:41)(time 30171 - 08:22:51) ->    25(time 30232 - 08:23:52)(time 30427 - 08:27:07) ->    24(time 30685 - 08:31:25)(time 30685 - 08:31:25) ->    0(time 30960 - 08:36:00)(time 31155 - 08:39:15) ->    1(time 31216 - 08:40:16)(time 31406 - 08:43:26) ->    2(time 31467 - 08:44:27)(time 31641 - 08:47:21) ->    3(time 31702 - 08:48:22)(time 31878 - 08:51:18) ->    4(time 31939 - 08:52:19)(time 32116 - 08:55:16) ->    5(time 32177 - 08:56:17)(time 32375 - 08:59:35) ->    6(time 32436 - 09:00:36)(time 32598 - 09:03:18) ->    7(time 32659 - 09:04:19)(time 32830 - 09:07:10) ->    8(time 32891 - 09:08:11)(time 33076 - 09:11:16) ->    9(time 33135 - 09:12:15)(time 33303 - 09:15:03) ->    10(time 33364 - 09:16:04)(time 33537 - 09:18:57) ->    11(time 33598 - 09:19:58)(time 33766 - 09:22:46) ->    12(time 33827 - 09:23:47)(time 34020 - 09:27:00) ->    13(time 34081 - 09:28:01)(time 34280 - 09:31:20) ->    14(time 34341 - 09:32:21)(time 34510 - 09:35:10) ->    15(time 34571 - 09:36:11)(time 34736 - 09:38:56) ->    16(time 34797 - 09:39:57)(time 34988 - 09:43:08) ->    17(time 35049 - 09:44:09)(time 35239 - 09:47:19) ->    18(time 35300 - 09:48:20)(time 35475 - 09:51:15) ->    19(time 35536 - 09:52:16)(time 35713 - 09:55:13) ->    20(time 35774 - 09:56:14)(time 35958 - 09:59:18) ->    21(time 36216 - 10:03:36)(time 36388 - 10:06:28) ->    22(time 36449 - 10:07:29)(time 36612 - 10:10:12) ->    23(time 36870 - 10:14:30)(time 36870 - 10:14:30) -> 47
> Trip 1
   47(time 36870 - 10:14:30)(time 37033 - 10:17:13) ->    46(time 37094 - 10:18:14)(time 37266 - 10:21:06) ->    45(time 37625 - 10:27:05)(time 37809 - 10:30:09) ->    44(time 37921 - 10:32:01)(time 38098 - 10:34:58) ->    43(time 38159 - 10:35:59)(time 38334 - 10:38:54) ->    42(time 38395 - 10:39:55)(time 38585 - 10:43:05) ->    41(time 38646 - 10:44:06)(time 38837 - 10:47:17) ->    40(time 38898 - 10:48:18)(time 39063 - 10:51:03) ->    39(time 39124 - 10:52:04)(time 39293 - 10:54:53) ->    38(time 39354 - 10:55:54)(time 39553 - 10:59:13) ->    37(time 39714 - 11:01:54)(time 39907 - 11:05:07) ->    36(time 39968 - 11:06:08)(time 40136 - 11:08:56) ->    35(time 40197 - 11:09:57)(time 40370 - 11:12:50) ->    34(time 40431 - 11:13:51)(time 40599 - 11:16:39) ->    33(time 40658 - 11:17:38)(time 40843 - 11:20:43) ->    32(time 40904 - 11:21:44)(time 41075 - 11:24:35) ->    31(time 41136 - 11:25:36)(time 41298 - 11:28:18) ->    30(time 41359 - 11:29:19)(time 41557 - 11:32:37) ->    29(time 41618 - 11:33:38)(time 41795 - 11:36:35) ->    28(time 41856 - 11:37:36)(time 42032 - 11:40:32) ->    27(time 42093 - 11:41:33)(time 42267 - 11:44:27) ->    26(time 42328 - 11:45:28)(time 42518 - 11:48:38) ->    25(time 42579 - 11:49:39)(time 42774 - 11:52:54) ->    24(time 43032 - 11:57:12)(time 43032 - 11:57:12) ->    0(time 43032 - 11:57:12)(time 43227 - 12:00:27) ->    1(time 43288 - 12:01:28)(time 43478 - 12:04:38) ->    2(time 43539 - 12:05:39)(time 43713 - 12:08:33) ->    3(time 43774 - 12:09:34)(time 43950 - 12:12:30) ->    4(time 44011 - 12:13:31)(time 44188 - 12:16:28) ->    5(time 44249 - 12:17:29)(time 44447 - 12:20:47) ->    6(time 44508 - 12:21:48)(time 44670 - 12:24:30) ->    7(time 44731 - 12:25:31)(time 44902 - 12:28:22) ->    8(time 44963 - 12:29:23)(time 45148 - 12:32:28) ->    9(time 45507 - 12:38:27)(time 45675 - 12:41:15) ->    10(time 45850 - 12:44:10)(time 46023 - 12:47:03) ->    11(time 46084 - 12:48:04)(time 46252 - 12:50:52) ->    12(time 46313 - 12:51:53)(time 46506 - 12:55:06) ->    13(time 46865 - 13:01:05)(time 47064 - 13:04:24) ->    14(time 47125 - 13:05:25)(time 47294 - 13:08:14) ->    15(time 47355 - 13:09:15)(time 47520 - 13:12:00) ->    16(time 47581 - 13:13:01)(time 47772 - 13:16:12) ->    17(time 48131 - 13:22:11)(time 48321 - 13:25:21) ->    18(time 48680 - 13:31:20)(time 48855 - 13:34:15) ->    19(time 48916 - 13:35:16)(time 49093 - 13:38:13) ->    20(time 49154 - 13:39:14)(time 49338 - 13:42:18) ->    21(time 49609 - 13:46:49)(time 49781 - 13:49:41) ->    22(time 50140 - 13:55:40)(time 50303 - 13:58:23) ->    23(time 50561 - 14:02:41)(time 50561 - 14:02:41) -> 47
> Trip 2
   47(time 50561 - 14:02:41)(time 50724 - 14:05:24) ->    46(time 50785 - 14:06:25)(time 50957 - 14:09:17) ->    45(time 51215 - 14:13:35)(time 51399 - 14:16:39) ->    44(time 51460 - 14:17:40)(time 51637 - 14:20:37) ->    43(time 51698 - 14:21:38)(time 51873 - 14:24:33) ->    42(time 51934 - 14:25:34)(time 52124 - 14:28:44) ->    41(time 52185 - 14:29:45)(time 52376 - 14:32:56) ->    40(time 52437 - 14:33:57)(time 52602 - 14:36:42) ->    39(time 52663 - 14:37:43)(time 52832 - 14:40:32) ->    38(time 52893 - 14:41:33)(time 53092 - 14:44:52) ->    37(time 53153 - 14:45:53)(time 53346 - 14:49:06) ->    36(time 53407 - 14:50:07)(time 53575 - 14:52:55) ->    35(time 53636 - 14:53:56)(time 53809 - 14:56:49) ->    34(time 53870 - 14:57:50)(time 54038 - 15:00:38) ->    33(time 54097 - 15:01:37)(time 54282 - 15:04:42) ->    32(time 54343 - 15:05:43)(time 54514 - 15:08:34) ->    31(time 54575 - 15:09:35)(time 54737 - 15:12:17) ->    30(time 54798 - 15:13:18)(time 54996 - 15:16:36) ->    29(time 55057 - 15:17:37)(time 55234 - 15:20:34) ->    28(time 55295 - 15:21:35)(time 55471 - 15:24:31) ->    27(time 55532 - 15:25:32)(time 55706 - 15:28:26) ->    26(time 55767 - 15:29:27)(time 55957 - 15:32:37) ->    25(time 56018 - 15:33:38)(time 56213 - 15:36:53) ->    24(time 56471 - 15:41:11)(time 56471 - 15:41:11) ->    0(time 56471 - 15:41:11)(time 56666 - 15:44:26) ->    1(time 56727 - 15:45:27)(time 56917 - 15:48:37) ->    2(time 56978 - 15:49:38)(time 57152 - 15:52:32) ->    3(time 57213 - 15:53:33)(time 57389 - 15:56:29) ->    4(time 57450 - 15:57:30)(time 57627 - 16:00:27) ->    5(time 57688 - 16:01:28)(time 57886 - 16:04:46) ->    6(time 57947 - 16:05:47)(time 58109 - 16:08:29) ->    7(time 58170 - 16:09:30)(time 58341 - 16:12:21) ->    8(time 58402 - 16:13:22)(time 58587 - 16:16:27) ->    9(time 58646 - 16:17:26)(time 58814 - 16:20:14) ->    10(time 58875 - 16:21:15)(time 59048 - 16:24:08) ->    11(time 59109 - 16:25:09)(time 59277 - 16:27:57) ->    12(time 59338 - 16:28:58)(time 59531 - 16:32:11) ->    13(time 59592 - 16:33:12)(time 59791 - 16:36:31) ->    14(time 59852 - 16:37:32)(time 60021 - 16:40:21) ->    15(time 60082 - 16:41:22)(time 60247 - 16:44:07) ->    16(time 60308 - 16:45:08)(time 60499 - 16:48:19) ->    17(time 60560 - 16:49:20)(time 60750 - 16:52:30) ->    18(time 60811 - 16:53:31)(time 60986 - 16:56:26) ->    19(time 61047 - 16:57:27)(time 61224 - 17:00:24) ->    20(time 61285 - 17:01:25)(time 61469 - 17:04:29) ->    21(time 61727 - 17:08:47)(time 61899 - 17:11:39) ->    22(time 61960 - 17:12:40)(time 62123 - 17:15:23) ->    23(time 62482 - 17:21:22)(time 62482 - 17:21:22) -> 47
=============
Train 1
=============
> Trip 0
   47(time 23685 - 06:34:45)(time 23848 - 06:37:28) ->    46(time 24207 - 06:43:27)(time 24379 - 06:46:19) ->    45(time 24738 - 06:52:18)(time 24922 - 06:55:22) ->    44(time 25281 - 07:01:21)(time 25458 - 07:04:18) ->    43(time 25519 - 07:05:19)(time 25694 - 07:08:14) ->    42(time 25755 - 07:09:15)(time 25945 - 07:12:25) ->    41(time 26006 - 07:13:26)(time 26197 - 07:16:37) ->    40(time 26258 - 07:17:38)(time 26423 - 07:20:23) ->    39(time 26484 - 07:21:24)(time 26653 - 07:24:13) ->    38(time 26714 - 07:25:14)(time 26913 - 07:28:33) ->    37(time 26974 - 07:29:34)(time 27167 - 07:32:47) ->    36(time 27228 - 07:33:48)(time 27396 - 07:36:36) ->    35(time 27457 - 07:37:37)(time 27630 - 07:40:30) ->    34(time 27691 - 07:41:31)(time 27859 - 07:44:19) ->    33(time 27918 - 07:45:18)(time 28103 - 07:48:23) ->    32(time 28164 - 07:49:24)(time 28335 - 07:52:15) ->    31(time 28396 - 07:53:16)(time 28558 - 07:55:58) ->    30(time 28619 - 07:56:59)(time 28817 - 08:00:17) ->    29(time 28878 - 08:01:18)(time 29055 - 08:04:15) ->    28(time 29116 - 08:05:16)(time 29292 - 08:08:12) ->    27(time 29353 - 08:09:13)(time 29527 - 08:12:07) ->    26(time 29588 - 08:13:08)(time 29778 - 08:16:18) ->    25(time 29839 - 08:17:19)(time 30034 - 08:20:34) ->    24(time 30326 - 08:25:26)(time 30326 - 08:25:26) ->    0(time 30685 - 08:31:25)(time 30880 - 08:34:40) ->    1(time 30941 - 08:35:41)(time 31131 - 08:38:51) ->    2(time 31192 - 08:39:52)(time 31366 - 08:42:46) ->    3(time 31427 - 08:43:47)(time 31603 - 08:46:43) ->    4(time 31664 - 08:47:44)(time 31841 - 08:50:41) ->    5(time 31902 - 08:51:42)(time 32100 - 08:55:00) ->    6(time 32161 - 08:56:01)(time 32323 - 08:58:43) ->    7(time 32384 - 08:59:44)(time 32555 - 09:02:35) ->    8(time 32616 - 09:03:36)(time 32801 - 09:06:41) ->    9(time 32860 - 09:07:40)(time 33028 - 09:10:28) ->    10(time 33089 - 09:11:29)(time 33262 - 09:14:22) ->    11(time 33323 - 09:15:23)(time 33491 - 09:18:11) ->    12(time 33552 - 09:19:12)(time 33745 - 09:22:25) ->    13(time 33806 - 09:23:26)(time 34005 - 09:26:45) ->    14(time 34066 - 09:27:46)(time 34235 - 09:30:35) ->    15(time 34296 - 09:31:36)(time 34461 - 09:34:21) ->    16(time 34522 - 09:35:22)(time 34713 - 09:38:33) ->    17(time 34774 - 09:39:34)(time 34964 - 09:42:44) ->    18(time 35025 - 09:43:45)(time 35200 - 09:46:40) ->    19(time 35261 - 09:47:41)(time 35438 - 09:50:38) ->    20(time 35499 - 09:51:39)(time 35683 - 09:54:43) ->    21(time 35941 - 09:59:01)(time 36113 - 10:01:53) ->    22(time 36174 - 10:02:54)(time 36337 - 10:05:37) ->    23(time 36612 - 10:10:12)(time 36612 - 10:10:12) -> 47
> Trip 1
   47(time 36612 - 10:10:12)(time 36775 - 10:12:55) ->    46(time 36836 - 10:13:56)(time 37008 - 10:16:48) ->    45(time 37266 - 10:21:06)(time 37450 - 10:24:10) ->    44(time 37763 - 10:29:23)(time 37940 - 10:32:20) ->    43(time 38001 - 10:33:21)(time 38176 - 10:36:16) ->    42(time 38237 - 10:37:17)(time 38427 - 10:40:27) ->    41(time 38488 - 10:41:28)(time 38679 - 10:44:39) ->    40(time 38740 - 10:45:40)(time 38905 - 10:48:25) ->    39(time 38966 - 10:49:26)(time 39135 - 10:52:15) ->    38(time 39196 - 10:53:16)(time 39395 - 10:56:35) ->    37(time 39456 - 10:57:36)(time 39649 - 11:00:49) ->    36(time 39710 - 11:01:50)(time 39878 - 11:04:38) ->    35(time 39939 - 11:05:39)(time 40112 - 11:08:32) ->    34(time 40173 - 11:09:33)(time 40341 - 11:12:21) ->    33(time 40400 - 11:13:20)(time 40585 - 11:16:25) ->    32(time 40646 - 11:17:26)(time 40817 - 11:20:17) ->    31(time 40878 - 11:21:18)(time 41040 - 11:24:00) ->    30(time 41101 - 11:25:01)(time 41299 - 11:28:19) ->    29(time 41360 - 11:29:20)(time 41537 - 11:32:17) ->    28(time 41598 - 11:33:18)(time 41774 - 11:36:14) ->    27(time 41835 - 11:37:15)(time 42009 - 11:40:09) ->    26(time 42070 - 11:41:10)(time 42260 - 11:44:20) ->    25(time 42321 - 11:45:21)(time 42516 - 11:48:36) ->    24(time 42774 - 11:52:54)(time 42774 - 11:52:54) ->    0(time 42774 - 11:52:54)(time 42969 - 11:56:09) ->    1(time 43030 - 11:57:10)(time 43220 - 12:00:20) ->    2(time 43281 - 12:01:21)(time 43455 - 12:04:15) ->    3(time 43516 - 12:05:16)(time 43692 - 12:08:12) ->    4(time 43753 - 12:09:13)(time 43930 - 12:12:10) ->    5(time 43991 - 12:13:11)(time 44189 - 12:16:29) ->    6(time 44250 - 12:17:30)(time 44412 - 12:20:12) ->    7(time 44473 - 12:21:13)(time 44644 - 12:24:04) ->    8(time 44705 - 12:25:05)(time 44890 - 12:28:10) ->    9(time 44949 - 12:29:09)(time 45117 - 12:31:57) ->    10(time 45178 - 12:32:58)(time 45351 - 12:35:51) ->    11(time 45412 - 12:36:52)(time 45580 - 12:39:40) ->    12(time 45641 - 12:40:41)(time 45834 - 12:43:54) ->    13(time 45895 - 12:44:55)(time 46094 - 12:48:14) ->    14(time 46155 - 12:49:15)(time 46324 - 12:52:04) ->    15(time 46385 - 12:53:05)(time 46550 - 12:55:50) ->    16(time 46611 - 12:56:51)(time 46802 - 13:00:02) ->    17(time 46863 - 13:01:03)(time 47053 - 13:04:13) ->    18(time 47114 - 13:05:14)(time 47289 - 13:08:09) ->    19(time 47350 - 13:09:10)(time 47527 - 13:12:07) ->    20(time 47588 - 13:13:08)(time 47772 - 13:16:12) ->    21(time 48030 - 13:20:30)(time 48202 - 13:23:22) ->    22(time 48263 - 13:24:23)(time 48426 - 13:27:06) ->    23(time 48684 - 13:31:24)(time 48684 - 13:31:24) -> 47
> Trip 2
   47(time 48684 - 13:31:24)(time 48847 - 13:34:07) ->    46(time 48908 - 13:35:08)(time 49080 - 13:38:00) ->    45(time 49338 - 13:42:18)(time 49522 - 13:45:22) ->    44(time 49583 - 13:46:23)(time 49760 - 13:49:20) ->    43(time 49821 - 13:50:21)(time 49996 - 13:53:16) ->    42(time 50057 - 13:54:17)(time 50247 - 13:57:27) ->    41(time 50308 - 13:58:28)(time 50499 - 14:01:39) ->    40(time 50560 - 14:02:40)(time 50725 - 14:05:25) ->    39(time 50786 - 14:06:26)(time 50955 - 14:09:15) ->    38(time 51016 - 14:10:16)(time 51215 - 14:13:35) ->    37(time 51276 - 14:14:36)(time 51469 - 14:17:49) ->    36(time 51795 - 14:23:15)(time 51963 - 14:26:03) ->    35(time 52024 - 14:27:04)(time 52197 - 14:29:57) ->    34(time 52258 - 14:30:58)(time 52426 - 14:33:46) ->    33(time 52485 - 14:34:45)(time 52670 - 14:37:50) ->    32(time 52731 - 14:38:51)(time 52902 - 14:41:42) ->    31(time 53261 - 14:47:41)(time 53423 - 14:50:23) ->    30(time 53484 - 14:51:24)(time 53682 - 14:54:42) ->    29(time 53743 - 14:55:43)(time 53920 - 14:58:40) ->    28(time 54279 - 15:04:39)(time 54455 - 15:07:35) ->    27(time 54516 - 15:08:36)(time 54690 - 15:11:30) ->    26(time 54751 - 15:12:31)(time 54941 - 15:15:41) ->    25(time 55300 - 15:21:40)(time 55495 - 15:24:55) ->    24(time 55854 - 15:30:54)(time 55854 - 15:30:54) ->    0(time 56213 - 15:36:53)(time 56408 - 15:40:08) ->    1(time 56469 - 15:41:09)(time 56659 - 15:44:19) ->    2(time 56720 - 15:45:20)(time 56894 - 15:48:14) ->    3(time 56955 - 15:49:15)(time 57131 - 15:52:11) ->    4(time 57192 - 15:53:12)(time 57369 - 15:56:09) ->    5(time 57430 - 15:57:10)(time 57628 - 16:00:28) ->    6(time 57689 - 16:01:29)(time 57851 - 16:04:11) ->    7(time 57912 - 16:05:12)(time 58083 - 16:08:03) ->    8(time 58144 - 16:09:04)(time 58329 - 16:12:09) ->    9(time 58388 - 16:13:08)(time 58556 - 16:15:56) ->    10(time 58617 - 16:16:57)(time 58790 - 16:19:50) ->    11(time 58851 - 16:20:51)(time 59019 - 16:23:39) ->    12(time 59080 - 16:24:40)(time 59273 - 16:27:53) ->    13(time 59334 - 16:28:54)(time 59533 - 16:32:13) ->    14(time 59594 - 16:33:14)(time 59763 - 16:36:03) ->    15(time 59824 - 16:37:04)(time 59989 - 16:39:49) ->    16(time 60050 - 16:40:50)(time 60241 - 16:44:01) ->    17(time 60302 - 16:45:02)(time 60492 - 16:48:12) ->    18(time 60553 - 16:49:13)(time 60728 - 16:52:08) ->    19(time 60789 - 16:53:09)(time 60966 - 16:56:06) ->    20(time 61027 - 16:57:07)(time 61211 - 17:00:11) ->    21(time 61469 - 17:04:29)(time 61641 - 17:07:21) ->    22(time 61702 - 17:08:22)(time 61865 - 17:11:05) ->    23(time 62123 - 17:15:23)(time 62123 - 17:15:23) -> 47
=============
Train 2
=============
> Trip 0
   47(time 1241 - 00:20:41)(time 1404 - 00:23:24) ->    46(time 1465 - 00:24:25)(time 1637 - 00:27:17) ->    45(time 1895 - 00:31:35)(time 2079 - 00:34:39) ->    44(time 2140 - 00:35:40)(time 2317 - 00:38:37) ->    43(time 2378 - 00:39:38)(time 2553 - 00:42:33) ->    42(time 2614 - 00:43:34)(time 2804 - 00:46:44) ->    41(time 2865 - 00:47:45)(time 3056 - 00:50:56) ->    40(time 3117 - 00:51:57)(time 3282 - 00:54:42) ->    39(time 3343 - 00:55:43)(time 3512 - 00:58:32) ->    38(time 3573 - 00:59:33)(time 3772 - 01:02:52) ->    37(time 3833 - 01:03:53)(time 4026 - 01:07:06) ->    36(time 4087 - 01:08:07)(time 4255 - 01:10:55) ->    35(time 4316 - 01:11:56)(time 4489 - 01:14:49) ->    34(time 4550 - 01:15:50)(time 4718 - 01:18:38) ->    33(time 4777 - 01:19:37)(time 4962 - 01:22:42) ->    32(time 5023 - 01:23:43)(time 5194 - 01:26:34) ->    31(time 5255 - 01:27:35)(time 5417 - 01:30:17) ->    30(time 5478 - 01:31:18)(time 5676 - 01:34:36) ->    29(time 5737 - 01:35:37)(time 5914 - 01:38:34) ->    28(time 5975 - 01:39:35)(time 6151 - 01:42:31) ->    27(time 6212 - 01:43:32)(time 6386 - 01:46:26) ->    26(time 6447 - 01:47:27)(time 6637 - 01:50:37) ->    25(time 6698 - 01:51:38)(time 6893 - 01:54:53) ->    24(time 7151 - 01:59:11)(time 7151 - 01:59:11) ->    0(time 7151 - 01:59:11)(time 7346 - 02:02:26) ->    1(time 7407 - 02:03:27)(time 7597 - 02:06:37) ->    2(time 7658 - 02:07:38)(time 7832 - 02:10:32) ->    3(time 7893 - 02:11:33)(time 8069 - 02:14:29) ->    4(time 8130 - 02:15:30)(time 8307 - 02:18:27) ->    5(time 8368 - 02:19:28)(time 8566 - 02:22:46) ->    6(time 8627 - 02:23:47)(time 8789 - 02:26:29) ->    7(time 8850 - 02:27:30)(time 9021 - 02:30:21) ->    8(time 9082 - 02:31:22)(time 9267 - 02:34:27) ->    9(time 9326 - 02:35:26)(time 9494 - 02:38:14) ->    10(time 9555 - 02:39:15)(time 9728 - 02:42:08) ->    11(time 9789 - 02:43:09)(time 9957 - 02:45:57) ->    12(time 10018 - 02:46:58)(time 10211 - 02:50:11) ->    13(time 10272 - 02:51:12)(time 10471 - 02:54:31) ->    14(time 10532 - 02:55:32)(time 10701 - 02:58:21) ->    15(time 10762 - 02:59:22)(time 10927 - 03:02:07) ->    16(time 10988 - 03:03:08)(time 11179 - 03:06:19) ->    17(time 11240 - 03:07:20)(time 11430 - 03:10:30) ->    18(time 11491 - 03:11:31)(time 11666 - 03:14:26) ->    19(time 11727 - 03:15:27)(time 11904 - 03:18:24) ->    20(time 11965 - 03:19:25)(time 12149 - 03:22:29) ->    21(time 12407 - 03:26:47)(time 12579 - 03:29:39) ->    22(time 12640 - 03:30:40)(time 12803 - 03:33:23) ->    23(time 13162 - 03:39:22)(time 13162 - 03:39:22) -> 47
> Trip 1
   47(time 13213 - 03:40:13)(time 13376 - 03:42:56) ->    46(time 13437 - 03:43:57)(time 13609 - 03:46:49) ->    45(time 13867 - 03:51:07)(time 14051 - 03:54:11) ->    44(time 14112 - 03:55:12)(time 14289 - 03:58:09) ->    43(time 14350 - 03:59:10)(time 14525 - 04:02:05) ->    42(time 14586 - 04:03:06)(time 14776 - 04:06:16) ->    41(time 14837 - 04:07:17)(time 15028 - 04:10:28) ->    40(time 15089 - 04:11:29)(time 15254 - 04:14:14) ->    39(time 15315 - 04:15:15)(time 15484 - 04:18:04) ->    38(time 15545 - 04:19:05)(time 15744 - 04:22:24) ->    37(time 15805 - 04:23:25)(time 15998 - 04:26:38) ->    36(time 16059 - 04:27:39)(time 16227 - 04:30:27) ->    35(time 16288 - 04:31:28)(time 16461 - 04:34:21) ->    34(time 16522 - 04:35:22)(time 16690 - 04:38:10) ->    33(time 16749 - 04:39:09)(time 16934 - 04:42:14) ->    32(time 16995 - 04:43:15)(time 17166 - 04:46:06) ->    31(time 17227 - 04:47:07)(time 17389 - 04:49:49) ->    30(time 17450 - 04:50:50)(time 17648 - 04:54:08) ->    29(time 17709 - 04:55:09)(time 17886 - 04:58:06) ->    28(time 17947 - 04:59:07)(time 18123 - 05:02:03) ->    27(time 18184 - 05:03:04)(time 18358 - 05:05:58) ->    26(time 18419 - 05:06:59)(time 18609 - 05:10:09) ->    25(time 18670 - 05:11:10)(time 18865 - 05:14:25) ->    24(time 19123 - 05:18:43)(time 19123 - 05:18:43) ->    0(time 19123 - 05:18:43)(time 19318 - 05:21:58) ->    1(time 19379 - 05:22:59)(time 19569 - 05:26:09) ->    2(time 19630 - 05:27:10)(time 19804 - 05:30:04) ->    3(time 19865 - 05:31:05)(time 20041 - 05:34:01) ->    4(time 20102 - 05:35:02)(time 20279 - 05:37:59) ->    5(time 20340 - 05:39:00)(time 20538 - 05:42:18) ->    6(time 20599 - 05:43:19)(time 20761 - 05:46:01) ->    7(time 20822 - 05:47:02)(time 20993 - 05:49:53) ->    8(time 21054 - 05:50:54)(time 21239 - 05:53:59) ->    9(time 21298 - 05:54:58)(time 21466 - 05:57:46) ->    10(time 21527 - 05:58:47)(time 21700 - 06:01:40) ->    11(time 21761 - 06:02:41)(time 21929 - 06:05:29) ->    12(time 21990 - 06:06:30)(time 22183 - 06:09:43) ->    13(time 22244 - 06:10:44)(time 22443 - 06:14:03) ->    14(time 22504 - 06:15:04)(time 22673 - 06:17:53) ->    15(time 22734 - 06:18:54)(time 22899 - 06:21:39) ->    16(time 22960 - 06:22:40)(time 23151 - 06:25:51) ->    17(time 23212 - 06:26:52)(time 23402 - 06:30:02) ->    18(time 23463 - 06:31:03)(time 23638 - 06:33:58) ->    19(time 23699 - 06:34:59)(time 23876 - 06:37:56) ->    20(time 23937 - 06:38:57)(time 24121 - 06:42:01) ->    21(time 24379 - 06:46:19)(time 24551 - 06:49:11) ->    22(time 24612 - 06:50:12)(time 24775 - 06:52:55) ->    23(time 25033 - 06:57:13)(time 25033 - 06:57:13) -> 47
> Trip 2
   47(time 25033 - 06:57:13)(time 25196 - 06:59:56) ->    46(time 25257 - 07:00:57)(time 25429 - 07:03:49) ->    45(time 25687 - 07:08:07)(time 25871 - 07:11:11) ->    44(time 25932 - 07:12:12)(time 26109 - 07:15:09) ->    43(time 26170 - 07:16:10)(time 26345 - 07:19:05) ->    42(time 26406 - 07:20:06)(time 26596 - 07:23:16) ->    41(time 26657 - 07:24:17)(time 26848 - 07:27:28) ->    40(time 26909 - 07:28:29)(time 27074 - 07:31:14) ->    39(time 27135 - 07:32:15)(time 27304 - 07:35:04) ->    38(time 27365 - 07:36:05)(time 27564 - 07:39:24) ->    37(time 27625 - 07:40:25)(time 27818 - 07:43:38) ->    36(time 27879 - 07:44:39)(time 28047 - 07:47:27) ->    35(time 28108 - 07:48:28)(time 28281 - 07:51:21) ->    34(time 28342 - 07:52:22)(time 28510 - 07:55:10) ->    33(time 28569 - 07:56:09)(time 28754 - 07:59:14) ->    32(time 28815 - 08:00:15)(time 28986 - 08:03:06) ->    31(time 29047 - 08:04:07)(time 29209 - 08:06:49) ->    30(time 29270 - 08:07:50)(time 29468 - 08:11:08) ->    29(time 29529 - 08:12:09)(time 29706 - 08:15:06) ->    28(time 29767 - 08:16:07)(time 29943 - 08:19:03) ->    27(time 30004 - 08:20:04)(time 30178 - 08:22:58) ->    26(time 30239 - 08:23:59)(time 30429 - 08:27:09) ->    25(time 30490 - 08:28:10)(time 30685 - 08:31:25) ->    24(time 30960 - 08:36:00)(time 30960 - 08:36:00) ->    0(time 31021 - 08:37:01)(time 31216 - 08:40:16) ->    1(time 31277 - 08:41:17)(time 31467 - 08:44:27) ->    2(time 31528 - 08:45:28)(time 31702 - 08:48:22) ->    3(time 31763 - 08:49:23)(time 31939 - 08:52:19) ->    4(time 32000 - 08:53:20)(time 32177 - 08:56:17) ->    5(time 32238 - 08:57:18)(time 32436 - 09:00:36) ->    6(time 32497 - 09:01:37)(time 32659 - 09:04:19) ->    7(time 32720 - 09:05:20)(time 32891 - 09:08:11) ->    8(time 32952 - 09:09:12)(time 33137 - 09:12:17) ->    9(time 33196 - 09:13:16)(time 33364 - 09:16:04) ->    10(time 33425 - 09:17:05)(time 33598 - 09:19:58) ->    11(time 33659 - 09:20:59)(time 33827 - 09:23:47) ->    12(time 33888 - 09:24:48)(time 34081 - 09:28:01) ->    13(time 34142 - 09:29:02)(time 34341 - 09:32:21) ->    14(time 34402 - 09:33:22)(time 34571 - 09:36:11) ->    15(time 34632 - 09:37:12)(time 34797 - 09:39:57) ->    16(time 35150 - 09:45:50)(time 35341 - 09:49:01) ->    17(time 35402 - 09:50:02)(time 35592 - 09:53:12) ->    18(time 35951 - 09:59:11)(time 36126 - 10:02:06) ->    19(time 36485 - 10:08:05)(time 36662 - 10:11:02) ->    20(time 36723 - 10:12:03)(time 36907 - 10:15:07) ->    21(time 37266 - 10:21:06)(time 37438 - 10:23:58) ->    22(time 37499 - 10:24:59)(time 37662 - 10:27:42) ->    23(time 37920 - 10:32:00)(time 37920 - 10:32:00) -> 47
