t3p21r13h5.txt:
   > Trying to open the instance file...
   > Reading number of trains...
   > Reading maximum number of trips per train...
   > Reading time intervals...
   > Reading number of points...
   > Reading stations...
   > Reading crossings...
   > Reading depots...
   > Reading initial point...
   > Reading routes...
   > Reading distance and distance and service...
   > Reading demands...
   > Reading maximum time...
   > Reading alpha...

--------------------------------
 Printing instance
--------------------------------
number of trains = 3
	max trips per trains: 3     3     3
number of intervals = 5
	(0,  10311)	(10312,  20622)	(20623,  30933)	(30934,  41244)	(41245,  51555)
number of points = 21
	initial point: 2
	stations: 0     1     2     3     4     7     8    10    11    12    13    14    15    16    17    18    20
	crossings: 0     2     5     6     9    14    15    19    20
	depots: 0     2    15    20
number of vertices = 42
	total vertices: 0     1     2     3     4     5     6     7     8     9    10    11    12    13    14    15    16    17    18    19    20    21    22    23    24    25    26    27    28    29    30    31    32    33    34    35    36    37    38    39    40    41
	upper vertices: 0     1     2     3     4     5     6     7     8     9    10    11    12    13    14    15    16    17    18    19    20
	lower vertices: 21    22    23    24    25    26    27    28    29    30    31    32    33    34    35    36    37    38    39    40    41
	vertices of point #0: (0, 21)
	vertices of point #1: (1, 22)
	vertices of point #2: (2, 23)
	vertices of point #3: (3, 24)
	vertices of point #4: (4, 25)
	vertices of point #5: (5, 26)
	vertices of point #6: (6, 27)
	vertices of point #7: (7, 28)
	vertices of point #8: (8, 29)
	vertices of point #9: (9, 30)
	vertices of point #10: (10, 31)
	vertices of point #11: (11, 32)
	vertices of point #12: (12, 33)
	vertices of point #13: (13, 34)
	vertices of point #14: (14, 35)
	vertices of point #15: (15, 36)
	vertices of point #16: (16, 37)
	vertices of point #17: (17, 38)
	vertices of point #18: (18, 39)
	vertices of point #19: (19, 40)
	vertices of point #20: (20, 41)

arcs...
	total arcs: 
		arc #0: (0, 1)
		arc #1: (0, 21)
		arc #2: (21, 0)
		arc #3: (1, 2)
		arc #4: (22, 21)
		arc #5: (2, 3)
		arc #6: (23, 22)
		arc #7: (2, 23)
		arc #8: (23, 2)
		arc #9: (3, 4)
		arc #10: (24, 23)
		arc #11: (4, 5)
		arc #12: (25, 24)
		arc #13: (5, 6)
		arc #14: (26, 25)
		arc #15: (6, 7)
		arc #16: (27, 26)
		arc #17: (7, 8)
		arc #18: (28, 27)
		arc #19: (8, 9)
		arc #20: (29, 28)
		arc #21: (9, 10)
		arc #22: (30, 29)
		arc #23: (10, 11)
		arc #24: (31, 30)
		arc #25: (11, 12)
		arc #26: (32, 31)
		arc #27: (12, 13)
		arc #28: (33, 32)
		arc #29: (13, 14)
		arc #30: (34, 33)
		arc #31: (14, 15)
		arc #32: (35, 34)
		arc #33: (15, 16)
		arc #34: (36, 35)
		arc #35: (15, 36)
		arc #36: (36, 15)
		arc #37: (16, 17)
		arc #38: (37, 36)
		arc #39: (17, 18)
		arc #40: (38, 37)
		arc #41: (18, 19)
		arc #42: (39, 38)
		arc #43: (19, 20)
		arc #44: (40, 39)
		arc #45: (41, 40)
		arc #46: (20, 41)
		arc #47: (41, 20)

	reverse arcs: 
		arc #1: (0, 21)
		arc #2: (21, 0)
		arc #7: (2, 23)
		arc #8: (23, 2)
		arc #35: (15, 36)
		arc #36: (36, 15)
		arc #46: (20, 41)
		arc #47: (41, 20)


incompatible points...
	(0, 1, 23, (1, 2))	(23, 22, 0, (22, 21))	(2, 4, 26, (4, 5))	(26, 24, 2, (24, 23))	(5, 5, 27, (5, 6))	(27, 27, 5, (27, 26))	(6, 8, 30, (8, 9))	(30, 28, 6, (28, 27))	(9, 13, 35, (13, 14))	(35, 31, 9, (31, 30))	(14, 14, 36, (14, 15))	(36, 36, 14, (36, 35))	(15, 18, 40, (18, 19))	(40, 37, 15, (37, 36))	(19, 19, 41, (19, 20))	(41, 41, 19, (41, 40))

number of routes = 13
vertices of routes...
	route #0: 0     1     2     3     4     5     6     7     8     9    10    11    12    13    14    15    16    17    18    19    20    41    40    39    38    37    36    35    34    33    32    31    30    29    28    27    26    25    24    23    22    21     0
	route #1: 41    40    39    38    37    36    35    34    33    32    31    30    29    28    27    26    25    24    23    22    21     0     1     2     3     4     5     6     7     8     9    10    11    12    13    14    15    16    17    18    19    20    41
	route #2: 15    16    17    18    19    20
	route #3: 36    35    34    33    32    31    30    29    28    27    26    25    24    23    22    21
	route #4: 0     1     2     3     4     5     6     7     8     9    10    11    12    13    14    15
	route #5: 41    40    39    38    37    36
	route #6: 2     3     4     5     6     7     8     9    10    11    12    13    14    15    16    17    18    19    20
	route #7: 23    22    21
	route #8: 0     1     2
	route #9: 41    40    39    38    37    36    35    34    33    32    31    30    29    28    27    26    25    24    23
	route #10: 36    35    34    33    32    31    30    29    28    27    26    25    24    23
	route #11: 2     3     4     5     6     7     8     9    10    11    12    13    14    15
	route #12: 23    22    21     0     1     2    23
arcs of routes...
	route #0: 0     3     5     9    11    13    15    17    19    21    23    25    27    29    31    33    37    39    41    43    46    45    44    42    40    38    34    32    30    28    26    24    22    20    18    16    14    12    10     6     4     2
	route #1: 45    44    42    40    38    34    32    30    28    26    24    22    20    18    16    14    12    10     6     4     2     0     3     5     9    11    13    15    17    19    21    23    25    27    29    31    33    37    39    41    43    46
	route #2: 33    37    39    41    43
	route #3: 34    32    30    28    26    24    22    20    18    16    14    12    10     6     4
	route #4: 0     3     5     9    11    13    15    17    19    21    23    25    27    29    31
	route #5: 45    44    42    40    38
	route #6: 5     9    11    13    15    17    19    21    23    25    27    29    31    33    37    39    41    43
	route #7: 6     4
	route #8: 0     3
	route #9: 45    44    42    40    38    34    32    30    28    26    24    22    20    18    16    14    12    10
	route #10: 34    32    30    28    26    24    22    20    18    16    14    12    10
	route #11: 5     9    11    13    15    17    19    21    23    25    27    29    31
	route #12: 6     4     2     0     3     7

incompatible routes...
	(0, 1)    	(0, 2)    	(0, 3)    	(0, 5)    	(0, 6)    	(0, 7)    	(0, 9)    	(0, 10)    	(0, 11)    	(0, 12)    	(1, 0)    	(1, 2)    	(1, 3)    	(1, 4)    	(1, 6)    	(1, 7)    	(1, 8)    	(1, 10)    	(1, 11)    	(1, 12)    	(2, 0)    	(2, 2)    	(2, 3)    	(2, 4)    	(2, 6)    	(2, 7)    	(2, 8)    	(2, 10)    	(2, 11)    	(2, 12)    	(3, 1)    	(3, 2)    	(3, 3)    	(3, 5)    	(3, 6)    	(3, 7)    	(3, 9)    	(3, 10)    	(3, 11)    	(3, 12)    	(4, 0)    	(4, 1)    	(4, 4)    	(4, 5)    	(4, 6)    	(4, 7)    	(4, 8)    	(4, 9)    	(4, 11)    	(4, 12)    	(5, 0)    	(5, 1)    	(5, 4)    	(5, 5)    	(5, 6)    	(5, 7)    	(5, 8)    	(5, 9)    	(5, 11)    	(5, 12)    	(6, 0)    	(6, 2)    	(6, 3)    	(6, 4)    	(6, 6)    	(6, 7)    	(6, 8)    	(6, 10)    	(6, 11)    	(6, 12)    	(7, 1)    	(7, 2)    	(7, 3)    	(7, 5)    	(7, 6)    	(7, 7)    	(7, 9)    	(7, 10)    	(7, 11)    	(7, 12)    	(8, 0)    	(8, 1)    	(8, 2)    	(8, 3)    	(8, 4)    	(8, 5)    	(8, 8)    	(8, 9)    	(8, 10)    	(9, 0)    	(9, 1)    	(9, 2)    	(9, 3)    	(9, 4)    	(9, 5)    	(9, 8)    	(9, 9)    	(9, 10)    	(10, 0)    	(10, 1)    	(10, 2)    	(10, 3)    	(10, 4)    	(10, 5)    	(10, 8)    	(10, 9)    	(10, 10)    	(11, 0)    	(11, 1)    	(11, 4)    	(11, 5)    	(11, 6)    	(11, 7)    	(11, 8)    	(11, 9)    	(11, 11)    	(11, 12)    	(12, 0)    	(12, 1)    	(12, 2)    	(12, 3)    	(12, 4)    	(12, 5)    	(12, 8)    	(12, 9)    	(12, 10)

vertices that can be adjacent in consecutive trips...
	(0, 0)    	(2, 2)    	(2, 23)    	(15, 15)    	(15, 36)    	(20, 41)    	(21, 0)    	(23, 2)    	(23, 23)    	(36, 15)    	(36, 36)    	(41, 41)
non cyclical routes: 
       2       3       4       5       6       7       8       9      10      11

routes of trip...
	routes that train #0 can complete at trip #0: 6       7      11      12
	routes that train #0 can complete at trip #1: 0       1       2       3       4       5       6       7       8       9      10      11      12
	routes that train #0 can complete at trip #2: 0       1       2       3       4       5       6       7       8       9      10      11      12

	routes that train #1 can complete at trip #0: 6       7      11      12
	routes that train #1 can complete at trip #1: 0       1       2       3       4       5       6       7       8       9      10      11      12
	routes that train #1 can complete at trip #2: 0       1       2       3       4       5       6       7       8       9      10      11      12

	routes that train #2 can complete at trip #0: 6       7      11      12
	routes that train #2 can complete at trip #1: 0       1       2       3       4       5       6       7       8       9      10      11      12
	routes that train #2 can complete at trip #2: 0       1       2       3       4       5       6       7       8       9      10      11      12

 cost...
	arc #0 [0][1]: 181
	arc #1 [0][21]: 0
	arc #2 [21][0]: 0
	arc #3 [1][2]: 172
	arc #4 [22][21]: 181
	arc #5 [2][3]: 189
	arc #6 [23][22]: 172
	arc #7 [2][23]: 0
	arc #8 [23][2]: 0
	arc #9 [3][4]: 169
	arc #10 [24][23]: 189
	arc #11 [4][5]: 160
	arc #12 [25][24]: 169
	arc #13 [5][6]: 182
	arc #14 [26][25]: 160
	arc #15 [6][7]: 171
	arc #16 [27][26]: 182
	arc #17 [7][8]: 178
	arc #18 [28][27]: 171
	arc #19 [8][9]: 159
	arc #20 [29][28]: 178
	arc #21 [9][10]: 187
	arc #22 [30][29]: 159
	arc #23 [10][11]: 154
	arc #24 [31][30]: 187
	arc #25 [11][12]: 181
	arc #26 [32][31]: 154
	arc #27 [12][13]: 171
	arc #28 [33][32]: 181
	arc #29 [13][14]: 159
	arc #30 [34][33]: 171
	arc #31 [14][15]: 186
	arc #32 [35][34]: 159
	arc #33 [15][16]: 173
	arc #34 [36][35]: 186
	arc #35 [15][36]: 0
	arc #36 [36][15]: 0
	arc #37 [16][17]: 159
	arc #38 [37][36]: 173
	arc #39 [17][18]: 170
	arc #40 [38][37]: 159
	arc #41 [18][19]: 166
	arc #42 [39][38]: 170
	arc #43 [19][20]: 171
	arc #44 [40][39]: 166
	arc #45 [41][40]: 171
	arc #46 [20][41]: 0
	arc #47 [41][20]: 0

cost with minimum service...
	arc #0 [0][1]: 260
	arc #1 [0][21]: 0
	arc #2 [21][0]: 0
	arc #3 [1][2]: 267
	arc #4 [22][21]: 276
	arc #5 [2][3]: 268
	arc #6 [23][22]: 251
	arc #7 [2][23]: 0
	arc #8 [23][2]: 0
	arc #9 [3][4]: 248
	arc #10 [24][23]: 284
	arc #11 [4][5]: 231
	arc #12 [25][24]: 248
	arc #13 [5][6]: 253
	arc #14 [26][25]: 239
	arc #15 [6][7]: 250
	arc #16 [27][26]: 253
	arc #17 [7][8]: 257
	arc #18 [28][27]: 242
	arc #19 [8][9]: 230
	arc #20 [29][28]: 257
	arc #21 [9][10]: 266
	arc #22 [30][29]: 238
	arc #23 [10][11]: 233
	arc #24 [31][30]: 258
	arc #25 [11][12]: 260
	arc #26 [32][31]: 233
	arc #27 [12][13]: 250
	arc #28 [33][32]: 260
	arc #29 [13][14]: 238
	arc #30 [34][33]: 250
	arc #31 [14][15]: 281
	arc #32 [35][34]: 238
	arc #33 [15][16]: 252
	arc #34 [36][35]: 265
	arc #35 [15][36]: 0
	arc #36 [36][15]: 0
	arc #37 [16][17]: 238
	arc #38 [37][36]: 268
	arc #39 [17][18]: 249
	arc #40 [38][37]: 238
	arc #41 [18][19]: 237
	arc #42 [39][38]: 249
	arc #43 [19][20]: 266
	arc #44 [40][39]: 245
	arc #45 [41][40]: 242
	arc #46 [20][41]: 0
	arc #47 [41][20]: 0

cost with maximum service...
	arc #0 [0][1]: 671
	arc #1 [0][21]: 490
	arc #2 [21][0]: 490
	arc #3 [1][2]: 662
	arc #4 [22][21]: 671
	arc #5 [2][3]: 679
	arc #6 [23][22]: 662
	arc #7 [2][23]: 490
	arc #8 [23][2]: 490
	arc #9 [3][4]: 659
	arc #10 [24][23]: 679
	arc #11 [4][5]: 650
	arc #12 [25][24]: 659
	arc #13 [5][6]: 672
	arc #14 [26][25]: 650
	arc #15 [6][7]: 661
	arc #16 [27][26]: 672
	arc #17 [7][8]: 668
	arc #18 [28][27]: 661
	arc #19 [8][9]: 649
	arc #20 [29][28]: 668
	arc #21 [9][10]: 677
	arc #22 [30][29]: 649
	arc #23 [10][11]: 644
	arc #24 [31][30]: 677
	arc #25 [11][12]: 671
	arc #26 [32][31]: 644
	arc #27 [12][13]: 661
	arc #28 [33][32]: 671
	arc #29 [13][14]: 649
	arc #30 [34][33]: 661
	arc #31 [14][15]: 676
	arc #32 [35][34]: 649
	arc #33 [15][16]: 663
	arc #34 [36][35]: 676
	arc #35 [15][36]: 490
	arc #36 [36][15]: 490
	arc #37 [16][17]: 649
	arc #38 [37][36]: 663
	arc #39 [17][18]: 660
	arc #40 [38][37]: 649
	arc #41 [18][19]: 656
	arc #42 [39][38]: 660
	arc #43 [19][20]: 661
	arc #44 [40][39]: 656
	arc #45 [41][40]: 661
	arc #46 [20][41]: 490
	arc #47 [41][20]: 490

demands...
	demands of vertex 0 at time interval: 1     1     1     1     1
	demands of vertex 1 at time interval: 1     1     1     1     1
	demands of vertex 2 at time interval: 1     1     1     1     1
	demands of vertex 3 at time interval: 1     1     1     1     1
	demands of vertex 4 at time interval: 1     1     1     1     1
	demands of vertex 5 at time interval: 0     0     0     0     0
	demands of vertex 6 at time interval: 0     0     0     0     0
	demands of vertex 7 at time interval: 1     1     1     1     1
	demands of vertex 8 at time interval: 1     1     1     1     1
	demands of vertex 9 at time interval: 0     0     0     0     0
	demands of vertex 10 at time interval: 1     1     1     1     1
	demands of vertex 11 at time interval: 1     1     1     1     1
	demands of vertex 12 at time interval: 1     1     1     1     1
	demands of vertex 13 at time interval: 1     1     1     1     1
	demands of vertex 14 at time interval: 1     1     1     1     1
	demands of vertex 15 at time interval: 1     1     1     1     1
	demands of vertex 16 at time interval: 1     1     1     1     1
	demands of vertex 17 at time interval: 1     1     1     1     1
	demands of vertex 18 at time interval: 1     1     1     1     1
	demands of vertex 19 at time interval: 0     0     0     0     0
	demands of vertex 20 at time interval: 0     0     0     0     0
	demands of vertex 21 at time interval: 0     0     0     0     0
	demands of vertex 22 at time interval: 1     1     1     1     1
	demands of vertex 23 at time interval: 1     1     1     1     1
	demands of vertex 24 at time interval: 1     1     1     1     1
	demands of vertex 25 at time interval: 1     1     1     1     1
	demands of vertex 26 at time interval: 0     0     0     0     0
	demands of vertex 27 at time interval: 0     0     0     0     0
	demands of vertex 28 at time interval: 1     1     1     1     1
	demands of vertex 29 at time interval: 1     1     1     1     1
	demands of vertex 30 at time interval: 0     0     0     0     0
	demands of vertex 31 at time interval: 1     1     1     1     1
	demands of vertex 32 at time interval: 1     1     1     1     1
	demands of vertex 33 at time interval: 1     1     1     1     1
	demands of vertex 34 at time interval: 1     1     1     1     1
	demands of vertex 35 at time interval: 1     1     1     1     1
	demands of vertex 36 at time interval: 1     1     1     1     1
	demands of vertex 37 at time interval: 1     1     1     1     1
	demands of vertex 38 at time interval: 1     1     1     1     1
	demands of vertex 39 at time interval: 1     1     1     1     1
	demands of vertex 40 at time interval: 0     0     0     0     0
	demands of vertex 41 at time interval: 1     1     1     1     1

maximum time = 51555
alpha = 86
Starting to test combinations... - Total number of combinations = 216000
Found new best - 15/216000
Found new best - 18/216000
Found new best - 47/216000
10% done - 21600/216000 combination(s) tested! (Thread 0)
20% done - 43200/216000 combination(s) tested! (Thread 0)
30% done - 64800/216000 combination(s) tested! (Thread 0)
40% done - 86400/216000 combination(s) tested! (Thread 0)
50% done - 108000/216000 combination(s) tested! (Thread 0)
60% done - 129600/216000 combination(s) tested! (Thread 0)
70% done - 151200/216000 combination(s) tested! (Thread 0)
80% done - 172800/216000 combination(s) tested! (Thread 0)
90% done - 194400/216000 combination(s) tested! (Thread 0)
100% done - 216000/216000 combination(s) tested! (Thread 0)
All combination(s) tested!
3/216000 were feasible combination(s)! - (0.001%)

>> Printing some results...
    -> Solution value = 46689 - 12:58:09
    -> Total time = 175.31
    -> Gap value = 0.00

=============
Train 0
=============
> Trip 0
   2(time 86 - 00:01:26)(time 275 - 00:04:35) ->    3(time 354 - 00:05:54)(time 523 - 00:08:43) ->    4(time 602 - 00:10:02)(time 762 - 00:12:42) ->    5(time 833 - 00:13:53)(time 1015 - 00:16:55) ->    6(time 1086 - 00:18:06)(time 1257 - 00:20:57) ->    7(time 1336 - 00:22:16)(time 1514 - 00:25:14) ->    8(time 1593 - 00:26:33)(time 1752 - 00:29:12) ->    9(time 1823 - 00:30:23)(time 2010 - 00:33:30) ->    10(time 2089 - 00:34:49)(time 2243 - 00:37:23) ->    11(time 2331 - 00:38:51)(time 2512 - 00:41:52) ->    12(time 2591 - 00:43:11)(time 2762 - 00:46:02) ->    13(time 2841 - 00:47:21)(time 3000 - 00:50:00) ->    14(time 3079 - 00:51:19)(time 3265 - 00:54:25) ->    15(time 3360 - 00:56:00)(time 3533 - 00:58:53) ->    16(time 3612 - 01:00:12)(time 3771 - 01:02:51) ->    17(time 3850 - 01:04:10)(time 4020 - 01:07:00) ->    18(time 4099 - 01:08:19)(time 4265 - 01:11:05) ->    19(time 4336 - 01:12:16)(time 4507 - 01:15:07) -> 20
> Trip 1
   41(time 15177 - 04:12:57)(time 15348 - 04:15:48) ->    40(time 15419 - 04:16:59)(time 15585 - 04:19:45) ->    39(time 15664 - 04:21:04)(time 15834 - 04:23:54) ->    38(time 15913 - 04:25:13)(time 16072 - 04:27:52) ->    37(time 16151 - 04:29:11)(time 16324 - 04:32:04) ->    36(time 16419 - 04:33:39)(time 16605 - 04:36:45) ->    35(time 16684 - 04:38:04)(time 16843 - 04:40:43) ->    34(time 16922 - 04:42:02)(time 17093 - 04:44:53) ->    33(time 17172 - 04:46:12)(time 17353 - 04:49:13) ->    32(time 17432 - 04:50:32)(time 17586 - 04:53:06) ->    31(time 17665 - 04:54:25)(time 17852 - 04:57:32) ->    30(time 18040 - 05:00:40)(time 18199 - 05:03:19) ->    29(time 18278 - 05:04:38)(time 18456 - 05:07:36) ->    28(time 18946 - 05:15:46)(time 19117 - 05:18:37) ->    27(time 19188 - 05:19:48)(time 19370 - 05:22:50) ->    26(time 19441 - 05:24:01)(time 19601 - 05:26:41) ->    25(time 20091 - 05:34:51)(time 20260 - 05:37:40) ->    24(time 20339 - 05:38:59)(time 20528 - 05:42:08) ->    23(time 20623 - 05:43:43)(time 20795 - 05:46:35) ->    22(time 20874 - 05:47:54)(time 21055 - 05:50:55) ->    21(time 21150 - 05:52:30)(time 21150 - 05:52:30) ->    0(time 21150 - 05:52:30)(time 21331 - 05:55:31) ->    1(time 21410 - 05:56:50)(time 21582 - 05:59:42) ->    2(time 21677 - 06:01:17)(time 21866 - 06:04:26) ->    3(time 21945 - 06:05:45)(time 22114 - 06:08:34) ->    4(time 22193 - 06:09:53)(time 22353 - 06:12:33) ->    5(time 22424 - 06:13:44)(time 22606 - 06:16:46) ->    6(time 22677 - 06:17:57)(time 22848 - 06:20:48) ->    7(time 22927 - 06:22:07)(time 23105 - 06:25:05) ->    8(time 23184 - 06:26:24)(time 23343 - 06:29:03) ->    9(time 23414 - 06:30:14)(time 23601 - 06:33:21) ->    10(time 23680 - 06:34:40)(time 23834 - 06:37:14) ->    11(time 23913 - 06:38:33)(time 24094 - 06:41:34) ->    12(time 24280 - 06:44:40)(time 24451 - 06:47:31) ->    13(time 24530 - 06:48:50)(time 24689 - 06:51:29) ->    14(time 24768 - 06:52:48)(time 24954 - 06:55:54) ->    15(time 25049 - 06:57:29)(time 25222 - 07:00:22) ->    16(time 25301 - 07:01:41)(time 25460 - 07:04:20) ->    17(time 25539 - 07:05:39)(time 25709 - 07:08:29) ->    18(time 25788 - 07:09:48)(time 25954 - 07:12:34) ->    19(time 26025 - 07:13:45)(time 26196 - 07:16:36) ->    20(time 26291 - 07:18:11)(time 26291 - 07:18:11) -> 41
> Trip 2
   41(time 26291 - 07:18:11)(time 26462 - 07:21:02) ->    40(time 26533 - 07:22:13)(time 26699 - 07:24:59) ->    39(time 26778 - 07:26:18)(time 26948 - 07:29:08) ->    38(time 27027 - 07:30:27)(time 27186 - 07:33:06) ->    37(time 27265 - 07:34:25)(time 27438 - 07:37:18) ->    36(time 27533 - 07:38:53)(time 27719 - 07:41:59) ->    35(time 27798 - 07:43:18)(time 27957 - 07:45:57) ->    34(time 28036 - 07:47:16)(time 28207 - 07:50:07) ->    33(time 28286 - 07:51:26)(time 28467 - 07:54:27) ->    32(time 28546 - 07:55:46)(time 28700 - 07:58:20) ->    31(time 28779 - 07:59:39)(time 28966 - 08:02:46) ->    30(time 29037 - 08:03:57)(time 29196 - 08:06:36) ->    29(time 29275 - 08:07:55)(time 29453 - 08:10:53) ->    28(time 29532 - 08:12:12)(time 29703 - 08:15:03) ->    27(time 29774 - 08:16:14)(time 29956 - 08:19:16) ->    26(time 30446 - 08:27:26)(time 30606 - 08:30:06) ->    25(time 30685 - 08:31:25)(time 30854 - 08:34:14) ->    24(time 30933 - 08:35:33)(time 31122 - 08:38:42) ->    23(time 31612 - 08:46:52)(time 31784 - 08:49:44) ->    22(time 32274 - 08:57:54)(time 32455 - 09:00:55) ->    21(time 32945 - 09:09:05)(time 32945 - 09:09:05) ->    0(time 33435 - 09:17:15)(time 33616 - 09:20:16) ->    1(time 34106 - 09:28:26)(time 34278 - 09:31:18) ->    2(time 34615 - 09:36:55)(time 34804 - 09:40:04) ->    3(time 35294 - 09:48:14)(time 35463 - 09:51:03) ->    4(time 35953 - 09:59:13)(time 36113 - 10:01:53) ->    5(time 36603 - 10:10:03)(time 36785 - 10:13:05) ->    6(time 37275 - 10:21:15)(time 37446 - 10:24:06) ->    7(time 37936 - 10:32:16)(time 38114 - 10:35:14) ->    8(time 38604 - 10:43:24)(time 38763 - 10:46:03) ->    9(time 39253 - 10:54:13)(time 39440 - 10:57:20) ->    10(time 39930 - 11:05:30)(time 40084 - 11:08:04) ->    11(time 40574 - 11:16:14)(time 40755 - 11:19:15) ->    12(time 41245 - 11:27:25)(time 41416 - 11:30:16) ->    13(time 41495 - 11:31:35)(time 41654 - 11:34:14) ->    14(time 42111 - 11:41:51)(time 42297 - 11:44:57) ->    15(time 42392 - 11:46:32)(time 42565 - 11:49:25) ->    16(time 42644 - 11:50:44)(time 42803 - 11:53:23) ->    17(time 42882 - 11:54:42)(time 43052 - 11:57:32) ->    18(time 43131 - 11:58:51)(time 43297 - 12:01:37) ->    19(time 43368 - 12:02:48)(time 43539 - 12:05:39) ->    20(time 43634 - 12:07:14)(time 43634 - 12:07:14) -> 41
=============
Train 1
=============
> Trip 0
   2(time 0 - 00:00:00)(time 189 - 00:03:09) ->    3(time 268 - 00:04:28)(time 437 - 00:07:17) ->    4(time 516 - 00:08:36)(time 676 - 00:11:16) ->    5(time 747 - 00:12:27)(time 929 - 00:15:29) ->    6(time 1000 - 00:16:40)(time 1171 - 00:19:31) ->    7(time 1250 - 00:20:50)(time 1428 - 00:23:48) ->    8(time 1507 - 00:25:07)(time 1666 - 00:27:46) ->    9(time 1737 - 00:28:57)(time 1924 - 00:32:04) ->    10(time 2003 - 00:33:23)(time 2157 - 00:35:57) ->    11(time 2236 - 00:37:16)(time 2417 - 00:40:17) ->    12(time 2496 - 00:41:36)(time 2667 - 00:44:27) ->    13(time 2746 - 00:45:46)(time 2905 - 00:48:25) ->    14(time 2984 - 00:49:44)(time 3170 - 00:52:50) ->    15(time 3265 - 00:54:25)(time 3438 - 00:57:18) ->    16(time 3517 - 00:58:37)(time 3676 - 01:01:16) ->    17(time 3755 - 01:02:35)(time 3925 - 01:05:25) ->    18(time 4004 - 01:06:44)(time 4170 - 01:09:30) ->    19(time 4241 - 01:10:41)(time 4412 - 01:13:32) -> 20
> Trip 1
   41(time 5677 - 01:34:37)(time 5848 - 01:37:28) ->    40(time 5919 - 01:38:39)(time 6085 - 01:41:25) ->    39(time 6164 - 01:42:44)(time 6334 - 01:45:34) ->    38(time 6413 - 01:46:53)(time 6572 - 01:49:32) ->    37(time 6651 - 01:50:51)(time 6824 - 01:53:44) ->    36(time 6919 - 01:55:19)(time 7105 - 01:58:25) ->    35(time 7184 - 01:59:44)(time 7343 - 02:02:23) ->    34(time 7422 - 02:03:42)(time 7593 - 02:06:33) ->    33(time 7672 - 02:07:52)(time 7853 - 02:10:53) ->    32(time 7932 - 02:12:12)(time 8086 - 02:14:46) ->    31(time 8165 - 02:16:05)(time 8352 - 02:19:12) ->    30(time 8423 - 02:20:23)(time 8582 - 02:23:02) ->    29(time 8661 - 02:24:21)(time 8839 - 02:27:19) ->    28(time 8918 - 02:28:38)(time 9089 - 02:31:29) ->    27(time 9160 - 02:32:40)(time 9342 - 02:35:42) ->    26(time 9413 - 02:36:53)(time 9573 - 02:39:33) ->    25(time 9652 - 02:40:52)(time 9821 - 02:43:41) ->    24(time 10311 - 02:51:51)(time 10500 - 02:55:00) ->    23(time 10880 - 03:01:20)(time 11052 - 03:04:12) ->    22(time 11542 - 03:12:22)(time 11723 - 03:15:23) ->    21(time 12213 - 03:23:33)(time 12213 - 03:23:33) ->    0(time 12703 - 03:31:43)(time 12884 - 03:34:44) ->    1(time 13374 - 03:42:54)(time 13546 - 03:45:46) ->    2(time 14036 - 03:53:56)(time 14225 - 03:57:05) ->    3(time 14715 - 04:05:15)(time 14884 - 04:08:04) ->    4(time 14963 - 04:09:23)(time 15123 - 04:12:03) ->    5(time 15613 - 04:20:13)(time 15795 - 04:23:15) ->    6(time 16285 - 04:31:25)(time 16456 - 04:34:16) ->    7(time 16535 - 04:35:35)(time 16713 - 04:38:33) ->    8(time 17203 - 04:46:43)(time 17362 - 04:49:22) ->    9(time 17852 - 04:57:32)(time 18039 - 05:00:39) ->    10(time 18118 - 05:01:58)(time 18272 - 05:04:32) ->    11(time 18351 - 05:05:51)(time 18532 - 05:08:52) ->    12(time 18611 - 05:10:11)(time 18782 - 05:13:02) ->    13(time 18861 - 05:14:21)(time 19020 - 05:17:00) ->    14(time 19099 - 05:18:19)(time 19285 - 05:21:25) ->    15(time 19380 - 05:23:00)(time 19553 - 05:25:53) ->    16(time 19632 - 05:27:12)(time 19791 - 05:29:51) ->    17(time 19870 - 05:31:10)(time 20040 - 05:34:00) ->    18(time 20119 - 05:35:19)(time 20285 - 05:38:05) ->    19(time 20356 - 05:39:16)(time 20527 - 05:42:07) ->    20(time 20622 - 05:43:42)(time 20622 - 05:43:42) -> 41
> Trip 2
   41(time 35362 - 09:49:22)(time 35533 - 09:52:13) ->    40(time 35604 - 09:53:24)(time 35770 - 09:56:10) ->    39(time 35849 - 09:57:29)(time 36019 - 10:00:19) ->    38(time 36098 - 10:01:38)(time 36257 - 10:04:17) ->    37(time 36336 - 10:05:36)(time 36509 - 10:08:29) ->    36(time 36604 - 10:10:04)(time 36790 - 10:13:10) ->    35(time 37280 - 10:21:20)(time 37439 - 10:23:59) ->    34(time 37762 - 10:29:22)(time 37933 - 10:32:13) ->    33(time 38012 - 10:33:32)(time 38193 - 10:36:33) ->    32(time 38272 - 10:37:52)(time 38426 - 10:40:26) ->    31(time 38505 - 10:41:45)(time 38692 - 10:44:52) ->    30(time 38763 - 10:46:03)(time 38922 - 10:48:42) ->    29(time 39001 - 10:50:01)(time 39179 - 10:52:59) ->    28(time 39258 - 10:54:18)(time 39429 - 10:57:09) ->    27(time 39500 - 10:58:20)(time 39682 - 11:01:22) ->    26(time 39753 - 11:02:33)(time 39913 - 11:05:13) ->    25(time 40185 - 11:09:45)(time 40354 - 11:12:34) ->    24(time 40433 - 11:13:53)(time 40622 - 11:17:02) ->    23(time 40717 - 11:18:37)(time 40889 - 11:21:29) ->    22(time 40968 - 11:22:48)(time 41149 - 11:25:49) ->    21(time 41244 - 11:27:24)(time 41244 - 11:27:24) ->    0(time 41656 - 11:34:16)(time 41837 - 11:37:17) ->    1(time 41916 - 11:38:36)(time 42088 - 11:41:28) ->    2(time 42183 - 11:43:03)(time 42372 - 11:46:12) ->    3(time 42451 - 11:47:31)(time 42620 - 11:50:20) ->    4(time 42699 - 11:51:39)(time 42859 - 11:54:19) ->    5(time 42930 - 11:55:30)(time 43112 - 11:58:32) ->    6(time 43183 - 11:59:43)(time 43354 - 12:02:34) ->    7(time 43433 - 12:03:53)(time 43611 - 12:06:51) ->    8(time 43690 - 12:08:10)(time 43849 - 12:10:49) ->    9(time 43920 - 12:12:00)(time 44107 - 12:15:07) ->    10(time 44186 - 12:16:26)(time 44340 - 12:19:00) ->    11(time 44419 - 12:20:19)(time 44600 - 12:23:20) ->    12(time 44679 - 12:24:39)(time 44850 - 12:27:30) ->    13(time 44929 - 12:28:49)(time 45088 - 12:31:28) ->    14(time 45167 - 12:32:47)(time 45353 - 12:35:53) ->    15(time 45448 - 12:37:28)(time 45621 - 12:40:21) ->    16(time 45700 - 12:41:40)(time 45859 - 12:44:19) ->    17(time 45938 - 12:45:38)(time 46108 - 12:48:28) ->    18(time 46187 - 12:49:47)(time 46353 - 12:52:33) ->    19(time 46424 - 12:53:44)(time 46595 - 12:56:35) ->    20(time 46690 - 12:58:10)(time 46690 - 12:58:10) -> 41
=============
Train 2
=============
> Trip 0
   23(time 0 - 00:00:00)(time 172 - 00:02:52) ->    22(time 251 - 00:04:11)(time 432 - 00:07:12) ->    21(time 527 - 00:08:47)(time 527 - 00:08:47) ->    0(time 527 - 00:08:47)(time 708 - 00:11:48) ->    1(time 787 - 00:13:07)(time 959 - 00:15:59) ->    2(time 1449 - 00:24:09)(time 1449 - 00:24:09) -> 23
> Trip 1
   23(time 1876 - 00:31:16)(time 2048 - 00:34:08) ->    22(time 2127 - 00:35:27)(time 2308 - 00:38:28) -> 21
> Trip 2
   0(time 27517 - 07:38:37)(time 27698 - 07:41:38) ->    1(time 28188 - 07:49:48)(time 28360 - 07:52:40) ->    2(time 28850 - 08:00:50)(time 29039 - 08:03:59) ->    3(time 29529 - 08:12:09)(time 29698 - 08:14:58) ->    4(time 30188 - 08:23:08)(time 30348 - 08:25:48) ->    5(time 30838 - 08:33:58)(time 31020 - 08:37:00) ->    6(time 31510 - 08:45:10)(time 31681 - 08:48:01) ->    7(time 32171 - 08:56:11)(time 32349 - 08:59:09) ->    8(time 32839 - 09:07:19)(time 32998 - 09:09:58) ->    9(time 33488 - 09:18:08)(time 33675 - 09:21:15) ->    10(time 34165 - 09:29:25)(time 34319 - 09:31:59) ->    11(time 34809 - 09:40:09)(time 34990 - 09:43:10) ->    12(time 35480 - 09:51:20)(time 35651 - 09:54:11) ->    13(time 36141 - 10:02:21)(time 36300 - 10:05:00) ->    14(time 36790 - 10:13:10)(time 36976 - 10:16:16) ->    15(time 37466 - 10:24:26)(time 37639 - 10:27:19) ->    16(time 38129 - 10:35:29)(time 38288 - 10:38:08) ->    17(time 38778 - 10:46:18)(time 38948 - 10:49:08) ->    18(time 39438 - 10:57:18)(time 39604 - 11:00:04) ->    19(time 40094 - 11:08:14)(time 40265 - 11:11:05) ->    20(time 40755 - 11:19:15)(time 40755 - 11:19:15) ->    41(time 41245 - 11:27:25)(time 41416 - 11:30:16) ->    40(time 41487 - 11:31:27)(time 41653 - 11:34:13) ->    39(time 41732 - 11:35:32)(time 41902 - 11:38:22) ->    38(time 41981 - 11:39:41)(time 42140 - 11:42:20) ->    37(time 42219 - 11:43:39)(time 42392 - 11:46:32) ->    36(time 42487 - 11:48:07)(time 42673 - 11:51:13) ->    35(time 42752 - 11:52:32)(time 42911 - 11:55:11) ->    34(time 42990 - 11:56:30)(time 43161 - 11:59:21) ->    33(time 43240 - 12:00:40)(time 43421 - 12:03:41) ->    32(time 43500 - 12:05:00)(time 43654 - 12:07:34) ->    31(time 43733 - 12:08:53)(time 43920 - 12:12:00) ->    30(time 44402 - 12:20:02)(time 44561 - 12:22:41) ->    29(time 44640 - 12:24:00)(time 44818 - 12:26:58) ->    28(time 44897 - 12:28:17)(time 45068 - 12:31:08) ->    27(time 45139 - 12:32:19)(time 45321 - 12:35:21) ->    26(time 45392 - 12:36:32)(time 45552 - 12:39:12) ->    25(time 45631 - 12:40:31)(time 45800 - 12:43:20) ->    24(time 45879 - 12:44:39)(time 46068 - 12:47:48) ->    23(time 46163 - 12:49:23)(time 46335 - 12:52:15) ->    22(time 46414 - 12:53:34)(time 46595 - 12:56:35) ->    21(time 46690 - 12:58:10)(time 46690 - 12:58:10) -> 0
