t3p23r12h4.txt:
   > Trying to open the instance file...
   > Reading number of trains...
   > Reading maximum number of trips per train...
   > Reading time intervals...
   > Reading number of points...
   > Reading stations...
   > Reading crossings...
   > Reading depots...
   > Reading initial point...
   > Reading routes...
   > Reading distance and distance and service...
   > Reading demands...
   > Reading maximum time...
   > Reading alpha...

--------------------------------
 Printing instance
--------------------------------
number of trains = 3
	max trips per trains: 3     3     3
number of intervals = 4
	(0,  14387)	(14388,  28774)	(28775,  43161)	(43162,  57550)
number of points = 23
	initial point: 22
	stations: 0     1     2     3     4     5     7     8     9    10    11    12    13    15    16    17    18    19    20    21    22
	crossings: 0     2     3     6    13    14    15    16    22
	depots: 0    15    16    22
number of vertices = 46
	total vertices: 0     1     2     3     4     5     6     7     8     9    10    11    12    13    14    15    16    17    18    19    20    21    22    23    24    25    26    27    28    29    30    31    32    33    34    35    36    37    38    39    40    41    42    43    44    45
	upper vertices: 0     1     2     3     4     5     6     7     8     9    10    11    12    13    14    15    16    17    18    19    20    21    22
	lower vertices: 23    24    25    26    27    28    29    30    31    32    33    34    35    36    37    38    39    40    41    42    43    44    45
	vertices of point #0: (0, 23)
	vertices of point #1: (1, 24)
	vertices of point #2: (2, 25)
	vertices of point #3: (3, 26)
	vertices of point #4: (4, 27)
	vertices of point #5: (5, 28)
	vertices of point #6: (6, 29)
	vertices of point #7: (7, 30)
	vertices of point #8: (8, 31)
	vertices of point #9: (9, 32)
	vertices of point #10: (10, 33)
	vertices of point #11: (11, 34)
	vertices of point #12: (12, 35)
	vertices of point #13: (13, 36)
	vertices of point #14: (14, 37)
	vertices of point #15: (15, 38)
	vertices of point #16: (16, 39)
	vertices of point #17: (17, 40)
	vertices of point #18: (18, 41)
	vertices of point #19: (19, 42)
	vertices of point #20: (20, 43)
	vertices of point #21: (21, 44)
	vertices of point #22: (22, 45)

arcs...
	total arcs: 
		arc #0: (0, 1)
		arc #1: (0, 23)
		arc #2: (23, 0)
		arc #3: (1, 2)
		arc #4: (24, 23)
		arc #5: (2, 3)
		arc #6: (25, 24)
		arc #7: (3, 4)
		arc #8: (26, 25)
		arc #9: (4, 5)
		arc #10: (27, 26)
		arc #11: (5, 6)
		arc #12: (28, 27)
		arc #13: (6, 7)
		arc #14: (29, 28)
		arc #15: (7, 8)
		arc #16: (30, 29)
		arc #17: (8, 9)
		arc #18: (31, 30)
		arc #19: (9, 10)
		arc #20: (32, 31)
		arc #21: (10, 11)
		arc #22: (33, 32)
		arc #23: (11, 12)
		arc #24: (34, 33)
		arc #25: (12, 13)
		arc #26: (35, 34)
		arc #27: (13, 14)
		arc #28: (36, 35)
		arc #29: (14, 15)
		arc #30: (37, 36)
		arc #31: (15, 16)
		arc #32: (38, 37)
		arc #33: (15, 38)
		arc #34: (38, 15)
		arc #35: (16, 17)
		arc #36: (39, 38)
		arc #37: (16, 39)
		arc #38: (39, 16)
		arc #39: (17, 18)
		arc #40: (40, 39)
		arc #41: (18, 19)
		arc #42: (41, 40)
		arc #43: (19, 20)
		arc #44: (42, 41)
		arc #45: (20, 21)
		arc #46: (43, 42)
		arc #47: (21, 22)
		arc #48: (44, 43)
		arc #49: (45, 44)
		arc #50: (22, 45)
		arc #51: (45, 22)

	reverse arcs: 
		arc #1: (0, 23)
		arc #2: (23, 0)
		arc #33: (15, 38)
		arc #34: (38, 15)
		arc #37: (16, 39)
		arc #38: (39, 16)
		arc #50: (22, 45)
		arc #51: (45, 22)


incompatible points...
	(0, 1, 25, (1, 2))	(25, 24, 0, (24, 23))	(2, 2, 26, (2, 3))	(26, 26, 2, (26, 25))	(3, 5, 29, (5, 6))	(29, 27, 3, (27, 26))	(6, 12, 36, (12, 13))	(36, 30, 6, (30, 29))	(13, 13, 37, (13, 14))	(37, 37, 13, (37, 36))	(14, 14, 38, (14, 15))	(38, 38, 14, (38, 37))	(15, 15, 39, (15, 16))	(39, 39, 15, (39, 38))	(16, 21, 45, (21, 22))	(45, 40, 16, (40, 39))

number of routes = 12
vertices of routes...
	route #0: 0     1     2     3     4     5     6     7     8     9    10    11    12    13    14    15    16    17    18    19    20    21    22    45    44    43    42    41    40    39    38    37    36    35    34    33    32    31    30    29    28    27    26    25    24    23     0
	route #1: 45    44    43    42    41    40    39    38    37    36    35    34    33    32    31    30    29    28    27    26    25    24    23     0     1     2     3     4     5     6     7     8     9    10    11    12    13    14    15    16    17    18    19    20    21    22    45
	route #2: 15    16    17    18    19    20    21    22
	route #3: 38    37    36    35    34    33    32    31    30    29    28    27    26    25    24    23
	route #4: 0     1     2     3     4     5     6     7     8     9    10    11    12    13    14    15
	route #5: 45    44    43    42    41    40    39    38
	route #6: 16    17    18    19    20    21    22
	route #7: 39    38    37    36    35    34    33    32    31    30    29    28    27    26    25    24    23
	route #8: 0     1     2     3     4     5     6     7     8     9    10    11    12    13    14    15    16
	route #9: 45    44    43    42    41    40    39
	route #10: 16    17    18    19    20    21    22    45    44    43    42    41    40    39    16
	route #11: 38    37    36    35    34    33    32    31    30    29    28    27    26    25    24    23     0     1     2     3     4     5     6     7     8     9    10    11    12    13    14    15    38
arcs of routes...
	route #0: 0     3     5     7     9    11    13    15    17    19    21    23    25    27    29    31    35    39    41    43    45    47    50    49    48    46    44    42    40    36    32    30    28    26    24    22    20    18    16    14    12    10     8     6     4     2
	route #1: 49    48    46    44    42    40    36    32    30    28    26    24    22    20    18    16    14    12    10     8     6     4     2     0     3     5     7     9    11    13    15    17    19    21    23    25    27    29    31    35    39    41    43    45    47    50
	route #2: 31    35    39    41    43    45    47
	route #3: 32    30    28    26    24    22    20    18    16    14    12    10     8     6     4
	route #4: 0     3     5     7     9    11    13    15    17    19    21    23    25    27    29
	route #5: 49    48    46    44    42    40    36
	route #6: 35    39    41    43    45    47
	route #7: 36    32    30    28    26    24    22    20    18    16    14    12    10     8     6     4
	route #8: 0     3     5     7     9    11    13    15    17    19    21    23    25    27    29    31
	route #9: 49    48    46    44    42    40
	route #10: 35    39    41    43    45    47    50    49    48    46    44    42    40    38
	route #11: 32    30    28    26    24    22    20    18    16    14    12    10     8     6     4     2     0     3     5     7     9    11    13    15    17    19    21    23    25    27    29    33

incompatible routes...
	(0, 1)    	(0, 2)    	(0, 3)    	(0, 5)    	(0, 6)    	(0, 7)    	(0, 9)    	(0, 10)    	(0, 11)    	(1, 0)    	(1, 2)    	(1, 3)    	(1, 4)    	(1, 6)    	(1, 7)    	(1, 8)    	(1, 10)    	(1, 11)    	(2, 0)    	(2, 2)    	(2, 3)    	(2, 4)    	(2, 6)    	(2, 7)    	(2, 8)    	(2, 10)    	(2, 11)    	(3, 1)    	(3, 2)    	(3, 3)    	(3, 5)    	(3, 6)    	(3, 7)    	(3, 9)    	(3, 10)    	(3, 11)    	(4, 0)    	(4, 1)    	(4, 4)    	(4, 5)    	(4, 6)    	(4, 7)    	(4, 8)    	(4, 9)    	(4, 10)    	(5, 0)    	(5, 1)    	(5, 4)    	(5, 5)    	(5, 6)    	(5, 7)    	(5, 8)    	(5, 9)    	(5, 10)    	(6, 0)    	(6, 2)    	(6, 3)    	(6, 4)    	(6, 6)    	(6, 7)    	(6, 8)    	(6, 10)    	(6, 11)    	(7, 1)    	(7, 2)    	(7, 3)    	(7, 5)    	(7, 6)    	(7, 7)    	(7, 9)    	(7, 10)    	(7, 11)    	(8, 0)    	(8, 1)    	(8, 2)    	(8, 3)    	(8, 4)    	(8, 5)    	(8, 8)    	(8, 9)    	(8, 11)    	(9, 0)    	(9, 1)    	(9, 2)    	(9, 3)    	(9, 4)    	(9, 5)    	(9, 8)    	(9, 9)    	(9, 11)    	(10, 0)    	(10, 1)    	(10, 2)    	(10, 3)    	(10, 4)    	(10, 5)    	(10, 8)    	(10, 9)    	(10, 11)    	(11, 0)    	(11, 1)    	(11, 4)    	(11, 5)    	(11, 6)    	(11, 7)    	(11, 8)    	(11, 9)    	(11, 10)

vertices that can be adjacent in consecutive trips...
	(0, 0)    	(15, 15)    	(15, 38)    	(16, 16)    	(16, 39)    	(22, 45)    	(23, 0)    	(38, 15)    	(38, 38)    	(39, 16)    	(39, 39)    	(45, 45)
non cyclical routes: 
       2       3       4       5       6       7       8       9

routes of trip...
	routes that train #0 can complete at trip #0: 1       5       9
	routes that train #0 can complete at trip #1: 0       1       2       3       4       5       6       7       8       9      10      11
	routes that train #0 can complete at trip #2: 0       1       2       3       4       5       6       7       8       9      10      11

	routes that train #1 can complete at trip #0: 1       5       9
	routes that train #1 can complete at trip #1: 0       1       2       3       4       5       6       7       8       9      10      11
	routes that train #1 can complete at trip #2: 0       1       2       3       4       5       6       7       8       9      10      11

	routes that train #2 can complete at trip #0: 1       5       9
	routes that train #2 can complete at trip #1: 0       1       2       3       4       5       6       7       8       9      10      11
	routes that train #2 can complete at trip #2: 0       1       2       3       4       5       6       7       8       9      10      11

 cost...
	arc #0 [0][1]: 168
	arc #1 [0][23]: 0
	arc #2 [23][0]: 0
	arc #3 [1][2]: 179
	arc #4 [24][23]: 168
	arc #5 [2][3]: 184
	arc #6 [25][24]: 179
	arc #7 [3][4]: 180
	arc #8 [26][25]: 184
	arc #9 [4][5]: 172
	arc #10 [27][26]: 180
	arc #11 [5][6]: 188
	arc #12 [28][27]: 172
	arc #13 [6][7]: 168
	arc #14 [29][28]: 188
	arc #15 [7][8]: 161
	arc #16 [30][29]: 168
	arc #17 [8][9]: 175
	arc #18 [31][30]: 161
	arc #19 [9][10]: 168
	arc #20 [32][31]: 175
	arc #21 [10][11]: 183
	arc #22 [33][32]: 168
	arc #23 [11][12]: 190
	arc #24 [34][33]: 183
	arc #25 [12][13]: 183
	arc #26 [35][34]: 190
	arc #27 [13][14]: 168
	arc #28 [36][35]: 183
	arc #29 [14][15]: 163
	arc #30 [37][36]: 168
	arc #31 [15][16]: 175
	arc #32 [38][37]: 163
	arc #33 [15][38]: 0
	arc #34 [38][15]: 0
	arc #35 [16][17]: 168
	arc #36 [39][38]: 175
	arc #37 [16][39]: 0
	arc #38 [39][16]: 0
	arc #39 [17][18]: 174
	arc #40 [40][39]: 168
	arc #41 [18][19]: 184
	arc #42 [41][40]: 174
	arc #43 [19][20]: 189
	arc #44 [42][41]: 184
	arc #45 [20][21]: 168
	arc #46 [43][42]: 189
	arc #47 [21][22]: 172
	arc #48 [44][43]: 168
	arc #49 [45][44]: 172
	arc #50 [22][45]: 0
	arc #51 [45][22]: 0

cost with minimum service...
	arc #0 [0][1]: 234
	arc #1 [0][23]: 0
	arc #2 [23][0]: 0
	arc #3 [1][2]: 245
	arc #4 [24][23]: 407
	arc #5 [2][3]: 250
	arc #6 [25][24]: 245
	arc #7 [3][4]: 246
	arc #8 [26][25]: 250
	arc #9 [4][5]: 238
	arc #10 [27][26]: 246
	arc #11 [5][6]: 231
	arc #12 [28][27]: 238
	arc #13 [6][7]: 234
	arc #14 [29][28]: 254
	arc #15 [7][8]: 227
	arc #16 [30][29]: 211
	arc #17 [8][9]: 241
	arc #18 [31][30]: 227
	arc #19 [9][10]: 234
	arc #20 [32][31]: 241
	arc #21 [10][11]: 249
	arc #22 [33][32]: 234
	arc #23 [11][12]: 256
	arc #24 [34][33]: 249
	arc #25 [12][13]: 249
	arc #26 [35][34]: 256
	arc #27 [13][14]: 211
	arc #28 [36][35]: 249
	arc #29 [14][15]: 402
	arc #30 [37][36]: 234
	arc #31 [15][16]: 414
	arc #32 [38][37]: 206
	arc #33 [15][38]: 0
	arc #34 [38][15]: 0
	arc #35 [16][17]: 234
	arc #36 [39][38]: 414
	arc #37 [16][39]: 0
	arc #38 [39][16]: 0
	arc #39 [17][18]: 240
	arc #40 [40][39]: 407
	arc #41 [18][19]: 250
	arc #42 [41][40]: 240
	arc #43 [19][20]: 255
	arc #44 [42][41]: 250
	arc #45 [20][21]: 234
	arc #46 [43][42]: 255
	arc #47 [21][22]: 411
	arc #48 [44][43]: 234
	arc #49 [45][44]: 238
	arc #50 [22][45]: 0
	arc #51 [45][22]: 0

cost with maximum service...
	arc #0 [0][1]: 677
	arc #1 [0][23]: 509
	arc #2 [23][0]: 509
	arc #3 [1][2]: 688
	arc #4 [24][23]: 677
	arc #5 [2][3]: 693
	arc #6 [25][24]: 688
	arc #7 [3][4]: 689
	arc #8 [26][25]: 693
	arc #9 [4][5]: 681
	arc #10 [27][26]: 689
	arc #11 [5][6]: 697
	arc #12 [28][27]: 681
	arc #13 [6][7]: 677
	arc #14 [29][28]: 697
	arc #15 [7][8]: 670
	arc #16 [30][29]: 677
	arc #17 [8][9]: 684
	arc #18 [31][30]: 670
	arc #19 [9][10]: 677
	arc #20 [32][31]: 684
	arc #21 [10][11]: 692
	arc #22 [33][32]: 677
	arc #23 [11][12]: 699
	arc #24 [34][33]: 692
	arc #25 [12][13]: 692
	arc #26 [35][34]: 699
	arc #27 [13][14]: 677
	arc #28 [36][35]: 692
	arc #29 [14][15]: 672
	arc #30 [37][36]: 677
	arc #31 [15][16]: 684
	arc #32 [38][37]: 672
	arc #33 [15][38]: 509
	arc #34 [38][15]: 509
	arc #35 [16][17]: 677
	arc #36 [39][38]: 684
	arc #37 [16][39]: 509
	arc #38 [39][16]: 509
	arc #39 [17][18]: 683
	arc #40 [40][39]: 677
	arc #41 [18][19]: 693
	arc #42 [41][40]: 683
	arc #43 [19][20]: 698
	arc #44 [42][41]: 693
	arc #45 [20][21]: 677
	arc #46 [43][42]: 698
	arc #47 [21][22]: 681
	arc #48 [44][43]: 677
	arc #49 [45][44]: 681
	arc #50 [22][45]: 509
	arc #51 [45][22]: 509

demands...
	demands of vertex 0 at time interval: 1     1     1     1
	demands of vertex 1 at time interval: 1     1     1     1
	demands of vertex 2 at time interval: 1     1     1     1
	demands of vertex 3 at time interval: 1     1     1     1
	demands of vertex 4 at time interval: 1     1     1     1
	demands of vertex 5 at time interval: 1     1     1     1
	demands of vertex 6 at time interval: 0     0     0     0
	demands of vertex 7 at time interval: 1     1     1     1
	demands of vertex 8 at time interval: 1     1     1     1
	demands of vertex 9 at time interval: 1     1     1     1
	demands of vertex 10 at time interval: 1     1     1     1
	demands of vertex 11 at time interval: 1     1     1     1
	demands of vertex 12 at time interval: 1     1     1     1
	demands of vertex 13 at time interval: 1     1     1     1
	demands of vertex 14 at time interval: 0     0     0     0
	demands of vertex 15 at time interval: 1     1     1     1
	demands of vertex 16 at time interval: 1     1     1     1
	demands of vertex 17 at time interval: 1     1     1     1
	demands of vertex 18 at time interval: 1     1     1     1
	demands of vertex 19 at time interval: 1     1     1     1
	demands of vertex 20 at time interval: 1     1     1     1
	demands of vertex 21 at time interval: 1     1     1     1
	demands of vertex 22 at time interval: 0     0     0     0
	demands of vertex 23 at time interval: 0     0     0     0
	demands of vertex 24 at time interval: 1     1     1     1
	demands of vertex 25 at time interval: 1     1     1     1
	demands of vertex 26 at time interval: 1     1     1     1
	demands of vertex 27 at time interval: 1     1     1     1
	demands of vertex 28 at time interval: 1     1     1     1
	demands of vertex 29 at time interval: 0     0     0     0
	demands of vertex 30 at time interval: 1     1     1     1
	demands of vertex 31 at time interval: 1     1     1     1
	demands of vertex 32 at time interval: 1     1     1     1
	demands of vertex 33 at time interval: 1     1     1     1
	demands of vertex 34 at time interval: 1     1     1     1
	demands of vertex 35 at time interval: 1     1     1     1
	demands of vertex 36 at time interval: 1     1     1     1
	demands of vertex 37 at time interval: 0     0     0     0
	demands of vertex 38 at time interval: 1     1     1     1
	demands of vertex 39 at time interval: 1     1     1     1
	demands of vertex 40 at time interval: 1     1     1     1
	demands of vertex 41 at time interval: 1     1     1     1
	demands of vertex 42 at time interval: 1     1     1     1
	demands of vertex 43 at time interval: 1     1     1     1
	demands of vertex 44 at time interval: 1     1     1     1
	demands of vertex 45 at time interval: 1     1     1     1

maximum time = 57550
alpha = 66

>> Solving...
Version identifier: 20.1.0.0 | 2020-11-10 | 9bedb6d68
CPXPARAM_Threads                                 1
CPXPARAM_TimeLimit                               43200
Tried aggregator 3 times.
MIP Presolve eliminated 84370 rows and 9831 columns.
MIP Presolve modified 75888 coefficients.
Aggregator did 246 substitutions.
Reduced MIP has 279565 rows, 107437 columns, and 681858 nonzeros.
Reduced MIP has 106725 binaries, 0 generals, 0 SOSs, and 0 indicators.
Presolve time = 26.91 sec. (8186.51 ticks)
Probing fixed 0 vars, tightened 132 bounds.
Probing time = 15.97 sec. (1086.65 ticks)
Tried aggregator 1 time.
Detecting symmetries...
Elapsed time for symmetry detection = 34.85 sec. (10002.74 ticks)
Elapsed time for symmetry detection = 67.83 sec. (20006.84 ticks)
Elapsed time for symmetry detection = 94.02 sec. (30009.22 ticks)
Elapsed time for symmetry detection = 124.84 sec. (40011.85 ticks)
Found 2.748064e+74612 symmetric permutations.
MIP Presolve eliminated 122 rows and 98 columns.
MIP Presolve modified 4779 coefficients.
Reduced MIP has 279443 rows, 107339 columns, and 681236 nonzeros.
Reduced MIP has 106627 binaries, 0 generals, 0 SOSs, and 0 indicators.
Presolve time = 150.23 sec. (45955.79 ticks)
Probing fixed 0 vars, tightened 42 bounds.
Probing time = 14.94 sec. (683.00 ticks)
Clique table members: 454418.
MIP emphasis: balance optimality and feasibility.
MIP search method: dynamic search.
Parallel mode: none, using 1 thread.
Root relaxation solution time = 1321.54 sec. (71240.76 ticks)

        Nodes                                         Cuts/
   Node  Left     Objective  IInf  Best Integer    Best Bound    ItCnt     Gap

      0     0        0.0000 24002                      0.0000    40198         
      0     0        0.0000  5413                  Cuts: 3157    50331         
      0     0        0.0000  7914                  Cuts: 6565    65092         
      0     0        0.0000  2266                  Cuts: 1644   112081         
      0     0        0.0000  3920                  Cuts: 5358   140871         
Heuristic still looking.
Heuristic still looking.
Heuristic still looking.
*     0+    0                        43142.0000        0.0000           100.00%

Repeating presolve.
Tried aggregator 1 time.
MIP Presolve eliminated 195600 rows and 78261 columns.
MIP Presolve modified 2005 coefficients.
Reduced MIP has 83843 rows, 29078 columns, and 211726 nonzeros.
Reduced MIP has 28366 binaries, 0 generals, 0 SOSs, and 0 indicators.
Presolve time = 3.35 sec. (1618.54 ticks)
Probing fixed 1637 vars, tightened 40651 bounds.
Probing time = 35.78 sec. (5411.55 ticks)
Tried aggregator 2 times.
MIP Presolve eliminated 73369 rows and 24934 columns.
MIP Presolve modified 11301 coefficients.
Aggregator did 1611 substitutions.
Reduced MIP has 8863 rows, 2533 columns, and 24930 nonzeros.
Reduced MIP has 2118 binaries, 0 generals, 0 SOSs, and 0 indicators.
Presolve time = 0.28 sec. (81.47 ticks)
Probing time = 0.03 sec. (7.32 ticks)
Tried aggregator 1 time.
Detecting symmetries...
Reduced MIP has 8863 rows, 2533 columns, and 24930 nonzeros.
Reduced MIP has 2118 binaries, 0 generals, 0 SOSs, and 0 indicators.
Presolve time = 0.04 sec. (12.90 ticks)
Represolve time = 41.88 sec. (9504.42 ticks)
Probing time = 0.03 sec. (7.48 ticks)
Clique table members: 40264.
MIP emphasis: balance optimality and feasibility.
MIP search method: dynamic search.
Parallel mode: none, using 1 thread.
Root relaxation solution time = 0.35 sec. (272.94 ticks)

        Nodes                                         Cuts/
   Node  Left     Objective  IInf  Best Integer    Best Bound    ItCnt     Gap

*     0+    0                        43142.0000    11720.0000            72.83%
      0     0    23140.0000   796    43142.0000    23140.0000   142705   46.36%
      0     0    23142.5923   924    43142.0000    Cuts: 2315   144769   46.36%
      0     0    23192.3206   997    43142.0000    Cuts: 1148   145439   46.24%
      0     0    23202.2570  1036    43142.0000     Cuts: 831   145791   46.22%
*     0+    0                        43074.0000    23202.2570            46.13%
      0     0  -1.00000e+75     0    43074.0000    23202.2570   145791   46.13%
      0     0    23225.6016  1010    43074.0000     Cuts: 414   146179   46.08%
      0     0    23238.7298  1040    43074.0000     Cuts: 658   146471   46.05%
Detecting symmetries...
      0     0    23250.1825  1001    43074.0000     Cuts: 593   146816   46.02%
      0     0    23250.1825  1023    43074.0000     Cuts: 596   147010   46.02%
      0     0    23250.6856   882    43074.0000     Cuts: 121   147218   46.02%
      0     0    23250.6856   998    43074.0000    Cuts: 1159   147563   46.02%
*     0+    0                        42914.0000    23250.6856            45.82%
Detecting symmetries...
      0     2    23250.6856   845    42914.0000    23522.7553   147563   45.19%
Elapsed time = 9636.25 sec. (1685149.50 ticks, tree = 0.01 MB, solutions = 3)
      6     8    37694.0000   406    42914.0000    24380.9555   149587   43.19%
     12    14    37694.0000   398    42914.0000    24380.9555   150630   43.19%
     40    40    40345.0000    90    42914.0000    24380.9555   151303   43.19%
     70    64    40584.0000    23    42914.0000    24380.9555   151835   43.19%
     82    72    39934.0000   174    42914.0000    27669.3896   153828   35.52%
*   100+   88                        42632.0000    27669.3896            35.10%
*   100+   87                        41801.0000    27669.3896            33.81%
*   110+   97                        41722.0000    27669.3896            33.68%
    110    99    39934.0000    38    41722.0000    27669.3896   154391   33.68%
*   130+   83                        40230.0000    27669.3896            31.22%
*   134    43      integral     0    39934.0000    27669.3896   154593   30.71%
    167    13        cutoff          39934.0000    37694.0000   155727    5.61%

Clique cuts applied:  461
Implied bound cuts applied:  112
Flow cuts applied:  55
Mixed integer rounding cuts applied:  95
Zero-half cuts applied:  6
Gomory fractional cuts applied:  8

Root node processing (before b&c):
  Real time             = 9636.18 sec. (1685088.72 ticks)
Sequential b&c:
  Real time             =    4.00 sec. (1969.87 ticks)
                          ------------
Total (root+branch&cut) = 9640.18 sec. (1687058.58 ticks)
Optimal

>> Printing some results...
    -> Solution value = 39933 - 11:05:33
    -> Total time = 9640.18
    -> Gap value = 0.00

=============
Train 0
=============
> Trip 0
   45(time 17756 - 04:55:56)(time 17928 - 04:58:48) ->    44(time 17994 - 04:59:54)(time 18162 - 05:02:42) ->    43(time 18228 - 05:03:48)(time 18417 - 05:06:57) ->    42(time 18483 - 05:08:03)(time 18667 - 05:11:07) ->    41(time 18733 - 05:12:13)(time 18907 - 05:15:07) ->    40(time 18973 - 05:16:13)(time 19141 - 05:19:01) ->    39(time 19380 - 05:23:00)(time 19555 - 05:25:55) ->    38(time 19794 - 05:29:54)(time 19957 - 05:32:37) ->    37(time 20000 - 05:33:20)(time 20168 - 05:36:08) ->    36(time 20234 - 05:37:14)(time 20417 - 05:40:17) ->    35(time 20483 - 05:41:23)(time 20673 - 05:44:33) ->    34(time 20739 - 05:45:39)(time 20922 - 05:48:42) ->    33(time 20988 - 05:49:48)(time 21156 - 05:52:36) ->    32(time 21222 - 05:53:42)(time 21397 - 05:56:37) ->    31(time 21463 - 05:57:43)(time 21624 - 06:00:24) ->    30(time 21690 - 06:01:30)(time 21858 - 06:04:18) ->    29(time 21901 - 06:05:01)(time 22089 - 06:08:09) ->    28(time 22155 - 06:09:15)(time 22327 - 06:12:07) ->    27(time 22393 - 06:13:13)(time 22573 - 06:16:13) ->    26(time 22639 - 06:17:19)(time 22823 - 06:20:23) ->    25(time 22889 - 06:21:29)(time 23068 - 06:24:28) ->    24(time 23134 - 06:25:34)(time 23302 - 06:28:22) ->    23(time 23541 - 06:32:21)(time 23541 - 06:32:21) ->    0(time 23541 - 06:32:21)(time 23709 - 06:35:09) ->    1(time 23775 - 06:36:15)(time 23954 - 06:39:14) ->    2(time 24020 - 06:40:20)(time 24204 - 06:43:24) ->    3(time 24270 - 06:44:30)(time 24450 - 06:47:30) ->    4(time 24516 - 06:48:36)(time 24688 - 06:51:28) ->    5(time 24754 - 06:52:34)(time 24942 - 06:55:42) ->    6(time 25079 - 06:57:59)(time 25247 - 07:00:47) ->    7(time 25313 - 07:01:53)(time 25474 - 07:04:34) ->    8(time 25540 - 07:05:40)(time 25715 - 07:08:35) ->    9(time 25781 - 07:09:41)(time 25949 - 07:12:29) ->    10(time 26015 - 07:13:35)(time 26198 - 07:16:38) ->    11(time 26264 - 07:17:44)(time 26454 - 07:20:54) ->    12(time 26520 - 07:22:00)(time 26703 - 07:25:03) ->    13(time 26769 - 07:26:09)(time 26937 - 07:28:57) ->    14(time 26980 - 07:29:40)(time 27143 - 07:32:23) ->    15(time 27382 - 07:36:22)(time 27557 - 07:39:17) ->    16(time 27796 - 07:43:16)(time 27964 - 07:46:04) ->    17(time 28030 - 07:47:10)(time 28204 - 07:50:04) ->    18(time 28270 - 07:51:10)(time 28454 - 07:54:14) ->    19(time 28520 - 07:55:20)(time 28709 - 07:58:29) ->    20(time 28775 - 07:59:35)(time 28943 - 08:02:23) ->    21(time 29452 - 08:10:52)(time 29624 - 08:13:44) ->    22(time 29863 - 08:17:43)(time 29863 - 08:17:43) -> 45
> Trip 1
   45(time 30720 - 08:32:00)(time 30892 - 08:34:52) ->    44(time 30958 - 08:35:58)(time 31126 - 08:38:46) ->    43(time 31192 - 08:39:52)(time 31381 - 08:43:01) ->    42(time 31890 - 08:51:30)(time 32074 - 08:54:34) ->    41(time 32140 - 08:55:40)(time 32314 - 08:58:34) ->    40(time 32380 - 08:59:40)(time 32548 - 09:02:28) ->    39(time 32787 - 09:06:27)(time 32962 - 09:09:22) ->    38(time 33201 - 09:13:21)(time 33364 - 09:16:04) ->    37(time 33597 - 09:19:57)(time 33765 - 09:22:45) ->    36(time 33831 - 09:23:51)(time 34014 - 09:26:54) ->    35(time 34080 - 09:28:00)(time 34270 - 09:31:10) ->    34(time 34336 - 09:32:16)(time 34519 - 09:35:19) ->    33(time 34585 - 09:36:25)(time 34753 - 09:39:13) ->    32(time 34819 - 09:40:19)(time 34994 - 09:43:14) ->    31(time 35060 - 09:44:20)(time 35221 - 09:47:01) ->    30(time 35287 - 09:48:07)(time 35455 - 09:50:55) ->    29(time 35498 - 09:51:38)(time 35686 - 09:54:46) ->    28(time 35752 - 09:55:52)(time 35924 - 09:58:44) ->    27(time 35990 - 09:59:50)(time 36170 - 10:02:50) ->    26(time 36236 - 10:03:56)(time 36420 - 10:07:00) ->    25(time 36486 - 10:08:06)(time 36665 - 10:11:05) ->    24(time 36731 - 10:12:11)(time 36899 - 10:14:59) ->    23(time 37138 - 10:18:58)(time 37138 - 10:18:58) ->    0(time 37138 - 10:18:58)(time 37306 - 10:21:46) ->    1(time 37372 - 10:22:52)(time 37551 - 10:25:51) ->    2(time 37617 - 10:26:57)(time 37801 - 10:30:01) ->    3(time 37867 - 10:31:07)(time 38047 - 10:34:07) ->    4(time 38113 - 10:35:13)(time 38285 - 10:38:05) ->    5(time 38351 - 10:39:11)(time 38539 - 10:42:19) ->    6(time 38582 - 10:43:02)(time 38750 - 10:45:50) ->    7(time 38816 - 10:46:56)(time 38977 - 10:49:37) ->    8(time 39043 - 10:50:43)(time 39218 - 10:53:38) ->    9(time 39284 - 10:54:44)(time 39452 - 10:57:32) ->    10(time 39518 - 10:58:38)(time 39701 - 11:01:41) ->    11(time 39767 - 11:02:47)(time 39957 - 11:05:57) ->    12(time 40023 - 11:07:03)(time 40206 - 11:10:06) ->    13(time 40272 - 11:11:12)(time 40440 - 11:14:00) ->    14(time 40483 - 11:14:43)(time 40646 - 11:17:26) ->    15(time 40885 - 11:21:25)(time 41060 - 11:24:20) ->    16(time 41299 - 11:28:19)(time 41467 - 11:31:07) ->    17(time 41533 - 11:32:13)(time 41707 - 11:35:07) ->    18(time 41773 - 11:36:13)(time 41957 - 11:39:17) ->    19(time 42023 - 11:40:23)(time 42212 - 11:43:32) ->    20(time 42278 - 11:44:38)(time 42446 - 11:47:26) ->    21(time 42512 - 11:48:32)(time 42684 - 11:51:24) ->    22(time 42923 - 11:55:23)(time 42923 - 11:55:23) -> 45
> Trip 2
   45(time 42923 - 11:55:23)(time 43095 - 11:58:15) ->    44(time 43161 - 11:59:21)(time 43329 - 12:02:09) ->    43(time 43395 - 12:03:15)(time 43584 - 12:06:24) ->    42(time 43650 - 12:07:30)(time 43834 - 12:10:34) ->    41(time 43900 - 12:11:40)(time 44074 - 12:14:34) ->    40(time 44140 - 12:15:40)(time 44308 - 12:18:28) ->    39(time 44547 - 12:22:27)(time 44722 - 12:25:22) ->    38(time 44961 - 12:29:21)(time 45124 - 12:32:04) ->    37(time 45167 - 12:32:47)(time 45335 - 12:35:35) ->    36(time 45401 - 12:36:41)(time 45584 - 12:39:44) ->    35(time 45650 - 12:40:50)(time 45840 - 12:44:00) ->    34(time 45906 - 12:45:06)(time 46089 - 12:48:09) ->    33(time 46155 - 12:49:15)(time 46323 - 12:52:03) ->    32(time 46389 - 12:53:09)(time 46564 - 12:56:04) ->    31(time 46630 - 12:57:10)(time 46791 - 12:59:51) ->    30(time 46857 - 13:00:57)(time 47025 - 13:03:45) ->    29(time 47068 - 13:04:28)(time 47256 - 13:07:36) ->    28(time 47322 - 13:08:42)(time 47494 - 13:11:34) ->    27(time 47560 - 13:12:40)(time 47740 - 13:15:40) ->    26(time 47806 - 13:16:46)(time 47990 - 13:19:50) ->    25(time 48056 - 13:20:56)(time 48235 - 13:23:55) ->    24(time 48301 - 13:25:01)(time 48469 - 13:27:49) ->    23(time 48708 - 13:31:48)(time 48708 - 13:31:48) ->    0(time 48708 - 13:31:48)(time 48876 - 13:34:36) ->    1(time 48942 - 13:35:42)(time 49121 - 13:38:41) ->    2(time 49187 - 13:39:47)(time 49371 - 13:42:51) ->    3(time 49437 - 13:43:57)(time 49617 - 13:46:57) ->    4(time 49683 - 13:48:03)(time 49855 - 13:50:55) ->    5(time 49921 - 13:52:01)(time 50109 - 13:55:09) ->    6(time 50152 - 13:55:52)(time 50320 - 13:58:40) ->    7(time 50386 - 13:59:46)(time 50547 - 14:02:27) ->    8(time 50613 - 14:03:33)(time 50788 - 14:06:28) ->    9(time 50854 - 14:07:34)(time 51022 - 14:10:22) ->    10(time 51088 - 14:11:28)(time 51271 - 14:14:31) ->    11(time 51337 - 14:15:37)(time 51527 - 14:18:47) ->    12(time 51593 - 14:19:53)(time 51776 - 14:22:56) ->    13(time 51842 - 14:24:02)(time 52010 - 14:26:50) ->    14(time 52053 - 14:27:33)(time 52216 - 14:30:16) ->    15(time 52455 - 14:34:15)(time 52630 - 14:37:10) ->    16(time 52869 - 14:41:09)(time 53037 - 14:43:57) ->    17(time 53103 - 14:45:03)(time 53277 - 14:47:57) ->    18(time 53343 - 14:49:03)(time 53527 - 14:52:07) ->    19(time 53593 - 14:53:13)(time 53782 - 14:56:22) ->    20(time 53848 - 14:57:28)(time 54016 - 15:00:16) ->    21(time 54082 - 15:01:22)(time 54254 - 15:04:14) ->    22(time 54493 - 15:08:13)(time 54493 - 15:08:13) -> 45
=============
Train 1
=============
> Trip 0
   45(time 3228 - 00:53:48)(time 3400 - 00:56:40) ->    44(time 3466 - 00:57:46)(time 3634 - 01:00:34) ->    43(time 3700 - 01:01:40)(time 3889 - 01:04:49) ->    42(time 3955 - 01:05:55)(time 4139 - 01:08:59) ->    41(time 4205 - 01:10:05)(time 4379 - 01:12:59) ->    40(time 4445 - 01:14:05)(time 4613 - 01:16:53) ->    39(time 4852 - 01:20:52)(time 5027 - 01:23:47) ->    38(time 5266 - 01:27:46)(time 5429 - 01:30:29) ->    37(time 5472 - 01:31:12)(time 5640 - 01:34:00) ->    36(time 5706 - 01:35:06)(time 5889 - 01:38:09) ->    35(time 5955 - 01:39:15)(time 6145 - 01:42:25) ->    34(time 6211 - 01:43:31)(time 6394 - 01:46:34) ->    33(time 6460 - 01:47:40)(time 6628 - 01:50:28) ->    32(time 6694 - 01:51:34)(time 6869 - 01:54:29) ->    31(time 6935 - 01:55:35)(time 7096 - 01:58:16) ->    30(time 7162 - 01:59:22)(time 7330 - 02:02:10) ->    29(time 7373 - 02:02:53)(time 7561 - 02:06:01) ->    28(time 7627 - 02:07:07)(time 7799 - 02:09:59) ->    27(time 7865 - 02:11:05)(time 8045 - 02:14:05) ->    26(time 8111 - 02:15:11)(time 8295 - 02:18:15) ->    25(time 8361 - 02:19:21)(time 8540 - 02:22:20) ->    24(time 8606 - 02:23:26)(time 8774 - 02:26:14) ->    23(time 9013 - 02:30:13)(time 9013 - 02:30:13) ->    0(time 9013 - 02:30:13)(time 9181 - 02:33:01) ->    1(time 9247 - 02:34:07)(time 9426 - 02:37:06) ->    2(time 9492 - 02:38:12)(time 9676 - 02:41:16) ->    3(time 9742 - 02:42:22)(time 9922 - 02:45:22) ->    4(time 9988 - 02:46:28)(time 10160 - 02:49:20) ->    5(time 10226 - 02:50:26)(time 10414 - 02:53:34) ->    6(time 10457 - 02:54:17)(time 10625 - 02:57:05) ->    7(time 10691 - 02:58:11)(time 10852 - 03:00:52) ->    8(time 10918 - 03:01:58)(time 11093 - 03:04:53) ->    9(time 11159 - 03:05:59)(time 11327 - 03:08:47) ->    10(time 11393 - 03:09:53)(time 11576 - 03:12:56) ->    11(time 11642 - 03:14:02)(time 11832 - 03:17:12) ->    12(time 11898 - 03:18:18)(time 12081 - 03:21:21) ->    13(time 12147 - 03:22:27)(time 12315 - 03:25:15) ->    14(time 12358 - 03:25:58)(time 12521 - 03:28:41) ->    15(time 12760 - 03:32:40)(time 12935 - 03:35:35) ->    16(time 13174 - 03:39:34)(time 13342 - 03:42:22) ->    17(time 13408 - 03:43:28)(time 13582 - 03:46:22) ->    18(time 13648 - 03:47:28)(time 13832 - 03:50:32) ->    19(time 13898 - 03:51:38)(time 14087 - 03:54:47) ->    20(time 14153 - 03:55:53)(time 14321 - 03:58:41) ->    21(time 14387 - 03:59:47)(time 14559 - 04:02:39) ->    22(time 14798 - 04:06:38)(time 14798 - 04:06:38) -> 45
> Trip 1
   45(time 14798 - 04:06:38)(time 14970 - 04:09:30) ->    44(time 15036 - 04:10:36)(time 15204 - 04:13:24) ->    43(time 15270 - 04:14:30)(time 15459 - 04:17:39) ->    42(time 15525 - 04:18:45)(time 15709 - 04:21:49) ->    41(time 15775 - 04:22:55)(time 15949 - 04:25:49) ->    40(time 16015 - 04:26:55)(time 16183 - 04:29:43) ->    39(time 16422 - 04:33:42)(time 16597 - 04:36:37) ->    38(time 16911 - 04:41:51)(time 17074 - 04:44:34) ->    37(time 17583 - 04:53:03)(time 17751 - 04:55:51) ->    36(time 18260 - 05:04:20)(time 18443 - 05:07:23) ->    35(time 18509 - 05:08:29)(time 18699 - 05:11:39) ->    34(time 18765 - 05:12:45)(time 18948 - 05:15:48) ->    33(time 19014 - 05:16:54)(time 19182 - 05:19:42) ->    32(time 19248 - 05:20:48)(time 19423 - 05:23:43) ->    31(time 19489 - 05:24:49)(time 19650 - 05:27:30) ->    30(time 20159 - 05:35:59)(time 20327 - 05:38:47) ->    29(time 20836 - 05:47:16)(time 21024 - 05:50:24) ->    28(time 21090 - 05:51:30)(time 21262 - 05:54:22) ->    27(time 21328 - 05:55:28)(time 21508 - 05:58:28) ->    26(time 21574 - 05:59:34)(time 21758 - 06:02:38) ->    25(time 21824 - 06:03:44)(time 22003 - 06:06:43) ->    24(time 22069 - 06:07:49)(time 22237 - 06:10:37) ->    23(time 22476 - 06:14:36)(time 22476 - 06:14:36) ->    0(time 22476 - 06:14:36)(time 22644 - 06:17:24) ->    1(time 22710 - 06:18:30)(time 22889 - 06:21:29) ->    2(time 23398 - 06:29:58)(time 23582 - 06:33:02) ->    3(time 23718 - 06:35:18)(time 23898 - 06:38:18) ->    4(time 23964 - 06:39:24)(time 24136 - 06:42:16) ->    5(time 24202 - 06:43:22)(time 24390 - 06:46:30) ->    6(time 24433 - 06:47:13)(time 24601 - 06:50:01) ->    7(time 24667 - 06:51:07)(time 24828 - 06:53:48) ->    8(time 24894 - 06:54:54)(time 25069 - 06:57:49) ->    9(time 25135 - 06:58:55)(time 25303 - 07:01:43) ->    10(time 25369 - 07:02:49)(time 25552 - 07:05:52) ->    11(time 25618 - 07:06:58)(time 25808 - 07:10:08) ->    12(time 25874 - 07:11:14)(time 26057 - 07:14:17) ->    13(time 26123 - 07:15:23)(time 26291 - 07:18:11) ->    14(time 26334 - 07:18:54)(time 26497 - 07:21:37) ->    15(time 26736 - 07:25:36)(time 26911 - 07:28:31) ->    16(time 27150 - 07:32:30)(time 27318 - 07:35:18) ->    17(time 27384 - 07:36:24)(time 27558 - 07:39:18) ->    18(time 27624 - 07:40:24)(time 27808 - 07:43:28) ->    19(time 27874 - 07:44:34)(time 28063 - 07:47:43) ->    20(time 28129 - 07:48:49)(time 28297 - 07:51:37) ->    21(time 28363 - 07:52:43)(time 28535 - 07:55:35) ->    22(time 28774 - 07:59:34)(time 28774 - 07:59:34) -> 45
> Trip 2
   45(time 43162 - 11:59:22)(time 43334 - 12:02:14) ->    44(time 43400 - 12:03:20)(time 43568 - 12:06:08) ->    43(time 43634 - 12:07:14)(time 43823 - 12:10:23) ->    42(time 43889 - 12:11:29)(time 44073 - 12:14:33) ->    41(time 44139 - 12:15:39)(time 44313 - 12:18:33) ->    40(time 44379 - 12:19:39)(time 44547 - 12:22:27) ->    39(time 44786 - 12:26:26)(time 44961 - 12:29:21) ->    38(time 45200 - 12:33:20)(time 45363 - 12:36:03) ->    37(time 45406 - 12:36:46)(time 45574 - 12:39:34) ->    36(time 45640 - 12:40:40)(time 45823 - 12:43:43) ->    35(time 45889 - 12:44:49)(time 46079 - 12:47:59) ->    34(time 46145 - 12:49:05)(time 46328 - 12:52:08) ->    33(time 46394 - 12:53:14)(time 46562 - 12:56:02) ->    32(time 46628 - 12:57:08)(time 46803 - 13:00:03) ->    31(time 46869 - 13:01:09)(time 47030 - 13:03:50) ->    30(time 47096 - 13:04:56)(time 47264 - 13:07:44) ->    29(time 47307 - 13:08:27)(time 47495 - 13:11:35) ->    28(time 47561 - 13:12:41)(time 47733 - 13:15:33) ->    27(time 47799 - 13:16:39)(time 47979 - 13:19:39) ->    26(time 48045 - 13:20:45)(time 48229 - 13:23:49) ->    25(time 48295 - 13:24:55)(time 48474 - 13:27:54) ->    24(time 48540 - 13:29:00)(time 48708 - 13:31:48) ->    23(time 48947 - 13:35:47)(time 48947 - 13:35:47) ->    0(time 48947 - 13:35:47)(time 49115 - 13:38:35) ->    1(time 49181 - 13:39:41)(time 49360 - 13:42:40) ->    2(time 49426 - 13:43:46)(time 49610 - 13:46:50) ->    3(time 49676 - 13:47:56)(time 49856 - 13:50:56) ->    4(time 49922 - 13:52:02)(time 50094 - 13:54:54) ->    5(time 50160 - 13:56:00)(time 50348 - 13:59:08) ->    6(time 50391 - 13:59:51)(time 50559 - 14:02:39) ->    7(time 50625 - 14:03:45)(time 50786 - 14:06:26) ->    8(time 50852 - 14:07:32)(time 51027 - 14:10:27) ->    9(time 51093 - 14:11:33)(time 51261 - 14:14:21) ->    10(time 51327 - 14:15:27)(time 51510 - 14:18:30) ->    11(time 51576 - 14:19:36)(time 51766 - 14:22:46) ->    12(time 51832 - 14:23:52)(time 52015 - 14:26:55) ->    13(time 52081 - 14:28:01)(time 52249 - 14:30:49) ->    14(time 52292 - 14:31:32)(time 52455 - 14:34:15) ->    15(time 52694 - 14:38:14)(time 52869 - 14:41:09) ->    16(time 53108 - 14:45:08)(time 53276 - 14:47:56) ->    17(time 53342 - 14:49:02)(time 53516 - 14:51:56) ->    18(time 53582 - 14:53:02)(time 53766 - 14:56:06) ->    19(time 53832 - 14:57:12)(time 54021 - 15:00:21) ->    20(time 54087 - 15:01:27)(time 54255 - 15:04:15) ->    21(time 54321 - 15:05:21)(time 54493 - 15:08:13) ->    22(time 54732 - 15:12:12)(time 54732 - 15:12:12) -> 45
=============
Train 2
=============
> Trip 0
   45(time 4925 - 01:22:05)(time 5097 - 01:24:57) ->    44(time 5163 - 01:26:03)(time 5331 - 01:28:51) ->    43(time 5397 - 01:29:57)(time 5586 - 01:33:06) ->    42(time 5652 - 01:34:12)(time 5836 - 01:37:16) ->    41(time 5902 - 01:38:22)(time 6076 - 01:41:16) ->    40(time 6142 - 01:42:22)(time 6310 - 01:45:10) ->    39(time 6549 - 01:49:09)(time 6724 - 01:52:04) ->    38(time 6963 - 01:56:03)(time 7126 - 01:58:46) ->    37(time 7169 - 01:59:29)(time 7337 - 02:02:17) ->    36(time 7403 - 02:03:23)(time 7586 - 02:06:26) ->    35(time 7652 - 02:07:32)(time 7842 - 02:10:42) ->    34(time 7908 - 02:11:48)(time 8091 - 02:14:51) ->    33(time 8157 - 02:15:57)(time 8325 - 02:18:45) ->    32(time 8391 - 02:19:51)(time 8566 - 02:22:46) ->    31(time 8632 - 02:23:52)(time 8793 - 02:26:33) ->    30(time 8859 - 02:27:39)(time 9027 - 02:30:27) ->    29(time 9070 - 02:31:10)(time 9258 - 02:34:18) ->    28(time 9324 - 02:35:24)(time 9496 - 02:38:16) ->    27(time 9562 - 02:39:22)(time 9742 - 02:42:22) ->    26(time 9808 - 02:43:28)(time 9992 - 02:46:32) ->    25(time 10058 - 02:47:38)(time 10237 - 02:50:37) ->    24(time 10303 - 02:51:43)(time 10471 - 02:54:31) ->    23(time 10710 - 02:58:30)(time 10710 - 02:58:30) ->    0(time 10710 - 02:58:30)(time 10878 - 03:01:18) ->    1(time 10944 - 03:02:24)(time 11123 - 03:05:23) ->    2(time 11189 - 03:06:29)(time 11373 - 03:09:33) ->    3(time 11439 - 03:10:39)(time 11619 - 03:13:39) ->    4(time 11685 - 03:14:45)(time 11857 - 03:17:37) ->    5(time 11923 - 03:18:43)(time 12111 - 03:21:51) ->    6(time 12154 - 03:22:34)(time 12322 - 03:25:22) ->    7(time 12388 - 03:26:28)(time 12549 - 03:29:09) ->    8(time 12615 - 03:30:15)(time 12790 - 03:33:10) ->    9(time 12856 - 03:34:16)(time 13024 - 03:37:04) ->    10(time 13090 - 03:38:10)(time 13273 - 03:41:13) ->    11(time 13689 - 03:48:09)(time 13879 - 03:51:19) ->    12(time 14388 - 03:59:48)(time 14571 - 04:02:51) ->    13(time 14637 - 04:03:57)(time 14805 - 04:06:45) ->    14(time 14848 - 04:07:28)(time 15011 - 04:10:11) ->    15(time 15520 - 04:18:40)(time 15695 - 04:21:35) ->    16(time 16204 - 04:30:04)(time 16372 - 04:32:52) ->    17(time 16438 - 04:33:58)(time 16612 - 04:36:52) ->    18(time 16678 - 04:37:58)(time 16862 - 04:41:02) ->    19(time 16928 - 04:42:08)(time 17117 - 04:45:17) ->    20(time 17183 - 04:46:23)(time 17351 - 04:49:11) ->    21(time 17417 - 04:50:17)(time 17589 - 04:53:09) ->    22(time 17828 - 04:57:08)(time 17828 - 04:57:08) -> 45
> Trip 1
   45(time 18019 - 05:00:19)(time 18191 - 05:03:11) ->    44(time 18257 - 05:04:17)(time 18425 - 05:07:05) ->    43(time 18491 - 05:08:11)(time 18680 - 05:11:20) ->    42(time 18746 - 05:12:26)(time 18930 - 05:15:30) ->    41(time 18996 - 05:16:36)(time 19170 - 05:19:30) ->    40(time 19236 - 05:20:36)(time 19404 - 05:23:24) ->    39(time 19913 - 05:31:53)(time 20088 - 05:34:48) ->    38(time 20597 - 05:43:17)(time 20760 - 05:46:00) ->    37(time 20803 - 05:46:43)(time 20971 - 05:49:31) ->    36(time 21037 - 05:50:37)(time 21220 - 05:53:40) ->    35(time 21729 - 06:02:09)(time 21919 - 06:05:19) ->    34(time 21985 - 06:06:25)(time 22168 - 06:09:28) ->    33(time 22677 - 06:17:57)(time 22845 - 06:20:45) ->    32(time 23354 - 06:29:14)(time 23529 - 06:32:09) ->    31(time 24038 - 06:40:38)(time 24199 - 06:43:19) ->    30(time 24265 - 06:44:25)(time 24433 - 06:47:13) ->    29(time 24942 - 06:55:42)(time 25130 - 06:58:50) ->    28(time 25639 - 07:07:19)(time 25811 - 07:10:11) ->    27(time 26320 - 07:18:40)(time 26500 - 07:21:40) ->    26(time 27009 - 07:30:09)(time 27193 - 07:33:13) ->    25(time 27702 - 07:41:42)(time 27881 - 07:44:41) ->    24(time 28390 - 07:53:10)(time 28558 - 07:55:58) ->    23(time 29067 - 08:04:27)(time 29067 - 08:04:27) ->    0(time 29576 - 08:12:56)(time 29744 - 08:15:44) ->    1(time 29810 - 08:16:50)(time 29989 - 08:19:49) ->    2(time 30055 - 08:20:55)(time 30239 - 08:23:59) ->    3(time 30305 - 08:25:05)(time 30485 - 08:28:05) ->    4(time 30551 - 08:29:11)(time 30723 - 08:32:03) ->    5(time 30789 - 08:33:09)(time 30977 - 08:36:17) ->    6(time 31020 - 08:37:00)(time 31188 - 08:39:48) ->    7(time 31254 - 08:40:54)(time 31415 - 08:43:35) ->    8(time 31481 - 08:44:41)(time 31656 - 08:47:36) ->    9(time 31722 - 08:48:42)(time 31890 - 08:51:30) ->    10(time 31956 - 08:52:36)(time 32139 - 08:55:39) ->    11(time 32205 - 08:56:45)(time 32395 - 08:59:55) ->    12(time 32461 - 09:01:01)(time 32644 - 09:04:04) ->    13(time 33153 - 09:12:33)(time 33321 - 09:15:21) ->    14(time 33364 - 09:16:04)(time 33527 - 09:18:47) ->    15(time 34036 - 09:27:16)(time 34211 - 09:30:11) ->    16(time 34450 - 09:34:10)(time 34618 - 09:36:58) ->    17(time 34684 - 09:38:04)(time 34858 - 09:40:58) ->    18(time 34924 - 09:42:04)(time 35108 - 09:45:08) ->    19(time 35174 - 09:46:14)(time 35363 - 09:49:23) ->    20(time 35429 - 09:50:29)(time 35597 - 09:53:17) ->    21(time 35663 - 09:54:23)(time 35835 - 09:57:15) ->    22(time 36074 - 10:01:14)(time 36074 - 10:01:14) -> 45
> Trip 2
   45(time 37285 - 10:21:25)(time 37457 - 10:24:17) ->    44(time 37966 - 10:32:46)(time 38134 - 10:35:34) ->    43(time 38200 - 10:36:40)(time 38389 - 10:39:49) ->    42(time 38455 - 10:40:55)(time 38639 - 10:43:59) ->    41(time 38705 - 10:45:05)(time 38879 - 10:47:59) ->    40(time 38945 - 10:49:05)(time 39113 - 10:51:53) ->    39(time 39352 - 10:55:52)(time 39527 - 10:58:47) ->    38(time 39766 - 11:02:46)(time 39929 - 11:05:29) ->    37(time 39972 - 11:06:12)(time 40140 - 11:09:00) ->    36(time 40206 - 11:10:06)(time 40389 - 11:13:09) ->    35(time 40455 - 11:14:15)(time 40645 - 11:17:25) ->    34(time 40711 - 11:18:31)(time 40894 - 11:21:34) ->    33(time 40960 - 11:22:40)(time 41128 - 11:25:28) ->    32(time 41194 - 11:26:34)(time 41369 - 11:29:29) ->    31(time 41435 - 11:30:35)(time 41596 - 11:33:16) ->    30(time 41662 - 11:34:22)(time 41830 - 11:37:10) ->    29(time 42173 - 11:42:53)(time 42361 - 11:46:01) ->    28(time 42427 - 11:47:07)(time 42599 - 11:49:59) ->    27(time 42665 - 11:51:05)(time 42845 - 11:54:05) ->    26(time 42911 - 11:55:11)(time 43095 - 11:58:15) ->    25(time 43161 - 11:59:21)(time 43340 - 12:02:20) ->    24(time 43849 - 12:10:49)(time 44017 - 12:13:37) ->    23(time 44526 - 12:22:06)(time 44526 - 12:22:06) ->    0(time 45035 - 12:30:35)(time 45203 - 12:33:23) ->    1(time 45712 - 12:41:52)(time 45891 - 12:44:51) ->    2(time 46146 - 12:49:06)(time 46330 - 12:52:10) ->    3(time 46396 - 12:53:16)(time 46576 - 12:56:16) ->    4(time 46642 - 12:57:22)(time 46814 - 13:00:14) ->    5(time 46880 - 13:01:20)(time 47068 - 13:04:28) ->    6(time 47577 - 13:12:57)(time 47745 - 13:15:45) ->    7(time 47811 - 13:16:51)(time 47972 - 13:19:32) ->    8(time 48038 - 13:20:38)(time 48213 - 13:23:33) ->    9(time 48279 - 13:24:39)(time 48447 - 13:27:27) ->    10(time 48513 - 13:28:33)(time 48696 - 13:31:36) ->    11(time 48762 - 13:32:42)(time 48952 - 13:35:52) ->    12(time 49461 - 13:44:21)(time 49644 - 13:47:24) ->    13(time 50153 - 13:55:53)(time 50321 - 13:58:41) ->    14(time 50364 - 13:59:24)(time 50527 - 14:02:07) ->    15(time 50766 - 14:06:06)(time 50941 - 14:09:01) ->    16(time 51180 - 14:13:00)(time 51348 - 14:15:48) ->    17(time 51414 - 14:16:54)(time 51588 - 14:19:48) ->    18(time 51654 - 14:20:54)(time 51838 - 14:23:58) ->    19(time 51904 - 14:25:04)(time 52093 - 14:28:13) ->    20(time 52602 - 14:36:42)(time 52770 - 14:39:30) ->    21(time 52836 - 14:40:36)(time 53008 - 14:43:28) ->    22(time 53247 - 14:47:27)(time 53247 - 14:47:27) -> 45
