t3p5r7h1.txt:
   > Trying to open the instance file...
   > Reading number of trains...
   > Reading maximum number of trips per train...
   > Reading time intervals...
   > Reading number of points...
   > Reading stations...
   > Reading crossings...
   > Reading depots...
   > Reading initial point...
   > Reading routes...
   > Reading distance and distance and service...
   > Reading demands...
   > Reading maximum time...
   > Reading alpha...

--------------------------------
 Printing instance
--------------------------------
number of trains = 3
	max trips per trains: 3     3     3
number of intervals = 1
	(0,  14317)
number of points = 5
	initial point: 4
	stations: 0     1     2     4
	crossings: 0     2     3     4
	depots: 0     2     4
number of vertices = 10
	total vertices: 0     1     2     3     4     5     6     7     8     9
	upper vertices: 0     1     2     3     4
	lower vertices: 5     6     7     8     9
	vertices of point #0: (0, 5)
	vertices of point #1: (1, 6)
	vertices of point #2: (2, 7)
	vertices of point #3: (3, 8)
	vertices of point #4: (4, 9)

arcs...
	total arcs: 
		arc #0: (0, 1)
		arc #1: (0, 5)
		arc #2: (5, 0)
		arc #3: (1, 2)
		arc #4: (6, 5)
		arc #5: (2, 3)
		arc #6: (7, 6)
		arc #7: (2, 7)
		arc #8: (7, 2)
		arc #9: (3, 4)
		arc #10: (8, 7)
		arc #11: (9, 8)
		arc #12: (4, 9)
		arc #13: (9, 4)

	reverse arcs: 
		arc #1: (0, 5)
		arc #2: (5, 0)
		arc #7: (2, 7)
		arc #8: (7, 2)
		arc #12: (4, 9)
		arc #13: (9, 4)


incompatible points...
	(0, 1, 7, (1, 2))	(7, 6, 0, (6, 5))	(2, 2, 8, (2, 3))	(8, 8, 2, (8, 7))	(3, 3, 9, (3, 4))	(9, 9, 3, (9, 8))

number of routes = 7
vertices of routes...
	route #0: 0     1     2     3     4     9     8     7     6     5     0
	route #1: 9     8     7     6     5     0     1     2     3     4     9
	route #2: 2     3     4
	route #3: 7     6     5
	route #4: 0     1     2
	route #5: 9     8     7
	route #6: 7     6     5     0     1     2     7
arcs of routes...
	route #0: 0     3     5     9    12    11    10     6     4     2
	route #1: 11    10     6     4     2     0     3     5     9    12
	route #2: 5     9
	route #3: 6     4
	route #4: 0     3
	route #5: 11    10
	route #6: 6     4     2     0     3     7

incompatible routes...
	(0, 1)    	(0, 2)    	(0, 3)    	(0, 5)    	(0, 6)    	(1, 0)    	(1, 2)    	(1, 3)    	(1, 4)    	(1, 6)    	(2, 0)    	(2, 2)    	(2, 3)    	(2, 4)    	(2, 6)    	(3, 1)    	(3, 2)    	(3, 3)    	(3, 5)    	(3, 6)    	(4, 0)    	(4, 1)    	(4, 4)    	(4, 5)    	(5, 0)    	(5, 1)    	(5, 4)    	(5, 5)    	(6, 0)    	(6, 1)    	(6, 4)    	(6, 5)

vertices that can be adjacent in consecutive trips...
	(0, 0)    	(2, 2)    	(2, 7)    	(4, 9)    	(5, 0)    	(7, 2)    	(7, 7)    	(9, 9)
non cyclical routes: 
       2       3       4       5

routes of trip...
	routes that train #0 can complete at trip #0: 1       5
	routes that train #0 can complete at trip #1: 0       1       2       3       4       5       6
	routes that train #0 can complete at trip #2: 0       1       2       3       4       5       6

	routes that train #1 can complete at trip #0: 1       5
	routes that train #1 can complete at trip #1: 0       1       2       3       4       5       6
	routes that train #1 can complete at trip #2: 0       1       2       3       4       5       6

	routes that train #2 can complete at trip #0: 1       5
	routes that train #2 can complete at trip #1: 0       1       2       3       4       5       6
	routes that train #2 can complete at trip #2: 0       1       2       3       4       5       6

 cost...
	arc #0 [0][1]: 276
	arc #1 [0][5]: 0
	arc #2 [5][0]: 0
	arc #3 [1][2]: 252
	arc #4 [6][5]: 276
	arc #5 [2][3]: 265
	arc #6 [7][6]: 252
	arc #7 [2][7]: 0
	arc #8 [7][2]: 0
	arc #9 [3][4]: 258
	arc #10 [8][7]: 265
	arc #11 [9][8]: 258
	arc #12 [4][9]: 0
	arc #13 [9][4]: 0

cost with minimum service...
	arc #0 [0][1]: 373
	arc #1 [0][5]: 0
	arc #2 [5][0]: 0
	arc #3 [1][2]: 483
	arc #4 [6][5]: 507
	arc #5 [2][3]: 299
	arc #6 [7][6]: 349
	arc #7 [2][7]: 0
	arc #8 [7][2]: 0
	arc #9 [3][4]: 489
	arc #10 [8][7]: 496
	arc #11 [9][8]: 292
	arc #12 [4][9]: 0
	arc #13 [9][4]: 0

cost with maximum service...
	arc #0 [0][1]: 770
	arc #1 [0][5]: 494
	arc #2 [5][0]: 494
	arc #3 [1][2]: 746
	arc #4 [6][5]: 770
	arc #5 [2][3]: 759
	arc #6 [7][6]: 746
	arc #7 [2][7]: 494
	arc #8 [7][2]: 494
	arc #9 [3][4]: 752
	arc #10 [8][7]: 759
	arc #11 [9][8]: 752
	arc #12 [4][9]: 494
	arc #13 [9][4]: 494

demands...
	demands of vertex 0 at time interval: 6
	demands of vertex 1 at time interval: 6
	demands of vertex 2 at time interval: 6
	demands of vertex 3 at time interval: 0
	demands of vertex 4 at time interval: 0
	demands of vertex 5 at time interval: 0
	demands of vertex 6 at time interval: 6
	demands of vertex 7 at time interval: 6
	demands of vertex 8 at time interval: 0
	demands of vertex 9 at time interval: 6

maximum time = 14317
alpha = 82

>> Solving...
Version identifier: 20.1.0.0 | 2020-11-10 | 9bedb6d68
CPXPARAM_Threads                                 1
CPXPARAM_TimeLimit                               43200
Tried aggregator 3 times.
MIP Presolve eliminated 8000 rows and 1902 columns.
MIP Presolve modified 7260 coefficients.
Aggregator did 156 substitutions.
Reduced MIP has 11841 rows, 3823 columns, and 30426 nonzeros.
Reduced MIP has 3669 binaries, 0 generals, 0 SOSs, and 0 indicators.
Presolve time = 0.27 sec. (157.35 ticks)
Probing fixed 0 vars, tightened 10 bounds.
Probing time = 0.07 sec. (45.87 ticks)
Cover probing fixed 0 vars, tightened 41 bounds.
Tried aggregator 1 time.
Detecting symmetries...
MIP Presolve eliminated 23 rows and 22 columns.
MIP Presolve modified 1412 coefficients.
Reduced MIP has 11818 rows, 3801 columns, and 30330 nonzeros.
Reduced MIP has 3647 binaries, 0 generals, 0 SOSs, and 0 indicators.
Presolve time = 0.21 sec. (154.22 ticks)
Probing fixed 0 vars, tightened 6 bounds.
Probing time = 0.05 sec. (31.71 ticks)
Cover probing fixed 0 vars, tightened 2 bounds.
Clique table members: 20093.
MIP emphasis: balance optimality and feasibility.
MIP search method: dynamic search.
Parallel mode: none, using 1 thread.
Root relaxation solution time = 0.26 sec. (185.67 ticks)

        Nodes                                         Cuts/
   Node  Left     Objective  IInf  Best Integer    Best Bound    ItCnt     Gap

      0     0        0.0000  1394                      0.0000     2170         
      0     0        0.0000  1511                  Cuts: 1713     4239         
      0     0       40.8303  1902                  Cuts: 1004     8717         
      0     0       40.8303  1778                   Cuts: 635    10244         
      0     0       40.8303  1732                   Cuts: 671    11046         
      0     0       40.8303  1763                   Cuts: 419    12098         

Repeating presolve.
Tried aggregator 1 time.
MIP Presolve eliminated 4759 rows and 1908 columns.
MIP Presolve modified 234 coefficients.
Reduced MIP has 7059 rows, 1893 columns, and 18897 nonzeros.
Reduced MIP has 1739 binaries, 0 generals, 0 SOSs, and 0 indicators.
Presolve time = 0.07 sec. (34.03 ticks)
Probing time = 0.01 sec. (5.38 ticks)
Cover probing fixed 0 vars, tightened 30 bounds.
Tried aggregator 1 time.
Detecting symmetries...
MIP Presolve modified 960 coefficients.
Reduced MIP has 7059 rows, 1893 columns, and 18897 nonzeros.
Reduced MIP has 1739 binaries, 0 generals, 0 SOSs, and 0 indicators.
Presolve time = 0.05 sec. (32.18 ticks)
Represolve time = 0.16 sec. (85.70 ticks)
Probing time = 0.01 sec. (5.26 ticks)
Clique table members: 11330.
MIP emphasis: balance optimality and feasibility.
MIP search method: dynamic search.
Parallel mode: none, using 1 thread.
Root relaxation solution time = 0.23 sec. (201.39 ticks)

        Nodes                                         Cuts/
   Node  Left     Objective  IInf  Best Integer    Best Bound    ItCnt     Gap

      0     0       40.8303   787                     40.8303    14713         
      0     0       81.6592   862                   Cuts: 857    16173         
      0     0       81.6592   889                   Cuts: 499    16721         
      0     0       81.6592   920                   Cuts: 489    17532         
*     0+    0                        14076.0000       81.6592            99.42%
      0     2       81.6592   920    14076.0000       81.9944    17532   99.42%
Elapsed time = 11.91 sec. (9332.24 ticks, tree = 0.01 MB, solutions = 1)
      3     5     1250.0000   590    14076.0000       82.0000    21031   99.42%
      6     8     3288.0000   707    14076.0000       82.0000    24093   99.42%
      9    11     3288.7409   780    14076.0000       82.0000    26843   99.42%
     30    18    10028.0000    24    14076.0000       82.0000    29045   99.42%
*    50+   23                        10611.0000       82.0000            99.23%
*    52    19      integral     0    10326.0000       82.0000    29165   99.21%
     53    20       82.0000   846    10326.0000       82.0000    30338   99.21%
     55    22     3370.0000   782    10326.0000     1559.7818    33270   84.89%
     60    27     9946.0000   253    10326.0000     1612.6865    35530   84.38%
*    70+   31                        10274.0000     1612.6865            84.30%
*    75    29      integral     0    10043.0000     1612.6865    36548   83.94%
     77    31     4063.0000   602    10043.0000     1733.0909    38421   82.74%
     87    35     6576.0000   620    10043.0000     1886.3477    41036   81.22%
*    90+   27                         9864.0000     1886.3477            80.88%
    109    26     6658.0000   466     9864.0000     3288.0000    49438   66.67%
Elapsed time = 16.46 sec. (13359.66 ticks, tree = 0.74 MB, solutions = 6)
    139    27     6807.0000   184     9864.0000     3370.0000    59908   65.84%
*   147    32      integral     0     8750.0000     3370.0000    60081   61.49%
    151    32     3370.0000   660     8750.0000     3370.0000    65174   61.49%
*   200+   47                         7731.0000     3370.0000            56.41%
    260    64        cutoff           7731.0000     3370.0000    74401   56.41%
    303    53        cutoff           7731.0000     6576.0000    85309   14.94%
    429    82     7400.0000    39     7731.0000     6807.0000    90637   11.95%
    689   230        cutoff           7731.0000     6889.0000    92976   10.89%
    889   335     7269.0000    53     7731.0000     6889.0000    95315   10.89%
   1171   455     7038.0000    66     7731.0000     7038.0000    98169    8.96%
   1400   521     7269.0000    52     7731.0000     7038.0000   100561    8.96%
Elapsed time = 31.32 sec. (22855.44 ticks, tree = 1.30 MB, solutions = 8)

Performing restart 1

Repeating presolve.
Tried aggregator 1 time.
MIP Presolve eliminated 500 rows and 200 columns.
MIP Presolve modified 39 coefficients.
Reduced MIP has 6559 rows, 1693 columns, and 17676 nonzeros.
Reduced MIP has 1539 binaries, 0 generals, 0 SOSs, and 0 indicators.
Presolve time = 0.05 sec. (25.84 ticks)
Tried aggregator 2 times.
MIP Presolve eliminated 333 rows and 9 columns.
MIP Presolve modified 1960 coefficients.
Aggregator did 117 substitutions.
Reduced MIP has 6109 rows, 1567 columns, and 16572 nonzeros.
Reduced MIP has 1413 binaries, 0 generals, 0 SOSs, and 0 indicators.
Presolve time = 0.06 sec. (31.40 ticks)
Tried aggregator 1 time.
MIP Presolve modified 2226 coefficients.
Reduced MIP has 6109 rows, 1567 columns, and 16572 nonzeros.
Reduced MIP has 1413 binaries, 0 generals, 0 SOSs, and 0 indicators.
Presolve time = 0.05 sec. (24.50 ticks)
Represolve time = 0.42 sec. (230.77 ticks)
   1419     0      123.1121   756     7731.0000     Cuts: 240   105868    8.96%
   1419     0      253.6830   708     7731.0000     Cuts: 178   106871    8.96%
   1419     0      294.6850   709     7731.0000     Cuts: 507   107248    8.96%
   1419     0      315.0658   704     7731.0000     Cuts: 155   107499    8.96%
   1419     0      318.9365   741     7731.0000     Cuts: 224   107764    8.96%
   1419     0      319.3182   732     7731.0000      Cuts: 87   107914    8.96%
   1419     0      320.1534   750     7731.0000     Cuts: 243   108180    8.96%
   1419     2      320.1534   734     7731.0000     7038.0000   108180    8.96%
   1422     5     1492.0944   628     7731.0000     7038.0000   112478    8.96%
   1425     8     3288.0000   730     7731.0000     7038.0000   117016    8.96%
   1429    10     6576.0000   528     7731.0000     7038.0000   121206    8.96%
   1435     4        cutoff           7731.0000     7038.0000   126897    8.96%
   1437     6     6576.0000   174     7731.0000     7038.0000   129244    8.96%
   1449    16     7500.0000    32     7731.0000     7038.0000   130072    8.96%
   1481    23     7038.0000    52     7731.0000     7038.0000   133320    8.96%
   1497    28     7269.0000    58     7731.0000     7038.0000   133797    8.96%
   1515    34        cutoff           7731.0000     7038.0000   134090    8.96%
Elapsed time = 57.77 sec. (40827.86 ticks, tree = 0.09 MB, solutions = 8)
   1619    65    infeasible           7731.0000     7038.0000   135244    8.96%
   1766   112        cutoff           7731.0000     7038.0000   136654    8.96%
   1945   113        cutoff           7731.0000     7269.0000   138296    5.98%
   2096   129     7500.0000    90     7731.0000     7269.0000   139962    5.98%
   2249    99        cutoff           7731.0000     7500.0000   141587    2.99%
   2415    32     7500.0000    36     7731.0000     7500.0000   143741    2.99%

Clique cuts applied:  2
Cover cuts applied:  47
Implied bound cuts applied:  58
Flow cuts applied:  6
Mixed integer rounding cuts applied:  35
Zero-half cuts applied:  32
Gomory fractional cuts applied:  1

Root node processing (before b&c):
  Real time             =   11.88 sec. (9305.21 ticks)
Sequential b&c:
  Real time             =   57.60 sec. (37567.84 ticks)
                          ------------
Total (root+branch&cut) =   69.48 sec. (46873.06 ticks)
Optimal

>> Printing some results...
    -> Solution value = 7730 - 02:08:50
    -> Total time = 69.48
    -> Gap value = 0.00

=============
Train 0
=============
> Trip 0
   9(time 82 - 00:01:22)(time 340 - 00:05:40) ->    8(time 523 - 00:08:43)(time 788 - 00:13:08) ->    7(time 1019 - 00:16:59)(time 1271 - 00:21:11) ->    6(time 1368 - 00:22:48)(time 1644 - 00:27:24) ->    5(time 1875 - 00:31:15)(time 1875 - 00:31:15) ->    0(time 1972 - 00:32:52)(time 2248 - 00:37:28) ->    1(time 2479 - 00:41:19)(time 2731 - 00:45:31) ->    2(time 2962 - 00:49:22)(time 3227 - 00:53:47) ->    3(time 3261 - 00:54:21)(time 3519 - 00:58:39) ->    4(time 3750 - 01:02:30)(time 3750 - 01:02:30) -> 9
> Trip 1
   9(time 3832 - 01:03:52)(time 4090 - 01:08:10) ->    8(time 4273 - 01:11:13)(time 4538 - 01:15:38) ->    7(time 4769 - 01:19:29)(time 5021 - 01:23:41) ->    6(time 5118 - 01:25:18)(time 5394 - 01:29:54) ->    5(time 5625 - 01:33:45)(time 5625 - 01:33:45) ->    0(time 5856 - 01:37:36)(time 6132 - 01:42:12) ->    1(time 6229 - 01:43:49)(time 6481 - 01:48:01) ->    2(time 6712 - 01:51:52)(time 6977 - 01:56:17) ->    3(time 7011 - 01:56:51)(time 7269 - 02:01:09) ->    4(time 7500 - 02:05:00)(time 7500 - 02:05:00) -> 9
=============
Train 1
=============
> Trip 0
   9(time 0 - 00:00:00)(time 258 - 00:04:18) ->    8(time 292 - 00:04:52)(time 557 - 00:09:17) ->    7(time 788 - 00:13:08)(time 1040 - 00:17:20) ->    6(time 1137 - 00:18:57)(time 1413 - 00:23:33) ->    5(time 1644 - 00:27:24)(time 1644 - 00:27:24) ->    0(time 1875 - 00:31:15)(time 2151 - 00:35:51) ->    1(time 2248 - 00:37:28)(time 2500 - 00:41:40) ->    2(time 2731 - 00:45:31)(time 2996 - 00:49:56) ->    3(time 3030 - 00:50:30)(time 3288 - 00:54:48) ->    4(time 3519 - 00:58:39)(time 3519 - 00:58:39) -> 9
> Trip 1
   9(time 3750 - 01:02:30)(time 4008 - 01:06:48) ->    8(time 4042 - 01:07:22)(time 4307 - 01:11:47) ->    7(time 4538 - 01:15:38)(time 4790 - 01:19:50) ->    6(time 4887 - 01:21:27)(time 5163 - 01:26:03) ->    5(time 5394 - 01:29:54)(time 5394 - 01:29:54) ->    0(time 5625 - 01:33:45)(time 5901 - 01:38:21) ->    1(time 5998 - 01:39:58)(time 6250 - 01:44:10) ->    2(time 6481 - 01:48:01)(time 6746 - 01:52:26) ->    3(time 6780 - 01:53:00)(time 7038 - 01:57:18) ->    4(time 7269 - 02:01:09)(time 7269 - 02:01:09) -> 9
=============
Train 2
=============
> Trip 0
   9(time 265 - 00:04:25)(time 523 - 00:08:43) ->    8(time 754 - 00:12:34)(time 1019 - 00:16:59) ->    7(time 1250 - 00:20:50)(time 1502 - 00:25:02) ->    6(time 1599 - 00:26:39)(time 1875 - 00:31:15) ->    5(time 2337 - 00:38:57)(time 2337 - 00:38:57) ->    0(time 2337 - 00:38:57)(time 2613 - 00:43:33) ->    1(time 2710 - 00:45:10)(time 2962 - 00:49:22) ->    2(time 3193 - 00:53:13)(time 3458 - 00:57:38) ->    3(time 3492 - 00:58:12)(time 3750 - 01:02:30) ->    4(time 3981 - 01:06:21)(time 3981 - 01:06:21) -> 9
> Trip 1
   9(time 4015 - 01:06:55)(time 4273 - 01:11:13) ->    8(time 4504 - 01:15:04)(time 4769 - 01:19:29) ->    7(time 5000 - 01:23:20)(time 5252 - 01:27:32) ->    6(time 5349 - 01:29:09)(time 5625 - 01:33:45) ->    5(time 5953 - 01:39:13)(time 5953 - 01:39:13) ->    0(time 5953 - 01:39:13)(time 6229 - 01:43:49) ->    1(time 6460 - 01:47:40)(time 6712 - 01:51:52) ->    2(time 6943 - 01:55:43)(time 7208 - 02:00:08) ->    3(time 7242 - 02:00:42)(time 7500 - 02:05:00) ->    4(time 7731 - 02:08:51)(time 7731 - 02:08:51) -> 9
