t3p6r2h1.txt:
   > Trying to open the instance file...
   > Reading number of trains...
   > Reading maximum number of trips per train...
   > Reading time intervals...
   > Reading number of points...
   > Reading stations...
   > Reading crossings...
   > Reading depots...
   > Reading initial point...
   > Reading routes...
   > Reading distance and distance and service...
   > Reading demands...
   > Reading maximum time...
   > Reading alpha...

--------------------------------
 Printing instance
--------------------------------
number of trains = 3
	max trips per trains: 7     7     7
number of intervals = 1
	(0,  36251)
number of points = 6
	initial point: 0
	stations: 0     1     2     4     5
	crossings: 0     3     5
	depots: 0     5
number of vertices = 12
	total vertices: 0     1     2     3     4     5     6     7     8     9    10    11
	upper vertices: 0     1     2     3     4     5
	lower vertices: 6     7     8     9    10    11
	vertices of point #0: (0, 6)
	vertices of point #1: (1, 7)
	vertices of point #2: (2, 8)
	vertices of point #3: (3, 9)
	vertices of point #4: (4, 10)
	vertices of point #5: (5, 11)

arcs...
	total arcs: 
		arc #0: (0, 1)
		arc #1: (0, 6)
		arc #2: (6, 0)
		arc #3: (1, 2)
		arc #4: (7, 6)
		arc #5: (2, 3)
		arc #6: (8, 7)
		arc #7: (3, 4)
		arc #8: (9, 8)
		arc #9: (4, 5)
		arc #10: (10, 9)
		arc #11: (11, 10)
		arc #12: (5, 11)
		arc #13: (11, 5)

	reverse arcs: 
		arc #1: (0, 6)
		arc #2: (6, 0)
		arc #12: (5, 11)
		arc #13: (11, 5)


incompatible points...
	(0, 2, 9, (2, 3))	(9, 7, 0, (7, 6))	(3, 4, 11, (4, 5))	(11, 10, 3, (10, 9))

number of routes = 2
vertices of routes...
	route #0: 0     1     2     3     4     5    11    10     9     8     7     6     0
	route #1: 11    10     9     8     7     6     0     1     2     3     4     5    11
arcs of routes...
	route #0: 0     3     5     7     9    12    11    10     8     6     4     2
	route #1: 11    10     8     6     4     2     0     3     5     7     9    12

incompatible routes...
	(0, 1)    	(1, 0)

vertices that can be adjacent in consecutive trips...
	(0, 0)    	(11, 11)
non cyclical routes: 


routes of trip...
	routes that train #0 can complete at trip #0: 0
	routes that train #0 can complete at trip #1: 0       1
	routes that train #0 can complete at trip #2: 0       1
	routes that train #0 can complete at trip #3: 0       1
	routes that train #0 can complete at trip #4: 0       1
	routes that train #0 can complete at trip #5: 0       1
	routes that train #0 can complete at trip #6: 0       1

	routes that train #1 can complete at trip #0: 0
	routes that train #1 can complete at trip #1: 0       1
	routes that train #1 can complete at trip #2: 0       1
	routes that train #1 can complete at trip #3: 0       1
	routes that train #1 can complete at trip #4: 0       1
	routes that train #1 can complete at trip #5: 0       1
	routes that train #1 can complete at trip #6: 0       1

	routes that train #2 can complete at trip #0: 0
	routes that train #2 can complete at trip #1: 0       1
	routes that train #2 can complete at trip #2: 0       1
	routes that train #2 can complete at trip #3: 0       1
	routes that train #2 can complete at trip #4: 0       1
	routes that train #2 can complete at trip #5: 0       1
	routes that train #2 can complete at trip #6: 0       1

 cost...
	arc #0 [0][1]: 196
	arc #1 [0][6]: 0
	arc #2 [6][0]: 0
	arc #3 [1][2]: 185
	arc #4 [7][6]: 196
	arc #5 [2][3]: 200
	arc #6 [8][7]: 185
	arc #7 [3][4]: 208
	arc #8 [9][8]: 200
	arc #9 [4][5]: 197
	arc #10 [10][9]: 208
	arc #11 [11][10]: 197
	arc #12 [5][11]: 0
	arc #13 [11][5]: 0

cost with minimum service...
	arc #0 [0][1]: 305
	arc #1 [0][6]: 0
	arc #2 [6][0]: 0
	arc #3 [1][2]: 294
	arc #4 [7][6]: 460
	arc #5 [2][3]: 276
	arc #6 [8][7]: 294
	arc #7 [3][4]: 317
	arc #8 [9][8]: 309
	arc #9 [4][5]: 461
	arc #10 [10][9]: 284
	arc #11 [11][10]: 306
	arc #12 [5][11]: 0
	arc #13 [11][5]: 0

cost with maximum service...
	arc #0 [0][1]: 640
	arc #1 [0][6]: 444
	arc #2 [6][0]: 444
	arc #3 [1][2]: 629
	arc #4 [7][6]: 640
	arc #5 [2][3]: 644
	arc #6 [8][7]: 629
	arc #7 [3][4]: 652
	arc #8 [9][8]: 644
	arc #9 [4][5]: 641
	arc #10 [10][9]: 652
	arc #11 [11][10]: 641
	arc #12 [5][11]: 444
	arc #13 [11][5]: 444

demands...
	demands of vertex 0 at time interval: 18
	demands of vertex 1 at time interval: 18
	demands of vertex 2 at time interval: 18
	demands of vertex 3 at time interval: 0
	demands of vertex 4 at time interval: 18
	demands of vertex 5 at time interval: 0
	demands of vertex 6 at time interval: 0
	demands of vertex 7 at time interval: 18
	demands of vertex 8 at time interval: 18
	demands of vertex 9 at time interval: 0
	demands of vertex 10 at time interval: 18
	demands of vertex 11 at time interval: 18

maximum time = 36251
alpha = 58

Selecting set of cyclical routes...

Selecting set of initial routes...

Creating initial set of candidate combinations...
Solving candidate combinations...

Found new best - 1/1 candidate combination(s) tested! (Thread 0)

Removing trips...

Solving candidate combinations...

1/3 candidate combination(s) tested! (Thread 0)
2/3 candidate combination(s) tested! (Thread 0)
Found new best - 3/3 candidate combination(s) tested! (Thread 0)

Removing trips...

Terminating loop at iteration 2

Relaxing trips, so the model can make changes...

>> Printing some results...
    -> Solution value = 23267 - 06:27:47
    -> Total time = 3095.69

=============
Train 0
=============
> Trip 0
   0(time 0 - 00:00:00)(time 196 - 00:03:16) ->    1(time 305 - 00:05:05)(time 490 - 00:08:10) ->    2(time 599 - 00:09:59)(time 799 - 00:13:19) ->    3(time 875 - 00:14:35)(time 1083 - 00:18:03) ->    4(time 1192 - 00:19:52)(time 1389 - 00:23:09) ->    5(time 1653 - 00:27:33)(time 1653 - 00:27:33) ->    11(time 1917 - 00:31:57)(time 2114 - 00:35:14) ->    10(time 2223 - 00:37:03)(time 2431 - 00:40:31) ->    9(time 2507 - 00:41:47)(time 2707 - 00:45:07) ->    8(time 2816 - 00:46:56)(time 3001 - 00:50:01) ->    7(time 3110 - 00:51:50)(time 3306 - 00:55:06) ->    6(time 3570 - 00:59:30)(time 3570 - 00:59:30) -> 0
> Trip 1
   0(time 4362 - 01:12:42)(time 4558 - 01:15:58) ->    1(time 4667 - 01:17:47)(time 4852 - 01:20:52) ->    2(time 4961 - 01:22:41)(time 5161 - 01:26:01) ->    3(time 5237 - 01:27:17)(time 5445 - 01:30:45) ->    4(time 5554 - 01:32:34)(time 5751 - 01:35:51) ->    5(time 6195 - 01:43:15)(time 6195 - 01:43:15) ->    11(time 6279 - 01:44:39)(time 6476 - 01:47:56) ->    10(time 6585 - 01:49:45)(time 6793 - 01:53:13) ->    9(time 6869 - 01:54:29)(time 7069 - 01:57:49) ->    8(time 7178 - 01:59:38)(time 7363 - 02:02:43) ->    7(time 7472 - 02:04:32)(time 7668 - 02:07:48) ->    6(time 7932 - 02:12:12)(time 7932 - 02:12:12) -> 0
> Trip 2
   0(time 7932 - 02:12:12)(time 8128 - 02:15:28) ->    1(time 8237 - 02:17:17)(time 8422 - 02:20:22) ->    2(time 8531 - 02:22:11)(time 8731 - 02:25:31) ->    3(time 8807 - 02:26:47)(time 9015 - 02:30:15) ->    4(time 9124 - 02:32:04)(time 9321 - 02:35:21) ->    5(time 9585 - 02:39:45)(time 9585 - 02:39:45) ->    11(time 9694 - 02:41:34)(time 9891 - 02:44:51) ->    10(time 10000 - 02:46:40)(time 10208 - 02:50:08) ->    9(time 10284 - 02:51:24)(time 10484 - 02:54:44) ->    8(time 10593 - 02:56:33)(time 10778 - 02:59:38) ->    7(time 11042 - 03:04:02)(time 11238 - 03:07:18) ->    6(time 11502 - 03:11:42)(time 11502 - 03:11:42) -> 0
> Trip 3
   0(time 11502 - 03:11:42)(time 11698 - 03:14:58) ->    1(time 11807 - 03:16:47)(time 11992 - 03:19:52) ->    2(time 12101 - 03:21:41)(time 12301 - 03:25:01) ->    3(time 12377 - 03:26:17)(time 12585 - 03:29:45) ->    4(time 12694 - 03:31:34)(time 12891 - 03:34:51) ->    5(time 13155 - 03:39:15)(time 13155 - 03:39:15) ->    11(time 13419 - 03:43:39)(time 13616 - 03:46:56) ->    10(time 13725 - 03:48:45)(time 13933 - 03:52:13) ->    9(time 14009 - 03:53:29)(time 14209 - 03:56:49) ->    8(time 14318 - 03:58:38)(time 14503 - 04:01:43) ->    7(time 14612 - 04:03:32)(time 14808 - 04:06:48) ->    6(time 15072 - 04:11:12)(time 15072 - 04:11:12) -> 0
> Trip 4
   0(time 15864 - 04:24:24)(time 16060 - 04:27:40) ->    1(time 16169 - 04:29:29)(time 16354 - 04:32:34) ->    2(time 16463 - 04:34:23)(time 16663 - 04:37:43) ->    3(time 16739 - 04:38:59)(time 16947 - 04:42:27) ->    4(time 17056 - 04:44:16)(time 17253 - 04:47:33) ->    5(time 17517 - 04:51:57)(time 17517 - 04:51:57) ->    11(time 17517 - 04:51:57)(time 17714 - 04:55:14) ->    10(time 17823 - 04:57:03)(time 18031 - 05:00:31) ->    9(time 18107 - 05:01:47)(time 18307 - 05:05:07) ->    8(time 18525 - 05:08:45)(time 18710 - 05:11:50) ->    7(time 18974 - 05:16:14)(time 19170 - 05:19:30) ->    6(time 19434 - 05:23:54)(time 19434 - 05:23:54) -> 0
> Trip 5
   0(time 19434 - 05:23:54)(time 19630 - 05:27:10) ->    1(time 20002 - 05:33:22)(time 20187 - 05:36:27) ->    2(time 20296 - 05:38:16)(time 20496 - 05:41:36) ->    3(time 20572 - 05:42:52)(time 20780 - 05:46:20) ->    4(time 20889 - 05:48:09)(time 21086 - 05:51:26) ->    5(time 21350 - 05:55:50)(time 21350 - 05:55:50) ->    11(time 21614 - 06:00:14)(time 21811 - 06:03:31) ->    10(time 21920 - 06:05:20)(time 22128 - 06:08:48) ->    9(time 22204 - 06:10:04)(time 22404 - 06:13:24) ->    8(time 22513 - 06:15:13)(time 22698 - 06:18:18) ->    7(time 22807 - 06:20:07)(time 23003 - 06:23:23) ->    6(time 23267 - 06:27:47)(time 23267 - 06:27:47) -> 0
=============
Train 1
=============
> Trip 0
   0(time 528 - 00:08:48)(time 724 - 00:12:04) ->    1(time 833 - 00:13:53)(time 1018 - 00:16:58) ->    2(time 1127 - 00:18:47)(time 1327 - 00:22:07) ->    3(time 1403 - 00:23:23)(time 1611 - 00:26:51) ->    4(time 1720 - 00:28:40)(time 1917 - 00:31:57) ->    5(time 2181 - 00:36:21)(time 2181 - 00:36:21) ->    11(time 2181 - 00:36:21)(time 2378 - 00:39:38) ->    10(time 2487 - 00:41:27)(time 2695 - 00:44:55) ->    9(time 2771 - 00:46:11)(time 2971 - 00:49:31) ->    8(time 3189 - 00:53:09)(time 3374 - 00:56:14) ->    7(time 3638 - 01:00:38)(time 3834 - 01:03:54) ->    6(time 4098 - 01:08:18)(time 4098 - 01:08:18) -> 0
> Trip 1
   0(time 4098 - 01:08:18)(time 4294 - 01:11:34) ->    1(time 4403 - 01:13:23)(time 4588 - 01:16:28) ->    2(time 4697 - 01:18:17)(time 4897 - 01:21:37) ->    3(time 4973 - 01:22:53)(time 5181 - 01:26:21) ->    4(time 5290 - 01:28:10)(time 5487 - 01:31:27) ->    5(time 5751 - 01:35:51)(time 5751 - 01:35:51) ->    11(time 5860 - 01:37:40)(time 6057 - 01:40:57) ->    10(time 6166 - 01:42:46)(time 6374 - 01:46:14) ->    9(time 6450 - 01:47:30)(time 6650 - 01:50:50) ->    8(time 6759 - 01:52:39)(time 6944 - 01:55:44) ->    7(time 7208 - 02:00:08)(time 7404 - 02:03:24) ->    6(time 7668 - 02:07:48)(time 7668 - 02:07:48) -> 0
> Trip 2
   0(time 8041 - 02:14:01)(time 8237 - 02:17:17) ->    1(time 8346 - 02:19:06)(time 8531 - 02:22:11) ->    2(time 8795 - 02:26:35)(time 8995 - 02:29:55) ->    3(time 9071 - 02:31:11)(time 9279 - 02:34:39) ->    4(time 9388 - 02:36:28)(time 9585 - 02:39:45) ->    5(time 9849 - 02:44:09)(time 9849 - 02:44:09) ->    11(time 9849 - 02:44:09)(time 10046 - 02:47:26) ->    10(time 10155 - 02:49:15)(time 10363 - 02:52:43) ->    9(time 10439 - 02:53:59)(time 10639 - 02:57:19) ->    8(time 10857 - 03:00:57)(time 11042 - 03:04:02) ->    7(time 11306 - 03:08:26)(time 11502 - 03:11:42) ->    6(time 11766 - 03:16:06)(time 11766 - 03:16:06) -> 0
> Trip 3
   0(time 11766 - 03:16:06)(time 11962 - 03:19:22) ->    1(time 12071 - 03:21:11)(time 12256 - 03:24:16) ->    2(time 12365 - 03:26:05)(time 12565 - 03:29:25) ->    3(time 12641 - 03:30:41)(time 12849 - 03:34:09) ->    4(time 12958 - 03:35:58)(time 13155 - 03:39:15) ->    5(time 13419 - 03:43:39)(time 13419 - 03:43:39) ->    11(time 13528 - 03:45:28)(time 13725 - 03:48:45) ->    10(time 13834 - 03:50:34)(time 14042 - 03:54:02) ->    9(time 14273 - 03:57:53)(time 14473 - 04:01:13) ->    8(time 14582 - 04:03:02)(time 14767 - 04:06:07) ->    7(time 14876 - 04:07:56)(time 15072 - 04:11:12) ->    6(time 15336 - 04:15:36)(time 15336 - 04:15:36) -> 0
> Trip 4
   0(time 15336 - 04:15:36)(time 15532 - 04:18:52) ->    1(time 15641 - 04:20:41)(time 15826 - 04:23:46) ->    2(time 15935 - 04:25:35)(time 16135 - 04:28:55) ->    3(time 16211 - 04:30:11)(time 16419 - 04:33:39) ->    4(time 16528 - 04:35:28)(time 16725 - 04:38:45) ->    5(time 16989 - 04:43:09)(time 16989 - 04:43:09) ->    11(time 17253 - 04:47:33)(time 17450 - 04:50:50) ->    10(time 17559 - 04:52:39)(time 17767 - 04:56:07) ->    9(time 17843 - 04:57:23)(time 18043 - 05:00:43) ->    8(time 18152 - 05:02:32)(time 18337 - 05:05:37) ->    7(time 18446 - 05:07:26)(time 18642 - 05:10:42) ->    6(time 18906 - 05:15:06)(time 18906 - 05:15:06) -> 0
> Trip 5
   0(time 19170 - 05:19:30)(time 19366 - 05:22:46) ->    1(time 19475 - 05:24:35)(time 19660 - 05:27:40) ->    2(time 19769 - 05:29:29)(time 19969 - 05:32:49) ->    3(time 20045 - 05:34:05)(time 20253 - 05:37:33) ->    4(time 20362 - 05:39:22)(time 20559 - 05:42:39) ->    5(time 20823 - 05:47:03)(time 20823 - 05:47:03) ->    11(time 21086 - 05:51:26)(time 21283 - 05:54:43) ->    10(time 21392 - 05:56:32)(time 21600 - 06:00:00) ->    9(time 21676 - 06:01:16)(time 21876 - 06:04:36) ->    8(time 21985 - 06:06:25)(time 22170 - 06:09:30) ->    7(time 22279 - 06:11:19)(time 22475 - 06:14:35) ->    6(time 22739 - 06:18:59)(time 22739 - 06:18:59) -> 0
=============
Train 2
=============
> Trip 0
   0(time 109 - 00:01:49)(time 305 - 00:05:05) ->    1(time 414 - 00:06:54)(time 599 - 00:09:59) ->    2(time 708 - 00:11:48)(time 908 - 00:15:08) ->    3(time 1139 - 00:18:59)(time 1347 - 00:22:27) ->    4(time 1456 - 00:24:16)(time 1653 - 00:27:33) ->    5(time 1917 - 00:31:57)(time 1917 - 00:31:57) ->    11(time 2072 - 00:34:32)(time 2269 - 00:37:49) ->    10(time 2378 - 00:39:38)(time 2586 - 00:43:06) ->    9(time 2662 - 00:44:22)(time 2862 - 00:47:42) ->    8(time 2971 - 00:49:31)(time 3156 - 00:52:36) ->    7(time 3374 - 00:56:14)(time 3570 - 00:59:30) ->    6(time 3834 - 01:03:54)(time 3834 - 01:03:54) -> 0
> Trip 1
   0(time 3834 - 01:03:54)(time 4030 - 01:07:10) ->    1(time 4139 - 01:08:59)(time 4324 - 01:12:04) ->    2(time 4433 - 01:13:53)(time 4633 - 01:17:13) ->    3(time 4709 - 01:18:29)(time 4917 - 01:21:57) ->    4(time 5026 - 01:23:46)(time 5223 - 01:27:03) ->    5(time 5487 - 01:31:27)(time 5487 - 01:31:27) ->    11(time 5751 - 01:35:51)(time 5948 - 01:39:08) ->    10(time 6057 - 01:40:57)(time 6265 - 01:44:25) ->    9(time 6341 - 01:45:41)(time 6541 - 01:49:01) ->    8(time 6650 - 01:50:50)(time 6835 - 01:53:55) ->    7(time 6944 - 01:55:44)(time 7140 - 01:59:00) ->    6(time 7404 - 02:03:24)(time 7404 - 02:03:24) -> 0
> Trip 2
   0(time 7668 - 02:07:48)(time 7864 - 02:11:04) ->    1(time 7973 - 02:12:53)(time 8158 - 02:15:58) ->    2(time 8267 - 02:17:47)(time 8467 - 02:21:07) ->    3(time 8543 - 02:22:23)(time 8751 - 02:25:51) ->    4(time 8860 - 02:27:40)(time 9057 - 02:30:57) ->    5(time 9321 - 02:35:21)(time 9321 - 02:35:21) ->    11(time 9585 - 02:39:45)(time 9782 - 02:43:02) ->    10(time 9891 - 02:44:51)(time 10099 - 02:48:19) ->    9(time 10175 - 02:49:35)(time 10375 - 02:52:55) ->    8(time 10484 - 02:54:44)(time 10669 - 02:57:49) ->    7(time 10778 - 02:59:38)(time 10974 - 03:02:54) ->    6(time 11238 - 03:07:18)(time 11238 - 03:07:18) -> 0
> Trip 3
   0(time 12030 - 03:20:30)(time 12226 - 03:23:46) ->    1(time 12335 - 03:25:35)(time 12520 - 03:28:40) ->    2(time 12629 - 03:30:29)(time 12829 - 03:33:49) ->    3(time 12905 - 03:35:05)(time 13113 - 03:38:33) ->    4(time 13222 - 03:40:22)(time 13419 - 03:43:39) ->    5(time 13863 - 03:51:03)(time 13863 - 03:51:03) ->    11(time 13863 - 03:51:03)(time 14060 - 03:54:20) ->    10(time 14169 - 03:56:09)(time 14377 - 03:59:37) ->    9(time 14453 - 04:00:53)(time 14653 - 04:04:13) ->    8(time 14762 - 04:06:02)(time 14947 - 04:09:07) ->    7(time 15140 - 04:12:20)(time 15336 - 04:15:36) ->    6(time 15600 - 04:20:00)(time 15600 - 04:20:00) -> 0
> Trip 4
   0(time 15600 - 04:20:00)(time 15796 - 04:23:16) ->    1(time 15905 - 04:25:05)(time 16090 - 04:28:10) ->    2(time 16199 - 04:29:59)(time 16399 - 04:33:19) ->    3(time 16475 - 04:34:35)(time 16683 - 04:38:03) ->    4(time 16792 - 04:39:52)(time 16989 - 04:43:09) ->    5(time 17253 - 04:47:33)(time 17253 - 04:47:33) ->    11(time 17362 - 04:49:22)(time 17559 - 04:52:39) ->    10(time 17668 - 04:54:28)(time 17876 - 04:57:56) ->    9(time 17952 - 04:59:12)(time 18152 - 05:02:32) ->    8(time 18261 - 05:04:21)(time 18446 - 05:07:26) ->    7(time 18710 - 05:11:50)(time 18906 - 05:15:06) ->    6(time 19170 - 05:19:30)(time 19170 - 05:19:30) -> 0
> Trip 5
   0(time 19278 - 05:21:18)(time 19474 - 05:24:34) ->    1(time 19583 - 05:26:23)(time 19768 - 05:29:28) ->    2(time 19877 - 05:31:17)(time 20077 - 05:34:37) ->    3(time 20153 - 05:35:53)(time 20361 - 05:39:21) ->    4(time 20625 - 05:43:45)(time 20822 - 05:47:02) ->    5(time 21086 - 05:51:26)(time 21086 - 05:51:26) ->    11(time 21350 - 05:55:50)(time 21547 - 05:59:07) ->    10(time 21656 - 06:00:56)(time 21864 - 06:04:24) ->    9(time 21940 - 06:05:40)(time 22140 - 06:09:00) ->    8(time 22249 - 06:10:49)(time 22434 - 06:13:54) ->    7(time 22543 - 06:15:43)(time 22739 - 06:18:59) ->    6(time 23003 - 06:23:23)(time 23003 - 06:23:23) -> 0
