t3p8r7h1.txt:
   > Trying to open the instance file...
   > Reading number of trains...
   > Reading maximum number of trips per train...
   > Reading time intervals...
   > Reading number of points...
   > Reading stations...
   > Reading crossings...
   > Reading depots...
   > Reading initial point...
   > Reading routes...
   > Reading distance and distance and service...
   > Reading demands...
   > Reading maximum time...
   > Reading alpha...

--------------------------------
 Printing instance
--------------------------------
number of trains = 3
	max trips per trains: 5     5     5
number of intervals = 1
	(0,   8707)
number of points = 8
	initial point: 7
	stations: 0     1     2     4     5     6     7
	crossings: 0     1     3     5     7
	depots: 0     5     7
number of vertices = 16
	total vertices: 0     1     2     3     4     5     6     7     8     9    10    11    12    13    14    15
	upper vertices: 0     1     2     3     4     5     6     7
	lower vertices: 8     9    10    11    12    13    14    15
	vertices of point #0: (0, 8)
	vertices of point #1: (1, 9)
	vertices of point #2: (2, 10)
	vertices of point #3: (3, 11)
	vertices of point #4: (4, 12)
	vertices of point #5: (5, 13)
	vertices of point #6: (6, 14)
	vertices of point #7: (7, 15)

arcs...
	total arcs: 
		arc #0: (0, 1)
		arc #1: (0, 8)
		arc #2: (8, 0)
		arc #3: (1, 2)
		arc #4: (9, 8)
		arc #5: (2, 3)
		arc #6: (10, 9)
		arc #7: (3, 4)
		arc #8: (11, 10)
		arc #9: (4, 5)
		arc #10: (12, 11)
		arc #11: (5, 6)
		arc #12: (13, 12)
		arc #13: (5, 13)
		arc #14: (13, 5)
		arc #15: (6, 7)
		arc #16: (14, 13)
		arc #17: (15, 14)
		arc #18: (7, 15)
		arc #19: (15, 7)

	reverse arcs: 
		arc #1: (0, 8)
		arc #2: (8, 0)
		arc #13: (5, 13)
		arc #14: (13, 5)
		arc #18: (7, 15)
		arc #19: (15, 7)


incompatible points...
	(0, 0, 9, (0, 1))	(9, 9, 0, (9, 8))	(1, 2, 11, (2, 3))	(11, 10, 1, (10, 9))	(3, 4, 13, (4, 5))	(13, 12, 3, (12, 11))	(5, 6, 15, (6, 7))	(15, 14, 5, (14, 13))

number of routes = 7
vertices of routes...
	route #0: 0     1     2     3     4     5     6     7    15    14    13    12    11    10     9     8     0
	route #1: 15    14    13    12    11    10     9     8     0     1     2     3     4     5     6     7    15
	route #2: 5     6     7
	route #3: 13    12    11    10     9     8
	route #4: 0     1     2     3     4     5
	route #5: 15    14    13
	route #6: 5     6     7    15    14    13     5
arcs of routes...
	route #0: 0     3     5     7     9    11    15    18    17    16    12    10     8     6     4     2
	route #1: 17    16    12    10     8     6     4     2     0     3     5     7     9    11    15    18
	route #2: 11    15
	route #3: 12    10     8     6     4
	route #4: 0     3     5     7     9
	route #5: 17    16
	route #6: 11    15    18    17    16    14

incompatible routes...
	(0, 1)    	(0, 2)    	(0, 3)    	(0, 5)    	(0, 6)    	(1, 0)    	(1, 2)    	(1, 3)    	(1, 4)    	(1, 6)    	(2, 0)    	(2, 2)    	(2, 3)    	(2, 4)    	(2, 6)    	(3, 1)    	(3, 2)    	(3, 3)    	(3, 5)    	(3, 6)    	(4, 0)    	(4, 1)    	(4, 4)    	(4, 5)    	(5, 0)    	(5, 1)    	(5, 4)    	(5, 5)    	(6, 0)    	(6, 1)    	(6, 4)    	(6, 5)

vertices that can be adjacent in consecutive trips...
	(0, 0)    	(5, 5)    	(5, 13)    	(7, 15)    	(8, 0)    	(13, 5)    	(13, 13)    	(15, 15)
non cyclical routes: 
       2       3       4       5

routes of trip...
	routes that train #0 can complete at trip #0: 1       5
	routes that train #0 can complete at trip #1: 0       1       2       3       4       5       6
	routes that train #0 can complete at trip #2: 0       1       2       3       4       5       6
	routes that train #0 can complete at trip #3: 0       1       2       3       4       5       6
	routes that train #0 can complete at trip #4: 0       1       2       3       4       5       6

	routes that train #1 can complete at trip #0: 1       5
	routes that train #1 can complete at trip #1: 0       1       2       3       4       5       6
	routes that train #1 can complete at trip #2: 0       1       2       3       4       5       6
	routes that train #1 can complete at trip #3: 0       1       2       3       4       5       6
	routes that train #1 can complete at trip #4: 0       1       2       3       4       5       6

	routes that train #2 can complete at trip #0: 1       5
	routes that train #2 can complete at trip #1: 0       1       2       3       4       5       6
	routes that train #2 can complete at trip #2: 0       1       2       3       4       5       6
	routes that train #2 can complete at trip #3: 0       1       2       3       4       5       6
	routes that train #2 can complete at trip #4: 0       1       2       3       4       5       6

 cost...
	arc #0 [0][1]: 40
	arc #1 [0][8]: 0
	arc #2 [8][0]: 0
	arc #3 [1][2]: 41
	arc #4 [9][8]: 40
	arc #5 [2][3]: 43
	arc #6 [10][9]: 41
	arc #7 [3][4]: 38
	arc #8 [11][10]: 43
	arc #9 [4][5]: 39
	arc #10 [12][11]: 38
	arc #11 [5][6]: 39
	arc #12 [13][12]: 39
	arc #13 [5][13]: 0
	arc #14 [13][5]: 0
	arc #15 [6][7]: 38
	arc #16 [14][13]: 39
	arc #17 [15][14]: 38
	arc #18 [7][15]: 0
	arc #19 [15][7]: 0

cost with minimum service...
	arc #0 [0][1]: 113
	arc #1 [0][8]: 0
	arc #2 [8][0]: 0
	arc #3 [1][2]: 114
	arc #4 [9][8]: 147
	arc #5 [2][3]: 85
	arc #6 [10][9]: 114
	arc #7 [3][4]: 111
	arc #8 [11][10]: 116
	arc #9 [4][5]: 146
	arc #10 [12][11]: 80
	arc #11 [5][6]: 112
	arc #12 [13][12]: 112
	arc #13 [5][13]: 0
	arc #14 [13][5]: 0
	arc #15 [6][7]: 145
	arc #16 [14][13]: 146
	arc #17 [15][14]: 111
	arc #18 [7][15]: 0
	arc #19 [15][7]: 0

cost with maximum service...
	arc #0 [0][1]: 373
	arc #1 [0][8]: 333
	arc #2 [8][0]: 333
	arc #3 [1][2]: 374
	arc #4 [9][8]: 373
	arc #5 [2][3]: 376
	arc #6 [10][9]: 374
	arc #7 [3][4]: 371
	arc #8 [11][10]: 376
	arc #9 [4][5]: 372
	arc #10 [12][11]: 371
	arc #11 [5][6]: 372
	arc #12 [13][12]: 372
	arc #13 [5][13]: 333
	arc #14 [13][5]: 333
	arc #15 [6][7]: 371
	arc #16 [14][13]: 372
	arc #17 [15][14]: 371
	arc #18 [7][15]: 333
	arc #19 [15][7]: 333

demands...
	demands of vertex 0 at time interval: 14
	demands of vertex 1 at time interval: 14
	demands of vertex 2 at time interval: 14
	demands of vertex 3 at time interval: 0
	demands of vertex 4 at time interval: 14
	demands of vertex 5 at time interval: 14
	demands of vertex 6 at time interval: 14
	demands of vertex 7 at time interval: 0
	demands of vertex 8 at time interval: 0
	demands of vertex 9 at time interval: 14
	demands of vertex 10 at time interval: 14
	demands of vertex 11 at time interval: 0
	demands of vertex 12 at time interval: 14
	demands of vertex 13 at time interval: 14
	demands of vertex 14 at time interval: 14
	demands of vertex 15 at time interval: 14

maximum time = 8707
alpha = 44

>> Solving...
Version identifier: 20.1.0.0 | 2020-11-10 | 9bedb6d68
CPXPARAM_Threads                                 1
CPXPARAM_TimeLimit                               43200
Tried aggregator 3 times.
MIP Presolve eliminated 50606 rows and 8802 columns.
MIP Presolve modified 43200 coefficients.
Aggregator did 381 substitutions.
Reduced MIP has 78030 rows, 30388 columns, and 206739 nonzeros.
Reduced MIP has 29964 binaries, 0 generals, 0 SOSs, and 0 indicators.
Presolve time = 2.87 sec. (2186.48 ticks)
Probing fixed 1647 vars, tightened 3826 bounds.
Probing time = 6.81 sec. (5160.51 ticks)
Tried aggregator 2 times.
MIP Presolve eliminated 61814 rows and 18843 columns.
MIP Presolve modified 8868 coefficients.
Aggregator did 9153 substitutions.
Reduced MIP has 7063 rows, 2392 columns, and 21006 nonzeros.
Reduced MIP has 2103 binaries, 0 generals, 0 SOSs, and 0 indicators.
Presolve time = 0.24 sec. (264.30 ticks)
Probing fixed 0 vars, tightened 1 bounds.
Probing time = 0.11 sec. (106.06 ticks)
Cover probing fixed 0 vars, tightened 1174 bounds.
Tried aggregator 2 times.
MIP Presolve eliminated 1692 rows and 15 columns.
MIP Presolve modified 2364 coefficients.
Aggregator did 48 substitutions.
Reduced MIP has 5323 rows, 1288 columns, and 15321 nonzeros.
Reduced MIP has 1047 binaries, 0 generals, 0 SOSs, and 0 indicators.
Presolve time = 0.04 sec. (52.97 ticks)
Probing time = 0.04 sec. (42.76 ticks)
Cover probing fixed 0 vars, tightened 1140 bounds.
Tried aggregator 1 time.
Detecting symmetries...
MIP Presolve eliminated 3 rows and 3 columns.
Reduced MIP has 5320 rows, 1285 columns, and 15312 nonzeros.
Reduced MIP has 1044 binaries, 0 generals, 0 SOSs, and 0 indicators.
Presolve time = 0.02 sec. (18.08 ticks)
Probing time = 0.01 sec. (9.14 ticks)
Cover probing fixed 0 vars, tightened 1140 bounds.
Clique table members: 9187.
Tightened 1056 constraints.
MIP emphasis: balance optimality and feasibility.
MIP search method: dynamic search.
Parallel mode: none, using 1 thread.
Root relaxation solution time = 0.02 sec. (34.47 ticks)

        Nodes                                         Cuts/
   Node  Left     Objective  IInf  Best Integer    Best Bound    ItCnt     Gap

      0     0     6161.0000   416                   6161.0000      877         
*     0+    0                         8667.0000     6161.0000            28.91%
      0     0     6512.8075   443     8667.0000     Cuts: 486     1230   24.86%
      0     0     6608.0000   340     8667.0000     Cuts: 711     1494   23.76%
      0     0     6608.0736   477     8667.0000     Cuts: 305     1712   23.76%
*     0+    0                         8640.0000     6608.0736            23.52%
      0     0  -1.00000e+75     0     8640.0000     6608.0736     1712   23.52%
      0     0     6609.1244   413     8640.0000     Cuts: 165     1845   23.51%
      0     0     6609.1244   437     8640.0000    Cuts: 1098     2245   23.51%
Detecting symmetries...
*     0+    0                         8628.0000     6609.1244            23.40%
      0     0  -1.00000e+75     0     8628.0000     6609.1244     2245   23.40%
Detecting symmetries...
      0     2     6609.1244   434     8628.0000     6612.7505     2245   23.36%
Elapsed time = 12.28 sec. (9991.70 ticks, tree = 0.01 MB, solutions = 3)
     54    37     8367.0000    53     8628.0000     6652.0000     3812   22.90%
     97    58     6822.0000    91     8628.0000     6715.0000     5133   22.17%
    143    70     6759.0000   244     8628.0000     6759.0000     6848   21.66%
*   176    77      integral     0     8581.0000     6759.3535     7842   21.23%
    192    80     6866.3811   118     8581.0000     6759.3811     8373   21.23%
    201    77     6844.0000    85     8581.0000     6788.2469     9046   20.89%
    265    88     6822.0000   120     8581.0000     6822.0000    10857   20.50%
*   276+   82                         8474.0000     6822.0000            19.49%
    276    82    infeasible           8474.0000     6822.0000    11115   19.49%
    325    84    infeasible           8474.0000     6822.0000    13154   19.49%
    388    95     6824.1342    65     8474.0000     6824.1342    14612   19.47%
    625    38     8367.0000    73     8474.0000     8367.0000    22265    1.26%
Elapsed time = 15.23 sec. (13257.51 ticks, tree = 0.15 MB, solutions = 5)

Clique cuts applied:  2
Implied bound cuts applied:  13
Flow cuts applied:  111
Mixed integer rounding cuts applied:  223
Gomory fractional cuts applied:  3

Root node processing (before b&c):
  Real time             =   12.28 sec. (9982.21 ticks)
Sequential b&c:
  Real time             =    4.04 sec. (4103.23 ticks)
                          ------------
Total (root+branch&cut) =   16.31 sec. (14085.44 ticks)
Optimal

>> Printing some results...
    -> Solution value = 8473 - 02:21:13
    -> Total time = 16.31
    -> Gap value = 0.00

=============
Train 0
=============
> Trip 0
   15(time 0 - 00:00:00)(time 38 - 00:00:38) ->    14(time 111 - 00:01:51)(time 150 - 00:02:30) ->    13(time 257 - 00:04:17)(time 296 - 00:04:56) ->    12(time 369 - 00:06:09)(time 407 - 00:06:47) ->    11(time 449 - 00:07:29)(time 492 - 00:08:12) ->    10(time 565 - 00:09:25)(time 606 - 00:10:06) ->    9(time 679 - 00:11:19)(time 719 - 00:11:59) ->    8(time 826 - 00:13:46)(time 826 - 00:13:46) ->    0(time 826 - 00:13:46)(time 866 - 00:14:26) ->    1(time 939 - 00:15:39)(time 980 - 00:16:20) ->    2(time 1053 - 00:17:33)(time 1096 - 00:18:16) ->    3(time 1138 - 00:18:58)(time 1176 - 00:19:36) ->    4(time 1249 - 00:20:49)(time 1288 - 00:21:28) ->    5(time 1395 - 00:23:15)(time 1434 - 00:23:54) ->    6(time 1507 - 00:25:07)(time 1545 - 00:25:45) ->    7(time 1652 - 00:27:32)(time 1652 - 00:27:32) -> 15
> Trip 1
   15(time 1759 - 00:29:19)(time 1797 - 00:29:57) ->    14(time 1870 - 00:31:10)(time 1909 - 00:31:49) ->    13(time 2016 - 00:33:36)(time 2055 - 00:34:15) ->    12(time 2128 - 00:35:28)(time 2166 - 00:36:06) ->    11(time 2208 - 00:36:48)(time 2251 - 00:37:31) ->    10(time 2324 - 00:38:44)(time 2365 - 00:39:25) ->    9(time 2438 - 00:40:38)(time 2478 - 00:41:18) ->    8(time 2585 - 00:43:05)(time 2585 - 00:43:05) ->    0(time 2585 - 00:43:05)(time 2625 - 00:43:45) ->    1(time 2698 - 00:44:58)(time 2739 - 00:45:39) ->    2(time 2812 - 00:46:52)(time 2855 - 00:47:35) ->    3(time 2897 - 00:48:17)(time 2935 - 00:48:55) ->    4(time 3008 - 00:50:08)(time 3047 - 00:50:47) ->    5(time 3154 - 00:52:34)(time 3193 - 00:53:13) ->    6(time 3266 - 00:54:26)(time 3304 - 00:55:04) ->    7(time 3411 - 00:56:51)(time 3411 - 00:56:51) -> 15
> Trip 2
   15(time 3411 - 00:56:51)(time 3449 - 00:57:29) ->    14(time 3522 - 00:58:42)(time 3561 - 00:59:21) ->    13(time 3668 - 01:01:08)(time 3707 - 01:01:47) ->    12(time 3780 - 01:03:00)(time 3818 - 01:03:38) ->    11(time 3860 - 01:04:20)(time 3903 - 01:05:03) ->    10(time 3976 - 01:06:16)(time 4017 - 01:06:57) ->    9(time 4090 - 01:08:10)(time 4130 - 01:08:50) ->    8(time 4237 - 01:10:37)(time 4237 - 01:10:37) ->    0(time 4237 - 01:10:37)(time 4277 - 01:11:17) ->    1(time 4350 - 01:12:30)(time 4391 - 01:13:11) ->    2(time 4464 - 01:14:24)(time 4507 - 01:15:07) ->    3(time 4549 - 01:15:49)(time 4587 - 01:16:27) ->    4(time 4660 - 01:17:40)(time 4699 - 01:18:19) ->    5(time 4806 - 01:20:06)(time 4845 - 01:20:45) ->    6(time 4918 - 01:21:58)(time 4956 - 01:22:36) ->    7(time 5063 - 01:24:23)(time 5063 - 01:24:23) -> 15
> Trip 3
   15(time 5063 - 01:24:23)(time 5101 - 01:25:01) ->    14(time 5174 - 01:26:14)(time 5213 - 01:26:53) ->    13(time 5320 - 01:28:40)(time 5359 - 01:29:19) ->    12(time 5432 - 01:30:32)(time 5470 - 01:31:10) ->    11(time 5512 - 01:31:52)(time 5555 - 01:32:35) ->    10(time 5628 - 01:33:48)(time 5669 - 01:34:29) ->    9(time 5742 - 01:35:42)(time 5782 - 01:36:22) ->    8(time 5889 - 01:38:09)(time 5889 - 01:38:09) ->    0(time 5889 - 01:38:09)(time 5929 - 01:38:49) ->    1(time 6002 - 01:40:02)(time 6043 - 01:40:43) ->    2(time 6116 - 01:41:56)(time 6159 - 01:42:39) ->    3(time 6201 - 01:43:21)(time 6239 - 01:43:59) ->    4(time 6312 - 01:45:12)(time 6351 - 01:45:51) ->    5(time 6458 - 01:47:38)(time 6497 - 01:48:17) ->    6(time 6570 - 01:49:30)(time 6608 - 01:50:08) ->    7(time 6715 - 01:51:55)(time 6715 - 01:51:55) -> 15
> Trip 4
   15(time 6715 - 01:51:55)(time 6753 - 01:52:33) ->    14(time 6826 - 01:53:46)(time 6865 - 01:54:25) ->    13(time 6972 - 01:56:12)(time 7011 - 01:56:51) ->    12(time 7084 - 01:58:04)(time 7122 - 01:58:42) ->    11(time 7164 - 01:59:24)(time 7207 - 02:00:07) ->    10(time 7280 - 02:01:20)(time 7321 - 02:02:01) ->    9(time 7394 - 02:03:14)(time 7434 - 02:03:54) ->    8(time 7541 - 02:05:41)(time 7541 - 02:05:41) ->    0(time 7541 - 02:05:41)(time 7581 - 02:06:21) ->    1(time 7654 - 02:07:34)(time 7695 - 02:08:15) ->    2(time 7768 - 02:09:28)(time 7811 - 02:10:11) ->    3(time 7853 - 02:10:53)(time 7891 - 02:11:31) ->    4(time 7964 - 02:12:44)(time 8003 - 02:13:23) ->    5(time 8110 - 02:15:10)(time 8149 - 02:15:49) ->    6(time 8222 - 02:17:02)(time 8260 - 02:17:40) ->    7(time 8367 - 02:19:27)(time 8367 - 02:19:27) -> 15
=============
Train 1
=============
> Trip 0
   15(time 214 - 00:03:34)(time 252 - 00:04:12) ->    14(time 325 - 00:05:25)(time 364 - 00:06:04) ->    13(time 471 - 00:07:51)(time 510 - 00:08:30) ->    12(time 583 - 00:09:43)(time 621 - 00:10:21) ->    11(time 663 - 00:11:03)(time 706 - 00:11:46) ->    10(time 779 - 00:12:59)(time 820 - 00:13:40) ->    9(time 893 - 00:14:53)(time 933 - 00:15:33) ->    8(time 1040 - 00:17:20)(time 1040 - 00:17:20) ->    0(time 1040 - 00:17:20)(time 1080 - 00:18:00) ->    1(time 1153 - 00:19:13)(time 1194 - 00:19:54) ->    2(time 1267 - 00:21:07)(time 1310 - 00:21:50) ->    3(time 1352 - 00:22:32)(time 1390 - 00:23:10) ->    4(time 1463 - 00:24:23)(time 1502 - 00:25:02) ->    5(time 1609 - 00:26:49)(time 1648 - 00:27:28) ->    6(time 1721 - 00:28:41)(time 1759 - 00:29:19) ->    7(time 1866 - 00:31:06)(time 1866 - 00:31:06) -> 15
> Trip 1
   15(time 1939 - 00:32:19)(time 1977 - 00:32:57) ->    14(time 2203 - 00:36:43)(time 2242 - 00:37:22) ->    13(time 2349 - 00:39:09)(time 2388 - 00:39:48) ->    12(time 2461 - 00:41:01)(time 2499 - 00:41:39) ->    11(time 2541 - 00:42:21)(time 2584 - 00:43:04) ->    10(time 2657 - 00:44:17)(time 2698 - 00:44:58) ->    9(time 3031 - 00:50:31)(time 3071 - 00:51:11) ->    8(time 3206 - 00:53:26)(time 3206 - 00:53:26) ->    0(time 3206 - 00:53:26)(time 3246 - 00:54:06) ->    1(time 3319 - 00:55:19)(time 3360 - 00:56:00) ->    2(time 3433 - 00:57:13)(time 3476 - 00:57:56) ->    3(time 3518 - 00:58:38)(time 3556 - 00:59:16) ->    4(time 3629 - 01:00:29)(time 3668 - 01:01:08) ->    5(time 3885 - 01:04:45)(time 3924 - 01:05:24) ->    6(time 3997 - 01:06:37)(time 4035 - 01:07:15) ->    7(time 4142 - 01:09:02)(time 4142 - 01:09:02) -> 15
> Trip 2
   15(time 4142 - 01:09:02)(time 4180 - 01:09:40) ->    14(time 4253 - 01:10:53)(time 4292 - 01:11:32) ->    13(time 4399 - 01:13:19)(time 4438 - 01:13:58) ->    12(time 4511 - 01:15:11)(time 4549 - 01:15:49) ->    11(time 4614 - 01:16:54)(time 4657 - 01:17:37) ->    10(time 4981 - 01:23:01)(time 5022 - 01:23:42) ->    9(time 5095 - 01:24:55)(time 5135 - 01:25:35) ->    8(time 5242 - 01:27:22)(time 5242 - 01:27:22) ->    0(time 5242 - 01:27:22)(time 5282 - 01:28:02) ->    1(time 5355 - 01:29:15)(time 5396 - 01:29:56) ->    2(time 5469 - 01:31:09)(time 5512 - 01:31:52) ->    3(time 5577 - 01:32:57)(time 5615 - 01:33:35) ->    4(time 5688 - 01:34:48)(time 5727 - 01:35:27) ->    5(time 5834 - 01:37:14)(time 5873 - 01:37:53) ->    6(time 6163 - 01:42:43)(time 6201 - 01:43:21) ->    7(time 6308 - 01:45:08)(time 6308 - 01:45:08) -> 15
> Trip 3
   15(time 6308 - 01:45:08)(time 6346 - 01:45:46) ->    14(time 6419 - 01:46:59)(time 6458 - 01:47:38) ->    13(time 6565 - 01:49:25)(time 6604 - 01:50:04) ->    12(time 6677 - 01:51:17)(time 6715 - 01:51:55) ->    11(time 6757 - 01:52:37)(time 6800 - 01:53:20) ->    10(time 6873 - 01:54:33)(time 6914 - 01:55:14) ->    9(time 6987 - 01:56:27)(time 7027 - 01:57:07) ->    8(time 7134 - 01:58:54)(time 7134 - 01:58:54) ->    0(time 7134 - 01:58:54)(time 7174 - 01:59:34) ->    1(time 7428 - 02:03:48)(time 7469 - 02:04:29) ->    2(time 7542 - 02:05:42)(time 7585 - 02:06:25) ->    3(time 7627 - 02:07:07)(time 7665 - 02:07:45) ->    4(time 7738 - 02:08:58)(time 7777 - 02:09:37) ->    5(time 7884 - 02:11:24)(time 7923 - 02:12:03) ->    6(time 7996 - 02:13:16)(time 8034 - 02:13:54) ->    7(time 8141 - 02:15:41)(time 8141 - 02:15:41) -> 15
=============
Train 2
=============
> Trip 0
   15(time 107 - 00:01:47)(time 145 - 00:02:25) ->    14(time 218 - 00:03:38)(time 257 - 00:04:17) ->    13(time 364 - 00:06:04)(time 403 - 00:06:43) ->    12(time 476 - 00:07:56)(time 514 - 00:08:34) ->    11(time 556 - 00:09:16)(time 599 - 00:09:59) ->    10(time 672 - 00:11:12)(time 713 - 00:11:53) ->    9(time 786 - 00:13:06)(time 826 - 00:13:46) ->    8(time 933 - 00:15:33)(time 933 - 00:15:33) ->    0(time 933 - 00:15:33)(time 973 - 00:16:13) ->    1(time 1046 - 00:17:26)(time 1087 - 00:18:07) ->    2(time 1160 - 00:19:20)(time 1203 - 00:20:03) ->    3(time 1245 - 00:20:45)(time 1283 - 00:21:23) ->    4(time 1356 - 00:22:36)(time 1395 - 00:23:15) ->    5(time 1502 - 00:25:02)(time 1541 - 00:25:41) ->    6(time 1614 - 00:26:54)(time 1652 - 00:27:32) ->    7(time 1759 - 00:29:19)(time 1759 - 00:29:19) -> 15
> Trip 1
   15(time 1866 - 00:31:06)(time 1904 - 00:31:44) ->    14(time 1977 - 00:32:57)(time 2016 - 00:33:36) ->    13(time 2123 - 00:35:23)(time 2162 - 00:36:02) ->    12(time 2235 - 00:37:15)(time 2273 - 00:37:53) ->    11(time 2315 - 00:38:35)(time 2358 - 00:39:18) ->    10(time 2431 - 00:40:31)(time 2472 - 00:41:12) ->    9(time 2545 - 00:42:25)(time 2585 - 00:43:05) ->    8(time 2692 - 00:44:52)(time 2692 - 00:44:52) ->    0(time 2692 - 00:44:52)(time 2732 - 00:45:32) ->    1(time 2805 - 00:46:45)(time 2846 - 00:47:26) ->    2(time 2919 - 00:48:39)(time 2962 - 00:49:22) ->    3(time 3004 - 00:50:04)(time 3042 - 00:50:42) ->    4(time 3115 - 00:51:55)(time 3154 - 00:52:34) ->    5(time 3261 - 00:54:21)(time 3300 - 00:55:00) ->    6(time 3373 - 00:56:13)(time 3411 - 00:56:51) ->    7(time 3518 - 00:58:38)(time 3518 - 00:58:38) -> 15
> Trip 2
   15(time 3518 - 00:58:38)(time 3556 - 00:59:16) ->    14(time 3629 - 01:00:29)(time 3668 - 01:01:08) ->    13(time 3775 - 01:02:55)(time 3814 - 01:03:34) ->    12(time 3887 - 01:04:47)(time 3925 - 01:05:25) ->    11(time 3967 - 01:06:07)(time 4010 - 01:06:50) ->    10(time 4083 - 01:08:03)(time 4124 - 01:08:44) ->    9(time 4197 - 01:09:57)(time 4237 - 01:10:37) ->    8(time 4344 - 01:12:24)(time 4344 - 01:12:24) ->    0(time 4344 - 01:12:24)(time 4384 - 01:13:04) ->    1(time 4457 - 01:14:17)(time 4498 - 01:14:58) ->    2(time 4571 - 01:16:11)(time 4614 - 01:16:54) ->    3(time 4656 - 01:17:36)(time 4694 - 01:18:14) ->    4(time 4767 - 01:19:27)(time 4806 - 01:20:06) ->    5(time 4913 - 01:21:53)(time 4952 - 01:22:32) ->    6(time 5025 - 01:23:45)(time 5063 - 01:24:23) ->    7(time 5170 - 01:26:10)(time 5170 - 01:26:10) -> 15
> Trip 3
   15(time 5170 - 01:26:10)(time 5208 - 01:26:48) ->    14(time 5281 - 01:28:01)(time 5320 - 01:28:40) ->    13(time 5427 - 01:30:27)(time 5466 - 01:31:06) ->    12(time 5539 - 01:32:19)(time 5577 - 01:32:57) ->    11(time 5619 - 01:33:39)(time 5662 - 01:34:22) ->    10(time 5735 - 01:35:35)(time 5776 - 01:36:16) ->    9(time 5849 - 01:37:29)(time 5889 - 01:38:09) ->    8(time 5996 - 01:39:56)(time 5996 - 01:39:56) ->    0(time 5996 - 01:39:56)(time 6036 - 01:40:36) ->    1(time 6109 - 01:41:49)(time 6150 - 01:42:30) ->    2(time 6223 - 01:43:43)(time 6266 - 01:44:26) ->    3(time 6308 - 01:45:08)(time 6346 - 01:45:46) ->    4(time 6419 - 01:46:59)(time 6458 - 01:47:38) ->    5(time 6565 - 01:49:25)(time 6604 - 01:50:04) ->    6(time 6677 - 01:51:17)(time 6715 - 01:51:55) ->    7(time 6822 - 01:53:42)(time 6822 - 01:53:42) -> 15
> Trip 4
   15(time 6822 - 01:53:42)(time 6860 - 01:54:20) ->    14(time 6933 - 01:55:33)(time 6972 - 01:56:12) ->    13(time 7079 - 01:57:59)(time 7118 - 01:58:38) ->    12(time 7191 - 01:59:51)(time 7229 - 02:00:29) ->    11(time 7271 - 02:01:11)(time 7314 - 02:01:54) ->    10(time 7387 - 02:03:07)(time 7428 - 02:03:48) ->    9(time 7501 - 02:05:01)(time 7541 - 02:05:41) ->    8(time 7648 - 02:07:28)(time 7648 - 02:07:28) ->    0(time 7648 - 02:07:28)(time 7688 - 02:08:08) ->    1(time 7761 - 02:09:21)(time 7802 - 02:10:02) ->    2(time 7875 - 02:11:15)(time 7918 - 02:11:58) ->    3(time 7960 - 02:12:40)(time 7998 - 02:13:18) ->    4(time 8071 - 02:14:31)(time 8110 - 02:15:10) ->    5(time 8217 - 02:16:57)(time 8256 - 02:17:36) ->    6(time 8329 - 02:18:49)(time 8367 - 02:19:27) ->    7(time 8474 - 02:21:14)(time 8474 - 02:21:14) -> 15
