t4p17r11h3.txt:
   > Trying to open the instance file...
   > Reading number of trains...
   > Reading maximum number of trips per train...
   > Reading time intervals...
   > Reading number of points...
   > Reading stations...
   > Reading crossings...
   > Reading depots...
   > Reading initial point...
   > Reading routes...
   > Reading distance and distance and service...
   > Reading demands...
   > Reading maximum time...
   > Reading alpha...

--------------------------------
 Printing instance
--------------------------------
number of trains = 4
	max trips per trains: 2     2     2     2
number of intervals = 3
	(0,  19813)	(19814,  39626)	(39627,  59439)
number of points = 17
	initial point: 16
	stations: 0     1     2     3     4     5     8     9    10    11    12    13    14    15    16
	crossings: 0     6     7     8    14    16
	depots: 0     8    14    16
number of vertices = 34
	total vertices: 0     1     2     3     4     5     6     7     8     9    10    11    12    13    14    15    16    17    18    19    20    21    22    23    24    25    26    27    28    29    30    31    32    33
	upper vertices: 0     1     2     3     4     5     6     7     8     9    10    11    12    13    14    15    16
	lower vertices: 17    18    19    20    21    22    23    24    25    26    27    28    29    30    31    32    33
	vertices of point #0: (0, 17)
	vertices of point #1: (1, 18)
	vertices of point #2: (2, 19)
	vertices of point #3: (3, 20)
	vertices of point #4: (4, 21)
	vertices of point #5: (5, 22)
	vertices of point #6: (6, 23)
	vertices of point #7: (7, 24)
	vertices of point #8: (8, 25)
	vertices of point #9: (9, 26)
	vertices of point #10: (10, 27)
	vertices of point #11: (11, 28)
	vertices of point #12: (12, 29)
	vertices of point #13: (13, 30)
	vertices of point #14: (14, 31)
	vertices of point #15: (15, 32)
	vertices of point #16: (16, 33)

arcs...
	total arcs: 
		arc #0: (0, 1)
		arc #1: (0, 17)
		arc #2: (17, 0)
		arc #3: (1, 2)
		arc #4: (18, 17)
		arc #5: (2, 3)
		arc #6: (19, 18)
		arc #7: (3, 4)
		arc #8: (20, 19)
		arc #9: (4, 5)
		arc #10: (21, 20)
		arc #11: (5, 6)
		arc #12: (22, 21)
		arc #13: (6, 7)
		arc #14: (23, 22)
		arc #15: (7, 8)
		arc #16: (24, 23)
		arc #17: (8, 9)
		arc #18: (25, 24)
		arc #19: (8, 25)
		arc #20: (25, 8)
		arc #21: (9, 10)
		arc #22: (26, 25)
		arc #23: (10, 11)
		arc #24: (27, 26)
		arc #25: (11, 12)
		arc #26: (28, 27)
		arc #27: (12, 13)
		arc #28: (29, 28)
		arc #29: (13, 14)
		arc #30: (30, 29)
		arc #31: (14, 15)
		arc #32: (31, 30)
		arc #33: (14, 31)
		arc #34: (31, 14)
		arc #35: (15, 16)
		arc #36: (32, 31)
		arc #37: (33, 32)
		arc #38: (16, 33)
		arc #39: (33, 16)

	reverse arcs: 
		arc #1: (0, 17)
		arc #2: (17, 0)
		arc #19: (8, 25)
		arc #20: (25, 8)
		arc #33: (14, 31)
		arc #34: (31, 14)
		arc #38: (16, 33)
		arc #39: (33, 16)


incompatible points...
	(0, 5, 23, (5, 6))	(23, 18, 0, (18, 17))	(6, 6, 24, (6, 7))	(24, 24, 6, (24, 23))	(7, 7, 25, (7, 8))	(25, 25, 7, (25, 24))	(8, 13, 31, (13, 14))	(31, 26, 8, (26, 25))	(14, 15, 33, (15, 16))	(33, 32, 14, (32, 31))

number of routes = 11
vertices of routes...
	route #0: 0     1     2     3     4     5     6     7     8     9    10    11    12    13    14    15    16    33    32    31    30    29    28    27    26    25    24    23    22    21    20    19    18    17     0
	route #1: 33    32    31    30    29    28    27    26    25    24    23    22    21    20    19    18    17     0     1     2     3     4     5     6     7     8     9    10    11    12    13    14    15    16    33
	route #2: 14    15    16
	route #3: 31    30    29    28    27    26    25    24    23    22    21    20    19    18    17
	route #4: 0     1     2     3     4     5     6     7     8     9    10    11    12    13    14
	route #5: 33    32    31
	route #6: 8     9    10    11    12    13    14    15    16
	route #7: 25    24    23    22    21    20    19    18    17
	route #8: 0     1     2     3     4     5     6     7     8
	route #9: 33    32    31    30    29    28    27    26    25
	route #10: 8     9    10    11    12    13    14
arcs of routes...
	route #0: 0     3     5     7     9    11    13    15    17    21    23    25    27    29    31    35    38    37    36    32    30    28    26    24    22    18    16    14    12    10     8     6     4     2
	route #1: 37    36    32    30    28    26    24    22    18    16    14    12    10     8     6     4     2     0     3     5     7     9    11    13    15    17    21    23    25    27    29    31    35    38
	route #2: 31    35
	route #3: 32    30    28    26    24    22    18    16    14    12    10     8     6     4
	route #4: 0     3     5     7     9    11    13    15    17    21    23    25    27    29
	route #5: 37    36
	route #6: 17    21    23    25    27    29    31    35
	route #7: 18    16    14    12    10     8     6     4
	route #8: 0     3     5     7     9    11    13    15
	route #9: 37    36    32    30    28    26    24    22
	route #10: 17    21    23    25    27    29

incompatible routes...
	(0, 1)    	(0, 2)    	(0, 3)    	(0, 5)    	(0, 6)    	(0, 7)    	(0, 9)    	(0, 10)    	(1, 0)    	(1, 2)    	(1, 3)    	(1, 4)    	(1, 6)    	(1, 7)    	(1, 8)    	(1, 10)    	(2, 0)    	(2, 2)    	(2, 3)    	(2, 4)    	(2, 6)    	(2, 7)    	(2, 8)    	(2, 10)    	(3, 1)    	(3, 2)    	(3, 3)    	(3, 5)    	(3, 6)    	(3, 7)    	(3, 9)    	(3, 10)    	(4, 0)    	(4, 1)    	(4, 4)    	(4, 5)    	(4, 6)    	(4, 7)    	(4, 8)    	(4, 9)    	(4, 10)    	(5, 0)    	(5, 1)    	(5, 4)    	(5, 5)    	(5, 6)    	(5, 7)    	(5, 8)    	(5, 9)    	(5, 10)    	(6, 0)    	(6, 2)    	(6, 3)    	(6, 4)    	(6, 6)    	(6, 7)    	(6, 8)    	(6, 10)    	(7, 1)    	(7, 2)    	(7, 3)    	(7, 5)    	(7, 6)    	(7, 7)    	(7, 9)    	(7, 10)    	(8, 0)    	(8, 1)    	(8, 2)    	(8, 3)    	(8, 4)    	(8, 5)    	(8, 8)    	(8, 9)    	(9, 0)    	(9, 1)    	(9, 2)    	(9, 3)    	(9, 4)    	(9, 5)    	(9, 8)    	(9, 9)    	(10, 0)    	(10, 1)    	(10, 4)    	(10, 5)    	(10, 6)    	(10, 7)    	(10, 8)    	(10, 9)    	(10, 10)

vertices that can be adjacent in consecutive trips...
	(0, 0)    	(8, 8)    	(8, 25)    	(14, 14)    	(14, 31)    	(16, 33)    	(17, 0)    	(25, 8)    	(25, 25)    	(31, 14)    	(31, 31)    	(33, 33)
non cyclical routes: 
       2       3       4       5       6       7       8       9      10

routes of trip...
	routes that train #0 can complete at trip #0: 1       5       9
	routes that train #0 can complete at trip #1: 0       1       2       3       4       5       6       7       8       9      10

	routes that train #1 can complete at trip #0: 1       5       9
	routes that train #1 can complete at trip #1: 0       1       2       3       4       5       6       7       8       9      10

	routes that train #2 can complete at trip #0: 1       5       9
	routes that train #2 can complete at trip #1: 0       1       2       3       4       5       6       7       8       9      10

	routes that train #3 can complete at trip #0: 1       5       9
	routes that train #3 can complete at trip #1: 0       1       2       3       4       5       6       7       8       9      10

 cost...
	arc #0 [0][1]: 451
	arc #1 [0][17]: 0
	arc #2 [17][0]: 0
	arc #3 [1][2]: 477
	arc #4 [18][17]: 451
	arc #5 [2][3]: 529
	arc #6 [19][18]: 477
	arc #7 [3][4]: 496
	arc #8 [20][19]: 529
	arc #9 [4][5]: 481
	arc #10 [21][20]: 496
	arc #11 [5][6]: 522
	arc #12 [22][21]: 481
	arc #13 [6][7]: 479
	arc #14 [23][22]: 522
	arc #15 [7][8]: 473
	arc #16 [24][23]: 479
	arc #17 [8][9]: 488
	arc #18 [25][24]: 473
	arc #19 [8][25]: 0
	arc #20 [25][8]: 0
	arc #21 [9][10]: 519
	arc #22 [26][25]: 488
	arc #23 [10][11]: 525
	arc #24 [27][26]: 519
	arc #25 [11][12]: 485
	arc #26 [28][27]: 525
	arc #27 [12][13]: 492
	arc #28 [29][28]: 485
	arc #29 [13][14]: 487
	arc #30 [30][29]: 492
	arc #31 [14][15]: 448
	arc #32 [31][30]: 487
	arc #33 [14][31]: 0
	arc #34 [31][14]: 0
	arc #35 [15][16]: 460
	arc #36 [32][31]: 448
	arc #37 [33][32]: 460
	arc #38 [16][33]: 0
	arc #39 [33][16]: 0

cost with minimum service...
	arc #0 [0][1]: 532
	arc #1 [0][17]: 0
	arc #2 [17][0]: 0
	arc #3 [1][2]: 558
	arc #4 [18][17]: 593
	arc #5 [2][3]: 610
	arc #6 [19][18]: 558
	arc #7 [3][4]: 577
	arc #8 [20][19]: 610
	arc #9 [4][5]: 562
	arc #10 [21][20]: 577
	arc #11 [5][6]: 586
	arc #12 [22][21]: 562
	arc #13 [6][7]: 543
	arc #14 [23][22]: 603
	arc #15 [7][8]: 615
	arc #16 [24][23]: 543
	arc #17 [8][9]: 569
	arc #18 [25][24]: 537
	arc #19 [8][25]: 0
	arc #20 [25][8]: 0
	arc #21 [9][10]: 600
	arc #22 [26][25]: 630
	arc #23 [10][11]: 606
	arc #24 [27][26]: 600
	arc #25 [11][12]: 566
	arc #26 [28][27]: 606
	arc #27 [12][13]: 573
	arc #28 [29][28]: 566
	arc #29 [13][14]: 629
	arc #30 [30][29]: 573
	arc #31 [14][15]: 529
	arc #32 [31][30]: 568
	arc #33 [14][31]: 0
	arc #34 [31][14]: 0
	arc #35 [15][16]: 602
	arc #36 [32][31]: 590
	arc #37 [33][32]: 541
	arc #38 [16][33]: 0
	arc #39 [33][16]: 0

cost with maximum service...
	arc #0 [0][1]: 944
	arc #1 [0][17]: 493
	arc #2 [17][0]: 493
	arc #3 [1][2]: 970
	arc #4 [18][17]: 944
	arc #5 [2][3]: 1022
	arc #6 [19][18]: 970
	arc #7 [3][4]: 989
	arc #8 [20][19]: 1022
	arc #9 [4][5]: 974
	arc #10 [21][20]: 989
	arc #11 [5][6]: 1015
	arc #12 [22][21]: 974
	arc #13 [6][7]: 972
	arc #14 [23][22]: 1015
	arc #15 [7][8]: 966
	arc #16 [24][23]: 972
	arc #17 [8][9]: 981
	arc #18 [25][24]: 966
	arc #19 [8][25]: 493
	arc #20 [25][8]: 493
	arc #21 [9][10]: 1012
	arc #22 [26][25]: 981
	arc #23 [10][11]: 1018
	arc #24 [27][26]: 1012
	arc #25 [11][12]: 978
	arc #26 [28][27]: 1018
	arc #27 [12][13]: 985
	arc #28 [29][28]: 978
	arc #29 [13][14]: 980
	arc #30 [30][29]: 985
	arc #31 [14][15]: 941
	arc #32 [31][30]: 980
	arc #33 [14][31]: 493
	arc #34 [31][14]: 493
	arc #35 [15][16]: 953
	arc #36 [32][31]: 941
	arc #37 [33][32]: 953
	arc #38 [16][33]: 493
	arc #39 [33][16]: 493

demands...
	demands of vertex 0 at time interval: 2     2     2
	demands of vertex 1 at time interval: 2     2     2
	demands of vertex 2 at time interval: 2     2     2
	demands of vertex 3 at time interval: 2     2     2
	demands of vertex 4 at time interval: 2     2     2
	demands of vertex 5 at time interval: 2     2     2
	demands of vertex 6 at time interval: 0     0     0
	demands of vertex 7 at time interval: 0     0     0
	demands of vertex 8 at time interval: 2     2     2
	demands of vertex 9 at time interval: 2     2     2
	demands of vertex 10 at time interval: 2     2     2
	demands of vertex 11 at time interval: 2     2     2
	demands of vertex 12 at time interval: 2     2     2
	demands of vertex 13 at time interval: 2     2     2
	demands of vertex 14 at time interval: 2     2     2
	demands of vertex 15 at time interval: 2     2     2
	demands of vertex 16 at time interval: 0     0     0
	demands of vertex 17 at time interval: 0     0     0
	demands of vertex 18 at time interval: 2     2     2
	demands of vertex 19 at time interval: 2     2     2
	demands of vertex 20 at time interval: 2     2     2
	demands of vertex 21 at time interval: 2     2     2
	demands of vertex 22 at time interval: 2     2     2
	demands of vertex 23 at time interval: 0     0     0
	demands of vertex 24 at time interval: 0     0     0
	demands of vertex 25 at time interval: 2     2     2
	demands of vertex 26 at time interval: 2     2     2
	demands of vertex 27 at time interval: 2     2     2
	demands of vertex 28 at time interval: 2     2     2
	demands of vertex 29 at time interval: 2     2     2
	demands of vertex 30 at time interval: 2     2     2
	demands of vertex 31 at time interval: 2     2     2
	demands of vertex 32 at time interval: 2     2     2
	demands of vertex 33 at time interval: 2     2     2

maximum time = 59439
alpha = 63
Starting to test combinations... - Total number of combinations = 14641
Found new best - 1/14641
10% done - 1465/14641 combination(s) tested! (Thread 0)
20% done - 2930/14641 combination(s) tested! (Thread 0)
30% done - 4395/14641 combination(s) tested! (Thread 0)
40% done - 5860/14641 combination(s) tested! (Thread 0)
50% done - 7325/14641 combination(s) tested! (Thread 0)
60% done - 8790/14641 combination(s) tested! (Thread 0)
70% done - 10255/14641 combination(s) tested! (Thread 0)
80% done - 11720/14641 combination(s) tested! (Thread 0)
90% done - 13185/14641 combination(s) tested! (Thread 0)
All combination(s) tested!
1/14641 were feasible combination(s)! - (0.007%)

>> Printing some results...
    -> Solution value = 38010 - 10:33:30
    -> Total time = 52.94
    -> Gap value = 0.00

=============
Train 0
=============
> Trip 0
   33(time 5148 - 01:25:48)(time 5608 - 01:33:28) ->    32(time 6101 - 01:41:41)(time 6549 - 01:49:09) ->    31(time 7042 - 01:57:22)(time 7529 - 02:05:29) ->    30(time 8022 - 02:13:42)(time 8514 - 02:21:54) ->    29(time 9007 - 02:30:07)(time 9492 - 02:38:12) ->    28(time 9985 - 02:46:25)(time 10510 - 02:55:10) ->    27(time 11003 - 03:03:23)(time 11522 - 03:12:02) ->    26(time 12015 - 03:20:15)(time 12503 - 03:28:23) ->    25(time 12996 - 03:36:36)(time 13469 - 03:44:29) ->    24(time 13962 - 03:52:42)(time 14441 - 04:00:41) ->    23(time 14934 - 04:08:54)(time 15456 - 04:17:36) ->    22(time 15949 - 04:25:49)(time 16430 - 04:33:50) ->    21(time 16643 - 04:37:23)(time 17139 - 04:45:39) ->    20(time 17220 - 04:47:00)(time 17749 - 04:55:49) ->    19(time 17830 - 04:57:10)(time 18307 - 05:05:07) ->    18(time 18388 - 05:06:28)(time 18839 - 05:13:59) ->    17(time 19332 - 05:22:12)(time 19332 - 05:22:12) ->    0(time 19825 - 05:30:25)(time 20276 - 05:37:56) ->    1(time 20357 - 05:39:17)(time 20834 - 05:47:14) ->    2(time 20915 - 05:48:35)(time 21444 - 05:57:24) ->    3(time 21937 - 06:05:37)(time 22433 - 06:13:53) ->    4(time 22926 - 06:22:06)(time 23407 - 06:30:07) ->    5(time 23900 - 06:38:20)(time 24422 - 06:47:02) ->    6(time 24486 - 06:48:06)(time 24965 - 06:56:05) ->    7(time 25029 - 06:57:09)(time 25502 - 07:05:02) ->    8(time 25644 - 07:07:24)(time 26132 - 07:15:32) ->    9(time 26213 - 07:16:53)(time 26732 - 07:25:32) ->    10(time 26813 - 07:26:53)(time 27338 - 07:35:38) ->    11(time 27419 - 07:36:59)(time 27904 - 07:45:04) ->    12(time 27985 - 07:46:25)(time 28477 - 07:54:37) ->    13(time 28558 - 07:55:58)(time 29045 - 08:04:05) ->    14(time 29187 - 08:06:27)(time 29635 - 08:13:55) ->    15(time 29716 - 08:15:16)(time 30176 - 08:22:56) ->    16(time 30318 - 08:25:18)(time 30318 - 08:25:18) -> 33
> Trip 1
   33(time 30318 - 08:25:18)(time 30778 - 08:32:58) ->    32(time 30859 - 08:34:19)(time 31307 - 08:41:47) ->    31(time 31449 - 08:44:09)(time 31936 - 08:52:16) ->    30(time 32017 - 08:53:37)(time 32509 - 09:01:49) ->    29(time 32590 - 09:03:10)(time 33075 - 09:11:15) ->    28(time 33156 - 09:12:36)(time 33681 - 09:21:21) ->    27(time 33762 - 09:22:42)(time 34281 - 09:31:21) ->    26(time 34362 - 09:32:42)(time 34850 - 09:40:50) ->    25(time 34992 - 09:43:12)(time 35465 - 09:51:05) ->    24(time 35529 - 09:52:09)(time 36008 - 10:00:08) ->    23(time 36072 - 10:01:12)(time 36594 - 10:09:54) ->    22(time 36859 - 10:14:19)(time 37340 - 10:22:20) ->    21(time 37833 - 10:30:33)(time 38329 - 10:38:49) ->    20(time 38822 - 10:47:02)(time 39351 - 10:55:51) ->    19(time 39844 - 11:04:04)(time 40321 - 11:12:01) ->    18(time 40402 - 11:13:22)(time 40853 - 11:20:53) ->    17(time 41196 - 11:26:36)(time 41196 - 11:26:36) ->    0(time 41196 - 11:26:36)(time 41647 - 11:34:07) ->    1(time 41728 - 11:35:28)(time 42205 - 11:43:25) ->    2(time 42286 - 11:44:46)(time 42815 - 11:53:35) ->    3(time 43308 - 12:01:48)(time 43804 - 12:10:04) ->    4(time 44297 - 12:18:17)(time 44778 - 12:26:18) ->    5(time 44859 - 12:27:39)(time 45381 - 12:36:21) ->    6(time 45874 - 12:44:34)(time 46353 - 12:52:33) ->    7(time 46846 - 13:00:46)(time 47319 - 13:08:39) ->    8(time 47812 - 13:16:52)(time 48300 - 13:25:00) ->    9(time 48381 - 13:26:21)(time 48900 - 13:35:00) ->    10(time 48981 - 13:36:21)(time 49506 - 13:45:06) ->    11(time 49587 - 13:46:27)(time 50072 - 13:54:32) ->    12(time 50153 - 13:55:53)(time 50645 - 14:04:05) ->    13(time 50726 - 14:05:26)(time 51213 - 14:13:33) ->    14(time 51355 - 14:15:55)(time 51803 - 14:23:23) ->    15(time 51884 - 14:24:44)(time 52344 - 14:32:24) ->    16(time 52486 - 14:34:46)(time 52486 - 14:34:46) -> 33
=============
Train 1
=============
> Trip 0
   33(time 1759 - 00:29:19)(time 2219 - 00:36:59) ->    32(time 2300 - 00:38:20)(time 2748 - 00:45:48) ->    31(time 2890 - 00:48:10)(time 3377 - 00:56:17) ->    30(time 3458 - 00:57:38)(time 3950 - 01:05:50) ->    29(time 4031 - 01:07:11)(time 4516 - 01:15:16) ->    28(time 4597 - 01:16:37)(time 5122 - 01:25:22) ->    27(time 5203 - 01:26:43)(time 5722 - 01:35:22) ->    26(time 5803 - 01:36:43)(time 6291 - 01:44:51) ->    25(time 6433 - 01:47:13)(time 6906 - 01:55:06) ->    24(time 6970 - 01:56:10)(time 7449 - 02:04:09) ->    23(time 7513 - 02:05:13)(time 8035 - 02:13:55) ->    22(time 8116 - 02:15:16)(time 8597 - 02:23:17) ->    21(time 8678 - 02:24:38)(time 9174 - 02:32:54) ->    20(time 9255 - 02:34:15)(time 9784 - 02:43:04) ->    19(time 9865 - 02:44:25)(time 10342 - 02:52:22) ->    18(time 10423 - 02:53:43)(time 10874 - 03:01:14) ->    17(time 11016 - 03:03:36)(time 11016 - 03:03:36) ->    0(time 11016 - 03:03:36)(time 11467 - 03:11:07) ->    1(time 11548 - 03:12:28)(time 12025 - 03:20:25) ->    2(time 12106 - 03:21:46)(time 12635 - 03:30:35) ->    3(time 12716 - 03:31:56)(time 13212 - 03:40:12) ->    4(time 13293 - 03:41:33)(time 13774 - 03:49:34) ->    5(time 13855 - 03:50:55)(time 14377 - 03:59:37) ->    6(time 14441 - 04:00:41)(time 14920 - 04:08:40) ->    7(time 14984 - 04:09:44)(time 15457 - 04:17:37) ->    8(time 15599 - 04:19:59)(time 16087 - 04:28:07) ->    9(time 16168 - 04:29:28)(time 16687 - 04:38:07) ->    10(time 16768 - 04:39:28)(time 17293 - 04:48:13) ->    11(time 17374 - 04:49:34)(time 17859 - 04:57:39) ->    12(time 17940 - 04:59:00)(time 18432 - 05:07:12) ->    13(time 18513 - 05:08:33)(time 19000 - 05:16:40) ->    14(time 19142 - 05:19:02)(time 19590 - 05:26:30) ->    15(time 19671 - 05:27:51)(time 20131 - 05:35:31) ->    16(time 20273 - 05:37:53)(time 20273 - 05:37:53) -> 33
> Trip 1
   33(time 39769 - 11:02:49)(time 40229 - 11:10:29) ->    32(time 40310 - 11:11:50)(time 40758 - 11:19:18) ->    31(time 40900 - 11:21:40)(time 41387 - 11:29:47) ->    30(time 41468 - 11:31:08)(time 41960 - 11:39:20) ->    29(time 42041 - 11:40:41)(time 42526 - 11:48:46) ->    28(time 42607 - 11:50:07)(time 43132 - 11:58:52) ->    27(time 43213 - 12:00:13)(time 43732 - 12:08:52) ->    26(time 43813 - 12:10:13)(time 44301 - 12:18:21) ->    25(time 44443 - 12:20:43)(time 44916 - 12:28:36) ->    24(time 44980 - 12:29:40)(time 45459 - 12:37:39) ->    23(time 45523 - 12:38:43)(time 46045 - 12:47:25) ->    22(time 46126 - 12:48:46)(time 46607 - 12:56:47) ->    21(time 46688 - 12:58:08)(time 47184 - 13:06:24) ->    20(time 47265 - 13:07:45)(time 47794 - 13:16:34) ->    19(time 47875 - 13:17:55)(time 48352 - 13:25:52) ->    18(time 48433 - 13:27:13)(time 48884 - 13:34:44) ->    17(time 49026 - 13:37:06)(time 49026 - 13:37:06) ->    0(time 49026 - 13:37:06)(time 49477 - 13:44:37) ->    1(time 49558 - 13:45:58)(time 50035 - 13:53:55) ->    2(time 50116 - 13:55:16)(time 50645 - 14:04:05) ->    3(time 50726 - 14:05:26)(time 51222 - 14:13:42) ->    4(time 51303 - 14:15:03)(time 51784 - 14:23:04) ->    5(time 51865 - 14:24:25)(time 52387 - 14:33:07) ->    6(time 52451 - 14:34:11)(time 52930 - 14:42:10) ->    7(time 52994 - 14:43:14)(time 53467 - 14:51:07) ->    8(time 53609 - 14:53:29)(time 54097 - 15:01:37) ->    9(time 54178 - 15:02:58)(time 54697 - 15:11:37) ->    10(time 54778 - 15:12:58)(time 55303 - 15:21:43) ->    11(time 55384 - 15:23:04)(time 55869 - 15:31:09) ->    12(time 55950 - 15:32:30)(time 56442 - 15:40:42) ->    13(time 56523 - 15:42:03)(time 57010 - 15:50:10) ->    14(time 57152 - 15:52:32)(time 57600 - 16:00:00) ->    15(time 57681 - 16:01:21)(time 58141 - 16:09:01) ->    16(time 58283 - 16:11:23)(time 58283 - 16:11:23) -> 33
=============
Train 2
=============
> Trip 0
   33(time 20761 - 05:46:01)(time 21221 - 05:53:41) ->    32(time 21302 - 05:55:02)(time 21750 - 06:02:30) ->    31(time 22243 - 06:10:43)(time 22730 - 06:18:50) ->    30(time 22811 - 06:20:11)(time 23303 - 06:28:23) ->    29(time 23384 - 06:29:44)(time 23869 - 06:37:49) ->    28(time 23950 - 06:39:10)(time 24475 - 06:47:55) ->    27(time 24556 - 06:49:16)(time 25075 - 06:57:55) ->    26(time 25156 - 06:59:16)(time 25644 - 07:07:24) ->    25(time 25786 - 07:09:46)(time 26259 - 07:17:39) ->    24(time 26323 - 07:18:43)(time 26802 - 07:26:42) ->    23(time 26866 - 07:27:46)(time 27388 - 07:36:28) ->    22(time 27469 - 07:37:49)(time 27950 - 07:45:50) ->    21(time 28031 - 07:47:11)(time 28527 - 07:55:27) ->    20(time 28608 - 07:56:48)(time 29137 - 08:05:37) ->    19(time 29218 - 08:06:58)(time 29695 - 08:14:55) ->    18(time 29776 - 08:16:16)(time 30227 - 08:23:47) ->    17(time 30369 - 08:26:09)(time 30369 - 08:26:09) ->    0(time 30369 - 08:26:09)(time 30820 - 08:33:40) ->    1(time 30901 - 08:35:01)(time 31378 - 08:42:58) ->    2(time 31459 - 08:44:19)(time 31988 - 08:53:08) ->    3(time 32069 - 08:54:29)(time 32565 - 09:02:45) ->    4(time 32646 - 09:04:06)(time 33127 - 09:12:07) ->    5(time 33208 - 09:13:28)(time 33730 - 09:22:10) ->    6(time 33794 - 09:23:14)(time 34273 - 09:31:13) ->    7(time 34337 - 09:32:17)(time 34810 - 09:40:10) ->    8(time 34952 - 09:42:32)(time 35440 - 09:50:40) ->    9(time 35521 - 09:52:01)(time 36040 - 10:00:40) ->    10(time 36121 - 10:02:01)(time 36646 - 10:10:46) ->    11(time 36727 - 10:12:07)(time 37212 - 10:20:12) ->    12(time 37293 - 10:21:33)(time 37785 - 10:29:45) ->    13(time 37866 - 10:31:06)(time 38353 - 10:39:13) ->    14(time 38495 - 10:41:35)(time 38943 - 10:49:03) ->    15(time 39024 - 10:50:24)(time 39484 - 10:58:04) ->    16(time 39626 - 11:00:26)(time 39626 - 11:00:26) -> 33
> Trip 1
   33(time 39627 - 11:00:27)(time 40087 - 11:08:07) ->    32(time 40168 - 11:09:28)(time 40616 - 11:16:56) ->    31(time 40758 - 11:19:18)(time 41245 - 11:27:25) ->    30(time 41326 - 11:28:46)(time 41818 - 11:36:58) ->    29(time 41899 - 11:38:19)(time 42384 - 11:46:24) ->    28(time 42465 - 11:47:45)(time 42990 - 11:56:30) ->    27(time 43071 - 11:57:51)(time 43590 - 12:06:30) ->    26(time 43671 - 12:07:51)(time 44159 - 12:15:59) ->    25(time 44301 - 12:18:21)(time 44774 - 12:26:14) ->    24(time 44838 - 12:27:18)(time 45317 - 12:35:17) ->    23(time 45381 - 12:36:21)(time 45903 - 12:45:03) ->    22(time 45984 - 12:46:24)(time 46465 - 12:54:25) ->    21(time 46546 - 12:55:46)(time 47042 - 13:04:02) ->    20(time 47123 - 13:05:23)(time 47652 - 13:14:12) ->    19(time 47733 - 13:15:33)(time 48210 - 13:23:30) ->    18(time 48291 - 13:24:51)(time 48742 - 13:32:22) ->    17(time 48884 - 13:34:44)(time 48884 - 13:34:44) ->    0(time 48884 - 13:34:44)(time 49335 - 13:42:15) ->    1(time 49416 - 13:43:36)(time 49893 - 13:51:33) ->    2(time 49974 - 13:52:54)(time 50503 - 14:01:43) ->    3(time 50584 - 14:03:04)(time 51080 - 14:11:20) ->    4(time 51161 - 14:12:41)(time 51642 - 14:20:42) ->    5(time 51723 - 14:22:03)(time 52245 - 14:30:45) ->    6(time 52309 - 14:31:49)(time 52788 - 14:39:48) ->    7(time 52852 - 14:40:52)(time 53325 - 14:48:45) ->    8(time 53467 - 14:51:07)(time 53955 - 14:59:15) ->    9(time 54036 - 15:00:36)(time 54555 - 15:09:15) ->    10(time 54636 - 15:10:36)(time 55161 - 15:19:21) ->    11(time 55242 - 15:20:42)(time 55727 - 15:28:47) ->    12(time 55808 - 15:30:08)(time 56300 - 15:38:20) ->    13(time 56381 - 15:39:41)(time 56868 - 15:47:48) ->    14(time 57010 - 15:50:10)(time 57458 - 15:57:38) ->    15(time 57539 - 15:58:59)(time 57999 - 16:06:39) ->    16(time 58141 - 16:09:01)(time 58141 - 16:09:01) -> 33
=============
Train 3
=============
> Trip 0
   33(time 1840 - 00:30:40)(time 2300 - 00:38:20) ->    32(time 2442 - 00:40:42)(time 2890 - 00:48:10) ->    31(time 3032 - 00:50:32)(time 3519 - 00:58:39) ->    30(time 3600 - 01:00:00)(time 4092 - 01:08:12) ->    29(time 4173 - 01:09:33)(time 4658 - 01:17:38) ->    28(time 4739 - 01:18:59)(time 5264 - 01:27:44) ->    27(time 5345 - 01:29:05)(time 5864 - 01:37:44) ->    26(time 5945 - 01:39:05)(time 6433 - 01:47:13) ->    25(time 6575 - 01:49:35)(time 7048 - 01:57:28) ->    24(time 7112 - 01:58:32)(time 7591 - 02:06:31) ->    23(time 7655 - 02:07:35)(time 8177 - 02:16:17) ->    22(time 8258 - 02:17:38)(time 8739 - 02:25:39) ->    21(time 8820 - 02:27:00)(time 9316 - 02:35:16) ->    20(time 9397 - 02:36:37)(time 9926 - 02:45:26) ->    19(time 10007 - 02:46:47)(time 10484 - 02:54:44) ->    18(time 10565 - 02:56:05)(time 11016 - 03:03:36) ->    17(time 11158 - 03:05:58)(time 11158 - 03:05:58) ->    0(time 11158 - 03:05:58)(time 11609 - 03:13:29) ->    1(time 11690 - 03:14:50)(time 12167 - 03:22:47) ->    2(time 12248 - 03:24:08)(time 12777 - 03:32:57) ->    3(time 12858 - 03:34:18)(time 13354 - 03:42:34) ->    4(time 13435 - 03:43:55)(time 13916 - 03:51:56) ->    5(time 13997 - 03:53:17)(time 14519 - 04:01:59) ->    6(time 14583 - 04:03:03)(time 15062 - 04:11:02) ->    7(time 15126 - 04:12:06)(time 15599 - 04:19:59) ->    8(time 15741 - 04:22:21)(time 16229 - 04:30:29) ->    9(time 16310 - 04:31:50)(time 16829 - 04:40:29) ->    10(time 16910 - 04:41:50)(time 17435 - 04:50:35) ->    11(time 17516 - 04:51:56)(time 18001 - 05:00:01) ->    12(time 18082 - 05:01:22)(time 18574 - 05:09:34) ->    13(time 18655 - 05:10:55)(time 19142 - 05:19:02) ->    14(time 19284 - 05:21:24)(time 19732 - 05:28:52) ->    15(time 19813 - 05:30:13)(time 20273 - 05:37:53) ->    16(time 20415 - 05:40:15)(time 20415 - 05:40:15) -> 33
> Trip 1
   33(time 27564 - 07:39:24)(time 28024 - 07:47:04) ->    32(time 28105 - 07:48:25)(time 28553 - 07:55:53) ->    31(time 29046 - 08:04:06)(time 29533 - 08:12:13) ->    30(time 30026 - 08:20:26)(time 30518 - 08:28:38) ->    29(time 31011 - 08:36:51)(time 31496 - 08:44:56) ->    28(time 31989 - 08:53:09)(time 32514 - 09:01:54) ->    27(time 32595 - 09:03:15)(time 33114 - 09:11:54) ->    26(time 33195 - 09:13:15)(time 33683 - 09:21:23) ->    25(time 33825 - 09:23:45)(time 34298 - 09:31:38) ->    24(time 34791 - 09:39:51)(time 35270 - 09:47:50) ->    23(time 35763 - 09:56:03)(time 36285 - 10:04:45) ->    22(time 36366 - 10:06:06)(time 36847 - 10:14:07) ->    21(time 37340 - 10:22:20)(time 37836 - 10:30:36) ->    20(time 38329 - 10:38:49)(time 38858 - 10:47:38) ->    19(time 38939 - 10:48:59)(time 39416 - 10:56:56) ->    18(time 39497 - 10:58:17)(time 39948 - 11:05:48) ->    17(time 40441 - 11:14:01)(time 40441 - 11:14:01) ->    0(time 40934 - 11:22:14)(time 41385 - 11:29:45) ->    1(time 41466 - 11:31:06)(time 41943 - 11:39:03) ->    2(time 42024 - 11:40:24)(time 42553 - 11:49:13) ->    3(time 42634 - 11:50:34)(time 43130 - 11:58:50) ->    4(time 43211 - 12:00:11)(time 43692 - 12:08:12) ->    5(time 43773 - 12:09:33)(time 44295 - 12:18:15) ->    6(time 44359 - 12:19:19)(time 44838 - 12:27:18) ->    7(time 44916 - 12:28:36)(time 45389 - 12:36:29) ->    8(time 45531 - 12:38:51)(time 46019 - 12:46:59) ->    9(time 46100 - 12:48:20)(time 46619 - 12:56:59) ->    10(time 46700 - 12:58:20)(time 47225 - 13:07:05) ->    11(time 47306 - 13:08:26)(time 47791 - 13:16:31) ->    12(time 47872 - 13:17:52)(time 48364 - 13:26:04) ->    13(time 48445 - 13:27:25)(time 48932 - 13:35:32) ->    14(time 49074 - 13:37:54)(time 49522 - 13:45:22) ->    15(time 49603 - 13:46:43)(time 50063 - 13:54:23) ->    16(time 50205 - 13:56:45)(time 50205 - 13:56:45) -> 33
