t4p11r2h2.txt:
   > Trying to open the instance file...
   > Reading number of trains...
   > Reading maximum number of trips per train...
   > Reading time intervals...
   > Reading number of points...
   > Reading stations...
   > Reading crossings...
   > Reading depots...
   > Reading initial point...
   > Reading routes...
   > Reading distance and distance and service...
   > Reading demands...
   > Reading maximum time...
   > Reading alpha...

--------------------------------
 Printing instance
--------------------------------
number of trains = 4
	max trips per trains: 6     6     6     6
number of intervals = 2
	(0,  23623)	(23624,  47246)
number of points = 11
	initial point: 10
	stations: 0     1     3     4     5     6     7     8     9    10
	crossings: 0     2    10
	depots: 0    10
number of vertices = 22
	total vertices: 0     1     2     3     4     5     6     7     8     9    10    11    12    13    14    15    16    17    18    19    20    21
	upper vertices: 0     1     2     3     4     5     6     7     8     9    10
	lower vertices: 11    12    13    14    15    16    17    18    19    20    21
	vertices of point #0: (0, 11)
	vertices of point #1: (1, 12)
	vertices of point #2: (2, 13)
	vertices of point #3: (3, 14)
	vertices of point #4: (4, 15)
	vertices of point #5: (5, 16)
	vertices of point #6: (6, 17)
	vertices of point #7: (7, 18)
	vertices of point #8: (8, 19)
	vertices of point #9: (9, 20)
	vertices of point #10: (10, 21)

arcs...
	total arcs: 
		arc #0: (0, 1)
		arc #1: (0, 11)
		arc #2: (11, 0)
		arc #3: (1, 2)
		arc #4: (12, 11)
		arc #5: (2, 3)
		arc #6: (13, 12)
		arc #7: (3, 4)
		arc #8: (14, 13)
		arc #9: (4, 5)
		arc #10: (15, 14)
		arc #11: (5, 6)
		arc #12: (16, 15)
		arc #13: (6, 7)
		arc #14: (17, 16)
		arc #15: (7, 8)
		arc #16: (18, 17)
		arc #17: (8, 9)
		arc #18: (19, 18)
		arc #19: (9, 10)
		arc #20: (20, 19)
		arc #21: (21, 20)
		arc #22: (10, 21)
		arc #23: (21, 10)

	reverse arcs: 
		arc #1: (0, 11)
		arc #2: (11, 0)
		arc #22: (10, 21)
		arc #23: (21, 10)


incompatible points...
	(0, 1, 13, (1, 2))	(13, 12, 0, (12, 11))	(2, 9, 21, (9, 10))	(21, 14, 2, (14, 13))

number of routes = 2
vertices of routes...
	route #0: 0     1     2     3     4     5     6     7     8     9    10    21    20    19    18    17    16    15    14    13    12    11     0
	route #1: 21    20    19    18    17    16    15    14    13    12    11     0     1     2     3     4     5     6     7     8     9    10    21
arcs of routes...
	route #0: 0     3     5     7     9    11    13    15    17    19    22    21    20    18    16    14    12    10     8     6     4     2
	route #1: 21    20    18    16    14    12    10     8     6     4     2     0     3     5     7     9    11    13    15    17    19    22

incompatible routes...
	(0, 1)    	(1, 0)

vertices that can be adjacent in consecutive trips...
	(0, 0)    	(21, 21)
non cyclical routes: 


routes of trip...
	routes that train #0 can complete at trip #0: 1
	routes that train #0 can complete at trip #1: 0       1
	routes that train #0 can complete at trip #2: 0       1
	routes that train #0 can complete at trip #3: 0       1
	routes that train #0 can complete at trip #4: 0       1
	routes that train #0 can complete at trip #5: 0       1

	routes that train #1 can complete at trip #0: 1
	routes that train #1 can complete at trip #1: 0       1
	routes that train #1 can complete at trip #2: 0       1
	routes that train #1 can complete at trip #3: 0       1
	routes that train #1 can complete at trip #4: 0       1
	routes that train #1 can complete at trip #5: 0       1

	routes that train #2 can complete at trip #0: 1
	routes that train #2 can complete at trip #1: 0       1
	routes that train #2 can complete at trip #2: 0       1
	routes that train #2 can complete at trip #3: 0       1
	routes that train #2 can complete at trip #4: 0       1
	routes that train #2 can complete at trip #5: 0       1

	routes that train #3 can complete at trip #0: 1
	routes that train #3 can complete at trip #1: 0       1
	routes that train #3 can complete at trip #2: 0       1
	routes that train #3 can complete at trip #3: 0       1
	routes that train #3 can complete at trip #4: 0       1
	routes that train #3 can complete at trip #5: 0       1

 cost...
	arc #0 [0][1]: 221
	arc #1 [0][11]: 0
	arc #2 [11][0]: 0
	arc #3 [1][2]: 225
	arc #4 [12][11]: 221
	arc #5 [2][3]: 207
	arc #6 [13][12]: 225
	arc #7 [3][4]: 194
	arc #8 [14][13]: 207
	arc #9 [4][5]: 232
	arc #10 [15][14]: 194
	arc #11 [5][6]: 194
	arc #12 [16][15]: 232
	arc #13 [6][7]: 229
	arc #14 [17][16]: 194
	arc #15 [7][8]: 195
	arc #16 [18][17]: 229
	arc #17 [8][9]: 207
	arc #18 [19][18]: 195
	arc #19 [9][10]: 229
	arc #20 [20][19]: 207
	arc #21 [21][20]: 229
	arc #22 [10][21]: 0
	arc #23 [21][10]: 0

cost with minimum service...
	arc #0 [0][1]: 300
	arc #1 [0][11]: 0
	arc #2 [11][0]: 0
	arc #3 [1][2]: 281
	arc #4 [12][11]: 500
	arc #5 [2][3]: 286
	arc #6 [13][12]: 304
	arc #7 [3][4]: 273
	arc #8 [14][13]: 263
	arc #9 [4][5]: 311
	arc #10 [15][14]: 273
	arc #11 [5][6]: 273
	arc #12 [16][15]: 311
	arc #13 [6][7]: 308
	arc #14 [17][16]: 273
	arc #15 [7][8]: 274
	arc #16 [18][17]: 308
	arc #17 [8][9]: 286
	arc #18 [19][18]: 274
	arc #19 [9][10]: 508
	arc #20 [20][19]: 286
	arc #21 [21][20]: 308
	arc #22 [10][21]: 0
	arc #23 [21][10]: 0

cost with maximum service...
	arc #0 [0][1]: 595
	arc #1 [0][11]: 374
	arc #2 [11][0]: 374
	arc #3 [1][2]: 599
	arc #4 [12][11]: 595
	arc #5 [2][3]: 581
	arc #6 [13][12]: 599
	arc #7 [3][4]: 568
	arc #8 [14][13]: 581
	arc #9 [4][5]: 606
	arc #10 [15][14]: 568
	arc #11 [5][6]: 568
	arc #12 [16][15]: 606
	arc #13 [6][7]: 603
	arc #14 [17][16]: 568
	arc #15 [7][8]: 569
	arc #16 [18][17]: 603
	arc #17 [8][9]: 581
	arc #18 [19][18]: 569
	arc #19 [9][10]: 603
	arc #20 [20][19]: 581
	arc #21 [21][20]: 603
	arc #22 [10][21]: 374
	arc #23 [21][10]: 374

demands...
	demands of vertex 0 at time interval: 11    11
	demands of vertex 1 at time interval: 11    11
	demands of vertex 2 at time interval: 0     0
	demands of vertex 3 at time interval: 11    11
	demands of vertex 4 at time interval: 11    11
	demands of vertex 5 at time interval: 11    11
	demands of vertex 6 at time interval: 11    11
	demands of vertex 7 at time interval: 11    11
	demands of vertex 8 at time interval: 11    11
	demands of vertex 9 at time interval: 11    11
	demands of vertex 10 at time interval: 0     0
	demands of vertex 11 at time interval: 0     0
	demands of vertex 12 at time interval: 11    11
	demands of vertex 13 at time interval: 0     0
	demands of vertex 14 at time interval: 11    11
	demands of vertex 15 at time interval: 11    11
	demands of vertex 16 at time interval: 11    11
	demands of vertex 17 at time interval: 11    11
	demands of vertex 18 at time interval: 11    11
	demands of vertex 19 at time interval: 11    11
	demands of vertex 20 at time interval: 11    11
	demands of vertex 21 at time interval: 11    11

maximum time = 47246
alpha = 53

Selecting set of cyclical routes...

Selecting set of initial routes...

Creating initial set of candidate combinations...
Solving candidate combinations...

1/1 candidate combination(s) tested! (Thread 0)
No feasible solution was found...

Removing trips...

Solving candidate combinations...

1/2 candidate combination(s) tested! (Thread 0)
Found new best - 2/2 candidate combination(s) tested! (Thread 0)

Removing trips...

Terminating loop at iteration 2

Relaxing trips, so the model can make changes...

>> Printing some results...
    -> Solution value = 46277 - 12:51:17
    -> Total time = 4813.19

=============
Train 0
=============
> Trip 0
   21(time 237 - 00:03:57)(time 466 - 00:07:46) ->    20(time 545 - 00:09:05)(time 752 - 00:12:32) ->    19(time 1126 - 00:18:46)(time 1321 - 00:22:01) ->    18(time 1695 - 00:28:15)(time 1924 - 00:32:04) ->    17(time 2003 - 00:33:23)(time 2197 - 00:36:37) ->    16(time 2571 - 00:42:51)(time 2803 - 00:46:43) ->    15(time 3177 - 00:52:57)(time 3371 - 00:56:11) ->    14(time 3697 - 01:01:37)(time 3904 - 01:05:04) ->    13(time 4278 - 01:11:18)(time 4503 - 01:15:03) ->    12(time 4582 - 01:16:22)(time 4803 - 01:20:03) ->    11(time 5177 - 01:26:17)(time 5177 - 01:26:17) ->    0(time 5177 - 01:26:17)(time 5398 - 01:29:58) ->    1(time 5477 - 01:31:17)(time 5702 - 01:35:02) ->    2(time 5758 - 01:35:58)(time 5965 - 01:39:25) ->    3(time 6044 - 01:40:44)(time 6238 - 01:43:58) ->    4(time 6317 - 01:45:17)(time 6549 - 01:49:09) ->    5(time 6628 - 01:50:28)(time 6822 - 01:53:42) ->    6(time 6901 - 01:55:01)(time 7130 - 01:58:50) ->    7(time 7209 - 02:00:09)(time 7404 - 02:03:24) ->    8(time 7483 - 02:04:43)(time 7690 - 02:08:10) ->    9(time 7769 - 02:09:29)(time 7998 - 02:13:18) ->    10(time 8372 - 02:19:32)(time 8372 - 02:19:32) -> 21
> Trip 1
   21(time 9567 - 02:39:27)(time 9796 - 02:43:16) ->    20(time 9875 - 02:44:35)(time 10082 - 02:48:02) ->    19(time 10161 - 02:49:21)(time 10356 - 02:52:36) ->    18(time 10435 - 02:53:55)(time 10664 - 02:57:44) ->    17(time 10743 - 02:59:03)(time 10937 - 03:02:17) ->    16(time 11016 - 03:03:36)(time 11248 - 03:07:28) ->    15(time 11327 - 03:08:47)(time 11521 - 03:12:01) ->    14(time 11600 - 03:13:20)(time 11807 - 03:16:47) ->    13(time 12181 - 03:23:01)(time 12406 - 03:26:46) ->    12(time 12485 - 03:28:05)(time 12706 - 03:31:46) ->    11(time 12985 - 03:36:25)(time 12985 - 03:36:25) ->    0(time 12985 - 03:36:25)(time 13206 - 03:40:06) ->    1(time 13285 - 03:41:25)(time 13510 - 03:45:10) ->    2(time 13566 - 03:46:06)(time 13773 - 03:49:33) ->    3(time 13852 - 03:50:52)(time 14046 - 03:54:06) ->    4(time 14125 - 03:55:25)(time 14357 - 03:59:17) ->    5(time 14436 - 04:00:36)(time 14630 - 04:03:50) ->    6(time 14709 - 04:05:09)(time 14938 - 04:08:58) ->    7(time 15017 - 04:10:17)(time 15212 - 04:13:32) ->    8(time 15291 - 04:14:51)(time 15498 - 04:18:18) ->    9(time 15577 - 04:19:37)(time 15806 - 04:23:26) ->    10(time 16180 - 04:29:40)(time 16180 - 04:29:40) -> 21
> Trip 2
   21(time 16896 - 04:41:36)(time 17125 - 04:45:25) ->    20(time 17204 - 04:46:44)(time 17411 - 04:50:11) ->    19(time 17490 - 04:51:30)(time 17685 - 04:54:45) ->    18(time 17764 - 04:56:04)(time 17993 - 04:59:53) ->    17(time 18072 - 05:01:12)(time 18266 - 05:04:26) ->    16(time 18345 - 05:05:45)(time 18577 - 05:09:37) ->    15(time 18656 - 05:10:56)(time 18850 - 05:14:10) ->    14(time 19224 - 05:20:24)(time 19431 - 05:23:51) ->    13(time 19805 - 05:30:05)(time 20030 - 05:33:50) ->    12(time 20109 - 05:35:09)(time 20330 - 05:38:50) ->    11(time 20609 - 05:43:29)(time 20609 - 05:43:29) ->    0(time 20609 - 05:43:29)(time 20830 - 05:47:10) ->    1(time 20909 - 05:48:29)(time 21134 - 05:52:14) ->    2(time 21384 - 05:56:24)(time 21591 - 05:59:51) ->    3(time 21670 - 06:01:10)(time 21864 - 06:04:24) ->    4(time 21943 - 06:05:43)(time 22175 - 06:09:35) ->    5(time 22254 - 06:10:54)(time 22448 - 06:14:08) ->    6(time 22527 - 06:15:27)(time 22756 - 06:19:16) ->    7(time 22835 - 06:20:35)(time 23030 - 06:23:50) ->    8(time 23109 - 06:25:09)(time 23316 - 06:28:36) ->    9(time 23395 - 06:29:55)(time 23624 - 06:33:44) ->    10(time 23998 - 06:39:58)(time 23998 - 06:39:58) -> 21
> Trip 3
   21(time 30382 - 08:26:22)(time 30611 - 08:30:11) ->    20(time 30690 - 08:31:30)(time 30897 - 08:34:57) ->    19(time 30976 - 08:36:16)(time 31171 - 08:39:31) ->    18(time 31250 - 08:40:50)(time 31479 - 08:44:39) ->    17(time 31558 - 08:45:58)(time 31752 - 08:49:12) ->    16(time 31831 - 08:50:31)(time 32063 - 08:54:23) ->    15(time 32142 - 08:55:42)(time 32336 - 08:58:56) ->    14(time 32415 - 09:00:15)(time 32622 - 09:03:42) ->    13(time 32678 - 09:04:38)(time 32903 - 09:08:23) ->    12(time 32982 - 09:09:42)(time 33203 - 09:13:23) ->    11(time 33482 - 09:18:02)(time 33482 - 09:18:02) ->    0(time 33761 - 09:22:41)(time 33982 - 09:26:22) ->    1(time 34061 - 09:27:41)(time 34286 - 09:31:26) ->    2(time 34342 - 09:32:22)(time 34549 - 09:35:49) ->    3(time 34628 - 09:37:08)(time 34822 - 09:40:22) ->    4(time 34901 - 09:41:41)(time 35133 - 09:45:33) ->    5(time 35212 - 09:46:52)(time 35406 - 09:50:06) ->    6(time 35485 - 09:51:25)(time 35714 - 09:55:14) ->    7(time 35793 - 09:56:33)(time 35988 - 09:59:48) ->    8(time 36067 - 10:01:07)(time 36274 - 10:04:34) ->    9(time 36353 - 10:05:53)(time 36582 - 10:09:42) ->    10(time 36861 - 10:14:21)(time 36861 - 10:14:21) -> 21
> Trip 4
   21(time 38190 - 10:36:30)(time 38419 - 10:40:19) ->    20(time 38498 - 10:41:38)(time 38705 - 10:45:05) ->    19(time 38784 - 10:46:24)(time 38979 - 10:49:39) ->    18(time 39058 - 10:50:58)(time 39287 - 10:54:47) ->    17(time 39366 - 10:56:06)(time 39560 - 10:59:20) ->    16(time 39639 - 11:00:39)(time 39871 - 11:04:31) ->    15(time 39950 - 11:05:50)(time 40144 - 11:09:04) ->    14(time 40223 - 11:10:23)(time 40430 - 11:13:50) ->    13(time 40486 - 11:14:46)(time 40711 - 11:18:31) ->    12(time 40790 - 11:19:50)(time 41011 - 11:23:31) ->    11(time 41290 - 11:28:10)(time 41290 - 11:28:10) ->    0(time 41569 - 11:32:49)(time 41790 - 11:36:30) ->    1(time 41869 - 11:37:49)(time 42094 - 11:41:34) ->    2(time 42150 - 11:42:30)(time 42357 - 11:45:57) ->    3(time 42436 - 11:47:16)(time 42630 - 11:50:30) ->    4(time 42709 - 11:51:49)(time 42941 - 11:55:41) ->    5(time 43020 - 11:57:00)(time 43214 - 12:00:14) ->    6(time 43293 - 12:01:33)(time 43522 - 12:05:22) ->    7(time 43601 - 12:06:41)(time 43796 - 12:09:56) ->    8(time 43875 - 12:11:15)(time 44082 - 12:14:42) ->    9(time 44161 - 12:16:01)(time 44390 - 12:19:50) ->    10(time 44669 - 12:24:29)(time 44669 - 12:24:29) -> 21
=============
Train 1
=============
> Trip 0
   21(time 158 - 00:02:38)(time 387 - 00:06:27) ->    20(time 466 - 00:07:46)(time 673 - 00:11:13) ->    19(time 752 - 00:12:32)(time 947 - 00:15:47) ->    18(time 1273 - 00:21:13)(time 1502 - 00:25:02) ->    17(time 1581 - 00:26:21)(time 1775 - 00:29:35) ->    16(time 2149 - 00:35:49)(time 2381 - 00:39:41) ->    15(time 2755 - 00:45:55)(time 2949 - 00:49:09) ->    14(time 3323 - 00:55:23)(time 3530 - 00:58:50) ->    13(time 3904 - 01:05:04)(time 4129 - 01:08:49) ->    12(time 4208 - 01:10:08)(time 4429 - 01:13:49) ->    11(time 4803 - 01:20:03)(time 4803 - 01:20:03) ->    0(time 4898 - 01:21:38)(time 5119 - 01:25:19) ->    1(time 5198 - 01:26:38)(time 5423 - 01:30:23) ->    2(time 5479 - 01:31:19)(time 5686 - 01:34:46) ->    3(time 5765 - 01:36:05)(time 5959 - 01:39:19) ->    4(time 6038 - 01:40:38)(time 6270 - 01:44:30) ->    5(time 6349 - 01:45:49)(time 6543 - 01:49:03) ->    6(time 6622 - 01:50:22)(time 6851 - 01:54:11) ->    7(time 6930 - 01:55:30)(time 7125 - 01:58:45) ->    8(time 7204 - 02:00:04)(time 7411 - 02:03:31) ->    9(time 7490 - 02:04:50)(time 7719 - 02:08:39) ->    10(time 7998 - 02:13:18)(time 7998 - 02:13:18) -> 21
> Trip 1
   21(time 8356 - 02:19:16)(time 8585 - 02:23:05) ->    20(time 8664 - 02:24:24)(time 8871 - 02:27:51) ->    19(time 8950 - 02:29:10)(time 9145 - 02:32:25) ->    18(time 9224 - 02:33:44)(time 9453 - 02:37:33) ->    17(time 9532 - 02:38:52)(time 9726 - 02:42:06) ->    16(time 9805 - 02:43:25)(time 10037 - 02:47:17) ->    15(time 10116 - 02:48:36)(time 10310 - 02:51:50) ->    14(time 10389 - 02:53:09)(time 10596 - 02:56:36) ->    13(time 10652 - 02:57:32)(time 10877 - 03:01:17) ->    12(time 11156 - 03:05:56)(time 11377 - 03:09:37) ->    11(time 11656 - 03:14:16)(time 11656 - 03:14:16) ->    0(time 11656 - 03:14:16)(time 11877 - 03:17:57) ->    1(time 11956 - 03:19:16)(time 12181 - 03:23:01) ->    2(time 12237 - 03:23:57)(time 12444 - 03:27:24) ->    3(time 12602 - 03:30:02)(time 12796 - 03:33:16) ->    4(time 12875 - 03:34:35)(time 13107 - 03:38:27) ->    5(time 13186 - 03:39:46)(time 13380 - 03:43:00) ->    6(time 13459 - 03:44:19)(time 13688 - 03:48:08) ->    7(time 14053 - 03:54:13)(time 14248 - 03:57:28) ->    8(time 14622 - 04:03:42)(time 14829 - 04:07:09) ->    9(time 15203 - 04:13:23)(time 15432 - 04:17:12) ->    10(time 15806 - 04:23:26)(time 15806 - 04:23:26) -> 21
> Trip 2
   21(time 23624 - 06:33:44)(time 23853 - 06:37:33) ->    20(time 23932 - 06:38:52)(time 24139 - 06:42:19) ->    19(time 24218 - 06:43:38)(time 24413 - 06:46:53) ->    18(time 24492 - 06:48:12)(time 24721 - 06:52:01) ->    17(time 24800 - 06:53:20)(time 24994 - 06:56:34) ->    16(time 25073 - 06:57:53)(time 25305 - 07:01:45) ->    15(time 25384 - 07:03:04)(time 25578 - 07:06:18) ->    14(time 25657 - 07:07:37)(time 25864 - 07:11:04) ->    13(time 25920 - 07:12:00)(time 26145 - 07:15:45) ->    12(time 26224 - 07:17:04)(time 26445 - 07:20:45) ->    11(time 26724 - 07:25:24)(time 26724 - 07:25:24) ->    0(time 27003 - 07:30:03)(time 27224 - 07:33:44) ->    1(time 27303 - 07:35:03)(time 27528 - 07:38:48) ->    2(time 27584 - 07:39:44)(time 27791 - 07:43:11) ->    3(time 27870 - 07:44:30)(time 28064 - 07:47:44) ->    4(time 28143 - 07:49:03)(time 28375 - 07:52:55) ->    5(time 28454 - 07:54:14)(time 28648 - 07:57:28) ->    6(time 28727 - 07:58:47)(time 28956 - 08:02:36) ->    7(time 29035 - 08:03:55)(time 29230 - 08:07:10) ->    8(time 29309 - 08:08:29)(time 29516 - 08:11:56) ->    9(time 29595 - 08:13:15)(time 29824 - 08:17:04) ->    10(time 30103 - 08:21:43)(time 30103 - 08:21:43) -> 21
> Trip 3
   21(time 30461 - 08:27:41)(time 30690 - 08:31:30) ->    20(time 30890 - 08:34:50)(time 31097 - 08:38:17) ->    19(time 31176 - 08:39:36)(time 31371 - 08:42:51) ->    18(time 31450 - 08:44:10)(time 31679 - 08:47:59) ->    17(time 31758 - 08:49:18)(time 31952 - 08:52:32) ->    16(time 32031 - 08:53:51)(time 32263 - 08:57:43) ->    15(time 32342 - 08:59:02)(time 32536 - 09:02:16) ->    14(time 32615 - 09:03:35)(time 32822 - 09:07:02) ->    13(time 32901 - 09:08:21)(time 33126 - 09:12:06) ->    12(time 33261 - 09:14:21)(time 33482 - 09:18:02) ->    11(time 33761 - 09:22:41)(time 33761 - 09:22:41) ->    0(time 33840 - 09:24:00)(time 34061 - 09:27:41) ->    1(time 34140 - 09:29:00)(time 34365 - 09:32:45) ->    2(time 34421 - 09:33:41)(time 34628 - 09:37:08) ->    3(time 35002 - 09:43:22)(time 35196 - 09:46:36) ->    4(time 35570 - 09:52:50)(time 35802 - 09:56:42) ->    5(time 36167 - 10:02:47)(time 36361 - 10:06:01) ->    6(time 36440 - 10:07:20)(time 36669 - 10:11:09) ->    7(time 36748 - 10:12:28)(time 36943 - 10:15:43) ->    8(time 37022 - 10:17:02)(time 37229 - 10:20:29) ->    9(time 37308 - 10:21:48)(time 37537 - 10:25:37) ->    10(time 37911 - 10:31:51)(time 37911 - 10:31:51) -> 21
> Trip 4
   21(time 38269 - 10:37:49)(time 38498 - 10:41:38) ->    20(time 38777 - 10:46:17)(time 38984 - 10:49:44) ->    19(time 39063 - 10:51:03)(time 39258 - 10:54:18) ->    18(time 39337 - 10:55:37)(time 39566 - 10:59:26) ->    17(time 39645 - 11:00:45)(time 39839 - 11:03:59) ->    16(time 39918 - 11:05:18)(time 40150 - 11:09:10) ->    15(time 40229 - 11:10:29)(time 40423 - 11:13:43) ->    14(time 40502 - 11:15:02)(time 40709 - 11:18:29) ->    13(time 40765 - 11:19:25)(time 40990 - 11:23:10) ->    12(time 41069 - 11:24:29)(time 41290 - 11:28:10) ->    11(time 41569 - 11:32:49)(time 41569 - 11:32:49) ->    0(time 41648 - 11:34:08)(time 41869 - 11:37:49) ->    1(time 41948 - 11:39:08)(time 42173 - 11:42:53) ->    2(time 42229 - 11:43:49)(time 42436 - 11:47:16) ->    3(time 42515 - 11:48:35)(time 42709 - 11:51:49) ->    4(time 42788 - 11:53:08)(time 43020 - 11:57:00) ->    5(time 43099 - 11:58:19)(time 43293 - 12:01:33) ->    6(time 43667 - 12:07:47)(time 43896 - 12:11:36) ->    7(time 43975 - 12:12:55)(time 44170 - 12:16:10) ->    8(time 44249 - 12:17:29)(time 44456 - 12:20:56) ->    9(time 44535 - 12:22:15)(time 44764 - 12:26:04) ->    10(time 45043 - 12:30:43)(time 45043 - 12:30:43) -> 21
=============
Train 2
=============
> Trip 0
   21(time 79 - 00:01:19)(time 308 - 00:05:08) ->    20(time 387 - 00:06:27)(time 594 - 00:09:54) ->    19(time 673 - 00:11:13)(time 868 - 00:14:28) ->    18(time 947 - 00:15:47)(time 1176 - 00:19:36) ->    17(time 1255 - 00:20:55)(time 1449 - 00:24:09) ->    16(time 1728 - 00:28:48)(time 1960 - 00:32:40) ->    15(time 2039 - 00:33:59)(time 2233 - 00:37:13) ->    14(time 2312 - 00:38:32)(time 2519 - 00:41:59) ->    13(time 2575 - 00:42:55)(time 2800 - 00:46:40) ->    12(time 2879 - 00:47:59)(time 3100 - 00:51:40) ->    11(time 3379 - 00:56:19)(time 3379 - 00:56:19) ->    0(time 3379 - 00:56:19)(time 3600 - 01:00:00) ->    1(time 3679 - 01:01:19)(time 3904 - 01:05:04) ->    2(time 3983 - 01:06:23)(time 4190 - 01:09:50) ->    3(time 4269 - 01:11:09)(time 4463 - 01:14:23) ->    4(time 4542 - 01:15:42)(time 4774 - 01:19:34) ->    5(time 4853 - 01:20:53)(time 5047 - 01:24:07) ->    6(time 5126 - 01:25:26)(time 5355 - 01:29:15) ->    7(time 5434 - 01:30:34)(time 5629 - 01:33:49) ->    8(time 6003 - 01:40:03)(time 6210 - 01:43:30) ->    9(time 6584 - 01:49:44)(time 6813 - 01:53:33) ->    10(time 7092 - 01:58:12)(time 7092 - 01:58:12) -> 21
> Trip 1
   21(time 8277 - 02:17:57)(time 8506 - 02:21:46) ->    20(time 8585 - 02:23:05)(time 8792 - 02:26:32) ->    19(time 8871 - 02:27:51)(time 9066 - 02:31:06) ->    18(time 9145 - 02:32:25)(time 9374 - 02:36:14) ->    17(time 9453 - 02:37:33)(time 9647 - 02:40:47) ->    16(time 9726 - 02:42:06)(time 9958 - 02:45:58) ->    15(time 10037 - 02:47:17)(time 10231 - 02:50:31) ->    14(time 10310 - 02:51:50)(time 10517 - 02:55:17) ->    13(time 10573 - 02:56:13)(time 10798 - 02:59:58) ->    12(time 10877 - 03:01:17)(time 11098 - 03:04:58) ->    11(time 11377 - 03:09:37)(time 11377 - 03:09:37) ->    0(time 11577 - 03:12:57)(time 11798 - 03:16:38) ->    1(time 11877 - 03:17:57)(time 12102 - 03:21:42) ->    2(time 12158 - 03:22:38)(time 12365 - 03:26:05) ->    3(time 12444 - 03:27:24)(time 12638 - 03:30:38) ->    4(time 12796 - 03:33:16)(time 13028 - 03:37:08) ->    5(time 13107 - 03:38:27)(time 13301 - 03:41:41) ->    6(time 13380 - 03:43:00)(time 13609 - 03:46:49) ->    7(time 13688 - 03:48:08)(time 13883 - 03:51:23) ->    8(time 13962 - 03:52:42)(time 14169 - 03:56:09) ->    9(time 14248 - 03:57:28)(time 14477 - 04:01:17) ->    10(time 14851 - 04:07:31)(time 14851 - 04:07:31) -> 21
> Trip 2
   21(time 16817 - 04:40:17)(time 17046 - 04:44:06) ->    20(time 17125 - 04:45:25)(time 17332 - 04:48:52) ->    19(time 17411 - 04:50:11)(time 17606 - 04:53:26) ->    18(time 17685 - 04:54:45)(time 17914 - 04:58:34) ->    17(time 17993 - 04:59:53)(time 18187 - 05:03:07) ->    16(time 18266 - 05:04:26)(time 18498 - 05:08:18) ->    15(time 18577 - 05:09:37)(time 18771 - 05:12:51) ->    14(time 18850 - 05:14:10)(time 19057 - 05:17:37) ->    13(time 19431 - 05:23:51)(time 19656 - 05:27:36) ->    12(time 19830 - 05:30:30)(time 20051 - 05:34:11) ->    11(time 20330 - 05:38:50)(time 20330 - 05:38:50) ->    0(time 20330 - 05:38:50)(time 20551 - 05:42:31) ->    1(time 20630 - 05:43:50)(time 20855 - 05:47:35) ->    2(time 20911 - 05:48:31)(time 21118 - 05:51:58) ->    3(time 21197 - 05:53:17)(time 21391 - 05:56:31) ->    4(time 21470 - 05:57:50)(time 21702 - 06:01:42) ->    5(time 21781 - 06:03:01)(time 21975 - 06:06:15) ->    6(time 22054 - 06:07:34)(time 22283 - 06:11:23) ->    7(time 22362 - 06:12:42)(time 22557 - 06:15:57) ->    8(time 22636 - 06:17:16)(time 22843 - 06:20:43) ->    9(time 22922 - 06:22:02)(time 23151 - 06:25:51) ->    10(time 23430 - 06:30:30)(time 23430 - 06:30:30) -> 21
> Trip 3
   21(time 24182 - 06:43:02)(time 24411 - 06:46:51) ->    20(time 24490 - 06:48:10)(time 24697 - 06:51:37) ->    19(time 24776 - 06:52:56)(time 24971 - 06:56:11) ->    18(time 25050 - 06:57:30)(time 25279 - 07:01:19) ->    17(time 25358 - 07:02:38)(time 25552 - 07:05:52) ->    16(time 25631 - 07:07:11)(time 25863 - 07:11:03) ->    15(time 25942 - 07:12:22)(time 26136 - 07:15:36) ->    14(time 26215 - 07:16:55)(time 26422 - 07:20:22) ->    13(time 26478 - 07:21:18)(time 26703 - 07:25:03) ->    12(time 26782 - 07:26:22)(time 27003 - 07:30:03) ->    11(time 27282 - 07:34:42)(time 27282 - 07:34:42) ->    0(time 27282 - 07:34:42)(time 27503 - 07:38:23) ->    1(time 27582 - 07:39:42)(time 27807 - 07:43:27) ->    2(time 27863 - 07:44:23)(time 28070 - 07:47:50) ->    3(time 28149 - 07:49:09)(time 28343 - 07:52:23) ->    4(time 28422 - 07:53:42)(time 28654 - 07:57:34) ->    5(time 28733 - 07:58:53)(time 28927 - 08:02:07) ->    6(time 29006 - 08:03:26)(time 29235 - 08:07:15) ->    7(time 29314 - 08:08:34)(time 29509 - 08:11:49) ->    8(time 29667 - 08:14:27)(time 29874 - 08:17:54) ->    9(time 30153 - 08:22:33)(time 30382 - 08:26:22) ->    10(time 30661 - 08:31:01)(time 30661 - 08:31:01) -> 21
> Trip 4
   21(time 30661 - 08:31:01)(time 30890 - 08:34:50) ->    20(time 30969 - 08:36:09)(time 31176 - 08:39:36) ->    19(time 31255 - 08:40:55)(time 31450 - 08:44:10) ->    18(time 31529 - 08:45:29)(time 31758 - 08:49:18) ->    17(time 31837 - 08:50:37)(time 32031 - 08:53:51) ->    16(time 32110 - 08:55:10)(time 32342 - 08:59:02) ->    15(time 32421 - 09:00:21)(time 32615 - 09:03:35) ->    14(time 32694 - 09:04:54)(time 32901 - 09:08:21) ->    13(time 33036 - 09:10:36)(time 33261 - 09:14:21) ->    12(time 33540 - 09:19:00)(time 33761 - 09:22:41) ->    11(time 34040 - 09:27:20)(time 34040 - 09:27:20) ->    0(time 34040 - 09:27:20)(time 34261 - 09:31:01) ->    1(time 34340 - 09:32:20)(time 34565 - 09:36:05) ->    2(time 34939 - 09:42:19)(time 35146 - 09:45:46) ->    3(time 35520 - 09:52:00)(time 35714 - 09:55:14) ->    4(time 36088 - 10:01:28)(time 36320 - 10:05:20) ->    5(time 36399 - 10:06:39)(time 36593 - 10:09:53) ->    6(time 36672 - 10:11:12)(time 36901 - 10:15:01) ->    7(time 36980 - 10:16:20)(time 37175 - 10:19:35) ->    8(time 37396 - 10:23:16)(time 37603 - 10:26:43) ->    9(time 37682 - 10:28:02)(time 37911 - 10:31:51) ->    10(time 38190 - 10:36:30)(time 38190 - 10:36:30) -> 21
> Trip 5
   21(time 38748 - 10:45:48)(time 38977 - 10:49:37) ->    20(time 39056 - 10:50:56)(time 39263 - 10:54:23) ->    19(time 39342 - 10:55:42)(time 39537 - 10:58:57) ->    18(time 39616 - 11:00:16)(time 39845 - 11:04:05) ->    17(time 39924 - 11:05:24)(time 40118 - 11:08:38) ->    16(time 40197 - 11:09:57)(time 40429 - 11:13:49) ->    15(time 40508 - 11:15:08)(time 40702 - 11:18:22) ->    14(time 40781 - 11:19:41)(time 40988 - 11:23:08) ->    13(time 41044 - 11:24:04)(time 41269 - 11:27:49) ->    12(time 41348 - 11:29:08)(time 41569 - 11:32:49) ->    11(time 41848 - 11:37:28)(time 41848 - 11:37:28) ->    0(time 41848 - 11:37:28)(time 42069 - 11:41:09) ->    1(time 42148 - 11:42:28)(time 42373 - 11:46:13) ->    2(time 42429 - 11:47:09)(time 42636 - 11:50:36) ->    3(time 42715 - 11:51:55)(time 42909 - 11:55:09) ->    4(time 42988 - 11:56:28)(time 43220 - 12:00:20) ->    5(time 43594 - 12:06:34)(time 43788 - 12:09:48) ->    6(time 43867 - 12:11:07)(time 44096 - 12:14:56) ->    7(time 44175 - 12:16:15)(time 44370 - 12:19:30) ->    8(time 44449 - 12:20:49)(time 44656 - 12:24:16) ->    9(time 45030 - 12:30:30)(time 45259 - 12:34:19) ->    10(time 45538 - 12:38:58)(time 45538 - 12:38:58) -> 21
=============
Train 3
=============
> Trip 0
   21(time 0 - 00:00:00)(time 229 - 00:03:49) ->    20(time 308 - 00:05:08)(time 515 - 00:08:35) ->    19(time 594 - 00:09:54)(time 789 - 00:13:09) ->    18(time 868 - 00:14:28)(time 1097 - 00:18:17) ->    17(time 1176 - 00:19:36)(time 1370 - 00:22:50) ->    16(time 1449 - 00:24:09)(time 1681 - 00:28:01) ->    15(time 1760 - 00:29:20)(time 1954 - 00:32:34) ->    14(time 2033 - 00:33:53)(time 2240 - 00:37:20) ->    13(time 2296 - 00:38:16)(time 2521 - 00:42:01) ->    12(time 2600 - 00:43:20)(time 2821 - 00:47:01) ->    11(time 3100 - 00:51:40)(time 3100 - 00:51:40) ->    0(time 3100 - 00:51:40)(time 3321 - 00:55:21) ->    1(time 3400 - 00:56:40)(time 3625 - 01:00:25) ->    2(time 3904 - 01:05:04)(time 4111 - 01:08:31) ->    3(time 4190 - 01:09:50)(time 4384 - 01:13:04) ->    4(time 4463 - 01:14:23)(time 4695 - 01:18:15) ->    5(time 4774 - 01:19:34)(time 4968 - 01:22:48) ->    6(time 5047 - 01:24:07)(time 5276 - 01:27:56) ->    7(time 5355 - 01:29:15)(time 5550 - 01:32:30) ->    8(time 5629 - 01:33:49)(time 5836 - 01:37:16) ->    9(time 5915 - 01:38:35)(time 6144 - 01:42:24) ->    10(time 6423 - 01:47:03)(time 6423 - 01:47:03) -> 21
> Trip 1
   21(time 7998 - 02:13:18)(time 8227 - 02:17:07) ->    20(time 8306 - 02:18:26)(time 8513 - 02:21:53) ->    19(time 8592 - 02:23:12)(time 8787 - 02:26:27) ->    18(time 8866 - 02:27:46)(time 9095 - 02:31:35) ->    17(time 9174 - 02:32:54)(time 9368 - 02:36:08) ->    16(time 9447 - 02:37:27)(time 9679 - 02:41:19) ->    15(time 9758 - 02:42:38)(time 9952 - 02:45:52) ->    14(time 10031 - 02:47:11)(time 10238 - 02:50:38) ->    13(time 10294 - 02:51:34)(time 10519 - 02:55:19) ->    12(time 10598 - 02:56:38)(time 10819 - 03:00:19) ->    11(time 11098 - 03:04:58)(time 11098 - 03:04:58) ->    0(time 11377 - 03:09:37)(time 11598 - 03:13:18) ->    1(time 11677 - 03:14:37)(time 11902 - 03:18:22) ->    2(time 11958 - 03:19:18)(time 12165 - 03:22:45) ->    3(time 12244 - 03:24:04)(time 12438 - 03:27:18) ->    4(time 12517 - 03:28:37)(time 12749 - 03:32:29) ->    5(time 12828 - 03:33:48)(time 13022 - 03:37:02) ->    6(time 13101 - 03:38:21)(time 13330 - 03:42:10) ->    7(time 13409 - 03:43:29)(time 13604 - 03:46:44) ->    8(time 13683 - 03:48:03)(time 13890 - 03:51:30) ->    9(time 13969 - 03:52:49)(time 14198 - 03:56:38) ->    10(time 14477 - 04:01:17)(time 14477 - 04:01:17) -> 21
> Trip 2
   21(time 15806 - 04:23:26)(time 16035 - 04:27:15) ->    20(time 16114 - 04:28:34)(time 16321 - 04:32:01) ->    19(time 16400 - 04:33:20)(time 16595 - 04:36:35) ->    18(time 16674 - 04:37:54)(time 16903 - 04:41:43) ->    17(time 16982 - 04:43:02)(time 17176 - 04:46:16) ->    16(time 17255 - 04:47:35)(time 17487 - 04:51:27) ->    15(time 17566 - 04:52:46)(time 17760 - 04:56:00) ->    14(time 17839 - 04:57:19)(time 18046 - 05:00:46) ->    13(time 18102 - 05:01:42)(time 18327 - 05:05:27) ->    12(time 18406 - 05:06:46)(time 18627 - 05:10:27) ->    11(time 18906 - 05:15:06)(time 18906 - 05:15:06) ->    0(time 18906 - 05:15:06)(time 19127 - 05:18:47) ->    1(time 19206 - 05:20:06)(time 19431 - 05:23:51) ->    2(time 19487 - 05:24:47)(time 19694 - 05:28:14) ->    3(time 19773 - 05:29:33)(time 19967 - 05:32:47) ->    4(time 20046 - 05:34:06)(time 20278 - 05:37:58) ->    5(time 20357 - 05:39:17)(time 20551 - 05:42:31) ->    6(time 20630 - 05:43:50)(time 20859 - 05:47:39) ->    7(time 20938 - 05:48:58)(time 21133 - 05:52:13) ->    8(time 21212 - 05:53:32)(time 21419 - 05:56:59) ->    9(time 21498 - 05:58:18)(time 21727 - 06:02:07) ->    10(time 22006 - 06:06:46)(time 22006 - 06:06:46) -> 21
> Trip 3
   21(time 23903 - 06:38:23)(time 24132 - 06:42:12) ->    20(time 24211 - 06:43:31)(time 24418 - 06:46:58) ->    19(time 24497 - 06:48:17)(time 24692 - 06:51:32) ->    18(time 24771 - 06:52:51)(time 25000 - 06:56:40) ->    17(time 25079 - 06:57:59)(time 25273 - 07:01:13) ->    16(time 25352 - 07:02:32)(time 25584 - 07:06:24) ->    15(time 25663 - 07:07:43)(time 25857 - 07:10:57) ->    14(time 25936 - 07:12:16)(time 26143 - 07:15:43) ->    13(time 26199 - 07:16:39)(time 26424 - 07:20:24) ->    12(time 26503 - 07:21:43)(time 26724 - 07:25:24) ->    11(time 27003 - 07:30:03)(time 27003 - 07:30:03) ->    0(time 27082 - 07:31:22)(time 27303 - 07:35:03) ->    1(time 27382 - 07:36:22)(time 27607 - 07:40:07) ->    2(time 27663 - 07:41:03)(time 27870 - 07:44:30) ->    3(time 27949 - 07:45:49)(time 28143 - 07:49:03) ->    4(time 28222 - 07:50:22)(time 28454 - 07:54:14) ->    5(time 28533 - 07:55:33)(time 28727 - 07:58:47) ->    6(time 28806 - 08:00:06)(time 29035 - 08:03:55) ->    7(time 29114 - 08:05:14)(time 29309 - 08:08:29) ->    8(time 29509 - 08:11:49)(time 29716 - 08:15:16) ->    9(time 29874 - 08:17:54)(time 30103 - 08:21:43) ->    10(time 30382 - 08:26:22)(time 30382 - 08:26:22) -> 21
> Trip 4
   21(time 32102 - 08:55:02)(time 32331 - 08:58:51) ->    20(time 32410 - 09:00:10)(time 32617 - 09:03:37) ->    19(time 32696 - 09:04:56)(time 32891 - 09:08:11) ->    18(time 32970 - 09:09:30)(time 33199 - 09:13:19) ->    17(time 33278 - 09:14:38)(time 33472 - 09:17:52) ->    16(time 33551 - 09:19:11)(time 33783 - 09:23:03) ->    15(time 33862 - 09:24:22)(time 34056 - 09:27:36) ->    14(time 34135 - 09:28:55)(time 34342 - 09:32:22) ->    13(time 34565 - 09:36:05)(time 34790 - 09:39:50) ->    12(time 34869 - 09:41:09)(time 35090 - 09:44:50) ->    11(time 35369 - 09:49:29)(time 35369 - 09:49:29) ->    0(time 35369 - 09:49:29)(time 35590 - 09:53:10) ->    1(time 35669 - 09:54:29)(time 35894 - 09:58:14) ->    2(time 35950 - 09:59:10)(time 36157 - 10:02:37) ->    3(time 36236 - 10:03:56)(time 36430 - 10:07:10) ->    4(time 36509 - 10:08:29)(time 36741 - 10:12:21) ->    5(time 36820 - 10:13:40)(time 37014 - 10:16:54) ->    6(time 37093 - 10:18:13)(time 37322 - 10:22:02) ->    7(time 37401 - 10:23:21)(time 37596 - 10:26:36) ->    8(time 37675 - 10:27:55)(time 37882 - 10:31:22) ->    9(time 37961 - 10:32:41)(time 38190 - 10:36:30) ->    10(time 38564 - 10:42:44)(time 38564 - 10:42:44) -> 21
> Trip 5
   21(time 39910 - 11:05:10)(time 40139 - 11:08:59) ->    20(time 40218 - 11:10:18)(time 40425 - 11:13:45) ->    19(time 40504 - 11:15:04)(time 40699 - 11:18:19) ->    18(time 40778 - 11:19:38)(time 41007 - 11:23:27) ->    17(time 41086 - 11:24:46)(time 41280 - 11:28:00) ->    16(time 41359 - 11:29:19)(time 41591 - 11:33:11) ->    15(time 41670 - 11:34:30)(time 41864 - 11:37:44) ->    14(time 41943 - 11:39:03)(time 42150 - 11:42:30) ->    13(time 42373 - 11:46:13)(time 42598 - 11:49:58) ->    12(time 42677 - 11:51:17)(time 42898 - 11:54:58) ->    11(time 43177 - 11:59:37)(time 43177 - 11:59:37) ->    0(time 43177 - 11:59:37)(time 43398 - 12:03:18) ->    1(time 43477 - 12:04:37)(time 43702 - 12:08:22) ->    2(time 43758 - 12:09:18)(time 43965 - 12:12:45) ->    3(time 44044 - 12:14:04)(time 44238 - 12:17:18) ->    4(time 44317 - 12:18:37)(time 44549 - 12:22:29) ->    5(time 44628 - 12:23:48)(time 44822 - 12:27:02) ->    6(time 44901 - 12:28:21)(time 45130 - 12:32:10) ->    7(time 45209 - 12:33:29)(time 45404 - 12:36:44) ->    8(time 45483 - 12:38:03)(time 45690 - 12:41:30) ->    9(time 45769 - 12:42:49)(time 45998 - 12:46:38) ->    10(time 46277 - 12:51:17)(time 46277 - 12:51:17) -> 21
