t4p13r8h1.txt:
   > Trying to open the instance file...
   > Reading number of trains...
   > Reading maximum number of trips per train...
   > Reading time intervals...
   > Reading number of points...
   > Reading stations...
   > Reading crossings...
   > Reading depots...
   > Reading initial point...
   > Reading routes...
   > Reading distance and distance and service...
   > Reading demands...
   > Reading maximum time...
   > Reading alpha...

--------------------------------
 Printing instance
--------------------------------
number of trains = 4
	max trips per trains: 4     4     4     4
number of intervals = 1
	(0,  51430)
number of points = 13
	initial point: 0
	stations: 0     1     3     4     5     7     8     9    10    11    12
	crossings: 0     2     4     6     7     8    12
	depots: 0     7    12
number of vertices = 26
	total vertices: 0     1     2     3     4     5     6     7     8     9    10    11    12    13    14    15    16    17    18    19    20    21    22    23    24    25
	upper vertices: 0     1     2     3     4     5     6     7     8     9    10    11    12
	lower vertices: 13    14    15    16    17    18    19    20    21    22    23    24    25
	vertices of point #0: (0, 13)
	vertices of point #1: (1, 14)
	vertices of point #2: (2, 15)
	vertices of point #3: (3, 16)
	vertices of point #4: (4, 17)
	vertices of point #5: (5, 18)
	vertices of point #6: (6, 19)
	vertices of point #7: (7, 20)
	vertices of point #8: (8, 21)
	vertices of point #9: (9, 22)
	vertices of point #10: (10, 23)
	vertices of point #11: (11, 24)
	vertices of point #12: (12, 25)

arcs...
	total arcs: 
		arc #0: (0, 1)
		arc #1: (0, 13)
		arc #2: (13, 0)
		arc #3: (1, 2)
		arc #4: (14, 13)
		arc #5: (2, 3)
		arc #6: (15, 14)
		arc #7: (3, 4)
		arc #8: (16, 15)
		arc #9: (4, 5)
		arc #10: (17, 16)
		arc #11: (5, 6)
		arc #12: (18, 17)
		arc #13: (6, 7)
		arc #14: (19, 18)
		arc #15: (7, 8)
		arc #16: (20, 19)
		arc #17: (7, 20)
		arc #18: (20, 7)
		arc #19: (8, 9)
		arc #20: (21, 20)
		arc #21: (9, 10)
		arc #22: (22, 21)
		arc #23: (10, 11)
		arc #24: (23, 22)
		arc #25: (11, 12)
		arc #26: (24, 23)
		arc #27: (25, 24)
		arc #28: (12, 25)
		arc #29: (25, 12)

	reverse arcs: 
		arc #1: (0, 13)
		arc #2: (13, 0)
		arc #17: (7, 20)
		arc #18: (20, 7)
		arc #28: (12, 25)
		arc #29: (25, 12)


incompatible points...
	(0, 1, 15, (1, 2))	(15, 14, 0, (14, 13))	(2, 3, 17, (3, 4))	(17, 16, 2, (16, 15))	(4, 5, 19, (5, 6))	(19, 18, 4, (18, 17))	(6, 6, 20, (6, 7))	(20, 20, 6, (20, 19))	(7, 7, 21, (7, 8))	(21, 21, 7, (21, 20))	(8, 11, 25, (11, 12))	(25, 22, 8, (22, 21))

number of routes = 8
vertices of routes...
	route #0: 0     1     2     3     4     5     6     7     8     9    10    11    12    25    24    23    22    21    20    19    18    17    16    15    14    13     0
	route #1: 25    24    23    22    21    20    19    18    17    16    15    14    13     0     1     2     3     4     5     6     7     8     9    10    11    12    25
	route #2: 7     8     9    10    11    12
	route #3: 20    19    18    17    16    15    14    13
	route #4: 0     1     2     3     4     5     6     7
	route #5: 25    24    23    22    21    20
	route #6: 20    19    18    17    16    15    14    13     0     1     2     3     4     5     6     7    20
	route #7: 7     8     9    10    11    12    25    24    23    22    21    20     7
arcs of routes...
	route #0: 0     3     5     7     9    11    13    15    19    21    23    25    28    27    26    24    22    20    16    14    12    10     8     6     4     2
	route #1: 27    26    24    22    20    16    14    12    10     8     6     4     2     0     3     5     7     9    11    13    15    19    21    23    25    28
	route #2: 15    19    21    23    25
	route #3: 16    14    12    10     8     6     4
	route #4: 0     3     5     7     9    11    13
	route #5: 27    26    24    22    20
	route #6: 16    14    12    10     8     6     4     2     0     3     5     7     9    11    13    17
	route #7: 15    19    21    23    25    28    27    26    24    22    20    18

incompatible routes...
	(0, 1)    	(0, 2)    	(0, 3)    	(0, 5)    	(0, 6)    	(0, 7)    	(1, 0)    	(1, 2)    	(1, 3)    	(1, 4)    	(1, 6)    	(1, 7)    	(2, 0)    	(2, 2)    	(2, 3)    	(2, 4)    	(2, 6)    	(2, 7)    	(3, 1)    	(3, 2)    	(3, 3)    	(3, 5)    	(3, 6)    	(3, 7)    	(4, 0)    	(4, 1)    	(4, 4)    	(4, 5)    	(5, 0)    	(5, 1)    	(5, 4)    	(5, 5)    	(6, 0)    	(6, 1)    	(6, 4)    	(6, 5)    	(7, 0)    	(7, 1)    	(7, 4)    	(7, 5)

vertices that can be adjacent in consecutive trips...
	(0, 0)    	(7, 7)    	(7, 20)    	(12, 25)    	(13, 0)    	(20, 7)    	(20, 20)    	(25, 25)
non cyclical routes: 
       2       3       4       5

routes of trip...
	routes that train #0 can complete at trip #0: 0       4
	routes that train #0 can complete at trip #1: 0       1       2       3       4       5       6       7
	routes that train #0 can complete at trip #2: 0       1       2       3       4       5       6       7
	routes that train #0 can complete at trip #3: 0       1       2       3       4       5       6       7

	routes that train #1 can complete at trip #0: 0       4
	routes that train #1 can complete at trip #1: 0       1       2       3       4       5       6       7
	routes that train #1 can complete at trip #2: 0       1       2       3       4       5       6       7
	routes that train #1 can complete at trip #3: 0       1       2       3       4       5       6       7

	routes that train #2 can complete at trip #0: 0       4
	routes that train #2 can complete at trip #1: 0       1       2       3       4       5       6       7
	routes that train #2 can complete at trip #2: 0       1       2       3       4       5       6       7
	routes that train #2 can complete at trip #3: 0       1       2       3       4       5       6       7

	routes that train #3 can complete at trip #0: 0       4
	routes that train #3 can complete at trip #1: 0       1       2       3       4       5       6       7
	routes that train #3 can complete at trip #2: 0       1       2       3       4       5       6       7
	routes that train #3 can complete at trip #3: 0       1       2       3       4       5       6       7

 cost...
	arc #0 [0][1]: 275
	arc #1 [0][13]: 0
	arc #2 [13][0]: 0
	arc #3 [1][2]: 260
	arc #4 [14][13]: 275
	arc #5 [2][3]: 307
	arc #6 [15][14]: 260
	arc #7 [3][4]: 299
	arc #8 [16][15]: 307
	arc #9 [4][5]: 258
	arc #10 [17][16]: 299
	arc #11 [5][6]: 265
	arc #12 [18][17]: 258
	arc #13 [6][7]: 267
	arc #14 [19][18]: 265
	arc #15 [7][8]: 281
	arc #16 [20][19]: 267
	arc #17 [7][20]: 0
	arc #18 [20][7]: 0
	arc #19 [8][9]: 273
	arc #20 [21][20]: 281
	arc #21 [9][10]: 269
	arc #22 [22][21]: 273
	arc #23 [10][11]: 302
	arc #24 [23][22]: 269
	arc #25 [11][12]: 278
	arc #26 [24][23]: 302
	arc #27 [25][24]: 278
	arc #28 [12][25]: 0
	arc #29 [25][12]: 0

cost with minimum service...
	arc #0 [0][1]: 363
	arc #1 [0][13]: 0
	arc #2 [13][0]: 0
	arc #3 [1][2]: 295
	arc #4 [14][13]: 487
	arc #5 [2][3]: 395
	arc #6 [15][14]: 348
	arc #7 [3][4]: 387
	arc #8 [16][15]: 342
	arc #9 [4][5]: 346
	arc #10 [17][16]: 387
	arc #11 [5][6]: 300
	arc #12 [18][17]: 346
	arc #13 [6][7]: 479
	arc #14 [19][18]: 353
	arc #15 [7][8]: 369
	arc #16 [20][19]: 302
	arc #17 [7][20]: 0
	arc #18 [20][7]: 0
	arc #19 [8][9]: 361
	arc #20 [21][20]: 493
	arc #21 [9][10]: 357
	arc #22 [22][21]: 361
	arc #23 [10][11]: 390
	arc #24 [23][22]: 357
	arc #25 [11][12]: 490
	arc #26 [24][23]: 390
	arc #27 [25][24]: 366
	arc #28 [12][25]: 0
	arc #29 [25][12]: 0

cost with maximum service...
	arc #0 [0][1]: 595
	arc #1 [0][13]: 320
	arc #2 [13][0]: 320
	arc #3 [1][2]: 580
	arc #4 [14][13]: 595
	arc #5 [2][3]: 627
	arc #6 [15][14]: 580
	arc #7 [3][4]: 619
	arc #8 [16][15]: 627
	arc #9 [4][5]: 578
	arc #10 [17][16]: 619
	arc #11 [5][6]: 585
	arc #12 [18][17]: 578
	arc #13 [6][7]: 587
	arc #14 [19][18]: 585
	arc #15 [7][8]: 601
	arc #16 [20][19]: 587
	arc #17 [7][20]: 320
	arc #18 [20][7]: 320
	arc #19 [8][9]: 593
	arc #20 [21][20]: 601
	arc #21 [9][10]: 589
	arc #22 [22][21]: 593
	arc #23 [10][11]: 622
	arc #24 [23][22]: 589
	arc #25 [11][12]: 598
	arc #26 [24][23]: 622
	arc #27 [25][24]: 598
	arc #28 [12][25]: 320
	arc #29 [25][12]: 320

demands...
	demands of vertex 0 at time interval: 14
	demands of vertex 1 at time interval: 14
	demands of vertex 2 at time interval: 0
	demands of vertex 3 at time interval: 14
	demands of vertex 4 at time interval: 14
	demands of vertex 5 at time interval: 14
	demands of vertex 6 at time interval: 0
	demands of vertex 7 at time interval: 14
	demands of vertex 8 at time interval: 14
	demands of vertex 9 at time interval: 14
	demands of vertex 10 at time interval: 14
	demands of vertex 11 at time interval: 14
	demands of vertex 12 at time interval: 0
	demands of vertex 13 at time interval: 0
	demands of vertex 14 at time interval: 14
	demands of vertex 15 at time interval: 0
	demands of vertex 16 at time interval: 14
	demands of vertex 17 at time interval: 14
	demands of vertex 18 at time interval: 14
	demands of vertex 19 at time interval: 0
	demands of vertex 20 at time interval: 14
	demands of vertex 21 at time interval: 14
	demands of vertex 22 at time interval: 14
	demands of vertex 23 at time interval: 14
	demands of vertex 24 at time interval: 14
	demands of vertex 25 at time interval: 14

maximum time = 51430
alpha = 64

Selecting set of cyclical routes...

Selecting set of initial routes...

Creating initial set of candidate combinations...
Solving candidate combinations...

Found new best - 1/1 candidate combination(s) tested! (Thread 0)

Removing trips...

Solving candidate combinations...

1/2 candidate combination(s) tested! (Thread 0)
2/2 candidate combination(s) tested! (Thread 0)

Relaxing trips, so the model can make changes...

>> Printing some results...
    -> Solution value = 31548 - 08:45:48
    -> Total time = 2409.35

=============
Train 0
=============
> Trip 0
   0(time 10818 - 03:00:18)(time 11093 - 03:04:53) ->    1(time 11181 - 03:06:21)(time 11441 - 03:10:41) ->    2(time 11476 - 03:11:16)(time 11783 - 03:16:23) ->    3(time 11871 - 03:17:51)(time 12170 - 03:22:50) ->    4(time 12258 - 03:24:18)(time 12516 - 03:28:36) ->    5(time 12604 - 03:30:04)(time 12869 - 03:34:29) ->    6(time 12904 - 03:35:04)(time 13171 - 03:39:31) ->    7(time 13383 - 03:43:03)(time 13664 - 03:47:44) ->    8(time 13752 - 03:49:12)(time 14025 - 03:53:45) ->    9(time 14113 - 03:55:13)(time 14382 - 03:59:42) ->    10(time 14470 - 04:01:10)(time 14772 - 04:06:12) ->    11(time 14860 - 04:07:40)(time 15138 - 04:12:18) ->    12(time 15350 - 04:15:50)(time 15350 - 04:15:50) ->    25(time 15350 - 04:15:50)(time 15628 - 04:20:28) ->    24(time 15716 - 04:21:56)(time 16018 - 04:26:58) ->    23(time 16106 - 04:28:26)(time 16375 - 04:32:55) ->    22(time 16587 - 04:36:27)(time 16860 - 04:41:00) ->    21(time 16948 - 04:42:28)(time 17229 - 04:47:09) ->    20(time 17441 - 04:50:41)(time 17708 - 04:55:08) ->    19(time 17743 - 04:55:43)(time 18008 - 05:00:08) ->    18(time 18096 - 05:01:36)(time 18354 - 05:05:54) ->    17(time 18442 - 05:07:22)(time 18741 - 05:12:21) ->    16(time 18829 - 05:13:49)(time 19136 - 05:18:56) ->    15(time 19171 - 05:19:31)(time 19431 - 05:23:51) ->    14(time 19519 - 05:25:19)(time 19794 - 05:29:54) ->    13(time 20006 - 05:33:26)(time 20006 - 05:33:26) -> 0
> Trip 1
   0(time 20198 - 05:36:38)(time 20473 - 05:41:13) ->    1(time 20561 - 05:42:41)(time 20821 - 05:47:01) ->    2(time 20856 - 05:47:36)(time 21163 - 05:52:43) ->    3(time 21251 - 05:54:11)(time 21550 - 05:59:10) ->    4(time 21638 - 06:00:38)(time 21896 - 06:04:56) ->    5(time 21984 - 06:06:24)(time 22249 - 06:10:49) ->    6(time 22284 - 06:11:24)(time 22551 - 06:15:51) ->    7(time 22763 - 06:19:23)(time 23044 - 06:24:04) ->    8(time 23132 - 06:25:32)(time 23405 - 06:30:05) ->    9(time 23493 - 06:31:33)(time 23762 - 06:36:02) ->    10(time 23850 - 06:37:30)(time 24152 - 06:42:32) ->    11(time 24240 - 06:44:00)(time 24518 - 06:48:38) ->    12(time 24730 - 06:52:10)(time 24730 - 06:52:10) ->    25(time 24854 - 06:54:14)(time 25132 - 06:58:52) ->    24(time 25220 - 07:00:20)(time 25522 - 07:05:22) ->    23(time 25610 - 07:06:50)(time 25879 - 07:11:19) ->    22(time 25967 - 07:12:47)(time 26240 - 07:17:20) ->    21(time 26328 - 07:18:48)(time 26609 - 07:23:29) ->    20(time 26821 - 07:27:01)(time 27088 - 07:31:28) ->    19(time 27123 - 07:32:03)(time 27388 - 07:36:28) ->    18(time 27476 - 07:37:56)(time 27734 - 07:42:14) ->    17(time 27822 - 07:43:42)(time 28121 - 07:48:41) ->    16(time 28209 - 07:50:09)(time 28516 - 07:55:16) ->    15(time 28551 - 07:55:51)(time 28811 - 08:00:11) ->    14(time 28899 - 08:01:39)(time 29174 - 08:06:14) ->    13(time 29386 - 08:09:46)(time 29386 - 08:09:46) -> 0
> Trip 2
   0(time 29578 - 08:12:58)(time 29853 - 08:17:33) ->    1(time 29941 - 08:19:01)(time 30201 - 08:23:21) ->    2(time 30236 - 08:23:56)(time 30543 - 08:29:03) ->    3(time 30631 - 08:30:31)(time 30930 - 08:35:30) ->    4(time 31018 - 08:36:58)(time 31276 - 08:41:16) ->    5(time 31364 - 08:42:44)(time 31629 - 08:47:09) ->    6(time 31664 - 08:47:44)(time 31931 - 08:52:11) ->    7(time 32143 - 08:55:43)(time 32424 - 09:00:24) ->    8(time 32512 - 09:01:52)(time 32785 - 09:06:25) ->    9(time 32873 - 09:07:53)(time 33142 - 09:12:22) ->    10(time 33230 - 09:13:50)(time 33532 - 09:18:52) ->    11(time 33620 - 09:20:20)(time 33898 - 09:24:58) ->    12(time 34110 - 09:28:30)(time 34110 - 09:28:30) ->    25(time 34110 - 09:28:30)(time 34388 - 09:33:08) ->    24(time 34476 - 09:34:36)(time 34778 - 09:39:38) ->    23(time 34866 - 09:41:06)(time 35135 - 09:45:35) ->    22(time 35223 - 09:47:03)(time 35496 - 09:51:36) ->    21(time 35708 - 09:55:08)(time 35989 - 09:59:49) ->    20(time 36269 - 10:04:29)(time 36536 - 10:08:56) ->    19(time 36571 - 10:09:31)(time 36836 - 10:13:56) ->    18(time 36924 - 10:15:24)(time 37182 - 10:19:42) ->    17(time 37270 - 10:21:10)(time 37569 - 10:26:09) ->    16(time 37657 - 10:27:37)(time 37964 - 10:32:44) ->    15(time 37999 - 10:33:19)(time 38259 - 10:37:39) ->    14(time 38347 - 10:39:07)(time 38622 - 10:43:42) ->    13(time 38834 - 10:47:14)(time 38834 - 10:47:14) -> 0
> Trip 3
   0(time 38958 - 10:49:18)(time 39233 - 10:53:53) ->    1(time 39321 - 10:55:21)(time 39581 - 10:59:41) ->    2(time 39616 - 11:00:16)(time 39923 - 11:05:23) ->    3(time 40011 - 11:06:51)(time 40310 - 11:11:50) ->    4(time 40398 - 11:13:18)(time 40656 - 11:17:36) ->    5(time 40744 - 11:19:04)(time 41009 - 11:23:29) ->    6(time 41044 - 11:24:04)(time 41311 - 11:28:31) ->    7(time 41523 - 11:32:03)(time 41804 - 11:36:44) ->    8(time 41892 - 11:38:12)(time 42165 - 11:42:45) ->    9(time 42253 - 11:44:13)(time 42522 - 11:48:42) ->    10(time 42610 - 11:50:10)(time 42912 - 11:55:12) ->    11(time 43000 - 11:56:40)(time 43278 - 12:01:18) ->    12(time 43490 - 12:04:50)(time 43490 - 12:04:50) ->    25(time 43490 - 12:04:50)(time 43768 - 12:09:28) ->    24(time 43856 - 12:10:56)(time 44158 - 12:15:58) ->    23(time 44246 - 12:17:26)(time 44515 - 12:21:55) ->    22(time 44727 - 12:25:27)(time 45000 - 12:30:00) ->    21(time 45088 - 12:31:28)(time 45369 - 12:36:09) ->    20(time 45581 - 12:39:41)(time 45848 - 12:44:08) ->    19(time 45883 - 12:44:43)(time 46148 - 12:49:08) ->    18(time 46236 - 12:50:36)(time 46494 - 12:54:54) ->    17(time 46582 - 12:56:22)(time 46881 - 13:01:21) ->    16(time 46969 - 13:02:49)(time 47276 - 13:07:56) ->    15(time 47311 - 13:08:31)(time 47571 - 13:12:51) ->    14(time 47659 - 13:14:19)(time 47934 - 13:18:54) ->    13(time 48146 - 13:22:26)(time 48146 - 13:22:26) -> 0
=============
Train 1
=============
> Trip 0
   0(time 13890 - 03:51:30)(time 14165 - 03:56:05) ->    1(time 14253 - 03:57:33)(time 14513 - 04:01:53) ->    2(time 14548 - 04:02:28)(time 14855 - 04:07:35) ->    3(time 14943 - 04:09:03)(time 15242 - 04:14:02) ->    4(time 15330 - 04:15:30)(time 15588 - 04:19:48) ->    5(time 15676 - 04:21:16)(time 15941 - 04:25:41) ->    6(time 15976 - 04:26:16)(time 16243 - 04:30:43) ->    7(time 16455 - 04:34:15)(time 16736 - 04:38:56) ->    8(time 16948 - 04:42:28)(time 17221 - 04:47:01) ->    9(time 17309 - 04:48:29)(time 17578 - 04:52:58) ->    10(time 17666 - 04:54:26)(time 17968 - 04:59:28) ->    11(time 18056 - 05:00:56)(time 18334 - 05:05:34) ->    12(time 18546 - 05:09:06)(time 18546 - 05:09:06) ->    25(time 18546 - 05:09:06)(time 18824 - 05:13:44) ->    24(time 18912 - 05:15:12)(time 19214 - 05:20:14) ->    23(time 19302 - 05:21:42)(time 19571 - 05:26:11) ->    22(time 19659 - 05:27:39)(time 19932 - 05:32:12) ->    21(time 20020 - 05:33:40)(time 20301 - 05:38:21) ->    20(time 20513 - 05:41:53)(time 20780 - 05:46:20) ->    19(time 20815 - 05:46:55)(time 21080 - 05:51:20) ->    18(time 21168 - 05:52:48)(time 21426 - 05:57:06) ->    17(time 21638 - 06:00:38)(time 21937 - 06:05:37) ->    16(time 22025 - 06:07:05)(time 22332 - 06:12:12) ->    15(time 22367 - 06:12:47)(time 22627 - 06:17:07) ->    14(time 22715 - 06:18:35)(time 22990 - 06:23:10) ->    13(time 23202 - 06:26:42)(time 23202 - 06:26:42) -> 0
> Trip 1
   0(time 23270 - 06:27:50)(time 23545 - 06:32:25) ->    1(time 23633 - 06:33:53)(time 23893 - 06:38:13) ->    2(time 23928 - 06:38:48)(time 24235 - 06:43:55) ->    3(time 24323 - 06:45:23)(time 24622 - 06:50:22) ->    4(time 24710 - 06:51:50)(time 24968 - 06:56:08) ->    5(time 25056 - 06:57:36)(time 25321 - 07:02:01) ->    6(time 25356 - 07:02:36)(time 25623 - 07:07:03) ->    7(time 25835 - 07:10:35)(time 26116 - 07:15:16) ->    8(time 26328 - 07:18:48)(time 26601 - 07:23:21) ->    9(time 26689 - 07:24:49)(time 26958 - 07:29:18) ->    10(time 27046 - 07:30:46)(time 27348 - 07:35:48) ->    11(time 27436 - 07:37:16)(time 27714 - 07:41:54) ->    12(time 27926 - 07:45:26)(time 27926 - 07:45:26) ->    25(time 27926 - 07:45:26)(time 28204 - 07:50:04) ->    24(time 28292 - 07:51:32)(time 28594 - 07:56:34) ->    23(time 28682 - 07:58:02)(time 28951 - 08:02:31) ->    22(time 29039 - 08:03:59)(time 29312 - 08:08:32) ->    21(time 29400 - 08:10:00)(time 29681 - 08:14:41) ->    20(time 29893 - 08:18:13)(time 30160 - 08:22:40) ->    19(time 30195 - 08:23:15)(time 30460 - 08:27:40) ->    18(time 30548 - 08:29:08)(time 30806 - 08:33:26) ->    17(time 31018 - 08:36:58)(time 31317 - 08:41:57) ->    16(time 31405 - 08:43:25)(time 31712 - 08:48:32) ->    15(time 31747 - 08:49:07)(time 32007 - 08:53:27) ->    14(time 32163 - 08:56:03)(time 32438 - 09:00:38) ->    13(time 32650 - 09:04:10)(time 32650 - 09:04:10) -> 0
> Trip 2
   0(time 32650 - 09:04:10)(time 32925 - 09:08:45) ->    1(time 33013 - 09:10:13)(time 33273 - 09:14:33) ->    2(time 33308 - 09:15:08)(time 33615 - 09:20:15) ->    3(time 33703 - 09:21:43)(time 34002 - 09:26:42) ->    4(time 34090 - 09:28:10)(time 34348 - 09:32:28) ->    5(time 34436 - 09:33:56)(time 34701 - 09:38:21) ->    6(time 34736 - 09:38:56)(time 35003 - 09:43:23) ->    7(time 35215 - 09:46:55)(time 35496 - 09:51:36) ->    8(time 35708 - 09:55:08)(time 35981 - 09:59:41) ->    9(time 36069 - 10:01:09)(time 36338 - 10:05:38) ->    10(time 36426 - 10:07:06)(time 36728 - 10:12:08) ->    11(time 36816 - 10:13:36)(time 37094 - 10:18:14) ->    12(time 37306 - 10:21:46)(time 37306 - 10:21:46) ->    25(time 37306 - 10:21:46)(time 37584 - 10:26:24) ->    24(time 37672 - 10:27:52)(time 37974 - 10:32:54) ->    23(time 38062 - 10:34:22)(time 38331 - 10:38:51) ->    22(time 38419 - 10:40:19)(time 38692 - 10:44:52) ->    21(time 38780 - 10:46:20)(time 39061 - 10:51:01) ->    20(time 39273 - 10:54:33)(time 39540 - 10:59:00) ->    19(time 39575 - 10:59:35)(time 39840 - 11:04:00) ->    18(time 39928 - 11:05:28)(time 40186 - 11:09:46) ->    17(time 40398 - 11:13:18)(time 40697 - 11:18:17) ->    16(time 40785 - 11:19:45)(time 41092 - 11:24:52) ->    15(time 41127 - 11:25:27)(time 41387 - 11:29:47) ->    14(time 41475 - 11:31:15)(time 41750 - 11:35:50) ->    13(time 41962 - 11:39:22)(time 41962 - 11:39:22) -> 0
> Trip 3
   0(time 41962 - 11:39:22)(time 42237 - 11:43:57) ->    1(time 42325 - 11:45:25)(time 42585 - 11:49:45) ->    2(time 42620 - 11:50:20)(time 42927 - 11:55:27) ->    3(time 43015 - 11:56:55)(time 43314 - 12:01:54) ->    4(time 43402 - 12:03:22)(time 43660 - 12:07:40) ->    5(time 43748 - 12:09:08)(time 44013 - 12:13:33) ->    6(time 44048 - 12:14:08)(time 44315 - 12:18:35) ->    7(time 44527 - 12:22:07)(time 44808 - 12:26:48) ->    8(time 45088 - 12:31:28)(time 45361 - 12:36:01) ->    9(time 45449 - 12:37:29)(time 45718 - 12:41:58) ->    10(time 45806 - 12:43:26)(time 46108 - 12:48:28) ->    11(time 46196 - 12:49:56)(time 46474 - 12:54:34) ->    12(time 46686 - 12:58:06)(time 46686 - 12:58:06) ->    25(time 46686 - 12:58:06)(time 46964 - 13:02:44) ->    24(time 47052 - 13:04:12)(time 47354 - 13:09:14) ->    23(time 47442 - 13:10:42)(time 47711 - 13:15:11) ->    22(time 47799 - 13:16:39)(time 48072 - 13:21:12) ->    21(time 48160 - 13:22:40)(time 48441 - 13:27:21) ->    20(time 48653 - 13:30:53)(time 48920 - 13:35:20) ->    19(time 48955 - 13:35:55)(time 49220 - 13:40:20) ->    18(time 49308 - 13:41:48)(time 49566 - 13:46:06) ->    17(time 49654 - 13:47:34)(time 49953 - 13:52:33) ->    16(time 50041 - 13:54:01)(time 50348 - 13:59:08) ->    15(time 50383 - 13:59:43)(time 50643 - 14:04:03) ->    14(time 50731 - 14:05:31)(time 51006 - 14:10:06) ->    13(time 51218 - 14:13:38)(time 51218 - 14:13:38) -> 0
=============
Train 2
=============
> Trip 0
   0(time 11030 - 03:03:50)(time 11305 - 03:08:25) ->    1(time 11393 - 03:09:53)(time 11653 - 03:14:13) ->    2(time 11688 - 03:14:48)(time 11995 - 03:19:55) ->    3(time 12083 - 03:21:23)(time 12382 - 03:26:22) ->    4(time 12470 - 03:27:50)(time 12728 - 03:32:08) ->    5(time 12816 - 03:33:36)(time 13081 - 03:38:01) ->    6(time 13116 - 03:38:36)(time 13383 - 03:43:03) ->    7(time 13595 - 03:46:35)(time 13876 - 03:51:16) ->    8(time 13964 - 03:52:44)(time 14237 - 03:57:17) ->    9(time 14325 - 03:58:45)(time 14594 - 04:03:14) ->    10(time 14682 - 04:04:42)(time 14984 - 04:09:44) ->    11(time 15072 - 04:11:12)(time 15350 - 04:15:50) ->    12(time 15562 - 04:19:22)(time 15562 - 04:19:22) ->    25(time 15562 - 04:19:22)(time 15840 - 04:24:00) ->    24(time 15928 - 04:25:28)(time 16230 - 04:30:30) ->    23(time 16318 - 04:31:58)(time 16587 - 04:36:27) ->    22(time 16675 - 04:37:55)(time 16948 - 04:42:28) ->    21(time 17228 - 04:47:08)(time 17509 - 04:51:49) ->    20(time 17721 - 04:55:21)(time 17988 - 04:59:48) ->    19(time 18023 - 05:00:23)(time 18288 - 05:04:48) ->    18(time 18376 - 05:06:16)(time 18634 - 05:10:34) ->    17(time 18722 - 05:12:02)(time 19021 - 05:17:01) ->    16(time 19109 - 05:18:29)(time 19416 - 05:23:36) ->    15(time 19451 - 05:24:11)(time 19711 - 05:28:31) ->    14(time 19799 - 05:29:59)(time 20074 - 05:34:34) ->    13(time 20286 - 05:38:06)(time 20286 - 05:38:06) -> 0
> Trip 1
   0(time 20286 - 05:38:06)(time 20561 - 05:42:41) ->    1(time 20649 - 05:44:09)(time 20909 - 05:48:29) ->    2(time 20944 - 05:49:04)(time 21251 - 05:54:11) ->    3(time 21339 - 05:55:39)(time 21638 - 06:00:38) ->    4(time 21726 - 06:02:06)(time 21984 - 06:06:24) ->    5(time 22072 - 06:07:52)(time 22337 - 06:12:17) ->    6(time 22496 - 06:14:56)(time 22763 - 06:19:23) ->    7(time 22975 - 06:22:55)(time 23256 - 06:27:36) ->    8(time 23344 - 06:29:04)(time 23617 - 06:33:37) ->    9(time 23705 - 06:35:05)(time 23974 - 06:39:34) ->    10(time 24062 - 06:41:02)(time 24364 - 06:46:04) ->    11(time 24452 - 06:47:32)(time 24730 - 06:52:10) ->    12(time 24942 - 06:55:42)(time 24942 - 06:55:42) ->    25(time 24942 - 06:55:42)(time 25220 - 07:00:20) ->    24(time 25308 - 07:01:48)(time 25610 - 07:06:50) ->    23(time 25698 - 07:08:18)(time 25967 - 07:12:47) ->    22(time 26055 - 07:14:15)(time 26328 - 07:18:48) ->    21(time 26608 - 07:23:28)(time 26889 - 07:28:09) ->    20(time 27101 - 07:31:41)(time 27368 - 07:36:08) ->    19(time 27403 - 07:36:43)(time 27668 - 07:41:08) ->    18(time 27756 - 07:42:36)(time 28014 - 07:46:54) ->    17(time 28102 - 07:48:22)(time 28401 - 07:53:21) ->    16(time 28489 - 07:54:49)(time 28796 - 07:59:56) ->    15(time 28831 - 08:00:31)(time 29091 - 08:04:51) ->    14(time 29179 - 08:06:19)(time 29454 - 08:10:54) ->    13(time 29666 - 08:14:26)(time 29666 - 08:14:26) -> 0
> Trip 2
   0(time 29666 - 08:14:26)(time 29941 - 08:19:01) ->    1(time 30029 - 08:20:29)(time 30289 - 08:24:49) ->    2(time 30324 - 08:25:24)(time 30631 - 08:30:31) ->    3(time 30719 - 08:31:59)(time 31018 - 08:36:58) ->    4(time 31230 - 08:40:30)(time 31488 - 08:44:48) ->    5(time 31576 - 08:46:16)(time 31841 - 08:50:41) ->    6(time 31876 - 08:51:16)(time 32143 - 08:55:43) ->    7(time 32355 - 08:59:15)(time 32636 - 09:03:56) ->    8(time 32724 - 09:05:24)(time 32997 - 09:09:57) ->    9(time 33085 - 09:11:25)(time 33354 - 09:15:54) ->    10(time 33442 - 09:17:22)(time 33744 - 09:22:24) ->    11(time 33832 - 09:23:52)(time 34110 - 09:28:30) ->    12(time 34322 - 09:32:02)(time 34322 - 09:32:02) ->    25(time 34322 - 09:32:02)(time 34600 - 09:36:40) ->    24(time 34688 - 09:38:08)(time 34990 - 09:43:10) ->    23(time 35078 - 09:44:38)(time 35347 - 09:49:07) ->    22(time 35435 - 09:50:35)(time 35708 - 09:55:08) ->    21(time 35988 - 09:59:48)(time 36269 - 10:04:29) ->    20(time 36481 - 10:08:01)(time 36748 - 10:12:28) ->    19(time 36783 - 10:13:03)(time 37048 - 10:17:28) ->    18(time 37136 - 10:18:56)(time 37394 - 10:23:14) ->    17(time 37482 - 10:24:42)(time 37781 - 10:29:41) ->    16(time 37869 - 10:31:09)(time 38176 - 10:36:16) ->    15(time 38211 - 10:36:51)(time 38471 - 10:41:11) ->    14(time 38559 - 10:42:39)(time 38834 - 10:47:14) ->    13(time 39046 - 10:50:46)(time 39046 - 10:50:46) -> 0
> Trip 3
   0(time 39046 - 10:50:46)(time 39321 - 10:55:21) ->    1(time 39409 - 10:56:49)(time 39669 - 11:01:09) ->    2(time 39704 - 11:01:44)(time 40011 - 11:06:51) ->    3(time 40099 - 11:08:19)(time 40398 - 11:13:18) ->    4(time 40610 - 11:16:50)(time 40868 - 11:21:08) ->    5(time 40956 - 11:22:36)(time 41221 - 11:27:01) ->    6(time 41256 - 11:27:36)(time 41523 - 11:32:03) ->    7(time 41735 - 11:35:35)(time 42016 - 11:40:16) ->    8(time 42104 - 11:41:44)(time 42377 - 11:46:17) ->    9(time 42465 - 11:47:45)(time 42734 - 11:52:14) ->    10(time 42822 - 11:53:42)(time 43124 - 11:58:44) ->    11(time 43212 - 12:00:12)(time 43490 - 12:04:50) ->    12(time 43702 - 12:08:22)(time 43702 - 12:08:22) ->    25(time 43702 - 12:08:22)(time 43980 - 12:13:00) ->    24(time 44068 - 12:14:28)(time 44370 - 12:19:30) ->    23(time 44458 - 12:20:58)(time 44727 - 12:25:27) ->    22(time 44815 - 12:26:55)(time 45088 - 12:31:28) ->    21(time 45408 - 12:36:48)(time 45689 - 12:41:29) ->    20(time 45901 - 12:45:01)(time 46168 - 12:49:28) ->    19(time 46203 - 12:50:03)(time 46468 - 12:54:28) ->    18(time 46556 - 12:55:56)(time 46814 - 13:00:14) ->    17(time 46902 - 13:01:42)(time 47201 - 13:06:41) ->    16(time 47289 - 13:08:09)(time 47596 - 13:13:16) ->    15(time 47631 - 13:13:51)(time 47891 - 13:18:11) ->    14(time 47979 - 13:19:39)(time 48254 - 13:24:14) ->    13(time 48466 - 13:27:46)(time 48466 - 13:27:46) -> 0
=============
Train 3
=============
> Trip 0
   0(time 13978 - 03:52:58)(time 14253 - 03:57:33) ->    1(time 14341 - 03:59:01)(time 14601 - 04:03:21) ->    2(time 14636 - 04:03:56)(time 14943 - 04:09:03) ->    3(time 15031 - 04:10:31)(time 15330 - 04:15:30) ->    4(time 15418 - 04:16:58)(time 15676 - 04:21:16) ->    5(time 15764 - 04:22:44)(time 16029 - 04:27:09) ->    6(time 16188 - 04:29:48)(time 16455 - 04:34:15) ->    7(time 16667 - 04:37:47)(time 16948 - 04:42:28) ->    8(time 17160 - 04:46:00)(time 17433 - 04:50:33) ->    9(time 17521 - 04:52:01)(time 17790 - 04:56:30) ->    10(time 17878 - 04:57:58)(time 18180 - 05:03:00) ->    11(time 18268 - 05:04:28)(time 18546 - 05:09:06) ->    12(time 18758 - 05:12:38)(time 18758 - 05:12:38) ->    25(time 18758 - 05:12:38)(time 19036 - 05:17:16) ->    24(time 19124 - 05:18:44)(time 19426 - 05:23:46) ->    23(time 19514 - 05:25:14)(time 19783 - 05:29:43) ->    22(time 19871 - 05:31:11)(time 20144 - 05:35:44) ->    21(time 20232 - 05:37:12)(time 20513 - 05:41:53) ->    20(time 20725 - 05:45:25)(time 20992 - 05:49:52) ->    19(time 21027 - 05:50:27)(time 21292 - 05:54:52) ->    18(time 21380 - 05:56:20)(time 21638 - 06:00:38) ->    17(time 21850 - 06:04:10)(time 22149 - 06:09:09) ->    16(time 22237 - 06:10:37)(time 22544 - 06:15:44) ->    15(time 22579 - 06:16:19)(time 22839 - 06:20:39) ->    14(time 22927 - 06:22:07)(time 23202 - 06:26:42) ->    13(time 23482 - 06:31:22)(time 23482 - 06:31:22) -> 0
> Trip 1
   0(time 23482 - 06:31:22)(time 23757 - 06:35:57) ->    1(time 23845 - 06:37:25)(time 24105 - 06:41:45) ->    2(time 24140 - 06:42:20)(time 24447 - 06:47:27) ->    3(time 24535 - 06:48:55)(time 24834 - 06:53:54) ->    4(time 24922 - 06:55:22)(time 25180 - 06:59:40) ->    5(time 25268 - 07:01:08)(time 25533 - 07:05:33) ->    6(time 25568 - 07:06:08)(time 25835 - 07:10:35) ->    7(time 26047 - 07:14:07)(time 26328 - 07:18:48) ->    8(time 26540 - 07:22:20)(time 26813 - 07:26:53) ->    9(time 26901 - 07:28:21)(time 27170 - 07:32:50) ->    10(time 27258 - 07:34:18)(time 27560 - 07:39:20) ->    11(time 27648 - 07:40:48)(time 27926 - 07:45:26) ->    12(time 28138 - 07:48:58)(time 28138 - 07:48:58) ->    25(time 28138 - 07:48:58)(time 28416 - 07:53:36) ->    24(time 28504 - 07:55:04)(time 28806 - 08:00:06) ->    23(time 28894 - 08:01:34)(time 29163 - 08:06:03) ->    22(time 29251 - 08:07:31)(time 29524 - 08:12:04) ->    21(time 29612 - 08:13:32)(time 29893 - 08:18:13) ->    20(time 30105 - 08:21:45)(time 30372 - 08:26:12) ->    19(time 30407 - 08:26:47)(time 30672 - 08:31:12) ->    18(time 30760 - 08:32:40)(time 31018 - 08:36:58) ->    17(time 31298 - 08:41:38)(time 31597 - 08:46:37) ->    16(time 31685 - 08:48:05)(time 31992 - 08:53:12) ->    15(time 32027 - 08:53:47)(time 32287 - 08:58:07) ->    14(time 32375 - 08:59:35)(time 32650 - 09:04:10) ->    13(time 32862 - 09:07:42)(time 32862 - 09:07:42) -> 0
> Trip 2
   0(time 32862 - 09:07:42)(time 33137 - 09:12:17) ->    1(time 33225 - 09:13:45)(time 33485 - 09:18:05) ->    2(time 33520 - 09:18:40)(time 33827 - 09:23:47) ->    3(time 33915 - 09:25:15)(time 34214 - 09:30:14) ->    4(time 34302 - 09:31:42)(time 34560 - 09:36:00) ->    5(time 34648 - 09:37:28)(time 34913 - 09:41:53) ->    6(time 34948 - 09:42:28)(time 35215 - 09:46:55) ->    7(time 35427 - 09:50:27)(time 35708 - 09:55:08) ->    8(time 35796 - 09:56:36)(time 36069 - 10:01:09) ->    9(time 36157 - 10:02:37)(time 36426 - 10:07:06) ->    10(time 36514 - 10:08:34)(time 36816 - 10:13:36) ->    11(time 37028 - 10:17:08)(time 37306 - 10:21:46) ->    12(time 37518 - 10:25:18)(time 37518 - 10:25:18) ->    25(time 37518 - 10:25:18)(time 37796 - 10:29:56) ->    24(time 37884 - 10:31:24)(time 38186 - 10:36:26) ->    23(time 38274 - 10:37:54)(time 38543 - 10:42:23) ->    22(time 38631 - 10:43:51)(time 38904 - 10:48:24) ->    21(time 38992 - 10:49:52)(time 39273 - 10:54:33) ->    20(time 39485 - 10:58:05)(time 39752 - 11:02:32) ->    19(time 39787 - 11:03:07)(time 40052 - 11:07:32) ->    18(time 40140 - 11:09:00)(time 40398 - 11:13:18) ->    17(time 40610 - 11:16:50)(time 40909 - 11:21:49) ->    16(time 40997 - 11:23:17)(time 41304 - 11:28:24) ->    15(time 41339 - 11:28:59)(time 41599 - 11:33:19) ->    14(time 41687 - 11:34:47)(time 41962 - 11:39:22) ->    13(time 42242 - 11:44:02)(time 42242 - 11:44:02) -> 0
> Trip 3
   0(time 42242 - 11:44:02)(time 42517 - 11:48:37) ->    1(time 42605 - 11:50:05)(time 42865 - 11:54:25) ->    2(time 42900 - 11:55:00)(time 43207 - 12:00:07) ->    3(time 43295 - 12:01:35)(time 43594 - 12:06:34) ->    4(time 43682 - 12:08:02)(time 43940 - 12:12:20) ->    5(time 44028 - 12:13:48)(time 44293 - 12:18:13) ->    6(time 44328 - 12:18:48)(time 44595 - 12:23:15) ->    7(time 44807 - 12:26:47)(time 45088 - 12:31:28) ->    8(time 45300 - 12:35:00)(time 45573 - 12:39:33) ->    9(time 45661 - 12:41:01)(time 45930 - 12:45:30) ->    10(time 46018 - 12:46:58)(time 46320 - 12:52:00) ->    11(time 46408 - 12:53:28)(time 46686 - 12:58:06) ->    12(time 46898 - 13:01:38)(time 46898 - 13:01:38) ->    25(time 46898 - 13:01:38)(time 47176 - 13:06:16) ->    24(time 47264 - 13:07:44)(time 47566 - 13:12:46) ->    23(time 47654 - 13:14:14)(time 47923 - 13:18:43) ->    22(time 48011 - 13:20:11)(time 48284 - 13:24:44) ->    21(time 48372 - 13:26:12)(time 48653 - 13:30:53) ->    20(time 48865 - 13:34:25)(time 49132 - 13:38:52) ->    19(time 49167 - 13:39:27)(time 49432 - 13:43:52) ->    18(time 49520 - 13:45:20)(time 49778 - 13:49:38) ->    17(time 49866 - 13:51:06)(time 50165 - 13:56:05) ->    16(time 50253 - 13:57:33)(time 50560 - 14:02:40) ->    15(time 50595 - 14:03:15)(time 50855 - 14:07:35) ->    14(time 50943 - 14:09:03)(time 51218 - 14:13:38) ->    13(time 51430 - 14:17:10)(time 51430 - 14:17:10) -> 0
Traceback (most recent call last):
  File "/home/renata/Train-Timetabling/script.py", line 17, in <module>
    with open(file_name, "r") as file:
FileNotFoundError: [Errno 2] No such file or directory: 'script-solution.txt'
