t4p11r2h2.txt:
   > Trying to open the instance file...
   > Reading number of trains...
   > Reading maximum number of trips per train...
   > Reading time intervals...
   > Reading number of points...
   > Reading stations...
   > Reading crossings...
   > Reading depots...
   > Reading initial point...
   > Reading routes...
   > Reading distance and distance and service...
   > Reading demands...
   > Reading maximum time...
   > Reading alpha...

--------------------------------
 Printing instance
--------------------------------
number of trains = 4
	max trips per trains: 6     6     6     6
number of intervals = 2
	(0,  23623)	(23624,  47246)
number of points = 11
	initial point: 10
	stations: 0     1     3     4     5     6     7     8     9    10
	crossings: 0     2    10
	depots: 0    10
number of vertices = 22
	total vertices: 0     1     2     3     4     5     6     7     8     9    10    11    12    13    14    15    16    17    18    19    20    21
	upper vertices: 0     1     2     3     4     5     6     7     8     9    10
	lower vertices: 11    12    13    14    15    16    17    18    19    20    21
	vertices of point #0: (0, 11)
	vertices of point #1: (1, 12)
	vertices of point #2: (2, 13)
	vertices of point #3: (3, 14)
	vertices of point #4: (4, 15)
	vertices of point #5: (5, 16)
	vertices of point #6: (6, 17)
	vertices of point #7: (7, 18)
	vertices of point #8: (8, 19)
	vertices of point #9: (9, 20)
	vertices of point #10: (10, 21)

arcs...
	total arcs: 
		arc #0: (0, 1)
		arc #1: (0, 11)
		arc #2: (11, 0)
		arc #3: (1, 2)
		arc #4: (12, 11)
		arc #5: (2, 3)
		arc #6: (13, 12)
		arc #7: (3, 4)
		arc #8: (14, 13)
		arc #9: (4, 5)
		arc #10: (15, 14)
		arc #11: (5, 6)
		arc #12: (16, 15)
		arc #13: (6, 7)
		arc #14: (17, 16)
		arc #15: (7, 8)
		arc #16: (18, 17)
		arc #17: (8, 9)
		arc #18: (19, 18)
		arc #19: (9, 10)
		arc #20: (20, 19)
		arc #21: (21, 20)
		arc #22: (10, 21)
		arc #23: (21, 10)

	reverse arcs: 
		arc #1: (0, 11)
		arc #2: (11, 0)
		arc #22: (10, 21)
		arc #23: (21, 10)


incompatible points...
	(0, 1, 13, (1, 2))	(13, 12, 0, (12, 11))	(2, 9, 21, (9, 10))	(21, 14, 2, (14, 13))

number of routes = 2
vertices of routes...
	route #0: 0     1     2     3     4     5     6     7     8     9    10    21    20    19    18    17    16    15    14    13    12    11     0
	route #1: 21    20    19    18    17    16    15    14    13    12    11     0     1     2     3     4     5     6     7     8     9    10    21
arcs of routes...
	route #0: 0     3     5     7     9    11    13    15    17    19    22    21    20    18    16    14    12    10     8     6     4     2
	route #1: 21    20    18    16    14    12    10     8     6     4     2     0     3     5     7     9    11    13    15    17    19    22

incompatible routes...
	(0, 1)    	(1, 0)

vertices that can be adjacent in consecutive trips...
	(0, 0)    	(21, 21)
non cyclical routes: 


routes of trip...
	routes that train #0 can complete at trip #0: 1
	routes that train #0 can complete at trip #1: 0       1
	routes that train #0 can complete at trip #2: 0       1
	routes that train #0 can complete at trip #3: 0       1
	routes that train #0 can complete at trip #4: 0       1
	routes that train #0 can complete at trip #5: 0       1

	routes that train #1 can complete at trip #0: 1
	routes that train #1 can complete at trip #1: 0       1
	routes that train #1 can complete at trip #2: 0       1
	routes that train #1 can complete at trip #3: 0       1
	routes that train #1 can complete at trip #4: 0       1
	routes that train #1 can complete at trip #5: 0       1

	routes that train #2 can complete at trip #0: 1
	routes that train #2 can complete at trip #1: 0       1
	routes that train #2 can complete at trip #2: 0       1
	routes that train #2 can complete at trip #3: 0       1
	routes that train #2 can complete at trip #4: 0       1
	routes that train #2 can complete at trip #5: 0       1

	routes that train #3 can complete at trip #0: 1
	routes that train #3 can complete at trip #1: 0       1
	routes that train #3 can complete at trip #2: 0       1
	routes that train #3 can complete at trip #3: 0       1
	routes that train #3 can complete at trip #4: 0       1
	routes that train #3 can complete at trip #5: 0       1

 cost...
	arc #0 [0][1]: 221
	arc #1 [0][11]: 0
	arc #2 [11][0]: 0
	arc #3 [1][2]: 225
	arc #4 [12][11]: 221
	arc #5 [2][3]: 207
	arc #6 [13][12]: 225
	arc #7 [3][4]: 194
	arc #8 [14][13]: 207
	arc #9 [4][5]: 232
	arc #10 [15][14]: 194
	arc #11 [5][6]: 194
	arc #12 [16][15]: 232
	arc #13 [6][7]: 229
	arc #14 [17][16]: 194
	arc #15 [7][8]: 195
	arc #16 [18][17]: 229
	arc #17 [8][9]: 207
	arc #18 [19][18]: 195
	arc #19 [9][10]: 229
	arc #20 [20][19]: 207
	arc #21 [21][20]: 229
	arc #22 [10][21]: 0
	arc #23 [21][10]: 0

cost with minimum service...
	arc #0 [0][1]: 300
	arc #1 [0][11]: 0
	arc #2 [11][0]: 0
	arc #3 [1][2]: 281
	arc #4 [12][11]: 500
	arc #5 [2][3]: 286
	arc #6 [13][12]: 304
	arc #7 [3][4]: 273
	arc #8 [14][13]: 263
	arc #9 [4][5]: 311
	arc #10 [15][14]: 273
	arc #11 [5][6]: 273
	arc #12 [16][15]: 311
	arc #13 [6][7]: 308
	arc #14 [17][16]: 273
	arc #15 [7][8]: 274
	arc #16 [18][17]: 308
	arc #17 [8][9]: 286
	arc #18 [19][18]: 274
	arc #19 [9][10]: 508
	arc #20 [20][19]: 286
	arc #21 [21][20]: 308
	arc #22 [10][21]: 0
	arc #23 [21][10]: 0

cost with maximum service...
	arc #0 [0][1]: 595
	arc #1 [0][11]: 374
	arc #2 [11][0]: 374
	arc #3 [1][2]: 599
	arc #4 [12][11]: 595
	arc #5 [2][3]: 581
	arc #6 [13][12]: 599
	arc #7 [3][4]: 568
	arc #8 [14][13]: 581
	arc #9 [4][5]: 606
	arc #10 [15][14]: 568
	arc #11 [5][6]: 568
	arc #12 [16][15]: 606
	arc #13 [6][7]: 603
	arc #14 [17][16]: 568
	arc #15 [7][8]: 569
	arc #16 [18][17]: 603
	arc #17 [8][9]: 581
	arc #18 [19][18]: 569
	arc #19 [9][10]: 603
	arc #20 [20][19]: 581
	arc #21 [21][20]: 603
	arc #22 [10][21]: 374
	arc #23 [21][10]: 374

demands...
	demands of vertex 0 at time interval: 11    11
	demands of vertex 1 at time interval: 11    11
	demands of vertex 2 at time interval: 0     0
	demands of vertex 3 at time interval: 11    11
	demands of vertex 4 at time interval: 11    11
	demands of vertex 5 at time interval: 11    11
	demands of vertex 6 at time interval: 11    11
	demands of vertex 7 at time interval: 11    11
	demands of vertex 8 at time interval: 11    11
	demands of vertex 9 at time interval: 11    11
	demands of vertex 10 at time interval: 0     0
	demands of vertex 11 at time interval: 0     0
	demands of vertex 12 at time interval: 11    11
	demands of vertex 13 at time interval: 0     0
	demands of vertex 14 at time interval: 11    11
	demands of vertex 15 at time interval: 11    11
	demands of vertex 16 at time interval: 11    11
	demands of vertex 17 at time interval: 11    11
	demands of vertex 18 at time interval: 11    11
	demands of vertex 19 at time interval: 11    11
	demands of vertex 20 at time interval: 11    11
	demands of vertex 21 at time interval: 11    11

maximum time = 47246
alpha = 53
Starting to test combinations... - Total number of combinations = 1296
Found new best - 2/1296
Found new best - 3/1296
10% done - 130/1296 combination(s) tested! (Thread 0)
20% done - 260/1296 combination(s) tested! (Thread 0)
30% done - 390/1296 combination(s) tested! (Thread 0)
40% done - 520/1296 combination(s) tested! (Thread 0)
50% done - 650/1296 combination(s) tested! (Thread 0)
60% done - 780/1296 combination(s) tested! (Thread 0)
70% done - 910/1296 combination(s) tested! (Thread 0)
80% done - 1040/1296 combination(s) tested! (Thread 0)
90% done - 1170/1296 combination(s) tested! (Thread 0)
	Cannot prove optimality!

>> Printing some results...
    -> Solution value = 46276 - 12:51:16
    -> Total time = 12101.73

=============
Train 0
=============
> Trip 0
   21(time 237 - 00:03:57)(time 466 - 00:07:46) ->    20(time 545 - 00:09:05)(time 752 - 00:12:32) ->    19(time 983 - 00:16:23)(time 1178 - 00:19:38) ->    18(time 1552 - 00:25:52)(time 1781 - 00:29:41) ->    17(time 1860 - 00:31:00)(time 2054 - 00:34:14) ->    16(time 2428 - 00:40:28)(time 2660 - 00:44:20) ->    15(time 3034 - 00:50:34)(time 3228 - 00:53:48) ->    14(time 3602 - 01:00:02)(time 3809 - 01:03:29) ->    13(time 4183 - 01:09:43)(time 4408 - 01:13:28) ->    12(time 4487 - 01:14:47)(time 4708 - 01:18:28) ->    11(time 4987 - 01:23:07)(time 4987 - 01:23:07) ->    0(time 4987 - 01:23:07)(time 5208 - 01:26:48) ->    1(time 5287 - 01:28:07)(time 5512 - 01:31:52) ->    2(time 5568 - 01:32:48)(time 5775 - 01:36:15) ->    3(time 5854 - 01:37:34)(time 6048 - 01:40:48) ->    4(time 6127 - 01:42:07)(time 6359 - 01:45:59) ->    5(time 6438 - 01:47:18)(time 6632 - 01:50:32) ->    6(time 6711 - 01:51:51)(time 6940 - 01:55:40) ->    7(time 7019 - 01:56:59)(time 7214 - 02:00:14) ->    8(time 7293 - 02:01:33)(time 7500 - 02:05:00) ->    9(time 7579 - 02:06:19)(time 7808 - 02:10:08) ->    10(time 8087 - 02:14:47)(time 8087 - 02:14:47) -> 21
> Trip 1
   21(time 8087 - 02:14:47)(time 8316 - 02:18:36) ->    20(time 8395 - 02:19:55)(time 8602 - 02:23:22) ->    19(time 8681 - 02:24:41)(time 8876 - 02:27:56) ->    18(time 9239 - 02:33:59)(time 9468 - 02:37:48) ->    17(time 9842 - 02:44:02)(time 10036 - 02:47:16) ->    16(time 10410 - 02:53:30)(time 10642 - 02:57:22) ->    15(time 11016 - 03:03:36)(time 11210 - 03:06:50) ->    14(time 11584 - 03:13:04)(time 11791 - 03:16:31) ->    13(time 12165 - 03:22:45)(time 12390 - 03:26:30) ->    12(time 12469 - 03:27:49)(time 12690 - 03:31:30) ->    11(time 12969 - 03:36:09)(time 12969 - 03:36:09) ->    0(time 12969 - 03:36:09)(time 13190 - 03:39:50) ->    1(time 13269 - 03:41:09)(time 13494 - 03:44:54) ->    2(time 13550 - 03:45:50)(time 13757 - 03:49:17) ->    3(time 13836 - 03:50:36)(time 14030 - 03:53:50) ->    4(time 14109 - 03:55:09)(time 14341 - 03:59:01) ->    5(time 14420 - 04:00:20)(time 14614 - 04:03:34) ->    6(time 14693 - 04:04:53)(time 14922 - 04:08:42) ->    7(time 15001 - 04:10:01)(time 15196 - 04:13:16) ->    8(time 15275 - 04:14:35)(time 15482 - 04:18:02) ->    9(time 15561 - 04:19:21)(time 15790 - 04:23:10) ->    10(time 16069 - 04:27:49)(time 16069 - 04:27:49) -> 21
> Trip 2
   21(time 16069 - 04:27:49)(time 16298 - 04:31:38) ->    20(time 16377 - 04:32:57)(time 16584 - 04:36:24) ->    19(time 16663 - 04:37:43)(time 16858 - 04:40:58) ->    18(time 16937 - 04:42:17)(time 17166 - 04:46:06) ->    17(time 17245 - 04:47:25)(time 17439 - 04:50:39) ->    16(time 17518 - 04:51:58)(time 17750 - 04:55:50) ->    15(time 17829 - 04:57:09)(time 18023 - 05:00:23) ->    14(time 18102 - 05:01:42)(time 18309 - 05:05:09) ->    13(time 18444 - 05:07:24)(time 18669 - 05:11:09) ->    12(time 18948 - 05:15:48)(time 19169 - 05:19:29) ->    11(time 19448 - 05:24:08)(time 19448 - 05:24:08) ->    0(time 19448 - 05:24:08)(time 19669 - 05:27:49) ->    1(time 19748 - 05:29:08)(time 19973 - 05:32:53) ->    2(time 20029 - 05:33:49)(time 20236 - 05:37:16) ->    3(time 20315 - 05:38:35)(time 20509 - 05:41:49) ->    4(time 20588 - 05:43:08)(time 20820 - 05:47:00) ->    5(time 20899 - 05:48:19)(time 21093 - 05:51:33) ->    6(time 21172 - 05:52:52)(time 21401 - 05:56:41) ->    7(time 21480 - 05:58:00)(time 21675 - 06:01:15) ->    8(time 22033 - 06:07:13)(time 22240 - 06:10:40) ->    9(time 22319 - 06:11:59)(time 22548 - 06:15:48) ->    10(time 22827 - 06:20:27)(time 22827 - 06:20:27) -> 21
> Trip 3
   21(time 23903 - 06:38:23)(time 24132 - 06:42:12) ->    20(time 24211 - 06:43:31)(time 24418 - 06:46:58) ->    19(time 24497 - 06:48:17)(time 24692 - 06:51:32) ->    18(time 24771 - 06:52:51)(time 25000 - 06:56:40) ->    17(time 25079 - 06:57:59)(time 25273 - 07:01:13) ->    16(time 25352 - 07:02:32)(time 25584 - 07:06:24) ->    15(time 25663 - 07:07:43)(time 25857 - 07:10:57) ->    14(time 25936 - 07:12:16)(time 26143 - 07:15:43) ->    13(time 26199 - 07:16:39)(time 26424 - 07:20:24) ->    12(time 26503 - 07:21:43)(time 26724 - 07:25:24) ->    11(time 27003 - 07:30:03)(time 27003 - 07:30:03) ->    0(time 27082 - 07:31:22)(time 27303 - 07:35:03) ->    1(time 27382 - 07:36:22)(time 27607 - 07:40:07) ->    2(time 27663 - 07:41:03)(time 27870 - 07:44:30) ->    3(time 28148 - 07:49:08)(time 28342 - 07:52:22) ->    4(time 28421 - 07:53:41)(time 28653 - 07:57:33) ->    5(time 28732 - 07:58:52)(time 28926 - 08:02:06) ->    6(time 29005 - 08:03:25)(time 29234 - 08:07:14) ->    7(time 29313 - 08:08:33)(time 29508 - 08:11:48) ->    8(time 29587 - 08:13:07)(time 29794 - 08:16:34) ->    9(time 29873 - 08:17:53)(time 30102 - 08:21:42) ->    10(time 30381 - 08:26:21)(time 30381 - 08:26:21) -> 21
> Trip 4
   21(time 32045 - 08:54:05)(time 32274 - 08:57:54) ->    20(time 32353 - 08:59:13)(time 32560 - 09:02:40) ->    19(time 32639 - 09:03:59)(time 32834 - 09:07:14) ->    18(time 32913 - 09:08:33)(time 33142 - 09:12:22) ->    17(time 33221 - 09:13:41)(time 33415 - 09:16:55) ->    16(time 33494 - 09:18:14)(time 33726 - 09:22:06) ->    15(time 33805 - 09:23:25)(time 33999 - 09:26:39) ->    14(time 34078 - 09:27:58)(time 34285 - 09:31:25) ->    13(time 34564 - 09:36:04)(time 34789 - 09:39:49) ->    12(time 34868 - 09:41:08)(time 35089 - 09:44:49) ->    11(time 35368 - 09:49:28)(time 35368 - 09:49:28) ->    0(time 35368 - 09:49:28)(time 35589 - 09:53:09) ->    1(time 35668 - 09:54:28)(time 35893 - 09:58:13) ->    2(time 35949 - 09:59:09)(time 36156 - 10:02:36) ->    3(time 36235 - 10:03:55)(time 36429 - 10:07:09) ->    4(time 36508 - 10:08:28)(time 36740 - 10:12:20) ->    5(time 36819 - 10:13:39)(time 37013 - 10:16:53) ->    6(time 37092 - 10:18:12)(time 37321 - 10:22:01) ->    7(time 37400 - 10:23:20)(time 37595 - 10:26:35) ->    8(time 37674 - 10:27:54)(time 37881 - 10:31:21) ->    9(time 37960 - 10:32:40)(time 38189 - 10:36:29) ->    10(time 38468 - 10:41:08)(time 38468 - 10:41:08) -> 21
> Trip 5
   21(time 38468 - 10:41:08)(time 38697 - 10:44:57) ->    20(time 38776 - 10:46:16)(time 38983 - 10:49:43) ->    19(time 39062 - 10:51:02)(time 39257 - 10:54:17) ->    18(time 39336 - 10:55:36)(time 39565 - 10:59:25) ->    17(time 39644 - 11:00:44)(time 39838 - 11:03:58) ->    16(time 39917 - 11:05:17)(time 40149 - 11:09:09) ->    15(time 40228 - 11:10:28)(time 40422 - 11:13:42) ->    14(time 40501 - 11:15:01)(time 40708 - 11:18:28) ->    13(time 40764 - 11:19:24)(time 40989 - 11:23:09) ->    12(time 41068 - 11:24:28)(time 41289 - 11:28:09) ->    11(time 41568 - 11:32:48)(time 41568 - 11:32:48) ->    0(time 41647 - 11:34:07)(time 41868 - 11:37:48) ->    1(time 41947 - 11:39:07)(time 42172 - 11:42:52) ->    2(time 42228 - 11:43:48)(time 42435 - 11:47:15) ->    3(time 42514 - 11:48:34)(time 42708 - 11:51:48) ->    4(time 42787 - 11:53:07)(time 43019 - 11:56:59) ->    5(time 43098 - 11:58:18)(time 43292 - 12:01:32) ->    6(time 43371 - 12:02:51)(time 43600 - 12:06:40) ->    7(time 43679 - 12:07:59)(time 43874 - 12:11:14) ->    8(time 43953 - 12:12:33)(time 44160 - 12:16:00) ->    9(time 44439 - 12:20:39)(time 44668 - 12:24:28) ->    10(time 44947 - 12:29:07)(time 44947 - 12:29:07) -> 21
=============
Train 1
=============
> Trip 0
   21(time 79 - 00:01:19)(time 308 - 00:05:08) ->    20(time 387 - 00:06:27)(time 594 - 00:09:54) ->    19(time 673 - 00:11:13)(time 868 - 00:14:28) ->    18(time 947 - 00:15:47)(time 1176 - 00:19:36) ->    17(time 1255 - 00:20:55)(time 1449 - 00:24:09) ->    16(time 1528 - 00:25:28)(time 1760 - 00:29:20) ->    15(time 1839 - 00:30:39)(time 2033 - 00:33:53) ->    14(time 2112 - 00:35:12)(time 2319 - 00:38:39) ->    13(time 2375 - 00:39:35)(time 2600 - 00:43:20) ->    12(time 2879 - 00:47:59)(time 3100 - 00:51:40) ->    11(time 3379 - 00:56:19)(time 3379 - 00:56:19) ->    0(time 3458 - 00:57:38)(time 3679 - 01:01:19) ->    1(time 3758 - 01:02:38)(time 3983 - 01:06:23) ->    2(time 4039 - 01:07:19)(time 4246 - 01:10:46) ->    3(time 4325 - 01:12:05)(time 4519 - 01:15:19) ->    4(time 4598 - 01:16:38)(time 4830 - 01:20:30) ->    5(time 4909 - 01:21:49)(time 5103 - 01:25:03) ->    6(time 5182 - 01:26:22)(time 5411 - 01:30:11) ->    7(time 5490 - 01:31:30)(time 5685 - 01:34:45) ->    8(time 5764 - 01:36:04)(time 5971 - 01:39:31) ->    9(time 6250 - 01:44:10)(time 6479 - 01:47:59) ->    10(time 6758 - 01:52:38)(time 6758 - 01:52:38) -> 21
> Trip 1
   21(time 7887 - 02:11:27)(time 8116 - 02:15:16) ->    20(time 8195 - 02:16:35)(time 8402 - 02:20:02) ->    19(time 8481 - 02:21:21)(time 8676 - 02:24:36) ->    18(time 8755 - 02:25:55)(time 8984 - 02:29:44) ->    17(time 9063 - 02:31:03)(time 9257 - 02:34:17) ->    16(time 9336 - 02:35:36)(time 9568 - 02:39:28) ->    15(time 9647 - 02:40:47)(time 9841 - 02:44:01) ->    14(time 9920 - 02:45:20)(time 10127 - 02:48:47) ->    13(time 10183 - 02:49:43)(time 10408 - 02:53:28) ->    12(time 10782 - 02:59:42)(time 11003 - 03:03:23) ->    11(time 11282 - 03:08:02)(time 11282 - 03:08:02) ->    0(time 11561 - 03:12:41)(time 11782 - 03:16:22) ->    1(time 11861 - 03:17:41)(time 12086 - 03:21:26) ->    2(time 12142 - 03:22:22)(time 12349 - 03:25:49) ->    3(time 12428 - 03:27:08)(time 12622 - 03:30:22) ->    4(time 12701 - 03:31:41)(time 12933 - 03:35:33) ->    5(time 13012 - 03:36:52)(time 13206 - 03:40:06) ->    6(time 13285 - 03:41:25)(time 13514 - 03:45:14) ->    7(time 13593 - 03:46:33)(time 13788 - 03:49:48) ->    8(time 13867 - 03:51:07)(time 14074 - 03:54:34) ->    9(time 14153 - 03:55:53)(time 14382 - 03:59:42) ->    10(time 14661 - 04:04:21)(time 14661 - 04:04:21) -> 21
> Trip 2
   21(time 15790 - 04:23:10)(time 16019 - 04:26:59) ->    20(time 16098 - 04:28:18)(time 16305 - 04:31:45) ->    19(time 16384 - 04:33:04)(time 16579 - 04:36:19) ->    18(time 16658 - 04:37:38)(time 16887 - 04:41:27) ->    17(time 16966 - 04:42:46)(time 17160 - 04:46:00) ->    16(time 17239 - 04:47:19)(time 17471 - 04:51:11) ->    15(time 17550 - 04:52:30)(time 17744 - 04:55:44) ->    14(time 17823 - 04:57:03)(time 18030 - 05:00:30) ->    13(time 18086 - 05:01:26)(time 18311 - 05:05:11) ->    12(time 18390 - 05:06:30)(time 18611 - 05:10:11) ->    11(time 18890 - 05:14:50)(time 18890 - 05:14:50) ->    0(time 19169 - 05:19:29)(time 19390 - 05:23:10) ->    1(time 19469 - 05:24:29)(time 19694 - 05:28:14) ->    2(time 19750 - 05:29:10)(time 19957 - 05:32:37) ->    3(time 20036 - 05:33:56)(time 20230 - 05:37:10) ->    4(time 20309 - 05:38:29)(time 20541 - 05:42:21) ->    5(time 20620 - 05:43:40)(time 20814 - 05:46:54) ->    6(time 20893 - 05:48:13)(time 21122 - 05:52:02) ->    7(time 21201 - 05:53:21)(time 21396 - 05:56:36) ->    8(time 21475 - 05:57:55)(time 21682 - 06:01:22) ->    9(time 21761 - 06:02:41)(time 21990 - 06:06:30) ->    10(time 22269 - 06:11:09)(time 22269 - 06:11:09) -> 21
> Trip 3
   21(time 23982 - 06:39:42)(time 24211 - 06:43:31) ->    20(time 24290 - 06:44:50)(time 24497 - 06:48:17) ->    19(time 24576 - 06:49:36)(time 24771 - 06:52:51) ->    18(time 24850 - 06:54:10)(time 25079 - 06:57:59) ->    17(time 25158 - 06:59:18)(time 25352 - 07:02:32) ->    16(time 25431 - 07:03:51)(time 25663 - 07:07:43) ->    15(time 25742 - 07:09:02)(time 25936 - 07:12:16) ->    14(time 26015 - 07:13:35)(time 26222 - 07:17:02) ->    13(time 26278 - 07:17:58)(time 26503 - 07:21:43) ->    12(time 26782 - 07:26:22)(time 27003 - 07:30:03) ->    11(time 27377 - 07:36:17)(time 27377 - 07:36:17) ->    0(time 27560 - 07:39:20)(time 27781 - 07:43:01) ->    1(time 27860 - 07:44:20)(time 28085 - 07:48:05) ->    2(time 28141 - 07:49:01)(time 28348 - 07:52:28) ->    3(time 28427 - 07:53:47)(time 28621 - 07:57:01) ->    4(time 28700 - 07:58:20)(time 28932 - 08:02:12) ->    5(time 29011 - 08:03:31)(time 29205 - 08:06:45) ->    6(time 29284 - 08:08:04)(time 29513 - 08:11:53) ->    7(time 29592 - 08:13:12)(time 29787 - 08:16:27) ->    8(time 29866 - 08:17:46)(time 30073 - 08:21:13) ->    9(time 30152 - 08:22:32)(time 30381 - 08:26:21) ->    10(time 30660 - 08:31:00)(time 30660 - 08:31:00) -> 21
> Trip 4
   21(time 30660 - 08:31:00)(time 30889 - 08:34:49) ->    20(time 31094 - 08:38:14)(time 31301 - 08:41:41) ->    19(time 31380 - 08:43:00)(time 31575 - 08:46:15) ->    18(time 31654 - 08:47:34)(time 31883 - 08:51:23) ->    17(time 31962 - 08:52:42)(time 32156 - 08:55:56) ->    16(time 32530 - 09:02:10)(time 32762 - 09:06:02) ->    15(time 33136 - 09:12:16)(time 33330 - 09:15:30) ->    14(time 33704 - 09:21:44)(time 33911 - 09:25:11) ->    13(time 34285 - 09:31:25)(time 34510 - 09:35:10) ->    12(time 34589 - 09:36:29)(time 34810 - 09:40:10) ->    11(time 35089 - 09:44:49)(time 35089 - 09:44:49) ->    0(time 35089 - 09:44:49)(time 35310 - 09:48:30) ->    1(time 35389 - 09:49:49)(time 35614 - 09:53:34) ->    2(time 35670 - 09:54:30)(time 35877 - 09:57:57) ->    3(time 35956 - 09:59:16)(time 36150 - 10:02:30) ->    4(time 36229 - 10:03:49)(time 36461 - 10:07:41) ->    5(time 36540 - 10:09:00)(time 36734 - 10:12:14) ->    6(time 36813 - 10:13:33)(time 37042 - 10:17:22) ->    7(time 37121 - 10:18:41)(time 37316 - 10:21:56) ->    8(time 37395 - 10:23:15)(time 37602 - 10:26:42) ->    9(time 37681 - 10:28:01)(time 37910 - 10:31:50) ->    10(time 38189 - 10:36:29)(time 38189 - 10:36:29) -> 21
> Trip 5
   21(time 38747 - 10:45:47)(time 38976 - 10:49:36) ->    20(time 39055 - 10:50:55)(time 39262 - 10:54:22) ->    19(time 39341 - 10:55:41)(time 39536 - 10:58:56) ->    18(time 39615 - 11:00:15)(time 39844 - 11:04:04) ->    17(time 39923 - 11:05:23)(time 40117 - 11:08:37) ->    16(time 40196 - 11:09:56)(time 40428 - 11:13:48) ->    15(time 40507 - 11:15:07)(time 40701 - 11:18:21) ->    14(time 40780 - 11:19:40)(time 40987 - 11:23:07) ->    13(time 41043 - 11:24:03)(time 41268 - 11:27:48) ->    12(time 41347 - 11:29:07)(time 41568 - 11:32:48) ->    11(time 41847 - 11:37:27)(time 41847 - 11:37:27) ->    0(time 41847 - 11:37:27)(time 42068 - 11:41:08) ->    1(time 42147 - 11:42:27)(time 42372 - 11:46:12) ->    2(time 42428 - 11:47:08)(time 42635 - 11:50:35) ->    3(time 42714 - 11:51:54)(time 42908 - 11:55:08) ->    4(time 42987 - 11:56:27)(time 43219 - 12:00:19) ->    5(time 43298 - 12:01:38)(time 43492 - 12:04:52) ->    6(time 43571 - 12:06:11)(time 43800 - 12:10:00) ->    7(time 43879 - 12:11:19)(time 44074 - 12:14:34) ->    8(time 44232 - 12:17:12)(time 44439 - 12:20:39) ->    9(time 44718 - 12:25:18)(time 44947 - 12:29:07) ->    10(time 45226 - 12:33:46)(time 45226 - 12:33:46) -> 21
=============
Train 2
=============
> Trip 0
   21(time 158 - 00:02:38)(time 387 - 00:06:27) ->    20(time 466 - 00:07:46)(time 673 - 00:11:13) ->    19(time 752 - 00:12:32)(time 947 - 00:15:47) ->    18(time 1026 - 00:17:06)(time 1255 - 00:20:55) ->    17(time 1334 - 00:22:14)(time 1528 - 00:25:28) ->    16(time 1607 - 00:26:47)(time 1839 - 00:30:39) ->    15(time 1918 - 00:31:58)(time 2112 - 00:35:12) ->    14(time 2191 - 00:36:31)(time 2398 - 00:39:58) ->    13(time 2654 - 00:44:14)(time 2879 - 00:47:59) ->    12(time 3158 - 00:52:38)(time 3379 - 00:56:19) ->    11(time 3658 - 01:00:58)(time 3658 - 01:00:58) ->    0(time 3658 - 01:00:58)(time 3879 - 01:04:39) ->    1(time 3958 - 01:05:58)(time 4183 - 01:09:43) ->    2(time 4239 - 01:10:39)(time 4446 - 01:14:06) ->    3(time 4525 - 01:15:25)(time 4719 - 01:18:39) ->    4(time 4798 - 01:19:58)(time 5030 - 01:23:50) ->    5(time 5109 - 01:25:09)(time 5303 - 01:28:23) ->    6(time 5382 - 01:29:42)(time 5611 - 01:33:31) ->    7(time 5769 - 01:36:09)(time 5964 - 01:39:24) ->    8(time 6043 - 01:40:43)(time 6250 - 01:44:10) ->    9(time 6624 - 01:50:24)(time 6853 - 01:54:13) ->    10(time 7227 - 02:00:27)(time 7227 - 02:00:27) -> 21
> Trip 1
   21(time 8008 - 02:13:28)(time 8237 - 02:17:17) ->    20(time 8316 - 02:18:36)(time 8523 - 02:22:03) ->    19(time 8602 - 02:23:22)(time 8797 - 02:26:37) ->    18(time 8876 - 02:27:56)(time 9105 - 02:31:45) ->    17(time 9184 - 02:33:04)(time 9378 - 02:36:18) ->    16(time 9592 - 02:39:52)(time 9824 - 02:43:44) ->    15(time 9903 - 02:45:03)(time 10097 - 02:48:17) ->    14(time 10176 - 02:49:36)(time 10383 - 02:53:03) ->    13(time 10757 - 02:59:17)(time 10982 - 03:03:02) ->    12(time 11061 - 03:04:21)(time 11282 - 03:08:02) ->    11(time 11561 - 03:12:41)(time 11561 - 03:12:41) ->    0(time 11640 - 03:14:00)(time 11861 - 03:17:41) ->    1(time 11940 - 03:19:00)(time 12165 - 03:22:45) ->    2(time 12221 - 03:23:41)(time 12428 - 03:27:08) ->    3(time 12507 - 03:28:27)(time 12701 - 03:31:41) ->    4(time 12780 - 03:33:00)(time 13012 - 03:36:52) ->    5(time 13091 - 03:38:11)(time 13285 - 03:41:25) ->    6(time 13364 - 03:42:44)(time 13593 - 03:46:33) ->    7(time 13672 - 03:47:52)(time 13867 - 03:51:07) ->    8(time 13946 - 03:52:26)(time 14153 - 03:55:53) ->    9(time 14527 - 04:02:07)(time 14756 - 04:05:56) ->    10(time 15130 - 04:12:10)(time 15130 - 04:12:10) -> 21
> Trip 2
   21(time 15869 - 04:24:29)(time 16098 - 04:28:18) ->    20(time 16177 - 04:29:37)(time 16384 - 04:33:04) ->    19(time 16463 - 04:34:23)(time 16658 - 04:37:38) ->    18(time 16737 - 04:38:57)(time 16966 - 04:42:46) ->    17(time 17045 - 04:44:05)(time 17239 - 04:47:19) ->    16(time 17318 - 04:48:38)(time 17550 - 04:52:30) ->    15(time 17629 - 04:53:49)(time 17823 - 04:57:03) ->    14(time 17902 - 04:58:22)(time 18109 - 05:01:49) ->    13(time 18165 - 05:02:45)(time 18390 - 05:06:30) ->    12(time 18669 - 05:11:09)(time 18890 - 05:14:50) ->    11(time 19169 - 05:19:29)(time 19169 - 05:19:29) ->    0(time 19248 - 05:20:48)(time 19469 - 05:24:29) ->    1(time 19548 - 05:25:48)(time 19773 - 05:29:33) ->    2(time 19829 - 05:30:29)(time 20036 - 05:33:56) ->    3(time 20115 - 05:35:15)(time 20309 - 05:38:29) ->    4(time 20388 - 05:39:48)(time 20620 - 05:43:40) ->    5(time 20699 - 05:44:59)(time 20893 - 05:48:13) ->    6(time 20972 - 05:49:32)(time 21201 - 05:53:21) ->    7(time 21280 - 05:54:40)(time 21475 - 05:57:55) ->    8(time 21554 - 05:59:14)(time 21761 - 06:02:41) ->    9(time 22040 - 06:07:20)(time 22269 - 06:11:09) ->    10(time 22548 - 06:15:48)(time 22548 - 06:15:48) -> 21
> Trip 3
   21(time 23624 - 06:33:44)(time 23853 - 06:37:33) ->    20(time 23932 - 06:38:52)(time 24139 - 06:42:19) ->    19(time 24218 - 06:43:38)(time 24413 - 06:46:53) ->    18(time 24492 - 06:48:12)(time 24721 - 06:52:01) ->    17(time 24800 - 06:53:20)(time 24994 - 06:56:34) ->    16(time 25073 - 06:57:53)(time 25305 - 07:01:45) ->    15(time 25384 - 07:03:04)(time 25578 - 07:06:18) ->    14(time 25657 - 07:07:37)(time 25864 - 07:11:04) ->    13(time 25920 - 07:12:00)(time 26145 - 07:15:45) ->    12(time 26224 - 07:17:04)(time 26445 - 07:20:45) ->    11(time 26724 - 07:25:24)(time 26724 - 07:25:24) ->    0(time 27003 - 07:30:03)(time 27224 - 07:33:44) ->    1(time 27303 - 07:35:03)(time 27528 - 07:38:48) ->    2(time 27584 - 07:39:44)(time 27791 - 07:43:11) ->    3(time 27870 - 07:44:30)(time 28064 - 07:47:44) ->    4(time 28143 - 07:49:03)(time 28375 - 07:52:55) ->    5(time 28454 - 07:54:14)(time 28648 - 07:57:28) ->    6(time 28727 - 07:58:47)(time 28956 - 08:02:36) ->    7(time 29035 - 08:03:55)(time 29230 - 08:07:10) ->    8(time 29309 - 08:08:29)(time 29516 - 08:11:56) ->    9(time 29595 - 08:13:15)(time 29824 - 08:17:04) ->    10(time 30103 - 08:21:43)(time 30103 - 08:21:43) -> 21
> Trip 4
   21(time 30381 - 08:26:21)(time 30610 - 08:30:10) ->    20(time 30689 - 08:31:29)(time 30896 - 08:34:56) ->    19(time 30975 - 08:36:15)(time 31170 - 08:39:30) ->    18(time 31249 - 08:40:49)(time 31478 - 08:44:38) ->    17(time 31557 - 08:45:57)(time 31751 - 08:49:11) ->    16(time 31830 - 08:50:30)(time 32062 - 08:54:22) ->    15(time 32141 - 08:55:41)(time 32335 - 08:58:55) ->    14(time 32414 - 09:00:14)(time 32621 - 09:03:41) ->    13(time 32677 - 09:04:37)(time 32902 - 09:08:22) ->    12(time 32981 - 09:09:41)(time 33202 - 09:13:22) ->    11(time 33481 - 09:18:01)(time 33481 - 09:18:01) ->    0(time 33481 - 09:18:01)(time 33702 - 09:21:42) ->    1(time 33781 - 09:23:01)(time 34006 - 09:26:46) ->    2(time 34285 - 09:31:25)(time 34492 - 09:34:52) ->    3(time 34571 - 09:36:11)(time 34765 - 09:39:25) ->    4(time 34844 - 09:40:44)(time 35076 - 09:44:36) ->    5(time 35155 - 09:45:55)(time 35349 - 09:49:09) ->    6(time 35428 - 09:50:28)(time 35657 - 09:54:17) ->    7(time 35736 - 09:55:36)(time 35931 - 09:58:51) ->    8(time 36010 - 10:00:10)(time 36217 - 10:03:37) ->    9(time 36296 - 10:04:56)(time 36525 - 10:08:45) ->    10(time 36804 - 10:13:24)(time 36804 - 10:13:24) -> 21
> Trip 5
   21(time 39909 - 11:05:09)(time 40138 - 11:08:58) ->    20(time 40217 - 11:10:17)(time 40424 - 11:13:44) ->    19(time 40503 - 11:15:03)(time 40698 - 11:18:18) ->    18(time 40777 - 11:19:37)(time 41006 - 11:23:26) ->    17(time 41085 - 11:24:45)(time 41279 - 11:27:59) ->    16(time 41358 - 11:29:18)(time 41590 - 11:33:10) ->    15(time 41669 - 11:34:29)(time 41863 - 11:37:43) ->    14(time 41942 - 11:39:02)(time 42149 - 11:42:29) ->    13(time 42372 - 11:46:12)(time 42597 - 11:49:57) ->    12(time 42676 - 11:51:16)(time 42897 - 11:54:57) ->    11(time 43176 - 11:59:36)(time 43176 - 11:59:36) ->    0(time 43176 - 11:59:36)(time 43397 - 12:03:17) ->    1(time 43476 - 12:04:36)(time 43701 - 12:08:21) ->    2(time 43757 - 12:09:17)(time 43964 - 12:12:44) ->    3(time 44043 - 12:14:03)(time 44237 - 12:17:17) ->    4(time 44316 - 12:18:36)(time 44548 - 12:22:28) ->    5(time 44627 - 12:23:47)(time 44821 - 12:27:01) ->    6(time 44900 - 12:28:20)(time 45129 - 12:32:09) ->    7(time 45208 - 12:33:28)(time 45403 - 12:36:43) ->    8(time 45482 - 12:38:02)(time 45689 - 12:41:29) ->    9(time 45768 - 12:42:48)(time 45997 - 12:46:37) ->    10(time 46276 - 12:51:16)(time 46276 - 12:51:16) -> 21
=============
Train 3
=============
> Trip 0
   21(time 0 - 00:00:00)(time 229 - 00:03:49) ->    20(time 308 - 00:05:08)(time 515 - 00:08:35) ->    19(time 594 - 00:09:54)(time 789 - 00:13:09) ->    18(time 868 - 00:14:28)(time 1097 - 00:18:17) ->    17(time 1176 - 00:19:36)(time 1370 - 00:22:50) ->    16(time 1449 - 00:24:09)(time 1681 - 00:28:01) ->    15(time 1760 - 00:29:20)(time 1954 - 00:32:34) ->    14(time 2033 - 00:33:53)(time 2240 - 00:37:20) ->    13(time 2296 - 00:38:16)(time 2521 - 00:42:01) ->    12(time 2600 - 00:43:20)(time 2821 - 00:47:01) ->    11(time 3100 - 00:51:40)(time 3100 - 00:51:40) ->    0(time 3379 - 00:56:19)(time 3600 - 01:00:00) ->    1(time 3679 - 01:01:19)(time 3904 - 01:05:04) ->    2(time 3960 - 01:06:00)(time 4167 - 01:09:27) ->    3(time 4246 - 01:10:46)(time 4440 - 01:14:00) ->    4(time 4519 - 01:15:19)(time 4751 - 01:19:11) ->    5(time 4830 - 01:20:30)(time 5024 - 01:23:44) ->    6(time 5103 - 01:25:03)(time 5332 - 01:28:52) ->    7(time 5411 - 01:30:11)(time 5606 - 01:33:26) ->    8(time 5685 - 01:34:45)(time 5892 - 01:38:12) ->    9(time 5971 - 01:39:31)(time 6200 - 01:43:20) ->    10(time 6479 - 01:47:59)(time 6479 - 01:47:59) -> 21
> Trip 1
   21(time 7808 - 02:10:08)(time 8037 - 02:13:57) ->    20(time 8116 - 02:15:16)(time 8323 - 02:18:43) ->    19(time 8402 - 02:20:02)(time 8597 - 02:23:17) ->    18(time 8676 - 02:24:36)(time 8905 - 02:28:25) ->    17(time 8984 - 02:29:44)(time 9178 - 02:32:58) ->    16(time 9257 - 02:34:17)(time 9489 - 02:38:09) ->    15(time 9568 - 02:39:28)(time 9762 - 02:42:42) ->    14(time 9841 - 02:44:01)(time 10048 - 02:47:28) ->    13(time 10104 - 02:48:24)(time 10329 - 02:52:09) ->    12(time 10408 - 02:53:28)(time 10629 - 02:57:09) ->    11(time 10908 - 03:01:48)(time 10908 - 03:01:48) ->    0(time 11282 - 03:08:02)(time 11503 - 03:11:43) ->    1(time 11582 - 03:13:02)(time 11807 - 03:16:47) ->    2(time 11863 - 03:17:43)(time 12070 - 03:21:10) ->    3(time 12149 - 03:22:29)(time 12343 - 03:25:43) ->    4(time 12422 - 03:27:02)(time 12654 - 03:30:54) ->    5(time 12733 - 03:32:13)(time 12927 - 03:35:27) ->    6(time 13006 - 03:36:46)(time 13235 - 03:40:35) ->    7(time 13314 - 03:41:54)(time 13509 - 03:45:09) ->    8(time 13588 - 03:46:28)(time 13795 - 03:49:55) ->    9(time 13874 - 03:51:14)(time 14103 - 03:55:03) ->    10(time 14382 - 03:59:42)(time 14382 - 03:59:42) -> 21
> Trip 2
   21(time 30460 - 08:27:40)(time 30689 - 08:31:29) ->    20(time 30768 - 08:32:48)(time 30975 - 08:36:15) ->    19(time 31054 - 08:37:34)(time 31249 - 08:40:49) ->    18(time 31328 - 08:42:08)(time 31557 - 08:45:57) ->    17(time 31636 - 08:47:16)(time 31830 - 08:50:30) ->    16(time 31909 - 08:51:49)(time 32141 - 08:55:41) ->    15(time 32220 - 08:57:00)(time 32414 - 09:00:14) ->    14(time 32493 - 09:01:33)(time 32700 - 09:05:00) ->    13(time 32956 - 09:09:16)(time 33181 - 09:13:01) ->    12(time 33260 - 09:14:20)(time 33481 - 09:18:01) ->    11(time 33760 - 09:22:40)(time 33760 - 09:22:40) ->    0(time 33760 - 09:22:40)(time 33981 - 09:26:21) ->    1(time 34060 - 09:27:40)(time 34285 - 09:31:25) ->    2(time 34659 - 09:37:39)(time 34866 - 09:41:06) ->    3(time 35240 - 09:47:20)(time 35434 - 09:50:34) ->    4(time 35808 - 09:56:48)(time 36040 - 10:00:40) ->    5(time 36119 - 10:01:59)(time 36313 - 10:05:13) ->    6(time 36392 - 10:06:32)(time 36621 - 10:10:21) ->    7(time 36700 - 10:11:40)(time 36895 - 10:14:55) ->    8(time 36974 - 10:16:14)(time 37181 - 10:19:41) ->    9(time 37260 - 10:21:00)(time 37489 - 10:24:49) ->    10(time 37768 - 10:29:28)(time 37768 - 10:29:28) -> 21
> Trip 3
   21(time 38189 - 10:36:29)(time 38418 - 10:40:18) ->    20(time 38497 - 10:41:37)(time 38704 - 10:45:04) ->    19(time 38783 - 10:46:23)(time 38978 - 10:49:38) ->    18(time 39057 - 10:50:57)(time 39286 - 10:54:46) ->    17(time 39365 - 10:56:05)(time 39559 - 10:59:19) ->    16(time 39638 - 11:00:38)(time 39870 - 11:04:30) ->    15(time 39949 - 11:05:49)(time 40143 - 11:09:03) ->    14(time 40222 - 11:10:22)(time 40429 - 11:13:49) ->    13(time 40485 - 11:14:45)(time 40710 - 11:18:30) ->    12(time 40789 - 11:19:49)(time 41010 - 11:23:30) ->    11(time 41289 - 11:28:09)(time 41289 - 11:28:09) ->    0(time 41568 - 11:32:48)(time 41789 - 11:36:29) ->    1(time 41868 - 11:37:48)(time 42093 - 11:41:33) ->    2(time 42149 - 11:42:29)(time 42356 - 11:45:56) ->    3(time 42435 - 11:47:15)(time 42629 - 11:50:29) ->    4(time 42708 - 11:51:48)(time 42940 - 11:55:40) ->    5(time 43019 - 11:56:59)(time 43213 - 12:00:13) ->    6(time 43292 - 12:01:32)(time 43521 - 12:05:21) ->    7(time 43600 - 12:06:40)(time 43795 - 12:09:55) ->    8(time 43874 - 12:11:14)(time 44081 - 12:14:41) ->    9(time 44160 - 12:16:00)(time 44389 - 12:19:49) ->    10(time 44668 - 12:24:28)(time 44668 - 12:24:28) -> 21
