t4p16r2h2.txt:
   > Trying to open the instance file...
   > Reading number of trains...
   > Reading maximum number of trips per train...
   > Reading time intervals...
   > Reading number of points...
   > Reading stations...
   > Reading crossings...
   > Reading depots...
   > Reading initial point...
   > Reading routes...
   > Reading distance and distance and service...
   > Reading demands...
   > Reading maximum time...
   > Reading alpha...

--------------------------------
 Printing instance
--------------------------------
number of trains = 4
	max trips per trains: 4     4     4     4
number of intervals = 2
	(0,  23448)	(23449,  46897)
number of points = 16
	initial point: 0
	stations: 0     1     2     3     4     6     8     9    10    12    13    14    15
	crossings: 0     1     4     5     7    11    13    15
	depots: 0    15
number of vertices = 32
	total vertices: 0     1     2     3     4     5     6     7     8     9    10    11    12    13    14    15    16    17    18    19    20    21    22    23    24    25    26    27    28    29    30    31
	upper vertices: 0     1     2     3     4     5     6     7     8     9    10    11    12    13    14    15
	lower vertices: 16    17    18    19    20    21    22    23    24    25    26    27    28    29    30    31
	vertices of point #0: (0, 16)
	vertices of point #1: (1, 17)
	vertices of point #2: (2, 18)
	vertices of point #3: (3, 19)
	vertices of point #4: (4, 20)
	vertices of point #5: (5, 21)
	vertices of point #6: (6, 22)
	vertices of point #7: (7, 23)
	vertices of point #8: (8, 24)
	vertices of point #9: (9, 25)
	vertices of point #10: (10, 26)
	vertices of point #11: (11, 27)
	vertices of point #12: (12, 28)
	vertices of point #13: (13, 29)
	vertices of point #14: (14, 30)
	vertices of point #15: (15, 31)

arcs...
	total arcs: 
		arc #0: (0, 1)
		arc #1: (0, 16)
		arc #2: (16, 0)
		arc #3: (1, 2)
		arc #4: (17, 16)
		arc #5: (2, 3)
		arc #6: (18, 17)
		arc #7: (3, 4)
		arc #8: (19, 18)
		arc #9: (4, 5)
		arc #10: (20, 19)
		arc #11: (5, 6)
		arc #12: (21, 20)
		arc #13: (6, 7)
		arc #14: (22, 21)
		arc #15: (7, 8)
		arc #16: (23, 22)
		arc #17: (8, 9)
		arc #18: (24, 23)
		arc #19: (9, 10)
		arc #20: (25, 24)
		arc #21: (10, 11)
		arc #22: (26, 25)
		arc #23: (11, 12)
		arc #24: (27, 26)
		arc #25: (12, 13)
		arc #26: (28, 27)
		arc #27: (13, 14)
		arc #28: (29, 28)
		arc #29: (14, 15)
		arc #30: (30, 29)
		arc #31: (31, 30)
		arc #32: (15, 31)
		arc #33: (31, 15)

	reverse arcs: 
		arc #1: (0, 16)
		arc #2: (16, 0)
		arc #32: (15, 31)
		arc #33: (31, 15)


incompatible points...
	(0, 0, 17, (0, 1))	(17, 17, 0, (17, 16))	(1, 3, 20, (3, 4))	(20, 18, 1, (18, 17))	(4, 4, 21, (4, 5))	(21, 21, 4, (21, 20))	(5, 6, 23, (6, 7))	(23, 22, 5, (22, 21))	(7, 10, 27, (10, 11))	(27, 24, 7, (24, 23))	(11, 12, 29, (12, 13))	(29, 28, 11, (28, 27))	(13, 14, 31, (14, 15))	(31, 30, 13, (30, 29))

number of routes = 2
vertices of routes...
	route #0: 0     1     2     3     4     5     6     7     8     9    10    11    12    13    14    15    31    30    29    28    27    26    25    24    23    22    21    20    19    18    17    16     0
	route #1: 31    30    29    28    27    26    25    24    23    22    21    20    19    18    17    16     0     1     2     3     4     5     6     7     8     9    10    11    12    13    14    15    31
arcs of routes...
	route #0: 0     3     5     7     9    11    13    15    17    19    21    23    25    27    29    32    31    30    28    26    24    22    20    18    16    14    12    10     8     6     4     2
	route #1: 31    30    28    26    24    22    20    18    16    14    12    10     8     6     4     2     0     3     5     7     9    11    13    15    17    19    21    23    25    27    29    32

incompatible routes...
	(0, 1)    	(1, 0)

vertices that can be adjacent in consecutive trips...
	(0, 0)    	(31, 31)
non cyclical routes: 


routes of trip...
	routes that train #0 can complete at trip #0: 0
	routes that train #0 can complete at trip #1: 0       1
	routes that train #0 can complete at trip #2: 0       1
	routes that train #0 can complete at trip #3: 0       1

	routes that train #1 can complete at trip #0: 0
	routes that train #1 can complete at trip #1: 0       1
	routes that train #1 can complete at trip #2: 0       1
	routes that train #1 can complete at trip #3: 0       1

	routes that train #2 can complete at trip #0: 0
	routes that train #2 can complete at trip #1: 0       1
	routes that train #2 can complete at trip #2: 0       1
	routes that train #2 can complete at trip #3: 0       1

	routes that train #3 can complete at trip #0: 0
	routes that train #3 can complete at trip #1: 0       1
	routes that train #3 can complete at trip #2: 0       1
	routes that train #3 can complete at trip #3: 0       1

 cost...
	arc #0 [0][1]: 204
	arc #1 [0][16]: 0
	arc #2 [16][0]: 0
	arc #3 [1][2]: 207
	arc #4 [17][16]: 204
	arc #5 [2][3]: 209
	arc #6 [18][17]: 207
	arc #7 [3][4]: 205
	arc #8 [19][18]: 209
	arc #9 [4][5]: 229
	arc #10 [20][19]: 205
	arc #11 [5][6]: 224
	arc #12 [21][20]: 229
	arc #13 [6][7]: 195
	arc #14 [22][21]: 224
	arc #15 [7][8]: 194
	arc #16 [23][22]: 195
	arc #17 [8][9]: 199
	arc #18 [24][23]: 194
	arc #19 [9][10]: 198
	arc #20 [25][24]: 199
	arc #21 [10][11]: 196
	arc #22 [26][25]: 198
	arc #23 [11][12]: 222
	arc #24 [27][26]: 196
	arc #25 [12][13]: 229
	arc #26 [28][27]: 222
	arc #27 [13][14]: 198
	arc #28 [29][28]: 229
	arc #29 [14][15]: 223
	arc #30 [30][29]: 198
	arc #31 [31][30]: 223
	arc #32 [15][31]: 0
	arc #33 [31][15]: 0

cost with minimum service...
	arc #0 [0][1]: 289
	arc #1 [0][16]: 0
	arc #2 [16][0]: 0
	arc #3 [1][2]: 292
	arc #4 [17][16]: 465
	arc #5 [2][3]: 294
	arc #6 [18][17]: 292
	arc #7 [3][4]: 290
	arc #8 [19][18]: 294
	arc #9 [4][5]: 264
	arc #10 [20][19]: 290
	arc #11 [5][6]: 309
	arc #12 [21][20]: 314
	arc #13 [6][7]: 230
	arc #14 [22][21]: 259
	arc #15 [7][8]: 279
	arc #16 [23][22]: 280
	arc #17 [8][9]: 284
	arc #18 [24][23]: 229
	arc #19 [9][10]: 283
	arc #20 [25][24]: 284
	arc #21 [10][11]: 231
	arc #22 [26][25]: 283
	arc #23 [11][12]: 307
	arc #24 [27][26]: 281
	arc #25 [12][13]: 314
	arc #26 [28][27]: 257
	arc #27 [13][14]: 283
	arc #28 [29][28]: 314
	arc #29 [14][15]: 484
	arc #30 [30][29]: 283
	arc #31 [31][30]: 308
	arc #32 [15][31]: 0
	arc #33 [31][15]: 0

cost with maximum service...
	arc #0 [0][1]: 602
	arc #1 [0][16]: 398
	arc #2 [16][0]: 398
	arc #3 [1][2]: 605
	arc #4 [17][16]: 602
	arc #5 [2][3]: 607
	arc #6 [18][17]: 605
	arc #7 [3][4]: 603
	arc #8 [19][18]: 607
	arc #9 [4][5]: 627
	arc #10 [20][19]: 603
	arc #11 [5][6]: 622
	arc #12 [21][20]: 627
	arc #13 [6][7]: 593
	arc #14 [22][21]: 622
	arc #15 [7][8]: 592
	arc #16 [23][22]: 593
	arc #17 [8][9]: 597
	arc #18 [24][23]: 592
	arc #19 [9][10]: 596
	arc #20 [25][24]: 597
	arc #21 [10][11]: 594
	arc #22 [26][25]: 596
	arc #23 [11][12]: 620
	arc #24 [27][26]: 594
	arc #25 [12][13]: 627
	arc #26 [28][27]: 620
	arc #27 [13][14]: 596
	arc #28 [29][28]: 627
	arc #29 [14][15]: 621
	arc #30 [30][29]: 596
	arc #31 [31][30]: 621
	arc #32 [15][31]: 398
	arc #33 [31][15]: 398

demands...
	demands of vertex 0 at time interval: 7     7
	demands of vertex 1 at time interval: 7     7
	demands of vertex 2 at time interval: 7     7
	demands of vertex 3 at time interval: 7     7
	demands of vertex 4 at time interval: 7     7
	demands of vertex 5 at time interval: 0     0
	demands of vertex 6 at time interval: 7     7
	demands of vertex 7 at time interval: 0     0
	demands of vertex 8 at time interval: 7     7
	demands of vertex 9 at time interval: 7     7
	demands of vertex 10 at time interval: 7     7
	demands of vertex 11 at time interval: 0     0
	demands of vertex 12 at time interval: 7     7
	demands of vertex 13 at time interval: 7     7
	demands of vertex 14 at time interval: 7     7
	demands of vertex 15 at time interval: 0     0
	demands of vertex 16 at time interval: 0     0
	demands of vertex 17 at time interval: 7     7
	demands of vertex 18 at time interval: 7     7
	demands of vertex 19 at time interval: 7     7
	demands of vertex 20 at time interval: 7     7
	demands of vertex 21 at time interval: 0     0
	demands of vertex 22 at time interval: 7     7
	demands of vertex 23 at time interval: 0     0
	demands of vertex 24 at time interval: 7     7
	demands of vertex 25 at time interval: 7     7
	demands of vertex 26 at time interval: 7     7
	demands of vertex 27 at time interval: 0     0
	demands of vertex 28 at time interval: 7     7
	demands of vertex 29 at time interval: 7     7
	demands of vertex 30 at time interval: 7     7
	demands of vertex 31 at time interval: 7     7

maximum time = 46897
alpha = 68
Starting to test combinations... - Total number of combinations = 256
Found new best - 1/256
10% done - 26/256 combination(s) tested! (Thread 0)
20% done - 52/256 combination(s) tested! (Thread 0)
30% done - 78/256 combination(s) tested! (Thread 0)
40% done - 104/256 combination(s) tested! (Thread 0)
50% done - 130/256 combination(s) tested! (Thread 0)
60% done - 156/256 combination(s) tested! (Thread 0)
70% done - 182/256 combination(s) tested! (Thread 0)
80% done - 208/256 combination(s) tested! (Thread 0)
90% done - 234/256 combination(s) tested! (Thread 0)
	Cannot prove optimality!

>> Printing some results...
    -> Solution value = 30590 - 08:29:50
    -> Total time = 3628.44

=============
Train 0
=============
> Trip 0
   0(time 3108 - 00:51:48)(time 3312 - 00:55:12) ->    1(time 3397 - 00:56:37)(time 3604 - 01:00:04) ->    2(time 3689 - 01:01:29)(time 3898 - 01:04:58) ->    3(time 3983 - 01:06:23)(time 4188 - 01:09:48) ->    4(time 4273 - 01:11:13)(time 4502 - 01:15:02) ->    5(time 4537 - 01:15:37)(time 4761 - 01:19:21) ->    6(time 4885 - 01:21:25)(time 5080 - 01:24:40) ->    7(time 5115 - 01:25:15)(time 5309 - 01:28:29) ->    8(time 5394 - 01:29:54)(time 5593 - 01:33:13) ->    9(time 5678 - 01:34:38)(time 5876 - 01:37:56) ->    10(time 6274 - 01:44:34)(time 6470 - 01:47:50) ->    11(time 6505 - 01:48:25)(time 6727 - 01:52:07) ->    12(time 6812 - 01:53:32)(time 7041 - 01:57:21) ->    13(time 7126 - 01:58:46)(time 7324 - 02:02:04) ->    14(time 7409 - 02:03:29)(time 7632 - 02:07:12) ->    15(time 7893 - 02:11:33)(time 7893 - 02:11:33) ->    31(time 7893 - 02:11:33)(time 8116 - 02:15:16) ->    30(time 8201 - 02:16:41)(time 8399 - 02:19:59) ->    29(time 8484 - 02:21:24)(time 8713 - 02:25:13) ->    28(time 9111 - 02:31:51)(time 9333 - 02:35:33) ->    27(time 9730 - 02:42:10)(time 9926 - 02:45:26) ->    26(time 10011 - 02:46:51)(time 10209 - 02:50:09) ->    25(time 10294 - 02:51:34)(time 10493 - 02:54:53) ->    24(time 10578 - 02:56:18)(time 10772 - 02:59:32) ->    23(time 10807 - 03:00:07)(time 11002 - 03:03:22) ->    22(time 11087 - 03:04:47)(time 11311 - 03:08:31) ->    21(time 11346 - 03:09:06)(time 11575 - 03:12:55) ->    20(time 11660 - 03:14:20)(time 11865 - 03:17:45) ->    19(time 11950 - 03:19:10)(time 12159 - 03:22:39) ->    18(time 12244 - 03:24:04)(time 12451 - 03:27:31) ->    17(time 12849 - 03:34:09)(time 13053 - 03:37:33) ->    16(time 13451 - 03:44:11)(time 13451 - 03:44:11) -> 0
> Trip 1
   0(time 14078 - 03:54:38)(time 14282 - 03:58:02) ->    1(time 14603 - 04:03:23)(time 14810 - 04:06:50) ->    2(time 14895 - 04:08:15)(time 15104 - 04:11:44) ->    3(time 15189 - 04:13:09)(time 15394 - 04:16:34) ->    4(time 15479 - 04:17:59)(time 15708 - 04:21:48) ->    5(time 15743 - 04:22:23)(time 15967 - 04:26:07) ->    6(time 16052 - 04:27:32)(time 16247 - 04:30:47) ->    7(time 16282 - 04:31:22)(time 16476 - 04:34:36) ->    8(time 16561 - 04:36:01)(time 16760 - 04:39:20) ->    9(time 16845 - 04:40:45)(time 17043 - 04:44:03) ->    10(time 17128 - 04:45:28)(time 17324 - 04:48:44) ->    11(time 17722 - 04:55:22)(time 17944 - 04:59:04) ->    12(time 18029 - 05:00:29)(time 18258 - 05:04:18) ->    13(time 18343 - 05:05:43)(time 18541 - 05:09:01) ->    14(time 18626 - 05:10:26)(time 18849 - 05:14:09) ->    15(time 19110 - 05:18:30)(time 19110 - 05:18:30) ->    31(time 19110 - 05:18:30)(time 19333 - 05:22:13) ->    30(time 19418 - 05:23:38)(time 19616 - 05:26:56) ->    29(time 19701 - 05:28:21)(time 19930 - 05:32:10) ->    28(time 20015 - 05:33:35)(time 20237 - 05:37:17) ->    27(time 20272 - 05:37:52)(time 20468 - 05:41:08) ->    26(time 20553 - 05:42:33)(time 20751 - 05:45:51) ->    25(time 20836 - 05:47:16)(time 21035 - 05:50:35) ->    24(time 21120 - 05:52:00)(time 21314 - 05:55:14) ->    23(time 21349 - 05:55:49)(time 21544 - 05:59:04) ->    22(time 21629 - 06:00:29)(time 21853 - 06:04:13) ->    21(time 21888 - 06:04:48)(time 22117 - 06:08:37) ->    20(time 22369 - 06:12:49)(time 22574 - 06:16:14) ->    19(time 22659 - 06:17:39)(time 22868 - 06:21:08) ->    18(time 22953 - 06:22:33)(time 23160 - 06:26:00) ->    17(time 23245 - 06:27:25)(time 23449 - 06:30:49) ->    16(time 23710 - 06:35:10)(time 23710 - 06:35:10) -> 0
> Trip 2
   0(time 23857 - 06:37:37)(time 24061 - 06:41:01) ->    1(time 24146 - 06:42:26)(time 24353 - 06:45:53) ->    2(time 24438 - 06:47:18)(time 24647 - 06:50:47) ->    3(time 24732 - 06:52:12)(time 24937 - 06:55:37) ->    4(time 25022 - 06:57:02)(time 25251 - 07:00:51) ->    5(time 25286 - 07:01:26)(time 25510 - 07:05:10) ->    6(time 25595 - 07:06:35)(time 25790 - 07:09:50) ->    7(time 25825 - 07:10:25)(time 26019 - 07:13:39) ->    8(time 26104 - 07:15:04)(time 26303 - 07:18:23) ->    9(time 26388 - 07:19:48)(time 26586 - 07:23:06) ->    10(time 26671 - 07:24:31)(time 26867 - 07:27:47) ->    11(time 26902 - 07:28:22)(time 27124 - 07:32:04) ->    12(time 27209 - 07:33:29)(time 27438 - 07:37:18) ->    13(time 27523 - 07:38:43)(time 27721 - 07:42:01) ->    14(time 27903 - 07:45:03)(time 28126 - 07:48:46) ->    15(time 28387 - 07:53:07)(time 28387 - 07:53:07) ->    31(time 28472 - 07:54:32)(time 28695 - 07:58:15) ->    30(time 28780 - 07:59:40)(time 28978 - 08:02:58) ->    29(time 29063 - 08:04:23)(time 29292 - 08:08:12) ->    28(time 29377 - 08:09:37)(time 29599 - 08:13:19) ->    27(time 29634 - 08:13:54)(time 29830 - 08:17:10) ->    26(time 29915 - 08:18:35)(time 30113 - 08:21:53) ->    25(time 30198 - 08:23:18)(time 30397 - 08:26:37) ->    24(time 30482 - 08:28:02)(time 30676 - 08:31:16) ->    23(time 30711 - 08:31:51)(time 30906 - 08:35:06) ->    22(time 30991 - 08:36:31)(time 31215 - 08:40:15) ->    21(time 31250 - 08:40:50)(time 31479 - 08:44:39) ->    20(time 31564 - 08:46:04)(time 31769 - 08:49:29) ->    19(time 31854 - 08:50:54)(time 32063 - 08:54:23) ->    18(time 32148 - 08:55:48)(time 32355 - 08:59:15) ->    17(time 32616 - 09:03:36)(time 32820 - 09:07:00) ->    16(time 33081 - 09:11:21)(time 33081 - 09:11:21) -> 0
> Trip 3
   0(time 33228 - 09:13:48)(time 33432 - 09:17:12) ->    1(time 33517 - 09:18:37)(time 33724 - 09:22:04) ->    2(time 33809 - 09:23:29)(time 34018 - 09:26:58) ->    3(time 34103 - 09:28:23)(time 34308 - 09:31:48) ->    4(time 34393 - 09:33:13)(time 34622 - 09:37:02) ->    5(time 34657 - 09:37:37)(time 34881 - 09:41:21) ->    6(time 34966 - 09:42:46)(time 35161 - 09:46:01) ->    7(time 35196 - 09:46:36)(time 35390 - 09:49:50) ->    8(time 35475 - 09:51:15)(time 35674 - 09:54:34) ->    9(time 35759 - 09:55:59)(time 35957 - 09:59:17) ->    10(time 36042 - 10:00:42)(time 36238 - 10:03:58) ->    11(time 36273 - 10:04:33)(time 36495 - 10:08:15) ->    12(time 36580 - 10:09:40)(time 36809 - 10:13:29) ->    13(time 36894 - 10:14:54)(time 37092 - 10:18:12) ->    14(time 37216 - 10:20:16)(time 37439 - 10:23:59) ->    15(time 37700 - 10:28:20)(time 37700 - 10:28:20) ->    31(time 37961 - 10:32:41)(time 38184 - 10:36:24) ->    30(time 38269 - 10:37:49)(time 38467 - 10:41:07) ->    29(time 38552 - 10:42:32)(time 38781 - 10:46:21) ->    28(time 38866 - 10:47:46)(time 39088 - 10:51:28) ->    27(time 39123 - 10:52:03)(time 39319 - 10:55:19) ->    26(time 39404 - 10:56:44)(time 39602 - 11:00:02) ->    25(time 39687 - 11:01:27)(time 39886 - 11:04:46) ->    24(time 39971 - 11:06:11)(time 40165 - 11:09:25) ->    23(time 40200 - 11:10:00)(time 40395 - 11:13:15) ->    22(time 40480 - 11:14:40)(time 40704 - 11:18:24) ->    21(time 40739 - 11:18:59)(time 40968 - 11:22:48) ->    20(time 41053 - 11:24:13)(time 41258 - 11:27:38) ->    19(time 41343 - 11:29:03)(time 41552 - 11:32:32) ->    18(time 41637 - 11:33:57)(time 41844 - 11:37:24) ->    17(time 41929 - 11:38:49)(time 42133 - 11:42:13) ->    16(time 42394 - 11:46:34)(time 42394 - 11:46:34) -> 0
=============
Train 1
=============
> Trip 0
   0(time 3023 - 00:50:23)(time 3227 - 00:53:47) ->    1(time 3312 - 00:55:12)(time 3519 - 00:58:39) ->    2(time 3604 - 01:00:04)(time 3813 - 01:03:33) ->    3(time 3898 - 01:04:58)(time 4103 - 01:08:23) ->    4(time 4188 - 01:09:48)(time 4417 - 01:13:37) ->    5(time 4452 - 01:14:12)(time 4676 - 01:17:56) ->    6(time 4761 - 01:19:21)(time 4956 - 01:22:36) ->    7(time 5030 - 01:23:50)(time 5224 - 01:27:04) ->    8(time 5309 - 01:28:29)(time 5508 - 01:31:48) ->    9(time 5593 - 01:33:13)(time 5791 - 01:36:31) ->    10(time 5876 - 01:37:56)(time 6072 - 01:41:12) ->    11(time 6107 - 01:41:47)(time 6329 - 01:45:29) ->    12(time 6414 - 01:46:54)(time 6643 - 01:50:43) ->    13(time 6865 - 01:54:25)(time 7063 - 01:57:43) ->    14(time 7148 - 01:59:08)(time 7371 - 02:02:51) ->    15(time 7632 - 02:07:12)(time 7632 - 02:07:12) ->    31(time 7717 - 02:08:37)(time 7940 - 02:12:20) ->    30(time 8025 - 02:13:45)(time 8223 - 02:17:03) ->    29(time 8308 - 02:18:28)(time 8537 - 02:22:17) ->    28(time 8622 - 02:23:42)(time 8844 - 02:27:24) ->    27(time 8879 - 02:27:59)(time 9075 - 02:31:15) ->    26(time 9160 - 02:32:40)(time 9358 - 02:35:58) ->    25(time 9443 - 02:37:23)(time 9642 - 02:40:42) ->    24(time 9727 - 02:42:07)(time 9921 - 02:45:21) ->    23(time 9956 - 02:45:56)(time 10151 - 02:49:11) ->    22(time 10236 - 02:50:36)(time 10460 - 02:54:20) ->    21(time 10495 - 02:54:55)(time 10724 - 02:58:44) ->    20(time 10809 - 03:00:09)(time 11014 - 03:03:34) ->    19(time 11099 - 03:04:59)(time 11308 - 03:08:28) ->    18(time 11393 - 03:09:53)(time 11600 - 03:13:20) ->    17(time 11861 - 03:17:41)(time 12065 - 03:21:05) ->    16(time 12326 - 03:25:26)(time 12326 - 03:25:26) -> 0
> Trip 1
   0(time 12326 - 03:25:26)(time 12530 - 03:28:50) ->    1(time 12615 - 03:30:15)(time 12822 - 03:33:42) ->    2(time 12907 - 03:35:07)(time 13116 - 03:38:36) ->    3(time 13201 - 03:40:01)(time 13406 - 03:43:26) ->    4(time 13491 - 03:44:51)(time 13720 - 03:48:40) ->    5(time 13755 - 03:49:15)(time 13979 - 03:52:59) ->    6(time 14064 - 03:54:24)(time 14259 - 03:57:39) ->    7(time 14294 - 03:58:14)(time 14488 - 04:01:28) ->    8(time 14573 - 04:02:53)(time 14772 - 04:06:12) ->    9(time 14857 - 04:07:37)(time 15055 - 04:10:55) ->    10(time 15140 - 04:12:20)(time 15336 - 04:15:36) ->    11(time 15371 - 04:16:11)(time 15593 - 04:19:53) ->    12(time 15678 - 04:21:18)(time 15907 - 04:25:07) ->    13(time 15992 - 04:26:32)(time 16190 - 04:29:50) ->    14(time 16372 - 04:32:52)(time 16595 - 04:36:35) ->    15(time 16993 - 04:43:13)(time 16993 - 04:43:13) ->    31(time 17391 - 04:49:51)(time 17614 - 04:53:34) ->    30(time 18012 - 05:00:12)(time 18210 - 05:03:30) ->    29(time 18608 - 05:10:08)(time 18837 - 05:13:57) ->    28(time 19235 - 05:20:35)(time 19457 - 05:24:17) ->    27(time 19855 - 05:30:55)(time 20051 - 05:34:11) ->    26(time 20449 - 05:40:49)(time 20647 - 05:44:07) ->    25(time 20742 - 05:45:42)(time 20941 - 05:49:01) ->    24(time 21026 - 05:50:26)(time 21220 - 05:53:40) ->    23(time 21255 - 05:54:15)(time 21450 - 05:57:30) ->    22(time 21535 - 05:58:55)(time 21759 - 06:02:39) ->    21(time 21794 - 06:03:14)(time 22023 - 06:07:03) ->    20(time 22108 - 06:08:28)(time 22313 - 06:11:53) ->    19(time 22398 - 06:13:18)(time 22607 - 06:16:47) ->    18(time 22692 - 06:18:12)(time 22899 - 06:21:39) ->    17(time 22984 - 06:23:04)(time 23188 - 06:26:28) ->    16(time 23449 - 06:30:49)(time 23449 - 06:30:49) -> 0
> Trip 2
   0(time 23449 - 06:30:49)(time 23653 - 06:34:13) ->    1(time 23738 - 06:35:38)(time 23945 - 06:39:05) ->    2(time 24030 - 06:40:30)(time 24239 - 06:43:59) ->    3(time 24324 - 06:45:24)(time 24529 - 06:48:49) ->    4(time 24614 - 06:50:14)(time 24843 - 06:54:03) ->    5(time 24878 - 06:54:38)(time 25102 - 06:58:22) ->    6(time 25187 - 06:59:47)(time 25382 - 07:03:02) ->    7(time 25417 - 07:03:37)(time 25611 - 07:06:51) ->    8(time 25696 - 07:08:16)(time 25895 - 07:11:35) ->    9(time 25980 - 07:13:00)(time 26178 - 07:16:18) ->    10(time 26263 - 07:17:43)(time 26459 - 07:20:59) ->    11(time 26738 - 07:25:38)(time 26960 - 07:29:20) ->    12(time 27045 - 07:30:45)(time 27274 - 07:34:34) ->    13(time 27359 - 07:35:59)(time 27557 - 07:39:17) ->    14(time 27642 - 07:40:42)(time 27865 - 07:44:25) ->    15(time 28126 - 07:48:46)(time 28126 - 07:48:46) ->    31(time 28387 - 07:53:07)(time 28610 - 07:56:50) ->    30(time 28695 - 07:58:15)(time 28893 - 08:01:33) ->    29(time 28978 - 08:02:58)(time 29207 - 08:06:47) ->    28(time 29292 - 08:08:12)(time 29514 - 08:11:54) ->    27(time 29549 - 08:12:29)(time 29745 - 08:15:45) ->    26(time 29830 - 08:17:10)(time 30028 - 08:20:28) ->    25(time 30113 - 08:21:53)(time 30312 - 08:25:12) ->    24(time 30397 - 08:26:37)(time 30591 - 08:29:51) ->    23(time 30626 - 08:30:26)(time 30821 - 08:33:41) ->    22(time 30906 - 08:35:06)(time 31130 - 08:38:50) ->    21(time 31165 - 08:39:25)(time 31394 - 08:43:14) ->    20(time 31479 - 08:44:39)(time 31684 - 08:48:04) ->    19(time 31769 - 08:49:29)(time 31978 - 08:52:58) ->    18(time 32063 - 08:54:23)(time 32270 - 08:57:50) ->    17(time 32355 - 08:59:15)(time 32559 - 09:02:39) ->    16(time 32820 - 09:07:00)(time 32820 - 09:07:00) -> 0
> Trip 3
   0(time 32820 - 09:07:00)(time 33024 - 09:10:24) ->    1(time 33109 - 09:11:49)(time 33316 - 09:15:16) ->    2(time 33401 - 09:16:41)(time 33610 - 09:20:10) ->    3(time 33695 - 09:21:35)(time 33900 - 09:25:00) ->    4(time 33985 - 09:26:25)(time 34214 - 09:30:14) ->    5(time 34249 - 09:30:49)(time 34473 - 09:34:33) ->    6(time 34558 - 09:35:58)(time 34753 - 09:39:13) ->    7(time 34788 - 09:39:48)(time 34982 - 09:43:02) ->    8(time 35067 - 09:44:27)(time 35266 - 09:47:46) ->    9(time 35351 - 09:49:11)(time 35549 - 09:52:29) ->    10(time 35634 - 09:53:54)(time 35830 - 09:57:10) ->    11(time 35865 - 09:57:45)(time 36087 - 10:01:27) ->    12(time 36172 - 10:02:52)(time 36401 - 10:06:41) ->    13(time 36672 - 10:11:12)(time 36870 - 10:14:30) ->    14(time 36955 - 10:15:55)(time 37178 - 10:19:38) ->    15(time 37439 - 10:23:59)(time 37439 - 10:23:59) ->    31(time 37700 - 10:28:20)(time 37923 - 10:32:03) ->    30(time 38008 - 10:33:28)(time 38206 - 10:36:46) ->    29(time 38291 - 10:38:11)(time 38520 - 10:42:00) ->    28(time 38605 - 10:43:25)(time 38827 - 10:47:07) ->    27(time 38862 - 10:47:42)(time 39058 - 10:50:58) ->    26(time 39143 - 10:52:23)(time 39341 - 10:55:41) ->    25(time 39426 - 10:57:06)(time 39625 - 11:00:25) ->    24(time 39710 - 11:01:50)(time 39904 - 11:05:04) ->    23(time 39939 - 11:05:39)(time 40134 - 11:08:54) ->    22(time 40219 - 11:10:19)(time 40443 - 11:14:03) ->    21(time 40478 - 11:14:38)(time 40707 - 11:18:27) ->    20(time 40792 - 11:19:52)(time 40997 - 11:23:17) ->    19(time 41082 - 11:24:42)(time 41291 - 11:28:11) ->    18(time 41376 - 11:29:36)(time 41583 - 11:33:03) ->    17(time 41668 - 11:34:28)(time 41872 - 11:37:52) ->    16(time 42133 - 11:42:13)(time 42133 - 11:42:13) -> 0
=============
Train 2
=============
> Trip 0
   0(time 2938 - 00:48:58)(time 3142 - 00:52:22) ->    1(time 3227 - 00:53:47)(time 3434 - 00:57:14) ->    2(time 3519 - 00:58:39)(time 3728 - 01:02:08) ->    3(time 3813 - 01:03:33)(time 4018 - 01:06:58) ->    4(time 4103 - 01:08:23)(time 4332 - 01:12:12) ->    5(time 4367 - 01:12:47)(time 4591 - 01:16:31) ->    6(time 4676 - 01:17:56)(time 4871 - 01:21:11) ->    7(time 4906 - 01:21:46)(time 5100 - 01:25:00) ->    8(time 5185 - 01:26:25)(time 5384 - 01:29:44) ->    9(time 5469 - 01:31:09)(time 5667 - 01:34:27) ->    10(time 5752 - 01:35:52)(time 5948 - 01:39:08) ->    11(time 5983 - 01:39:43)(time 6205 - 01:43:25) ->    12(time 6290 - 01:44:50)(time 6519 - 01:48:39) ->    13(time 6604 - 01:50:04)(time 6802 - 01:53:22) ->    14(time 6887 - 01:54:47)(time 7110 - 01:58:30) ->    15(time 7371 - 02:02:51)(time 7371 - 02:02:51) ->    31(time 7632 - 02:07:12)(time 7855 - 02:10:55) ->    30(time 7940 - 02:12:20)(time 8138 - 02:15:38) ->    29(time 8223 - 02:17:03)(time 8452 - 02:20:52) ->    28(time 8537 - 02:22:17)(time 8759 - 02:25:59) ->    27(time 8794 - 02:26:34)(time 8990 - 02:29:50) ->    26(time 9075 - 02:31:15)(time 9273 - 02:34:33) ->    25(time 9358 - 02:35:58)(time 9557 - 02:39:17) ->    24(time 9642 - 02:40:42)(time 9836 - 02:43:56) ->    23(time 9871 - 02:44:31)(time 10066 - 02:47:46) ->    22(time 10151 - 02:49:11)(time 10375 - 02:52:55) ->    21(time 10410 - 02:53:30)(time 10639 - 02:57:19) ->    20(time 10724 - 02:58:44)(time 10929 - 03:02:09) ->    19(time 11014 - 03:03:34)(time 11223 - 03:07:03) ->    18(time 11308 - 03:08:28)(time 11515 - 03:11:55) ->    17(time 11600 - 03:13:20)(time 11804 - 03:16:44) ->    16(time 12065 - 03:21:05)(time 12065 - 03:21:05) -> 0
> Trip 1
   0(time 12162 - 03:22:42)(time 12366 - 03:26:06) ->    1(time 12451 - 03:27:31)(time 12658 - 03:30:58) ->    2(time 12743 - 03:32:23)(time 12952 - 03:35:52) ->    3(time 13037 - 03:37:17)(time 13242 - 03:40:42) ->    4(time 13327 - 03:42:07)(time 13556 - 03:45:56) ->    5(time 13591 - 03:46:31)(time 13815 - 03:50:15) ->    6(time 13900 - 03:51:40)(time 14095 - 03:54:55) ->    7(time 14130 - 03:55:30)(time 14324 - 03:58:44) ->    8(time 14409 - 04:00:09)(time 14608 - 04:03:28) ->    9(time 14693 - 04:04:53)(time 14891 - 04:08:11) ->    10(time 14976 - 04:09:36)(time 15172 - 04:12:52) ->    11(time 15207 - 04:13:27)(time 15429 - 04:17:09) ->    12(time 15514 - 04:18:34)(time 15743 - 04:22:23) ->    13(time 15828 - 04:23:48)(time 16026 - 04:27:06) ->    14(time 16111 - 04:28:31)(time 16334 - 04:32:14) ->    15(time 16595 - 04:36:35)(time 16595 - 04:36:35) ->    31(time 16595 - 04:36:35)(time 16818 - 04:40:18) ->    30(time 16903 - 04:41:43)(time 17101 - 04:45:01) ->    29(time 17186 - 04:46:26)(time 17415 - 04:50:15) ->    28(time 17500 - 04:51:40)(time 17722 - 04:55:22) ->    27(time 17757 - 04:55:57)(time 17953 - 04:59:13) ->    26(time 18038 - 05:00:38)(time 18236 - 05:03:56) ->    25(time 18321 - 05:05:21)(time 18520 - 05:08:40) ->    24(time 18605 - 05:10:05)(time 18799 - 05:13:19) ->    23(time 18834 - 05:13:54)(time 19029 - 05:17:09) ->    22(time 19114 - 05:18:34)(time 19338 - 05:22:18) ->    21(time 19373 - 05:22:53)(time 19602 - 05:26:42) ->    20(time 19687 - 05:28:07)(time 19892 - 05:31:32) ->    19(time 19977 - 05:32:57)(time 20186 - 05:36:26) ->    18(time 20271 - 05:37:51)(time 20478 - 05:41:18) ->    17(time 20563 - 05:42:43)(time 20767 - 05:46:07) ->    16(time 21028 - 05:50:28)(time 21028 - 05:50:28) -> 0
> Trip 2
   0(time 21028 - 05:50:28)(time 21232 - 05:53:52) ->    1(time 21317 - 05:55:17)(time 21524 - 05:58:44) ->    2(time 21609 - 06:00:09)(time 21818 - 06:03:38) ->    3(time 21903 - 06:05:03)(time 22108 - 06:08:28) ->    4(time 22193 - 06:09:53)(time 22422 - 06:13:42) ->    5(time 22457 - 06:14:17)(time 22681 - 06:18:01) ->    6(time 22766 - 06:19:26)(time 22961 - 06:22:41) ->    7(time 22996 - 06:23:16)(time 23190 - 06:26:30) ->    8(time 23275 - 06:27:55)(time 23474 - 06:31:14) ->    9(time 23559 - 06:32:39)(time 23757 - 06:35:57) ->    10(time 23842 - 06:37:22)(time 24038 - 06:40:38) ->    11(time 24073 - 06:41:13)(time 24295 - 06:44:55) ->    12(time 24380 - 06:46:20)(time 24609 - 06:50:09) ->    13(time 24694 - 06:51:34)(time 24892 - 06:54:52) ->    14(time 24977 - 06:56:17)(time 25200 - 07:00:00) ->    15(time 25461 - 07:04:21)(time 25461 - 07:04:21) ->    31(time 25461 - 07:04:21)(time 25684 - 07:08:04) ->    30(time 25769 - 07:09:29)(time 25967 - 07:12:47) ->    29(time 26052 - 07:14:12)(time 26281 - 07:18:01) ->    28(time 26508 - 07:21:48)(time 26730 - 07:25:30) ->    27(time 27128 - 07:32:08)(time 27324 - 07:35:24) ->    26(time 27409 - 07:36:49)(time 27607 - 07:40:07) ->    25(time 27692 - 07:41:32)(time 27891 - 07:44:51) ->    24(time 27976 - 07:46:16)(time 28170 - 07:49:30) ->    23(time 28205 - 07:50:05)(time 28400 - 07:53:20) ->    22(time 28485 - 07:54:45)(time 28709 - 07:58:29) ->    21(time 28744 - 07:59:04)(time 28973 - 08:02:53) ->    20(time 29058 - 08:04:18)(time 29263 - 08:07:43) ->    19(time 29348 - 08:09:08)(time 29557 - 08:12:37) ->    18(time 29642 - 08:14:02)(time 29849 - 08:17:29) ->    17(time 29934 - 08:18:54)(time 30138 - 08:22:18) ->    16(time 30399 - 08:26:39)(time 30399 - 08:26:39) -> 0
> Trip 3
   0(time 30399 - 08:26:39)(time 30603 - 08:30:03) ->    1(time 30688 - 08:31:28)(time 30895 - 08:34:55) ->    2(time 30980 - 08:36:20)(time 31189 - 08:39:49) ->    3(time 31274 - 08:41:14)(time 31479 - 08:44:39) ->    4(time 31750 - 08:49:10)(time 31979 - 08:52:59) ->    5(time 32014 - 08:53:34)(time 32238 - 08:57:18) ->    6(time 32636 - 09:03:56)(time 32831 - 09:07:11) ->    7(time 32866 - 09:07:46)(time 33060 - 09:11:00) ->    8(time 33145 - 09:12:25)(time 33344 - 09:15:44) ->    9(time 33638 - 09:20:38)(time 33836 - 09:23:56) ->    10(time 34234 - 09:30:34)(time 34430 - 09:33:50) ->    11(time 34465 - 09:34:25)(time 34687 - 09:38:07) ->    12(time 34772 - 09:39:32)(time 35001 - 09:43:21) ->    13(time 35086 - 09:44:46)(time 35284 - 09:48:04) ->    14(time 35682 - 09:54:42)(time 35905 - 09:58:25) ->    15(time 36166 - 10:02:46)(time 36166 - 10:02:46) ->    31(time 36166 - 10:02:46)(time 36389 - 10:06:29) ->    30(time 36474 - 10:07:54)(time 36672 - 10:11:12) ->    29(time 37070 - 10:17:50)(time 37299 - 10:21:39) ->    28(time 37384 - 10:23:04)(time 37606 - 10:26:46) ->    27(time 37641 - 10:27:21)(time 37837 - 10:30:37) ->    26(time 37922 - 10:32:02)(time 38120 - 10:35:20) ->    25(time 38205 - 10:36:45)(time 38404 - 10:40:04) ->    24(time 38489 - 10:41:29)(time 38683 - 10:44:43) ->    23(time 39081 - 10:51:21)(time 39276 - 10:54:36) ->    22(time 39361 - 10:56:01)(time 39585 - 10:59:45) ->    21(time 39620 - 11:00:20)(time 39849 - 11:04:09) ->    20(time 39934 - 11:05:34)(time 40139 - 11:08:59) ->    19(time 40224 - 11:10:24)(time 40433 - 11:13:53) ->    18(time 40518 - 11:15:18)(time 40725 - 11:18:45) ->    17(time 40810 - 11:20:10)(time 41014 - 11:23:34) ->    16(time 41275 - 11:27:55)(time 41275 - 11:27:55) -> 0
=============
Train 3
=============
> Trip 0
   0(time 4642 - 01:17:22)(time 4846 - 01:20:46) ->    1(time 4931 - 01:22:11)(time 5138 - 01:25:38) ->    2(time 5223 - 01:27:03)(time 5432 - 01:30:32) ->    3(time 5517 - 01:31:57)(time 5722 - 01:35:22) ->    4(time 5807 - 01:36:47)(time 6036 - 01:40:36) ->    5(time 6071 - 01:41:11)(time 6295 - 01:44:55) ->    6(time 6380 - 01:46:20)(time 6575 - 01:49:35) ->    7(time 6610 - 01:50:10)(time 6804 - 01:53:24) ->    8(time 6889 - 01:54:49)(time 7088 - 01:58:08) ->    9(time 7173 - 01:59:33)(time 7371 - 02:02:51) ->    10(time 7456 - 02:04:16)(time 7652 - 02:07:32) ->    11(time 7687 - 02:08:07)(time 7909 - 02:11:49) ->    12(time 7994 - 02:13:14)(time 8223 - 02:17:03) ->    13(time 8621 - 02:23:41)(time 8819 - 02:26:59) ->    14(time 9154 - 02:32:34)(time 9377 - 02:36:17) ->    15(time 9638 - 02:40:38)(time 9638 - 02:40:38) ->    31(time 9638 - 02:40:38)(time 9861 - 02:44:21) ->    30(time 9946 - 02:45:46)(time 10144 - 02:49:04) ->    29(time 10229 - 02:50:29)(time 10458 - 02:54:18) ->    28(time 10543 - 02:55:43)(time 10765 - 02:59:25) ->    27(time 10800 - 03:00:00)(time 10996 - 03:03:16) ->    26(time 11081 - 03:04:41)(time 11279 - 03:07:59) ->    25(time 11364 - 03:09:24)(time 11563 - 03:12:43) ->    24(time 11648 - 03:14:08)(time 11842 - 03:17:22) ->    23(time 11877 - 03:17:57)(time 12072 - 03:21:12) ->    22(time 12157 - 03:22:37)(time 12381 - 03:26:21) ->    21(time 12779 - 03:32:59)(time 13008 - 03:36:48) ->    20(time 13406 - 03:43:26)(time 13611 - 03:46:51) ->    19(time 13696 - 03:48:16)(time 13905 - 03:51:45) ->    18(time 13990 - 03:53:10)(time 14197 - 03:56:37) ->    17(time 14282 - 03:58:02)(time 14486 - 04:01:26) ->    16(time 14747 - 04:05:47)(time 14747 - 04:05:47) -> 0
> Trip 1
   0(time 14747 - 04:05:47)(time 14951 - 04:09:11) ->    1(time 15036 - 04:10:36)(time 15243 - 04:14:03) ->    2(time 15328 - 04:15:28)(time 15537 - 04:18:57) ->    3(time 15622 - 04:20:22)(time 15827 - 04:23:47) ->    4(time 15912 - 04:25:12)(time 16141 - 04:29:01) ->    5(time 16176 - 04:29:36)(time 16400 - 04:33:20) ->    6(time 16485 - 04:34:45)(time 16680 - 04:38:00) ->    7(time 16715 - 04:38:35)(time 16909 - 04:41:49) ->    8(time 16994 - 04:43:14)(time 17193 - 04:46:33) ->    9(time 17278 - 04:47:58)(time 17476 - 04:51:16) ->    10(time 17561 - 04:52:41)(time 17757 - 04:55:57) ->    11(time 17807 - 04:56:47)(time 18029 - 05:00:29) ->    12(time 18114 - 05:01:54)(time 18343 - 05:05:43) ->    13(time 18604 - 05:10:04)(time 18802 - 05:13:22) ->    14(time 18887 - 05:14:47)(time 19110 - 05:18:30) ->    15(time 19508 - 05:25:08)(time 19508 - 05:25:08) ->    31(time 19685 - 05:28:05)(time 19908 - 05:31:48) ->    30(time 19993 - 05:33:13)(time 20191 - 05:36:31) ->    29(time 20276 - 05:37:56)(time 20505 - 05:41:45) ->    28(time 20590 - 05:43:10)(time 20812 - 05:46:52) ->    27(time 20847 - 05:47:27)(time 21043 - 05:50:43) ->    26(time 21128 - 05:52:08)(time 21326 - 05:55:26) ->    25(time 21411 - 05:56:51)(time 21610 - 06:00:10) ->    24(time 21695 - 06:01:35)(time 21889 - 06:04:49) ->    23(time 21924 - 06:05:24)(time 22119 - 06:08:39) ->    22(time 22204 - 06:10:04)(time 22428 - 06:13:48) ->    21(time 22463 - 06:14:23)(time 22692 - 06:18:12) ->    20(time 22777 - 06:19:37)(time 22982 - 06:23:02) ->    19(time 23067 - 06:24:27)(time 23276 - 06:27:56) ->    18(time 23361 - 06:29:21)(time 23568 - 06:32:48) ->    17(time 23653 - 06:34:13)(time 23857 - 06:37:37) ->    16(time 24118 - 06:41:58)(time 24118 - 06:41:58) -> 0
> Trip 2
   0(time 24118 - 06:41:58)(time 24322 - 06:45:22) ->    1(time 24407 - 06:46:47)(time 24614 - 06:50:14) ->    2(time 24699 - 06:51:39)(time 24908 - 06:55:08) ->    3(time 24993 - 06:56:33)(time 25198 - 06:59:58) ->    4(time 25283 - 07:01:23)(time 25512 - 07:05:12) ->    5(time 25547 - 07:05:47)(time 25771 - 07:09:31) ->    6(time 25856 - 07:10:56)(time 26051 - 07:14:11) ->    7(time 26086 - 07:14:46)(time 26280 - 07:18:00) ->    8(time 26365 - 07:19:25)(time 26564 - 07:22:44) ->    9(time 26649 - 07:24:09)(time 26847 - 07:27:27) ->    10(time 26932 - 07:28:52)(time 27128 - 07:32:08) ->    11(time 27260 - 07:34:20)(time 27482 - 07:38:02) ->    12(time 27567 - 07:39:27)(time 27796 - 07:43:16) ->    13(time 27881 - 07:44:41)(time 28079 - 07:47:59) ->    14(time 28164 - 07:49:24)(time 28387 - 07:53:07) ->    15(time 28648 - 07:57:28)(time 28648 - 07:57:28) ->    31(time 28648 - 07:57:28)(time 28871 - 08:01:11) ->    30(time 28956 - 08:02:36)(time 29154 - 08:05:54) ->    29(time 29239 - 08:07:19)(time 29468 - 08:11:08) ->    28(time 29648 - 08:14:08)(time 29870 - 08:17:50) ->    27(time 29905 - 08:18:25)(time 30101 - 08:21:41) ->    26(time 30186 - 08:23:06)(time 30384 - 08:26:24) ->    25(time 30469 - 08:27:49)(time 30668 - 08:31:08) ->    24(time 30753 - 08:32:33)(time 30947 - 08:35:47) ->    23(time 30982 - 08:36:22)(time 31177 - 08:39:37) ->    22(time 31262 - 08:41:02)(time 31486 - 08:44:46) ->    21(time 31521 - 08:45:21)(time 31750 - 08:49:10) ->    20(time 32148 - 08:55:48)(time 32353 - 08:59:13) ->    19(time 32438 - 09:00:38)(time 32647 - 09:04:07) ->    18(time 32732 - 09:05:32)(time 32939 - 09:08:59) ->    17(time 33024 - 09:10:24)(time 33228 - 09:13:48) ->    16(time 33489 - 09:18:09)(time 33489 - 09:18:09) -> 0
> Trip 3
   0(time 33489 - 09:18:09)(time 33693 - 09:21:33) ->    1(time 33778 - 09:22:58)(time 33985 - 09:26:25) ->    2(time 34070 - 09:27:50)(time 34279 - 09:31:19) ->    3(time 34364 - 09:32:44)(time 34569 - 09:36:09) ->    4(time 34654 - 09:37:34)(time 34883 - 09:41:23) ->    5(time 34918 - 09:41:58)(time 35142 - 09:45:42) ->    6(time 35227 - 09:47:07)(time 35422 - 09:50:22) ->    7(time 35457 - 09:50:57)(time 35651 - 09:54:11) ->    8(time 35736 - 09:55:36)(time 35935 - 09:58:55) ->    9(time 36020 - 10:00:20)(time 36218 - 10:03:38) ->    10(time 36303 - 10:05:03)(time 36499 - 10:08:19) ->    11(time 36534 - 10:08:54)(time 36756 - 10:12:36) ->    12(time 36841 - 10:14:01)(time 37070 - 10:17:50) ->    13(time 37155 - 10:19:15)(time 37353 - 10:22:33) ->    14(time 37477 - 10:24:37)(time 37700 - 10:28:20) ->    15(time 37961 - 10:32:41)(time 37961 - 10:32:41) ->    31(time 38046 - 10:34:06)(time 38269 - 10:37:49) ->    30(time 38354 - 10:39:14)(time 38552 - 10:42:32) ->    29(time 38637 - 10:43:57)(time 38866 - 10:47:46) ->    28(time 38951 - 10:49:11)(time 39173 - 10:52:53) ->    27(time 39208 - 10:53:28)(time 39404 - 10:56:44) ->    26(time 39489 - 10:58:09)(time 39687 - 11:01:27) ->    25(time 39772 - 11:02:52)(time 39971 - 11:06:11) ->    24(time 40056 - 11:07:36)(time 40250 - 11:10:50) ->    23(time 40285 - 11:11:25)(time 40480 - 11:14:40) ->    22(time 40565 - 11:16:05)(time 40789 - 11:19:49) ->    21(time 40824 - 11:20:24)(time 41053 - 11:24:13) ->    20(time 41138 - 11:25:38)(time 41343 - 11:29:03) ->    19(time 41428 - 11:30:28)(time 41637 - 11:33:57) ->    18(time 41898 - 11:38:18)(time 42105 - 11:41:45) ->    17(time 42190 - 11:43:10)(time 42394 - 11:46:34) ->    16(time 42655 - 11:50:55)(time 42655 - 11:50:55) -> 0
