t4p16r10h1.txt:
   > Trying to open the instance file...
   > Reading number of trains...
   > Reading maximum number of trips per train...
   > Reading time intervals...
   > Reading number of points...
   > Reading stations...
   > Reading crossings...
   > Reading depots...
   > Reading initial point...
   > Reading routes...
   > Reading distance and distance and service...
   > Reading demands...
   > Reading maximum time...
   > Reading alpha...

--------------------------------
 Printing instance
--------------------------------
number of trains = 4
	max trips per trains: 4     4     4     4
number of intervals = 1
	(0,  51540)
number of points = 16
	initial point: 7
	stations: 0     1     3     4     5     7     8     9    11    12    13    14    15
	crossings: 0     2     6     7     8    10    12    15
	depots: 0     7    15
number of vertices = 32
	total vertices: 0     1     2     3     4     5     6     7     8     9    10    11    12    13    14    15    16    17    18    19    20    21    22    23    24    25    26    27    28    29    30    31
	upper vertices: 0     1     2     3     4     5     6     7     8     9    10    11    12    13    14    15
	lower vertices: 16    17    18    19    20    21    22    23    24    25    26    27    28    29    30    31
	vertices of point #0: (0, 16)
	vertices of point #1: (1, 17)
	vertices of point #2: (2, 18)
	vertices of point #3: (3, 19)
	vertices of point #4: (4, 20)
	vertices of point #5: (5, 21)
	vertices of point #6: (6, 22)
	vertices of point #7: (7, 23)
	vertices of point #8: (8, 24)
	vertices of point #9: (9, 25)
	vertices of point #10: (10, 26)
	vertices of point #11: (11, 27)
	vertices of point #12: (12, 28)
	vertices of point #13: (13, 29)
	vertices of point #14: (14, 30)
	vertices of point #15: (15, 31)

arcs...
	total arcs: 
		arc #0: (0, 1)
		arc #1: (0, 16)
		arc #2: (16, 0)
		arc #3: (1, 2)
		arc #4: (17, 16)
		arc #5: (2, 3)
		arc #6: (18, 17)
		arc #7: (3, 4)
		arc #8: (19, 18)
		arc #9: (4, 5)
		arc #10: (20, 19)
		arc #11: (5, 6)
		arc #12: (21, 20)
		arc #13: (6, 7)
		arc #14: (22, 21)
		arc #15: (7, 8)
		arc #16: (23, 22)
		arc #17: (7, 23)
		arc #18: (23, 7)
		arc #19: (8, 9)
		arc #20: (24, 23)
		arc #21: (9, 10)
		arc #22: (25, 24)
		arc #23: (10, 11)
		arc #24: (26, 25)
		arc #25: (11, 12)
		arc #26: (27, 26)
		arc #27: (12, 13)
		arc #28: (28, 27)
		arc #29: (13, 14)
		arc #30: (29, 28)
		arc #31: (14, 15)
		arc #32: (30, 29)
		arc #33: (31, 30)
		arc #34: (15, 31)
		arc #35: (31, 15)

	reverse arcs: 
		arc #1: (0, 16)
		arc #2: (16, 0)
		arc #17: (7, 23)
		arc #18: (23, 7)
		arc #34: (15, 31)
		arc #35: (31, 15)


incompatible points...
	(0, 1, 18, (1, 2))	(18, 17, 0, (17, 16))	(2, 5, 22, (5, 6))	(22, 19, 2, (19, 18))	(6, 6, 23, (6, 7))	(23, 23, 6, (23, 22))	(7, 7, 24, (7, 8))	(24, 24, 7, (24, 23))	(8, 9, 26, (9, 10))	(26, 25, 8, (25, 24))	(10, 11, 28, (11, 12))	(28, 27, 10, (27, 26))	(12, 14, 31, (14, 15))	(31, 29, 12, (29, 28))

number of routes = 10
vertices of routes...
	route #0: 0     1     2     3     4     5     6     7
	route #1: 23    22    21    20    19    18    17    16
	route #2: 0     1     2     3     4     5     6     7    23    22    21    20    19    18    17    16     0
	route #3: 23    22    21    20    19    18    17    16     0     1     2     3     4     5     6     7    23
	route #4: 7     8     9    10    11    12    13    14    15
	route #5: 31    30    29    28    27    26    25    24    23
	route #6: 7     8     9    10    11    12    13    14    15    31    30    29    28    27    26    25    24    23     7
	route #7: 31    30    29    28    27    26    25    24    23     7     8     9    10    11    12    13    14    15    31
	route #8: 0     1     2     3     4     5     6     7     8     9    10    11    12    13    14    15    31    30    29    28    27    26    25    24    23    22    21    20    19    18    17    16     0
	route #9: 31    30    29    28    27    26    25    24    23    22    21    20    19    18    17    16     0     1     2     3     4     5     6     7     8     9    10    11    12    13    14    15    31
arcs of routes...
	route #0: 0     3     5     7     9    11    13
	route #1: 16    14    12    10     8     6     4
	route #2: 0     3     5     7     9    11    13    17    16    14    12    10     8     6     4     2
	route #3: 16    14    12    10     8     6     4     2     0     3     5     7     9    11    13    17
	route #4: 15    19    21    23    25    27    29    31
	route #5: 33    32    30    28    26    24    22    20
	route #6: 15    19    21    23    25    27    29    31    34    33    32    30    28    26    24    22    20    18
	route #7: 33    32    30    28    26    24    22    20    18    15    19    21    23    25    27    29    31    34
	route #8: 0     3     5     7     9    11    13    15    19    21    23    25    27    29    31    34    33    32    30    28    26    24    22    20    16    14    12    10     8     6     4     2
	route #9: 33    32    30    28    26    24    22    20    16    14    12    10     8     6     4     2     0     3     5     7     9    11    13    15    19    21    23    25    27    29    31    34

incompatible routes...
	(0, 0)    	(0, 2)    	(0, 5)    	(0, 7)    	(0, 8)    	(0, 9)    	(1, 1)    	(1, 3)    	(1, 4)    	(1, 5)    	(1, 6)    	(1, 7)    	(1, 9)    	(2, 1)    	(2, 3)    	(2, 4)    	(2, 5)    	(2, 6)    	(2, 7)    	(2, 9)    	(3, 0)    	(3, 2)    	(3, 5)    	(3, 7)    	(3, 8)    	(3, 9)    	(4, 0)    	(4, 1)    	(4, 2)    	(4, 3)    	(4, 4)    	(4, 6)    	(4, 8)    	(5, 0)    	(5, 2)    	(5, 5)    	(5, 7)    	(5, 8)    	(5, 9)    	(6, 0)    	(6, 2)    	(6, 5)    	(6, 7)    	(6, 8)    	(6, 9)    	(7, 0)    	(7, 1)    	(7, 2)    	(7, 3)    	(7, 4)    	(7, 6)    	(7, 8)    	(8, 1)    	(8, 3)    	(8, 4)    	(8, 5)    	(8, 6)    	(8, 7)    	(8, 9)    	(9, 0)    	(9, 1)    	(9, 2)    	(9, 3)    	(9, 4)    	(9, 6)    	(9, 8)

vertices that can be adjacent in consecutive trips...
	(0, 0)    	(7, 7)    	(7, 23)    	(15, 31)    	(16, 0)    	(23, 7)    	(23, 23)    	(31, 31)
non cyclical routes: 
       0       1       4       5

routes of trip...
	routes that train #0 can complete at trip #0: 1       3       4       6
	routes that train #0 can complete at trip #1: 0       1       2       3       4       5       6       7       8       9
	routes that train #0 can complete at trip #2: 0       1       2       3       4       5       6       7       8       9
	routes that train #0 can complete at trip #3: 0       1       2       3       4       5       6       7       8       9

	routes that train #1 can complete at trip #0: 1       3       4       6
	routes that train #1 can complete at trip #1: 0       1       2       3       4       5       6       7       8       9
	routes that train #1 can complete at trip #2: 0       1       2       3       4       5       6       7       8       9
	routes that train #1 can complete at trip #3: 0       1       2       3       4       5       6       7       8       9

	routes that train #2 can complete at trip #0: 1       3       4       6
	routes that train #2 can complete at trip #1: 0       1       2       3       4       5       6       7       8       9
	routes that train #2 can complete at trip #2: 0       1       2       3       4       5       6       7       8       9
	routes that train #2 can complete at trip #3: 0       1       2       3       4       5       6       7       8       9

	routes that train #3 can complete at trip #0: 1       3       4       6
	routes that train #3 can complete at trip #1: 0       1       2       3       4       5       6       7       8       9
	routes that train #3 can complete at trip #2: 0       1       2       3       4       5       6       7       8       9
	routes that train #3 can complete at trip #3: 0       1       2       3       4       5       6       7       8       9

 cost...
	arc #0 [0][1]: 240
	arc #1 [0][16]: 0
	arc #2 [16][0]: 0
	arc #3 [1][2]: 120
	arc #4 [17][16]: 240
	arc #5 [2][3]: 240
	arc #6 [18][17]: 120
	arc #7 [3][4]: 180
	arc #8 [19][18]: 240
	arc #9 [4][5]: 180
	arc #10 [20][19]: 180
	arc #11 [5][6]: 40
	arc #12 [21][20]: 180
	arc #13 [6][7]: 180
	arc #14 [22][21]: 40
	arc #15 [7][8]: 360
	arc #16 [23][22]: 180
	arc #17 [7][23]: 0
	arc #18 [23][7]: 0
	arc #19 [8][9]: 300
	arc #20 [24][23]: 360
	arc #21 [9][10]: 240
	arc #22 [25][24]: 300
	arc #23 [10][11]: 120
	arc #24 [26][25]: 240
	arc #25 [11][12]: 240
	arc #26 [27][26]: 120
	arc #27 [12][13]: 180
	arc #28 [28][27]: 240
	arc #29 [13][14]: 120
	arc #30 [29][28]: 180
	arc #31 [14][15]: 180
	arc #32 [30][29]: 120
	arc #33 [31][30]: 180
	arc #34 [15][31]: 0
	arc #35 [31][15]: 0

cost with minimum service...
	arc #0 [0][1]: 300
	arc #1 [0][16]: 0
	arc #2 [16][0]: 0
	arc #3 [1][2]: 160
	arc #4 [17][16]: 360
	arc #5 [2][3]: 300
	arc #6 [18][17]: 180
	arc #7 [3][4]: 240
	arc #8 [19][18]: 280
	arc #9 [4][5]: 240
	arc #10 [20][19]: 240
	arc #11 [5][6]: 80
	arc #12 [21][20]: 240
	arc #13 [6][7]: 300
	arc #14 [22][21]: 100
	arc #15 [7][8]: 420
	arc #16 [23][22]: 220
	arc #17 [7][23]: 0
	arc #18 [23][7]: 0
	arc #19 [8][9]: 360
	arc #20 [24][23]: 480
	arc #21 [9][10]: 280
	arc #22 [25][24]: 360
	arc #23 [10][11]: 180
	arc #24 [26][25]: 300
	arc #25 [11][12]: 300
	arc #26 [27][26]: 160
	arc #27 [12][13]: 240
	arc #28 [28][27]: 300
	arc #29 [13][14]: 180
	arc #30 [29][28]: 240
	arc #31 [14][15]: 300
	arc #32 [30][29]: 180
	arc #33 [31][30]: 240
	arc #34 [15][31]: 0
	arc #35 [31][15]: 0

cost with maximum service...
	arc #0 [0][1]: 840
	arc #1 [0][16]: 600
	arc #2 [16][0]: 600
	arc #3 [1][2]: 720
	arc #4 [17][16]: 840
	arc #5 [2][3]: 840
	arc #6 [18][17]: 720
	arc #7 [3][4]: 780
	arc #8 [19][18]: 840
	arc #9 [4][5]: 780
	arc #10 [20][19]: 780
	arc #11 [5][6]: 640
	arc #12 [21][20]: 780
	arc #13 [6][7]: 780
	arc #14 [22][21]: 640
	arc #15 [7][8]: 960
	arc #16 [23][22]: 780
	arc #17 [7][23]: 600
	arc #18 [23][7]: 600
	arc #19 [8][9]: 900
	arc #20 [24][23]: 960
	arc #21 [9][10]: 840
	arc #22 [25][24]: 900
	arc #23 [10][11]: 720
	arc #24 [26][25]: 840
	arc #25 [11][12]: 840
	arc #26 [27][26]: 720
	arc #27 [12][13]: 780
	arc #28 [28][27]: 840
	arc #29 [13][14]: 720
	arc #30 [29][28]: 780
	arc #31 [14][15]: 780
	arc #32 [30][29]: 720
	arc #33 [31][30]: 780
	arc #34 [15][31]: 600
	arc #35 [31][15]: 600

demands...
	demands of vertex 0 at time interval: 11
	demands of vertex 1 at time interval: 11
	demands of vertex 2 at time interval: 0
	demands of vertex 3 at time interval: 11
	demands of vertex 4 at time interval: 11
	demands of vertex 5 at time interval: 11
	demands of vertex 6 at time interval: 0
	demands of vertex 7 at time interval: 11
	demands of vertex 8 at time interval: 0
	demands of vertex 9 at time interval: 11
	demands of vertex 10 at time interval: 0
	demands of vertex 11 at time interval: 11
	demands of vertex 12 at time interval: 0
	demands of vertex 13 at time interval: 11
	demands of vertex 14 at time interval: 11
	demands of vertex 15 at time interval: 0
	demands of vertex 16 at time interval: 0
	demands of vertex 17 at time interval: 11
	demands of vertex 18 at time interval: 0
	demands of vertex 19 at time interval: 11
	demands of vertex 20 at time interval: 11
	demands of vertex 21 at time interval: 11
	demands of vertex 22 at time interval: 0
	demands of vertex 23 at time interval: 11
	demands of vertex 24 at time interval: 0
	demands of vertex 25 at time interval: 11
	demands of vertex 26 at time interval: 0
	demands of vertex 27 at time interval: 11
	demands of vertex 28 at time interval: 0
	demands of vertex 29 at time interval: 11
	demands of vertex 30 at time interval: 11
	demands of vertex 31 at time interval: 11

maximum time = 51540
alpha = 180

>> Solving...
Version identifier: 20.1.0.0 | 2020-11-10 | 9bedb6d68
CPXPARAM_Threads                                 1
CPXPARAM_TimeLimit                               43200
Tried aggregator 3 times.
MIP Presolve eliminated 159233 rows and 23488 columns.
MIP Presolve modified 66269 coefficients.
Aggregator did 680 substitutions.
Reduced MIP has 463948 rows, 174753 columns, and 1134936 nonzeros.
Reduced MIP has 173788 binaries, 0 generals, 0 SOSs, and 0 indicators.
Presolve time = 36.10 sec. (7717.88 ticks)
Probing fixed 0 vars, tightened 25 bounds.
Probing time = 30.63 sec. (1871.27 ticks)
Tried aggregator 1 time.
Detecting symmetries...
Elapsed time for symmetry detection = 55.52 sec. (10001.44 ticks)
Elapsed time for symmetry detection = 110.29 sec. (20008.14 ticks)
Elapsed time for symmetry detection = 162.91 sec. (30014.87 ticks)
Elapsed time for symmetry detection = 216.87 sec. (40021.70 ticks)
Elapsed time for symmetry detection = 272.37 sec. (50028.39 ticks)
Elapsed time for symmetry detection = 324.58 sec. (60035.43 ticks)
Elapsed time for symmetry detection = 376.36 sec. (70042.35 ticks)
Elapsed time for symmetry detection = 431.77 sec. (80049.43 ticks)
Elapsed time for symmetry detection = 487.33 sec. (90056.15 ticks)
Elapsed time for symmetry detection = 542.38 sec. (100063.59 ticks)
Elapsed time for symmetry detection = 596.48 sec. (110070.14 ticks)
Elapsed time for symmetry detection = 651.03 sec. (120077.50 ticks)
Found 5.083753e+113998 symmetric permutations.
MIP Presolve eliminated 304 rows and 300 columns.
MIP Presolve modified 2373 coefficients.
Reduced MIP has 463644 rows, 174453 columns, and 1133072 nonzeros.
Reduced MIP has 173488 binaries, 0 generals, 0 SOSs, and 0 indicators.
Presolve time = 697.96 sec. (130054.05 ticks)
Probing fixed 0 vars, tightened 18 bounds.
Probing time = 19.73 sec. (1083.19 ticks)
Clique table members: 748643.
MIP emphasis: balance optimality and feasibility.
MIP search method: dynamic search.
Parallel mode: none, using 1 thread.
Root relaxation solution time = 4273.37 sec. (265845.12 ticks)

        Nodes                                         Cuts/
   Node  Left     Objective  IInf  Best Integer    Best Bound    ItCnt     Gap

      0     0        0.0000 39346                      0.0000   185102         
      0     0     2392.3278 55734                  Cuts: 6947   397795         
      0     0     2392.3278 55324                  Cuts: 2435   411883         
      0     0     2747.1981 56362                   Cuts: 776   422700         
      0     0     3020.1349 55866                   Cuts: 699   441369         
      0     0     3199.0224 55861                  Cuts: 1995   465602         

Repeating presolve.
Tried aggregator 1 time.
MIP Presolve eliminated 380899 rows and 152394 columns.
MIP Presolve modified 1662 coefficients.
Reduced MIP has 82745 rows, 22059 columns, and 218704 nonzeros.
Reduced MIP has 21094 binaries, 0 generals, 0 SOSs, and 0 indicators.
Presolve time = 5.88 sec. (1549.28 ticks)
Probing time = 0.38 sec. (14.76 ticks)
Tried aggregator 1 time.
Detecting symmetries...
Reduced MIP has 82745 rows, 22059 columns, and 218704 nonzeros.
Reduced MIP has 21094 binaries, 0 generals, 0 SOSs, and 0 indicators.
Presolve time = 3.14 sec. (2079.47 ticks)
Represolve time = 11.18 sec. (3766.17 ticks)
Probing time = 0.37 sec. (14.85 ticks)
Clique table members: 91850.
MIP emphasis: balance optimality and feasibility.
MIP search method: dynamic search.
Parallel mode: none, using 1 thread.
Root relaxation solution time = 131.13 sec. (16691.57 ticks)

        Nodes                                         Cuts/
   Node  Left     Objective  IInf  Best Integer    Best Bound    ItCnt     Gap

      0     0     3199.0224  7645                   3199.0224   539258         
      0     0     3199.0224  7722                  Cuts: 1302   555938         
      0     0     3297.4843  7228                   Cuts: 256   563246         
      0     0     3451.7796  7860                  Cuts: 1901   577712         
      0     0     3451.7796  7781                  Cuts: 2577   594479         
      0     0     3596.6720  8064                  Cuts: 1012   604755         

Repeating presolve.
Tried aggregator 1 time.
MIP Presolve eliminated 22375 rows and 8950 columns.
Reduced MIP has 60370 rows, 13109 columns, and 165004 nonzeros.
Reduced MIP has 12144 binaries, 0 generals, 0 SOSs, and 0 indicators.
Presolve time = 0.66 sec. (436.38 ticks)
Probing time = 0.14 sec. (10.90 ticks)
Tried aggregator 1 time.
Detecting symmetries...
Reduced MIP has 60370 rows, 13109 columns, and 165004 nonzeros.
Reduced MIP has 12144 binaries, 0 generals, 0 SOSs, and 0 indicators.
Presolve time = 1.23 sec. (563.23 ticks)
Represolve time = 2.50 sec. (1060.82 ticks)
Probing time = 0.14 sec. (10.91 ticks)
Clique table members: 54896.
MIP emphasis: balance optimality and feasibility.
MIP search method: dynamic search.
Parallel mode: none, using 1 thread.
Root relaxation solution time = 11.39 sec. (5697.53 ticks)

        Nodes                                         Cuts/
   Node  Left     Objective  IInf  Best Integer    Best Bound    ItCnt     Gap

      0     0     3596.6720  5064                   3596.6720   631964         
      0     0     3596.6720  4572                  Cuts: 1391   643217         
      0     0     3596.6720  4954                  Cuts: 2061   649993         
      0     0     3596.6720  4511                   Cuts: 163   655916         
      0     0     3596.6720  4748                  Cuts: 2618   665123         
      0     2     3596.6720  3511                   3973.2221   665123         
Elapsed time = 24057.82 sec. (2912953.21 ticks, tree = 0.01 MB, solutions = 0)
      1     3     9260.0000  4317                   3973.2221   675018         
      2     4     5260.1428  4643                   5260.1428   686180         
      3     5     9900.0000  4474                   5260.1428   705715         
      5     5     9900.0000  4309                   9260.0000   707314         
      6     6     9900.0000  3516                   9260.0000   718288         
      7     7     9900.0000  3779                   9260.0000   721531         
      9     9     9900.0000  3293                   9260.0000   725318         
     10    10     9900.0000  3363                   9260.0000   733879         
     12    12    17660.0000  3383                   9260.0000   749599         
     14    14    25420.0000  1432                   9260.0000   766387         
Elapsed time = 24395.87 sec. (2981214.48 ticks, tree = 0.16 MB, solutions = 0)
     16    16    41000.0000   385                   9260.0000   772203         
     51    51    33360.0000   366                   9260.0000   774523         
     56    56    33360.0000   462                   9260.0000   778476         
     60    60    25420.0000   860                   9260.0000   782556         
     66    66    28840.0000   420                   9260.0000   786344         
     77    77    33540.0000   484                   9260.0000   788957         
     89    83    33420.0000   308                   9260.0000   792238         
    115    93    infeasible                         9260.0000   794949         
    138   114    30480.0000   355                   9260.0000   797307         
    168   140    29400.0000   248                   9260.0000   798693         
Elapsed time = 24435.63 sec. (2992909.99 ticks, tree = 1.77 MB, solutions = 0)
    204   167    29940.0000   162                   9260.0000   799697         
    256   173    infeasible                         9260.0000   800705         
    257   174     9260.0000  4951                   9260.0000   823393         
    258   175     9260.0000  5059                   9260.0000   839616         
    259   176     9260.0000  4123                   9260.0000   853020         
    260   177     9260.0000  4570                   9260.0000   862130         
    261   178     9260.0000  4303                   9260.0000   875673         
    262   179     9260.0000  4284                   9260.0000   891580         
    263   180     9260.0000  4186                   9260.0000   905990         
    264   181     9900.0000  4094                   9260.0000   913238         
Elapsed time = 24742.40 sec. (3050999.11 ticks, tree = 2.35 MB, solutions = 0)
    265   182     9260.0000  4387                   9260.0000   924187         
    266   183     9260.0000  4651                   9260.0000   933852         
    267   184    22180.0000  2693                   9260.0000   949324         
    269   186    22360.0000  2684                   9260.0000   958503         
    270   187    25420.0000   418                   9260.0000   964691         
    277   192    33060.0000   216                   9260.0000   968911         
    298   203    26240.0000   305                   9260.0000   973314         
    313   216    29840.0000   198                   9260.0000   976095         
    340   236    26240.0000   174                   9260.0000   977587         
    370   260    26300.0000   136                   9260.0000   978348         
Elapsed time = 24830.05 sec. (3072775.74 ticks, tree = 3.42 MB, solutions = 0)
    412   280    infeasible                         9260.0000   979211         
    432   280     9260.0000  4163                   9260.0000  1002462         
    433   281    24780.0000  4049                   9260.0000  1012687         
    434   281    24780.0000  4124                   9260.0000  1022105         
    437   284    24780.0000  4278                   9260.0000  1027705         
    439   286    24780.0000  4282                   9260.0000  1034905         
    440   287    24780.0000  4224                   9260.0000  1043533         
    441   288    24780.0000  4203                   9260.0000  1049261         
    442   289    24780.0000  4438                   9260.0000  1062987         
    443   290    24780.0000  4324                   9260.0000  1067607         
Elapsed time = 24965.78 sec. (3106450.90 ticks, tree = 3.82 MB, solutions = 0)
    446   293    24780.0000  4042                   9260.0000  1074890         
    448   295    24780.0000  3566                   9260.0000  1082110         
    453   298    infeasible                         9260.0000  1090209         
    455   298     9260.0000  4457                   9260.0000  1125005         
    456   299     9260.0000  4308                   9260.0000  1133057         
    457   300     9260.0000  4476                   9260.0000  1143317         
    458   301     9260.0000  4498                   9260.0000  1148870         
    459   302     9260.0000  4321                   9260.0000  1159756         
    460   303     9260.0000  4582                   9260.0000  1168830         
    461   304     9260.0000  4362                   9260.0000  1176324         
Elapsed time = 25129.85 sec. (3140472.80 ticks, tree = 4.01 MB, solutions = 0)
    462   305    25080.0000  1884                   9260.0000  1189779         
    479   312    29660.0000   188                   9260.0000  1192955         
    507   332    30180.0000   172                   9260.0000  1193746         
    540   358    29840.0000   114                   9260.0000  1194165         
    570   370    29900.0000   288                   9260.0000  1196319         
    600   380     9260.0000  4278                   9260.0000  1229185         
    601   381    24780.0000  2496                   9260.0000  1239534         
    604   384    25780.0000   383                   9260.0000  1244695         
    611   391    32720.0000   363                   9260.0000  1250901         
    620   398    25420.0000   332                   9260.0000  1255951         
Elapsed time = 25251.57 sec. (3169783.96 ticks, tree = 5.34 MB, solutions = 0)
    641   411     9260.0000  4760                   9260.0000  1281547         
    643   413     9260.0000  4774                   9260.0000  1290871         
    645   415     9260.0000  4756                   9260.0000  1299903         
    647   415    infeasible                         9260.0000  1302153         
    651   417     9260.0000  4571                   9260.0000  1312447         
    652   418     9260.0000  4619                   9260.0000  1320534         
    653   419     9260.0000  4684                   9260.0000  1329074         
    655   421     9560.0000  4254                   9260.0000  1340908         
    656   422    25420.0000  1744                   9260.0000  1350234         
    659   421     9260.0000  4691                   9260.0000  1394963         
Elapsed time = 25528.15 sec. (3227215.57 ticks, tree = 5.64 MB, solutions = 0)
    661   423     9260.0000  5071                   9260.0000  1411385         
    662   424     9260.0000  4901                   9260.0000  1425915         
    663   425     9260.0000  4998                   9260.0000  1444493         
    664   426     9260.0000  4967                   9260.0000  1456854         
    665   427     9260.0000  5157                   9260.0000  1473820         
    666   428     9260.0000  5191                   9260.0000  1486027         
    667   429     9260.0000  5194                   9260.0000  1501560         
    668   430     9260.0000  5175                   9260.0000  1508931         
    669   431     9260.0000  5135                   9260.0000  1521421         
    670   432     9260.0000  4980                   9260.0000  1531438         
Elapsed time = 25791.02 sec. (3274158.83 ticks, tree = 5.78 MB, solutions = 0)
    671   433     9260.0000  5001                   9260.0000  1542435         
    672   434    24780.0000  5314                   9260.0000  1553622         
    674   434    24960.0000  4420                   9260.0000  1564963         
    675   435    29480.0000   318                   9260.0000  1572705         
    702   440     9260.0000  4198                   9260.0000  1589596         
    704   442    18020.0000  3968                   9260.0000  1598430         
    705   443    29480.0000   370                   9260.0000  1606921         
    706   444    33440.0000   230                   9260.0000  1607404         
    707   445    29480.0000   361                   9260.0000  1607410         
    708   444    infeasible                         9260.0000  1608091         
Elapsed time = 25950.55 sec. (3328369.55 ticks, tree = 5.96 MB, solutions = 0)
    709   443    infeasible                         9260.0000  1608147         
    710   444     9260.0000  4858                   9260.0000  1637113         
    711   445     9260.0000  4583                   9260.0000  1645707         
    713   447     9260.0000  4764                   9260.0000  1663108         
    719   453     9260.0000  4670                   9260.0000  1681896         
    723   457     9260.0000  3976                   9260.0000  1701034         
    729   458    25420.8333  2046                   9260.0000  1724282         
    732   457     9260.0000  4591                   9260.0000  1745101         
    736   461     9260.0000  4060                   9260.0000  1765122         
    742   457     9260.0000  4825                   9260.0000  1797511         
Elapsed time = 26233.78 sec. (3408655.36 ticks, tree = 6.11 MB, solutions = 0)
    745   460     9260.0000  4035                   9260.0000  1817445         
    749   462    17660.0000  3497                   9260.0000  1839724         
    755   464     9260.0000  4451                   9260.0000  1866319         
    766   470     9260.0000  4792                   9260.0000  1902235         
    768   472     9260.0000  4805                   9260.0000  1920868         
    771   473    infeasible                         9260.0000  1940960         
    772   472    infeasible                         9260.0000  1950357         
    773   473    25420.0000  2783                   9260.0000  1961380         
    853   525    17020.0000  4025                   9260.0000  1975535         
    873   540    33080.0000   196                   9260.0000  1995465         
Elapsed time = 26473.85 sec. (3482326.57 ticks, tree = 7.45 MB, solutions = 0)
    901   553     9260.0000  4603                   9260.0000  2019533         
    903   555    13960.0000  3790                   9260.0000  2041914         
    906   558     9260.0000  4723                   9260.0000  2057469         
    908   560     9260.0000  4556                   9260.0000  2073291         
    910   560    infeasible                         9260.0000  2093140         
    915   557    infeasible                         9260.0000  2114695         
    916   558     9260.0000  4985                   9260.0000  2148201         
    917   559     9260.0000  5220                   9260.0000  2161432         
    919   561     9260.0000  4889                   9260.0000  2182108         
    922   564    24780.0000  3936                   9260.0000  2197773         
Elapsed time = 26887.76 sec. (3562312.04 ticks, tree = 7.80 MB, solutions = 0)
    927   565     9260.0000  4707                   9260.0000  2250422         
    928   566     9260.0000  5126                   9260.0000  2266830         
    929   567    17020.0000  5017                   9260.0000  2279277         
    930   568     9260.0000  5020                   9260.0000  2301502         
    932   570     9900.0000  4628                   9260.0000  2322113         
    934   570    infeasible                         9260.0000  2341599         
    935   571    17660.0000  4947                   9260.0000  2358018         
    939   575    38240.0000   343                   9260.0000  2379559         
   1104   638    38240.0000    92                   9260.0000  2382065         
   1137   645    29780.0000   354                   9260.0000  2399089         
Elapsed time = 27405.56 sec. (3635117.74 ticks, tree = 8.95 MB, solutions = 0)
   1140   644     9260.0000  4897                   9260.0000  2420145         
   1142   646     9260.0000  4697                   9260.0000  2444778         
   1144   646    17020.0000  3931                   9260.0000  2451491         
   1145   647     9260.0000  4697                   9260.0000  2465424         
   1147   647    infeasible                         9260.0000  2475960         
   1259   688    infeasible                         9260.0000  2491731         
   1264   689     9260.0000  4782                   9260.0000  2530579         
   1266   691    24780.0000  4609                   9260.0000  2546931         
   1268   691    infeasible                         9260.0000  2558080         
   1270   691     9260.0000  4764                   9260.0000  2586098         
Elapsed time = 27903.04 sec. (3702776.12 ticks, tree = 9.60 MB, solutions = 0)
   1275   692    24780.0000  3578                   9260.0000  2623771         
   1276   693    24780.0000  3097                   9260.0000  2626918         
   1300   715    30280.0000   228                   9260.0000  2641149         
   1342   727     9260.0000  4562                   9260.0000  2653547         
   1347   730    25420.0000  2536                   9260.0000  2674496         
   1352   729    25420.0000  2731                   9260.0000  2694160         
   1357   726     9260.0000  4802                   9260.0000  2751285         
   1359   728     9260.0000  5315                   9260.0000  2773222         
   1361   730     9260.0000  4668                   9260.0000  2790992         
   1365   734    32720.0000  1895                   9260.0000  2819202         
Elapsed time = 28486.31 sec. (3784427.74 ticks, tree = 10.25 MB, solutions = 0)
   1431   774    34780.0000   182                   9260.0000  2836117         
   1445   780    24960.0000  3072                   9260.0000  2855586         
   1474   797    36020.0000   194                   9260.0000  2879010         
   1499   803    infeasible                         9260.0000  2895072         
   1534   822     9260.0000  4455                   9260.0000  2937947         
   1536   824     9260.0000  4546                   9260.0000  2960286         
   1538   826    25420.0000  2755                   9260.0000  2980366         
   1586   856    21080.0000  4173                   9260.0000  3004754         
   1591   861    21080.0000  2938                   9260.0000  3028268         
   1602   872    29020.0000  1392                   9260.0000  3050580         
Elapsed time = 28941.16 sec. (3848439.63 ticks, tree = 12.40 MB, solutions = 0)
   1619   877     9900.0000  4289                   9260.0000  3070659         
   1628   882    infeasible                         9260.0000  3085439         
   1735   902    11820.0000  4061                   9260.0000  3097879         
   1740   905    25600.0000   908                   9260.0000  3121640         
   1743   904     9260.0000  4883                   9260.0000  3164748         
   1744   905    24780.0000  2986                   9260.0000  3187264         
   1764   917    13960.0000  4126                   9260.0000  3207688         
   1781   930    30140.0000   388                   9260.0000  3226003         
   1860   954    17660.0000  4140                   9260.0000  3236448         
   1873   963    28840.0000   234                   9260.0000  3260310         
Elapsed time = 29403.24 sec. (3915986.03 ticks, tree = 13.72 MB, solutions = 0)
   1985  1014    17020.0000  4376                   9260.0000  3273933         
   1988  1013    infeasible                         9260.0000  3292369         
   1992  1015    17020.0000  3921                   9260.0000  3317893         
   1997  1016     9260.0000  4903                   9260.0000  3344624         
   1999  1018     9260.0000  4611                   9260.0000  3362402         
   2003  1018    infeasible                         9260.0000  3384501         

Performing restart 1

Repeating presolve.
Tried aggregator 1 time.
MIP Presolve modified 110 coefficients.
Reduced MIP has 60370 rows, 13109 columns, and 164934 nonzeros.
Reduced MIP has 12144 binaries, 0 generals, 0 SOSs, and 0 indicators.
Presolve time = 0.93 sec. (364.98 ticks)
Tried aggregator 1 time.
MIP Presolve modified 4296 coefficients.
Reduced MIP has 60370 rows, 13109 columns, and 164934 nonzeros.
Reduced MIP has 12144 binaries, 0 generals, 0 SOSs, and 0 indicators.
Presolve time = 1.64 sec. (538.72 ticks)
Represolve time = 5.47 sec. (1102.93 ticks)
   2004     0     5993.8598  4848                   Cuts: 526  3424841         
   2004     0     6173.4013  5591                  Cuts: 3420  3445130         
   2004     0     6618.3961  5059                  Cuts: 6278  3463150         
   2004     0     7021.7459  5435                  Cuts: 2184  3475082         
   2004     0     7021.7459  5252                  Cuts: 2658  3483267         
   2004     0     7271.2903  5460                  Cuts: 2302  3494086         
   2004     0     7274.8098  5324                  Cuts: 3462  3508028         
   2004     0     7274.8098  5709                  Cuts: 6889  3521090         
   2004     0     7275.6849  5064                  Cuts: 1502  3533778         
   2004     0     7275.6849  5143                  Cuts: 6934  3543025         
   2004     0     7275.6849  4667                   Cuts: 298  3553308         
   2004     0     7275.6849  5243                  Cuts: 5966  3564685         
   2004     2     7275.6849  4498                   9260.0000  3564685         
   2005     3     7311.4585  5349                   9260.0000  3573508         
   2006     4     9260.0000  5062                   9260.0000  3593962         
   2007     5     7836.5630  5178                   9260.0000  3614204         
Elapsed time = 31771.18 sec. (4429736.75 ticks, tree = 0.04 MB, solutions = 0)
   2008     6     7886.2905  4718                   9260.0000  3621544         
   2009     7     9900.0000  4745                   9260.0000  3647801         
   2010     8     9263.4081  4773                   9260.0000  3660844         
   2011     9     9260.0000  4963                   9260.0000  3672339         
   2012    10    22180.0000  2266                   9260.0000  3682925         
   2013    11     9263.4081  4181                   9260.0000  3687916         
   2018    16    24780.0000  2644                   9260.0000  3709762         
   2033    31    26360.0000   164                   9260.0000  3731009         
   2051    43     9260.0000  4587                   9260.0000  3776130         
   2052    44    17020.0000  4471                   9260.0000  3807546         
Elapsed time = 32326.62 sec. (4555091.70 ticks, tree = 0.57 MB, solutions = 0)
   2053    45    20260.0000  2671                   9260.0000  3823624         
   2054    46    17020.0000  5011                   9260.0000  3839366         
   2055    47    17020.0000  4528                   9260.0000  3856298         
   2056    48    17020.0000  4485                   9260.0000  3872973         
   2057    49    17020.0000  4425                   9260.0000  3920098         
   2058    50    31980.0000  2174                   9260.0000  3933639         
   2059    49    infeasible                         9260.0000  3945060         
   2060    50    31980.0000  1452                   9260.0000  3948733         
   2061    51    31980.0000  2196                   9260.0000  3950555         
   2062    51    32460.0000   184                   9260.0000  3951981         
Elapsed time = 32932.16 sec. (4701125.31 ticks, tree = 1.61 MB, solutions = 0)
   2063    52    31980.0000  2236                   9260.0000  3955685         
   2064    53    32460.0000   174                   9260.0000  3955727         
   2065    54    32460.0000   180                   9260.0000  3955802         
   2066    55    32460.0000   152                   9260.0000  3956152         
   2067    55    32460.0000   130                   9260.0000  3956180         
   2068    56    32640.0000   140                   9260.0000  3956271         
*  2113    79      integral     0    33340.0000     9260.0000  3957236   72.23%
   2114    78    24780.0000  3201    33340.0000     9260.0000  3992568   72.23%
   2146    94     9260.0000  4390    33340.0000     9260.0000  4033357   72.23%
   2147    95     9260.0000  5198    33340.0000     9260.0000  4060828   72.23%
   2148    96     9260.0000  4992    33340.0000     9260.0000  4079873   72.23%
Elapsed time = 33468.85 sec. (4868640.92 ticks, tree = 2.36 MB, solutions = 1)
   2149    97     9260.0000  5109    33340.0000     9260.0000  4097870   72.23%
   2150    98     9260.0000  5080    33340.0000     9260.0000  4115031   72.23%
   2151    99     9260.0000  4818    33340.0000     9260.0000  4133849   72.23%
   2152   100    17020.0000  4534    33340.0000     9260.0000  4148041   72.23%
   2153   101    17020.0000  4129    33340.0000     9260.0000  4166894   72.23%
   2154   102    17020.0000  3439    33340.0000     9260.0000  4177866   72.23%
   2162   108    28840.0000  1594    33340.0000     9260.0000  4194950   72.23%
   2165   111    31340.0000    84    33340.0000     9260.0000  4196848   72.23%
   2170   115    32860.0000    33    33340.0000     9260.0000  4197040   72.23%
*  2174+  107                        33100.0000     9260.0000            72.02%
   2176   107     9260.0000  4825    33100.0000     9260.0000  4251394   72.02%
Elapsed time = 34010.92 sec. (5035543.91 ticks, tree = 2.51 MB, solutions = 2)
   2177   108     9260.0000  4887    33100.0000     9260.0000  4277866   72.02%
   2178   109     9260.0000  4597    33100.0000     9260.0000  4323667   72.02%
   2179   110     9260.0000  4752    33100.0000     9260.0000  4343965   72.02%
   2181   112    12680.0000  4453    33100.0000     9260.0000  4364855   72.02%
   2183   114    12680.0000  3925    33100.0000     9260.0000  4389528   72.02%
   2184   114    26240.0000  1050    33100.0000     9260.0000  4404347   72.02%
   2194   119    17200.0000  4875    33100.0000     9260.0000  4429854   72.02%
   2195   120    17200.0000  4256    33100.0000     9260.0000  4452383   72.02%
   2197   122    17200.0000  4638    33100.0000     9260.0000  4476934   72.02%
   2198   123    17200.0000  4626    33100.0000     9260.0000  4490951   72.02%
Elapsed time = 34496.92 sec. (5146912.69 ticks, tree = 2.73 MB, solutions = 2)
   2200   125    17200.0000  4119    33100.0000     9260.0000  4515187   72.02%
   2203   128    26420.0000  1012    33100.0000     9260.0000  4532040   72.02%
   2204   127    infeasible          33100.0000     9260.0000  4540010   72.02%
   2205   126        cutoff          33100.0000     9260.0000  4551815   72.02%
   2206   127     9260.0000  4775    33100.0000     9260.0000  4584353   72.02%
   2207   128    25420.0000  3011    33100.0000     9260.0000  4601656   72.02%
   2208   129    25420.0000  2196    33100.0000     9260.0000  4607315   72.02%
   2209   130    25420.0000  1984    33100.0000     9260.0000  4609734   72.02%
   2211   130    25420.0000  2054    33100.0000     9260.0000  4615031   72.02%
   2212   131    25420.0000  2055    33100.0000     9260.0000  4616841   72.02%
Elapsed time = 34971.64 sec. (5305620.79 ticks, tree = 2.84 MB, solutions = 2)
   2220   134     9260.0000  4958    33100.0000     9260.0000  4648961   72.02%
   2222   136     9900.0000  4326    33100.0000     9260.0000  4672972   72.02%
   2224   138     9900.0000  4295    33100.0000     9260.0000  4699462   72.02%
   2225   139    25420.0000  3749    33100.0000     9260.0000  4719701   72.02%
   2230   140     9260.0000  4759    33100.0000     9260.0000  4759344   72.02%
   2231   141     9900.0000  4328    33100.0000     9260.0000  4783953   72.02%
   2232   141    14057.7067  2931    33100.0000     9260.0000  4798020   72.02%
   2233   142    14057.7067  2921    33100.0000     9260.0000  4798051   72.02%
   2234   143    29480.0000  1525    33100.0000     9260.0000  4803187   72.02%
   2235   144    29480.0000  1542    33100.0000     9260.0000  4804788   72.02%
Elapsed time = 35675.44 sec. (5504099.63 ticks, tree = 3.50 MB, solutions = 2)
   2236   145    29480.0000  1184    33100.0000     9260.0000  4806326   72.02%
   2237   146    29480.0000  1183    33100.0000     9260.0000  4808560   72.02%
   2238   147    29480.0000   797    33100.0000     9260.0000  4809417   72.02%
   2240   147    infeasible          33100.0000     9260.0000  4810223   72.02%
   2241   148    29480.0000   160    33100.0000     9260.0000  4810237   72.02%
   2242   149    29480.0000   174    33100.0000     9260.0000  4810387   72.02%
   2271   166     9260.0000  4770    33100.0000     9260.0000  4849024   72.02%
   2272   166    13963.6384  3921    33100.0000     9260.0000  4884568   72.02%
   2279   170    25420.0000  2520    33100.0000     9260.0000  4894096   72.02%
   2296   183    24780.0000  3172    33100.0000     9260.0000  4925035   72.02%
Elapsed time = 36106.94 sec. (5607229.71 ticks, tree = 4.19 MB, solutions = 2)
   2297   184    24780.0000  2007    33100.0000     9260.0000  4930905   72.02%
   2298   185    24780.0000  1843    33100.0000     9260.0000  4933186   72.02%
   2364   237    26860.0000    52    33100.0000     9260.0000  4942825   72.02%
   2386   248     9260.0000  5076    33100.0000     9260.0000  4967591   72.02%
   2388   250    29480.0000  1797    33100.0000     9260.0000  4999573   72.02%
   2390   252    30000.0000   192    33100.0000     9260.0000  5002121   72.02%
   2408   267    31140.0000    76    33100.0000     9260.0000  5002361   72.02%
   2410   267     9260.6265  4469    33100.0000     9260.0000  5020210   72.02%
   2411   268     9900.0000  2659    33100.0000     9260.0000  5043037   72.02%
   2413   268    25140.0000  2441    33100.0000     9260.0000  5065202   72.02%
Elapsed time = 36547.44 sec. (5725299.33 ticks, tree = 5.81 MB, solutions = 2)
   2414   267    infeasible          33100.0000     9260.0000  5070065   72.02%
   2415   266    infeasible          33100.0000     9260.0000  5072625   72.02%
   2416   267     9260.0000  4666    33100.0000     9260.0000  5118903   72.02%
   2417   268     9900.0000  4638    33100.0000     9260.0000  5143439   72.02%
   2418   269     9900.0000  4446    33100.0000     9260.0000  5168323   72.02%
   2420   271     9903.9179  2856    33100.0000     9260.0000  5187084   72.02%
   2467   307     9260.0000  4682    33100.0000     9260.0000  5221384   72.02%
   2468   308     9260.0000  5026    33100.0000     9260.0000  5236458   72.02%
   2469   309     9260.0000  4825    33100.0000     9260.0000  5264004   72.02%
   2470   310     9260.0000  4868    33100.0000     9260.0000  5282635   72.02%
Elapsed time = 37334.38 sec. (5896607.06 ticks, tree = 6.56 MB, solutions = 2)
   2471   311     9260.0000  5061    33100.0000     9260.0000  5303197   72.02%
   2473   313    17020.0000  4639    33100.0000     9260.0000  5321421   72.02%
   2474   314    17020.0000  4764    33100.0000     9260.0000  5338116   72.02%
   2475   315    17020.0000  4611    33100.0000     9260.0000  5352374   72.02%
   2476   316    22180.0000  2085    33100.0000     9260.0000  5377101   72.02%
   2477   317    22180.0000  2005    33100.0000     9260.0000  5380042   72.02%
   2478   318    22180.0000  1910    33100.0000     9260.0000  5382242   72.02%
   2552   364    17200.0000  4942    33100.0000     9260.0000  5412204   72.02%
   2554   366    17200.0000  4403    33100.0000     9260.0000  5438160   72.02%
   2555   367    24960.0000  1848    33100.0000     9260.0000  5447189   72.02%
Elapsed time = 37731.65 sec. (6004548.50 ticks, tree = 7.61 MB, solutions = 2)
   2556   368    24960.0000  1692    33100.0000     9260.0000  5449770   72.02%
   2557   369    25600.0000   204    33100.0000     9260.0000  5451996   72.02%
   2613   400     9260.0000  4827    33100.0000     9260.0000  5489086   72.02%
   2615   402    25140.0000  2581    33100.0000     9260.0000  5522995   72.02%
   2616   403    25140.0000  1692    33100.0000     9260.0000  5527915   72.02%
   2617   402    infeasible          33100.0000     9260.0000  5530444   72.02%
   2618   401    infeasible          33100.0000     9260.0000  5532605   72.02%
   2619   402     9260.0000  4845    33100.0000     9260.0000  5570063   72.02%
   2620   403     9260.0000  5081    33100.0000     9260.0000  5582604   72.02%
   2623   406    17020.0000  3754    33100.0000     9260.0000  5608123   72.02%
Elapsed time = 38587.06 sec. (6126388.34 ticks, tree = 8.33 MB, solutions = 2)
   2624   405    infeasible          33100.0000     9260.0000  5617063   72.02%
   2625   404    infeasible          33100.0000     9260.0000  5630661   72.02%
   2626   405     9260.0000  5077    33100.0000     9260.0000  5685725   72.02%
   2627   406     9485.9972  3861    33100.0000     9260.0000  5708769   72.02%
   2628   407    12583.4032  3037    33100.0000     9260.0000  5711743   72.02%
   2629   408    15729.2725  2745    33100.0000     9260.0000  5720326   72.02%
   2632   408    24780.0000  4147    33100.0000     9260.0000  5742795   72.02%
   2633   409    24780.0000  1202    33100.0000     9260.0000  5752662   72.02%
   2679   442     9260.0000  5153    33100.0000     9260.0000  5790034   72.02%
   2680   443     9260.0000  4641    33100.0000     9260.0000  5806592   72.02%
Elapsed time = 39939.51 sec. (6328492.34 ticks, tree = 8.92 MB, solutions = 2)
   2681   444    13960.0000  4329    33100.0000     9260.0000  5824633   72.02%
   2682   445    24780.0000  2580    33100.0000     9260.0000  5850081   72.02%
   2683   446    29480.0000  1054    33100.0000     9260.0000  5866424   72.02%
Starting limited solution polishing.
*  2704+  455                        32980.0000     9260.0000            71.92%
   2733   473        cutoff          32980.0000     9260.0000  5871468   71.92%
   2735   473    17020.0000  4737    32980.0000     9260.0000  5904732   71.92%
   2737   475    17020.0000  3880    32980.0000     9260.0000  5932400   71.92%
   2742   479    25420.0000  1717    32980.0000     9260.0000  5952455   71.92%
   2749   482     9350.3143  4573    32980.0000     9260.0000  5992343   71.92%
   2751   484     9907.0000  3944    32980.0000     9260.0000  6018669   71.92%
   2752   485    24780.0000  2936    32980.0000     9260.0000  6026070   71.92%
Elapsed time = 40849.24 sec. (6447364.89 ticks, tree = 9.56 MB, solutions = 3)
   2795   516    27540.0000    48    32980.0000     9260.0000  6040896   71.92%
*  2804+  505                        32420.0000     9260.0000            71.44%
   2808   505     9260.0000  4845    32420.0000     9260.0000  6078536   71.44%
   2809   506     9260.0000  5149    32420.0000     9260.0000  6122709   71.44%
   2810   507     9260.0000  5162    32420.0000     9260.0000  6148515   71.44%
   2811   508     9440.0000  4943    32420.0000     9260.0000  6169298   71.44%
   2812   509     9609.3014  3956    32420.0000     9260.0000  6212183   71.44%
   2818   512    25140.0000  3606    32420.0000     9260.0000  6233530   71.44%
   2820   514    25420.0000  1316    32420.0000     9260.0000  6250014   71.44%
   2821   515    25420.0000  1283    32420.0000     9260.0000  6251321   71.44%
   2822   516    25420.0000  1323    32420.0000     9260.0000  6252365   71.44%
Elapsed time = 41802.00 sec. (6622029.72 ticks, tree = 10.03 MB, solutions = 4)
   2849   539     9260.0000  5319    32420.0000     9260.0000  6292875   71.44%
   2850   540    24780.0000  2628    32420.0000     9260.0000  6326687   71.44%
   2852   538        cutoff          32420.0000     9260.0000  6334759   71.44%
   2853   539    25420.0000  1943    32420.0000     9260.0000  6360759   71.44%
   2854   538        cutoff          32420.0000     9260.0000  6368294   71.44%
   2855   538    25600.0000   478    32420.0000     9260.0000  6373903   71.44%
   2857   538     9900.0000  4567    32420.0000     9260.0000  6412740   71.44%
   2858   539     9900.0000  4566    32420.0000     9260.0000  6412749   71.44%
   2859   540     9900.0000  4388    32420.0000     9260.0000  6446477   71.44%
   2860   541     9900.0000  4288    32420.0000     9260.0000  6458534   71.44%
Elapsed time = 42583.17 sec. (6767970.54 ticks, tree = 10.52 MB, solutions = 4)
   2861   542     9900.0000  4477    32420.0000     9260.0000  6476147   71.44%
   2862   541    infeasible          32420.0000     9260.0000  6490400   71.44%
   2863   542    25420.0000  2758    32420.0000     9260.0000  6498264   71.44%
   2868   547    30500.0000   512    32420.0000     9260.0000  6513029   71.44%

GUB cover cuts applied:  10
Clique cuts applied:  2
Cover cuts applied:  131
Implied bound cuts applied:  837
Flow cuts applied:  298
Mixed integer rounding cuts applied:  806
Zero-half cuts applied:  65
Lift and project cuts applied:  1
Gomory fractional cuts applied:  4

Root node processing (before b&c):
  Real time             = 24056.72 sec. (2912045.76 ticks)
Sequential b&c:
  Real time             = 19143.56 sec. (3973211.54 ticks)
                          ------------
Total (root+branch&cut) = 43200.28 sec. (6885257.29 ticks)
Feasible

>> Printing some results...
    -> Solution value = 32419 - 09:00:19
    -> Total time = 43200.30
    -> Gap value = 0.71

=============
Train 0
=============
> Trip 0
   23(time 180 - 00:03:00)(time 360 - 00:06:00) ->    22(time 400 - 00:06:40)(time 440 - 00:07:20) ->    21(time 500 - 00:08:20)(time 680 - 00:11:20) ->    20(time 740 - 00:12:20)(time 920 - 00:15:20) ->    19(time 980 - 00:16:20)(time 1220 - 00:20:20) ->    18(time 1260 - 00:21:00)(time 1380 - 00:23:00) ->    17(time 1440 - 00:24:00)(time 1680 - 00:28:00) -> 16
> Trip 1
   0(time 1680 - 00:28:00)(time 1920 - 00:32:00) ->    1(time 1980 - 00:33:00)(time 2100 - 00:35:00) ->    2(time 2140 - 00:35:40)(time 2380 - 00:39:40) ->    3(time 2440 - 00:40:40)(time 2620 - 00:43:40) ->    4(time 2680 - 00:44:40)(time 2860 - 00:47:40) ->    5(time 2920 - 00:48:40)(time 2960 - 00:49:20) ->    6(time 3000 - 00:50:00)(time 3180 - 00:53:00) ->    7(time 3300 - 00:55:00)(time 3660 - 01:01:00) ->    8(time 3720 - 01:02:00)(time 4020 - 01:07:00) ->    9(time 4080 - 01:08:00)(time 4320 - 01:12:00) ->    10(time 4360 - 01:12:40)(time 4480 - 01:14:40) ->    11(time 4540 - 01:15:40)(time 4780 - 01:19:40) ->    12(time 4840 - 01:20:40)(time 5020 - 01:23:40) ->    13(time 5080 - 01:24:40)(time 5200 - 01:26:40) ->    14(time 5260 - 01:27:40)(time 5440 - 01:30:40) ->    15(time 5560 - 01:32:40)(time 5560 - 01:32:40) ->    31(time 5620 - 01:33:40)(time 5800 - 01:36:40) ->    30(time 5860 - 01:37:40)(time 5980 - 01:39:40) ->    29(time 6040 - 01:40:40)(time 6220 - 01:43:40) ->    28(time 6280 - 01:44:40)(time 6520 - 01:48:40) ->    27(time 6580 - 01:49:40)(time 6700 - 01:51:40) ->    26(time 6740 - 01:52:20)(time 6980 - 01:56:20) ->    25(time 7040 - 01:57:20)(time 7340 - 02:02:20) ->    24(time 7400 - 02:03:20)(time 7760 - 02:09:20) ->    23(time 7880 - 02:11:20)(time 8060 - 02:14:20) ->    22(time 8100 - 02:15:00)(time 8140 - 02:15:40) ->    21(time 8200 - 02:16:40)(time 8380 - 02:19:40) ->    20(time 8440 - 02:20:40)(time 8620 - 02:23:40) ->    19(time 8680 - 02:24:40)(time 8920 - 02:28:40) ->    18(time 8960 - 02:29:20)(time 9080 - 02:31:20) ->    17(time 9140 - 02:32:20)(time 9380 - 02:36:20) ->    16(time 9500 - 02:38:20)(time 9500 - 02:38:20) -> 0
> Trip 2
   0(time 15220 - 04:13:40)(time 15460 - 04:17:40) ->    1(time 15520 - 04:18:40)(time 15640 - 04:20:40) ->    2(time 15680 - 04:21:20)(time 15920 - 04:25:20) ->    3(time 15980 - 04:26:20)(time 16160 - 04:29:20) ->    4(time 16220 - 04:30:20)(time 16400 - 04:33:20) ->    5(time 16460 - 04:34:20)(time 16500 - 04:35:00) ->    6(time 16680 - 04:38:00)(time 16860 - 04:41:00) ->    7(time 16980 - 04:43:00)(time 17340 - 04:49:00) ->    8(time 17400 - 04:50:00)(time 17700 - 04:55:00) ->    9(time 17760 - 04:56:00)(time 18000 - 05:00:00) ->    10(time 18040 - 05:00:40)(time 18160 - 05:02:40) ->    11(time 18220 - 05:03:40)(time 18460 - 05:07:40) ->    12(time 18520 - 05:08:40)(time 18700 - 05:11:40) ->    13(time 18760 - 05:12:40)(time 18880 - 05:14:40) ->    14(time 18940 - 05:15:40)(time 19120 - 05:18:40) ->    15(time 19240 - 05:20:40)(time 19240 - 05:20:40) ->    31(time 19240 - 05:20:40)(time 19420 - 05:23:40) ->    30(time 19480 - 05:24:40)(time 19600 - 05:26:40) ->    29(time 19660 - 05:27:40)(time 19840 - 05:30:40) ->    28(time 19900 - 05:31:40)(time 20140 - 05:35:40) ->    27(time 20200 - 05:36:40)(time 20320 - 05:38:40) ->    26(time 20360 - 05:39:20)(time 20600 - 05:43:20) ->    25(time 20660 - 05:44:20)(time 20960 - 05:49:20) ->    24(time 21160 - 05:52:40)(time 21520 - 05:58:40) ->    23(time 21640 - 06:00:40)(time 21820 - 06:03:40) ->    22(time 21860 - 06:04:20)(time 21900 - 06:05:00) ->    21(time 22500 - 06:15:00)(time 22680 - 06:18:00) ->    20(time 23080 - 06:24:40)(time 23260 - 06:27:40) ->    19(time 23320 - 06:28:40)(time 23560 - 06:32:40) ->    18(time 23600 - 06:33:20)(time 23720 - 06:35:20) ->    17(time 23780 - 06:36:20)(time 24020 - 06:40:20) ->    16(time 24140 - 06:42:20)(time 24140 - 06:42:20) -> 0
> Trip 3
   0(time 24140 - 06:42:20)(time 24380 - 06:46:20) ->    1(time 24440 - 06:47:20)(time 24560 - 06:49:20) ->    2(time 24600 - 06:50:00)(time 24840 - 06:54:00) ->    3(time 24900 - 06:55:00)(time 25080 - 06:58:00) ->    4(time 25140 - 06:59:00)(time 25320 - 07:02:00) ->    5(time 25380 - 07:03:00)(time 25420 - 07:03:40) ->    6(time 25460 - 07:04:20)(time 25640 - 07:07:20) ->    7(time 25760 - 07:09:20)(time 26120 - 07:15:20) ->    8(time 26180 - 07:16:20)(time 26480 - 07:21:20) ->    9(time 26540 - 07:22:20)(time 26780 - 07:26:20) ->    10(time 26820 - 07:27:00)(time 26940 - 07:29:00) ->    11(time 27000 - 07:30:00)(time 27240 - 07:34:00) ->    12(time 27300 - 07:35:00)(time 27480 - 07:38:00) ->    13(time 27540 - 07:39:00)(time 27660 - 07:41:00) ->    14(time 27720 - 07:42:00)(time 27900 - 07:45:00) ->    15(time 28020 - 07:47:00)(time 28020 - 07:47:00) ->    31(time 28020 - 07:47:00)(time 28200 - 07:50:00) ->    30(time 28260 - 07:51:00)(time 28380 - 07:53:00) ->    29(time 28440 - 07:54:00)(time 28620 - 07:57:00) ->    28(time 28680 - 07:58:00)(time 28920 - 08:02:00) ->    27(time 28980 - 08:03:00)(time 29100 - 08:05:00) ->    26(time 29140 - 08:05:40)(time 29380 - 08:09:40) ->    25(time 29440 - 08:10:40)(time 29740 - 08:15:40) ->    24(time 29800 - 08:16:40)(time 30160 - 08:22:40) ->    23(time 30280 - 08:24:40)(time 30460 - 08:27:40) ->    22(time 30500 - 08:28:20)(time 30540 - 08:29:00) ->    21(time 30600 - 08:30:00)(time 30780 - 08:33:00) ->    20(time 30840 - 08:34:00)(time 31020 - 08:37:00) ->    19(time 31600 - 08:46:40)(time 31840 - 08:50:40) ->    18(time 31880 - 08:51:20)(time 32000 - 08:53:20) ->    17(time 32060 - 08:54:20)(time 32300 - 08:58:20) ->    16(time 32420 - 09:00:20)(time 32420 - 09:00:20) -> 0
=============
Train 1
=============
> Trip 0
   23(time 360 - 00:06:00)(time 540 - 00:09:00) ->    22(time 580 - 00:09:40)(time 620 - 00:10:20) ->    21(time 680 - 00:11:20)(time 860 - 00:14:20) ->    20(time 920 - 00:15:20)(time 1100 - 00:18:20) ->    19(time 1440 - 00:24:00)(time 1680 - 00:28:00) ->    18(time 2280 - 00:38:00)(time 2400 - 00:40:00) ->    17(time 2460 - 00:41:00)(time 2700 - 00:45:00) ->    16(time 2820 - 00:47:00)(time 2820 - 00:47:00) ->    0(time 2820 - 00:47:00)(time 3060 - 00:51:00) ->    1(time 3120 - 00:52:00)(time 3240 - 00:54:00) ->    2(time 3280 - 00:54:40)(time 3520 - 00:58:40) ->    3(time 3580 - 00:59:40)(time 3760 - 01:02:40) ->    4(time 3820 - 01:03:40)(time 4000 - 01:06:40) ->    5(time 4060 - 01:07:40)(time 4100 - 01:08:20) ->    6(time 4140 - 01:09:00)(time 4320 - 01:12:00) ->    7(time 4440 - 01:14:00)(time 4440 - 01:14:00) -> 23
> Trip 1
   7(time 4440 - 01:14:00)(time 4800 - 01:20:00) ->    8(time 4860 - 01:21:00)(time 5160 - 01:26:00) ->    9(time 5220 - 01:27:00)(time 5460 - 01:31:00) ->    10(time 5860 - 01:37:40)(time 5980 - 01:39:40) ->    11(time 6040 - 01:40:40)(time 6280 - 01:44:40) ->    12(time 6400 - 01:46:40)(time 6580 - 01:49:40) ->    13(time 6640 - 01:50:40)(time 6760 - 01:52:40) ->    14(time 6820 - 01:53:40)(time 7000 - 01:56:40) ->    15(time 7120 - 01:58:40)(time 7120 - 01:58:40) ->    31(time 7120 - 01:58:40)(time 7300 - 02:01:40) ->    30(time 7360 - 02:02:40)(time 7480 - 02:04:40) ->    29(time 7540 - 02:05:40)(time 7720 - 02:08:40) ->    28(time 7780 - 02:09:40)(time 8020 - 02:13:40) ->    27(time 8080 - 02:14:40)(time 8200 - 02:16:40) ->    26(time 8240 - 02:17:20)(time 8480 - 02:21:20) ->    25(time 8540 - 02:22:20)(time 8840 - 02:27:20) ->    24(time 8900 - 02:28:20)(time 9260 - 02:34:20) ->    23(time 9380 - 02:36:20)(time 9380 - 02:36:20) -> 7
> Trip 2
   7(time 20600 - 05:43:20)(time 20960 - 05:49:20) ->    8(time 21140 - 05:52:20)(time 21440 - 05:57:20) ->    9(time 21500 - 05:58:20)(time 21740 - 06:02:20) ->    10(time 21780 - 06:03:00)(time 21900 - 06:05:00) ->    11(time 21960 - 06:06:00)(time 22200 - 06:10:00) ->    12(time 22260 - 06:11:00)(time 22440 - 06:14:00) ->    13(time 22600 - 06:16:40)(time 22720 - 06:18:40) ->    14(time 22780 - 06:19:40)(time 22960 - 06:22:40) ->    15(time 23140 - 06:25:40)(time 23140 - 06:25:40) ->    31(time 23140 - 06:25:40)(time 23320 - 06:28:40) ->    30(time 23380 - 06:29:40)(time 23500 - 06:31:40) ->    29(time 23560 - 06:32:40)(time 23740 - 06:35:40) ->    28(time 24280 - 06:44:40)(time 24520 - 06:48:40) ->    27(time 24580 - 06:49:40)(time 24700 - 06:51:40) ->    26(time 24740 - 06:52:20)(time 24980 - 06:56:20) ->    25(time 25040 - 06:57:20)(time 25340 - 07:02:20) ->    24(time 25400 - 07:03:20)(time 25760 - 07:09:20) ->    23(time 25960 - 07:12:40)(time 25960 - 07:12:40) -> 7
> Trip 3
   23(time 25960 - 07:12:40)(time 26140 - 07:15:40) ->    22(time 26180 - 07:16:20)(time 26220 - 07:17:00) ->    21(time 26280 - 07:18:00)(time 26460 - 07:21:00) ->    20(time 26520 - 07:22:00)(time 26700 - 07:25:00) ->    19(time 26760 - 07:26:00)(time 27000 - 07:30:00) ->    18(time 27040 - 07:30:40)(time 27160 - 07:32:40) ->    17(time 27220 - 07:33:40)(time 27460 - 07:37:40) ->    16(time 27580 - 07:39:40)(time 27580 - 07:39:40) ->    0(time 27580 - 07:39:40)(time 27820 - 07:43:40) ->    1(time 27880 - 07:44:40)(time 28000 - 07:46:40) ->    2(time 28600 - 07:56:40)(time 28840 - 08:00:40) ->    3(time 29120 - 08:05:20)(time 29300 - 08:08:20) ->    4(time 29360 - 08:09:20)(time 29540 - 08:12:20) ->    5(time 29600 - 08:13:20)(time 29640 - 08:14:00) ->    6(time 29680 - 08:14:40)(time 29860 - 08:17:40) ->    7(time 29980 - 08:19:40)(time 29980 - 08:19:40) -> 23
=============
Train 2
=============
> Trip 0
   7(time 0 - 00:00:00)(time 360 - 00:06:00) ->    8(time 420 - 00:07:00)(time 720 - 00:12:00) ->    9(time 780 - 00:13:00)(time 1020 - 00:17:00) ->    10(time 1060 - 00:17:40)(time 1180 - 00:19:40) ->    11(time 1240 - 00:20:40)(time 1480 - 00:24:40) ->    12(time 1540 - 00:25:40)(time 1720 - 00:28:40) ->    13(time 1780 - 00:29:40)(time 1900 - 00:31:40) ->    14(time 2500 - 00:41:40)(time 2680 - 00:44:40) -> 15
> Trip 1
   31(time 7300 - 02:01:40)(time 7480 - 02:04:40) ->    30(time 7540 - 02:05:40)(time 7660 - 02:07:40) ->    29(time 7720 - 02:08:40)(time 7900 - 02:11:40) ->    28(time 7960 - 02:12:40)(time 8200 - 02:16:40) ->    27(time 8260 - 02:17:40)(time 8380 - 02:19:40) ->    26(time 8420 - 02:20:20)(time 8660 - 02:24:20) ->    25(time 8720 - 02:25:20)(time 9020 - 02:30:20) ->    24(time 9080 - 02:31:20)(time 9440 - 02:37:20) ->    23(time 9560 - 02:39:20)(time 9740 - 02:42:20) ->    22(time 9780 - 02:43:00)(time 9820 - 02:43:40) ->    21(time 9880 - 02:44:40)(time 10060 - 02:47:40) ->    20(time 10120 - 02:48:40)(time 10300 - 02:51:40) ->    19(time 10360 - 02:52:40)(time 10600 - 02:56:40) ->    18(time 10640 - 02:57:20)(time 10760 - 02:59:20) ->    17(time 10820 - 03:00:20)(time 11060 - 03:04:20) ->    16(time 11180 - 03:06:20)(time 11180 - 03:06:20) ->    0(time 11180 - 03:06:20)(time 11420 - 03:10:20) ->    1(time 11480 - 03:11:20)(time 11600 - 03:13:20) ->    2(time 11640 - 03:14:00)(time 11880 - 03:18:00) ->    3(time 11940 - 03:19:00)(time 12120 - 03:22:00) ->    4(time 12180 - 03:23:00)(time 12360 - 03:26:00) ->    5(time 12420 - 03:27:00)(time 12460 - 03:27:40) ->    6(time 12500 - 03:28:20)(time 12680 - 03:31:20) ->    7(time 13080 - 03:38:00)(time 13440 - 03:44:00) ->    8(time 13500 - 03:45:00)(time 13800 - 03:50:00) ->    9(time 13860 - 03:51:00)(time 14100 - 03:55:00) ->    10(time 14140 - 03:55:40)(time 14260 - 03:57:40) ->    11(time 14320 - 03:58:40)(time 14560 - 04:02:40) ->    12(time 14620 - 04:03:40)(time 14800 - 04:06:40) ->    13(time 14860 - 04:07:40)(time 14980 - 04:09:40) ->    14(time 15040 - 04:10:40)(time 15220 - 04:13:40) ->    15(time 15680 - 04:21:20)(time 15680 - 04:21:20) -> 31
> Trip 2
   31(time 15680 - 04:21:20)(time 15860 - 04:24:20) ->    30(time 15920 - 04:25:20)(time 16040 - 04:27:20) ->    29(time 16100 - 04:28:20)(time 16280 - 04:31:20) ->    28(time 16340 - 04:32:20)(time 16580 - 04:36:20) ->    27(time 16640 - 04:37:20)(time 16760 - 04:39:20) ->    26(time 16800 - 04:40:00)(time 17040 - 04:44:00) ->    25(time 17100 - 04:45:00)(time 17400 - 04:50:00) ->    24(time 18000 - 05:00:00)(time 18360 - 05:06:00) ->    23(time 18960 - 05:16:00)(time 19140 - 05:19:00) ->    22(time 19180 - 05:19:40)(time 19220 - 05:20:20) ->    21(time 19280 - 05:21:20)(time 19460 - 05:24:20) ->    20(time 19520 - 05:25:20)(time 19700 - 05:28:20) ->    19(time 19760 - 05:29:20)(time 20000 - 05:33:20) ->    18(time 20040 - 05:34:00)(time 20160 - 05:36:00) ->    17(time 20220 - 05:37:00)(time 20460 - 05:41:00) ->    16(time 20580 - 05:43:00)(time 20580 - 05:43:00) ->    0(time 20580 - 05:43:00)(time 20820 - 05:47:00) ->    1(time 20880 - 05:48:00)(time 21000 - 05:50:00) ->    2(time 21040 - 05:50:40)(time 21280 - 05:54:40) ->    3(time 21340 - 05:55:40)(time 21520 - 05:58:40) ->    4(time 21580 - 05:59:40)(time 21760 - 06:02:40) ->    5(time 21820 - 06:03:40)(time 21860 - 06:04:20) ->    6(time 21900 - 06:05:00)(time 22080 - 06:08:00) ->    7(time 22200 - 06:10:00)(time 22560 - 06:16:00) ->    8(time 22620 - 06:17:00)(time 22920 - 06:22:00) ->    9(time 22980 - 06:23:00)(time 23220 - 06:27:00) ->    10(time 23260 - 06:27:40)(time 23380 - 06:29:40) ->    11(time 23440 - 06:30:40)(time 23680 - 06:34:40) ->    12(time 23740 - 06:35:40)(time 23920 - 06:38:40) ->    13(time 23980 - 06:39:40)(time 24100 - 06:41:40) ->    14(time 24160 - 06:42:40)(time 24340 - 06:45:40) ->    15(time 24460 - 06:47:40)(time 24460 - 06:47:40) -> 31
> Trip 3
   31(time 24460 - 06:47:40)(time 24640 - 06:50:40) ->    30(time 24700 - 06:51:40)(time 24820 - 06:53:40) ->    29(time 24880 - 06:54:40)(time 25060 - 06:57:40) ->    28(time 25120 - 06:58:40)(time 25360 - 07:02:40) ->    27(time 25420 - 07:03:40)(time 25540 - 07:05:40) ->    26(time 25580 - 07:06:20)(time 25820 - 07:10:20) ->    25(time 25880 - 07:11:20)(time 26180 - 07:16:20) ->    24(time 26240 - 07:17:20)(time 26600 - 07:23:20) ->    23(time 26720 - 07:25:20)(time 26900 - 07:28:20) ->    22(time 26940 - 07:29:00)(time 26980 - 07:29:40) ->    21(time 27240 - 07:34:00)(time 27420 - 07:37:00) ->    20(time 27480 - 07:38:00)(time 27660 - 07:41:00) ->    19(time 27720 - 07:42:00)(time 27960 - 07:46:00) ->    18(time 28000 - 07:46:40)(time 28120 - 07:48:40) ->    17(time 28180 - 07:49:40)(time 28420 - 07:53:40) ->    16(time 28540 - 07:55:40)(time 28540 - 07:55:40) ->    0(time 28540 - 07:55:40)(time 28780 - 07:59:40) ->    1(time 28840 - 08:00:40)(time 28960 - 08:02:40) ->    2(time 29000 - 08:03:20)(time 29240 - 08:07:20) ->    3(time 29300 - 08:08:20)(time 29480 - 08:11:20) ->    4(time 29540 - 08:12:20)(time 29720 - 08:15:20) ->    5(time 29780 - 08:16:20)(time 29820 - 08:17:00) ->    6(time 29860 - 08:17:40)(time 30040 - 08:20:40) ->    7(time 30160 - 08:22:40)(time 30520 - 08:28:40) ->    8(time 30580 - 08:29:40)(time 30880 - 08:34:40) ->    9(time 30940 - 08:35:40)(time 31180 - 08:39:40) ->    10(time 31220 - 08:40:20)(time 31340 - 08:42:20) ->    11(time 31400 - 08:43:20)(time 31640 - 08:47:20) ->    12(time 31700 - 08:48:20)(time 31880 - 08:51:20) ->    13(time 31940 - 08:52:20)(time 32060 - 08:54:20) ->    14(time 32120 - 08:55:20)(time 32300 - 08:58:20) ->    15(time 32420 - 09:00:20)(time 32420 - 09:00:20) -> 31
=============
Train 3
=============
> Trip 0
   23(time 0 - 00:00:00)(time 180 - 00:03:00) ->    22(time 220 - 00:03:40)(time 260 - 00:04:20) ->    21(time 320 - 00:05:20)(time 500 - 00:08:20) ->    20(time 560 - 00:09:20)(time 740 - 00:12:20) ->    19(time 800 - 00:13:20)(time 1040 - 00:17:20) ->    18(time 1080 - 00:18:00)(time 1200 - 00:20:00) ->    17(time 1260 - 00:21:00)(time 1500 - 00:25:00) -> 16
> Trip 1
   0(time 1860 - 00:31:00)(time 2100 - 00:35:00) ->    1(time 2160 - 00:36:00)(time 2280 - 00:38:00) ->    2(time 2320 - 00:38:40)(time 2560 - 00:42:40) ->    3(time 2620 - 00:43:40)(time 2800 - 00:46:40) ->    4(time 2860 - 00:47:40)(time 3040 - 00:50:40) ->    5(time 3100 - 00:51:40)(time 3140 - 00:52:20) ->    6(time 3180 - 00:53:00)(time 3360 - 00:56:00) ->    7(time 3480 - 00:58:00)(time 3840 - 01:04:00) ->    8(time 3900 - 01:05:00)(time 4200 - 01:10:00) ->    9(time 4260 - 01:11:00)(time 4500 - 01:15:00) ->    10(time 4540 - 01:15:40)(time 4660 - 01:17:40) ->    11(time 4720 - 01:18:40)(time 4960 - 01:22:40) ->    12(time 5020 - 01:23:40)(time 5200 - 01:26:40) ->    13(time 5260 - 01:27:40)(time 5380 - 01:29:40) ->    14(time 5440 - 01:30:40)(time 5620 - 01:33:40) ->    15(time 5800 - 01:36:40)(time 5800 - 01:36:40) ->    31(time 5800 - 01:36:40)(time 5980 - 01:39:40) ->    30(time 6040 - 01:40:40)(time 6160 - 01:42:40) ->    29(time 6220 - 01:43:40)(time 6400 - 01:46:40) ->    28(time 6460 - 01:47:40)(time 6700 - 01:51:40) ->    27(time 6760 - 01:52:40)(time 6880 - 01:54:40) ->    26(time 6920 - 01:55:20)(time 7160 - 01:59:20) ->    25(time 7220 - 02:00:20)(time 7520 - 02:05:20) ->    24(time 7580 - 02:06:20)(time 7940 - 02:12:20) ->    23(time 8060 - 02:14:20)(time 8240 - 02:17:20) ->    22(time 8280 - 02:18:00)(time 8320 - 02:18:40) ->    21(time 8380 - 02:19:40)(time 8560 - 02:22:40) ->    20(time 8620 - 02:23:40)(time 8800 - 02:26:40) ->    19(time 8860 - 02:27:40)(time 9100 - 02:31:40) ->    18(time 9140 - 02:32:20)(time 9260 - 02:34:20) ->    17(time 9320 - 02:35:20)(time 9560 - 02:39:20) ->    16(time 9680 - 02:41:20)(time 9680 - 02:41:20) -> 0
> Trip 2
   0(time 9680 - 02:41:20)(time 9920 - 02:45:20) ->    1(time 9980 - 02:46:20)(time 10100 - 02:48:20) ->    2(time 10600 - 02:56:40)(time 10840 - 03:00:40) ->    3(time 10900 - 03:01:40)(time 11080 - 03:04:40) ->    4(time 11140 - 03:05:40)(time 11320 - 03:08:40) ->    5(time 11380 - 03:09:40)(time 11420 - 03:10:20) ->    6(time 11460 - 03:11:00)(time 11640 - 03:14:00) ->    7(time 11760 - 03:16:00)(time 12120 - 03:22:00) ->    8(time 12180 - 03:23:00)(time 12480 - 03:28:00) ->    9(time 12540 - 03:29:00)(time 12780 - 03:33:00) ->    10(time 12820 - 03:33:40)(time 12940 - 03:35:40) ->    11(time 13000 - 03:36:40)(time 13240 - 03:40:40) ->    12(time 13300 - 03:41:40)(time 13480 - 03:44:40) ->    13(time 13540 - 03:45:40)(time 13660 - 03:47:40) ->    14(time 13720 - 03:48:40)(time 13900 - 03:51:40) ->    15(time 14020 - 03:53:40)(time 14020 - 03:53:40) ->    31(time 14020 - 03:53:40)(time 14200 - 03:56:40) ->    30(time 14260 - 03:57:40)(time 14380 - 03:59:40) ->    29(time 14440 - 04:00:40)(time 14620 - 04:03:40) ->    28(time 14680 - 04:04:40)(time 14920 - 04:08:40) ->    27(time 14980 - 04:09:40)(time 15100 - 04:11:40) ->    26(time 15140 - 04:12:20)(time 15380 - 04:16:20) ->    25(time 15440 - 04:17:20)(time 15740 - 04:22:20) ->    24(time 15800 - 04:23:20)(time 16160 - 04:29:20) ->    23(time 16280 - 04:31:20)(time 16460 - 04:34:20) ->    22(time 16500 - 04:35:00)(time 16540 - 04:35:40) ->    21(time 16600 - 04:36:40)(time 16780 - 04:39:40) ->    20(time 16840 - 04:40:40)(time 17020 - 04:43:40) ->    19(time 17080 - 04:44:40)(time 17320 - 04:48:40) ->    18(time 17360 - 04:49:20)(time 17480 - 04:51:20) ->    17(time 17540 - 04:52:20)(time 17780 - 04:56:20) ->    16(time 17900 - 04:58:20)(time 17900 - 04:58:20) -> 0
> Trip 3
   0(time 17900 - 04:58:20)(time 18140 - 05:02:20) ->    1(time 18200 - 05:03:20)(time 18320 - 05:05:20) ->    2(time 18360 - 05:06:00)(time 18600 - 05:10:00) ->    3(time 18660 - 05:11:00)(time 18840 - 05:14:00) ->    4(time 18900 - 05:15:00)(time 19080 - 05:18:00) ->    5(time 19140 - 05:19:00)(time 19180 - 05:19:40) ->    6(time 19220 - 05:20:20)(time 19400 - 05:23:20) ->    7(time 20000 - 05:33:20)(time 20360 - 05:39:20) ->    8(time 20960 - 05:49:20)(time 21260 - 05:54:20) ->    9(time 21320 - 05:55:20)(time 21560 - 05:59:20) ->    10(time 21600 - 06:00:00)(time 21720 - 06:02:00) ->    11(time 21780 - 06:03:00)(time 22020 - 06:07:00) ->    12(time 22080 - 06:08:00)(time 22260 - 06:11:00) ->    13(time 22320 - 06:12:00)(time 22440 - 06:14:00) ->    14(time 22600 - 06:16:40)(time 22780 - 06:19:40) ->    15(time 22960 - 06:22:40)(time 22960 - 06:22:40) ->    31(time 22960 - 06:22:40)(time 23140 - 06:25:40) ->    30(time 23200 - 06:26:40)(time 23320 - 06:28:40) ->    29(time 23380 - 06:29:40)(time 23560 - 06:32:40) ->    28(time 23680 - 06:34:40)(time 23920 - 06:38:40) ->    27(time 24400 - 06:46:40)(time 24520 - 06:48:40) ->    26(time 24560 - 06:49:20)(time 24800 - 06:53:20) ->    25(time 24860 - 06:54:20)(time 25160 - 06:59:20) ->    24(time 25220 - 07:00:20)(time 25580 - 07:06:20) ->    23(time 25700 - 07:08:20)(time 25880 - 07:11:20) ->    22(time 25920 - 07:12:00)(time 25960 - 07:12:40) ->    21(time 26100 - 07:15:00)(time 26280 - 07:18:00) ->    20(time 26340 - 07:19:00)(time 26520 - 07:22:00) ->    19(time 26580 - 07:23:00)(time 26820 - 07:27:00) ->    18(time 26860 - 07:27:40)(time 26980 - 07:29:40) ->    17(time 27040 - 07:30:40)(time 27280 - 07:34:40) ->    16(time 27400 - 07:36:40)(time 27400 - 07:36:40) -> 0
Traceback (most recent call last):
  File "/home/renata/Train-Timetabling/script.py", line 17, in <module>
    with open(file_name, "r") as file:
FileNotFoundError: [Errno 2] No such file or directory: 'script-solution.txt'
