t4p17r11h3.txt:
   > Trying to open the instance file...
   > Reading number of trains...
   > Reading maximum number of trips per train...
   > Reading time intervals...
   > Reading number of points...
   > Reading stations...
   > Reading crossings...
   > Reading depots...
   > Reading initial point...
   > Reading routes...
   > Reading distance and distance and service...
   > Reading demands...
   > Reading maximum time...
   > Reading alpha...

--------------------------------
 Printing instance
--------------------------------
number of trains = 4
	max trips per trains: 2     2     2     2
number of intervals = 3
	(0,  19813)	(19814,  39626)	(39627,  59439)
number of points = 17
	initial point: 16
	stations: 0     1     2     3     4     5     8     9    10    11    12    13    14    15    16
	crossings: 0     6     7     8    14    16
	depots: 0     8    14    16
number of vertices = 34
	total vertices: 0     1     2     3     4     5     6     7     8     9    10    11    12    13    14    15    16    17    18    19    20    21    22    23    24    25    26    27    28    29    30    31    32    33
	upper vertices: 0     1     2     3     4     5     6     7     8     9    10    11    12    13    14    15    16
	lower vertices: 17    18    19    20    21    22    23    24    25    26    27    28    29    30    31    32    33
	vertices of point #0: (0, 17)
	vertices of point #1: (1, 18)
	vertices of point #2: (2, 19)
	vertices of point #3: (3, 20)
	vertices of point #4: (4, 21)
	vertices of point #5: (5, 22)
	vertices of point #6: (6, 23)
	vertices of point #7: (7, 24)
	vertices of point #8: (8, 25)
	vertices of point #9: (9, 26)
	vertices of point #10: (10, 27)
	vertices of point #11: (11, 28)
	vertices of point #12: (12, 29)
	vertices of point #13: (13, 30)
	vertices of point #14: (14, 31)
	vertices of point #15: (15, 32)
	vertices of point #16: (16, 33)

arcs...
	total arcs: 
		arc #0: (0, 1)
		arc #1: (0, 17)
		arc #2: (17, 0)
		arc #3: (1, 2)
		arc #4: (18, 17)
		arc #5: (2, 3)
		arc #6: (19, 18)
		arc #7: (3, 4)
		arc #8: (20, 19)
		arc #9: (4, 5)
		arc #10: (21, 20)
		arc #11: (5, 6)
		arc #12: (22, 21)
		arc #13: (6, 7)
		arc #14: (23, 22)
		arc #15: (7, 8)
		arc #16: (24, 23)
		arc #17: (8, 9)
		arc #18: (25, 24)
		arc #19: (8, 25)
		arc #20: (25, 8)
		arc #21: (9, 10)
		arc #22: (26, 25)
		arc #23: (10, 11)
		arc #24: (27, 26)
		arc #25: (11, 12)
		arc #26: (28, 27)
		arc #27: (12, 13)
		arc #28: (29, 28)
		arc #29: (13, 14)
		arc #30: (30, 29)
		arc #31: (14, 15)
		arc #32: (31, 30)
		arc #33: (14, 31)
		arc #34: (31, 14)
		arc #35: (15, 16)
		arc #36: (32, 31)
		arc #37: (33, 32)
		arc #38: (16, 33)
		arc #39: (33, 16)

	reverse arcs: 
		arc #1: (0, 17)
		arc #2: (17, 0)
		arc #19: (8, 25)
		arc #20: (25, 8)
		arc #33: (14, 31)
		arc #34: (31, 14)
		arc #38: (16, 33)
		arc #39: (33, 16)


incompatible points...
	(0, 5, 23, (5, 6))	(23, 18, 0, (18, 17))	(6, 6, 24, (6, 7))	(24, 24, 6, (24, 23))	(7, 7, 25, (7, 8))	(25, 25, 7, (25, 24))	(8, 13, 31, (13, 14))	(31, 26, 8, (26, 25))	(14, 15, 33, (15, 16))	(33, 32, 14, (32, 31))

number of routes = 11
vertices of routes...
	route #0: 0     1     2     3     4     5     6     7     8     9    10    11    12    13    14    15    16    33    32    31    30    29    28    27    26    25    24    23    22    21    20    19    18    17     0
	route #1: 33    32    31    30    29    28    27    26    25    24    23    22    21    20    19    18    17     0     1     2     3     4     5     6     7     8     9    10    11    12    13    14    15    16    33
	route #2: 14    15    16
	route #3: 31    30    29    28    27    26    25    24    23    22    21    20    19    18    17
	route #4: 0     1     2     3     4     5     6     7     8     9    10    11    12    13    14
	route #5: 33    32    31
	route #6: 8     9    10    11    12    13    14    15    16
	route #7: 25    24    23    22    21    20    19    18    17
	route #8: 0     1     2     3     4     5     6     7     8
	route #9: 33    32    31    30    29    28    27    26    25
	route #10: 8     9    10    11    12    13    14
arcs of routes...
	route #0: 0     3     5     7     9    11    13    15    17    21    23    25    27    29    31    35    38    37    36    32    30    28    26    24    22    18    16    14    12    10     8     6     4     2
	route #1: 37    36    32    30    28    26    24    22    18    16    14    12    10     8     6     4     2     0     3     5     7     9    11    13    15    17    21    23    25    27    29    31    35    38
	route #2: 31    35
	route #3: 32    30    28    26    24    22    18    16    14    12    10     8     6     4
	route #4: 0     3     5     7     9    11    13    15    17    21    23    25    27    29
	route #5: 37    36
	route #6: 17    21    23    25    27    29    31    35
	route #7: 18    16    14    12    10     8     6     4
	route #8: 0     3     5     7     9    11    13    15
	route #9: 37    36    32    30    28    26    24    22
	route #10: 17    21    23    25    27    29

incompatible routes...
	(0, 1)    	(0, 2)    	(0, 3)    	(0, 5)    	(0, 6)    	(0, 7)    	(0, 9)    	(0, 10)    	(1, 0)    	(1, 2)    	(1, 3)    	(1, 4)    	(1, 6)    	(1, 7)    	(1, 8)    	(1, 10)    	(2, 0)    	(2, 2)    	(2, 3)    	(2, 4)    	(2, 6)    	(2, 7)    	(2, 8)    	(2, 10)    	(3, 1)    	(3, 2)    	(3, 3)    	(3, 5)    	(3, 6)    	(3, 7)    	(3, 9)    	(3, 10)    	(4, 0)    	(4, 1)    	(4, 4)    	(4, 5)    	(4, 6)    	(4, 7)    	(4, 8)    	(4, 9)    	(4, 10)    	(5, 0)    	(5, 1)    	(5, 4)    	(5, 5)    	(5, 6)    	(5, 7)    	(5, 8)    	(5, 9)    	(5, 10)    	(6, 0)    	(6, 2)    	(6, 3)    	(6, 4)    	(6, 6)    	(6, 7)    	(6, 8)    	(6, 10)    	(7, 1)    	(7, 2)    	(7, 3)    	(7, 5)    	(7, 6)    	(7, 7)    	(7, 9)    	(7, 10)    	(8, 0)    	(8, 1)    	(8, 2)    	(8, 3)    	(8, 4)    	(8, 5)    	(8, 8)    	(8, 9)    	(9, 0)    	(9, 1)    	(9, 2)    	(9, 3)    	(9, 4)    	(9, 5)    	(9, 8)    	(9, 9)    	(10, 0)    	(10, 1)    	(10, 4)    	(10, 5)    	(10, 6)    	(10, 7)    	(10, 8)    	(10, 9)    	(10, 10)

vertices that can be adjacent in consecutive trips...
	(0, 0)    	(8, 8)    	(8, 25)    	(14, 14)    	(14, 31)    	(16, 33)    	(17, 0)    	(25, 8)    	(25, 25)    	(31, 14)    	(31, 31)    	(33, 33)
non cyclical routes: 
       2       3       4       5       6       7       8       9      10

routes of trip...
	routes that train #0 can complete at trip #0: 1       5       9
	routes that train #0 can complete at trip #1: 0       1       2       3       4       5       6       7       8       9      10

	routes that train #1 can complete at trip #0: 1       5       9
	routes that train #1 can complete at trip #1: 0       1       2       3       4       5       6       7       8       9      10

	routes that train #2 can complete at trip #0: 1       5       9
	routes that train #2 can complete at trip #1: 0       1       2       3       4       5       6       7       8       9      10

	routes that train #3 can complete at trip #0: 1       5       9
	routes that train #3 can complete at trip #1: 0       1       2       3       4       5       6       7       8       9      10

 cost...
	arc #0 [0][1]: 451
	arc #1 [0][17]: 0
	arc #2 [17][0]: 0
	arc #3 [1][2]: 477
	arc #4 [18][17]: 451
	arc #5 [2][3]: 529
	arc #6 [19][18]: 477
	arc #7 [3][4]: 496
	arc #8 [20][19]: 529
	arc #9 [4][5]: 481
	arc #10 [21][20]: 496
	arc #11 [5][6]: 522
	arc #12 [22][21]: 481
	arc #13 [6][7]: 479
	arc #14 [23][22]: 522
	arc #15 [7][8]: 473
	arc #16 [24][23]: 479
	arc #17 [8][9]: 488
	arc #18 [25][24]: 473
	arc #19 [8][25]: 0
	arc #20 [25][8]: 0
	arc #21 [9][10]: 519
	arc #22 [26][25]: 488
	arc #23 [10][11]: 525
	arc #24 [27][26]: 519
	arc #25 [11][12]: 485
	arc #26 [28][27]: 525
	arc #27 [12][13]: 492
	arc #28 [29][28]: 485
	arc #29 [13][14]: 487
	arc #30 [30][29]: 492
	arc #31 [14][15]: 448
	arc #32 [31][30]: 487
	arc #33 [14][31]: 0
	arc #34 [31][14]: 0
	arc #35 [15][16]: 460
	arc #36 [32][31]: 448
	arc #37 [33][32]: 460
	arc #38 [16][33]: 0
	arc #39 [33][16]: 0

cost with minimum service...
	arc #0 [0][1]: 532
	arc #1 [0][17]: 0
	arc #2 [17][0]: 0
	arc #3 [1][2]: 558
	arc #4 [18][17]: 593
	arc #5 [2][3]: 610
	arc #6 [19][18]: 558
	arc #7 [3][4]: 577
	arc #8 [20][19]: 610
	arc #9 [4][5]: 562
	arc #10 [21][20]: 577
	arc #11 [5][6]: 586
	arc #12 [22][21]: 562
	arc #13 [6][7]: 543
	arc #14 [23][22]: 603
	arc #15 [7][8]: 615
	arc #16 [24][23]: 543
	arc #17 [8][9]: 569
	arc #18 [25][24]: 537
	arc #19 [8][25]: 0
	arc #20 [25][8]: 0
	arc #21 [9][10]: 600
	arc #22 [26][25]: 630
	arc #23 [10][11]: 606
	arc #24 [27][26]: 600
	arc #25 [11][12]: 566
	arc #26 [28][27]: 606
	arc #27 [12][13]: 573
	arc #28 [29][28]: 566
	arc #29 [13][14]: 629
	arc #30 [30][29]: 573
	arc #31 [14][15]: 529
	arc #32 [31][30]: 568
	arc #33 [14][31]: 0
	arc #34 [31][14]: 0
	arc #35 [15][16]: 602
	arc #36 [32][31]: 590
	arc #37 [33][32]: 541
	arc #38 [16][33]: 0
	arc #39 [33][16]: 0

cost with maximum service...
	arc #0 [0][1]: 944
	arc #1 [0][17]: 493
	arc #2 [17][0]: 493
	arc #3 [1][2]: 970
	arc #4 [18][17]: 944
	arc #5 [2][3]: 1022
	arc #6 [19][18]: 970
	arc #7 [3][4]: 989
	arc #8 [20][19]: 1022
	arc #9 [4][5]: 974
	arc #10 [21][20]: 989
	arc #11 [5][6]: 1015
	arc #12 [22][21]: 974
	arc #13 [6][7]: 972
	arc #14 [23][22]: 1015
	arc #15 [7][8]: 966
	arc #16 [24][23]: 972
	arc #17 [8][9]: 981
	arc #18 [25][24]: 966
	arc #19 [8][25]: 493
	arc #20 [25][8]: 493
	arc #21 [9][10]: 1012
	arc #22 [26][25]: 981
	arc #23 [10][11]: 1018
	arc #24 [27][26]: 1012
	arc #25 [11][12]: 978
	arc #26 [28][27]: 1018
	arc #27 [12][13]: 985
	arc #28 [29][28]: 978
	arc #29 [13][14]: 980
	arc #30 [30][29]: 985
	arc #31 [14][15]: 941
	arc #32 [31][30]: 980
	arc #33 [14][31]: 493
	arc #34 [31][14]: 493
	arc #35 [15][16]: 953
	arc #36 [32][31]: 941
	arc #37 [33][32]: 953
	arc #38 [16][33]: 493
	arc #39 [33][16]: 493

demands...
	demands of vertex 0 at time interval: 2     2     2
	demands of vertex 1 at time interval: 2     2     2
	demands of vertex 2 at time interval: 2     2     2
	demands of vertex 3 at time interval: 2     2     2
	demands of vertex 4 at time interval: 2     2     2
	demands of vertex 5 at time interval: 2     2     2
	demands of vertex 6 at time interval: 0     0     0
	demands of vertex 7 at time interval: 0     0     0
	demands of vertex 8 at time interval: 2     2     2
	demands of vertex 9 at time interval: 2     2     2
	demands of vertex 10 at time interval: 2     2     2
	demands of vertex 11 at time interval: 2     2     2
	demands of vertex 12 at time interval: 2     2     2
	demands of vertex 13 at time interval: 2     2     2
	demands of vertex 14 at time interval: 2     2     2
	demands of vertex 15 at time interval: 2     2     2
	demands of vertex 16 at time interval: 0     0     0
	demands of vertex 17 at time interval: 0     0     0
	demands of vertex 18 at time interval: 2     2     2
	demands of vertex 19 at time interval: 2     2     2
	demands of vertex 20 at time interval: 2     2     2
	demands of vertex 21 at time interval: 2     2     2
	demands of vertex 22 at time interval: 2     2     2
	demands of vertex 23 at time interval: 0     0     0
	demands of vertex 24 at time interval: 0     0     0
	demands of vertex 25 at time interval: 2     2     2
	demands of vertex 26 at time interval: 2     2     2
	demands of vertex 27 at time interval: 2     2     2
	demands of vertex 28 at time interval: 2     2     2
	demands of vertex 29 at time interval: 2     2     2
	demands of vertex 30 at time interval: 2     2     2
	demands of vertex 31 at time interval: 2     2     2
	demands of vertex 32 at time interval: 2     2     2
	demands of vertex 33 at time interval: 2     2     2

maximum time = 59439
alpha = 63

>> Solving...
Version identifier: 20.1.0.0 | 2020-11-10 | 9bedb6d68
CPXPARAM_Threads                                 1
CPXPARAM_TimeLimit                               43200
Tried aggregator 3 times.
MIP Presolve eliminated 45807 rows and 6444 columns.
MIP Presolve modified 45981 coefficients.
Aggregator did 288 substitutions.
Reduced MIP has 132200 rows, 50637 columns, and 322176 nonzeros.
Reduced MIP has 50236 binaries, 0 generals, 0 SOSs, and 0 indicators.
Presolve time = 7.96 sec. (3293.92 ticks)
Probing fixed 40 vars, tightened 125 bounds.
Probing time = 6.20 sec. (862.90 ticks)
Tried aggregator 1 time.
Detecting symmetries...
Elapsed time for symmetry detection = 5.68 sec. (10000.09 ticks)
Found 1.758975e+37702 symmetric permutations.
MIP Presolve eliminated 97 rows and 97 columns.
MIP Presolve modified 4160 coefficients.
Reduced MIP has 132103 rows, 50540 columns, and 321809 nonzeros.
Reduced MIP has 50139 binaries, 0 generals, 0 SOSs, and 0 indicators.
Presolve time = 8.93 sec. (11542.40 ticks)
Probing fixed 0 vars, tightened 49 bounds.
Probing time = 4.11 sec. (349.02 ticks)
Clique table members: 227342.
MIP emphasis: balance optimality and feasibility.
MIP search method: dynamic search.
Parallel mode: none, using 1 thread.
Root relaxation solution time = 98.41 sec. (29312.67 ticks)

        Nodes                                         Cuts/
   Node  Left     Objective  IInf  Best Integer    Best Bound    ItCnt     Gap

      0     0        0.0000 25248                      0.0000    49896         
      0     0        0.0000 24970                  Cuts: 4218    54561         
      0     0       16.2475 25690                  Cuts: 5674    62209         
      0     0      365.8762 25297                  Cuts: 4637    79122         
      0     0      830.9457 25325                  Cuts: 4136    83891         
      0     0     1369.4977 25307                  Cuts: 3875    99397         

Repeating presolve.
Tried aggregator 1 time.
MIP Presolve eliminated 106743 rows and 42699 columns.
MIP Presolve modified 1874 coefficients.
Reduced MIP has 25360 rows, 7841 columns, and 65621 nonzeros.
Reduced MIP has 7440 binaries, 0 generals, 0 SOSs, and 0 indicators.
Presolve time = 1.21 sec. (309.49 ticks)
Probing fixed 0 vars, tightened 42 bounds.
Probing time = 0.86 sec. (131.66 ticks)
Tried aggregator 1 time.
Detecting symmetries...
MIP Presolve eliminated 22 rows and 22 columns.
MIP Presolve modified 1412 coefficients.
Reduced MIP has 25338 rows, 7819 columns, and 65548 nonzeros.
Reduced MIP has 7418 binaries, 0 generals, 0 SOSs, and 0 indicators.
Presolve time = 0.72 sec. (382.20 ticks)
Represolve time = 3.66 sec. (875.53 ticks)
Probing fixed 0 vars, tightened 40 bounds.
Probing time = 0.67 sec. (93.19 ticks)
Clique table members: 40483.
MIP emphasis: balance optimality and feasibility.
MIP search method: dynamic search.
Parallel mode: none, using 1 thread.
Root relaxation solution time = 6.93 sec. (2016.03 ticks)

        Nodes                                         Cuts/
   Node  Left     Objective  IInf  Best Integer    Best Bound    ItCnt     Gap

      0     0     1369.4977  3936                   1369.4977   114954         
      0     0     1544.8411  3916                  Cuts: 1880   118604         
      0     0     1871.9321  3912                  Cuts: 1385   120858         
      0     0     1963.4282  3946                  Cuts: 1017   122304         
      0     0     2017.4363  3874                   Cuts: 613   123230         
      0     0     2072.9878  3831                   Cuts: 569   125103         

Repeating presolve.
Tried aggregator 1 time.
MIP Presolve eliminated 5820 rows and 2328 columns.
MIP Presolve modified 1432 coefficients.
Reduced MIP has 19518 rows, 5491 columns, and 51580 nonzeros.
Reduced MIP has 5090 binaries, 0 generals, 0 SOSs, and 0 indicators.
Presolve time = 0.32 sec. (130.59 ticks)
Probing fixed 0 vars, tightened 31 bounds.
Probing time = 0.49 sec. (99.39 ticks)
Tried aggregator 1 time.
Detecting symmetries...
MIP Presolve eliminated 17 rows and 17 columns.
MIP Presolve modified 1005 coefficients.
Reduced MIP has 19501 rows, 5474 columns, and 51512 nonzeros.
Reduced MIP has 5073 binaries, 0 generals, 0 SOSs, and 0 indicators.
Presolve time = 0.44 sec. (218.54 ticks)
Represolve time = 1.79 sec. (477.59 ticks)
Probing fixed 0 vars, tightened 21 bounds.
Probing time = 0.37 sec. (57.00 ticks)
Clique table members: 31201.
MIP emphasis: balance optimality and feasibility.
MIP search method: dynamic search.
Parallel mode: none, using 1 thread.
Root relaxation solution time = 3.01 sec. (1114.78 ticks)

        Nodes                                         Cuts/
   Node  Left     Objective  IInf  Best Integer    Best Bound    ItCnt     Gap

      0     0     2072.9878  2707                   2072.9878   134783         
      0     0     2078.7467  2714                  Cuts: 1508   135569         
      0     0     2078.7467  2741                  Cuts: 1030   136072         
      0     0     2078.7983  2628                   Cuts: 191   136322         
      0     0     2078.8452  2723                  Cuts: 1155   136909         
      0     2     2078.8452  2603                   2115.5163   136909         
Elapsed time = 1269.83 sec. (252342.37 ticks, tree = 0.01 MB, solutions = 0)
      1     3    17689.0378  2531                   2129.1462   141456         
      2     4    18514.0000  2715                  18212.4849   153821         
      3     5    47794.0000  2331                  18212.4849   164045         
      4     6    47794.0000  1146                  18212.4849   165918         
     12    14    47794.0000   692                  18212.4849   166591         
     19    15    51222.0000   584                  18212.4849   167586         
     26    17    19129.0420  2539                  18514.0000   171374         
     29    20    22765.2071  2523                  18514.0000   173834         
     30    21    47794.0000  2212                  18514.0000   180297         
     52    37    37028.0000  2306                  18514.0000   187707         
Elapsed time = 1302.29 sec. (264071.39 ticks, tree = 1.04 MB, solutions = 0)
     55    40    51222.0000   300                  18514.0000   194327         
*    60+   40                        58283.0000    18514.0000            68.23%
     61    41    18514.0000  2578    58283.0000    18514.0000   199572   68.23%
     62    42    18514.0000  2594    58283.0000    18514.0000   200029   68.23%
     75    52    57600.0000   261    58283.0000    18514.0000   209074   68.23%
     94    66    51222.0000   290    58283.0000    18514.0000   217460   68.23%
    113    79    37028.0000  1737    58283.0000    18514.0000   226200   68.23%
    180   136    37170.0000  2379    58283.0000    18514.0000   232903   68.23%
    203   148    18514.0000  2216    58283.0000    18514.0000   241541   68.23%
    230   167    58141.0000   486    58283.0000    18514.0000   251403   68.23%
    265   191    20268.8365  1653    58283.0000    18514.0000   260296   68.23%
Elapsed time = 1324.53 sec. (278081.89 ticks, tree = 2.11 MB, solutions = 1)
    320   225    37726.0000  1385    58283.0000    18514.0000   267652   68.23%
    335   228        cutoff          58283.0000    18514.0000   275701   68.23%
    338   229    34624.0000   610    58283.0000    18514.0000   281108   68.23%
    416   282    18514.0000  2367    58283.0000    18514.0000   284661   68.23%
    448   304    55686.0000  1192    58283.0000    18514.0000   293652   68.23%
    479   325    18514.0000  1645    58283.0000    18514.0000   302274   68.23%
    510   346    18514.0992  1139    58283.0000    18514.0000   306710   68.23%
    582   391    37726.0000   506    58283.0000    18514.0000   311609   68.23%
    643   431    37726.0000  1092    58283.0000    18514.0000   317842   68.23%
    738   498    36886.0000  1345    58283.0000    18514.0000   325333   68.23%
Elapsed time = 1352.63 sec. (289909.29 ticks, tree = 4.18 MB, solutions = 1)
    818   541    28390.0375  1381    58283.0000    18514.0000   331736   68.23%
*   840+  280                        38612.0000    18514.0000            52.05%
*   850+  227                        38010.0000    18514.0000            51.29%
    854   230    37726.0000   590    38010.0000    18514.0000   336058   51.29%
    925   265    29603.0000   811    38010.0000    24488.0000   341863   35.57%
    950   278    37726.0000   760    38010.0000    24488.0000   344993   35.57%
    967   291    37726.0000   264    38010.0000    24488.0000   347708   35.57%
   1020   311    36568.0000   748    38010.0000    28862.0000   353304   24.07%

Performing restart 1

Repeating presolve.
Tried aggregator 2 times.
MIP Presolve eliminated 2715 rows and 1086 columns.
MIP Presolve modified 1146 coefficients.
Aggregator did 1 substitutions.
Reduced MIP has 16785 rows, 4387 columns, and 44976 nonzeros.
Reduced MIP has 3986 binaries, 0 generals, 0 SOSs, and 0 indicators.
Presolve time = 0.23 sec. (111.81 ticks)
Tried aggregator 1 time.
MIP Presolve modified 992 coefficients.
Reduced MIP has 16785 rows, 4387 columns, and 44976 nonzeros.
Reduced MIP has 3986 binaries, 0 generals, 0 SOSs, and 0 indicators.
Presolve time = 0.29 sec. (115.19 ticks)
Represolve time = 1.63 sec. (633.31 ticks)

Repeating presolve.
Tried aggregator 2 times.
MIP Presolve eliminated 9647 rows and 1740 columns.
MIP Presolve modified 7988 coefficients.
Aggregator did 1106 substitutions.
Reduced MIP has 6032 rows, 1541 columns, and 17264 nonzeros.
Reduced MIP has 1268 binaries, 0 generals, 0 SOSs, and 0 indicators.
Presolve time = 0.07 sec. (28.71 ticks)
Tried aggregator 1 time.
MIP Presolve modified 48 coefficients.
Reduced MIP has 6032 rows, 1541 columns, and 17264 nonzeros.
Reduced MIP has 1268 binaries, 0 generals, 0 SOSs, and 0 indicators.
Presolve time = 0.02 sec. (8.86 ticks)
Represolve time = 0.59 sec. (298.89 ticks)
   1044     0    18545.9674   616    38010.0000    Cuts: 1256   359428   23.98%
   1044     0    18637.2563   485    38010.0000    Cuts: 1066   359936   23.98%
   1044     0    18651.2928   581    38010.0000    Cuts: 1094   360514   23.98%
   1044     0    18654.2320   551    38010.0000    Cuts: 1608   362071   23.98%
   1044     0    18654.2537   621    38010.0000    Cuts: 1182   362575   23.98%
   1044     0    18654.4133   532    38010.0000     Cuts: 849   363081   23.98%
   1044     0    18654.4469   600    38010.0000     Cuts: 972   363509   23.98%
   1044     2    18654.4469   600    38010.0000    28893.5000   363509   23.98%
   1046     4    27819.9309   443    38010.0000    28893.5000   364376   23.98%
   1049     7    37726.0000   234    38010.0000    28893.5000   364977   23.98%
   1058    16    37726.9485    85    38010.0000    28893.5000   366211   23.98%
Elapsed time = 1392.61 sec. (310960.24 ticks, tree = 0.13 MB, solutions = 3)
   1085    35    37726.0000    98    38010.0000    28893.5000   368764   23.98%
   1141    62    31189.8227   402    38010.0000    31189.8227   373819   17.94%
   1214   102    37726.0000   167    38010.0000    37185.0000   379595    2.17%
   1313   155    37868.0000    78    38010.0000    37185.0000   384827    2.17%
   1436   210    37726.4093   171    38010.0000    37185.0000   390951    2.17%
   1554   266    37225.5000   181    38010.0000    37185.2408   396075    2.17%
   1694   319    37868.0000   143    38010.0000    37225.5000   402756    2.06%
   1855   359    37726.4093   151    38010.0000    37726.0000   410371    0.75%
   2034   393    37727.4136   150    38010.0000    37726.0000   417785    0.75%
   2209   449    37868.0000   102    38010.0000    37726.0000   424678    0.75%
Elapsed time = 1400.79 sec. (320785.42 ticks, tree = 1.05 MB, solutions = 3)
   2361   488    37908.5000    88    38010.0000    37726.0000   431575    0.75%
   2510   547    37868.0000    49    38010.0000    37726.0000   437295    0.75%
   2653   604    37868.0000   130    38010.0000    37726.0000   443651    0.75%
   2762   650    37726.2341   148    38010.0000    37726.0000   450081    0.75%
   2929   710    37868.0000    49    38010.0000    37726.2341   455222    0.75%
   3106   763    37868.3010   143    38010.0000    37726.2408   461531    0.75%
   3214   767    37766.5000   133    38010.0000    37726.3096   465768    0.75%
   3230   763    37766.6548    95    38010.0000    37726.3096   467208    0.75%
   3242   763    37726.3096   123    38010.0000    37726.3096   468400    0.75%
   3253   760    37726.4081   152    38010.0000    37726.4081   469562    0.75%
Elapsed time = 1410.83 sec. (330823.33 ticks, tree = 1.55 MB, solutions = 3)
   3263   760    37726.4081    88    38010.0000    37726.4081   470130    0.75%
   3276   755        cutoff          38010.0000    37726.4081   471189    0.75%
   3292   753    37766.5000   110    38010.0000    37726.4093   472247    0.75%
   3311   744        cutoff          38010.0000    37726.4093   473447    0.75%
   3327   738    37726.4093    83    38010.0000    37726.4093   474427    0.75%
   3341   738    37766.5000    75    38010.0000    37726.4093   475209    0.75%
   3359   728        cutoff          38010.0000    37726.4093   476359    0.75%
   3374   723    37766.5000   117    38010.0000    37726.4093   477416    0.75%
   3394   711    37726.4093   149    38010.0000    37726.4093   478757    0.75%
   3408   711    37726.4093    76    38010.0000    37726.4093   479342    0.75%
Elapsed time = 1420.76 sec. (341107.94 ticks, tree = 1.42 MB, solutions = 3)
   3419   708        cutoff          38010.0000    37726.4093   479798    0.75%
   3433   704    37766.5000    73    38010.0000    37726.4093   481018    0.75%
   3487   712    37726.4093   178    38010.0000    37726.4093   483581    0.75%
   3601   721    37726.4093    94    38010.0000    37726.4093   487758    0.75%
   3731   737    37807.3938   115    38010.0000    37726.4128   492018    0.75%
   3822   747    37868.0000    67    38010.0000    37726.5412   496872    0.75%
   3919   765    37766.5000   106    38010.0000    37726.9485   500199    0.74%
   4005   780    37766.6548   114    38010.0000    37727.4134   504586    0.74%
   4125   782    37766.5000    73    38010.0000    37766.5000   508244    0.64%
   4268   785    37766.5000   101    38010.0000    37766.5000   511615    0.64%
Elapsed time = 1432.82 sec. (350876.39 ticks, tree = 1.50 MB, solutions = 3)
   4422   783    37939.0000    96    38010.0000    37766.5000   515979    0.64%
   4552   782    37766.5000   101    38010.0000    37766.5000   519704    0.64%
   4670   785        cutoff          38010.0000    37766.5000   523790    0.64%
   4779   793    37766.5000   109    38010.0000    37766.5000   527754    0.64%
   4923   804    37868.0000   110    38010.0000    37766.5000   531688    0.64%
   5034   810    37766.5371    94    38010.0000    37766.5000   535850    0.64%
   5167   815    37868.0000    56    38010.0000    37789.0000   540189    0.58%
   5299   782        cutoff          38010.0000    37798.6548   544549    0.56%
   5401   763        cutoff          38010.0000    37807.0000   548757    0.53%
   5530   757        cutoff          38010.0000    37807.0000   553300    0.53%
Elapsed time = 1445.47 sec. (360769.67 ticks, tree = 1.36 MB, solutions = 3)
   5681   690        cutoff          38010.0000    37868.0000   557309    0.37%
   5837   663        cutoff          38010.0000    37868.0000   560815    0.37%
   6001   618        cutoff          38010.0000    37868.0000   565508    0.37%
   6154   569    37868.0000    62    38010.0000    37868.0000   570141    0.37%
   6298   521        cutoff          38010.0000    37868.0000   574456    0.37%
   6418   478        cutoff          38010.0000    37868.0000   578366    0.37%
   6563   457    37868.0000   101    38010.0000    37868.0000   582459    0.37%
   6701   435        cutoff          38010.0000    37868.0000   587175    0.37%
   6861   424    infeasible          38010.0000    37868.0000   591246    0.37%
   7433   294        cutoff          38010.0000    37868.2341   609660    0.37%
Elapsed time = 1464.00 sec. (373292.65 ticks, tree = 0.54 MB, solutions = 3)
   8033    80    37908.5000    70    38010.0000    37908.5000   626670    0.27%

GUB cover cuts applied:  72
Clique cuts applied:  207
Cover cuts applied:  302
Implied bound cuts applied:  31
Flow cuts applied:  110
Mixed integer rounding cuts applied:  221
Zero-half cuts applied:  1
Gomory fractional cuts applied:  48

Root node processing (before b&c):
  Real time             = 1269.71 sec. (252250.23 ticks)
Sequential b&c:
  Real time             =  202.51 sec. (126068.28 ticks)
                          ------------
Total (root+branch&cut) = 1472.22 sec. (378318.51 ticks)
Optimal

>> Printing some results...
    -> Solution value = 38009 - 10:33:29
    -> Total time = 1472.22
    -> Gap value = 0.00

=============
Train 0
=============
> Trip 0
   33(time 1840 - 00:30:40)(time 2300 - 00:38:20) ->    32(time 2442 - 00:40:42)(time 2890 - 00:48:10) ->    31(time 3032 - 00:50:32)(time 3519 - 00:58:39) ->    30(time 3600 - 01:00:00)(time 4092 - 01:08:12) ->    29(time 4173 - 01:09:33)(time 4658 - 01:17:38) ->    28(time 4739 - 01:18:59)(time 5264 - 01:27:44) ->    27(time 5345 - 01:29:05)(time 5864 - 01:37:44) ->    26(time 5945 - 01:39:05)(time 6433 - 01:47:13) ->    25(time 6575 - 01:49:35)(time 7048 - 01:57:28) ->    24(time 7112 - 01:58:32)(time 7591 - 02:06:31) ->    23(time 7655 - 02:07:35)(time 8177 - 02:16:17) ->    22(time 8258 - 02:17:38)(time 8739 - 02:25:39) ->    21(time 8820 - 02:27:00)(time 9316 - 02:35:16) ->    20(time 9397 - 02:36:37)(time 9926 - 02:45:26) ->    19(time 10007 - 02:46:47)(time 10484 - 02:54:44) ->    18(time 10565 - 02:56:05)(time 11016 - 03:03:36) ->    17(time 11158 - 03:05:58)(time 11158 - 03:05:58) ->    0(time 11158 - 03:05:58)(time 11609 - 03:13:29) ->    1(time 11690 - 03:14:50)(time 12167 - 03:22:47) ->    2(time 12248 - 03:24:08)(time 12777 - 03:32:57) ->    3(time 12858 - 03:34:18)(time 13354 - 03:42:34) ->    4(time 13435 - 03:43:55)(time 13916 - 03:51:56) ->    5(time 13997 - 03:53:17)(time 14519 - 04:01:59) ->    6(time 14583 - 04:03:03)(time 15062 - 04:11:02) ->    7(time 15126 - 04:12:06)(time 15599 - 04:19:59) ->    8(time 15741 - 04:22:21)(time 16229 - 04:30:29) ->    9(time 16310 - 04:31:50)(time 16829 - 04:40:29) ->    10(time 16910 - 04:41:50)(time 17435 - 04:50:35) ->    11(time 17516 - 04:51:56)(time 18001 - 05:00:01) ->    12(time 18082 - 05:01:22)(time 18574 - 05:09:34) ->    13(time 18655 - 05:10:55)(time 19142 - 05:19:02) ->    14(time 19284 - 05:21:24)(time 19732 - 05:28:52) ->    15(time 19813 - 05:30:13)(time 20273 - 05:37:53) ->    16(time 20415 - 05:40:15)(time 20415 - 05:40:15) -> 33
> Trip 1
   33(time 39627 - 11:00:27)(time 40087 - 11:08:07) ->    32(time 40168 - 11:09:28)(time 40616 - 11:16:56) ->    31(time 40758 - 11:19:18)(time 41245 - 11:27:25) ->    30(time 41326 - 11:28:46)(time 41818 - 11:36:58) ->    29(time 41899 - 11:38:19)(time 42384 - 11:46:24) ->    28(time 42465 - 11:47:45)(time 42990 - 11:56:30) ->    27(time 43071 - 11:57:51)(time 43590 - 12:06:30) ->    26(time 43671 - 12:07:51)(time 44159 - 12:15:59) ->    25(time 44301 - 12:18:21)(time 44774 - 12:26:14) ->    24(time 44838 - 12:27:18)(time 45317 - 12:35:17) ->    23(time 45381 - 12:36:21)(time 45903 - 12:45:03) ->    22(time 45984 - 12:46:24)(time 46465 - 12:54:25) ->    21(time 46546 - 12:55:46)(time 47042 - 13:04:02) ->    20(time 47123 - 13:05:23)(time 47652 - 13:14:12) ->    19(time 47733 - 13:15:33)(time 48210 - 13:23:30) ->    18(time 48291 - 13:24:51)(time 48742 - 13:32:22) ->    17(time 48884 - 13:34:44)(time 48884 - 13:34:44) ->    0(time 48884 - 13:34:44)(time 49335 - 13:42:15) ->    1(time 49416 - 13:43:36)(time 49893 - 13:51:33) ->    2(time 49974 - 13:52:54)(time 50503 - 14:01:43) ->    3(time 50584 - 14:03:04)(time 51080 - 14:11:20) ->    4(time 51161 - 14:12:41)(time 51642 - 14:20:42) ->    5(time 51723 - 14:22:03)(time 52245 - 14:30:45) ->    6(time 52309 - 14:31:49)(time 52788 - 14:39:48) ->    7(time 52852 - 14:40:52)(time 53325 - 14:48:45) ->    8(time 53467 - 14:51:07)(time 53955 - 14:59:15) ->    9(time 54036 - 15:00:36)(time 54555 - 15:09:15) ->    10(time 54636 - 15:10:36)(time 55161 - 15:19:21) ->    11(time 55242 - 15:20:42)(time 55727 - 15:28:47) ->    12(time 55808 - 15:30:08)(time 56300 - 15:38:20) ->    13(time 56381 - 15:39:41)(time 56868 - 15:47:48) ->    14(time 57010 - 15:50:10)(time 57458 - 15:57:38) ->    15(time 57539 - 15:58:59)(time 57999 - 16:06:39) ->    16(time 58141 - 16:09:01)(time 58141 - 16:09:01) -> 33
=============
Train 1
=============
> Trip 0
   33(time 1698 - 00:28:18)(time 2158 - 00:35:58) ->    32(time 2300 - 00:38:20)(time 2748 - 00:45:48) ->    31(time 2890 - 00:48:10)(time 3377 - 00:56:17) ->    30(time 3458 - 00:57:38)(time 3950 - 01:05:50) ->    29(time 4031 - 01:07:11)(time 4516 - 01:15:16) ->    28(time 4597 - 01:16:37)(time 5122 - 01:25:22) ->    27(time 5203 - 01:26:43)(time 5722 - 01:35:22) ->    26(time 5803 - 01:36:43)(time 6291 - 01:44:51) ->    25(time 6433 - 01:47:13)(time 6906 - 01:55:06) ->    24(time 6970 - 01:56:10)(time 7449 - 02:04:09) ->    23(time 7513 - 02:05:13)(time 8035 - 02:13:55) ->    22(time 8116 - 02:15:16)(time 8597 - 02:23:17) ->    21(time 8678 - 02:24:38)(time 9174 - 02:32:54) ->    20(time 9255 - 02:34:15)(time 9784 - 02:43:04) ->    19(time 9865 - 02:44:25)(time 10342 - 02:52:22) ->    18(time 10423 - 02:53:43)(time 10874 - 03:01:14) ->    17(time 11016 - 03:03:36)(time 11016 - 03:03:36) ->    0(time 11016 - 03:03:36)(time 11467 - 03:11:07) ->    1(time 11548 - 03:12:28)(time 12025 - 03:20:25) ->    2(time 12106 - 03:21:46)(time 12635 - 03:30:35) ->    3(time 12716 - 03:31:56)(time 13212 - 03:40:12) ->    4(time 13293 - 03:41:33)(time 13774 - 03:49:34) ->    5(time 13855 - 03:50:55)(time 14377 - 03:59:37) ->    6(time 14441 - 04:00:41)(time 14920 - 04:08:40) ->    7(time 14984 - 04:09:44)(time 15457 - 04:17:37) ->    8(time 15599 - 04:19:59)(time 16087 - 04:28:07) ->    9(time 16168 - 04:29:28)(time 16687 - 04:38:07) ->    10(time 16768 - 04:39:28)(time 17293 - 04:48:13) ->    11(time 17374 - 04:49:34)(time 17859 - 04:57:39) ->    12(time 17940 - 04:59:00)(time 18432 - 05:07:12) ->    13(time 18513 - 05:08:33)(time 19000 - 05:16:40) ->    14(time 19142 - 05:19:02)(time 19590 - 05:26:30) ->    15(time 19671 - 05:27:51)(time 20131 - 05:35:31) ->    16(time 20273 - 05:37:53)(time 20273 - 05:37:53) -> 33
> Trip 1
   33(time 28669 - 07:57:49)(time 29129 - 08:05:29) ->    32(time 29210 - 08:06:50)(time 29658 - 08:14:18) ->    31(time 29800 - 08:16:40)(time 30287 - 08:24:47) ->    30(time 30368 - 08:26:08)(time 30860 - 08:34:20) ->    29(time 30941 - 08:35:41)(time 31426 - 08:43:46) ->    28(time 31507 - 08:45:07)(time 32032 - 08:53:52) ->    27(time 32113 - 08:55:13)(time 32632 - 09:03:52) ->    26(time 32713 - 09:05:13)(time 33201 - 09:13:21) ->    25(time 33343 - 09:15:43)(time 33816 - 09:23:36) ->    24(time 33880 - 09:24:40)(time 34359 - 09:32:39) ->    23(time 34423 - 09:33:43)(time 34945 - 09:42:25) ->    22(time 35026 - 09:43:46)(time 35507 - 09:51:47) ->    21(time 35588 - 09:53:08)(time 36084 - 10:01:24) ->    20(time 36165 - 10:02:45)(time 36694 - 10:11:34) ->    19(time 36775 - 10:12:55)(time 37252 - 10:20:52) ->    18(time 37333 - 10:22:13)(time 37784 - 10:29:44) ->    17(time 37926 - 10:32:06)(time 37926 - 10:32:06) ->    0(time 37926 - 10:32:06)(time 38377 - 10:39:37) ->    1(time 38458 - 10:40:58)(time 38935 - 10:48:55) ->    2(time 39016 - 10:50:16)(time 39545 - 10:59:05) ->    3(time 39626 - 11:00:26)(time 40122 - 11:08:42) ->    4(time 40374 - 11:12:54)(time 40855 - 11:20:55) ->    5(time 41348 - 11:29:08)(time 41870 - 11:37:50) ->    6(time 42363 - 11:46:03)(time 42842 - 11:54:02) ->    7(time 43335 - 12:02:15)(time 43808 - 12:10:08) ->    8(time 44301 - 12:18:21)(time 44789 - 12:26:29) ->    9(time 45282 - 12:34:42)(time 45801 - 12:43:21) ->    10(time 46294 - 12:51:34)(time 46819 - 13:00:19) ->    11(time 47312 - 13:08:32)(time 47797 - 13:16:37) ->    12(time 48290 - 13:24:50)(time 48782 - 13:33:02) ->    13(time 49275 - 13:41:15)(time 49762 - 13:49:22) ->    14(time 50255 - 13:57:35)(time 50703 - 14:05:03) ->    15(time 51196 - 14:13:16)(time 51656 - 14:20:56) ->    16(time 52149 - 14:29:09)(time 52149 - 14:29:09) -> 33
=============
Train 2
=============
> Trip 0
   33(time 6265 - 01:44:25)(time 6725 - 01:52:05) ->    32(time 7218 - 02:00:18)(time 7666 - 02:07:46) ->    31(time 8159 - 02:15:59)(time 8646 - 02:24:06) ->    30(time 9139 - 02:32:19)(time 9631 - 02:40:31) ->    29(time 10124 - 02:48:44)(time 10609 - 02:56:49) ->    28(time 11102 - 03:05:02)(time 11627 - 03:13:47) ->    27(time 12120 - 03:22:00)(time 12639 - 03:30:39) ->    26(time 13132 - 03:38:52)(time 13620 - 03:47:00) ->    25(time 14113 - 03:55:13)(time 14586 - 04:03:06) ->    24(time 15079 - 04:11:19)(time 15558 - 04:19:18) ->    23(time 16051 - 04:27:31)(time 16573 - 04:36:13) ->    22(time 16654 - 04:37:34)(time 17135 - 04:45:35) ->    21(time 17216 - 04:46:56)(time 17712 - 04:55:12) ->    20(time 17793 - 04:56:33)(time 18322 - 05:05:22) ->    19(time 18403 - 05:06:43)(time 18880 - 05:14:40) ->    18(time 18961 - 05:16:01)(time 19412 - 05:23:32) ->    17(time 19554 - 05:25:54)(time 19554 - 05:25:54) ->    0(time 19554 - 05:25:54)(time 20005 - 05:33:25) ->    1(time 20086 - 05:34:46)(time 20563 - 05:42:43) ->    2(time 20644 - 05:44:04)(time 21173 - 05:52:53) ->    3(time 21254 - 05:54:14)(time 21750 - 06:02:30) ->    4(time 21831 - 06:03:51)(time 22312 - 06:11:52) ->    5(time 22393 - 06:13:13)(time 22915 - 06:21:55) ->    6(time 22979 - 06:22:59)(time 23458 - 06:30:58) ->    7(time 23522 - 06:32:02)(time 23995 - 06:39:55) ->    8(time 24137 - 06:42:17)(time 24625 - 06:50:25) ->    9(time 24706 - 06:51:46)(time 25225 - 07:00:25) ->    10(time 25306 - 07:01:46)(time 25831 - 07:10:31) ->    11(time 25912 - 07:11:52)(time 26397 - 07:19:57) ->    12(time 26478 - 07:21:18)(time 26970 - 07:29:30) ->    13(time 27051 - 07:30:51)(time 27538 - 07:38:58) ->    14(time 27680 - 07:41:20)(time 28128 - 07:48:48) ->    15(time 28209 - 07:50:09)(time 28669 - 07:57:49) ->    16(time 28811 - 08:00:11)(time 28811 - 08:00:11) -> 33
> Trip 1
   33(time 28811 - 08:00:11)(time 29271 - 08:07:51) ->    32(time 29352 - 08:09:12)(time 29800 - 08:16:40) ->    31(time 29942 - 08:19:02)(time 30429 - 08:27:09) ->    30(time 30510 - 08:28:30)(time 31002 - 08:36:42) ->    29(time 31083 - 08:38:03)(time 31568 - 08:46:08) ->    28(time 31649 - 08:47:29)(time 32174 - 08:56:14) ->    27(time 32255 - 08:57:35)(time 32774 - 09:06:14) ->    26(time 32855 - 09:07:35)(time 33343 - 09:15:43) ->    25(time 33485 - 09:18:05)(time 33958 - 09:25:58) ->    24(time 34022 - 09:27:02)(time 34501 - 09:35:01) ->    23(time 34565 - 09:36:05)(time 35087 - 09:44:47) ->    22(time 35168 - 09:46:08)(time 35649 - 09:54:09) ->    21(time 35730 - 09:55:30)(time 36226 - 10:03:46) ->    20(time 36307 - 10:05:07)(time 36836 - 10:13:56) ->    19(time 36917 - 10:15:17)(time 37394 - 10:23:14) ->    18(time 37475 - 10:24:35)(time 37926 - 10:32:06) ->    17(time 38419 - 10:40:19)(time 38419 - 10:40:19) ->    0(time 38912 - 10:48:32)(time 39363 - 10:56:03) ->    1(time 39856 - 11:04:16)(time 40333 - 11:12:13) ->    2(time 40826 - 11:20:26)(time 41355 - 11:29:15) ->    3(time 41848 - 11:37:28)(time 42344 - 11:45:44) ->    4(time 42837 - 11:53:57)(time 43318 - 12:01:58) ->    5(time 43773 - 12:09:33)(time 44295 - 12:18:15) ->    6(time 44359 - 12:19:19)(time 44838 - 12:27:18) ->    7(time 45331 - 12:35:31)(time 45804 - 12:43:24) ->    8(time 46297 - 12:51:37)(time 46785 - 12:59:45) ->    9(time 47278 - 13:07:58)(time 47797 - 13:16:37) ->    10(time 48290 - 13:24:50)(time 48815 - 13:33:35) ->    11(time 49308 - 13:41:48)(time 49793 - 13:49:53) ->    12(time 50286 - 13:58:06)(time 50778 - 14:06:18) ->    13(time 51271 - 14:14:31)(time 51758 - 14:22:38) ->    14(time 52251 - 14:30:51)(time 52699 - 14:38:19) ->    15(time 53192 - 14:46:32)(time 53652 - 14:54:12) ->    16(time 54145 - 15:02:25)(time 54145 - 15:02:25) -> 33
=============
Train 3
=============
> Trip 0
   33(time 17248 - 04:47:28)(time 17708 - 04:55:08) ->    32(time 18201 - 05:03:21)(time 18649 - 05:10:49) ->    31(time 19142 - 05:19:02)(time 19629 - 05:27:09) ->    30(time 19814 - 05:30:14)(time 20306 - 05:38:26) ->    29(time 20387 - 05:39:47)(time 20872 - 05:47:52) ->    28(time 20953 - 05:49:13)(time 21478 - 05:57:58) ->    27(time 21559 - 05:59:19)(time 22078 - 06:07:58) ->    26(time 22159 - 06:09:19)(time 22647 - 06:17:27) ->    25(time 23049 - 06:24:09)(time 23522 - 06:32:02) ->    24(time 24015 - 06:40:15)(time 24494 - 06:48:14) ->    23(time 24987 - 06:56:27)(time 25509 - 07:05:09) ->    22(time 25590 - 07:06:30)(time 26071 - 07:14:31) ->    21(time 26152 - 07:15:52)(time 26648 - 07:24:08) ->    20(time 27141 - 07:32:21)(time 27670 - 07:41:10) ->    19(time 27751 - 07:42:31)(time 28228 - 07:50:28) ->    18(time 28309 - 07:51:49)(time 28760 - 07:59:20) ->    17(time 28902 - 08:01:42)(time 28902 - 08:01:42) ->    0(time 28902 - 08:01:42)(time 29353 - 08:09:13) ->    1(time 29434 - 08:10:34)(time 29911 - 08:18:31) ->    2(time 29992 - 08:19:52)(time 30521 - 08:28:41) ->    3(time 30602 - 08:30:02)(time 31098 - 08:38:18) ->    4(time 31179 - 08:39:39)(time 31660 - 08:47:40) ->    5(time 31741 - 08:49:01)(time 32263 - 08:57:43) ->    6(time 32327 - 08:58:47)(time 32806 - 09:06:46) ->    7(time 32870 - 09:07:50)(time 33343 - 09:15:43) ->    8(time 33485 - 09:18:05)(time 33973 - 09:26:13) ->    9(time 34054 - 09:27:34)(time 34573 - 09:36:13) ->    10(time 34654 - 09:37:34)(time 35179 - 09:46:19) ->    11(time 35260 - 09:47:40)(time 35745 - 09:55:45) ->    12(time 35826 - 09:57:06)(time 36318 - 10:05:18) ->    13(time 36753 - 10:12:33)(time 37240 - 10:20:40) ->    14(time 37733 - 10:28:53)(time 38181 - 10:36:21) ->    15(time 38674 - 10:44:34)(time 39134 - 10:52:14) ->    16(time 39627 - 11:00:27)(time 39627 - 11:00:27) -> 33
> Trip 1
   33(time 39708 - 11:01:48)(time 40168 - 11:09:28) ->    32(time 40310 - 11:11:50)(time 40758 - 11:19:18) ->    31(time 40900 - 11:21:40)(time 41387 - 11:29:47) ->    30(time 41468 - 11:31:08)(time 41960 - 11:39:20) ->    29(time 42041 - 11:40:41)(time 42526 - 11:48:46) ->    28(time 42607 - 11:50:07)(time 43132 - 11:58:52) ->    27(time 43213 - 12:00:13)(time 43732 - 12:08:52) ->    26(time 43813 - 12:10:13)(time 44301 - 12:18:21) ->    25(time 44443 - 12:20:43)(time 44916 - 12:28:36) ->    24(time 44980 - 12:29:40)(time 45459 - 12:37:39) ->    23(time 45523 - 12:38:43)(time 46045 - 12:47:25) ->    22(time 46126 - 12:48:46)(time 46607 - 12:56:47) ->    21(time 46688 - 12:58:08)(time 47184 - 13:06:24) ->    20(time 47265 - 13:07:45)(time 47794 - 13:16:34) ->    19(time 47875 - 13:17:55)(time 48352 - 13:25:52) ->    18(time 48433 - 13:27:13)(time 48884 - 13:34:44) ->    17(time 49026 - 13:37:06)(time 49026 - 13:37:06) ->    0(time 49026 - 13:37:06)(time 49477 - 13:44:37) ->    1(time 49558 - 13:45:58)(time 50035 - 13:53:55) ->    2(time 50116 - 13:55:16)(time 50645 - 14:04:05) ->    3(time 50726 - 14:05:26)(time 51222 - 14:13:42) ->    4(time 51303 - 14:15:03)(time 51784 - 14:23:04) ->    5(time 51865 - 14:24:25)(time 52387 - 14:33:07) ->    6(time 52451 - 14:34:11)(time 52930 - 14:42:10) ->    7(time 52994 - 14:43:14)(time 53467 - 14:51:07) ->    8(time 53609 - 14:53:29)(time 54097 - 15:01:37) ->    9(time 54178 - 15:02:58)(time 54697 - 15:11:37) ->    10(time 54778 - 15:12:58)(time 55303 - 15:21:43) ->    11(time 55384 - 15:23:04)(time 55869 - 15:31:09) ->    12(time 55950 - 15:32:30)(time 56442 - 15:40:42) ->    13(time 56523 - 15:42:03)(time 57010 - 15:50:10) ->    14(time 57152 - 15:52:32)(time 57600 - 16:00:00) ->    15(time 57681 - 16:01:21)(time 58141 - 16:09:01) ->    16(time 58283 - 16:11:23)(time 58283 - 16:11:23) -> 33
