t4p15r2h1.txt:
   > Trying to open the instance file...
   > Reading number of trains...
   > Reading maximum number of trips per train...
   > Reading time intervals...
   > Reading number of points...
   > Reading stations...
   > Reading crossings...
   > Reading depots...
   > Reading initial point...
   > Reading routes...
   > Reading distance and distance and service...
   > Reading demands...
   > Reading maximum time...
   > Reading alpha...

--------------------------------
 Printing instance
--------------------------------
number of trains = 4
	max trips per trains: 6     6     6     6
number of intervals = 1
	(0,  56844)
number of points = 15
	initial point: 14
	stations: 0     2     3     4     6     7     8     9    11    12    13    14
	crossings: 0     1     4     5     7    10    13    14
	depots: 0    14
number of vertices = 30
	total vertices: 0     1     2     3     4     5     6     7     8     9    10    11    12    13    14    15    16    17    18    19    20    21    22    23    24    25    26    27    28    29
	upper vertices: 0     1     2     3     4     5     6     7     8     9    10    11    12    13    14
	lower vertices: 15    16    17    18    19    20    21    22    23    24    25    26    27    28    29
	vertices of point #0: (0, 15)
	vertices of point #1: (1, 16)
	vertices of point #2: (2, 17)
	vertices of point #3: (3, 18)
	vertices of point #4: (4, 19)
	vertices of point #5: (5, 20)
	vertices of point #6: (6, 21)
	vertices of point #7: (7, 22)
	vertices of point #8: (8, 23)
	vertices of point #9: (9, 24)
	vertices of point #10: (10, 25)
	vertices of point #11: (11, 26)
	vertices of point #12: (12, 27)
	vertices of point #13: (13, 28)
	vertices of point #14: (14, 29)

arcs...
	total arcs: 
		arc #0: (0, 1)
		arc #1: (0, 15)
		arc #2: (15, 0)
		arc #3: (1, 2)
		arc #4: (16, 15)
		arc #5: (2, 3)
		arc #6: (17, 16)
		arc #7: (3, 4)
		arc #8: (18, 17)
		arc #9: (4, 5)
		arc #10: (19, 18)
		arc #11: (5, 6)
		arc #12: (20, 19)
		arc #13: (6, 7)
		arc #14: (21, 20)
		arc #15: (7, 8)
		arc #16: (22, 21)
		arc #17: (8, 9)
		arc #18: (23, 22)
		arc #19: (9, 10)
		arc #20: (24, 23)
		arc #21: (10, 11)
		arc #22: (25, 24)
		arc #23: (11, 12)
		arc #24: (26, 25)
		arc #25: (12, 13)
		arc #26: (27, 26)
		arc #27: (13, 14)
		arc #28: (28, 27)
		arc #29: (29, 28)
		arc #30: (14, 29)
		arc #31: (29, 14)

	reverse arcs: 
		arc #1: (0, 15)
		arc #2: (15, 0)
		arc #30: (14, 29)
		arc #31: (29, 14)


incompatible points...
	(0, 0, 16, (0, 1))	(16, 16, 0, (16, 15))	(1, 3, 19, (3, 4))	(19, 17, 1, (17, 16))	(4, 4, 20, (4, 5))	(20, 20, 4, (20, 19))	(5, 6, 22, (6, 7))	(22, 21, 5, (21, 20))	(7, 9, 25, (9, 10))	(25, 23, 7, (23, 22))	(10, 12, 28, (12, 13))	(28, 26, 10, (26, 25))	(13, 13, 29, (13, 14))	(29, 29, 13, (29, 28))

number of routes = 2
vertices of routes...
	route #0: 0     1     2     3     4     5     6     7     8     9    10    11    12    13    14    29    28    27    26    25    24    23    22    21    20    19    18    17    16    15     0
	route #1: 29    28    27    26    25    24    23    22    21    20    19    18    17    16    15     0     1     2     3     4     5     6     7     8     9    10    11    12    13    14    29
arcs of routes...
	route #0: 0     3     5     7     9    11    13    15    17    19    21    23    25    27    30    29    28    26    24    22    20    18    16    14    12    10     8     6     4     2
	route #1: 29    28    26    24    22    20    18    16    14    12    10     8     6     4     2     0     3     5     7     9    11    13    15    17    19    21    23    25    27    30

incompatible routes...
	(0, 1)    	(1, 0)

vertices that can be adjacent in consecutive trips...
	(0, 0)    	(29, 29)
non cyclical routes: 


routes of trip...
	routes that train #0 can complete at trip #0: 1
	routes that train #0 can complete at trip #1: 0       1
	routes that train #0 can complete at trip #2: 0       1
	routes that train #0 can complete at trip #3: 0       1
	routes that train #0 can complete at trip #4: 0       1
	routes that train #0 can complete at trip #5: 0       1

	routes that train #1 can complete at trip #0: 1
	routes that train #1 can complete at trip #1: 0       1
	routes that train #1 can complete at trip #2: 0       1
	routes that train #1 can complete at trip #3: 0       1
	routes that train #1 can complete at trip #4: 0       1
	routes that train #1 can complete at trip #5: 0       1

	routes that train #2 can complete at trip #0: 1
	routes that train #2 can complete at trip #1: 0       1
	routes that train #2 can complete at trip #2: 0       1
	routes that train #2 can complete at trip #3: 0       1
	routes that train #2 can complete at trip #4: 0       1
	routes that train #2 can complete at trip #5: 0       1

	routes that train #3 can complete at trip #0: 1
	routes that train #3 can complete at trip #1: 0       1
	routes that train #3 can complete at trip #2: 0       1
	routes that train #3 can complete at trip #3: 0       1
	routes that train #3 can complete at trip #4: 0       1
	routes that train #3 can complete at trip #5: 0       1

 cost...
	arc #0 [0][1]: 179
	arc #1 [0][15]: 0
	arc #2 [15][0]: 0
	arc #3 [1][2]: 161
	arc #4 [16][15]: 179
	arc #5 [2][3]: 170
	arc #6 [17][16]: 161
	arc #7 [3][4]: 188
	arc #8 [18][17]: 170
	arc #9 [4][5]: 172
	arc #10 [19][18]: 188
	arc #11 [5][6]: 185
	arc #12 [20][19]: 172
	arc #13 [6][7]: 195
	arc #14 [21][20]: 185
	arc #15 [7][8]: 174
	arc #16 [22][21]: 195
	arc #17 [8][9]: 175
	arc #18 [23][22]: 174
	arc #19 [9][10]: 173
	arc #20 [24][23]: 175
	arc #21 [10][11]: 168
	arc #22 [25][24]: 173
	arc #23 [11][12]: 164
	arc #24 [26][25]: 168
	arc #25 [12][13]: 172
	arc #26 [27][26]: 164
	arc #27 [13][14]: 166
	arc #28 [28][27]: 172
	arc #29 [29][28]: 166
	arc #30 [14][29]: 0
	arc #31 [29][14]: 0

cost with minimum service...
	arc #0 [0][1]: 212
	arc #1 [0][15]: 0
	arc #2 [15][0]: 0
	arc #3 [1][2]: 230
	arc #4 [16][15]: 360
	arc #5 [2][3]: 239
	arc #6 [17][16]: 194
	arc #7 [3][4]: 257
	arc #8 [18][17]: 239
	arc #9 [4][5]: 205
	arc #10 [19][18]: 257
	arc #11 [5][6]: 254
	arc #12 [20][19]: 241
	arc #13 [6][7]: 264
	arc #14 [21][20]: 218
	arc #15 [7][8]: 243
	arc #16 [22][21]: 264
	arc #17 [8][9]: 244
	arc #18 [23][22]: 243
	arc #19 [9][10]: 206
	arc #20 [24][23]: 244
	arc #21 [10][11]: 237
	arc #22 [25][24]: 242
	arc #23 [11][12]: 233
	arc #24 [26][25]: 201
	arc #25 [12][13]: 241
	arc #26 [27][26]: 233
	arc #27 [13][14]: 347
	arc #28 [28][27]: 241
	arc #29 [29][28]: 235
	arc #30 [14][29]: 0
	arc #31 [29][14]: 0

cost with maximum service...
	arc #0 [0][1]: 561
	arc #1 [0][15]: 382
	arc #2 [15][0]: 382
	arc #3 [1][2]: 543
	arc #4 [16][15]: 561
	arc #5 [2][3]: 552
	arc #6 [17][16]: 543
	arc #7 [3][4]: 570
	arc #8 [18][17]: 552
	arc #9 [4][5]: 554
	arc #10 [19][18]: 570
	arc #11 [5][6]: 567
	arc #12 [20][19]: 554
	arc #13 [6][7]: 577
	arc #14 [21][20]: 567
	arc #15 [7][8]: 556
	arc #16 [22][21]: 577
	arc #17 [8][9]: 557
	arc #18 [23][22]: 556
	arc #19 [9][10]: 555
	arc #20 [24][23]: 557
	arc #21 [10][11]: 550
	arc #22 [25][24]: 555
	arc #23 [11][12]: 546
	arc #24 [26][25]: 550
	arc #25 [12][13]: 554
	arc #26 [27][26]: 546
	arc #27 [13][14]: 548
	arc #28 [28][27]: 554
	arc #29 [29][28]: 548
	arc #30 [14][29]: 382
	arc #31 [29][14]: 382

demands...
	demands of vertex 0 at time interval: 22
	demands of vertex 1 at time interval: 0
	demands of vertex 2 at time interval: 22
	demands of vertex 3 at time interval: 22
	demands of vertex 4 at time interval: 22
	demands of vertex 5 at time interval: 0
	demands of vertex 6 at time interval: 22
	demands of vertex 7 at time interval: 22
	demands of vertex 8 at time interval: 22
	demands of vertex 9 at time interval: 22
	demands of vertex 10 at time interval: 0
	demands of vertex 11 at time interval: 22
	demands of vertex 12 at time interval: 22
	demands of vertex 13 at time interval: 22
	demands of vertex 14 at time interval: 0
	demands of vertex 15 at time interval: 0
	demands of vertex 16 at time interval: 0
	demands of vertex 17 at time interval: 22
	demands of vertex 18 at time interval: 22
	demands of vertex 19 at time interval: 22
	demands of vertex 20 at time interval: 0
	demands of vertex 21 at time interval: 22
	demands of vertex 22 at time interval: 22
	demands of vertex 23 at time interval: 22
	demands of vertex 24 at time interval: 22
	demands of vertex 25 at time interval: 0
	demands of vertex 26 at time interval: 22
	demands of vertex 27 at time interval: 22
	demands of vertex 28 at time interval: 22
	demands of vertex 29 at time interval: 22

maximum time = 56844
alpha = 78
Starting to test combinations... - Total number of combinations = 1296
Found new best - 1/1296
10% done - 130/1296 combination(s) tested! (Thread 0)
20% done - 260/1296 combination(s) tested! (Thread 0)
30% done - 390/1296 combination(s) tested! (Thread 0)
40% done - 520/1296 combination(s) tested! (Thread 0)
50% done - 650/1296 combination(s) tested! (Thread 0)
60% done - 780/1296 combination(s) tested! (Thread 0)
70% done - 910/1296 combination(s) tested! (Thread 0)
80% done - 1040/1296 combination(s) tested! (Thread 0)
90% done - 1170/1296 combination(s) tested! (Thread 0)
	Cannot prove optimality!

>> Printing some results...
    -> Solution value = 36380 - 10:06:20
    -> Total time = 3675.38

=============
Train 0
=============
> Trip 0
   29(time 13459 - 03:44:19)(time 13625 - 03:47:05) ->    28(time 13694 - 03:48:14)(time 13866 - 03:51:06) ->    27(time 13935 - 03:52:15)(time 14099 - 03:54:59) ->    26(time 14168 - 03:56:08)(time 14336 - 03:58:56) ->    25(time 14369 - 03:59:29)(time 14542 - 04:02:22) ->    24(time 14611 - 04:03:31)(time 14786 - 04:06:26) ->    23(time 14855 - 04:07:35)(time 15029 - 04:10:29) ->    22(time 15098 - 04:11:38)(time 15293 - 04:14:53) ->    21(time 15362 - 04:16:02)(time 15547 - 04:19:07) ->    20(time 15580 - 04:19:40)(time 15752 - 04:22:32) ->    19(time 15821 - 04:23:41)(time 16009 - 04:26:49) ->    18(time 16078 - 04:27:58)(time 16248 - 04:30:48) ->    17(time 16317 - 04:31:57)(time 16478 - 04:34:38) ->    16(time 16511 - 04:35:11)(time 16690 - 04:38:10) ->    15(time 16871 - 04:41:11)(time 16871 - 04:41:11) ->    0(time 16871 - 04:41:11)(time 17050 - 04:44:10) ->    1(time 17264 - 04:47:44)(time 17425 - 04:50:25) ->    2(time 17494 - 04:51:34)(time 17664 - 04:54:24) ->    3(time 17733 - 04:55:33)(time 17921 - 04:58:41) ->    4(time 17990 - 04:59:50)(time 18162 - 05:02:42) ->    5(time 18195 - 05:03:15)(time 18380 - 05:06:20) ->    6(time 18449 - 05:07:29)(time 18644 - 05:10:44) ->    7(time 18713 - 05:11:53)(time 18887 - 05:14:47) ->    8(time 18956 - 05:15:56)(time 19131 - 05:18:51) ->    9(time 19200 - 05:20:00)(time 19373 - 05:22:53) ->    10(time 19406 - 05:23:26)(time 19574 - 05:26:14) ->    11(time 19643 - 05:27:23)(time 19807 - 05:30:07) ->    12(time 19876 - 05:31:16)(time 20048 - 05:34:08) ->    13(time 20117 - 05:35:17)(time 20283 - 05:38:03) ->    14(time 20464 - 05:41:04)(time 20464 - 05:41:04) -> 29
> Trip 1
   29(time 20464 - 05:41:04)(time 20630 - 05:43:50) ->    28(time 20811 - 05:46:51)(time 20983 - 05:49:43) ->    27(time 21095 - 05:51:35)(time 21259 - 05:54:19) ->    26(time 21328 - 05:55:28)(time 21496 - 05:58:16) ->    25(time 21529 - 05:58:49)(time 21702 - 06:01:42) ->    24(time 21771 - 06:02:51)(time 21946 - 06:05:46) ->    23(time 22015 - 06:06:55)(time 22189 - 06:09:49) ->    22(time 22258 - 06:10:58)(time 22453 - 06:14:13) ->    21(time 22522 - 06:15:22)(time 22707 - 06:18:27) ->    20(time 22740 - 06:19:00)(time 22912 - 06:21:52) ->    19(time 22981 - 06:23:01)(time 23169 - 06:26:09) ->    18(time 23238 - 06:27:18)(time 23408 - 06:30:08) ->    17(time 23477 - 06:31:17)(time 23638 - 06:33:58) ->    16(time 23671 - 06:34:31)(time 23850 - 06:37:30) ->    15(time 24031 - 06:40:31)(time 24031 - 06:40:31) ->    0(time 24031 - 06:40:31)(time 24210 - 06:43:30) ->    1(time 24358 - 06:45:58)(time 24519 - 06:48:39) ->    2(time 24588 - 06:49:48)(time 24758 - 06:52:38) ->    3(time 24827 - 06:53:47)(time 25015 - 06:56:55) ->    4(time 25084 - 06:58:04)(time 25256 - 07:00:56) ->    5(time 25289 - 07:01:29)(time 25474 - 07:04:34) ->    6(time 25543 - 07:05:43)(time 25738 - 07:08:58) ->    7(time 25807 - 07:10:07)(time 25981 - 07:13:01) ->    8(time 26050 - 07:14:10)(time 26225 - 07:17:05) ->    9(time 26294 - 07:18:14)(time 26467 - 07:21:07) ->    10(time 26500 - 07:21:40)(time 26668 - 07:24:28) ->    11(time 26737 - 07:25:37)(time 26901 - 07:28:21) ->    12(time 26970 - 07:29:30)(time 27142 - 07:32:22) ->    13(time 27211 - 07:33:31)(time 27377 - 07:36:17) ->    14(time 27558 - 07:39:18)(time 27558 - 07:39:18) -> 29
> Trip 2
   29(time 27723 - 07:42:03)(time 27889 - 07:44:49) ->    28(time 27967 - 07:46:07)(time 28139 - 07:48:59) ->    27(time 28208 - 07:50:08)(time 28372 - 07:52:52) ->    26(time 28441 - 07:54:01)(time 28609 - 07:56:49) ->    25(time 28642 - 07:57:22)(time 28815 - 08:00:15) ->    24(time 28884 - 08:01:24)(time 29059 - 08:04:19) ->    23(time 29128 - 08:05:28)(time 29302 - 08:08:22) ->    22(time 29371 - 08:09:31)(time 29566 - 08:12:46) ->    21(time 29635 - 08:13:55)(time 29820 - 08:17:00) ->    20(time 29853 - 08:17:33)(time 30025 - 08:20:25) ->    19(time 30094 - 08:21:34)(time 30282 - 08:24:42) ->    18(time 30351 - 08:25:51)(time 30521 - 08:28:41) ->    17(time 30590 - 08:29:50)(time 30751 - 08:32:31) ->    16(time 30784 - 08:33:04)(time 30963 - 08:36:03) ->    15(time 31144 - 08:39:04)(time 31144 - 08:39:04) ->    0(time 31257 - 08:40:57)(time 31436 - 08:43:56) ->    1(time 31514 - 08:45:14)(time 31675 - 08:47:55) ->    2(time 31744 - 08:49:04)(time 31914 - 08:51:54) ->    3(time 31983 - 08:53:03)(time 32171 - 08:56:11) ->    4(time 32240 - 08:57:20)(time 32412 - 09:00:12) ->    5(time 32445 - 09:00:45)(time 32630 - 09:03:50) ->    6(time 32699 - 09:04:59)(time 32894 - 09:08:14) ->    7(time 32963 - 09:09:23)(time 33137 - 09:12:17) ->    8(time 33206 - 09:13:26)(time 33381 - 09:16:21) ->    9(time 33450 - 09:17:30)(time 33623 - 09:20:23) ->    10(time 33656 - 09:20:56)(time 33824 - 09:23:44) ->    11(time 33893 - 09:24:53)(time 34057 - 09:27:37) ->    12(time 34126 - 09:28:46)(time 34298 - 09:31:38) ->    13(time 34367 - 09:32:47)(time 34533 - 09:35:33) ->    14(time 34714 - 09:38:34)(time 34714 - 09:38:34) -> 29
> Trip 3
   29(time 34817 - 09:40:17)(time 34983 - 09:43:03) ->    28(time 35061 - 09:44:21)(time 35233 - 09:47:13) ->    27(time 35302 - 09:48:22)(time 35466 - 09:51:06) ->    26(time 35535 - 09:52:15)(time 35703 - 09:55:03) ->    25(time 35736 - 09:55:36)(time 35909 - 09:58:29) ->    24(time 35978 - 09:59:38)(time 36153 - 10:02:33) ->    23(time 36222 - 10:03:42)(time 36396 - 10:06:36) ->    22(time 36465 - 10:07:45)(time 36660 - 10:11:00) ->    21(time 36729 - 10:12:09)(time 36914 - 10:15:14) ->    20(time 36947 - 10:15:47)(time 37119 - 10:18:39) ->    19(time 37188 - 10:19:48)(time 37376 - 10:22:56) ->    18(time 37445 - 10:24:05)(time 37615 - 10:26:55) ->    17(time 37684 - 10:28:04)(time 37845 - 10:30:45) ->    16(time 37878 - 10:31:18)(time 38057 - 10:34:17) ->    15(time 38238 - 10:37:18)(time 38238 - 10:37:18) ->    0(time 38238 - 10:37:18)(time 38417 - 10:40:17) ->    1(time 38608 - 10:43:28)(time 38769 - 10:46:09) ->    2(time 38838 - 10:47:18)(time 39008 - 10:50:08) ->    3(time 39077 - 10:51:17)(time 39265 - 10:54:25) ->    4(time 39334 - 10:55:34)(time 39506 - 10:58:26) ->    5(time 39539 - 10:58:59)(time 39724 - 11:02:04) ->    6(time 39793 - 11:03:13)(time 39988 - 11:06:28) ->    7(time 40057 - 11:07:37)(time 40231 - 11:10:31) ->    8(time 40300 - 11:11:40)(time 40475 - 11:14:35) ->    9(time 40544 - 11:15:44)(time 40717 - 11:18:37) ->    10(time 40750 - 11:19:10)(time 40918 - 11:21:58) ->    11(time 40987 - 11:23:07)(time 41151 - 11:25:51) ->    12(time 41220 - 11:27:00)(time 41392 - 11:29:52) ->    13(time 41461 - 11:31:01)(time 41627 - 11:33:47) ->    14(time 41808 - 11:36:48)(time 41808 - 11:36:48) -> 29
> Trip 4
   29(time 41911 - 11:38:31)(time 42077 - 11:41:17) ->    28(time 42155 - 11:42:35)(time 42327 - 11:45:27) ->    27(time 42396 - 11:46:36)(time 42560 - 11:49:20) ->    26(time 42629 - 11:50:29)(time 42797 - 11:53:17) ->    25(time 42830 - 11:53:50)(time 43003 - 11:56:43) ->    24(time 43072 - 11:57:52)(time 43247 - 12:00:47) ->    23(time 43316 - 12:01:56)(time 43490 - 12:04:50) ->    22(time 43559 - 12:05:59)(time 43754 - 12:09:14) ->    21(time 43823 - 12:10:23)(time 44008 - 12:13:28) ->    20(time 44041 - 12:14:01)(time 44213 - 12:16:53) ->    19(time 44282 - 12:18:02)(time 44470 - 12:21:10) ->    18(time 44539 - 12:22:19)(time 44709 - 12:25:09) ->    17(time 44778 - 12:26:18)(time 44939 - 12:28:59) ->    16(time 44972 - 12:29:32)(time 45151 - 12:32:31) ->    15(time 45375 - 12:36:15)(time 45375 - 12:36:15) ->    0(time 45375 - 12:36:15)(time 45554 - 12:39:14) ->    1(time 45764 - 12:42:44)(time 45925 - 12:45:25) ->    2(time 45994 - 12:46:34)(time 46164 - 12:49:24) ->    3(time 46233 - 12:50:33)(time 46421 - 12:53:41) ->    4(time 46490 - 12:54:50)(time 46662 - 12:57:42) ->    5(time 46695 - 12:58:15)(time 46880 - 13:01:20) ->    6(time 46949 - 13:02:29)(time 47144 - 13:05:44) ->    7(time 47213 - 13:06:53)(time 47387 - 13:09:47) ->    8(time 47456 - 13:10:56)(time 47631 - 13:13:51) ->    9(time 47700 - 13:15:00)(time 47873 - 13:17:53) ->    10(time 47906 - 13:18:26)(time 48074 - 13:21:14) ->    11(time 48143 - 13:22:23)(time 48307 - 13:25:07) ->    12(time 48376 - 13:26:16)(time 48548 - 13:29:08) ->    13(time 48617 - 13:30:17)(time 48783 - 13:33:03) ->    14(time 48964 - 13:36:04)(time 48964 - 13:36:04) -> 29
> Trip 5
   29(time 49067 - 13:37:47)(time 49233 - 13:40:33) ->    28(time 49311 - 13:41:51)(time 49483 - 13:44:43) ->    27(time 49552 - 13:45:52)(time 49716 - 13:48:36) ->    26(time 49785 - 13:49:45)(time 49953 - 13:52:33) ->    25(time 49986 - 13:53:06)(time 50159 - 13:55:59) ->    24(time 50228 - 13:57:08)(time 50403 - 14:00:03) ->    23(time 50472 - 14:01:12)(time 50646 - 14:04:06) ->    22(time 50715 - 14:05:15)(time 50910 - 14:08:30) ->    21(time 50979 - 14:09:39)(time 51164 - 14:12:44) ->    20(time 51197 - 14:13:17)(time 51369 - 14:16:09) ->    19(time 51438 - 14:17:18)(time 51626 - 14:20:26) ->    18(time 51714 - 14:21:54)(time 51884 - 14:24:44) ->    17(time 51953 - 14:25:53)(time 52114 - 14:28:34) ->    16(time 52147 - 14:29:07)(time 52326 - 14:32:06) ->    15(time 52507 - 14:35:07)(time 52507 - 14:35:07) ->    0(time 52507 - 14:35:07)(time 52686 - 14:38:06) ->    1(time 52858 - 14:40:58)(time 53019 - 14:43:39) ->    2(time 53088 - 14:44:48)(time 53258 - 14:47:38) ->    3(time 53327 - 14:48:47)(time 53515 - 14:51:55) ->    4(time 53584 - 14:53:04)(time 53756 - 14:55:56) ->    5(time 53789 - 14:56:29)(time 53974 - 14:59:34) ->    6(time 54043 - 15:00:43)(time 54238 - 15:03:58) ->    7(time 54550 - 15:09:10)(time 54724 - 15:12:04) ->    8(time 54793 - 15:13:13)(time 54968 - 15:16:08) ->    9(time 55037 - 15:17:17)(time 55210 - 15:20:10) ->    10(time 55243 - 15:20:43)(time 55411 - 15:23:31) ->    11(time 55480 - 15:24:40)(time 55644 - 15:27:24) ->    12(time 55713 - 15:28:33)(time 55885 - 15:31:25) ->    13(time 55954 - 15:32:34)(time 56120 - 15:35:20) ->    14(time 56301 - 15:38:21)(time 56301 - 15:38:21) -> 29
=============
Train 1
=============
> Trip 0
   29(time 13640 - 03:47:20)(time 13806 - 03:50:06) ->    28(time 13875 - 03:51:15)(time 14047 - 03:54:07) ->    27(time 14116 - 03:55:16)(time 14280 - 03:58:00) ->    26(time 14349 - 03:59:09)(time 14517 - 04:01:57) ->    25(time 14550 - 04:02:30)(time 14723 - 04:05:23) ->    24(time 14792 - 04:06:32)(time 14967 - 04:09:27) ->    23(time 15036 - 04:10:36)(time 15210 - 04:13:30) ->    22(time 15279 - 04:14:39)(time 15474 - 04:17:54) ->    21(time 15543 - 04:19:03)(time 15728 - 04:22:08) ->    20(time 15761 - 04:22:41)(time 15933 - 04:25:33) ->    19(time 16002 - 04:26:42)(time 16190 - 04:29:50) ->    18(time 16259 - 04:30:59)(time 16429 - 04:33:49) ->    17(time 16498 - 04:34:58)(time 16659 - 04:37:39) ->    16(time 16692 - 04:38:12)(time 16871 - 04:41:11) ->    15(time 17052 - 04:44:12)(time 17052 - 04:44:12) ->    0(time 17233 - 04:47:13)(time 17412 - 04:50:12) ->    1(time 17445 - 04:50:45)(time 17606 - 04:53:26) ->    2(time 17675 - 04:54:35)(time 17845 - 04:57:25) ->    3(time 17914 - 04:58:34)(time 18102 - 05:01:42) ->    4(time 18171 - 05:02:51)(time 18343 - 05:05:43) ->    5(time 18376 - 05:06:16)(time 18561 - 05:09:21) ->    6(time 18630 - 05:10:30)(time 18825 - 05:13:45) ->    7(time 18894 - 05:14:54)(time 19068 - 05:17:48) ->    8(time 19137 - 05:18:57)(time 19312 - 05:21:52) ->    9(time 19381 - 05:23:01)(time 19554 - 05:25:54) ->    10(time 19587 - 05:26:27)(time 19755 - 05:29:15) ->    11(time 19824 - 05:30:24)(time 19988 - 05:33:08) ->    12(time 20057 - 05:34:17)(time 20229 - 05:37:09) ->    13(time 20298 - 05:38:18)(time 20464 - 05:41:04) ->    14(time 20645 - 05:44:05)(time 20645 - 05:44:05) -> 29
> Trip 1
   29(time 20645 - 05:44:05)(time 20811 - 05:46:51) ->    28(time 20923 - 05:48:43)(time 21095 - 05:51:35) ->    27(time 21173 - 05:52:53)(time 21337 - 05:55:37) ->    26(time 21406 - 05:56:46)(time 21574 - 05:59:34) ->    25(time 21607 - 06:00:07)(time 21780 - 06:03:00) ->    24(time 21849 - 06:04:09)(time 22024 - 06:07:04) ->    23(time 22093 - 06:08:13)(time 22267 - 06:11:07) ->    22(time 22336 - 06:12:16)(time 22531 - 06:15:31) ->    21(time 22600 - 06:16:40)(time 22785 - 06:19:45) ->    20(time 22818 - 06:20:18)(time 22990 - 06:23:10) ->    19(time 23059 - 06:24:19)(time 23247 - 06:27:27) ->    18(time 23316 - 06:28:36)(time 23486 - 06:31:26) ->    17(time 23555 - 06:32:35)(time 23716 - 06:35:16) ->    16(time 23852 - 06:37:32)(time 24031 - 06:40:31) ->    15(time 24389 - 06:46:29)(time 24389 - 06:46:29) ->    0(time 24389 - 06:46:29)(time 24568 - 06:49:28) ->    1(time 24601 - 06:50:01)(time 24762 - 06:52:42) ->    2(time 24831 - 06:53:51)(time 25001 - 06:56:41) ->    3(time 25070 - 06:57:50)(time 25258 - 07:00:58) ->    4(time 25327 - 07:02:07)(time 25499 - 07:04:59) ->    5(time 25532 - 07:05:32)(time 25717 - 07:08:37) ->    6(time 25786 - 07:09:46)(time 25981 - 07:13:01) ->    7(time 26050 - 07:14:10)(time 26224 - 07:17:04) ->    8(time 26293 - 07:18:13)(time 26468 - 07:21:08) ->    9(time 26537 - 07:22:17)(time 26710 - 07:25:10) ->    10(time 26743 - 07:25:43)(time 26911 - 07:28:31) ->    11(time 26980 - 07:29:40)(time 27144 - 07:32:24) ->    12(time 27213 - 07:33:33)(time 27385 - 07:36:25) ->    13(time 27454 - 07:37:34)(time 27620 - 07:40:20) ->    14(time 27801 - 07:43:21)(time 27801 - 07:43:21) -> 29
> Trip 2
   29(time 27801 - 07:43:21)(time 27967 - 07:46:07) ->    28(time 28158 - 07:49:18)(time 28330 - 07:52:10) ->    27(time 28399 - 07:53:19)(time 28563 - 07:56:03) ->    26(time 28632 - 07:57:12)(time 28800 - 08:00:00) ->    25(time 28833 - 08:00:33)(time 29006 - 08:03:26) ->    24(time 29075 - 08:04:35)(time 29250 - 08:07:30) ->    23(time 29319 - 08:08:39)(time 29493 - 08:11:33) ->    22(time 29562 - 08:12:42)(time 29757 - 08:15:57) ->    21(time 29826 - 08:17:06)(time 30011 - 08:20:11) ->    20(time 30044 - 08:20:44)(time 30216 - 08:23:36) ->    19(time 30285 - 08:24:45)(time 30473 - 08:27:53) ->    18(time 30542 - 08:29:02)(time 30712 - 08:31:52) ->    17(time 30781 - 08:33:01)(time 30942 - 08:35:42) ->    16(time 30975 - 08:36:15)(time 31154 - 08:39:14) ->    15(time 31335 - 08:42:15)(time 31335 - 08:42:15) ->    0(time 31335 - 08:42:15)(time 31514 - 08:45:14) ->    1(time 31695 - 08:48:15)(time 31856 - 08:50:56) ->    2(time 31925 - 08:52:05)(time 32095 - 08:54:55) ->    3(time 32164 - 08:56:04)(time 32352 - 08:59:12) ->    4(time 32421 - 09:00:21)(time 32593 - 09:03:13) ->    5(time 32626 - 09:03:46)(time 32811 - 09:06:51) ->    6(time 32880 - 09:08:00)(time 33075 - 09:11:15) ->    7(time 33144 - 09:12:24)(time 33318 - 09:15:18) ->    8(time 33387 - 09:16:27)(time 33562 - 09:19:22) ->    9(time 33631 - 09:20:31)(time 33804 - 09:23:24) ->    10(time 33837 - 09:23:57)(time 34005 - 09:26:45) ->    11(time 34074 - 09:27:54)(time 34238 - 09:30:38) ->    12(time 34307 - 09:31:47)(time 34479 - 09:34:39) ->    13(time 34548 - 09:35:48)(time 34714 - 09:38:34) ->    14(time 34895 - 09:41:35)(time 34895 - 09:41:35) -> 29
> Trip 3
   29(time 34895 - 09:41:35)(time 35061 - 09:44:21) ->    28(time 35242 - 09:47:22)(time 35414 - 09:50:14) ->    27(time 35483 - 09:51:23)(time 35647 - 09:54:07) ->    26(time 35716 - 09:55:16)(time 35884 - 09:58:04) ->    25(time 35917 - 09:58:37)(time 36090 - 10:01:30) ->    24(time 36159 - 10:02:39)(time 36334 - 10:05:34) ->    23(time 36403 - 10:06:43)(time 36577 - 10:09:37) ->    22(time 36646 - 10:10:46)(time 36841 - 10:14:01) ->    21(time 36910 - 10:15:10)(time 37095 - 10:18:15) ->    20(time 37128 - 10:18:48)(time 37300 - 10:21:40) ->    19(time 37369 - 10:22:49)(time 37557 - 10:25:57) ->    18(time 37626 - 10:27:06)(time 37796 - 10:29:56) ->    17(time 37865 - 10:31:05)(time 38026 - 10:33:46) ->    16(time 38059 - 10:34:19)(time 38238 - 10:37:18) ->    15(time 38429 - 10:40:29)(time 38429 - 10:40:29) ->    0(time 38429 - 10:40:29)(time 38608 - 10:43:28) ->    1(time 38686 - 10:44:46)(time 38847 - 10:47:27) ->    2(time 38916 - 10:48:36)(time 39086 - 10:51:26) ->    3(time 39155 - 10:52:35)(time 39343 - 10:55:43) ->    4(time 39412 - 10:56:52)(time 39584 - 10:59:44) ->    5(time 39720 - 11:02:00)(time 39905 - 11:05:05) ->    6(time 39974 - 11:06:14)(time 40169 - 11:09:29) ->    7(time 40238 - 11:10:38)(time 40412 - 11:13:32) ->    8(time 40481 - 11:14:41)(time 40656 - 11:17:36) ->    9(time 40725 - 11:18:45)(time 40898 - 11:21:38) ->    10(time 40931 - 11:22:11)(time 41099 - 11:24:59) ->    11(time 41168 - 11:26:08)(time 41332 - 11:28:52) ->    12(time 41401 - 11:30:01)(time 41573 - 11:32:53) ->    13(time 41642 - 11:34:02)(time 41808 - 11:36:48) ->    14(time 41989 - 11:39:49)(time 41989 - 11:39:49) -> 29
> Trip 4
   29(time 41989 - 11:39:49)(time 42155 - 11:42:35) ->    28(time 42233 - 11:43:53)(time 42405 - 11:46:45) ->    27(time 42620 - 11:50:20)(time 42784 - 11:53:04) ->    26(time 42853 - 11:54:13)(time 43021 - 11:57:01) ->    25(time 43054 - 11:57:34)(time 43227 - 12:00:27) ->    24(time 43296 - 12:01:36)(time 43471 - 12:04:31) ->    23(time 43540 - 12:05:40)(time 43714 - 12:08:34) ->    22(time 43783 - 12:09:43)(time 43978 - 12:12:58) ->    21(time 44047 - 12:14:07)(time 44232 - 12:17:12) ->    20(time 44265 - 12:17:45)(time 44437 - 12:20:37) ->    19(time 44506 - 12:21:46)(time 44694 - 12:24:54) ->    18(time 44763 - 12:26:03)(time 44933 - 12:28:53) ->    17(time 45002 - 12:30:02)(time 45163 - 12:32:43) ->    16(time 45196 - 12:33:16)(time 45375 - 12:36:15) ->    15(time 45733 - 12:42:13)(time 45733 - 12:42:13) ->    0(time 45733 - 12:42:13)(time 45912 - 12:45:12) ->    1(time 45945 - 12:45:45)(time 46106 - 12:48:26) ->    2(time 46175 - 12:49:35)(time 46345 - 12:52:25) ->    3(time 46414 - 12:53:34)(time 46602 - 12:56:42) ->    4(time 46671 - 12:57:51)(time 46843 - 13:00:43) ->    5(time 46876 - 13:01:16)(time 47061 - 13:04:21) ->    6(time 47130 - 13:05:30)(time 47325 - 13:08:45) ->    7(time 47394 - 13:09:54)(time 47568 - 13:12:48) ->    8(time 47637 - 13:13:57)(time 47812 - 13:16:52) ->    9(time 47881 - 13:18:01)(time 48054 - 13:20:54) ->    10(time 48087 - 13:21:27)(time 48255 - 13:24:15) ->    11(time 48324 - 13:25:24)(time 48488 - 13:28:08) ->    12(time 48557 - 13:29:17)(time 48729 - 13:32:09) ->    13(time 48798 - 13:33:18)(time 48964 - 13:36:04) ->    14(time 49145 - 13:39:05)(time 49145 - 13:39:05) -> 29
> Trip 5
   29(time 49145 - 13:39:05)(time 49311 - 13:41:51) ->    28(time 49389 - 13:43:09)(time 49561 - 13:46:01) ->    27(time 49640 - 13:47:20)(time 49804 - 13:50:04) ->    26(time 49873 - 13:51:13)(time 50041 - 13:54:01) ->    25(time 50074 - 13:54:34)(time 50247 - 13:57:27) ->    24(time 50316 - 13:58:36)(time 50491 - 14:01:31) ->    23(time 50560 - 14:02:40)(time 50734 - 14:05:34) ->    22(time 50803 - 14:06:43)(time 50998 - 14:09:58) ->    21(time 51067 - 14:11:07)(time 51252 - 14:14:12) ->    20(time 51285 - 14:14:45)(time 51457 - 14:17:37) ->    19(time 51526 - 14:18:46)(time 51714 - 14:21:54) ->    18(time 51792 - 14:23:12)(time 51962 - 14:26:02) ->    17(time 52031 - 14:27:11)(time 52192 - 14:29:52) ->    16(time 52328 - 14:32:08)(time 52507 - 14:35:07) ->    15(time 52688 - 14:38:08)(time 52688 - 14:38:08) ->    0(time 53070 - 14:44:30)(time 53249 - 14:47:29) ->    1(time 53282 - 14:48:02)(time 53443 - 14:50:43) ->    2(time 53512 - 14:51:52)(time 53682 - 14:54:42) ->    3(time 53751 - 14:55:51)(time 53939 - 14:58:59) ->    4(time 54008 - 15:00:08)(time 54180 - 15:03:00) ->    5(time 54213 - 15:03:33)(time 54398 - 15:06:38) ->    6(time 54467 - 15:07:47)(time 54662 - 15:11:02) ->    7(time 54731 - 15:12:11)(time 54905 - 15:15:05) ->    8(time 54974 - 15:16:14)(time 55149 - 15:19:09) ->    9(time 55218 - 15:20:18)(time 55391 - 15:23:11) ->    10(time 55424 - 15:23:44)(time 55592 - 15:26:32) ->    11(time 55661 - 15:27:41)(time 55825 - 15:30:25) ->    12(time 55894 - 15:31:34)(time 56066 - 15:34:26) ->    13(time 56135 - 15:35:35)(time 56301 - 15:38:21) ->    14(time 56482 - 15:41:22)(time 56482 - 15:41:22) -> 29
=============
Train 2
=============
> Trip 0
   29(time 14002 - 03:53:22)(time 14168 - 03:56:08) ->    28(time 14237 - 03:57:17)(time 14409 - 04:00:09) ->    27(time 14478 - 04:01:18)(time 14642 - 04:04:02) ->    26(time 14711 - 04:05:11)(time 14879 - 04:07:59) ->    25(time 14912 - 04:08:32)(time 15085 - 04:11:25) ->    24(time 15154 - 04:12:34)(time 15329 - 04:15:29) ->    23(time 15398 - 04:16:38)(time 15572 - 04:19:32) ->    22(time 15641 - 04:20:41)(time 15836 - 04:23:56) ->    21(time 15905 - 04:25:05)(time 16090 - 04:28:10) ->    20(time 16123 - 04:28:43)(time 16295 - 04:31:35) ->    19(time 16364 - 04:32:44)(time 16552 - 04:35:52) ->    18(time 16621 - 04:37:01)(time 16791 - 04:39:51) ->    17(time 16860 - 04:41:00)(time 17021 - 04:43:41) ->    16(time 17054 - 04:44:14)(time 17233 - 04:47:13) ->    15(time 17414 - 04:50:14)(time 17414 - 04:50:14) ->    0(time 17591 - 04:53:11)(time 17770 - 04:56:10) ->    1(time 17803 - 04:56:43)(time 17964 - 04:59:24) ->    2(time 18033 - 05:00:33)(time 18203 - 05:03:23) ->    3(time 18272 - 05:04:32)(time 18460 - 05:07:40) ->    4(time 18529 - 05:08:49)(time 18701 - 05:11:41) ->    5(time 18734 - 05:12:14)(time 18919 - 05:15:19) ->    6(time 18988 - 05:16:28)(time 19183 - 05:19:43) ->    7(time 19252 - 05:20:52)(time 19426 - 05:23:46) ->    8(time 19495 - 05:24:55)(time 19670 - 05:27:50) ->    9(time 19739 - 05:28:59)(time 19912 - 05:31:52) ->    10(time 19945 - 05:32:25)(time 20113 - 05:35:13) ->    11(time 20182 - 05:36:22)(time 20346 - 05:39:06) ->    12(time 20415 - 05:40:15)(time 20587 - 05:43:07) ->    13(time 20811 - 05:46:51)(time 20977 - 05:49:37) ->    14(time 21158 - 05:52:38)(time 21158 - 05:52:38) -> 29
> Trip 1
   29(time 21158 - 05:52:38)(time 21324 - 05:55:24) ->    28(time 21393 - 05:56:33)(time 21565 - 05:59:25) ->    27(time 21634 - 06:00:34)(time 21798 - 06:03:18) ->    26(time 21867 - 06:04:27)(time 22035 - 06:07:15) ->    25(time 22068 - 06:07:48)(time 22241 - 06:10:41) ->    24(time 22310 - 06:11:50)(time 22485 - 06:14:45) ->    23(time 22554 - 06:15:54)(time 22728 - 06:18:48) ->    22(time 22797 - 06:19:57)(time 22992 - 06:23:12) ->    21(time 23061 - 06:24:21)(time 23246 - 06:27:26) ->    20(time 23279 - 06:27:59)(time 23451 - 06:30:51) ->    19(time 23520 - 06:32:00)(time 23708 - 06:35:08) ->    18(time 23777 - 06:36:17)(time 23947 - 06:39:07) ->    17(time 24016 - 06:40:16)(time 24177 - 06:42:57) ->    16(time 24210 - 06:43:30)(time 24389 - 06:46:29) ->    15(time 24771 - 06:52:51)(time 24771 - 06:52:51) ->    0(time 24893 - 06:54:53)(time 25072 - 06:57:52) ->    1(time 25105 - 06:58:25)(time 25266 - 07:01:06) ->    2(time 25335 - 07:02:15)(time 25505 - 07:05:05) ->    3(time 25574 - 07:06:14)(time 25762 - 07:09:22) ->    4(time 25831 - 07:10:31)(time 26003 - 07:13:23) ->    5(time 26036 - 07:13:56)(time 26221 - 07:17:01) ->    6(time 26290 - 07:18:10)(time 26485 - 07:21:25) ->    7(time 26554 - 07:22:34)(time 26728 - 07:25:28) ->    8(time 26797 - 07:26:37)(time 26972 - 07:29:32) ->    9(time 27041 - 07:30:41)(time 27214 - 07:33:34) ->    10(time 27247 - 07:34:07)(time 27415 - 07:36:55) ->    11(time 27484 - 07:38:04)(time 27648 - 07:40:48) ->    12(time 27717 - 07:41:57)(time 27889 - 07:44:49) ->    13(time 27967 - 07:46:07)(time 28133 - 07:48:53) ->    14(time 28314 - 07:51:54)(time 28314 - 07:51:54) -> 29
> Trip 2
   29(time 28314 - 07:51:54)(time 28480 - 07:54:40) ->    28(time 28549 - 07:55:49)(time 28721 - 07:58:41) ->    27(time 28790 - 07:59:50)(time 28954 - 08:02:34) ->    26(time 29023 - 08:03:43)(time 29191 - 08:06:31) ->    25(time 29224 - 08:07:04)(time 29397 - 08:09:57) ->    24(time 29466 - 08:11:06)(time 29641 - 08:14:01) ->    23(time 29813 - 08:16:53)(time 29987 - 08:19:47) ->    22(time 30056 - 08:20:56)(time 30251 - 08:24:11) ->    21(time 30320 - 08:25:20)(time 30505 - 08:28:25) ->    20(time 30538 - 08:28:58)(time 30710 - 08:31:50) ->    19(time 30779 - 08:32:59)(time 30967 - 08:36:07) ->    18(time 31036 - 08:37:16)(time 31206 - 08:40:06) ->    17(time 31275 - 08:41:15)(time 31436 - 08:43:56) ->    16(time 31514 - 08:45:14)(time 31693 - 08:48:13) ->    15(time 31884 - 08:51:24)(time 31884 - 08:51:24) ->    0(time 31884 - 08:51:24)(time 32063 - 08:54:23) ->    1(time 32096 - 08:54:56)(time 32257 - 08:57:37) ->    2(time 32326 - 08:58:46)(time 32496 - 09:01:36) ->    3(time 32565 - 09:02:45)(time 32753 - 09:05:53) ->    4(time 32822 - 09:07:02)(time 32994 - 09:09:54) ->    5(time 33027 - 09:10:27)(time 33212 - 09:13:32) ->    6(time 33281 - 09:14:41)(time 33476 - 09:17:56) ->    7(time 33545 - 09:19:05)(time 33719 - 09:21:59) ->    8(time 33788 - 09:23:08)(time 33963 - 09:26:03) ->    9(time 34032 - 09:27:12)(time 34205 - 09:30:05) ->    10(time 34238 - 09:30:38)(time 34406 - 09:33:26) ->    11(time 34475 - 09:34:35)(time 34639 - 09:37:19) ->    12(time 34708 - 09:38:28)(time 34880 - 09:41:20) ->    13(time 35061 - 09:44:21)(time 35227 - 09:47:07) ->    14(time 35408 - 09:50:08)(time 35408 - 09:50:08) -> 29
> Trip 3
   29(time 35510 - 09:51:50)(time 35676 - 09:54:36) ->    28(time 35745 - 09:55:45)(time 35917 - 09:58:37) ->    27(time 35986 - 09:59:46)(time 36150 - 10:02:30) ->    26(time 36219 - 10:03:39)(time 36387 - 10:06:27) ->    25(time 36420 - 10:07:00)(time 36593 - 10:09:53) ->    24(time 36662 - 10:11:02)(time 36837 - 10:13:57) ->    23(time 36906 - 10:15:06)(time 37080 - 10:18:00) ->    22(time 37149 - 10:19:09)(time 37344 - 10:22:24) ->    21(time 37413 - 10:23:33)(time 37598 - 10:26:38) ->    20(time 37631 - 10:27:11)(time 37803 - 10:30:03) ->    19(time 37872 - 10:31:12)(time 38060 - 10:34:20) ->    18(time 38129 - 10:35:29)(time 38299 - 10:38:19) ->    17(time 38368 - 10:39:28)(time 38529 - 10:42:09) ->    16(time 38608 - 10:43:28)(time 38787 - 10:46:27) ->    15(time 38968 - 10:49:28)(time 38968 - 10:49:28) ->    0(time 39081 - 10:51:21)(time 39260 - 10:54:20) ->    1(time 39293 - 10:54:53)(time 39454 - 10:57:34) ->    2(time 39523 - 10:58:43)(time 39693 - 11:01:33) ->    3(time 39762 - 11:02:42)(time 39950 - 11:05:50) ->    4(time 40019 - 11:06:59)(time 40191 - 11:09:51) ->    5(time 40224 - 11:10:24)(time 40409 - 11:13:29) ->    6(time 40478 - 11:14:38)(time 40673 - 11:17:53) ->    7(time 40742 - 11:19:02)(time 40916 - 11:21:56) ->    8(time 40985 - 11:23:05)(time 41160 - 11:26:00) ->    9(time 41229 - 11:27:09)(time 41402 - 11:30:02) ->    10(time 41435 - 11:30:35)(time 41603 - 11:33:23) ->    11(time 41672 - 11:34:32)(time 41836 - 11:37:16) ->    12(time 41905 - 11:38:25)(time 42077 - 11:41:17) ->    13(time 42155 - 11:42:35)(time 42321 - 11:45:21) ->    14(time 42502 - 11:48:22)(time 42502 - 11:48:22) -> 29
> Trip 4
   29(time 42502 - 11:48:22)(time 42668 - 11:51:08) ->    28(time 42737 - 11:52:17)(time 42909 - 11:55:09) ->    27(time 42978 - 11:56:18)(time 43142 - 11:59:02) ->    26(time 43211 - 12:00:11)(time 43379 - 12:02:59) ->    25(time 43412 - 12:03:32)(time 43585 - 12:06:25) ->    24(time 43654 - 12:07:34)(time 43829 - 12:10:29) ->    23(time 43898 - 12:11:38)(time 44072 - 12:14:32) ->    22(time 44141 - 12:15:41)(time 44336 - 12:18:56) ->    21(time 44405 - 12:20:05)(time 44590 - 12:23:10) ->    20(time 44623 - 12:23:43)(time 44795 - 12:26:35) ->    19(time 44864 - 12:27:44)(time 45052 - 12:30:52) ->    18(time 45121 - 12:32:01)(time 45291 - 12:34:51) ->    17(time 45360 - 12:36:00)(time 45521 - 12:38:41) ->    16(time 45554 - 12:39:14)(time 45733 - 12:42:13) ->    15(time 46091 - 12:48:11)(time 46091 - 12:48:11) ->    0(time 46091 - 12:48:11)(time 46270 - 12:51:10) ->    1(time 46303 - 12:51:43)(time 46464 - 12:54:24) ->    2(time 46533 - 12:55:33)(time 46703 - 12:58:23) ->    3(time 46772 - 12:59:32)(time 46960 - 13:02:40) ->    4(time 47175 - 13:06:15)(time 47347 - 13:09:07) ->    5(time 47380 - 13:09:40)(time 47565 - 13:12:45) ->    6(time 47634 - 13:13:54)(time 47829 - 13:17:09) ->    7(time 47898 - 13:18:18)(time 48072 - 13:21:12) ->    8(time 48141 - 13:22:21)(time 48316 - 13:25:16) ->    9(time 48385 - 13:26:25)(time 48558 - 13:29:18) ->    10(time 48591 - 13:29:51)(time 48759 - 13:32:39) ->    11(time 48828 - 13:33:48)(time 48992 - 13:36:32) ->    12(time 49061 - 13:37:41)(time 49233 - 13:40:33) ->    13(time 49311 - 13:41:51)(time 49477 - 13:44:37) ->    14(time 49658 - 13:47:38)(time 49658 - 13:47:38) -> 29
> Trip 5
   29(time 49658 - 13:47:38)(time 49824 - 13:50:24) ->    28(time 49893 - 13:51:33)(time 50065 - 13:54:25) ->    27(time 50134 - 13:55:34)(time 50298 - 13:58:18) ->    26(time 50367 - 13:59:27)(time 50535 - 14:02:15) ->    25(time 50568 - 14:02:48)(time 50741 - 14:05:41) ->    24(time 50810 - 14:06:50)(time 50985 - 14:09:45) ->    23(time 51054 - 14:10:54)(time 51228 - 14:13:48) ->    22(time 51297 - 14:14:57)(time 51492 - 14:18:12) ->    21(time 51561 - 14:19:21)(time 51746 - 14:22:26) ->    20(time 51779 - 14:22:59)(time 51951 - 14:25:51) ->    19(time 52020 - 14:27:00)(time 52208 - 14:30:08) ->    18(time 52277 - 14:31:17)(time 52447 - 14:34:07) ->    17(time 52516 - 14:35:16)(time 52677 - 14:37:57) ->    16(time 52710 - 14:38:30)(time 52889 - 14:41:29) ->    15(time 53070 - 14:44:30)(time 53070 - 14:44:30) ->    0(time 53173 - 14:46:13)(time 53352 - 14:49:12) ->    1(time 53385 - 14:49:45)(time 53546 - 14:52:26) ->    2(time 53615 - 14:53:35)(time 53785 - 14:56:25) ->    3(time 53854 - 14:57:34)(time 54042 - 15:00:42) ->    4(time 54111 - 15:01:51)(time 54283 - 15:04:43) ->    5(time 54316 - 15:05:16)(time 54501 - 15:08:21) ->    6(time 54648 - 15:10:48)(time 54843 - 15:14:03) ->    7(time 54912 - 15:15:12)(time 55086 - 15:18:06) ->    8(time 55155 - 15:19:15)(time 55330 - 15:22:10) ->    9(time 55399 - 15:23:19)(time 55572 - 15:26:12) ->    10(time 55605 - 15:26:45)(time 55773 - 15:29:33) ->    11(time 55842 - 15:30:42)(time 56006 - 15:33:26) ->    12(time 56075 - 15:34:35)(time 56247 - 15:37:27) ->    13(time 56316 - 15:38:36)(time 56482 - 15:41:22) ->    14(time 56663 - 15:44:23)(time 56663 - 15:44:23) -> 29
=============
Train 3
=============
> Trip 0
   29(time 14245 - 03:57:25)(time 14411 - 04:00:11) ->    28(time 14480 - 04:01:20)(time 14652 - 04:04:12) ->    27(time 14721 - 04:05:21)(time 14885 - 04:08:05) ->    26(time 14954 - 04:09:14)(time 15122 - 04:12:02) ->    25(time 15155 - 04:12:35)(time 15328 - 04:15:28) ->    24(time 15397 - 04:16:37)(time 15572 - 04:19:32) ->    23(time 15641 - 04:20:41)(time 15815 - 04:23:35) ->    22(time 15884 - 04:24:44)(time 16079 - 04:27:59) ->    21(time 16148 - 04:29:08)(time 16333 - 04:32:13) ->    20(time 16366 - 04:32:46)(time 16538 - 04:35:38) ->    19(time 16607 - 04:36:47)(time 16795 - 04:39:55) ->    18(time 16864 - 04:41:04)(time 17034 - 04:43:54) ->    17(time 17103 - 04:45:03)(time 17264 - 04:47:44) ->    16(time 17412 - 04:50:12)(time 17591 - 04:53:11) ->    15(time 17772 - 04:56:12)(time 17772 - 04:56:12) ->    0(time 17772 - 04:56:12)(time 17951 - 04:59:11) ->    1(time 17984 - 04:59:44)(time 18145 - 05:02:25) ->    2(time 18214 - 05:03:34)(time 18384 - 05:06:24) ->    3(time 18453 - 05:07:33)(time 18641 - 05:10:41) ->    4(time 18710 - 05:11:50)(time 18882 - 05:14:42) ->    5(time 18915 - 05:15:15)(time 19100 - 05:18:20) ->    6(time 19169 - 05:19:29)(time 19364 - 05:22:44) ->    7(time 19476 - 05:24:36)(time 19650 - 05:27:30) ->    8(time 19719 - 05:28:39)(time 19894 - 05:31:34) ->    9(time 19963 - 05:32:43)(time 20136 - 05:35:36) ->    10(time 20169 - 05:36:09)(time 20337 - 05:38:57) ->    11(time 20406 - 05:40:06)(time 20570 - 05:42:50) ->    12(time 20639 - 05:43:59)(time 20811 - 05:46:51) ->    13(time 20992 - 05:49:52)(time 21158 - 05:52:38) ->    14(time 21339 - 05:55:39)(time 21339 - 05:55:39) -> 29
> Trip 1
   29(time 21339 - 05:55:39)(time 21505 - 05:58:25) ->    28(time 21574 - 05:59:34)(time 21746 - 06:02:26) ->    27(time 21815 - 06:03:35)(time 21979 - 06:06:19) ->    26(time 22048 - 06:07:28)(time 22216 - 06:10:16) ->    25(time 22249 - 06:10:49)(time 22422 - 06:13:42) ->    24(time 22491 - 06:14:51)(time 22666 - 06:17:46) ->    23(time 22735 - 06:18:55)(time 22909 - 06:21:49) ->    22(time 22978 - 06:22:58)(time 23173 - 06:26:13) ->    21(time 23242 - 06:27:22)(time 23427 - 06:30:27) ->    20(time 23460 - 06:31:00)(time 23632 - 06:33:52) ->    19(time 23701 - 06:35:01)(time 23889 - 06:38:09) ->    18(time 23958 - 06:39:18)(time 24128 - 06:42:08) ->    17(time 24197 - 06:43:17)(time 24358 - 06:45:58) ->    16(time 24611 - 06:50:11)(time 24790 - 06:53:10) ->    15(time 24971 - 06:56:11)(time 24971 - 06:56:11) ->    0(time 24971 - 06:56:11)(time 25150 - 06:59:10) ->    1(time 25183 - 06:59:43)(time 25344 - 07:02:24) ->    2(time 25413 - 07:03:33)(time 25583 - 07:06:23) ->    3(time 25652 - 07:07:32)(time 25840 - 07:10:40) ->    4(time 25909 - 07:11:49)(time 26081 - 07:14:41) ->    5(time 26114 - 07:15:14)(time 26299 - 07:18:19) ->    6(time 26368 - 07:19:28)(time 26563 - 07:22:43) ->    7(time 26632 - 07:23:52)(time 26806 - 07:26:46) ->    8(time 26875 - 07:27:55)(time 27050 - 07:30:50) ->    9(time 27119 - 07:31:59)(time 27292 - 07:34:52) ->    10(time 27325 - 07:35:25)(time 27493 - 07:38:13) ->    11(time 27562 - 07:39:22)(time 27726 - 07:42:06) ->    12(time 27795 - 07:43:15)(time 27967 - 07:46:07) ->    13(time 28148 - 07:49:08)(time 28314 - 07:51:54) ->    14(time 28495 - 07:54:55)(time 28495 - 07:54:55) -> 29
> Trip 2
   29(time 28495 - 07:54:55)(time 28661 - 07:57:41) ->    28(time 28730 - 07:58:50)(time 28902 - 08:01:42) ->    27(time 28971 - 08:02:51)(time 29135 - 08:05:35) ->    26(time 29204 - 08:06:44)(time 29372 - 08:09:32) ->    25(time 29405 - 08:10:05)(time 29578 - 08:12:58) ->    24(time 29647 - 08:14:07)(time 29822 - 08:17:02) ->    23(time 29891 - 08:18:11)(time 30065 - 08:21:05) ->    22(time 30134 - 08:22:14)(time 30329 - 08:25:29) ->    21(time 30398 - 08:26:38)(time 30583 - 08:29:43) ->    20(time 30616 - 08:30:16)(time 30788 - 08:33:08) ->    19(time 30857 - 08:34:17)(time 31045 - 08:37:25) ->    18(time 31114 - 08:38:34)(time 31284 - 08:41:24) ->    17(time 31353 - 08:42:33)(time 31514 - 08:45:14) ->    16(time 31705 - 08:48:25)(time 31884 - 08:51:24) ->    15(time 32065 - 08:54:25)(time 32065 - 08:54:25) ->    0(time 32065 - 08:54:25)(time 32244 - 08:57:24) ->    1(time 32277 - 08:57:57)(time 32438 - 09:00:38) ->    2(time 32507 - 09:01:47)(time 32677 - 09:04:37) ->    3(time 32746 - 09:05:46)(time 32934 - 09:08:54) ->    4(time 33003 - 09:10:03)(time 33175 - 09:12:55) ->    5(time 33208 - 09:13:28)(time 33393 - 09:16:33) ->    6(time 33462 - 09:17:42)(time 33657 - 09:20:57) ->    7(time 33726 - 09:22:06)(time 33900 - 09:25:00) ->    8(time 33969 - 09:26:09)(time 34144 - 09:29:04) ->    9(time 34213 - 09:30:13)(time 34386 - 09:33:06) ->    10(time 34419 - 09:33:39)(time 34587 - 09:36:27) ->    11(time 34656 - 09:37:36)(time 34820 - 09:40:20) ->    12(time 34889 - 09:41:29)(time 35061 - 09:44:21) ->    13(time 35242 - 09:47:22)(time 35408 - 09:50:08) ->    14(time 35589 - 09:53:09)(time 35589 - 09:53:09) -> 29
> Trip 3
   29(time 35589 - 09:53:09)(time 35755 - 09:55:55) ->    28(time 35824 - 09:57:04)(time 35996 - 09:59:56) ->    27(time 36065 - 10:01:05)(time 36229 - 10:03:49) ->    26(time 36298 - 10:04:58)(time 36466 - 10:07:46) ->    25(time 36499 - 10:08:19)(time 36672 - 10:11:12) ->    24(time 36741 - 10:12:21)(time 36916 - 10:15:16) ->    23(time 36985 - 10:16:25)(time 37159 - 10:19:19) ->    22(time 37228 - 10:20:28)(time 37423 - 10:23:43) ->    21(time 37492 - 10:24:52)(time 37677 - 10:27:57) ->    20(time 37710 - 10:28:30)(time 37882 - 10:31:22) ->    19(time 37951 - 10:32:31)(time 38139 - 10:35:39) ->    18(time 38208 - 10:36:48)(time 38378 - 10:39:38) ->    17(time 38447 - 10:40:47)(time 38608 - 10:43:28) ->    16(time 38799 - 10:46:39)(time 38978 - 10:49:38) ->    15(time 39159 - 10:52:39)(time 39159 - 10:52:39) ->    0(time 39159 - 10:52:39)(time 39338 - 10:55:38) ->    1(time 39371 - 10:56:11)(time 39532 - 10:58:52) ->    2(time 39601 - 11:00:01)(time 39771 - 11:02:51) ->    3(time 39840 - 11:04:00)(time 40028 - 11:07:08) ->    4(time 40097 - 11:08:17)(time 40269 - 11:11:09) ->    5(time 40302 - 11:11:42)(time 40487 - 11:14:47) ->    6(time 40556 - 11:15:56)(time 40751 - 11:19:11) ->    7(time 40820 - 11:20:20)(time 40994 - 11:23:14) ->    8(time 41063 - 11:24:23)(time 41238 - 11:27:18) ->    9(time 41307 - 11:28:27)(time 41480 - 11:31:20) ->    10(time 41513 - 11:31:53)(time 41681 - 11:34:41) ->    11(time 41750 - 11:35:50)(time 41914 - 11:38:34) ->    12(time 41983 - 11:39:43)(time 42155 - 11:42:35) ->    13(time 42336 - 11:45:36)(time 42502 - 11:48:22) ->    14(time 42683 - 11:51:23)(time 42683 - 11:51:23) -> 29
> Trip 4
   29(time 42745 - 11:52:25)(time 42911 - 11:55:11) ->    28(time 42980 - 11:56:20)(time 43152 - 11:59:12) ->    27(time 43221 - 12:00:21)(time 43385 - 12:03:05) ->    26(time 43454 - 12:04:14)(time 43622 - 12:07:02) ->    25(time 43655 - 12:07:35)(time 43828 - 12:10:28) ->    24(time 43897 - 12:11:37)(time 44072 - 12:14:32) ->    23(time 44141 - 12:15:41)(time 44315 - 12:18:35) ->    22(time 44384 - 12:19:44)(time 44579 - 12:22:59) ->    21(time 44648 - 12:24:08)(time 44833 - 12:27:13) ->    20(time 44866 - 12:27:46)(time 45038 - 12:30:38) ->    19(time 45107 - 12:31:47)(time 45295 - 12:34:55) ->    18(time 45364 - 12:36:04)(time 45534 - 12:38:54) ->    17(time 45603 - 12:40:03)(time 45764 - 12:42:44) ->    16(time 45912 - 12:45:12)(time 46091 - 12:48:11) ->    15(time 46272 - 12:51:12)(time 46272 - 12:51:12) ->    0(time 46272 - 12:51:12)(time 46451 - 12:54:11) ->    1(time 46484 - 12:54:44)(time 46645 - 12:57:25) ->    2(time 46757 - 12:59:17)(time 46927 - 13:02:07) ->    3(time 46996 - 13:03:16)(time 47184 - 13:06:24) ->    4(time 47253 - 13:07:33)(time 47425 - 13:10:25) ->    5(time 47458 - 13:10:58)(time 47643 - 13:14:03) ->    6(time 47712 - 13:15:12)(time 47907 - 13:18:27) ->    7(time 47976 - 13:19:36)(time 48150 - 13:22:30) ->    8(time 48219 - 13:23:39)(time 48394 - 13:26:34) ->    9(time 48463 - 13:27:43)(time 48636 - 13:30:36) ->    10(time 48669 - 13:31:09)(time 48837 - 13:33:57) ->    11(time 48906 - 13:35:06)(time 49070 - 13:37:50) ->    12(time 49139 - 13:38:59)(time 49311 - 13:41:51) ->    13(time 49492 - 13:44:52)(time 49658 - 13:47:38) ->    14(time 49839 - 13:50:39)(time 49839 - 13:50:39) -> 29
> Trip 5
   29(time 49839 - 13:50:39)(time 50005 - 13:53:25) ->    28(time 50074 - 13:54:34)(time 50246 - 13:57:26) ->    27(time 50315 - 13:58:35)(time 50479 - 14:01:19) ->    26(time 50548 - 14:02:28)(time 50716 - 14:05:16) ->    25(time 50749 - 14:05:49)(time 50922 - 14:08:42) ->    24(time 50991 - 14:09:51)(time 51166 - 14:12:46) ->    23(time 51235 - 14:13:55)(time 51409 - 14:16:49) ->    22(time 51478 - 14:17:58)(time 51673 - 14:21:13) ->    21(time 51742 - 14:22:22)(time 51927 - 14:25:27) ->    20(time 51960 - 14:26:00)(time 52132 - 14:28:52) ->    19(time 52201 - 14:30:01)(time 52389 - 14:33:09) ->    18(time 52458 - 14:34:18)(time 52628 - 14:37:08) ->    17(time 52697 - 14:38:17)(time 52858 - 14:40:58) ->    16(time 52891 - 14:41:31)(time 53070 - 14:44:30) ->    15(time 53251 - 14:47:31)(time 53251 - 14:47:31) ->    0(time 53251 - 14:47:31)(time 53430 - 14:50:30) ->    1(time 53644 - 14:54:04)(time 53805 - 14:56:45) ->    2(time 53874 - 14:57:54)(time 54044 - 15:00:44) ->    3(time 54113 - 15:01:53)(time 54301 - 15:05:01) ->    4(time 54370 - 15:06:10)(time 54542 - 15:09:02) ->    5(time 54575 - 15:09:35)(time 54760 - 15:12:40) ->    6(time 54829 - 15:13:49)(time 55024 - 15:17:04) ->    7(time 55093 - 15:18:13)(time 55267 - 15:21:07) ->    8(time 55336 - 15:22:16)(time 55511 - 15:25:11) ->    9(time 55580 - 15:26:20)(time 55753 - 15:29:13) ->    10(time 55786 - 15:29:46)(time 55954 - 15:32:34) ->    11(time 56023 - 15:33:43)(time 56187 - 15:36:27) ->    12(time 56256 - 15:37:36)(time 56428 - 15:40:28) ->    13(time 56497 - 15:41:37)(time 56663 - 15:44:23) ->    14(time 56844 - 15:47:24)(time 56844 - 15:47:24) -> 29
