t4p16r6h4.txt:
   > Trying to open the instance file...
   > Reading number of trains...
   > Reading maximum number of trips per train...
   > Reading time intervals...
   > Reading number of points...
   > Reading stations...
   > Reading crossings...
   > Reading depots...
   > Reading initial point...
   > Reading routes...
   > Reading distance and distance and service...
   > Reading demands...
   > Reading maximum time...
   > Reading alpha...

--------------------------------
 Printing instance
--------------------------------
number of trains = 4
	max trips per trains: 6     6     5     4
number of intervals = 4
	(0,  12885)	(12886,  25770)	(25771,  38655)	(38656,  51540)
number of points = 16
	initial point: 7
	stations: 0     1     3     4     5     7     8     9    11    12    13    14    15
	crossings: 0     2     6     7     8    10    12    15
	depots: 0     7    15
number of vertices = 32
	total vertices: 0     1     2     3     4     5     6     7     8     9    10    11    12    13    14    15    16    17    18    19    20    21    22    23    24    25    26    27    28    29    30    31
	upper vertices: 0     1     2     3     4     5     6     7     8     9    10    11    12    13    14    15
	lower vertices: 16    17    18    19    20    21    22    23    24    25    26    27    28    29    30    31
	vertices of point #0: (0, 16)
	vertices of point #1: (1, 17)
	vertices of point #2: (2, 18)
	vertices of point #3: (3, 19)
	vertices of point #4: (4, 20)
	vertices of point #5: (5, 21)
	vertices of point #6: (6, 22)
	vertices of point #7: (7, 23)
	vertices of point #8: (8, 24)
	vertices of point #9: (9, 25)
	vertices of point #10: (10, 26)
	vertices of point #11: (11, 27)
	vertices of point #12: (12, 28)
	vertices of point #13: (13, 29)
	vertices of point #14: (14, 30)
	vertices of point #15: (15, 31)

arcs...
	total arcs: 
		arc #0: (0, 1)
		arc #1: (0, 16)
		arc #2: (16, 0)
		arc #3: (1, 2)
		arc #4: (17, 16)
		arc #5: (2, 3)
		arc #6: (18, 17)
		arc #7: (3, 4)
		arc #8: (19, 18)
		arc #9: (4, 5)
		arc #10: (20, 19)
		arc #11: (5, 6)
		arc #12: (21, 20)
		arc #13: (6, 7)
		arc #14: (22, 21)
		arc #15: (7, 8)
		arc #16: (23, 22)
		arc #17: (7, 23)
		arc #18: (23, 7)
		arc #19: (8, 9)
		arc #20: (24, 23)
		arc #21: (9, 10)
		arc #22: (25, 24)
		arc #23: (10, 11)
		arc #24: (26, 25)
		arc #25: (11, 12)
		arc #26: (27, 26)
		arc #27: (12, 13)
		arc #28: (28, 27)
		arc #29: (13, 14)
		arc #30: (29, 28)
		arc #31: (14, 15)
		arc #32: (30, 29)
		arc #33: (31, 30)
		arc #34: (15, 31)
		arc #35: (31, 15)

	reverse arcs: 
		arc #1: (0, 16)
		arc #2: (16, 0)
		arc #17: (7, 23)
		arc #18: (23, 7)
		arc #34: (15, 31)
		arc #35: (31, 15)


incompatible points...
	(0, 1, 18, (1, 2))	(18, 17, 0, (17, 16))	(2, 5, 22, (5, 6))	(22, 19, 2, (19, 18))	(6, 6, 23, (6, 7))	(23, 23, 6, (23, 22))	(7, 7, 24, (7, 8))	(24, 24, 7, (24, 23))	(8, 9, 26, (9, 10))	(26, 25, 8, (25, 24))	(10, 11, 28, (11, 12))	(28, 27, 10, (27, 26))	(12, 14, 31, (14, 15))	(31, 29, 12, (29, 28))

number of routes = 6
vertices of routes...
	route #0: 0     1     2     3     4     5     6     7
	route #1: 23    22    21    20    19    18    17    16
	route #2: 7     8     9    10    11    12    13    14    15
	route #3: 31    30    29    28    27    26    25    24    23
	route #4: 0     1     2     3     4     5     6     7     8     9    10    11    12    13    14    15    31    30    29    28    27    26    25    24    23    22    21    20    19    18    17    16     0
	route #5: 31    30    29    28    27    26    25    24    23    22    21    20    19    18    17    16     0     1     2     3     4     5     6     7     8     9    10    11    12    13    14    15    31
arcs of routes...
	route #0: 0     3     5     7     9    11    13
	route #1: 16    14    12    10     8     6     4
	route #2: 15    19    21    23    25    27    29    31
	route #3: 33    32    30    28    26    24    22    20
	route #4: 0     3     5     7     9    11    13    15    19    21    23    25    27    29    31    34    33    32    30    28    26    24    22    20    16    14    12    10     8     6     4     2
	route #5: 33    32    30    28    26    24    22    20    16    14    12    10     8     6     4     2     0     3     5     7     9    11    13    15    19    21    23    25    27    29    31    34

incompatible routes...
	(0, 0)    	(0, 3)    	(0, 4)    	(0, 5)    	(1, 1)    	(1, 2)    	(1, 3)    	(1, 5)    	(2, 0)    	(2, 1)    	(2, 2)    	(2, 4)    	(3, 0)    	(3, 3)    	(3, 4)    	(3, 5)    	(4, 1)    	(4, 2)    	(4, 3)    	(4, 5)    	(5, 0)    	(5, 1)    	(5, 2)    	(5, 4)

vertices that can be adjacent in consecutive trips...
	(0, 0)    	(7, 7)    	(7, 23)    	(15, 31)    	(16, 0)    	(23, 7)    	(23, 23)    	(31, 31)
non cyclical routes: 
       0       1       2       3

routes of trip...
	routes that train #0 can complete at trip #0: 1       2
	routes that train #0 can complete at trip #1: 0       1       2       3       4       5
	routes that train #0 can complete at trip #2: 0       1       2       3       4       5
	routes that train #0 can complete at trip #3: 0       1       2       3       4       5
	routes that train #0 can complete at trip #4: 0       1       2       3       4       5
	routes that train #0 can complete at trip #5: 0       1       2       3       4       5

	routes that train #1 can complete at trip #0: 1       2
	routes that train #1 can complete at trip #1: 0       1       2       3       4       5
	routes that train #1 can complete at trip #2: 0       1       2       3       4       5
	routes that train #1 can complete at trip #3: 0       1       2       3       4       5
	routes that train #1 can complete at trip #4: 0       1       2       3       4       5
	routes that train #1 can complete at trip #5: 0       1       2       3       4       5

	routes that train #2 can complete at trip #0: 1       2
	routes that train #2 can complete at trip #1: 0       1       2       3       4       5
	routes that train #2 can complete at trip #2: 0       1       2       3       4       5
	routes that train #2 can complete at trip #3: 0       1       2       3       4       5
	routes that train #2 can complete at trip #4: 0       1       2       3       4       5

	routes that train #3 can complete at trip #0: 1       2
	routes that train #3 can complete at trip #1: 0       1       2       3       4       5
	routes that train #3 can complete at trip #2: 0       1       2       3       4       5
	routes that train #3 can complete at trip #3: 0       1       2       3       4       5

 cost...
	arc #0 [0][1]: 240
	arc #1 [0][16]: 0
	arc #2 [16][0]: 0
	arc #3 [1][2]: 120
	arc #4 [17][16]: 240
	arc #5 [2][3]: 240
	arc #6 [18][17]: 120
	arc #7 [3][4]: 180
	arc #8 [19][18]: 240
	arc #9 [4][5]: 180
	arc #10 [20][19]: 180
	arc #11 [5][6]: 40
	arc #12 [21][20]: 180
	arc #13 [6][7]: 180
	arc #14 [22][21]: 40
	arc #15 [7][8]: 360
	arc #16 [23][22]: 180
	arc #17 [7][23]: 0
	arc #18 [23][7]: 0
	arc #19 [8][9]: 300
	arc #20 [24][23]: 360
	arc #21 [9][10]: 240
	arc #22 [25][24]: 300
	arc #23 [10][11]: 120
	arc #24 [26][25]: 240
	arc #25 [11][12]: 240
	arc #26 [27][26]: 120
	arc #27 [12][13]: 180
	arc #28 [28][27]: 240
	arc #29 [13][14]: 120
	arc #30 [29][28]: 180
	arc #31 [14][15]: 180
	arc #32 [30][29]: 120
	arc #33 [31][30]: 180
	arc #34 [15][31]: 0
	arc #35 [31][15]: 0

cost with minimum service...
	arc #0 [0][1]: 300
	arc #1 [0][16]: 0
	arc #2 [16][0]: 0
	arc #3 [1][2]: 160
	arc #4 [17][16]: 360
	arc #5 [2][3]: 300
	arc #6 [18][17]: 180
	arc #7 [3][4]: 240
	arc #8 [19][18]: 280
	arc #9 [4][5]: 240
	arc #10 [20][19]: 240
	arc #11 [5][6]: 80
	arc #12 [21][20]: 240
	arc #13 [6][7]: 300
	arc #14 [22][21]: 100
	arc #15 [7][8]: 420
	arc #16 [23][22]: 220
	arc #17 [7][23]: 0
	arc #18 [23][7]: 0
	arc #19 [8][9]: 360
	arc #20 [24][23]: 480
	arc #21 [9][10]: 280
	arc #22 [25][24]: 360
	arc #23 [10][11]: 180
	arc #24 [26][25]: 300
	arc #25 [11][12]: 300
	arc #26 [27][26]: 160
	arc #27 [12][13]: 240
	arc #28 [28][27]: 300
	arc #29 [13][14]: 180
	arc #30 [29][28]: 240
	arc #31 [14][15]: 300
	arc #32 [30][29]: 180
	arc #33 [31][30]: 240
	arc #34 [15][31]: 0
	arc #35 [31][15]: 0

cost with maximum service...
	arc #0 [0][1]: 840
	arc #1 [0][16]: 600
	arc #2 [16][0]: 600
	arc #3 [1][2]: 720
	arc #4 [17][16]: 840
	arc #5 [2][3]: 840
	arc #6 [18][17]: 720
	arc #7 [3][4]: 780
	arc #8 [19][18]: 840
	arc #9 [4][5]: 780
	arc #10 [20][19]: 780
	arc #11 [5][6]: 640
	arc #12 [21][20]: 780
	arc #13 [6][7]: 780
	arc #14 [22][21]: 640
	arc #15 [7][8]: 960
	arc #16 [23][22]: 780
	arc #17 [7][23]: 600
	arc #18 [23][7]: 600
	arc #19 [8][9]: 900
	arc #20 [24][23]: 960
	arc #21 [9][10]: 840
	arc #22 [25][24]: 900
	arc #23 [10][11]: 720
	arc #24 [26][25]: 840
	arc #25 [11][12]: 840
	arc #26 [27][26]: 720
	arc #27 [12][13]: 780
	arc #28 [28][27]: 840
	arc #29 [13][14]: 720
	arc #30 [29][28]: 780
	arc #31 [14][15]: 780
	arc #32 [30][29]: 720
	arc #33 [31][30]: 780
	arc #34 [15][31]: 600
	arc #35 [31][15]: 600

demands...
	demands of vertex 0 at time interval: 3     3     2     3
	demands of vertex 1 at time interval: 3     3     2     3
	demands of vertex 2 at time interval: 0     0     0     0
	demands of vertex 3 at time interval: 3     3     2     3
	demands of vertex 4 at time interval: 3     3     2     3
	demands of vertex 5 at time interval: 3     3     2     3
	demands of vertex 6 at time interval: 0     0     0     0
	demands of vertex 7 at time interval: 3     3     2     3
	demands of vertex 8 at time interval: 0     0     0     0
	demands of vertex 9 at time interval: 3     3     2     3
	demands of vertex 10 at time interval: 0     0     0     0
	demands of vertex 11 at time interval: 3     3     2     3
	demands of vertex 12 at time interval: 0     0     0     0
	demands of vertex 13 at time interval: 3     3     2     3
	demands of vertex 14 at time interval: 3     3     2     3
	demands of vertex 15 at time interval: 0     0     0     0
	demands of vertex 16 at time interval: 0     0     0     0
	demands of vertex 17 at time interval: 3     3     2     3
	demands of vertex 18 at time interval: 0     0     0     0
	demands of vertex 19 at time interval: 3     3     2     3
	demands of vertex 20 at time interval: 3     3     2     3
	demands of vertex 21 at time interval: 3     3     2     3
	demands of vertex 22 at time interval: 0     0     0     0
	demands of vertex 23 at time interval: 3     3     2     3
	demands of vertex 24 at time interval: 0     0     0     0
	demands of vertex 25 at time interval: 3     3     2     3
	demands of vertex 26 at time interval: 0     0     0     0
	demands of vertex 27 at time interval: 3     3     2     3
	demands of vertex 28 at time interval: 0     0     0     0
	demands of vertex 29 at time interval: 3     3     2     3
	demands of vertex 30 at time interval: 3     3     2     3
	demands of vertex 31 at time interval: 3     3     2     3

maximum time = 51540
alpha = 180

Selecting set of cyclical routes...

Selecting set of initial routes...

Creating initial set of candidate combinations...
Solving candidate combinations...

1/12 candidate combination(s) tested! (Thread 0)
2/12 candidate combination(s) tested! (Thread 0)
3/12 candidate combination(s) tested! (Thread 0)
Found new best - 4/12 candidate combination(s) tested! (Thread 0)
5/12 candidate combination(s) tested! (Thread 0)
6/12 candidate combination(s) tested! (Thread 0)
7/12 candidate combination(s) tested! (Thread 0)
8/12 candidate combination(s) tested! (Thread 0)
9/12 candidate combination(s) tested! (Thread 0)
10/12 candidate combination(s) tested! (Thread 0)
11/12 candidate combination(s) tested! (Thread 0)
12/12 candidate combination(s) tested! (Thread 0)

Removing trips...

Solving candidate combinations...

1/5 candidate combination(s) tested! (Thread 0)
2/5 candidate combination(s) tested! (Thread 0)
3/5 candidate combination(s) tested! (Thread 0)
4/5 candidate combination(s) tested! (Thread 0)
5/5 candidate combination(s) tested! (Thread 0)

Relaxing trips, so the model can make changes...

>> Printing some results...
    -> Solution value = 46815 - 13:00:15
    -> Total time = 924.66

=============
Train 0
=============
> Trip 0
   23(time 180 - 00:03:00)(time 360 - 00:06:00) ->    22(time 400 - 00:06:40)(time 440 - 00:07:20) ->    21(time 500 - 00:08:20)(time 680 - 00:11:20) ->    20(time 740 - 00:12:20)(time 920 - 00:15:20) ->    19(time 980 - 00:16:20)(time 1220 - 00:20:20) ->    18(time 1260 - 00:21:00)(time 1380 - 00:23:00) ->    17(time 1440 - 00:24:00)(time 1680 - 00:28:00) -> 16
> Trip 1
   0(time 1680 - 00:28:00)(time 1920 - 00:32:00) ->    1(time 1980 - 00:33:00)(time 2100 - 00:35:00) ->    2(time 2160 - 00:36:00)(time 2400 - 00:40:00) ->    3(time 2460 - 00:41:00)(time 2640 - 00:44:00) ->    4(time 2700 - 00:45:00)(time 2880 - 00:48:00) ->    5(time 2940 - 00:49:00)(time 2980 - 00:49:40) ->    6(time 3020 - 00:50:20)(time 3200 - 00:53:20) ->    7(time 3320 - 00:55:20)(time 3680 - 01:01:20) ->    8(time 3860 - 01:04:20)(time 4160 - 01:09:20) ->    9(time 4220 - 01:10:20)(time 4460 - 01:14:20) ->    10(time 4500 - 01:15:00)(time 4620 - 01:17:00) ->    11(time 4680 - 01:18:00)(time 4920 - 01:22:00) ->    12(time 5020 - 01:23:40)(time 5200 - 01:26:40) ->    13(time 5260 - 01:27:40)(time 5380 - 01:29:40) ->    14(time 5440 - 01:30:40)(time 5620 - 01:33:40) ->    15(time 5800 - 01:36:40)(time 5800 - 01:36:40) ->    31(time 6160 - 01:42:40)(time 6340 - 01:45:40) ->    30(time 6400 - 01:46:40)(time 6520 - 01:48:40) ->    29(time 6580 - 01:49:40)(time 6760 - 01:52:40) ->    28(time 6820 - 01:53:40)(time 7060 - 01:57:40) ->    27(time 7120 - 01:58:40)(time 7240 - 02:00:40) ->    26(time 7280 - 02:01:20)(time 7520 - 02:05:20) ->    25(time 7580 - 02:06:20)(time 7880 - 02:11:20) ->    24(time 8000 - 02:13:20)(time 8360 - 02:19:20) ->    23(time 8480 - 02:21:20)(time 8660 - 02:24:20) ->    22(time 8700 - 02:25:00)(time 8740 - 02:25:40) ->    21(time 8800 - 02:26:40)(time 8980 - 02:29:40) ->    20(time 9040 - 02:30:40)(time 9220 - 02:33:40) ->    19(time 9280 - 02:34:40)(time 9520 - 02:38:40) ->    18(time 9560 - 02:39:20)(time 9680 - 02:41:20) ->    17(time 9740 - 02:42:20)(time 9980 - 02:46:20) ->    16(time 10100 - 02:48:20)(time 10100 - 02:48:20) -> 0
> Trip 2
   0(time 10550 - 02:55:50)(time 10790 - 02:59:50) ->    1(time 10850 - 03:00:50)(time 10970 - 03:02:50) ->    2(time 11010 - 03:03:30)(time 11250 - 03:07:30) ->    3(time 11310 - 03:08:30)(time 11490 - 03:11:30) ->    4(time 11550 - 03:12:30)(time 11730 - 03:15:30) ->    5(time 11790 - 03:16:30)(time 11830 - 03:17:10) ->    6(time 11870 - 03:17:50)(time 12050 - 03:20:50) ->    7(time 12650 - 03:30:50)(time 13010 - 03:36:50) ->    8(time 13070 - 03:37:50)(time 13370 - 03:42:50) ->    9(time 13430 - 03:43:50)(time 13670 - 03:47:50) ->    10(time 13710 - 03:48:30)(time 13830 - 03:50:30) ->    11(time 13890 - 03:51:30)(time 14130 - 03:55:30) ->    12(time 14730 - 04:05:30)(time 14910 - 04:08:30) ->    13(time 14970 - 04:09:30)(time 15090 - 04:11:30) ->    14(time 15150 - 04:12:30)(time 15330 - 04:15:30) ->    15(time 15450 - 04:17:30)(time 15450 - 04:17:30) ->    31(time 15690 - 04:21:30)(time 15870 - 04:24:30) ->    30(time 15930 - 04:25:30)(time 16050 - 04:27:30) ->    29(time 16110 - 04:28:30)(time 16290 - 04:31:30) ->    28(time 16350 - 04:32:30)(time 16590 - 04:36:30) ->    27(time 16650 - 04:37:30)(time 16770 - 04:39:30) ->    26(time 16810 - 04:40:10)(time 17050 - 04:44:10) ->    25(time 17110 - 04:45:10)(time 17410 - 04:50:10) ->    24(time 17470 - 04:51:10)(time 17830 - 04:57:10) ->    23(time 17950 - 04:59:10)(time 18130 - 05:02:10) ->    22(time 18390 - 05:06:30)(time 18430 - 05:07:10) ->    21(time 18490 - 05:08:10)(time 18670 - 05:11:10) ->    20(time 18730 - 05:12:10)(time 18910 - 05:15:10) ->    19(time 18970 - 05:16:10)(time 19210 - 05:20:10) ->    18(time 19810 - 05:30:10)(time 19930 - 05:32:10) ->    17(time 19990 - 05:33:10)(time 20230 - 05:37:10) ->    16(time 20350 - 05:39:10)(time 20350 - 05:39:10) -> 0
> Trip 3
   0(time 20350 - 05:39:10)(time 20590 - 05:43:10) ->    1(time 20650 - 05:44:10)(time 20770 - 05:46:10) ->    2(time 20810 - 05:46:50)(time 21050 - 05:50:50) ->    3(time 21110 - 05:51:50)(time 21290 - 05:54:50) ->    4(time 21350 - 05:55:50)(time 21530 - 05:58:50) ->    5(time 21590 - 05:59:50)(time 21630 - 06:00:30) ->    6(time 22090 - 06:08:10)(time 22270 - 06:11:10) ->    7(time 22390 - 06:13:10)(time 22750 - 06:19:10) ->    8(time 22810 - 06:20:10)(time 23110 - 06:25:10) ->    9(time 23170 - 06:26:10)(time 23410 - 06:30:10) ->    10(time 23450 - 06:30:50)(time 23570 - 06:32:50) ->    11(time 23630 - 06:33:50)(time 23870 - 06:37:50) ->    12(time 23930 - 06:38:50)(time 24110 - 06:41:50) ->    13(time 24170 - 06:42:50)(time 24290 - 06:44:50) ->    14(time 24350 - 06:45:50)(time 24530 - 06:48:50) ->    15(time 24650 - 06:50:50)(time 24650 - 06:50:50) ->    31(time 24650 - 06:50:50)(time 24830 - 06:53:50) ->    30(time 24890 - 06:54:50)(time 25010 - 06:56:50) ->    29(time 25070 - 06:57:50)(time 25250 - 07:00:50) ->    28(time 25310 - 07:01:50)(time 25550 - 07:05:50) ->    27(time 25610 - 07:06:50)(time 25730 - 07:08:50) ->    26(time 25770 - 07:09:30)(time 26010 - 07:13:30) ->    25(time 26610 - 07:23:30)(time 26910 - 07:28:30) ->    24(time 27510 - 07:38:30)(time 27870 - 07:44:30) ->    23(time 28470 - 07:54:30)(time 28650 - 07:57:30) ->    22(time 28690 - 07:58:10)(time 28730 - 07:58:50) ->    21(time 28790 - 07:59:50)(time 28970 - 08:02:50) ->    20(time 29030 - 08:03:50)(time 29210 - 08:06:50) ->    19(time 29270 - 08:07:50)(time 29510 - 08:11:50) ->    18(time 29550 - 08:12:30)(time 29670 - 08:14:30) ->    17(time 29730 - 08:15:30)(time 29970 - 08:19:30) ->    16(time 30090 - 08:21:30)(time 30090 - 08:21:30) -> 0
> Trip 4
   0(time 30090 - 08:21:30)(time 30330 - 08:25:30) ->    1(time 30390 - 08:26:30)(time 30510 - 08:28:30) ->    2(time 30550 - 08:29:10)(time 30790 - 08:33:10) ->    3(time 30850 - 08:34:10)(time 31030 - 08:37:10) ->    4(time 31090 - 08:38:10)(time 31270 - 08:41:10) ->    5(time 31330 - 08:42:10)(time 31370 - 08:42:50) ->    6(time 31410 - 08:43:30)(time 31590 - 08:46:30) ->    7(time 31710 - 08:48:30)(time 32070 - 08:54:30) ->    8(time 32130 - 08:55:30)(time 32430 - 09:00:30) ->    9(time 32490 - 09:01:30)(time 32730 - 09:05:30) ->    10(time 32770 - 09:06:10)(time 32890 - 09:08:10) ->    11(time 32950 - 09:09:10)(time 33190 - 09:13:10) ->    12(time 33250 - 09:14:10)(time 33430 - 09:17:10) ->    13(time 33490 - 09:18:10)(time 33610 - 09:20:10) ->    14(time 33670 - 09:21:10)(time 33850 - 09:24:10) ->    15(time 34370 - 09:32:50)(time 34370 - 09:32:50) ->    31(time 34370 - 09:32:50)(time 34550 - 09:35:50) ->    30(time 34610 - 09:36:50)(time 34730 - 09:38:50) ->    29(time 34790 - 09:39:50)(time 34970 - 09:42:50) ->    28(time 35030 - 09:43:50)(time 35270 - 09:47:50) ->    27(time 35330 - 09:48:50)(time 35450 - 09:50:50) ->    26(time 35490 - 09:51:30)(time 35730 - 09:55:30) ->    25(time 35790 - 09:56:30)(time 36090 - 10:01:30) ->    24(time 36150 - 10:02:30)(time 36510 - 10:08:30) ->    23(time 36630 - 10:10:30)(time 36810 - 10:13:30) ->    22(time 36850 - 10:14:10)(time 36890 - 10:14:50) ->    21(time 36950 - 10:15:50)(time 37130 - 10:18:50) ->    20(time 37190 - 10:19:50)(time 37370 - 10:22:50) ->    19(time 37430 - 10:23:50)(time 37670 - 10:27:50) ->    18(time 37710 - 10:28:30)(time 37830 - 10:30:30) ->    17(time 37890 - 10:31:30)(time 38130 - 10:35:30) ->    16(time 38250 - 10:37:30)(time 38250 - 10:37:30) -> 0
> Trip 5
   0(time 38656 - 10:44:16)(time 38896 - 10:48:16) ->    1(time 38956 - 10:49:16)(time 39076 - 10:51:16) ->    2(time 39116 - 10:51:56)(time 39356 - 10:55:56) ->    3(time 39416 - 10:56:56)(time 39596 - 10:59:56) ->    4(time 39656 - 11:00:56)(time 39836 - 11:03:56) ->    5(time 39896 - 11:04:56)(time 39936 - 11:05:36) ->    6(time 39976 - 11:06:16)(time 40156 - 11:09:16) ->    7(time 40276 - 11:11:16)(time 40636 - 11:17:16) ->    8(time 40696 - 11:18:16)(time 40996 - 11:23:16) ->    9(time 41056 - 11:24:16)(time 41296 - 11:28:16) ->    10(time 41596 - 11:33:16)(time 41716 - 11:35:16) ->    11(time 41776 - 11:36:16)(time 42016 - 11:40:16) ->    12(time 42076 - 11:41:16)(time 42256 - 11:44:16) ->    13(time 42316 - 11:45:16)(time 42436 - 11:47:16) ->    14(time 42496 - 11:48:16)(time 42676 - 11:51:16) ->    15(time 42796 - 11:53:16)(time 42796 - 11:53:16) ->    31(time 42796 - 11:53:16)(time 42976 - 11:56:16) ->    30(time 43036 - 11:57:16)(time 43156 - 11:59:16) ->    29(time 43216 - 12:00:16)(time 43396 - 12:03:16) ->    28(time 43456 - 12:04:16)(time 43696 - 12:08:16) ->    27(time 43756 - 12:09:16)(time 43876 - 12:11:16) ->    26(time 43916 - 12:11:56)(time 44156 - 12:15:56) ->    25(time 44216 - 12:16:56)(time 44516 - 12:21:56) ->    24(time 44716 - 12:25:16)(time 45076 - 12:31:16) ->    23(time 45196 - 12:33:16)(time 45376 - 12:36:16) ->    22(time 45416 - 12:36:56)(time 45456 - 12:37:36) ->    21(time 45516 - 12:38:36)(time 45696 - 12:41:36) ->    20(time 45756 - 12:42:36)(time 45936 - 12:45:36) ->    19(time 45996 - 12:46:36)(time 46236 - 12:50:36) ->    18(time 46276 - 12:51:16)(time 46396 - 12:53:16) ->    17(time 46456 - 12:54:16)(time 46696 - 12:58:16) ->    16(time 46816 - 13:00:16)(time 46816 - 13:00:16) -> 0
=============
Train 1
=============
> Trip 0
   23(time 0 - 00:00:00)(time 180 - 00:03:00) ->    22(time 220 - 00:03:40)(time 260 - 00:04:20) ->    21(time 320 - 00:05:20)(time 500 - 00:08:20) ->    20(time 560 - 00:09:20)(time 740 - 00:12:20) ->    19(time 800 - 00:13:20)(time 1040 - 00:17:20) ->    18(time 1080 - 00:18:00)(time 1200 - 00:20:00) ->    17(time 1260 - 00:21:00)(time 1500 - 00:25:00) -> 16
> Trip 1
   0(time 1880 - 00:31:20)(time 2120 - 00:35:20) ->    1(time 2180 - 00:36:20)(time 2300 - 00:38:20) ->    2(time 2340 - 00:39:00)(time 2580 - 00:43:00) ->    3(time 2640 - 00:44:00)(time 2820 - 00:47:00) ->    4(time 2880 - 00:48:00)(time 3060 - 00:51:00) ->    5(time 3120 - 00:52:00)(time 3160 - 00:52:40) ->    6(time 3200 - 00:53:20)(time 3380 - 00:56:20) ->    7(time 3500 - 00:58:20)(time 3860 - 01:04:20) ->    8(time 4040 - 01:07:20)(time 4340 - 01:12:20) ->    9(time 4400 - 01:13:20)(time 4640 - 01:17:20) ->    10(time 4680 - 01:18:00)(time 4800 - 01:20:00) ->    11(time 4860 - 01:21:00)(time 5100 - 01:25:00) ->    12(time 5200 - 01:26:40)(time 5380 - 01:29:40) ->    13(time 5440 - 01:30:40)(time 5560 - 01:32:40) ->    14(time 5620 - 01:33:40)(time 5800 - 01:36:40) ->    15(time 6340 - 01:45:40)(time 6340 - 01:45:40) ->    31(time 6340 - 01:45:40)(time 6520 - 01:48:40) ->    30(time 6580 - 01:49:40)(time 6700 - 01:51:40) ->    29(time 6760 - 01:52:40)(time 6940 - 01:55:40) ->    28(time 7000 - 01:56:40)(time 7240 - 02:00:40) ->    27(time 7300 - 02:01:40)(time 7420 - 02:03:40) ->    26(time 7460 - 02:04:20)(time 7700 - 02:08:20) ->    25(time 7760 - 02:09:20)(time 8060 - 02:14:20) ->    24(time 8180 - 02:16:20)(time 8540 - 02:22:20) ->    23(time 8660 - 02:24:20)(time 8840 - 02:27:20) ->    22(time 8880 - 02:28:00)(time 8920 - 02:28:40) ->    21(time 8980 - 02:29:40)(time 9160 - 02:32:40) ->    20(time 9220 - 02:33:40)(time 9400 - 02:36:40) ->    19(time 9460 - 02:37:40)(time 9700 - 02:41:40) ->    18(time 9740 - 02:42:20)(time 9860 - 02:44:20) ->    17(time 9920 - 02:45:20)(time 10160 - 02:49:20) ->    16(time 10280 - 02:51:20)(time 10280 - 02:51:20) -> 0
> Trip 2
   0(time 10280 - 02:51:20)(time 10520 - 02:55:20) ->    1(time 10580 - 02:56:20)(time 10700 - 02:58:20) ->    2(time 10740 - 02:59:00)(time 10980 - 03:03:00) ->    3(time 11040 - 03:04:00)(time 11220 - 03:07:00) ->    4(time 11280 - 03:08:00)(time 11460 - 03:11:00) ->    5(time 11520 - 03:12:00)(time 11560 - 03:12:40) ->    6(time 11600 - 03:13:20)(time 11780 - 03:16:20) ->    7(time 12050 - 03:20:50)(time 12410 - 03:26:50) ->    8(time 12885 - 03:34:45)(time 13185 - 03:39:45) ->    9(time 13250 - 03:40:50)(time 13490 - 03:44:50) ->    10(time 13530 - 03:45:30)(time 13650 - 03:47:30) ->    11(time 13710 - 03:48:30)(time 13950 - 03:52:30) ->    12(time 14060 - 03:54:20)(time 14240 - 03:57:20) ->    13(time 14300 - 03:58:20)(time 14420 - 04:00:20) ->    14(time 14480 - 04:01:20)(time 14660 - 04:04:20) ->    15(time 14850 - 04:07:30)(time 14850 - 04:07:30) ->    31(time 15450 - 04:17:30)(time 15630 - 04:20:30) ->    30(time 15690 - 04:21:30)(time 15810 - 04:23:30) ->    29(time 15870 - 04:24:30)(time 16050 - 04:27:30) ->    28(time 16110 - 04:28:30)(time 16350 - 04:32:30) ->    27(time 16410 - 04:33:30)(time 16530 - 04:35:30) ->    26(time 16630 - 04:37:10)(time 16870 - 04:41:10) ->    25(time 16930 - 04:42:10)(time 17230 - 04:47:10) ->    24(time 17290 - 04:48:10)(time 17650 - 04:54:10) ->    23(time 17770 - 04:56:10)(time 17950 - 04:59:10) ->    22(time 17990 - 04:59:50)(time 18030 - 05:00:30) ->    21(time 18090 - 05:01:30)(time 18270 - 05:04:30) ->    20(time 18330 - 05:05:30)(time 18510 - 05:08:30) ->    19(time 18570 - 05:09:30)(time 18810 - 05:13:30) ->    18(time 18850 - 05:14:10)(time 18970 - 05:16:10) ->    17(time 19030 - 05:17:10)(time 19270 - 05:21:10) ->    16(time 19390 - 05:23:10)(time 19390 - 05:23:10) -> 0
> Trip 3
   0(time 19390 - 05:23:10)(time 19630 - 05:27:10) ->    1(time 19690 - 05:28:10)(time 19810 - 05:30:10) ->    2(time 19870 - 05:31:10)(time 20110 - 05:35:10) ->    3(time 20170 - 05:36:10)(time 20350 - 05:39:10) ->    4(time 20410 - 05:40:10)(time 20590 - 05:43:10) ->    5(time 20650 - 05:44:10)(time 20690 - 05:44:50) ->    6(time 20730 - 05:45:30)(time 20910 - 05:48:30) ->    7(time 21030 - 05:50:30)(time 21390 - 05:56:30) ->    8(time 21450 - 05:57:30)(time 21750 - 06:02:30) ->    9(time 21810 - 06:03:30)(time 22050 - 06:07:30) ->    10(time 22090 - 06:08:10)(time 22210 - 06:10:10) ->    11(time 22270 - 06:11:10)(time 22510 - 06:15:10) ->    12(time 22570 - 06:16:10)(time 22750 - 06:19:10) ->    13(time 22810 - 06:20:10)(time 22930 - 06:22:10) ->    14(time 22990 - 06:23:10)(time 23170 - 06:26:10) ->    15(time 23290 - 06:28:10)(time 23290 - 06:28:10) ->    31(time 23290 - 06:28:10)(time 23470 - 06:31:10) ->    30(time 23530 - 06:32:10)(time 23650 - 06:34:10) ->    29(time 23710 - 06:35:10)(time 23890 - 06:38:10) ->    28(time 23950 - 06:39:10)(time 24190 - 06:43:10) ->    27(time 24250 - 06:44:10)(time 24370 - 06:46:10) ->    26(time 24410 - 06:46:50)(time 24650 - 06:50:50) ->    25(time 24710 - 06:51:50)(time 25010 - 06:56:50) ->    24(time 25070 - 06:57:50)(time 25430 - 07:03:50) ->    23(time 25550 - 07:05:50)(time 25730 - 07:08:50) ->    22(time 25770 - 07:09:30)(time 25810 - 07:10:10) ->    21(time 25870 - 07:11:10)(time 26050 - 07:14:10) ->    20(time 26110 - 07:15:10)(time 26290 - 07:18:10) ->    19(time 26350 - 07:19:10)(time 26590 - 07:23:10) ->    18(time 26630 - 07:23:50)(time 26750 - 07:25:50) ->    17(time 26810 - 07:26:50)(time 27050 - 07:30:50) ->    16(time 27170 - 07:32:50)(time 27170 - 07:32:50) -> 0
> Trip 4
   0(time 27170 - 07:32:50)(time 27410 - 07:36:50) ->    1(time 27470 - 07:37:50)(time 27590 - 07:39:50) ->    2(time 27630 - 07:40:30)(time 27870 - 07:44:30) ->    3(time 27930 - 07:45:30)(time 28110 - 07:48:30) ->    4(time 28170 - 07:49:30)(time 28350 - 07:52:30) ->    5(time 28410 - 07:53:30)(time 28450 - 07:54:10) ->    6(time 29050 - 08:04:10)(time 29230 - 08:07:10) ->    7(time 29350 - 08:09:10)(time 29710 - 08:15:10) ->    8(time 29770 - 08:16:10)(time 30070 - 08:21:10) ->    9(time 30130 - 08:22:10)(time 30370 - 08:26:10) ->    10(time 30410 - 08:26:50)(time 30530 - 08:28:50) ->    11(time 30590 - 08:29:50)(time 30830 - 08:33:50) ->    12(time 30890 - 08:34:50)(time 31070 - 08:37:50) ->    13(time 31130 - 08:38:50)(time 31250 - 08:40:50) ->    14(time 31310 - 08:41:50)(time 31490 - 08:44:50) ->    15(time 31610 - 08:46:50)(time 31610 - 08:46:50) ->    31(time 31610 - 08:46:50)(time 31790 - 08:49:50) ->    30(time 31850 - 08:50:50)(time 31970 - 08:52:50) ->    29(time 32030 - 08:53:50)(time 32210 - 08:56:50) ->    28(time 32270 - 08:57:50)(time 32510 - 09:01:50) ->    27(time 32570 - 09:02:50)(time 32690 - 09:04:50) ->    26(time 32730 - 09:05:30)(time 32970 - 09:09:30) ->    25(time 33030 - 09:10:30)(time 33330 - 09:15:30) ->    24(time 33390 - 09:16:30)(time 33750 - 09:22:30) ->    23(time 33870 - 09:24:30)(time 34050 - 09:27:30) ->    22(time 34090 - 09:28:10)(time 34130 - 09:28:50) ->    21(time 34190 - 09:29:50)(time 34370 - 09:32:50) ->    20(time 34430 - 09:33:50)(time 34610 - 09:36:50) ->    19(time 34670 - 09:37:50)(time 34910 - 09:41:50) ->    18(time 34950 - 09:42:30)(time 35070 - 09:44:30) ->    17(time 35130 - 09:45:30)(time 35370 - 09:49:30) ->    16(time 35490 - 09:51:30)(time 35490 - 09:51:30) -> 0
> Trip 5
   0(time 35490 - 09:51:30)(time 35730 - 09:55:30) ->    1(time 35790 - 09:56:30)(time 35910 - 09:58:30) ->    2(time 35950 - 09:59:10)(time 36190 - 10:03:10) ->    3(time 36250 - 10:04:10)(time 36430 - 10:07:10) ->    4(time 36490 - 10:08:10)(time 36670 - 10:11:10) ->    5(time 36730 - 10:12:10)(time 36770 - 10:12:50) ->    6(time 36810 - 10:13:30)(time 36990 - 10:16:30) ->    7(time 37110 - 10:18:30)(time 37470 - 10:24:30) ->    8(time 37696 - 10:28:16)(time 37996 - 10:33:16) ->    9(time 38056 - 10:34:16)(time 38296 - 10:38:16) ->    10(time 38336 - 10:38:56)(time 38456 - 10:40:56) ->    11(time 38516 - 10:41:56)(time 38756 - 10:45:56) ->    12(time 39256 - 10:54:16)(time 39436 - 10:57:16) ->    13(time 39496 - 10:58:16)(time 39616 - 11:00:16) ->    14(time 39676 - 11:01:16)(time 39856 - 11:04:16) ->    15(time 39976 - 11:06:16)(time 39976 - 11:06:16) ->    31(time 39976 - 11:06:16)(time 40156 - 11:09:16) ->    30(time 40756 - 11:19:16)(time 40876 - 11:21:16) ->    29(time 40936 - 11:22:16)(time 41116 - 11:25:16) ->    28(time 41176 - 11:26:16)(time 41416 - 11:30:16) ->    27(time 41476 - 11:31:16)(time 41596 - 11:33:16) ->    26(time 41876 - 11:37:56)(time 42116 - 11:41:56) ->    25(time 42176 - 11:42:56)(time 42476 - 11:47:56) ->    24(time 42536 - 11:48:56)(time 42896 - 11:54:56) ->    23(time 43496 - 12:04:56)(time 43676 - 12:07:56) ->    22(time 44156 - 12:15:56)(time 44196 - 12:16:36) ->    21(time 44796 - 12:26:36)(time 44976 - 12:29:36) ->    20(time 45576 - 12:39:36)(time 45756 - 12:42:36) ->    19(time 45816 - 12:43:36)(time 46056 - 12:47:36) ->    18(time 46096 - 12:48:16)(time 46216 - 12:50:16) ->    17(time 46276 - 12:51:16)(time 46516 - 12:55:16) ->    16(time 46636 - 12:57:16)(time 46636 - 12:57:16) -> 0
=============
Train 2
=============
> Trip 0
   7(time 0 - 00:00:00)(time 360 - 00:06:00) ->    8(time 420 - 00:07:00)(time 720 - 00:12:00) ->    9(time 780 - 00:13:00)(time 1020 - 00:17:00) ->    10(time 1060 - 00:17:40)(time 1180 - 00:19:40) ->    11(time 1240 - 00:20:40)(time 1480 - 00:24:40) ->    12(time 1540 - 00:25:40)(time 1720 - 00:28:40) ->    13(time 1780 - 00:29:40)(time 1900 - 00:31:40) ->    14(time 1960 - 00:32:40)(time 2140 - 00:35:40) -> 15
> Trip 1
   31(time 2140 - 00:35:40)(time 2320 - 00:38:40) ->    30(time 2380 - 00:39:40)(time 2500 - 00:41:40) ->    29(time 2560 - 00:42:40)(time 2740 - 00:45:40) ->    28(time 2800 - 00:46:40)(time 3040 - 00:50:40) ->    27(time 3100 - 00:51:40)(time 3220 - 00:53:40) ->    26(time 3260 - 00:54:20)(time 3500 - 00:58:20) ->    25(time 3560 - 00:59:20)(time 3860 - 01:04:20) ->    24(time 3920 - 01:05:20)(time 4280 - 01:11:20) ->    23(time 4400 - 01:13:20)(time 4580 - 01:16:20) ->    22(time 4620 - 01:17:00)(time 4660 - 01:17:40) ->    21(time 4720 - 01:18:40)(time 4900 - 01:21:40) ->    20(time 4960 - 01:22:40)(time 5140 - 01:25:40) ->    19(time 5200 - 01:26:40)(time 5440 - 01:30:40) ->    18(time 5480 - 01:31:20)(time 5600 - 01:33:20) ->    17(time 5660 - 01:34:20)(time 5900 - 01:38:20) ->    16(time 6020 - 01:40:20)(time 6020 - 01:40:20) ->    0(time 6020 - 01:40:20)(time 6260 - 01:44:20) ->    1(time 6320 - 01:45:20)(time 6440 - 01:47:20) ->    2(time 6480 - 01:48:00)(time 6720 - 01:52:00) ->    3(time 6780 - 01:53:00)(time 6960 - 01:56:00) ->    4(time 7020 - 01:57:00)(time 7200 - 02:00:00) ->    5(time 7260 - 02:01:00)(time 7300 - 02:01:40) ->    6(time 7340 - 02:02:20)(time 7520 - 02:05:20) ->    7(time 7640 - 02:07:20)(time 8000 - 02:13:20) ->    8(time 8060 - 02:14:20)(time 8360 - 02:19:20) ->    9(time 8420 - 02:20:20)(time 8660 - 02:24:20) ->    10(time 8700 - 02:25:00)(time 8820 - 02:27:00) ->    11(time 8880 - 02:28:00)(time 9120 - 02:32:00) ->    12(time 9180 - 02:33:00)(time 9360 - 02:36:00) ->    13(time 9420 - 02:37:00)(time 9540 - 02:39:00) ->    14(time 9600 - 02:40:00)(time 9780 - 02:43:00) ->    15(time 9900 - 02:45:00)(time 9900 - 02:45:00) -> 31
> Trip 2
   31(time 9900 - 02:45:00)(time 10080 - 02:48:00) ->    30(time 10140 - 02:49:00)(time 10260 - 02:51:00) ->    29(time 10320 - 02:52:00)(time 10500 - 02:55:00) ->    28(time 10560 - 02:56:00)(time 10800 - 03:00:00) ->    27(time 10860 - 03:01:00)(time 10980 - 03:03:00) ->    26(time 11020 - 03:03:40)(time 11260 - 03:07:40) ->    25(time 11320 - 03:08:40)(time 11620 - 03:13:40) ->    24(time 11680 - 03:14:40)(time 12040 - 03:20:40) ->    23(time 12160 - 03:22:40)(time 12340 - 03:25:40) ->    22(time 12380 - 03:26:20)(time 12420 - 03:27:00) ->    21(time 12480 - 03:28:00)(time 12660 - 03:31:00) ->    20(time 12720 - 03:32:00)(time 12900 - 03:35:00) ->    19(time 12960 - 03:36:00)(time 13200 - 03:40:00) ->    18(time 13240 - 03:40:40)(time 13360 - 03:42:40) ->    17(time 13420 - 03:43:40)(time 13660 - 03:47:40) ->    16(time 13780 - 03:49:40)(time 13780 - 03:49:40) ->    0(time 13780 - 03:49:40)(time 14020 - 03:53:40) ->    1(time 14080 - 03:54:40)(time 14200 - 03:56:40) ->    2(time 14240 - 03:57:20)(time 14480 - 04:01:20) ->    3(time 14540 - 04:02:20)(time 14720 - 04:05:20) ->    4(time 14780 - 04:06:20)(time 14960 - 04:09:20) ->    5(time 15020 - 04:10:20)(time 15060 - 04:11:00) ->    6(time 15100 - 04:11:40)(time 15280 - 04:14:40) ->    7(time 15610 - 04:20:10)(time 15970 - 04:26:10) ->    8(time 16030 - 04:27:10)(time 16330 - 04:32:10) ->    9(time 16390 - 04:33:10)(time 16630 - 04:37:10) ->    10(time 16770 - 04:39:30)(time 16890 - 04:41:30) ->    11(time 16950 - 04:42:30)(time 17190 - 04:46:30) ->    12(time 17250 - 04:47:30)(time 17430 - 04:50:30) ->    13(time 17490 - 04:51:30)(time 17610 - 04:53:30) ->    14(time 17670 - 04:54:30)(time 17850 - 04:57:30) ->    15(time 17970 - 04:59:30)(time 17970 - 04:59:30) -> 31
> Trip 3
   31(time 17970 - 04:59:30)(time 18150 - 05:02:30) ->    30(time 18210 - 05:03:30)(time 18330 - 05:05:30) ->    29(time 18390 - 05:06:30)(time 18570 - 05:09:30) ->    28(time 18630 - 05:10:30)(time 18870 - 05:14:30) ->    27(time 18930 - 05:15:30)(time 19050 - 05:17:30) ->    26(time 19090 - 05:18:10)(time 19330 - 05:22:10) ->    25(time 19390 - 05:23:10)(time 19690 - 05:28:10) ->    24(time 19950 - 05:32:30)(time 20310 - 05:38:30) ->    23(time 20910 - 05:48:30)(time 21090 - 05:51:30) ->    22(time 21690 - 06:01:30)(time 21730 - 06:02:10) ->    21(time 21790 - 06:03:10)(time 21970 - 06:06:10) ->    20(time 22030 - 06:07:10)(time 22210 - 06:10:10) ->    19(time 22270 - 06:11:10)(time 22510 - 06:15:10) ->    18(time 22550 - 06:15:50)(time 22670 - 06:17:50) ->    17(time 22730 - 06:18:50)(time 22970 - 06:22:50) ->    16(time 23090 - 06:24:50)(time 23090 - 06:24:50) ->    0(time 23090 - 06:24:50)(time 23330 - 06:28:50) ->    1(time 23390 - 06:29:50)(time 23510 - 06:31:50) ->    2(time 23550 - 06:32:30)(time 23790 - 06:36:30) ->    3(time 23850 - 06:37:30)(time 24030 - 06:40:30) ->    4(time 24090 - 06:41:30)(time 24270 - 06:44:30) ->    5(time 24330 - 06:45:30)(time 24370 - 06:46:10) ->    6(time 24410 - 06:46:50)(time 24590 - 06:49:50) ->    7(time 24710 - 06:51:50)(time 25070 - 06:57:50) ->    8(time 25130 - 06:58:50)(time 25430 - 07:03:50) ->    9(time 25490 - 07:04:50)(time 25730 - 07:08:50) ->    10(time 25771 - 07:09:31)(time 25891 - 07:11:31) ->    11(time 25951 - 07:12:31)(time 26191 - 07:16:31) ->    12(time 26251 - 07:17:31)(time 26431 - 07:20:31) ->    13(time 26491 - 07:21:31)(time 26611 - 07:23:31) ->    14(time 26671 - 07:24:31)(time 26851 - 07:27:31) ->    15(time 26971 - 07:29:31)(time 26971 - 07:29:31) -> 31
> Trip 4
   31(time 35416 - 09:50:16)(time 35596 - 09:53:16) ->    30(time 35656 - 09:54:16)(time 35776 - 09:56:16) ->    29(time 35836 - 09:57:16)(time 36016 - 10:00:16) ->    28(time 36076 - 10:01:16)(time 36316 - 10:05:16) ->    27(time 36376 - 10:06:16)(time 36496 - 10:08:16) ->    26(time 37096 - 10:18:16)(time 37336 - 10:22:16) ->    25(time 37396 - 10:23:16)(time 37696 - 10:28:16) ->    24(time 38296 - 10:38:16)(time 38656 - 10:44:16) ->    23(time 39256 - 10:54:16)(time 39436 - 10:57:16) ->    22(time 40036 - 11:07:16)(time 40076 - 11:07:56) ->    21(time 40136 - 11:08:56)(time 40316 - 11:11:56) ->    20(time 40376 - 11:12:56)(time 40556 - 11:15:56) ->    19(time 40616 - 11:16:56)(time 40856 - 11:20:56) ->    18(time 40896 - 11:21:36)(time 41016 - 11:23:36) ->    17(time 41076 - 11:24:36)(time 41316 - 11:28:36) ->    16(time 41436 - 11:30:36)(time 41436 - 11:30:36) ->    0(time 41436 - 11:30:36)(time 41676 - 11:34:36) ->    1(time 41736 - 11:35:36)(time 41856 - 11:37:36) ->    2(time 42456 - 11:47:36)(time 42696 - 11:51:36) ->    3(time 42756 - 11:52:36)(time 42936 - 11:55:36) ->    4(time 42996 - 11:56:36)(time 43176 - 11:59:36) ->    5(time 43236 - 12:00:36)(time 43276 - 12:01:16) ->    6(time 43316 - 12:01:56)(time 43496 - 12:04:56) ->    7(time 44096 - 12:14:56)(time 44456 - 12:20:56) ->    8(time 44516 - 12:21:56)(time 44816 - 12:26:56) ->    9(time 44876 - 12:27:56)(time 45116 - 12:31:56) ->    10(time 45156 - 12:32:36)(time 45276 - 12:34:36) ->    11(time 45336 - 12:35:36)(time 45576 - 12:39:36) ->    12(time 45636 - 12:40:36)(time 45816 - 12:43:36) ->    13(time 45876 - 12:44:36)(time 45996 - 12:46:36) ->    14(time 46056 - 12:47:36)(time 46236 - 12:50:36) ->    15(time 46636 - 12:57:16)(time 46636 - 12:57:16) -> 31
=============
Train 3
=============
> Trip 0
   7(time 180 - 00:03:00)(time 540 - 00:09:00) ->    8(time 600 - 00:10:00)(time 900 - 00:15:00) ->    9(time 960 - 00:16:00)(time 1200 - 00:20:00) ->    10(time 1240 - 00:20:40)(time 1360 - 00:22:40) ->    11(time 1900 - 00:31:40)(time 2140 - 00:35:40) ->    12(time 2740 - 00:45:40)(time 2920 - 00:48:40) ->    13(time 2980 - 00:49:40)(time 3100 - 00:51:40) ->    14(time 3160 - 00:52:40)(time 3340 - 00:55:40) -> 15
> Trip 1
   31(time 3340 - 00:55:40)(time 3520 - 00:58:40) ->    30(time 4120 - 01:08:40)(time 4240 - 01:10:40) ->    29(time 4840 - 01:20:40)(time 5020 - 01:23:40) ->    28(time 5380 - 01:29:40)(time 5620 - 01:33:40) ->    27(time 6220 - 01:43:40)(time 6340 - 01:45:40) ->    26(time 6380 - 01:46:20)(time 6620 - 01:50:20) ->    25(time 6680 - 01:51:20)(time 6980 - 01:56:20) ->    24(time 7040 - 01:57:20)(time 7400 - 02:03:20) ->    23(time 7520 - 02:05:20)(time 7700 - 02:08:20) ->    22(time 7740 - 02:09:00)(time 7780 - 02:09:40) ->    21(time 7840 - 02:10:40)(time 8020 - 02:13:40) ->    20(time 8080 - 02:14:40)(time 8260 - 02:17:40) ->    19(time 8320 - 02:18:40)(time 8560 - 02:22:40) ->    18(time 8600 - 02:23:20)(time 8720 - 02:25:20) ->    17(time 8780 - 02:26:20)(time 9020 - 02:30:20) ->    16(time 9140 - 02:32:20)(time 9140 - 02:32:20) ->    0(time 9140 - 02:32:20)(time 9380 - 02:36:20) ->    1(time 9440 - 02:37:20)(time 9560 - 02:39:20) ->    2(time 10040 - 02:47:20)(time 10280 - 02:51:20) ->    3(time 10340 - 02:52:20)(time 10520 - 02:55:20) ->    4(time 10580 - 02:56:20)(time 10760 - 02:59:20) ->    5(time 10820 - 03:00:20)(time 10860 - 03:01:00) ->    6(time 10900 - 03:01:40)(time 11080 - 03:04:40) ->    7(time 11200 - 03:06:40)(time 11560 - 03:12:40) ->    8(time 11620 - 03:13:40)(time 11920 - 03:18:40) ->    9(time 11980 - 03:19:40)(time 12220 - 03:23:40) ->    10(time 12260 - 03:24:20)(time 12380 - 03:26:20) ->    11(time 12440 - 03:27:20)(time 12680 - 03:31:20) ->    12(time 12740 - 03:32:20)(time 12920 - 03:35:20) ->    13(time 12980 - 03:36:20)(time 13100 - 03:38:20) ->    14(time 13160 - 03:39:20)(time 13340 - 03:42:20) ->    15(time 13460 - 03:44:20)(time 13460 - 03:44:20) -> 31
> Trip 2
   31(time 13460 - 03:44:20)(time 13640 - 03:47:20) ->    30(time 13700 - 03:48:20)(time 13820 - 03:50:20) ->    29(time 13880 - 03:51:20)(time 14060 - 03:54:20) ->    28(time 14130 - 03:55:30)(time 14370 - 03:59:30) ->    27(time 14430 - 04:00:30)(time 14550 - 04:02:30) ->    26(time 14590 - 04:03:10)(time 14830 - 04:07:10) ->    25(time 14890 - 04:08:10)(time 15190 - 04:13:10) ->    24(time 15250 - 04:14:10)(time 15610 - 04:20:10) ->    23(time 15730 - 04:22:10)(time 15910 - 04:25:10) ->    22(time 15950 - 04:25:50)(time 15990 - 04:26:30) ->    21(time 16050 - 04:27:30)(time 16230 - 04:30:30) ->    20(time 16290 - 04:31:30)(time 16470 - 04:34:30) ->    19(time 16530 - 04:35:30)(time 16770 - 04:39:30) ->    18(time 16810 - 04:40:10)(time 16930 - 04:42:10) ->    17(time 16990 - 04:43:10)(time 17230 - 04:47:10) ->    16(time 17350 - 04:49:10)(time 17350 - 04:49:10) ->    0(time 17650 - 04:54:10)(time 17890 - 04:58:10) ->    1(time 18490 - 05:08:10)(time 18610 - 05:10:10) ->    2(time 19210 - 05:20:10)(time 19450 - 05:24:10) ->    3(time 19510 - 05:25:10)(time 19690 - 05:28:10) ->    4(time 19750 - 05:29:10)(time 19930 - 05:32:10) ->    5(time 19990 - 05:33:10)(time 20030 - 05:33:50) ->    6(time 20070 - 05:34:30)(time 20250 - 05:37:30) ->    7(time 20850 - 05:47:30)(time 21210 - 05:53:30) ->    8(time 21270 - 05:54:30)(time 21570 - 05:59:30) ->    9(time 21630 - 06:00:30)(time 21870 - 06:04:30) ->    10(time 21910 - 06:05:10)(time 22030 - 06:07:10) ->    11(time 22090 - 06:08:10)(time 22330 - 06:12:10) ->    12(time 22390 - 06:13:10)(time 22570 - 06:16:10) ->    13(time 22630 - 06:17:10)(time 22750 - 06:19:10) ->    14(time 22810 - 06:20:10)(time 22990 - 06:23:10) ->    15(time 23110 - 06:25:10)(time 23110 - 06:25:10) -> 31
> Trip 3
   31(time 38656 - 10:44:16)(time 38836 - 10:47:16) ->    30(time 38896 - 10:48:16)(time 39016 - 10:50:16) ->    29(time 39076 - 10:51:16)(time 39256 - 10:54:16) ->    28(time 39316 - 10:55:16)(time 39556 - 10:59:16) ->    27(time 39616 - 11:00:16)(time 39736 - 11:02:16) ->    26(time 39776 - 11:02:56)(time 40016 - 11:06:56) ->    25(time 40076 - 11:07:56)(time 40376 - 11:12:56) ->    24(time 40636 - 11:17:16)(time 40996 - 11:23:16) ->    23(time 41116 - 11:25:16)(time 41296 - 11:28:16) ->    22(time 41336 - 11:28:56)(time 41376 - 11:29:36) ->    21(time 41436 - 11:30:36)(time 41616 - 11:33:36) ->    20(time 41676 - 11:34:36)(time 41856 - 11:37:36) ->    19(time 41916 - 11:38:36)(time 42156 - 11:42:36) ->    18(time 42196 - 11:43:16)(time 42316 - 11:45:16) ->    17(time 42376 - 11:46:16)(time 42616 - 11:50:16) ->    16(time 42736 - 11:52:16)(time 42736 - 11:52:16) ->    0(time 42736 - 11:52:16)(time 42976 - 11:56:16) ->    1(time 43036 - 11:57:16)(time 43156 - 11:59:16) ->    2(time 43196 - 11:59:56)(time 43436 - 12:03:56) ->    3(time 43496 - 12:04:56)(time 43676 - 12:07:56) ->    4(time 43736 - 12:08:56)(time 43916 - 12:11:56) ->    5(time 43976 - 12:12:56)(time 44016 - 12:13:36) ->    6(time 44056 - 12:14:16)(time 44236 - 12:17:16) ->    7(time 44356 - 12:19:16)(time 44716 - 12:25:16) ->    8(time 44776 - 12:26:16)(time 45076 - 12:31:16) ->    9(time 45136 - 12:32:16)(time 45376 - 12:36:16) ->    10(time 45416 - 12:36:56)(time 45536 - 12:38:56) ->    11(time 45796 - 12:43:16)(time 46036 - 12:47:16) ->    12(time 46096 - 12:48:16)(time 46276 - 12:51:16) ->    13(time 46336 - 12:52:16)(time 46456 - 12:54:16) ->    14(time 46516 - 12:55:16)(time 46696 - 12:58:16) ->    15(time 46816 - 13:00:16)(time 46816 - 13:00:16) -> 31
