t4p16r10h1.txt:
   > Trying to open the instance file...
   > Reading number of trains...
   > Reading maximum number of trips per train...
   > Reading time intervals...
   > Reading number of points...
   > Reading stations...
   > Reading crossings...
   > Reading depots...
   > Reading initial point...
   > Reading routes...
   > Reading distance and distance and service...
   > Reading demands...
   > Reading maximum time...
   > Reading alpha...

--------------------------------
 Printing instance
--------------------------------
number of trains = 4
	max trips per trains: 4     4     4     4
number of intervals = 1
	(0,  51540)
number of points = 16
	initial point: 7
	stations: 0     1     3     4     5     7     8     9    11    12    13    14    15
	crossings: 0     2     6     7     8    10    12    15
	depots: 0     7    15
number of vertices = 32
	total vertices: 0     1     2     3     4     5     6     7     8     9    10    11    12    13    14    15    16    17    18    19    20    21    22    23    24    25    26    27    28    29    30    31
	upper vertices: 0     1     2     3     4     5     6     7     8     9    10    11    12    13    14    15
	lower vertices: 16    17    18    19    20    21    22    23    24    25    26    27    28    29    30    31
	vertices of point #0: (0, 16)
	vertices of point #1: (1, 17)
	vertices of point #2: (2, 18)
	vertices of point #3: (3, 19)
	vertices of point #4: (4, 20)
	vertices of point #5: (5, 21)
	vertices of point #6: (6, 22)
	vertices of point #7: (7, 23)
	vertices of point #8: (8, 24)
	vertices of point #9: (9, 25)
	vertices of point #10: (10, 26)
	vertices of point #11: (11, 27)
	vertices of point #12: (12, 28)
	vertices of point #13: (13, 29)
	vertices of point #14: (14, 30)
	vertices of point #15: (15, 31)

arcs...
	total arcs: 
		arc #0: (0, 1)
		arc #1: (0, 16)
		arc #2: (16, 0)
		arc #3: (1, 2)
		arc #4: (17, 16)
		arc #5: (2, 3)
		arc #6: (18, 17)
		arc #7: (3, 4)
		arc #8: (19, 18)
		arc #9: (4, 5)
		arc #10: (20, 19)
		arc #11: (5, 6)
		arc #12: (21, 20)
		arc #13: (6, 7)
		arc #14: (22, 21)
		arc #15: (7, 8)
		arc #16: (23, 22)
		arc #17: (7, 23)
		arc #18: (23, 7)
		arc #19: (8, 9)
		arc #20: (24, 23)
		arc #21: (9, 10)
		arc #22: (25, 24)
		arc #23: (10, 11)
		arc #24: (26, 25)
		arc #25: (11, 12)
		arc #26: (27, 26)
		arc #27: (12, 13)
		arc #28: (28, 27)
		arc #29: (13, 14)
		arc #30: (29, 28)
		arc #31: (14, 15)
		arc #32: (30, 29)
		arc #33: (31, 30)
		arc #34: (15, 31)
		arc #35: (31, 15)

	reverse arcs: 
		arc #1: (0, 16)
		arc #2: (16, 0)
		arc #17: (7, 23)
		arc #18: (23, 7)
		arc #34: (15, 31)
		arc #35: (31, 15)


incompatible points...
	(0, 1, 18, (1, 2))	(18, 17, 0, (17, 16))	(2, 5, 22, (5, 6))	(22, 19, 2, (19, 18))	(6, 6, 23, (6, 7))	(23, 23, 6, (23, 22))	(7, 7, 24, (7, 8))	(24, 24, 7, (24, 23))	(8, 9, 26, (9, 10))	(26, 25, 8, (25, 24))	(10, 11, 28, (11, 12))	(28, 27, 10, (27, 26))	(12, 14, 31, (14, 15))	(31, 29, 12, (29, 28))

number of routes = 10
vertices of routes...
	route #0: 0     1     2     3     4     5     6     7
	route #1: 23    22    21    20    19    18    17    16
	route #2: 0     1     2     3     4     5     6     7    23    22    21    20    19    18    17    16     0
	route #3: 23    22    21    20    19    18    17    16     0     1     2     3     4     5     6     7    23
	route #4: 7     8     9    10    11    12    13    14    15
	route #5: 31    30    29    28    27    26    25    24    23
	route #6: 7     8     9    10    11    12    13    14    15    31    30    29    28    27    26    25    24    23     7
	route #7: 31    30    29    28    27    26    25    24    23     7     8     9    10    11    12    13    14    15    31
	route #8: 0     1     2     3     4     5     6     7     8     9    10    11    12    13    14    15    31    30    29    28    27    26    25    24    23    22    21    20    19    18    17    16     0
	route #9: 31    30    29    28    27    26    25    24    23    22    21    20    19    18    17    16     0     1     2     3     4     5     6     7     8     9    10    11    12    13    14    15    31
arcs of routes...
	route #0: 0     3     5     7     9    11    13
	route #1: 16    14    12    10     8     6     4
	route #2: 0     3     5     7     9    11    13    17    16    14    12    10     8     6     4     2
	route #3: 16    14    12    10     8     6     4     2     0     3     5     7     9    11    13    17
	route #4: 15    19    21    23    25    27    29    31
	route #5: 33    32    30    28    26    24    22    20
	route #6: 15    19    21    23    25    27    29    31    34    33    32    30    28    26    24    22    20    18
	route #7: 33    32    30    28    26    24    22    20    18    15    19    21    23    25    27    29    31    34
	route #8: 0     3     5     7     9    11    13    15    19    21    23    25    27    29    31    34    33    32    30    28    26    24    22    20    16    14    12    10     8     6     4     2
	route #9: 33    32    30    28    26    24    22    20    16    14    12    10     8     6     4     2     0     3     5     7     9    11    13    15    19    21    23    25    27    29    31    34

incompatible routes...
	(0, 0)    	(0, 2)    	(0, 5)    	(0, 7)    	(0, 8)    	(0, 9)    	(1, 1)    	(1, 3)    	(1, 4)    	(1, 5)    	(1, 6)    	(1, 7)    	(1, 9)    	(2, 1)    	(2, 3)    	(2, 4)    	(2, 5)    	(2, 6)    	(2, 7)    	(2, 9)    	(3, 0)    	(3, 2)    	(3, 5)    	(3, 7)    	(3, 8)    	(3, 9)    	(4, 0)    	(4, 1)    	(4, 2)    	(4, 3)    	(4, 4)    	(4, 6)    	(4, 8)    	(5, 0)    	(5, 2)    	(5, 5)    	(5, 7)    	(5, 8)    	(5, 9)    	(6, 0)    	(6, 2)    	(6, 5)    	(6, 7)    	(6, 8)    	(6, 9)    	(7, 0)    	(7, 1)    	(7, 2)    	(7, 3)    	(7, 4)    	(7, 6)    	(7, 8)    	(8, 1)    	(8, 3)    	(8, 4)    	(8, 5)    	(8, 6)    	(8, 7)    	(8, 9)    	(9, 0)    	(9, 1)    	(9, 2)    	(9, 3)    	(9, 4)    	(9, 6)    	(9, 8)

vertices that can be adjacent in consecutive trips...
	(0, 0)    	(7, 7)    	(7, 23)    	(15, 31)    	(16, 0)    	(23, 7)    	(23, 23)    	(31, 31)
non cyclical routes: 
       0       1       4       5

routes of trip...
	routes that train #0 can complete at trip #0: 1       3       4       6
	routes that train #0 can complete at trip #1: 0       1       2       3       4       5       6       7       8       9
	routes that train #0 can complete at trip #2: 0       1       2       3       4       5       6       7       8       9
	routes that train #0 can complete at trip #3: 0       1       2       3       4       5       6       7       8       9

	routes that train #1 can complete at trip #0: 1       3       4       6
	routes that train #1 can complete at trip #1: 0       1       2       3       4       5       6       7       8       9
	routes that train #1 can complete at trip #2: 0       1       2       3       4       5       6       7       8       9
	routes that train #1 can complete at trip #3: 0       1       2       3       4       5       6       7       8       9

	routes that train #2 can complete at trip #0: 1       3       4       6
	routes that train #2 can complete at trip #1: 0       1       2       3       4       5       6       7       8       9
	routes that train #2 can complete at trip #2: 0       1       2       3       4       5       6       7       8       9
	routes that train #2 can complete at trip #3: 0       1       2       3       4       5       6       7       8       9

	routes that train #3 can complete at trip #0: 1       3       4       6
	routes that train #3 can complete at trip #1: 0       1       2       3       4       5       6       7       8       9
	routes that train #3 can complete at trip #2: 0       1       2       3       4       5       6       7       8       9
	routes that train #3 can complete at trip #3: 0       1       2       3       4       5       6       7       8       9

 cost...
	arc #0 [0][1]: 240
	arc #1 [0][16]: 0
	arc #2 [16][0]: 0
	arc #3 [1][2]: 120
	arc #4 [17][16]: 240
	arc #5 [2][3]: 240
	arc #6 [18][17]: 120
	arc #7 [3][4]: 180
	arc #8 [19][18]: 240
	arc #9 [4][5]: 180
	arc #10 [20][19]: 180
	arc #11 [5][6]: 40
	arc #12 [21][20]: 180
	arc #13 [6][7]: 180
	arc #14 [22][21]: 40
	arc #15 [7][8]: 360
	arc #16 [23][22]: 180
	arc #17 [7][23]: 0
	arc #18 [23][7]: 0
	arc #19 [8][9]: 300
	arc #20 [24][23]: 360
	arc #21 [9][10]: 240
	arc #22 [25][24]: 300
	arc #23 [10][11]: 120
	arc #24 [26][25]: 240
	arc #25 [11][12]: 240
	arc #26 [27][26]: 120
	arc #27 [12][13]: 180
	arc #28 [28][27]: 240
	arc #29 [13][14]: 120
	arc #30 [29][28]: 180
	arc #31 [14][15]: 180
	arc #32 [30][29]: 120
	arc #33 [31][30]: 180
	arc #34 [15][31]: 0
	arc #35 [31][15]: 0

cost with minimum service...
	arc #0 [0][1]: 300
	arc #1 [0][16]: 0
	arc #2 [16][0]: 0
	arc #3 [1][2]: 160
	arc #4 [17][16]: 360
	arc #5 [2][3]: 300
	arc #6 [18][17]: 180
	arc #7 [3][4]: 240
	arc #8 [19][18]: 280
	arc #9 [4][5]: 240
	arc #10 [20][19]: 240
	arc #11 [5][6]: 80
	arc #12 [21][20]: 240
	arc #13 [6][7]: 300
	arc #14 [22][21]: 100
	arc #15 [7][8]: 420
	arc #16 [23][22]: 220
	arc #17 [7][23]: 0
	arc #18 [23][7]: 0
	arc #19 [8][9]: 360
	arc #20 [24][23]: 480
	arc #21 [9][10]: 280
	arc #22 [25][24]: 360
	arc #23 [10][11]: 180
	arc #24 [26][25]: 300
	arc #25 [11][12]: 300
	arc #26 [27][26]: 160
	arc #27 [12][13]: 240
	arc #28 [28][27]: 300
	arc #29 [13][14]: 180
	arc #30 [29][28]: 240
	arc #31 [14][15]: 300
	arc #32 [30][29]: 180
	arc #33 [31][30]: 240
	arc #34 [15][31]: 0
	arc #35 [31][15]: 0

cost with maximum service...
	arc #0 [0][1]: 840
	arc #1 [0][16]: 600
	arc #2 [16][0]: 600
	arc #3 [1][2]: 720
	arc #4 [17][16]: 840
	arc #5 [2][3]: 840
	arc #6 [18][17]: 720
	arc #7 [3][4]: 780
	arc #8 [19][18]: 840
	arc #9 [4][5]: 780
	arc #10 [20][19]: 780
	arc #11 [5][6]: 640
	arc #12 [21][20]: 780
	arc #13 [6][7]: 780
	arc #14 [22][21]: 640
	arc #15 [7][8]: 960
	arc #16 [23][22]: 780
	arc #17 [7][23]: 600
	arc #18 [23][7]: 600
	arc #19 [8][9]: 900
	arc #20 [24][23]: 960
	arc #21 [9][10]: 840
	arc #22 [25][24]: 900
	arc #23 [10][11]: 720
	arc #24 [26][25]: 840
	arc #25 [11][12]: 840
	arc #26 [27][26]: 720
	arc #27 [12][13]: 780
	arc #28 [28][27]: 840
	arc #29 [13][14]: 720
	arc #30 [29][28]: 780
	arc #31 [14][15]: 780
	arc #32 [30][29]: 720
	arc #33 [31][30]: 780
	arc #34 [15][31]: 600
	arc #35 [31][15]: 600

demands...
	demands of vertex 0 at time interval: 11
	demands of vertex 1 at time interval: 11
	demands of vertex 2 at time interval: 0
	demands of vertex 3 at time interval: 11
	demands of vertex 4 at time interval: 11
	demands of vertex 5 at time interval: 11
	demands of vertex 6 at time interval: 0
	demands of vertex 7 at time interval: 11
	demands of vertex 8 at time interval: 0
	demands of vertex 9 at time interval: 11
	demands of vertex 10 at time interval: 0
	demands of vertex 11 at time interval: 11
	demands of vertex 12 at time interval: 0
	demands of vertex 13 at time interval: 11
	demands of vertex 14 at time interval: 11
	demands of vertex 15 at time interval: 0
	demands of vertex 16 at time interval: 0
	demands of vertex 17 at time interval: 11
	demands of vertex 18 at time interval: 0
	demands of vertex 19 at time interval: 11
	demands of vertex 20 at time interval: 11
	demands of vertex 21 at time interval: 11
	demands of vertex 22 at time interval: 0
	demands of vertex 23 at time interval: 11
	demands of vertex 24 at time interval: 0
	demands of vertex 25 at time interval: 11
	demands of vertex 26 at time interval: 0
	demands of vertex 27 at time interval: 11
	demands of vertex 28 at time interval: 0
	demands of vertex 29 at time interval: 11
	demands of vertex 30 at time interval: 11
	demands of vertex 31 at time interval: 11

maximum time = 51540
alpha = 180

Selecting set of cyclical routes...

Selecting set of initial routes...

Creating initial set of candidate combinations...
Solving candidate combinations...

1/5 candidate combination(s) tested! (Thread 0)
2/5 candidate combination(s) tested! (Thread 0)
Found new best - 3/5 candidate combination(s) tested! (Thread 0)
4/5 candidate combination(s) tested! (Thread 0)
5/5 candidate combination(s) tested! (Thread 0)

Removing trips...

Solving candidate combinations...

Found new best - 1/2 candidate combination(s) tested! (Thread 0)
Found new best - 2/2 candidate combination(s) tested! (Thread 0)

Removing trips...

Terminating loop at iteration 2

Relaxing trips, so the model can make changes...

>> Printing some results...
    -> Solution value = 26199 - 07:16:39
    -> Total time = 591.69

=============
Train 0
=============
> Trip 0
   23(time 0 - 00:00:00)(time 180 - 00:03:00) ->    22(time 220 - 00:03:40)(time 260 - 00:04:20) ->    21(time 320 - 00:05:20)(time 500 - 00:08:20) ->    20(time 560 - 00:09:20)(time 740 - 00:12:20) ->    19(time 800 - 00:13:20)(time 1040 - 00:17:20) ->    18(time 1080 - 00:18:00)(time 1200 - 00:20:00) ->    17(time 1260 - 00:21:00)(time 1500 - 00:25:00) -> 16
> Trip 1
   0(time 1500 - 00:25:00)(time 1740 - 00:29:00) ->    1(time 1800 - 00:30:00)(time 1920 - 00:32:00) ->    2(time 1960 - 00:32:40)(time 2200 - 00:36:40) ->    3(time 2260 - 00:37:40)(time 2440 - 00:40:40) ->    4(time 2500 - 00:41:40)(time 2680 - 00:44:40) ->    5(time 2740 - 00:45:40)(time 2780 - 00:46:20) ->    6(time 2820 - 00:47:00)(time 3000 - 00:50:00) ->    7(time 3120 - 00:52:00)(time 3480 - 00:58:00) ->    8(time 3860 - 01:04:20)(time 4160 - 01:09:20) ->    9(time 4220 - 01:10:20)(time 4460 - 01:14:20) ->    10(time 4500 - 01:15:00)(time 4620 - 01:17:00) ->    11(time 4680 - 01:18:00)(time 4920 - 01:22:00) ->    12(time 4980 - 01:23:00)(time 5160 - 01:26:00) ->    13(time 5220 - 01:27:00)(time 5340 - 01:29:00) ->    14(time 5400 - 01:30:00)(time 5580 - 01:33:00) ->    15(time 5700 - 01:35:00)(time 5700 - 01:35:00) ->    31(time 5700 - 01:35:00)(time 5880 - 01:38:00) ->    30(time 5940 - 01:39:00)(time 6060 - 01:41:00) ->    29(time 6120 - 01:42:00)(time 6300 - 01:45:00) ->    28(time 6360 - 01:46:00)(time 6600 - 01:50:00) ->    27(time 6660 - 01:51:00)(time 6780 - 01:53:00) ->    26(time 6820 - 01:53:40)(time 7060 - 01:57:40) ->    25(time 7120 - 01:58:40)(time 7420 - 02:03:40) ->    24(time 7480 - 02:04:40)(time 7840 - 02:10:40) ->    23(time 7960 - 02:12:40)(time 8140 - 02:15:40) ->    22(time 8500 - 02:21:40)(time 8540 - 02:22:20) ->    21(time 8600 - 02:23:20)(time 8780 - 02:26:20) ->    20(time 8840 - 02:27:20)(time 9020 - 02:30:20) ->    19(time 9080 - 02:31:20)(time 9320 - 02:35:20) ->    18(time 9360 - 02:36:00)(time 9480 - 02:38:00) ->    17(time 9540 - 02:39:00)(time 9780 - 02:43:00) ->    16(time 9900 - 02:45:00)(time 9900 - 02:45:00) -> 0
> Trip 2
   0(time 9900 - 02:45:00)(time 10140 - 02:49:00) ->    1(time 10200 - 02:50:00)(time 10320 - 02:52:00) ->    2(time 10360 - 02:52:40)(time 10600 - 02:56:40) ->    3(time 10660 - 02:57:40)(time 10840 - 03:00:40) ->    4(time 10900 - 03:01:40)(time 11080 - 03:04:40) ->    5(time 11140 - 03:05:40)(time 11180 - 03:06:20) ->    6(time 11220 - 03:07:00)(time 11400 - 03:10:00) ->    7(time 11520 - 03:12:00)(time 11880 - 03:18:00) ->    8(time 11940 - 03:19:00)(time 12240 - 03:24:00) ->    9(time 12300 - 03:25:00)(time 12540 - 03:29:00) ->    10(time 12580 - 03:29:40)(time 12700 - 03:31:40) ->    11(time 12760 - 03:32:40)(time 13000 - 03:36:40) ->    12(time 13060 - 03:37:40)(time 13240 - 03:40:40) ->    13(time 13300 - 03:41:40)(time 13420 - 03:43:40) ->    14(time 13480 - 03:44:40)(time 13660 - 03:47:40) ->    15(time 14080 - 03:54:40)(time 14080 - 03:54:40) ->    31(time 14080 - 03:54:40)(time 14260 - 03:57:40) ->    30(time 14320 - 03:58:40)(time 14440 - 04:00:40) ->    29(time 14500 - 04:01:40)(time 14680 - 04:04:40) ->    28(time 14740 - 04:05:40)(time 14980 - 04:09:40) ->    27(time 15040 - 04:10:40)(time 15160 - 04:12:40) ->    26(time 15200 - 04:13:20)(time 15440 - 04:17:20) ->    25(time 15500 - 04:18:20)(time 15800 - 04:23:20) ->    24(time 15960 - 04:26:00)(time 16320 - 04:32:00) ->    23(time 16440 - 04:34:00)(time 16620 - 04:37:00) ->    22(time 16660 - 04:37:40)(time 16700 - 04:38:20) ->    21(time 16760 - 04:39:20)(time 16940 - 04:42:20) ->    20(time 17000 - 04:43:20)(time 17180 - 04:46:20) ->    19(time 17240 - 04:47:20)(time 17480 - 04:51:20) ->    18(time 17520 - 04:52:00)(time 17640 - 04:54:00) ->    17(time 17700 - 04:55:00)(time 17940 - 04:59:00) ->    16(time 18060 - 05:01:00)(time 18060 - 05:01:00) -> 0
> Trip 3
   0(time 18060 - 05:01:00)(time 18300 - 05:05:00) ->    1(time 18360 - 05:06:00)(time 18480 - 05:08:00) ->    2(time 18520 - 05:08:40)(time 18760 - 05:12:40) ->    3(time 18820 - 05:13:40)(time 19000 - 05:16:40) ->    4(time 19060 - 05:17:40)(time 19240 - 05:20:40) ->    5(time 19300 - 05:21:40)(time 19340 - 05:22:20) ->    6(time 19760 - 05:29:20)(time 19940 - 05:32:20) ->    7(time 20060 - 05:34:20)(time 20420 - 05:40:20) ->    8(time 20480 - 05:41:20)(time 20780 - 05:46:20) ->    9(time 20840 - 05:47:20)(time 21080 - 05:51:20) ->    10(time 21120 - 05:52:00)(time 21240 - 05:54:00) ->    11(time 21300 - 05:55:00)(time 21540 - 05:59:00) ->    12(time 21600 - 06:00:00)(time 21780 - 06:03:00) ->    13(time 21840 - 06:04:00)(time 21960 - 06:06:00) ->    14(time 22020 - 06:07:00)(time 22200 - 06:10:00) ->    15(time 22320 - 06:12:00)(time 22320 - 06:12:00) ->    31(time 22320 - 06:12:00)(time 22500 - 06:15:00) ->    30(time 22560 - 06:16:00)(time 22680 - 06:18:00) ->    29(time 22740 - 06:19:00)(time 22920 - 06:22:00) ->    28(time 22980 - 06:23:00)(time 23220 - 06:27:00) ->    27(time 23280 - 06:28:00)(time 23400 - 06:30:00) ->    26(time 23440 - 06:30:40)(time 23680 - 06:34:40) ->    25(time 23740 - 06:35:40)(time 24040 - 06:40:40) ->    24(time 24100 - 06:41:40)(time 24460 - 06:47:40) ->    23(time 24580 - 06:49:40)(time 24760 - 06:52:40) ->    22(time 24800 - 06:53:20)(time 24840 - 06:54:00) ->    21(time 24900 - 06:55:00)(time 25080 - 06:58:00) ->    20(time 25140 - 06:59:00)(time 25320 - 07:02:00) ->    19(time 25380 - 07:03:00)(time 25620 - 07:07:00) ->    18(time 25660 - 07:07:40)(time 25780 - 07:09:40) ->    17(time 25840 - 07:10:40)(time 26080 - 07:14:40) ->    16(time 26200 - 07:16:40)(time 26200 - 07:16:40) -> 0
=============
Train 1
=============
> Trip 0
   23(time 380 - 00:06:20)(time 560 - 00:09:20) ->    22(time 600 - 00:10:00)(time 640 - 00:10:40) ->    21(time 700 - 00:11:40)(time 880 - 00:14:40) ->    20(time 940 - 00:15:40)(time 1120 - 00:18:40) ->    19(time 1720 - 00:28:40)(time 1960 - 00:32:40) ->    18(time 2560 - 00:42:40)(time 2680 - 00:44:40) ->    17(time 2760 - 00:46:00)(time 3000 - 00:50:00) -> 16
> Trip 1
   0(time 3000 - 00:50:00)(time 3240 - 00:54:00) ->    1(time 3840 - 01:04:00)(time 3960 - 01:06:00) ->    2(time 4000 - 01:06:40)(time 4240 - 01:10:40) ->    3(time 4300 - 01:11:40)(time 4480 - 01:14:40) ->    4(time 4540 - 01:15:40)(time 4720 - 01:18:40) ->    5(time 4780 - 01:19:40)(time 4820 - 01:20:20) ->    6(time 5180 - 01:26:20)(time 5360 - 01:29:20) ->    7(time 5480 - 01:31:20)(time 5840 - 01:37:20) ->    8(time 5900 - 01:38:20)(time 6200 - 01:43:20) ->    9(time 6260 - 01:44:20)(time 6500 - 01:48:20) ->    10(time 7100 - 01:58:20)(time 7220 - 02:00:20) ->    11(time 7760 - 02:09:20)(time 8000 - 02:13:20) ->    12(time 8060 - 02:14:20)(time 8240 - 02:17:20) ->    13(time 8300 - 02:18:20)(time 8420 - 02:20:20) ->    14(time 8480 - 02:21:20)(time 8660 - 02:24:20) ->    15(time 8780 - 02:26:20)(time 8780 - 02:26:20) ->    31(time 8780 - 02:26:20)(time 8960 - 02:29:20) ->    30(time 9020 - 02:30:20)(time 9140 - 02:32:20) ->    29(time 9200 - 02:33:20)(time 9380 - 02:36:20) ->    28(time 9440 - 02:37:20)(time 9680 - 02:41:20) ->    27(time 9740 - 02:42:20)(time 9860 - 02:44:20) ->    26(time 9900 - 02:45:00)(time 10140 - 02:49:00) ->    25(time 10200 - 02:50:00)(time 10500 - 02:55:00) ->    24(time 10560 - 02:56:00)(time 10920 - 03:02:00) ->    23(time 11040 - 03:04:00)(time 11220 - 03:07:00) ->    22(time 11260 - 03:07:40)(time 11300 - 03:08:20) ->    21(time 11360 - 03:09:20)(time 11540 - 03:12:20) ->    20(time 11600 - 03:13:20)(time 11780 - 03:16:20) ->    19(time 11840 - 03:17:20)(time 12080 - 03:21:20) ->    18(time 12120 - 03:22:00)(time 12240 - 03:24:00) ->    17(time 12300 - 03:25:00)(time 12540 - 03:29:00) ->    16(time 12660 - 03:31:00)(time 12660 - 03:31:00) -> 0
> Trip 2
   0(time 12660 - 03:31:00)(time 12900 - 03:35:00) ->    1(time 12960 - 03:36:00)(time 13080 - 03:38:00) ->    2(time 13400 - 03:43:20)(time 13640 - 03:47:20) ->    3(time 14020 - 03:53:40)(time 14200 - 03:56:40) ->    4(time 14800 - 04:06:40)(time 14980 - 04:09:40) ->    5(time 15040 - 04:10:40)(time 15080 - 04:11:20) ->    6(time 15120 - 04:12:00)(time 15300 - 04:15:00) ->    7(time 15420 - 04:17:00)(time 15780 - 04:23:00) ->    8(time 15840 - 04:24:00)(time 16140 - 04:29:00) ->    9(time 16200 - 04:30:00)(time 16440 - 04:34:00) ->    10(time 16480 - 04:34:40)(time 16600 - 04:36:40) ->    11(time 16660 - 04:37:40)(time 16900 - 04:41:40) ->    12(time 16960 - 04:42:40)(time 17140 - 04:45:40) ->    13(time 17200 - 04:46:40)(time 17320 - 04:48:40) ->    14(time 17380 - 04:49:40)(time 17560 - 04:52:40) ->    15(time 17740 - 04:55:40)(time 17740 - 04:55:40) ->    31(time 17740 - 04:55:40)(time 17920 - 04:58:40) ->    30(time 17980 - 04:59:40)(time 18100 - 05:01:40) ->    29(time 18160 - 05:02:40)(time 18340 - 05:05:40) ->    28(time 18400 - 05:06:40)(time 18640 - 05:10:40) ->    27(time 18700 - 05:11:40)(time 18820 - 05:13:40) ->    26(time 18860 - 05:14:20)(time 19100 - 05:18:20) ->    25(time 19160 - 05:19:20)(time 19460 - 05:24:20) ->    24(time 19520 - 05:25:20)(time 19880 - 05:31:20) ->    23(time 20000 - 05:33:20)(time 20180 - 05:36:20) ->    22(time 20220 - 05:37:00)(time 20260 - 05:37:40) ->    21(time 20320 - 05:38:40)(time 20500 - 05:41:40) ->    20(time 20560 - 05:42:40)(time 20740 - 05:45:40) ->    19(time 20800 - 05:46:40)(time 21040 - 05:50:40) ->    18(time 21160 - 05:52:40)(time 21280 - 05:54:40) ->    17(time 21340 - 05:55:40)(time 21580 - 05:59:40) ->    16(time 21700 - 06:01:40)(time 21700 - 06:01:40) -> 0
> Trip 3
   0(time 22300 - 06:11:40)(time 22540 - 06:15:40) ->    1(time 22600 - 06:16:40)(time 22720 - 06:18:40) ->    2(time 22760 - 06:19:20)(time 23000 - 06:23:20) ->    3(time 23060 - 06:24:20)(time 23240 - 06:27:20) ->    4(time 23300 - 06:28:20)(time 23480 - 06:31:20) ->    5(time 23540 - 06:32:20)(time 23580 - 06:33:00) ->    6(time 23620 - 06:33:40)(time 23800 - 06:36:40) ->    7(time 23920 - 06:38:40)(time 23920 - 06:38:40) ->    23(time 23920 - 06:38:40)(time 24100 - 06:41:40) ->    22(time 24140 - 06:42:20)(time 24180 - 06:43:00) ->    21(time 24240 - 06:44:00)(time 24420 - 06:47:00) ->    20(time 24480 - 06:48:00)(time 24660 - 06:51:00) ->    19(time 24720 - 06:52:00)(time 24960 - 06:56:00) ->    18(time 25000 - 06:56:40)(time 25120 - 06:58:40) ->    17(time 25180 - 06:59:40)(time 25420 - 07:03:40) ->    16(time 26020 - 07:13:40)(time 26020 - 07:13:40) -> 0
=============
Train 2
=============
> Trip 0
   7(time 180 - 00:03:00)(time 540 - 00:09:00) ->    8(time 600 - 00:10:00)(time 900 - 00:15:00) ->    9(time 1420 - 00:23:40)(time 1660 - 00:27:40) ->    10(time 2260 - 00:37:40)(time 2380 - 00:39:40) ->    11(time 2440 - 00:40:40)(time 2680 - 00:44:40) ->    12(time 2740 - 00:45:40)(time 2920 - 00:48:40) ->    13(time 2980 - 00:49:40)(time 3100 - 00:51:40) ->    14(time 3160 - 00:52:40)(time 3340 - 00:55:40) -> 15
> Trip 1
   31(time 3340 - 00:55:40)(time 3520 - 00:58:40) ->    30(time 3580 - 00:59:40)(time 3700 - 01:01:40) ->    29(time 3760 - 01:02:40)(time 3940 - 01:05:40) ->    28(time 4000 - 01:06:40)(time 4240 - 01:10:40) ->    27(time 4300 - 01:11:40)(time 4420 - 01:13:40) ->    26(time 4460 - 01:14:20)(time 4700 - 01:18:20) ->    25(time 4760 - 01:19:20)(time 5060 - 01:24:20) ->    24(time 5120 - 01:25:20)(time 5480 - 01:31:20) ->    23(time 5600 - 01:33:20)(time 5780 - 01:36:20) ->    22(time 5820 - 01:37:00)(time 5860 - 01:37:40) ->    21(time 5920 - 01:38:40)(time 6100 - 01:41:40) ->    20(time 6160 - 01:42:40)(time 6340 - 01:45:40) ->    19(time 6400 - 01:46:40)(time 6640 - 01:50:40) ->    18(time 6680 - 01:51:20)(time 6800 - 01:53:20) ->    17(time 6860 - 01:54:20)(time 7100 - 01:58:20) ->    16(time 7220 - 02:00:20)(time 7220 - 02:00:20) ->    0(time 7220 - 02:00:20)(time 7460 - 02:04:20) ->    1(time 7520 - 02:05:20)(time 7640 - 02:07:20) ->    2(time 7680 - 02:08:00)(time 7920 - 02:12:00) ->    3(time 7980 - 02:13:00)(time 8160 - 02:16:00) ->    4(time 8220 - 02:17:00)(time 8400 - 02:20:00) ->    5(time 8460 - 02:21:00)(time 8500 - 02:21:40) ->    6(time 8540 - 02:22:20)(time 8720 - 02:25:20) ->    7(time 8840 - 02:27:20)(time 9200 - 02:33:20) ->    8(time 9260 - 02:34:20)(time 9560 - 02:39:20) ->    9(time 9620 - 02:40:20)(time 9860 - 02:44:20) ->    10(time 9900 - 02:45:00)(time 10020 - 02:47:00) ->    11(time 10080 - 02:48:00)(time 10320 - 02:52:00) ->    12(time 10700 - 02:58:20)(time 10880 - 03:01:20) ->    13(time 10940 - 03:02:20)(time 11060 - 03:04:20) ->    14(time 11120 - 03:05:20)(time 11300 - 03:08:20) ->    15(time 11420 - 03:10:20)(time 11420 - 03:10:20) -> 31
> Trip 2
   31(time 11420 - 03:10:20)(time 11600 - 03:13:20) ->    30(time 11660 - 03:14:20)(time 11780 - 03:16:20) ->    29(time 11840 - 03:17:20)(time 12020 - 03:20:20) ->    28(time 12080 - 03:21:20)(time 12320 - 03:25:20) ->    27(time 12380 - 03:26:20)(time 12500 - 03:28:20) ->    26(time 12540 - 03:29:00)(time 12780 - 03:33:00) ->    25(time 12840 - 03:34:00)(time 13140 - 03:39:00) ->    24(time 13200 - 03:40:00)(time 13560 - 03:46:00) ->    23(time 13680 - 03:48:00)(time 13680 - 03:48:00) ->    7(time 14100 - 03:55:00)(time 14460 - 04:01:00) ->    8(time 14520 - 04:02:00)(time 14820 - 04:07:00) ->    9(time 14880 - 04:08:00)(time 15120 - 04:12:00) ->    10(time 15160 - 04:12:40)(time 15280 - 04:14:40) ->    11(time 15340 - 04:15:40)(time 15580 - 04:19:40) ->    12(time 15640 - 04:20:40)(time 15820 - 04:23:40) ->    13(time 15880 - 04:24:40)(time 16000 - 04:26:40) ->    14(time 16060 - 04:27:40)(time 16240 - 04:30:40) ->    15(time 16360 - 04:32:40)(time 16360 - 04:32:40) -> 31
> Trip 3
   31(time 16360 - 04:32:40)(time 16540 - 04:35:40) ->    30(time 16600 - 04:36:40)(time 16720 - 04:38:40) ->    29(time 16780 - 04:39:40)(time 16960 - 04:42:40) ->    28(time 17080 - 04:44:40)(time 17320 - 04:48:40) ->    27(time 17380 - 04:49:40)(time 17500 - 04:51:40) ->    26(time 17540 - 04:52:20)(time 17780 - 04:56:20) ->    25(time 17840 - 04:57:20)(time 18140 - 05:02:20) ->    24(time 18200 - 05:03:20)(time 18560 - 05:09:20) ->    23(time 18680 - 05:11:20)(time 18860 - 05:14:20) ->    22(time 19340 - 05:22:20)(time 19380 - 05:23:00) ->    21(time 19440 - 05:24:00)(time 19620 - 05:27:00) ->    20(time 19680 - 05:28:00)(time 19860 - 05:31:00) ->    19(time 19920 - 05:32:00)(time 20160 - 05:36:00) ->    18(time 20200 - 05:36:40)(time 20320 - 05:38:40) ->    17(time 20380 - 05:39:40)(time 20620 - 05:43:40) ->    16(time 20740 - 05:45:40)(time 20740 - 05:45:40) ->    0(time 20740 - 05:45:40)(time 20980 - 05:49:40) ->    1(time 21040 - 05:50:40)(time 21160 - 05:52:40) ->    2(time 21760 - 06:02:40)(time 22000 - 06:06:40) ->    3(time 22060 - 06:07:40)(time 22240 - 06:10:40) ->    4(time 22300 - 06:11:40)(time 22480 - 06:14:40) ->    5(time 22540 - 06:15:40)(time 22580 - 06:16:20) ->    6(time 22620 - 06:17:00)(time 22800 - 06:20:00) ->    7(time 23080 - 06:24:40)(time 23440 - 06:30:40) ->    8(time 24040 - 06:40:40)(time 24340 - 06:45:40) ->    9(time 24400 - 06:46:40)(time 24640 - 06:50:40) ->    10(time 24680 - 06:51:20)(time 24800 - 06:53:20) ->    11(time 24860 - 06:54:20)(time 25100 - 06:58:20) ->    12(time 25160 - 06:59:20)(time 25340 - 07:02:20) ->    13(time 25400 - 07:03:20)(time 25520 - 07:05:20) ->    14(time 25580 - 07:06:20)(time 25760 - 07:09:20) ->    15(time 25880 - 07:11:20)(time 25880 - 07:11:20) -> 31
=============
Train 3
=============
> Trip 0
   7(time 0 - 00:00:00)(time 360 - 00:06:00) ->    8(time 420 - 00:07:00)(time 720 - 00:12:00) ->    9(time 780 - 00:13:00)(time 1020 - 00:17:00) ->    10(time 1060 - 00:17:40)(time 1180 - 00:19:40) ->    11(time 1240 - 00:20:40)(time 1480 - 00:24:40) ->    12(time 1540 - 00:25:40)(time 1720 - 00:28:40) ->    13(time 1780 - 00:29:40)(time 1900 - 00:31:40) ->    14(time 1960 - 00:32:40)(time 2140 - 00:35:40) -> 15
> Trip 1
   31(time 2140 - 00:35:40)(time 2320 - 00:38:40) ->    30(time 2380 - 00:39:40)(time 2500 - 00:41:40) ->    29(time 2560 - 00:42:40)(time 2740 - 00:45:40) ->    28(time 2800 - 00:46:40)(time 3040 - 00:50:40) ->    27(time 3100 - 00:51:40)(time 3220 - 00:53:40) ->    26(time 3260 - 00:54:20)(time 3500 - 00:58:20) ->    25(time 3560 - 00:59:20)(time 3860 - 01:04:20) ->    24(time 3920 - 01:05:20)(time 4280 - 01:11:20) ->    23(time 4400 - 01:13:20)(time 4580 - 01:16:20) ->    22(time 4820 - 01:20:20)(time 4860 - 01:21:00) ->    21(time 4920 - 01:22:00)(time 5100 - 01:25:00) ->    20(time 5160 - 01:26:00)(time 5340 - 01:29:00) ->    19(time 5400 - 01:30:00)(time 5640 - 01:34:00) ->    18(time 5680 - 01:34:40)(time 5800 - 01:36:40) ->    17(time 5860 - 01:37:40)(time 6100 - 01:41:40) ->    16(time 6220 - 01:43:40)(time 6220 - 01:43:40) ->    0(time 6220 - 01:43:40)(time 6460 - 01:47:40) ->    1(time 6520 - 01:48:40)(time 6640 - 01:50:40) ->    2(time 6680 - 01:51:20)(time 6920 - 01:55:20) ->    3(time 6980 - 01:56:20)(time 7160 - 01:59:20) ->    4(time 7220 - 02:00:20)(time 7400 - 02:03:20) ->    5(time 7460 - 02:04:20)(time 7500 - 02:05:00) ->    6(time 7540 - 02:05:40)(time 7720 - 02:08:40) ->    7(time 7840 - 02:10:40)(time 8200 - 02:16:40) ->    8(time 8260 - 02:17:40)(time 8560 - 02:22:40) ->    9(time 8620 - 02:23:40)(time 8860 - 02:27:40) ->    10(time 8900 - 02:28:20)(time 9020 - 02:30:20) ->    11(time 9080 - 02:31:20)(time 9320 - 02:35:20) ->    12(time 9380 - 02:36:20)(time 9560 - 02:39:20) ->    13(time 9620 - 02:40:20)(time 9740 - 02:42:20) ->    14(time 9800 - 02:43:20)(time 9980 - 02:46:20) ->    15(time 10100 - 02:48:20)(time 10100 - 02:48:20) -> 31
> Trip 2
   31(time 10100 - 02:48:20)(time 10280 - 02:51:20) ->    30(time 10340 - 02:52:20)(time 10460 - 02:54:20) ->    29(time 10520 - 02:55:20)(time 10700 - 02:58:20) ->    28(time 10760 - 02:59:20)(time 11000 - 03:03:20) ->    27(time 11060 - 03:04:20)(time 11180 - 03:06:20) ->    26(time 11220 - 03:07:00)(time 11460 - 03:11:00) ->    25(time 11520 - 03:12:00)(time 11820 - 03:17:00) ->    24(time 11880 - 03:18:00)(time 12240 - 03:24:00) ->    23(time 12360 - 03:26:00)(time 12540 - 03:29:00) ->    22(time 12580 - 03:29:40)(time 12620 - 03:30:20) ->    21(time 12680 - 03:31:20)(time 12860 - 03:34:20) ->    20(time 12920 - 03:35:20)(time 13100 - 03:38:20) ->    19(time 13160 - 03:39:20)(time 13400 - 03:43:20) ->    18(time 13440 - 03:44:00)(time 13560 - 03:46:00) ->    17(time 13620 - 03:47:00)(time 13860 - 03:51:00) ->    16(time 13980 - 03:53:00)(time 13980 - 03:53:00) ->    0(time 13980 - 03:53:00)(time 14220 - 03:57:00) ->    1(time 14280 - 03:58:00)(time 14400 - 04:00:00) ->    2(time 14440 - 04:00:40)(time 14680 - 04:04:40) ->    3(time 14740 - 04:05:40)(time 14920 - 04:08:40) ->    4(time 14980 - 04:09:40)(time 15160 - 04:12:40) ->    5(time 15220 - 04:13:40)(time 15260 - 04:14:20) ->    6(time 15300 - 04:15:00)(time 15480 - 04:18:00) ->    7(time 15600 - 04:20:00)(time 15960 - 04:26:00) ->    8(time 16020 - 04:27:00)(time 16320 - 04:32:00) ->    9(time 16380 - 04:33:00)(time 16620 - 04:37:00) ->    10(time 16660 - 04:37:40)(time 16780 - 04:39:40) ->    11(time 16840 - 04:40:40)(time 17080 - 04:44:40) ->    12(time 17140 - 04:45:40)(time 17320 - 04:48:40) ->    13(time 17380 - 04:49:40)(time 17500 - 04:51:40) ->    14(time 17560 - 04:52:40)(time 17740 - 04:55:40) ->    15(time 17920 - 04:58:40)(time 17920 - 04:58:40) -> 31
> Trip 3
   31(time 17920 - 04:58:40)(time 18100 - 05:01:40) ->    30(time 18160 - 05:02:40)(time 18280 - 05:04:40) ->    29(time 18340 - 05:05:40)(time 18520 - 05:08:40) ->    28(time 18580 - 05:09:40)(time 18820 - 05:13:40) ->    27(time 18880 - 05:14:40)(time 19000 - 05:16:40) ->    26(time 19040 - 05:17:20)(time 19280 - 05:21:20) ->    25(time 19340 - 05:22:20)(time 19640 - 05:27:20) ->    24(time 19700 - 05:28:20)(time 20060 - 05:34:20) ->    23(time 20180 - 05:36:20)(time 20360 - 05:39:20) ->    22(time 20720 - 05:45:20)(time 20760 - 05:46:00) ->    21(time 20820 - 05:47:00)(time 21000 - 05:50:00) ->    20(time 21060 - 05:51:00)(time 21240 - 05:54:00) ->    19(time 21300 - 05:55:00)(time 21540 - 05:59:00) ->    18(time 21580 - 05:59:40)(time 21700 - 06:01:40) ->    17(time 21760 - 06:02:40)(time 22000 - 06:06:40) ->    16(time 22120 - 06:08:40)(time 22120 - 06:08:40) ->    0(time 22120 - 06:08:40)(time 22360 - 06:12:40) ->    1(time 22420 - 06:13:40)(time 22540 - 06:15:40) ->    2(time 22580 - 06:16:20)(time 22820 - 06:20:20) ->    3(time 22880 - 06:21:20)(time 23060 - 06:24:20) ->    4(time 23120 - 06:25:20)(time 23300 - 06:28:20) ->    5(time 23360 - 06:29:20)(time 23400 - 06:30:00) ->    6(time 23440 - 06:30:40)(time 23620 - 06:33:40) ->    7(time 23740 - 06:35:40)(time 24100 - 06:41:40) ->    8(time 24360 - 06:46:00)(time 24660 - 06:51:00) ->    9(time 24720 - 06:52:00)(time 24960 - 06:56:00) ->    10(time 25000 - 06:56:40)(time 25120 - 06:58:40) ->    11(time 25180 - 06:59:40)(time 25420 - 07:03:40) ->    12(time 25480 - 07:04:40)(time 25660 - 07:07:40) ->    13(time 25720 - 07:08:40)(time 25840 - 07:10:40) ->    14(time 25900 - 07:11:40)(time 26080 - 07:14:40) ->    15(time 26200 - 07:16:40)(time 26200 - 07:16:40) -> 31
