t4p14r2h4.txt:
   > Trying to open the instance file...
   > Reading number of trains...
   > Reading maximum number of trips per train...
   > Reading time intervals...
   > Reading number of points...
   > Reading stations...
   > Reading crossings...
   > Reading depots...
   > Reading initial point...
   > Reading routes...
   > Reading distance and distance and service...
   > Reading demands...
   > Reading maximum time...
   > Reading alpha...

--------------------------------
 Printing instance
--------------------------------
number of trains = 4
	max trips per trains: 4     4     4     4
number of intervals = 4
	(0,  15817)	(15818,  31634)	(31635,  47451)	(47452,  63268)
number of points = 14
	initial point: 13
	stations: 0     1     2     3     4     6     8     9    10    11    12    13
	crossings: 0     2     4     5     7     9    13
	depots: 0    13
number of vertices = 28
	total vertices: 0     1     2     3     4     5     6     7     8     9    10    11    12    13    14    15    16    17    18    19    20    21    22    23    24    25    26    27
	upper vertices: 0     1     2     3     4     5     6     7     8     9    10    11    12    13
	lower vertices: 14    15    16    17    18    19    20    21    22    23    24    25    26    27
	vertices of point #0: (0, 14)
	vertices of point #1: (1, 15)
	vertices of point #2: (2, 16)
	vertices of point #3: (3, 17)
	vertices of point #4: (4, 18)
	vertices of point #5: (5, 19)
	vertices of point #6: (6, 20)
	vertices of point #7: (7, 21)
	vertices of point #8: (8, 22)
	vertices of point #9: (9, 23)
	vertices of point #10: (10, 24)
	vertices of point #11: (11, 25)
	vertices of point #12: (12, 26)
	vertices of point #13: (13, 27)

arcs...
	total arcs: 
		arc #0: (0, 1)
		arc #1: (0, 14)
		arc #2: (14, 0)
		arc #3: (1, 2)
		arc #4: (15, 14)
		arc #5: (2, 3)
		arc #6: (16, 15)
		arc #7: (3, 4)
		arc #8: (17, 16)
		arc #9: (4, 5)
		arc #10: (18, 17)
		arc #11: (5, 6)
		arc #12: (19, 18)
		arc #13: (6, 7)
		arc #14: (20, 19)
		arc #15: (7, 8)
		arc #16: (21, 20)
		arc #17: (8, 9)
		arc #18: (22, 21)
		arc #19: (9, 10)
		arc #20: (23, 22)
		arc #21: (10, 11)
		arc #22: (24, 23)
		arc #23: (11, 12)
		arc #24: (25, 24)
		arc #25: (12, 13)
		arc #26: (26, 25)
		arc #27: (27, 26)
		arc #28: (13, 27)
		arc #29: (27, 13)

	reverse arcs: 
		arc #1: (0, 14)
		arc #2: (14, 0)
		arc #28: (13, 27)
		arc #29: (27, 13)


incompatible points...
	(0, 1, 16, (1, 2))	(16, 15, 0, (15, 14))	(2, 3, 18, (3, 4))	(18, 17, 2, (17, 16))	(4, 4, 19, (4, 5))	(19, 19, 4, (19, 18))	(5, 6, 21, (6, 7))	(21, 20, 5, (20, 19))	(7, 8, 23, (8, 9))	(23, 22, 7, (22, 21))	(9, 12, 27, (12, 13))	(27, 24, 9, (24, 23))

number of routes = 2
vertices of routes...
	route #0: 0     1     2     3     4     5     6     7     8     9    10    11    12    13    27    26    25    24    23    22    21    20    19    18    17    16    15    14     0
	route #1: 27    26    25    24    23    22    21    20    19    18    17    16    15    14     0     1     2     3     4     5     6     7     8     9    10    11    12    13    27
arcs of routes...
	route #0: 0     3     5     7     9    11    13    15    17    19    21    23    25    28    27    26    24    22    20    18    16    14    12    10     8     6     4     2
	route #1: 27    26    24    22    20    18    16    14    12    10     8     6     4     2     0     3     5     7     9    11    13    15    17    19    21    23    25    28

incompatible routes...
	(0, 1)    	(1, 0)

vertices that can be adjacent in consecutive trips...
	(0, 0)    	(27, 27)
non cyclical routes: 


routes of trip...
	routes that train #0 can complete at trip #0: 1
	routes that train #0 can complete at trip #1: 0       1
	routes that train #0 can complete at trip #2: 0       1
	routes that train #0 can complete at trip #3: 0       1

	routes that train #1 can complete at trip #0: 1
	routes that train #1 can complete at trip #1: 0       1
	routes that train #1 can complete at trip #2: 0       1
	routes that train #1 can complete at trip #3: 0       1

	routes that train #2 can complete at trip #0: 1
	routes that train #2 can complete at trip #1: 0       1
	routes that train #2 can complete at trip #2: 0       1
	routes that train #2 can complete at trip #3: 0       1

	routes that train #3 can complete at trip #0: 1
	routes that train #3 can complete at trip #1: 0       1
	routes that train #3 can complete at trip #2: 0       1
	routes that train #3 can complete at trip #3: 0       1

 cost...
	arc #0 [0][1]: 288
	arc #1 [0][14]: 0
	arc #2 [14][0]: 0
	arc #3 [1][2]: 302
	arc #4 [15][14]: 288
	arc #5 [2][3]: 307
	arc #6 [16][15]: 302
	arc #7 [3][4]: 307
	arc #8 [17][16]: 307
	arc #9 [4][5]: 312
	arc #10 [18][17]: 307
	arc #11 [5][6]: 334
	arc #12 [19][18]: 312
	arc #13 [6][7]: 301
	arc #14 [20][19]: 334
	arc #15 [7][8]: 289
	arc #16 [21][20]: 301
	arc #17 [8][9]: 290
	arc #18 [22][21]: 289
	arc #19 [9][10]: 323
	arc #20 [23][22]: 290
	arc #21 [10][11]: 314
	arc #22 [24][23]: 323
	arc #23 [11][12]: 308
	arc #24 [25][24]: 314
	arc #25 [12][13]: 327
	arc #26 [26][25]: 308
	arc #27 [27][26]: 327
	arc #28 [13][27]: 0
	arc #29 [27][13]: 0

cost with minimum service...
	arc #0 [0][1]: 369
	arc #1 [0][14]: 0
	arc #2 [14][0]: 0
	arc #3 [1][2]: 383
	arc #4 [15][14]: 564
	arc #5 [2][3]: 388
	arc #6 [16][15]: 383
	arc #7 [3][4]: 388
	arc #8 [17][16]: 388
	arc #9 [4][5]: 347
	arc #10 [18][17]: 388
	arc #11 [5][6]: 415
	arc #12 [19][18]: 393
	arc #13 [6][7]: 336
	arc #14 [20][19]: 369
	arc #15 [7][8]: 370
	arc #16 [21][20]: 382
	arc #17 [8][9]: 371
	arc #18 [22][21]: 324
	arc #19 [9][10]: 404
	arc #20 [23][22]: 371
	arc #21 [10][11]: 395
	arc #22 [24][23]: 404
	arc #23 [11][12]: 389
	arc #24 [25][24]: 395
	arc #25 [12][13]: 603
	arc #26 [26][25]: 389
	arc #27 [27][26]: 408
	arc #28 [13][27]: 0
	arc #29 [27][13]: 0

cost with maximum service...
	arc #0 [0][1]: 749
	arc #1 [0][14]: 461
	arc #2 [14][0]: 461
	arc #3 [1][2]: 763
	arc #4 [15][14]: 749
	arc #5 [2][3]: 768
	arc #6 [16][15]: 763
	arc #7 [3][4]: 768
	arc #8 [17][16]: 768
	arc #9 [4][5]: 773
	arc #10 [18][17]: 768
	arc #11 [5][6]: 795
	arc #12 [19][18]: 773
	arc #13 [6][7]: 762
	arc #14 [20][19]: 795
	arc #15 [7][8]: 750
	arc #16 [21][20]: 762
	arc #17 [8][9]: 751
	arc #18 [22][21]: 750
	arc #19 [9][10]: 784
	arc #20 [23][22]: 751
	arc #21 [10][11]: 775
	arc #22 [24][23]: 784
	arc #23 [11][12]: 769
	arc #24 [25][24]: 775
	arc #25 [12][13]: 788
	arc #26 [26][25]: 769
	arc #27 [27][26]: 788
	arc #28 [13][27]: 461
	arc #29 [27][13]: 461

demands...
	demands of vertex 0 at time interval: 3     3     3     3
	demands of vertex 1 at time interval: 3     3     3     3
	demands of vertex 2 at time interval: 3     3     3     3
	demands of vertex 3 at time interval: 3     3     3     3
	demands of vertex 4 at time interval: 3     3     3     3
	demands of vertex 5 at time interval: 0     0     0     0
	demands of vertex 6 at time interval: 3     3     3     3
	demands of vertex 7 at time interval: 0     0     0     0
	demands of vertex 8 at time interval: 3     3     3     3
	demands of vertex 9 at time interval: 3     3     3     3
	demands of vertex 10 at time interval: 3     3     3     3
	demands of vertex 11 at time interval: 3     3     3     3
	demands of vertex 12 at time interval: 3     3     3     3
	demands of vertex 13 at time interval: 0     0     0     0
	demands of vertex 14 at time interval: 0     0     0     0
	demands of vertex 15 at time interval: 3     3     3     3
	demands of vertex 16 at time interval: 3     3     3     3
	demands of vertex 17 at time interval: 3     3     3     3
	demands of vertex 18 at time interval: 3     3     3     3
	demands of vertex 19 at time interval: 0     0     0     0
	demands of vertex 20 at time interval: 3     3     3     3
	demands of vertex 21 at time interval: 0     0     0     0
	demands of vertex 22 at time interval: 3     3     3     3
	demands of vertex 23 at time interval: 3     3     3     3
	demands of vertex 24 at time interval: 3     3     3     3
	demands of vertex 25 at time interval: 3     3     3     3
	demands of vertex 26 at time interval: 3     3     3     3
	demands of vertex 27 at time interval: 3     3     3     3

maximum time = 63268
alpha = 87
Starting to test combinations... - Total number of combinations = 256
Found new best - 1/256
10% done - 26/256 combination(s) tested! (Thread 0)
20% done - 52/256 combination(s) tested! (Thread 0)
30% done - 78/256 combination(s) tested! (Thread 0)
40% done - 104/256 combination(s) tested! (Thread 0)
50% done - 130/256 combination(s) tested! (Thread 0)
60% done - 156/256 combination(s) tested! (Thread 0)
70% done - 182/256 combination(s) tested! (Thread 0)
80% done - 208/256 combination(s) tested! (Thread 0)
90% done - 234/256 combination(s) tested! (Thread 0)
All combination(s) tested!
1/256 were feasible combination(s)! - (0.391%)

>> Printing some results...
    -> Solution value = 42727 - 11:52:07
    -> Total time = 621.64
    -> Gap value = 0.00

=============
Train 0
=============
> Trip 0
   27(time 4898 - 01:21:38)(time 5225 - 01:27:05) ->    26(time 5306 - 01:28:26)(time 5614 - 01:33:34) ->    25(time 5695 - 01:34:55)(time 6009 - 01:40:09) ->    24(time 6090 - 01:41:30)(time 6413 - 01:46:53) ->    23(time 6494 - 01:48:14)(time 6784 - 01:53:04) ->    22(time 6865 - 01:54:25)(time 7154 - 01:59:14) ->    21(time 7189 - 01:59:49)(time 7490 - 02:04:50) ->    20(time 7571 - 02:06:11)(time 7905 - 02:11:45) ->    19(time 7940 - 02:12:20)(time 8252 - 02:17:32) ->    18(time 8711 - 02:25:11)(time 9018 - 02:30:18) ->    17(time 9099 - 02:31:39)(time 9406 - 02:36:46) ->    16(time 9487 - 02:38:07)(time 9789 - 02:43:09) ->    15(time 9870 - 02:44:30)(time 10158 - 02:49:18) ->    14(time 10434 - 02:53:54)(time 10434 - 02:53:54) ->    0(time 10710 - 02:58:30)(time 10998 - 03:03:18) ->    1(time 11079 - 03:04:39)(time 11381 - 03:09:41) ->    2(time 11462 - 03:11:02)(time 11769 - 03:16:09) ->    3(time 11850 - 03:17:30)(time 12157 - 03:22:37) ->    4(time 12238 - 03:23:58)(time 12550 - 03:29:10) ->    5(time 12585 - 03:29:45)(time 12919 - 03:35:19) ->    6(time 13000 - 03:36:40)(time 13301 - 03:41:41) ->    7(time 13336 - 03:42:16)(time 13625 - 03:47:05) ->    8(time 13706 - 03:48:26)(time 13996 - 03:53:16) ->    9(time 14077 - 03:54:37)(time 14400 - 04:00:00) ->    10(time 14481 - 04:01:21)(time 14795 - 04:06:35) ->    11(time 14876 - 04:07:56)(time 15184 - 04:13:04) ->    12(time 15265 - 04:14:25)(time 15592 - 04:19:52) ->    13(time 15868 - 04:24:28)(time 15868 - 04:24:28) -> 27
> Trip 1
   27(time 16231 - 04:30:31)(time 16558 - 04:35:58) ->    26(time 16639 - 04:37:19)(time 16947 - 04:42:27) ->    25(time 17028 - 04:43:48)(time 17342 - 04:49:02) ->    24(time 17423 - 04:50:23)(time 17746 - 04:55:46) ->    23(time 18207 - 05:03:27)(time 18497 - 05:08:17) ->    22(time 18578 - 05:09:38)(time 18867 - 05:14:27) ->    21(time 18902 - 05:15:02)(time 19203 - 05:20:03) ->    20(time 19284 - 05:21:24)(time 19618 - 05:26:58) ->    19(time 19664 - 05:27:44)(time 19976 - 05:32:56) ->    18(time 20437 - 05:40:37)(time 20744 - 05:45:44) ->    17(time 21205 - 05:53:25)(time 21512 - 05:58:32) ->    16(time 21973 - 06:06:13)(time 22275 - 06:11:15) ->    15(time 22649 - 06:17:29)(time 22937 - 06:22:17) ->    14(time 23213 - 06:26:53)(time 23213 - 06:26:53) ->    0(time 23213 - 06:26:53)(time 23501 - 06:31:41) ->    1(time 23582 - 06:33:02)(time 23884 - 06:38:04) ->    2(time 23965 - 06:39:25)(time 24272 - 06:44:32) ->    3(time 24353 - 06:45:53)(time 24660 - 06:51:00) ->    4(time 24741 - 06:52:21)(time 25053 - 06:57:33) ->    5(time 25358 - 07:02:38)(time 25692 - 07:08:12) ->    6(time 25773 - 07:09:33)(time 26074 - 07:14:34) ->    7(time 26535 - 07:22:15)(time 26824 - 07:27:04) ->    8(time 27285 - 07:34:45)(time 27575 - 07:39:35) ->    9(time 28036 - 07:47:16)(time 28359 - 07:52:39) ->    10(time 28440 - 07:54:00)(time 28754 - 07:59:14) ->    11(time 28835 - 08:00:35)(time 29143 - 08:05:43) ->    12(time 29224 - 08:07:04)(time 29551 - 08:12:31) ->    13(time 29827 - 08:17:07)(time 29827 - 08:17:07) -> 27
> Trip 2
   27(time 32594 - 09:03:14)(time 32921 - 09:08:41) ->    26(time 33002 - 09:10:02)(time 33310 - 09:15:10) ->    25(time 33391 - 09:16:31)(time 33705 - 09:21:45) ->    24(time 33786 - 09:23:06)(time 34109 - 09:28:29) ->    23(time 34190 - 09:29:50)(time 34480 - 09:34:40) ->    22(time 34561 - 09:36:01)(time 34850 - 09:40:50) ->    21(time 34885 - 09:41:25)(time 35186 - 09:46:26) ->    20(time 35267 - 09:47:47)(time 35601 - 09:53:21) ->    19(time 36062 - 10:01:02)(time 36374 - 10:06:14) ->    18(time 36835 - 10:13:55)(time 37142 - 10:19:02) ->    17(time 37603 - 10:26:43)(time 37910 - 10:31:50) ->    16(time 37991 - 10:33:11)(time 38293 - 10:38:13) ->    15(time 38374 - 10:39:34)(time 38662 - 10:44:22) ->    14(time 39123 - 10:52:03)(time 39123 - 10:52:03) ->    0(time 39123 - 10:52:03)(time 39411 - 10:56:51) ->    1(time 39492 - 10:58:12)(time 39794 - 11:03:14) ->    2(time 39875 - 11:04:35)(time 40182 - 11:09:42) ->    3(time 40263 - 11:11:03)(time 40570 - 11:16:10) ->    4(time 41031 - 11:23:51)(time 41343 - 11:29:03) ->    5(time 41804 - 11:36:44)(time 42138 - 11:42:18) ->    6(time 42219 - 11:43:39)(time 42520 - 11:48:40) ->    7(time 42981 - 11:56:21)(time 43270 - 12:01:10) ->    8(time 43374 - 12:02:54)(time 43664 - 12:07:44) ->    9(time 44125 - 12:15:25)(time 44448 - 12:20:48) ->    10(time 44909 - 12:28:29)(time 45223 - 12:33:43) ->    11(time 45684 - 12:41:24)(time 45992 - 12:46:32) ->    12(time 46073 - 12:47:53)(time 46400 - 12:53:20) ->    13(time 46676 - 12:57:56)(time 46676 - 12:57:56) -> 27
> Trip 3
   27(time 47539 - 13:12:19)(time 47866 - 13:17:46) ->    26(time 47947 - 13:19:07)(time 48255 - 13:24:15) ->    25(time 48336 - 13:25:36)(time 48650 - 13:30:50) ->    24(time 48731 - 13:32:11)(time 49054 - 13:37:34) ->    23(time 49135 - 13:38:55)(time 49425 - 13:43:45) ->    22(time 49506 - 13:45:06)(time 49795 - 13:49:55) ->    21(time 49830 - 13:50:30)(time 50131 - 13:55:31) ->    20(time 50212 - 13:56:52)(time 50546 - 14:02:26) ->    19(time 50581 - 14:03:01)(time 50893 - 14:08:13) ->    18(time 50974 - 14:09:34)(time 51281 - 14:14:41) ->    17(time 51362 - 14:16:02)(time 51669 - 14:21:09) ->    16(time 51756 - 14:22:36)(time 52058 - 14:27:38) ->    15(time 52322 - 14:32:02)(time 52610 - 14:36:50) ->    14(time 52886 - 14:41:26)(time 52886 - 14:41:26) ->    0(time 52973 - 14:42:53)(time 53261 - 14:47:41) ->    1(time 53450 - 14:50:50)(time 53752 - 14:55:52) ->    2(time 53833 - 14:57:13)(time 54140 - 15:02:20) ->    3(time 54221 - 15:03:41)(time 54528 - 15:08:48) ->    4(time 54609 - 15:10:09)(time 54921 - 15:15:21) ->    5(time 54956 - 15:15:56)(time 55290 - 15:21:30) ->    6(time 55371 - 15:22:51)(time 55672 - 15:27:52) ->    7(time 55788 - 15:29:48)(time 56077 - 15:34:37) ->    8(time 56158 - 15:35:58)(time 56448 - 15:40:48) ->    9(time 56529 - 15:42:09)(time 56852 - 15:47:32) ->    10(time 56933 - 15:48:53)(time 57247 - 15:54:07) ->    11(time 57328 - 15:55:28)(time 57636 - 16:00:36) ->    12(time 57717 - 16:01:57)(time 58044 - 16:07:24) ->    13(time 58320 - 16:12:00)(time 58320 - 16:12:00) -> 27
=============
Train 1
=============
> Trip 0
   27(time 5828 - 01:37:08)(time 6155 - 01:42:35) ->    26(time 6236 - 01:43:56)(time 6544 - 01:49:04) ->    25(time 6625 - 01:50:25)(time 6939 - 01:55:39) ->    24(time 7020 - 01:57:00)(time 7343 - 02:02:23) ->    23(time 7424 - 02:03:44)(time 7714 - 02:08:34) ->    22(time 7795 - 02:09:55)(time 8084 - 02:14:44) ->    21(time 8119 - 02:15:19)(time 8420 - 02:20:20) ->    20(time 8501 - 02:21:41)(time 8835 - 02:27:15) ->    19(time 8870 - 02:27:50)(time 9182 - 02:33:02) ->    18(time 9263 - 02:34:23)(time 9570 - 02:39:30) ->    17(time 9651 - 02:40:51)(time 9958 - 02:45:58) ->    16(time 10039 - 02:47:19)(time 10341 - 02:52:21) ->    15(time 10422 - 02:53:42)(time 10710 - 02:58:30) ->    14(time 10986 - 03:03:06)(time 10986 - 03:03:06) ->    0(time 10986 - 03:03:06)(time 11274 - 03:07:54) ->    1(time 11436 - 03:10:36)(time 11738 - 03:15:38) ->    2(time 12014 - 03:20:14)(time 12321 - 03:25:21) ->    3(time 12402 - 03:26:42)(time 12709 - 03:31:49) ->    4(time 12790 - 03:33:10)(time 13102 - 03:38:22) ->    5(time 13137 - 03:38:57)(time 13471 - 03:44:31) ->    6(time 13552 - 03:45:52)(time 13853 - 03:50:53) ->    7(time 13888 - 03:51:28)(time 14177 - 03:56:17) ->    8(time 14258 - 03:57:38)(time 14548 - 04:02:28) ->    9(time 14629 - 04:03:49)(time 14952 - 04:09:12) ->    10(time 15033 - 04:10:33)(time 15347 - 04:15:47) ->    11(time 15428 - 04:17:08)(time 15736 - 04:22:16) ->    12(time 15817 - 04:23:37)(time 16144 - 04:29:04) ->    13(time 16420 - 04:33:40)(time 16420 - 04:33:40) -> 27
> Trip 1
   27(time 22455 - 06:14:15)(time 22782 - 06:19:42) ->    26(time 23243 - 06:27:23)(time 23551 - 06:32:31) ->    25(time 24012 - 06:40:12)(time 24326 - 06:45:26) ->    24(time 24407 - 06:46:47)(time 24730 - 06:52:10) ->    23(time 24811 - 06:53:31)(time 25101 - 06:58:21) ->    22(time 25562 - 07:06:02)(time 25851 - 07:10:51) ->    21(time 26312 - 07:18:32)(time 26613 - 07:23:33) ->    20(time 26694 - 07:24:54)(time 27028 - 07:30:28) ->    19(time 27063 - 07:31:03)(time 27375 - 07:36:15) ->    18(time 27456 - 07:37:36)(time 27763 - 07:42:43) ->    17(time 27844 - 07:44:04)(time 28151 - 07:49:11) ->    16(time 28232 - 07:50:32)(time 28534 - 07:55:34) ->    15(time 28615 - 07:56:55)(time 28903 - 08:01:43) ->    14(time 29179 - 08:06:19)(time 29179 - 08:06:19) ->    0(time 29640 - 08:14:00)(time 29928 - 08:18:48) ->    1(time 30389 - 08:26:29)(time 30691 - 08:31:31) ->    2(time 31152 - 08:39:12)(time 31459 - 08:44:19) ->    3(time 31540 - 08:45:40)(time 31847 - 08:50:47) ->    4(time 31928 - 08:52:08)(time 32240 - 08:57:20) ->    5(time 32286 - 08:58:06)(time 32620 - 09:03:40) ->    6(time 32701 - 09:05:01)(time 33002 - 09:10:02) ->    7(time 33037 - 09:10:37)(time 33326 - 09:15:26) ->    8(time 33407 - 09:16:47)(time 33697 - 09:21:37) ->    9(time 34158 - 09:29:18)(time 34481 - 09:34:41) ->    10(time 34942 - 09:42:22)(time 35256 - 09:47:36) ->    11(time 35337 - 09:48:57)(time 35645 - 09:54:05) ->    12(time 35726 - 09:55:26)(time 36053 - 10:00:53) ->    13(time 36329 - 10:05:29)(time 36329 - 10:05:29) -> 27
> Trip 2
   27(time 36329 - 10:05:29)(time 36656 - 10:10:56) ->    26(time 36737 - 10:12:17)(time 37045 - 10:17:25) ->    25(time 37126 - 10:18:46)(time 37440 - 10:24:00) ->    24(time 37521 - 10:25:21)(time 37844 - 10:30:44) ->    23(time 37925 - 10:32:05)(time 38215 - 10:36:55) ->    22(time 38296 - 10:38:16)(time 38585 - 10:43:05) ->    21(time 38620 - 10:43:40)(time 38921 - 10:48:41) ->    20(time 39002 - 10:50:02)(time 39336 - 10:55:36) ->    19(time 39797 - 11:03:17)(time 40109 - 11:08:29) ->    18(time 40570 - 11:16:10)(time 40877 - 11:21:17) ->    17(time 40958 - 11:22:38)(time 41265 - 11:27:45) ->    16(time 41346 - 11:29:06)(time 41648 - 11:34:08) ->    15(time 41729 - 11:35:29)(time 42017 - 11:40:17) ->    14(time 42293 - 11:44:53)(time 42293 - 11:44:53) ->    0(time 42293 - 11:44:53)(time 42581 - 11:49:41) ->    1(time 42662 - 11:51:02)(time 42964 - 11:56:04) ->    2(time 43045 - 11:57:25)(time 43352 - 12:02:32) ->    3(time 43433 - 12:03:53)(time 43740 - 12:09:00) ->    4(time 43821 - 12:10:21)(time 44133 - 12:15:33) ->    5(time 44168 - 12:16:08)(time 44502 - 12:21:42) ->    6(time 44583 - 12:23:03)(time 44884 - 12:28:04) ->    7(time 44919 - 12:28:39)(time 45208 - 12:33:28) ->    8(time 45289 - 12:34:49)(time 45579 - 12:39:39) ->    9(time 45660 - 12:41:00)(time 45983 - 12:46:23) ->    10(time 46064 - 12:47:44)(time 46378 - 12:52:58) ->    11(time 46459 - 12:54:19)(time 46767 - 12:59:27) ->    12(time 46848 - 13:00:48)(time 47175 - 13:06:15) ->    13(time 47451 - 13:10:51)(time 47451 - 13:10:51) -> 27
> Trip 3
   27(time 47452 - 13:10:52)(time 47779 - 13:16:19) ->    26(time 47860 - 13:17:40)(time 48168 - 13:22:48) ->    25(time 48249 - 13:24:09)(time 48563 - 13:29:23) ->    24(time 48644 - 13:30:44)(time 48967 - 13:36:07) ->    23(time 49048 - 13:37:28)(time 49338 - 13:42:18) ->    22(time 49419 - 13:43:39)(time 49708 - 13:48:28) ->    21(time 49743 - 13:49:03)(time 50044 - 13:54:04) ->    20(time 50125 - 13:55:25)(time 50459 - 14:00:59) ->    19(time 50494 - 14:01:34)(time 50806 - 14:06:46) ->    18(time 50887 - 14:08:07)(time 51194 - 14:13:14) ->    17(time 51275 - 14:14:35)(time 51582 - 14:19:42) ->    16(time 51663 - 14:21:03)(time 51965 - 14:26:05) ->    15(time 52046 - 14:27:26)(time 52334 - 14:32:14) ->    14(time 52610 - 14:36:50)(time 52610 - 14:36:50) ->    0(time 52886 - 14:41:26)(time 53174 - 14:46:14) ->    1(time 53255 - 14:47:35)(time 53557 - 14:52:37) ->    2(time 53638 - 14:53:58)(time 53945 - 14:59:05) ->    3(time 54026 - 15:00:26)(time 54333 - 15:05:33) ->    4(time 54414 - 15:06:54)(time 54726 - 15:12:06) ->    5(time 54761 - 15:12:41)(time 55095 - 15:18:15) ->    6(time 55176 - 15:19:36)(time 55477 - 15:24:37) ->    7(time 55512 - 15:25:12)(time 55801 - 15:30:01) ->    8(time 55882 - 15:31:22)(time 56172 - 15:36:12) ->    9(time 56253 - 15:37:33)(time 56576 - 15:42:56) ->    10(time 56657 - 15:44:17)(time 56971 - 15:49:31) ->    11(time 57052 - 15:50:52)(time 57360 - 15:56:00) ->    12(time 57441 - 15:57:21)(time 57768 - 16:02:48) ->    13(time 58044 - 16:07:24)(time 58044 - 16:07:24) -> 27
=============
Train 2
=============
> Trip 0
   27(time 5915 - 01:38:35)(time 6242 - 01:44:02) ->    26(time 6323 - 01:45:23)(time 6631 - 01:50:31) ->    25(time 6712 - 01:51:52)(time 7026 - 01:57:06) ->    24(time 7487 - 02:04:47)(time 7810 - 02:10:10) ->    23(time 8271 - 02:17:51)(time 8561 - 02:22:41) ->    22(time 9022 - 02:30:22)(time 9311 - 02:35:11) ->    21(time 9438 - 02:37:18)(time 9739 - 02:42:19) ->    20(time 9820 - 02:43:40)(time 10154 - 02:49:14) ->    19(time 10189 - 02:49:49)(time 10501 - 02:55:01) ->    18(time 10582 - 02:56:22)(time 10889 - 03:01:29) ->    17(time 10970 - 03:02:50)(time 11277 - 03:07:57) ->    16(time 11738 - 03:15:38)(time 12040 - 03:20:40) ->    15(time 12409 - 03:26:49)(time 12697 - 03:31:37) ->    14(time 13158 - 03:39:18)(time 13158 - 03:39:18) ->    0(time 13619 - 03:46:59)(time 13907 - 03:51:47) ->    1(time 13988 - 03:53:08)(time 14290 - 03:58:10) ->    2(time 14371 - 03:59:31)(time 14678 - 04:04:38) ->    3(time 14759 - 04:05:59)(time 15066 - 04:11:06) ->    4(time 15147 - 04:12:27)(time 15459 - 04:17:39) ->    5(time 15494 - 04:18:14)(time 15828 - 04:23:48) ->    6(time 15909 - 04:25:09)(time 16210 - 04:30:10) ->    7(time 16245 - 04:30:45)(time 16534 - 04:35:34) ->    8(time 16995 - 04:43:15)(time 17285 - 04:48:05) ->    9(time 17746 - 04:55:46)(time 18069 - 05:01:09) ->    10(time 18150 - 05:02:30)(time 18464 - 05:07:44) ->    11(time 18545 - 05:09:05)(time 18853 - 05:14:13) ->    12(time 18934 - 05:15:34)(time 19261 - 05:21:01) ->    13(time 19537 - 05:25:37)(time 19537 - 05:25:37) -> 27
> Trip 1
   27(time 19537 - 05:25:37)(time 19864 - 05:31:04) ->    26(time 19945 - 05:32:25)(time 20253 - 05:37:33) ->    25(time 20334 - 05:38:54)(time 20648 - 05:44:08) ->    24(time 20729 - 05:45:29)(time 21052 - 05:50:52) ->    23(time 21133 - 05:52:13)(time 21423 - 05:57:03) ->    22(time 21504 - 05:58:24)(time 21793 - 06:03:13) ->    21(time 21828 - 06:03:48)(time 22129 - 06:08:49) ->    20(time 22210 - 06:10:10)(time 22544 - 06:15:44) ->    19(time 22579 - 06:16:19)(time 22891 - 06:21:31) ->    18(time 23108 - 06:25:08)(time 23415 - 06:30:15) ->    17(time 23496 - 06:31:36)(time 23803 - 06:36:43) ->    16(time 23884 - 06:38:04)(time 24186 - 06:43:06) ->    15(time 24267 - 06:44:27)(time 24555 - 06:49:15) ->    14(time 24831 - 06:53:51)(time 24831 - 06:53:51) ->    0(time 24831 - 06:53:51)(time 25119 - 06:58:39) ->    1(time 25200 - 07:00:00)(time 25502 - 07:05:02) ->    2(time 25583 - 07:06:23)(time 25890 - 07:11:30) ->    3(time 25971 - 07:12:51)(time 26278 - 07:17:58) ->    4(time 26739 - 07:25:39)(time 27051 - 07:30:51) ->    5(time 27086 - 07:31:26)(time 27420 - 07:37:00) ->    6(time 27501 - 07:38:21)(time 27802 - 07:43:22) ->    7(time 27837 - 07:43:57)(time 28126 - 07:48:46) ->    8(time 28207 - 07:50:07)(time 28497 - 07:54:57) ->    9(time 28958 - 08:02:38)(time 29281 - 08:08:01) ->    10(time 29742 - 08:15:42)(time 30056 - 08:20:56) ->    11(time 30137 - 08:22:17)(time 30445 - 08:27:25) ->    12(time 30526 - 08:28:46)(time 30853 - 08:34:13) ->    13(time 31129 - 08:38:49)(time 31129 - 08:38:49) -> 27
> Trip 2
   27(time 31129 - 08:38:49)(time 31456 - 08:44:16) ->    26(time 31917 - 08:51:57)(time 32225 - 08:57:05) ->    25(time 32686 - 09:04:46)(time 33000 - 09:10:00) ->    24(time 33319 - 09:15:19)(time 33642 - 09:20:42) ->    23(time 33723 - 09:22:03)(time 34013 - 09:26:53) ->    22(time 34474 - 09:34:34)(time 34763 - 09:39:23) ->    21(time 34798 - 09:39:58)(time 35099 - 09:44:59) ->    20(time 35180 - 09:46:20)(time 35514 - 09:51:54) ->    19(time 35601 - 09:53:21)(time 35913 - 09:58:33) ->    18(time 35994 - 09:59:54)(time 36301 - 10:05:01) ->    17(time 36382 - 10:06:22)(time 36689 - 10:11:29) ->    16(time 36770 - 10:12:50)(time 37072 - 10:17:52) ->    15(time 37533 - 10:25:33)(time 37821 - 10:30:21) ->    14(time 38282 - 10:38:02)(time 38282 - 10:38:02) ->    0(time 38743 - 10:45:43)(time 39031 - 10:50:31) ->    1(time 39112 - 10:51:52)(time 39414 - 10:56:54) ->    2(time 39782 - 11:03:02)(time 40089 - 11:08:09) ->    3(time 40170 - 11:09:30)(time 40477 - 11:14:37) ->    4(time 40558 - 11:15:58)(time 40870 - 11:21:10) ->    5(time 40905 - 11:21:45)(time 41239 - 11:27:19) ->    6(time 41320 - 11:28:40)(time 41621 - 11:33:41) ->    7(time 42082 - 11:41:22)(time 42371 - 11:46:11) ->    8(time 42452 - 11:47:32)(time 42742 - 11:52:22) ->    9(time 43203 - 12:00:03)(time 43526 - 12:05:26) ->    10(time 43607 - 12:06:47)(time 43921 - 12:12:01) ->    11(time 44002 - 12:13:22)(time 44310 - 12:18:30) ->    12(time 44771 - 12:26:11)(time 45098 - 12:31:38) ->    13(time 45374 - 12:36:14)(time 45374 - 12:36:14) -> 27
> Trip 3
   27(time 47626 - 13:13:46)(time 47953 - 13:19:13) ->    26(time 48034 - 13:20:34)(time 48342 - 13:25:42) ->    25(time 48423 - 13:27:03)(time 48737 - 13:32:17) ->    24(time 48818 - 13:33:38)(time 49141 - 13:39:01) ->    23(time 49222 - 13:40:22)(time 49512 - 13:45:12) ->    22(time 49593 - 13:46:33)(time 49882 - 13:51:22) ->    21(time 49917 - 13:51:57)(time 50218 - 13:56:58) ->    20(time 50299 - 13:58:19)(time 50633 - 14:03:53) ->    19(time 50668 - 14:04:28)(time 50980 - 14:09:40) ->    18(time 51061 - 14:11:01)(time 51368 - 14:16:08) ->    17(time 51449 - 14:17:29)(time 51756 - 14:22:36) ->    16(time 52215 - 14:30:15)(time 52517 - 14:35:17) ->    15(time 52598 - 14:36:38)(time 52886 - 14:41:26) ->    14(time 53162 - 14:46:02)(time 53162 - 14:46:02) ->    0(time 53162 - 14:46:02)(time 53450 - 14:50:50) ->    1(time 53807 - 14:56:47)(time 54109 - 15:01:49) ->    2(time 54190 - 15:03:10)(time 54497 - 15:08:17) ->    3(time 54578 - 15:09:38)(time 54885 - 15:14:45) ->    4(time 54966 - 15:16:06)(time 55278 - 15:21:18) ->    5(time 55313 - 15:21:53)(time 55647 - 15:27:27) ->    6(time 55728 - 15:28:48)(time 56029 - 15:33:49) ->    7(time 56064 - 15:34:24)(time 56353 - 15:39:13) ->    8(time 56434 - 15:40:34)(time 56724 - 15:45:24) ->    9(time 56805 - 15:46:45)(time 57128 - 15:52:08) ->    10(time 57209 - 15:53:29)(time 57523 - 15:58:43) ->    11(time 57604 - 16:00:04)(time 57912 - 16:05:12) ->    12(time 57993 - 16:06:33)(time 58320 - 16:12:00) ->    13(time 58596 - 16:16:36)(time 58596 - 16:16:36) -> 27
=============
Train 3
=============
> Trip 0
   27(time 5552 - 01:32:32)(time 5879 - 01:37:59) ->    26(time 5960 - 01:39:20)(time 6268 - 01:44:28) ->    25(time 6349 - 01:45:49)(time 6663 - 01:51:03) ->    24(time 6744 - 01:52:24)(time 7067 - 01:57:47) ->    23(time 7148 - 01:59:08)(time 7438 - 02:03:58) ->    22(time 7519 - 02:05:19)(time 7808 - 02:10:08) ->    21(time 7843 - 02:10:43)(time 8144 - 02:15:44) ->    20(time 8225 - 02:17:05)(time 8559 - 02:22:39) ->    19(time 8594 - 02:23:14)(time 8906 - 02:28:26) ->    18(time 8987 - 02:29:47)(time 9294 - 02:34:54) ->    17(time 9375 - 02:36:15)(time 9682 - 02:41:22) ->    16(time 9763 - 02:42:43)(time 10065 - 02:47:45) ->    15(time 10146 - 02:49:06)(time 10434 - 02:53:54) ->    14(time 10710 - 02:58:30)(time 10710 - 02:58:30) ->    0(time 10899 - 03:01:39)(time 11187 - 03:06:27) ->    1(time 11268 - 03:07:48)(time 11570 - 03:12:50) ->    2(time 11738 - 03:15:38)(time 12045 - 03:20:45) ->    3(time 12126 - 03:22:06)(time 12433 - 03:27:13) ->    4(time 12514 - 03:28:34)(time 12826 - 03:33:46) ->    5(time 12861 - 03:34:21)(time 13195 - 03:39:55) ->    6(time 13276 - 03:41:16)(time 13577 - 03:46:17) ->    7(time 13612 - 03:46:52)(time 13901 - 03:51:41) ->    8(time 13982 - 03:53:02)(time 14272 - 03:57:52) ->    9(time 14353 - 03:59:13)(time 14676 - 04:04:36) ->    10(time 14757 - 04:05:57)(time 15071 - 04:11:11) ->    11(time 15152 - 04:12:32)(time 15460 - 04:17:40) ->    12(time 15541 - 04:19:01)(time 15868 - 04:24:28) ->    13(time 16144 - 04:29:04)(time 16144 - 04:29:04) -> 27
> Trip 1
   27(time 16144 - 04:29:04)(time 16471 - 04:34:31) ->    26(time 16552 - 04:35:52)(time 16860 - 04:41:00) ->    25(time 16941 - 04:42:21)(time 17255 - 04:47:35) ->    24(time 17336 - 04:48:56)(time 17659 - 04:54:19) ->    23(time 17740 - 04:55:40)(time 18030 - 05:00:30) ->    22(time 18111 - 05:01:51)(time 18400 - 05:06:40) ->    21(time 18435 - 05:07:15)(time 18736 - 05:12:16) ->    20(time 18817 - 05:13:37)(time 19151 - 05:19:11) ->    19(time 19186 - 05:19:46)(time 19498 - 05:24:58) ->    18(time 19579 - 05:26:19)(time 19886 - 05:31:26) ->    17(time 19967 - 05:32:47)(time 20274 - 05:37:54) ->    16(time 20355 - 05:39:15)(time 20657 - 05:44:17) ->    15(time 20738 - 05:45:38)(time 21026 - 05:50:26) ->    14(time 21302 - 05:55:02)(time 21302 - 05:55:02) ->    0(time 21302 - 05:55:02)(time 21590 - 05:59:50) ->    1(time 21671 - 06:01:11)(time 21973 - 06:06:13) ->    2(time 22054 - 06:07:34)(time 22361 - 06:12:41) ->    3(time 22442 - 06:14:02)(time 22749 - 06:19:09) ->    4(time 22891 - 06:21:31)(time 23203 - 06:26:43) ->    5(time 23238 - 06:27:18)(time 23572 - 06:32:52) ->    6(time 23653 - 06:34:13)(time 23954 - 06:39:14) ->    7(time 23989 - 06:39:49)(time 24278 - 06:44:38) ->    8(time 24359 - 06:45:59)(time 24649 - 06:50:49) ->    9(time 24730 - 06:52:10)(time 25053 - 06:57:33) ->    10(time 25134 - 06:58:54)(time 25448 - 07:04:08) ->    11(time 25529 - 07:05:29)(time 25837 - 07:10:37) ->    12(time 25918 - 07:11:58)(time 26245 - 07:17:25) ->    13(time 26521 - 07:22:01)(time 26521 - 07:22:01) -> 27
> Trip 2
   27(time 26521 - 07:22:01)(time 26848 - 07:27:28) ->    26(time 26929 - 07:28:49)(time 27237 - 07:33:57) ->    25(time 27318 - 07:35:18)(time 27632 - 07:40:32) ->    24(time 27713 - 07:41:53)(time 28036 - 07:47:16) ->    23(time 28497 - 07:54:57)(time 28787 - 07:59:47) ->    22(time 28868 - 08:01:08)(time 29157 - 08:05:57) ->    21(time 29192 - 08:06:32)(time 29493 - 08:11:33) ->    20(time 29574 - 08:12:54)(time 29908 - 08:18:28) ->    19(time 29943 - 08:19:03)(time 30255 - 08:24:15) ->    18(time 30336 - 08:25:36)(time 30643 - 08:30:43) ->    17(time 30724 - 08:32:04)(time 31031 - 08:37:11) ->    16(time 31112 - 08:38:32)(time 31414 - 08:43:34) ->    15(time 31495 - 08:44:55)(time 31783 - 08:49:43) ->    14(time 32059 - 08:54:19)(time 32059 - 08:54:19) ->    0(time 32520 - 09:02:00)(time 32808 - 09:06:48) ->    1(time 33269 - 09:14:29)(time 33571 - 09:19:31) ->    2(time 34032 - 09:27:12)(time 34339 - 09:32:19) ->    3(time 34800 - 09:40:00)(time 35107 - 09:45:07) ->    4(time 35289 - 09:48:09)(time 35601 - 09:53:21) ->    5(time 36062 - 10:01:02)(time 36396 - 10:06:36) ->    6(time 36477 - 10:07:57)(time 36778 - 10:12:58) ->    7(time 36813 - 10:13:33)(time 37102 - 10:18:22) ->    8(time 37183 - 10:19:43)(time 37473 - 10:24:33) ->    9(time 37844 - 10:30:44)(time 38167 - 10:36:07) ->    10(time 38248 - 10:37:28)(time 38562 - 10:42:42) ->    11(time 38643 - 10:44:03)(time 38951 - 10:49:11) ->    12(time 39032 - 10:50:32)(time 39359 - 10:55:59) ->    13(time 39635 - 11:00:35)(time 39635 - 11:00:35) -> 27
> Trip 3
   27(time 41688 - 11:34:48)(time 42015 - 11:40:15) ->    26(time 42096 - 11:41:36)(time 42404 - 11:46:44) ->    25(time 42485 - 11:48:05)(time 42799 - 11:53:19) ->    24(time 42880 - 11:54:40)(time 43203 - 12:00:03) ->    23(time 43664 - 12:07:44)(time 43954 - 12:12:34) ->    22(time 44415 - 12:20:15)(time 44704 - 12:25:04) ->    21(time 45165 - 12:32:45)(time 45466 - 12:37:46) ->    20(time 45927 - 12:45:27)(time 46261 - 12:51:01) ->    19(time 46722 - 12:58:42)(time 47034 - 13:03:54) ->    18(time 47495 - 13:11:35)(time 47802 - 13:16:42) ->    17(time 48263 - 13:24:23)(time 48570 - 13:29:30) ->    16(time 48651 - 13:30:51)(time 48953 - 13:35:53) ->    15(time 49034 - 13:37:14)(time 49322 - 13:42:02) ->    14(time 49783 - 13:49:43)(time 49783 - 13:49:43) ->    0(time 50244 - 13:57:24)(time 50532 - 14:02:12) ->    1(time 50993 - 14:09:53)(time 51295 - 14:14:55) ->    2(time 51756 - 14:22:36)(time 52063 - 14:27:43) ->    3(time 52144 - 14:29:04)(time 52451 - 14:34:11) ->    4(time 52532 - 14:35:32)(time 52844 - 14:40:44) ->    5(time 52879 - 14:41:19)(time 53213 - 14:46:53) ->    6(time 53294 - 14:48:14)(time 53595 - 14:53:15) ->    7(time 53630 - 14:53:50)(time 53919 - 14:58:39) ->    8(time 54000 - 15:00:00)(time 54290 - 15:04:50) ->    9(time 54371 - 15:06:11)(time 54694 - 15:11:34) ->    10(time 54775 - 15:12:55)(time 55089 - 15:18:09) ->    11(time 55170 - 15:19:30)(time 55478 - 15:24:38) ->    12(time 55559 - 15:25:59)(time 55886 - 15:31:26) ->    13(time 56162 - 15:36:02)(time 56162 - 15:36:02) -> 27
