t4p17r11h3.txt:
   > Trying to open the instance file...
   > Reading number of trains...
   > Reading maximum number of trips per train...
   > Reading time intervals...
   > Reading number of points...
   > Reading stations...
   > Reading crossings...
   > Reading depots...
   > Reading initial point...
   > Reading routes...
   > Reading distance and distance and service...
   > Reading demands...
   > Reading maximum time...
   > Reading alpha...

--------------------------------
 Printing instance
--------------------------------
number of trains = 4
	max trips per trains: 2     2     2     2
number of intervals = 3
	(0,  19813)	(19814,  39626)	(39627,  59439)
number of points = 17
	initial point: 16
	stations: 0     1     2     3     4     5     8     9    10    11    12    13    14    15    16
	crossings: 0     6     7     8    14    16
	depots: 0     8    14    16
number of vertices = 34
	total vertices: 0     1     2     3     4     5     6     7     8     9    10    11    12    13    14    15    16    17    18    19    20    21    22    23    24    25    26    27    28    29    30    31    32    33
	upper vertices: 0     1     2     3     4     5     6     7     8     9    10    11    12    13    14    15    16
	lower vertices: 17    18    19    20    21    22    23    24    25    26    27    28    29    30    31    32    33
	vertices of point #0: (0, 17)
	vertices of point #1: (1, 18)
	vertices of point #2: (2, 19)
	vertices of point #3: (3, 20)
	vertices of point #4: (4, 21)
	vertices of point #5: (5, 22)
	vertices of point #6: (6, 23)
	vertices of point #7: (7, 24)
	vertices of point #8: (8, 25)
	vertices of point #9: (9, 26)
	vertices of point #10: (10, 27)
	vertices of point #11: (11, 28)
	vertices of point #12: (12, 29)
	vertices of point #13: (13, 30)
	vertices of point #14: (14, 31)
	vertices of point #15: (15, 32)
	vertices of point #16: (16, 33)

arcs...
	total arcs: 
		arc #0: (0, 1)
		arc #1: (0, 17)
		arc #2: (17, 0)
		arc #3: (1, 2)
		arc #4: (18, 17)
		arc #5: (2, 3)
		arc #6: (19, 18)
		arc #7: (3, 4)
		arc #8: (20, 19)
		arc #9: (4, 5)
		arc #10: (21, 20)
		arc #11: (5, 6)
		arc #12: (22, 21)
		arc #13: (6, 7)
		arc #14: (23, 22)
		arc #15: (7, 8)
		arc #16: (24, 23)
		arc #17: (8, 9)
		arc #18: (25, 24)
		arc #19: (8, 25)
		arc #20: (25, 8)
		arc #21: (9, 10)
		arc #22: (26, 25)
		arc #23: (10, 11)
		arc #24: (27, 26)
		arc #25: (11, 12)
		arc #26: (28, 27)
		arc #27: (12, 13)
		arc #28: (29, 28)
		arc #29: (13, 14)
		arc #30: (30, 29)
		arc #31: (14, 15)
		arc #32: (31, 30)
		arc #33: (14, 31)
		arc #34: (31, 14)
		arc #35: (15, 16)
		arc #36: (32, 31)
		arc #37: (33, 32)
		arc #38: (16, 33)
		arc #39: (33, 16)

	reverse arcs: 
		arc #1: (0, 17)
		arc #2: (17, 0)
		arc #19: (8, 25)
		arc #20: (25, 8)
		arc #33: (14, 31)
		arc #34: (31, 14)
		arc #38: (16, 33)
		arc #39: (33, 16)


incompatible points...
	(0, 5, 23, (5, 6))	(23, 18, 0, (18, 17))	(6, 6, 24, (6, 7))	(24, 24, 6, (24, 23))	(7, 7, 25, (7, 8))	(25, 25, 7, (25, 24))	(8, 13, 31, (13, 14))	(31, 26, 8, (26, 25))	(14, 15, 33, (15, 16))	(33, 32, 14, (32, 31))

number of routes = 11
vertices of routes...
	route #0: 0     1     2     3     4     5     6     7     8     9    10    11    12    13    14    15    16    33    32    31    30    29    28    27    26    25    24    23    22    21    20    19    18    17     0
	route #1: 33    32    31    30    29    28    27    26    25    24    23    22    21    20    19    18    17     0     1     2     3     4     5     6     7     8     9    10    11    12    13    14    15    16    33
	route #2: 14    15    16
	route #3: 31    30    29    28    27    26    25    24    23    22    21    20    19    18    17
	route #4: 0     1     2     3     4     5     6     7     8     9    10    11    12    13    14
	route #5: 33    32    31
	route #6: 8     9    10    11    12    13    14    15    16
	route #7: 25    24    23    22    21    20    19    18    17
	route #8: 0     1     2     3     4     5     6     7     8
	route #9: 33    32    31    30    29    28    27    26    25
	route #10: 8     9    10    11    12    13    14
arcs of routes...
	route #0: 0     3     5     7     9    11    13    15    17    21    23    25    27    29    31    35    38    37    36    32    30    28    26    24    22    18    16    14    12    10     8     6     4     2
	route #1: 37    36    32    30    28    26    24    22    18    16    14    12    10     8     6     4     2     0     3     5     7     9    11    13    15    17    21    23    25    27    29    31    35    38
	route #2: 31    35
	route #3: 32    30    28    26    24    22    18    16    14    12    10     8     6     4
	route #4: 0     3     5     7     9    11    13    15    17    21    23    25    27    29
	route #5: 37    36
	route #6: 17    21    23    25    27    29    31    35
	route #7: 18    16    14    12    10     8     6     4
	route #8: 0     3     5     7     9    11    13    15
	route #9: 37    36    32    30    28    26    24    22
	route #10: 17    21    23    25    27    29

incompatible routes...
	(0, 1)    	(0, 2)    	(0, 3)    	(0, 5)    	(0, 6)    	(0, 7)    	(0, 9)    	(0, 10)    	(1, 0)    	(1, 2)    	(1, 3)    	(1, 4)    	(1, 6)    	(1, 7)    	(1, 8)    	(1, 10)    	(2, 0)    	(2, 2)    	(2, 3)    	(2, 4)    	(2, 6)    	(2, 7)    	(2, 8)    	(2, 10)    	(3, 1)    	(3, 2)    	(3, 3)    	(3, 5)    	(3, 6)    	(3, 7)    	(3, 9)    	(3, 10)    	(4, 0)    	(4, 1)    	(4, 4)    	(4, 5)    	(4, 6)    	(4, 7)    	(4, 8)    	(4, 9)    	(4, 10)    	(5, 0)    	(5, 1)    	(5, 4)    	(5, 5)    	(5, 6)    	(5, 7)    	(5, 8)    	(5, 9)    	(5, 10)    	(6, 0)    	(6, 2)    	(6, 3)    	(6, 4)    	(6, 6)    	(6, 7)    	(6, 8)    	(6, 10)    	(7, 1)    	(7, 2)    	(7, 3)    	(7, 5)    	(7, 6)    	(7, 7)    	(7, 9)    	(7, 10)    	(8, 0)    	(8, 1)    	(8, 2)    	(8, 3)    	(8, 4)    	(8, 5)    	(8, 8)    	(8, 9)    	(9, 0)    	(9, 1)    	(9, 2)    	(9, 3)    	(9, 4)    	(9, 5)    	(9, 8)    	(9, 9)    	(10, 0)    	(10, 1)    	(10, 4)    	(10, 5)    	(10, 6)    	(10, 7)    	(10, 8)    	(10, 9)    	(10, 10)

vertices that can be adjacent in consecutive trips...
	(0, 0)    	(8, 8)    	(8, 25)    	(14, 14)    	(14, 31)    	(16, 33)    	(17, 0)    	(25, 8)    	(25, 25)    	(31, 14)    	(31, 31)    	(33, 33)
non cyclical routes: 
       2       3       4       5       6       7       8       9      10

routes of trip...
	routes that train #0 can complete at trip #0: 1       5       9
	routes that train #0 can complete at trip #1: 0       1       2       3       4       5       6       7       8       9      10

	routes that train #1 can complete at trip #0: 1       5       9
	routes that train #1 can complete at trip #1: 0       1       2       3       4       5       6       7       8       9      10

	routes that train #2 can complete at trip #0: 1       5       9
	routes that train #2 can complete at trip #1: 0       1       2       3       4       5       6       7       8       9      10

	routes that train #3 can complete at trip #0: 1       5       9
	routes that train #3 can complete at trip #1: 0       1       2       3       4       5       6       7       8       9      10

 cost...
	arc #0 [0][1]: 451
	arc #1 [0][17]: 0
	arc #2 [17][0]: 0
	arc #3 [1][2]: 477
	arc #4 [18][17]: 451
	arc #5 [2][3]: 529
	arc #6 [19][18]: 477
	arc #7 [3][4]: 496
	arc #8 [20][19]: 529
	arc #9 [4][5]: 481
	arc #10 [21][20]: 496
	arc #11 [5][6]: 522
	arc #12 [22][21]: 481
	arc #13 [6][7]: 479
	arc #14 [23][22]: 522
	arc #15 [7][8]: 473
	arc #16 [24][23]: 479
	arc #17 [8][9]: 488
	arc #18 [25][24]: 473
	arc #19 [8][25]: 0
	arc #20 [25][8]: 0
	arc #21 [9][10]: 519
	arc #22 [26][25]: 488
	arc #23 [10][11]: 525
	arc #24 [27][26]: 519
	arc #25 [11][12]: 485
	arc #26 [28][27]: 525
	arc #27 [12][13]: 492
	arc #28 [29][28]: 485
	arc #29 [13][14]: 487
	arc #30 [30][29]: 492
	arc #31 [14][15]: 448
	arc #32 [31][30]: 487
	arc #33 [14][31]: 0
	arc #34 [31][14]: 0
	arc #35 [15][16]: 460
	arc #36 [32][31]: 448
	arc #37 [33][32]: 460
	arc #38 [16][33]: 0
	arc #39 [33][16]: 0

cost with minimum service...
	arc #0 [0][1]: 532
	arc #1 [0][17]: 0
	arc #2 [17][0]: 0
	arc #3 [1][2]: 558
	arc #4 [18][17]: 593
	arc #5 [2][3]: 610
	arc #6 [19][18]: 558
	arc #7 [3][4]: 577
	arc #8 [20][19]: 610
	arc #9 [4][5]: 562
	arc #10 [21][20]: 577
	arc #11 [5][6]: 586
	arc #12 [22][21]: 562
	arc #13 [6][7]: 543
	arc #14 [23][22]: 603
	arc #15 [7][8]: 615
	arc #16 [24][23]: 543
	arc #17 [8][9]: 569
	arc #18 [25][24]: 537
	arc #19 [8][25]: 0
	arc #20 [25][8]: 0
	arc #21 [9][10]: 600
	arc #22 [26][25]: 630
	arc #23 [10][11]: 606
	arc #24 [27][26]: 600
	arc #25 [11][12]: 566
	arc #26 [28][27]: 606
	arc #27 [12][13]: 573
	arc #28 [29][28]: 566
	arc #29 [13][14]: 629
	arc #30 [30][29]: 573
	arc #31 [14][15]: 529
	arc #32 [31][30]: 568
	arc #33 [14][31]: 0
	arc #34 [31][14]: 0
	arc #35 [15][16]: 602
	arc #36 [32][31]: 590
	arc #37 [33][32]: 541
	arc #38 [16][33]: 0
	arc #39 [33][16]: 0

cost with maximum service...
	arc #0 [0][1]: 944
	arc #1 [0][17]: 493
	arc #2 [17][0]: 493
	arc #3 [1][2]: 970
	arc #4 [18][17]: 944
	arc #5 [2][3]: 1022
	arc #6 [19][18]: 970
	arc #7 [3][4]: 989
	arc #8 [20][19]: 1022
	arc #9 [4][5]: 974
	arc #10 [21][20]: 989
	arc #11 [5][6]: 1015
	arc #12 [22][21]: 974
	arc #13 [6][7]: 972
	arc #14 [23][22]: 1015
	arc #15 [7][8]: 966
	arc #16 [24][23]: 972
	arc #17 [8][9]: 981
	arc #18 [25][24]: 966
	arc #19 [8][25]: 493
	arc #20 [25][8]: 493
	arc #21 [9][10]: 1012
	arc #22 [26][25]: 981
	arc #23 [10][11]: 1018
	arc #24 [27][26]: 1012
	arc #25 [11][12]: 978
	arc #26 [28][27]: 1018
	arc #27 [12][13]: 985
	arc #28 [29][28]: 978
	arc #29 [13][14]: 980
	arc #30 [30][29]: 985
	arc #31 [14][15]: 941
	arc #32 [31][30]: 980
	arc #33 [14][31]: 493
	arc #34 [31][14]: 493
	arc #35 [15][16]: 953
	arc #36 [32][31]: 941
	arc #37 [33][32]: 953
	arc #38 [16][33]: 493
	arc #39 [33][16]: 493

demands...
	demands of vertex 0 at time interval: 2     2     2
	demands of vertex 1 at time interval: 2     2     2
	demands of vertex 2 at time interval: 2     2     2
	demands of vertex 3 at time interval: 2     2     2
	demands of vertex 4 at time interval: 2     2     2
	demands of vertex 5 at time interval: 2     2     2
	demands of vertex 6 at time interval: 0     0     0
	demands of vertex 7 at time interval: 0     0     0
	demands of vertex 8 at time interval: 2     2     2
	demands of vertex 9 at time interval: 2     2     2
	demands of vertex 10 at time interval: 2     2     2
	demands of vertex 11 at time interval: 2     2     2
	demands of vertex 12 at time interval: 2     2     2
	demands of vertex 13 at time interval: 2     2     2
	demands of vertex 14 at time interval: 2     2     2
	demands of vertex 15 at time interval: 2     2     2
	demands of vertex 16 at time interval: 0     0     0
	demands of vertex 17 at time interval: 0     0     0
	demands of vertex 18 at time interval: 2     2     2
	demands of vertex 19 at time interval: 2     2     2
	demands of vertex 20 at time interval: 2     2     2
	demands of vertex 21 at time interval: 2     2     2
	demands of vertex 22 at time interval: 2     2     2
	demands of vertex 23 at time interval: 0     0     0
	demands of vertex 24 at time interval: 0     0     0
	demands of vertex 25 at time interval: 2     2     2
	demands of vertex 26 at time interval: 2     2     2
	demands of vertex 27 at time interval: 2     2     2
	demands of vertex 28 at time interval: 2     2     2
	demands of vertex 29 at time interval: 2     2     2
	demands of vertex 30 at time interval: 2     2     2
	demands of vertex 31 at time interval: 2     2     2
	demands of vertex 32 at time interval: 2     2     2
	demands of vertex 33 at time interval: 2     2     2

maximum time = 59439
alpha = 63

Selecting set of cyclical routes...

Selecting set of initial routes...

Creating initial set of candidate combinations...
Solving candidate combinations...

Found new best - 1/1 candidate combination(s) tested! (Thread 0)

Removing trips...

Solving candidate combinations...

1/2 candidate combination(s) tested! (Thread 0)
2/2 candidate combination(s) tested! (Thread 0)

Relaxing trips, so the model can make changes...

>> Printing some results...
    -> Solution value = 38009 - 10:33:29
    -> Total time = 155.73

=============
Train 0
=============
> Trip 0
   33(time 18153 - 05:02:33)(time 18613 - 05:10:13) ->    32(time 18694 - 05:11:34)(time 19142 - 05:19:02) ->    31(time 19635 - 05:27:15)(time 20122 - 05:35:22) ->    30(time 20203 - 05:36:43)(time 20695 - 05:44:55) ->    29(time 20776 - 05:46:16)(time 21261 - 05:54:21) ->    28(time 21342 - 05:55:42)(time 21867 - 06:04:27) ->    27(time 21948 - 06:05:48)(time 22467 - 06:14:27) ->    26(time 22548 - 06:15:48)(time 23036 - 06:23:56) ->    25(time 23178 - 06:26:18)(time 23651 - 06:34:11) ->    24(time 23715 - 06:35:15)(time 24194 - 06:43:14) ->    23(time 24687 - 06:51:27)(time 25209 - 07:00:09) ->    22(time 25515 - 07:05:15)(time 25996 - 07:13:16) ->    21(time 26489 - 07:21:29)(time 26985 - 07:29:45) ->    20(time 27478 - 07:37:58)(time 28007 - 07:46:47) ->    19(time 28088 - 07:48:08)(time 28565 - 07:56:05) ->    18(time 28646 - 07:57:26)(time 29097 - 08:04:57) ->    17(time 29239 - 08:07:19)(time 29239 - 08:07:19) ->    0(time 29732 - 08:15:32)(time 30183 - 08:23:03) ->    1(time 30264 - 08:24:24)(time 30741 - 08:32:21) ->    2(time 30822 - 08:33:42)(time 31351 - 08:42:31) ->    3(time 31432 - 08:43:52)(time 31928 - 08:52:08) ->    4(time 32009 - 08:53:29)(time 32490 - 09:01:30) ->    5(time 32571 - 09:02:51)(time 33093 - 09:11:33) ->    6(time 33586 - 09:19:46)(time 34065 - 09:27:45) ->    7(time 34129 - 09:28:49)(time 34602 - 09:36:42) ->    8(time 34744 - 09:39:04)(time 35232 - 09:47:12) ->    9(time 35313 - 09:48:33)(time 35832 - 09:57:12) ->    10(time 35913 - 09:58:33)(time 36438 - 10:07:18) ->    11(time 36519 - 10:08:39)(time 37004 - 10:16:44) ->    12(time 37085 - 10:18:05)(time 37577 - 10:26:17) ->    13(time 37658 - 10:27:38)(time 38145 - 10:35:45) ->    14(time 38287 - 10:38:07)(time 38735 - 10:45:35) ->    15(time 38816 - 10:46:56)(time 39276 - 10:54:36) ->    16(time 39769 - 11:02:49)(time 39769 - 11:02:49) -> 33
> Trip 1
   33(time 39769 - 11:02:49)(time 40229 - 11:10:29) ->    32(time 40310 - 11:11:50)(time 40758 - 11:19:18) ->    31(time 40900 - 11:21:40)(time 41387 - 11:29:47) ->    30(time 41468 - 11:31:08)(time 41960 - 11:39:20) ->    29(time 42041 - 11:40:41)(time 42526 - 11:48:46) ->    28(time 42607 - 11:50:07)(time 43132 - 11:58:52) ->    27(time 43213 - 12:00:13)(time 43732 - 12:08:52) ->    26(time 43813 - 12:10:13)(time 44301 - 12:18:21) ->    25(time 44443 - 12:20:43)(time 44916 - 12:28:36) ->    24(time 44980 - 12:29:40)(time 45459 - 12:37:39) ->    23(time 45523 - 12:38:43)(time 46045 - 12:47:25) ->    22(time 46126 - 12:48:46)(time 46607 - 12:56:47) ->    21(time 46688 - 12:58:08)(time 47184 - 13:06:24) ->    20(time 47265 - 13:07:45)(time 47794 - 13:16:34) ->    19(time 47875 - 13:17:55)(time 48352 - 13:25:52) ->    18(time 48433 - 13:27:13)(time 48884 - 13:34:44) ->    17(time 49026 - 13:37:06)(time 49026 - 13:37:06) ->    0(time 49026 - 13:37:06)(time 49477 - 13:44:37) ->    1(time 49558 - 13:45:58)(time 50035 - 13:53:55) ->    2(time 50116 - 13:55:16)(time 50645 - 14:04:05) ->    3(time 50726 - 14:05:26)(time 51222 - 14:13:42) ->    4(time 51303 - 14:15:03)(time 51784 - 14:23:04) ->    5(time 51865 - 14:24:25)(time 52387 - 14:33:07) ->    6(time 52451 - 14:34:11)(time 52930 - 14:42:10) ->    7(time 52994 - 14:43:14)(time 53467 - 14:51:07) ->    8(time 53609 - 14:53:29)(time 54097 - 15:01:37) ->    9(time 54178 - 15:02:58)(time 54697 - 15:11:37) ->    10(time 54778 - 15:12:58)(time 55303 - 15:21:43) ->    11(time 55384 - 15:23:04)(time 55869 - 15:31:09) ->    12(time 55950 - 15:32:30)(time 56442 - 15:40:42) ->    13(time 56523 - 15:42:03)(time 57010 - 15:50:10) ->    14(time 57152 - 15:52:32)(time 57600 - 16:00:00) ->    15(time 57681 - 16:01:21)(time 58141 - 16:09:01) ->    16(time 58283 - 16:11:23)(time 58283 - 16:11:23) -> 33
=============
Train 1
=============
> Trip 0
   33(time 1840 - 00:30:40)(time 2300 - 00:38:20) ->    32(time 2442 - 00:40:42)(time 2890 - 00:48:10) ->    31(time 3032 - 00:50:32)(time 3519 - 00:58:39) ->    30(time 3600 - 01:00:00)(time 4092 - 01:08:12) ->    29(time 4173 - 01:09:33)(time 4658 - 01:17:38) ->    28(time 4739 - 01:18:59)(time 5264 - 01:27:44) ->    27(time 5345 - 01:29:05)(time 5864 - 01:37:44) ->    26(time 5945 - 01:39:05)(time 6433 - 01:47:13) ->    25(time 6575 - 01:49:35)(time 7048 - 01:57:28) ->    24(time 7112 - 01:58:32)(time 7591 - 02:06:31) ->    23(time 7655 - 02:07:35)(time 8177 - 02:16:17) ->    22(time 8258 - 02:17:38)(time 8739 - 02:25:39) ->    21(time 8820 - 02:27:00)(time 9316 - 02:35:16) ->    20(time 9397 - 02:36:37)(time 9926 - 02:45:26) ->    19(time 10007 - 02:46:47)(time 10484 - 02:54:44) ->    18(time 10565 - 02:56:05)(time 11016 - 03:03:36) ->    17(time 11158 - 03:05:58)(time 11158 - 03:05:58) ->    0(time 11158 - 03:05:58)(time 11609 - 03:13:29) ->    1(time 11690 - 03:14:50)(time 12167 - 03:22:47) ->    2(time 12248 - 03:24:08)(time 12777 - 03:32:57) ->    3(time 12858 - 03:34:18)(time 13354 - 03:42:34) ->    4(time 13435 - 03:43:55)(time 13916 - 03:51:56) ->    5(time 13997 - 03:53:17)(time 14519 - 04:01:59) ->    6(time 14583 - 04:03:03)(time 15062 - 04:11:02) ->    7(time 15126 - 04:12:06)(time 15599 - 04:19:59) ->    8(time 15741 - 04:22:21)(time 16229 - 04:30:29) ->    9(time 16310 - 04:31:50)(time 16829 - 04:40:29) ->    10(time 16910 - 04:41:50)(time 17435 - 04:50:35) ->    11(time 17516 - 04:51:56)(time 18001 - 05:00:01) ->    12(time 18082 - 05:01:22)(time 18574 - 05:09:34) ->    13(time 18655 - 05:10:55)(time 19142 - 05:19:02) ->    14(time 19284 - 05:21:24)(time 19732 - 05:28:52) ->    15(time 19813 - 05:30:13)(time 20273 - 05:37:53) ->    16(time 20766 - 05:46:06)(time 20766 - 05:46:06) -> 33
> Trip 1
   33(time 30014 - 08:20:14)(time 30474 - 08:27:54) ->    32(time 30555 - 08:29:15)(time 31003 - 08:36:43) ->    31(time 31145 - 08:39:05)(time 31632 - 08:47:12) ->    30(time 31713 - 08:48:33)(time 32205 - 08:56:45) ->    29(time 32286 - 08:58:06)(time 32771 - 09:06:11) ->    28(time 32852 - 09:07:32)(time 33377 - 09:16:17) ->    27(time 33458 - 09:17:38)(time 33977 - 09:26:17) ->    26(time 34058 - 09:27:38)(time 34546 - 09:35:46) ->    25(time 34688 - 09:38:08)(time 35161 - 09:46:01) ->    24(time 35225 - 09:47:05)(time 35704 - 09:55:04) ->    23(time 35768 - 09:56:08)(time 36290 - 10:04:50) ->    22(time 36371 - 10:06:11)(time 36852 - 10:14:12) ->    21(time 36933 - 10:15:33)(time 37429 - 10:23:49) ->    20(time 37510 - 10:25:10)(time 38039 - 10:33:59) ->    19(time 38120 - 10:35:20)(time 38597 - 10:43:17) ->    18(time 38678 - 10:44:38)(time 39129 - 10:52:09) ->    17(time 39622 - 11:00:22)(time 39622 - 11:00:22) ->    0(time 40110 - 11:08:30)(time 40561 - 11:16:01) ->    1(time 40642 - 11:17:22)(time 41119 - 11:25:19) ->    2(time 41200 - 11:26:40)(time 41729 - 11:35:29) ->    3(time 42222 - 11:43:42)(time 42718 - 11:51:58) ->    4(time 43211 - 12:00:11)(time 43692 - 12:08:12) ->    5(time 43773 - 12:09:33)(time 44295 - 12:18:15) ->    6(time 44359 - 12:19:19)(time 44838 - 12:27:18) ->    7(time 45331 - 12:35:31)(time 45804 - 12:43:24) ->    8(time 45946 - 12:45:46)(time 46434 - 12:53:54) ->    9(time 46515 - 12:55:15)(time 47034 - 13:03:54) ->    10(time 47115 - 13:05:15)(time 47640 - 13:14:00) ->    11(time 47721 - 13:15:21)(time 48206 - 13:23:26) ->    12(time 48287 - 13:24:47)(time 48779 - 13:32:59) ->    13(time 48860 - 13:34:20)(time 49347 - 13:42:27) ->    14(time 49489 - 13:44:49)(time 49937 - 13:52:17) ->    15(time 50018 - 13:53:38)(time 50478 - 14:01:18) ->    16(time 50620 - 14:03:40)(time 50620 - 14:03:40) -> 33
=============
Train 2
=============
> Trip 0
   33(time 10798 - 02:59:58)(time 11258 - 03:07:38) ->    32(time 11339 - 03:08:59)(time 11787 - 03:16:27) ->    31(time 11929 - 03:18:49)(time 12416 - 03:26:56) ->    30(time 12497 - 03:28:17)(time 12989 - 03:36:29) ->    29(time 13070 - 03:37:50)(time 13555 - 03:45:55) ->    28(time 13636 - 03:47:16)(time 14161 - 03:56:01) ->    27(time 14242 - 03:57:22)(time 14761 - 04:06:01) ->    26(time 14842 - 04:07:22)(time 15330 - 04:15:30) ->    25(time 15823 - 04:23:43)(time 16296 - 04:31:36) ->    24(time 16360 - 04:32:40)(time 16839 - 04:40:39) ->    23(time 16903 - 04:41:43)(time 17425 - 04:50:25) ->    22(time 17506 - 04:51:46)(time 17987 - 04:59:47) ->    21(time 18068 - 05:01:08)(time 18564 - 05:09:24) ->    20(time 18645 - 05:10:45)(time 19174 - 05:19:34) ->    19(time 19255 - 05:20:55)(time 19732 - 05:28:52) ->    18(time 19813 - 05:30:13)(time 20264 - 05:37:44) ->    17(time 20406 - 05:40:06)(time 20406 - 05:40:06) ->    0(time 20899 - 05:48:19)(time 21350 - 05:55:50) ->    1(time 21431 - 05:57:11)(time 21908 - 06:05:08) ->    2(time 21989 - 06:06:29)(time 22518 - 06:15:18) ->    3(time 22599 - 06:16:39)(time 23095 - 06:24:55) ->    4(time 23176 - 06:26:16)(time 23657 - 06:34:17) ->    5(time 23738 - 06:35:38)(time 24260 - 06:44:20) ->    6(time 24324 - 06:45:24)(time 24803 - 06:53:23) ->    7(time 24867 - 06:54:27)(time 25340 - 07:02:20) ->    8(time 25482 - 07:04:42)(time 25970 - 07:12:50) ->    9(time 26051 - 07:14:11)(time 26570 - 07:22:50) ->    10(time 26651 - 07:24:11)(time 27176 - 07:32:56) ->    11(time 27257 - 07:34:17)(time 27742 - 07:42:22) ->    12(time 27823 - 07:43:43)(time 28315 - 07:51:55) ->    13(time 28396 - 07:53:16)(time 28883 - 08:01:23) ->    14(time 29025 - 08:03:45)(time 29473 - 08:11:13) ->    15(time 29554 - 08:12:34)(time 30014 - 08:20:14) ->    16(time 30156 - 08:22:36)(time 30156 - 08:22:36) -> 33
> Trip 1
   33(time 30156 - 08:22:36)(time 30616 - 08:30:16) ->    32(time 30697 - 08:31:37)(time 31145 - 08:39:05) ->    31(time 31287 - 08:41:27)(time 31774 - 08:49:34) ->    30(time 31855 - 08:50:55)(time 32347 - 08:59:07) ->    29(time 32428 - 09:00:28)(time 32913 - 09:08:33) ->    28(time 32994 - 09:09:54)(time 33519 - 09:18:39) ->    27(time 33600 - 09:20:00)(time 34119 - 09:28:39) ->    26(time 34200 - 09:30:00)(time 34688 - 09:38:08) ->    25(time 34830 - 09:40:30)(time 35303 - 09:48:23) ->    24(time 35367 - 09:49:27)(time 35846 - 09:57:26) ->    23(time 35910 - 09:58:30)(time 36432 - 10:07:12) ->    22(time 36513 - 10:08:33)(time 36994 - 10:16:34) ->    21(time 37075 - 10:17:55)(time 37571 - 10:26:11) ->    20(time 37652 - 10:27:32)(time 38181 - 10:36:21) ->    19(time 38657 - 10:44:17)(time 39134 - 10:52:14) ->    18(time 39627 - 11:00:27)(time 40078 - 11:07:58) ->    17(time 40220 - 11:10:20)(time 40220 - 11:10:20) ->    0(time 40220 - 11:10:20)(time 40671 - 11:17:51) ->    1(time 40752 - 11:19:12)(time 41229 - 11:27:09) ->    2(time 41722 - 11:35:22)(time 42251 - 11:44:11) ->    3(time 42744 - 11:52:24)(time 43240 - 12:00:40) ->    4(time 43733 - 12:08:53)(time 44214 - 12:16:54) ->    5(time 44707 - 12:25:07)(time 45229 - 12:33:49) ->    6(time 45722 - 12:42:02)(time 46201 - 12:50:01) ->    7(time 46265 - 12:51:05)(time 46738 - 12:58:58) ->    8(time 47231 - 13:07:11)(time 47719 - 13:15:19) ->    9(time 48212 - 13:23:32)(time 48731 - 13:32:11) ->    10(time 48812 - 13:33:32)(time 49337 - 13:42:17) ->    11(time 49418 - 13:43:38)(time 49903 - 13:51:43) ->    12(time 49984 - 13:53:04)(time 50476 - 14:01:16) ->    13(time 50969 - 14:09:29)(time 51456 - 14:17:36) ->    14(time 51598 - 14:19:58)(time 52046 - 14:27:26) ->    15(time 52127 - 14:28:47)(time 52587 - 14:36:27) ->    16(time 52729 - 14:38:49)(time 52729 - 14:38:49) -> 33
=============
Train 3
=============
> Trip 0
   33(time 1759 - 00:29:19)(time 2219 - 00:36:59) ->    32(time 2300 - 00:38:20)(time 2748 - 00:45:48) ->    31(time 2890 - 00:48:10)(time 3377 - 00:56:17) ->    30(time 3458 - 00:57:38)(time 3950 - 01:05:50) ->    29(time 4031 - 01:07:11)(time 4516 - 01:15:16) ->    28(time 4597 - 01:16:37)(time 5122 - 01:25:22) ->    27(time 5203 - 01:26:43)(time 5722 - 01:35:22) ->    26(time 5803 - 01:36:43)(time 6291 - 01:44:51) ->    25(time 6433 - 01:47:13)(time 6906 - 01:55:06) ->    24(time 6970 - 01:56:10)(time 7449 - 02:04:09) ->    23(time 7513 - 02:05:13)(time 8035 - 02:13:55) ->    22(time 8116 - 02:15:16)(time 8597 - 02:23:17) ->    21(time 8678 - 02:24:38)(time 9174 - 02:32:54) ->    20(time 9255 - 02:34:15)(time 9784 - 02:43:04) ->    19(time 9865 - 02:44:25)(time 10342 - 02:52:22) ->    18(time 10423 - 02:53:43)(time 10874 - 03:01:14) ->    17(time 11016 - 03:03:36)(time 11016 - 03:03:36) ->    0(time 11016 - 03:03:36)(time 11467 - 03:11:07) ->    1(time 11548 - 03:12:28)(time 12025 - 03:20:25) ->    2(time 12106 - 03:21:46)(time 12635 - 03:30:35) ->    3(time 12716 - 03:31:56)(time 13212 - 03:40:12) ->    4(time 13293 - 03:41:33)(time 13774 - 03:49:34) ->    5(time 13855 - 03:50:55)(time 14377 - 03:59:37) ->    6(time 14441 - 04:00:41)(time 14920 - 04:08:40) ->    7(time 14984 - 04:09:44)(time 15457 - 04:17:37) ->    8(time 15599 - 04:19:59)(time 16087 - 04:28:07) ->    9(time 16168 - 04:29:28)(time 16687 - 04:38:07) ->    10(time 16768 - 04:39:28)(time 17293 - 04:48:13) ->    11(time 17374 - 04:49:34)(time 17859 - 04:57:39) ->    12(time 17940 - 04:59:00)(time 18432 - 05:07:12) ->    13(time 18513 - 05:08:33)(time 19000 - 05:16:40) ->    14(time 19142 - 05:19:02)(time 19590 - 05:26:30) ->    15(time 19671 - 05:27:51)(time 20131 - 05:35:31) ->    16(time 20273 - 05:37:53)(time 20273 - 05:37:53) -> 33
> Trip 1
   33(time 39627 - 11:00:27)(time 40087 - 11:08:07) ->    32(time 40168 - 11:09:28)(time 40616 - 11:16:56) ->    31(time 40758 - 11:19:18)(time 41245 - 11:27:25) ->    30(time 41326 - 11:28:46)(time 41818 - 11:36:58) ->    29(time 41899 - 11:38:19)(time 42384 - 11:46:24) ->    28(time 42465 - 11:47:45)(time 42990 - 11:56:30) ->    27(time 43071 - 11:57:51)(time 43590 - 12:06:30) ->    26(time 43671 - 12:07:51)(time 44159 - 12:15:59) ->    25(time 44301 - 12:18:21)(time 44774 - 12:26:14) ->    24(time 44838 - 12:27:18)(time 45317 - 12:35:17) ->    23(time 45381 - 12:36:21)(time 45903 - 12:45:03) ->    22(time 45984 - 12:46:24)(time 46465 - 12:54:25) ->    21(time 46546 - 12:55:46)(time 47042 - 13:04:02) ->    20(time 47123 - 13:05:23)(time 47652 - 13:14:12) ->    19(time 47733 - 13:15:33)(time 48210 - 13:23:30) ->    18(time 48291 - 13:24:51)(time 48742 - 13:32:22) ->    17(time 48884 - 13:34:44)(time 48884 - 13:34:44) ->    0(time 48884 - 13:34:44)(time 49335 - 13:42:15) ->    1(time 49416 - 13:43:36)(time 49893 - 13:51:33) ->    2(time 49974 - 13:52:54)(time 50503 - 14:01:43) ->    3(time 50584 - 14:03:04)(time 51080 - 14:11:20) ->    4(time 51161 - 14:12:41)(time 51642 - 14:20:42) ->    5(time 51723 - 14:22:03)(time 52245 - 14:30:45) ->    6(time 52309 - 14:31:49)(time 52788 - 14:39:48) ->    7(time 52852 - 14:40:52)(time 53325 - 14:48:45) ->    8(time 53467 - 14:51:07)(time 53955 - 14:59:15) ->    9(time 54036 - 15:00:36)(time 54555 - 15:09:15) ->    10(time 54636 - 15:10:36)(time 55161 - 15:19:21) ->    11(time 55242 - 15:20:42)(time 55727 - 15:28:47) ->    12(time 55808 - 15:30:08)(time 56300 - 15:38:20) ->    13(time 56381 - 15:39:41)(time 56868 - 15:47:48) ->    14(time 57010 - 15:50:10)(time 57458 - 15:57:38) ->    15(time 57539 - 15:58:59)(time 57999 - 16:06:39) ->    16(time 58141 - 16:09:01)(time 58141 - 16:09:01) -> 33
