t4p18r2h4.txt:
   > Trying to open the instance file...
   > Reading number of trains...
   > Reading maximum number of trips per train...
   > Reading time intervals...
   > Reading number of points...
   > Reading stations...
   > Reading crossings...
   > Reading depots...
   > Reading initial point...
   > Reading routes...
   > Reading distance and distance and service...
   > Reading demands...
   > Reading maximum time...
   > Reading alpha...

--------------------------------
 Printing instance
--------------------------------
number of trains = 4
	max trips per trains: 4     4     4     4
number of intervals = 4
	(0,  13833)	(13834,  27666)	(27667,  41499)	(41500,  55333)
number of points = 18
	initial point: 0
	stations: 0     1     2     3     4     5     6     7     8     9    10    11    12    13    14    15    17
	crossings: 0    16    17
	depots: 0    17
number of vertices = 36
	total vertices: 0     1     2     3     4     5     6     7     8     9    10    11    12    13    14    15    16    17    18    19    20    21    22    23    24    25    26    27    28    29    30    31    32    33    34    35
	upper vertices: 0     1     2     3     4     5     6     7     8     9    10    11    12    13    14    15    16    17
	lower vertices: 18    19    20    21    22    23    24    25    26    27    28    29    30    31    32    33    34    35
	vertices of point #0: (0, 18)
	vertices of point #1: (1, 19)
	vertices of point #2: (2, 20)
	vertices of point #3: (3, 21)
	vertices of point #4: (4, 22)
	vertices of point #5: (5, 23)
	vertices of point #6: (6, 24)
	vertices of point #7: (7, 25)
	vertices of point #8: (8, 26)
	vertices of point #9: (9, 27)
	vertices of point #10: (10, 28)
	vertices of point #11: (11, 29)
	vertices of point #12: (12, 30)
	vertices of point #13: (13, 31)
	vertices of point #14: (14, 32)
	vertices of point #15: (15, 33)
	vertices of point #16: (16, 34)
	vertices of point #17: (17, 35)

arcs...
	total arcs: 
		arc #0: (0, 1)
		arc #1: (0, 18)
		arc #2: (18, 0)
		arc #3: (1, 2)
		arc #4: (19, 18)
		arc #5: (2, 3)
		arc #6: (20, 19)
		arc #7: (3, 4)
		arc #8: (21, 20)
		arc #9: (4, 5)
		arc #10: (22, 21)
		arc #11: (5, 6)
		arc #12: (23, 22)
		arc #13: (6, 7)
		arc #14: (24, 23)
		arc #15: (7, 8)
		arc #16: (25, 24)
		arc #17: (8, 9)
		arc #18: (26, 25)
		arc #19: (9, 10)
		arc #20: (27, 26)
		arc #21: (10, 11)
		arc #22: (28, 27)
		arc #23: (11, 12)
		arc #24: (29, 28)
		arc #25: (12, 13)
		arc #26: (30, 29)
		arc #27: (13, 14)
		arc #28: (31, 30)
		arc #29: (14, 15)
		arc #30: (32, 31)
		arc #31: (15, 16)
		arc #32: (33, 32)
		arc #33: (16, 17)
		arc #34: (34, 33)
		arc #35: (35, 34)
		arc #36: (17, 35)
		arc #37: (35, 17)

	reverse arcs: 
		arc #1: (0, 18)
		arc #2: (18, 0)
		arc #36: (17, 35)
		arc #37: (35, 17)


incompatible points...
	(0, 15, 34, (15, 16))	(34, 19, 0, (19, 18))	(16, 16, 35, (16, 17))	(35, 35, 16, (35, 34))

number of routes = 2
vertices of routes...
	route #0: 0     1     2     3     4     5     6     7     8     9    10    11    12    13    14    15    16    17    35    34    33    32    31    30    29    28    27    26    25    24    23    22    21    20    19    18     0
	route #1: 35    34    33    32    31    30    29    28    27    26    25    24    23    22    21    20    19    18     0     1     2     3     4     5     6     7     8     9    10    11    12    13    14    15    16    17    35
arcs of routes...
	route #0: 0     3     5     7     9    11    13    15    17    19    21    23    25    27    29    31    33    36    35    34    32    30    28    26    24    22    20    18    16    14    12    10     8     6     4     2
	route #1: 35    34    32    30    28    26    24    22    20    18    16    14    12    10     8     6     4     2     0     3     5     7     9    11    13    15    17    19    21    23    25    27    29    31    33    36

incompatible routes...
	(0, 1)    	(1, 0)

vertices that can be adjacent in consecutive trips...
	(0, 0)    	(35, 35)
non cyclical routes: 


routes of trip...
	routes that train #0 can complete at trip #0: 0
	routes that train #0 can complete at trip #1: 0       1
	routes that train #0 can complete at trip #2: 0       1
	routes that train #0 can complete at trip #3: 0       1

	routes that train #1 can complete at trip #0: 0
	routes that train #1 can complete at trip #1: 0       1
	routes that train #1 can complete at trip #2: 0       1
	routes that train #1 can complete at trip #3: 0       1

	routes that train #2 can complete at trip #0: 0
	routes that train #2 can complete at trip #1: 0       1
	routes that train #2 can complete at trip #2: 0       1
	routes that train #2 can complete at trip #3: 0       1

	routes that train #3 can complete at trip #0: 0
	routes that train #3 can complete at trip #1: 0       1
	routes that train #3 can complete at trip #2: 0       1
	routes that train #3 can complete at trip #3: 0       1

 cost...
	arc #0 [0][1]: 225
	arc #1 [0][18]: 0
	arc #2 [18][0]: 0
	arc #3 [1][2]: 227
	arc #4 [19][18]: 225
	arc #5 [2][3]: 198
	arc #6 [20][19]: 227
	arc #7 [3][4]: 237
	arc #8 [21][20]: 198
	arc #9 [4][5]: 221
	arc #10 [22][21]: 237
	arc #11 [5][6]: 214
	arc #12 [23][22]: 221
	arc #13 [6][7]: 212
	arc #14 [24][23]: 214
	arc #15 [7][8]: 218
	arc #16 [25][24]: 212
	arc #17 [8][9]: 234
	arc #18 [26][25]: 218
	arc #19 [9][10]: 235
	arc #20 [27][26]: 234
	arc #21 [10][11]: 227
	arc #22 [28][27]: 235
	arc #23 [11][12]: 236
	arc #24 [29][28]: 227
	arc #25 [12][13]: 209
	arc #26 [30][29]: 236
	arc #27 [13][14]: 221
	arc #28 [31][30]: 209
	arc #29 [14][15]: 209
	arc #30 [32][31]: 221
	arc #31 [15][16]: 200
	arc #32 [33][32]: 209
	arc #33 [16][17]: 217
	arc #34 [34][33]: 200
	arc #35 [35][34]: 217
	arc #36 [17][35]: 0
	arc #37 [35][17]: 0

cost with minimum service...
	arc #0 [0][1]: 340
	arc #1 [0][18]: 0
	arc #2 [18][0]: 0
	arc #3 [1][2]: 342
	arc #4 [19][18]: 379
	arc #5 [2][3]: 313
	arc #6 [20][19]: 342
	arc #7 [3][4]: 352
	arc #8 [21][20]: 313
	arc #9 [4][5]: 336
	arc #10 [22][21]: 352
	arc #11 [5][6]: 329
	arc #12 [23][22]: 336
	arc #13 [6][7]: 327
	arc #14 [24][23]: 329
	arc #15 [7][8]: 333
	arc #16 [25][24]: 327
	arc #17 [8][9]: 349
	arc #18 [26][25]: 333
	arc #19 [9][10]: 350
	arc #20 [27][26]: 349
	arc #21 [10][11]: 342
	arc #22 [28][27]: 350
	arc #23 [11][12]: 351
	arc #24 [29][28]: 342
	arc #25 [12][13]: 324
	arc #26 [30][29]: 351
	arc #27 [13][14]: 336
	arc #28 [31][30]: 324
	arc #29 [14][15]: 324
	arc #30 [32][31]: 336
	arc #31 [15][16]: 243
	arc #32 [33][32]: 324
	arc #33 [16][17]: 371
	arc #34 [34][33]: 315
	arc #35 [35][34]: 260
	arc #36 [17][35]: 0
	arc #37 [35][17]: 0

cost with maximum service...
	arc #0 [0][1]: 614
	arc #1 [0][18]: 389
	arc #2 [18][0]: 389
	arc #3 [1][2]: 616
	arc #4 [19][18]: 614
	arc #5 [2][3]: 587
	arc #6 [20][19]: 616
	arc #7 [3][4]: 626
	arc #8 [21][20]: 587
	arc #9 [4][5]: 610
	arc #10 [22][21]: 626
	arc #11 [5][6]: 603
	arc #12 [23][22]: 610
	arc #13 [6][7]: 601
	arc #14 [24][23]: 603
	arc #15 [7][8]: 607
	arc #16 [25][24]: 601
	arc #17 [8][9]: 623
	arc #18 [26][25]: 607
	arc #19 [9][10]: 624
	arc #20 [27][26]: 623
	arc #21 [10][11]: 616
	arc #22 [28][27]: 624
	arc #23 [11][12]: 625
	arc #24 [29][28]: 616
	arc #25 [12][13]: 598
	arc #26 [30][29]: 625
	arc #27 [13][14]: 610
	arc #28 [31][30]: 598
	arc #29 [14][15]: 598
	arc #30 [32][31]: 610
	arc #31 [15][16]: 589
	arc #32 [33][32]: 598
	arc #33 [16][17]: 606
	arc #34 [34][33]: 589
	arc #35 [35][34]: 606
	arc #36 [17][35]: 389
	arc #37 [35][17]: 389

demands...
	demands of vertex 0 at time interval: 3     3     3     3
	demands of vertex 1 at time interval: 3     3     3     3
	demands of vertex 2 at time interval: 3     3     3     3
	demands of vertex 3 at time interval: 3     3     3     3
	demands of vertex 4 at time interval: 3     3     3     3
	demands of vertex 5 at time interval: 3     3     3     3
	demands of vertex 6 at time interval: 3     3     3     3
	demands of vertex 7 at time interval: 3     3     3     3
	demands of vertex 8 at time interval: 3     3     3     3
	demands of vertex 9 at time interval: 3     3     3     3
	demands of vertex 10 at time interval: 3     3     3     3
	demands of vertex 11 at time interval: 3     3     3     3
	demands of vertex 12 at time interval: 3     3     3     3
	demands of vertex 13 at time interval: 3     3     3     3
	demands of vertex 14 at time interval: 3     3     3     3
	demands of vertex 15 at time interval: 3     3     3     3
	demands of vertex 16 at time interval: 0     0     0     0
	demands of vertex 17 at time interval: 0     0     0     0
	demands of vertex 18 at time interval: 0     0     0     0
	demands of vertex 19 at time interval: 3     3     3     3
	demands of vertex 20 at time interval: 3     3     3     3
	demands of vertex 21 at time interval: 3     3     3     3
	demands of vertex 22 at time interval: 3     3     3     3
	demands of vertex 23 at time interval: 3     3     3     3
	demands of vertex 24 at time interval: 3     3     3     3
	demands of vertex 25 at time interval: 3     3     3     3
	demands of vertex 26 at time interval: 3     3     3     3
	demands of vertex 27 at time interval: 3     3     3     3
	demands of vertex 28 at time interval: 3     3     3     3
	demands of vertex 29 at time interval: 3     3     3     3
	demands of vertex 30 at time interval: 3     3     3     3
	demands of vertex 31 at time interval: 3     3     3     3
	demands of vertex 32 at time interval: 3     3     3     3
	demands of vertex 33 at time interval: 3     3     3     3
	demands of vertex 34 at time interval: 0     0     0     0
	demands of vertex 35 at time interval: 3     3     3     3

maximum time = 55333
alpha = 74

Selecting set of cyclical routes...

Selecting set of initial routes...

Creating initial set of candidate combinations...
Solving candidate combinations...

Found new best - 1/1 candidate combination(s) tested! (Thread 0)

Removing trips...

Solving candidate combinations...

1/4 candidate combination(s) tested! (Thread 0)
2/4 candidate combination(s) tested! (Thread 0)
3/4 candidate combination(s) tested! (Thread 0)
4/4 candidate combination(s) tested! (Thread 0)

Relaxing trips, so the model can make changes...

>> Printing some results...
    -> Solution value = 39382 - 10:56:22
    -> Total time = 789.13

=============
Train 0
=============
> Trip 0
   0(time 2348 - 00:39:08)(time 2573 - 00:42:53) ->    1(time 2688 - 00:44:48)(time 2915 - 00:48:35) ->    2(time 3030 - 00:50:30)(time 3228 - 00:53:48) ->    3(time 3343 - 00:55:43)(time 3580 - 00:59:40) ->    4(time 3695 - 01:01:35)(time 3916 - 01:05:16) ->    5(time 4031 - 01:07:11)(time 4245 - 01:10:45) ->    6(time 4360 - 01:12:40)(time 4572 - 01:16:12) ->    7(time 4687 - 01:18:07)(time 4905 - 01:21:45) ->    8(time 5020 - 01:23:40)(time 5254 - 01:27:34) ->    9(time 5369 - 01:29:29)(time 5604 - 01:33:24) ->    10(time 5719 - 01:35:19)(time 5946 - 01:39:06) ->    11(time 6061 - 01:41:01)(time 6297 - 01:44:57) ->    12(time 6412 - 01:46:52)(time 6621 - 01:50:21) ->    13(time 6814 - 01:53:34)(time 7035 - 01:57:15) ->    14(time 7150 - 01:59:10)(time 7359 - 02:02:39) ->    15(time 7474 - 02:04:34)(time 7674 - 02:07:54) ->    16(time 7717 - 02:08:37)(time 7934 - 02:12:14) ->    17(time 8088 - 02:14:48)(time 8088 - 02:14:48) ->    35(time 8242 - 02:17:22)(time 8459 - 02:20:59) ->    34(time 8502 - 02:21:42)(time 8702 - 02:25:02) ->    33(time 8817 - 02:26:57)(time 9026 - 02:30:26) ->    32(time 9141 - 02:32:21)(time 9362 - 02:36:02) ->    31(time 9477 - 02:37:57)(time 9686 - 02:41:26) ->    30(time 9801 - 02:43:21)(time 10037 - 02:47:17) ->    29(time 10152 - 02:49:12)(time 10379 - 02:52:59) ->    28(time 10494 - 02:54:54)(time 10729 - 02:58:49) ->    27(time 10844 - 03:00:44)(time 11078 - 03:04:38) ->    26(time 11193 - 03:06:33)(time 11411 - 03:10:11) ->    25(time 11526 - 03:12:06)(time 11738 - 03:15:38) ->    24(time 11853 - 03:17:33)(time 12067 - 03:21:07) ->    23(time 12182 - 03:23:02)(time 12403 - 03:26:43) ->    22(time 12518 - 03:28:38)(time 12755 - 03:32:35) ->    21(time 12870 - 03:34:30)(time 13068 - 03:37:48) ->    20(time 13183 - 03:39:43)(time 13410 - 03:43:30) ->    19(time 13525 - 03:45:25)(time 13750 - 03:49:10) ->    18(time 13904 - 03:51:44)(time 13904 - 03:51:44) -> 0
> Trip 1
   0(time 14765 - 04:06:05)(time 14990 - 04:09:50) ->    1(time 15105 - 04:11:45)(time 15332 - 04:15:32) ->    2(time 15447 - 04:17:27)(time 15645 - 04:20:45) ->    3(time 15760 - 04:22:40)(time 15997 - 04:26:37) ->    4(time 16112 - 04:28:32)(time 16333 - 04:32:13) ->    5(time 16448 - 04:34:08)(time 16662 - 04:37:42) ->    6(time 16777 - 04:39:37)(time 16989 - 04:43:09) ->    7(time 17104 - 04:45:04)(time 17322 - 04:48:42) ->    8(time 17437 - 04:50:37)(time 17671 - 04:54:31) ->    9(time 17786 - 04:56:26)(time 18021 - 05:00:21) ->    10(time 18136 - 05:02:16)(time 18363 - 05:06:03) ->    11(time 18478 - 05:07:58)(time 18714 - 05:11:54) ->    12(time 18868 - 05:14:28)(time 19077 - 05:17:57) ->    13(time 19192 - 05:19:52)(time 19413 - 05:23:33) ->    14(time 19528 - 05:25:28)(time 19737 - 05:28:57) ->    15(time 19852 - 05:30:52)(time 20052 - 05:34:12) ->    16(time 20095 - 05:34:55)(time 20312 - 05:38:32) ->    17(time 20466 - 05:41:06)(time 20466 - 05:41:06) ->    35(time 20540 - 05:42:20)(time 20757 - 05:45:57) ->    34(time 20841 - 05:47:21)(time 21041 - 05:50:41) ->    33(time 21156 - 05:52:36)(time 21365 - 05:56:05) ->    32(time 21480 - 05:58:00)(time 21701 - 06:01:41) ->    31(time 21816 - 06:03:36)(time 22025 - 06:07:05) ->    30(time 22140 - 06:09:00)(time 22376 - 06:12:56) ->    29(time 22491 - 06:14:51)(time 22718 - 06:18:38) ->    28(time 22833 - 06:20:33)(time 23068 - 06:24:28) ->    27(time 23183 - 06:26:23)(time 23417 - 06:30:17) ->    26(time 23532 - 06:32:12)(time 23750 - 06:35:50) ->    25(time 23865 - 06:37:45)(time 24077 - 06:41:17) ->    24(time 24192 - 06:43:12)(time 24406 - 06:46:46) ->    23(time 24521 - 06:48:41)(time 24742 - 06:52:22) ->    22(time 24857 - 06:54:17)(time 25094 - 06:58:14) ->    21(time 25209 - 07:00:09)(time 25407 - 07:03:27) ->    20(time 25796 - 07:09:56)(time 26023 - 07:13:43) ->    19(time 26138 - 07:15:38)(time 26363 - 07:19:23) ->    18(time 26517 - 07:21:57)(time 26517 - 07:21:57) -> 0
> Trip 2
   0(time 26671 - 07:24:31)(time 26896 - 07:28:16) ->    1(time 27011 - 07:30:11)(time 27238 - 07:33:58) ->    2(time 27353 - 07:35:53)(time 27551 - 07:39:11) ->    3(time 27666 - 07:41:06)(time 27903 - 07:45:03) ->    4(time 28080 - 07:48:00)(time 28301 - 07:51:41) ->    5(time 28416 - 07:53:36)(time 28630 - 07:57:10) ->    6(time 28745 - 07:59:05)(time 28957 - 08:02:37) ->    7(time 29072 - 08:04:32)(time 29290 - 08:08:10) ->    8(time 29405 - 08:10:05)(time 29639 - 08:13:59) ->    9(time 29754 - 08:15:54)(time 29989 - 08:19:49) ->    10(time 30104 - 08:21:44)(time 30331 - 08:25:31) ->    11(time 30446 - 08:27:26)(time 30682 - 08:31:22) ->    12(time 30797 - 08:33:17)(time 31006 - 08:36:46) ->    13(time 31121 - 08:38:41)(time 31342 - 08:42:22) ->    14(time 31457 - 08:44:17)(time 31666 - 08:47:46) ->    15(time 32055 - 08:54:15)(time 32255 - 08:57:35) ->    16(time 32644 - 09:04:04)(time 32861 - 09:07:41) ->    17(time 33015 - 09:10:15)(time 33015 - 09:10:15) ->    35(time 33015 - 09:10:15)(time 33232 - 09:13:52) ->    34(time 33419 - 09:16:59)(time 33619 - 09:20:19) ->    33(time 33734 - 09:22:14)(time 33943 - 09:25:43) ->    32(time 34058 - 09:27:38)(time 34279 - 09:31:19) ->    31(time 34394 - 09:33:14)(time 34603 - 09:36:43) ->    30(time 34718 - 09:38:38)(time 34954 - 09:42:34) ->    29(time 35069 - 09:44:29)(time 35296 - 09:48:16) ->    28(time 35411 - 09:50:11)(time 35646 - 09:54:06) ->    27(time 35761 - 09:56:01)(time 35995 - 09:59:55) ->    26(time 36110 - 10:01:50)(time 36328 - 10:05:28) ->    25(time 36443 - 10:07:23)(time 36655 - 10:10:55) ->    24(time 36770 - 10:12:50)(time 36984 - 10:16:24) ->    23(time 37099 - 10:18:19)(time 37320 - 10:22:00) ->    22(time 37435 - 10:23:55)(time 37672 - 10:27:52) ->    21(time 37787 - 10:29:47)(time 37985 - 10:33:05) ->    20(time 38374 - 10:39:34)(time 38601 - 10:43:21) ->    19(time 38990 - 10:49:50)(time 39215 - 10:53:35) ->    18(time 39604 - 11:00:04)(time 39604 - 11:00:04) -> 0
> Trip 3
   0(time 40817 - 11:20:17)(time 41042 - 11:24:02) ->    1(time 41157 - 11:25:57)(time 41384 - 11:29:44) ->    2(time 41499 - 11:31:39)(time 41697 - 11:34:57) ->    3(time 41812 - 11:36:52)(time 42049 - 11:40:49) ->    4(time 42164 - 11:42:44)(time 42385 - 11:46:25) ->    5(time 42500 - 11:48:20)(time 42714 - 11:51:54) ->    6(time 42829 - 11:53:49)(time 43041 - 11:57:21) ->    7(time 43156 - 11:59:16)(time 43374 - 12:02:54) ->    8(time 43489 - 12:04:49)(time 43723 - 12:08:43) ->    9(time 43933 - 12:12:13)(time 44168 - 12:16:08) ->    10(time 44283 - 12:18:03)(time 44510 - 12:21:50) ->    11(time 44625 - 12:23:45)(time 44861 - 12:27:41) ->    12(time 44976 - 12:29:36)(time 45185 - 12:33:05) ->    13(time 45300 - 12:35:00)(time 45521 - 12:38:41) ->    14(time 45636 - 12:40:36)(time 45845 - 12:44:05) ->    15(time 45960 - 12:46:00)(time 46160 - 12:49:20) ->    16(time 46203 - 12:50:03)(time 46420 - 12:53:40) ->    17(time 46574 - 12:56:14)(time 46574 - 12:56:14) ->    35(time 46574 - 12:56:14)(time 46791 - 12:59:51) ->    34(time 46978 - 13:02:58)(time 47178 - 13:06:18) ->    33(time 47293 - 13:08:13)(time 47502 - 13:11:42) ->    32(time 47617 - 13:13:37)(time 47838 - 13:17:18) ->    31(time 47953 - 13:19:13)(time 48162 - 13:22:42) ->    30(time 48277 - 13:24:37)(time 48513 - 13:28:33) ->    29(time 48628 - 13:30:28)(time 48855 - 13:34:15) ->    28(time 48970 - 13:36:10)(time 49205 - 13:40:05) ->    27(time 49320 - 13:42:00)(time 49554 - 13:45:54) ->    26(time 49669 - 13:47:49)(time 49887 - 13:51:27) ->    25(time 50002 - 13:53:22)(time 50214 - 13:56:54) ->    24(time 50329 - 13:58:49)(time 50543 - 14:02:23) ->    23(time 50658 - 14:04:18)(time 50879 - 14:07:59) ->    22(time 50994 - 14:09:54)(time 51231 - 14:13:51) ->    21(time 51346 - 14:15:46)(time 51544 - 14:19:04) ->    20(time 51659 - 14:20:59)(time 51886 - 14:24:46) ->    19(time 52275 - 14:31:15)(time 52500 - 14:35:00) ->    18(time 52654 - 14:37:34)(time 52654 - 14:37:34) -> 0
=============
Train 1
=============
> Trip 0
   0(time 2578 - 00:42:58)(time 2803 - 00:46:43) ->    1(time 2918 - 00:48:38)(time 3145 - 00:52:25) ->    2(time 3260 - 00:54:20)(time 3458 - 00:57:38) ->    3(time 3573 - 00:59:33)(time 3810 - 01:03:30) ->    4(time 3925 - 01:05:25)(time 4146 - 01:09:06) ->    5(time 4261 - 01:11:01)(time 4475 - 01:14:35) ->    6(time 4590 - 01:16:30)(time 4802 - 01:20:02) ->    7(time 4917 - 01:21:57)(time 5135 - 01:25:35) ->    8(time 5250 - 01:27:30)(time 5484 - 01:31:24) ->    9(time 5755 - 01:35:55)(time 5990 - 01:39:50) ->    10(time 6105 - 01:41:45)(time 6332 - 01:45:32) ->    11(time 6447 - 01:47:27)(time 6683 - 01:51:23) ->    12(time 6798 - 01:53:18)(time 7007 - 01:56:47) ->    13(time 7122 - 01:58:42)(time 7343 - 02:02:23) ->    14(time 7458 - 02:04:18)(time 7667 - 02:07:47) ->    15(time 7782 - 02:09:42)(time 7982 - 02:13:02) ->    16(time 8025 - 02:13:45)(time 8242 - 02:17:22) ->    17(time 8396 - 02:19:56)(time 8396 - 02:19:56) ->    35(time 8400 - 02:20:00)(time 8617 - 02:23:37) ->    34(time 8732 - 02:25:32)(time 8932 - 02:28:52) ->    33(time 9047 - 02:30:47)(time 9256 - 02:34:16) ->    32(time 9371 - 02:36:11)(time 9592 - 02:39:52) ->    31(time 9707 - 02:41:47)(time 9916 - 02:45:16) ->    30(time 10109 - 02:48:29)(time 10345 - 02:52:25) ->    29(time 10460 - 02:54:20)(time 10687 - 02:58:07) ->    28(time 10802 - 03:00:02)(time 11037 - 03:03:57) ->    27(time 11152 - 03:05:52)(time 11386 - 03:09:46) ->    26(time 11501 - 03:11:41)(time 11719 - 03:15:19) ->    25(time 11834 - 03:17:14)(time 12046 - 03:20:46) ->    24(time 12161 - 03:22:41)(time 12375 - 03:26:15) ->    23(time 12490 - 03:28:10)(time 12711 - 03:31:51) ->    22(time 12826 - 03:33:46)(time 13063 - 03:37:43) ->    21(time 13178 - 03:39:38)(time 13376 - 03:42:56) ->    20(time 13491 - 03:44:51)(time 13718 - 03:48:38) ->    19(time 13833 - 03:50:33)(time 14058 - 03:54:18) ->    18(time 14212 - 03:56:52)(time 14212 - 03:56:52) -> 0
> Trip 1
   0(time 14958 - 04:09:18)(time 15183 - 04:13:03) ->    1(time 15298 - 04:14:58)(time 15525 - 04:18:45) ->    2(time 15640 - 04:20:40)(time 15838 - 04:23:58) ->    3(time 15953 - 04:25:53)(time 16190 - 04:29:50) ->    4(time 16305 - 04:31:45)(time 16526 - 04:35:26) ->    5(time 16641 - 04:37:21)(time 16855 - 04:40:55) ->    6(time 16970 - 04:42:50)(time 17182 - 04:46:22) ->    7(time 17297 - 04:48:17)(time 17515 - 04:51:55) ->    8(time 17630 - 04:53:50)(time 17864 - 04:57:44) ->    9(time 17979 - 04:59:39)(time 18214 - 05:03:34) ->    10(time 18329 - 05:05:29)(time 18556 - 05:09:16) ->    11(time 18671 - 05:11:11)(time 18907 - 05:15:07) ->    12(time 19022 - 05:17:02)(time 19231 - 05:20:31) ->    13(time 19346 - 05:22:26)(time 19567 - 05:26:07) ->    14(time 19682 - 05:28:02)(time 19891 - 05:31:31) ->    15(time 20006 - 05:33:26)(time 20206 - 05:36:46) ->    16(time 20249 - 05:37:29)(time 20466 - 05:41:06) ->    17(time 20855 - 05:47:35)(time 20855 - 05:47:35) ->    35(time 20974 - 05:49:34)(time 21191 - 05:53:11) ->    34(time 21234 - 05:53:54)(time 21434 - 05:57:14) ->    33(time 21549 - 05:59:09)(time 21758 - 06:02:38) ->    32(time 21873 - 06:04:33)(time 22094 - 06:08:14) ->    31(time 22209 - 06:10:09)(time 22418 - 06:13:38) ->    30(time 22533 - 06:15:33)(time 22769 - 06:19:29) ->    29(time 22884 - 06:21:24)(time 23111 - 06:25:11) ->    28(time 23226 - 06:27:06)(time 23461 - 06:31:01) ->    27(time 23576 - 06:32:56)(time 23810 - 06:36:50) ->    26(time 23925 - 06:38:45)(time 24143 - 06:42:23) ->    25(time 24258 - 06:44:18)(time 24470 - 06:47:50) ->    24(time 24585 - 06:49:45)(time 24799 - 06:53:19) ->    23(time 24914 - 06:55:14)(time 25135 - 06:58:55) ->    22(time 25250 - 07:00:50)(time 25487 - 07:04:47) ->    21(time 25602 - 07:06:42)(time 25800 - 07:10:00) ->    20(time 25915 - 07:11:55)(time 26142 - 07:15:42) ->    19(time 26292 - 07:18:12)(time 26517 - 07:21:57) ->    18(time 26671 - 07:24:31)(time 26671 - 07:24:31) -> 0
> Trip 2
   0(time 27897 - 07:44:57)(time 28122 - 07:48:42) ->    1(time 28511 - 07:55:11)(time 28738 - 07:58:58) ->    2(time 28853 - 08:00:53)(time 29051 - 08:04:11) ->    3(time 29166 - 08:06:06)(time 29403 - 08:10:03) ->    4(time 29518 - 08:11:58)(time 29739 - 08:15:39) ->    5(time 29854 - 08:17:34)(time 30068 - 08:21:08) ->    6(time 30183 - 08:23:03)(time 30395 - 08:26:35) ->    7(time 30510 - 08:28:30)(time 30728 - 08:32:08) ->    8(time 30843 - 08:34:03)(time 31077 - 08:37:57) ->    9(time 31192 - 08:39:52)(time 31427 - 08:43:47) ->    10(time 31542 - 08:45:42)(time 31769 - 08:49:29) ->    11(time 31884 - 08:51:24)(time 32120 - 08:55:20) ->    12(time 32235 - 08:57:15)(time 32444 - 09:00:44) ->    13(time 32559 - 09:02:39)(time 32780 - 09:06:20) ->    14(time 32895 - 09:08:15)(time 33104 - 09:11:44) ->    15(time 33219 - 09:13:39)(time 33419 - 09:16:59) ->    16(time 33540 - 09:19:00)(time 33757 - 09:22:37) ->    17(time 34146 - 09:29:06)(time 34146 - 09:29:06) ->    35(time 34535 - 09:35:35)(time 34752 - 09:39:12) ->    34(time 34795 - 09:39:55)(time 34995 - 09:43:15) ->    33(time 35110 - 09:45:10)(time 35319 - 09:48:39) ->    32(time 35434 - 09:50:34)(time 35655 - 09:54:15) ->    31(time 35770 - 09:56:10)(time 35979 - 09:59:39) ->    30(time 36094 - 10:01:34)(time 36330 - 10:05:30) ->    29(time 36445 - 10:07:25)(time 36672 - 10:11:12) ->    28(time 36787 - 10:13:07)(time 37022 - 10:17:02) ->    27(time 37137 - 10:18:57)(time 37371 - 10:22:51) ->    26(time 37486 - 10:24:46)(time 37704 - 10:28:24) ->    25(time 37819 - 10:30:19)(time 38031 - 10:33:51) ->    24(time 38146 - 10:35:46)(time 38360 - 10:39:20) ->    23(time 38475 - 10:41:15)(time 38696 - 10:44:56) ->    22(time 38811 - 10:46:51)(time 39048 - 10:50:48) ->    21(time 39163 - 10:52:43)(time 39361 - 10:56:01) ->    20(time 39476 - 10:57:56)(time 39703 - 11:01:43) ->    19(time 39818 - 11:03:38)(time 40043 - 11:07:23) ->    18(time 40197 - 11:09:57)(time 40197 - 11:09:57) -> 0
> Trip 3
   0(time 41500 - 11:31:40)(time 41725 - 11:35:25) ->    1(time 41840 - 11:37:20)(time 42067 - 11:41:07) ->    2(time 42182 - 11:43:02)(time 42380 - 11:46:20) ->    3(time 42495 - 11:48:15)(time 42732 - 11:52:12) ->    4(time 42847 - 11:54:07)(time 43068 - 11:57:48) ->    5(time 43183 - 11:59:43)(time 43397 - 12:03:17) ->    6(time 43512 - 12:05:12)(time 43724 - 12:08:44) ->    7(time 43839 - 12:10:39)(time 44057 - 12:14:17) ->    8(time 44172 - 12:16:12)(time 44406 - 12:20:06) ->    9(time 44521 - 12:22:01)(time 44756 - 12:25:56) ->    10(time 44871 - 12:27:51)(time 45098 - 12:31:38) ->    11(time 45213 - 12:33:33)(time 45449 - 12:37:29) ->    12(time 45564 - 12:39:24)(time 45773 - 12:42:53) ->    13(time 45888 - 12:44:48)(time 46109 - 12:48:29) ->    14(time 46224 - 12:50:24)(time 46433 - 12:53:53) ->    15(time 46548 - 12:55:48)(time 46748 - 12:59:08) ->    16(time 46791 - 12:59:51)(time 47008 - 13:03:28) ->    17(time 47162 - 13:06:02)(time 47162 - 13:06:02) ->    35(time 47316 - 13:08:36)(time 47533 - 13:12:13) ->    34(time 47576 - 13:12:56)(time 47776 - 13:16:16) ->    33(time 47891 - 13:18:11)(time 48100 - 13:21:40) ->    32(time 48215 - 13:23:35)(time 48436 - 13:27:16) ->    31(time 48551 - 13:29:11)(time 48760 - 13:32:40) ->    30(time 48875 - 13:34:35)(time 49111 - 13:38:31) ->    29(time 49226 - 13:40:26)(time 49453 - 13:44:13) ->    28(time 49568 - 13:46:08)(time 49803 - 13:50:03) ->    27(time 49918 - 13:51:58)(time 50152 - 13:55:52) ->    26(time 50267 - 13:57:47)(time 50485 - 14:01:25) ->    25(time 50600 - 14:03:20)(time 50812 - 14:06:52) ->    24(time 50927 - 14:08:47)(time 51141 - 14:12:21) ->    23(time 51256 - 14:14:16)(time 51477 - 14:17:57) ->    22(time 51592 - 14:19:52)(time 51829 - 14:23:49) ->    21(time 51944 - 14:25:44)(time 52142 - 14:29:02) ->    20(time 52257 - 14:30:57)(time 52484 - 14:34:44) ->    19(time 52599 - 14:36:39)(time 52824 - 14:40:24) ->    18(time 52978 - 14:42:58)(time 52978 - 14:42:58) -> 0
=============
Train 2
=============
> Trip 0
   0(time 2463 - 00:41:03)(time 2688 - 00:44:48) ->    1(time 2803 - 00:46:43)(time 3030 - 00:50:30) ->    2(time 3145 - 00:52:25)(time 3343 - 00:55:43) ->    3(time 3458 - 00:57:38)(time 3695 - 01:01:35) ->    4(time 3810 - 01:03:30)(time 4031 - 01:07:11) ->    5(time 4146 - 01:09:06)(time 4360 - 01:12:40) ->    6(time 4475 - 01:14:35)(time 4687 - 01:18:07) ->    7(time 4802 - 01:20:02)(time 5020 - 01:23:40) ->    8(time 5135 - 01:25:35)(time 5369 - 01:29:29) ->    9(time 5484 - 01:31:24)(time 5719 - 01:35:19) ->    10(time 5834 - 01:37:14)(time 6061 - 01:41:01) ->    11(time 6176 - 01:42:56)(time 6412 - 01:46:52) ->    12(time 6644 - 01:50:44)(time 6853 - 01:54:13) ->    13(time 6968 - 01:56:08)(time 7189 - 01:59:49) ->    14(time 7304 - 02:01:44)(time 7513 - 02:05:13) ->    15(time 7628 - 02:07:08)(time 7828 - 02:10:28) ->    16(time 7871 - 02:11:11)(time 8088 - 02:14:48) ->    17(time 8242 - 02:17:22)(time 8242 - 02:17:22) ->    35(time 8326 - 02:18:46)(time 8543 - 02:22:23) ->    34(time 8617 - 02:23:37)(time 8817 - 02:26:57) ->    33(time 8932 - 02:28:52)(time 9141 - 02:32:21) ->    32(time 9256 - 02:34:16)(time 9477 - 02:37:57) ->    31(time 9592 - 02:39:52)(time 9801 - 02:43:21) ->    30(time 9916 - 02:45:16)(time 10152 - 02:49:12) ->    29(time 10267 - 02:51:07)(time 10494 - 02:54:54) ->    28(time 10609 - 02:56:49)(time 10844 - 03:00:44) ->    27(time 10959 - 03:02:39)(time 11193 - 03:06:33) ->    26(time 11308 - 03:08:28)(time 11526 - 03:12:06) ->    25(time 11641 - 03:14:01)(time 11853 - 03:17:33) ->    24(time 12007 - 03:20:07)(time 12221 - 03:23:41) ->    23(time 12336 - 03:25:36)(time 12557 - 03:29:17) ->    22(time 12672 - 03:31:12)(time 12909 - 03:35:09) ->    21(time 13024 - 03:37:04)(time 13222 - 03:40:22) ->    20(time 13337 - 03:42:17)(time 13564 - 03:46:04) ->    19(time 13679 - 03:47:59)(time 13904 - 03:51:44) ->    18(time 14058 - 03:54:18)(time 14058 - 03:54:18) -> 0
> Trip 1
   0(time 15073 - 04:11:13)(time 15298 - 04:14:58) ->    1(time 15413 - 04:16:53)(time 15640 - 04:20:40) ->    2(time 15755 - 04:22:35)(time 15953 - 04:25:53) ->    3(time 16068 - 04:27:48)(time 16305 - 04:31:45) ->    4(time 16420 - 04:33:40)(time 16641 - 04:37:21) ->    5(time 16756 - 04:39:16)(time 16970 - 04:42:50) ->    6(time 17085 - 04:44:45)(time 17297 - 04:48:17) ->    7(time 17412 - 04:50:12)(time 17630 - 04:53:50) ->    8(time 17745 - 04:55:45)(time 17979 - 04:59:39) ->    9(time 18094 - 05:01:34)(time 18329 - 05:05:29) ->    10(time 18444 - 05:07:24)(time 18671 - 05:11:11) ->    11(time 18786 - 05:13:06)(time 19022 - 05:17:02) ->    12(time 19137 - 05:18:57)(time 19346 - 05:22:26) ->    13(time 19735 - 05:28:55)(time 19956 - 05:32:36) ->    14(time 20190 - 05:36:30)(time 20399 - 05:39:59) ->    15(time 20514 - 05:41:54)(time 20714 - 05:45:14) ->    16(time 20757 - 05:45:57)(time 20974 - 05:49:34) ->    17(time 21128 - 05:52:08)(time 21128 - 05:52:08) ->    35(time 21128 - 05:52:08)(time 21345 - 05:55:45) ->    34(time 21388 - 05:56:28)(time 21588 - 05:59:48) ->    33(time 21738 - 06:02:18)(time 21947 - 06:05:47) ->    32(time 22062 - 06:07:42)(time 22283 - 06:11:23) ->    31(time 22398 - 06:13:18)(time 22607 - 06:16:47) ->    30(time 22722 - 06:18:42)(time 22958 - 06:22:38) ->    29(time 23073 - 06:24:33)(time 23300 - 06:28:20) ->    28(time 23415 - 06:30:15)(time 23650 - 06:34:10) ->    27(time 23765 - 06:36:05)(time 23999 - 06:39:59) ->    26(time 24114 - 06:41:54)(time 24332 - 06:45:32) ->    25(time 24447 - 06:47:27)(time 24659 - 06:50:59) ->    24(time 24774 - 06:52:54)(time 24988 - 06:56:28) ->    23(time 25103 - 06:58:23)(time 25324 - 07:02:04) ->    22(time 25439 - 07:03:59)(time 25676 - 07:07:56) ->    21(time 25791 - 07:09:51)(time 25989 - 07:13:09) ->    20(time 26104 - 07:15:04)(time 26331 - 07:18:51) ->    19(time 26446 - 07:20:46)(time 26671 - 07:24:31) ->    18(time 26825 - 07:27:05)(time 26825 - 07:27:05) -> 0
> Trip 2
   0(time 27782 - 07:43:02)(time 28007 - 07:46:47) ->    1(time 28122 - 07:48:42)(time 28349 - 07:52:29) ->    2(time 28464 - 07:54:24)(time 28662 - 07:57:42) ->    3(time 29051 - 08:04:11)(time 29288 - 08:08:08) ->    4(time 29403 - 08:10:03)(time 29624 - 08:13:44) ->    5(time 29739 - 08:15:39)(time 29953 - 08:19:13) ->    6(time 30068 - 08:21:08)(time 30280 - 08:24:40) ->    7(time 30395 - 08:26:35)(time 30613 - 08:30:13) ->    8(time 30728 - 08:32:08)(time 30962 - 08:36:02) ->    9(time 31077 - 08:37:57)(time 31312 - 08:41:52) ->    10(time 31427 - 08:43:47)(time 31654 - 08:47:34) ->    11(time 31769 - 08:49:29)(time 32005 - 08:53:25) ->    12(time 32120 - 08:55:20)(time 32329 - 08:58:49) ->    13(time 32444 - 09:00:44)(time 32665 - 09:04:25) ->    14(time 32780 - 09:06:20)(time 32989 - 09:09:49) ->    15(time 33104 - 09:11:44)(time 33304 - 09:15:04) ->    16(time 33386 - 09:16:26)(time 33603 - 09:20:03) ->    17(time 33757 - 09:22:37)(time 33757 - 09:22:37) ->    35(time 33831 - 09:23:51)(time 34048 - 09:27:28) ->    34(time 34437 - 09:33:57)(time 34637 - 09:37:17) ->    33(time 34752 - 09:39:12)(time 34961 - 09:42:41) ->    32(time 35076 - 09:44:36)(time 35297 - 09:48:17) ->    31(time 35412 - 09:50:12)(time 35621 - 09:53:41) ->    30(time 35736 - 09:55:36)(time 35972 - 09:59:32) ->    29(time 36087 - 10:01:27)(time 36314 - 10:05:14) ->    28(time 36429 - 10:07:09)(time 36664 - 10:11:04) ->    27(time 36779 - 10:12:59)(time 37013 - 10:16:53) ->    26(time 37128 - 10:18:48)(time 37346 - 10:22:26) ->    25(time 37461 - 10:24:21)(time 37673 - 10:27:53) ->    24(time 37788 - 10:29:48)(time 38002 - 10:33:22) ->    23(time 38151 - 10:35:51)(time 38372 - 10:39:32) ->    22(time 38487 - 10:41:27)(time 38724 - 10:45:24) ->    21(time 38839 - 10:47:19)(time 39037 - 10:50:37) ->    20(time 39152 - 10:52:32)(time 39379 - 10:56:19) ->    19(time 39533 - 10:58:53)(time 39758 - 11:02:38) ->    18(time 39912 - 11:05:12)(time 39912 - 11:05:12) -> 0
> Trip 3
   0(time 41615 - 11:33:35)(time 41840 - 11:37:20) ->    1(time 41955 - 11:39:15)(time 42182 - 11:43:02) ->    2(time 42297 - 11:44:57)(time 42495 - 11:48:15) ->    3(time 42610 - 11:50:10)(time 42847 - 11:54:07) ->    4(time 42962 - 11:56:02)(time 43183 - 11:59:43) ->    5(time 43298 - 12:01:38)(time 43512 - 12:05:12) ->    6(time 43627 - 12:07:07)(time 43839 - 12:10:39) ->    7(time 43954 - 12:12:34)(time 44172 - 12:16:12) ->    8(time 44287 - 12:18:07)(time 44521 - 12:22:01) ->    9(time 44636 - 12:23:56)(time 44871 - 12:27:51) ->    10(time 44986 - 12:29:46)(time 45213 - 12:33:33) ->    11(time 45328 - 12:35:28)(time 45564 - 12:39:24) ->    12(time 45679 - 12:41:19)(time 45888 - 12:44:48) ->    13(time 46003 - 12:46:43)(time 46224 - 12:50:24) ->    14(time 46339 - 12:52:19)(time 46548 - 12:55:48) ->    15(time 46663 - 12:57:43)(time 46863 - 13:01:03) ->    16(time 46945 - 13:02:25)(time 47162 - 13:06:02) ->    17(time 47316 - 13:08:36)(time 47316 - 13:08:36) ->    35(time 47470 - 13:11:10)(time 47687 - 13:14:47) ->    34(time 47730 - 13:15:30)(time 47930 - 13:18:50) ->    33(time 48045 - 13:20:45)(time 48254 - 13:24:14) ->    32(time 48369 - 13:26:09)(time 48590 - 13:29:50) ->    31(time 48705 - 13:31:45)(time 48914 - 13:35:14) ->    30(time 49029 - 13:37:09)(time 49265 - 13:41:05) ->    29(time 49380 - 13:43:00)(time 49607 - 13:46:47) ->    28(time 49722 - 13:48:42)(time 49957 - 13:52:37) ->    27(time 50072 - 13:54:32)(time 50306 - 13:58:26) ->    26(time 50421 - 14:00:21)(time 50639 - 14:03:59) ->    25(time 50754 - 14:05:54)(time 50966 - 14:09:26) ->    24(time 51081 - 14:11:21)(time 51295 - 14:14:55) ->    23(time 51410 - 14:16:50)(time 51631 - 14:20:31) ->    22(time 51746 - 14:22:26)(time 51983 - 14:26:23) ->    21(time 52098 - 14:28:18)(time 52296 - 14:31:36) ->    20(time 52411 - 14:33:31)(time 52638 - 14:37:18) ->    19(time 52753 - 14:39:13)(time 52978 - 14:42:58) ->    18(time 53132 - 14:45:32)(time 53132 - 14:45:32) -> 0
=============
Train 3
=============
> Trip 0
   0(time 2980 - 00:49:40)(time 3205 - 00:53:25) ->    1(time 3594 - 00:59:54)(time 3821 - 01:03:41) ->    2(time 3936 - 01:05:36)(time 4134 - 01:08:54) ->    3(time 4249 - 01:10:49)(time 4486 - 01:14:46) ->    4(time 4601 - 01:16:41)(time 4822 - 01:20:22) ->    5(time 4937 - 01:22:17)(time 5151 - 01:25:51) ->    6(time 5266 - 01:27:46)(time 5478 - 01:31:18) ->    7(time 5593 - 01:33:13)(time 5811 - 01:36:51) ->    8(time 5926 - 01:38:46)(time 6160 - 01:42:40) ->    9(time 6275 - 01:44:35)(time 6510 - 01:48:30) ->    10(time 6625 - 01:50:25)(time 6852 - 01:54:12) ->    11(time 6967 - 01:56:07)(time 7203 - 02:00:03) ->    12(time 7318 - 02:01:58)(time 7527 - 02:05:27) ->    13(time 7642 - 02:07:22)(time 7863 - 02:11:03) ->    14(time 7978 - 02:12:58)(time 8187 - 02:16:27) ->    15(time 8302 - 02:18:22)(time 8502 - 02:21:42) ->    16(time 8617 - 02:23:37)(time 8834 - 02:27:14) ->    17(time 8988 - 02:29:48)(time 8988 - 02:29:48) ->    35(time 8988 - 02:29:48)(time 9205 - 02:33:25) ->    34(time 9248 - 02:34:08)(time 9448 - 02:37:28) ->    33(time 9563 - 02:39:23)(time 9772 - 02:42:52) ->    32(time 9887 - 02:44:47)(time 10108 - 02:48:28) ->    31(time 10223 - 02:50:23)(time 10432 - 02:53:52) ->    30(time 10547 - 02:55:47)(time 10783 - 02:59:43) ->    29(time 10898 - 03:01:38)(time 11125 - 03:05:25) ->    28(time 11240 - 03:07:20)(time 11475 - 03:11:15) ->    27(time 11590 - 03:13:10)(time 11824 - 03:17:04) ->    26(time 11939 - 03:18:59)(time 12157 - 03:22:37) ->    25(time 12272 - 03:24:32)(time 12484 - 03:28:04) ->    24(time 12599 - 03:29:59)(time 12813 - 03:33:33) ->    23(time 12928 - 03:35:28)(time 13149 - 03:39:09) ->    22(time 13264 - 03:41:04)(time 13501 - 03:45:01) ->    21(time 13616 - 03:46:56)(time 13814 - 03:50:14) ->    20(time 13929 - 03:52:09)(time 14156 - 03:55:56) ->    19(time 14271 - 03:57:51)(time 14496 - 04:01:36) ->    18(time 14650 - 04:04:10)(time 14650 - 04:04:10) -> 0
> Trip 1
   0(time 14650 - 04:04:10)(time 14875 - 04:07:55) ->    1(time 14990 - 04:09:50)(time 15217 - 04:13:37) ->    2(time 15332 - 04:15:32)(time 15530 - 04:18:50) ->    3(time 15645 - 04:20:45)(time 15882 - 04:24:42) ->    4(time 15997 - 04:26:37)(time 16218 - 04:30:18) ->    5(time 16333 - 04:32:13)(time 16547 - 04:35:47) ->    6(time 16662 - 04:37:42)(time 16874 - 04:41:14) ->    7(time 16989 - 04:43:09)(time 17207 - 04:46:47) ->    8(time 17322 - 04:48:42)(time 17556 - 04:52:36) ->    9(time 17671 - 04:54:31)(time 17906 - 04:58:26) ->    10(time 18021 - 05:00:21)(time 18248 - 05:04:08) ->    11(time 18363 - 05:06:03)(time 18599 - 05:09:59) ->    12(time 18714 - 05:11:54)(time 18923 - 05:15:23) ->    13(time 19038 - 05:17:18)(time 19259 - 05:20:59) ->    14(time 19374 - 05:22:54)(time 19583 - 05:26:23) ->    15(time 19698 - 05:28:18)(time 19898 - 05:31:38) ->    16(time 19941 - 05:32:21)(time 20158 - 05:35:58) ->    17(time 20312 - 05:38:32)(time 20312 - 05:38:32) ->    35(time 20466 - 05:41:06)(time 20683 - 05:44:43) ->    34(time 20726 - 05:45:26)(time 20926 - 05:48:46) ->    33(time 21041 - 05:50:41)(time 21250 - 05:54:10) ->    32(time 21365 - 05:56:05)(time 21586 - 05:59:46) ->    31(time 21701 - 06:01:41)(time 21910 - 06:05:10) ->    30(time 22025 - 06:07:05)(time 22261 - 06:11:01) ->    29(time 22376 - 06:12:56)(time 22603 - 06:16:43) ->    28(time 22718 - 06:18:38)(time 22953 - 06:22:33) ->    27(time 23068 - 06:24:28)(time 23302 - 06:28:22) ->    26(time 23417 - 06:30:17)(time 23635 - 06:33:55) ->    25(time 23750 - 06:35:50)(time 23962 - 06:39:22) ->    24(time 24077 - 06:41:17)(time 24291 - 06:44:51) ->    23(time 24406 - 06:46:46)(time 24627 - 06:50:27) ->    22(time 24742 - 06:52:22)(time 24979 - 06:56:19) ->    21(time 25094 - 06:58:14)(time 25292 - 07:01:32) ->    20(time 25407 - 07:03:27)(time 25634 - 07:07:14) ->    19(time 25749 - 07:09:09)(time 25974 - 07:12:54) ->    18(time 26128 - 07:15:28)(time 26128 - 07:15:28) -> 0
> Trip 2
   0(time 27667 - 07:41:07)(time 27892 - 07:44:52) ->    1(time 28007 - 07:46:47)(time 28234 - 07:50:34) ->    2(time 28349 - 07:52:29)(time 28547 - 07:55:47) ->    3(time 28662 - 07:57:42)(time 28899 - 08:01:39) ->    4(time 29014 - 08:03:34)(time 29235 - 08:07:15) ->    5(time 29624 - 08:13:44)(time 29838 - 08:17:18) ->    6(time 29953 - 08:19:13)(time 30165 - 08:22:45) ->    7(time 30280 - 08:24:40)(time 30498 - 08:28:18) ->    8(time 30613 - 08:30:13)(time 30847 - 08:34:07) ->    9(time 30962 - 08:36:02)(time 31197 - 08:39:57) ->    10(time 31312 - 08:41:52)(time 31539 - 08:45:39) ->    11(time 31654 - 08:47:34)(time 31890 - 08:51:30) ->    12(time 32005 - 08:53:25)(time 32214 - 08:56:54) ->    13(time 32329 - 08:58:49)(time 32550 - 09:02:30) ->    14(time 32665 - 09:04:25)(time 32874 - 09:07:54) ->    15(time 32989 - 09:09:49)(time 33189 - 09:13:09) ->    16(time 33232 - 09:13:52)(time 33449 - 09:17:29) ->    17(time 33603 - 09:20:03)(time 33603 - 09:20:03) ->    35(time 33757 - 09:22:37)(time 33974 - 09:26:14) ->    34(time 34017 - 09:26:57)(time 34217 - 09:30:17) ->    33(time 34332 - 09:32:12)(time 34541 - 09:35:41) ->    32(time 34656 - 09:37:36)(time 34877 - 09:41:17) ->    31(time 35057 - 09:44:17)(time 35266 - 09:47:46) ->    30(time 35381 - 09:49:41)(time 35617 - 09:53:37) ->    29(time 35732 - 09:55:32)(time 35959 - 09:59:19) ->    28(time 36074 - 10:01:14)(time 36309 - 10:05:09) ->    27(time 36424 - 10:07:04)(time 36658 - 10:10:58) ->    26(time 36773 - 10:12:53)(time 36991 - 10:16:31) ->    25(time 37106 - 10:18:26)(time 37318 - 10:21:58) ->    24(time 37433 - 10:23:53)(time 37647 - 10:27:27) ->    23(time 37762 - 10:29:22)(time 37983 - 10:33:03) ->    22(time 38372 - 10:39:32)(time 38609 - 10:43:29) ->    21(time 38724 - 10:45:24)(time 38922 - 10:48:42) ->    20(time 39037 - 10:50:37)(time 39264 - 10:54:24) ->    19(time 39379 - 10:56:19)(time 39604 - 11:00:04) ->    18(time 39758 - 11:02:38)(time 39758 - 11:02:38) -> 0
> Trip 3
   0(time 41730 - 11:35:30)(time 41955 - 11:39:15) ->    1(time 42070 - 11:41:10)(time 42297 - 11:44:57) ->    2(time 42412 - 11:46:52)(time 42610 - 11:50:10) ->    3(time 42725 - 11:52:05)(time 42962 - 11:56:02) ->    4(time 43077 - 11:57:57)(time 43298 - 12:01:38) ->    5(time 43413 - 12:03:33)(time 43627 - 12:07:07) ->    6(time 43742 - 12:09:02)(time 43954 - 12:12:34) ->    7(time 44069 - 12:14:29)(time 44287 - 12:18:07) ->    8(time 44402 - 12:20:02)(time 44636 - 12:23:56) ->    9(time 44751 - 12:25:51)(time 44986 - 12:29:46) ->    10(time 45101 - 12:31:41)(time 45328 - 12:35:28) ->    11(time 45443 - 12:37:23)(time 45679 - 12:41:19) ->    12(time 45794 - 12:43:14)(time 46003 - 12:46:43) ->    13(time 46118 - 12:48:38)(time 46339 - 12:52:19) ->    14(time 46454 - 12:54:14)(time 46663 - 12:57:43) ->    15(time 46778 - 12:59:38)(time 46978 - 13:02:58) ->    16(time 47099 - 13:04:59)(time 47316 - 13:08:36) ->    17(time 47470 - 13:11:10)(time 47470 - 13:11:10) ->    35(time 47544 - 13:12:24)(time 47761 - 13:16:01) ->    34(time 47845 - 13:17:25)(time 48045 - 13:20:45) ->    33(time 48160 - 13:22:40)(time 48369 - 13:26:09) ->    32(time 48484 - 13:28:04)(time 48705 - 13:31:45) ->    31(time 48859 - 13:34:19)(time 49068 - 13:37:48) ->    30(time 49183 - 13:39:43)(time 49419 - 13:43:39) ->    29(time 49534 - 13:45:34)(time 49761 - 13:49:21) ->    28(time 49876 - 13:51:16)(time 50111 - 13:55:11) ->    27(time 50226 - 13:57:06)(time 50460 - 14:01:00) ->    26(time 50575 - 14:02:55)(time 50793 - 14:06:33) ->    25(time 50908 - 14:08:28)(time 51120 - 14:12:00) ->    24(time 51235 - 14:13:55)(time 51449 - 14:17:29) ->    23(time 51564 - 14:19:24)(time 51785 - 14:23:05) ->    22(time 51900 - 14:25:00)(time 52137 - 14:28:57) ->    21(time 52252 - 14:30:52)(time 52450 - 14:34:10) ->    20(time 52565 - 14:36:05)(time 52792 - 14:39:52) ->    19(time 52907 - 14:41:47)(time 53132 - 14:45:32) ->    18(time 53286 - 14:48:06)(time 53286 - 14:48:06) -> 0
