t4p16r2h2.txt:
   > Trying to open the instance file...
   > Reading number of trains...
   > Reading maximum number of trips per train...
   > Reading time intervals...
   > Reading number of points...
   > Reading stations...
   > Reading crossings...
   > Reading depots...
   > Reading initial point...
   > Reading routes...
   > Reading distance and distance and service...
   > Reading demands...
   > Reading maximum time...
   > Reading alpha...

--------------------------------
 Printing instance
--------------------------------
number of trains = 4
	max trips per trains: 4     4     4     4
number of intervals = 2
	(0,  23448)	(23449,  46897)
number of points = 16
	initial point: 0
	stations: 0     1     2     3     4     6     8     9    10    12    13    14    15
	crossings: 0     1     4     5     7    11    13    15
	depots: 0    15
number of vertices = 32
	total vertices: 0     1     2     3     4     5     6     7     8     9    10    11    12    13    14    15    16    17    18    19    20    21    22    23    24    25    26    27    28    29    30    31
	upper vertices: 0     1     2     3     4     5     6     7     8     9    10    11    12    13    14    15
	lower vertices: 16    17    18    19    20    21    22    23    24    25    26    27    28    29    30    31
	vertices of point #0: (0, 16)
	vertices of point #1: (1, 17)
	vertices of point #2: (2, 18)
	vertices of point #3: (3, 19)
	vertices of point #4: (4, 20)
	vertices of point #5: (5, 21)
	vertices of point #6: (6, 22)
	vertices of point #7: (7, 23)
	vertices of point #8: (8, 24)
	vertices of point #9: (9, 25)
	vertices of point #10: (10, 26)
	vertices of point #11: (11, 27)
	vertices of point #12: (12, 28)
	vertices of point #13: (13, 29)
	vertices of point #14: (14, 30)
	vertices of point #15: (15, 31)

arcs...
	total arcs: 
		arc #0: (0, 1)
		arc #1: (0, 16)
		arc #2: (16, 0)
		arc #3: (1, 2)
		arc #4: (17, 16)
		arc #5: (2, 3)
		arc #6: (18, 17)
		arc #7: (3, 4)
		arc #8: (19, 18)
		arc #9: (4, 5)
		arc #10: (20, 19)
		arc #11: (5, 6)
		arc #12: (21, 20)
		arc #13: (6, 7)
		arc #14: (22, 21)
		arc #15: (7, 8)
		arc #16: (23, 22)
		arc #17: (8, 9)
		arc #18: (24, 23)
		arc #19: (9, 10)
		arc #20: (25, 24)
		arc #21: (10, 11)
		arc #22: (26, 25)
		arc #23: (11, 12)
		arc #24: (27, 26)
		arc #25: (12, 13)
		arc #26: (28, 27)
		arc #27: (13, 14)
		arc #28: (29, 28)
		arc #29: (14, 15)
		arc #30: (30, 29)
		arc #31: (31, 30)
		arc #32: (15, 31)
		arc #33: (31, 15)

	reverse arcs: 
		arc #1: (0, 16)
		arc #2: (16, 0)
		arc #32: (15, 31)
		arc #33: (31, 15)


incompatible points...
	(0, 0, 17, (0, 1))	(17, 17, 0, (17, 16))	(1, 3, 20, (3, 4))	(20, 18, 1, (18, 17))	(4, 4, 21, (4, 5))	(21, 21, 4, (21, 20))	(5, 6, 23, (6, 7))	(23, 22, 5, (22, 21))	(7, 10, 27, (10, 11))	(27, 24, 7, (24, 23))	(11, 12, 29, (12, 13))	(29, 28, 11, (28, 27))	(13, 14, 31, (14, 15))	(31, 30, 13, (30, 29))

number of routes = 2
vertices of routes...
	route #0: 0     1     2     3     4     5     6     7     8     9    10    11    12    13    14    15    31    30    29    28    27    26    25    24    23    22    21    20    19    18    17    16     0
	route #1: 31    30    29    28    27    26    25    24    23    22    21    20    19    18    17    16     0     1     2     3     4     5     6     7     8     9    10    11    12    13    14    15    31
arcs of routes...
	route #0: 0     3     5     7     9    11    13    15    17    19    21    23    25    27    29    32    31    30    28    26    24    22    20    18    16    14    12    10     8     6     4     2
	route #1: 31    30    28    26    24    22    20    18    16    14    12    10     8     6     4     2     0     3     5     7     9    11    13    15    17    19    21    23    25    27    29    32

incompatible routes...
	(0, 1)    	(1, 0)

vertices that can be adjacent in consecutive trips...
	(0, 0)    	(31, 31)
non cyclical routes: 


routes of trip...
	routes that train #0 can complete at trip #0: 0
	routes that train #0 can complete at trip #1: 0       1
	routes that train #0 can complete at trip #2: 0       1
	routes that train #0 can complete at trip #3: 0       1

	routes that train #1 can complete at trip #0: 0
	routes that train #1 can complete at trip #1: 0       1
	routes that train #1 can complete at trip #2: 0       1
	routes that train #1 can complete at trip #3: 0       1

	routes that train #2 can complete at trip #0: 0
	routes that train #2 can complete at trip #1: 0       1
	routes that train #2 can complete at trip #2: 0       1
	routes that train #2 can complete at trip #3: 0       1

	routes that train #3 can complete at trip #0: 0
	routes that train #3 can complete at trip #1: 0       1
	routes that train #3 can complete at trip #2: 0       1
	routes that train #3 can complete at trip #3: 0       1

 cost...
	arc #0 [0][1]: 204
	arc #1 [0][16]: 0
	arc #2 [16][0]: 0
	arc #3 [1][2]: 207
	arc #4 [17][16]: 204
	arc #5 [2][3]: 209
	arc #6 [18][17]: 207
	arc #7 [3][4]: 205
	arc #8 [19][18]: 209
	arc #9 [4][5]: 229
	arc #10 [20][19]: 205
	arc #11 [5][6]: 224
	arc #12 [21][20]: 229
	arc #13 [6][7]: 195
	arc #14 [22][21]: 224
	arc #15 [7][8]: 194
	arc #16 [23][22]: 195
	arc #17 [8][9]: 199
	arc #18 [24][23]: 194
	arc #19 [9][10]: 198
	arc #20 [25][24]: 199
	arc #21 [10][11]: 196
	arc #22 [26][25]: 198
	arc #23 [11][12]: 222
	arc #24 [27][26]: 196
	arc #25 [12][13]: 229
	arc #26 [28][27]: 222
	arc #27 [13][14]: 198
	arc #28 [29][28]: 229
	arc #29 [14][15]: 223
	arc #30 [30][29]: 198
	arc #31 [31][30]: 223
	arc #32 [15][31]: 0
	arc #33 [31][15]: 0

cost with minimum service...
	arc #0 [0][1]: 289
	arc #1 [0][16]: 0
	arc #2 [16][0]: 0
	arc #3 [1][2]: 292
	arc #4 [17][16]: 465
	arc #5 [2][3]: 294
	arc #6 [18][17]: 292
	arc #7 [3][4]: 290
	arc #8 [19][18]: 294
	arc #9 [4][5]: 264
	arc #10 [20][19]: 290
	arc #11 [5][6]: 309
	arc #12 [21][20]: 314
	arc #13 [6][7]: 230
	arc #14 [22][21]: 259
	arc #15 [7][8]: 279
	arc #16 [23][22]: 280
	arc #17 [8][9]: 284
	arc #18 [24][23]: 229
	arc #19 [9][10]: 283
	arc #20 [25][24]: 284
	arc #21 [10][11]: 231
	arc #22 [26][25]: 283
	arc #23 [11][12]: 307
	arc #24 [27][26]: 281
	arc #25 [12][13]: 314
	arc #26 [28][27]: 257
	arc #27 [13][14]: 283
	arc #28 [29][28]: 314
	arc #29 [14][15]: 484
	arc #30 [30][29]: 283
	arc #31 [31][30]: 308
	arc #32 [15][31]: 0
	arc #33 [31][15]: 0

cost with maximum service...
	arc #0 [0][1]: 602
	arc #1 [0][16]: 398
	arc #2 [16][0]: 398
	arc #3 [1][2]: 605
	arc #4 [17][16]: 602
	arc #5 [2][3]: 607
	arc #6 [18][17]: 605
	arc #7 [3][4]: 603
	arc #8 [19][18]: 607
	arc #9 [4][5]: 627
	arc #10 [20][19]: 603
	arc #11 [5][6]: 622
	arc #12 [21][20]: 627
	arc #13 [6][7]: 593
	arc #14 [22][21]: 622
	arc #15 [7][8]: 592
	arc #16 [23][22]: 593
	arc #17 [8][9]: 597
	arc #18 [24][23]: 592
	arc #19 [9][10]: 596
	arc #20 [25][24]: 597
	arc #21 [10][11]: 594
	arc #22 [26][25]: 596
	arc #23 [11][12]: 620
	arc #24 [27][26]: 594
	arc #25 [12][13]: 627
	arc #26 [28][27]: 620
	arc #27 [13][14]: 596
	arc #28 [29][28]: 627
	arc #29 [14][15]: 621
	arc #30 [30][29]: 596
	arc #31 [31][30]: 621
	arc #32 [15][31]: 398
	arc #33 [31][15]: 398

demands...
	demands of vertex 0 at time interval: 7     7
	demands of vertex 1 at time interval: 7     7
	demands of vertex 2 at time interval: 7     7
	demands of vertex 3 at time interval: 7     7
	demands of vertex 4 at time interval: 7     7
	demands of vertex 5 at time interval: 0     0
	demands of vertex 6 at time interval: 7     7
	demands of vertex 7 at time interval: 0     0
	demands of vertex 8 at time interval: 7     7
	demands of vertex 9 at time interval: 7     7
	demands of vertex 10 at time interval: 7     7
	demands of vertex 11 at time interval: 0     0
	demands of vertex 12 at time interval: 7     7
	demands of vertex 13 at time interval: 7     7
	demands of vertex 14 at time interval: 7     7
	demands of vertex 15 at time interval: 0     0
	demands of vertex 16 at time interval: 0     0
	demands of vertex 17 at time interval: 7     7
	demands of vertex 18 at time interval: 7     7
	demands of vertex 19 at time interval: 7     7
	demands of vertex 20 at time interval: 7     7
	demands of vertex 21 at time interval: 0     0
	demands of vertex 22 at time interval: 7     7
	demands of vertex 23 at time interval: 0     0
	demands of vertex 24 at time interval: 7     7
	demands of vertex 25 at time interval: 7     7
	demands of vertex 26 at time interval: 7     7
	demands of vertex 27 at time interval: 0     0
	demands of vertex 28 at time interval: 7     7
	demands of vertex 29 at time interval: 7     7
	demands of vertex 30 at time interval: 7     7
	demands of vertex 31 at time interval: 7     7

maximum time = 46897
alpha = 68

Selecting set of cyclical routes...

Selecting set of initial routes...

Creating initial set of candidate combinations...
Solving candidate combinations...

Found new best - 1/1 candidate combination(s) tested! (Thread 0)

Removing trips...

Solving candidate combinations...

1/2 candidate combination(s) tested! (Thread 0)
2/2 candidate combination(s) tested! (Thread 0)

Relaxing trips, so the model can make changes...

>> Printing some results...
    -> Solution value = 30443 - 08:27:23
    -> Total time = 2447.97

=============
Train 0
=============
> Trip 0
   0(time 5312 - 01:28:32)(time 5516 - 01:31:56) ->    1(time 5601 - 01:33:21)(time 5808 - 01:36:48) ->    2(time 5893 - 01:38:13)(time 6102 - 01:41:42) ->    3(time 6187 - 01:43:07)(time 6392 - 01:46:32) ->    4(time 6477 - 01:47:57)(time 6706 - 01:51:46) ->    5(time 6741 - 01:52:21)(time 6965 - 01:56:05) ->    6(time 7050 - 01:57:30)(time 7245 - 02:00:45) ->    7(time 7280 - 02:01:20)(time 7474 - 02:04:34) ->    8(time 7872 - 02:11:12)(time 8071 - 02:14:31) ->    9(time 8156 - 02:15:56)(time 8354 - 02:19:14) ->    10(time 8439 - 02:20:39)(time 8635 - 02:23:55) ->    11(time 9033 - 02:30:33)(time 9255 - 02:34:15) ->    12(time 9653 - 02:40:53)(time 9882 - 02:44:42) ->    13(time 10280 - 02:51:20)(time 10478 - 02:54:38) ->    14(time 10563 - 02:56:03)(time 10786 - 02:59:46) ->    15(time 11047 - 03:04:07)(time 11047 - 03:04:07) ->    31(time 11047 - 03:04:07)(time 11270 - 03:07:50) ->    30(time 11355 - 03:09:15)(time 11553 - 03:12:33) ->    29(time 11638 - 03:13:58)(time 11867 - 03:17:47) ->    28(time 11952 - 03:19:12)(time 12174 - 03:22:54) ->    27(time 12209 - 03:23:29)(time 12405 - 03:26:45) ->    26(time 12490 - 03:28:10)(time 12688 - 03:31:28) ->    25(time 12773 - 03:32:53)(time 12972 - 03:36:12) ->    24(time 13057 - 03:37:37)(time 13251 - 03:40:51) ->    23(time 13631 - 03:47:11)(time 13826 - 03:50:26) ->    22(time 14224 - 03:57:04)(time 14448 - 04:00:48) ->    21(time 14846 - 04:07:26)(time 15075 - 04:11:15) ->    20(time 15473 - 04:17:53)(time 15678 - 04:21:18) ->    19(time 15763 - 04:22:43)(time 15972 - 04:26:12) ->    18(time 16057 - 04:27:37)(time 16264 - 04:31:04) ->    17(time 16349 - 04:32:29)(time 16553 - 04:35:53) ->    16(time 16814 - 04:40:14)(time 16814 - 04:40:14) -> 0
> Trip 1
   0(time 16814 - 04:40:14)(time 17018 - 04:43:38) ->    1(time 17103 - 04:45:03)(time 17310 - 04:48:30) ->    2(time 17395 - 04:49:55)(time 17604 - 04:53:24) ->    3(time 17689 - 04:54:49)(time 17894 - 04:58:14) ->    4(time 17979 - 04:59:39)(time 18208 - 05:03:28) ->    5(time 18243 - 05:04:03)(time 18467 - 05:07:47) ->    6(time 18552 - 05:09:12)(time 18747 - 05:12:27) ->    7(time 18782 - 05:13:02)(time 18976 - 05:16:16) ->    8(time 19061 - 05:17:41)(time 19260 - 05:21:00) ->    9(time 19345 - 05:22:25)(time 19543 - 05:25:43) ->    10(time 19628 - 05:27:08)(time 19824 - 05:30:24) ->    11(time 20050 - 05:34:10)(time 20272 - 05:37:52) ->    12(time 20357 - 05:39:17)(time 20586 - 05:43:06) ->    13(time 20671 - 05:44:31)(time 20869 - 05:47:49) ->    14(time 20954 - 05:49:14)(time 21177 - 05:52:57) ->    15(time 21438 - 05:57:18)(time 21438 - 05:57:18) ->    31(time 21438 - 05:57:18)(time 21661 - 06:01:01) ->    30(time 21746 - 06:02:26)(time 21944 - 06:05:44) ->    29(time 22029 - 06:07:09)(time 22258 - 06:10:58) ->    28(time 22343 - 06:12:23)(time 22565 - 06:16:05) ->    27(time 22600 - 06:16:40)(time 22796 - 06:19:56) ->    26(time 22881 - 06:21:21)(time 23079 - 06:24:39) ->    25(time 23164 - 06:26:04)(time 23363 - 06:29:23) ->    24(time 23448 - 06:30:48)(time 23642 - 06:34:02) ->    23(time 23677 - 06:34:37)(time 23872 - 06:37:52) ->    22(time 23957 - 06:39:17)(time 24181 - 06:43:01) ->    21(time 24216 - 06:43:36)(time 24445 - 06:47:25) ->    20(time 24697 - 06:51:37)(time 24902 - 06:55:02) ->    19(time 24987 - 06:56:27)(time 25196 - 06:59:56) ->    18(time 25281 - 07:01:21)(time 25488 - 07:04:48) ->    17(time 25573 - 07:06:13)(time 25777 - 07:09:37) ->    16(time 26038 - 07:13:58)(time 26038 - 07:13:58) -> 0
> Trip 2
   0(time 26038 - 07:13:58)(time 26242 - 07:17:22) ->    1(time 26327 - 07:18:47)(time 26534 - 07:22:14) ->    2(time 26619 - 07:23:39)(time 26828 - 07:27:08) ->    3(time 26913 - 07:28:33)(time 27118 - 07:31:58) ->    4(time 27203 - 07:33:23)(time 27432 - 07:37:12) ->    5(time 27467 - 07:37:47)(time 27691 - 07:41:31) ->    6(time 27776 - 07:42:56)(time 27971 - 07:46:11) ->    7(time 28006 - 07:46:46)(time 28200 - 07:50:00) ->    8(time 28285 - 07:51:25)(time 28484 - 07:54:44) ->    9(time 28569 - 07:56:09)(time 28767 - 07:59:27) ->    10(time 28852 - 08:00:52)(time 29048 - 08:04:08) ->    11(time 29180 - 08:06:20)(time 29402 - 08:10:02) ->    12(time 29487 - 08:11:27)(time 29716 - 08:15:16) ->    13(time 29801 - 08:16:41)(time 29999 - 08:19:59) ->    14(time 30084 - 08:21:24)(time 30307 - 08:25:07) ->    15(time 30568 - 08:29:28)(time 30568 - 08:29:28) ->    31(time 30568 - 08:29:28)(time 30791 - 08:33:11) ->    30(time 30876 - 08:34:36)(time 31074 - 08:37:54) ->    29(time 31159 - 08:39:19)(time 31388 - 08:43:08) ->    28(time 31473 - 08:44:33)(time 31695 - 08:48:15) ->    27(time 31730 - 08:48:50)(time 31926 - 08:52:06) ->    26(time 32011 - 08:53:31)(time 32209 - 08:56:49) ->    25(time 32294 - 08:58:14)(time 32493 - 09:01:33) ->    24(time 32578 - 09:02:58)(time 32772 - 09:06:12) ->    23(time 32807 - 09:06:47)(time 33002 - 09:10:02) ->    22(time 33087 - 09:11:27)(time 33311 - 09:15:11) ->    21(time 33346 - 09:15:46)(time 33575 - 09:19:35) ->    20(time 33660 - 09:21:00)(time 33865 - 09:24:25) ->    19(time 33950 - 09:25:50)(time 34159 - 09:29:19) ->    18(time 34244 - 09:30:44)(time 34451 - 09:34:11) ->    17(time 34536 - 09:35:36)(time 34740 - 09:39:00) ->    16(time 35001 - 09:43:21)(time 35001 - 09:43:21) -> 0
> Trip 3
   0(time 35001 - 09:43:21)(time 35205 - 09:46:45) ->    1(time 35290 - 09:48:10)(time 35497 - 09:51:37) ->    2(time 35582 - 09:53:02)(time 35791 - 09:56:31) ->    3(time 35876 - 09:57:56)(time 36081 - 10:01:21) ->    4(time 36166 - 10:02:46)(time 36395 - 10:06:35) ->    5(time 36430 - 10:07:10)(time 36654 - 10:10:54) ->    6(time 36739 - 10:12:19)(time 36934 - 10:15:34) ->    7(time 36969 - 10:16:09)(time 37163 - 10:19:23) ->    8(time 37248 - 10:20:48)(time 37447 - 10:24:07) ->    9(time 37532 - 10:25:32)(time 37730 - 10:28:50) ->    10(time 37815 - 10:30:15)(time 38011 - 10:33:31) ->    11(time 38046 - 10:34:06)(time 38268 - 10:37:48) ->    12(time 38353 - 10:39:13)(time 38582 - 10:43:02) ->    13(time 38706 - 10:45:06)(time 38904 - 10:48:24) ->    14(time 38989 - 10:49:49)(time 39212 - 10:53:32) ->    15(time 39473 - 10:57:53)(time 39473 - 10:57:53) ->    31(time 39734 - 11:02:14)(time 39957 - 11:05:57) ->    30(time 40042 - 11:07:22)(time 40240 - 11:10:40) ->    29(time 40325 - 11:12:05)(time 40554 - 11:15:54) ->    28(time 40639 - 11:17:19)(time 40861 - 11:21:01) ->    27(time 40896 - 11:21:36)(time 41092 - 11:24:52) ->    26(time 41177 - 11:26:17)(time 41375 - 11:29:35) ->    25(time 41460 - 11:31:00)(time 41659 - 11:34:19) ->    24(time 41744 - 11:35:44)(time 41938 - 11:38:58) ->    23(time 41973 - 11:39:33)(time 42168 - 11:42:48) ->    22(time 42253 - 11:44:13)(time 42477 - 11:47:57) ->    21(time 42512 - 11:48:32)(time 42741 - 11:52:21) ->    20(time 42826 - 11:53:46)(time 43031 - 11:57:11) ->    19(time 43116 - 11:58:36)(time 43325 - 12:02:05) ->    18(time 43410 - 12:03:30)(time 43617 - 12:06:57) ->    17(time 43702 - 12:08:22)(time 43906 - 12:11:46) ->    16(time 44167 - 12:16:07)(time 44167 - 12:16:07) -> 0
=============
Train 1
=============
> Trip 0
   0(time 4767 - 01:19:27)(time 4971 - 01:22:51) ->    1(time 5056 - 01:24:16)(time 5263 - 01:27:43) ->    2(time 5348 - 01:29:08)(time 5557 - 01:32:37) ->    3(time 5642 - 01:34:02)(time 5847 - 01:37:27) ->    4(time 5932 - 01:38:52)(time 6161 - 01:42:41) ->    5(time 6196 - 01:43:16)(time 6420 - 01:47:00) ->    6(time 6505 - 01:48:25)(time 6700 - 01:51:40) ->    7(time 6735 - 01:52:15)(time 6929 - 01:55:29) ->    8(time 7014 - 01:56:54)(time 7213 - 02:00:13) ->    9(time 7298 - 02:01:38)(time 7496 - 02:04:56) ->    10(time 7581 - 02:06:21)(time 7777 - 02:09:37) ->    11(time 8164 - 02:16:04)(time 8386 - 02:19:46) ->    12(time 8471 - 02:21:11)(time 8700 - 02:25:00) ->    13(time 8785 - 02:26:25)(time 8983 - 02:29:43) ->    14(time 9068 - 02:31:08)(time 9291 - 02:34:51) ->    15(time 9552 - 02:39:12)(time 9552 - 02:39:12) ->    31(time 9774 - 02:42:54)(time 9997 - 02:46:37) ->    30(time 10082 - 02:48:02)(time 10280 - 02:51:20) ->    29(time 10365 - 02:52:45)(time 10594 - 02:56:34) ->    28(time 10679 - 02:57:59)(time 10901 - 03:01:41) ->    27(time 11122 - 03:05:22)(time 11318 - 03:08:38) ->    26(time 11403 - 03:10:03)(time 11601 - 03:13:21) ->    25(time 11686 - 03:14:46)(time 11885 - 03:18:05) ->    24(time 11970 - 03:19:30)(time 12164 - 03:22:44) ->    23(time 12199 - 03:23:19)(time 12394 - 03:26:34) ->    22(time 12479 - 03:27:59)(time 12703 - 03:31:43) ->    21(time 12738 - 03:32:18)(time 12967 - 03:36:07) ->    20(time 13052 - 03:37:32)(time 13257 - 03:40:57) ->    19(time 13342 - 03:42:22)(time 13551 - 03:45:51) ->    18(time 13636 - 03:47:16)(time 13843 - 03:50:43) ->    17(time 13928 - 03:52:08)(time 14132 - 03:55:32) ->    16(time 14393 - 03:59:53)(time 14393 - 03:59:53) -> 0
> Trip 1
   0(time 14393 - 03:59:53)(time 14597 - 04:03:17) ->    1(time 14682 - 04:04:42)(time 14889 - 04:08:09) ->    2(time 14974 - 04:09:34)(time 15183 - 04:13:03) ->    3(time 15268 - 04:14:28)(time 15473 - 04:17:53) ->    4(time 15558 - 04:19:18)(time 15787 - 04:23:07) ->    5(time 15822 - 04:23:42)(time 16046 - 04:27:26) ->    6(time 16131 - 04:28:51)(time 16326 - 04:32:06) ->    7(time 16361 - 04:32:41)(time 16555 - 04:35:55) ->    8(time 16640 - 04:37:20)(time 16839 - 04:40:39) ->    9(time 17021 - 04:43:41)(time 17219 - 04:46:59) ->    10(time 17304 - 04:48:24)(time 17500 - 04:51:40) ->    11(time 17535 - 04:52:15)(time 17757 - 04:55:57) ->    12(time 17842 - 04:57:22)(time 18071 - 05:01:11) ->    13(time 18156 - 05:02:36)(time 18354 - 05:05:54) ->    14(time 18439 - 05:07:19)(time 18662 - 05:11:02) ->    15(time 18923 - 05:15:23)(time 18923 - 05:15:23) ->    31(time 18923 - 05:15:23)(time 19146 - 05:19:06) ->    30(time 19231 - 05:20:31)(time 19429 - 05:23:49) ->    29(time 19514 - 05:25:14)(time 19743 - 05:29:03) ->    28(time 19828 - 05:30:28)(time 20050 - 05:34:10) ->    27(time 20085 - 05:34:45)(time 20281 - 05:38:01) ->    26(time 20366 - 05:39:26)(time 20564 - 05:42:44) ->    25(time 20649 - 05:44:09)(time 20848 - 05:47:28) ->    24(time 20933 - 05:48:53)(time 21127 - 05:52:07) ->    23(time 21162 - 05:52:42)(time 21357 - 05:55:57) ->    22(time 21442 - 05:57:22)(time 21666 - 06:01:06) ->    21(time 21701 - 06:01:41)(time 21930 - 06:05:30) ->    20(time 22015 - 06:06:55)(time 22220 - 06:10:20) ->    19(time 22305 - 06:11:45)(time 22514 - 06:15:14) ->    18(time 22684 - 06:18:04)(time 22891 - 06:21:31) ->    17(time 23152 - 06:25:52)(time 23356 - 06:29:16) ->    16(time 23617 - 06:33:37)(time 23617 - 06:33:37) -> 0
> Trip 2
   0(time 23617 - 06:33:37)(time 23821 - 06:37:01) ->    1(time 23906 - 06:38:26)(time 24113 - 06:41:53) ->    2(time 24198 - 06:43:18)(time 24407 - 06:46:47) ->    3(time 24492 - 06:48:12)(time 24697 - 06:51:37) ->    4(time 25095 - 06:58:15)(time 25324 - 07:02:04) ->    5(time 25386 - 07:03:06)(time 25610 - 07:06:50) ->    6(time 25695 - 07:08:15)(time 25890 - 07:11:30) ->    7(time 25925 - 07:12:05)(time 26119 - 07:15:19) ->    8(time 26204 - 07:16:44)(time 26403 - 07:20:03) ->    9(time 26801 - 07:26:41)(time 26999 - 07:29:59) ->    10(time 27397 - 07:36:37)(time 27593 - 07:39:53) ->    11(time 27628 - 07:40:28)(time 27850 - 07:44:10) ->    12(time 28248 - 07:50:48)(time 28477 - 07:54:37) ->    13(time 28875 - 08:01:15)(time 29073 - 08:04:33) ->    14(time 29288 - 08:08:08)(time 29511 - 08:11:51) ->    15(time 29909 - 08:18:29)(time 29909 - 08:18:29) ->    31(time 30307 - 08:25:07)(time 30530 - 08:28:50) ->    30(time 30615 - 08:30:15)(time 30813 - 08:33:33) ->    29(time 30898 - 08:34:58)(time 31127 - 08:38:47) ->    28(time 31212 - 08:40:12)(time 31434 - 08:43:54) ->    27(time 31469 - 08:44:29)(time 31665 - 08:47:45) ->    26(time 31750 - 08:49:10)(time 31948 - 08:52:28) ->    25(time 32033 - 08:53:53)(time 32232 - 08:57:12) ->    24(time 32317 - 08:58:37)(time 32511 - 09:01:51) ->    23(time 32546 - 09:02:26)(time 32741 - 09:05:41) ->    22(time 32826 - 09:07:06)(time 33050 - 09:10:50) ->    21(time 33085 - 09:11:25)(time 33314 - 09:15:14) ->    20(time 33399 - 09:16:39)(time 33604 - 09:20:04) ->    19(time 33689 - 09:21:29)(time 33898 - 09:24:58) ->    18(time 33983 - 09:26:23)(time 34190 - 09:29:50) ->    17(time 34275 - 09:31:15)(time 34479 - 09:34:39) ->    16(time 34740 - 09:39:00)(time 34740 - 09:39:00) -> 0
> Trip 3
   0(time 34740 - 09:39:00)(time 34944 - 09:42:24) ->    1(time 35029 - 09:43:49)(time 35236 - 09:47:16) ->    2(time 35321 - 09:48:41)(time 35530 - 09:52:10) ->    3(time 35615 - 09:53:35)(time 35820 - 09:57:00) ->    4(time 35905 - 09:58:25)(time 36134 - 10:02:14) ->    5(time 36169 - 10:02:49)(time 36393 - 10:06:33) ->    6(time 36478 - 10:07:58)(time 36673 - 10:11:13) ->    7(time 36708 - 10:11:48)(time 36902 - 10:15:02) ->    8(time 36987 - 10:16:27)(time 37186 - 10:19:46) ->    9(time 37271 - 10:21:11)(time 37469 - 10:24:29) ->    10(time 37554 - 10:25:54)(time 37750 - 10:29:10) ->    11(time 37785 - 10:29:45)(time 38007 - 10:33:27) ->    12(time 38092 - 10:34:52)(time 38321 - 10:38:41) ->    13(time 38445 - 10:40:45)(time 38643 - 10:44:03) ->    14(time 38728 - 10:45:28)(time 38951 - 10:49:11) ->    15(time 39212 - 10:53:32)(time 39212 - 10:53:32) ->    31(time 39297 - 10:54:57)(time 39520 - 10:58:40) ->    30(time 39605 - 11:00:05)(time 39803 - 11:03:23) ->    29(time 39888 - 11:04:48)(time 40117 - 11:08:37) ->    28(time 40202 - 11:10:02)(time 40424 - 11:13:44) ->    27(time 40635 - 11:17:15)(time 40831 - 11:20:31) ->    26(time 40916 - 11:21:56)(time 41114 - 11:25:14) ->    25(time 41199 - 11:26:39)(time 41398 - 11:29:58) ->    24(time 41483 - 11:31:23)(time 41677 - 11:34:37) ->    23(time 41712 - 11:35:12)(time 41907 - 11:38:27) ->    22(time 41992 - 11:39:52)(time 42216 - 11:43:36) ->    21(time 42251 - 11:44:11)(time 42480 - 11:48:00) ->    20(time 42565 - 11:49:25)(time 42770 - 11:52:50) ->    19(time 42855 - 11:54:15)(time 43064 - 11:57:44) ->    18(time 43149 - 11:59:09)(time 43356 - 12:02:36) ->    17(time 43441 - 12:04:01)(time 43645 - 12:07:25) ->    16(time 43906 - 12:11:46)(time 43906 - 12:11:46) -> 0
=============
Train 2
=============
> Trip 0
   0(time 4682 - 01:18:02)(time 4886 - 01:21:26) ->    1(time 4971 - 01:22:51)(time 5178 - 01:26:18) ->    2(time 5263 - 01:27:43)(time 5472 - 01:31:12) ->    3(time 5557 - 01:32:37)(time 5762 - 01:36:02) ->    4(time 5847 - 01:37:27)(time 6076 - 01:41:16) ->    5(time 6111 - 01:41:51)(time 6335 - 01:45:35) ->    6(time 6420 - 01:47:00)(time 6615 - 01:50:15) ->    7(time 6650 - 01:50:50)(time 6844 - 01:54:04) ->    8(time 6929 - 01:55:29)(time 7128 - 01:58:48) ->    9(time 7213 - 02:00:13)(time 7411 - 02:03:31) ->    10(time 7496 - 02:04:56)(time 7692 - 02:08:12) ->    11(time 7727 - 02:08:47)(time 7949 - 02:12:29) ->    12(time 8034 - 02:13:54)(time 8263 - 02:17:43) ->    13(time 8348 - 02:19:08)(time 8546 - 02:22:26) ->    14(time 8807 - 02:26:47)(time 9030 - 02:30:30) ->    15(time 9291 - 02:34:51)(time 9291 - 02:34:51) ->    31(time 9376 - 02:36:16)(time 9599 - 02:39:59) ->    30(time 9684 - 02:41:24)(time 9882 - 02:44:42) ->    29(time 9967 - 02:46:07)(time 10196 - 02:49:56) ->    28(time 10281 - 02:51:21)(time 10503 - 02:55:03) ->    27(time 10538 - 02:55:38)(time 10734 - 02:58:54) ->    26(time 10819 - 03:00:19)(time 11017 - 03:03:37) ->    25(time 11102 - 03:05:02)(time 11301 - 03:08:21) ->    24(time 11386 - 03:09:46)(time 11580 - 03:13:00) ->    23(time 11615 - 03:13:35)(time 11810 - 03:16:50) ->    22(time 11895 - 03:18:15)(time 12119 - 03:21:59) ->    21(time 12154 - 03:22:34)(time 12383 - 03:26:23) ->    20(time 12468 - 03:27:48)(time 12673 - 03:31:13) ->    19(time 12758 - 03:32:38)(time 12967 - 03:36:07) ->    18(time 13228 - 03:40:28)(time 13435 - 03:43:55) ->    17(time 13520 - 03:45:20)(time 13724 - 03:48:44) ->    16(time 14122 - 03:55:22)(time 14122 - 03:55:22) -> 0
> Trip 1
   0(time 14132 - 03:55:32)(time 14336 - 03:58:56) ->    1(time 14518 - 04:01:58)(time 14725 - 04:05:25) ->    2(time 14810 - 04:06:50)(time 15019 - 04:10:19) ->    3(time 15104 - 04:11:44)(time 15309 - 04:15:09) ->    4(time 15394 - 04:16:34)(time 15623 - 04:20:23) ->    5(time 15658 - 04:20:58)(time 15882 - 04:24:42) ->    6(time 15967 - 04:26:07)(time 16162 - 04:29:22) ->    7(time 16197 - 04:29:57)(time 16391 - 04:33:11) ->    8(time 16476 - 04:34:36)(time 16675 - 04:37:55) ->    9(time 16760 - 04:39:20)(time 16958 - 04:42:38) ->    10(time 17043 - 04:44:03)(time 17239 - 04:47:19) ->    11(time 17274 - 04:47:54)(time 17496 - 04:51:36) ->    12(time 17581 - 04:53:01)(time 17810 - 04:56:50) ->    13(time 17895 - 04:58:15)(time 18093 - 05:01:33) ->    14(time 18178 - 05:02:58)(time 18401 - 05:06:41) ->    15(time 18662 - 05:11:02)(time 18662 - 05:11:02) ->    31(time 18838 - 05:13:58)(time 19061 - 05:17:41) ->    30(time 19146 - 05:19:06)(time 19344 - 05:22:24) ->    29(time 19429 - 05:23:49)(time 19658 - 05:27:38) ->    28(time 19743 - 05:29:03)(time 19965 - 05:32:45) ->    27(time 20000 - 05:33:20)(time 20196 - 05:36:36) ->    26(time 20281 - 05:38:01)(time 20479 - 05:41:19) ->    25(time 20564 - 05:42:44)(time 20763 - 05:46:03) ->    24(time 20848 - 05:47:28)(time 21042 - 05:50:42) ->    23(time 21077 - 05:51:17)(time 21272 - 05:54:32) ->    22(time 21357 - 05:55:57)(time 21581 - 05:59:41) ->    21(time 21616 - 06:00:16)(time 21845 - 06:04:05) ->    20(time 21930 - 06:05:30)(time 22135 - 06:08:55) ->    19(time 22220 - 06:10:20)(time 22429 - 06:13:49) ->    18(time 22514 - 06:15:14)(time 22721 - 06:18:41) ->    17(time 22891 - 06:21:31)(time 23095 - 06:24:55) ->    16(time 23356 - 06:29:16)(time 23356 - 06:29:16) -> 0
> Trip 2
   0(time 23449 - 06:30:49)(time 23653 - 06:34:13) ->    1(time 23738 - 06:35:38)(time 23945 - 06:39:05) ->    2(time 24030 - 06:40:30)(time 24239 - 06:43:59) ->    3(time 24324 - 06:45:24)(time 24529 - 06:48:49) ->    4(time 24614 - 06:50:14)(time 24843 - 06:54:03) ->    5(time 24878 - 06:54:38)(time 25102 - 06:58:22) ->    6(time 25187 - 06:59:47)(time 25382 - 07:03:02) ->    7(time 25417 - 07:03:37)(time 25611 - 07:06:51) ->    8(time 25696 - 07:08:16)(time 25895 - 07:11:35) ->    9(time 25980 - 07:13:00)(time 26178 - 07:16:18) ->    10(time 26263 - 07:17:43)(time 26459 - 07:20:59) ->    11(time 26494 - 07:21:34)(time 26716 - 07:25:16) ->    12(time 26801 - 07:26:41)(time 27030 - 07:30:30) ->    13(time 27115 - 07:31:55)(time 27313 - 07:35:13) ->    14(time 27569 - 07:39:29)(time 27792 - 07:43:12) ->    15(time 28053 - 07:47:33)(time 28053 - 07:47:33) ->    31(time 28053 - 07:47:33)(time 28276 - 07:51:16) ->    30(time 28361 - 07:52:41)(time 28559 - 07:55:59) ->    29(time 28644 - 07:57:24)(time 28873 - 08:01:13) ->    28(time 28958 - 08:02:38)(time 29180 - 08:06:20) ->    27(time 29309 - 08:08:29)(time 29505 - 08:11:45) ->    26(time 29590 - 08:13:10)(time 29788 - 08:16:28) ->    25(time 29873 - 08:17:53)(time 30072 - 08:21:12) ->    24(time 30157 - 08:22:37)(time 30351 - 08:25:51) ->    23(time 30386 - 08:26:26)(time 30581 - 08:29:41) ->    22(time 30666 - 08:31:06)(time 30890 - 08:34:50) ->    21(time 30925 - 08:35:25)(time 31154 - 08:39:14) ->    20(time 31239 - 08:40:39)(time 31444 - 08:44:04) ->    19(time 31529 - 08:45:29)(time 31738 - 08:48:58) ->    18(time 31823 - 08:50:23)(time 32030 - 08:53:50) ->    17(time 32115 - 08:55:15)(time 32319 - 08:58:39) ->    16(time 32717 - 09:05:17)(time 32717 - 09:05:17) -> 0
> Trip 3
   0(time 34071 - 09:27:51)(time 34275 - 09:31:15) ->    1(time 34673 - 09:37:53)(time 34880 - 09:41:20) ->    2(time 35099 - 09:44:59)(time 35308 - 09:48:28) ->    3(time 35393 - 09:49:53)(time 35598 - 09:53:18) ->    4(time 35683 - 09:54:43)(time 35912 - 09:58:32) ->    5(time 35947 - 09:59:07)(time 36171 - 10:02:51) ->    6(time 36256 - 10:04:16)(time 36451 - 10:07:31) ->    7(time 36486 - 10:08:06)(time 36680 - 10:11:20) ->    8(time 36765 - 10:12:45)(time 36964 - 10:16:04) ->    9(time 37049 - 10:17:29)(time 37247 - 10:20:47) ->    10(time 37332 - 10:22:12)(time 37528 - 10:25:28) ->    11(time 37563 - 10:26:03)(time 37785 - 10:29:45) ->    12(time 37870 - 10:31:10)(time 38099 - 10:34:59) ->    13(time 38184 - 10:36:24)(time 38382 - 10:39:42) ->    14(time 38467 - 10:41:07)(time 38690 - 10:44:50) ->    15(time 38951 - 10:49:11)(time 38951 - 10:49:11) ->    31(time 39212 - 10:53:32)(time 39435 - 10:57:15) ->    30(time 39520 - 10:58:40)(time 39718 - 11:01:58) ->    29(time 39803 - 11:03:23)(time 40032 - 11:07:12) ->    28(time 40117 - 11:08:37)(time 40339 - 11:12:19) ->    27(time 40374 - 11:12:54)(time 40570 - 11:16:10) ->    26(time 40655 - 11:17:35)(time 40853 - 11:20:53) ->    25(time 40938 - 11:22:18)(time 41137 - 11:25:37) ->    24(time 41222 - 11:27:02)(time 41416 - 11:30:16) ->    23(time 41451 - 11:30:51)(time 41646 - 11:34:06) ->    22(time 41731 - 11:35:31)(time 41955 - 11:39:15) ->    21(time 41990 - 11:39:50)(time 42219 - 11:43:39) ->    20(time 42304 - 11:45:04)(time 42509 - 11:48:29) ->    19(time 42594 - 11:49:54)(time 42803 - 11:53:23) ->    18(time 42888 - 11:54:48)(time 43095 - 11:58:15) ->    17(time 43180 - 11:59:40)(time 43384 - 12:03:04) ->    16(time 43645 - 12:07:25)(time 43645 - 12:07:25) -> 0
=============
Train 3
=============
> Trip 0
   0(time 4597 - 01:16:37)(time 4801 - 01:20:01) ->    1(time 4886 - 01:21:26)(time 5093 - 01:24:53) ->    2(time 5178 - 01:26:18)(time 5387 - 01:29:47) ->    3(time 5472 - 01:31:12)(time 5677 - 01:34:37) ->    4(time 5762 - 01:36:02)(time 5991 - 01:39:51) ->    5(time 6026 - 01:40:26)(time 6250 - 01:44:10) ->    6(time 6335 - 01:45:35)(time 6530 - 01:48:50) ->    7(time 6565 - 01:49:25)(time 6759 - 01:52:39) ->    8(time 6844 - 01:54:04)(time 7043 - 01:57:23) ->    9(time 7128 - 01:58:48)(time 7326 - 02:02:06) ->    10(time 7411 - 02:03:31)(time 7607 - 02:06:47) ->    11(time 7642 - 02:07:22)(time 7864 - 02:11:04) ->    12(time 7949 - 02:12:29)(time 8178 - 02:16:18) ->    13(time 8263 - 02:17:43)(time 8461 - 02:21:01) ->    14(time 8546 - 02:22:26)(time 8769 - 02:26:09) ->    15(time 9030 - 02:30:30)(time 9030 - 02:30:30) ->    31(time 9291 - 02:34:51)(time 9514 - 02:38:34) ->    30(time 9599 - 02:39:59)(time 9797 - 02:43:17) ->    29(time 9882 - 02:44:42)(time 10111 - 02:48:31) ->    28(time 10196 - 02:49:56)(time 10418 - 02:53:38) ->    27(time 10453 - 02:54:13)(time 10649 - 02:57:29) ->    26(time 10734 - 02:58:54)(time 10932 - 03:02:12) ->    25(time 11017 - 03:03:37)(time 11216 - 03:06:56) ->    24(time 11301 - 03:08:21)(time 11495 - 03:11:35) ->    23(time 11530 - 03:12:10)(time 11725 - 03:15:25) ->    22(time 11810 - 03:16:50)(time 12034 - 03:20:34) ->    21(time 12069 - 03:21:09)(time 12298 - 03:24:58) ->    20(time 12383 - 03:26:23)(time 12588 - 03:29:48) ->    19(time 12673 - 03:31:13)(time 12882 - 03:34:42) ->    18(time 12967 - 03:36:07)(time 13174 - 03:39:34) ->    17(time 13259 - 03:40:59)(time 13463 - 03:44:23) ->    16(time 13724 - 03:48:44)(time 13724 - 03:48:44) -> 0
> Trip 1
   0(time 13724 - 03:48:44)(time 13928 - 03:52:08) ->    1(time 14013 - 03:53:33)(time 14220 - 03:57:00) ->    2(time 14305 - 03:58:25)(time 14514 - 04:01:54) ->    3(time 14599 - 04:03:19)(time 14804 - 04:06:44) ->    4(time 15075 - 04:11:15)(time 15304 - 04:15:04) ->    5(time 15339 - 04:15:39)(time 15563 - 04:19:23) ->    6(time 15648 - 04:20:48)(time 15843 - 04:24:03) ->    7(time 15878 - 04:24:38)(time 16072 - 04:27:52) ->    8(time 16157 - 04:29:17)(time 16356 - 04:32:36) ->    9(time 16441 - 04:34:01)(time 16639 - 04:37:19) ->    10(time 16724 - 04:38:44)(time 16920 - 04:42:00) ->    11(time 16955 - 04:42:35)(time 17177 - 04:46:17) ->    12(time 17262 - 04:47:42)(time 17491 - 04:51:31) ->    13(time 17576 - 04:52:56)(time 17774 - 04:56:14) ->    14(time 17859 - 04:57:39)(time 18082 - 05:01:22) ->    15(time 18343 - 05:05:43)(time 18343 - 05:05:43) ->    31(time 18662 - 05:11:02)(time 18885 - 05:14:45) ->    30(time 18970 - 05:16:10)(time 19168 - 05:19:28) ->    29(time 19253 - 05:20:53)(time 19482 - 05:24:42) ->    28(time 19567 - 05:26:07)(time 19789 - 05:29:49) ->    27(time 19824 - 05:30:24)(time 20020 - 05:33:40) ->    26(time 20105 - 05:35:05)(time 20303 - 05:38:23) ->    25(time 20388 - 05:39:48)(time 20587 - 05:43:07) ->    24(time 20672 - 05:44:32)(time 20866 - 05:47:46) ->    23(time 20901 - 05:48:21)(time 21096 - 05:51:36) ->    22(time 21181 - 05:53:01)(time 21405 - 05:56:45) ->    21(time 21440 - 05:57:20)(time 21669 - 06:01:09) ->    20(time 21754 - 06:02:34)(time 21959 - 06:05:59) ->    19(time 22044 - 06:07:24)(time 22253 - 06:10:53) ->    18(time 22338 - 06:12:18)(time 22545 - 06:15:45) ->    17(time 22630 - 06:17:10)(time 22834 - 06:20:34) ->    16(time 23095 - 06:24:55)(time 23095 - 06:24:55) -> 0
> Trip 2
   0(time 23359 - 06:29:19)(time 23563 - 06:32:43) ->    1(time 23648 - 06:34:08)(time 23855 - 06:37:35) ->    2(time 23940 - 06:39:00)(time 24149 - 06:42:29) ->    3(time 24234 - 06:43:54)(time 24439 - 06:47:19) ->    4(time 24524 - 06:48:44)(time 24753 - 06:52:33) ->    5(time 24788 - 06:53:08)(time 25012 - 06:56:52) ->    6(time 25097 - 06:58:17)(time 25292 - 07:01:32) ->    7(time 25327 - 07:02:07)(time 25521 - 07:05:21) ->    8(time 25606 - 07:06:46)(time 25805 - 07:10:05) ->    9(time 25890 - 07:11:30)(time 26088 - 07:14:48) ->    10(time 26173 - 07:16:13)(time 26369 - 07:19:29) ->    11(time 26404 - 07:20:04)(time 26626 - 07:23:46) ->    12(time 26711 - 07:25:11)(time 26940 - 07:29:00) ->    13(time 27025 - 07:30:25)(time 27223 - 07:33:43) ->    14(time 27308 - 07:35:08)(time 27531 - 07:38:51) ->    15(time 27792 - 07:43:12)(time 27792 - 07:43:12) ->    31(time 27792 - 07:43:12)(time 28015 - 07:46:55) ->    30(time 28100 - 07:48:20)(time 28298 - 07:51:38) ->    29(time 28477 - 07:54:37)(time 28706 - 07:58:26) ->    28(time 28791 - 07:59:51)(time 29013 - 08:03:33) ->    27(time 29048 - 08:04:08)(time 29244 - 08:07:24) ->    26(time 29329 - 08:08:49)(time 29527 - 08:12:07) ->    25(time 29612 - 08:13:32)(time 29811 - 08:16:51) ->    24(time 29896 - 08:18:16)(time 30090 - 08:21:30) ->    23(time 30125 - 08:22:05)(time 30320 - 08:25:20) ->    22(time 30405 - 08:26:45)(time 30629 - 08:30:29) ->    21(time 30664 - 08:31:04)(time 30893 - 08:34:53) ->    20(time 30978 - 08:36:18)(time 31183 - 08:39:43) ->    19(time 31268 - 08:41:08)(time 31477 - 08:44:37) ->    18(time 31562 - 08:46:02)(time 31769 - 08:49:29) ->    17(time 31854 - 08:50:54)(time 32058 - 08:54:18) ->    16(time 32319 - 08:58:39)(time 32319 - 08:58:39) -> 0
> Trip 3
   0(time 32319 - 08:58:39)(time 32523 - 09:02:03) ->    1(time 32608 - 09:03:28)(time 32815 - 09:06:55) ->    2(time 32900 - 09:08:20)(time 33109 - 09:11:49) ->    3(time 33194 - 09:13:14)(time 33399 - 09:16:39) ->    4(time 33575 - 09:19:35)(time 33804 - 09:23:24) ->    5(time 33839 - 09:23:59)(time 34063 - 09:27:43) ->    6(time 34461 - 09:34:21)(time 34656 - 09:37:36) ->    7(time 35054 - 09:44:14)(time 35248 - 09:47:28) ->    8(time 35492 - 09:51:32)(time 35691 - 09:54:51) ->    9(time 35776 - 09:56:16)(time 35974 - 09:59:34) ->    10(time 36059 - 10:00:59)(time 36255 - 10:04:15) ->    11(time 36290 - 10:04:50)(time 36512 - 10:08:32) ->    12(time 36597 - 10:09:57)(time 36826 - 10:13:46) ->    13(time 36911 - 10:15:11)(time 37109 - 10:18:29) ->    14(time 37194 - 10:19:54)(time 37417 - 10:23:37) ->    15(time 37678 - 10:27:58)(time 37678 - 10:27:58) ->    31(time 37678 - 10:27:58)(time 37901 - 10:31:41) ->    30(time 37986 - 10:33:06)(time 38184 - 10:36:24) ->    29(time 38582 - 10:43:02)(time 38811 - 10:46:51) ->    28(time 38896 - 10:48:16)(time 39118 - 10:51:58) ->    27(time 39153 - 10:52:33)(time 39349 - 10:55:49) ->    26(time 39434 - 10:57:14)(time 39632 - 11:00:32) ->    25(time 39717 - 11:01:57)(time 39916 - 11:05:16) ->    24(time 40001 - 11:06:41)(time 40195 - 11:09:55) ->    23(time 40230 - 11:10:30)(time 40425 - 11:13:45) ->    22(time 40510 - 11:15:10)(time 40734 - 11:18:54) ->    21(time 40769 - 11:19:29)(time 40998 - 11:23:18) ->    20(time 41083 - 11:24:43)(time 41288 - 11:28:08) ->    19(time 41373 - 11:29:33)(time 41582 - 11:33:02) ->    18(time 41667 - 11:34:27)(time 41874 - 11:37:54) ->    17(time 41959 - 11:39:19)(time 42163 - 11:42:43) ->    16(time 42424 - 11:47:04)(time 42424 - 11:47:04) -> 0
