t4p16r8h1.txt:
   > Trying to open the instance file...
   > Reading number of trains...
   > Reading maximum number of trips per train...
   > Reading time intervals...
   > Reading number of points...
   > Reading stations...
   > Reading crossings...
   > Reading depots...
   > Reading initial point...
   > Reading routes...
   > Reading distance and distance and service...
   > Reading demands...
   > Reading maximum time...
   > Reading alpha...

--------------------------------
 Printing instance
--------------------------------
number of trains = 4
	max trips per trains: 6     6     5     4
number of intervals = 1
	(0,  51540)
number of points = 16
	initial point: 7
	stations: 0     1     3     4     5     7     8     9    11    12    13    14    15
	crossings: 0     2     6     7     8    10    12    15
	depots: 0     7    15
number of vertices = 32
	total vertices: 0     1     2     3     4     5     6     7     8     9    10    11    12    13    14    15    16    17    18    19    20    21    22    23    24    25    26    27    28    29    30    31
	upper vertices: 0     1     2     3     4     5     6     7     8     9    10    11    12    13    14    15
	lower vertices: 16    17    18    19    20    21    22    23    24    25    26    27    28    29    30    31
	vertices of point #0: (0, 16)
	vertices of point #1: (1, 17)
	vertices of point #2: (2, 18)
	vertices of point #3: (3, 19)
	vertices of point #4: (4, 20)
	vertices of point #5: (5, 21)
	vertices of point #6: (6, 22)
	vertices of point #7: (7, 23)
	vertices of point #8: (8, 24)
	vertices of point #9: (9, 25)
	vertices of point #10: (10, 26)
	vertices of point #11: (11, 27)
	vertices of point #12: (12, 28)
	vertices of point #13: (13, 29)
	vertices of point #14: (14, 30)
	vertices of point #15: (15, 31)

arcs...
	total arcs: 
		arc #0: (0, 1)
		arc #1: (0, 16)
		arc #2: (16, 0)
		arc #3: (1, 2)
		arc #4: (17, 16)
		arc #5: (2, 3)
		arc #6: (18, 17)
		arc #7: (3, 4)
		arc #8: (19, 18)
		arc #9: (4, 5)
		arc #10: (20, 19)
		arc #11: (5, 6)
		arc #12: (21, 20)
		arc #13: (6, 7)
		arc #14: (22, 21)
		arc #15: (7, 8)
		arc #16: (23, 22)
		arc #17: (7, 23)
		arc #18: (23, 7)
		arc #19: (8, 9)
		arc #20: (24, 23)
		arc #21: (9, 10)
		arc #22: (25, 24)
		arc #23: (10, 11)
		arc #24: (26, 25)
		arc #25: (11, 12)
		arc #26: (27, 26)
		arc #27: (12, 13)
		arc #28: (28, 27)
		arc #29: (13, 14)
		arc #30: (29, 28)
		arc #31: (14, 15)
		arc #32: (30, 29)
		arc #33: (31, 30)
		arc #34: (15, 31)
		arc #35: (31, 15)

	reverse arcs: 
		arc #1: (0, 16)
		arc #2: (16, 0)
		arc #17: (7, 23)
		arc #18: (23, 7)
		arc #34: (15, 31)
		arc #35: (31, 15)


incompatible points...
	(0, 1, 18, (1, 2))	(18, 17, 0, (17, 16))	(2, 5, 22, (5, 6))	(22, 19, 2, (19, 18))	(6, 6, 23, (6, 7))	(23, 23, 6, (23, 22))	(7, 7, 24, (7, 8))	(24, 24, 7, (24, 23))	(8, 9, 26, (9, 10))	(26, 25, 8, (25, 24))	(10, 11, 28, (11, 12))	(28, 27, 10, (27, 26))	(12, 14, 31, (14, 15))	(31, 29, 12, (29, 28))

number of routes = 8
vertices of routes...
	route #0: 0     1     2     3     4     5     6     7
	route #1: 23    22    21    20    19    18    17    16
	route #2: 7     8     9    10    11    12    13    14    15
	route #3: 31    30    29    28    27    26    25    24    23
	route #4: 7     8     9    10    11    12    13    14    15    31    30    29    28    27    26    25    24    23    22    21    20    19    18    17    16     0     1     2     3     4     5     6     7
	route #5: 23    22    21    20    19    18    17    16     0     1     2     3     4     5     6     7     8     9    10    11    12    13    14    15    31    30    29    28    27    26    25    24    23
	route #6: 0     1     2     3     4     5     6     7     8     9    10    11    12    13    14    15    31    30    29    28    27    26    25    24    23    22    21    20    19    18    17    16     0
	route #7: 31    30    29    28    27    26    25    24    23    22    21    20    19    18    17    16     0     1     2     3     4     5     6     7     8     9    10    11    12    13    14    15    31
arcs of routes...
	route #0: 0     3     5     7     9    11    13
	route #1: 16    14    12    10     8     6     4
	route #2: 15    19    21    23    25    27    29    31
	route #3: 33    32    30    28    26    24    22    20
	route #4: 15    19    21    23    25    27    29    31    34    33    32    30    28    26    24    22    20    16    14    12    10     8     6     4     2     0     3     5     7     9    11    13
	route #5: 16    14    12    10     8     6     4     2     0     3     5     7     9    11    13    15    19    21    23    25    27    29    31    34    33    32    30    28    26    24    22    20
	route #6: 0     3     5     7     9    11    13    15    19    21    23    25    27    29    31    34    33    32    30    28    26    24    22    20    16    14    12    10     8     6     4     2
	route #7: 33    32    30    28    26    24    22    20    16    14    12    10     8     6     4     2     0     3     5     7     9    11    13    15    19    21    23    25    27    29    31    34

incompatible routes...
	(0, 0)    	(0, 3)    	(0, 6)    	(0, 7)    	(1, 1)    	(1, 2)    	(1, 3)    	(1, 4)    	(1, 5)    	(1, 7)    	(2, 0)    	(2, 1)    	(2, 2)    	(2, 4)    	(2, 5)    	(2, 6)    	(3, 0)    	(3, 3)    	(3, 6)    	(3, 7)    	(4, 0)    	(4, 3)    	(4, 6)    	(4, 7)    	(5, 0)    	(5, 3)    	(5, 6)    	(5, 7)    	(6, 1)    	(6, 2)    	(6, 3)    	(6, 4)    	(6, 5)    	(6, 7)    	(7, 0)    	(7, 1)    	(7, 2)    	(7, 4)    	(7, 5)    	(7, 6)

vertices that can be adjacent in consecutive trips...
	(0, 0)    	(7, 7)    	(7, 23)    	(15, 31)    	(16, 0)    	(23, 7)    	(23, 23)    	(31, 31)
non cyclical routes: 
       0       1       2       3

routes of trip...
	routes that train #0 can complete at trip #0: 1       2       4       5
	routes that train #0 can complete at trip #1: 0       1       2       3       4       5       6       7
	routes that train #0 can complete at trip #2: 0       1       2       3       4       5       6       7
	routes that train #0 can complete at trip #3: 0       1       2       3       4       5       6       7
	routes that train #0 can complete at trip #4: 0       1       2       3       4       5       6       7
	routes that train #0 can complete at trip #5: 0       1       2       3       4       5       6       7

	routes that train #1 can complete at trip #0: 1       2       4       5
	routes that train #1 can complete at trip #1: 0       1       2       3       4       5       6       7
	routes that train #1 can complete at trip #2: 0       1       2       3       4       5       6       7
	routes that train #1 can complete at trip #3: 0       1       2       3       4       5       6       7
	routes that train #1 can complete at trip #4: 0       1       2       3       4       5       6       7
	routes that train #1 can complete at trip #5: 0       1       2       3       4       5       6       7

	routes that train #2 can complete at trip #0: 1       2       4       5
	routes that train #2 can complete at trip #1: 0       1       2       3       4       5       6       7
	routes that train #2 can complete at trip #2: 0       1       2       3       4       5       6       7
	routes that train #2 can complete at trip #3: 0       1       2       3       4       5       6       7
	routes that train #2 can complete at trip #4: 0       1       2       3       4       5       6       7

	routes that train #3 can complete at trip #0: 1       2       4       5
	routes that train #3 can complete at trip #1: 0       1       2       3       4       5       6       7
	routes that train #3 can complete at trip #2: 0       1       2       3       4       5       6       7
	routes that train #3 can complete at trip #3: 0       1       2       3       4       5       6       7

 cost...
	arc #0 [0][1]: 240
	arc #1 [0][16]: 0
	arc #2 [16][0]: 0
	arc #3 [1][2]: 120
	arc #4 [17][16]: 240
	arc #5 [2][3]: 240
	arc #6 [18][17]: 120
	arc #7 [3][4]: 180
	arc #8 [19][18]: 240
	arc #9 [4][5]: 180
	arc #10 [20][19]: 180
	arc #11 [5][6]: 40
	arc #12 [21][20]: 180
	arc #13 [6][7]: 180
	arc #14 [22][21]: 40
	arc #15 [7][8]: 360
	arc #16 [23][22]: 180
	arc #17 [7][23]: 0
	arc #18 [23][7]: 0
	arc #19 [8][9]: 300
	arc #20 [24][23]: 360
	arc #21 [9][10]: 240
	arc #22 [25][24]: 300
	arc #23 [10][11]: 120
	arc #24 [26][25]: 240
	arc #25 [11][12]: 240
	arc #26 [27][26]: 120
	arc #27 [12][13]: 180
	arc #28 [28][27]: 240
	arc #29 [13][14]: 120
	arc #30 [29][28]: 180
	arc #31 [14][15]: 180
	arc #32 [30][29]: 120
	arc #33 [31][30]: 180
	arc #34 [15][31]: 0
	arc #35 [31][15]: 0

cost with minimum service...
	arc #0 [0][1]: 300
	arc #1 [0][16]: 0
	arc #2 [16][0]: 0
	arc #3 [1][2]: 160
	arc #4 [17][16]: 360
	arc #5 [2][3]: 300
	arc #6 [18][17]: 180
	arc #7 [3][4]: 240
	arc #8 [19][18]: 280
	arc #9 [4][5]: 240
	arc #10 [20][19]: 240
	arc #11 [5][6]: 80
	arc #12 [21][20]: 240
	arc #13 [6][7]: 300
	arc #14 [22][21]: 100
	arc #15 [7][8]: 420
	arc #16 [23][22]: 220
	arc #17 [7][23]: 0
	arc #18 [23][7]: 0
	arc #19 [8][9]: 360
	arc #20 [24][23]: 480
	arc #21 [9][10]: 280
	arc #22 [25][24]: 360
	arc #23 [10][11]: 180
	arc #24 [26][25]: 300
	arc #25 [11][12]: 300
	arc #26 [27][26]: 160
	arc #27 [12][13]: 240
	arc #28 [28][27]: 300
	arc #29 [13][14]: 180
	arc #30 [29][28]: 240
	arc #31 [14][15]: 300
	arc #32 [30][29]: 180
	arc #33 [31][30]: 240
	arc #34 [15][31]: 0
	arc #35 [31][15]: 0

cost with maximum service...
	arc #0 [0][1]: 840
	arc #1 [0][16]: 600
	arc #2 [16][0]: 600
	arc #3 [1][2]: 720
	arc #4 [17][16]: 840
	arc #5 [2][3]: 840
	arc #6 [18][17]: 720
	arc #7 [3][4]: 780
	arc #8 [19][18]: 840
	arc #9 [4][5]: 780
	arc #10 [20][19]: 780
	arc #11 [5][6]: 640
	arc #12 [21][20]: 780
	arc #13 [6][7]: 780
	arc #14 [22][21]: 640
	arc #15 [7][8]: 960
	arc #16 [23][22]: 780
	arc #17 [7][23]: 600
	arc #18 [23][7]: 600
	arc #19 [8][9]: 900
	arc #20 [24][23]: 960
	arc #21 [9][10]: 840
	arc #22 [25][24]: 900
	arc #23 [10][11]: 720
	arc #24 [26][25]: 840
	arc #25 [11][12]: 840
	arc #26 [27][26]: 720
	arc #27 [12][13]: 780
	arc #28 [28][27]: 840
	arc #29 [13][14]: 720
	arc #30 [29][28]: 780
	arc #31 [14][15]: 780
	arc #32 [30][29]: 720
	arc #33 [31][30]: 780
	arc #34 [15][31]: 600
	arc #35 [31][15]: 600

demands...
	demands of vertex 0 at time interval: 11
	demands of vertex 1 at time interval: 11
	demands of vertex 2 at time interval: 0
	demands of vertex 3 at time interval: 11
	demands of vertex 4 at time interval: 11
	demands of vertex 5 at time interval: 11
	demands of vertex 6 at time interval: 0
	demands of vertex 7 at time interval: 11
	demands of vertex 8 at time interval: 0
	demands of vertex 9 at time interval: 11
	demands of vertex 10 at time interval: 0
	demands of vertex 11 at time interval: 11
	demands of vertex 12 at time interval: 0
	demands of vertex 13 at time interval: 11
	demands of vertex 14 at time interval: 11
	demands of vertex 15 at time interval: 0
	demands of vertex 16 at time interval: 0
	demands of vertex 17 at time interval: 11
	demands of vertex 18 at time interval: 0
	demands of vertex 19 at time interval: 11
	demands of vertex 20 at time interval: 11
	demands of vertex 21 at time interval: 11
	demands of vertex 22 at time interval: 0
	demands of vertex 23 at time interval: 11
	demands of vertex 24 at time interval: 0
	demands of vertex 25 at time interval: 11
	demands of vertex 26 at time interval: 0
	demands of vertex 27 at time interval: 11
	demands of vertex 28 at time interval: 0
	demands of vertex 29 at time interval: 11
	demands of vertex 30 at time interval: 11
	demands of vertex 31 at time interval: 11

maximum time = 51540
alpha = 180

Selecting set of cyclical routes...

Selecting set of initial routes...

Creating initial set of candidate combinations...
Solving candidate combinations...

1/756 candidate combination(s) tested! (Thread 0)
2/756 candidate combination(s) tested! (Thread 0)
3/756 candidate combination(s) tested! (Thread 0)
4/756 candidate combination(s) tested! (Thread 0)
5/756 candidate combination(s) tested! (Thread 0)
6/756 candidate combination(s) tested! (Thread 0)
7/756 candidate combination(s) tested! (Thread 0)
Found new best - 8/756 candidate combination(s) tested! (Thread 0)
9/756 candidate combination(s) tested! (Thread 0)
10/756 candidate combination(s) tested! (Thread 0)
11/756 candidate combination(s) tested! (Thread 0)
12/756 candidate combination(s) tested! (Thread 0)
13/756 candidate combination(s) tested! (Thread 0)
14/756 candidate combination(s) tested! (Thread 0)
15/756 candidate combination(s) tested! (Thread 0)
16/756 candidate combination(s) tested! (Thread 0)
17/756 candidate combination(s) tested! (Thread 0)
18/756 candidate combination(s) tested! (Thread 0)
19/756 candidate combination(s) tested! (Thread 0)
20/756 candidate combination(s) tested! (Thread 0)
21/756 candidate combination(s) tested! (Thread 0)
22/756 candidate combination(s) tested! (Thread 0)
23/756 candidate combination(s) tested! (Thread 0)
24/756 candidate combination(s) tested! (Thread 0)
25/756 candidate combination(s) tested! (Thread 0)
26/756 candidate combination(s) tested! (Thread 0)
27/756 candidate combination(s) tested! (Thread 0)
28/756 candidate combination(s) tested! (Thread 0)
29/756 candidate combination(s) tested! (Thread 0)
30/756 candidate combination(s) tested! (Thread 0)
31/756 candidate combination(s) tested! (Thread 0)
32/756 candidate combination(s) tested! (Thread 0)
33/756 candidate combination(s) tested! (Thread 0)
34/756 candidate combination(s) tested! (Thread 0)
35/756 candidate combination(s) tested! (Thread 0)
36/756 candidate combination(s) tested! (Thread 0)
37/756 candidate combination(s) tested! (Thread 0)
38/756 candidate combination(s) tested! (Thread 0)
39/756 candidate combination(s) tested! (Thread 0)
40/756 candidate combination(s) tested! (Thread 0)
41/756 candidate combination(s) tested! (Thread 0)
42/756 candidate combination(s) tested! (Thread 0)
43/756 candidate combination(s) tested! (Thread 0)
44/756 candidate combination(s) tested! (Thread 0)
45/756 candidate combination(s) tested! (Thread 0)
46/756 candidate combination(s) tested! (Thread 0)
47/756 candidate combination(s) tested! (Thread 0)
48/756 candidate combination(s) tested! (Thread 0)
49/756 candidate combination(s) tested! (Thread 0)
50/756 candidate combination(s) tested! (Thread 0)
51/756 candidate combination(s) tested! (Thread 0)
52/756 candidate combination(s) tested! (Thread 0)
53/756 candidate combination(s) tested! (Thread 0)
54/756 candidate combination(s) tested! (Thread 0)
55/756 candidate combination(s) tested! (Thread 0)
56/756 candidate combination(s) tested! (Thread 0)
57/756 candidate combination(s) tested! (Thread 0)
58/756 candidate combination(s) tested! (Thread 0)
59/756 candidate combination(s) tested! (Thread 0)
60/756 candidate combination(s) tested! (Thread 0)
61/756 candidate combination(s) tested! (Thread 0)
62/756 candidate combination(s) tested! (Thread 0)
63/756 candidate combination(s) tested! (Thread 0)
64/756 candidate combination(s) tested! (Thread 0)
65/756 candidate combination(s) tested! (Thread 0)
66/756 candidate combination(s) tested! (Thread 0)
67/756 candidate combination(s) tested! (Thread 0)
68/756 candidate combination(s) tested! (Thread 0)
69/756 candidate combination(s) tested! (Thread 0)
70/756 candidate combination(s) tested! (Thread 0)
71/756 candidate combination(s) tested! (Thread 0)
72/756 candidate combination(s) tested! (Thread 0)
73/756 candidate combination(s) tested! (Thread 0)
74/756 candidate combination(s) tested! (Thread 0)
75/756 candidate combination(s) tested! (Thread 0)
76/756 candidate combination(s) tested! (Thread 0)
77/756 candidate combination(s) tested! (Thread 0)
78/756 candidate combination(s) tested! (Thread 0)
79/756 candidate combination(s) tested! (Thread 0)
80/756 candidate combination(s) tested! (Thread 0)
81/756 candidate combination(s) tested! (Thread 0)
82/756 candidate combination(s) tested! (Thread 0)
83/756 candidate combination(s) tested! (Thread 0)
84/756 candidate combination(s) tested! (Thread 0)
85/756 candidate combination(s) tested! (Thread 0)
86/756 candidate combination(s) tested! (Thread 0)
87/756 candidate combination(s) tested! (Thread 0)
88/756 candidate combination(s) tested! (Thread 0)
89/756 candidate combination(s) tested! (Thread 0)
90/756 candidate combination(s) tested! (Thread 0)
91/756 candidate combination(s) tested! (Thread 0)
92/756 candidate combination(s) tested! (Thread 0)
93/756 candidate combination(s) tested! (Thread 0)
94/756 candidate combination(s) tested! (Thread 0)
95/756 candidate combination(s) tested! (Thread 0)
96/756 candidate combination(s) tested! (Thread 0)
97/756 candidate combination(s) tested! (Thread 0)
98/756 candidate combination(s) tested! (Thread 0)
99/756 candidate combination(s) tested! (Thread 0)
100/756 candidate combination(s) tested! (Thread 0)
101/756 candidate combination(s) tested! (Thread 0)
102/756 candidate combination(s) tested! (Thread 0)
103/756 candidate combination(s) tested! (Thread 0)
104/756 candidate combination(s) tested! (Thread 0)
105/756 candidate combination(s) tested! (Thread 0)
106/756 candidate combination(s) tested! (Thread 0)
107/756 candidate combination(s) tested! (Thread 0)
108/756 candidate combination(s) tested! (Thread 0)
109/756 candidate combination(s) tested! (Thread 0)
110/756 candidate combination(s) tested! (Thread 0)
111/756 candidate combination(s) tested! (Thread 0)
112/756 candidate combination(s) tested! (Thread 0)
113/756 candidate combination(s) tested! (Thread 0)
114/756 candidate combination(s) tested! (Thread 0)
115/756 candidate combination(s) tested! (Thread 0)
116/756 candidate combination(s) tested! (Thread 0)
117/756 candidate combination(s) tested! (Thread 0)
118/756 candidate combination(s) tested! (Thread 0)
119/756 candidate combination(s) tested! (Thread 0)
120/756 candidate combination(s) tested! (Thread 0)
121/756 candidate combination(s) tested! (Thread 0)
122/756 candidate combination(s) tested! (Thread 0)
123/756 candidate combination(s) tested! (Thread 0)
124/756 candidate combination(s) tested! (Thread 0)
125/756 candidate combination(s) tested! (Thread 0)
126/756 candidate combination(s) tested! (Thread 0)
127/756 candidate combination(s) tested! (Thread 0)
128/756 candidate combination(s) tested! (Thread 0)
129/756 candidate combination(s) tested! (Thread 0)
130/756 candidate combination(s) tested! (Thread 0)
131/756 candidate combination(s) tested! (Thread 0)
132/756 candidate combination(s) tested! (Thread 0)
133/756 candidate combination(s) tested! (Thread 0)
134/756 candidate combination(s) tested! (Thread 0)
135/756 candidate combination(s) tested! (Thread 0)
136/756 candidate combination(s) tested! (Thread 0)
137/756 candidate combination(s) tested! (Thread 0)
138/756 candidate combination(s) tested! (Thread 0)
139/756 candidate combination(s) tested! (Thread 0)
140/756 candidate combination(s) tested! (Thread 0)
141/756 candidate combination(s) tested! (Thread 0)
142/756 candidate combination(s) tested! (Thread 0)
143/756 candidate combination(s) tested! (Thread 0)
144/756 candidate combination(s) tested! (Thread 0)
145/756 candidate combination(s) tested! (Thread 0)
146/756 candidate combination(s) tested! (Thread 0)
147/756 candidate combination(s) tested! (Thread 0)
148/756 candidate combination(s) tested! (Thread 0)
149/756 candidate combination(s) tested! (Thread 0)
150/756 candidate combination(s) tested! (Thread 0)
151/756 candidate combination(s) tested! (Thread 0)
152/756 candidate combination(s) tested! (Thread 0)
153/756 candidate combination(s) tested! (Thread 0)
154/756 candidate combination(s) tested! (Thread 0)
155/756 candidate combination(s) tested! (Thread 0)
156/756 candidate combination(s) tested! (Thread 0)
157/756 candidate combination(s) tested! (Thread 0)
158/756 candidate combination(s) tested! (Thread 0)
159/756 candidate combination(s) tested! (Thread 0)
160/756 candidate combination(s) tested! (Thread 0)
161/756 candidate combination(s) tested! (Thread 0)
162/756 candidate combination(s) tested! (Thread 0)
163/756 candidate combination(s) tested! (Thread 0)
164/756 candidate combination(s) tested! (Thread 0)
165/756 candidate combination(s) tested! (Thread 0)
166/756 candidate combination(s) tested! (Thread 0)
167/756 candidate combination(s) tested! (Thread 0)
168/756 candidate combination(s) tested! (Thread 0)
169/756 candidate combination(s) tested! (Thread 0)
170/756 candidate combination(s) tested! (Thread 0)
171/756 candidate combination(s) tested! (Thread 0)
172/756 candidate combination(s) tested! (Thread 0)
173/756 candidate combination(s) tested! (Thread 0)
174/756 candidate combination(s) tested! (Thread 0)
175/756 candidate combination(s) tested! (Thread 0)
176/756 candidate combination(s) tested! (Thread 0)
177/756 candidate combination(s) tested! (Thread 0)
178/756 candidate combination(s) tested! (Thread 0)
179/756 candidate combination(s) tested! (Thread 0)
180/756 candidate combination(s) tested! (Thread 0)
181/756 candidate combination(s) tested! (Thread 0)
182/756 candidate combination(s) tested! (Thread 0)
183/756 candidate combination(s) tested! (Thread 0)
184/756 candidate combination(s) tested! (Thread 0)
185/756 candidate combination(s) tested! (Thread 0)
186/756 candidate combination(s) tested! (Thread 0)
187/756 candidate combination(s) tested! (Thread 0)
188/756 candidate combination(s) tested! (Thread 0)
189/756 candidate combination(s) tested! (Thread 0)
190/756 candidate combination(s) tested! (Thread 0)
191/756 candidate combination(s) tested! (Thread 0)
192/756 candidate combination(s) tested! (Thread 0)
193/756 candidate combination(s) tested! (Thread 0)
194/756 candidate combination(s) tested! (Thread 0)
195/756 candidate combination(s) tested! (Thread 0)
196/756 candidate combination(s) tested! (Thread 0)
197/756 candidate combination(s) tested! (Thread 0)
198/756 candidate combination(s) tested! (Thread 0)
199/756 candidate combination(s) tested! (Thread 0)
200/756 candidate combination(s) tested! (Thread 0)
201/756 candidate combination(s) tested! (Thread 0)
202/756 candidate combination(s) tested! (Thread 0)
203/756 candidate combination(s) tested! (Thread 0)
204/756 candidate combination(s) tested! (Thread 0)
205/756 candidate combination(s) tested! (Thread 0)
206/756 candidate combination(s) tested! (Thread 0)
207/756 candidate combination(s) tested! (Thread 0)
208/756 candidate combination(s) tested! (Thread 0)
209/756 candidate combination(s) tested! (Thread 0)
210/756 candidate combination(s) tested! (Thread 0)
211/756 candidate combination(s) tested! (Thread 0)
212/756 candidate combination(s) tested! (Thread 0)
213/756 candidate combination(s) tested! (Thread 0)
214/756 candidate combination(s) tested! (Thread 0)
215/756 candidate combination(s) tested! (Thread 0)
216/756 candidate combination(s) tested! (Thread 0)
217/756 candidate combination(s) tested! (Thread 0)
218/756 candidate combination(s) tested! (Thread 0)
219/756 candidate combination(s) tested! (Thread 0)
220/756 candidate combination(s) tested! (Thread 0)
221/756 candidate combination(s) tested! (Thread 0)
222/756 candidate combination(s) tested! (Thread 0)
223/756 candidate combination(s) tested! (Thread 0)
224/756 candidate combination(s) tested! (Thread 0)
225/756 candidate combination(s) tested! (Thread 0)
226/756 candidate combination(s) tested! (Thread 0)
227/756 candidate combination(s) tested! (Thread 0)
228/756 candidate combination(s) tested! (Thread 0)
229/756 candidate combination(s) tested! (Thread 0)
230/756 candidate combination(s) tested! (Thread 0)
231/756 candidate combination(s) tested! (Thread 0)
232/756 candidate combination(s) tested! (Thread 0)
233/756 candidate combination(s) tested! (Thread 0)
234/756 candidate combination(s) tested! (Thread 0)
235/756 candidate combination(s) tested! (Thread 0)
236/756 candidate combination(s) tested! (Thread 0)
237/756 candidate combination(s) tested! (Thread 0)
238/756 candidate combination(s) tested! (Thread 0)
239/756 candidate combination(s) tested! (Thread 0)
240/756 candidate combination(s) tested! (Thread 0)
241/756 candidate combination(s) tested! (Thread 0)
242/756 candidate combination(s) tested! (Thread 0)
243/756 candidate combination(s) tested! (Thread 0)
244/756 candidate combination(s) tested! (Thread 0)
245/756 candidate combination(s) tested! (Thread 0)
246/756 candidate combination(s) tested! (Thread 0)
247/756 candidate combination(s) tested! (Thread 0)
248/756 candidate combination(s) tested! (Thread 0)
249/756 candidate combination(s) tested! (Thread 0)
250/756 candidate combination(s) tested! (Thread 0)
251/756 candidate combination(s) tested! (Thread 0)
252/756 candidate combination(s) tested! (Thread 0)
253/756 candidate combination(s) tested! (Thread 0)
254/756 candidate combination(s) tested! (Thread 0)
255/756 candidate combination(s) tested! (Thread 0)
256/756 candidate combination(s) tested! (Thread 0)
257/756 candidate combination(s) tested! (Thread 0)
258/756 candidate combination(s) tested! (Thread 0)
259/756 candidate combination(s) tested! (Thread 0)
260/756 candidate combination(s) tested! (Thread 0)
261/756 candidate combination(s) tested! (Thread 0)
262/756 candidate combination(s) tested! (Thread 0)
263/756 candidate combination(s) tested! (Thread 0)
264/756 candidate combination(s) tested! (Thread 0)
265/756 candidate combination(s) tested! (Thread 0)
266/756 candidate combination(s) tested! (Thread 0)
267/756 candidate combination(s) tested! (Thread 0)
268/756 candidate combination(s) tested! (Thread 0)
269/756 candidate combination(s) tested! (Thread 0)
270/756 candidate combination(s) tested! (Thread 0)
271/756 candidate combination(s) tested! (Thread 0)
272/756 candidate combination(s) tested! (Thread 0)
273/756 candidate combination(s) tested! (Thread 0)
274/756 candidate combination(s) tested! (Thread 0)
275/756 candidate combination(s) tested! (Thread 0)
276/756 candidate combination(s) tested! (Thread 0)
277/756 candidate combination(s) tested! (Thread 0)
278/756 candidate combination(s) tested! (Thread 0)
279/756 candidate combination(s) tested! (Thread 0)
280/756 candidate combination(s) tested! (Thread 0)
281/756 candidate combination(s) tested! (Thread 0)
282/756 candidate combination(s) tested! (Thread 0)
283/756 candidate combination(s) tested! (Thread 0)
284/756 candidate combination(s) tested! (Thread 0)
285/756 candidate combination(s) tested! (Thread 0)
286/756 candidate combination(s) tested! (Thread 0)
287/756 candidate combination(s) tested! (Thread 0)
288/756 candidate combination(s) tested! (Thread 0)
289/756 candidate combination(s) tested! (Thread 0)
290/756 candidate combination(s) tested! (Thread 0)
291/756 candidate combination(s) tested! (Thread 0)
292/756 candidate combination(s) tested! (Thread 0)
293/756 candidate combination(s) tested! (Thread 0)
294/756 candidate combination(s) tested! (Thread 0)
295/756 candidate combination(s) tested! (Thread 0)
296/756 candidate combination(s) tested! (Thread 0)
297/756 candidate combination(s) tested! (Thread 0)
298/756 candidate combination(s) tested! (Thread 0)
299/756 candidate combination(s) tested! (Thread 0)
300/756 candidate combination(s) tested! (Thread 0)
301/756 candidate combination(s) tested! (Thread 0)
302/756 candidate combination(s) tested! (Thread 0)
303/756 candidate combination(s) tested! (Thread 0)
304/756 candidate combination(s) tested! (Thread 0)
305/756 candidate combination(s) tested! (Thread 0)
306/756 candidate combination(s) tested! (Thread 0)
307/756 candidate combination(s) tested! (Thread 0)
308/756 candidate combination(s) tested! (Thread 0)
309/756 candidate combination(s) tested! (Thread 0)
310/756 candidate combination(s) tested! (Thread 0)
311/756 candidate combination(s) tested! (Thread 0)
312/756 candidate combination(s) tested! (Thread 0)
313/756 candidate combination(s) tested! (Thread 0)
314/756 candidate combination(s) tested! (Thread 0)
315/756 candidate combination(s) tested! (Thread 0)
316/756 candidate combination(s) tested! (Thread 0)
317/756 candidate combination(s) tested! (Thread 0)
318/756 candidate combination(s) tested! (Thread 0)
319/756 candidate combination(s) tested! (Thread 0)
320/756 candidate combination(s) tested! (Thread 0)
321/756 candidate combination(s) tested! (Thread 0)
322/756 candidate combination(s) tested! (Thread 0)
323/756 candidate combination(s) tested! (Thread 0)
324/756 candidate combination(s) tested! (Thread 0)
325/756 candidate combination(s) tested! (Thread 0)
326/756 candidate combination(s) tested! (Thread 0)
327/756 candidate combination(s) tested! (Thread 0)
328/756 candidate combination(s) tested! (Thread 0)
329/756 candidate combination(s) tested! (Thread 0)
330/756 candidate combination(s) tested! (Thread 0)
331/756 candidate combination(s) tested! (Thread 0)
332/756 candidate combination(s) tested! (Thread 0)
333/756 candidate combination(s) tested! (Thread 0)
334/756 candidate combination(s) tested! (Thread 0)
335/756 candidate combination(s) tested! (Thread 0)
336/756 candidate combination(s) tested! (Thread 0)
337/756 candidate combination(s) tested! (Thread 0)
338/756 candidate combination(s) tested! (Thread 0)
339/756 candidate combination(s) tested! (Thread 0)
340/756 candidate combination(s) tested! (Thread 0)
341/756 candidate combination(s) tested! (Thread 0)
342/756 candidate combination(s) tested! (Thread 0)
343/756 candidate combination(s) tested! (Thread 0)
344/756 candidate combination(s) tested! (Thread 0)
345/756 candidate combination(s) tested! (Thread 0)
346/756 candidate combination(s) tested! (Thread 0)
347/756 candidate combination(s) tested! (Thread 0)
348/756 candidate combination(s) tested! (Thread 0)
349/756 candidate combination(s) tested! (Thread 0)
350/756 candidate combination(s) tested! (Thread 0)
351/756 candidate combination(s) tested! (Thread 0)
352/756 candidate combination(s) tested! (Thread 0)
353/756 candidate combination(s) tested! (Thread 0)
354/756 candidate combination(s) tested! (Thread 0)
355/756 candidate combination(s) tested! (Thread 0)
356/756 candidate combination(s) tested! (Thread 0)
357/756 candidate combination(s) tested! (Thread 0)
358/756 candidate combination(s) tested! (Thread 0)
359/756 candidate combination(s) tested! (Thread 0)
360/756 candidate combination(s) tested! (Thread 0)
361/756 candidate combination(s) tested! (Thread 0)
362/756 candidate combination(s) tested! (Thread 0)
363/756 candidate combination(s) tested! (Thread 0)
364/756 candidate combination(s) tested! (Thread 0)
365/756 candidate combination(s) tested! (Thread 0)
366/756 candidate combination(s) tested! (Thread 0)
367/756 candidate combination(s) tested! (Thread 0)
368/756 candidate combination(s) tested! (Thread 0)
369/756 candidate combination(s) tested! (Thread 0)
370/756 candidate combination(s) tested! (Thread 0)
371/756 candidate combination(s) tested! (Thread 0)
372/756 candidate combination(s) tested! (Thread 0)
373/756 candidate combination(s) tested! (Thread 0)
374/756 candidate combination(s) tested! (Thread 0)
375/756 candidate combination(s) tested! (Thread 0)
376/756 candidate combination(s) tested! (Thread 0)
377/756 candidate combination(s) tested! (Thread 0)
378/756 candidate combination(s) tested! (Thread 0)
379/756 candidate combination(s) tested! (Thread 0)
380/756 candidate combination(s) tested! (Thread 0)
381/756 candidate combination(s) tested! (Thread 0)
382/756 candidate combination(s) tested! (Thread 0)
383/756 candidate combination(s) tested! (Thread 0)
384/756 candidate combination(s) tested! (Thread 0)
385/756 candidate combination(s) tested! (Thread 0)
386/756 candidate combination(s) tested! (Thread 0)
387/756 candidate combination(s) tested! (Thread 0)
388/756 candidate combination(s) tested! (Thread 0)
389/756 candidate combination(s) tested! (Thread 0)
390/756 candidate combination(s) tested! (Thread 0)
391/756 candidate combination(s) tested! (Thread 0)
392/756 candidate combination(s) tested! (Thread 0)
393/756 candidate combination(s) tested! (Thread 0)
394/756 candidate combination(s) tested! (Thread 0)
395/756 candidate combination(s) tested! (Thread 0)
396/756 candidate combination(s) tested! (Thread 0)
397/756 candidate combination(s) tested! (Thread 0)
398/756 candidate combination(s) tested! (Thread 0)
399/756 candidate combination(s) tested! (Thread 0)
400/756 candidate combination(s) tested! (Thread 0)
401/756 candidate combination(s) tested! (Thread 0)
402/756 candidate combination(s) tested! (Thread 0)
403/756 candidate combination(s) tested! (Thread 0)
404/756 candidate combination(s) tested! (Thread 0)
405/756 candidate combination(s) tested! (Thread 0)
406/756 candidate combination(s) tested! (Thread 0)
407/756 candidate combination(s) tested! (Thread 0)
408/756 candidate combination(s) tested! (Thread 0)
409/756 candidate combination(s) tested! (Thread 0)
410/756 candidate combination(s) tested! (Thread 0)
411/756 candidate combination(s) tested! (Thread 0)
412/756 candidate combination(s) tested! (Thread 0)
413/756 candidate combination(s) tested! (Thread 0)
414/756 candidate combination(s) tested! (Thread 0)
415/756 candidate combination(s) tested! (Thread 0)
416/756 candidate combination(s) tested! (Thread 0)
417/756 candidate combination(s) tested! (Thread 0)
418/756 candidate combination(s) tested! (Thread 0)
419/756 candidate combination(s) tested! (Thread 0)
420/756 candidate combination(s) tested! (Thread 0)
421/756 candidate combination(s) tested! (Thread 0)
422/756 candidate combination(s) tested! (Thread 0)
423/756 candidate combination(s) tested! (Thread 0)
424/756 candidate combination(s) tested! (Thread 0)
425/756 candidate combination(s) tested! (Thread 0)
426/756 candidate combination(s) tested! (Thread 0)
427/756 candidate combination(s) tested! (Thread 0)
428/756 candidate combination(s) tested! (Thread 0)
429/756 candidate combination(s) tested! (Thread 0)
430/756 candidate combination(s) tested! (Thread 0)
431/756 candidate combination(s) tested! (Thread 0)
432/756 candidate combination(s) tested! (Thread 0)
433/756 candidate combination(s) tested! (Thread 0)
434/756 candidate combination(s) tested! (Thread 0)
435/756 candidate combination(s) tested! (Thread 0)
436/756 candidate combination(s) tested! (Thread 0)
437/756 candidate combination(s) tested! (Thread 0)
438/756 candidate combination(s) tested! (Thread 0)
439/756 candidate combination(s) tested! (Thread 0)
440/756 candidate combination(s) tested! (Thread 0)
441/756 candidate combination(s) tested! (Thread 0)
442/756 candidate combination(s) tested! (Thread 0)
443/756 candidate combination(s) tested! (Thread 0)
444/756 candidate combination(s) tested! (Thread 0)
Found new best - 445/756 candidate combination(s) tested! (Thread 0)
Found new best - 446/756 candidate combination(s) tested! (Thread 0)
447/756 candidate combination(s) tested! (Thread 0)
448/756 candidate combination(s) tested! (Thread 0)
449/756 candidate combination(s) tested! (Thread 0)
450/756 candidate combination(s) tested! (Thread 0)
451/756 candidate combination(s) tested! (Thread 0)
452/756 candidate combination(s) tested! (Thread 0)
453/756 candidate combination(s) tested! (Thread 0)
454/756 candidate combination(s) tested! (Thread 0)
455/756 candidate combination(s) tested! (Thread 0)
456/756 candidate combination(s) tested! (Thread 0)
457/756 candidate combination(s) tested! (Thread 0)
458/756 candidate combination(s) tested! (Thread 0)
459/756 candidate combination(s) tested! (Thread 0)
460/756 candidate combination(s) tested! (Thread 0)
461/756 candidate combination(s) tested! (Thread 0)
462/756 candidate combination(s) tested! (Thread 0)
463/756 candidate combination(s) tested! (Thread 0)
464/756 candidate combination(s) tested! (Thread 0)
465/756 candidate combination(s) tested! (Thread 0)
466/756 candidate combination(s) tested! (Thread 0)
467/756 candidate combination(s) tested! (Thread 0)
468/756 candidate combination(s) tested! (Thread 0)
469/756 candidate combination(s) tested! (Thread 0)
470/756 candidate combination(s) tested! (Thread 0)
471/756 candidate combination(s) tested! (Thread 0)
472/756 candidate combination(s) tested! (Thread 0)
473/756 candidate combination(s) tested! (Thread 0)
474/756 candidate combination(s) tested! (Thread 0)
475/756 candidate combination(s) tested! (Thread 0)
476/756 candidate combination(s) tested! (Thread 0)
477/756 candidate combination(s) tested! (Thread 0)
478/756 candidate combination(s) tested! (Thread 0)
479/756 candidate combination(s) tested! (Thread 0)
480/756 candidate combination(s) tested! (Thread 0)
481/756 candidate combination(s) tested! (Thread 0)
482/756 candidate combination(s) tested! (Thread 0)
483/756 candidate combination(s) tested! (Thread 0)
484/756 candidate combination(s) tested! (Thread 0)
485/756 candidate combination(s) tested! (Thread 0)
486/756 candidate combination(s) tested! (Thread 0)
487/756 candidate combination(s) tested! (Thread 0)
488/756 candidate combination(s) tested! (Thread 0)
489/756 candidate combination(s) tested! (Thread 0)
490/756 candidate combination(s) tested! (Thread 0)
491/756 candidate combination(s) tested! (Thread 0)
492/756 candidate combination(s) tested! (Thread 0)
493/756 candidate combination(s) tested! (Thread 0)
494/756 candidate combination(s) tested! (Thread 0)
495/756 candidate combination(s) tested! (Thread 0)
496/756 candidate combination(s) tested! (Thread 0)
497/756 candidate combination(s) tested! (Thread 0)
498/756 candidate combination(s) tested! (Thread 0)
499/756 candidate combination(s) tested! (Thread 0)
500/756 candidate combination(s) tested! (Thread 0)
501/756 candidate combination(s) tested! (Thread 0)
502/756 candidate combination(s) tested! (Thread 0)
503/756 candidate combination(s) tested! (Thread 0)
504/756 candidate combination(s) tested! (Thread 0)
505/756 candidate combination(s) tested! (Thread 0)
506/756 candidate combination(s) tested! (Thread 0)
507/756 candidate combination(s) tested! (Thread 0)
508/756 candidate combination(s) tested! (Thread 0)
509/756 candidate combination(s) tested! (Thread 0)
510/756 candidate combination(s) tested! (Thread 0)
511/756 candidate combination(s) tested! (Thread 0)
512/756 candidate combination(s) tested! (Thread 0)
513/756 candidate combination(s) tested! (Thread 0)
514/756 candidate combination(s) tested! (Thread 0)
515/756 candidate combination(s) tested! (Thread 0)
516/756 candidate combination(s) tested! (Thread 0)
517/756 candidate combination(s) tested! (Thread 0)
518/756 candidate combination(s) tested! (Thread 0)
519/756 candidate combination(s) tested! (Thread 0)
520/756 candidate combination(s) tested! (Thread 0)
521/756 candidate combination(s) tested! (Thread 0)
522/756 candidate combination(s) tested! (Thread 0)
523/756 candidate combination(s) tested! (Thread 0)
524/756 candidate combination(s) tested! (Thread 0)
525/756 candidate combination(s) tested! (Thread 0)
526/756 candidate combination(s) tested! (Thread 0)
527/756 candidate combination(s) tested! (Thread 0)
528/756 candidate combination(s) tested! (Thread 0)
529/756 candidate combination(s) tested! (Thread 0)
530/756 candidate combination(s) tested! (Thread 0)
531/756 candidate combination(s) tested! (Thread 0)
532/756 candidate combination(s) tested! (Thread 0)
533/756 candidate combination(s) tested! (Thread 0)
534/756 candidate combination(s) tested! (Thread 0)
535/756 candidate combination(s) tested! (Thread 0)
536/756 candidate combination(s) tested! (Thread 0)
537/756 candidate combination(s) tested! (Thread 0)
538/756 candidate combination(s) tested! (Thread 0)
539/756 candidate combination(s) tested! (Thread 0)
540/756 candidate combination(s) tested! (Thread 0)
541/756 candidate combination(s) tested! (Thread 0)
542/756 candidate combination(s) tested! (Thread 0)
543/756 candidate combination(s) tested! (Thread 0)
544/756 candidate combination(s) tested! (Thread 0)
545/756 candidate combination(s) tested! (Thread 0)
546/756 candidate combination(s) tested! (Thread 0)
547/756 candidate combination(s) tested! (Thread 0)
548/756 candidate combination(s) tested! (Thread 0)
549/756 candidate combination(s) tested! (Thread 0)
550/756 candidate combination(s) tested! (Thread 0)
551/756 candidate combination(s) tested! (Thread 0)
552/756 candidate combination(s) tested! (Thread 0)
553/756 candidate combination(s) tested! (Thread 0)
554/756 candidate combination(s) tested! (Thread 0)
555/756 candidate combination(s) tested! (Thread 0)
556/756 candidate combination(s) tested! (Thread 0)
557/756 candidate combination(s) tested! (Thread 0)
558/756 candidate combination(s) tested! (Thread 0)
559/756 candidate combination(s) tested! (Thread 0)
560/756 candidate combination(s) tested! (Thread 0)
561/756 candidate combination(s) tested! (Thread 0)
562/756 candidate combination(s) tested! (Thread 0)
563/756 candidate combination(s) tested! (Thread 0)
564/756 candidate combination(s) tested! (Thread 0)
565/756 candidate combination(s) tested! (Thread 0)
566/756 candidate combination(s) tested! (Thread 0)
567/756 candidate combination(s) tested! (Thread 0)
568/756 candidate combination(s) tested! (Thread 0)
569/756 candidate combination(s) tested! (Thread 0)
570/756 candidate combination(s) tested! (Thread 0)
571/756 candidate combination(s) tested! (Thread 0)
572/756 candidate combination(s) tested! (Thread 0)
573/756 candidate combination(s) tested! (Thread 0)
574/756 candidate combination(s) tested! (Thread 0)
575/756 candidate combination(s) tested! (Thread 0)
576/756 candidate combination(s) tested! (Thread 0)
577/756 candidate combination(s) tested! (Thread 0)
578/756 candidate combination(s) tested! (Thread 0)
579/756 candidate combination(s) tested! (Thread 0)
580/756 candidate combination(s) tested! (Thread 0)
581/756 candidate combination(s) tested! (Thread 0)
582/756 candidate combination(s) tested! (Thread 0)
583/756 candidate combination(s) tested! (Thread 0)
584/756 candidate combination(s) tested! (Thread 0)
585/756 candidate combination(s) tested! (Thread 0)
586/756 candidate combination(s) tested! (Thread 0)
587/756 candidate combination(s) tested! (Thread 0)
588/756 candidate combination(s) tested! (Thread 0)
589/756 candidate combination(s) tested! (Thread 0)
590/756 candidate combination(s) tested! (Thread 0)
591/756 candidate combination(s) tested! (Thread 0)
592/756 candidate combination(s) tested! (Thread 0)
593/756 candidate combination(s) tested! (Thread 0)
594/756 candidate combination(s) tested! (Thread 0)
595/756 candidate combination(s) tested! (Thread 0)
596/756 candidate combination(s) tested! (Thread 0)
597/756 candidate combination(s) tested! (Thread 0)
598/756 candidate combination(s) tested! (Thread 0)
599/756 candidate combination(s) tested! (Thread 0)
600/756 candidate combination(s) tested! (Thread 0)
601/756 candidate combination(s) tested! (Thread 0)
602/756 candidate combination(s) tested! (Thread 0)
603/756 candidate combination(s) tested! (Thread 0)
604/756 candidate combination(s) tested! (Thread 0)
605/756 candidate combination(s) tested! (Thread 0)
606/756 candidate combination(s) tested! (Thread 0)
607/756 candidate combination(s) tested! (Thread 0)
608/756 candidate combination(s) tested! (Thread 0)
609/756 candidate combination(s) tested! (Thread 0)
610/756 candidate combination(s) tested! (Thread 0)
611/756 candidate combination(s) tested! (Thread 0)
612/756 candidate combination(s) tested! (Thread 0)
613/756 candidate combination(s) tested! (Thread 0)
614/756 candidate combination(s) tested! (Thread 0)
615/756 candidate combination(s) tested! (Thread 0)
616/756 candidate combination(s) tested! (Thread 0)
617/756 candidate combination(s) tested! (Thread 0)
618/756 candidate combination(s) tested! (Thread 0)
619/756 candidate combination(s) tested! (Thread 0)
620/756 candidate combination(s) tested! (Thread 0)
621/756 candidate combination(s) tested! (Thread 0)
622/756 candidate combination(s) tested! (Thread 0)
623/756 candidate combination(s) tested! (Thread 0)
624/756 candidate combination(s) tested! (Thread 0)
625/756 candidate combination(s) tested! (Thread 0)
626/756 candidate combination(s) tested! (Thread 0)
627/756 candidate combination(s) tested! (Thread 0)
628/756 candidate combination(s) tested! (Thread 0)
629/756 candidate combination(s) tested! (Thread 0)
630/756 candidate combination(s) tested! (Thread 0)
631/756 candidate combination(s) tested! (Thread 0)
632/756 candidate combination(s) tested! (Thread 0)
633/756 candidate combination(s) tested! (Thread 0)
634/756 candidate combination(s) tested! (Thread 0)
635/756 candidate combination(s) tested! (Thread 0)
636/756 candidate combination(s) tested! (Thread 0)
637/756 candidate combination(s) tested! (Thread 0)
638/756 candidate combination(s) tested! (Thread 0)
639/756 candidate combination(s) tested! (Thread 0)
640/756 candidate combination(s) tested! (Thread 0)
641/756 candidate combination(s) tested! (Thread 0)
642/756 candidate combination(s) tested! (Thread 0)
643/756 candidate combination(s) tested! (Thread 0)
644/756 candidate combination(s) tested! (Thread 0)
645/756 candidate combination(s) tested! (Thread 0)
646/756 candidate combination(s) tested! (Thread 0)
647/756 candidate combination(s) tested! (Thread 0)
648/756 candidate combination(s) tested! (Thread 0)
649/756 candidate combination(s) tested! (Thread 0)
650/756 candidate combination(s) tested! (Thread 0)
651/756 candidate combination(s) tested! (Thread 0)
652/756 candidate combination(s) tested! (Thread 0)
653/756 candidate combination(s) tested! (Thread 0)
654/756 candidate combination(s) tested! (Thread 0)
655/756 candidate combination(s) tested! (Thread 0)
656/756 candidate combination(s) tested! (Thread 0)
657/756 candidate combination(s) tested! (Thread 0)
658/756 candidate combination(s) tested! (Thread 0)
659/756 candidate combination(s) tested! (Thread 0)
660/756 candidate combination(s) tested! (Thread 0)
661/756 candidate combination(s) tested! (Thread 0)
662/756 candidate combination(s) tested! (Thread 0)
663/756 candidate combination(s) tested! (Thread 0)
664/756 candidate combination(s) tested! (Thread 0)
665/756 candidate combination(s) tested! (Thread 0)
666/756 candidate combination(s) tested! (Thread 0)
667/756 candidate combination(s) tested! (Thread 0)
668/756 candidate combination(s) tested! (Thread 0)
669/756 candidate combination(s) tested! (Thread 0)
670/756 candidate combination(s) tested! (Thread 0)
671/756 candidate combination(s) tested! (Thread 0)
672/756 candidate combination(s) tested! (Thread 0)
673/756 candidate combination(s) tested! (Thread 0)
674/756 candidate combination(s) tested! (Thread 0)
675/756 candidate combination(s) tested! (Thread 0)
676/756 candidate combination(s) tested! (Thread 0)
677/756 candidate combination(s) tested! (Thread 0)
678/756 candidate combination(s) tested! (Thread 0)
679/756 candidate combination(s) tested! (Thread 0)
680/756 candidate combination(s) tested! (Thread 0)
681/756 candidate combination(s) tested! (Thread 0)
682/756 candidate combination(s) tested! (Thread 0)
683/756 candidate combination(s) tested! (Thread 0)
684/756 candidate combination(s) tested! (Thread 0)
685/756 candidate combination(s) tested! (Thread 0)
686/756 candidate combination(s) tested! (Thread 0)
687/756 candidate combination(s) tested! (Thread 0)
688/756 candidate combination(s) tested! (Thread 0)
689/756 candidate combination(s) tested! (Thread 0)
690/756 candidate combination(s) tested! (Thread 0)
691/756 candidate combination(s) tested! (Thread 0)
692/756 candidate combination(s) tested! (Thread 0)
693/756 candidate combination(s) tested! (Thread 0)
694/756 candidate combination(s) tested! (Thread 0)
695/756 candidate combination(s) tested! (Thread 0)
696/756 candidate combination(s) tested! (Thread 0)
697/756 candidate combination(s) tested! (Thread 0)
698/756 candidate combination(s) tested! (Thread 0)
699/756 candidate combination(s) tested! (Thread 0)
700/756 candidate combination(s) tested! (Thread 0)
701/756 candidate combination(s) tested! (Thread 0)
702/756 candidate combination(s) tested! (Thread 0)
703/756 candidate combination(s) tested! (Thread 0)
704/756 candidate combination(s) tested! (Thread 0)
705/756 candidate combination(s) tested! (Thread 0)
706/756 candidate combination(s) tested! (Thread 0)
707/756 candidate combination(s) tested! (Thread 0)
708/756 candidate combination(s) tested! (Thread 0)
709/756 candidate combination(s) tested! (Thread 0)
710/756 candidate combination(s) tested! (Thread 0)
711/756 candidate combination(s) tested! (Thread 0)
712/756 candidate combination(s) tested! (Thread 0)
713/756 candidate combination(s) tested! (Thread 0)
714/756 candidate combination(s) tested! (Thread 0)
715/756 candidate combination(s) tested! (Thread 0)
716/756 candidate combination(s) tested! (Thread 0)
717/756 candidate combination(s) tested! (Thread 0)
718/756 candidate combination(s) tested! (Thread 0)
719/756 candidate combination(s) tested! (Thread 0)
720/756 candidate combination(s) tested! (Thread 0)
721/756 candidate combination(s) tested! (Thread 0)
722/756 candidate combination(s) tested! (Thread 0)
723/756 candidate combination(s) tested! (Thread 0)
724/756 candidate combination(s) tested! (Thread 0)
725/756 candidate combination(s) tested! (Thread 0)
726/756 candidate combination(s) tested! (Thread 0)
727/756 candidate combination(s) tested! (Thread 0)
728/756 candidate combination(s) tested! (Thread 0)
729/756 candidate combination(s) tested! (Thread 0)
730/756 candidate combination(s) tested! (Thread 0)
731/756 candidate combination(s) tested! (Thread 0)
732/756 candidate combination(s) tested! (Thread 0)
733/756 candidate combination(s) tested! (Thread 0)
734/756 candidate combination(s) tested! (Thread 0)
735/756 candidate combination(s) tested! (Thread 0)
736/756 candidate combination(s) tested! (Thread 0)
737/756 candidate combination(s) tested! (Thread 0)
738/756 candidate combination(s) tested! (Thread 0)
739/756 candidate combination(s) tested! (Thread 0)
740/756 candidate combination(s) tested! (Thread 0)
741/756 candidate combination(s) tested! (Thread 0)
742/756 candidate combination(s) tested! (Thread 0)
743/756 candidate combination(s) tested! (Thread 0)
744/756 candidate combination(s) tested! (Thread 0)
745/756 candidate combination(s) tested! (Thread 0)
746/756 candidate combination(s) tested! (Thread 0)
747/756 candidate combination(s) tested! (Thread 0)
748/756 candidate combination(s) tested! (Thread 0)
749/756 candidate combination(s) tested! (Thread 0)
750/756 candidate combination(s) tested! (Thread 0)
751/756 candidate combination(s) tested! (Thread 0)
752/756 candidate combination(s) tested! (Thread 0)
753/756 candidate combination(s) tested! (Thread 0)
754/756 candidate combination(s) tested! (Thread 0)
755/756 candidate combination(s) tested! (Thread 0)
756/756 candidate combination(s) tested! (Thread 0)

Removing trips...

Solving candidate combinations...

1/5 candidate combination(s) tested! (Thread 0)
2/5 candidate combination(s) tested! (Thread 0)
3/5 candidate combination(s) tested! (Thread 0)
4/5 candidate combination(s) tested! (Thread 0)
Found new best - 5/5 candidate combination(s) tested! (Thread 0)

Removing trips...

Solving candidate combinations...

Found new best - 1/11 candidate combination(s) tested! (Thread 0)
Found new best - 2/11 candidate combination(s) tested! (Thread 0)
3/11 candidate combination(s) tested! (Thread 0)
4/11 candidate combination(s) tested! (Thread 0)
Found new best - 5/11 candidate combination(s) tested! (Thread 0)
6/11 candidate combination(s) tested! (Thread 0)
7/11 candidate combination(s) tested! (Thread 0)
8/11 candidate combination(s) tested! (Thread 0)
9/11 candidate combination(s) tested! (Thread 0)
10/11 candidate combination(s) tested! (Thread 0)
Found new best - 11/11 candidate combination(s) tested! (Thread 0)

Removing trips...

Solving candidate combinations...

Found new best - 1/10 candidate combination(s) tested! (Thread 0)
Found new best - 2/10 candidate combination(s) tested! (Thread 0)
3/10 candidate combination(s) tested! (Thread 0)
4/10 candidate combination(s) tested! (Thread 0)
Found new best - 5/10 candidate combination(s) tested! (Thread 0)
6/10 candidate combination(s) tested! (Thread 0)
7/10 candidate combination(s) tested! (Thread 0)
8/10 candidate combination(s) tested! (Thread 0)
9/10 candidate combination(s) tested! (Thread 0)
10/10 candidate combination(s) tested! (Thread 0)

Removing trips...

Terminating loop at iteration 4

Relaxing trips, so the model can make changes...

>> Printing some results...
    -> Solution value = 24060 - 06:41:00
    -> Total time = 20439.90

=============
Train 0
=============
> Trip 0
   7(time 0 - 00:00:00)(time 360 - 00:06:00) ->    8(time 420 - 00:07:00)(time 720 - 00:12:00) ->    9(time 780 - 00:13:00)(time 1020 - 00:17:00) ->    10(time 1060 - 00:17:40)(time 1180 - 00:19:40) ->    11(time 1240 - 00:20:40)(time 1480 - 00:24:40) ->    12(time 1540 - 00:25:40)(time 1720 - 00:28:40) ->    13(time 1780 - 00:29:40)(time 1900 - 00:31:40) ->    14(time 1960 - 00:32:40)(time 2140 - 00:35:40) ->    15(time 2260 - 00:37:40)(time 2260 - 00:37:40) ->    31(time 2500 - 00:41:40)(time 2680 - 00:44:40) ->    30(time 2740 - 00:45:40)(time 2860 - 00:47:40) ->    29(time 2920 - 00:48:40)(time 3100 - 00:51:40) ->    28(time 3160 - 00:52:40)(time 3400 - 00:56:40) ->    27(time 3460 - 00:57:40)(time 3580 - 00:59:40) ->    26(time 3620 - 01:00:20)(time 3860 - 01:04:20) ->    25(time 3920 - 01:05:20)(time 4220 - 01:10:20) ->    24(time 4280 - 01:11:20)(time 4640 - 01:17:20) ->    23(time 4760 - 01:19:20)(time 4940 - 01:22:20) ->    22(time 4980 - 01:23:00)(time 5020 - 01:23:40) ->    21(time 5080 - 01:24:40)(time 5260 - 01:27:40) ->    20(time 5320 - 01:28:40)(time 5500 - 01:31:40) ->    19(time 5560 - 01:32:40)(time 5800 - 01:36:40) ->    18(time 5840 - 01:37:20)(time 5960 - 01:39:20) ->    17(time 6020 - 01:40:20)(time 6260 - 01:44:20) ->    16(time 6380 - 01:46:20)(time 6380 - 01:46:20) ->    0(time 6620 - 01:50:20)(time 6860 - 01:54:20) ->    1(time 6920 - 01:55:20)(time 7040 - 01:57:20) ->    2(time 7080 - 01:58:00)(time 7320 - 02:02:00) ->    3(time 7380 - 02:03:00)(time 7560 - 02:06:00) ->    4(time 7620 - 02:07:00)(time 7800 - 02:10:00) ->    5(time 7860 - 02:11:00)(time 7900 - 02:11:40) ->    6(time 7940 - 02:12:20)(time 8120 - 02:15:20) -> 7
> Trip 1
   7(time 8120 - 02:15:20)(time 8480 - 02:21:20) ->    8(time 8540 - 02:22:20)(time 8840 - 02:27:20) ->    9(time 8900 - 02:28:20)(time 9140 - 02:32:20) ->    10(time 9180 - 02:33:00)(time 9300 - 02:35:00) ->    11(time 9360 - 02:36:00)(time 9600 - 02:40:00) ->    12(time 9660 - 02:41:00)(time 9840 - 02:44:00) ->    13(time 9900 - 02:45:00)(time 10020 - 02:47:00) ->    14(time 10080 - 02:48:00)(time 10260 - 02:51:00) ->    15(time 10380 - 02:53:00)(time 10380 - 02:53:00) ->    31(time 10440 - 02:54:00)(time 10620 - 02:57:00) ->    30(time 10680 - 02:58:00)(time 10800 - 03:00:00) ->    29(time 10860 - 03:01:00)(time 11040 - 03:04:00) ->    28(time 11100 - 03:05:00)(time 11340 - 03:09:00) ->    27(time 11400 - 03:10:00)(time 11520 - 03:12:00) ->    26(time 11560 - 03:12:40)(time 11800 - 03:16:40) ->    25(time 11860 - 03:17:40)(time 12160 - 03:22:40) ->    24(time 12220 - 03:23:40)(time 12580 - 03:29:40) ->    23(time 12700 - 03:31:40)(time 12880 - 03:34:40) ->    22(time 12920 - 03:35:20)(time 12960 - 03:36:00) ->    21(time 13020 - 03:37:00)(time 13200 - 03:40:00) ->    20(time 13260 - 03:41:00)(time 13440 - 03:44:00) ->    19(time 13500 - 03:45:00)(time 13740 - 03:49:00) ->    18(time 13780 - 03:49:40)(time 13900 - 03:51:40) ->    17(time 13960 - 03:52:40)(time 14200 - 03:56:40) ->    16(time 14320 - 03:58:40)(time 14320 - 03:58:40) ->    0(time 14380 - 03:59:40)(time 14620 - 04:03:40) ->    1(time 14680 - 04:04:40)(time 14800 - 04:06:40) ->    2(time 14840 - 04:07:20)(time 15080 - 04:11:20) ->    3(time 15140 - 04:12:20)(time 15320 - 04:15:20) ->    4(time 15380 - 04:16:20)(time 15560 - 04:19:20) ->    5(time 15620 - 04:20:20)(time 15660 - 04:21:00) ->    6(time 15700 - 04:21:40)(time 15880 - 04:24:40) -> 7
> Trip 2
   7(time 15880 - 04:24:40)(time 16240 - 04:30:40) ->    8(time 16360 - 04:32:40)(time 16660 - 04:37:40) ->    9(time 16720 - 04:38:40)(time 16960 - 04:42:40) ->    10(time 17000 - 04:43:20)(time 17120 - 04:45:20) ->    11(time 17180 - 04:46:20)(time 17420 - 04:50:20) ->    12(time 17480 - 04:51:20)(time 17660 - 04:54:20) ->    13(time 17720 - 04:55:20)(time 17840 - 04:57:20) ->    14(time 17900 - 04:58:20)(time 18080 - 05:01:20) ->    15(time 18200 - 05:03:20)(time 18200 - 05:03:20) ->    31(time 18260 - 05:04:20)(time 18440 - 05:07:20) ->    30(time 18500 - 05:08:20)(time 18620 - 05:10:20) ->    29(time 18680 - 05:11:20)(time 18860 - 05:14:20) ->    28(time 18920 - 05:15:20)(time 19160 - 05:19:20) ->    27(time 19220 - 05:20:20)(time 19340 - 05:22:20) ->    26(time 19380 - 05:23:00)(time 19620 - 05:27:00) ->    25(time 19680 - 05:28:00)(time 19980 - 05:33:00) ->    24(time 20380 - 05:39:40)(time 20740 - 05:45:40) ->    23(time 20860 - 05:47:40)(time 21040 - 05:50:40) ->    22(time 21080 - 05:51:20)(time 21120 - 05:52:00) ->    21(time 21180 - 05:53:00)(time 21360 - 05:56:00) ->    20(time 21420 - 05:57:00)(time 21600 - 06:00:00) ->    19(time 21660 - 06:01:00)(time 21900 - 06:05:00) ->    18(time 21940 - 06:05:40)(time 22060 - 06:07:40) ->    17(time 22120 - 06:08:40)(time 22360 - 06:12:40) ->    16(time 22480 - 06:14:40)(time 22480 - 06:14:40) ->    0(time 22540 - 06:15:40)(time 22780 - 06:19:40) ->    1(time 22840 - 06:20:40)(time 22960 - 06:22:40) ->    2(time 23000 - 06:23:20)(time 23240 - 06:27:20) ->    3(time 23300 - 06:28:20)(time 23480 - 06:31:20) ->    4(time 23540 - 06:32:20)(time 23720 - 06:35:20) ->    5(time 23780 - 06:36:20)(time 23820 - 06:37:00) ->    6(time 23860 - 06:37:40)(time 24040 - 06:40:40) -> 7
=============
Train 1
=============
> Trip 0
   7(time 180 - 00:03:00)(time 540 - 00:09:00) ->    8(time 600 - 00:10:00)(time 900 - 00:15:00) ->    9(time 960 - 00:16:00)(time 1200 - 00:20:00) ->    10(time 1240 - 00:20:40)(time 1360 - 00:22:40) ->    11(time 1420 - 00:23:40)(time 1660 - 00:27:40) ->    12(time 1720 - 00:28:40)(time 1900 - 00:31:40) ->    13(time 1960 - 00:32:40)(time 2080 - 00:34:40) ->    14(time 2140 - 00:35:40)(time 2320 - 00:38:40) ->    15(time 2500 - 00:41:40)(time 2500 - 00:41:40) ->    31(time 2680 - 00:44:40)(time 2860 - 00:47:40) ->    30(time 2920 - 00:48:40)(time 3040 - 00:50:40) ->    29(time 3100 - 00:51:40)(time 3280 - 00:54:40) ->    28(time 3340 - 00:55:40)(time 3580 - 00:59:40) ->    27(time 3640 - 01:00:40)(time 3760 - 01:02:40) ->    26(time 3800 - 01:03:20)(time 4040 - 01:07:20) ->    25(time 4100 - 01:08:20)(time 4400 - 01:13:20) ->    24(time 4460 - 01:14:20)(time 4820 - 01:20:20) ->    23(time 4940 - 01:22:20)(time 5120 - 01:25:20) ->    22(time 5160 - 01:26:00)(time 5200 - 01:26:40) ->    21(time 5260 - 01:27:40)(time 5440 - 01:30:40) ->    20(time 5500 - 01:31:40)(time 5680 - 01:34:40) ->    19(time 5740 - 01:35:40)(time 5980 - 01:39:40) ->    18(time 6020 - 01:40:20)(time 6140 - 01:42:20) ->    17(time 6200 - 01:43:20)(time 6440 - 01:47:20) ->    16(time 6620 - 01:50:20)(time 6620 - 01:50:20) ->    0(time 6800 - 01:53:20)(time 7040 - 01:57:20) ->    1(time 7100 - 01:58:20)(time 7220 - 02:00:20) ->    2(time 7260 - 02:01:00)(time 7500 - 02:05:00) ->    3(time 7560 - 02:06:00)(time 7740 - 02:09:00) ->    4(time 7800 - 02:10:00)(time 7980 - 02:13:00) ->    5(time 8040 - 02:14:00)(time 8080 - 02:14:40) ->    6(time 8120 - 02:15:20)(time 8300 - 02:18:20) -> 7
> Trip 1
   7(time 8300 - 02:18:20)(time 8660 - 02:24:20) ->    8(time 8720 - 02:25:20)(time 9020 - 02:30:20) ->    9(time 9080 - 02:31:20)(time 9320 - 02:35:20) ->    10(time 9360 - 02:36:00)(time 9480 - 02:38:00) ->    11(time 9540 - 02:39:00)(time 9780 - 02:43:00) ->    12(time 9840 - 02:44:00)(time 10020 - 02:47:00) ->    13(time 10080 - 02:48:00)(time 10200 - 02:50:00) ->    14(time 10260 - 02:51:00)(time 10440 - 02:54:00) ->    15(time 10620 - 02:57:00)(time 10620 - 02:57:00) ->    31(time 10620 - 02:57:00)(time 10800 - 03:00:00) ->    30(time 10860 - 03:01:00)(time 10980 - 03:03:00) ->    29(time 11040 - 03:04:00)(time 11220 - 03:07:00) ->    28(time 11280 - 03:08:00)(time 11520 - 03:12:00) ->    27(time 11580 - 03:13:00)(time 11700 - 03:15:00) ->    26(time 11740 - 03:15:40)(time 11980 - 03:19:40) ->    25(time 12040 - 03:20:40)(time 12340 - 03:25:40) ->    24(time 12400 - 03:26:40)(time 12760 - 03:32:40) ->    23(time 12880 - 03:34:40)(time 13060 - 03:37:40) ->    22(time 13100 - 03:38:20)(time 13140 - 03:39:00) ->    21(time 13200 - 03:40:00)(time 13380 - 03:43:00) ->    20(time 13440 - 03:44:00)(time 13620 - 03:47:00) ->    19(time 13680 - 03:48:00)(time 13920 - 03:52:00) ->    18(time 13960 - 03:52:40)(time 14080 - 03:54:40) ->    17(time 14140 - 03:55:40)(time 14380 - 03:59:40) ->    16(time 14500 - 04:01:40)(time 14500 - 04:01:40) ->    0(time 14560 - 04:02:40)(time 14800 - 04:06:40) ->    1(time 14860 - 04:07:40)(time 14980 - 04:09:40) ->    2(time 15020 - 04:10:20)(time 15260 - 04:14:20) ->    3(time 15320 - 04:15:20)(time 15500 - 04:18:20) ->    4(time 15560 - 04:19:20)(time 15740 - 04:22:20) ->    5(time 15800 - 04:23:20)(time 15840 - 04:24:00) ->    6(time 15880 - 04:24:40)(time 16060 - 04:27:40) -> 7
> Trip 2
   7(time 16060 - 04:27:40)(time 16420 - 04:33:40) ->    8(time 16540 - 04:35:40)(time 16840 - 04:40:40) ->    9(time 16900 - 04:41:40)(time 17140 - 04:45:40) ->    10(time 17180 - 04:46:20)(time 17300 - 04:48:20) ->    11(time 17360 - 04:49:20)(time 17600 - 04:53:20) ->    12(time 17660 - 04:54:20)(time 17840 - 04:57:20) ->    13(time 17900 - 04:58:20)(time 18020 - 05:00:20) ->    14(time 18080 - 05:01:20)(time 18260 - 05:04:20) ->    15(time 18380 - 05:06:20)(time 18380 - 05:06:20) ->    31(time 18440 - 05:07:20)(time 18620 - 05:10:20) ->    30(time 18680 - 05:11:20)(time 18800 - 05:13:20) ->    29(time 18860 - 05:14:20)(time 19040 - 05:17:20) ->    28(time 19100 - 05:18:20)(time 19340 - 05:22:20) ->    27(time 19400 - 05:23:20)(time 19520 - 05:25:20) ->    26(time 19560 - 05:26:00)(time 19800 - 05:30:00) ->    25(time 20140 - 05:35:40)(time 20440 - 05:40:40) ->    24(time 20560 - 05:42:40)(time 20920 - 05:48:40) ->    23(time 21040 - 05:50:40)(time 21220 - 05:53:40) ->    22(time 21260 - 05:54:20)(time 21300 - 05:55:00) ->    21(time 21360 - 05:56:00)(time 21540 - 05:59:00) ->    20(time 21600 - 06:00:00)(time 21780 - 06:03:00) ->    19(time 21840 - 06:04:00)(time 22080 - 06:08:00) ->    18(time 22120 - 06:08:40)(time 22240 - 06:10:40) ->    17(time 22300 - 06:11:40)(time 22540 - 06:15:40) ->    16(time 22660 - 06:17:40)(time 22660 - 06:17:40) ->    0(time 22820 - 06:20:20)(time 23060 - 06:24:20) ->    1(time 23120 - 06:25:20)(time 23240 - 06:27:20) ->    2(time 23280 - 06:28:00)(time 23520 - 06:32:00) ->    3(time 23580 - 06:33:00)(time 23760 - 06:36:00) ->    4(time 23820 - 06:37:00)(time 24000 - 06:40:00) ->    5(time 24060 - 06:41:00)(time 24100 - 06:41:40) ->    6(time 24140 - 06:42:20)(time 24320 - 06:45:20) -> 7
=============
Train 2
=============
> Trip 0
   7(time 3920 - 01:05:20)(time 4280 - 01:11:20) ->    8(time 4880 - 01:21:20)(time 5180 - 01:26:20) ->    9(time 5340 - 01:29:00)(time 5580 - 01:33:00) ->    10(time 5620 - 01:33:40)(time 5740 - 01:35:40) ->    11(time 5800 - 01:36:40)(time 6040 - 01:40:40) ->    12(time 6100 - 01:41:40)(time 6280 - 01:44:40) ->    13(time 6340 - 01:45:40)(time 6460 - 01:47:40) ->    14(time 6520 - 01:48:40)(time 6700 - 01:51:40) ->    15(time 6820 - 01:53:40)(time 6820 - 01:53:40) ->    31(time 6820 - 01:53:40)(time 7000 - 01:56:40) ->    30(time 7060 - 01:57:40)(time 7180 - 01:59:40) ->    29(time 7240 - 02:00:40)(time 7420 - 02:03:40) ->    28(time 7480 - 02:04:40)(time 7720 - 02:08:40) ->    27(time 7780 - 02:09:40)(time 7900 - 02:11:40) ->    26(time 7940 - 02:12:20)(time 8180 - 02:16:20) ->    25(time 8240 - 02:17:20)(time 8540 - 02:22:20) ->    24(time 8960 - 02:29:20)(time 9320 - 02:35:20) ->    23(time 9440 - 02:37:20)(time 9620 - 02:40:20) ->    22(time 9660 - 02:41:00)(time 9700 - 02:41:40) ->    21(time 9760 - 02:42:40)(time 9940 - 02:45:40) ->    20(time 10000 - 02:46:40)(time 10180 - 02:49:40) ->    19(time 10240 - 02:50:40)(time 10480 - 02:54:40) ->    18(time 10520 - 02:55:20)(time 10640 - 02:57:20) ->    17(time 10700 - 02:58:20)(time 10940 - 03:02:20) ->    16(time 11060 - 03:04:20)(time 11060 - 03:04:20) ->    0(time 11060 - 03:04:20)(time 11300 - 03:08:20) ->    1(time 11360 - 03:09:20)(time 11480 - 03:11:20) ->    2(time 11520 - 03:12:00)(time 11760 - 03:16:00) ->    3(time 11820 - 03:17:00)(time 12000 - 03:20:00) ->    4(time 12060 - 03:21:00)(time 12240 - 03:24:00) ->    5(time 12300 - 03:25:00)(time 12340 - 03:25:40) ->    6(time 12380 - 03:26:20)(time 12560 - 03:29:20) -> 7
> Trip 1
   7(time 12760 - 03:32:40)(time 13120 - 03:38:40) ->    8(time 13180 - 03:39:40)(time 13480 - 03:44:40) ->    9(time 13540 - 03:45:40)(time 13780 - 03:49:40) ->    10(time 13820 - 03:50:20)(time 13940 - 03:52:20) ->    11(time 14000 - 03:53:20)(time 14240 - 03:57:20) ->    12(time 14840 - 04:07:20)(time 15020 - 04:10:20) ->    13(time 15080 - 04:11:20)(time 15200 - 04:13:20) ->    14(time 15260 - 04:14:20)(time 15440 - 04:17:20) ->    15(time 15560 - 04:19:20)(time 15560 - 04:19:20) ->    31(time 15560 - 04:19:20)(time 15740 - 04:22:20) ->    30(time 15800 - 04:23:20)(time 15920 - 04:25:20) ->    29(time 15980 - 04:26:20)(time 16160 - 04:29:20) ->    28(time 16220 - 04:30:20)(time 16460 - 04:34:20) ->    27(time 16520 - 04:35:20)(time 16640 - 04:37:20) ->    26(time 17140 - 04:45:40)(time 17380 - 04:49:40) ->    25(time 17440 - 04:50:40)(time 17740 - 04:55:40) ->    24(time 17940 - 04:59:00)(time 18300 - 05:05:00) ->    23(time 18900 - 05:15:00)(time 19080 - 05:18:00) ->    22(time 19680 - 05:28:00)(time 19720 - 05:28:40) ->    21(time 19780 - 05:29:40)(time 19960 - 05:32:40) ->    20(time 20020 - 05:33:40)(time 20200 - 05:36:40) ->    19(time 20260 - 05:37:40)(time 20500 - 05:41:40) ->    18(time 20540 - 05:42:20)(time 20660 - 05:44:20) ->    17(time 20720 - 05:45:20)(time 20960 - 05:49:20) ->    16(time 21080 - 05:51:20)(time 21080 - 05:51:20) ->    0(time 21080 - 05:51:20)(time 21320 - 05:55:20) ->    1(time 21380 - 05:56:20)(time 21500 - 05:58:20) ->    2(time 22080 - 06:08:00)(time 22320 - 06:12:00) ->    3(time 22380 - 06:13:00)(time 22560 - 06:16:00) ->    4(time 22620 - 06:17:00)(time 22800 - 06:20:00) ->    5(time 22860 - 06:21:00)(time 22900 - 06:21:40) ->    6(time 22940 - 06:22:20)(time 23120 - 06:25:20) -> 7
=============
Train 3
=============
> Trip 0
   7(time 360 - 00:06:00)(time 720 - 00:12:00) ->    8(time 780 - 00:13:00)(time 1080 - 00:18:00) ->    9(time 1140 - 00:19:00)(time 1380 - 00:23:00) ->    10(time 1420 - 00:23:40)(time 1540 - 00:25:40) ->    11(time 1600 - 00:26:40)(time 1840 - 00:30:40) ->    12(time 1900 - 00:31:40)(time 2080 - 00:34:40) ->    13(time 2140 - 00:35:40)(time 2260 - 00:37:40) ->    14(time 2320 - 00:38:40)(time 2500 - 00:41:40) ->    15(time 2860 - 00:47:40)(time 2860 - 00:47:40) ->    31(time 2860 - 00:47:40)(time 3040 - 00:50:40) ->    30(time 3100 - 00:51:40)(time 3220 - 00:53:40) ->    29(time 3280 - 00:54:40)(time 3460 - 00:57:40) ->    28(time 3520 - 00:58:40)(time 3760 - 01:02:40) ->    27(time 3820 - 01:03:40)(time 3940 - 01:05:40) ->    26(time 3980 - 01:06:20)(time 4220 - 01:10:20) ->    25(time 4280 - 01:11:20)(time 4580 - 01:16:20) ->    24(time 4640 - 01:17:20)(time 5000 - 01:23:20) ->    23(time 5120 - 01:25:20)(time 5300 - 01:28:20) ->    22(time 5340 - 01:29:00)(time 5380 - 01:29:40) ->    21(time 5440 - 01:30:40)(time 5620 - 01:33:40) ->    20(time 5680 - 01:34:40)(time 5860 - 01:37:40) ->    19(time 5920 - 01:38:40)(time 6160 - 01:42:40) ->    18(time 6200 - 01:43:20)(time 6320 - 01:45:20) ->    17(time 6380 - 01:46:20)(time 6620 - 01:50:20) ->    16(time 6800 - 01:53:20)(time 6800 - 01:53:20) ->    0(time 6980 - 01:56:20)(time 7220 - 02:00:20) ->    1(time 7280 - 02:01:20)(time 7400 - 02:03:20) ->    2(time 7440 - 02:04:00)(time 7680 - 02:08:00) ->    3(time 7740 - 02:09:00)(time 7920 - 02:12:00) ->    4(time 7980 - 02:13:00)(time 8160 - 02:16:00) ->    5(time 8220 - 02:17:00)(time 8260 - 02:17:40) ->    6(time 8300 - 02:18:20)(time 8480 - 02:21:20) -> 7
> Trip 1
   23(time 8480 - 02:21:20)(time 8660 - 02:24:20) ->    22(time 8700 - 02:25:00)(time 8740 - 02:25:40) ->    21(time 8800 - 02:26:40)(time 8980 - 02:29:40) ->    20(time 9040 - 02:30:40)(time 9220 - 02:33:40) ->    19(time 9280 - 02:34:40)(time 9520 - 02:38:40) ->    18(time 9560 - 02:39:20)(time 9680 - 02:41:20) ->    17(time 9740 - 02:42:20)(time 9980 - 02:46:20) ->    16(time 10100 - 02:48:20)(time 10100 - 02:48:20) ->    0(time 10100 - 02:48:20)(time 10340 - 02:52:20) ->    1(time 10400 - 02:53:20)(time 10520 - 02:55:20) ->    2(time 10560 - 02:56:00)(time 10800 - 03:00:00) ->    3(time 10860 - 03:01:00)(time 11040 - 03:04:00) ->    4(time 11100 - 03:05:00)(time 11280 - 03:08:00) ->    5(time 11340 - 03:09:00)(time 11380 - 03:09:40) ->    6(time 11420 - 03:10:20)(time 11600 - 03:13:20) ->    7(time 11720 - 03:15:20)(time 12080 - 03:21:20) ->    8(time 12340 - 03:25:40)(time 12640 - 03:30:40) ->    9(time 12700 - 03:31:40)(time 12940 - 03:35:40) ->    10(time 12980 - 03:36:20)(time 13100 - 03:38:20) ->    11(time 13160 - 03:39:20)(time 13400 - 03:43:20) ->    12(time 13460 - 03:44:20)(time 13640 - 03:47:20) ->    13(time 13700 - 03:48:20)(time 13820 - 03:50:20) ->    14(time 13880 - 03:51:20)(time 14060 - 03:54:20) ->    15(time 14180 - 03:56:20)(time 14180 - 03:56:20) ->    31(time 14180 - 03:56:20)(time 14360 - 03:59:20) ->    30(time 14420 - 04:00:20)(time 14540 - 04:02:20) ->    29(time 14600 - 04:03:20)(time 14780 - 04:06:20) ->    28(time 15300 - 04:15:00)(time 15540 - 04:19:00) ->    27(time 15600 - 04:20:00)(time 15720 - 04:22:00) ->    26(time 15760 - 04:22:40)(time 16000 - 04:26:40) ->    25(time 16060 - 04:27:40)(time 16360 - 04:32:40) ->    24(time 16420 - 04:33:40)(time 16780 - 04:39:40) -> 23
> Trip 2
   23(time 16780 - 04:39:40)(time 16960 - 04:42:40) ->    22(time 17000 - 04:43:20)(time 17040 - 04:44:00) ->    21(time 17100 - 04:45:00)(time 17280 - 04:48:00) ->    20(time 17340 - 04:49:00)(time 17520 - 04:52:00) ->    19(time 17580 - 04:53:00)(time 17820 - 04:57:00) ->    18(time 17860 - 04:57:40)(time 17980 - 04:59:40) ->    17(time 18040 - 05:00:40)(time 18280 - 05:04:40) ->    16(time 18400 - 05:06:40)(time 18400 - 05:06:40) ->    0(time 18400 - 05:06:40)(time 18640 - 05:10:40) ->    1(time 18700 - 05:11:40)(time 18820 - 05:13:40) ->    2(time 18860 - 05:14:20)(time 19100 - 05:18:20) ->    3(time 19160 - 05:19:20)(time 19340 - 05:22:20) ->    4(time 19400 - 05:23:20)(time 19580 - 05:26:20) ->    5(time 19640 - 05:27:20)(time 19680 - 05:28:00) ->    6(time 19720 - 05:28:40)(time 19900 - 05:31:40) ->    7(time 20020 - 05:33:40)(time 20380 - 05:39:40) ->    8(time 20440 - 05:40:40)(time 20740 - 05:45:40) ->    9(time 20800 - 05:46:40)(time 21040 - 05:50:40) ->    10(time 21080 - 05:51:20)(time 21200 - 05:53:20) ->    11(time 21260 - 05:54:20)(time 21500 - 05:58:20) ->    12(time 21560 - 05:59:20)(time 21740 - 06:02:20) ->    13(time 21800 - 06:03:20)(time 21920 - 06:05:20) ->    14(time 21980 - 06:06:20)(time 22160 - 06:09:20) ->    15(time 22280 - 06:11:20)(time 22280 - 06:11:20) ->    31(time 22280 - 06:11:20)(time 22460 - 06:14:20) ->    30(time 22520 - 06:15:20)(time 22640 - 06:17:20) ->    29(time 22700 - 06:18:20)(time 22880 - 06:21:20) ->    28(time 22940 - 06:22:20)(time 23180 - 06:26:20) ->    27(time 23240 - 06:27:20)(time 23360 - 06:29:20) ->    26(time 23400 - 06:30:00)(time 23640 - 06:34:00) ->    25(time 23700 - 06:35:00)(time 24000 - 06:40:00) ->    24(time 24060 - 06:41:00)(time 24420 - 06:47:00) -> 23
