t4p22r2h1.txt:
   > Trying to open the instance file...
   > Reading number of trains...
   > Reading maximum number of trips per train...
   > Reading time intervals...
   > Reading number of points...
   > Reading stations...
   > Reading crossings...
   > Reading depots...
   > Reading initial point...
   > Reading routes...
   > Reading distance and distance and service...
   > Reading demands...
   > Reading maximum time...
   > Reading alpha...

--------------------------------
 Printing instance
--------------------------------
number of trains = 4
	max trips per trains: 4     4     4     4
number of intervals = 1
	(0,  62362)
number of points = 22
	initial point: 21
	stations: 0     1     2     3     4     5     6     7     9    10    11    12    13    14    15    17    18    20    21
	crossings: 0     8    16    19    21
	depots: 0    21
number of vertices = 44
	total vertices: 0     1     2     3     4     5     6     7     8     9    10    11    12    13    14    15    16    17    18    19    20    21    22    23    24    25    26    27    28    29    30    31    32    33    34    35    36    37    38    39    40    41    42    43
	upper vertices: 0     1     2     3     4     5     6     7     8     9    10    11    12    13    14    15    16    17    18    19    20    21
	lower vertices: 22    23    24    25    26    27    28    29    30    31    32    33    34    35    36    37    38    39    40    41    42    43
	vertices of point #0: (0, 22)
	vertices of point #1: (1, 23)
	vertices of point #2: (2, 24)
	vertices of point #3: (3, 25)
	vertices of point #4: (4, 26)
	vertices of point #5: (5, 27)
	vertices of point #6: (6, 28)
	vertices of point #7: (7, 29)
	vertices of point #8: (8, 30)
	vertices of point #9: (9, 31)
	vertices of point #10: (10, 32)
	vertices of point #11: (11, 33)
	vertices of point #12: (12, 34)
	vertices of point #13: (13, 35)
	vertices of point #14: (14, 36)
	vertices of point #15: (15, 37)
	vertices of point #16: (16, 38)
	vertices of point #17: (17, 39)
	vertices of point #18: (18, 40)
	vertices of point #19: (19, 41)
	vertices of point #20: (20, 42)
	vertices of point #21: (21, 43)

arcs...
	total arcs: 
		arc #0: (0, 1)
		arc #1: (0, 22)
		arc #2: (22, 0)
		arc #3: (1, 2)
		arc #4: (23, 22)
		arc #5: (2, 3)
		arc #6: (24, 23)
		arc #7: (3, 4)
		arc #8: (25, 24)
		arc #9: (4, 5)
		arc #10: (26, 25)
		arc #11: (5, 6)
		arc #12: (27, 26)
		arc #13: (6, 7)
		arc #14: (28, 27)
		arc #15: (7, 8)
		arc #16: (29, 28)
		arc #17: (8, 9)
		arc #18: (30, 29)
		arc #19: (9, 10)
		arc #20: (31, 30)
		arc #21: (10, 11)
		arc #22: (32, 31)
		arc #23: (11, 12)
		arc #24: (33, 32)
		arc #25: (12, 13)
		arc #26: (34, 33)
		arc #27: (13, 14)
		arc #28: (35, 34)
		arc #29: (14, 15)
		arc #30: (36, 35)
		arc #31: (15, 16)
		arc #32: (37, 36)
		arc #33: (16, 17)
		arc #34: (38, 37)
		arc #35: (17, 18)
		arc #36: (39, 38)
		arc #37: (18, 19)
		arc #38: (40, 39)
		arc #39: (19, 20)
		arc #40: (41, 40)
		arc #41: (20, 21)
		arc #42: (42, 41)
		arc #43: (43, 42)
		arc #44: (21, 43)
		arc #45: (43, 21)

	reverse arcs: 
		arc #1: (0, 22)
		arc #2: (22, 0)
		arc #44: (21, 43)
		arc #45: (43, 21)


incompatible points...
	(0, 7, 30, (7, 8))	(30, 23, 0, (23, 22))	(8, 15, 38, (15, 16))	(38, 31, 8, (31, 30))	(16, 18, 41, (18, 19))	(41, 39, 16, (39, 38))	(19, 20, 43, (20, 21))	(43, 42, 19, (42, 41))

number of routes = 2
vertices of routes...
	route #0: 0     1     2     3     4     5     6     7     8     9    10    11    12    13    14    15    16    17    18    19    20    21    43    42    41    40    39    38    37    36    35    34    33    32    31    30    29    28    27    26    25    24    23    22     0
	route #1: 43    42    41    40    39    38    37    36    35    34    33    32    31    30    29    28    27    26    25    24    23    22     0     1     2     3     4     5     6     7     8     9    10    11    12    13    14    15    16    17    18    19    20    21    43
arcs of routes...
	route #0: 0     3     5     7     9    11    13    15    17    19    21    23    25    27    29    31    33    35    37    39    41    44    43    42    40    38    36    34    32    30    28    26    24    22    20    18    16    14    12    10     8     6     4     2
	route #1: 43    42    40    38    36    34    32    30    28    26    24    22    20    18    16    14    12    10     8     6     4     2     0     3     5     7     9    11    13    15    17    19    21    23    25    27    29    31    33    35    37    39    41    44

incompatible routes...
	(0, 1)    	(1, 0)

vertices that can be adjacent in consecutive trips...
	(0, 0)    	(43, 43)
non cyclical routes: 


routes of trip...
	routes that train #0 can complete at trip #0: 1
	routes that train #0 can complete at trip #1: 0       1
	routes that train #0 can complete at trip #2: 0       1
	routes that train #0 can complete at trip #3: 0       1

	routes that train #1 can complete at trip #0: 1
	routes that train #1 can complete at trip #1: 0       1
	routes that train #1 can complete at trip #2: 0       1
	routes that train #1 can complete at trip #3: 0       1

	routes that train #2 can complete at trip #0: 1
	routes that train #2 can complete at trip #1: 0       1
	routes that train #2 can complete at trip #2: 0       1
	routes that train #2 can complete at trip #3: 0       1

	routes that train #3 can complete at trip #0: 1
	routes that train #3 can complete at trip #1: 0       1
	routes that train #3 can complete at trip #2: 0       1
	routes that train #3 can complete at trip #3: 0       1

 cost...
	arc #0 [0][1]: 209
	arc #1 [0][22]: 0
	arc #2 [22][0]: 0
	arc #3 [1][2]: 195
	arc #4 [23][22]: 209
	arc #5 [2][3]: 194
	arc #6 [24][23]: 195
	arc #7 [3][4]: 202
	arc #8 [25][24]: 194
	arc #9 [4][5]: 204
	arc #10 [26][25]: 202
	arc #11 [5][6]: 182
	arc #12 [27][26]: 204
	arc #13 [6][7]: 214
	arc #14 [28][27]: 182
	arc #15 [7][8]: 187
	arc #16 [29][28]: 214
	arc #17 [8][9]: 183
	arc #18 [30][29]: 187
	arc #19 [9][10]: 215
	arc #20 [31][30]: 183
	arc #21 [10][11]: 182
	arc #22 [32][31]: 215
	arc #23 [11][12]: 212
	arc #24 [33][32]: 182
	arc #25 [12][13]: 192
	arc #26 [34][33]: 212
	arc #27 [13][14]: 210
	arc #28 [35][34]: 192
	arc #29 [14][15]: 189
	arc #30 [36][35]: 210
	arc #31 [15][16]: 176
	arc #32 [37][36]: 189
	arc #33 [16][17]: 206
	arc #34 [38][37]: 176
	arc #35 [17][18]: 212
	arc #36 [39][38]: 206
	arc #37 [18][19]: 200
	arc #38 [40][39]: 212
	arc #39 [19][20]: 179
	arc #40 [41][40]: 200
	arc #41 [20][21]: 215
	arc #42 [42][41]: 179
	arc #43 [43][42]: 215
	arc #44 [21][43]: 0
	arc #45 [43][21]: 0

cost with minimum service...
	arc #0 [0][1]: 302
	arc #1 [0][22]: 0
	arc #2 [22][0]: 0
	arc #3 [1][2]: 288
	arc #4 [23][22]: 366
	arc #5 [2][3]: 287
	arc #6 [24][23]: 288
	arc #7 [3][4]: 295
	arc #8 [25][24]: 287
	arc #9 [4][5]: 297
	arc #10 [26][25]: 295
	arc #11 [5][6]: 275
	arc #12 [27][26]: 297
	arc #13 [6][7]: 307
	arc #14 [28][27]: 275
	arc #15 [7][8]: 252
	arc #16 [29][28]: 307
	arc #17 [8][9]: 276
	arc #18 [30][29]: 280
	arc #19 [9][10]: 308
	arc #20 [31][30]: 248
	arc #21 [10][11]: 275
	arc #22 [32][31]: 308
	arc #23 [11][12]: 305
	arc #24 [33][32]: 275
	arc #25 [12][13]: 285
	arc #26 [34][33]: 305
	arc #27 [13][14]: 303
	arc #28 [35][34]: 285
	arc #29 [14][15]: 282
	arc #30 [36][35]: 303
	arc #31 [15][16]: 241
	arc #32 [37][36]: 282
	arc #33 [16][17]: 299
	arc #34 [38][37]: 269
	arc #35 [17][18]: 305
	arc #36 [39][38]: 271
	arc #37 [18][19]: 265
	arc #38 [40][39]: 305
	arc #39 [19][20]: 272
	arc #40 [41][40]: 293
	arc #41 [20][21]: 372
	arc #42 [42][41]: 244
	arc #43 [43][42]: 308
	arc #44 [21][43]: 0
	arc #45 [43][21]: 0

cost with maximum service...
	arc #0 [0][1]: 804
	arc #1 [0][22]: 595
	arc #2 [22][0]: 595
	arc #3 [1][2]: 790
	arc #4 [23][22]: 804
	arc #5 [2][3]: 789
	arc #6 [24][23]: 790
	arc #7 [3][4]: 797
	arc #8 [25][24]: 789
	arc #9 [4][5]: 799
	arc #10 [26][25]: 797
	arc #11 [5][6]: 777
	arc #12 [27][26]: 799
	arc #13 [6][7]: 809
	arc #14 [28][27]: 777
	arc #15 [7][8]: 782
	arc #16 [29][28]: 809
	arc #17 [8][9]: 778
	arc #18 [30][29]: 782
	arc #19 [9][10]: 810
	arc #20 [31][30]: 778
	arc #21 [10][11]: 777
	arc #22 [32][31]: 810
	arc #23 [11][12]: 807
	arc #24 [33][32]: 777
	arc #25 [12][13]: 787
	arc #26 [34][33]: 807
	arc #27 [13][14]: 805
	arc #28 [35][34]: 787
	arc #29 [14][15]: 784
	arc #30 [36][35]: 805
	arc #31 [15][16]: 771
	arc #32 [37][36]: 784
	arc #33 [16][17]: 801
	arc #34 [38][37]: 771
	arc #35 [17][18]: 807
	arc #36 [39][38]: 801
	arc #37 [18][19]: 795
	arc #38 [40][39]: 807
	arc #39 [19][20]: 774
	arc #40 [41][40]: 795
	arc #41 [20][21]: 810
	arc #42 [42][41]: 774
	arc #43 [43][42]: 810
	arc #44 [21][43]: 595
	arc #45 [43][21]: 595

demands...
	demands of vertex 0 at time interval: 14
	demands of vertex 1 at time interval: 14
	demands of vertex 2 at time interval: 14
	demands of vertex 3 at time interval: 14
	demands of vertex 4 at time interval: 14
	demands of vertex 5 at time interval: 14
	demands of vertex 6 at time interval: 14
	demands of vertex 7 at time interval: 14
	demands of vertex 8 at time interval: 0
	demands of vertex 9 at time interval: 14
	demands of vertex 10 at time interval: 14
	demands of vertex 11 at time interval: 14
	demands of vertex 12 at time interval: 14
	demands of vertex 13 at time interval: 14
	demands of vertex 14 at time interval: 14
	demands of vertex 15 at time interval: 14
	demands of vertex 16 at time interval: 0
	demands of vertex 17 at time interval: 14
	demands of vertex 18 at time interval: 14
	demands of vertex 19 at time interval: 0
	demands of vertex 20 at time interval: 14
	demands of vertex 21 at time interval: 0
	demands of vertex 22 at time interval: 0
	demands of vertex 23 at time interval: 14
	demands of vertex 24 at time interval: 14
	demands of vertex 25 at time interval: 14
	demands of vertex 26 at time interval: 14
	demands of vertex 27 at time interval: 14
	demands of vertex 28 at time interval: 14
	demands of vertex 29 at time interval: 14
	demands of vertex 30 at time interval: 0
	demands of vertex 31 at time interval: 14
	demands of vertex 32 at time interval: 14
	demands of vertex 33 at time interval: 14
	demands of vertex 34 at time interval: 14
	demands of vertex 35 at time interval: 14
	demands of vertex 36 at time interval: 14
	demands of vertex 37 at time interval: 14
	demands of vertex 38 at time interval: 0
	demands of vertex 39 at time interval: 14
	demands of vertex 40 at time interval: 14
	demands of vertex 41 at time interval: 0
	demands of vertex 42 at time interval: 14
	demands of vertex 43 at time interval: 14

maximum time = 62362
alpha = 71
Starting to test combinations... - Total number of combinations = 256
Found new best - 1/256
10% done - 26/256 combination(s) tested! (Thread 0)
20% done - 52/256 combination(s) tested! (Thread 0)
30% done - 78/256 combination(s) tested! (Thread 0)
40% done - 104/256 combination(s) tested! (Thread 0)
50% done - 130/256 combination(s) tested! (Thread 0)
60% done - 156/256 combination(s) tested! (Thread 0)
70% done - 182/256 combination(s) tested! (Thread 0)
80% done - 208/256 combination(s) tested! (Thread 0)
90% done - 234/256 combination(s) tested! (Thread 0)
	Cannot prove optimality!

>> Printing some results...
    -> Solution value = 47337 - 13:08:57
    -> Total time = 3631.98

=============
Train 0
=============
> Trip 0
   43(time 0 - 00:00:00)(time 215 - 00:03:35) ->    42(time 308 - 00:05:08)(time 487 - 00:08:07) ->    41(time 938 - 00:15:38)(time 1138 - 00:18:58) ->    40(time 1231 - 00:20:31)(time 1443 - 00:24:03) ->    39(time 1536 - 00:25:36)(time 1742 - 00:29:02) ->    38(time 1807 - 00:30:07)(time 1983 - 00:33:03) ->    37(time 2076 - 00:34:36)(time 2265 - 00:37:45) ->    36(time 2358 - 00:39:18)(time 2568 - 00:42:48) ->    35(time 2661 - 00:44:21)(time 2853 - 00:47:33) ->    34(time 2946 - 00:49:06)(time 3158 - 00:52:38) ->    33(time 3251 - 00:54:11)(time 3433 - 00:57:13) ->    32(time 3526 - 00:58:46)(time 3741 - 01:02:21) ->    31(time 3834 - 01:03:54)(time 4017 - 01:06:57) ->    30(time 4082 - 01:08:02)(time 4269 - 01:11:09) ->    29(time 4362 - 01:12:42)(time 4576 - 01:16:16) ->    28(time 4669 - 01:17:49)(time 4851 - 01:20:51) ->    27(time 4944 - 01:22:24)(time 5148 - 01:25:48) ->    26(time 5241 - 01:27:21)(time 5443 - 01:30:43) ->    25(time 5536 - 01:32:16)(time 5730 - 01:35:30) ->    24(time 5823 - 01:37:03)(time 6018 - 01:40:18) ->    23(time 6111 - 01:41:51)(time 6320 - 01:45:20) ->    22(time 6477 - 01:47:57)(time 6477 - 01:47:57) ->    0(time 6541 - 01:49:01)(time 6750 - 01:52:30) ->    1(time 6843 - 01:54:03)(time 7038 - 01:57:18) ->    2(time 7131 - 01:58:51)(time 7325 - 02:02:05) ->    3(time 7418 - 02:03:38)(time 7620 - 02:07:00) ->    4(time 7713 - 02:08:33)(time 7917 - 02:11:57) ->    5(time 8010 - 02:13:30)(time 8192 - 02:16:32) ->    6(time 8285 - 02:18:05)(time 8499 - 02:21:39) ->    7(time 8592 - 02:23:12)(time 8779 - 02:26:19) ->    8(time 8872 - 02:27:52)(time 9055 - 02:30:55) ->    9(time 9148 - 02:32:28)(time 9363 - 02:36:03) ->    10(time 9456 - 02:37:36)(time 9638 - 02:40:38) ->    11(time 9731 - 02:42:11)(time 9943 - 02:45:43) ->    12(time 10036 - 02:47:16)(time 10228 - 02:50:28) ->    13(time 10321 - 02:52:01)(time 10531 - 02:55:31) ->    14(time 10624 - 02:57:04)(time 10813 - 03:00:13) ->    15(time 10906 - 03:01:46)(time 11082 - 03:04:42) ->    16(time 11147 - 03:05:47)(time 11353 - 03:09:13) ->    17(time 11446 - 03:10:46)(time 11658 - 03:14:18) ->    18(time 11751 - 03:15:51)(time 11951 - 03:19:11) ->    19(time 12016 - 03:20:16)(time 12195 - 03:23:15) ->    20(time 12288 - 03:24:48)(time 12503 - 03:28:23) ->    21(time 12660 - 03:31:00)(time 12660 - 03:31:00) -> 43
> Trip 1
   43(time 14581 - 04:03:01)(time 14796 - 04:06:36) ->    42(time 14889 - 04:08:09)(time 15068 - 04:11:08) ->    41(time 15133 - 04:12:13)(time 15333 - 04:15:33) ->    40(time 15426 - 04:17:06)(time 15638 - 04:20:38) ->    39(time 15731 - 04:22:11)(time 15937 - 04:25:37) ->    38(time 16094 - 04:28:14)(time 16270 - 04:31:10) ->    37(time 16363 - 04:32:43)(time 16552 - 04:35:52) ->    36(time 16645 - 04:37:25)(time 16855 - 04:40:55) ->    35(time 16948 - 04:42:28)(time 17140 - 04:45:40) ->    34(time 17233 - 04:47:13)(time 17445 - 04:50:45) ->    33(time 17538 - 04:52:18)(time 17720 - 04:55:20) ->    32(time 17813 - 04:56:53)(time 18028 - 05:00:28) ->    31(time 18121 - 05:02:01)(time 18304 - 05:05:04) ->    30(time 18369 - 05:06:09)(time 18556 - 05:09:16) ->    29(time 18649 - 05:10:49)(time 18863 - 05:14:23) ->    28(time 18956 - 05:15:56)(time 19138 - 05:18:58) ->    27(time 19231 - 05:20:31)(time 19435 - 05:23:55) ->    26(time 19528 - 05:25:28)(time 19730 - 05:28:50) ->    25(time 19823 - 05:30:23)(time 20017 - 05:33:37) ->    24(time 20110 - 05:35:10)(time 20305 - 05:38:25) ->    23(time 20398 - 05:39:58)(time 20607 - 05:43:27) ->    22(time 20764 - 05:46:04)(time 20764 - 05:46:04) ->    0(time 20764 - 05:46:04)(time 20973 - 05:49:33) ->    1(time 21066 - 05:51:06)(time 21261 - 05:54:21) ->    2(time 21354 - 05:55:54)(time 21548 - 05:59:08) ->    3(time 21641 - 06:00:41)(time 21843 - 06:04:03) ->    4(time 21936 - 06:05:36)(time 22140 - 06:09:00) ->    5(time 22233 - 06:10:33)(time 22415 - 06:13:35) ->    6(time 22508 - 06:15:08)(time 22722 - 06:18:42) ->    7(time 22815 - 06:20:15)(time 23002 - 06:23:22) ->    8(time 23095 - 06:24:55)(time 23278 - 06:27:58) ->    9(time 23371 - 06:29:31)(time 23586 - 06:33:06) ->    10(time 23679 - 06:34:39)(time 23861 - 06:37:41) ->    11(time 23954 - 06:39:14)(time 24166 - 06:42:46) ->    12(time 24259 - 06:44:19)(time 24451 - 06:47:31) ->    13(time 25046 - 06:57:26)(time 25256 - 07:00:56) ->    14(time 25349 - 07:02:29)(time 25538 - 07:05:38) ->    15(time 25631 - 07:07:11)(time 25807 - 07:10:07) ->    16(time 26009 - 07:13:29)(time 26215 - 07:16:55) ->    17(time 26308 - 07:18:28)(time 26520 - 07:22:00) ->    18(time 26613 - 07:23:33)(time 26813 - 07:26:53) ->    19(time 26970 - 07:29:30)(time 27149 - 07:32:29) ->    20(time 27242 - 07:34:02)(time 27457 - 07:37:37) ->    21(time 27614 - 07:40:14)(time 27614 - 07:40:14) -> 43
> Trip 2
   43(time 27614 - 07:40:14)(time 27829 - 07:43:49) ->    42(time 27922 - 07:45:22)(time 28101 - 07:48:21) ->    41(time 28166 - 07:49:26)(time 28366 - 07:52:46) ->    40(time 28459 - 07:54:19)(time 28671 - 07:57:51) ->    39(time 29266 - 08:07:46)(time 29472 - 08:11:12) ->    38(time 30067 - 08:21:07)(time 30243 - 08:24:03) ->    37(time 30336 - 08:25:36)(time 30525 - 08:28:45) ->    36(time 30618 - 08:30:18)(time 30828 - 08:33:48) ->    35(time 30921 - 08:35:21)(time 31113 - 08:38:33) ->    34(time 31206 - 08:40:06)(time 31418 - 08:43:38) ->    33(time 31511 - 08:45:11)(time 31693 - 08:48:13) ->    32(time 31786 - 08:49:46)(time 32001 - 08:53:21) ->    31(time 32094 - 08:54:54)(time 32277 - 08:57:57) ->    30(time 32342 - 08:59:02)(time 32529 - 09:02:09) ->    29(time 32622 - 09:03:42)(time 32836 - 09:07:16) ->    28(time 32929 - 09:08:49)(time 33111 - 09:11:51) ->    27(time 33204 - 09:13:24)(time 33408 - 09:16:48) ->    26(time 33501 - 09:18:21)(time 33703 - 09:21:43) ->    25(time 33796 - 09:23:16)(time 33990 - 09:26:30) ->    24(time 34083 - 09:28:03)(time 34278 - 09:31:18) ->    23(time 34371 - 09:32:51)(time 34580 - 09:36:20) ->    22(time 34737 - 09:38:57)(time 34737 - 09:38:57) ->    0(time 34737 - 09:38:57)(time 34946 - 09:42:26) ->    1(time 35039 - 09:43:59)(time 35234 - 09:47:14) ->    2(time 35327 - 09:48:47)(time 35521 - 09:52:01) ->    3(time 35614 - 09:53:34)(time 35816 - 09:56:56) ->    4(time 35909 - 09:58:29)(time 36113 - 10:01:53) ->    5(time 36206 - 10:03:26)(time 36388 - 10:06:28) ->    6(time 36481 - 10:08:01)(time 36695 - 10:11:35) ->    7(time 36788 - 10:13:08)(time 36975 - 10:16:15) ->    8(time 37132 - 10:18:52)(time 37315 - 10:21:55) ->    9(time 37408 - 10:23:28)(time 37623 - 10:27:03) ->    10(time 37716 - 10:28:36)(time 37898 - 10:31:38) ->    11(time 37991 - 10:33:11)(time 38203 - 10:36:43) ->    12(time 38296 - 10:38:16)(time 38488 - 10:41:28) ->    13(time 38581 - 10:43:01)(time 38791 - 10:46:31) ->    14(time 38884 - 10:48:04)(time 39073 - 10:51:13) ->    15(time 39166 - 10:52:46)(time 39342 - 10:55:42) ->    16(time 39407 - 10:56:47)(time 39613 - 11:00:13) ->    17(time 39706 - 11:01:46)(time 39918 - 11:05:18) ->    18(time 40011 - 11:06:51)(time 40211 - 11:10:11) ->    19(time 40276 - 11:11:16)(time 40455 - 11:14:15) ->    20(time 40548 - 11:15:48)(time 40763 - 11:19:23) ->    21(time 40920 - 11:22:00)(time 40920 - 11:22:00) -> 43
> Trip 3
   43(time 41170 - 11:26:10)(time 41385 - 11:29:45) ->    42(time 41615 - 11:33:35)(time 41794 - 11:36:34) ->    41(time 42389 - 11:46:29)(time 42589 - 11:49:49) ->    40(time 43184 - 11:59:44)(time 43396 - 12:03:16) ->    39(time 43991 - 12:13:11)(time 44197 - 12:16:37) ->    38(time 44290 - 12:18:10)(time 44466 - 12:21:06) ->    37(time 44559 - 12:22:39)(time 44748 - 12:25:48) ->    36(time 44841 - 12:27:21)(time 45051 - 12:30:51) ->    35(time 45144 - 12:32:24)(time 45336 - 12:35:36) ->    34(time 45429 - 12:37:09)(time 45641 - 12:40:41) ->    33(time 45734 - 12:42:14)(time 45916 - 12:45:16) ->    32(time 46009 - 12:46:49)(time 46224 - 12:50:24) ->    31(time 46317 - 12:51:57)(time 46500 - 12:55:00) ->    30(time 46565 - 12:56:05)(time 46752 - 12:59:12) ->    29(time 46845 - 13:00:45)(time 47059 - 13:04:19) ->    28(time 47152 - 13:05:52)(time 47334 - 13:08:54) ->    27(time 47427 - 13:10:27)(time 47631 - 13:13:51) ->    26(time 47788 - 13:16:28)(time 47990 - 13:19:50) ->    25(time 48083 - 13:21:23)(time 48277 - 13:24:37) ->    24(time 48370 - 13:26:10)(time 48565 - 13:29:25) ->    23(time 48658 - 13:30:58)(time 48867 - 13:34:27) ->    22(time 49024 - 13:37:04)(time 49024 - 13:37:04) ->    0(time 49024 - 13:37:04)(time 49233 - 13:40:33) ->    1(time 49326 - 13:42:06)(time 49521 - 13:45:21) ->    2(time 49614 - 13:46:54)(time 49808 - 13:50:08) ->    3(time 49901 - 13:51:41)(time 50103 - 13:55:03) ->    4(time 50196 - 13:56:36)(time 50400 - 14:00:00) ->    5(time 50493 - 14:01:33)(time 50675 - 14:04:35) ->    6(time 50768 - 14:06:08)(time 50982 - 14:09:42) ->    7(time 51075 - 14:11:15)(time 51262 - 14:14:22) ->    8(time 51355 - 14:15:55)(time 51538 - 14:18:58) ->    9(time 51631 - 14:20:31)(time 51846 - 14:24:06) ->    10(time 51939 - 14:25:39)(time 52121 - 14:28:41) ->    11(time 52214 - 14:30:14)(time 52426 - 14:33:46) ->    12(time 52519 - 14:35:19)(time 52711 - 14:38:31) ->    13(time 52804 - 14:40:04)(time 53014 - 14:43:34) ->    14(time 53107 - 14:45:07)(time 53296 - 14:48:16) ->    15(time 53389 - 14:49:49)(time 53565 - 14:52:45) ->    16(time 53630 - 14:53:50)(time 53836 - 14:57:16) ->    17(time 54431 - 15:07:11)(time 54643 - 15:10:43) ->    18(time 54736 - 15:12:16)(time 54936 - 15:15:36) ->    19(time 55001 - 15:16:41)(time 55180 - 15:19:40) ->    20(time 55273 - 15:21:13)(time 55488 - 15:24:48) ->    21(time 55645 - 15:27:25)(time 55645 - 15:27:25) -> 43
=============
Train 1
=============
> Trip 0
   43(time 5241 - 01:27:21)(time 5456 - 01:30:56) ->    42(time 5549 - 01:32:29)(time 5728 - 01:35:28) ->    41(time 5793 - 01:36:33)(time 5993 - 01:39:53) ->    40(time 6086 - 01:41:26)(time 6298 - 01:44:58) ->    39(time 6391 - 01:46:31)(time 6597 - 01:49:57) ->    38(time 6662 - 01:51:02)(time 6838 - 01:53:58) ->    37(time 6931 - 01:55:31)(time 7120 - 01:58:40) ->    36(time 7213 - 02:00:13)(time 7423 - 02:03:43) ->    35(time 7516 - 02:05:16)(time 7708 - 02:08:28) ->    34(time 7801 - 02:10:01)(time 8013 - 02:13:33) ->    33(time 8106 - 02:15:06)(time 8288 - 02:18:08) ->    32(time 8381 - 02:19:41)(time 8596 - 02:23:16) ->    31(time 8689 - 02:24:49)(time 8872 - 02:27:52) ->    30(time 8965 - 02:29:25)(time 9152 - 02:32:32) ->    29(time 9309 - 02:35:09)(time 9523 - 02:38:43) ->    28(time 9616 - 02:40:16)(time 9798 - 02:43:18) ->    27(time 9891 - 02:44:51)(time 10095 - 02:48:15) ->    26(time 10188 - 02:49:48)(time 10390 - 02:53:10) ->    25(time 10483 - 02:54:43)(time 10677 - 02:57:57) ->    24(time 10770 - 02:59:30)(time 10965 - 03:02:45) ->    23(time 11058 - 03:04:18)(time 11267 - 03:07:47) ->    22(time 11424 - 03:10:24)(time 11424 - 03:10:24) ->    0(time 11424 - 03:10:24)(time 11633 - 03:13:53) ->    1(time 11726 - 03:15:26)(time 11921 - 03:18:41) ->    2(time 12014 - 03:20:14)(time 12208 - 03:23:28) ->    3(time 12301 - 03:25:01)(time 12503 - 03:28:23) ->    4(time 12596 - 03:29:56)(time 12800 - 03:33:20) ->    5(time 12893 - 03:34:53)(time 13075 - 03:37:55) ->    6(time 13168 - 03:39:28)(time 13382 - 03:43:02) ->    7(time 13475 - 03:44:35)(time 13662 - 03:47:42) ->    8(time 13727 - 03:48:47)(time 13910 - 03:51:50) ->    9(time 14003 - 03:53:23)(time 14218 - 03:56:58) ->    10(time 14311 - 03:58:31)(time 14493 - 04:01:33) ->    11(time 14586 - 04:03:06)(time 14798 - 04:06:38) ->    12(time 14891 - 04:08:11)(time 15083 - 04:11:23) ->    13(time 15176 - 04:12:56)(time 15386 - 04:16:26) ->    14(time 15479 - 04:17:59)(time 15668 - 04:21:08) ->    15(time 15761 - 04:22:41)(time 15937 - 04:25:37) ->    16(time 16532 - 04:35:32)(time 16738 - 04:38:58) ->    17(time 17333 - 04:48:53)(time 17545 - 04:52:25) ->    18(time 17802 - 04:56:42)(time 18002 - 05:00:02) ->    19(time 18597 - 05:09:57)(time 18776 - 05:12:56) ->    20(time 18999 - 05:16:39)(time 19214 - 05:20:14) ->    21(time 19371 - 05:22:51)(time 19371 - 05:22:51) -> 43
> Trip 1
   43(time 19371 - 05:22:51)(time 19586 - 05:26:26) ->    42(time 19679 - 05:27:59)(time 19858 - 05:30:58) ->    41(time 19923 - 05:32:03)(time 20123 - 05:35:23) ->    40(time 20216 - 05:36:56)(time 20428 - 05:40:28) ->    39(time 20521 - 05:42:01)(time 20727 - 05:45:27) ->    38(time 20792 - 05:46:32)(time 20968 - 05:49:28) ->    37(time 21061 - 05:51:01)(time 21250 - 05:54:10) ->    36(time 21343 - 05:55:43)(time 21553 - 05:59:13) ->    35(time 21646 - 06:00:46)(time 21838 - 06:03:58) ->    34(time 21931 - 06:05:31)(time 22143 - 06:09:03) ->    33(time 22236 - 06:10:36)(time 22418 - 06:13:38) ->    32(time 22511 - 06:15:11)(time 22726 - 06:18:46) ->    31(time 22819 - 06:20:19)(time 23002 - 06:23:22) ->    30(time 23159 - 06:25:59)(time 23346 - 06:29:06) ->    29(time 23439 - 06:30:39)(time 23653 - 06:34:13) ->    28(time 23746 - 06:35:46)(time 23928 - 06:38:48) ->    27(time 24021 - 06:40:21)(time 24225 - 06:43:45) ->    26(time 24318 - 06:45:18)(time 24520 - 06:48:40) ->    25(time 24613 - 06:50:13)(time 24807 - 06:53:27) ->    24(time 24900 - 06:55:00)(time 25095 - 06:58:15) ->    23(time 25188 - 06:59:48)(time 25397 - 07:03:17) ->    22(time 25554 - 07:05:54)(time 25554 - 07:05:54) ->    0(time 25554 - 07:05:54)(time 25763 - 07:09:23) ->    1(time 25856 - 07:10:56)(time 26051 - 07:14:11) ->    2(time 26144 - 07:15:44)(time 26338 - 07:18:58) ->    3(time 26431 - 07:20:31)(time 26633 - 07:23:53) ->    4(time 26726 - 07:25:26)(time 26930 - 07:28:50) ->    5(time 27023 - 07:30:23)(time 27205 - 07:33:25) ->    6(time 27298 - 07:34:58)(time 27512 - 07:38:32) ->    7(time 27605 - 07:40:05)(time 27792 - 07:43:12) ->    8(time 27857 - 07:44:17)(time 28040 - 07:47:20) ->    9(time 28133 - 07:48:53)(time 28348 - 07:52:28) ->    10(time 28441 - 07:54:01)(time 28623 - 07:57:03) ->    11(time 28716 - 07:58:36)(time 28928 - 08:02:08) ->    12(time 29021 - 08:03:41)(time 29213 - 08:06:53) ->    13(time 29306 - 08:08:26)(time 29516 - 08:11:56) ->    14(time 29609 - 08:13:29)(time 29798 - 08:16:38) ->    15(time 29891 - 08:18:11)(time 30067 - 08:21:07) ->    16(time 30662 - 08:31:02)(time 30868 - 08:34:28) ->    17(time 31463 - 08:44:23)(time 31675 - 08:47:55) ->    18(time 32270 - 08:57:50)(time 32470 - 09:01:10) ->    19(time 32535 - 09:02:15)(time 32714 - 09:05:14) ->    20(time 32807 - 09:06:47)(time 33022 - 09:10:22) ->    21(time 33179 - 09:12:59)(time 33179 - 09:12:59) -> 43
> Trip 2
   43(time 33179 - 09:12:59)(time 33394 - 09:16:34) ->    42(time 33487 - 09:18:07)(time 33666 - 09:21:06) ->    41(time 33731 - 09:22:11)(time 33931 - 09:25:31) ->    40(time 34024 - 09:27:04)(time 34236 - 09:30:36) ->    39(time 34329 - 09:32:09)(time 34535 - 09:35:35) ->    38(time 34600 - 09:36:40)(time 34776 - 09:39:36) ->    37(time 34869 - 09:41:09)(time 35058 - 09:44:18) ->    36(time 35151 - 09:45:51)(time 35361 - 09:49:21) ->    35(time 35454 - 09:50:54)(time 35646 - 09:54:06) ->    34(time 35739 - 09:55:39)(time 35951 - 09:59:11) ->    33(time 36044 - 10:00:44)(time 36226 - 10:03:46) ->    32(time 36319 - 10:05:19)(time 36534 - 10:08:54) ->    31(time 36627 - 10:10:27)(time 36810 - 10:13:30) ->    30(time 37132 - 10:18:52)(time 37319 - 10:21:59) ->    29(time 37412 - 10:23:32)(time 37626 - 10:27:06) ->    28(time 37719 - 10:28:39)(time 37901 - 10:31:41) ->    27(time 37994 - 10:33:14)(time 38198 - 10:36:38) ->    26(time 38291 - 10:38:11)(time 38493 - 10:41:33) ->    25(time 38586 - 10:43:06)(time 38780 - 10:46:20) ->    24(time 38873 - 10:47:53)(time 39068 - 10:51:08) ->    23(time 39161 - 10:52:41)(time 39370 - 10:56:10) ->    22(time 39527 - 10:58:47)(time 39527 - 10:58:47) ->    0(time 39591 - 10:59:51)(time 39800 - 11:03:20) ->    1(time 39893 - 11:04:53)(time 40088 - 11:08:08) ->    2(time 40181 - 11:09:41)(time 40375 - 11:12:55) ->    3(time 40468 - 11:14:28)(time 40670 - 11:17:50) ->    4(time 40763 - 11:19:23)(time 40967 - 11:22:47) ->    5(time 41060 - 11:24:20)(time 41242 - 11:27:22) ->    6(time 41335 - 11:28:55)(time 41549 - 11:32:29) ->    7(time 41642 - 11:34:02)(time 41829 - 11:37:09) ->    8(time 41894 - 11:38:14)(time 42077 - 11:41:17) ->    9(time 42170 - 11:42:50)(time 42385 - 11:46:25) ->    10(time 42478 - 11:47:58)(time 42660 - 11:51:00) ->    11(time 42753 - 11:52:33)(time 42965 - 11:56:05) ->    12(time 43058 - 11:57:38)(time 43250 - 12:00:50) ->    13(time 43343 - 12:02:23)(time 43553 - 12:05:53) ->    14(time 43646 - 12:07:26)(time 43835 - 12:10:35) ->    15(time 43928 - 12:12:08)(time 44104 - 12:15:04) ->    16(time 44197 - 12:16:37)(time 44403 - 12:20:03) ->    17(time 44496 - 12:21:36)(time 44708 - 12:25:08) ->    18(time 44801 - 12:26:41)(time 45001 - 12:30:01) ->    19(time 45596 - 12:39:56)(time 45775 - 12:42:55) ->    20(time 46370 - 12:52:50)(time 46585 - 12:56:25) ->    21(time 47180 - 13:06:20)(time 47180 - 13:06:20) -> 43
> Trip 3
   43(time 47180 - 13:06:20)(time 47395 - 13:09:55) ->    42(time 47488 - 13:11:28)(time 47667 - 13:14:27) ->    41(time 47732 - 13:15:32)(time 47932 - 13:18:52) ->    40(time 48025 - 13:20:25)(time 48237 - 13:23:57) ->    39(time 48330 - 13:25:30)(time 48536 - 13:28:56) ->    38(time 48601 - 13:30:01)(time 48777 - 13:32:57) ->    37(time 48870 - 13:34:30)(time 49059 - 13:37:39) ->    36(time 49152 - 13:39:12)(time 49362 - 13:42:42) ->    35(time 49455 - 13:44:15)(time 49647 - 13:47:27) ->    34(time 49740 - 13:49:00)(time 49952 - 13:52:32) ->    33(time 50045 - 13:54:05)(time 50227 - 13:57:07) ->    32(time 50678 - 14:04:38)(time 50893 - 14:08:13) ->    31(time 50986 - 14:09:46)(time 51169 - 14:12:49) ->    30(time 51262 - 14:14:22)(time 51449 - 14:17:29) ->    29(time 51542 - 14:19:02)(time 51756 - 14:22:36) ->    28(time 51849 - 14:24:09)(time 52031 - 14:27:11) ->    27(time 52124 - 14:28:44)(time 52328 - 14:32:08) ->    26(time 52421 - 14:33:41)(time 52623 - 14:37:03) ->    25(time 52716 - 14:38:36)(time 52910 - 14:41:50) ->    24(time 53003 - 14:43:23)(time 53198 - 14:46:38) ->    23(time 53291 - 14:48:11)(time 53500 - 14:51:40) ->    22(time 53657 - 14:54:17)(time 53657 - 14:54:17) ->    0(time 53657 - 14:54:17)(time 53866 - 14:57:46) ->    1(time 53959 - 14:59:19)(time 54154 - 15:02:34) ->    2(time 54247 - 15:04:07)(time 54441 - 15:07:21) ->    3(time 54534 - 15:08:54)(time 54736 - 15:12:16) ->    4(time 54829 - 15:13:49)(time 55033 - 15:17:13) ->    5(time 55126 - 15:18:46)(time 55308 - 15:21:48) ->    6(time 55401 - 15:23:21)(time 55615 - 15:26:55) ->    7(time 55708 - 15:28:28)(time 55895 - 15:31:35) ->    8(time 55960 - 15:32:40)(time 56143 - 15:35:43) ->    9(time 56236 - 15:37:16)(time 56451 - 15:40:51) ->    10(time 56544 - 15:42:24)(time 56726 - 15:45:26) ->    11(time 56819 - 15:46:59)(time 57031 - 15:50:31) ->    12(time 57124 - 15:52:04)(time 57316 - 15:55:16) ->    13(time 57409 - 15:56:49)(time 57619 - 16:00:19) ->    14(time 57712 - 16:01:52)(time 57901 - 16:05:01) ->    15(time 57994 - 16:06:34)(time 58170 - 16:09:30) ->    16(time 58235 - 16:10:35)(time 58441 - 16:14:01) ->    17(time 58534 - 16:15:34)(time 58746 - 16:19:06) ->    18(time 58839 - 16:20:39)(time 59039 - 16:23:59) ->    19(time 59104 - 16:25:04)(time 59283 - 16:28:03) ->    20(time 59376 - 16:29:36)(time 59591 - 16:33:11) ->    21(time 59748 - 16:35:48)(time 59748 - 16:35:48) -> 43
=============
Train 2
=============
> Trip 0
   43(time 543 - 00:09:03)(time 758 - 00:12:38) ->    42(time 851 - 00:14:11)(time 1030 - 00:17:10) ->    41(time 1095 - 00:18:15)(time 1295 - 00:21:35) ->    40(time 1388 - 00:23:08)(time 1600 - 00:26:40) ->    39(time 1693 - 00:28:13)(time 1899 - 00:31:39) ->    38(time 1964 - 00:32:44)(time 2140 - 00:35:40) ->    37(time 2233 - 00:37:13)(time 2422 - 00:40:22) ->    36(time 2515 - 00:41:55)(time 2725 - 00:45:25) ->    35(time 2818 - 00:46:58)(time 3010 - 00:50:10) ->    34(time 3103 - 00:51:43)(time 3315 - 00:55:15) ->    33(time 3408 - 00:56:48)(time 3590 - 00:59:50) ->    32(time 3683 - 01:01:23)(time 3898 - 01:04:58) ->    31(time 3991 - 01:06:31)(time 4174 - 01:09:34) ->    30(time 4239 - 01:10:39)(time 4426 - 01:13:46) ->    29(time 4519 - 01:15:19)(time 4733 - 01:18:53) ->    28(time 4826 - 01:20:26)(time 5008 - 01:23:28) ->    27(time 5101 - 01:25:01)(time 5305 - 01:28:25) ->    26(time 5398 - 01:29:58)(time 5600 - 01:33:20) ->    25(time 5693 - 01:34:53)(time 5887 - 01:38:07) ->    24(time 5980 - 01:39:40)(time 6175 - 01:42:55) ->    23(time 6268 - 01:44:28)(time 6477 - 01:47:57) ->    22(time 6634 - 01:50:34)(time 6634 - 01:50:34) ->    0(time 6634 - 01:50:34)(time 6843 - 01:54:03) ->    1(time 6936 - 01:55:36)(time 7131 - 01:58:51) ->    2(time 7224 - 02:00:24)(time 7418 - 02:03:38) ->    3(time 7511 - 02:05:11)(time 7713 - 02:08:33) ->    4(time 7806 - 02:10:06)(time 8010 - 02:13:30) ->    5(time 8103 - 02:15:03)(time 8285 - 02:18:05) ->    6(time 8378 - 02:19:38)(time 8592 - 02:23:12) ->    7(time 8685 - 02:24:45)(time 8872 - 02:27:52) ->    8(time 9467 - 02:37:47)(time 9650 - 02:40:50) ->    9(time 9743 - 02:42:23)(time 9958 - 02:45:58) ->    10(time 10051 - 02:47:31)(time 10233 - 02:50:33) ->    11(time 10326 - 02:52:06)(time 10538 - 02:55:38) ->    12(time 10631 - 02:57:11)(time 10823 - 03:00:23) ->    13(time 10916 - 03:01:56)(time 11126 - 03:05:26) ->    14(time 11219 - 03:06:59)(time 11408 - 03:10:08) ->    15(time 11501 - 03:11:41)(time 11677 - 03:14:37) ->    16(time 11742 - 03:15:42)(time 11948 - 03:19:08) ->    17(time 12041 - 03:20:41)(time 12253 - 03:24:13) ->    18(time 12346 - 03:25:46)(time 12546 - 03:29:06) ->    19(time 12611 - 03:30:11)(time 12790 - 03:33:10) ->    20(time 12883 - 03:34:43)(time 13098 - 03:38:18) ->    21(time 13255 - 03:40:55)(time 13255 - 03:40:55) -> 43
> Trip 1
   43(time 13255 - 03:40:55)(time 13470 - 03:44:30) ->    42(time 13563 - 03:46:03)(time 13742 - 03:49:02) ->    41(time 13807 - 03:50:07)(time 14007 - 03:53:27) ->    40(time 14329 - 03:58:49)(time 14541 - 04:02:21) ->    39(time 15136 - 04:12:16)(time 15342 - 04:15:42) ->    38(time 15937 - 04:25:37)(time 16113 - 04:28:33) ->    37(time 16206 - 04:30:06)(time 16395 - 04:33:15) ->    36(time 16488 - 04:34:48)(time 16698 - 04:38:18) ->    35(time 16791 - 04:39:51)(time 16983 - 04:43:03) ->    34(time 17076 - 04:44:36)(time 17288 - 04:48:08) ->    33(time 17381 - 04:49:41)(time 17563 - 04:52:43) ->    32(time 17656 - 04:54:16)(time 17871 - 04:57:51) ->    31(time 17964 - 04:59:24)(time 18147 - 05:02:27) ->    30(time 18212 - 05:03:32)(time 18399 - 05:06:39) ->    29(time 18492 - 05:08:12)(time 18706 - 05:11:46) ->    28(time 18799 - 05:13:19)(time 18981 - 05:16:21) ->    27(time 19074 - 05:17:54)(time 19278 - 05:21:18) ->    26(time 19371 - 05:22:51)(time 19573 - 05:26:13) ->    25(time 19666 - 05:27:46)(time 19860 - 05:31:00) ->    24(time 19953 - 05:32:33)(time 20148 - 05:35:48) ->    23(time 20241 - 05:37:21)(time 20450 - 05:40:50) ->    22(time 20607 - 05:43:27)(time 20607 - 05:43:27) ->    0(time 20607 - 05:43:27)(time 20816 - 05:46:56) ->    1(time 20909 - 05:48:29)(time 21104 - 05:51:44) ->    2(time 21197 - 05:53:17)(time 21391 - 05:56:31) ->    3(time 21484 - 05:58:04)(time 21686 - 06:01:26) ->    4(time 21779 - 06:02:59)(time 21983 - 06:06:23) ->    5(time 22076 - 06:07:56)(time 22258 - 06:10:58) ->    6(time 22351 - 06:12:31)(time 22565 - 06:16:05) ->    7(time 22658 - 06:17:38)(time 22845 - 06:20:45) ->    8(time 23002 - 06:23:22)(time 23185 - 06:26:25) ->    9(time 23278 - 06:27:58)(time 23493 - 06:31:33) ->    10(time 23586 - 06:33:06)(time 23768 - 06:36:08) ->    11(time 23861 - 06:37:41)(time 24073 - 06:41:13) ->    12(time 24166 - 06:42:46)(time 24358 - 06:45:58) ->    13(time 24451 - 06:47:31)(time 24661 - 06:51:01) ->    14(time 24754 - 06:52:34)(time 24943 - 06:55:43) ->    15(time 25538 - 07:05:38)(time 25714 - 07:08:34) ->    16(time 25807 - 07:10:07)(time 26013 - 07:13:33) ->    17(time 26106 - 07:15:06)(time 26318 - 07:18:38) ->    18(time 26411 - 07:20:11)(time 26611 - 07:23:31) ->    19(time 26813 - 07:26:53)(time 26992 - 07:29:52) ->    20(time 27085 - 07:31:25)(time 27300 - 07:35:00) ->    21(time 27457 - 07:37:37)(time 27457 - 07:37:37) -> 43
> Trip 2
   43(time 28209 - 07:50:09)(time 28424 - 07:53:44) ->    42(time 28517 - 07:55:17)(time 28696 - 07:58:16) ->    41(time 28761 - 07:59:21)(time 28961 - 08:02:41) ->    40(time 29054 - 08:04:14)(time 29266 - 08:07:46) ->    39(time 29861 - 08:17:41)(time 30067 - 08:21:07) ->    38(time 30224 - 08:23:44)(time 30400 - 08:26:40) ->    37(time 30493 - 08:28:13)(time 30682 - 08:31:22) ->    36(time 30775 - 08:32:55)(time 30985 - 08:36:25) ->    35(time 31078 - 08:37:58)(time 31270 - 08:41:10) ->    34(time 31363 - 08:42:43)(time 31575 - 08:46:15) ->    33(time 31668 - 08:47:48)(time 31850 - 08:50:50) ->    32(time 31943 - 08:52:23)(time 32158 - 08:55:58) ->    31(time 32251 - 08:57:31)(time 32434 - 09:00:34) ->    30(time 32499 - 09:01:39)(time 32686 - 09:04:46) ->    29(time 32779 - 09:06:19)(time 32993 - 09:09:53) ->    28(time 33086 - 09:11:26)(time 33268 - 09:14:28) ->    27(time 33361 - 09:16:01)(time 33565 - 09:19:25) ->    26(time 33658 - 09:20:58)(time 33860 - 09:24:20) ->    25(time 33953 - 09:25:53)(time 34147 - 09:29:07) ->    24(time 34240 - 09:30:40)(time 34435 - 09:33:55) ->    23(time 34528 - 09:35:28)(time 34737 - 09:38:57) ->    22(time 34894 - 09:41:34)(time 34894 - 09:41:34) ->    0(time 34894 - 09:41:34)(time 35103 - 09:45:03) ->    1(time 35196 - 09:46:36)(time 35391 - 09:49:51) ->    2(time 35484 - 09:51:24)(time 35678 - 09:54:38) ->    3(time 35771 - 09:56:11)(time 35973 - 09:59:33) ->    4(time 36066 - 10:01:06)(time 36270 - 10:04:30) ->    5(time 36363 - 10:06:03)(time 36545 - 10:09:05) ->    6(time 36638 - 10:10:38)(time 36852 - 10:14:12) ->    7(time 36945 - 10:15:45)(time 37132 - 10:18:52) ->    8(time 37289 - 10:21:29)(time 37472 - 10:24:32) ->    9(time 37565 - 10:26:05)(time 37780 - 10:29:40) ->    10(time 37873 - 10:31:13)(time 38055 - 10:34:15) ->    11(time 38148 - 10:35:48)(time 38360 - 10:39:20) ->    12(time 38453 - 10:40:53)(time 38645 - 10:44:05) ->    13(time 38738 - 10:45:38)(time 38948 - 10:49:08) ->    14(time 39041 - 10:50:41)(time 39230 - 10:53:50) ->    15(time 39323 - 10:55:23)(time 39499 - 10:58:19) ->    16(time 39564 - 10:59:24)(time 39770 - 11:02:50) ->    17(time 39863 - 11:04:23)(time 40075 - 11:07:55) ->    18(time 40168 - 11:09:28)(time 40368 - 11:12:48) ->    19(time 40433 - 11:13:53)(time 40612 - 11:16:52) ->    20(time 40705 - 11:18:25)(time 40920 - 11:22:00) ->    21(time 41077 - 11:24:37)(time 41077 - 11:24:37) -> 43
> Trip 3
   43(time 41077 - 11:24:37)(time 41292 - 11:28:12) ->    42(time 41385 - 11:29:45)(time 41564 - 11:32:44) ->    41(time 41794 - 11:36:34)(time 41994 - 11:39:54) ->    40(time 42589 - 11:49:49)(time 42801 - 11:53:21) ->    39(time 43396 - 12:03:16)(time 43602 - 12:06:42) ->    38(time 44197 - 12:16:37)(time 44373 - 12:19:33) ->    37(time 44466 - 12:21:06)(time 44655 - 12:24:15) ->    36(time 44748 - 12:25:48)(time 44958 - 12:29:18) ->    35(time 45051 - 12:30:51)(time 45243 - 12:34:03) ->    34(time 45336 - 12:35:36)(time 45548 - 12:39:08) ->    33(time 45641 - 12:40:41)(time 45823 - 12:43:43) ->    32(time 45916 - 12:45:16)(time 46131 - 12:48:51) ->    31(time 46224 - 12:50:24)(time 46407 - 12:53:27) ->    30(time 46472 - 12:54:32)(time 46659 - 12:57:39) ->    29(time 46752 - 12:59:12)(time 46966 - 13:02:46) ->    28(time 47059 - 13:04:19)(time 47241 - 13:07:21) ->    27(time 47334 - 13:08:54)(time 47538 - 13:12:18) ->    26(time 47631 - 13:13:51)(time 47833 - 13:17:13) ->    25(time 47926 - 13:18:46)(time 48120 - 13:22:00) ->    24(time 48213 - 13:23:33)(time 48408 - 13:26:48) ->    23(time 48501 - 13:28:21)(time 48710 - 13:31:50) ->    22(time 48867 - 13:34:27)(time 48867 - 13:34:27) ->    0(time 48867 - 13:34:27)(time 49076 - 13:37:56) ->    1(time 49169 - 13:39:29)(time 49364 - 13:42:44) ->    2(time 49457 - 13:44:17)(time 49651 - 13:47:31) ->    3(time 49744 - 13:49:04)(time 49946 - 13:52:26) ->    4(time 50039 - 13:53:59)(time 50243 - 13:57:23) ->    5(time 50336 - 13:58:56)(time 50518 - 14:01:58) ->    6(time 50611 - 14:03:31)(time 50825 - 14:07:05) ->    7(time 50918 - 14:08:38)(time 51105 - 14:11:45) ->    8(time 51262 - 14:14:22)(time 51445 - 14:17:25) ->    9(time 51538 - 14:18:58)(time 51753 - 14:22:33) ->    10(time 51846 - 14:24:06)(time 52028 - 14:27:08) ->    11(time 52121 - 14:28:41)(time 52333 - 14:32:13) ->    12(time 52426 - 14:33:46)(time 52618 - 14:36:58) ->    13(time 52711 - 14:38:31)(time 52921 - 14:42:01) ->    14(time 53014 - 14:43:34)(time 53203 - 14:46:43) ->    15(time 53296 - 14:48:16)(time 53472 - 14:51:12) ->    16(time 53537 - 14:52:17)(time 53743 - 14:55:43) ->    17(time 53836 - 14:57:16)(time 54048 - 15:00:48) ->    18(time 54141 - 15:02:21)(time 54341 - 15:05:41) ->    19(time 54406 - 15:06:46)(time 54585 - 15:09:45) ->    20(time 54678 - 15:11:18)(time 54893 - 15:14:53) ->    21(time 55050 - 15:17:30)(time 55050 - 15:17:30) -> 43
=============
Train 3
=============
> Trip 0
   43(time 5148 - 01:25:48)(time 5363 - 01:29:23) ->    42(time 5456 - 01:30:56)(time 5635 - 01:33:55) ->    41(time 5700 - 01:35:00)(time 5900 - 01:38:20) ->    40(time 5993 - 01:39:53)(time 6205 - 01:43:25) ->    39(time 6298 - 01:44:58)(time 6504 - 01:48:24) ->    38(time 6569 - 01:49:29)(time 6745 - 01:52:25) ->    37(time 6838 - 01:53:58)(time 7027 - 01:57:07) ->    36(time 7120 - 01:58:40)(time 7330 - 02:02:10) ->    35(time 7423 - 02:03:43)(time 7615 - 02:06:55) ->    34(time 7708 - 02:08:28)(time 7920 - 02:12:00) ->    33(time 8013 - 02:13:33)(time 8195 - 02:16:35) ->    32(time 8288 - 02:18:08)(time 8503 - 02:21:43) ->    31(time 8596 - 02:23:16)(time 8779 - 02:26:19) ->    30(time 8872 - 02:27:52)(time 9059 - 02:30:59) ->    29(time 9152 - 02:32:32)(time 9366 - 02:36:06) ->    28(time 9459 - 02:37:39)(time 9641 - 02:40:41) ->    27(time 9734 - 02:42:14)(time 9938 - 02:45:38) ->    26(time 10031 - 02:47:11)(time 10233 - 02:50:33) ->    25(time 10326 - 02:52:06)(time 10520 - 02:55:20) ->    24(time 10613 - 02:56:53)(time 10808 - 03:00:08) ->    23(time 10901 - 03:01:41)(time 11110 - 03:05:10) ->    22(time 11267 - 03:07:47)(time 11267 - 03:07:47) ->    0(time 11267 - 03:07:47)(time 11476 - 03:11:16) ->    1(time 11569 - 03:12:49)(time 11764 - 03:16:04) ->    2(time 11857 - 03:17:37)(time 12051 - 03:20:51) ->    3(time 12144 - 03:22:24)(time 12346 - 03:25:46) ->    4(time 12439 - 03:27:19)(time 12643 - 03:30:43) ->    5(time 12736 - 03:32:16)(time 12918 - 03:35:18) ->    6(time 13011 - 03:36:51)(time 13225 - 03:40:25) ->    7(time 13318 - 03:41:58)(time 13505 - 03:45:05) ->    8(time 13570 - 03:46:10)(time 13753 - 03:49:13) ->    9(time 13846 - 03:50:46)(time 14061 - 03:54:21) ->    10(time 14154 - 03:55:54)(time 14336 - 03:58:56) ->    11(time 14429 - 04:00:29)(time 14641 - 04:04:01) ->    12(time 14734 - 04:05:34)(time 14926 - 04:08:46) ->    13(time 15019 - 04:10:19)(time 15229 - 04:13:49) ->    14(time 15322 - 04:15:22)(time 15511 - 04:18:31) ->    15(time 15668 - 04:21:08)(time 15844 - 04:24:04) ->    16(time 15937 - 04:25:37)(time 16143 - 04:29:03) ->    17(time 16236 - 04:30:36)(time 16448 - 04:34:08) ->    18(time 16541 - 04:35:41)(time 16741 - 04:39:01) ->    19(time 16806 - 04:40:06)(time 16985 - 04:43:05) ->    20(time 17078 - 04:44:38)(time 17293 - 04:48:13) ->    21(time 17450 - 04:50:50)(time 17450 - 04:50:50) -> 43
> Trip 1
   43(time 17450 - 04:50:50)(time 17665 - 04:54:25) ->    42(time 17758 - 04:55:58)(time 17937 - 04:58:57) ->    41(time 18002 - 05:00:02)(time 18202 - 05:03:22) ->    40(time 18295 - 05:04:55)(time 18507 - 05:08:27) ->    39(time 18600 - 05:10:00)(time 18806 - 05:13:26) ->    38(time 18871 - 05:14:31)(time 19047 - 05:17:27) ->    37(time 19140 - 05:19:00)(time 19329 - 05:22:09) ->    36(time 19422 - 05:23:42)(time 19632 - 05:27:12) ->    35(time 19725 - 05:28:45)(time 19917 - 05:31:57) ->    34(time 20010 - 05:33:30)(time 20222 - 05:37:02) ->    33(time 20637 - 05:43:57)(time 20819 - 05:46:59) ->    32(time 21414 - 05:56:54)(time 21629 - 06:00:29) ->    31(time 22224 - 06:10:24)(time 22407 - 06:13:27) ->    30(time 23002 - 06:23:22)(time 23189 - 06:26:29) ->    29(time 23282 - 06:28:02)(time 23496 - 06:31:36) ->    28(time 23589 - 06:33:09)(time 23771 - 06:36:11) ->    27(time 23864 - 06:37:44)(time 24068 - 06:41:08) ->    26(time 24161 - 06:42:41)(time 24363 - 06:46:03) ->    25(time 24456 - 06:47:36)(time 24650 - 06:50:50) ->    24(time 24743 - 06:52:23)(time 24938 - 06:55:38) ->    23(time 25031 - 06:57:11)(time 25240 - 07:00:40) ->    22(time 25397 - 07:03:17)(time 25397 - 07:03:17) ->    0(time 25461 - 07:04:21)(time 25670 - 07:07:50) ->    1(time 25763 - 07:09:23)(time 25958 - 07:12:38) ->    2(time 26051 - 07:14:11)(time 26245 - 07:17:25) ->    3(time 26338 - 07:18:58)(time 26540 - 07:22:20) ->    4(time 26633 - 07:23:53)(time 26837 - 07:27:17) ->    5(time 26930 - 07:28:50)(time 27112 - 07:31:52) ->    6(time 27205 - 07:33:25)(time 27419 - 07:36:59) ->    7(time 27512 - 07:38:32)(time 27699 - 07:41:39) ->    8(time 27764 - 07:42:44)(time 27947 - 07:45:47) ->    9(time 28040 - 07:47:20)(time 28255 - 07:50:55) ->    10(time 28348 - 07:52:28)(time 28530 - 07:55:30) ->    11(time 28623 - 07:57:03)(time 28835 - 08:00:35) ->    12(time 28928 - 08:02:08)(time 29120 - 08:05:20) ->    13(time 29213 - 08:06:53)(time 29423 - 08:10:23) ->    14(time 29516 - 08:11:56)(time 29705 - 08:15:05) ->    15(time 29798 - 08:16:38)(time 29974 - 08:19:34) ->    16(time 30067 - 08:21:07)(time 30273 - 08:24:33) ->    17(time 30366 - 08:26:06)(time 30578 - 08:29:38) ->    18(time 30671 - 08:31:11)(time 30871 - 08:34:31) ->    19(time 30936 - 08:35:36)(time 31115 - 08:38:35) ->    20(time 31208 - 08:40:08)(time 31423 - 08:43:43) ->    21(time 31580 - 08:46:20)(time 31580 - 08:46:20) -> 43
> Trip 2
   43(time 33272 - 09:14:32)(time 33487 - 09:18:07) ->    42(time 33809 - 09:23:29)(time 33988 - 09:26:28) ->    41(time 34053 - 09:27:33)(time 34253 - 09:30:53) ->    40(time 34346 - 09:32:26)(time 34558 - 09:35:58) ->    39(time 34651 - 09:37:31)(time 34857 - 09:40:57) ->    38(time 34922 - 09:42:02)(time 35098 - 09:44:58) ->    37(time 35191 - 09:46:31)(time 35380 - 09:49:40) ->    36(time 35473 - 09:51:13)(time 35683 - 09:54:43) ->    35(time 35776 - 09:56:16)(time 35968 - 09:59:28) ->    34(time 36061 - 10:01:01)(time 36273 - 10:04:33) ->    33(time 36366 - 10:06:06)(time 36548 - 10:09:08) ->    32(time 36641 - 10:10:41)(time 36856 - 10:14:16) ->    31(time 36949 - 10:15:49)(time 37132 - 10:18:52) ->    30(time 37289 - 10:21:29)(time 37476 - 10:24:36) ->    29(time 37569 - 10:26:09)(time 37783 - 10:29:43) ->    28(time 37876 - 10:31:16)(time 38058 - 10:34:18) ->    27(time 38151 - 10:35:51)(time 38355 - 10:39:15) ->    26(time 38448 - 10:40:48)(time 38650 - 10:44:10) ->    25(time 38743 - 10:45:43)(time 38937 - 10:48:57) ->    24(time 39030 - 10:50:30)(time 39225 - 10:53:45) ->    23(time 39318 - 10:55:18)(time 39527 - 10:58:47) ->    22(time 39684 - 11:01:24)(time 39684 - 11:01:24) ->    0(time 39684 - 11:01:24)(time 39893 - 11:04:53) ->    1(time 39986 - 11:06:26)(time 40181 - 11:09:41) ->    2(time 40274 - 11:11:14)(time 40468 - 11:14:28) ->    3(time 40561 - 11:16:01)(time 40763 - 11:19:23) ->    4(time 40856 - 11:20:56)(time 41060 - 11:24:20) ->    5(time 41153 - 11:25:53)(time 41335 - 11:28:55) ->    6(time 41428 - 11:30:28)(time 41642 - 11:34:02) ->    7(time 41735 - 11:35:35)(time 41922 - 11:38:42) ->    8(time 41987 - 11:39:47)(time 42170 - 11:42:50) ->    9(time 42263 - 11:44:23)(time 42478 - 11:47:58) ->    10(time 42571 - 11:49:31)(time 42753 - 11:52:33) ->    11(time 42846 - 11:54:06)(time 43058 - 11:57:38) ->    12(time 43151 - 11:59:11)(time 43343 - 12:02:23) ->    13(time 43436 - 12:03:56)(time 43646 - 12:07:26) ->    14(time 43739 - 12:08:59)(time 43928 - 12:12:08) ->    15(time 44021 - 12:13:41)(time 44197 - 12:16:37) ->    16(time 44290 - 12:18:10)(time 44496 - 12:21:36) ->    17(time 44589 - 12:23:09)(time 44801 - 12:26:41) ->    18(time 45396 - 12:36:36)(time 45596 - 12:39:56) ->    19(time 46191 - 12:49:51)(time 46370 - 12:52:50) ->    20(time 46965 - 13:02:45)(time 47180 - 13:06:20) ->    21(time 47337 - 13:08:57)(time 47337 - 13:08:57) -> 43
> Trip 3
   43(time 47337 - 13:08:57)(time 47552 - 13:12:32) ->    42(time 47645 - 13:14:05)(time 47824 - 13:17:04) ->    41(time 47889 - 13:18:09)(time 48089 - 13:21:29) ->    40(time 48182 - 13:23:02)(time 48394 - 13:26:34) ->    39(time 48487 - 13:28:07)(time 48693 - 13:31:33) ->    38(time 48758 - 13:32:38)(time 48934 - 13:35:34) ->    37(time 49027 - 13:37:07)(time 49216 - 13:40:16) ->    36(time 49309 - 13:41:49)(time 49519 - 13:45:19) ->    35(time 49906 - 13:51:46)(time 50098 - 13:54:58) ->    34(time 50191 - 13:56:31)(time 50403 - 14:00:03) ->    33(time 50496 - 14:01:36)(time 50678 - 14:04:38) ->    32(time 50771 - 14:06:11)(time 50986 - 14:09:46) ->    31(time 51079 - 14:11:19)(time 51262 - 14:14:22) ->    30(time 51355 - 14:15:55)(time 51542 - 14:19:02) ->    29(time 51635 - 14:20:35)(time 51849 - 14:24:09) ->    28(time 52006 - 14:26:46)(time 52188 - 14:29:48) ->    27(time 52281 - 14:31:21)(time 52485 - 14:34:45) ->    26(time 52578 - 14:36:18)(time 52780 - 14:39:40) ->    25(time 52873 - 14:41:13)(time 53067 - 14:44:27) ->    24(time 53160 - 14:46:00)(time 53355 - 14:49:15) ->    23(time 53448 - 14:50:48)(time 53657 - 14:54:17) ->    22(time 53814 - 14:56:54)(time 53814 - 14:56:54) ->    0(time 53814 - 14:56:54)(time 54023 - 15:00:23) ->    1(time 54116 - 15:01:56)(time 54311 - 15:05:11) ->    2(time 54404 - 15:06:44)(time 54598 - 15:09:58) ->    3(time 54691 - 15:11:31)(time 54893 - 15:14:53) ->    4(time 54986 - 15:16:26)(time 55190 - 15:19:50) ->    5(time 55283 - 15:21:23)(time 55465 - 15:24:25) ->    6(time 55558 - 15:25:58)(time 55772 - 15:29:32) ->    7(time 55865 - 15:31:05)(time 56052 - 15:34:12) ->    8(time 56117 - 15:35:17)(time 56300 - 15:38:20) ->    9(time 56393 - 15:39:53)(time 56608 - 15:43:28) ->    10(time 56701 - 15:45:01)(time 56883 - 15:48:03) ->    11(time 56976 - 15:49:36)(time 57188 - 15:53:08) ->    12(time 57281 - 15:54:41)(time 57473 - 15:57:53) ->    13(time 57566 - 15:59:26)(time 57776 - 16:02:56) ->    14(time 57869 - 16:04:29)(time 58058 - 16:07:38) ->    15(time 58151 - 16:09:11)(time 58327 - 16:12:07) ->    16(time 58392 - 16:13:12)(time 58598 - 16:16:38) ->    17(time 58691 - 16:18:11)(time 58903 - 16:21:43) ->    18(time 58996 - 16:23:16)(time 59196 - 16:26:36) ->    19(time 59261 - 16:27:41)(time 59440 - 16:30:40) ->    20(time 59533 - 16:32:13)(time 59748 - 16:35:48) ->    21(time 59905 - 16:38:25)(time 59905 - 16:38:25) -> 43
