t4p21r8h2.txt:
   > Trying to open the instance file...
   > Reading number of trains...
   > Reading maximum number of trips per train...
   > Reading time intervals...
   > Reading number of points...
   > Reading stations...
   > Reading crossings...
   > Reading depots...
   > Reading initial point...
   > Reading routes...
   > Reading distance and distance and service...
   > Reading demands...
   > Reading maximum time...
   > Reading alpha...

--------------------------------
 Printing instance
--------------------------------
number of trains = 4
	max trips per trains: 2     2     2     2
number of intervals = 2
	(0,  12981)	(12982,  25963)
number of points = 21
	initial point: 20
	stations: 0     2     3     4     5     7     8     9    10    11    12    13    14    15    16    17    18    19    20
	crossings: 0     1     5     6    14    20
	depots: 0    14    20
number of vertices = 42
	total vertices: 0     1     2     3     4     5     6     7     8     9    10    11    12    13    14    15    16    17    18    19    20    21    22    23    24    25    26    27    28    29    30    31    32    33    34    35    36    37    38    39    40    41
	upper vertices: 0     1     2     3     4     5     6     7     8     9    10    11    12    13    14    15    16    17    18    19    20
	lower vertices: 21    22    23    24    25    26    27    28    29    30    31    32    33    34    35    36    37    38    39    40    41
	vertices of point #0: (0, 21)
	vertices of point #1: (1, 22)
	vertices of point #2: (2, 23)
	vertices of point #3: (3, 24)
	vertices of point #4: (4, 25)
	vertices of point #5: (5, 26)
	vertices of point #6: (6, 27)
	vertices of point #7: (7, 28)
	vertices of point #8: (8, 29)
	vertices of point #9: (9, 30)
	vertices of point #10: (10, 31)
	vertices of point #11: (11, 32)
	vertices of point #12: (12, 33)
	vertices of point #13: (13, 34)
	vertices of point #14: (14, 35)
	vertices of point #15: (15, 36)
	vertices of point #16: (16, 37)
	vertices of point #17: (17, 38)
	vertices of point #18: (18, 39)
	vertices of point #19: (19, 40)
	vertices of point #20: (20, 41)

arcs...
	total arcs: 
		arc #0: (0, 1)
		arc #1: (0, 21)
		arc #2: (21, 0)
		arc #3: (1, 2)
		arc #4: (22, 21)
		arc #5: (2, 3)
		arc #6: (23, 22)
		arc #7: (3, 4)
		arc #8: (24, 23)
		arc #9: (4, 5)
		arc #10: (25, 24)
		arc #11: (5, 6)
		arc #12: (26, 25)
		arc #13: (6, 7)
		arc #14: (27, 26)
		arc #15: (7, 8)
		arc #16: (28, 27)
		arc #17: (8, 9)
		arc #18: (29, 28)
		arc #19: (9, 10)
		arc #20: (30, 29)
		arc #21: (10, 11)
		arc #22: (31, 30)
		arc #23: (11, 12)
		arc #24: (32, 31)
		arc #25: (12, 13)
		arc #26: (33, 32)
		arc #27: (13, 14)
		arc #28: (34, 33)
		arc #29: (14, 15)
		arc #30: (35, 34)
		arc #31: (14, 35)
		arc #32: (35, 14)
		arc #33: (15, 16)
		arc #34: (36, 35)
		arc #35: (16, 17)
		arc #36: (37, 36)
		arc #37: (17, 18)
		arc #38: (38, 37)
		arc #39: (18, 19)
		arc #40: (39, 38)
		arc #41: (19, 20)
		arc #42: (40, 39)
		arc #43: (41, 40)
		arc #44: (20, 41)
		arc #45: (41, 20)

	reverse arcs: 
		arc #1: (0, 21)
		arc #2: (21, 0)
		arc #31: (14, 35)
		arc #32: (35, 14)
		arc #44: (20, 41)
		arc #45: (41, 20)


incompatible points...
	(0, 0, 22, (0, 1))	(22, 22, 0, (22, 21))	(1, 4, 26, (4, 5))	(26, 23, 1, (23, 22))	(5, 5, 27, (5, 6))	(27, 27, 5, (27, 26))	(6, 13, 35, (13, 14))	(35, 28, 6, (28, 27))	(14, 19, 41, (19, 20))	(41, 36, 14, (36, 35))

number of routes = 8
vertices of routes...
	route #0: 0     1     2     3     4     5     6     7     8     9    10    11    12    13    14    15    16    17    18    19    20    41    40    39    38    37    36    35    34    33    32    31    30    29    28    27    26    25    24    23    22    21     0
	route #1: 41    40    39    38    37    36    35    34    33    32    31    30    29    28    27    26    25    24    23    22    21     0     1     2     3     4     5     6     7     8     9    10    11    12    13    14    15    16    17    18    19    20    41
	route #2: 14    15    16    17    18    19    20
	route #3: 35    34    33    32    31    30    29    28    27    26    25    24    23    22    21
	route #4: 0     1     2     3     4     5     6     7     8     9    10    11    12    13    14
	route #5: 41    40    39    38    37    36    35
	route #6: 35    34    33    32    31    30    29    28    27    26    25    24    23    22    21     0     1     2     3     4     5     6     7     8     9    10    11    12    13    14    35
	route #7: 14    15    16    17    18    19    20    41    40    39    38    37    36    35    14
arcs of routes...
	route #0: 0     3     5     7     9    11    13    15    17    19    21    23    25    27    29    33    35    37    39    41    44    43    42    40    38    36    34    30    28    26    24    22    20    18    16    14    12    10     8     6     4     2
	route #1: 43    42    40    38    36    34    30    28    26    24    22    20    18    16    14    12    10     8     6     4     2     0     3     5     7     9    11    13    15    17    19    21    23    25    27    29    33    35    37    39    41    44
	route #2: 29    33    35    37    39    41
	route #3: 30    28    26    24    22    20    18    16    14    12    10     8     6     4
	route #4: 0     3     5     7     9    11    13    15    17    19    21    23    25    27
	route #5: 43    42    40    38    36    34
	route #6: 30    28    26    24    22    20    18    16    14    12    10     8     6     4     2     0     3     5     7     9    11    13    15    17    19    21    23    25    27    31
	route #7: 29    33    35    37    39    41    44    43    42    40    38    36    34    32

incompatible routes...
	(0, 1)    	(0, 2)    	(0, 3)    	(0, 5)    	(0, 6)    	(0, 7)    	(1, 0)    	(1, 2)    	(1, 3)    	(1, 4)    	(1, 6)    	(1, 7)    	(2, 0)    	(2, 2)    	(2, 3)    	(2, 4)    	(2, 6)    	(2, 7)    	(3, 1)    	(3, 2)    	(3, 3)    	(3, 5)    	(3, 6)    	(3, 7)    	(4, 0)    	(4, 1)    	(4, 4)    	(4, 5)    	(5, 0)    	(5, 1)    	(5, 4)    	(5, 5)    	(6, 0)    	(6, 1)    	(6, 4)    	(6, 5)    	(7, 0)    	(7, 1)    	(7, 4)    	(7, 5)

vertices that can be adjacent in consecutive trips...
	(0, 0)    	(14, 14)    	(14, 35)    	(20, 41)    	(21, 0)    	(35, 14)    	(35, 35)    	(41, 41)
non cyclical routes: 
       2       3       4       5

routes of trip...
	routes that train #0 can complete at trip #0: 1       5
	routes that train #0 can complete at trip #1: 0       1       2       3       4       5       6       7

	routes that train #1 can complete at trip #0: 1       5
	routes that train #1 can complete at trip #1: 0       1       2       3       4       5       6       7

	routes that train #2 can complete at trip #0: 1       5
	routes that train #2 can complete at trip #1: 0       1       2       3       4       5       6       7

	routes that train #3 can complete at trip #0: 1       5
	routes that train #3 can complete at trip #1: 0       1       2       3       4       5       6       7

 cost...
	arc #0 [0][1]: 192
	arc #1 [0][21]: 0
	arc #2 [21][0]: 0
	arc #3 [1][2]: 174
	arc #4 [22][21]: 192
	arc #5 [2][3]: 193
	arc #6 [23][22]: 174
	arc #7 [3][4]: 180
	arc #8 [24][23]: 193
	arc #9 [4][5]: 175
	arc #10 [25][24]: 180
	arc #11 [5][6]: 195
	arc #12 [26][25]: 175
	arc #13 [6][7]: 184
	arc #14 [27][26]: 195
	arc #15 [7][8]: 201
	arc #16 [28][27]: 184
	arc #17 [8][9]: 196
	arc #18 [29][28]: 201
	arc #19 [9][10]: 172
	arc #20 [30][29]: 196
	arc #21 [10][11]: 185
	arc #22 [31][30]: 172
	arc #23 [11][12]: 189
	arc #24 [32][31]: 185
	arc #25 [12][13]: 176
	arc #26 [33][32]: 189
	arc #27 [13][14]: 175
	arc #28 [34][33]: 176
	arc #29 [14][15]: 172
	arc #30 [35][34]: 175
	arc #31 [14][35]: 0
	arc #32 [35][14]: 0
	arc #33 [15][16]: 173
	arc #34 [36][35]: 172
	arc #35 [16][17]: 184
	arc #36 [37][36]: 173
	arc #37 [17][18]: 179
	arc #38 [38][37]: 184
	arc #39 [18][19]: 176
	arc #40 [39][38]: 179
	arc #41 [19][20]: 195
	arc #42 [40][39]: 176
	arc #43 [41][40]: 195
	arc #44 [20][41]: 0
	arc #45 [41][20]: 0

cost with minimum service...
	arc #0 [0][1]: 264
	arc #1 [0][21]: 0
	arc #2 [21][0]: 0
	arc #3 [1][2]: 286
	arc #4 [22][21]: 432
	arc #5 [2][3]: 305
	arc #6 [23][22]: 246
	arc #7 [3][4]: 292
	arc #8 [24][23]: 305
	arc #9 [4][5]: 287
	arc #10 [25][24]: 292
	arc #11 [5][6]: 267
	arc #12 [26][25]: 287
	arc #13 [6][7]: 296
	arc #14 [27][26]: 307
	arc #15 [7][8]: 313
	arc #16 [28][27]: 256
	arc #17 [8][9]: 308
	arc #18 [29][28]: 313
	arc #19 [9][10]: 284
	arc #20 [30][29]: 308
	arc #21 [10][11]: 297
	arc #22 [31][30]: 284
	arc #23 [11][12]: 301
	arc #24 [32][31]: 297
	arc #25 [12][13]: 288
	arc #26 [33][32]: 301
	arc #27 [13][14]: 415
	arc #28 [34][33]: 288
	arc #29 [14][15]: 284
	arc #30 [35][34]: 287
	arc #31 [14][35]: 0
	arc #32 [35][14]: 0
	arc #33 [15][16]: 285
	arc #34 [36][35]: 412
	arc #35 [16][17]: 296
	arc #36 [37][36]: 285
	arc #37 [17][18]: 291
	arc #38 [38][37]: 296
	arc #39 [18][19]: 288
	arc #40 [39][38]: 291
	arc #41 [19][20]: 435
	arc #42 [40][39]: 288
	arc #43 [41][40]: 307
	arc #44 [20][41]: 0
	arc #45 [41][20]: 0

cost with maximum service...
	arc #0 [0][1]: 610
	arc #1 [0][21]: 418
	arc #2 [21][0]: 418
	arc #3 [1][2]: 592
	arc #4 [22][21]: 610
	arc #5 [2][3]: 611
	arc #6 [23][22]: 592
	arc #7 [3][4]: 598
	arc #8 [24][23]: 611
	arc #9 [4][5]: 593
	arc #10 [25][24]: 598
	arc #11 [5][6]: 613
	arc #12 [26][25]: 593
	arc #13 [6][7]: 602
	arc #14 [27][26]: 613
	arc #15 [7][8]: 619
	arc #16 [28][27]: 602
	arc #17 [8][9]: 614
	arc #18 [29][28]: 619
	arc #19 [9][10]: 590
	arc #20 [30][29]: 614
	arc #21 [10][11]: 603
	arc #22 [31][30]: 590
	arc #23 [11][12]: 607
	arc #24 [32][31]: 603
	arc #25 [12][13]: 594
	arc #26 [33][32]: 607
	arc #27 [13][14]: 593
	arc #28 [34][33]: 594
	arc #29 [14][15]: 590
	arc #30 [35][34]: 593
	arc #31 [14][35]: 418
	arc #32 [35][14]: 418
	arc #33 [15][16]: 591
	arc #34 [36][35]: 590
	arc #35 [16][17]: 602
	arc #36 [37][36]: 591
	arc #37 [17][18]: 597
	arc #38 [38][37]: 602
	arc #39 [18][19]: 594
	arc #40 [39][38]: 597
	arc #41 [19][20]: 613
	arc #42 [40][39]: 594
	arc #43 [41][40]: 613
	arc #44 [20][41]: 418
	arc #45 [41][20]: 418

demands...
	demands of vertex 0 at time interval: 3     3
	demands of vertex 1 at time interval: 0     0
	demands of vertex 2 at time interval: 3     3
	demands of vertex 3 at time interval: 3     3
	demands of vertex 4 at time interval: 3     3
	demands of vertex 5 at time interval: 3     3
	demands of vertex 6 at time interval: 0     0
	demands of vertex 7 at time interval: 3     3
	demands of vertex 8 at time interval: 3     3
	demands of vertex 9 at time interval: 3     3
	demands of vertex 10 at time interval: 3     3
	demands of vertex 11 at time interval: 3     3
	demands of vertex 12 at time interval: 3     3
	demands of vertex 13 at time interval: 3     3
	demands of vertex 14 at time interval: 3     3
	demands of vertex 15 at time interval: 3     3
	demands of vertex 16 at time interval: 3     3
	demands of vertex 17 at time interval: 3     3
	demands of vertex 18 at time interval: 3     3
	demands of vertex 19 at time interval: 3     3
	demands of vertex 20 at time interval: 0     0
	demands of vertex 21 at time interval: 0     0
	demands of vertex 22 at time interval: 0     0
	demands of vertex 23 at time interval: 3     3
	demands of vertex 24 at time interval: 3     3
	demands of vertex 25 at time interval: 3     3
	demands of vertex 26 at time interval: 3     3
	demands of vertex 27 at time interval: 0     0
	demands of vertex 28 at time interval: 3     3
	demands of vertex 29 at time interval: 3     3
	demands of vertex 30 at time interval: 3     3
	demands of vertex 31 at time interval: 3     3
	demands of vertex 32 at time interval: 3     3
	demands of vertex 33 at time interval: 3     3
	demands of vertex 34 at time interval: 3     3
	demands of vertex 35 at time interval: 3     3
	demands of vertex 36 at time interval: 3     3
	demands of vertex 37 at time interval: 3     3
	demands of vertex 38 at time interval: 3     3
	demands of vertex 39 at time interval: 3     3
	demands of vertex 40 at time interval: 3     3
	demands of vertex 41 at time interval: 3     3

maximum time = 25963
alpha = 70
Starting to test combinations... - Total number of combinations = 4096
Found new best - 3/4096
Found new best - 4/4096
Found new best - 7/4096
10% done - 410/4096 combination(s) tested! (Thread 0)
20% done - 820/4096 combination(s) tested! (Thread 0)
30% done - 1230/4096 combination(s) tested! (Thread 0)
40% done - 1640/4096 combination(s) tested! (Thread 0)
50% done - 2050/4096 combination(s) tested! (Thread 0)
60% done - 2460/4096 combination(s) tested! (Thread 0)
70% done - 2870/4096 combination(s) tested! (Thread 0)
80% done - 3280/4096 combination(s) tested! (Thread 0)
90% done - 3690/4096 combination(s) tested! (Thread 0)
All combination(s) tested!
3/4096 were feasible combination(s)! - (0.073%)

>> Printing some results...
    -> Solution value = 25530 - 07:05:30
    -> Total time = 247.78
    -> Gap value = 0.00

=============
Train 0
=============
> Trip 0
   41(time 512 - 00:08:32)(time 707 - 00:11:47) ->    40(time 819 - 00:13:39)(time 995 - 00:16:35) ->    39(time 1107 - 00:18:27)(time 1286 - 00:21:26) ->    38(time 1398 - 00:23:18)(time 1582 - 00:26:22) ->    37(time 1694 - 00:28:14)(time 1867 - 00:31:07) ->    36(time 2285 - 00:38:05)(time 2457 - 00:40:57) ->    35(time 2697 - 00:44:57)(time 2872 - 00:47:52) ->    34(time 2984 - 00:49:44)(time 3160 - 00:52:40) ->    33(time 3272 - 00:54:32)(time 3461 - 00:57:41) ->    32(time 3573 - 00:59:33)(time 3758 - 01:02:38) ->    31(time 3870 - 01:04:30)(time 4042 - 01:07:22) ->    30(time 4154 - 01:09:14)(time 4350 - 01:12:30) ->    29(time 4462 - 01:14:22)(time 4663 - 01:17:43) ->    28(time 4775 - 01:19:35)(time 4959 - 01:22:39) ->    27(time 5031 - 01:23:51)(time 5226 - 01:27:06) ->    26(time 5338 - 01:28:58)(time 5513 - 01:31:53) ->    25(time 5625 - 01:33:45)(time 5805 - 01:36:45) ->    24(time 5917 - 01:38:37)(time 6110 - 01:41:50) ->    23(time 6222 - 01:43:42)(time 6396 - 01:46:36) ->    22(time 6468 - 01:47:48)(time 6660 - 01:51:00) ->    21(time 6900 - 01:55:00)(time 6900 - 01:55:00) ->    0(time 6900 - 01:55:00)(time 7092 - 01:58:12) ->    1(time 7164 - 01:59:24)(time 7338 - 02:02:18) ->    2(time 7450 - 02:04:10)(time 7643 - 02:07:23) ->    3(time 7755 - 02:09:15)(time 7935 - 02:12:15) ->    4(time 8047 - 02:14:07)(time 8222 - 02:17:02) ->    5(time 8334 - 02:18:54)(time 8529 - 02:22:09) ->    6(time 8601 - 02:23:21)(time 8785 - 02:26:25) ->    7(time 8897 - 02:28:17)(time 9098 - 02:31:38) ->    8(time 9210 - 02:33:30)(time 9406 - 02:36:46) ->    9(time 9518 - 02:38:38)(time 9690 - 02:41:30) ->    10(time 9802 - 02:43:22)(time 9987 - 02:46:27) ->    11(time 10099 - 02:48:19)(time 10288 - 02:51:28) ->    12(time 10400 - 02:53:20)(time 10576 - 02:56:16) ->    13(time 10688 - 02:58:08)(time 10863 - 03:01:03) ->    14(time 11103 - 03:05:03)(time 11275 - 03:07:55) ->    15(time 11387 - 03:09:47)(time 11560 - 03:12:40) ->    16(time 11672 - 03:14:32)(time 11856 - 03:17:36) ->    17(time 11968 - 03:19:28)(time 12147 - 03:22:27) ->    18(time 12259 - 03:24:19)(time 12435 - 03:27:15) ->    19(time 12547 - 03:29:07)(time 12742 - 03:32:22) ->    20(time 13160 - 03:39:20)(time 13160 - 03:39:20) -> 41
> Trip 1
   41(time 13160 - 03:39:20)(time 13355 - 03:42:35) ->    40(time 13529 - 03:45:29)(time 13705 - 03:48:25) ->    39(time 13817 - 03:50:17)(time 13996 - 03:53:16) ->    38(time 14108 - 03:55:08)(time 14292 - 03:58:12) ->    37(time 14404 - 04:00:04)(time 14577 - 04:02:57) ->    36(time 14689 - 04:04:49)(time 14861 - 04:07:41) ->    35(time 15101 - 04:11:41)(time 15276 - 04:14:36) ->    34(time 15388 - 04:16:28)(time 15564 - 04:19:24) ->    33(time 15676 - 04:21:16)(time 15865 - 04:24:25) ->    32(time 16121 - 04:28:41)(time 16306 - 04:31:46) ->    31(time 16418 - 04:33:38)(time 16590 - 04:36:30) ->    30(time 16702 - 04:38:22)(time 16898 - 04:41:38) ->    29(time 17010 - 04:43:30)(time 17211 - 04:46:51) ->    28(time 17323 - 04:48:43)(time 17507 - 04:51:47) ->    27(time 17579 - 04:52:59)(time 17774 - 04:56:14) ->    26(time 17886 - 04:58:06)(time 18061 - 05:01:01) ->    25(time 18173 - 05:02:53)(time 18353 - 05:05:53) ->    24(time 18465 - 05:07:45)(time 18658 - 05:10:58) ->    23(time 18770 - 05:12:50)(time 18944 - 05:15:44) ->    22(time 19016 - 05:16:56)(time 19208 - 05:20:08) ->    21(time 19448 - 05:24:08)(time 19448 - 05:24:08) ->    0(time 19448 - 05:24:08)(time 19640 - 05:27:20) ->    1(time 19712 - 05:28:32)(time 19886 - 05:31:26) ->    2(time 19998 - 05:33:18)(time 20191 - 05:36:31) ->    3(time 20303 - 05:38:23)(time 20483 - 05:41:23) ->    4(time 20595 - 05:43:15)(time 20770 - 05:46:10) ->    5(time 20882 - 05:48:02)(time 21077 - 05:51:17) ->    6(time 21149 - 05:52:29)(time 21333 - 05:55:33) ->    7(time 21445 - 05:57:25)(time 21646 - 06:00:46) ->    8(time 21758 - 06:02:38)(time 21954 - 06:05:54) ->    9(time 22066 - 06:07:46)(time 22238 - 06:10:38) ->    10(time 22350 - 06:12:30)(time 22535 - 06:15:35) ->    11(time 22647 - 06:17:27)(time 22836 - 06:20:36) ->    12(time 22948 - 06:22:28)(time 23124 - 06:25:24) ->    13(time 23236 - 06:27:16)(time 23411 - 06:30:11) ->    14(time 23651 - 06:34:11)(time 23823 - 06:37:03) ->    15(time 23935 - 06:38:55)(time 24108 - 06:41:48) ->    16(time 24220 - 06:43:40)(time 24404 - 06:46:44) ->    17(time 24516 - 06:48:36)(time 24695 - 06:51:35) ->    18(time 24807 - 06:53:27)(time 24983 - 06:56:23) ->    19(time 25095 - 06:58:15)(time 25290 - 07:01:30) ->    20(time 25530 - 07:05:30)(time 25530 - 07:05:30) -> 41
=============
Train 1
=============
> Trip 0
   41(time 400 - 00:06:40)(time 595 - 00:09:55) ->    40(time 707 - 00:11:47)(time 883 - 00:14:43) ->    39(time 995 - 00:16:35)(time 1174 - 00:19:34) ->    38(time 1286 - 00:21:26)(time 1470 - 00:24:30) ->    37(time 1582 - 00:26:22)(time 1755 - 00:29:15) ->    36(time 1867 - 00:31:07)(time 2039 - 00:33:59) ->    35(time 2279 - 00:37:59)(time 2454 - 00:40:54) ->    34(time 2566 - 00:42:46)(time 2742 - 00:45:42) ->    33(time 2854 - 00:47:34)(time 3043 - 00:50:43) ->    32(time 3155 - 00:52:35)(time 3340 - 00:55:40) ->    31(time 3452 - 00:57:32)(time 3624 - 01:00:24) ->    30(time 3736 - 01:02:16)(time 3932 - 01:05:32) ->    29(time 4044 - 01:07:24)(time 4245 - 01:10:45) ->    28(time 4357 - 01:12:37)(time 4541 - 01:15:41) ->    27(time 4613 - 01:16:53)(time 4808 - 01:20:08) ->    26(time 4920 - 01:22:00)(time 5095 - 01:24:55) ->    25(time 5207 - 01:26:47)(time 5387 - 01:29:47) ->    24(time 5499 - 01:31:39)(time 5692 - 01:34:52) ->    23(time 5804 - 01:36:44)(time 5978 - 01:39:38) ->    22(time 6050 - 01:40:50)(time 6242 - 01:44:02) ->    21(time 6660 - 01:51:00)(time 6660 - 01:51:00) ->    0(time 6660 - 01:51:00)(time 6852 - 01:54:12) ->    1(time 6924 - 01:55:24)(time 7098 - 01:58:18) ->    2(time 7210 - 02:00:10)(time 7403 - 02:03:23) ->    3(time 7515 - 02:05:15)(time 7695 - 02:08:15) ->    4(time 7807 - 02:10:07)(time 7982 - 02:13:02) ->    5(time 8094 - 02:14:54)(time 8289 - 02:18:09) ->    6(time 8361 - 02:19:21)(time 8545 - 02:22:25) ->    7(time 8657 - 02:24:17)(time 8858 - 02:27:38) ->    8(time 8970 - 02:29:30)(time 9166 - 02:32:46) ->    9(time 9278 - 02:34:38)(time 9450 - 02:37:30) ->    10(time 9562 - 02:39:22)(time 9747 - 02:42:27) ->    11(time 9859 - 02:44:19)(time 10048 - 02:47:28) ->    12(time 10160 - 02:49:20)(time 10336 - 02:52:16) ->    13(time 10448 - 02:54:08)(time 10623 - 02:57:03) ->    14(time 10863 - 03:01:03)(time 11035 - 03:03:55) ->    15(time 11147 - 03:05:47)(time 11320 - 03:08:40) ->    16(time 11432 - 03:10:32)(time 11616 - 03:13:36) ->    17(time 11728 - 03:15:28)(time 11907 - 03:18:27) ->    18(time 12019 - 03:20:19)(time 12195 - 03:23:15) ->    19(time 12307 - 03:25:07)(time 12502 - 03:28:22) ->    20(time 12742 - 03:32:22)(time 12742 - 03:32:22) -> 41
> Trip 1
   41(time 12742 - 03:32:22)(time 12937 - 03:35:37) ->    40(time 13049 - 03:37:29)(time 13225 - 03:40:25) ->    39(time 13337 - 03:42:17)(time 13516 - 03:45:16) ->    38(time 13628 - 03:47:08)(time 13812 - 03:50:12) ->    37(time 13924 - 03:52:04)(time 14097 - 03:54:57) ->    36(time 14209 - 03:56:49)(time 14381 - 03:59:41) ->    35(time 14621 - 04:03:41)(time 14796 - 04:06:36) ->    34(time 14908 - 04:08:28)(time 15084 - 04:11:24) ->    33(time 15196 - 04:13:16)(time 15385 - 04:16:25) ->    32(time 15497 - 04:18:17)(time 15682 - 04:21:22) ->    31(time 15794 - 04:23:14)(time 15966 - 04:26:06) ->    30(time 16078 - 04:27:58)(time 16274 - 04:31:14) ->    29(time 16386 - 04:33:06)(time 16587 - 04:36:27) ->    28(time 16699 - 04:38:19)(time 16883 - 04:41:23) ->    27(time 16955 - 04:42:35)(time 17150 - 04:45:50) ->    26(time 17262 - 04:47:42)(time 17437 - 04:50:37) ->    25(time 17549 - 04:52:29)(time 17729 - 04:55:29) ->    24(time 17841 - 04:57:21)(time 18034 - 05:00:34) ->    23(time 18146 - 05:02:26)(time 18320 - 05:05:20) ->    22(time 18392 - 05:06:32)(time 18584 - 05:09:44) ->    21(time 18824 - 05:13:44)(time 18824 - 05:13:44) ->    0(time 18824 - 05:13:44)(time 19016 - 05:16:56) ->    1(time 19088 - 05:18:08)(time 19262 - 05:21:02) ->    2(time 19374 - 05:22:54)(time 19567 - 05:26:07) ->    3(time 19679 - 05:27:59)(time 19859 - 05:30:59) ->    4(time 19971 - 05:32:51)(time 20146 - 05:35:46) ->    5(time 20258 - 05:37:38)(time 20453 - 05:40:53) ->    6(time 20525 - 05:42:05)(time 20709 - 05:45:09) ->    7(time 20821 - 05:47:01)(time 21022 - 05:50:22) ->    8(time 21134 - 05:52:14)(time 21330 - 05:55:30) ->    9(time 21442 - 05:57:22)(time 21614 - 06:00:14) ->    10(time 21726 - 06:02:06)(time 21911 - 06:05:11) ->    11(time 22023 - 06:07:03)(time 22212 - 06:10:12) ->    12(time 22324 - 06:12:04)(time 22500 - 06:15:00) ->    13(time 22612 - 06:16:52)(time 22787 - 06:19:47) ->    14(time 23027 - 06:23:47)(time 23199 - 06:26:39) ->    15(time 23311 - 06:28:31)(time 23484 - 06:31:24) ->    16(time 23596 - 06:33:16)(time 23780 - 06:36:20) ->    17(time 23892 - 06:38:12)(time 24071 - 06:41:11) ->    18(time 24183 - 06:43:03)(time 24359 - 06:45:59) ->    19(time 24471 - 06:47:51)(time 24666 - 06:51:06) ->    20(time 24906 - 06:55:06)(time 24906 - 06:55:06) -> 41
=============
Train 2
=============
> Trip 0
   41(time 112 - 00:01:52)(time 307 - 00:05:07) ->    40(time 419 - 00:06:59)(time 595 - 00:09:55) ->    39(time 707 - 00:11:47)(time 886 - 00:14:46) ->    38(time 998 - 00:16:38)(time 1182 - 00:19:42) ->    37(time 1294 - 00:21:34)(time 1467 - 00:24:27) ->    36(time 1579 - 00:26:19)(time 1751 - 00:29:11) ->    35(time 1991 - 00:33:11)(time 2166 - 00:36:06) ->    34(time 2278 - 00:37:58)(time 2454 - 00:40:54) ->    33(time 2566 - 00:42:46)(time 2755 - 00:45:55) ->    32(time 2867 - 00:47:47)(time 3052 - 00:50:52) ->    31(time 3164 - 00:52:44)(time 3336 - 00:55:36) ->    30(time 3448 - 00:57:28)(time 3644 - 01:00:44) ->    29(time 3756 - 01:02:36)(time 3957 - 01:05:57) ->    28(time 4069 - 01:07:49)(time 4253 - 01:10:53) ->    27(time 4325 - 01:12:05)(time 4520 - 01:15:20) ->    26(time 4632 - 01:17:12)(time 4807 - 01:20:07) ->    25(time 4919 - 01:21:59)(time 5099 - 01:24:59) ->    24(time 5211 - 01:26:51)(time 5404 - 01:30:04) ->    23(time 5516 - 01:31:56)(time 5690 - 01:34:50) ->    22(time 5762 - 01:36:02)(time 5954 - 01:39:14) ->    21(time 6194 - 01:43:14)(time 6194 - 01:43:14) ->    0(time 6242 - 01:44:02)(time 6434 - 01:47:14) ->    1(time 6506 - 01:48:26)(time 6680 - 01:51:20) ->    2(time 6792 - 01:53:12)(time 6985 - 01:56:25) ->    3(time 7097 - 01:58:17)(time 7277 - 02:01:17) ->    4(time 7389 - 02:03:09)(time 7564 - 02:06:04) ->    5(time 7676 - 02:07:56)(time 7871 - 02:11:11) ->    6(time 7943 - 02:12:23)(time 8127 - 02:15:27) ->    7(time 8239 - 02:17:19)(time 8440 - 02:20:40) ->    8(time 8552 - 02:22:32)(time 8748 - 02:25:48) ->    9(time 8860 - 02:27:40)(time 9032 - 02:30:32) ->    10(time 9144 - 02:32:24)(time 9329 - 02:35:29) ->    11(time 9441 - 02:37:21)(time 9630 - 02:40:30) ->    12(time 9742 - 02:42:22)(time 9918 - 02:45:18) ->    13(time 10030 - 02:47:10)(time 10205 - 02:50:05) ->    14(time 10445 - 02:54:05)(time 10617 - 02:56:57) ->    15(time 10729 - 02:58:49)(time 10902 - 03:01:42) ->    16(time 11014 - 03:03:34)(time 11198 - 03:06:38) ->    17(time 11310 - 03:08:30)(time 11489 - 03:11:29) ->    18(time 11601 - 03:13:21)(time 11777 - 03:16:17) ->    19(time 11889 - 03:18:09)(time 12084 - 03:21:24) ->    20(time 12324 - 03:25:24)(time 12324 - 03:25:24) -> 41
> Trip 1
   41(time 12982 - 03:36:22)(time 13177 - 03:39:37) ->    40(time 13289 - 03:41:29)(time 13465 - 03:44:25) ->    39(time 13577 - 03:46:17)(time 13756 - 03:49:16) ->    38(time 13868 - 03:51:08)(time 14052 - 03:54:12) ->    37(time 14164 - 03:56:04)(time 14337 - 03:58:57) ->    36(time 14449 - 04:00:49)(time 14621 - 04:03:41) ->    35(time 14861 - 04:07:41)(time 15036 - 04:10:36) ->    34(time 15148 - 04:12:28)(time 15324 - 04:15:24) ->    33(time 15436 - 04:17:16)(time 15625 - 04:20:25) ->    32(time 15737 - 04:22:17)(time 15922 - 04:25:22) ->    31(time 16034 - 04:27:14)(time 16206 - 04:30:06) ->    30(time 16318 - 04:31:58)(time 16514 - 04:35:14) ->    29(time 16626 - 04:37:06)(time 16827 - 04:40:27) ->    28(time 16939 - 04:42:19)(time 17123 - 04:45:23) ->    27(time 17195 - 04:46:35)(time 17390 - 04:49:50) ->    26(time 17502 - 04:51:42)(time 17677 - 04:54:37) ->    25(time 17789 - 04:56:29)(time 17969 - 04:59:29) ->    24(time 18081 - 05:01:21)(time 18274 - 05:04:34) ->    23(time 18386 - 05:06:26)(time 18560 - 05:09:20) ->    22(time 18632 - 05:10:32)(time 18824 - 05:13:44) ->    21(time 19064 - 05:17:44)(time 19064 - 05:17:44) ->    0(time 19208 - 05:20:08)(time 19400 - 05:23:20) ->    1(time 19472 - 05:24:32)(time 19646 - 05:27:26) ->    2(time 19758 - 05:29:18)(time 19951 - 05:32:31) ->    3(time 20063 - 05:34:23)(time 20243 - 05:37:23) ->    4(time 20355 - 05:39:15)(time 20530 - 05:42:10) ->    5(time 20642 - 05:44:02)(time 20837 - 05:47:17) ->    6(time 20909 - 05:48:29)(time 21093 - 05:51:33) ->    7(time 21205 - 05:53:25)(time 21406 - 05:56:46) ->    8(time 21518 - 05:58:38)(time 21714 - 06:01:54) ->    9(time 21826 - 06:03:46)(time 21998 - 06:06:38) ->    10(time 22110 - 06:08:30)(time 22295 - 06:11:35) ->    11(time 22407 - 06:13:27)(time 22596 - 06:16:36) ->    12(time 22708 - 06:18:28)(time 22884 - 06:21:24) ->    13(time 22996 - 06:23:16)(time 23171 - 06:26:11) ->    14(time 23411 - 06:30:11)(time 23583 - 06:33:03) ->    15(time 23695 - 06:34:55)(time 23868 - 06:37:48) ->    16(time 23980 - 06:39:40)(time 24164 - 06:42:44) ->    17(time 24276 - 06:44:36)(time 24455 - 06:47:35) ->    18(time 24567 - 06:49:27)(time 24743 - 06:52:23) ->    19(time 24855 - 06:54:15)(time 25050 - 06:57:30) ->    20(time 25290 - 07:01:30)(time 25290 - 07:01:30) -> 41
=============
Train 3
=============
> Trip 0
   41(time 0 - 00:00:00)(time 195 - 00:03:15) ->    40(time 307 - 00:05:07)(time 483 - 00:08:03) ->    39(time 595 - 00:09:55)(time 774 - 00:12:54) ->    38(time 886 - 00:14:46)(time 1070 - 00:17:50) ->    37(time 1182 - 00:19:42)(time 1355 - 00:22:35) ->    36(time 1467 - 00:24:27)(time 1639 - 00:27:19) -> 35
> Trip 1
   14(time 17383 - 04:49:43)(time 17555 - 04:52:35) ->    15(time 17973 - 04:59:33)(time 18146 - 05:02:26) ->    16(time 18564 - 05:09:24)(time 18748 - 05:12:28) ->    17(time 19166 - 05:19:26)(time 19345 - 05:22:25) ->    18(time 19763 - 05:29:23)(time 19939 - 05:32:19) ->    19(time 20357 - 05:39:17)(time 20552 - 05:42:32) ->    20(time 20970 - 05:49:30)(time 20970 - 05:49:30) ->    41(time 21388 - 05:56:28)(time 21583 - 05:59:43) ->    40(time 21695 - 06:01:35)(time 21871 - 06:04:31) ->    39(time 21983 - 06:06:23)(time 22162 - 06:09:22) ->    38(time 22274 - 06:11:14)(time 22458 - 06:14:18) ->    37(time 22570 - 06:16:10)(time 22743 - 06:19:03) ->    36(time 22855 - 06:20:55)(time 23027 - 06:23:47) ->    35(time 23267 - 06:27:47)(time 23267 - 06:27:47) -> 14
