t4p24r2h1.txt:
   > Trying to open the instance file...
   > Reading number of trains...
   > Reading maximum number of trips per train...
   > Reading time intervals...
   > Reading number of points...
   > Reading stations...
   > Reading crossings...
   > Reading depots...
   > Reading initial point...
   > Reading routes...
   > Reading distance and distance and service...
   > Reading demands...
   > Reading maximum time...
   > Reading alpha...

--------------------------------
 Printing instance
--------------------------------
number of trains = 4
	max trips per trains: 2     2     2     2
number of intervals = 1
	(0,  36572)
number of points = 24
	initial point: 0
	stations: 0     1     2     3     4     5     6     7     8     9    10    11    12    13    14    15    16    17    18    19    20    21    23
	crossings: 0     9    11    15    22    23
	depots: 0    23
number of vertices = 48
	total vertices: 0     1     2     3     4     5     6     7     8     9    10    11    12    13    14    15    16    17    18    19    20    21    22    23    24    25    26    27    28    29    30    31    32    33    34    35    36    37    38    39    40    41    42    43    44    45    46    47
	upper vertices: 0     1     2     3     4     5     6     7     8     9    10    11    12    13    14    15    16    17    18    19    20    21    22    23
	lower vertices: 24    25    26    27    28    29    30    31    32    33    34    35    36    37    38    39    40    41    42    43    44    45    46    47
	vertices of point #0: (0, 24)
	vertices of point #1: (1, 25)
	vertices of point #2: (2, 26)
	vertices of point #3: (3, 27)
	vertices of point #4: (4, 28)
	vertices of point #5: (5, 29)
	vertices of point #6: (6, 30)
	vertices of point #7: (7, 31)
	vertices of point #8: (8, 32)
	vertices of point #9: (9, 33)
	vertices of point #10: (10, 34)
	vertices of point #11: (11, 35)
	vertices of point #12: (12, 36)
	vertices of point #13: (13, 37)
	vertices of point #14: (14, 38)
	vertices of point #15: (15, 39)
	vertices of point #16: (16, 40)
	vertices of point #17: (17, 41)
	vertices of point #18: (18, 42)
	vertices of point #19: (19, 43)
	vertices of point #20: (20, 44)
	vertices of point #21: (21, 45)
	vertices of point #22: (22, 46)
	vertices of point #23: (23, 47)

arcs...
	total arcs: 
		arc #0: (0, 1)
		arc #1: (0, 24)
		arc #2: (24, 0)
		arc #3: (1, 2)
		arc #4: (25, 24)
		arc #5: (2, 3)
		arc #6: (26, 25)
		arc #7: (3, 4)
		arc #8: (27, 26)
		arc #9: (4, 5)
		arc #10: (28, 27)
		arc #11: (5, 6)
		arc #12: (29, 28)
		arc #13: (6, 7)
		arc #14: (30, 29)
		arc #15: (7, 8)
		arc #16: (31, 30)
		arc #17: (8, 9)
		arc #18: (32, 31)
		arc #19: (9, 10)
		arc #20: (33, 32)
		arc #21: (10, 11)
		arc #22: (34, 33)
		arc #23: (11, 12)
		arc #24: (35, 34)
		arc #25: (12, 13)
		arc #26: (36, 35)
		arc #27: (13, 14)
		arc #28: (37, 36)
		arc #29: (14, 15)
		arc #30: (38, 37)
		arc #31: (15, 16)
		arc #32: (39, 38)
		arc #33: (16, 17)
		arc #34: (40, 39)
		arc #35: (17, 18)
		arc #36: (41, 40)
		arc #37: (18, 19)
		arc #38: (42, 41)
		arc #39: (19, 20)
		arc #40: (43, 42)
		arc #41: (20, 21)
		arc #42: (44, 43)
		arc #43: (21, 22)
		arc #44: (45, 44)
		arc #45: (22, 23)
		arc #46: (46, 45)
		arc #47: (47, 46)
		arc #48: (23, 47)
		arc #49: (47, 23)

	reverse arcs: 
		arc #1: (0, 24)
		arc #2: (24, 0)
		arc #48: (23, 47)
		arc #49: (47, 23)


incompatible points...
	(0, 8, 33, (8, 9))	(33, 25, 0, (25, 24))	(9, 10, 35, (10, 11))	(35, 34, 9, (34, 33))	(11, 14, 39, (14, 15))	(39, 36, 11, (36, 35))	(15, 21, 46, (21, 22))	(46, 40, 15, (40, 39))	(22, 22, 47, (22, 23))	(47, 47, 22, (47, 46))

number of routes = 2
vertices of routes...
	route #0: 0     1     2     3     4     5     6     7     8     9    10    11    12    13    14    15    16    17    18    19    20    21    22    23    47    46    45    44    43    42    41    40    39    38    37    36    35    34    33    32    31    30    29    28    27    26    25    24     0
	route #1: 47    46    45    44    43    42    41    40    39    38    37    36    35    34    33    32    31    30    29    28    27    26    25    24     0     1     2     3     4     5     6     7     8     9    10    11    12    13    14    15    16    17    18    19    20    21    22    23    47
arcs of routes...
	route #0: 0     3     5     7     9    11    13    15    17    19    21    23    25    27    29    31    33    35    37    39    41    43    45    48    47    46    44    42    40    38    36    34    32    30    28    26    24    22    20    18    16    14    12    10     8     6     4     2
	route #1: 47    46    44    42    40    38    36    34    32    30    28    26    24    22    20    18    16    14    12    10     8     6     4     2     0     3     5     7     9    11    13    15    17    19    21    23    25    27    29    31    33    35    37    39    41    43    45    48

incompatible routes...
	(0, 1)    	(1, 0)

vertices that can be adjacent in consecutive trips...
	(0, 0)    	(47, 47)
non cyclical routes: 


routes of trip...
	routes that train #0 can complete at trip #0: 0
	routes that train #0 can complete at trip #1: 0       1

	routes that train #1 can complete at trip #0: 0
	routes that train #1 can complete at trip #1: 0       1

	routes that train #2 can complete at trip #0: 0
	routes that train #2 can complete at trip #1: 0       1

	routes that train #3 can complete at trip #0: 0
	routes that train #3 can complete at trip #1: 0       1

 cost...
	arc #0 [0][1]: 212
	arc #1 [0][24]: 0
	arc #2 [24][0]: 0
	arc #3 [1][2]: 212
	arc #4 [25][24]: 212
	arc #5 [2][3]: 229
	arc #6 [26][25]: 212
	arc #7 [3][4]: 215
	arc #8 [27][26]: 229
	arc #9 [4][5]: 216
	arc #10 [28][27]: 215
	arc #11 [5][6]: 197
	arc #12 [29][28]: 216
	arc #13 [6][7]: 209
	arc #14 [30][29]: 197
	arc #15 [7][8]: 216
	arc #16 [31][30]: 209
	arc #17 [8][9]: 216
	arc #18 [32][31]: 216
	arc #19 [9][10]: 198
	arc #20 [33][32]: 216
	arc #21 [10][11]: 209
	arc #22 [34][33]: 198
	arc #23 [11][12]: 209
	arc #24 [35][34]: 209
	arc #25 [12][13]: 204
	arc #26 [36][35]: 209
	arc #27 [13][14]: 223
	arc #28 [37][36]: 204
	arc #29 [14][15]: 201
	arc #30 [38][37]: 223
	arc #31 [15][16]: 231
	arc #32 [39][38]: 201
	arc #33 [16][17]: 235
	arc #34 [40][39]: 231
	arc #35 [17][18]: 230
	arc #36 [41][40]: 235
	arc #37 [18][19]: 219
	arc #38 [42][41]: 230
	arc #39 [19][20]: 221
	arc #40 [43][42]: 219
	arc #41 [20][21]: 213
	arc #42 [44][43]: 221
	arc #43 [21][22]: 223
	arc #44 [45][44]: 213
	arc #45 [22][23]: 199
	arc #46 [46][45]: 223
	arc #47 [47][46]: 199
	arc #48 [23][47]: 0
	arc #49 [47][23]: 0

cost with minimum service...
	arc #0 [0][1]: 305
	arc #1 [0][24]: 0
	arc #2 [24][0]: 0
	arc #3 [1][2]: 305
	arc #4 [25][24]: 481
	arc #5 [2][3]: 322
	arc #6 [26][25]: 305
	arc #7 [3][4]: 308
	arc #8 [27][26]: 322
	arc #9 [4][5]: 309
	arc #10 [28][27]: 308
	arc #11 [5][6]: 290
	arc #12 [29][28]: 309
	arc #13 [6][7]: 302
	arc #14 [30][29]: 290
	arc #15 [7][8]: 309
	arc #16 [31][30]: 302
	arc #17 [8][9]: 309
	arc #18 [32][31]: 309
	arc #19 [9][10]: 291
	arc #20 [33][32]: 309
	arc #21 [10][11]: 302
	arc #22 [34][33]: 291
	arc #23 [11][12]: 302
	arc #24 [35][34]: 302
	arc #25 [12][13]: 297
	arc #26 [36][35]: 302
	arc #27 [13][14]: 316
	arc #28 [37][36]: 297
	arc #29 [14][15]: 294
	arc #30 [38][37]: 316
	arc #31 [15][16]: 324
	arc #32 [39][38]: 294
	arc #33 [16][17]: 328
	arc #34 [40][39]: 324
	arc #35 [17][18]: 323
	arc #36 [41][40]: 328
	arc #37 [18][19]: 312
	arc #38 [42][41]: 323
	arc #39 [19][20]: 314
	arc #40 [43][42]: 312
	arc #41 [20][21]: 306
	arc #42 [44][43]: 314
	arc #43 [21][22]: 283
	arc #44 [45][44]: 306
	arc #45 [22][23]: 468
	arc #46 [46][45]: 316
	arc #47 [47][46]: 259
	arc #48 [23][47]: 0
	arc #49 [47][23]: 0

cost with maximum service...
	arc #0 [0][1]: 640
	arc #1 [0][24]: 428
	arc #2 [24][0]: 428
	arc #3 [1][2]: 640
	arc #4 [25][24]: 640
	arc #5 [2][3]: 657
	arc #6 [26][25]: 640
	arc #7 [3][4]: 643
	arc #8 [27][26]: 657
	arc #9 [4][5]: 644
	arc #10 [28][27]: 643
	arc #11 [5][6]: 625
	arc #12 [29][28]: 644
	arc #13 [6][7]: 637
	arc #14 [30][29]: 625
	arc #15 [7][8]: 644
	arc #16 [31][30]: 637
	arc #17 [8][9]: 644
	arc #18 [32][31]: 644
	arc #19 [9][10]: 626
	arc #20 [33][32]: 644
	arc #21 [10][11]: 637
	arc #22 [34][33]: 626
	arc #23 [11][12]: 637
	arc #24 [35][34]: 637
	arc #25 [12][13]: 632
	arc #26 [36][35]: 637
	arc #27 [13][14]: 651
	arc #28 [37][36]: 632
	arc #29 [14][15]: 629
	arc #30 [38][37]: 651
	arc #31 [15][16]: 659
	arc #32 [39][38]: 629
	arc #33 [16][17]: 663
	arc #34 [40][39]: 659
	arc #35 [17][18]: 658
	arc #36 [41][40]: 663
	arc #37 [18][19]: 647
	arc #38 [42][41]: 658
	arc #39 [19][20]: 649
	arc #40 [43][42]: 647
	arc #41 [20][21]: 641
	arc #42 [44][43]: 649
	arc #43 [21][22]: 651
	arc #44 [45][44]: 641
	arc #45 [22][23]: 627
	arc #46 [46][45]: 651
	arc #47 [47][46]: 627
	arc #48 [23][47]: 428
	arc #49 [47][23]: 428

demands...
	demands of vertex 0 at time interval: 6
	demands of vertex 1 at time interval: 6
	demands of vertex 2 at time interval: 6
	demands of vertex 3 at time interval: 6
	demands of vertex 4 at time interval: 6
	demands of vertex 5 at time interval: 6
	demands of vertex 6 at time interval: 6
	demands of vertex 7 at time interval: 6
	demands of vertex 8 at time interval: 6
	demands of vertex 9 at time interval: 6
	demands of vertex 10 at time interval: 6
	demands of vertex 11 at time interval: 6
	demands of vertex 12 at time interval: 6
	demands of vertex 13 at time interval: 6
	demands of vertex 14 at time interval: 6
	demands of vertex 15 at time interval: 6
	demands of vertex 16 at time interval: 6
	demands of vertex 17 at time interval: 6
	demands of vertex 18 at time interval: 6
	demands of vertex 19 at time interval: 6
	demands of vertex 20 at time interval: 6
	demands of vertex 21 at time interval: 6
	demands of vertex 22 at time interval: 0
	demands of vertex 23 at time interval: 0
	demands of vertex 24 at time interval: 0
	demands of vertex 25 at time interval: 6
	demands of vertex 26 at time interval: 6
	demands of vertex 27 at time interval: 6
	demands of vertex 28 at time interval: 6
	demands of vertex 29 at time interval: 6
	demands of vertex 30 at time interval: 6
	demands of vertex 31 at time interval: 6
	demands of vertex 32 at time interval: 6
	demands of vertex 33 at time interval: 6
	demands of vertex 34 at time interval: 6
	demands of vertex 35 at time interval: 6
	demands of vertex 36 at time interval: 6
	demands of vertex 37 at time interval: 6
	demands of vertex 38 at time interval: 6
	demands of vertex 39 at time interval: 6
	demands of vertex 40 at time interval: 6
	demands of vertex 41 at time interval: 6
	demands of vertex 42 at time interval: 6
	demands of vertex 43 at time interval: 6
	demands of vertex 44 at time interval: 6
	demands of vertex 45 at time interval: 6
	demands of vertex 46 at time interval: 0
	demands of vertex 47 at time interval: 6

maximum time = 36572
alpha = 52

>> Solving...
Version identifier: 20.1.0.0 | 2020-11-10 | 9bedb6d68
CPXPARAM_Threads                                 1
CPXPARAM_TimeLimit                               43200
Aggregator has done 1152 substitutions...
Tried aggregator 4 times.
MIP Presolve eliminated 80408 rows and 8964 columns.
MIP Presolve modified 122912 coefficients.
Aggregator did 1152 substitutions.
Reduced MIP has 262969 rows, 102057 columns, and 636087 nonzeros.
Reduced MIP has 101672 binaries, 0 generals, 0 SOSs, and 0 indicators.
Presolve time = 18.87 sec. (13039.82 ticks)
Probing fixed 18 vars, tightened 297 bounds.
Probing time = 15.63 sec. (2778.76 ticks)
Cover probing fixed 0 vars, tightened 3 bounds.
Tried aggregator 1 time.
Detecting symmetries...
Elapsed time for symmetry detection = 10.90 sec. (10001.60 ticks)
Elapsed time for symmetry detection = 21.67 sec. (20002.45 ticks)
Elapsed time for symmetry detection = 34.96 sec. (30003.76 ticks)
Elapsed time for symmetry detection = 44.34 sec. (40006.61 ticks)
Found 2.208829e+157298 symmetric permutations.
MIP Presolve eliminated 54 rows and 18 columns.
MIP Presolve modified 8388 coefficients.
Reduced MIP has 262915 rows, 102039 columns, and 635943 nonzeros.
Reduced MIP has 101654 binaries, 0 generals, 0 SOSs, and 0 indicators.
Presolve time = 58.21 sec. (47827.72 ticks)
Probing fixed 30 vars, tightened 0 bounds.
Probing time = 12.75 sec. (1558.09 ticks)
Clique table members: 436845.
MIP emphasis: balance optimality and feasibility.
MIP search method: dynamic search.
Parallel mode: none, using 1 thread.
Root relaxation solution time = 330.18 sec. (60776.40 ticks)

        Nodes                                         Cuts/
   Node  Left     Objective  IInf  Best Integer    Best Bound    ItCnt     Gap

      0     0     6742.0000 50864                   6742.0000    71685         
      0     0     6742.0000 49089                  Cuts: 4442    98212         
      0     0     7274.1192 42774                  Cuts: 4829   114187         
      0     0     7452.3414 49077                 Cuts: 10000   116811         
      0     0     7587.7348 49104                  Cuts: 4557   117322         
      0     0     7587.7348 49160                  Cuts: 4564   117915         

Repeating presolve.
Tried aggregator 1 time.
MIP Presolve eliminated 247170 rows and 98862 columns.
MIP Presolve modified 63 coefficients.
Reduced MIP has 15745 rows, 3177 columns, and 42648 nonzeros.
Reduced MIP has 2792 binaries, 0 generals, 0 SOSs, and 0 indicators.
Presolve time = 1.11 sec. (643.12 ticks)
Probing fixed 0 vars, tightened 1 bounds.
Probing time = 0.06 sec. (28.23 ticks)
Tried aggregator 1 time.
Detecting symmetries...
Reduced MIP has 15745 rows, 3177 columns, and 42648 nonzeros.
Reduced MIP has 2792 binaries, 0 generals, 0 SOSs, and 0 indicators.
Presolve time = 0.22 sec. (113.27 ticks)
Represolve time = 2.48 sec. (2028.50 ticks)
Probing time = 0.04 sec. (14.62 ticks)
Clique table members: 24692.
MIP emphasis: balance optimality and feasibility.
MIP search method: dynamic search.
Parallel mode: none, using 1 thread.
Root relaxation solution time = 0.84 sec. (455.97 ticks)

        Nodes                                         Cuts/
   Node  Left     Objective  IInf  Best Integer    Best Bound    ItCnt     Gap

      0     0     7587.7348  1577                   7587.7348   123019         
      0     0     9956.4387  1648                  Cuts: 2537   124921         
      0     0    10231.5628  1741                   Cuts: 853   125362         
      0     0    10398.2336  1728                   Cuts: 404   125614         
      0     0    10460.7006  1592                   Cuts: 221   125865         
      0     0    10460.7006  1666                   Cuts: 267   126050         
      0     0    10460.7006  1451                    Cuts: 16   126237         
      0     0    10460.7006  1488                   Cuts: 443   126388         
      0     2    10460.7006  1426                  11315.4519   126388         
Elapsed time = 2346.24 sec. (584682.67 ticks, tree = 0.01 MB, solutions = 0)
      2     4    14438.0000  1617                  14438.0000   132050         
     10     8    29876.0000   138                  14438.0000   132574         
*    20+    8                        35394.0000    14438.0000            59.21%
     28    11    28876.0000  1074    35394.0000    14438.0000   135019   59.21%
     44    27    28876.0000   571    35394.0000    14438.0000   135483   59.21%
     56    39    29274.0000   184    35394.0000    14438.0000   136352   59.21%
     68    49    29460.0000   202    35394.0000    14438.0000   136803   59.21%
     80    56    29646.0000   142    35394.0000    14438.0000   136934   59.21%
     95    67    30406.0000    92    35394.0000    14438.0000   137344   59.21%
    113    72    14438.0000  1610    35394.0000    14438.0000   138178   59.21%
    150   109    14438.0000  1575    35394.0000    14438.0000   138220   59.21%
Elapsed time = 2351.80 sec. (589151.74 ticks, tree = 1.09 MB, solutions = 1)
    200   159    14438.0000  1529    35394.0000    14438.0000   138273   59.21%
    280   239    28876.0000   940    35394.0000    14438.0000   141485   59.21%
    368   288    33923.0000   374    35394.0000    14438.0000   145202   59.21%
    486   358    29543.0000   384    35394.0000    14438.0000   149263   59.21%
    610   384    34477.0000   120    35394.0000    14438.0000   155674   59.21%
*   619   358      integral     0    34839.0000    14438.0000   155874   58.56%
    623   355    33923.0000   200    34839.0000    14438.0000   156968   58.56%
    647   363    34285.0000    38    34839.0000    14438.0000   157204   58.56%
    738   381    33923.0000   628    34839.0000    14438.0000   161004   58.56%
    809   409    34378.0000   160    34839.0000    14438.0000   165809   58.56%
    870   410    34076.0000   384    34839.0000    14438.0000   171228   58.56%
Elapsed time = 2371.07 sec. (599426.89 ticks, tree = 2.62 MB, solutions = 2)
    916   436    29869.0000   484    34839.0000    14438.0000   178366   58.56%
    940   443    14800.0000  1061    34839.0000    14438.0000   183960   58.56%
    956   447    14976.0000  1054    34839.0000    14438.0000   191725   58.56%
   1011   469    14893.0000   770    34839.0000    14438.0000   198930   58.56%
   1028   475    14800.0000   883    34839.0000    14438.0000   205432   58.56%
   1063   497    infeasible          34839.0000    14438.0000   212829   58.56%
   1105   512    34016.0000   665    34839.0000    14438.0000   218920   58.56%
   1167   546    34016.0000   689    34839.0000    14438.0000   227230   58.56%
   1216   567    34016.0000   430    34839.0000    14438.0000   232656   58.56%
   1258   584    14624.0000  1239    34839.0000    14438.0000   239838   58.56%
Elapsed time = 2394.25 sec. (609639.60 ticks, tree = 3.79 MB, solutions = 2)
   1293   603    14976.0000   686    34839.0000    14438.0000   245336   58.56%
   1320   613    14800.0000  1052    34839.0000    14438.0000   253941   58.56%
   1338   615    14976.0000   749    34839.0000    14438.0000   259869   58.56%
   1411   646    14717.0000  1144    34839.0000    14438.0000   266962   58.56%
   1443   665    15069.0000   814    34839.0000    14438.0000   272949   58.56%

Performing restart 1

Repeating presolve.
Tried aggregator 1 time.
Reduced MIP has 15745 rows, 3177 columns, and 42648 nonzeros.
Reduced MIP has 2792 binaries, 0 generals, 0 SOSs, and 0 indicators.
Presolve time = 0.17 sec. (105.03 ticks)
Tried aggregator 1 time.
Reduced MIP has 15745 rows, 3177 columns, and 42648 nonzeros.
Reduced MIP has 2792 binaries, 0 generals, 0 SOSs, and 0 indicators.
Presolve time = 0.25 sec. (113.71 ticks)
Represolve time = 1.06 sec. (374.68 ticks)
   1494     0    11940.0835  1068    34839.0000    Cuts: 2286   282493   58.56%
   1494     0    13081.3573  1154    34839.0000    Cuts: 1442   282994   58.56%
   1494     0    14438.0000  1713    34839.0000    Cuts: 1208   284374   58.56%
   1494     0    14438.0000  1829    34839.0000    Cuts: 1989   286791   58.56%
   1494     0    14438.0092  1915    34839.0000    Cuts: 2120   289157   58.56%
   1494     0    14438.0399  1920    34839.0000    Cuts: 2055   290072   58.56%
   1494     0    14438.2731  1869    34839.0000    Cuts: 1384   291715   58.56%
   1494     0    14438.3400  1616    34839.0000    Cuts: 1397   292893   58.56%
   1494     0    14438.3474  1841    34839.0000    Cuts: 1114   293382   58.56%
   1494     0    14438.3474  1979    34839.0000    Cuts: 1444   294138   58.56%
   1494     0    14438.3474  1581    34839.0000    Cuts: 1228   295217   58.56%
   1494     0    14438.4102  1614    34839.0000     Cuts: 671   295847   58.56%
   1494     0    14438.4102  1516    34839.0000     Cuts: 307   296828   58.56%
   1494     0    14438.4102  1623    34839.0000     Cuts: 653   298049   58.56%
*  1494+    0                        34590.0000    14438.4102            58.26%
   1494     0  -1.00000e+75     0    34590.0000    14438.4102   298049   58.26%
   1494     2    14438.4102  1387    34590.0000    14450.1844   298050   58.22%
   1525    19    15069.0000   698    34590.0000    14707.0000   301533   57.48%
   1544    32    14800.6880   568    34590.0000    14707.0000   305092   57.48%
   1571    48    15105.0000   588    34590.0000    14707.0000   311745   57.48%
   1604    73    15560.0000   432    34590.0000    14707.0000   314013   57.48%
Elapsed time = 2465.93 sec. (649044.10 ticks, tree = 0.34 MB, solutions = 3)
   1643    91    29145.0000   750    34590.0000    14707.0000   318933   57.48%
*  1669   105      integral     0    34570.0000    14707.0000   320234   57.46%
   1698   117    14707.0000  1101    34570.0000    14707.0000   323688   57.46%
   1760   167    16460.0000   319    34570.0000    14707.0000   326488   57.46%
   1794   189    20023.0000   522    34570.0000    14707.0000   329983   57.46%
   1820   207    14976.0000   964    34570.0000    14707.0000   332845   57.46%
   1912   261    14707.3891   816    34570.0000    14707.3891   337258   57.46%
   1954   290    15162.0000   845    34570.0000    14709.5000   341154   57.45%
   1999   321    14976.0000   810    34570.0000    14753.5000   343278   57.32%
   2031   347    14753.5000   722    34570.0000    14753.5000   347086   57.32%
   2072   378    14800.3784  1253    34570.0000    14800.0000   351503   57.19%
Elapsed time = 2498.38 sec. (660218.54 ticks, tree = 1.88 MB, solutions = 4)
   2094   394    20308.3847   272    34570.0000    14800.0000   354778   57.19%
   2125   406    15069.0000   543    34570.0000    14800.0000   356775   57.19%
   2178   434    15069.0000   460    34570.0000    14800.0000   362166   57.19%
   2235   468    14976.0000   626    34570.0000    14800.0000   365472   57.19%
   2287   505    15245.0000   489    34570.0000    14800.0000   368937   57.19%
   2348   539    14800.0000   509    34570.0000    14800.0000   371882   57.19%
   2376   554    14800.5606   882    34570.0000    14800.0000   376567   57.19%
   2387   563    14976.8581   594    34570.0000    14800.0000   382469   57.19%
   2434   594    15648.5000   481    34570.0000    14800.1659   387214   57.19%
   2453   605    14976.0000   729    34570.0000    14800.1659   389068   57.19%
Elapsed time = 2529.04 sec. (670979.99 ticks, tree = 3.02 MB, solutions = 4)
   2487   627    14800.1659   839    34570.0000    14800.1659   393916   57.19%
   2524   655    14846.5000   868    34570.0000    14800.5606   399831   57.19%
   2532   663    15069.0000   647    34570.0000    14800.5606   406023   57.19%
   2589   696    14800.5606  1230    34570.0000    14800.5606   413738   57.19%
   2606   710    15876.0000   636    34570.0000    14800.5606   420317   57.19%
   2636   726    15069.0000   806    34570.0000    14800.6880   426027   57.19%
   2651   733    15022.5000   702    34570.0000    14800.6880   429416   57.19%
   2685   757    15115.5000   866    34570.0000    14800.8581   434949   57.19%
   2688   756    14800.8581  1222    34570.0000    14800.8581   437078   57.19%
   2732   785    14800.8581  1050    34570.0000    14800.8581   443551   57.19%
Elapsed time = 2565.57 sec. (684464.79 ticks, tree = 3.93 MB, solutions = 4)
   2765   805    15374.0000   759    34570.0000    14800.8581   450235   57.19%
   2787   819    14800.8581   864    34570.0000    14800.8581   453424   57.19%
   2797   828    15246.7162   588    34570.0000    14800.8581   458849   57.19%
   2822   846    15162.0000   658    34570.0000    14800.8581   464472   57.19%
   2827   848    15374.0000   813    34570.0000    14800.8581   468111   57.19%
   2848   860    14800.8581  1220    34570.0000    14800.8581   473733   57.19%
   2908   896    15374.0000   748    34570.0000    14805.0000   480974   57.17%
   2916   901    14981.0000   656    34570.0000    14810.1553   484443   57.16%
   2949   926    15607.0000   473    34570.0000    14810.1553   490237   57.16%
   2962   933    14841.5000   757    34570.0000    14810.1553   493107   57.16%
Elapsed time = 2595.72 sec. (695424.38 ticks, tree = 4.66 MB, solutions = 4)
   2970   939    15162.0000   606    34570.0000    14810.1553   499920   57.16%
   2973   938    infeasible          34570.0000    14810.1553   502268   57.16%
   2975   938    infeasible          34570.0000    14810.1553   502827   57.16%
   2976   937    infeasible          34570.0000    14810.1553   503822   57.16%
   2978   939    14976.0000   558    34570.0000    14810.1553   505648   57.16%
   2980   939    infeasible          34570.0000    14810.1553   506927   57.16%
   2983   942    16052.0000   356    34570.0000    14810.1553   507897   57.16%
   2985   942    16052.0000   263    34570.0000    14810.1553   508202   57.16%
   2988   941    infeasible          34570.0000    14810.1553   508592   57.16%
   2991   942    infeasible          34570.0000    14810.1553   508822   57.16%
Elapsed time = 2624.57 sec. (708097.48 ticks, tree = 4.72 MB, solutions = 4)
   2993   942    14841.5000   731    34570.0000    14810.2542   510953   57.16%
   2995   944    15079.8178   550    34570.0000    14810.2542   511826   57.16%
   2997   946    15514.0000   357    34570.0000    14810.2542   512204   57.16%
   2999   946    15514.0000   320    34570.0000    14810.2542   512277   57.16%
   3001   946    infeasible          34570.0000    14810.2542   512432   57.16%
   3004   949    15644.1742   209    34570.0000    14810.2542   512553   57.16%
   3008   951    15772.0000   161    34570.0000    14810.2542   512658   57.16%
   3013   956    16041.0000    16    34570.0000    14810.2542   512880   57.16%
*  3014+  784                        16181.0000    14810.2542             8.47%
   3017   783    infeasible          16181.0000    14841.5000   513834    8.28%
   3021   783    15245.0000   397    16181.0000    14841.5000   517793    8.28%
Elapsed time = 2668.50 sec. (723512.22 ticks, tree = 3.91 MB, solutions = 5)
   3027   787    infeasible          16181.0000    14841.5000   518359    8.28%
   3040   786    infeasible          16181.0000    14846.5000   521019    8.25%
   3045   787    15245.0000   496    16181.0000    14860.0000   531164    8.16%
   3050   786    infeasible          16181.0000    14893.5606   532648    7.96%
   3054   784    15250.0000   464    16181.0000    14893.6141   538243    7.96%
   3061   781    infeasible          16181.0000    14924.6894   540968    7.76%
   3069   783    15338.0000   511    16181.0000    14934.5000   547601    7.70%
   3102   798    14981.0000   741    16181.0000    14934.5000   557714    7.70%
   3111   801    14939.5000   807    16181.0000    14939.5000   567075    7.67%
   3117   802    14939.5000   768    16181.0000    14939.5000   573734    7.67%
Elapsed time = 2796.57 sec. (766847.42 ticks, tree = 4.01 MB, solutions = 5)
   3125   801    infeasible          16181.0000    14976.0000   584347    7.45%
   3155   815    14976.0000   738    16181.0000    14976.0000   595669    7.45%
   3199   833    infeasible          16181.0000    14976.0000   608007    7.45%
   3306   909    15643.0000   314    16181.0000    14976.0000   617721    7.45%
   3357   939    infeasible          16181.0000    14976.0000   631663    7.45%
   3514  1032    15783.0000   193    16181.0000    14976.0000   638815    7.45%
   3714  1160    16052.0000   152    16181.0000    14976.0000   646911    7.45%
   3905  1267    15245.0000   223    16181.0000    14976.0000   652012    7.45%
   3955  1290    infeasible          16181.0000    14976.0000   660827    7.45%
   4076  1369    infeasible          16181.0000    14976.0000   670562    7.45%
Elapsed time = 2911.84 sec. (808234.32 ticks, tree = 6.96 MB, solutions = 5)
   4180  1431    15969.0000   303    16181.0000    14976.0000   680188    7.45%
   4241  1465    15245.0000   765    16181.0000    14976.0000   694131    7.45%
   4283  1494    15022.5000   765    16181.0000    14976.0000   701154    7.45%
   4323  1515    15245.0000   721    16181.0000    14976.0000   712843    7.45%
   4365  1544    15203.5000   568    16181.0000    14976.0000   721248    7.45%
   4428  1570    15245.0000   604    16181.0000    14976.0000   731319    7.45%
   4485  1604    15007.0000   760    16181.0000    14976.0000   744919    7.45%
   4538  1638    14976.0000   772    16181.0000    14976.0000   752029    7.45%
   4603  1680    infeasible          16181.0000    14976.0000   759768    7.45%
   4645  1705    15431.0000   589    16181.0000    14976.0000   768404    7.45%
Elapsed time = 3015.58 sec. (848877.18 ticks, tree = 8.75 MB, solutions = 5)
   4660  1711    15245.0000   576    16181.0000    14976.0000   781418    7.45%
   4688  1727    infeasible          16181.0000    14976.0000   786946    7.45%
   4726  1753    15876.0000   353    16181.0000    14976.0000   795756    7.45%
   4757  1767    14976.0000   504    16181.0000    14976.0000   808216    7.45%
   4839  1819        cutoff          16181.0000    14976.0000   815032    7.45%
   4886  1831    14976.8554   560    16181.0000    14976.2171   827459    7.45%
   5027  1914    infeasible          16181.0000    14976.4798   836062    7.44%
   5101  1951    15514.0000   633    16181.0000    14977.1742   843261    7.44%
   5219  2018    15245.0000   733    16181.0000    14981.0000   853611    7.42%
   5237  2027    15162.0000   666    16181.0000    14981.0000   861676    7.42%
Elapsed time = 3113.79 sec. (888955.72 ticks, tree = 10.46 MB, solutions = 5)
   5315  2056    15338.0000   638    16181.0000    14986.0000   872022    7.39%
   5384  2089    15069.1658   495    16181.0000    14986.0750   884716    7.38%
   5442  2124    14986.0750   698    16181.0000    14986.0750   891923    7.38%
   5479  2143    infeasible          16181.0000    14986.0750   901042    7.38%
   5529  2170    15255.0750   665    16181.0000    14986.0750   912083    7.38%
   5601  2209    15019.5763   587    16181.0000    14986.0750   921160    7.38%
   5647  2214    infeasible          16181.0000    14986.6880   934334    7.38%
   5722  2253    15069.0000   510    16181.0000    15019.5763   944810    7.18%
   5788  2279    15291.5000   829    16181.0000    15022.5000   954368    7.16%
   5826  2300    16145.0000   265    16181.0000    15022.5000   966109    7.16%
Elapsed time = 3212.03 sec. (929602.40 ticks, tree = 12.00 MB, solutions = 5)
   5866  2326        cutoff          16181.0000    15022.5000   976321    7.16%
   5912  2336    15291.5000   625    16181.0000    15022.5000   985143    7.16%
   6012  2393    infeasible          16181.0000    15022.5000   996488    7.16%
   6078  2432    15045.1077   818    16181.0000    15045.1077  1008207    7.02%
   6151  2459    15245.2619   459    16181.0000    15069.0000  1018879    6.87%
   6187  2475    15248.6228   595    16181.0000    15069.0000  1028093    6.87%
   6303  2529    15514.0000   338    16181.0000    15069.0000  1034872    6.87%
   6487  2610    15514.2619   160    16181.0000    15069.0000  1042858    6.87%
   6561  2645    16041.0000    88    16181.0000    15069.0000  1053990    6.87%
   6698  2717    15245.0000   365    16181.0000    15069.0000  1065674    6.87%
Elapsed time = 3324.16 sec. (968837.54 ticks, tree = 14.19 MB, solutions = 5)
   6818  2776    15514.0000   103    16181.0000    15069.0000  1076197    6.87%
   6932  2839    15607.0000   325    16181.0000    15069.0000  1085513    6.87%
   7097  2923    15245.0000   421    16181.0000    15069.0000  1095968    6.87%
   7219  2974    15274.1417   743    16181.0000    15069.8553  1102985    6.87%
   7338  3038    infeasible          16181.0000    15070.3021  1112450    6.86%
   7449  3071    15379.5000   640    16181.0000    15110.5000  1125533    6.62%
   7525  3113    15514.0000   465    16181.0000    15110.5000  1132242    6.62%
   7595  3146    15291.5000   629    16181.0000    15115.5000  1145152    6.58%
   7722  3209    15157.0000   554    16181.0000    15157.0000  1155958    6.33%
   7807  3237    15783.0000   307    16181.0000    15162.0000  1166298    6.30%
Elapsed time = 3432.38 sec. (1008578.73 ticks, tree = 16.97 MB, solutions = 5)
   7863  3259    infeasible          16181.0000    15162.0000  1178983    6.30%
   7941  3271    15702.7415   354    16181.0000    15198.0000  1189980    6.08%
   7999  3303    16052.0000   172    16181.0000    15203.5000  1200508    6.04%
   8115  3321    15245.0000   486    16181.0000    15245.0000  1213929    5.78%
   8178  3350    15245.0000   580    16181.0000    15245.0000  1223277    5.78%
   8239  3370    15288.5763   634    16181.0000    15245.0000  1233542    5.78%
   8305  3398    infeasible          16181.0000    15245.0000  1246093    5.78%
   8504  3468    infeasible          16181.0000    15245.0000  1257046    5.78%
   8650  3535    16052.0000   144    16181.0000    15245.0000  1263110    5.78%
   8990  3690    15245.0000   214    16181.0000    15245.0000  1271875    5.78%
Elapsed time = 3540.27 sec. (1048818.35 ticks, tree = 19.41 MB, solutions = 5)
   9170  3788    16052.0000   214    16181.0000    15245.0000  1278259    5.78%
   9347  3890    15783.0000   315    16181.0000    15245.0000  1288073    5.78%
   9570  4003    15245.0000   373    16181.0000    15245.0000  1294572    5.78%
   9803  4113    infeasible          16181.0000    15245.0000  1302748    5.78%
   9980  4209    15514.0000   364    16181.0000    15245.0000  1312884    5.78%
  10145  4292    16052.0000   108    16181.0000    15245.0000  1317855    5.78%
  10318  4379    15338.0075   315    16181.0000    15245.0000  1331046    5.78%
  10418  4408    15607.0000   173    16181.0000    15245.0000  1340981    5.78%
  10619  4520    15783.0000   295    16181.0000    15245.0000  1353630    5.78%
  10745  4564    15245.0000   569    16181.0000    15245.0000  1365900    5.78%
Elapsed time = 3639.89 sec. (1090751.69 ticks, tree = 24.34 MB, solutions = 5)
  10835  4610    15514.0000   348    16181.0000    15245.0000  1375934    5.78%
  11020  4680    infeasible          16181.0000    15245.0000  1389835    5.78%
  11124  4729    16145.0000   102    16181.0000    15245.0000  1400779    5.78%
  11159  4728    15783.0000   362    16181.0000    15245.0000  1409835    5.78%
  11230  4765    infeasible          16181.0000    15245.0000  1419703    5.78%
  11309  4802    15245.0000   602    16181.0000    15245.0000  1426650    5.78%
  11454  4874    infeasible          16181.0000    15245.0000  1438463    5.78%
  11592  4938    15783.0000   216    16181.0000    15245.0000  1445980    5.78%
  11872  5045    15374.0000   126    16181.0000    15245.2619  1454680    5.78%
  12090  5149    15783.0000   286    16181.0000    15245.3847  1460874    5.78%
Elapsed time = 3781.08 sec. (1173769.44 ticks, tree = 27.58 MB, solutions = 5)
  12399  5260    infeasible          16181.0000    15246.9901  1469671    5.77%
  12573  5302    15783.0000    88    16181.0000    15271.7182  1479226    5.62%
  12601  5309    15271.7182   831    16181.0000    15271.7182  1492856    5.62%
  12652  5329    15557.5763   477    16181.0000    15288.5763  1503924    5.52%
  12755  5363    15917.5000   185    16181.0000    15291.5000  1515921    5.50%
  12905  5347    15514.0000   441    16181.0000    15338.0000  1531138    5.21%
  13106  5365    15607.0000   316    16181.0000    15338.0000  1540016    5.21%
  13253  5418    16051.9999   118    16181.0000    15338.0000  1547842    5.21%
  13501  5440    15912.0000    46    16181.0000    15338.0000  1558886    5.21%
  13876  5513        cutoff          16181.0000    15374.0000  1566989    4.99%
Elapsed time = 3899.69 sec. (1216613.10 ticks, tree = 29.73 MB, solutions = 5)
  14055  5557    15374.0000   801    16181.0000    15374.0000  1579417    4.99%
  14252  5582    15876.0000   313    16181.0000    15431.0000  1586789    4.64%
  14412  5552    15772.0000    34    16181.0000    15503.0000  1595318    4.19%
  14751  5651    15783.0000   114    16181.0000    15514.0000  1602767    4.12%
  14905  5684        cutoff          16181.0000    15514.0000  1611563    4.12%
  15287  5800    16052.0000    98    16181.0000    15514.0000  1619718    4.12%
  15646  5901        cutoff          16181.0000    15514.0000  1625788    4.12%
  16116  6052    infeasible          16181.0000    15514.0000  1633537    4.12%
  16538  6136    16041.0000    28    16181.0000    15514.0000  1639854    4.12%
  16865  6288    infeasible          16181.0000    15514.0000  1644942    4.12%
Elapsed time = 4019.82 sec. (1257894.29 ticks, tree = 34.25 MB, solutions = 5)
  17232  6429    16052.0000   102    16181.0000    15514.0000  1650494    4.12%
  17541  6554    15783.0000    83    16181.0000    15514.0000  1658222    4.12%
  17884  6638    15783.0000   154    16181.0000    15514.0000  1668355    4.12%
  18073  6706    15783.0000    27    16181.0000    15514.0000  1674839    4.12%
  18418  6845    16145.0000   163    16181.0000    15514.0000  1684445    4.12%
  18710  6926        cutoff          16181.0000    15514.0000  1693188    4.12%
  18923  7009    15643.0000   118    16181.0000    15514.0000  1699595    4.12%
  19212  7121    infeasible          16181.0000    15514.0000  1710347    4.12%
  19453  7229    15783.2619   106    16181.0000    15514.0000  1715653    4.12%
  19706  7320    15514.0000   206    16181.0000    15514.0000  1726021    4.12%
Elapsed time = 4094.45 sec. (1297971.07 ticks, tree = 40.09 MB, solutions = 5)
  19892  7366    15543.3752   142    16181.0000    15514.0000  1736069    4.12%
  20113  7449    16052.0000   137    16181.0000    15514.0000  1746304    4.12%
  20406  7536    15783.0000   208    16181.0000    15514.0000  1754724    4.12%
  20636  7572        cutoff          16181.0000    15514.0000  1768269    4.12%
  20863  7658    15784.9901   186    16181.0000    15514.0000  1780631    4.12%
  21049  7720    16101.0000    68    16181.0000    15514.0000  1793301    4.12%
  21218  7769    15514.0000   296    16181.0000    15514.0000  1802516    4.12%
  21404  7835    15530.4490   214    16181.0000    15514.0000  1813633    4.12%
  21611  7913    15783.0000   118    16181.0000    15514.2619  1823470    4.12%
  21787  7985    15783.0000   142    16181.0000    15514.2619  1830685    4.12%
Elapsed time = 4169.66 sec. (1342117.62 ticks, tree = 43.89 MB, solutions = 5)
  22162  8142    15783.0000   102    16181.0000    15514.3847  1838117    4.12%
  22531  8297    16052.0000    94    16181.0000    15515.1742  1846535    4.11%
  22876  8429    15784.1742    58    16181.0000    15516.4820  1854741    4.11%
  23094  8417    16052.0000    38    16181.0000    15574.0000  1865190    3.75%
  23494  8448    16005.0000    61    16181.0000    15607.0000  1871667    3.55%
  23836  8463    15877.1742   165    16181.0000    15607.0000  1881431    3.55%
  24061  8527    15783.0000    80    16181.0000    15607.0000  1890095    3.55%
  24397  8593    16170.0000    38    16181.0000    15643.0000  1896985    3.32%
  24817  8706    16041.0000    16    16181.0000    15643.0000  1902299    3.32%
  25264  8786        cutoff          16181.0000    15643.0000  1906469    3.32%
Elapsed time = 4249.33 sec. (1384651.00 ticks, tree = 48.99 MB, solutions = 5)
  25751  8944    16041.0000    38    16181.0000    15643.0000  1912148    3.32%
  26206  9092    15643.0000    40    16181.0000    15643.0000  1917416    3.32%
  26668  9188    15772.0000    46    16181.0000    15643.0000  1922753    3.32%
  27034  9314    15912.0000    38    16181.0000    15643.0000  1926583    3.32%
  27399  9434    15912.2619    94    16181.0000    15643.0000  1931186    3.32%
  27792  9538    infeasible          16181.0000    15643.0000  1936001    3.32%
  28239  9655        cutoff          16181.0000    15643.0000  1941807    3.32%
  28658  9768        cutoff          16181.0000    15643.2619  1945903    3.32%
  29031  9898    16052.0000     8    16181.0000    15648.5000  1955092    3.29%
  29386  9824    16101.0000    18    16181.0000    15703.0000  1961808    2.95%
Elapsed time = 4319.16 sec. (1425103.46 ticks, tree = 54.96 MB, solutions = 5)
  29989  9872    infeasible          16181.0000    15736.0000  1967156    2.75%
  30328  9886    infeasible          16181.0000    15772.0000  1970944    2.53%
  30773  9894    16041.0000    12    16181.0000    15772.0000  1974486    2.53%
  31209  9949    15772.0000    14    16181.0000    15772.0000  1978127    2.53%
  31637  9956    infeasible          16181.0000    15772.0000  1980947    2.53%
  32069 10028    infeasible          16181.0000    15772.0000  1984562    2.53%
  32501 10098    15901.0000    16    16181.0000    15772.0000  1988122    2.53%
  32943 10094    infeasible          16181.0000    15772.0000  1991495    2.53%
  33294 10133    15783.0000    70    16181.0000    15783.0000  1998217    2.46%
  33717 10211    15912.0000    72    16181.0000    15783.0000  2005121    2.46%
Elapsed time = 4395.91 sec. (1464776.99 ticks, tree = 57.32 MB, solutions = 5)
  34007 10277    infeasible          16181.0000    15783.0000  2012693    2.46%
  34381 10353    15783.0000   170    16181.0000    15783.0000  2020842    2.46%
  34604 10404    infeasible          16181.0000    15783.0000  2026587    2.46%
  35070 10498    infeasible          16181.0000    15783.0000  2031997    2.46%
  35494 10552    infeasible          16181.0000    15783.0000  2035754    2.46%
  35790 10589        cutoff          16181.0000    15783.0000  2039384    2.46%
  36267 10672    15912.0000    13    16181.0000    15783.0000  2044534    2.46%
  36619 10743    16052.0000    70    16181.0000    15783.0000  2050655    2.46%
  37123 10872    15912.0000    70    16181.0000    15783.0000  2055474    2.46%
  37539 10895        cutoff          16181.0000    15783.0000  2061906    2.46%
Elapsed time = 4468.54 sec. (1506291.23 ticks, tree = 61.32 MB, solutions = 5)
  37898 10920    15912.0000    55    16181.0000    15783.0000  2069765    2.46%
  38321 10995    infeasible          16181.0000    15783.0000  2075308    2.46%
  38649 11054    16170.0000    36    16181.0000    15783.0000  2079201    2.46%
  39056 11115    16052.0000    32    16181.0000    15783.0000  2087807    2.46%
  39389 11169    16181.0000    22    16181.0000    15783.0000  2093810    2.46%
  39735 11224    15784.1742     8    16181.0000    15783.0000  2100883    2.46%
  40196 11282        cutoff          16181.0000    15783.0000  2108419    2.46%
  40483 11324    15783.0000     8    16181.0000    15783.0000  2113561    2.46%
  40841 11396    infeasible          16181.0000    15783.0000  2121391    2.46%
  41195 11467    16052.0000    12    16181.0000    15783.0000  2128093    2.46%
Elapsed time = 4541.01 sec. (1548292.18 ticks, tree = 64.80 MB, solutions = 5)
  41525 11525    15912.0000     8    16181.0000    15783.0000  2135238    2.46%
  41799 11564    16041.0000    53    16181.0000    15783.0000  2142542    2.46%
  42167 11617    16052.0000    76    16181.0000    15783.0000  2150046    2.46%
  42516 11655    16041.0000   153    16181.0000    15783.0000  2158396    2.46%
  42773 11699    15912.0000     8    16181.0000    15783.0000  2166548    2.46%
  43115 11741    16101.0000     4    16181.0000    15783.0000  2175579    2.46%
  43375 11755    15912.0000    51    16181.0000    15783.0000  2184076    2.46%
  43659 11749    infeasible          16181.0000    15783.0000  2193990    2.46%
  44006 11753    16170.0000    14    16181.0000    15783.0000  2202512    2.46%
  44251 11802    16052.0000    10    16181.0000    15783.0000  2207811    2.46%
Elapsed time = 4611.53 sec. (1591107.40 ticks, tree = 66.94 MB, solutions = 5)
  44545 11857    15912.0000    26    16181.0000    15783.0000  2214653    2.46%
  44852 11920    16052.2619    10    16181.0000    15783.2619  2224385    2.46%
  45150 11991        cutoff          16181.0000    15783.3847  2229682    2.46%
  45527 12057    15784.1742    14    16181.0000    15784.1742  2237699    2.45%
  45873 12060    16052.0000    59    16181.0000    15805.1392  2244727    2.32%
  46279 12010    infeasible          16181.0000    15832.0000  2249100    2.16%
  46682 11952    16052.0000     2    16181.0000    15876.0000  2254588    1.88%
  47243 11811    infeasible          16181.0000    15876.0000  2260898    1.88%
  47677 11653    infeasible          16181.0000    15876.0000  2265694    1.88%
  48131 11471    16170.0000     8    16181.0000    15901.0000  2273124    1.73%
Elapsed time = 4687.12 sec. (1632626.07 ticks, tree = 65.41 MB, solutions = 5)
  48624 11356    16101.0000     8    16181.0000    15912.0000  2277713    1.66%
  49072 11344    infeasible          16181.0000    15912.0000  2282981    1.66%
  49437 11345    16041.0000    48    16181.0000    15912.0000  2287476    1.66%
  49958 11262    16170.0000    14    16181.0000    15912.0000  2292466    1.66%
  50438 11163    infeasible          16181.0000    15912.0000  2297257    1.66%
  50838 11117        cutoff          16181.0000    15912.0000  2300468    1.66%
  51397 11011    16005.0000    12    16181.0000    15912.0000  2306730    1.66%
  51868 10877    infeasible          16181.0000    15912.0000  2310824    1.66%
  52360 10816    16041.0000    17    16181.0000    15912.0000  2315767    1.66%
  52742 10792    16101.0000     2    16181.0000    15912.0000  2319129    1.66%
Elapsed time = 4766.79 sec. (1674741.84 ticks, tree = 61.83 MB, solutions = 5)
  53213 10745        cutoff          16181.0000    15912.0000  2323409    1.66%
  53690 10716    16041.0000    14    16181.0000    15912.0000  2327829    1.66%
  54084 10707        cutoff          16181.0000    15912.0000  2330477    1.66%
  54494 10717    16041.0000    18    16181.0000    15912.0000  2333955    1.66%
  54925 10726    16101.0000     6    16181.0000    15912.0000  2337531    1.66%
  55373 10643    infeasible          16181.0000    15912.0000  2342871    1.66%
  55724 10633        cutoff          16181.0000    15912.0000  2347427    1.66%
  56172 10634    15912.0000    12    16181.0000    15912.0000  2351274    1.66%
  56640 10616    infeasible          16181.0000    15912.0000  2355588    1.66%
  56976 10604        cutoff          16181.0000    15912.0000  2359862    1.66%
Elapsed time = 4838.92 sec. (1715249.65 ticks, tree = 60.94 MB, solutions = 5)
  57431 10573    16041.0000     6    16181.0000    15912.0000  2365747    1.66%
  57804 10570    15912.0000   125    16181.0000    15912.0000  2371979    1.66%
  58098 10508        cutoff          16181.0000    15912.0000  2378495    1.66%
  58573 10459        cutoff          16181.0000    15912.0008  2383467    1.66%
  58936 10389        cutoff          16181.0000    15913.9901  2388511    1.65%
  59439 10054    infeasible          16181.0000    15972.0000  2391308    1.29%
  59915  9887        cutoff          16181.0000    16005.0000  2394648    1.09%
  60413  9632    infeasible          16181.0000    16005.0000  2396786    1.09%
  60840  9416    16180.9999     4    16181.0000    16041.0000  2398711    0.87%
  61385  9184    16170.0000    16    16181.0000    16041.0000  2401448    0.87%
Elapsed time = 4907.72 sec. (1755155.17 ticks, tree = 53.02 MB, solutions = 5)
  61854  8924    infeasible          16181.0000    16041.0000  2403164    0.87%
  62370  8730    infeasible          16181.0000    16041.0000  2406219    0.87%
  62840  8541    infeasible          16181.0000    16041.0000  2407932    0.87%
  63270  8346    infeasible          16181.0000    16041.0000  2410918    0.87%
  63604  8176    16041.0000    50    16181.0000    16041.0000  2412548    0.87%
  64065  7995    16101.0000    27    16181.0000    16041.0000  2414954    0.87%
  64485  7807        cutoff          16181.0000    16041.0000  2416874    0.87%
  64921  7647        cutoff          16181.0000    16041.0000  2419752    0.87%
  65314  7467    infeasible          16181.0000    16041.0000  2422320    0.87%
  65777  7248    16170.0000    76    16181.0000    16041.0000  2424103    0.87%
Elapsed time = 4982.31 sec. (1794237.87 ticks, tree = 41.96 MB, solutions = 5)
  66212  7086    16041.0000    18    16181.0000    16041.0000  2426516    0.87%
  66622  6896        cutoff          16181.0000    16041.0000  2430364    0.87%
  67116  6671    infeasible          16181.0000    16051.9999  2433139    0.80%
  67490  6558        cutoff          16181.0000    16052.0000  2438255    0.80%
  67886  6267    16052.0000     2    16181.0000    16052.0000  2444338    0.80%
  68251  6077    infeasible          16181.0000    16052.0000  2448419    0.80%
  68620  5911    16052.0000    36    16181.0000    16052.0000  2452550    0.80%
  68914  5749        cutoff          16181.0000    16052.0000  2455966    0.80%
  69344  5452        cutoff          16181.0000    16052.0000  2461123    0.80%
  69769  5134    infeasible          16181.0000    16052.0000  2466948    0.80%
Elapsed time = 5061.28 sec. (1834428.71 ticks, tree = 29.93 MB, solutions = 5)
  70292  4722        cutoff          16181.0000    16052.0000  2472102    0.80%
  70641  4492    infeasible          16181.0000    16052.0000  2478538    0.80%
  71076  4186        cutoff          16181.0000    16052.0000  2485937    0.80%
  71567  3811    infeasible          16181.0000    16101.0000  2488919    0.49%
  71993  3420    infeasible          16181.0000    16101.0000  2489831    0.49%
  72317  3144        cutoff          16181.0000    16134.0000  2490691    0.29%
  73219  2274    infeasible          16181.0000    16170.0000  2493646    0.07%
  73592  1902    infeasible          16181.0000    16170.0000  2493886    0.07%
  74134  1401        cutoff          16181.0000    16170.0000  2494422    0.07%
  74724   852    infeasible          16181.0000    16170.0000  2495319    0.07%
Elapsed time = 5150.64 sec. (1873558.17 ticks, tree = 5.68 MB, solutions = 5)

GUB cover cuts applied:  61
Clique cuts applied:  36
Cover cuts applied:  1316
Flow cuts applied:  647
Mixed integer rounding cuts applied:  724
Gomory fractional cuts applied:  1

Root node processing (before b&c):
  Real time             = 2346.18 sec. (584615.74 ticks)
Sequential b&c:
  Real time             = 2807.04 sec. (1290779.12 ticks)
                          ------------
Total (root+branch&cut) = 5153.22 sec. (1875394.86 ticks)
Optimal

>> Printing some results...
    -> Solution value = 16180 - 04:29:40
    -> Total time = 5153.22
    -> Gap value = 0.00

=============
Train 0
=============
> Trip 0
   0(time 356 - 00:05:56)(time 568 - 00:09:28) ->    1(time 996 - 00:16:36)(time 1208 - 00:20:08) ->    2(time 1301 - 00:21:41)(time 1530 - 00:25:30) ->    3(time 1623 - 00:27:03)(time 1838 - 00:30:38) ->    4(time 1931 - 00:32:11)(time 2147 - 00:35:47) ->    5(time 2575 - 00:42:55)(time 2772 - 00:46:12) ->    6(time 2865 - 00:47:45)(time 3074 - 00:51:14) ->    7(time 3167 - 00:52:47)(time 3383 - 00:56:23) ->    8(time 3476 - 00:57:56)(time 3692 - 01:01:32) ->    9(time 3785 - 01:03:05)(time 3983 - 01:06:23) ->    10(time 4076 - 01:07:56)(time 4285 - 01:11:25) ->    11(time 4378 - 01:12:58)(time 4587 - 01:16:27) ->    12(time 4680 - 01:18:00)(time 4884 - 01:21:24) ->    13(time 4977 - 01:22:57)(time 5200 - 01:26:40) ->    14(time 5293 - 01:28:13)(time 5494 - 01:31:34) ->    15(time 5587 - 01:33:07)(time 5818 - 01:36:58) ->    16(time 5911 - 01:38:31)(time 6146 - 01:42:26) ->    17(time 6239 - 01:43:59)(time 6469 - 01:47:49) ->    18(time 6562 - 01:49:22)(time 6781 - 01:53:01) ->    19(time 7209 - 02:00:09)(time 7430 - 02:03:50) ->    20(time 7523 - 02:05:23)(time 7736 - 02:08:56) ->    21(time 7829 - 02:10:29)(time 8052 - 02:14:12) ->    22(time 8132 - 02:15:32)(time 8331 - 02:18:51) ->    23(time 8600 - 02:23:20)(time 8600 - 02:23:20) ->    47(time 8600 - 02:23:20)(time 8799 - 02:26:39) ->    46(time 8859 - 02:27:39)(time 9082 - 02:31:22) ->    45(time 9175 - 02:32:55)(time 9388 - 02:36:28) ->    44(time 9481 - 02:38:01)(time 9702 - 02:41:42) ->    43(time 9795 - 02:43:15)(time 10014 - 02:46:54) ->    42(time 10107 - 02:48:27)(time 10337 - 02:52:17) ->    41(time 10430 - 02:53:50)(time 10665 - 02:57:45) ->    40(time 10758 - 02:59:18)(time 10989 - 03:03:09) ->    39(time 11082 - 03:04:42)(time 11283 - 03:08:03) ->    38(time 11376 - 03:09:36)(time 11599 - 03:13:19) ->    37(time 11692 - 03:14:52)(time 11896 - 03:18:16) ->    36(time 11989 - 03:19:49)(time 12198 - 03:23:18) ->    35(time 12291 - 03:24:51)(time 12500 - 03:28:20) ->    34(time 12593 - 03:29:53)(time 12791 - 03:33:11) ->    33(time 12884 - 03:34:44)(time 13100 - 03:38:20) ->    32(time 13193 - 03:39:53)(time 13409 - 03:43:29) ->    31(time 13502 - 03:45:02)(time 13711 - 03:48:31) ->    30(time 13804 - 03:50:04)(time 14001 - 03:53:21) ->    29(time 14094 - 03:54:54)(time 14310 - 03:58:30) ->    28(time 14403 - 04:00:03)(time 14618 - 04:03:38) ->    27(time 14711 - 04:05:11)(time 14940 - 04:09:00) ->    26(time 15033 - 04:10:33)(time 15245 - 04:14:05) ->    25(time 15338 - 04:15:38)(time 15550 - 04:19:10) ->    24(time 15819 - 04:23:39)(time 15819 - 04:23:39) -> 0
> Trip 1
   0(time 16088 - 04:28:08)(time 16300 - 04:31:40) ->    1(time 16393 - 04:33:13)(time 16605 - 04:36:45) ->    2(time 16698 - 04:38:18)(time 16927 - 04:42:07) ->    3(time 17020 - 04:43:40)(time 17235 - 04:47:15) ->    4(time 17328 - 04:48:48)(time 17544 - 04:52:24) ->    5(time 17637 - 04:53:57)(time 17834 - 04:57:14) ->    6(time 17927 - 04:58:47)(time 18136 - 05:02:16) ->    7(time 18229 - 05:03:49)(time 18445 - 05:07:25) ->    8(time 18538 - 05:08:58)(time 18754 - 05:12:34) ->    9(time 18847 - 05:14:07)(time 19045 - 05:17:25) ->    10(time 19138 - 05:18:58)(time 19347 - 05:22:27) ->    11(time 19440 - 05:24:00)(time 19649 - 05:27:29) ->    12(time 19742 - 05:29:02)(time 19946 - 05:32:26) ->    13(time 20039 - 05:33:59)(time 20262 - 05:37:42) ->    14(time 20355 - 05:39:15)(time 20556 - 05:42:36) ->    15(time 20649 - 05:44:09)(time 20880 - 05:48:00) ->    16(time 20973 - 05:49:33)(time 21208 - 05:53:28) ->    17(time 21301 - 05:55:01)(time 21531 - 05:58:51) ->    18(time 21624 - 06:00:24)(time 21843 - 06:04:03) ->    19(time 21936 - 06:05:36)(time 22157 - 06:09:17) ->    20(time 22250 - 06:10:50)(time 22463 - 06:14:23) ->    21(time 22556 - 06:15:56)(time 22779 - 06:19:39) ->    22(time 22839 - 06:20:39)(time 23038 - 06:23:58) ->    23(time 23436 - 06:30:36)(time 23436 - 06:30:36) ->    47(time 23496 - 06:31:36)(time 23695 - 06:34:55) ->    46(time 23788 - 06:36:28)(time 24011 - 06:40:11) ->    45(time 24104 - 06:41:44)(time 24317 - 06:45:17) ->    44(time 24410 - 06:46:50)(time 24631 - 06:50:31) ->    43(time 24724 - 06:52:04)(time 24943 - 06:55:43) ->    42(time 25036 - 06:57:16)(time 25266 - 07:01:06) ->    41(time 25359 - 07:02:39)(time 25594 - 07:06:34) ->    40(time 25687 - 07:08:07)(time 25918 - 07:11:58) ->    39(time 26011 - 07:13:31)(time 26212 - 07:16:52) ->    38(time 26305 - 07:18:25)(time 26528 - 07:22:08) ->    37(time 26621 - 07:23:41)(time 26825 - 07:27:05) ->    36(time 26918 - 07:28:38)(time 27127 - 07:32:07) ->    35(time 27220 - 07:33:40)(time 27429 - 07:37:09) ->    34(time 27522 - 07:38:42)(time 27720 - 07:42:00) ->    33(time 27989 - 07:46:29)(time 28205 - 07:50:05) ->    32(time 28298 - 07:51:38)(time 28514 - 07:55:14) ->    31(time 28607 - 07:56:47)(time 28816 - 08:00:16) ->    30(time 28909 - 08:01:49)(time 29106 - 08:05:06) ->    29(time 29199 - 08:06:39)(time 29415 - 08:10:15) ->    28(time 29508 - 08:11:48)(time 29723 - 08:15:23) ->    27(time 29816 - 08:16:56)(time 30045 - 08:20:45) ->    26(time 30138 - 08:22:18)(time 30350 - 08:25:50) ->    25(time 30443 - 08:27:23)(time 30655 - 08:30:55) ->    24(time 30924 - 08:35:24)(time 30924 - 08:35:24) -> 0
=============
Train 1
=============
> Trip 0
   0(time 93 - 00:01:33)(time 305 - 00:05:05) ->    1(time 398 - 00:06:38)(time 610 - 00:10:10) ->    2(time 703 - 00:11:43)(time 932 - 00:15:32) ->    3(time 1025 - 00:17:05)(time 1240 - 00:20:40) ->    4(time 1333 - 00:22:13)(time 1549 - 00:25:49) ->    5(time 1719 - 00:28:39)(time 1916 - 00:31:56) ->    6(time 2344 - 00:39:04)(time 2553 - 00:42:33) ->    7(time 2646 - 00:44:06)(time 2862 - 00:47:42) ->    8(time 2955 - 00:49:15)(time 3171 - 00:52:51) ->    9(time 3264 - 00:54:24)(time 3462 - 00:57:42) ->    10(time 3555 - 00:59:15)(time 3764 - 01:02:44) ->    11(time 3857 - 01:04:17)(time 4066 - 01:07:46) ->    12(time 4159 - 01:09:19)(time 4363 - 01:12:43) ->    13(time 4456 - 01:14:16)(time 4679 - 01:17:59) ->    14(time 4772 - 01:19:32)(time 4973 - 01:22:53) ->    15(time 5066 - 01:24:26)(time 5297 - 01:28:17) ->    16(time 5390 - 01:29:50)(time 5625 - 01:33:45) ->    17(time 5718 - 01:35:18)(time 5948 - 01:39:08) ->    18(time 6041 - 01:40:41)(time 6260 - 01:44:20) ->    19(time 6353 - 01:45:53)(time 6574 - 01:49:34) ->    20(time 6667 - 01:51:07)(time 6880 - 01:54:40) ->    21(time 6973 - 01:56:13)(time 7196 - 01:59:56) ->    22(time 7325 - 02:02:05)(time 7524 - 02:05:24) ->    23(time 7922 - 02:12:02)(time 7922 - 02:12:02) ->    47(time 7922 - 02:12:02)(time 8121 - 02:15:21) ->    46(time 8181 - 02:16:21)(time 8404 - 02:20:04) ->    45(time 8497 - 02:21:37)(time 8710 - 02:25:10) ->    44(time 8803 - 02:26:43)(time 9024 - 02:30:24) ->    43(time 9117 - 02:31:57)(time 9336 - 02:35:36) ->    42(time 9429 - 02:37:09)(time 9659 - 02:40:59) ->    41(time 9752 - 02:42:32)(time 9987 - 02:46:27) ->    40(time 10080 - 02:48:00)(time 10311 - 02:51:51) ->    39(time 10404 - 02:53:24)(time 10605 - 02:56:45) ->    38(time 10698 - 02:58:18)(time 10921 - 03:02:01) ->    37(time 11014 - 03:03:34)(time 11218 - 03:06:58) ->    36(time 11311 - 03:08:31)(time 11520 - 03:12:00) ->    35(time 11613 - 03:13:33)(time 11822 - 03:17:02) ->    34(time 11915 - 03:18:35)(time 12113 - 03:21:53) ->    33(time 12206 - 03:23:26)(time 12422 - 03:27:02) ->    32(time 12515 - 03:28:35)(time 12731 - 03:32:11) ->    31(time 12824 - 03:33:44)(time 13033 - 03:37:13) ->    30(time 13126 - 03:38:46)(time 13323 - 03:42:03) ->    29(time 13556 - 03:45:56)(time 13772 - 03:49:32) ->    28(time 13865 - 03:51:05)(time 14080 - 03:54:40) ->    27(time 14173 - 03:56:13)(time 14402 - 04:00:02) ->    26(time 14495 - 04:01:35)(time 14707 - 04:05:07) ->    25(time 14800 - 04:06:40)(time 15012 - 04:10:12) ->    24(time 15281 - 04:14:41)(time 15281 - 04:14:41) -> 0
> Trip 1
   0(time 15550 - 04:19:10)(time 15762 - 04:22:42) ->    1(time 15855 - 04:24:15)(time 16067 - 04:27:47) ->    2(time 16160 - 04:29:20)(time 16389 - 04:33:09) ->    3(time 16482 - 04:34:42)(time 16697 - 04:38:17) ->    4(time 16790 - 04:39:50)(time 17006 - 04:43:26) ->    5(time 17099 - 04:44:59)(time 17296 - 04:48:16) ->    6(time 17389 - 04:49:49)(time 17598 - 04:53:18) ->    7(time 17691 - 04:54:51)(time 17907 - 04:58:27) ->    8(time 18000 - 05:00:00)(time 18216 - 05:03:36) ->    9(time 18309 - 05:05:09)(time 18507 - 05:08:27) ->    10(time 18600 - 05:10:00)(time 18809 - 05:13:29) ->    11(time 18902 - 05:15:02)(time 19111 - 05:18:31) ->    12(time 19204 - 05:20:04)(time 19408 - 05:23:28) ->    13(time 19501 - 05:25:01)(time 19724 - 05:28:44) ->    14(time 19817 - 05:30:17)(time 20018 - 05:33:38) ->    15(time 20111 - 05:35:11)(time 20342 - 05:39:02) ->    16(time 20435 - 05:40:35)(time 20670 - 05:44:30) ->    17(time 20763 - 05:46:03)(time 20993 - 05:49:53) ->    18(time 21086 - 05:51:26)(time 21305 - 05:55:05) ->    19(time 21398 - 05:56:38)(time 21619 - 06:00:19) ->    20(time 21712 - 06:01:52)(time 21925 - 06:05:25) ->    21(time 22018 - 06:06:58)(time 22241 - 06:10:41) ->    22(time 22301 - 06:11:41)(time 22500 - 06:15:00) ->    23(time 22769 - 06:19:29)(time 22769 - 06:19:29) ->    47(time 23038 - 06:23:58)(time 23237 - 06:27:17) ->    46(time 23297 - 06:28:17)(time 23520 - 06:32:00) ->    45(time 23613 - 06:33:33)(time 23826 - 06:37:06) ->    44(time 23919 - 06:38:39)(time 24140 - 06:42:20) ->    43(time 24233 - 06:43:53)(time 24452 - 06:47:32) ->    42(time 24545 - 06:49:05)(time 24775 - 06:52:55) ->    41(time 24868 - 06:54:28)(time 25103 - 06:58:23) ->    40(time 25196 - 06:59:56)(time 25427 - 07:03:47) ->    39(time 25520 - 07:05:20)(time 25721 - 07:08:41) ->    38(time 25814 - 07:10:14)(time 26037 - 07:13:57) ->    37(time 26130 - 07:15:30)(time 26334 - 07:18:54) ->    36(time 26427 - 07:20:27)(time 26636 - 07:23:56) ->    35(time 26729 - 07:25:29)(time 26938 - 07:28:58) ->    34(time 27031 - 07:30:31)(time 27229 - 07:33:49) ->    33(time 27322 - 07:35:22)(time 27538 - 07:38:58) ->    32(time 27631 - 07:40:31)(time 27847 - 07:44:07) ->    31(time 27940 - 07:45:40)(time 28149 - 07:49:09) ->    30(time 28242 - 07:50:42)(time 28439 - 07:53:59) ->    29(time 28532 - 07:55:32)(time 28748 - 07:59:08) ->    28(time 28841 - 08:00:41)(time 29056 - 08:04:16) ->    27(time 29149 - 08:05:49)(time 29378 - 08:09:38) ->    26(time 29471 - 08:11:11)(time 29683 - 08:14:43) ->    25(time 29776 - 08:16:16)(time 29988 - 08:19:48) ->    24(time 30257 - 08:24:17)(time 30257 - 08:24:17) -> 0
=============
Train 2
=============
> Trip 0
   0(time 186 - 00:03:06)(time 398 - 00:06:38) ->    1(time 491 - 00:08:11)(time 703 - 00:11:43) ->    2(time 796 - 00:13:16)(time 1025 - 00:17:05) ->    3(time 1195 - 00:19:55)(time 1410 - 00:23:30) ->    4(time 1838 - 00:30:38)(time 2054 - 00:34:14) ->    5(time 2147 - 00:35:47)(time 2344 - 00:39:04) ->    6(time 2772 - 00:46:12)(time 2981 - 00:49:41) ->    7(time 3074 - 00:51:14)(time 3290 - 00:54:50) ->    8(time 3383 - 00:56:23)(time 3599 - 00:59:59) ->    9(time 3692 - 01:01:32)(time 3890 - 01:04:50) ->    10(time 3983 - 01:06:23)(time 4192 - 01:09:52) ->    11(time 4285 - 01:11:25)(time 4494 - 01:14:54) ->    12(time 4587 - 01:16:27)(time 4791 - 01:19:51) ->    13(time 4884 - 01:21:24)(time 5107 - 01:25:07) ->    14(time 5200 - 01:26:40)(time 5401 - 01:30:01) ->    15(time 5494 - 01:31:34)(time 5725 - 01:35:25) ->    16(time 5818 - 01:36:58)(time 6053 - 01:40:53) ->    17(time 6146 - 01:42:26)(time 6376 - 01:46:16) ->    18(time 6469 - 01:47:49)(time 6688 - 01:51:28) ->    19(time 6781 - 01:53:01)(time 7002 - 01:56:42) ->    20(time 7095 - 01:58:15)(time 7308 - 02:01:48) ->    21(time 7401 - 02:03:21)(time 7624 - 02:07:04) ->    22(time 7723 - 02:08:43)(time 7922 - 02:12:02) ->    23(time 8331 - 02:18:51)(time 8331 - 02:18:51) ->    47(time 8331 - 02:18:51)(time 8530 - 02:22:10) ->    46(time 8590 - 02:23:10)(time 8813 - 02:26:53) ->    45(time 8906 - 02:28:26)(time 9119 - 02:31:59) ->    44(time 9212 - 02:33:32)(time 9433 - 02:37:13) ->    43(time 9526 - 02:38:46)(time 9745 - 02:42:25) ->    42(time 9838 - 02:43:58)(time 10068 - 02:47:48) ->    41(time 10161 - 02:49:21)(time 10396 - 02:53:16) ->    40(time 10489 - 02:54:49)(time 10720 - 02:58:40) ->    39(time 10813 - 03:00:13)(time 11014 - 03:03:34) ->    38(time 11107 - 03:05:07)(time 11330 - 03:08:50) ->    37(time 11423 - 03:10:23)(time 11627 - 03:13:47) ->    36(time 11720 - 03:15:20)(time 11929 - 03:18:49) ->    35(time 12022 - 03:20:22)(time 12231 - 03:23:51) ->    34(time 12324 - 03:25:24)(time 12522 - 03:28:42) ->    33(time 12615 - 03:30:15)(time 12831 - 03:33:51) ->    32(time 12924 - 03:35:24)(time 13140 - 03:39:00) ->    31(time 13233 - 03:40:33)(time 13442 - 03:44:02) ->    30(time 13535 - 03:45:35)(time 13732 - 03:48:52) ->    29(time 13825 - 03:50:25)(time 14041 - 03:54:01) ->    28(time 14134 - 03:55:34)(time 14349 - 03:59:09) ->    27(time 14442 - 04:00:42)(time 14671 - 04:04:31) ->    26(time 14764 - 04:06:04)(time 14976 - 04:09:36) ->    25(time 15069 - 04:11:09)(time 15281 - 04:14:41) ->    24(time 15550 - 04:19:10)(time 15550 - 04:19:10) -> 0
> Trip 1
   0(time 16181 - 04:29:41)(time 16393 - 04:33:13) ->    1(time 16486 - 04:34:46)(time 16698 - 04:38:18) ->    2(time 16791 - 04:39:51)(time 17020 - 04:43:40) ->    3(time 17113 - 04:45:13)(time 17328 - 04:48:48) ->    4(time 17421 - 04:50:21)(time 17637 - 04:53:57) ->    5(time 17730 - 04:55:30)(time 17927 - 04:58:47) ->    6(time 18020 - 05:00:20)(time 18229 - 05:03:49) ->    7(time 18322 - 05:05:22)(time 18538 - 05:08:58) ->    8(time 18936 - 05:15:36)(time 19152 - 05:19:12) ->    9(time 19245 - 05:20:45)(time 19443 - 05:24:03) ->    10(time 19536 - 05:25:36)(time 19745 - 05:29:05) ->    11(time 19838 - 05:30:38)(time 20047 - 05:34:07) ->    12(time 20140 - 05:35:40)(time 20344 - 05:39:04) ->    13(time 20437 - 05:40:37)(time 20660 - 05:44:20) ->    14(time 20753 - 05:45:53)(time 20954 - 05:49:14) ->    15(time 21047 - 05:50:47)(time 21278 - 05:54:38) ->    16(time 21371 - 05:56:11)(time 21606 - 06:00:06) ->    17(time 21699 - 06:01:39)(time 21929 - 06:05:29) ->    18(time 22022 - 06:07:02)(time 22241 - 06:10:41) ->    19(time 22334 - 06:12:14)(time 22555 - 06:15:55) ->    20(time 22648 - 06:17:28)(time 22861 - 06:21:01) ->    21(time 22954 - 06:22:34)(time 23177 - 06:26:17) ->    22(time 23237 - 06:27:17)(time 23436 - 06:30:36) ->    23(time 23705 - 06:35:05)(time 23705 - 06:35:05) ->    47(time 23705 - 06:35:05)(time 23904 - 06:38:24) ->    46(time 23964 - 06:39:24)(time 24187 - 06:43:07) ->    45(time 24549 - 06:49:09)(time 24762 - 06:52:42) ->    44(time 24855 - 06:54:15)(time 25076 - 06:57:56) ->    43(time 25169 - 06:59:29)(time 25388 - 07:03:08) ->    42(time 25481 - 07:04:41)(time 25711 - 07:08:31) ->    41(time 25804 - 07:10:04)(time 26039 - 07:13:59) ->    40(time 26132 - 07:15:32)(time 26363 - 07:19:23) ->    39(time 26456 - 07:20:56)(time 26657 - 07:24:17) ->    38(time 26750 - 07:25:50)(time 26973 - 07:29:33) ->    37(time 27066 - 07:31:06)(time 27270 - 07:34:30) ->    36(time 27363 - 07:36:03)(time 27572 - 07:39:32) ->    35(time 27665 - 07:41:05)(time 27874 - 07:44:34) ->    34(time 27967 - 07:46:07)(time 28165 - 07:49:25) ->    33(time 28258 - 07:50:58)(time 28474 - 07:54:34) ->    32(time 28567 - 07:56:07)(time 28783 - 07:59:43) ->    31(time 28876 - 08:01:16)(time 29085 - 08:04:45) ->    30(time 29178 - 08:06:18)(time 29375 - 08:09:35) ->    29(time 29468 - 08:11:08)(time 29684 - 08:14:44) ->    28(time 29777 - 08:16:17)(time 29992 - 08:19:52) ->    27(time 30085 - 08:21:25)(time 30314 - 08:25:14) ->    26(time 30407 - 08:26:47)(time 30619 - 08:30:19) ->    25(time 30712 - 08:31:52)(time 30924 - 08:35:24) ->    24(time 31193 - 08:39:53)(time 31193 - 08:39:53) -> 0
=============
Train 3
=============
> Trip 0
   0(time 0 - 00:00:00)(time 212 - 00:03:32) ->    1(time 305 - 00:05:05)(time 517 - 00:08:37) ->    2(time 610 - 00:10:10)(time 839 - 00:13:59) ->    3(time 932 - 00:15:32)(time 1147 - 00:19:07) ->    4(time 1240 - 00:20:40)(time 1456 - 00:24:16) ->    5(time 1549 - 00:25:49)(time 1746 - 00:29:06) ->    6(time 1839 - 00:30:39)(time 2048 - 00:34:08) ->    7(time 2141 - 00:35:41)(time 2357 - 00:39:17) ->    8(time 2755 - 00:45:55)(time 2971 - 00:49:31) ->    9(time 3064 - 00:51:04)(time 3262 - 00:54:22) ->    10(time 3355 - 00:55:55)(time 3564 - 00:59:24) ->    11(time 3657 - 01:00:57)(time 3866 - 01:04:26) ->    12(time 3959 - 01:05:59)(time 4163 - 01:09:23) ->    13(time 4256 - 01:10:56)(time 4479 - 01:14:39) ->    14(time 4572 - 01:16:12)(time 4773 - 01:19:33) ->    15(time 4866 - 01:21:06)(time 5097 - 01:24:57) ->    16(time 5190 - 01:26:30)(time 5425 - 01:30:25) ->    17(time 5518 - 01:31:58)(time 5748 - 01:35:48) ->    18(time 5841 - 01:37:21)(time 6060 - 01:41:00) ->    19(time 6153 - 01:42:33)(time 6374 - 01:46:14) ->    20(time 6467 - 01:47:47)(time 6680 - 01:51:20) ->    21(time 6773 - 01:52:53)(time 6996 - 01:56:36) ->    22(time 7056 - 01:57:36)(time 7255 - 02:00:55) ->    23(time 7524 - 02:05:24)(time 7524 - 02:05:24) ->    47(time 7524 - 02:05:24)(time 7723 - 02:08:43) ->    46(time 8052 - 02:14:12)(time 8275 - 02:17:55) ->    45(time 8368 - 02:19:28)(time 8581 - 02:23:01) ->    44(time 8674 - 02:24:34)(time 8895 - 02:28:15) ->    43(time 8988 - 02:29:48)(time 9207 - 02:33:27) ->    42(time 9300 - 02:35:00)(time 9530 - 02:38:50) ->    41(time 9623 - 02:40:23)(time 9858 - 02:44:18) ->    40(time 9951 - 02:45:51)(time 10182 - 02:49:42) ->    39(time 10275 - 02:51:15)(time 10476 - 02:54:36) ->    38(time 10569 - 02:56:09)(time 10792 - 02:59:52) ->    37(time 10885 - 03:01:25)(time 11089 - 03:04:49) ->    36(time 11182 - 03:06:22)(time 11391 - 03:09:51) ->    35(time 11484 - 03:11:24)(time 11693 - 03:14:53) ->    34(time 11786 - 03:16:26)(time 11984 - 03:19:44) ->    33(time 12077 - 03:21:17)(time 12293 - 03:24:53) ->    32(time 12386 - 03:26:26)(time 12602 - 03:30:02) ->    31(time 12695 - 03:31:35)(time 12904 - 03:35:04) ->    30(time 12997 - 03:36:37)(time 13194 - 03:39:54) ->    29(time 13287 - 03:41:27)(time 13503 - 03:45:03) ->    28(time 13596 - 03:46:36)(time 13811 - 03:50:11) ->    27(time 13904 - 03:51:44)(time 14133 - 03:55:33) ->    26(time 14226 - 03:57:06)(time 14438 - 04:00:38) ->    25(time 14531 - 04:02:11)(time 14743 - 04:05:43) ->    24(time 15012 - 04:10:12)(time 15012 - 04:10:12) -> 0
> Trip 1
   0(time 15819 - 04:23:39)(time 16031 - 04:27:11) ->    1(time 16124 - 04:28:44)(time 16336 - 04:32:16) ->    2(time 16429 - 04:33:49)(time 16658 - 04:37:38) ->    3(time 16751 - 04:39:11)(time 16966 - 04:42:46) ->    4(time 17059 - 04:44:19)(time 17275 - 04:47:55) ->    5(time 17368 - 04:49:28)(time 17565 - 04:52:45) ->    6(time 17658 - 04:54:18)(time 17867 - 04:57:47) ->    7(time 17960 - 04:59:20)(time 18176 - 05:02:56) ->    8(time 18269 - 05:04:29)(time 18485 - 05:08:05) ->    9(time 18578 - 05:09:38)(time 18776 - 05:12:56) ->    10(time 18869 - 05:14:29)(time 19078 - 05:17:58) ->    11(time 19171 - 05:19:31)(time 19380 - 05:23:00) ->    12(time 19473 - 05:24:33)(time 19677 - 05:27:57) ->    13(time 19770 - 05:29:30)(time 19993 - 05:33:13) ->    14(time 20086 - 05:34:46)(time 20287 - 05:38:07) ->    15(time 20380 - 05:39:40)(time 20611 - 05:43:31) ->    16(time 20704 - 05:45:04)(time 20939 - 05:48:59) ->    17(time 21032 - 05:50:32)(time 21262 - 05:54:22) ->    18(time 21355 - 05:55:55)(time 21574 - 05:59:34) ->    19(time 21667 - 06:01:07)(time 21888 - 06:04:48) ->    20(time 21981 - 06:06:21)(time 22194 - 06:09:54) ->    21(time 22287 - 06:11:27)(time 22510 - 06:15:10) ->    22(time 22570 - 06:16:10)(time 22769 - 06:19:29) ->    23(time 23038 - 06:23:58)(time 23038 - 06:23:58) ->    47(time 23436 - 06:30:36)(time 23635 - 06:33:55) ->    46(time 23695 - 06:34:55)(time 23918 - 06:38:38) ->    45(time 24011 - 06:40:11)(time 24224 - 06:43:44) ->    44(time 24317 - 06:45:17)(time 24538 - 06:48:58) ->    43(time 24631 - 06:50:31)(time 24850 - 06:54:10) ->    42(time 24943 - 06:55:43)(time 25173 - 06:59:33) ->    41(time 25266 - 07:01:06)(time 25501 - 07:05:01) ->    40(time 25594 - 07:06:34)(time 25825 - 07:10:25) ->    39(time 25918 - 07:11:58)(time 26119 - 07:15:19) ->    38(time 26212 - 07:16:52)(time 26435 - 07:20:35) ->    37(time 26528 - 07:22:08)(time 26732 - 07:25:32) ->    36(time 26825 - 07:27:05)(time 27034 - 07:30:34) ->    35(time 27127 - 07:32:07)(time 27336 - 07:35:36) ->    34(time 27429 - 07:37:09)(time 27627 - 07:40:27) ->    33(time 27720 - 07:42:00)(time 27936 - 07:45:36) ->    32(time 28029 - 07:47:09)(time 28245 - 07:50:45) ->    31(time 28338 - 07:52:18)(time 28547 - 07:55:47) ->    30(time 28640 - 07:57:20)(time 28837 - 08:00:37) ->    29(time 28930 - 08:02:10)(time 29146 - 08:05:46) ->    28(time 29239 - 08:07:19)(time 29454 - 08:10:54) ->    27(time 29547 - 08:12:27)(time 29776 - 08:16:16) ->    26(time 29869 - 08:17:49)(time 30081 - 08:21:21) ->    25(time 30174 - 08:22:54)(time 30386 - 08:26:26) ->    24(time 30655 - 08:30:55)(time 30655 - 08:30:55) -> 0
