t4p24r2h1.txt:
   > Trying to open the instance file...
   > Reading number of trains...
   > Reading maximum number of trips per train...
   > Reading time intervals...
   > Reading number of points...
   > Reading stations...
   > Reading crossings...
   > Reading depots...
   > Reading initial point...
   > Reading routes...
   > Reading distance and distance and service...
   > Reading demands...
   > Reading maximum time...
   > Reading alpha...

--------------------------------
 Printing instance
--------------------------------
number of trains = 4
	max trips per trains: 2     2     2     2
number of intervals = 1
	(0,  36572)
number of points = 24
	initial point: 0
	stations: 0     1     2     3     4     5     6     7     8     9    10    11    12    13    14    15    16    17    18    19    20    21    23
	crossings: 0     9    11    15    22    23
	depots: 0    23
number of vertices = 48
	total vertices: 0     1     2     3     4     5     6     7     8     9    10    11    12    13    14    15    16    17    18    19    20    21    22    23    24    25    26    27    28    29    30    31    32    33    34    35    36    37    38    39    40    41    42    43    44    45    46    47
	upper vertices: 0     1     2     3     4     5     6     7     8     9    10    11    12    13    14    15    16    17    18    19    20    21    22    23
	lower vertices: 24    25    26    27    28    29    30    31    32    33    34    35    36    37    38    39    40    41    42    43    44    45    46    47
	vertices of point #0: (0, 24)
	vertices of point #1: (1, 25)
	vertices of point #2: (2, 26)
	vertices of point #3: (3, 27)
	vertices of point #4: (4, 28)
	vertices of point #5: (5, 29)
	vertices of point #6: (6, 30)
	vertices of point #7: (7, 31)
	vertices of point #8: (8, 32)
	vertices of point #9: (9, 33)
	vertices of point #10: (10, 34)
	vertices of point #11: (11, 35)
	vertices of point #12: (12, 36)
	vertices of point #13: (13, 37)
	vertices of point #14: (14, 38)
	vertices of point #15: (15, 39)
	vertices of point #16: (16, 40)
	vertices of point #17: (17, 41)
	vertices of point #18: (18, 42)
	vertices of point #19: (19, 43)
	vertices of point #20: (20, 44)
	vertices of point #21: (21, 45)
	vertices of point #22: (22, 46)
	vertices of point #23: (23, 47)

arcs...
	total arcs: 
		arc #0: (0, 1)
		arc #1: (0, 24)
		arc #2: (24, 0)
		arc #3: (1, 2)
		arc #4: (25, 24)
		arc #5: (2, 3)
		arc #6: (26, 25)
		arc #7: (3, 4)
		arc #8: (27, 26)
		arc #9: (4, 5)
		arc #10: (28, 27)
		arc #11: (5, 6)
		arc #12: (29, 28)
		arc #13: (6, 7)
		arc #14: (30, 29)
		arc #15: (7, 8)
		arc #16: (31, 30)
		arc #17: (8, 9)
		arc #18: (32, 31)
		arc #19: (9, 10)
		arc #20: (33, 32)
		arc #21: (10, 11)
		arc #22: (34, 33)
		arc #23: (11, 12)
		arc #24: (35, 34)
		arc #25: (12, 13)
		arc #26: (36, 35)
		arc #27: (13, 14)
		arc #28: (37, 36)
		arc #29: (14, 15)
		arc #30: (38, 37)
		arc #31: (15, 16)
		arc #32: (39, 38)
		arc #33: (16, 17)
		arc #34: (40, 39)
		arc #35: (17, 18)
		arc #36: (41, 40)
		arc #37: (18, 19)
		arc #38: (42, 41)
		arc #39: (19, 20)
		arc #40: (43, 42)
		arc #41: (20, 21)
		arc #42: (44, 43)
		arc #43: (21, 22)
		arc #44: (45, 44)
		arc #45: (22, 23)
		arc #46: (46, 45)
		arc #47: (47, 46)
		arc #48: (23, 47)
		arc #49: (47, 23)

	reverse arcs: 
		arc #1: (0, 24)
		arc #2: (24, 0)
		arc #48: (23, 47)
		arc #49: (47, 23)


incompatible points...
	(0, 8, 33, (8, 9))	(33, 25, 0, (25, 24))	(9, 10, 35, (10, 11))	(35, 34, 9, (34, 33))	(11, 14, 39, (14, 15))	(39, 36, 11, (36, 35))	(15, 21, 46, (21, 22))	(46, 40, 15, (40, 39))	(22, 22, 47, (22, 23))	(47, 47, 22, (47, 46))

number of routes = 2
vertices of routes...
	route #0: 0     1     2     3     4     5     6     7     8     9    10    11    12    13    14    15    16    17    18    19    20    21    22    23    47    46    45    44    43    42    41    40    39    38    37    36    35    34    33    32    31    30    29    28    27    26    25    24     0
	route #1: 47    46    45    44    43    42    41    40    39    38    37    36    35    34    33    32    31    30    29    28    27    26    25    24     0     1     2     3     4     5     6     7     8     9    10    11    12    13    14    15    16    17    18    19    20    21    22    23    47
arcs of routes...
	route #0: 0     3     5     7     9    11    13    15    17    19    21    23    25    27    29    31    33    35    37    39    41    43    45    48    47    46    44    42    40    38    36    34    32    30    28    26    24    22    20    18    16    14    12    10     8     6     4     2
	route #1: 47    46    44    42    40    38    36    34    32    30    28    26    24    22    20    18    16    14    12    10     8     6     4     2     0     3     5     7     9    11    13    15    17    19    21    23    25    27    29    31    33    35    37    39    41    43    45    48

incompatible routes...
	(0, 1)    	(1, 0)

vertices that can be adjacent in consecutive trips...
	(0, 0)    	(47, 47)
non cyclical routes: 


routes of trip...
	routes that train #0 can complete at trip #0: 0
	routes that train #0 can complete at trip #1: 0       1

	routes that train #1 can complete at trip #0: 0
	routes that train #1 can complete at trip #1: 0       1

	routes that train #2 can complete at trip #0: 0
	routes that train #2 can complete at trip #1: 0       1

	routes that train #3 can complete at trip #0: 0
	routes that train #3 can complete at trip #1: 0       1

 cost...
	arc #0 [0][1]: 212
	arc #1 [0][24]: 0
	arc #2 [24][0]: 0
	arc #3 [1][2]: 212
	arc #4 [25][24]: 212
	arc #5 [2][3]: 229
	arc #6 [26][25]: 212
	arc #7 [3][4]: 215
	arc #8 [27][26]: 229
	arc #9 [4][5]: 216
	arc #10 [28][27]: 215
	arc #11 [5][6]: 197
	arc #12 [29][28]: 216
	arc #13 [6][7]: 209
	arc #14 [30][29]: 197
	arc #15 [7][8]: 216
	arc #16 [31][30]: 209
	arc #17 [8][9]: 216
	arc #18 [32][31]: 216
	arc #19 [9][10]: 198
	arc #20 [33][32]: 216
	arc #21 [10][11]: 209
	arc #22 [34][33]: 198
	arc #23 [11][12]: 209
	arc #24 [35][34]: 209
	arc #25 [12][13]: 204
	arc #26 [36][35]: 209
	arc #27 [13][14]: 223
	arc #28 [37][36]: 204
	arc #29 [14][15]: 201
	arc #30 [38][37]: 223
	arc #31 [15][16]: 231
	arc #32 [39][38]: 201
	arc #33 [16][17]: 235
	arc #34 [40][39]: 231
	arc #35 [17][18]: 230
	arc #36 [41][40]: 235
	arc #37 [18][19]: 219
	arc #38 [42][41]: 230
	arc #39 [19][20]: 221
	arc #40 [43][42]: 219
	arc #41 [20][21]: 213
	arc #42 [44][43]: 221
	arc #43 [21][22]: 223
	arc #44 [45][44]: 213
	arc #45 [22][23]: 199
	arc #46 [46][45]: 223
	arc #47 [47][46]: 199
	arc #48 [23][47]: 0
	arc #49 [47][23]: 0

cost with minimum service...
	arc #0 [0][1]: 305
	arc #1 [0][24]: 0
	arc #2 [24][0]: 0
	arc #3 [1][2]: 305
	arc #4 [25][24]: 481
	arc #5 [2][3]: 322
	arc #6 [26][25]: 305
	arc #7 [3][4]: 308
	arc #8 [27][26]: 322
	arc #9 [4][5]: 309
	arc #10 [28][27]: 308
	arc #11 [5][6]: 290
	arc #12 [29][28]: 309
	arc #13 [6][7]: 302
	arc #14 [30][29]: 290
	arc #15 [7][8]: 309
	arc #16 [31][30]: 302
	arc #17 [8][9]: 309
	arc #18 [32][31]: 309
	arc #19 [9][10]: 291
	arc #20 [33][32]: 309
	arc #21 [10][11]: 302
	arc #22 [34][33]: 291
	arc #23 [11][12]: 302
	arc #24 [35][34]: 302
	arc #25 [12][13]: 297
	arc #26 [36][35]: 302
	arc #27 [13][14]: 316
	arc #28 [37][36]: 297
	arc #29 [14][15]: 294
	arc #30 [38][37]: 316
	arc #31 [15][16]: 324
	arc #32 [39][38]: 294
	arc #33 [16][17]: 328
	arc #34 [40][39]: 324
	arc #35 [17][18]: 323
	arc #36 [41][40]: 328
	arc #37 [18][19]: 312
	arc #38 [42][41]: 323
	arc #39 [19][20]: 314
	arc #40 [43][42]: 312
	arc #41 [20][21]: 306
	arc #42 [44][43]: 314
	arc #43 [21][22]: 283
	arc #44 [45][44]: 306
	arc #45 [22][23]: 468
	arc #46 [46][45]: 316
	arc #47 [47][46]: 259
	arc #48 [23][47]: 0
	arc #49 [47][23]: 0

cost with maximum service...
	arc #0 [0][1]: 640
	arc #1 [0][24]: 428
	arc #2 [24][0]: 428
	arc #3 [1][2]: 640
	arc #4 [25][24]: 640
	arc #5 [2][3]: 657
	arc #6 [26][25]: 640
	arc #7 [3][4]: 643
	arc #8 [27][26]: 657
	arc #9 [4][5]: 644
	arc #10 [28][27]: 643
	arc #11 [5][6]: 625
	arc #12 [29][28]: 644
	arc #13 [6][7]: 637
	arc #14 [30][29]: 625
	arc #15 [7][8]: 644
	arc #16 [31][30]: 637
	arc #17 [8][9]: 644
	arc #18 [32][31]: 644
	arc #19 [9][10]: 626
	arc #20 [33][32]: 644
	arc #21 [10][11]: 637
	arc #22 [34][33]: 626
	arc #23 [11][12]: 637
	arc #24 [35][34]: 637
	arc #25 [12][13]: 632
	arc #26 [36][35]: 637
	arc #27 [13][14]: 651
	arc #28 [37][36]: 632
	arc #29 [14][15]: 629
	arc #30 [38][37]: 651
	arc #31 [15][16]: 659
	arc #32 [39][38]: 629
	arc #33 [16][17]: 663
	arc #34 [40][39]: 659
	arc #35 [17][18]: 658
	arc #36 [41][40]: 663
	arc #37 [18][19]: 647
	arc #38 [42][41]: 658
	arc #39 [19][20]: 649
	arc #40 [43][42]: 647
	arc #41 [20][21]: 641
	arc #42 [44][43]: 649
	arc #43 [21][22]: 651
	arc #44 [45][44]: 641
	arc #45 [22][23]: 627
	arc #46 [46][45]: 651
	arc #47 [47][46]: 627
	arc #48 [23][47]: 428
	arc #49 [47][23]: 428

demands...
	demands of vertex 0 at time interval: 6
	demands of vertex 1 at time interval: 6
	demands of vertex 2 at time interval: 6
	demands of vertex 3 at time interval: 6
	demands of vertex 4 at time interval: 6
	demands of vertex 5 at time interval: 6
	demands of vertex 6 at time interval: 6
	demands of vertex 7 at time interval: 6
	demands of vertex 8 at time interval: 6
	demands of vertex 9 at time interval: 6
	demands of vertex 10 at time interval: 6
	demands of vertex 11 at time interval: 6
	demands of vertex 12 at time interval: 6
	demands of vertex 13 at time interval: 6
	demands of vertex 14 at time interval: 6
	demands of vertex 15 at time interval: 6
	demands of vertex 16 at time interval: 6
	demands of vertex 17 at time interval: 6
	demands of vertex 18 at time interval: 6
	demands of vertex 19 at time interval: 6
	demands of vertex 20 at time interval: 6
	demands of vertex 21 at time interval: 6
	demands of vertex 22 at time interval: 0
	demands of vertex 23 at time interval: 0
	demands of vertex 24 at time interval: 0
	demands of vertex 25 at time interval: 6
	demands of vertex 26 at time interval: 6
	demands of vertex 27 at time interval: 6
	demands of vertex 28 at time interval: 6
	demands of vertex 29 at time interval: 6
	demands of vertex 30 at time interval: 6
	demands of vertex 31 at time interval: 6
	demands of vertex 32 at time interval: 6
	demands of vertex 33 at time interval: 6
	demands of vertex 34 at time interval: 6
	demands of vertex 35 at time interval: 6
	demands of vertex 36 at time interval: 6
	demands of vertex 37 at time interval: 6
	demands of vertex 38 at time interval: 6
	demands of vertex 39 at time interval: 6
	demands of vertex 40 at time interval: 6
	demands of vertex 41 at time interval: 6
	demands of vertex 42 at time interval: 6
	demands of vertex 43 at time interval: 6
	demands of vertex 44 at time interval: 6
	demands of vertex 45 at time interval: 6
	demands of vertex 46 at time interval: 0
	demands of vertex 47 at time interval: 6

maximum time = 36572
alpha = 52

Selecting set of cyclical routes...

Selecting set of initial routes...

Creating initial set of candidate combinations...
Solving candidate combinations...

Found new best - 1/1 candidate combination(s) tested! (Thread 0)

Removing trips...

Solving candidate combinations...

1/2 candidate combination(s) tested! (Thread 0)
2/2 candidate combination(s) tested! (Thread 0)

Relaxing trips, so the model can make changes...

>> Printing some results...
    -> Solution value = 16180 - 04:29:40
    -> Total time = 1762.65

=============
Train 0
=============
> Trip 0
   0(time 873 - 00:14:33)(time 1085 - 00:18:05) ->    1(time 1178 - 00:19:38)(time 1390 - 00:23:10) ->    2(time 1483 - 00:24:43)(time 1712 - 00:28:32) ->    3(time 1805 - 00:30:05)(time 2020 - 00:33:40) ->    4(time 2113 - 00:35:13)(time 2329 - 00:38:49) ->    5(time 2422 - 00:40:22)(time 2619 - 00:43:39) ->    6(time 2712 - 00:45:12)(time 2921 - 00:48:41) ->    7(time 3014 - 00:50:14)(time 3230 - 00:53:50) ->    8(time 3323 - 00:55:23)(time 3539 - 00:58:59) ->    9(time 3632 - 01:00:32)(time 3830 - 01:03:50) ->    10(time 3923 - 01:05:23)(time 4132 - 01:08:52) ->    11(time 4225 - 01:10:25)(time 4434 - 01:13:54) ->    12(time 4527 - 01:15:27)(time 4731 - 01:18:51) ->    13(time 4824 - 01:20:24)(time 5047 - 01:24:07) ->    14(time 5140 - 01:25:40)(time 5341 - 01:29:01) ->    15(time 5434 - 01:30:34)(time 5665 - 01:34:25) ->    16(time 5758 - 01:35:58)(time 5993 - 01:39:53) ->    17(time 6086 - 01:41:26)(time 6316 - 01:45:16) ->    18(time 6409 - 01:46:49)(time 6628 - 01:50:28) ->    19(time 6721 - 01:52:01)(time 6942 - 01:55:42) ->    20(time 7035 - 01:57:15)(time 7248 - 02:00:48) ->    21(time 7341 - 02:02:21)(time 7564 - 02:06:04) ->    22(time 7624 - 02:07:04)(time 7823 - 02:10:23) ->    23(time 8251 - 02:17:31)(time 8251 - 02:17:31) ->    47(time 8361 - 02:19:21)(time 8560 - 02:22:40) ->    46(time 8620 - 02:23:40)(time 8843 - 02:27:23) ->    45(time 8936 - 02:28:56)(time 9149 - 02:32:29) ->    44(time 9242 - 02:34:02)(time 9463 - 02:37:43) ->    43(time 9556 - 02:39:16)(time 9775 - 02:42:55) ->    42(time 9868 - 02:44:28)(time 10098 - 02:48:18) ->    41(time 10191 - 02:49:51)(time 10426 - 02:53:46) ->    40(time 10519 - 02:55:19)(time 10750 - 02:59:10) ->    39(time 10843 - 03:00:43)(time 11044 - 03:04:04) ->    38(time 11137 - 03:05:37)(time 11360 - 03:09:20) ->    37(time 11453 - 03:10:53)(time 11657 - 03:14:17) ->    36(time 11750 - 03:15:50)(time 11959 - 03:19:19) ->    35(time 12052 - 03:20:52)(time 12261 - 03:24:21) ->    34(time 12354 - 03:25:54)(time 12552 - 03:29:12) ->    33(time 12645 - 03:30:45)(time 12861 - 03:34:21) ->    32(time 12954 - 03:35:54)(time 13170 - 03:39:30) ->    31(time 13263 - 03:41:03)(time 13472 - 03:44:32) ->    30(time 13565 - 03:46:05)(time 13762 - 03:49:22) ->    29(time 13855 - 03:50:55)(time 14071 - 03:54:31) ->    28(time 14164 - 03:56:04)(time 14379 - 03:59:39) ->    27(time 14472 - 04:01:12)(time 14701 - 04:05:01) ->    26(time 14794 - 04:06:34)(time 15006 - 04:10:06) ->    25(time 15099 - 04:11:39)(time 15311 - 04:15:11) ->    24(time 15580 - 04:19:40)(time 15580 - 04:19:40) -> 0
> Trip 1
   0(time 15849 - 04:24:09)(time 16061 - 04:27:41) ->    1(time 16154 - 04:29:14)(time 16366 - 04:32:46) ->    2(time 16459 - 04:34:19)(time 16688 - 04:38:08) ->    3(time 16781 - 04:39:41)(time 16996 - 04:43:16) ->    4(time 17089 - 04:44:49)(time 17305 - 04:48:25) ->    5(time 17398 - 04:49:58)(time 17595 - 04:53:15) ->    6(time 17688 - 04:54:48)(time 17897 - 04:58:17) ->    7(time 17990 - 04:59:50)(time 18206 - 05:03:26) ->    8(time 18299 - 05:04:59)(time 18515 - 05:08:35) ->    9(time 18608 - 05:10:08)(time 18806 - 05:13:26) ->    10(time 18899 - 05:14:59)(time 19108 - 05:18:28) ->    11(time 19201 - 05:20:01)(time 19410 - 05:23:30) ->    12(time 19503 - 05:25:03)(time 19707 - 05:28:27) ->    13(time 19800 - 05:30:00)(time 20023 - 05:33:43) ->    14(time 20116 - 05:35:16)(time 20317 - 05:38:37) ->    15(time 20410 - 05:40:10)(time 20641 - 05:44:01) ->    16(time 20734 - 05:45:34)(time 20969 - 05:49:29) ->    17(time 21062 - 05:51:02)(time 21292 - 05:54:52) ->    18(time 21385 - 05:56:25)(time 21604 - 06:00:04) ->    19(time 21697 - 06:01:37)(time 21918 - 06:05:18) ->    20(time 22011 - 06:06:51)(time 22224 - 06:10:24) ->    21(time 22317 - 06:11:57)(time 22540 - 06:15:40) ->    22(time 22600 - 06:16:40)(time 22799 - 06:19:59) ->    23(time 23068 - 06:24:28)(time 23068 - 06:24:28) ->    47(time 23466 - 06:31:06)(time 23665 - 06:34:25) ->    46(time 23725 - 06:35:25)(time 23948 - 06:39:08) ->    45(time 24041 - 06:40:41)(time 24254 - 06:44:14) ->    44(time 24347 - 06:45:47)(time 24568 - 06:49:28) ->    43(time 24661 - 06:51:01)(time 24880 - 06:54:40) ->    42(time 24973 - 06:56:13)(time 25203 - 07:00:03) ->    41(time 25296 - 07:01:36)(time 25531 - 07:05:31) ->    40(time 25624 - 07:07:04)(time 25855 - 07:10:55) ->    39(time 25948 - 07:12:28)(time 26149 - 07:15:49) ->    38(time 26242 - 07:17:22)(time 26465 - 07:21:05) ->    37(time 26558 - 07:22:38)(time 26762 - 07:26:02) ->    36(time 26855 - 07:27:35)(time 27064 - 07:31:04) ->    35(time 27157 - 07:32:37)(time 27366 - 07:36:06) ->    34(time 27459 - 07:37:39)(time 27657 - 07:40:57) ->    33(time 27750 - 07:42:30)(time 27966 - 07:46:06) ->    32(time 28059 - 07:47:39)(time 28275 - 07:51:15) ->    31(time 28368 - 07:52:48)(time 28577 - 07:56:17) ->    30(time 28670 - 07:57:50)(time 28867 - 08:01:07) ->    29(time 28960 - 08:02:40)(time 29176 - 08:06:16) ->    28(time 29269 - 08:07:49)(time 29484 - 08:11:24) ->    27(time 29577 - 08:12:57)(time 29806 - 08:16:46) ->    26(time 29899 - 08:18:19)(time 30111 - 08:21:51) ->    25(time 30204 - 08:23:24)(time 30416 - 08:26:56) ->    24(time 30685 - 08:31:25)(time 30685 - 08:31:25) -> 0
=============
Train 1
=============
> Trip 0
   0(time 604 - 00:10:04)(time 816 - 00:13:36) ->    1(time 909 - 00:15:09)(time 1121 - 00:18:41) ->    2(time 1214 - 00:20:14)(time 1443 - 00:24:03) ->    3(time 1536 - 00:25:36)(time 1751 - 00:29:11) ->    4(time 1844 - 00:30:44)(time 2060 - 00:34:20) ->    5(time 2153 - 00:35:53)(time 2350 - 00:39:10) ->    6(time 2443 - 00:40:43)(time 2652 - 00:44:12) ->    7(time 2745 - 00:45:45)(time 2961 - 00:49:21) ->    8(time 3054 - 00:50:54)(time 3270 - 00:54:30) ->    9(time 3363 - 00:56:03)(time 3561 - 00:59:21) ->    10(time 3654 - 01:00:54)(time 3863 - 01:04:23) ->    11(time 3956 - 01:05:56)(time 4165 - 01:09:25) ->    12(time 4258 - 01:10:58)(time 4462 - 01:14:22) ->    13(time 4555 - 01:15:55)(time 4778 - 01:19:38) ->    14(time 4871 - 01:21:11)(time 5072 - 01:24:32) ->    15(time 5165 - 01:26:05)(time 5396 - 01:29:56) ->    16(time 5489 - 01:31:29)(time 5724 - 01:35:24) ->    17(time 5817 - 01:36:57)(time 6047 - 01:40:47) ->    18(time 6140 - 01:42:20)(time 6359 - 01:45:59) ->    19(time 6452 - 01:47:32)(time 6673 - 01:51:13) ->    20(time 6766 - 01:52:46)(time 6979 - 01:56:19) ->    21(time 7072 - 01:57:52)(time 7295 - 02:01:35) ->    22(time 7355 - 02:02:35)(time 7554 - 02:05:54) ->    23(time 7823 - 02:10:23)(time 7823 - 02:10:23) ->    47(time 7883 - 02:11:23)(time 8082 - 02:14:42) ->    46(time 8175 - 02:16:15)(time 8398 - 02:19:58) ->    45(time 8491 - 02:21:31)(time 8704 - 02:25:04) ->    44(time 8797 - 02:26:37)(time 9018 - 02:30:18) ->    43(time 9111 - 02:31:51)(time 9330 - 02:35:30) ->    42(time 9423 - 02:37:03)(time 9653 - 02:40:53) ->    41(time 9746 - 02:42:26)(time 9981 - 02:46:21) ->    40(time 10074 - 02:47:54)(time 10305 - 02:51:45) ->    39(time 10398 - 02:53:18)(time 10599 - 02:56:39) ->    38(time 10692 - 02:58:12)(time 10915 - 03:01:55) ->    37(time 11008 - 03:03:28)(time 11212 - 03:06:52) ->    36(time 11305 - 03:08:25)(time 11514 - 03:11:54) ->    35(time 11783 - 03:16:23)(time 11992 - 03:19:52) ->    34(time 12085 - 03:21:25)(time 12283 - 03:24:43) ->    33(time 12376 - 03:26:16)(time 12592 - 03:29:52) ->    32(time 12685 - 03:31:25)(time 12901 - 03:35:01) ->    31(time 12994 - 03:36:34)(time 13203 - 03:40:03) ->    30(time 13296 - 03:41:36)(time 13493 - 03:44:53) ->    29(time 13586 - 03:46:26)(time 13802 - 03:50:02) ->    28(time 13895 - 03:51:35)(time 14110 - 03:55:10) ->    27(time 14203 - 03:56:43)(time 14432 - 04:00:32) ->    26(time 14525 - 04:02:05)(time 14737 - 04:05:37) ->    25(time 14830 - 04:07:10)(time 15042 - 04:10:42) ->    24(time 15311 - 04:15:11)(time 15311 - 04:15:11) -> 0
> Trip 1
   0(time 15580 - 04:19:40)(time 15792 - 04:23:12) ->    1(time 15885 - 04:24:45)(time 16097 - 04:28:17) ->    2(time 16190 - 04:29:50)(time 16419 - 04:33:39) ->    3(time 16512 - 04:35:12)(time 16727 - 04:38:47) ->    4(time 16820 - 04:40:20)(time 17036 - 04:43:56) ->    5(time 17129 - 04:45:29)(time 17326 - 04:48:46) ->    6(time 17419 - 04:50:19)(time 17628 - 04:53:48) ->    7(time 17721 - 04:55:21)(time 17937 - 04:58:57) ->    8(time 18030 - 05:00:30)(time 18246 - 05:04:06) ->    9(time 18339 - 05:05:39)(time 18537 - 05:08:57) ->    10(time 18630 - 05:10:30)(time 18839 - 05:13:59) ->    11(time 18932 - 05:15:32)(time 19141 - 05:19:01) ->    12(time 19234 - 05:20:34)(time 19438 - 05:23:58) ->    13(time 19531 - 05:25:31)(time 19754 - 05:29:14) ->    14(time 19847 - 05:30:47)(time 20048 - 05:34:08) ->    15(time 20141 - 05:35:41)(time 20372 - 05:39:32) ->    16(time 20465 - 05:41:05)(time 20700 - 05:45:00) ->    17(time 20793 - 05:46:33)(time 21023 - 05:50:23) ->    18(time 21116 - 05:51:56)(time 21335 - 05:55:35) ->    19(time 21428 - 05:57:08)(time 21649 - 06:00:49) ->    20(time 21742 - 06:02:22)(time 21955 - 06:05:55) ->    21(time 22048 - 06:07:28)(time 22271 - 06:11:11) ->    22(time 22331 - 06:12:11)(time 22530 - 06:15:30) ->    23(time 22799 - 06:19:59)(time 22799 - 06:19:59) ->    47(time 23068 - 06:24:28)(time 23267 - 06:27:47) ->    46(time 23327 - 06:28:47)(time 23550 - 06:32:30) ->    45(time 23643 - 06:34:03)(time 23856 - 06:37:36) ->    44(time 23949 - 06:39:09)(time 24170 - 06:42:50) ->    43(time 24263 - 06:44:23)(time 24482 - 06:48:02) ->    42(time 24575 - 06:49:35)(time 24805 - 06:53:25) ->    41(time 24898 - 06:54:58)(time 25133 - 06:58:53) ->    40(time 25226 - 07:00:26)(time 25457 - 07:04:17) ->    39(time 25550 - 07:05:50)(time 25751 - 07:09:11) ->    38(time 25844 - 07:10:44)(time 26067 - 07:14:27) ->    37(time 26160 - 07:16:00)(time 26364 - 07:19:24) ->    36(time 26457 - 07:20:57)(time 26666 - 07:24:26) ->    35(time 26759 - 07:25:59)(time 26968 - 07:29:28) ->    34(time 27061 - 07:31:01)(time 27259 - 07:34:19) ->    33(time 27352 - 07:35:52)(time 27568 - 07:39:28) ->    32(time 27661 - 07:41:01)(time 27877 - 07:44:37) ->    31(time 27970 - 07:46:10)(time 28179 - 07:49:39) ->    30(time 28272 - 07:51:12)(time 28469 - 07:54:29) ->    29(time 28562 - 07:56:02)(time 28778 - 07:59:38) ->    28(time 28871 - 08:01:11)(time 29086 - 08:04:46) ->    27(time 29179 - 08:06:19)(time 29408 - 08:10:08) ->    26(time 29501 - 08:11:41)(time 29713 - 08:15:13) ->    25(time 29806 - 08:16:46)(time 30018 - 08:20:18) ->    24(time 30287 - 08:24:47)(time 30287 - 08:24:47) -> 0
=============
Train 2
=============
> Trip 0
   0(time 0 - 00:00:00)(time 212 - 00:03:32) ->    1(time 640 - 00:10:40)(time 852 - 00:14:12) ->    2(time 945 - 00:15:45)(time 1174 - 00:19:34) ->    3(time 1267 - 00:21:07)(time 1482 - 00:24:42) ->    4(time 1575 - 00:26:15)(time 1791 - 00:29:51) ->    5(time 1884 - 00:31:24)(time 2081 - 00:34:41) ->    6(time 2174 - 00:36:14)(time 2383 - 00:39:43) ->    7(time 2476 - 00:41:16)(time 2692 - 00:44:52) ->    8(time 2785 - 00:46:25)(time 3001 - 00:50:01) ->    9(time 3094 - 00:51:34)(time 3292 - 00:54:52) ->    10(time 3385 - 00:56:25)(time 3594 - 00:59:54) ->    11(time 3687 - 01:01:27)(time 3896 - 01:04:56) ->    12(time 3989 - 01:06:29)(time 4193 - 01:09:53) ->    13(time 4286 - 01:11:26)(time 4509 - 01:15:09) ->    14(time 4602 - 01:16:42)(time 4803 - 01:20:03) ->    15(time 4896 - 01:21:36)(time 5127 - 01:25:27) ->    16(time 5220 - 01:27:00)(time 5455 - 01:30:55) ->    17(time 5548 - 01:32:28)(time 5778 - 01:36:18) ->    18(time 5871 - 01:37:51)(time 6090 - 01:41:30) ->    19(time 6183 - 01:43:03)(time 6404 - 01:46:44) ->    20(time 6497 - 01:48:17)(time 6710 - 01:51:50) ->    21(time 6803 - 01:53:23)(time 7026 - 01:57:06) ->    22(time 7086 - 01:58:06)(time 7285 - 02:01:25) ->    23(time 7554 - 02:05:54)(time 7554 - 02:05:54) ->    47(time 7823 - 02:10:23)(time 8022 - 02:13:42) ->    46(time 8082 - 02:14:42)(time 8305 - 02:18:25) ->    45(time 8398 - 02:19:58)(time 8611 - 02:23:31) ->    44(time 8704 - 02:25:04)(time 8925 - 02:28:45) ->    43(time 9018 - 02:30:18)(time 9237 - 02:33:57) ->    42(time 9330 - 02:35:30)(time 9560 - 02:39:20) ->    41(time 9653 - 02:40:53)(time 9888 - 02:44:48) ->    40(time 9981 - 02:46:21)(time 10212 - 02:50:12) ->    39(time 10305 - 02:51:45)(time 10506 - 02:55:06) ->    38(time 10599 - 02:56:39)(time 10822 - 03:00:22) ->    37(time 10915 - 03:01:55)(time 11119 - 03:05:19) ->    36(time 11212 - 03:06:52)(time 11421 - 03:10:21) ->    35(time 11514 - 03:11:54)(time 11723 - 03:15:23) ->    34(time 11816 - 03:16:56)(time 12014 - 03:20:14) ->    33(time 12107 - 03:21:47)(time 12323 - 03:25:23) ->    32(time 12416 - 03:26:56)(time 12632 - 03:30:32) ->    31(time 12725 - 03:32:05)(time 12934 - 03:35:34) ->    30(time 13027 - 03:37:07)(time 13224 - 03:40:24) ->    29(time 13317 - 03:41:57)(time 13533 - 03:45:33) ->    28(time 13626 - 03:47:06)(time 13841 - 03:50:41) ->    27(time 13934 - 03:52:14)(time 14163 - 03:56:03) ->    26(time 14256 - 03:57:36)(time 14468 - 04:01:08) ->    25(time 14561 - 04:02:41)(time 14773 - 04:06:13) ->    24(time 15042 - 04:10:42)(time 15042 - 04:10:42) -> 0
> Trip 1
   0(time 16181 - 04:29:41)(time 16393 - 04:33:13) ->    1(time 16486 - 04:34:46)(time 16698 - 04:38:18) ->    2(time 17126 - 04:45:26)(time 17355 - 04:49:15) ->    3(time 17448 - 04:50:48)(time 17663 - 04:54:23) ->    4(time 17756 - 04:55:56)(time 17972 - 04:59:32) ->    5(time 18065 - 05:01:05)(time 18262 - 05:04:22) ->    6(time 18355 - 05:05:55)(time 18564 - 05:09:24) ->    7(time 18657 - 05:10:57)(time 18873 - 05:14:33) ->    8(time 18966 - 05:16:06)(time 19182 - 05:19:42) ->    9(time 19275 - 05:21:15)(time 19473 - 05:24:33) ->    10(time 19566 - 05:26:06)(time 19775 - 05:29:35) ->    11(time 19868 - 05:31:08)(time 20077 - 05:34:37) ->    12(time 20170 - 05:36:10)(time 20374 - 05:39:34) ->    13(time 20467 - 05:41:07)(time 20690 - 05:44:50) ->    14(time 20783 - 05:46:23)(time 20984 - 05:49:44) ->    15(time 21077 - 05:51:17)(time 21308 - 05:55:08) ->    16(time 21401 - 05:56:41)(time 21636 - 06:00:36) ->    17(time 21729 - 06:02:09)(time 21959 - 06:05:59) ->    18(time 22052 - 06:07:32)(time 22271 - 06:11:11) ->    19(time 22364 - 06:12:44)(time 22585 - 06:16:25) ->    20(time 22678 - 06:17:58)(time 22891 - 06:21:31) ->    21(time 22984 - 06:23:04)(time 23207 - 06:26:47) ->    22(time 23267 - 06:27:47)(time 23466 - 06:31:06) ->    23(time 23735 - 06:35:35)(time 23735 - 06:35:35) ->    47(time 23735 - 06:35:35)(time 23934 - 06:38:54) ->    46(time 24263 - 06:44:23)(time 24486 - 06:48:06) ->    45(time 24579 - 06:49:39)(time 24792 - 06:53:12) ->    44(time 24885 - 06:54:45)(time 25106 - 06:58:26) ->    43(time 25199 - 06:59:59)(time 25418 - 07:03:38) ->    42(time 25511 - 07:05:11)(time 25741 - 07:09:01) ->    41(time 25834 - 07:10:34)(time 26069 - 07:14:29) ->    40(time 26162 - 07:16:02)(time 26393 - 07:19:53) ->    39(time 26486 - 07:21:26)(time 26687 - 07:24:47) ->    38(time 26780 - 07:26:20)(time 27003 - 07:30:03) ->    37(time 27096 - 07:31:36)(time 27300 - 07:35:00) ->    36(time 27393 - 07:36:33)(time 27602 - 07:40:02) ->    35(time 27695 - 07:41:35)(time 27904 - 07:45:04) ->    34(time 27997 - 07:46:37)(time 28195 - 07:49:55) ->    33(time 28288 - 07:51:28)(time 28504 - 07:55:04) ->    32(time 28597 - 07:56:37)(time 28813 - 08:00:13) ->    31(time 28906 - 08:01:46)(time 29115 - 08:05:15) ->    30(time 29208 - 08:06:48)(time 29405 - 08:10:05) ->    29(time 29498 - 08:11:38)(time 29714 - 08:15:14) ->    28(time 29807 - 08:16:47)(time 30022 - 08:20:22) ->    27(time 30115 - 08:21:55)(time 30344 - 08:25:44) ->    26(time 30437 - 08:27:17)(time 30649 - 08:30:49) ->    25(time 30742 - 08:32:22)(time 30954 - 08:35:54) ->    24(time 31223 - 08:40:23)(time 31223 - 08:40:23) -> 0
=============
Train 3
=============
> Trip 0
   0(time 1391 - 00:23:11)(time 1603 - 00:26:43) ->    1(time 1696 - 00:28:16)(time 1908 - 00:31:48) ->    2(time 2001 - 00:33:21)(time 2230 - 00:37:10) ->    3(time 2323 - 00:38:43)(time 2538 - 00:42:18) ->    4(time 2631 - 00:43:51)(time 2847 - 00:47:27) ->    5(time 2940 - 00:49:00)(time 3137 - 00:52:17) ->    6(time 3230 - 00:53:50)(time 3439 - 00:57:19) ->    7(time 3532 - 00:58:52)(time 3748 - 01:02:28) ->    8(time 3841 - 01:04:01)(time 4057 - 01:07:37) ->    9(time 4150 - 01:09:10)(time 4348 - 01:12:28) ->    10(time 4441 - 01:14:01)(time 4650 - 01:17:30) ->    11(time 4743 - 01:19:03)(time 4952 - 01:22:32) ->    12(time 5045 - 01:24:05)(time 5249 - 01:27:29) ->    13(time 5342 - 01:29:02)(time 5565 - 01:32:45) ->    14(time 5658 - 01:34:18)(time 5859 - 01:37:39) ->    15(time 5952 - 01:39:12)(time 6183 - 01:43:03) ->    16(time 6276 - 01:44:36)(time 6511 - 01:48:31) ->    17(time 6604 - 01:50:04)(time 6834 - 01:53:54) ->    18(time 6927 - 01:55:27)(time 7146 - 01:59:06) ->    19(time 7239 - 02:00:39)(time 7460 - 02:04:20) ->    20(time 7553 - 02:05:53)(time 7766 - 02:09:26) ->    21(time 7859 - 02:10:59)(time 8082 - 02:14:42) ->    22(time 8162 - 02:16:02)(time 8361 - 02:19:21) ->    23(time 8630 - 02:23:50)(time 8630 - 02:23:50) ->    47(time 8630 - 02:23:50)(time 8829 - 02:27:09) ->    46(time 8889 - 02:28:09)(time 9112 - 02:31:52) ->    45(time 9205 - 02:33:25)(time 9418 - 02:36:58) ->    44(time 9511 - 02:38:31)(time 9732 - 02:42:12) ->    43(time 9825 - 02:43:45)(time 10044 - 02:47:24) ->    42(time 10137 - 02:48:57)(time 10367 - 02:52:47) ->    41(time 10460 - 02:54:20)(time 10695 - 02:58:15) ->    40(time 10788 - 02:59:48)(time 11019 - 03:03:39) ->    39(time 11112 - 03:05:12)(time 11313 - 03:08:33) ->    38(time 11406 - 03:10:06)(time 11629 - 03:13:49) ->    37(time 11722 - 03:15:22)(time 11926 - 03:18:46) ->    36(time 12019 - 03:20:19)(time 12228 - 03:23:48) ->    35(time 12321 - 03:25:21)(time 12530 - 03:28:50) ->    34(time 12623 - 03:30:23)(time 12821 - 03:33:41) ->    33(time 12914 - 03:35:14)(time 13130 - 03:38:50) ->    32(time 13223 - 03:40:23)(time 13439 - 03:43:59) ->    31(time 13532 - 03:45:32)(time 13741 - 03:49:01) ->    30(time 13834 - 03:50:34)(time 14031 - 03:53:51) ->    29(time 14124 - 03:55:24)(time 14340 - 03:59:00) ->    28(time 14433 - 04:00:33)(time 14648 - 04:04:08) ->    27(time 14741 - 04:05:41)(time 14970 - 04:09:30) ->    26(time 15063 - 04:11:03)(time 15275 - 04:14:35) ->    25(time 15368 - 04:16:08)(time 15580 - 04:19:40) ->    24(time 15942 - 04:25:42)(time 15942 - 04:25:42) -> 0
> Trip 1
   0(time 15942 - 04:25:42)(time 16154 - 04:29:14) ->    1(time 16247 - 04:30:47)(time 16459 - 04:34:19) ->    2(time 16552 - 04:35:52)(time 16781 - 04:39:41) ->    3(time 16874 - 04:41:14)(time 17089 - 04:44:49) ->    4(time 17182 - 04:46:22)(time 17398 - 04:49:58) ->    5(time 17491 - 04:51:31)(time 17688 - 04:54:48) ->    6(time 17781 - 04:56:21)(time 17990 - 04:59:50) ->    7(time 18083 - 05:01:23)(time 18299 - 05:04:59) ->    8(time 18392 - 05:06:32)(time 18608 - 05:10:08) ->    9(time 18701 - 05:11:41)(time 18899 - 05:14:59) ->    10(time 18992 - 05:16:32)(time 19201 - 05:20:01) ->    11(time 19294 - 05:21:34)(time 19503 - 05:25:03) ->    12(time 19596 - 05:26:36)(time 19800 - 05:30:00) ->    13(time 19893 - 05:31:33)(time 20116 - 05:35:16) ->    14(time 20209 - 05:36:49)(time 20410 - 05:40:10) ->    15(time 20503 - 05:41:43)(time 20734 - 05:45:34) ->    16(time 20827 - 05:47:07)(time 21062 - 05:51:02) ->    17(time 21155 - 05:52:35)(time 21385 - 05:56:25) ->    18(time 21478 - 05:57:58)(time 21697 - 06:01:37) ->    19(time 21790 - 06:03:10)(time 22011 - 06:06:51) ->    20(time 22104 - 06:08:24)(time 22317 - 06:11:57) ->    21(time 22410 - 06:13:30)(time 22633 - 06:17:13) ->    22(time 22869 - 06:21:09)(time 23068 - 06:24:28) ->    23(time 23466 - 06:31:06)(time 23466 - 06:31:06) ->    47(time 23675 - 06:34:35)(time 23874 - 06:37:54) ->    46(time 23934 - 06:38:54)(time 24157 - 06:42:37) ->    45(time 24250 - 06:44:10)(time 24463 - 06:47:43) ->    44(time 24556 - 06:49:16)(time 24777 - 06:52:57) ->    43(time 24870 - 06:54:30)(time 25089 - 06:58:09) ->    42(time 25182 - 06:59:42)(time 25412 - 07:03:32) ->    41(time 25505 - 07:05:05)(time 25740 - 07:09:00) ->    40(time 25833 - 07:10:33)(time 26064 - 07:14:24) ->    39(time 26157 - 07:15:57)(time 26358 - 07:19:18) ->    38(time 26451 - 07:20:51)(time 26674 - 07:24:34) ->    37(time 26767 - 07:26:07)(time 26971 - 07:29:31) ->    36(time 27064 - 07:31:04)(time 27273 - 07:34:33) ->    35(time 27366 - 07:36:06)(time 27575 - 07:39:35) ->    34(time 27668 - 07:41:08)(time 27866 - 07:44:26) ->    33(time 27959 - 07:45:59)(time 28175 - 07:49:35) ->    32(time 28268 - 07:51:08)(time 28484 - 07:54:44) ->    31(time 28577 - 07:56:17)(time 28786 - 07:59:46) ->    30(time 28879 - 08:01:19)(time 29076 - 08:04:36) ->    29(time 29169 - 08:06:09)(time 29385 - 08:09:45) ->    28(time 29478 - 08:11:18)(time 29693 - 08:14:53) ->    27(time 29786 - 08:16:26)(time 30015 - 08:20:15) ->    26(time 30108 - 08:21:48)(time 30320 - 08:25:20) ->    25(time 30473 - 08:27:53)(time 30685 - 08:31:25) ->    24(time 30954 - 08:35:54)(time 30954 - 08:35:54) -> 0
