t4p21r8h2.txt:
   > Trying to open the instance file...
   > Reading number of trains...
   > Reading maximum number of trips per train...
   > Reading time intervals...
   > Reading number of points...
   > Reading stations...
   > Reading crossings...
   > Reading depots...
   > Reading initial point...
   > Reading routes...
   > Reading distance and distance and service...
   > Reading demands...
   > Reading maximum time...
   > Reading alpha...

--------------------------------
 Printing instance
--------------------------------
number of trains = 4
	max trips per trains: 2     2     2     2
number of intervals = 2
	(0,  12981)	(12982,  25963)
number of points = 21
	initial point: 20
	stations: 0     2     3     4     5     7     8     9    10    11    12    13    14    15    16    17    18    19    20
	crossings: 0     1     5     6    14    20
	depots: 0    14    20
number of vertices = 42
	total vertices: 0     1     2     3     4     5     6     7     8     9    10    11    12    13    14    15    16    17    18    19    20    21    22    23    24    25    26    27    28    29    30    31    32    33    34    35    36    37    38    39    40    41
	upper vertices: 0     1     2     3     4     5     6     7     8     9    10    11    12    13    14    15    16    17    18    19    20
	lower vertices: 21    22    23    24    25    26    27    28    29    30    31    32    33    34    35    36    37    38    39    40    41
	vertices of point #0: (0, 21)
	vertices of point #1: (1, 22)
	vertices of point #2: (2, 23)
	vertices of point #3: (3, 24)
	vertices of point #4: (4, 25)
	vertices of point #5: (5, 26)
	vertices of point #6: (6, 27)
	vertices of point #7: (7, 28)
	vertices of point #8: (8, 29)
	vertices of point #9: (9, 30)
	vertices of point #10: (10, 31)
	vertices of point #11: (11, 32)
	vertices of point #12: (12, 33)
	vertices of point #13: (13, 34)
	vertices of point #14: (14, 35)
	vertices of point #15: (15, 36)
	vertices of point #16: (16, 37)
	vertices of point #17: (17, 38)
	vertices of point #18: (18, 39)
	vertices of point #19: (19, 40)
	vertices of point #20: (20, 41)

arcs...
	total arcs: 
		arc #0: (0, 1)
		arc #1: (0, 21)
		arc #2: (21, 0)
		arc #3: (1, 2)
		arc #4: (22, 21)
		arc #5: (2, 3)
		arc #6: (23, 22)
		arc #7: (3, 4)
		arc #8: (24, 23)
		arc #9: (4, 5)
		arc #10: (25, 24)
		arc #11: (5, 6)
		arc #12: (26, 25)
		arc #13: (6, 7)
		arc #14: (27, 26)
		arc #15: (7, 8)
		arc #16: (28, 27)
		arc #17: (8, 9)
		arc #18: (29, 28)
		arc #19: (9, 10)
		arc #20: (30, 29)
		arc #21: (10, 11)
		arc #22: (31, 30)
		arc #23: (11, 12)
		arc #24: (32, 31)
		arc #25: (12, 13)
		arc #26: (33, 32)
		arc #27: (13, 14)
		arc #28: (34, 33)
		arc #29: (14, 15)
		arc #30: (35, 34)
		arc #31: (14, 35)
		arc #32: (35, 14)
		arc #33: (15, 16)
		arc #34: (36, 35)
		arc #35: (16, 17)
		arc #36: (37, 36)
		arc #37: (17, 18)
		arc #38: (38, 37)
		arc #39: (18, 19)
		arc #40: (39, 38)
		arc #41: (19, 20)
		arc #42: (40, 39)
		arc #43: (41, 40)
		arc #44: (20, 41)
		arc #45: (41, 20)

	reverse arcs: 
		arc #1: (0, 21)
		arc #2: (21, 0)
		arc #31: (14, 35)
		arc #32: (35, 14)
		arc #44: (20, 41)
		arc #45: (41, 20)


incompatible points...
	(0, 0, 22, (0, 1))	(22, 22, 0, (22, 21))	(1, 4, 26, (4, 5))	(26, 23, 1, (23, 22))	(5, 5, 27, (5, 6))	(27, 27, 5, (27, 26))	(6, 13, 35, (13, 14))	(35, 28, 6, (28, 27))	(14, 19, 41, (19, 20))	(41, 36, 14, (36, 35))

number of routes = 8
vertices of routes...
	route #0: 0     1     2     3     4     5     6     7     8     9    10    11    12    13    14    15    16    17    18    19    20    41    40    39    38    37    36    35    34    33    32    31    30    29    28    27    26    25    24    23    22    21     0
	route #1: 41    40    39    38    37    36    35    34    33    32    31    30    29    28    27    26    25    24    23    22    21     0     1     2     3     4     5     6     7     8     9    10    11    12    13    14    15    16    17    18    19    20    41
	route #2: 14    15    16    17    18    19    20
	route #3: 35    34    33    32    31    30    29    28    27    26    25    24    23    22    21
	route #4: 0     1     2     3     4     5     6     7     8     9    10    11    12    13    14
	route #5: 41    40    39    38    37    36    35
	route #6: 35    34    33    32    31    30    29    28    27    26    25    24    23    22    21     0     1     2     3     4     5     6     7     8     9    10    11    12    13    14    35
	route #7: 14    15    16    17    18    19    20    41    40    39    38    37    36    35    14
arcs of routes...
	route #0: 0     3     5     7     9    11    13    15    17    19    21    23    25    27    29    33    35    37    39    41    44    43    42    40    38    36    34    30    28    26    24    22    20    18    16    14    12    10     8     6     4     2
	route #1: 43    42    40    38    36    34    30    28    26    24    22    20    18    16    14    12    10     8     6     4     2     0     3     5     7     9    11    13    15    17    19    21    23    25    27    29    33    35    37    39    41    44
	route #2: 29    33    35    37    39    41
	route #3: 30    28    26    24    22    20    18    16    14    12    10     8     6     4
	route #4: 0     3     5     7     9    11    13    15    17    19    21    23    25    27
	route #5: 43    42    40    38    36    34
	route #6: 30    28    26    24    22    20    18    16    14    12    10     8     6     4     2     0     3     5     7     9    11    13    15    17    19    21    23    25    27    31
	route #7: 29    33    35    37    39    41    44    43    42    40    38    36    34    32

incompatible routes...
	(0, 1)    	(0, 2)    	(0, 3)    	(0, 5)    	(0, 6)    	(0, 7)    	(1, 0)    	(1, 2)    	(1, 3)    	(1, 4)    	(1, 6)    	(1, 7)    	(2, 0)    	(2, 2)    	(2, 3)    	(2, 4)    	(2, 6)    	(2, 7)    	(3, 1)    	(3, 2)    	(3, 3)    	(3, 5)    	(3, 6)    	(3, 7)    	(4, 0)    	(4, 1)    	(4, 4)    	(4, 5)    	(5, 0)    	(5, 1)    	(5, 4)    	(5, 5)    	(6, 0)    	(6, 1)    	(6, 4)    	(6, 5)    	(7, 0)    	(7, 1)    	(7, 4)    	(7, 5)

vertices that can be adjacent in consecutive trips...
	(0, 0)    	(14, 14)    	(14, 35)    	(20, 41)    	(21, 0)    	(35, 14)    	(35, 35)    	(41, 41)
non cyclical routes: 
       2       3       4       5

routes of trip...
	routes that train #0 can complete at trip #0: 1       5
	routes that train #0 can complete at trip #1: 0       1       2       3       4       5       6       7

	routes that train #1 can complete at trip #0: 1       5
	routes that train #1 can complete at trip #1: 0       1       2       3       4       5       6       7

	routes that train #2 can complete at trip #0: 1       5
	routes that train #2 can complete at trip #1: 0       1       2       3       4       5       6       7

	routes that train #3 can complete at trip #0: 1       5
	routes that train #3 can complete at trip #1: 0       1       2       3       4       5       6       7

 cost...
	arc #0 [0][1]: 192
	arc #1 [0][21]: 0
	arc #2 [21][0]: 0
	arc #3 [1][2]: 174
	arc #4 [22][21]: 192
	arc #5 [2][3]: 193
	arc #6 [23][22]: 174
	arc #7 [3][4]: 180
	arc #8 [24][23]: 193
	arc #9 [4][5]: 175
	arc #10 [25][24]: 180
	arc #11 [5][6]: 195
	arc #12 [26][25]: 175
	arc #13 [6][7]: 184
	arc #14 [27][26]: 195
	arc #15 [7][8]: 201
	arc #16 [28][27]: 184
	arc #17 [8][9]: 196
	arc #18 [29][28]: 201
	arc #19 [9][10]: 172
	arc #20 [30][29]: 196
	arc #21 [10][11]: 185
	arc #22 [31][30]: 172
	arc #23 [11][12]: 189
	arc #24 [32][31]: 185
	arc #25 [12][13]: 176
	arc #26 [33][32]: 189
	arc #27 [13][14]: 175
	arc #28 [34][33]: 176
	arc #29 [14][15]: 172
	arc #30 [35][34]: 175
	arc #31 [14][35]: 0
	arc #32 [35][14]: 0
	arc #33 [15][16]: 173
	arc #34 [36][35]: 172
	arc #35 [16][17]: 184
	arc #36 [37][36]: 173
	arc #37 [17][18]: 179
	arc #38 [38][37]: 184
	arc #39 [18][19]: 176
	arc #40 [39][38]: 179
	arc #41 [19][20]: 195
	arc #42 [40][39]: 176
	arc #43 [41][40]: 195
	arc #44 [20][41]: 0
	arc #45 [41][20]: 0

cost with minimum service...
	arc #0 [0][1]: 264
	arc #1 [0][21]: 0
	arc #2 [21][0]: 0
	arc #3 [1][2]: 286
	arc #4 [22][21]: 432
	arc #5 [2][3]: 305
	arc #6 [23][22]: 246
	arc #7 [3][4]: 292
	arc #8 [24][23]: 305
	arc #9 [4][5]: 287
	arc #10 [25][24]: 292
	arc #11 [5][6]: 267
	arc #12 [26][25]: 287
	arc #13 [6][7]: 296
	arc #14 [27][26]: 307
	arc #15 [7][8]: 313
	arc #16 [28][27]: 256
	arc #17 [8][9]: 308
	arc #18 [29][28]: 313
	arc #19 [9][10]: 284
	arc #20 [30][29]: 308
	arc #21 [10][11]: 297
	arc #22 [31][30]: 284
	arc #23 [11][12]: 301
	arc #24 [32][31]: 297
	arc #25 [12][13]: 288
	arc #26 [33][32]: 301
	arc #27 [13][14]: 415
	arc #28 [34][33]: 288
	arc #29 [14][15]: 284
	arc #30 [35][34]: 287
	arc #31 [14][35]: 0
	arc #32 [35][14]: 0
	arc #33 [15][16]: 285
	arc #34 [36][35]: 412
	arc #35 [16][17]: 296
	arc #36 [37][36]: 285
	arc #37 [17][18]: 291
	arc #38 [38][37]: 296
	arc #39 [18][19]: 288
	arc #40 [39][38]: 291
	arc #41 [19][20]: 435
	arc #42 [40][39]: 288
	arc #43 [41][40]: 307
	arc #44 [20][41]: 0
	arc #45 [41][20]: 0

cost with maximum service...
	arc #0 [0][1]: 610
	arc #1 [0][21]: 418
	arc #2 [21][0]: 418
	arc #3 [1][2]: 592
	arc #4 [22][21]: 610
	arc #5 [2][3]: 611
	arc #6 [23][22]: 592
	arc #7 [3][4]: 598
	arc #8 [24][23]: 611
	arc #9 [4][5]: 593
	arc #10 [25][24]: 598
	arc #11 [5][6]: 613
	arc #12 [26][25]: 593
	arc #13 [6][7]: 602
	arc #14 [27][26]: 613
	arc #15 [7][8]: 619
	arc #16 [28][27]: 602
	arc #17 [8][9]: 614
	arc #18 [29][28]: 619
	arc #19 [9][10]: 590
	arc #20 [30][29]: 614
	arc #21 [10][11]: 603
	arc #22 [31][30]: 590
	arc #23 [11][12]: 607
	arc #24 [32][31]: 603
	arc #25 [12][13]: 594
	arc #26 [33][32]: 607
	arc #27 [13][14]: 593
	arc #28 [34][33]: 594
	arc #29 [14][15]: 590
	arc #30 [35][34]: 593
	arc #31 [14][35]: 418
	arc #32 [35][14]: 418
	arc #33 [15][16]: 591
	arc #34 [36][35]: 590
	arc #35 [16][17]: 602
	arc #36 [37][36]: 591
	arc #37 [17][18]: 597
	arc #38 [38][37]: 602
	arc #39 [18][19]: 594
	arc #40 [39][38]: 597
	arc #41 [19][20]: 613
	arc #42 [40][39]: 594
	arc #43 [41][40]: 613
	arc #44 [20][41]: 418
	arc #45 [41][20]: 418

demands...
	demands of vertex 0 at time interval: 3     3
	demands of vertex 1 at time interval: 0     0
	demands of vertex 2 at time interval: 3     3
	demands of vertex 3 at time interval: 3     3
	demands of vertex 4 at time interval: 3     3
	demands of vertex 5 at time interval: 3     3
	demands of vertex 6 at time interval: 0     0
	demands of vertex 7 at time interval: 3     3
	demands of vertex 8 at time interval: 3     3
	demands of vertex 9 at time interval: 3     3
	demands of vertex 10 at time interval: 3     3
	demands of vertex 11 at time interval: 3     3
	demands of vertex 12 at time interval: 3     3
	demands of vertex 13 at time interval: 3     3
	demands of vertex 14 at time interval: 3     3
	demands of vertex 15 at time interval: 3     3
	demands of vertex 16 at time interval: 3     3
	demands of vertex 17 at time interval: 3     3
	demands of vertex 18 at time interval: 3     3
	demands of vertex 19 at time interval: 3     3
	demands of vertex 20 at time interval: 0     0
	demands of vertex 21 at time interval: 0     0
	demands of vertex 22 at time interval: 0     0
	demands of vertex 23 at time interval: 3     3
	demands of vertex 24 at time interval: 3     3
	demands of vertex 25 at time interval: 3     3
	demands of vertex 26 at time interval: 3     3
	demands of vertex 27 at time interval: 0     0
	demands of vertex 28 at time interval: 3     3
	demands of vertex 29 at time interval: 3     3
	demands of vertex 30 at time interval: 3     3
	demands of vertex 31 at time interval: 3     3
	demands of vertex 32 at time interval: 3     3
	demands of vertex 33 at time interval: 3     3
	demands of vertex 34 at time interval: 3     3
	demands of vertex 35 at time interval: 3     3
	demands of vertex 36 at time interval: 3     3
	demands of vertex 37 at time interval: 3     3
	demands of vertex 38 at time interval: 3     3
	demands of vertex 39 at time interval: 3     3
	demands of vertex 40 at time interval: 3     3
	demands of vertex 41 at time interval: 3     3

maximum time = 25963
alpha = 70

>> Solving...
Version identifier: 20.1.0.0 | 2020-11-10 | 9bedb6d68
CPXPARAM_Threads                                 1
CPXPARAM_TimeLimit                               43200
Tried aggregator 3 times.
MIP Presolve eliminated 64133 rows and 7856 columns.
MIP Presolve modified 71536 coefficients.
Aggregator did 296 substitutions.
Reduced MIP has 202956 rows, 78337 columns, and 493400 nonzeros.
Reduced MIP has 77808 binaries, 0 generals, 0 SOSs, and 0 indicators.
Presolve time = 16.51 sec. (5586.93 ticks)
Probing fixed 0 vars, tightened 141 bounds.
Probing time = 9.48 sec. (890.75 ticks)
Tried aggregator 1 time.
Detecting symmetries...
Elapsed time for symmetry detection = 6.91 sec. (10000.59 ticks)
Elapsed time for symmetry detection = 16.22 sec. (20003.53 ticks)
Found 1.086726e+67749 symmetric permutations.
MIP Presolve eliminated 96 rows and 80 columns.
MIP Presolve modified 4426 coefficients.
Reduced MIP has 202860 rows, 78257 columns, and 493076 nonzeros.
Reduced MIP has 77728 binaries, 0 generals, 0 SOSs, and 0 indicators.
Presolve time = 25.71 sec. (26548.06 ticks)
Probing fixed 0 vars, tightened 53 bounds.
Probing time = 7.51 sec. (526.60 ticks)
Clique table members: 338682.
MIP emphasis: balance optimality and feasibility.
MIP search method: dynamic search.
Parallel mode: none, using 1 thread.
Root relaxation solution time = 341.26 sec. (45858.86 ticks)

        Nodes                                         Cuts/
   Node  Left     Objective  IInf  Best Integer    Best Bound    ItCnt     Gap

      0     0        0.0000 38532                      0.0000    82025         
      0     0     6095.1173 39153                  Cuts: 5105   112702         
      0     0     6491.3044 39275                  Cuts: 3211   136602         
      0     0     6521.2440 39296                  Cuts: 1554   140243         
      0     0     6556.0459 39359                   Cuts: 964   148361         
      0     0     6582.5012 39333                   Cuts: 824   152605         

Repeating presolve.
Tried aggregator 1 time.
MIP Presolve eliminated 164845 rows and 65950 columns.
MIP Presolve modified 2106 coefficients.
Reduced MIP has 38015 rows, 12307 columns, and 97436 nonzeros.
Reduced MIP has 11778 binaries, 0 generals, 0 SOSs, and 0 indicators.
Presolve time = 1.33 sec. (682.42 ticks)
Probing fixed 0 vars, tightened 47 bounds.
Probing time = 0.70 sec. (169.42 ticks)
Tried aggregator 1 time.
Detecting symmetries...
MIP Presolve eliminated 20 rows and 20 columns.
MIP Presolve modified 1490 coefficients.
Reduced MIP has 37995 rows, 12287 columns, and 97356 nonzeros.
Reduced MIP has 11758 binaries, 0 generals, 0 SOSs, and 0 indicators.
Presolve time = 0.68 sec. (800.20 ticks)
Represolve time = 3.35 sec. (1703.88 ticks)
Probing fixed 0 vars, tightened 43 bounds.
Probing time = 0.76 sec. (180.18 ticks)
Clique table members: 62718.
MIP emphasis: balance optimality and feasibility.
MIP search method: dynamic search.
Parallel mode: none, using 1 thread.
Root relaxation solution time = 5.36 sec. (2386.41 ticks)

        Nodes                                         Cuts/
   Node  Left     Objective  IInf  Best Integer    Best Bound    ItCnt     Gap

      0     0     6582.5012  6143                   6582.5012   167102         
      0     0     6615.9422  6044                  Cuts: 2497   168218         
      0     0     6627.5168  6187                  Cuts: 1498   168992         
      0     0     6627.8853  6199                   Cuts: 610   169352         
      0     0     6629.3732  6205                   Cuts: 591   169530         
      0     0     6629.4125  6305                   Cuts: 219   169608         

Repeating presolve.
Tried aggregator 1 time.
MIP Presolve eliminated 13478 rows and 5408 columns.
MIP Presolve modified 1922 coefficients.
Reduced MIP has 24517 rows, 6879 columns, and 64992 nonzeros.
Reduced MIP has 6350 binaries, 0 generals, 0 SOSs, and 0 indicators.
Presolve time = 0.35 sec. (257.89 ticks)
Probing fixed 0 vars, tightened 38 bounds.
Probing time = 0.29 sec. (128.98 ticks)
Cover probing fixed 0 vars, tightened 39 bounds.
Tried aggregator 1 time.
Detecting symmetries...
MIP Presolve eliminated 20 rows and 20 columns.
MIP Presolve modified 1708 coefficients.
Reduced MIP has 24497 rows, 6859 columns, and 64912 nonzeros.
Reduced MIP has 6330 binaries, 0 generals, 0 SOSs, and 0 indicators.
Presolve time = 0.38 sec. (342.99 ticks)
Represolve time = 1.40 sec. (778.68 ticks)
Probing fixed 0 vars, tightened 33 bounds.
Probing time = 0.21 sec. (104.81 ticks)
Clique table members: 40147.
MIP emphasis: balance optimality and feasibility.
MIP search method: dynamic search.
Parallel mode: none, using 1 thread.
Root relaxation solution time = 1.59 sec. (1275.37 ticks)

        Nodes                                         Cuts/
   Node  Left     Objective  IInf  Best Integer    Best Bound    ItCnt     Gap

      0     0     6629.4125  3527                   6629.4125   176324         
      0     0     6629.4125  3481                   Cuts: 872   176686         
      0     0     6630.0109  3514                   Cuts: 404   177048         
      0     0     6630.1578  3516                   Cuts: 146   177254         
      0     0     6630.1578  3366                   Cuts: 109   177418         
      0     0     6630.1578  3423                   Cuts: 402   177728         
      0     2     6630.1578  3324                   6670.9623   177728         
Elapsed time = 2114.64 sec. (424317.90 ticks, tree = 0.01 MB, solutions = 0)
      1     3    12164.0000  3314                   7092.3740   183058         
      2     4     9612.2553  3424                  10741.9388   185963         
      3     5    22034.0000  2455                  10741.9388   194490         
      5     5    22034.0000  2924                  10741.9388   196360         
      6     6    24328.0000   634                  10741.9388   198937         
      7     7    24328.0000   683                  10741.9388   200390         
      9     9    24328.0000   448                  10741.9388   201983         
     16    10    25146.0000   381                  10741.9388   202574         
     28    19    25626.0000    46                  10741.9388   203017         
*    30+   18                        25866.0000    10741.9388            58.47%
     46    23    24328.0000  3005    25866.0000    11017.7362   205567   57.40%
Elapsed time = 2127.29 sec. (432993.52 ticks, tree = 3.69 MB, solutions = 1)
     50    24    24818.8000   496    25866.0000    11017.7362   208137   57.40%
     86    40    15669.2377  2006    25866.0000    12164.0000   213344   52.97%
     88    42    24328.0000  1882    25866.0000    12164.0000   216794   52.97%
     93    43    12164.0000  3090    25866.0000    12164.0000   220105   52.97%
     95    45    12164.0000  2401    25866.0000    12164.0000   222827   52.97%
     96    46    12404.0000  2408    25866.0000    12164.0000   224676   52.97%
    140    58    25626.0000   172    25866.0000    12164.0000   229907   52.97%
    190    79    12404.0000   740    25866.0000    12164.0000   235578   52.97%
    260   116    12164.0000  2270    25866.0000    12164.0000   238911   52.97%
    320   145    24839.0000   386    25866.0000    12164.0000   246565   52.97%
Elapsed time = 2150.96 sec. (447638.77 ticks, tree = 5.90 MB, solutions = 1)
    412   154    25626.0000   226    25866.0000    12164.0000   250531   52.97%
    464   162    25146.0000   386    25866.0000    12164.0000   256507   52.97%
    514   181    24328.0000  2448    25866.0000    12234.0000   262340   52.70%
    560   225    24398.0000  1454    25866.0000    12234.0000   267131   52.70%
    615   262    12644.0000   385    25866.0000    12404.0000   272019   52.05%
    698   291    12884.3020   530    25866.0000    12404.0000   275225   52.05%
    760   329    13052.0000   446    25866.0000    12404.0000   278276   52.05%
    832   371    13162.0000   478    25866.0000    12404.0000   281444   52.05%
    900   402    12756.0000   217    25866.0000    12404.0000   284402   52.05%
    974   431    12740.0000   626    25866.0000    12404.0000   286549   52.05%
Elapsed time = 2172.99 sec. (457502.91 ticks, tree = 7.93 MB, solutions = 1)
   1040   466    12516.0000   656    25866.0000    12404.0000   289030   52.05%
   1105   498    12884.0000   490    25866.0000    12404.0000   292387   52.05%
   1179   528    12980.0000   304    25866.0000    12404.0000   295784   52.05%
   1243   549    12756.0000   496    25866.0000    12404.0000   298313   52.05%
   1310   590    13012.0000   204    25866.0000    12404.0000   300594   52.05%
   1381   624    12824.0000   428    25866.0000    12404.0000   303598   52.05%
   1445   653    12948.0000   322    25866.0000    12404.0000   306530   52.05%
   1520   680    12796.0000   280    25866.0000    12404.0000   309971   52.05%

Performing restart 1

Repeating presolve.
Tried aggregator 1 time.
MIP Presolve eliminated 6645 rows and 2658 columns.
MIP Presolve modified 1632 coefficients.
Reduced MIP has 17852 rows, 4201 columns, and 48956 nonzeros.
Reduced MIP has 3672 binaries, 0 generals, 0 SOSs, and 0 indicators.
Presolve time = 0.17 sec. (131.43 ticks)
Tried aggregator 1 time.
MIP Presolve modified 1488 coefficients.
Reduced MIP has 17852 rows, 4201 columns, and 48956 nonzeros.
Reduced MIP has 3672 binaries, 0 generals, 0 SOSs, and 0 indicators.
Presolve time = 0.21 sec. (136.89 ticks)
Represolve time = 1.09 sec. (715.30 ticks)
   1548     0     6630.1578  2192    25866.0000    Cuts: 1282   317787   52.05%
   1548     0     6630.1578  2143    25866.0000     Cuts: 548   318366   52.05%
   1548     0     6630.1578  2205    25866.0000     Cuts: 606   318912   52.05%
   1548     0     6630.1578  2106    25866.0000     Cuts: 292   319318   52.05%
   1548     0     6630.1578  2152    25866.0000     Cuts: 612   319743   52.05%
   1548     0     6630.1578  2096    25866.0000     Cuts: 250   320203   52.05%
   1548     0     6630.1578  2132    25866.0000     Cuts: 590   320815   52.05%
   1548     2     6630.1578  1987    25866.0000    12404.0000   320815   52.05%
   1550     4    24328.0000   806    25866.0000    12404.0000   326784   52.05%
Elapsed time = 2215.15 sec. (484189.72 ticks, tree = 0.02 MB, solutions = 1)
   1552     6    12164.0000  2043    25866.0000    12404.0000   330960   52.05%
   1555     9    12164.0000  1746    25866.0000    12404.0000   336488   52.05%
   1594    41    13362.0000   320    25866.0000    12404.0000   341120   52.05%
   1653    72    24373.6608   562    25866.0000    12404.0000   348209   52.05%
   1737   120    15147.7436  1901    25866.0000    12404.0000   354701   52.05%
   1744   122    12164.0000  1769    25866.0000    12404.0000   362396   52.05%
   1785   154    25512.0000    78    25866.0000    12404.0000   368802   52.05%
   1803   161    24904.0000   374    25866.0000    12404.0000   373194   52.05%
   1823   169    12276.0000  1603    25866.0000    12404.0000   376275   52.05%
   1853   191    12164.7017  1733    25866.0000    12404.0000   381354   52.05%
Elapsed time = 2231.34 sec. (494555.18 ticks, tree = 1.74 MB, solutions = 1)
   1872   201    24328.0000  1683    25866.0000    12404.0000   388431   52.05%
   1885   206    24568.0000   743    25866.0000    12404.0000   395055   52.05%
   1907   218    12404.3513  1371    25866.0000    12404.0000   398600   52.05%
   1935   232    12164.7017  1729    25866.0000    12404.0000   403121   52.05%
   1971   255    25626.0000    83    25866.0000    12404.0000   409813   52.05%
   1996   269    12199.0000  1661    25866.0000    12404.0000   415679   52.05%
   2005   274    12404.0000  1586    25866.0000    12404.0000   422475   52.05%
   2044   296    12404.0000  1457    25866.0000    12404.0000   426771   52.05%
   2049   296    12234.0000  1679    25866.0000    12404.0000   431276   52.05%
   2087   322    12276.0000  1536    25866.0000    12404.0000   436837   52.05%
Elapsed time = 2248.51 sec. (506131.16 ticks, tree = 2.82 MB, solutions = 1)
   2091   322    12276.0000  1451    25866.0000    12404.0000   442387   52.05%
   2105   322    25146.0000   302    25866.0000    12404.0000   452408   52.05%
*  2111   326      integral     0    25816.0000    12404.0000   453010   51.95%
   2113   323        cutoff          25816.0000    12404.0000   455808   51.95%
   2116   324    12524.5358   469    25816.0000    12404.0000   457488   51.95%
   2119   325    12644.0000   463    25816.0000    12404.0000   457764   51.95%
   2123   327    12884.0000   280    25816.0000    12404.0000   458359   51.95%
   2128   329    12404.0000   776    25816.0000    12404.0000   460165   51.95%
   2131   332    12884.0000   453    25816.0000    12404.0000   461121   51.95%
   2136   333    12404.0000   704    25816.0000    12404.0000   462061   51.95%
   2139   336    12644.0000   328    25816.0000    12404.0000   462927   51.95%
Elapsed time = 2263.33 sec. (518948.85 ticks, tree = 2.83 MB, solutions = 2)
   2144   338    12404.0000   434    25816.0000    12404.0000   464170   51.95%
   2147   341    12644.0000   490    25816.0000    12404.0000   464643   51.95%
   2150   344    13124.0000   276    25816.0000    12404.0000   465305   51.95%
   2158   346    12884.0000   378    25816.0000    12404.0000   466188   51.95%
   2161   349    13124.0000   247    25816.0000    12404.0000   466567   51.95%
   2167   349    25386.0000   188    25816.0000    12404.0000   469081   51.95%
   2175   354    25386.0000   385    25816.0000    12404.0000   471831   51.95%
   2177   356    25386.0000   441    25816.0000    12404.0000   472328   51.95%
   2182   354    24568.0000   402    25816.0000    12404.0000   475490   51.95%
   2186   358    25146.0000   112    25816.0000    12404.0000   475616   51.95%
Elapsed time = 2275.71 sec. (530681.22 ticks, tree = 2.99 MB, solutions = 2)
*  2194   359      integral     0    25672.0000    12404.0000   475858   51.68%
   2196   357    infeasible          25672.0000    12404.0000   477588   51.68%
   2200   359    25530.0000    40    25672.0000    12404.0000   481982   51.68%
   2204   358    24791.0000   334    25672.0000    12516.0000   484471   51.25%
   2210   357    25498.0000    88    25672.0000    12524.0000   486667   51.22%
   2217   358    12644.0000   362    25672.0000    12559.0000   487178   51.08%
   2219   360    12884.0000   288    25672.0000    12559.0000   487300   51.08%
   2221   362    13124.0000   170    25672.0000    12559.0000   487538   51.08%
   2258   383    13180.0000   366    25672.0000    12628.0000   489110   50.81%
   2292   401    12884.0000   344    25672.0000    12644.0000   492007   50.75%
   2328   423    12644.0000   326    25672.0000    12644.0000   493681   50.75%
Elapsed time = 2286.92 sec. (541997.04 ticks, tree = 3.43 MB, solutions = 3)
   2388   454    12884.0000   334    25672.0000    12644.0000   495815   50.75%
   2450   482    12884.0000   438    25672.0000    12644.0000   498280   50.75%
   2511   528    13348.0000   207    25672.0000    12644.0000   500819   50.75%
   2561   553    infeasible          25672.0000    12644.0000   502844   50.75%
   2623   601    12760.0000   348    25672.0000    12644.0000   504287   50.75%
   2664   620    infeasible          25672.0000    12644.0000   507835   50.75%
   2701   636    13306.0000   118    25672.0000    12644.0000   509593   50.75%
   2745   653    12644.0000   522    25672.0000    12644.0000   512796   50.75%
   2767   665    12644.0000   406    25672.0000    12644.0000   513963   50.75%
   2931   743    12644.0000   658    25672.0000    12644.0000   522896   50.75%
Elapsed time = 2299.31 sec. (554987.67 ticks, tree = 5.56 MB, solutions = 3)
   3097   845    12884.0000   437    25672.0000    12644.0000   531865   50.75%
   3252   917    13348.0000   148    25672.0000    12667.3333   540519   50.66%
   3432  1009    12884.0000   190    25672.0000    12756.0000   551471   50.31%
   3627  1108    12885.0716   324    25672.0000    12756.0000   560168   50.31%
   3821  1187    infeasible          25672.0000    12756.5001   570300   50.31%
   3996  1245    infeasible          25672.0000    12868.0000   580698   49.88%
   4175  1304    12996.0000   210    25672.0000    12884.0000   590632   49.81%
   4375  1366    13124.0000   434    25672.0000    12884.0000   602268   49.81%
   4578  1436    infeasible          25672.0000    12884.0000   614185   49.81%
   4780  1510    12884.0000   280    25672.0000    12884.0000   623188   49.81%
Elapsed time = 2338.47 sec. (594128.90 ticks, tree = 10.73 MB, solutions = 3)
   4961  1574    13364.0000   110    25672.0000    12884.0000   632316   49.81%
   5119  1613    13124.0000   142    25672.0000    12884.0000   645965   49.81%
   5319  1684    12884.0000   367    25672.0000    12884.0000   657271   49.81%
   5510  1762    13364.0000   258    25672.0000    12884.0000   666143   49.81%
   5686  1828    infeasible          25672.0000    12884.0000   674822   49.81%
   5855  1876    13124.0000   312    25672.0000    12884.0000   685852   49.81%
   6071  1975    12884.0000   320    25672.0000    12884.0000   695412   49.81%
   6291  2054    infeasible          25672.0000    12884.0000   704810   49.81%
   6459  2130    infeasible          25672.0000    12884.0000   714306   49.81%
   6607  2178    13124.0000   260    25672.0000    12884.0000   724334   49.81%
Elapsed time = 2419.22 sec. (632954.45 ticks, tree = 15.34 MB, solutions = 3)
   6787  2250    12884.0000   318    25672.0000    12884.0000   734641   49.81%
   6965  2293    13124.0000   204    25672.0000    12884.6471   745109   49.81%
   7157  2366    13476.0000   164    25672.0000    12936.0000   753551   49.61%
   7359  2373    infeasible          25672.0000    12980.0000   766537   49.44%
   7575  2398    13194.0000   230    25672.0000    12996.0000   777152   49.38%
   7744  2387    13364.0000    64    25672.0000    12996.0000   791742   49.38%
   7918  2425    12996.0000   288    25672.0000    12996.0000   802081   49.38%
   8097  2432    infeasible          25672.0000    12996.0000   814424   49.38%
   8283  2476    13124.0000   354    25672.0000    12996.0000   825018   49.38%
   8444  2502    13124.0000   238    25672.0000    12996.0000   836616   49.38%
Elapsed time = 2543.68 sec. (671634.20 ticks, tree = 17.63 MB, solutions = 3)
   8623  2521    13364.0000   146    25672.0000    12996.0000   847991   49.38%
   8838  2526    infeasible          25672.0000    13028.0000   858745   49.25%
   8982  2410    infeasible          25672.0000    13108.0000   875362   48.94%
   9178  2397    13236.3451    78    25672.0000    13124.0000   887788   48.88%
   9399  2419    13124.0000   250    25672.0000    13124.0000   900187   48.88%
   9610  2450    13124.6471   152    25672.0000    13124.0000   912394   48.88%
   9860  2494    13732.0000   178    25672.0000    13124.0000   921411   48.88%
  10072  2538    13178.0000   188    25672.0000    13124.0000   930946   48.88%
  10308  2586    13364.0000   352    25672.0000    13124.0000   938588   48.88%
  10492  2604    13124.0000    92    25672.0000    13124.0000   950051   48.88%
Elapsed time = 2667.46 sec. (710080.40 ticks, tree = 18.53 MB, solutions = 3)
  10723  2654    13124.0000   180    25672.0000    13124.0000   961239   48.88%
  10950  2704    infeasible          25672.0000    13124.0000   971785   48.88%
  11222  2745    infeasible          25672.0000    13124.0000   980380   48.88%
  11456  2769    13604.0000    40    25672.0000    13124.0000   991117   48.88%
  11655  2795    13124.0000   118    25672.0000    13124.0000  1003097   48.88%
  11848  2825    13124.0000   206    25672.0000    13124.0000  1014283   48.88%
* 11868+ 2808                        25626.0000    13124.0000            48.79%
* 11868+ 2806                        25530.0000    13124.0000            48.59%
  11976  2828    13236.0000   386    25530.0000    13124.0000  1021873   48.59%
  12154  2830    infeasible          25530.0000    13124.0000  1034288   48.59%
  12297  2830    infeasible          25530.0000    13124.0000  1046473   48.59%
  12446  2819    infeasible          25530.0000    13124.0000  1061079   48.59%
Elapsed time = 2786.60 sec. (748571.25 ticks, tree = 20.15 MB, solutions = 5)
  12587  2792    infeasible          25530.0000    13124.0000  1074819   48.59%
  12767  2762    infeasible          25530.0000    13124.0000  1088255   48.59%
  12926  2784    infeasible          25530.0000    13124.0000  1101207   48.59%
  13115  2840    13124.0000   254    25530.0000    13124.0000  1111475   48.59%
  13284  2833    13348.0000   202    25530.0000    13124.0000  1126483   48.59%
  13459  2843    13476.0000    81    25530.0000    13124.0000  1138870   48.59%
  13642  2854    infeasible          25530.0000    13124.0000  1150099   48.59%
  13831  2862    13476.0000   105    25530.0000    13124.4704  1160570   48.59%
  14073  2875    infeasible          25530.0000    13124.6471  1169957   48.59%
  14278  2892    13124.6471   132    25530.0000    13124.6471  1180540   48.59%
Elapsed time = 2909.48 sec. (787107.11 ticks, tree = 20.72 MB, solutions = 5)
  14513  2925    13159.0000    78    25530.0000    13125.0716  1188425   48.59%
  14682  2837    13484.0000    67    25530.0000    13196.0000  1202814   48.31%
  14878  2679    infeasible          25530.0000    13236.0000  1220823   48.16%
  15065  2529    infeasible          25530.0000    13236.0000  1238948   48.16%
  15253  2364    infeasible          25530.0000    13236.0000  1257269   48.16%
  15398  2225    infeasible          25530.0000    13236.0000  1278088   48.16%
  15576  2073    infeasible          25530.0000    13236.6471  1294762   48.15%
  15758  1979    infeasible          25530.0000    13268.0000  1306241   48.03%
  15904  1915    13268.0000   120    25530.0000    13268.0000  1317372   48.03%
  16101  1897    13268.0000    82    25530.0000    13268.0000  1327338   48.03%
Elapsed time = 3034.16 sec. (825544.56 ticks, tree = 13.92 MB, solutions = 5)
  16365  1734    infeasible          25530.0000    13348.0000  1344803   47.72%
  16638  1499    13508.0000   125    25530.0000    13364.0000  1361391   47.65%
  16877  1309    13652.0000   108    25530.0000    13364.0000  1377893   47.65%
  17089  1126    infeasible          25530.0000    13364.0000  1397537   47.65%
  17294   943    infeasible          25530.0000    13364.0000  1418145   47.65%
  17610   676    infeasible          25530.0000    13420.5715  1434995   47.43%
  18046   269    15147.7436  1454    25530.0000    15147.7436  1449936   40.67%
  18068   277    24328.0000   652    25530.0000    17885.0510  1464198   29.94%
  18109   288    22369.0000  1113    25530.0000    22034.0000  1481153   13.69%
  18178   315    25258.0000   396    25530.0000    23251.0000  1501887    8.93%
Elapsed time = 3203.08 sec. (868017.21 ticks, tree = 2.88 MB, solutions = 5)
  18240   341    infeasible          25530.0000    24328.0000  1518396    4.71%
  18290   342    infeasible          25530.0000    24510.0000  1536475    4.00%
  18371   340    infeasible          25530.0000    24587.7773  1554533    3.69%
  18496   336    25258.0000    50    25530.0000    24808.0000  1569185    2.83%
  18660   360    24839.0000   633    25530.0000    24839.0000  1581965    2.71%
  18798   304        cutoff          25530.0000    25048.0000  1597720    1.89%
  18959   276    25386.0000   140    25530.0000    25146.0000  1609757    1.50%
  19147   294    infeasible          25530.0000    25146.0000  1621027    1.50%
  19319   292    25146.0000   128    25530.0000    25146.0000  1631567    1.50%
  19482   267    25512.0000    48    25530.0000    25258.0000  1645631    1.07%
Elapsed time = 3315.55 sec. (906897.09 ticks, tree = 2.02 MB, solutions = 5)

GUB cover cuts applied:  2
Clique cuts applied:  87
Cover cuts applied:  270
Implied bound cuts applied:  378
Flow cuts applied:  128
Mixed integer rounding cuts applied:  161
Zero-half cuts applied:  48
Lift and project cuts applied:  2

Root node processing (before b&c):
  Real time             = 2114.61 sec. (424217.89 ticks)
Sequential b&c:
  Real time             = 1216.10 sec. (486229.30 ticks)
                          ------------
Total (root+branch&cut) = 3330.71 sec. (910447.19 ticks)
Optimal

>> Printing some results...
    -> Solution value = 25529 - 07:05:29
    -> Total time = 3330.71
    -> Gap value = 0.00

=============
Train 0
=============
> Trip 0
   41(time 112 - 00:01:52)(time 307 - 00:05:07) ->    40(time 419 - 00:06:59)(time 595 - 00:09:55) ->    39(time 707 - 00:11:47)(time 886 - 00:14:46) ->    38(time 998 - 00:16:38)(time 1182 - 00:19:42) ->    37(time 1294 - 00:21:34)(time 1467 - 00:24:27) ->    36(time 1579 - 00:26:19)(time 1751 - 00:29:11) -> 35
> Trip 1
   14(time 19653 - 05:27:33)(time 19825 - 05:30:25) ->    15(time 19937 - 05:32:17)(time 20110 - 05:35:10) ->    16(time 20222 - 05:37:02)(time 20406 - 05:40:06) ->    17(time 20518 - 05:41:58)(time 20697 - 05:44:57) ->    18(time 20809 - 05:46:49)(time 20985 - 05:49:45) ->    19(time 21097 - 05:51:37)(time 21292 - 05:54:52) ->    20(time 21532 - 05:58:52)(time 21532 - 05:58:52) ->    41(time 21532 - 05:58:52)(time 21727 - 06:02:07) ->    40(time 21839 - 06:03:59)(time 22015 - 06:06:55) ->    39(time 22127 - 06:08:47)(time 22306 - 06:11:46) ->    38(time 22418 - 06:13:38)(time 22602 - 06:16:42) ->    37(time 22714 - 06:18:34)(time 22887 - 06:21:27) ->    36(time 22999 - 06:23:19)(time 23171 - 06:26:11) ->    35(time 23589 - 06:33:09)(time 23589 - 06:33:09) -> 14
=============
Train 1
=============
> Trip 0
   41(time 0 - 00:00:00)(time 195 - 00:03:15) ->    40(time 307 - 00:05:07)(time 483 - 00:08:03) ->    39(time 595 - 00:09:55)(time 774 - 00:12:54) ->    38(time 886 - 00:14:46)(time 1070 - 00:17:50) ->    37(time 1182 - 00:19:42)(time 1355 - 00:22:35) ->    36(time 1467 - 00:24:27)(time 1639 - 00:27:19) ->    35(time 1879 - 00:31:19)(time 2054 - 00:34:14) ->    34(time 2166 - 00:36:06)(time 2342 - 00:39:02) ->    33(time 2454 - 00:40:54)(time 2643 - 00:44:03) ->    32(time 2755 - 00:45:55)(time 2940 - 00:49:00) ->    31(time 3052 - 00:50:52)(time 3224 - 00:53:44) ->    30(time 3336 - 00:55:36)(time 3532 - 00:58:52) ->    29(time 3644 - 01:00:44)(time 3845 - 01:04:05) ->    28(time 3957 - 01:05:57)(time 4141 - 01:09:01) ->    27(time 4213 - 01:10:13)(time 4408 - 01:13:28) ->    26(time 4520 - 01:15:20)(time 4695 - 01:18:15) ->    25(time 4807 - 01:20:07)(time 4987 - 01:23:07) ->    24(time 5099 - 01:24:59)(time 5292 - 01:28:12) ->    23(time 5404 - 01:30:04)(time 5578 - 01:32:58) ->    22(time 5650 - 01:34:10)(time 5842 - 01:37:22) ->    21(time 6082 - 01:41:22)(time 6082 - 01:41:22) ->    0(time 6322 - 01:45:22)(time 6514 - 01:48:34) ->    1(time 6586 - 01:49:46)(time 6760 - 01:52:40) ->    2(time 6872 - 01:54:32)(time 7065 - 01:57:45) ->    3(time 7177 - 01:59:37)(time 7357 - 02:02:37) ->    4(time 7469 - 02:04:29)(time 7644 - 02:07:24) ->    5(time 7756 - 02:09:16)(time 7951 - 02:12:31) ->    6(time 8023 - 02:13:43)(time 8207 - 02:16:47) ->    7(time 8319 - 02:18:39)(time 8520 - 02:22:00) ->    8(time 8632 - 02:23:52)(time 8828 - 02:27:08) ->    9(time 8940 - 02:29:00)(time 9112 - 02:31:52) ->    10(time 9224 - 02:33:44)(time 9409 - 02:36:49) ->    11(time 9521 - 02:38:41)(time 9710 - 02:41:50) ->    12(time 9822 - 02:43:42)(time 9998 - 02:46:38) ->    13(time 10110 - 02:48:30)(time 10285 - 02:51:25) ->    14(time 10525 - 02:55:25)(time 10697 - 02:58:17) ->    15(time 10809 - 03:00:09)(time 10982 - 03:03:02) ->    16(time 11094 - 03:04:54)(time 11278 - 03:07:58) ->    17(time 11390 - 03:09:50)(time 11569 - 03:12:49) ->    18(time 11681 - 03:14:41)(time 11857 - 03:17:37) ->    19(time 11969 - 03:19:29)(time 12164 - 03:22:44) ->    20(time 12404 - 03:26:44)(time 12404 - 03:26:44) -> 41
> Trip 1
   41(time 12982 - 03:36:22)(time 13177 - 03:39:37) ->    40(time 13289 - 03:41:29)(time 13465 - 03:44:25) ->    39(time 13577 - 03:46:17)(time 13756 - 03:49:16) ->    38(time 13868 - 03:51:08)(time 14052 - 03:54:12) ->    37(time 14164 - 03:56:04)(time 14337 - 03:58:57) ->    36(time 14449 - 04:00:49)(time 14621 - 04:03:41) ->    35(time 14861 - 04:07:41)(time 15036 - 04:10:36) ->    34(time 15148 - 04:12:28)(time 15324 - 04:15:24) ->    33(time 15436 - 04:17:16)(time 15625 - 04:20:25) ->    32(time 15737 - 04:22:17)(time 15922 - 04:25:22) ->    31(time 16034 - 04:27:14)(time 16206 - 04:30:06) ->    30(time 16318 - 04:31:58)(time 16514 - 04:35:14) ->    29(time 16626 - 04:37:06)(time 16827 - 04:40:27) ->    28(time 16939 - 04:42:19)(time 17123 - 04:45:23) ->    27(time 17195 - 04:46:35)(time 17390 - 04:49:50) ->    26(time 17502 - 04:51:42)(time 17677 - 04:54:37) ->    25(time 17789 - 04:56:29)(time 17969 - 04:59:29) ->    24(time 18081 - 05:01:21)(time 18274 - 05:04:34) ->    23(time 18386 - 05:06:26)(time 18560 - 05:09:20) ->    22(time 18632 - 05:10:32)(time 18824 - 05:13:44) ->    21(time 19208 - 05:20:08)(time 19208 - 05:20:08) ->    0(time 19208 - 05:20:08)(time 19400 - 05:23:20) ->    1(time 19472 - 05:24:32)(time 19646 - 05:27:26) ->    2(time 19758 - 05:29:18)(time 19951 - 05:32:31) ->    3(time 20063 - 05:34:23)(time 20243 - 05:37:23) ->    4(time 20355 - 05:39:15)(time 20530 - 05:42:10) ->    5(time 20642 - 05:44:02)(time 20837 - 05:47:17) ->    6(time 20909 - 05:48:29)(time 21093 - 05:51:33) ->    7(time 21205 - 05:53:25)(time 21406 - 05:56:46) ->    8(time 21518 - 05:58:38)(time 21714 - 06:01:54) ->    9(time 21826 - 06:03:46)(time 21998 - 06:06:38) ->    10(time 22110 - 06:08:30)(time 22295 - 06:11:35) ->    11(time 22407 - 06:13:27)(time 22596 - 06:16:36) ->    12(time 22708 - 06:18:28)(time 22884 - 06:21:24) ->    13(time 22996 - 06:23:16)(time 23171 - 06:26:11) ->    14(time 23411 - 06:30:11)(time 23583 - 06:33:03) ->    15(time 23695 - 06:34:55)(time 23868 - 06:37:48) ->    16(time 23980 - 06:39:40)(time 24164 - 06:42:44) ->    17(time 24276 - 06:44:36)(time 24455 - 06:47:35) ->    18(time 24567 - 06:49:27)(time 24743 - 06:52:23) ->    19(time 24855 - 06:54:15)(time 25050 - 06:57:30) ->    20(time 25290 - 07:01:30)(time 25290 - 07:01:30) -> 41
=============
Train 2
=============
> Trip 0
   41(time 336 - 00:05:36)(time 531 - 00:08:51) ->    40(time 787 - 00:13:07)(time 963 - 00:16:03) ->    39(time 1075 - 00:17:55)(time 1254 - 00:20:54) ->    38(time 1366 - 00:22:46)(time 1550 - 00:25:50) ->    37(time 1662 - 00:27:42)(time 1835 - 00:30:35) ->    36(time 1947 - 00:32:27)(time 2119 - 00:35:19) ->    35(time 2359 - 00:39:19)(time 2534 - 00:42:14) ->    34(time 2646 - 00:44:06)(time 2822 - 00:47:02) ->    33(time 2934 - 00:48:54)(time 3123 - 00:52:03) ->    32(time 3235 - 00:53:55)(time 3420 - 00:57:00) ->    31(time 3532 - 00:58:52)(time 3704 - 01:01:44) ->    30(time 3816 - 01:03:36)(time 4012 - 01:06:52) ->    29(time 4124 - 01:08:44)(time 4325 - 01:12:05) ->    28(time 4437 - 01:13:57)(time 4621 - 01:17:01) ->    27(time 4693 - 01:18:13)(time 4888 - 01:21:28) ->    26(time 5000 - 01:23:20)(time 5175 - 01:26:15) ->    25(time 5287 - 01:28:07)(time 5467 - 01:31:07) ->    24(time 5579 - 01:32:59)(time 5772 - 01:36:12) ->    23(time 5884 - 01:38:04)(time 6058 - 01:40:58) ->    22(time 6130 - 01:42:10)(time 6322 - 01:45:22) ->    21(time 6740 - 01:52:20)(time 6740 - 01:52:20) ->    0(time 6740 - 01:52:20)(time 6932 - 01:55:32) ->    1(time 7004 - 01:56:44)(time 7178 - 01:59:38) ->    2(time 7290 - 02:01:30)(time 7483 - 02:04:43) ->    3(time 7595 - 02:06:35)(time 7775 - 02:09:35) ->    4(time 7887 - 02:11:27)(time 8062 - 02:14:22) ->    5(time 8334 - 02:18:54)(time 8529 - 02:22:09) ->    6(time 8601 - 02:23:21)(time 8785 - 02:26:25) ->    7(time 8897 - 02:28:17)(time 9098 - 02:31:38) ->    8(time 9210 - 02:33:30)(time 9406 - 02:36:46) ->    9(time 9518 - 02:38:38)(time 9690 - 02:41:30) ->    10(time 9802 - 02:43:22)(time 9987 - 02:46:27) ->    11(time 10099 - 02:48:19)(time 10288 - 02:51:28) ->    12(time 10400 - 02:53:20)(time 10576 - 02:56:16) ->    13(time 10688 - 02:58:08)(time 10863 - 03:01:03) ->    14(time 11103 - 03:05:03)(time 11275 - 03:07:55) ->    15(time 11387 - 03:09:47)(time 11560 - 03:12:40) ->    16(time 11672 - 03:14:32)(time 11856 - 03:17:36) ->    17(time 11968 - 03:19:28)(time 12147 - 03:22:27) ->    18(time 12259 - 03:24:19)(time 12435 - 03:27:15) ->    19(time 12547 - 03:29:07)(time 12742 - 03:32:22) ->    20(time 12982 - 03:36:22)(time 12982 - 03:36:22) -> 41
> Trip 1
   41(time 13094 - 03:38:14)(time 13289 - 03:41:29) ->    40(time 13401 - 03:43:21)(time 13577 - 03:46:17) ->    39(time 13689 - 03:48:09)(time 13868 - 03:51:08) ->    38(time 13980 - 03:53:00)(time 14164 - 03:56:04) ->    37(time 14276 - 03:57:56)(time 14449 - 04:00:49) ->    36(time 14689 - 04:04:49)(time 14861 - 04:07:41) ->    35(time 15101 - 04:11:41)(time 15276 - 04:14:36) ->    34(time 15388 - 04:16:28)(time 15564 - 04:19:24) ->    33(time 15676 - 04:21:16)(time 15865 - 04:24:25) ->    32(time 15977 - 04:26:17)(time 16162 - 04:29:22) ->    31(time 16274 - 04:31:14)(time 16446 - 04:34:06) ->    30(time 16558 - 04:35:58)(time 16754 - 04:39:14) ->    29(time 16866 - 04:41:06)(time 17067 - 04:44:27) ->    28(time 17179 - 04:46:19)(time 17363 - 04:49:23) ->    27(time 17435 - 04:50:35)(time 17630 - 04:53:50) ->    26(time 17886 - 04:58:06)(time 18061 - 05:01:01) ->    25(time 18173 - 05:02:53)(time 18353 - 05:05:53) ->    24(time 18465 - 05:07:45)(time 18658 - 05:10:58) ->    23(time 18770 - 05:12:50)(time 18944 - 05:15:44) ->    22(time 19016 - 05:16:56)(time 19208 - 05:20:08) ->    21(time 19448 - 05:24:08)(time 19448 - 05:24:08) ->    0(time 19448 - 05:24:08)(time 19640 - 05:27:20) ->    1(time 19712 - 05:28:32)(time 19886 - 05:31:26) ->    2(time 19998 - 05:33:18)(time 20191 - 05:36:31) ->    3(time 20303 - 05:38:23)(time 20483 - 05:41:23) ->    4(time 20595 - 05:43:15)(time 20770 - 05:46:10) ->    5(time 20882 - 05:48:02)(time 21077 - 05:51:17) ->    6(time 21149 - 05:52:29)(time 21333 - 05:55:33) ->    7(time 21445 - 05:57:25)(time 21646 - 06:00:46) ->    8(time 21758 - 06:02:38)(time 21954 - 06:05:54) ->    9(time 22066 - 06:07:46)(time 22238 - 06:10:38) ->    10(time 22350 - 06:12:30)(time 22535 - 06:15:35) ->    11(time 22647 - 06:17:27)(time 22836 - 06:20:36) ->    12(time 22948 - 06:22:28)(time 23124 - 06:25:24) ->    13(time 23236 - 06:27:16)(time 23411 - 06:30:11) ->    14(time 23651 - 06:34:11)(time 23823 - 06:37:03) ->    15(time 23935 - 06:38:55)(time 24108 - 06:41:48) ->    16(time 24220 - 06:43:40)(time 24404 - 06:46:44) ->    17(time 24516 - 06:48:36)(time 24695 - 06:51:35) ->    18(time 24807 - 06:53:27)(time 24983 - 06:56:23) ->    19(time 25095 - 06:58:15)(time 25290 - 07:01:30) ->    20(time 25530 - 07:05:30)(time 25530 - 07:05:30) -> 41
=============
Train 3
=============
> Trip 0
   41(time 224 - 00:03:44)(time 419 - 00:06:59) ->    40(time 531 - 00:08:51)(time 707 - 00:11:47) ->    39(time 819 - 00:13:39)(time 998 - 00:16:38) ->    38(time 1110 - 00:18:30)(time 1294 - 00:21:34) ->    37(time 1406 - 00:23:26)(time 1579 - 00:26:19) ->    36(time 1707 - 00:28:27)(time 1879 - 00:31:19) ->    35(time 2119 - 00:35:19)(time 2294 - 00:38:14) ->    34(time 2406 - 00:40:06)(time 2582 - 00:43:02) ->    33(time 2694 - 00:44:54)(time 2883 - 00:48:03) ->    32(time 2995 - 00:49:55)(time 3180 - 00:53:00) ->    31(time 3292 - 00:54:52)(time 3464 - 00:57:44) ->    30(time 3576 - 00:59:36)(time 3772 - 01:02:52) ->    29(time 3884 - 01:04:44)(time 4085 - 01:08:05) ->    28(time 4197 - 01:09:57)(time 4381 - 01:13:01) ->    27(time 4453 - 01:14:13)(time 4648 - 01:17:28) ->    26(time 4760 - 01:19:20)(time 4935 - 01:22:15) ->    25(time 5047 - 01:24:07)(time 5227 - 01:27:07) ->    24(time 5339 - 01:28:59)(time 5532 - 01:32:12) ->    23(time 5644 - 01:34:04)(time 5818 - 01:36:58) ->    22(time 5890 - 01:38:10)(time 6082 - 01:41:22) ->    21(time 6322 - 01:45:22)(time 6322 - 01:45:22) ->    0(time 6394 - 01:46:34)(time 6586 - 01:49:46) ->    1(time 6698 - 01:51:38)(time 6872 - 01:54:32) ->    2(time 6984 - 01:56:24)(time 7177 - 01:59:37) ->    3(time 7289 - 02:01:29)(time 7469 - 02:04:29) ->    4(time 7581 - 02:06:21)(time 7756 - 02:09:16) ->    5(time 7996 - 02:13:16)(time 8191 - 02:16:31) ->    6(time 8263 - 02:17:43)(time 8447 - 02:20:47) ->    7(time 8559 - 02:22:39)(time 8760 - 02:26:00) ->    8(time 8872 - 02:27:52)(time 9068 - 02:31:08) ->    9(time 9180 - 02:33:00)(time 9352 - 02:35:52) ->    10(time 9464 - 02:37:44)(time 9649 - 02:40:49) ->    11(time 9761 - 02:42:41)(time 9950 - 02:45:50) ->    12(time 10062 - 02:47:42)(time 10238 - 02:50:38) ->    13(time 10350 - 02:52:30)(time 10525 - 02:55:25) ->    14(time 10765 - 02:59:25)(time 10937 - 03:02:17) ->    15(time 11049 - 03:04:09)(time 11222 - 03:07:02) ->    16(time 11334 - 03:08:54)(time 11518 - 03:11:58) ->    17(time 11630 - 03:13:50)(time 11809 - 03:16:49) ->    18(time 11921 - 03:18:41)(time 12097 - 03:21:37) ->    19(time 12209 - 03:23:29)(time 12404 - 03:26:44) ->    20(time 12644 - 03:30:44)(time 12644 - 03:30:44) -> 41
> Trip 1
   41(time 12742 - 03:32:22)(time 12937 - 03:35:37) ->    40(time 13049 - 03:37:29)(time 13225 - 03:40:25) ->    39(time 13337 - 03:42:17)(time 13516 - 03:45:16) ->    38(time 13628 - 03:47:08)(time 13812 - 03:50:12) ->    37(time 13924 - 03:52:04)(time 14097 - 03:54:57) ->    36(time 14209 - 03:56:49)(time 14381 - 03:59:41) ->    35(time 14621 - 04:03:41)(time 14796 - 04:06:36) ->    34(time 14908 - 04:08:28)(time 15084 - 04:11:24) ->    33(time 15196 - 04:13:16)(time 15385 - 04:16:25) ->    32(time 15497 - 04:18:17)(time 15682 - 04:21:22) ->    31(time 15794 - 04:23:14)(time 15966 - 04:26:06) ->    30(time 16078 - 04:27:58)(time 16274 - 04:31:14) ->    29(time 16386 - 04:33:06)(time 16587 - 04:36:27) ->    28(time 16699 - 04:38:19)(time 16883 - 04:41:23) ->    27(time 16955 - 04:42:35)(time 17150 - 04:45:50) ->    26(time 17262 - 04:47:42)(time 17437 - 04:50:37) ->    25(time 17549 - 04:52:29)(time 17729 - 04:55:29) ->    24(time 17841 - 04:57:21)(time 18034 - 05:00:34) ->    23(time 18146 - 05:02:26)(time 18320 - 05:05:20) ->    22(time 18392 - 05:06:32)(time 18584 - 05:09:44) ->    21(time 18824 - 05:13:44)(time 18824 - 05:13:44) ->    0(time 18824 - 05:13:44)(time 19016 - 05:16:56) ->    1(time 19088 - 05:18:08)(time 19262 - 05:21:02) ->    2(time 19374 - 05:22:54)(time 19567 - 05:26:07) ->    3(time 19679 - 05:27:59)(time 19859 - 05:30:59) ->    4(time 19971 - 05:32:51)(time 20146 - 05:35:46) ->    5(time 20258 - 05:37:38)(time 20453 - 05:40:53) ->    6(time 20525 - 05:42:05)(time 20709 - 05:45:09) ->    7(time 20821 - 05:47:01)(time 21022 - 05:50:22) ->    8(time 21134 - 05:52:14)(time 21330 - 05:55:30) ->    9(time 21442 - 05:57:22)(time 21614 - 06:00:14) ->    10(time 21726 - 06:02:06)(time 21911 - 06:05:11) ->    11(time 22023 - 06:07:03)(time 22212 - 06:10:12) ->    12(time 22324 - 06:12:04)(time 22500 - 06:15:00) ->    13(time 22612 - 06:16:52)(time 22787 - 06:19:47) ->    14(time 23171 - 06:26:11)(time 23343 - 06:29:03) ->    15(time 23455 - 06:30:55)(time 23628 - 06:33:48) ->    16(time 23740 - 06:35:40)(time 23924 - 06:38:44) ->    17(time 24036 - 06:40:36)(time 24215 - 06:43:35) ->    18(time 24327 - 06:45:27)(time 24503 - 06:48:23) ->    19(time 24615 - 06:50:15)(time 24810 - 06:53:30) ->    20(time 25050 - 06:57:30)(time 25050 - 06:57:30) -> 41
