t4p5r7h2.txt:
   > Trying to open the instance file...
   > Reading number of trains...
   > Reading maximum number of trips per train...
   > Reading time intervals...
   > Reading number of points...
   > Reading stations...
   > Reading crossings...
   > Reading depots...
   > Reading initial point...
   > Reading routes...
   > Reading distance and distance and service...
   > Reading demands...
   > Reading maximum time...
   > Reading alpha...

--------------------------------
 Printing instance
--------------------------------
number of trains = 4
	max trips per trains: 6     6     6     6
number of intervals = 2
	(0,  18984)	(18985,  37968)
number of points = 5
	initial point: 0
	stations: 0     1     3     4
	crossings: 0     1     2     4
	depots: 0     1     4
number of vertices = 10
	total vertices: 0     1     2     3     4     5     6     7     8     9
	upper vertices: 0     1     2     3     4
	lower vertices: 5     6     7     8     9
	vertices of point #0: (0, 5)
	vertices of point #1: (1, 6)
	vertices of point #2: (2, 7)
	vertices of point #3: (3, 8)
	vertices of point #4: (4, 9)

arcs...
	total arcs: 
		arc #0: (0, 1)
		arc #1: (0, 5)
		arc #2: (5, 0)
		arc #3: (1, 2)
		arc #4: (6, 5)
		arc #5: (1, 6)
		arc #6: (6, 1)
		arc #7: (2, 3)
		arc #8: (7, 6)
		arc #9: (3, 4)
		arc #10: (8, 7)
		arc #11: (9, 8)
		arc #12: (4, 9)
		arc #13: (9, 4)

	reverse arcs: 
		arc #1: (0, 5)
		arc #2: (5, 0)
		arc #5: (1, 6)
		arc #6: (6, 1)
		arc #12: (4, 9)
		arc #13: (9, 4)


incompatible points...
	(0, 0, 6, (0, 1))	(6, 6, 0, (6, 5))	(1, 1, 7, (1, 2))	(7, 7, 1, (7, 6))	(2, 3, 9, (3, 4))	(9, 8, 2, (8, 7))

number of routes = 7
vertices of routes...
	route #0: 0     1     2     3     4     9     8     7     6     5     0
	route #1: 9     8     7     6     5     0     1     2     3     4     9
	route #2: 1     2     3     4
	route #3: 6     5
	route #4: 0     1
	route #5: 9     8     7     6
	route #6: 1     2     3     4     9     8     7     6     1
arcs of routes...
	route #0: 0     3     7     9    12    11    10     8     4     2
	route #1: 11    10     8     4     2     0     3     7     9    12
	route #2: 3     7     9
	route #3: 4
	route #4: 0
	route #5: 11    10     8
	route #6: 3     7     9    12    11    10     8     6

incompatible routes...
	(0, 1)    	(0, 2)    	(0, 3)    	(0, 5)    	(0, 6)    	(1, 0)    	(1, 2)    	(1, 3)    	(1, 4)    	(1, 6)    	(2, 0)    	(2, 2)    	(2, 3)    	(2, 4)    	(2, 6)    	(3, 1)    	(3, 2)    	(3, 3)    	(3, 5)    	(3, 6)    	(4, 0)    	(4, 1)    	(4, 4)    	(4, 5)    	(5, 0)    	(5, 1)    	(5, 4)    	(5, 5)    	(6, 0)    	(6, 1)    	(6, 4)    	(6, 5)

vertices that can be adjacent in consecutive trips...
	(0, 0)    	(1, 1)    	(1, 6)    	(4, 9)    	(5, 0)    	(6, 1)    	(6, 6)    	(9, 9)
non cyclical routes: 
       2       3       4       5

routes of trip...
	routes that train #0 can complete at trip #0: 0       4
	routes that train #0 can complete at trip #1: 0       1       2       3       4       5       6
	routes that train #0 can complete at trip #2: 0       1       2       3       4       5       6
	routes that train #0 can complete at trip #3: 0       1       2       3       4       5       6
	routes that train #0 can complete at trip #4: 0       1       2       3       4       5       6
	routes that train #0 can complete at trip #5: 0       1       2       3       4       5       6

	routes that train #1 can complete at trip #0: 0       4
	routes that train #1 can complete at trip #1: 0       1       2       3       4       5       6
	routes that train #1 can complete at trip #2: 0       1       2       3       4       5       6
	routes that train #1 can complete at trip #3: 0       1       2       3       4       5       6
	routes that train #1 can complete at trip #4: 0       1       2       3       4       5       6
	routes that train #1 can complete at trip #5: 0       1       2       3       4       5       6

	routes that train #2 can complete at trip #0: 0       4
	routes that train #2 can complete at trip #1: 0       1       2       3       4       5       6
	routes that train #2 can complete at trip #2: 0       1       2       3       4       5       6
	routes that train #2 can complete at trip #3: 0       1       2       3       4       5       6
	routes that train #2 can complete at trip #4: 0       1       2       3       4       5       6
	routes that train #2 can complete at trip #5: 0       1       2       3       4       5       6

	routes that train #3 can complete at trip #0: 0       4
	routes that train #3 can complete at trip #1: 0       1       2       3       4       5       6
	routes that train #3 can complete at trip #2: 0       1       2       3       4       5       6
	routes that train #3 can complete at trip #3: 0       1       2       3       4       5       6
	routes that train #3 can complete at trip #4: 0       1       2       3       4       5       6
	routes that train #3 can complete at trip #5: 0       1       2       3       4       5       6

 cost...
	arc #0 [0][1]: 416
	arc #1 [0][5]: 0
	arc #2 [5][0]: 0
	arc #3 [1][2]: 419
	arc #4 [6][5]: 416
	arc #5 [1][6]: 0
	arc #6 [6][1]: 0
	arc #7 [2][3]: 430
	arc #8 [7][6]: 419
	arc #9 [3][4]: 435
	arc #10 [8][7]: 430
	arc #11 [9][8]: 435
	arc #12 [4][9]: 0
	arc #13 [9][4]: 0

cost with minimum service...
	arc #0 [0][1]: 554
	arc #1 [0][5]: 0
	arc #2 [5][0]: 0
	arc #3 [1][2]: 474
	arc #4 [6][5]: 554
	arc #5 [1][6]: 0
	arc #6 [6][1]: 0
	arc #7 [2][3]: 506
	arc #8 [7][6]: 557
	arc #9 [3][4]: 573
	arc #10 [8][7]: 485
	arc #11 [9][8]: 511
	arc #12 [4][9]: 0
	arc #13 [9][4]: 0

cost with maximum service...
	arc #0 [0][1]: 882
	arc #1 [0][5]: 466
	arc #2 [5][0]: 466
	arc #3 [1][2]: 885
	arc #4 [6][5]: 882
	arc #5 [1][6]: 466
	arc #6 [6][1]: 466
	arc #7 [2][3]: 896
	arc #8 [7][6]: 885
	arc #9 [3][4]: 901
	arc #10 [8][7]: 896
	arc #11 [9][8]: 901
	arc #12 [4][9]: 466
	arc #13 [9][4]: 466

demands...
	demands of vertex 0 at time interval: 10    10
	demands of vertex 1 at time interval: 10    10
	demands of vertex 2 at time interval: 0     0
	demands of vertex 3 at time interval: 10    10
	demands of vertex 4 at time interval: 0     0
	demands of vertex 5 at time interval: 0     0
	demands of vertex 6 at time interval: 10    10
	demands of vertex 7 at time interval: 0     0
	demands of vertex 8 at time interval: 10    10
	demands of vertex 9 at time interval: 10    10

maximum time = 37968
alpha = 48

Selecting set of cyclical routes...

Selecting set of initial routes...

Creating initial set of candidate combinations...
Solving candidate combinations...

Found new best - 1/1 candidate combination(s) tested! (Thread 0)

Removing trips...

Solving candidate combinations...

1/4 candidate combination(s) tested! (Thread 0)
2/4 candidate combination(s) tested! (Thread 0)
3/4 candidate combination(s) tested! (Thread 0)
4/4 candidate combination(s) tested! (Thread 0)

Relaxing trips, so the model can make changes...

>> Printing some results...
    -> Solution value = 24488 - 06:48:08
    -> Total time = 2404.77

=============
Train 0
=============
> Trip 0
   0(time 3523 - 00:58:43)(time 3939 - 01:05:39) ->    1(time 4077 - 01:07:57)(time 4496 - 01:14:56) ->    2(time 4551 - 01:15:51)(time 4981 - 01:23:01) ->    3(time 5057 - 01:24:17)(time 5492 - 01:31:32) ->    4(time 5630 - 01:33:50)(time 5630 - 01:33:50) ->    9(time 5747 - 01:35:47)(time 6182 - 01:43:02) ->    8(time 6258 - 01:44:18)(time 6688 - 01:51:28) ->    7(time 6764 - 01:52:44)(time 7183 - 01:59:43) ->    6(time 7321 - 02:02:01)(time 7737 - 02:08:57) ->    5(time 7875 - 02:11:15)(time 7875 - 02:11:15) -> 0
> Trip 1
   0(time 7875 - 02:11:15)(time 8291 - 02:18:11) ->    1(time 8429 - 02:20:29)(time 8848 - 02:27:28) ->    2(time 8986 - 02:29:46)(time 9416 - 02:36:56) ->    3(time 9492 - 02:38:12)(time 9927 - 02:45:27) ->    4(time 10065 - 02:47:45)(time 10065 - 02:47:45) ->    9(time 10191 - 02:49:51)(time 10626 - 02:57:06) ->    8(time 10702 - 02:58:22)(time 11132 - 03:05:32) ->    7(time 11208 - 03:06:48)(time 11627 - 03:13:47) ->    6(time 11765 - 03:16:05)(time 12181 - 03:23:01) ->    5(time 12319 - 03:25:19)(time 12319 - 03:25:19) -> 0
> Trip 2
   0(time 12319 - 03:25:19)(time 12735 - 03:32:15) ->    1(time 12873 - 03:34:33)(time 13292 - 03:41:32) ->    2(time 13430 - 03:43:50)(time 13860 - 03:51:00) ->    3(time 13936 - 03:52:16)(time 14371 - 03:59:31) ->    4(time 14509 - 04:01:49)(time 14509 - 04:01:49) ->    9(time 14509 - 04:01:49)(time 14944 - 04:09:04) ->    8(time 15020 - 04:10:20)(time 15450 - 04:17:30) ->    7(time 15652 - 04:20:52)(time 16071 - 04:27:51) ->    6(time 16209 - 04:30:09)(time 16625 - 04:37:05) ->    5(time 16763 - 04:39:23)(time 16763 - 04:39:23) -> 0
> Trip 3
   0(time 16763 - 04:39:23)(time 17179 - 04:46:19) ->    1(time 17317 - 04:48:37)(time 17736 - 04:55:36) ->    2(time 17874 - 04:57:54)(time 18304 - 05:05:04) ->    3(time 18411 - 05:06:51)(time 18846 - 05:14:06) ->    4(time 18984 - 05:16:24)(time 18984 - 05:16:24) ->    9(time 18984 - 05:16:24)(time 19419 - 05:23:39) ->    8(time 19590 - 05:26:30)(time 20020 - 05:33:40) ->    7(time 20096 - 05:34:56)(time 20515 - 05:41:55) ->    6(time 20653 - 05:44:13)(time 21069 - 05:51:09) ->    5(time 21207 - 05:53:27)(time 21207 - 05:53:27) -> 0
> Trip 4
   0(time 21207 - 05:53:27)(time 21623 - 06:00:23) ->    1(time 21761 - 06:02:41)(time 22180 - 06:09:40) ->    2(time 22318 - 06:11:58)(time 22748 - 06:19:08) ->    3(time 22824 - 06:20:24)(time 23259 - 06:27:39) ->    4(time 23397 - 06:29:57)(time 23397 - 06:29:57) ->    9(time 23523 - 06:32:03)(time 23958 - 06:39:18) ->    8(time 24034 - 06:40:34)(time 24464 - 06:47:44) ->    7(time 24540 - 06:49:00)(time 24959 - 06:55:59) ->    6(time 25097 - 06:58:17)(time 25513 - 07:05:13) ->    5(time 25651 - 07:07:31)(time 25651 - 07:07:31) -> 0
> Trip 5
   0(time 25651 - 07:07:31)(time 26067 - 07:14:27) ->    1(time 26205 - 07:16:45)(time 26624 - 07:23:44) ->    2(time 26707 - 07:25:07)(time 27137 - 07:32:17) ->    3(time 27213 - 07:33:33)(time 27648 - 07:40:48) ->    4(time 27786 - 07:43:06)(time 27786 - 07:43:06) ->    9(time 27786 - 07:43:06)(time 28221 - 07:50:21) ->    8(time 28297 - 07:51:37)(time 28727 - 07:58:47) ->    7(time 28984 - 08:03:04)(time 29403 - 08:10:03) ->    6(time 29541 - 08:12:21)(time 29957 - 08:19:17) ->    5(time 30423 - 08:27:03)(time 30423 - 08:27:03) -> 0
=============
Train 1
=============
> Trip 0
   0(time 3716 - 01:01:56)(time 4132 - 01:08:52) ->    1(time 4270 - 01:11:10)(time 4689 - 01:18:09) ->    2(time 4744 - 01:19:04)(time 5174 - 01:26:14) ->    3(time 5250 - 01:27:30)(time 5685 - 01:34:45) ->    4(time 5823 - 01:37:03)(time 5823 - 01:37:03) ->    9(time 5823 - 01:37:03)(time 6258 - 01:44:18) ->    8(time 6334 - 01:45:34)(time 6764 - 01:52:44) ->    7(time 6902 - 01:55:02)(time 7321 - 02:02:01) ->    6(time 7459 - 02:04:19)(time 7875 - 02:11:15) ->    5(time 8013 - 02:13:33)(time 8013 - 02:13:33) -> 0
> Trip 1
   0(time 8013 - 02:13:33)(time 8429 - 02:20:29) ->    1(time 8567 - 02:22:47)(time 8986 - 02:29:46) ->    2(time 9124 - 02:32:04)(time 9554 - 02:39:14) ->    3(time 9630 - 02:40:30)(time 10065 - 02:47:45) ->    4(time 10203 - 02:50:03)(time 10203 - 02:50:03) ->    9(time 10267 - 02:51:07)(time 10702 - 02:58:22) ->    8(time 10778 - 02:59:38)(time 11208 - 03:06:48) ->    7(time 11346 - 03:09:06)(time 11765 - 03:16:05) ->    6(time 11903 - 03:18:23)(time 12319 - 03:25:19) ->    5(time 12457 - 03:27:37)(time 12457 - 03:27:37) -> 0
> Trip 2
   0(time 12457 - 03:27:37)(time 12873 - 03:34:33) ->    1(time 13011 - 03:36:51)(time 13430 - 03:43:50) ->    2(time 13568 - 03:46:08)(time 13998 - 03:53:18) ->    3(time 14074 - 03:54:34)(time 14509 - 04:01:49) ->    4(time 14647 - 04:04:07)(time 14647 - 04:04:07) ->    9(time 14711 - 04:05:11)(time 15146 - 04:12:26) ->    8(time 15222 - 04:13:42)(time 15652 - 04:20:52) ->    7(time 15790 - 04:23:10)(time 16209 - 04:30:09) ->    6(time 16347 - 04:32:27)(time 16763 - 04:39:23) ->    5(time 16901 - 04:41:41)(time 16901 - 04:41:41) -> 0
> Trip 3
   0(time 16901 - 04:41:41)(time 17317 - 04:48:37) ->    1(time 17455 - 04:50:55)(time 17874 - 04:57:54) ->    2(time 18043 - 05:00:43)(time 18473 - 05:07:53) ->    3(time 18549 - 05:09:09)(time 18984 - 05:16:24) ->    4(time 19122 - 05:18:42)(time 19122 - 05:18:42) ->    9(time 19155 - 05:19:15)(time 19590 - 05:26:30) ->    8(time 19666 - 05:27:46)(time 20096 - 05:34:56) ->    7(time 20234 - 05:37:14)(time 20653 - 05:44:13) ->    6(time 20791 - 05:46:31)(time 21207 - 05:53:27) ->    5(time 21345 - 05:55:45)(time 21345 - 05:55:45) -> 0
> Trip 4
   0(time 21345 - 05:55:45)(time 21761 - 06:02:41) ->    1(time 21899 - 06:04:59)(time 22318 - 06:11:58) ->    2(time 22520 - 06:15:20)(time 22950 - 06:22:30) ->    3(time 23026 - 06:23:46)(time 23461 - 06:31:01) ->    4(time 23599 - 06:33:19)(time 23599 - 06:33:19) ->    9(time 23599 - 06:33:19)(time 24034 - 06:40:34) ->    8(time 24110 - 06:41:50)(time 24540 - 06:49:00) ->    7(time 24678 - 06:51:18)(time 25097 - 06:58:17) ->    6(time 25235 - 07:00:35)(time 25651 - 07:07:31) ->    5(time 25789 - 07:09:49)(time 25789 - 07:09:49) -> 0
> Trip 5
   0(time 27735 - 07:42:15)(time 28151 - 07:49:11) ->    1(time 28289 - 07:51:29)(time 28708 - 07:58:28) ->    2(time 28763 - 07:59:23)(time 29193 - 08:06:33) ->    3(time 29269 - 08:07:49)(time 29704 - 08:15:04) ->    4(time 29842 - 08:17:22)(time 29842 - 08:17:22) ->    9(time 29980 - 08:19:40)(time 30415 - 08:26:55) ->    8(time 30491 - 08:28:11)(time 30921 - 08:35:21) ->    7(time 30976 - 08:36:16)(time 31395 - 08:43:15) ->    6(time 31533 - 08:45:33)(time 31949 - 08:52:29) ->    5(time 32087 - 08:54:47)(time 32087 - 08:54:47) -> 0
=============
Train 2
=============
> Trip 0
   0(time 5653 - 01:34:13)(time 6069 - 01:41:09) ->    1(time 6207 - 01:43:27)(time 6626 - 01:50:26) ->    2(time 6764 - 01:52:44)(time 7194 - 01:59:54) ->    3(time 7270 - 02:01:10)(time 7705 - 02:08:25) ->    4(time 7843 - 02:10:43)(time 7843 - 02:10:43) ->    9(time 7907 - 02:11:47)(time 8342 - 02:19:02) ->    8(time 8418 - 02:20:18)(time 8848 - 02:27:28) ->    7(time 8986 - 02:29:46)(time 9405 - 02:36:45) ->    6(time 9543 - 02:39:03)(time 9959 - 02:45:59) ->    5(time 10097 - 02:48:17)(time 10097 - 02:48:17) -> 0
> Trip 1
   0(time 10097 - 02:48:17)(time 10513 - 02:55:13) ->    1(time 10651 - 02:57:31)(time 11070 - 03:04:30) ->    2(time 11208 - 03:06:48)(time 11638 - 03:13:58) ->    3(time 11714 - 03:15:14)(time 12149 - 03:22:29) ->    4(time 12351 - 03:25:51)(time 12351 - 03:25:51) ->    9(time 12351 - 03:25:51)(time 12786 - 03:33:06) ->    8(time 12924 - 03:35:24)(time 13354 - 03:42:34) ->    7(time 13430 - 03:43:50)(time 13849 - 03:50:49) ->    6(time 13987 - 03:53:07)(time 14403 - 04:00:03) ->    5(time 14541 - 04:02:21)(time 14541 - 04:02:21) -> 0
> Trip 2
   0(time 14541 - 04:02:21)(time 14957 - 04:09:17) ->    1(time 15095 - 04:11:35)(time 15514 - 04:18:34) ->    2(time 15652 - 04:20:52)(time 16082 - 04:28:02) ->    3(time 16158 - 04:29:18)(time 16593 - 04:36:33) ->    4(time 16731 - 04:38:51)(time 16731 - 04:38:51) ->    9(time 16731 - 04:38:51)(time 17166 - 04:46:06) ->    8(time 17368 - 04:49:28)(time 17798 - 04:56:38) ->    7(time 17874 - 04:57:54)(time 18293 - 05:04:53) ->    6(time 18431 - 05:07:11)(time 18847 - 05:14:07) ->    5(time 18985 - 05:16:25)(time 18985 - 05:16:25) -> 0
> Trip 3
   0(time 18985 - 05:16:25)(time 19401 - 05:23:21) ->    1(time 19539 - 05:25:39)(time 19958 - 05:32:38) ->    2(time 20096 - 05:34:56)(time 20526 - 05:42:06) ->    3(time 20602 - 05:43:22)(time 21037 - 05:50:37) ->    4(time 21175 - 05:52:55)(time 21175 - 05:52:55) ->    9(time 21301 - 05:55:01)(time 21736 - 06:02:16) ->    8(time 21812 - 06:03:32)(time 22242 - 06:10:42) ->    7(time 22318 - 06:11:58)(time 22737 - 06:18:57) ->    6(time 22875 - 06:21:15)(time 23291 - 06:28:11) ->    5(time 23429 - 06:30:29)(time 23429 - 06:30:29) -> 0
> Trip 4
   0(time 23429 - 06:30:29)(time 23845 - 06:37:25) ->    1(time 23983 - 06:39:43)(time 24402 - 06:46:42) ->    2(time 24540 - 06:49:00)(time 24970 - 06:56:10) ->    3(time 25046 - 06:57:26)(time 25481 - 07:04:41) ->    4(time 25619 - 07:06:59)(time 25619 - 07:06:59) ->    9(time 25628 - 07:07:08)(time 26063 - 07:14:23) ->    8(time 26139 - 07:15:39)(time 26569 - 07:22:49) ->    7(time 26624 - 07:23:44)(time 27043 - 07:30:43) ->    6(time 27181 - 07:33:01)(time 27597 - 07:39:57) ->    5(time 27735 - 07:42:15)(time 27735 - 07:42:15) -> 0
> Trip 5
   0(time 27873 - 07:44:33)(time 28289 - 07:51:29) ->    1(time 28427 - 07:53:47)(time 28846 - 08:00:46) ->    2(time 28901 - 08:01:41)(time 29331 - 08:08:51) ->    3(time 29407 - 08:10:07)(time 29842 - 08:17:22) ->    4(time 29980 - 08:19:40)(time 29980 - 08:19:40) ->    9(time 30056 - 08:20:56)(time 30491 - 08:28:11) ->    8(time 30629 - 08:30:29)(time 31059 - 08:37:39) ->    7(time 31114 - 08:38:34)(time 31533 - 08:45:33) ->    6(time 31671 - 08:47:51)(time 32087 - 08:54:47) ->    5(time 32225 - 08:57:05)(time 32225 - 08:57:05) -> 0
=============
Train 3
=============
> Trip 0
   0(time 5791 - 01:36:31)(time 6207 - 01:43:27) ->    1(time 6345 - 01:45:45)(time 6764 - 01:52:44) ->    2(time 6966 - 01:56:06)(time 7396 - 02:03:16) ->    3(time 7472 - 02:04:32)(time 7907 - 02:11:47) ->    4(time 8045 - 02:14:05)(time 8045 - 02:14:05) ->    9(time 8045 - 02:14:05)(time 8480 - 02:21:20) ->    8(time 8556 - 02:22:36)(time 8986 - 02:29:46) ->    7(time 9124 - 02:32:04)(time 9543 - 02:39:03) ->    6(time 9681 - 02:41:21)(time 10097 - 02:48:17) ->    5(time 10235 - 02:50:35)(time 10235 - 02:50:35) -> 0
> Trip 1
   0(time 10235 - 02:50:35)(time 10651 - 02:57:31) ->    1(time 10789 - 02:59:49)(time 11208 - 03:06:48) ->    2(time 11284 - 03:08:04)(time 11714 - 03:15:14) ->    3(time 11916 - 03:18:36)(time 12351 - 03:25:51) ->    4(time 12489 - 03:28:09)(time 12489 - 03:28:09) ->    9(time 12489 - 03:28:09)(time 12924 - 03:35:24) ->    8(time 13000 - 03:36:40)(time 13430 - 03:43:50) ->    7(time 13568 - 03:46:08)(time 13987 - 03:53:07) ->    6(time 14125 - 03:55:25)(time 14541 - 04:02:21) ->    5(time 14679 - 04:04:39)(time 14679 - 04:04:39) -> 0
> Trip 2
   0(time 14679 - 04:04:39)(time 15095 - 04:11:35) ->    1(time 15233 - 04:13:53)(time 15652 - 04:20:52) ->    2(time 15728 - 04:22:08)(time 16158 - 04:29:18) ->    3(time 16296 - 04:31:36)(time 16731 - 04:38:51) ->    4(time 16933 - 04:42:13)(time 16933 - 04:42:13) ->    9(time 16933 - 04:42:13)(time 17368 - 04:49:28) ->    8(time 17444 - 04:50:44)(time 17874 - 04:57:54) ->    7(time 18012 - 05:00:12)(time 18431 - 05:07:11) ->    6(time 18569 - 05:09:29)(time 18985 - 05:16:25) ->    5(time 19123 - 05:18:43)(time 19123 - 05:18:43) -> 0
> Trip 3
   0(time 19123 - 05:18:43)(time 19539 - 05:25:39) ->    1(time 19677 - 05:27:57)(time 20096 - 05:34:56) ->    2(time 20172 - 05:36:12)(time 20602 - 05:43:22) ->    3(time 20804 - 05:46:44)(time 21239 - 05:53:59) ->    4(time 21377 - 05:56:17)(time 21377 - 05:56:17) ->    9(time 21377 - 05:56:17)(time 21812 - 06:03:32) ->    8(time 21888 - 06:04:48)(time 22318 - 06:11:58) ->    7(time 22456 - 06:14:16)(time 22875 - 06:21:15) ->    6(time 23013 - 06:23:33)(time 23429 - 06:30:29) ->    5(time 23567 - 06:32:47)(time 23567 - 06:32:47) -> 0
> Trip 4
   0(time 23567 - 06:32:47)(time 23983 - 06:39:43) ->    1(time 24121 - 06:42:01)(time 24540 - 06:49:00) ->    2(time 24687 - 06:51:27)(time 25117 - 06:58:37) ->    3(time 25193 - 06:59:53)(time 25628 - 07:07:08) ->    4(time 25766 - 07:09:26)(time 25766 - 07:09:26) ->    9(time 25766 - 07:09:26)(time 26201 - 07:16:41) ->    8(time 26277 - 07:17:57)(time 26707 - 07:25:07) ->    7(time 26762 - 07:26:02)(time 27181 - 07:33:01) ->    6(time 27319 - 07:35:19)(time 27735 - 07:42:15) ->    5(time 27873 - 07:44:33)(time 27873 - 07:44:33) -> 0
> Trip 5
   0(time 28011 - 07:46:51)(time 28427 - 07:53:47) ->    1(time 28565 - 07:56:05)(time 28984 - 08:03:04) ->    2(time 29039 - 08:03:59)(time 29469 - 08:11:09) ->    3(time 29545 - 08:12:25)(time 29980 - 08:19:40) ->    4(time 30118 - 08:21:58)(time 30118 - 08:21:58) ->    9(time 30235 - 08:23:55)(time 30670 - 08:31:10) ->    8(time 30746 - 08:32:26)(time 31176 - 08:39:36) ->    7(time 31252 - 08:40:52)(time 31671 - 08:47:51) ->    6(time 31809 - 08:50:09)(time 32225 - 08:57:05) ->    5(time 32363 - 08:59:23)(time 32363 - 08:59:23) -> 0
