t4p6r7h1.txt:
   > Trying to open the instance file...
   > Reading number of trains...
   > Reading maximum number of trips per train...
   > Reading time intervals...
   > Reading number of points...
   > Reading stations...
   > Reading crossings...
   > Reading depots...
   > Reading initial point...
   > Reading routes...
   > Reading distance and distance and service...
   > Reading demands...
   > Reading maximum time...
   > Reading alpha...

--------------------------------
 Printing instance
--------------------------------
number of trains = 4
	max trips per trains: 8     8     8     8
number of intervals = 1
	(0,  42700)
number of points = 6
	initial point: 5
	stations: 0     1     3     4     5
	crossings: 0     1     2     3     4     5
	depots: 0     1     5
number of vertices = 12
	total vertices: 0     1     2     3     4     5     6     7     8     9    10    11
	upper vertices: 0     1     2     3     4     5
	lower vertices: 6     7     8     9    10    11
	vertices of point #0: (0, 6)
	vertices of point #1: (1, 7)
	vertices of point #2: (2, 8)
	vertices of point #3: (3, 9)
	vertices of point #4: (4, 10)
	vertices of point #5: (5, 11)

arcs...
	total arcs: 
		arc #0: (0, 1)
		arc #1: (0, 6)
		arc #2: (6, 0)
		arc #3: (1, 2)
		arc #4: (7, 6)
		arc #5: (1, 7)
		arc #6: (7, 1)
		arc #7: (2, 3)
		arc #8: (8, 7)
		arc #9: (3, 4)
		arc #10: (9, 8)
		arc #11: (4, 5)
		arc #12: (10, 9)
		arc #13: (11, 10)
		arc #14: (5, 11)
		arc #15: (11, 5)

	reverse arcs: 
		arc #1: (0, 6)
		arc #2: (6, 0)
		arc #5: (1, 7)
		arc #6: (7, 1)
		arc #14: (5, 11)
		arc #15: (11, 5)


incompatible points...
	(0, 0, 7, (0, 1))	(7, 7, 0, (7, 6))	(1, 1, 8, (1, 2))	(8, 8, 1, (8, 7))	(2, 2, 9, (2, 3))	(9, 9, 2, (9, 8))	(3, 3, 10, (3, 4))	(10, 10, 3, (10, 9))	(4, 4, 11, (4, 5))	(11, 11, 4, (11, 10))

number of routes = 7
vertices of routes...
	route #0: 0     1     2     3     4     5    11    10     9     8     7     6     0
	route #1: 11    10     9     8     7     6     0     1     2     3     4     5    11
	route #2: 1     2     3     4     5
	route #3: 7     6
	route #4: 0     1
	route #5: 11    10     9     8     7
	route #6: 7     6     0     1     7
arcs of routes...
	route #0: 0     3     7     9    11    14    13    12    10     8     4     2
	route #1: 13    12    10     8     4     2     0     3     7     9    11    14
	route #2: 3     7     9    11
	route #3: 4
	route #4: 0
	route #5: 13    12    10     8
	route #6: 4     2     0     5

incompatible routes...
	(0, 1)    	(0, 2)    	(0, 3)    	(0, 5)    	(0, 6)    	(1, 0)    	(1, 2)    	(1, 3)    	(1, 4)    	(1, 6)    	(2, 0)    	(2, 2)    	(2, 3)    	(2, 4)    	(2, 6)    	(3, 1)    	(3, 2)    	(3, 3)    	(3, 5)    	(3, 6)    	(4, 0)    	(4, 1)    	(4, 4)    	(4, 5)    	(5, 0)    	(5, 1)    	(5, 4)    	(5, 5)    	(6, 0)    	(6, 1)    	(6, 4)    	(6, 5)

vertices that can be adjacent in consecutive trips...
	(0, 0)    	(1, 1)    	(1, 7)    	(5, 11)    	(6, 0)    	(7, 1)    	(7, 7)    	(11, 11)
non cyclical routes: 
       2       3       4       5

routes of trip...
	routes that train #0 can complete at trip #0: 1       5
	routes that train #0 can complete at trip #1: 0       1       2       3       4       5       6
	routes that train #0 can complete at trip #2: 0       1       2       3       4       5       6
	routes that train #0 can complete at trip #3: 0       1       2       3       4       5       6
	routes that train #0 can complete at trip #4: 0       1       2       3       4       5       6
	routes that train #0 can complete at trip #5: 0       1       2       3       4       5       6
	routes that train #0 can complete at trip #6: 0       1       2       3       4       5       6
	routes that train #0 can complete at trip #7: 0       1       2       3       4       5       6

	routes that train #1 can complete at trip #0: 1       5
	routes that train #1 can complete at trip #1: 0       1       2       3       4       5       6
	routes that train #1 can complete at trip #2: 0       1       2       3       4       5       6
	routes that train #1 can complete at trip #3: 0       1       2       3       4       5       6
	routes that train #1 can complete at trip #4: 0       1       2       3       4       5       6
	routes that train #1 can complete at trip #5: 0       1       2       3       4       5       6
	routes that train #1 can complete at trip #6: 0       1       2       3       4       5       6
	routes that train #1 can complete at trip #7: 0       1       2       3       4       5       6

	routes that train #2 can complete at trip #0: 1       5
	routes that train #2 can complete at trip #1: 0       1       2       3       4       5       6
	routes that train #2 can complete at trip #2: 0       1       2       3       4       5       6
	routes that train #2 can complete at trip #3: 0       1       2       3       4       5       6
	routes that train #2 can complete at trip #4: 0       1       2       3       4       5       6
	routes that train #2 can complete at trip #5: 0       1       2       3       4       5       6
	routes that train #2 can complete at trip #6: 0       1       2       3       4       5       6
	routes that train #2 can complete at trip #7: 0       1       2       3       4       5       6

	routes that train #3 can complete at trip #0: 1       5
	routes that train #3 can complete at trip #1: 0       1       2       3       4       5       6
	routes that train #3 can complete at trip #2: 0       1       2       3       4       5       6
	routes that train #3 can complete at trip #3: 0       1       2       3       4       5       6
	routes that train #3 can complete at trip #4: 0       1       2       3       4       5       6
	routes that train #3 can complete at trip #5: 0       1       2       3       4       5       6
	routes that train #3 can complete at trip #6: 0       1       2       3       4       5       6
	routes that train #3 can complete at trip #7: 0       1       2       3       4       5       6

 cost...
	arc #0 [0][1]: 297
	arc #1 [0][6]: 0
	arc #2 [6][0]: 0
	arc #3 [1][2]: 286
	arc #4 [7][6]: 297
	arc #5 [1][7]: 0
	arc #6 [7][1]: 0
	arc #7 [2][3]: 306
	arc #8 [8][7]: 286
	arc #9 [3][4]: 303
	arc #10 [9][8]: 306
	arc #11 [4][5]: 305
	arc #12 [10][9]: 303
	arc #13 [11][10]: 305
	arc #14 [5][11]: 0
	arc #15 [11][5]: 0

cost with minimum service...
	arc #0 [0][1]: 474
	arc #1 [0][6]: 0
	arc #2 [6][0]: 0
	arc #3 [1][2]: 354
	arc #4 [7][6]: 474
	arc #5 [1][7]: 0
	arc #6 [7][1]: 0
	arc #7 [2][3]: 402
	arc #8 [8][7]: 463
	arc #9 [3][4]: 399
	arc #10 [9][8]: 374
	arc #11 [4][5]: 482
	arc #12 [10][9]: 399
	arc #13 [11][10]: 401
	arc #14 [5][11]: 0
	arc #15 [11][5]: 0

cost with maximum service...
	arc #0 [0][1]: 656
	arc #1 [0][6]: 359
	arc #2 [6][0]: 359
	arc #3 [1][2]: 645
	arc #4 [7][6]: 656
	arc #5 [1][7]: 359
	arc #6 [7][1]: 359
	arc #7 [2][3]: 665
	arc #8 [8][7]: 645
	arc #9 [3][4]: 662
	arc #10 [9][8]: 665
	arc #11 [4][5]: 664
	arc #12 [10][9]: 662
	arc #13 [11][10]: 664
	arc #14 [5][11]: 359
	arc #15 [11][5]: 359

demands...
	demands of vertex 0 at time interval: 28
	demands of vertex 1 at time interval: 28
	demands of vertex 2 at time interval: 0
	demands of vertex 3 at time interval: 28
	demands of vertex 4 at time interval: 28
	demands of vertex 5 at time interval: 0
	demands of vertex 6 at time interval: 0
	demands of vertex 7 at time interval: 28
	demands of vertex 8 at time interval: 0
	demands of vertex 9 at time interval: 28
	demands of vertex 10 at time interval: 28
	demands of vertex 11 at time interval: 28

maximum time = 42700
alpha = 54
Starting to test combinations... - Total number of combinations = 7965941760000
Found new best - 1/7965941760000
