t4p9r2h1.txt:
   > Trying to open the instance file...
   > Reading number of trains...
   > Reading maximum number of trips per train...
   > Reading time intervals...
   > Reading number of points...
   > Reading stations...
   > Reading crossings...
   > Reading depots...
   > Reading initial point...
   > Reading routes...
   > Reading distance and distance and service...
   > Reading demands...
   > Reading maximum time...
   > Reading alpha...

--------------------------------
 Printing instance
--------------------------------
number of trains = 4
	max trips per trains: 3     3     3     3
number of intervals = 1
	(0,  10511)
number of points = 9
	initial point: 8
	stations: 0     1     3     5     6     7     8
	crossings: 0     2     4     5     8
	depots: 0     8
number of vertices = 18
	total vertices: 0     1     2     3     4     5     6     7     8     9    10    11    12    13    14    15    16    17
	upper vertices: 0     1     2     3     4     5     6     7     8
	lower vertices: 9    10    11    12    13    14    15    16    17
	vertices of point #0: (0, 9)
	vertices of point #1: (1, 10)
	vertices of point #2: (2, 11)
	vertices of point #3: (3, 12)
	vertices of point #4: (4, 13)
	vertices of point #5: (5, 14)
	vertices of point #6: (6, 15)
	vertices of point #7: (7, 16)
	vertices of point #8: (8, 17)

arcs...
	total arcs: 
		arc #0: (0, 1)
		arc #1: (0, 9)
		arc #2: (9, 0)
		arc #3: (1, 2)
		arc #4: (10, 9)
		arc #5: (2, 3)
		arc #6: (11, 10)
		arc #7: (3, 4)
		arc #8: (12, 11)
		arc #9: (4, 5)
		arc #10: (13, 12)
		arc #11: (5, 6)
		arc #12: (14, 13)
		arc #13: (6, 7)
		arc #14: (15, 14)
		arc #15: (7, 8)
		arc #16: (16, 15)
		arc #17: (17, 16)
		arc #18: (8, 17)
		arc #19: (17, 8)

	reverse arcs: 
		arc #1: (0, 9)
		arc #2: (9, 0)
		arc #18: (8, 17)
		arc #19: (17, 8)


incompatible points...
	(0, 1, 11, (1, 2))	(11, 10, 0, (10, 9))	(2, 3, 13, (3, 4))	(13, 12, 2, (12, 11))	(4, 4, 14, (4, 5))	(14, 14, 4, (14, 13))	(5, 7, 17, (7, 8))	(17, 15, 5, (15, 14))

number of routes = 2
vertices of routes...
	route #0: 0     1     2     3     4     5     6     7     8    17    16    15    14    13    12    11    10     9     0
	route #1: 17    16    15    14    13    12    11    10     9     0     1     2     3     4     5     6     7     8    17
arcs of routes...
	route #0: 0     3     5     7     9    11    13    15    18    17    16    14    12    10     8     6     4     2
	route #1: 17    16    14    12    10     8     6     4     2     0     3     5     7     9    11    13    15    18

incompatible routes...
	(0, 1)    	(1, 0)

vertices that can be adjacent in consecutive trips...
	(0, 0)    	(17, 17)
non cyclical routes: 


routes of trip...
	routes that train #0 can complete at trip #0: 1
	routes that train #0 can complete at trip #1: 0       1
	routes that train #0 can complete at trip #2: 0       1

	routes that train #1 can complete at trip #0: 1
	routes that train #1 can complete at trip #1: 0       1
	routes that train #1 can complete at trip #2: 0       1

	routes that train #2 can complete at trip #0: 1
	routes that train #2 can complete at trip #1: 0       1
	routes that train #2 can complete at trip #2: 0       1

	routes that train #3 can complete at trip #0: 1
	routes that train #3 can complete at trip #1: 0       1
	routes that train #3 can complete at trip #2: 0       1

 cost...
	arc #0 [0][1]: 110
	arc #1 [0][9]: 0
	arc #2 [9][0]: 0
	arc #3 [1][2]: 115
	arc #4 [10][9]: 110
	arc #5 [2][3]: 99
	arc #6 [11][10]: 115
	arc #7 [3][4]: 113
	arc #8 [12][11]: 99
	arc #9 [4][5]: 115
	arc #10 [13][12]: 113
	arc #11 [5][6]: 107
	arc #12 [14][13]: 115
	arc #13 [6][7]: 104
	arc #14 [15][14]: 107
	arc #15 [7][8]: 100
	arc #16 [16][15]: 104
	arc #17 [17][16]: 100
	arc #18 [8][17]: 0
	arc #19 [17][8]: 0

cost with minimum service...
	arc #0 [0][1]: 198
	arc #1 [0][9]: 0
	arc #2 [9][0]: 0
	arc #3 [1][2]: 160
	arc #4 [10][9]: 207
	arc #5 [2][3]: 187
	arc #6 [11][10]: 203
	arc #7 [3][4]: 158
	arc #8 [12][11]: 144
	arc #9 [4][5]: 203
	arc #10 [13][12]: 201
	arc #11 [5][6]: 195
	arc #12 [14][13]: 160
	arc #13 [6][7]: 192
	arc #14 [15][14]: 195
	arc #15 [7][8]: 197
	arc #16 [16][15]: 192
	arc #17 [17][16]: 188
	arc #18 [8][17]: 0
	arc #19 [17][8]: 0

cost with maximum service...
	arc #0 [0][1]: 449
	arc #1 [0][9]: 339
	arc #2 [9][0]: 339
	arc #3 [1][2]: 454
	arc #4 [10][9]: 449
	arc #5 [2][3]: 438
	arc #6 [11][10]: 454
	arc #7 [3][4]: 452
	arc #8 [12][11]: 438
	arc #9 [4][5]: 454
	arc #10 [13][12]: 452
	arc #11 [5][6]: 446
	arc #12 [14][13]: 454
	arc #13 [6][7]: 443
	arc #14 [15][14]: 446
	arc #15 [7][8]: 439
	arc #16 [16][15]: 443
	arc #17 [17][16]: 439
	arc #18 [8][17]: 339
	arc #19 [17][8]: 339

demands...
	demands of vertex 0 at time interval: 10
	demands of vertex 1 at time interval: 10
	demands of vertex 2 at time interval: 0
	demands of vertex 3 at time interval: 10
	demands of vertex 4 at time interval: 0
	demands of vertex 5 at time interval: 10
	demands of vertex 6 at time interval: 10
	demands of vertex 7 at time interval: 10
	demands of vertex 8 at time interval: 0
	demands of vertex 9 at time interval: 0
	demands of vertex 10 at time interval: 10
	demands of vertex 11 at time interval: 0
	demands of vertex 12 at time interval: 10
	demands of vertex 13 at time interval: 0
	demands of vertex 14 at time interval: 10
	demands of vertex 15 at time interval: 10
	demands of vertex 16 at time interval: 10
	demands of vertex 17 at time interval: 10

maximum time = 10511
alpha = 46
Starting to test combinations... - Total number of combinations = 81
Found new best - 2/81
Found new best - 3/81
Found new best - 5/81
10% done - 9/81 combination(s) tested! (Thread 0)
20% done - 18/81 combination(s) tested! (Thread 0)
30% done - 27/81 combination(s) tested! (Thread 0)
40% done - 36/81 combination(s) tested! (Thread 0)
50% done - 45/81 combination(s) tested! (Thread 0)
60% done - 54/81 combination(s) tested! (Thread 0)
70% done - 63/81 combination(s) tested! (Thread 0)
80% done - 72/81 combination(s) tested! (Thread 0)
90% done - 81/81 combination(s) tested! (Thread 0)
All combination(s) tested!
3/81 were feasible combination(s)! - (3.704%)

>> Printing some results...
    -> Solution value = 9036 - 02:30:36
    -> Total time = 188.46
    -> Gap value = 0.00

=============
Train 0
=============
> Trip 0
   17(time 0 - 00:00:00)(time 100 - 00:01:40) ->    16(time 188 - 00:03:08)(time 292 - 00:04:52) ->    15(time 380 - 00:06:20)(time 487 - 00:08:07) ->    14(time 575 - 00:09:35)(time 690 - 00:11:30) ->    13(time 735 - 00:12:15)(time 848 - 00:14:08) ->    12(time 936 - 00:15:36)(time 1035 - 00:17:15) ->    11(time 1080 - 00:18:00)(time 1195 - 00:19:55) ->    10(time 1283 - 00:21:23)(time 1393 - 00:23:13) ->    9(time 1490 - 00:24:50)(time 1490 - 00:24:50) ->    0(time 1490 - 00:24:50)(time 1600 - 00:26:40) ->    1(time 1688 - 00:28:08)(time 1803 - 00:30:03) ->    2(time 1848 - 00:30:48)(time 1947 - 00:32:27) ->    3(time 2035 - 00:33:55)(time 2148 - 00:35:48) ->    4(time 2193 - 00:36:33)(time 2308 - 00:38:28) ->    5(time 2396 - 00:39:56)(time 2503 - 00:41:43) ->    6(time 2591 - 00:43:11)(time 2695 - 00:44:55) ->    7(time 2783 - 00:46:23)(time 2883 - 00:48:03) ->    8(time 2980 - 00:49:40)(time 2980 - 00:49:40) -> 17
> Trip 1
   17(time 2980 - 00:49:40)(time 3080 - 00:51:20) ->    16(time 3168 - 00:52:48)(time 3272 - 00:54:32) ->    15(time 3360 - 00:56:00)(time 3467 - 00:57:47) ->    14(time 3555 - 00:59:15)(time 3670 - 01:01:10) ->    13(time 3715 - 01:01:55)(time 3828 - 01:03:48) ->    12(time 3916 - 01:05:16)(time 4015 - 01:06:55) ->    11(time 4060 - 01:07:40)(time 4175 - 01:09:35) ->    10(time 4263 - 01:11:03)(time 4373 - 01:12:53) ->    9(time 4470 - 01:14:30)(time 4470 - 01:14:30) ->    0(time 4470 - 01:14:30)(time 4580 - 01:16:20) ->    1(time 4668 - 01:17:48)(time 4783 - 01:19:43) ->    2(time 4828 - 01:20:28)(time 4927 - 01:22:07) ->    3(time 5015 - 01:23:35)(time 5128 - 01:25:28) ->    4(time 5173 - 01:26:13)(time 5288 - 01:28:08) ->    5(time 5376 - 01:29:36)(time 5483 - 01:31:23) ->    6(time 5571 - 01:32:51)(time 5675 - 01:34:35) ->    7(time 5763 - 01:36:03)(time 5863 - 01:37:43) ->    8(time 5960 - 01:39:20)(time 5960 - 01:39:20) -> 17
> Trip 2
   17(time 5960 - 01:39:20)(time 6060 - 01:41:00) ->    16(time 6148 - 01:42:28)(time 6252 - 01:44:12) ->    15(time 6340 - 01:45:40)(time 6447 - 01:47:27) ->    14(time 6535 - 01:48:55)(time 6650 - 01:50:50) ->    13(time 6695 - 01:51:35)(time 6808 - 01:53:28) ->    12(time 6896 - 01:54:56)(time 6995 - 01:56:35) ->    11(time 7040 - 01:57:20)(time 7155 - 01:59:15) ->    10(time 7243 - 02:00:43)(time 7353 - 02:02:33) ->    9(time 7450 - 02:04:10)(time 7450 - 02:04:10) ->    0(time 7450 - 02:04:10)(time 7560 - 02:06:00) ->    1(time 7648 - 02:07:28)(time 7763 - 02:09:23) ->    2(time 7808 - 02:10:08)(time 7907 - 02:11:47) ->    3(time 7995 - 02:13:15)(time 8108 - 02:15:08) ->    4(time 8153 - 02:15:53)(time 8268 - 02:17:48) ->    5(time 8356 - 02:19:16)(time 8463 - 02:21:03) ->    6(time 8551 - 02:22:31)(time 8655 - 02:24:15) ->    7(time 8743 - 02:25:43)(time 8843 - 02:27:23) ->    8(time 8940 - 02:29:00)(time 8940 - 02:29:00) -> 17
=============
Train 1
=============
> Trip 0
   17(time 97 - 00:01:37)(time 197 - 00:03:17) ->    16(time 285 - 00:04:45)(time 389 - 00:06:29) ->    15(time 477 - 00:07:57)(time 584 - 00:09:44) ->    14(time 672 - 00:11:12)(time 787 - 00:13:07) ->    13(time 832 - 00:13:52)(time 945 - 00:15:45) ->    12(time 1033 - 00:17:13)(time 1132 - 00:18:52) ->    11(time 1177 - 00:19:37)(time 1292 - 00:21:32) ->    10(time 1380 - 00:23:00)(time 1490 - 00:24:50) ->    9(time 1587 - 00:26:27)(time 1587 - 00:26:27) ->    0(time 1587 - 00:26:27)(time 1697 - 00:28:17) ->    1(time 1785 - 00:29:45)(time 1900 - 00:31:40) ->    2(time 1945 - 00:32:25)(time 2044 - 00:34:04) ->    3(time 2132 - 00:35:32)(time 2245 - 00:37:25) ->    4(time 2290 - 00:38:10)(time 2405 - 00:40:05) ->    5(time 2493 - 00:41:33)(time 2600 - 00:43:20) ->    6(time 2688 - 00:44:48)(time 2792 - 00:46:32) ->    7(time 2880 - 00:48:00)(time 2980 - 00:49:40) ->    8(time 3077 - 00:51:17)(time 3077 - 00:51:17) -> 17
> Trip 1
   17(time 3077 - 00:51:17)(time 3177 - 00:52:57) ->    16(time 3265 - 00:54:25)(time 3369 - 00:56:09) ->    15(time 3457 - 00:57:37)(time 3564 - 00:59:24) ->    14(time 3652 - 01:00:52)(time 3767 - 01:02:47) ->    13(time 3812 - 01:03:32)(time 3925 - 01:05:25) ->    12(time 4013 - 01:06:53)(time 4112 - 01:08:32) ->    11(time 4157 - 01:09:17)(time 4272 - 01:11:12) ->    10(time 4360 - 01:12:40)(time 4470 - 01:14:30) ->    9(time 4567 - 01:16:07)(time 4567 - 01:16:07) ->    0(time 4567 - 01:16:07)(time 4677 - 01:17:57) ->    1(time 4765 - 01:19:25)(time 4880 - 01:21:20) ->    2(time 4925 - 01:22:05)(time 5024 - 01:23:44) ->    3(time 5112 - 01:25:12)(time 5225 - 01:27:05) ->    4(time 5270 - 01:27:50)(time 5385 - 01:29:45) ->    5(time 5473 - 01:31:13)(time 5580 - 01:33:00) ->    6(time 5668 - 01:34:28)(time 5772 - 01:36:12) ->    7(time 5860 - 01:37:40)(time 5960 - 01:39:20) ->    8(time 6057 - 01:40:57)(time 6057 - 01:40:57) -> 17
> Trip 2
   17(time 6057 - 01:40:57)(time 6157 - 01:42:37) ->    16(time 6245 - 01:44:05)(time 6349 - 01:45:49) ->    15(time 6437 - 01:47:17)(time 6544 - 01:49:04) ->    14(time 6632 - 01:50:32)(time 6747 - 01:52:27) ->    13(time 6792 - 01:53:12)(time 6905 - 01:55:05) ->    12(time 6993 - 01:56:33)(time 7092 - 01:58:12) ->    11(time 7137 - 01:58:57)(time 7252 - 02:00:52) ->    10(time 7340 - 02:02:20)(time 7450 - 02:04:10) ->    9(time 7547 - 02:05:47)(time 7547 - 02:05:47) ->    0(time 7547 - 02:05:47)(time 7657 - 02:07:37) ->    1(time 7745 - 02:09:05)(time 7860 - 02:11:00) ->    2(time 7905 - 02:11:45)(time 8004 - 02:13:24) ->    3(time 8092 - 02:14:52)(time 8205 - 02:16:45) ->    4(time 8250 - 02:17:30)(time 8365 - 02:19:25) ->    5(time 8453 - 02:20:53)(time 8560 - 02:22:40) ->    6(time 8648 - 02:24:08)(time 8752 - 02:25:52) ->    7(time 8840 - 02:27:20)(time 8940 - 02:29:00) ->    8(time 9037 - 02:30:37)(time 9037 - 02:30:37) -> 17
=============
Train 2
=============
> Trip 0
   17(time 185 - 00:03:05)(time 285 - 00:04:45) ->    16(time 373 - 00:06:13)(time 477 - 00:07:57) ->    15(time 636 - 00:10:36)(time 743 - 00:12:23) ->    14(time 831 - 00:13:51)(time 946 - 00:15:46) ->    13(time 1285 - 00:21:25)(time 1398 - 00:23:18) ->    12(time 1486 - 00:24:46)(time 1585 - 00:26:25) ->    11(time 1924 - 00:32:04)(time 2039 - 00:33:59) ->    10(time 2127 - 00:35:27)(time 2237 - 00:37:17) ->    9(time 2334 - 00:38:54)(time 2334 - 00:38:54) ->    0(time 2334 - 00:38:54)(time 2444 - 00:40:44) ->    1(time 2532 - 00:42:12)(time 2647 - 00:44:07) ->    2(time 2986 - 00:49:46)(time 3085 - 00:51:25) ->    3(time 3203 - 00:53:23)(time 3316 - 00:55:16) ->    4(time 3361 - 00:56:01)(time 3476 - 00:57:56) ->    5(time 3564 - 00:59:24)(time 3671 - 01:01:11) ->    6(time 3759 - 01:02:39)(time 3863 - 01:04:23) ->    7(time 3951 - 01:05:51)(time 4051 - 01:07:31) ->    8(time 4390 - 01:13:10)(time 4390 - 01:13:10) -> 17
> Trip 1
   17(time 4483 - 01:14:43)(time 4583 - 01:16:23) ->    16(time 4671 - 01:17:51)(time 4775 - 01:19:35) ->    15(time 4863 - 01:21:03)(time 4970 - 01:22:50) ->    14(time 5058 - 01:24:18)(time 5173 - 01:26:13) ->    13(time 5225 - 01:27:05)(time 5338 - 01:28:58) ->    12(time 5426 - 01:30:26)(time 5525 - 01:32:05) ->    11(time 5570 - 01:32:50)(time 5685 - 01:34:45) ->    10(time 5773 - 01:36:13)(time 5883 - 01:38:03) ->    9(time 5980 - 01:39:40)(time 5980 - 01:39:40) ->    0(time 5980 - 01:39:40)(time 6090 - 01:41:30) ->    1(time 6178 - 01:42:58)(time 6293 - 01:44:53) ->    2(time 6338 - 01:45:38)(time 6437 - 01:47:17) ->    3(time 6525 - 01:48:45)(time 6638 - 01:50:38) ->    4(time 6747 - 01:52:27)(time 6862 - 01:54:22) ->    5(time 7201 - 02:00:01)(time 7308 - 02:01:48) ->    6(time 7396 - 02:03:16)(time 7500 - 02:05:00) ->    7(time 7588 - 02:06:28)(time 7688 - 02:08:08) ->    8(time 7785 - 02:09:45)(time 7785 - 02:09:45) -> 17
=============
Train 3
=============
> Trip 0
   17(time 965 - 00:16:05)(time 1065 - 00:17:45) ->    16(time 1404 - 00:23:24)(time 1508 - 00:25:08) ->    15(time 1596 - 00:26:36)(time 1703 - 00:28:23) ->    14(time 1791 - 00:29:51)(time 1906 - 00:31:46) ->    13(time 2245 - 00:37:25)(time 2358 - 00:39:18) ->    12(time 2446 - 00:40:46)(time 2545 - 00:42:25) ->    11(time 2647 - 00:44:07)(time 2762 - 00:46:02) ->    10(time 2850 - 00:47:30)(time 2960 - 00:49:20) ->    9(time 3057 - 00:50:57)(time 3057 - 00:50:57) ->    0(time 3057 - 00:50:57)(time 3167 - 00:52:47) ->    1(time 3255 - 00:54:15)(time 3370 - 00:56:10) ->    2(time 3415 - 00:56:55)(time 3514 - 00:58:34) ->    3(time 3602 - 01:00:02)(time 3715 - 01:01:55) ->    4(time 3767 - 01:02:47)(time 3882 - 01:04:42) ->    5(time 3996 - 01:06:36)(time 4103 - 01:08:23) ->    6(time 4191 - 01:09:51)(time 4295 - 01:11:35) ->    7(time 4383 - 01:13:03)(time 4483 - 01:14:43) ->    8(time 4580 - 01:16:20)(time 4580 - 01:16:20) -> 17
> Trip 1
   17(time 4580 - 01:16:20)(time 4680 - 01:18:00) ->    16(time 4768 - 01:19:28)(time 4872 - 01:21:12) ->    15(time 4960 - 01:22:40)(time 5067 - 01:24:27) ->    14(time 5385 - 01:29:45)(time 5500 - 01:31:40) ->    13(time 5545 - 01:32:25)(time 5658 - 01:34:18) ->    12(time 5879 - 01:37:59)(time 5978 - 01:39:38) ->    11(time 6317 - 01:45:17)(time 6432 - 01:47:12) ->    10(time 6520 - 01:48:40)(time 6630 - 01:50:30) ->    9(time 6727 - 01:52:07)(time 6727 - 01:52:07) ->    0(time 6727 - 01:52:07)(time 6837 - 01:53:57) ->    1(time 6925 - 01:55:25)(time 7040 - 01:57:20) ->    2(time 7379 - 02:02:59)(time 7478 - 02:04:38) ->    3(time 7566 - 02:06:06)(time 7679 - 02:07:59) ->    4(time 8018 - 02:13:38)(time 8133 - 02:15:33) ->    5(time 8221 - 02:17:01)(time 8328 - 02:18:48) ->    6(time 8416 - 02:20:16)(time 8520 - 02:22:00) ->    7(time 8608 - 02:23:28)(time 8708 - 02:25:08) ->    8(time 8805 - 02:26:45)(time 8805 - 02:26:45) -> 17
