t4p9r2h1.txt:
   > Trying to open the instance file...
   > Reading number of trains...
   > Reading maximum number of trips per train...
   > Reading time intervals...
   > Reading number of points...
   > Reading stations...
   > Reading crossings...
   > Reading depots...
   > Reading initial point...
   > Reading routes...
   > Reading distance and distance and service...
   > Reading demands...
   > Reading maximum time...
   > Reading alpha...

--------------------------------
 Printing instance
--------------------------------
number of trains = 4
	max trips per trains: 3     3     3     3
number of intervals = 1
	(0,  10511)
number of points = 9
	initial point: 8
	stations: 0     1     3     5     6     7     8
	crossings: 0     2     4     5     8
	depots: 0     8
number of vertices = 18
	total vertices: 0     1     2     3     4     5     6     7     8     9    10    11    12    13    14    15    16    17
	upper vertices: 0     1     2     3     4     5     6     7     8
	lower vertices: 9    10    11    12    13    14    15    16    17
	vertices of point #0: (0, 9)
	vertices of point #1: (1, 10)
	vertices of point #2: (2, 11)
	vertices of point #3: (3, 12)
	vertices of point #4: (4, 13)
	vertices of point #5: (5, 14)
	vertices of point #6: (6, 15)
	vertices of point #7: (7, 16)
	vertices of point #8: (8, 17)

arcs...
	total arcs: 
		arc #0: (0, 1)
		arc #1: (0, 9)
		arc #2: (9, 0)
		arc #3: (1, 2)
		arc #4: (10, 9)
		arc #5: (2, 3)
		arc #6: (11, 10)
		arc #7: (3, 4)
		arc #8: (12, 11)
		arc #9: (4, 5)
		arc #10: (13, 12)
		arc #11: (5, 6)
		arc #12: (14, 13)
		arc #13: (6, 7)
		arc #14: (15, 14)
		arc #15: (7, 8)
		arc #16: (16, 15)
		arc #17: (17, 16)
		arc #18: (8, 17)
		arc #19: (17, 8)

	reverse arcs: 
		arc #1: (0, 9)
		arc #2: (9, 0)
		arc #18: (8, 17)
		arc #19: (17, 8)


incompatible points...
	(0, 1, 11, (1, 2))	(11, 10, 0, (10, 9))	(2, 3, 13, (3, 4))	(13, 12, 2, (12, 11))	(4, 4, 14, (4, 5))	(14, 14, 4, (14, 13))	(5, 7, 17, (7, 8))	(17, 15, 5, (15, 14))

number of routes = 2
vertices of routes...
	route #0: 0     1     2     3     4     5     6     7     8    17    16    15    14    13    12    11    10     9     0
	route #1: 17    16    15    14    13    12    11    10     9     0     1     2     3     4     5     6     7     8    17
arcs of routes...
	route #0: 0     3     5     7     9    11    13    15    18    17    16    14    12    10     8     6     4     2
	route #1: 17    16    14    12    10     8     6     4     2     0     3     5     7     9    11    13    15    18

incompatible routes...
	(0, 1)    	(1, 0)

vertices that can be adjacent in consecutive trips...
	(0, 0)    	(17, 17)
non cyclical routes: 


routes of trip...
	routes that train #0 can complete at trip #0: 1
	routes that train #0 can complete at trip #1: 0       1
	routes that train #0 can complete at trip #2: 0       1

	routes that train #1 can complete at trip #0: 1
	routes that train #1 can complete at trip #1: 0       1
	routes that train #1 can complete at trip #2: 0       1

	routes that train #2 can complete at trip #0: 1
	routes that train #2 can complete at trip #1: 0       1
	routes that train #2 can complete at trip #2: 0       1

	routes that train #3 can complete at trip #0: 1
	routes that train #3 can complete at trip #1: 0       1
	routes that train #3 can complete at trip #2: 0       1

 cost...
	arc #0 [0][1]: 110
	arc #1 [0][9]: 0
	arc #2 [9][0]: 0
	arc #3 [1][2]: 115
	arc #4 [10][9]: 110
	arc #5 [2][3]: 99
	arc #6 [11][10]: 115
	arc #7 [3][4]: 113
	arc #8 [12][11]: 99
	arc #9 [4][5]: 115
	arc #10 [13][12]: 113
	arc #11 [5][6]: 107
	arc #12 [14][13]: 115
	arc #13 [6][7]: 104
	arc #14 [15][14]: 107
	arc #15 [7][8]: 100
	arc #16 [16][15]: 104
	arc #17 [17][16]: 100
	arc #18 [8][17]: 0
	arc #19 [17][8]: 0

cost with minimum service...
	arc #0 [0][1]: 198
	arc #1 [0][9]: 0
	arc #2 [9][0]: 0
	arc #3 [1][2]: 160
	arc #4 [10][9]: 207
	arc #5 [2][3]: 187
	arc #6 [11][10]: 203
	arc #7 [3][4]: 158
	arc #8 [12][11]: 144
	arc #9 [4][5]: 203
	arc #10 [13][12]: 201
	arc #11 [5][6]: 195
	arc #12 [14][13]: 160
	arc #13 [6][7]: 192
	arc #14 [15][14]: 195
	arc #15 [7][8]: 197
	arc #16 [16][15]: 192
	arc #17 [17][16]: 188
	arc #18 [8][17]: 0
	arc #19 [17][8]: 0

cost with maximum service...
	arc #0 [0][1]: 449
	arc #1 [0][9]: 339
	arc #2 [9][0]: 339
	arc #3 [1][2]: 454
	arc #4 [10][9]: 449
	arc #5 [2][3]: 438
	arc #6 [11][10]: 454
	arc #7 [3][4]: 452
	arc #8 [12][11]: 438
	arc #9 [4][5]: 454
	arc #10 [13][12]: 452
	arc #11 [5][6]: 446
	arc #12 [14][13]: 454
	arc #13 [6][7]: 443
	arc #14 [15][14]: 446
	arc #15 [7][8]: 439
	arc #16 [16][15]: 443
	arc #17 [17][16]: 439
	arc #18 [8][17]: 339
	arc #19 [17][8]: 339

demands...
	demands of vertex 0 at time interval: 10
	demands of vertex 1 at time interval: 10
	demands of vertex 2 at time interval: 0
	demands of vertex 3 at time interval: 10
	demands of vertex 4 at time interval: 0
	demands of vertex 5 at time interval: 10
	demands of vertex 6 at time interval: 10
	demands of vertex 7 at time interval: 10
	demands of vertex 8 at time interval: 0
	demands of vertex 9 at time interval: 0
	demands of vertex 10 at time interval: 10
	demands of vertex 11 at time interval: 0
	demands of vertex 12 at time interval: 10
	demands of vertex 13 at time interval: 0
	demands of vertex 14 at time interval: 10
	demands of vertex 15 at time interval: 10
	demands of vertex 16 at time interval: 10
	demands of vertex 17 at time interval: 10

maximum time = 10511
alpha = 46

>> Solving...
Version identifier: 20.1.0.0 | 2020-11-10 | 9bedb6d68
CPXPARAM_Threads                                 1
CPXPARAM_TimeLimit                               43200
Tried aggregator 5 times.
MIP Presolve eliminated 37054 rows and 7184 columns.
MIP Presolve modified 87725 coefficients.
Aggregator did 648 substitutions.
Reduced MIP has 76901 rows, 28093 columns, and 189030 nonzeros.
Reduced MIP has 27876 binaries, 0 generals, 0 SOSs, and 0 indicators.
Presolve time = 4.63 sec. (2609.14 ticks)
Probing fixed 76 vars, tightened 313 bounds.
Probing time = 2.10 sec. (1256.69 ticks)
Cover probing fixed 0 vars, tightened 36 bounds.
Tried aggregator 2 times.
MIP Presolve eliminated 25852 rows and 2884 columns.
MIP Presolve modified 8666 coefficients.
Aggregator did 11292 substitutions.
Reduced MIP has 39757 rows, 13917 columns, and 99476 nonzeros.
Reduced MIP has 13700 binaries, 0 generals, 0 SOSs, and 0 indicators.
Presolve time = 0.96 sec. (562.46 ticks)
Probing fixed 0 vars, tightened 71 bounds.
Probing time = 0.52 sec. (296.46 ticks)
Tried aggregator 1 time.
Detecting symmetries...
MIP Presolve modified 3379 coefficients.
Reduced MIP has 39757 rows, 13917 columns, and 99476 nonzeros.
Reduced MIP has 13700 binaries, 0 generals, 0 SOSs, and 0 indicators.
Presolve time = 0.84 sec. (1091.31 ticks)
Probing fixed 0 vars, tightened 51 bounds.
Probing time = 0.45 sec. (249.26 ticks)
Clique table members: 78227.
MIP emphasis: balance optimality and feasibility.
MIP search method: dynamic search.
Parallel mode: none, using 1 thread.
Root relaxation solution time = 2.04 sec. (2033.26 ticks)

        Nodes                                         Cuts/
   Node  Left     Objective  IInf  Best Integer    Best Bound    ItCnt     Gap

      0     0     4388.9996  6984                   4388.9996     8733         
      0     0     4388.9997  5360                  Cuts: 9995     9221         
      0     0     4388.9997  7109                  Cuts: 5175    12516         
      0     0     4388.9997  6208                  Cuts: 4402    16471         
      0     0     4912.6665  6032                   Cuts: 977    20136         
      0     0     4945.0168  6980                   Cuts: 734    22031         

Repeating presolve.
Tried aggregator 1 time.
MIP Presolve eliminated 27720 rows and 11088 columns.
MIP Presolve modified 4590 coefficients.
Reduced MIP has 12037 rows, 2829 columns, and 32816 nonzeros.
Reduced MIP has 2612 binaries, 0 generals, 0 SOSs, and 0 indicators.
Presolve time = 0.27 sec. (158.60 ticks)
Probing fixed 0 vars, tightened 23 bounds.
Probing time = 0.14 sec. (98.27 ticks)
Tried aggregator 1 time.
Detecting symmetries...
MIP Presolve modified 1163 coefficients.
Reduced MIP has 12037 rows, 2829 columns, and 32816 nonzeros.
Reduced MIP has 2612 binaries, 0 generals, 0 SOSs, and 0 indicators.
Presolve time = 0.14 sec. (81.11 ticks)
Represolve time = 0.78 sec. (647.39 ticks)
Probing fixed 0 vars, tightened 15 bounds.
Probing time = 0.12 sec. (78.96 ticks)
Clique table members: 20015.
MIP emphasis: balance optimality and feasibility.
MIP search method: dynamic search.
Parallel mode: none, using 1 thread.
Root relaxation solution time = 0.45 sec. (332.59 ticks)

        Nodes                                         Cuts/
   Node  Left     Objective  IInf  Best Integer    Best Bound    ItCnt     Gap

      0     0     4945.0168  1511                   4945.0168    25348         
      0     0     5704.1561  1550                  Cuts: 2381    26566         
*     0+    0                        10502.0000     5704.1561            45.69%
      0     0     5807.1920  1509    10502.0000    Cuts: 1026    27093   44.70%
      0     0     5807.1920  1549    10502.0000     Cuts: 465    27382   44.70%
*     0+    0                        10483.0000     5807.1920            44.60%
      0     0     5807.1920  1163    10483.0000     Cuts: 190    27544   44.60%
      0     0     5807.1920  1419    10483.0000    Cuts: 1596    28257   44.60%
*     0+    0                        10478.0000     5807.1920            44.58%
      0     2     5807.1920  1056    10478.0000     5960.0000    28257   43.12%
Elapsed time = 58.58 sec. (43080.07 ticks, tree = 0.01 MB, solutions = 3)
      3     5     8940.0000   219    10478.0000     5960.0000    30203   43.12%
     20    22     8940.0000   163    10478.0000     5960.0000    30628   43.12%
     39    40     9125.0000    81    10478.0000     5960.0000    30967   43.12%
     65    61     9089.0000    64    10478.0000     5960.0000    31161   43.12%
     90    79     9134.0000   196    10478.0000     5960.0000    32391   43.12%
*   100+   84                        10459.0000     5960.0000            43.02%
*   100+   84                        10414.0000     5960.0000            42.77%
    100    86     5960.0000   803    10414.0000     5960.0000    32467   42.77%
    120   106     5960.0000   962    10414.0000     5960.0000    33573   42.77%
    130   116     8940.0000   546    10414.0000     5960.0000    34734   42.77%
    161   143     8941.0164   573    10414.0000     5960.0000    35972   42.77%
    280   195     9171.0000   390    10414.0000     5960.0000    41199   42.77%
Elapsed time = 64.22 sec. (47727.14 ticks, tree = 3.46 MB, solutions = 5)
    403   274     9037.0000   238    10414.0000     5960.0000    46252   42.77%
    515   351     7128.0000   113    10414.0000     5960.0000    53006   42.77%
    657   429     8941.0164   237    10414.0000     5960.0000    58964   42.77%
    774   514     6006.0000   688    10414.0000     5960.0000    63673   42.77%
    877   574     8986.0000   574    10414.0000     5960.0000    71356   42.77%

Performing restart 1

Repeating presolve.
Tried aggregator 1 time.
MIP Presolve modified 975 coefficients.
Reduced MIP has 12037 rows, 2829 columns, and 32816 nonzeros.
Reduced MIP has 2612 binaries, 0 generals, 0 SOSs, and 0 indicators.
Presolve time = 0.12 sec. (73.78 ticks)
Tried aggregator 1 time.
MIP Presolve modified 4319 coefficients.
Reduced MIP has 12037 rows, 2829 columns, and 32816 nonzeros.
Reduced MIP has 2612 binaries, 0 generals, 0 SOSs, and 0 indicators.
Presolve time = 0.16 sec. (96.25 ticks)
Represolve time = 2.36 sec. (1497.86 ticks)
    976     0     5960.0000  1311    10414.0000    Cuts: 3109    77621   42.77%
    976     0     5960.0000  1033    10414.0000    Cuts: 2901    79082   42.77%
    976     0     5960.0000  1674    10414.0000    Cuts: 2306    80300   42.77%
    976     0     5960.0000  1316    10414.0000    Cuts: 1520    81282   42.77%
    976     0     5960.0000  1719    10414.0000    Cuts: 2572    82436   42.77%
    976     0     5960.0000   827    10414.0000     Cuts: 712    82709   42.77%
    976     0     5960.0000  1068    10414.0000    Cuts: 1236    83242   42.77%
    976     0     5960.0000  1136    10414.0000      Cuts: 42    83505   42.77%
    976     2     5960.0000   557    10414.0000     5960.0000    83516   42.77%
   1051    55     5960.0000   988    10414.0000     5960.0000    86756   42.77%
   1136   120    10042.0000    38    10414.0000     5960.0000    90502   42.77%
   1162   134     5960.0000  1197    10414.0000     5960.0000    91301   42.77%
   1181   149     9028.0000   423    10414.0000     5960.0000    97385   42.77%
Elapsed time = 97.38 sec. (76157.69 ticks, tree = 0.62 MB, solutions = 5)
   1214   160     6057.0000   838    10414.0000     5960.0000   101204   42.77%
   1280   198     6246.0000   226    10414.0000     5960.0000   105005   42.77%
   1284   199     6056.9989   956    10414.0000     5960.0000   107689   42.77%
   1342   236     8940.0000   490    10414.0000     5960.0000   116370   42.77%
   1366   249     5995.1679  1328    10414.0000     5960.0000   120088   42.77%
   1400   271     6057.0000   862    10414.0000     5960.0000   125900   42.77%
   1432   296     6916.5527   644    10414.0000     5960.0000   128162   42.77%
   1511   350     5991.9047  1161    10414.0000     5960.0000   132931   42.77%
   1566   382     6683.0000   950    10414.0000     5960.0000   141979   42.77%
   1620   430     5977.5830  1271    10414.0000     5960.0000   147992   42.77%
Elapsed time = 106.84 sec. (88125.29 ticks, tree = 4.28 MB, solutions = 5)
   1653   453     5970.1840  1248    10414.0000     5960.0000   153026   42.77%
   1692   470     5998.5516   996    10414.0000     5960.0000   159817   42.77%
   1723   495     5995.1679  1366    10414.0000     5960.0000   162422   42.77%
   1772   535     5979.4841  1310    10414.0000     5960.0000   168689   42.77%
*  1876+  615                        10257.0000     5981.4787            41.68%
   1876   617    10205.0000    38    10257.0000     5981.4787   175475   41.68%
   1926   656     6630.0000   142    10257.0000     5981.4787   179187   41.68%
   1998   708     6233.0000   420    10257.0000     5991.9047   182042   41.58%
   2060   756     6103.0000  1030    10257.0000     5995.1679   187806   41.55%
   2138   818     9303.0000   109    10257.0000     6000.9628   194962   41.49%
   2259   909     6048.0000   812    10257.0000     6048.0000   200245   41.04%
Elapsed time = 114.41 sec. (99422.51 ticks, tree = 6.47 MB, solutions = 6)
   2290   931     6057.0000   729    10257.0000     6048.0000   201501   41.04%
   2291   932     6683.0000   489    10257.0000     6048.0000   201576   41.04%
   2292   933     6683.0000   522    10257.0000     6048.0000   201842   41.04%
   2293   934     7177.5617   461    10257.0000     6048.0000   201970   41.04%
   2295   936     9037.0000   315    10257.0000     6048.0000   202267   41.04%
   2297   938     9037.0000    77    10257.0000     6048.0000   202327   41.04%
   2300   941     9231.0000    51    10257.0000     6048.0000   202402   41.04%
*  2306   923      integral     0    10130.0000     6048.0000   202514   40.30%
   2307   923     6321.5000   752    10130.0000     6048.0000   203081   40.30%
   2308   924     6780.0000   759    10130.0000     6048.0000   203228   40.30%
   2309   925     6965.0000   542    10130.0000     6048.0000   203325   40.30%
Elapsed time = 126.26 sec. (111834.27 ticks, tree = 6.53 MB, solutions = 7)
   2312   926    10033.0000    48    10130.0000     6048.0000   203952   40.30%
*  2315   910      integral     0    10051.0000     6048.0000   204048   39.83%
   2316   910     8940.0000   626    10051.0000     6055.9544   204781   39.75%
   2317   911     8940.0000   430    10051.0000     6055.9544   205015   39.75%
   2325   917     9857.0000    46    10051.0000     6055.9544   205272   39.75%
   2328   914    infeasible          10051.0000     6055.9544   205671   39.75%
   2329   913    infeasible          10051.0000     6055.9544   206226   39.75%
   2330   912    infeasible          10051.0000     6055.9544   206998   39.75%
   2399   962     6369.9989  1061    10051.0000     6056.9989   211525   39.74%
   2400   963     7425.2685   753    10051.0000     6056.9989   212180   39.74%
*  2415+  898                         9822.0000     6056.9989            38.33%
*  2415+  868                         9760.0000     6056.9989            37.94%
*  2415+  770                         9380.0000     6056.9989            35.43%
*  2415+  756                         9328.0000     6056.9989            35.07%
*  2415+  718                         9283.0000     6056.9989            34.75%
*  2415+  699                         9231.0000     6056.9989            34.38%
*  2415+  645                         9143.0000     6056.9989            33.75%
   2415   647     6056.9989   404     9143.0000     6056.9989   213530   33.75%
Elapsed time = 145.20 sec. (124424.54 ticks, tree = 5.26 MB, solutions = 15)
   2486   704     6056.9989  1093     9143.0000     6056.9989   217977   33.75%
   2516   718     6057.0000   595     9143.0000     6057.0000   223595   33.75%
   2590   765     6057.0000   729     9143.0000     6057.0000   229392   33.75%
   2645   802     6242.0000   291     9143.0000     6057.0000   232616   33.75%
   2732   870     6409.0465   188     9143.0000     6057.0000   236096   33.75%
   2785   895     9134.0000     4     9143.0000     6071.8051   239880   33.59%
*  2786   876      integral     0     9134.0000     6071.8051   239883   33.53%
   2843   919     6103.0000  1088     9134.0000     6081.6526   242172   33.42%
   2872   939     6683.0000   162     9134.0000     6091.0689   245200   33.31%
*  2886+  922                         9098.0000     6091.0689            33.05%
*  2886+  894                         9037.0000     6091.0689            32.60%
   2888   898     6683.0000   590     9037.0000     6091.0689   248308   32.60%
   2988   966     8940.0000   445     9037.0000     6103.0000   252888   32.47%
Elapsed time = 160.55 sec. (137536.64 ticks, tree = 6.62 MB, solutions = 18)
   3034   981     6156.6489   618     9037.0000     6103.4734   255677   32.46%
   3084  1006     6242.0000   293     9037.0000     6136.0000   259352   32.10%
   3142  1046     6427.0000   147     9037.0000     6136.0000   261283   32.10%
   3184  1069     6251.0000   323     9037.0000     6136.0000   263896   32.10%
   3246  1109     6542.0000   129     9037.0000     6137.7843   266008   32.08%
   3298  1136     6683.0000   164     9037.0000     6145.0000   268633   32.00%
   3361  1177     6965.0000   161     9037.0000     6145.0000   270945   32.00%
   3424  1205     6321.5000   424     9037.0000     6145.0000   273848   32.00%
   3491  1241     6172.5000   274     9037.0000     6145.0000   276760   32.00%
   3547  1273     6154.4543   315     9037.0000     6145.0000   279897   32.00%
Elapsed time = 170.32 sec. (147764.83 ticks, tree = 8.00 MB, solutions = 18)
   3590  1301     6145.0000   761     9037.0000     6145.0000   281809   32.00%
   3656  1330    infeasible           9037.0000     6145.0000   284460   32.00%
   3731  1376     6251.0000   261     9037.0000     6145.0000   289309   32.00%
   3782  1398    infeasible           9037.0000     6145.0000   291939   32.00%
   3803  1404     6233.0496   427     9037.0000     6145.0465   296165   32.00%
   3849  1421     6154.0000   140     9037.0000     6154.0000   299597   31.90%
   3920  1459     6154.0000   648     9037.0000     6154.0000   301416   31.90%
   3986  1502    infeasible           9037.0000     6154.0000   303263   31.90%
   4048  1536     6339.0000   215     9037.0000     6154.0000   305475   31.90%
   4087  1556     6247.2034   286     9037.0000     6154.0000   308589   31.90%
Elapsed time = 181.77 sec. (158253.87 ticks, tree = 9.46 MB, solutions = 18)
   4158  1602     6956.0000   116     9037.0000     6154.0000   311232   31.90%
   4208  1625     6321.0000   243     9037.0000     6154.0000   314373   31.90%
   4277  1664    infeasible           9037.0000     6154.0000   316528   31.90%
   4317  1679     6242.0000   473     9037.0000     6154.0000   318878   31.90%
   4362  1702     6193.2118   923     9037.0000     6154.0000   321451   31.90%
   4380  1705     6251.0000   129     9037.0000     6154.4653   324208   31.90%
   4427  1741     6242.0000   272     9037.0000     6154.4845   325718   31.90%
   4470  1761     7312.0000   187     9037.0000     6156.6489   327603   31.87%
   4516  1785     6160.2417   206     9037.0000     6160.2417   329065   31.83%
   4779  1947    infeasible           9037.0000     6160.2417   332971   31.83%
Elapsed time = 198.59 sec. (171239.80 ticks, tree = 11.44 MB, solutions = 18)
   5024  2068    infeasible           9037.0000     6182.0000   341652   31.59%
   5255  2208     6683.0000   239     9037.0000     6191.0000   350420   31.49%
   5465  2326     6639.0000    77     9037.0000     6193.5000   359827   31.47%
   5704  2449     6533.0000    83     9037.0000     6233.0000   367073   31.03%
   5982  2609    infeasible           9037.0000     6233.0000   374530   31.03%
   6225  2746     7044.2186   158     9037.0000     6233.0496   383563   31.03%
   6501  2866     6255.5753   214     9037.0000     6237.9121   390432   30.97%
   6760  2974     6780.0000    96     9037.0000     6242.0000   399601   30.93%
   7060  3123    infeasible           9037.0000     6242.0000   408027   30.93%
   7310  3247     6242.0000   271     9037.0000     6242.0000   418229   30.93%
Elapsed time = 248.28 sec. (210082.14 ticks, tree = 17.62 MB, solutions = 18)
   7574  3363     6524.0000    85     9037.0000     6247.2034   427197   30.87%
   7868  3528     6256.0972   185     9037.0000     6247.4974   435595   30.87%
   8193  3694     7225.0000    53     9037.0000     6251.0000   443173   30.83%
   8473  3832     6436.0000   165     9037.0000     6251.0000   449090   30.83%
   8748  3985    infeasible           9037.0000     6251.0000   457596   30.83%
   8950  4086     6683.0000   163     9037.0000     6251.0000   466037   30.83%
   9172  4204     6780.0000   137     9037.0000     6251.0000   474807   30.83%
   9429  4344     6683.0000   119     9037.0000     6255.5753   482323   30.78%
   9735  4459     6868.0000    91     9037.0000     6269.0000   490242   30.63%
   9989  4562     6418.0000   214     9037.0000     6279.0000   499240   30.52%
Elapsed time = 285.71 sec. (248771.24 ticks, tree = 24.50 MB, solutions = 18)
  10225  4649     6603.0000    99     9037.0000     6279.4734   508191   30.51%
  10547  4785     6409.0980   190     9037.0000     6312.0000   516085   30.15%
  10736  4869     6903.0000    81     9037.0000     6312.0000   522460   30.15%
  11004  4967     6321.7892   227     9037.0000     6321.0000   530942   30.05%
  11272  5042     6594.0000   116     9037.0000     6321.0000   539905   30.05%
  11546  5122     6718.0000   197     9037.0000     6321.0000   547235   30.05%
  11834  5239    infeasible           9037.0000     6321.0000   556483   30.05%
  12044  5302     6771.0000   262     9037.0000     6321.7892   567119   30.05%
  12359  5385    infeasible           9037.0000     6330.0000   575148   29.95%
  12696  5470     6868.0000   115     9037.0000     6330.0000   583013   29.95%
Elapsed time = 326.84 sec. (298980.77 ticks, tree = 29.11 MB, solutions = 18)
  12962  5564     7053.0000    71     9037.0000     6330.0000   593533   29.95%
  13241  5664     7141.0000   189     9037.0000     6330.0000   603155   29.95%
  13523  5779     6542.0000   243     9037.0000     6330.0000   612408   29.95%
  13785  5858     6515.0000   155     9037.0000     6330.9579   622546   29.94%
  14048  5928     6859.0000   171     9037.0000     6339.0000   632309   29.86%
  14383  6009    infeasible           9037.0000     6339.0000   640924   29.86%
  14713  6102    infeasible           9037.0000     6339.0000   648464   29.86%
  14988  6159     6859.4299    74     9037.0000     6339.0000   658096   29.86%
  15276  6255     6956.0000   291     9037.0000     6339.0000   666979   29.86%
  15565  6335    infeasible           9037.0000     6344.4974   676245   29.79%
Elapsed time = 357.58 sec. (337289.57 ticks, tree = 33.16 MB, solutions = 18)
  15922  6431     6806.0000    38     9037.0000     6348.0000   684070   29.76%
  16273  6536    infeasible           9037.0000     6348.0000   692306   29.76%
  16577  6640    infeasible           9037.0000     6348.0000   701442   29.76%
  16866  6752     6877.8501   159     9037.0000     6350.1186   709859   29.73%
  17212  6835    infeasible           9037.0000     6358.0000   717964   29.64%
  17474  6873     6868.0000   117     9037.0000     6367.0000   727501   29.55%
  17789  6935    infeasible           9037.0000     6376.0000   735828   29.45%
  18112  6938     7238.0000    81     9037.0000     6384.0000   746111   29.36%
  18442  6985    infeasible           9037.0000     6394.0000   753991   29.25%
  18699  7015    infeasible           9037.0000     6400.0000   763701   29.18%
Elapsed time = 390.51 sec. (375723.08 ticks, tree = 36.42 MB, solutions = 18)
  18973  7082    infeasible           9037.0000     6409.0000   772412   29.08%
  19269  7102     6473.0000   108     9037.0000     6409.0000   782286   29.08%
  19559  7152    infeasible           9037.0000     6409.0000   791607   29.08%
  19820  7198     6506.0000   184     9037.0000     6409.0000   801024   29.08%
  20116  7202    infeasible           9037.0000     6418.0000   811009   28.98%
  20449  7219    infeasible           9037.0000     6418.0000   820533   28.98%
  20758  7268     6603.0000   143     9037.0000     6418.0000   829210   28.98%
  21030  7324    infeasible           9037.0000     6418.0000   837779   28.98%
  21338  7391    infeasible           9037.0000     6418.0000   845913   28.98%
  21572  7446     6418.0465   206     9037.0000     6418.0465   855498   28.98%
Elapsed time = 427.95 sec. (414124.68 ticks, tree = 38.43 MB, solutions = 18)
  21869  7449     6771.0000   122     9037.0000     6427.0000   865426   28.88%
  22250  7468     6947.0000   152     9037.0000     6427.0000   872663   28.88%
  22608  7502     6551.0000   165     9037.0000     6427.0000   881695   28.88%
  22893  7548    infeasible           9037.0000     6427.0000   890550   28.88%
  23209  7593    infeasible           9037.0000     6427.0000   898540   28.88%
  23521  7560     6956.0000    42     9037.0000     6436.0000   907757   28.78%
  23901  7588    infeasible           9037.0000     6436.0000   916284   28.78%
  24254  7612    infeasible           9037.0000     6436.0000   924168   28.78%
  24543  7662     6455.0000   208     9037.0000     6436.0000   933332   28.78%
  24861  7681    infeasible           9037.0000     6445.0000   941417   28.68%
Elapsed time = 504.11 sec. (452474.76 ticks, tree = 39.71 MB, solutions = 18)
  25259  7676    infeasible           9037.0000     6445.0000   949921   28.68%
  25595  7687     6603.0000   162     9037.0000     6445.0000   957607   28.68%
  25917  7722    infeasible           9037.0000     6446.0164   967716   28.67%
  26272  7742    infeasible           9037.0000     6455.0000   975852   28.57%
  26609  7691     6894.0000    98     9037.0000     6464.0000   985537   28.47%
  26959  7631        cutoff           9037.0000     6482.0000   994832   28.27%
  27256  7654    infeasible           9037.0000     6490.4641  1003101   28.18%
  27603  7604    infeasible           9037.0000     6497.0000  1012685   28.11%
  27929  7609    infeasible           9037.0000     6506.0000  1021534   28.01%
  28287  7556    infeasible           9037.0000     6506.0000  1031269   28.01%
Elapsed time = 542.84 sec. (490951.66 ticks, tree = 39.04 MB, solutions = 18)
  28635  7564    infeasible           9037.0000     6510.0000  1039584   27.96%
  28996  7488    infeasible           9037.0000     6515.0000  1048521   27.91%
  29315  7450    infeasible           9037.0000     6515.0000  1057596   27.91%
  29636  7377        cutoff           9037.0000     6524.0000  1067846   27.81%
  30022  7306    infeasible           9037.0000     6524.0000  1076324   27.81%
  30371  7276    infeasible           9037.0000     6524.0000  1085353   27.81%
  30760  7157    infeasible           9037.0000     6533.0000  1094067   27.71%
  31129  7059    infeasible           9037.0000     6542.0000  1102451   27.61%
  31457  6956    infeasible           9037.0000     6543.0000  1111317   27.60%
  31829  6809    infeasible           9037.0000     6561.0000  1120727   27.40%
Elapsed time = 576.91 sec. (529361.72 ticks, tree = 35.34 MB, solutions = 18)
  32197  6682     6594.0000   227     9037.0000     6585.0000  1129674   27.13%
  32572  6627    infeasible           9037.0000     6594.0000  1138575   27.03%
  32943  6500     6956.1149   154     9037.0000     6603.1149  1149135   26.93%
  33332  6334     6612.0000   180     9037.0000     6612.0000  1158654   26.83%
  33673  6193    infeasible           9037.0000     6621.0000  1167242   26.73%
  34082  6031    infeasible           9037.0000     6639.0000  1175555   26.54%
  34488  5787    infeasible           9037.0000     6682.0000  1184125   26.06%
  34823  5820    infeasible           9037.0000     6683.0000  1194150   26.05%
  35141  5896    infeasible           9037.0000     6683.0000  1204876   26.05%
  35435  5994    infeasible           9037.0000     6683.0000  1214192   26.05%
Elapsed time = 611.24 sec. (567725.15 ticks, tree = 30.80 MB, solutions = 18)
  35709  6097     6913.7376   191     9037.0000     6683.0000  1223239   26.05%
  35920  6141    infeasible           9037.0000     6683.0000  1236170   26.05%
  36174  6237     6702.6502   517     9037.0000     6683.0000  1246409   26.05%
  36375  6284     6721.0559   148     9037.0000     6683.0000  1258805   26.05%
  36583  6340    infeasible           9037.0000     6683.0000  1269897   26.05%
  36807  6388    infeasible           9037.0000     6683.0000  1278920   26.05%
  37018  6431    infeasible           9037.0000     6683.5007  1289523   26.04%
  37372  6511     7444.0000    39     9037.0000     6685.0472  1298077   26.03%
  37755  6388     6746.0980   134     9037.0000     6700.0000  1306098   25.86%
  38118  6214    infeasible           9037.0000     6718.0000  1314633   25.66%
Elapsed time = 648.71 sec. (606251.10 ticks, tree = 31.98 MB, solutions = 18)
  38430  6148     6956.0000    97     9037.0000     6729.0000  1323550   25.54%
  38800  6026    infeasible           9037.0000     6762.0000  1332685   25.17%
  39133  5990     7159.0000   102     9037.0000     6771.0000  1342114   25.07%
  39424  6039     6957.0601   155     9037.0000     6771.0000  1351143   25.07%
  39702  6107    infeasible           9037.0000     6771.2334  1360979   25.07%
  40024  6115     7216.0000    70     9037.0000     6780.0000  1369116   24.98%
  40379  6141     6877.0000    90     9037.0000     6780.0000  1377652   24.98%
  40736  6155     7141.0000    64     9037.0000     6780.0000  1386855   24.98%
  41081  6232     6780.0000    94     9037.0000     6780.0000  1396950   24.98%
  41399  6265     6780.0000    59     9037.0000     6780.0000  1406657   24.98%
Elapsed time = 704.54 sec. (644811.67 ticks, tree = 32.31 MB, solutions = 18)
  41708  6326    infeasible           9037.0000     6780.0000  1415769   24.98%
  42041  6408     6780.0000    98     9037.0000     6780.0000  1424403   24.98%
  42372  6509     6956.0000    97     9037.0000     6780.0000  1432353   24.98%
  42701  6605    infeasible           9037.0000     6780.0000  1440578   24.98%
  42963  6682     7150.0000   155     9037.0000     6780.0000  1450959   24.98%
  43247  6748     6947.0980   298     9037.0000     6780.0000  1460734   24.98%
  43516  6794     6868.1877   131     9037.0000     6780.1877  1471773   24.97%
  43838  6870    infeasible           9037.0000     6780.8905  1479986   24.97%
  44165  6928    infeasible           9037.0000     6781.1445  1488474   24.96%
  44515  6914     7053.9084   203     9037.0000     6793.6105  1496217   24.82%
Elapsed time = 735.37 sec. (683409.92 ticks, tree = 35.64 MB, solutions = 18)
  44914  6804    infeasible           9037.0000     6808.0000  1504149   24.67%
  45254  6797        cutoff           9037.0000     6816.0000  1513576   24.58%
  45593  6811    infeasible           9037.0000     6817.0000  1522992   24.57%
  45917  6844     7053.0000   198     9037.0000     6818.0383  1531989   24.55%
  46284  6835     7159.0000   112     9037.0000     6826.0000  1540608   24.47%
  46593  6877    infeasible           9037.0000     6829.6326  1550279   24.43%
  46963  6759    infeasible           9037.0000     6859.0000  1559283   24.10%
  47310  6737    infeasible           9037.0000     6859.0000  1567930   24.10%
  47633  6734    infeasible           9037.0000     6863.0000  1577551   24.06%
  47970  6703    infeasible           9037.0000     6868.0000  1586133   24.00%
Elapsed time = 767.68 sec. (721725.93 ticks, tree = 34.61 MB, solutions = 18)
  48399  6701     6868.0000    86     9037.0000     6868.0000  1593823   24.00%
  48722  6701    infeasible           9037.0000     6868.0000  1603844   24.00%
  49047  6699     6947.0000   158     9037.0000     6868.0000  1613066   24.00%
  49356  6678     6868.0000   201     9037.0000     6868.0000  1623304   24.00%
  49665  6714     7132.0000   191     9037.0000     6868.0000  1633015   24.00%
  49988  6704    infeasible           9037.0000     6868.0980  1643242   24.00%
  50315  6679    infeasible           9037.0000     6877.0000  1652465   23.90%
  50718  6634    infeasible           9037.0000     6877.0000  1661522   23.90%
  51094  6546     6877.0000    80     9037.0000     6877.0000  1670129   23.90%
  51482  6541     6877.0000   113     9037.0000     6877.0000  1678848   23.90%
Elapsed time = 800.74 sec. (759985.81 ticks, tree = 33.80 MB, solutions = 18)
  51834  6532     6956.0000    72     9037.0000     6877.0000  1688061   23.90%
  52203  6548     6877.0000    96     9037.0000     6877.0000  1697593   23.90%
  52553  6535    infeasible           9037.0000     6877.0000  1706407   23.90%
  52938  6525    infeasible           9037.0000     6877.0000  1714870   23.90%
  53255  6546     6877.0000   212     9037.0000     6877.0000  1723949   23.90%
  53587  6615     6965.0000   190     9037.0000     6877.0000  1733618   23.90%
  53859  6643    infeasible           9037.0000     6877.0000  1744288   23.90%
  54144  6654    infeasible           9037.0000     6877.8501  1753520   23.89%
  54498  6625    infeasible           9037.0000     6879.3174  1762198   23.88%
  54921  6453     6904.0000    44     9037.0000     6904.0000  1771315   23.60%
Elapsed time = 846.03 sec. (798399.65 ticks, tree = 33.37 MB, solutions = 18)
  55241  6412     6905.0000   178     9037.0000     6905.0000  1781029   23.59%
  55602  6303    infeasible           9037.0000     6914.0000  1790427   23.49%
  55952  6300    infeasible           9037.0000     6914.0000  1799623   23.49%
  56307  6235     7292.4154   154     9037.0000     6923.0000  1809590   23.39%
  56648  6188    infeasible           9037.0000     6940.0000  1819188   23.20%
  57058  6045    infeasible           9037.0000     6947.0000  1827858   23.13%
  57399  5977    infeasible           9037.0000     6956.0000  1837267   23.03%
  57820  5797    infeasible           9037.0000     6956.0000  1847099   23.03%
  58166  5713    infeasible           9037.0000     6956.0000  1856721   23.03%
  58489  5684    infeasible           9037.0000     6956.0000  1866507   23.03%
Elapsed time = 917.16 sec. (836640.91 ticks, tree = 29.40 MB, solutions = 18)
  58786  5639    infeasible           9037.0000     6957.0559  1876872   23.02%
  59199  5481    infeasible           9037.0000     6965.0000  1886645   22.93%
  59592  5355     7053.0000   107     9037.0000     6965.0000  1896114   22.93%
  59942  5273     7044.0032   143     9037.0000     6965.0000  1906170   22.93%
  60329  5271    infeasible           9037.0000     6965.0000  1915325   22.93%
  60670  5203    infeasible           9037.0000     6966.0559  1925358   22.92%
  61153  5015    infeasible           9037.0000     6974.0000  1934454   22.83%
  61588  4882     7071.0000   122     9037.0000     6974.0000  1943295   22.83%
  61996  4797    infeasible           9037.0000     6974.0000  1952481   22.83%
  62357  4772    infeasible           9037.0000     6974.0000  1962317   22.83%
Elapsed time = 955.73 sec. (875246.85 ticks, tree = 24.76 MB, solutions = 18)
  62773  4623    infeasible           9037.0000     6984.6502  1972488   22.71%
  63186  4494     7187.0000   129     9037.0000     7002.0000  1982281   22.52%
  63572  4334    infeasible           9037.0000     7011.0000  1991993   22.42%
  63969  4186    infeasible           9037.0000     7035.0000  2001394   22.15%
  64396  4046    infeasible           9037.0000     7044.0000  2009724   22.05%
  64746  3906    infeasible           9037.0000     7053.0000  2018981   21.95%
  65155  3776     7053.1877   185     9037.0000     7053.0000  2028821   21.95%
  65481  3661    infeasible           9037.0000     7053.9084  2039233   21.94%
  65853  3502    infeasible           9037.0000     7062.0000  2048015   21.85%
  66198  3356    infeasible           9037.0000     7071.0000  2058350   21.76%
Elapsed time = 991.28 sec. (913665.78 ticks, tree = 17.57 MB, solutions = 18)
  66547  3242    infeasible           9037.0000     7081.0000  2069085   21.64%
  66934  3049    infeasible           9037.0000     7099.0000  2079017   21.45%
  67291  2871    infeasible           9037.0000     7114.0000  2089259   21.28%
  67725  2621     7220.1434   131     9037.0000     7132.1434  2098287   21.08%
  68099  2426    infeasible           9037.0000     7141.0000  2107922   20.98%
  68496  2131    infeasible           9037.0000     7150.0000  2117881   20.88%
  68887  1875     7168.0000   122     9037.0000     7168.0000  2126720   20.68%
  69368  1481    infeasible           9037.0000     7196.0000  2135321   20.37%
  69889   980    infeasible           9037.0000     7238.0000  2143520   19.91%
  70473   399    infeasible           9037.0000     7317.0000  2152859   19.03%
Elapsed time = 1031.68 sec. (952067.62 ticks, tree = 2.38 MB, solutions = 18)

GUB cover cuts applied:  35
Clique cuts applied:  289
Cover cuts applied:  370
Implied bound cuts applied:  52
Flow cuts applied:  63
Mixed integer rounding cuts applied:  469
Zero-half cuts applied:  74
Lift and project cuts applied:  1
Gomory fractional cuts applied:  9

Root node processing (before b&c):
  Real time             =   58.49 sec. (43013.54 ticks)
Sequential b&c:
  Real time             =  976.69 sec. (912450.79 ticks)
                          ------------
Total (root+branch&cut) = 1035.18 sec. (955464.34 ticks)
Optimal

>> Printing some results...
    -> Solution value = 9037 - 02:30:37
    -> Total time = 1035.18
    -> Gap value = 0.00

=============
Train 0
=============
> Trip 0
   17(time 88 - 00:01:28)(time 188 - 00:03:08) ->    16(time 276 - 00:04:36)(time 380 - 00:06:20) ->    15(time 468 - 00:07:48)(time 575 - 00:09:35) ->    14(time 663 - 00:11:03)(time 778 - 00:12:58) ->    13(time 832 - 00:13:52)(time 945 - 00:15:45) ->    12(time 1033 - 00:17:13)(time 1132 - 00:18:52) ->    11(time 1177 - 00:19:37)(time 1292 - 00:21:32) ->    10(time 1380 - 00:23:00)(time 1490 - 00:24:50) ->    9(time 1587 - 00:26:27)(time 1587 - 00:26:27) ->    0(time 1587 - 00:26:27)(time 1697 - 00:28:17) ->    1(time 1785 - 00:29:45)(time 1900 - 00:31:40) ->    2(time 1945 - 00:32:25)(time 2044 - 00:34:04) ->    3(time 2132 - 00:35:32)(time 2245 - 00:37:25) ->    4(time 2290 - 00:38:10)(time 2405 - 00:40:05) ->    5(time 2493 - 00:41:33)(time 2600 - 00:43:20) ->    6(time 2688 - 00:44:48)(time 2792 - 00:46:32) ->    7(time 2880 - 00:48:00)(time 2980 - 00:49:40) ->    8(time 3077 - 00:51:17)(time 3077 - 00:51:17) -> 17
> Trip 1
   17(time 3077 - 00:51:17)(time 3177 - 00:52:57) ->    16(time 3265 - 00:54:25)(time 3369 - 00:56:09) ->    15(time 3457 - 00:57:37)(time 3564 - 00:59:24) ->    14(time 3652 - 01:00:52)(time 3767 - 01:02:47) ->    13(time 3812 - 01:03:32)(time 3925 - 01:05:25) ->    12(time 4013 - 01:06:53)(time 4112 - 01:08:32) ->    11(time 4157 - 01:09:17)(time 4272 - 01:11:12) ->    10(time 4360 - 01:12:40)(time 4470 - 01:14:30) ->    9(time 4567 - 01:16:07)(time 4567 - 01:16:07) ->    0(time 4567 - 01:16:07)(time 4677 - 01:17:57) ->    1(time 4765 - 01:19:25)(time 4880 - 01:21:20) ->    2(time 4925 - 01:22:05)(time 5024 - 01:23:44) ->    3(time 5112 - 01:25:12)(time 5225 - 01:27:05) ->    4(time 5270 - 01:27:50)(time 5385 - 01:29:45) ->    5(time 5473 - 01:31:13)(time 5580 - 01:33:00) ->    6(time 5668 - 01:34:28)(time 5772 - 01:36:12) ->    7(time 5860 - 01:37:40)(time 5960 - 01:39:20) ->    8(time 6057 - 01:40:57)(time 6057 - 01:40:57) -> 17
> Trip 2
   17(time 6057 - 01:40:57)(time 6157 - 01:42:37) ->    16(time 6245 - 01:44:05)(time 6349 - 01:45:49) ->    15(time 6437 - 01:47:17)(time 6544 - 01:49:04) ->    14(time 6632 - 01:50:32)(time 6747 - 01:52:27) ->    13(time 6792 - 01:53:12)(time 6905 - 01:55:05) ->    12(time 6993 - 01:56:33)(time 7092 - 01:58:12) ->    11(time 7137 - 01:58:57)(time 7252 - 02:00:52) ->    10(time 7340 - 02:02:20)(time 7450 - 02:04:10) ->    9(time 7547 - 02:05:47)(time 7547 - 02:05:47) ->    0(time 7547 - 02:05:47)(time 7657 - 02:07:37) ->    1(time 7745 - 02:09:05)(time 7860 - 02:11:00) ->    2(time 7905 - 02:11:45)(time 8004 - 02:13:24) ->    3(time 8092 - 02:14:52)(time 8205 - 02:16:45) ->    4(time 8250 - 02:17:30)(time 8365 - 02:19:25) ->    5(time 8453 - 02:20:53)(time 8560 - 02:22:40) ->    6(time 8648 - 02:24:08)(time 8752 - 02:25:52) ->    7(time 8840 - 02:27:20)(time 8940 - 02:29:00) ->    8(time 9037 - 02:30:37)(time 9037 - 02:30:37) -> 17
=============
Train 1
=============
> Trip 0
   17(time 1252 - 00:20:52)(time 1352 - 00:22:32) ->    16(time 1440 - 00:24:00)(time 1544 - 00:25:44) ->    15(time 1883 - 00:31:23)(time 1990 - 00:33:10) ->    14(time 2078 - 00:34:38)(time 2193 - 00:36:33) ->    13(time 2302 - 00:38:22)(time 2415 - 00:40:15) ->    12(time 2503 - 00:41:43)(time 2602 - 00:43:22) ->    11(time 2647 - 00:44:07)(time 2762 - 00:46:02) ->    10(time 2850 - 00:47:30)(time 2960 - 00:49:20) ->    9(time 3057 - 00:50:57)(time 3057 - 00:50:57) ->    0(time 3057 - 00:50:57)(time 3167 - 00:52:47) ->    1(time 3255 - 00:54:15)(time 3370 - 00:56:10) ->    2(time 3415 - 00:56:55)(time 3514 - 00:58:34) ->    3(time 3602 - 01:00:02)(time 3715 - 01:01:55) ->    4(time 3767 - 01:02:47)(time 3882 - 01:04:42) ->    5(time 3970 - 01:06:10)(time 4077 - 01:07:57) ->    6(time 4165 - 01:09:25)(time 4269 - 01:11:09) ->    7(time 4357 - 01:12:37)(time 4457 - 01:14:17) ->    8(time 4554 - 01:15:54)(time 4554 - 01:15:54) -> 17
> Trip 1
   17(time 4889 - 01:21:29)(time 4989 - 01:23:09) ->    16(time 5077 - 01:24:37)(time 5181 - 01:26:21) ->    15(time 5269 - 01:27:49)(time 5376 - 01:29:36) ->    14(time 5715 - 01:35:15)(time 5830 - 01:37:10) ->    13(time 5875 - 01:37:55)(time 5988 - 01:39:48) ->    12(time 6173 - 01:42:53)(time 6272 - 01:44:32) ->    11(time 6317 - 01:45:17)(time 6432 - 01:47:12) ->    10(time 6520 - 01:48:40)(time 6630 - 01:50:30) ->    9(time 6727 - 01:52:07)(time 6727 - 01:52:07) ->    0(time 6727 - 01:52:07)(time 6837 - 01:53:57) ->    1(time 6925 - 01:55:25)(time 7040 - 01:57:20) ->    2(time 7092 - 01:58:12)(time 7191 - 01:59:51) ->    3(time 7396 - 02:03:16)(time 7509 - 02:05:09) ->    4(time 7554 - 02:05:54)(time 7669 - 02:07:49) ->    5(time 8008 - 02:13:28)(time 8115 - 02:15:15) ->    6(time 8454 - 02:20:54)(time 8558 - 02:22:38) ->    7(time 8646 - 02:24:06)(time 8746 - 02:25:46) ->    8(time 8843 - 02:27:23)(time 8843 - 02:27:23) -> 17
=============
Train 2
=============
> Trip 0
   17(time 0 - 00:00:00)(time 100 - 00:01:40) ->    16(time 188 - 00:03:08)(time 292 - 00:04:52) ->    15(time 380 - 00:06:20)(time 487 - 00:08:07) ->    14(time 575 - 00:09:35)(time 690 - 00:11:30) ->    13(time 735 - 00:12:15)(time 848 - 00:14:08) ->    12(time 936 - 00:15:36)(time 1035 - 00:17:15) ->    11(time 1080 - 00:18:00)(time 1195 - 00:19:55) ->    10(time 1283 - 00:21:23)(time 1393 - 00:23:13) ->    9(time 1490 - 00:24:50)(time 1490 - 00:24:50) ->    0(time 1490 - 00:24:50)(time 1600 - 00:26:40) ->    1(time 1688 - 00:28:08)(time 1803 - 00:30:03) ->    2(time 1848 - 00:30:48)(time 1947 - 00:32:27) ->    3(time 2035 - 00:33:55)(time 2148 - 00:35:48) ->    4(time 2193 - 00:36:33)(time 2308 - 00:38:28) ->    5(time 2396 - 00:39:56)(time 2503 - 00:41:43) ->    6(time 2591 - 00:43:11)(time 2695 - 00:44:55) ->    7(time 2783 - 00:46:23)(time 2883 - 00:48:03) ->    8(time 2980 - 00:49:40)(time 2980 - 00:49:40) -> 17
> Trip 1
   17(time 2980 - 00:49:40)(time 3080 - 00:51:20) ->    16(time 3168 - 00:52:48)(time 3272 - 00:54:32) ->    15(time 3360 - 00:56:00)(time 3467 - 00:57:47) ->    14(time 3555 - 00:59:15)(time 3670 - 01:01:10) ->    13(time 3715 - 01:01:55)(time 3828 - 01:03:48) ->    12(time 3916 - 01:05:16)(time 4015 - 01:06:55) ->    11(time 4060 - 01:07:40)(time 4175 - 01:09:35) ->    10(time 4263 - 01:11:03)(time 4373 - 01:12:53) ->    9(time 4470 - 01:14:30)(time 4470 - 01:14:30) ->    0(time 4470 - 01:14:30)(time 4580 - 01:16:20) ->    1(time 4668 - 01:17:48)(time 4783 - 01:19:43) ->    2(time 4828 - 01:20:28)(time 4927 - 01:22:07) ->    3(time 5015 - 01:23:35)(time 5128 - 01:25:28) ->    4(time 5173 - 01:26:13)(time 5288 - 01:28:08) ->    5(time 5376 - 01:29:36)(time 5483 - 01:31:23) ->    6(time 5571 - 01:32:51)(time 5675 - 01:34:35) ->    7(time 5763 - 01:36:03)(time 5863 - 01:37:43) ->    8(time 5960 - 01:39:20)(time 5960 - 01:39:20) -> 17
> Trip 2
   17(time 5960 - 01:39:20)(time 6060 - 01:41:00) ->    16(time 6148 - 01:42:28)(time 6252 - 01:44:12) ->    15(time 6340 - 01:45:40)(time 6447 - 01:47:27) ->    14(time 6535 - 01:48:55)(time 6650 - 01:50:50) ->    13(time 6695 - 01:51:35)(time 6808 - 01:53:28) ->    12(time 6896 - 01:54:56)(time 6995 - 01:56:35) ->    11(time 7040 - 01:57:20)(time 7155 - 01:59:15) ->    10(time 7243 - 02:00:43)(time 7353 - 02:02:33) ->    9(time 7450 - 02:04:10)(time 7450 - 02:04:10) ->    0(time 7450 - 02:04:10)(time 7560 - 02:06:00) ->    1(time 7648 - 02:07:28)(time 7763 - 02:09:23) ->    2(time 7808 - 02:10:08)(time 7907 - 02:11:47) ->    3(time 7995 - 02:13:15)(time 8108 - 02:15:08) ->    4(time 8153 - 02:15:53)(time 8268 - 02:17:48) ->    5(time 8356 - 02:19:16)(time 8463 - 02:21:03) ->    6(time 8551 - 02:22:31)(time 8655 - 02:24:15) ->    7(time 8743 - 02:25:43)(time 8843 - 02:27:23) ->    8(time 8940 - 02:29:00)(time 8940 - 02:29:00) -> 17
=============
Train 3
=============
> Trip 0
   17(time 562 - 00:09:22)(time 662 - 00:11:02) ->    16(time 750 - 00:12:30)(time 854 - 00:14:14) ->    15(time 942 - 00:15:42)(time 1049 - 00:17:29) ->    14(time 1388 - 00:23:08)(time 1503 - 00:25:03) ->    13(time 1548 - 00:25:48)(time 1661 - 00:27:41) ->    12(time 1749 - 00:29:09)(time 1848 - 00:30:48) ->    11(time 1900 - 00:31:40)(time 2015 - 00:33:35) ->    10(time 2103 - 00:35:03)(time 2213 - 00:36:53) ->    9(time 2334 - 00:38:54)(time 2334 - 00:38:54) ->    0(time 2334 - 00:38:54)(time 2444 - 00:40:44) ->    1(time 2532 - 00:42:12)(time 2647 - 00:44:07) ->    2(time 2765 - 00:46:05)(time 2864 - 00:47:44) ->    3(time 3203 - 00:53:23)(time 3316 - 00:55:16) ->    4(time 3361 - 00:56:01)(time 3476 - 00:57:56) ->    5(time 3564 - 00:59:24)(time 3671 - 01:01:11) ->    6(time 3759 - 01:02:39)(time 3863 - 01:04:23) ->    7(time 3951 - 01:05:51)(time 4051 - 01:07:31) ->    8(time 4148 - 01:09:08)(time 4148 - 01:09:08) -> 17
> Trip 1
   17(time 4483 - 01:14:43)(time 4583 - 01:16:23) ->    16(time 4671 - 01:17:51)(time 4775 - 01:19:35) ->    15(time 4863 - 01:21:03)(time 4970 - 01:22:50) ->    14(time 5058 - 01:24:18)(time 5173 - 01:26:13) ->    13(time 5225 - 01:27:05)(time 5338 - 01:28:58) ->    12(time 5450 - 01:30:50)(time 5549 - 01:32:29) ->    11(time 5594 - 01:33:14)(time 5709 - 01:35:09) ->    10(time 5797 - 01:36:37)(time 5907 - 01:38:27) ->    9(time 6004 - 01:40:04)(time 6004 - 01:40:04) ->    0(time 6004 - 01:40:04)(time 6114 - 01:41:54) ->    1(time 6202 - 01:43:22)(time 6317 - 01:45:17) ->    2(time 6395 - 01:46:35)(time 6494 - 01:48:14) ->    3(time 6582 - 01:49:42)(time 6695 - 01:51:35) ->    4(time 6964 - 01:56:04)(time 7079 - 01:57:59) ->    5(time 7418 - 02:03:38)(time 7525 - 02:05:25) ->    6(time 7864 - 02:11:04)(time 7968 - 02:12:48) ->    7(time 8307 - 02:18:27)(time 8407 - 02:20:07) ->    8(time 8746 - 02:25:46)(time 8746 - 02:25:46) -> 17
