t5p14r2h1.txt:
   > Trying to open the instance file...
   > Reading number of trains...
   > Reading maximum number of trips per train...
   > Reading time intervals...
   > Reading number of points...
   > Reading stations...
   > Reading crossings...
   > Reading depots...
   > Reading initial point...
   > Reading routes...
   > Reading distance and distance and service...
   > Reading demands...
   > Reading maximum time...
   > Reading alpha...

--------------------------------
 Printing instance
--------------------------------
number of trains = 5
	max trips per trains: 2     2     2     2     2
number of intervals = 1
	(0,  20300)
number of points = 14
	initial point: 13
	stations: 0     1     2     3     4     6     8     9    10    11    12    13
	crossings: 0     5     7     9    10    13
	depots: 0    13
number of vertices = 28
	total vertices: 0     1     2     3     4     5     6     7     8     9    10    11    12    13    14    15    16    17    18    19    20    21    22    23    24    25    26    27
	upper vertices: 0     1     2     3     4     5     6     7     8     9    10    11    12    13
	lower vertices: 14    15    16    17    18    19    20    21    22    23    24    25    26    27
	vertices of point #0: (0, 14)
	vertices of point #1: (1, 15)
	vertices of point #2: (2, 16)
	vertices of point #3: (3, 17)
	vertices of point #4: (4, 18)
	vertices of point #5: (5, 19)
	vertices of point #6: (6, 20)
	vertices of point #7: (7, 21)
	vertices of point #8: (8, 22)
	vertices of point #9: (9, 23)
	vertices of point #10: (10, 24)
	vertices of point #11: (11, 25)
	vertices of point #12: (12, 26)
	vertices of point #13: (13, 27)

arcs...
	total arcs: 
		arc #0: (0, 1)
		arc #1: (0, 14)
		arc #2: (14, 0)
		arc #3: (1, 2)
		arc #4: (15, 14)
		arc #5: (2, 3)
		arc #6: (16, 15)
		arc #7: (3, 4)
		arc #8: (17, 16)
		arc #9: (4, 5)
		arc #10: (18, 17)
		arc #11: (5, 6)
		arc #12: (19, 18)
		arc #13: (6, 7)
		arc #14: (20, 19)
		arc #15: (7, 8)
		arc #16: (21, 20)
		arc #17: (8, 9)
		arc #18: (22, 21)
		arc #19: (9, 10)
		arc #20: (23, 22)
		arc #21: (10, 11)
		arc #22: (24, 23)
		arc #23: (11, 12)
		arc #24: (25, 24)
		arc #25: (12, 13)
		arc #26: (26, 25)
		arc #27: (27, 26)
		arc #28: (13, 27)
		arc #29: (27, 13)

	reverse arcs: 
		arc #1: (0, 14)
		arc #2: (14, 0)
		arc #28: (13, 27)
		arc #29: (27, 13)


incompatible points...
	(0, 4, 19, (4, 5))	(19, 15, 0, (15, 14))	(5, 6, 21, (6, 7))	(21, 20, 5, (20, 19))	(7, 8, 23, (8, 9))	(23, 22, 7, (22, 21))	(9, 9, 24, (9, 10))	(24, 24, 9, (24, 23))	(10, 12, 27, (12, 13))	(27, 25, 10, (25, 24))

number of routes = 2
vertices of routes...
	route #0: 0     1     2     3     4     5     6     7     8     9    10    11    12    13    27    26    25    24    23    22    21    20    19    18    17    16    15    14     0
	route #1: 27    26    25    24    23    22    21    20    19    18    17    16    15    14     0     1     2     3     4     5     6     7     8     9    10    11    12    13    27
arcs of routes...
	route #0: 0     3     5     7     9    11    13    15    17    19    21    23    25    28    27    26    24    22    20    18    16    14    12    10     8     6     4     2
	route #1: 27    26    24    22    20    18    16    14    12    10     8     6     4     2     0     3     5     7     9    11    13    15    17    19    21    23    25    28

incompatible routes...
	(0, 1)    	(1, 0)

vertices that can be adjacent in consecutive trips...
	(0, 0)    	(27, 27)
non cyclical routes: 


routes of trip...
	routes that train #0 can complete at trip #0: 1
	routes that train #0 can complete at trip #1: 0       1

	routes that train #1 can complete at trip #0: 1
	routes that train #1 can complete at trip #1: 0       1

	routes that train #2 can complete at trip #0: 1
	routes that train #2 can complete at trip #1: 0       1

	routes that train #3 can complete at trip #0: 1
	routes that train #3 can complete at trip #1: 0       1

	routes that train #4 can complete at trip #0: 1
	routes that train #4 can complete at trip #1: 0       1

 cost...
	arc #0 [0][1]: 238
	arc #1 [0][14]: 0
	arc #2 [14][0]: 0
	arc #3 [1][2]: 220
	arc #4 [15][14]: 238
	arc #5 [2][3]: 212
	arc #6 [16][15]: 220
	arc #7 [3][4]: 225
	arc #8 [17][16]: 212
	arc #9 [4][5]: 222
	arc #10 [18][17]: 225
	arc #11 [5][6]: 227
	arc #12 [19][18]: 222
	arc #13 [6][7]: 244
	arc #14 [20][19]: 227
	arc #15 [7][8]: 210
	arc #16 [21][20]: 244
	arc #17 [8][9]: 243
	arc #18 [22][21]: 210
	arc #19 [9][10]: 215
	arc #20 [23][22]: 243
	arc #21 [10][11]: 249
	arc #22 [24][23]: 215
	arc #23 [11][12]: 228
	arc #24 [25][24]: 249
	arc #25 [12][13]: 229
	arc #26 [26][25]: 228
	arc #27 [27][26]: 229
	arc #28 [13][27]: 0
	arc #29 [27][13]: 0

cost with minimum service...
	arc #0 [0][1]: 331
	arc #1 [0][14]: 0
	arc #2 [14][0]: 0
	arc #3 [1][2]: 313
	arc #4 [15][14]: 491
	arc #5 [2][3]: 305
	arc #6 [16][15]: 313
	arc #7 [3][4]: 318
	arc #8 [17][16]: 305
	arc #9 [4][5]: 312
	arc #10 [18][17]: 318
	arc #11 [5][6]: 320
	arc #12 [19][18]: 315
	arc #13 [6][7]: 334
	arc #14 [20][19]: 317
	arc #15 [7][8]: 303
	arc #16 [21][20]: 337
	arc #17 [8][9]: 336
	arc #18 [22][21]: 300
	arc #19 [9][10]: 308
	arc #20 [23][22]: 336
	arc #21 [10][11]: 342
	arc #22 [24][23]: 308
	arc #23 [11][12]: 321
	arc #24 [25][24]: 342
	arc #25 [12][13]: 482
	arc #26 [26][25]: 321
	arc #27 [27][26]: 322
	arc #28 [13][27]: 0
	arc #29 [27][13]: 0

cost with maximum service...
	arc #0 [0][1]: 626
	arc #1 [0][14]: 388
	arc #2 [14][0]: 388
	arc #3 [1][2]: 608
	arc #4 [15][14]: 626
	arc #5 [2][3]: 600
	arc #6 [16][15]: 608
	arc #7 [3][4]: 613
	arc #8 [17][16]: 600
	arc #9 [4][5]: 610
	arc #10 [18][17]: 613
	arc #11 [5][6]: 615
	arc #12 [19][18]: 610
	arc #13 [6][7]: 632
	arc #14 [20][19]: 615
	arc #15 [7][8]: 598
	arc #16 [21][20]: 632
	arc #17 [8][9]: 631
	arc #18 [22][21]: 598
	arc #19 [9][10]: 603
	arc #20 [23][22]: 631
	arc #21 [10][11]: 637
	arc #22 [24][23]: 603
	arc #23 [11][12]: 616
	arc #24 [25][24]: 637
	arc #25 [12][13]: 617
	arc #26 [26][25]: 616
	arc #27 [27][26]: 617
	arc #28 [13][27]: 388
	arc #29 [27][13]: 388

demands...
	demands of vertex 0 at time interval: 6
	demands of vertex 1 at time interval: 6
	demands of vertex 2 at time interval: 6
	demands of vertex 3 at time interval: 6
	demands of vertex 4 at time interval: 6
	demands of vertex 5 at time interval: 0
	demands of vertex 6 at time interval: 6
	demands of vertex 7 at time interval: 0
	demands of vertex 8 at time interval: 6
	demands of vertex 9 at time interval: 6
	demands of vertex 10 at time interval: 6
	demands of vertex 11 at time interval: 6
	demands of vertex 12 at time interval: 6
	demands of vertex 13 at time interval: 0
	demands of vertex 14 at time interval: 0
	demands of vertex 15 at time interval: 6
	demands of vertex 16 at time interval: 6
	demands of vertex 17 at time interval: 6
	demands of vertex 18 at time interval: 6
	demands of vertex 19 at time interval: 0
	demands of vertex 20 at time interval: 6
	demands of vertex 21 at time interval: 0
	demands of vertex 22 at time interval: 6
	demands of vertex 23 at time interval: 6
	demands of vertex 24 at time interval: 6
	demands of vertex 25 at time interval: 6
	demands of vertex 26 at time interval: 6
	demands of vertex 27 at time interval: 6

maximum time = 20300
alpha = 52

Selecting set of cyclical routes...

Selecting set of initial routes...

Creating initial set of candidate combinations...
Solving candidate combinations...

1/1 candidate combination(s) tested! (Thread 0)
No feasible solution was found...

Removing trips...

Solving candidate combinations...

1/4 candidate combination(s) tested! (Thread 0)
Found new best - 2/4 candidate combination(s) tested! (Thread 0)
Found new best - 3/4 candidate combination(s) tested! (Thread 0)
Found new best - 4/4 candidate combination(s) tested! (Thread 0)

Removing trips...

Terminating loop at iteration 2

Relaxing trips, so the model can make changes...

>> Printing some results...
    -> Solution value = 17305 - 04:48:25
    -> Total time = 384.50

=============
Train 0
=============
> Trip 0
   27(time 6215 - 01:43:35)(time 6444 - 01:47:24) ->    26(time 6537 - 01:48:57)(time 6765 - 01:52:45) ->    25(time 6858 - 01:54:18)(time 7107 - 01:58:27) ->    24(time 7495 - 02:04:55)(time 7710 - 02:08:30) ->    23(time 8098 - 02:14:58)(time 8341 - 02:19:01) ->    22(time 8729 - 02:25:29)(time 8939 - 02:28:59) ->    21(time 9029 - 02:30:29)(time 9273 - 02:34:33) ->    20(time 9366 - 02:36:06)(time 9593 - 02:39:53) ->    19(time 9981 - 02:46:21)(time 10203 - 02:50:03) ->    18(time 10591 - 02:56:31)(time 10816 - 03:00:16) ->    17(time 11204 - 03:06:44)(time 11416 - 03:10:16) ->    16(time 11536 - 03:12:16)(time 11756 - 03:15:56) ->    15(time 11849 - 03:17:29)(time 12087 - 03:21:27) ->    14(time 12340 - 03:25:40)(time 12340 - 03:25:40) ->    0(time 12728 - 03:32:08)(time 12966 - 03:36:06) ->    1(time 13059 - 03:37:39)(time 13279 - 03:41:19) ->    2(time 13372 - 03:42:52)(time 13584 - 03:46:24) ->    3(time 13677 - 03:47:57)(time 13902 - 03:51:42) ->    4(time 13995 - 03:53:15)(time 14217 - 03:56:57) ->    5(time 14307 - 03:58:27)(time 14534 - 04:02:14) ->    6(time 14627 - 04:03:47)(time 14871 - 04:07:51) ->    7(time 14961 - 04:09:21)(time 15171 - 04:12:51) ->    8(time 15264 - 04:14:24)(time 15507 - 04:18:27) ->    9(time 15600 - 04:20:00)(time 15815 - 04:23:35) ->    10(time 15908 - 04:25:08)(time 16157 - 04:29:17) ->    11(time 16250 - 04:30:50)(time 16478 - 04:34:38) ->    12(time 16571 - 04:36:11)(time 16800 - 04:40:00) ->    13(time 17053 - 04:44:13)(time 17053 - 04:44:13) -> 27
=============
Train 1
=============
> Trip 0
   27(time 3414 - 00:56:54)(time 3643 - 01:00:43) ->    26(time 3736 - 01:02:16)(time 3964 - 01:06:04) ->    25(time 4057 - 01:07:37)(time 4306 - 01:11:46) ->    24(time 4399 - 01:13:19)(time 4614 - 01:16:54) ->    23(time 4707 - 01:18:27)(time 4950 - 01:22:30) ->    22(time 5043 - 01:24:03)(time 5253 - 01:27:33) ->    21(time 5343 - 01:29:03)(time 5587 - 01:33:07) ->    20(time 5680 - 01:34:40)(time 5907 - 01:38:27) ->    19(time 6295 - 01:44:55)(time 6517 - 01:48:37) ->    18(time 6770 - 01:52:50)(time 6995 - 01:56:35) ->    17(time 7088 - 01:58:08)(time 7300 - 02:01:40) ->    16(time 7393 - 02:03:13)(time 7613 - 02:06:53) ->    15(time 7706 - 02:08:26)(time 7944 - 02:12:24) ->    14(time 8197 - 02:16:37)(time 8197 - 02:16:37) ->    0(time 8197 - 02:16:37)(time 8435 - 02:20:35) ->    1(time 8528 - 02:22:08)(time 8748 - 02:25:48) ->    2(time 9086 - 02:31:26)(time 9298 - 02:34:58) ->    3(time 9391 - 02:36:31)(time 9616 - 02:40:16) ->    4(time 9709 - 02:41:49)(time 9931 - 02:45:31) ->    5(time 10021 - 02:47:01)(time 10248 - 02:50:48) ->    6(time 10341 - 02:52:21)(time 10585 - 02:56:25) ->    7(time 10973 - 03:02:53)(time 11183 - 03:06:23) ->    8(time 11571 - 03:12:51)(time 11814 - 03:16:54) ->    9(time 11907 - 03:18:27)(time 12122 - 03:22:02) ->    10(time 12215 - 03:23:35)(time 12464 - 03:27:44) ->    11(time 12557 - 03:29:17)(time 12785 - 03:33:05) ->    12(time 13038 - 03:37:18)(time 13267 - 03:41:07) ->    13(time 13520 - 03:45:20)(time 13520 - 03:45:20) -> 27
=============
Train 2
=============
> Trip 0
   27(time 1750 - 00:29:10)(time 1979 - 00:32:59) ->    26(time 2072 - 00:34:32)(time 2300 - 00:38:20) ->    25(time 2688 - 00:44:48)(time 2937 - 00:48:57) ->    24(time 3325 - 00:55:25)(time 3540 - 00:59:00) ->    23(time 3928 - 01:05:28)(time 4171 - 01:09:31) ->    22(time 4264 - 01:11:04)(time 4474 - 01:14:34) ->    21(time 4862 - 01:21:02)(time 5106 - 01:25:06) ->    20(time 5199 - 01:26:39)(time 5426 - 01:30:26) ->    19(time 5814 - 01:36:54)(time 6036 - 01:40:36) ->    18(time 6129 - 01:42:09)(time 6354 - 01:45:54) ->    17(time 6447 - 01:47:27)(time 6659 - 01:50:59) ->    16(time 6752 - 01:52:32)(time 6972 - 01:56:12) ->    15(time 7065 - 01:57:45)(time 7303 - 02:01:43) ->    14(time 7556 - 02:05:56)(time 7556 - 02:05:56) ->    0(time 7944 - 02:12:24)(time 8182 - 02:16:22) ->    1(time 8275 - 02:17:55)(time 8495 - 02:21:35) ->    2(time 8588 - 02:23:08)(time 8800 - 02:26:40) ->    3(time 8893 - 02:28:13)(time 9118 - 02:31:58) ->    4(time 9211 - 02:33:31)(time 9433 - 02:37:13) ->    5(time 9593 - 02:39:53)(time 9820 - 02:43:40) ->    6(time 9913 - 02:45:13)(time 10157 - 02:49:17) ->    7(time 10492 - 02:54:52)(time 10702 - 02:58:22) ->    8(time 10795 - 02:59:55)(time 11038 - 03:03:58) ->    9(time 11426 - 03:10:26)(time 11641 - 03:14:01) ->    10(time 11869 - 03:17:49)(time 12118 - 03:21:58) ->    11(time 12211 - 03:23:31)(time 12439 - 03:27:19) ->    12(time 12532 - 03:28:52)(time 12761 - 03:32:41) ->    13(time 13014 - 03:36:54)(time 13014 - 03:36:54) -> 27
=============
Train 3
=============
> Trip 0
   27(time 3321 - 00:55:21)(time 3550 - 00:59:10) ->    26(time 3643 - 01:00:43)(time 3871 - 01:04:31) ->    25(time 3964 - 01:06:04)(time 4213 - 01:10:13) ->    24(time 4306 - 01:11:46)(time 4521 - 01:15:21) ->    23(time 4614 - 01:16:54)(time 4857 - 01:20:57) ->    22(time 4950 - 01:22:30)(time 5160 - 01:26:00) ->    21(time 5250 - 01:27:30)(time 5494 - 01:31:34) ->    20(time 5587 - 01:33:07)(time 5814 - 01:36:54) ->    19(time 5907 - 01:38:27)(time 6129 - 01:42:09) ->    18(time 6222 - 01:43:42)(time 6447 - 01:47:27) ->    17(time 6540 - 01:49:00)(time 6752 - 01:52:32) ->    16(time 6845 - 01:54:05)(time 7065 - 01:57:45) ->    15(time 7453 - 02:04:13)(time 7691 - 02:08:11) ->    14(time 7944 - 02:12:24)(time 7944 - 02:12:24) ->    0(time 8037 - 02:13:57)(time 8275 - 02:17:55) ->    1(time 8368 - 02:19:28)(time 8588 - 02:23:08) ->    2(time 8748 - 02:25:48)(time 8960 - 02:29:20) ->    3(time 9053 - 02:30:53)(time 9278 - 02:34:38) ->    4(time 9371 - 02:36:11)(time 9593 - 02:39:53) ->    5(time 9928 - 02:45:28)(time 10155 - 02:49:15) ->    6(time 10248 - 02:50:48)(time 10492 - 02:54:52) ->    7(time 10585 - 02:56:25)(time 10795 - 02:59:55) ->    8(time 11183 - 03:06:23)(time 11426 - 03:10:26) ->    9(time 11814 - 03:16:54)(time 12029 - 03:20:29) ->    10(time 12122 - 03:22:02)(time 12371 - 03:26:11) ->    11(time 12464 - 03:27:44)(time 12692 - 03:31:32) ->    12(time 12785 - 03:33:05)(time 13014 - 03:36:54) ->    13(time 13267 - 03:41:07)(time 13267 - 03:41:07) -> 27
=============
Train 4
=============
> Trip 0
   27(time 0 - 00:00:00)(time 229 - 00:03:49) ->    26(time 322 - 00:05:22)(time 550 - 00:09:10) ->    25(time 643 - 00:10:43)(time 892 - 00:14:52) ->    24(time 985 - 00:16:25)(time 1200 - 00:20:00) ->    23(time 1293 - 00:21:33)(time 1536 - 00:25:36) ->    22(time 1629 - 00:27:09)(time 1839 - 00:30:39) ->    21(time 1929 - 00:32:09)(time 2173 - 00:36:13) ->    20(time 2266 - 00:37:46)(time 2493 - 00:41:33) ->    19(time 2583 - 00:43:03)(time 2805 - 00:46:45) ->    18(time 2898 - 00:48:18)(time 3123 - 00:52:03) ->    17(time 3216 - 00:53:36)(time 3428 - 00:57:08) ->    16(time 3521 - 00:58:41)(time 3741 - 01:02:21) ->    15(time 3834 - 01:03:54)(time 4072 - 01:07:52) ->    14(time 4325 - 01:12:05)(time 4325 - 01:12:05) ->    0(time 4325 - 01:12:05)(time 4563 - 01:16:03) ->    1(time 4656 - 01:17:36)(time 4876 - 01:21:16) ->    2(time 4969 - 01:22:49)(time 5181 - 01:26:21) ->    3(time 5274 - 01:27:54)(time 5499 - 01:31:39) ->    4(time 5592 - 01:33:12)(time 5814 - 01:36:54) ->    5(time 5907 - 01:38:27)(time 6134 - 01:42:14) ->    6(time 6227 - 01:43:47)(time 6471 - 01:47:51) ->    7(time 6561 - 01:49:21)(time 6771 - 01:52:51) ->    8(time 6864 - 01:54:24)(time 7107 - 01:58:27) ->    9(time 7200 - 02:00:00)(time 7415 - 02:03:35) ->    10(time 7508 - 02:05:08)(time 7757 - 02:09:17) ->    11(time 7850 - 02:10:50)(time 8078 - 02:14:38) ->    12(time 8171 - 02:16:11)(time 8400 - 02:20:00) ->    13(time 8653 - 02:24:13)(time 8653 - 02:24:13) -> 27
> Trip 1
   27(time 8653 - 02:24:13)(time 8882 - 02:28:02) ->    26(time 8975 - 02:29:35)(time 9203 - 02:33:23) ->    25(time 9296 - 02:34:56)(time 9545 - 02:39:05) ->    24(time 9638 - 02:40:38)(time 9853 - 02:44:13) ->    23(time 9946 - 02:45:46)(time 10189 - 02:49:49) ->    22(time 10282 - 02:51:22)(time 10492 - 02:54:52) ->    21(time 10585 - 02:56:25)(time 10829 - 03:00:29) ->    20(time 10922 - 03:02:02)(time 11149 - 03:05:49) ->    19(time 11239 - 03:07:19)(time 11461 - 03:11:01) ->    18(time 11554 - 03:12:34)(time 11779 - 03:16:19) ->    17(time 11872 - 03:17:52)(time 12084 - 03:21:24) ->    16(time 12177 - 03:22:57)(time 12397 - 03:26:37) ->    15(time 12490 - 03:28:10)(time 12728 - 03:32:08) ->    14(time 12981 - 03:36:21)(time 12981 - 03:36:21) ->    0(time 12981 - 03:36:21)(time 13219 - 03:40:19) ->    1(time 13312 - 03:41:52)(time 13532 - 03:45:32) ->    2(time 13625 - 03:47:05)(time 13837 - 03:50:37) ->    3(time 13930 - 03:52:10)(time 14155 - 03:55:55) ->    4(time 14248 - 03:57:28)(time 14470 - 04:01:10) ->    5(time 14560 - 04:02:40)(time 14787 - 04:06:27) ->    6(time 14880 - 04:08:00)(time 15124 - 04:12:04) ->    7(time 15214 - 04:13:34)(time 15424 - 04:17:04) ->    8(time 15517 - 04:18:37)(time 15760 - 04:22:40) ->    9(time 15853 - 04:24:13)(time 16068 - 04:27:48) ->    10(time 16161 - 04:29:21)(time 16410 - 04:33:30) ->    11(time 16503 - 04:35:03)(time 16731 - 04:38:51) ->    12(time 16824 - 04:40:24)(time 17053 - 04:44:13) ->    13(time 17306 - 04:48:26)(time 17306 - 04:48:26) -> 27
