t5p19r16h1.txt:
   > Trying to open the instance file...
   > Reading number of trains...
   > Reading maximum number of trips per train...
   > Reading time intervals...
   > Reading number of points...
   > Reading stations...
   > Reading crossings...
   > Reading depots...
   > Reading initial point...
   > Reading routes...
   > Reading distance and distance and service...
   > Reading demands...
   > Reading maximum time...
   > Reading alpha...

--------------------------------
 Printing instance
--------------------------------
number of trains = 5
	max trips per trains: 2     2     2     2     2
number of intervals = 1
	(0,  29121)
number of points = 19
	initial point: 0
	stations: 0     1     2     3     4     5     8     9    10    11    12    13    14    15    16    17    18
	crossings: 0     5     6     7    15    18
	depots: 0     5    15    18
number of vertices = 38
	total vertices: 0     1     2     3     4     5     6     7     8     9    10    11    12    13    14    15    16    17    18    19    20    21    22    23    24    25    26    27    28    29    30    31    32    33    34    35    36    37
	upper vertices: 0     1     2     3     4     5     6     7     8     9    10    11    12    13    14    15    16    17    18
	lower vertices: 19    20    21    22    23    24    25    26    27    28    29    30    31    32    33    34    35    36    37
	vertices of point #0: (0, 19)
	vertices of point #1: (1, 20)
	vertices of point #2: (2, 21)
	vertices of point #3: (3, 22)
	vertices of point #4: (4, 23)
	vertices of point #5: (5, 24)
	vertices of point #6: (6, 25)
	vertices of point #7: (7, 26)
	vertices of point #8: (8, 27)
	vertices of point #9: (9, 28)
	vertices of point #10: (10, 29)
	vertices of point #11: (11, 30)
	vertices of point #12: (12, 31)
	vertices of point #13: (13, 32)
	vertices of point #14: (14, 33)
	vertices of point #15: (15, 34)
	vertices of point #16: (16, 35)
	vertices of point #17: (17, 36)
	vertices of point #18: (18, 37)

arcs...
	total arcs: 
		arc #0: (0, 1)
		arc #1: (0, 19)
		arc #2: (19, 0)
		arc #3: (1, 2)
		arc #4: (20, 19)
		arc #5: (2, 3)
		arc #6: (21, 20)
		arc #7: (3, 4)
		arc #8: (22, 21)
		arc #9: (4, 5)
		arc #10: (23, 22)
		arc #11: (5, 6)
		arc #12: (24, 23)
		arc #13: (5, 24)
		arc #14: (24, 5)
		arc #15: (6, 7)
		arc #16: (25, 24)
		arc #17: (7, 8)
		arc #18: (26, 25)
		arc #19: (8, 9)
		arc #20: (27, 26)
		arc #21: (9, 10)
		arc #22: (28, 27)
		arc #23: (10, 11)
		arc #24: (29, 28)
		arc #25: (11, 12)
		arc #26: (30, 29)
		arc #27: (12, 13)
		arc #28: (31, 30)
		arc #29: (13, 14)
		arc #30: (32, 31)
		arc #31: (14, 15)
		arc #32: (33, 32)
		arc #33: (15, 16)
		arc #34: (34, 33)
		arc #35: (15, 34)
		arc #36: (34, 15)
		arc #37: (16, 17)
		arc #38: (35, 34)
		arc #39: (17, 18)
		arc #40: (36, 35)
		arc #41: (37, 36)
		arc #42: (18, 37)
		arc #43: (37, 18)

	reverse arcs: 
		arc #1: (0, 19)
		arc #2: (19, 0)
		arc #13: (5, 24)
		arc #14: (24, 5)
		arc #35: (15, 34)
		arc #36: (34, 15)
		arc #42: (18, 37)
		arc #43: (37, 18)


incompatible points...
	(0, 4, 24, (4, 5))	(24, 20, 0, (20, 19))	(5, 5, 25, (5, 6))	(25, 25, 5, (25, 24))	(6, 6, 26, (6, 7))	(26, 26, 6, (26, 25))	(7, 14, 34, (14, 15))	(34, 27, 7, (27, 26))	(15, 17, 37, (17, 18))	(37, 35, 15, (35, 34))

number of routes = 16
vertices of routes...
	route #0: 0     1     2     3     4     5     6     7     8     9    10    11    12    13    14    15    16    17    18    37    36    35    34    33    32    31    30    29    28    27    26    25    24    23    22    21    20    19     0
	route #1: 37    36    35    34    33    32    31    30    29    28    27    26    25    24    23    22    21    20    19     0     1     2     3     4     5     6     7     8     9    10    11    12    13    14    15    16    17    18    37
	route #2: 5     6     7     8     9    10    11    12    13    14    15    16    17    18
	route #3: 24    23    22    21    20    19
	route #4: 0     1     2     3     4     5
	route #5: 37    36    35    34    33    32    31    30    29    28    27    26    25    24
	route #6: 15    16    17    18
	route #7: 34    33    32    31    30    29    28    27    26    25    24    23    22    21    20    19
	route #8: 0     1     2     3     4     5     6     7     8     9    10    11    12    13    14    15
	route #9: 37    36    35    34
	route #10: 34    33    32    31    30    29    28    27    26    25    24    23    22    21    20    19     0     1     2     3     4     5     6     7     8     9    10    11    12    13    14    15    34
	route #11: 5     6     7     8     9    10    11    12    13    14    15
	route #12: 5     6     7     8     9    10    11    12    13    14    15    16    17    18    37    36    35    34    33    32    31    30    29    28    27    26    25    24     5
	route #13: 15    16    17    18    37    36    35    34    15
	route #14: 24    23    22    21    20    19     0     1     2     3     4     5    24
	route #15: 34    33    32    31    30    29    28    27    26    25    24
arcs of routes...
	route #0: 0     3     5     7     9    11    15    17    19    21    23    25    27    29    31    33    37    39    42    41    40    38    34    32    30    28    26    24    22    20    18    16    12    10     8     6     4     2
	route #1: 41    40    38    34    32    30    28    26    24    22    20    18    16    12    10     8     6     4     2     0     3     5     7     9    11    15    17    19    21    23    25    27    29    31    33    37    39    42
	route #2: 11    15    17    19    21    23    25    27    29    31    33    37    39
	route #3: 12    10     8     6     4
	route #4: 0     3     5     7     9
	route #5: 41    40    38    34    32    30    28    26    24    22    20    18    16
	route #6: 33    37    39
	route #7: 34    32    30    28    26    24    22    20    18    16    12    10     8     6     4
	route #8: 0     3     5     7     9    11    15    17    19    21    23    25    27    29    31
	route #9: 41    40    38
	route #10: 34    32    30    28    26    24    22    20    18    16    12    10     8     6     4     2     0     3     5     7     9    11    15    17    19    21    23    25    27    29    31    35
	route #11: 11    15    17    19    21    23    25    27    29    31
	route #12: 11    15    17    19    21    23    25    27    29    31    33    37    39    42    41    40    38    34    32    30    28    26    24    22    20    18    16    14
	route #13: 33    37    39    42    41    40    38    36
	route #14: 12    10     8     6     4     2     0     3     5     7     9    13
	route #15: 34    32    30    28    26    24    22    20    18    16

incompatible routes...
	(0, 1)    	(0, 2)    	(0, 3)    	(0, 5)    	(0, 6)    	(0, 7)    	(0, 9)    	(0, 10)    	(0, 11)    	(0, 12)    	(0, 13)    	(0, 14)    	(0, 15)    	(1, 0)    	(1, 2)    	(1, 3)    	(1, 4)    	(1, 6)    	(1, 7)    	(1, 8)    	(1, 10)    	(1, 11)    	(1, 12)    	(1, 13)    	(1, 14)    	(1, 15)    	(2, 0)    	(2, 2)    	(2, 3)    	(2, 4)    	(2, 6)    	(2, 7)    	(2, 8)    	(2, 10)    	(2, 11)    	(2, 12)    	(2, 13)    	(2, 14)    	(2, 15)    	(3, 1)    	(3, 2)    	(3, 3)    	(3, 5)    	(3, 6)    	(3, 7)    	(3, 9)    	(3, 10)    	(3, 11)    	(3, 12)    	(3, 13)    	(3, 14)    	(3, 15)    	(4, 0)    	(4, 1)    	(4, 4)    	(4, 5)    	(4, 6)    	(4, 7)    	(4, 8)    	(4, 9)    	(4, 10)    	(4, 13)    	(4, 15)    	(5, 0)    	(5, 1)    	(5, 4)    	(5, 5)    	(5, 6)    	(5, 7)    	(5, 8)    	(5, 9)    	(5, 10)    	(5, 13)    	(5, 15)    	(6, 0)    	(6, 2)    	(6, 3)    	(6, 4)    	(6, 6)    	(6, 7)    	(6, 8)    	(6, 10)    	(6, 11)    	(6, 12)    	(6, 13)    	(6, 14)    	(6, 15)    	(7, 1)    	(7, 2)    	(7, 3)    	(7, 5)    	(7, 6)    	(7, 7)    	(7, 9)    	(7, 10)    	(7, 11)    	(7, 12)    	(7, 13)    	(7, 14)    	(7, 15)    	(8, 0)    	(8, 1)    	(8, 2)    	(8, 3)    	(8, 4)    	(8, 5)    	(8, 8)    	(8, 9)    	(8, 11)    	(8, 12)    	(8, 14)    	(9, 0)    	(9, 1)    	(9, 2)    	(9, 3)    	(9, 4)    	(9, 5)    	(9, 8)    	(9, 9)    	(9, 11)    	(9, 12)    	(9, 14)    	(10, 0)    	(10, 1)    	(10, 2)    	(10, 3)    	(10, 4)    	(10, 5)    	(10, 8)    	(10, 9)    	(10, 11)    	(10, 12)    	(10, 14)    	(11, 0)    	(11, 1)    	(11, 2)    	(11, 3)    	(11, 4)    	(11, 5)    	(11, 8)    	(11, 9)    	(11, 11)    	(11, 12)    	(11, 14)    	(12, 0)    	(12, 1)    	(12, 4)    	(12, 5)    	(12, 6)    	(12, 7)    	(12, 8)    	(12, 9)    	(12, 10)    	(12, 13)    	(12, 15)    	(13, 0)    	(13, 1)    	(13, 2)    	(13, 3)    	(13, 4)    	(13, 5)    	(13, 8)    	(13, 9)    	(13, 11)    	(13, 12)    	(13, 14)    	(14, 0)    	(14, 1)    	(14, 4)    	(14, 5)    	(14, 6)    	(14, 7)    	(14, 8)    	(14, 9)    	(14, 10)    	(14, 13)    	(14, 15)    	(15, 0)    	(15, 1)    	(15, 4)    	(15, 5)    	(15, 6)    	(15, 7)    	(15, 8)    	(15, 9)    	(15, 10)    	(15, 13)    	(15, 15)

vertices that can be adjacent in consecutive trips...
	(0, 0)    	(5, 5)    	(5, 24)    	(15, 15)    	(15, 34)    	(18, 37)    	(19, 0)    	(24, 5)    	(24, 24)    	(34, 15)    	(34, 34)    	(37, 37)
non cyclical routes: 
       2       3       4       5       6       7       8       9      11      15

routes of trip...
	routes that train #0 can complete at trip #0: 0       4       8
	routes that train #0 can complete at trip #1: 0       1       2       3       4       5       6       7       8       9      10      11      12      13      14      15

	routes that train #1 can complete at trip #0: 0       4       8
	routes that train #1 can complete at trip #1: 0       1       2       3       4       5       6       7       8       9      10      11      12      13      14      15

	routes that train #2 can complete at trip #0: 0       4       8
	routes that train #2 can complete at trip #1: 0       1       2       3       4       5       6       7       8       9      10      11      12      13      14      15

	routes that train #3 can complete at trip #0: 0       4       8
	routes that train #3 can complete at trip #1: 0       1       2       3       4       5       6       7       8       9      10      11      12      13      14      15

	routes that train #4 can complete at trip #0: 0       4       8
	routes that train #4 can complete at trip #1: 0       1       2       3       4       5       6       7       8       9      10      11      12      13      14      15

 cost...
	arc #0 [0][1]: 245
	arc #1 [0][19]: 0
	arc #2 [19][0]: 0
	arc #3 [1][2]: 240
	arc #4 [20][19]: 245
	arc #5 [2][3]: 234
	arc #6 [21][20]: 240
	arc #7 [3][4]: 233
	arc #8 [22][21]: 234
	arc #9 [4][5]: 243
	arc #10 [23][22]: 233
	arc #11 [5][6]: 210
	arc #12 [24][23]: 243
	arc #13 [5][24]: 0
	arc #14 [24][5]: 0
	arc #15 [6][7]: 245
	arc #16 [25][24]: 210
	arc #17 [7][8]: 226
	arc #18 [26][25]: 245
	arc #19 [8][9]: 236
	arc #20 [27][26]: 226
	arc #21 [9][10]: 235
	arc #22 [28][27]: 236
	arc #23 [10][11]: 213
	arc #24 [29][28]: 235
	arc #25 [11][12]: 204
	arc #26 [30][29]: 213
	arc #27 [12][13]: 249
	arc #28 [31][30]: 204
	arc #29 [13][14]: 237
	arc #30 [32][31]: 249
	arc #31 [14][15]: 243
	arc #32 [33][32]: 237
	arc #33 [15][16]: 241
	arc #34 [34][33]: 243
	arc #35 [15][34]: 0
	arc #36 [34][15]: 0
	arc #37 [16][17]: 216
	arc #38 [35][34]: 241
	arc #39 [17][18]: 234
	arc #40 [36][35]: 216
	arc #41 [37][36]: 234
	arc #42 [18][37]: 0
	arc #43 [37][18]: 0

cost with minimum service...
	arc #0 [0][1]: 360
	arc #1 [0][19]: 0
	arc #2 [19][0]: 0
	arc #3 [1][2]: 355
	arc #4 [20][19]: 504
	arc #5 [2][3]: 349
	arc #6 [21][20]: 355
	arc #7 [3][4]: 348
	arc #8 [22][21]: 349
	arc #9 [4][5]: 502
	arc #10 [23][22]: 348
	arc #11 [5][6]: 255
	arc #12 [24][23]: 358
	arc #13 [5][24]: 0
	arc #14 [24][5]: 0
	arc #15 [6][7]: 290
	arc #16 [25][24]: 469
	arc #17 [7][8]: 341
	arc #18 [26][25]: 290
	arc #19 [8][9]: 351
	arc #20 [27][26]: 271
	arc #21 [9][10]: 350
	arc #22 [28][27]: 351
	arc #23 [10][11]: 328
	arc #24 [29][28]: 350
	arc #25 [11][12]: 319
	arc #26 [30][29]: 328
	arc #27 [12][13]: 364
	arc #28 [31][30]: 319
	arc #29 [13][14]: 352
	arc #30 [32][31]: 364
	arc #31 [14][15]: 502
	arc #32 [33][32]: 352
	arc #33 [15][16]: 356
	arc #34 [34][33]: 358
	arc #35 [15][34]: 0
	arc #36 [34][15]: 0
	arc #37 [16][17]: 331
	arc #38 [35][34]: 500
	arc #39 [17][18]: 493
	arc #40 [36][35]: 331
	arc #41 [37][36]: 349
	arc #42 [18][37]: 0
	arc #43 [37][18]: 0

cost with maximum service...
	arc #0 [0][1]: 676
	arc #1 [0][19]: 431
	arc #2 [19][0]: 431
	arc #3 [1][2]: 671
	arc #4 [20][19]: 676
	arc #5 [2][3]: 665
	arc #6 [21][20]: 671
	arc #7 [3][4]: 664
	arc #8 [22][21]: 665
	arc #9 [4][5]: 674
	arc #10 [23][22]: 664
	arc #11 [5][6]: 641
	arc #12 [24][23]: 674
	arc #13 [5][24]: 431
	arc #14 [24][5]: 431
	arc #15 [6][7]: 676
	arc #16 [25][24]: 641
	arc #17 [7][8]: 657
	arc #18 [26][25]: 676
	arc #19 [8][9]: 667
	arc #20 [27][26]: 657
	arc #21 [9][10]: 666
	arc #22 [28][27]: 667
	arc #23 [10][11]: 644
	arc #24 [29][28]: 666
	arc #25 [11][12]: 635
	arc #26 [30][29]: 644
	arc #27 [12][13]: 680
	arc #28 [31][30]: 635
	arc #29 [13][14]: 668
	arc #30 [32][31]: 680
	arc #31 [14][15]: 674
	arc #32 [33][32]: 668
	arc #33 [15][16]: 672
	arc #34 [34][33]: 674
	arc #35 [15][34]: 431
	arc #36 [34][15]: 431
	arc #37 [16][17]: 647
	arc #38 [35][34]: 672
	arc #39 [17][18]: 665
	arc #40 [36][35]: 647
	arc #41 [37][36]: 665
	arc #42 [18][37]: 431
	arc #43 [37][18]: 431

demands...
	demands of vertex 0 at time interval: 6
	demands of vertex 1 at time interval: 6
	demands of vertex 2 at time interval: 6
	demands of vertex 3 at time interval: 6
	demands of vertex 4 at time interval: 6
	demands of vertex 5 at time interval: 6
	demands of vertex 6 at time interval: 0
	demands of vertex 7 at time interval: 0
	demands of vertex 8 at time interval: 6
	demands of vertex 9 at time interval: 6
	demands of vertex 10 at time interval: 6
	demands of vertex 11 at time interval: 6
	demands of vertex 12 at time interval: 6
	demands of vertex 13 at time interval: 6
	demands of vertex 14 at time interval: 6
	demands of vertex 15 at time interval: 6
	demands of vertex 16 at time interval: 6
	demands of vertex 17 at time interval: 6
	demands of vertex 18 at time interval: 0
	demands of vertex 19 at time interval: 0
	demands of vertex 20 at time interval: 6
	demands of vertex 21 at time interval: 6
	demands of vertex 22 at time interval: 6
	demands of vertex 23 at time interval: 6
	demands of vertex 24 at time interval: 6
	demands of vertex 25 at time interval: 0
	demands of vertex 26 at time interval: 0
	demands of vertex 27 at time interval: 6
	demands of vertex 28 at time interval: 6
	demands of vertex 29 at time interval: 6
	demands of vertex 30 at time interval: 6
	demands of vertex 31 at time interval: 6
	demands of vertex 32 at time interval: 6
	demands of vertex 33 at time interval: 6
	demands of vertex 34 at time interval: 6
	demands of vertex 35 at time interval: 6
	demands of vertex 36 at time interval: 6
	demands of vertex 37 at time interval: 6

maximum time = 29121
alpha = 50
Starting to test combinations... - Total number of combinations = 1048576
Found new best - 53/1048576
Found new best - 54/1048576
Found new best - 820/1048576
Found new best - 821/1048576
Found new best - 822/1048576
Found new best - 13108/1048576
10% done - 104858/1048576 combination(s) tested! (Thread 0)
20% done - 209716/1048576 combination(s) tested! (Thread 0)
30% done - 314574/1048576 combination(s) tested! (Thread 0)
40% done - 419432/1048576 combination(s) tested! (Thread 0)
50% done - 524290/1048576 combination(s) tested! (Thread 0)
60% done - 629148/1048576 combination(s) tested! (Thread 0)
70% done - 734006/1048576 combination(s) tested! (Thread 0)
80% done - 838864/1048576 combination(s) tested! (Thread 0)
90% done - 943722/1048576 combination(s) tested! (Thread 0)
All combination(s) tested!
6/1048576 were feasible combination(s)! - (0.001%)

>> Printing some results...
    -> Solution value = 26183 - 07:16:23
    -> Total time = 1785.16
    -> Gap value = 0.00

=============
Train 0
=============
> Trip 0
   0(time 0 - 00:00:00)(time 245 - 00:04:05) ->    1(time 360 - 00:06:00)(time 600 - 00:10:00) ->    2(time 715 - 00:11:55)(time 949 - 00:15:49) ->    3(time 1064 - 00:17:44)(time 1297 - 00:21:37) ->    4(time 1412 - 00:23:32)(time 1655 - 00:27:35) ->    5(time 1914 - 00:31:54)(time 2124 - 00:35:24) ->    6(time 2169 - 00:36:09)(time 2414 - 00:40:14) ->    7(time 2459 - 00:40:59)(time 2685 - 00:44:45) ->    8(time 2800 - 00:46:40)(time 3036 - 00:50:36) ->    9(time 3151 - 00:52:31)(time 3386 - 00:56:26) ->    10(time 3501 - 00:58:21)(time 3714 - 01:01:54) ->    11(time 3829 - 01:03:49)(time 4033 - 01:07:13) ->    12(time 4148 - 01:09:08)(time 4397 - 01:13:17) ->    13(time 4512 - 01:15:12)(time 4749 - 01:19:09) ->    14(time 4864 - 01:21:04)(time 5107 - 01:25:07) ->    15(time 5366 - 01:29:26)(time 5607 - 01:33:27) ->    16(time 5722 - 01:35:22)(time 5938 - 01:38:58) ->    17(time 6053 - 01:40:53)(time 6287 - 01:44:47) ->    18(time 6546 - 01:49:06)(time 6546 - 01:49:06) ->    37(time 6546 - 01:49:06)(time 6780 - 01:53:00) ->    36(time 6895 - 01:54:55)(time 7111 - 01:58:31) ->    35(time 7226 - 02:00:26)(time 7467 - 02:04:27) ->    34(time 7726 - 02:08:46)(time 7969 - 02:12:49) ->    33(time 8084 - 02:14:44)(time 8321 - 02:18:41) ->    32(time 8436 - 02:20:36)(time 8685 - 02:24:45) ->    31(time 8800 - 02:26:40)(time 9004 - 02:30:04) ->    30(time 9119 - 02:31:59)(time 9332 - 02:35:32) ->    29(time 9447 - 02:37:27)(time 9682 - 02:41:22) ->    28(time 9797 - 02:43:17)(time 10033 - 02:47:13) ->    27(time 10148 - 02:49:08)(time 10374 - 02:52:54) ->    26(time 10419 - 02:53:39)(time 10664 - 02:57:44) ->    25(time 10709 - 02:58:29)(time 10919 - 03:01:59) ->    24(time 11178 - 03:06:18)(time 11421 - 03:10:21) ->    23(time 11536 - 03:12:16)(time 11769 - 03:16:09) ->    22(time 11884 - 03:18:04)(time 12118 - 03:21:58) ->    21(time 12233 - 03:23:53)(time 12473 - 03:27:53) ->    20(time 12588 - 03:29:48)(time 12833 - 03:33:53) ->    19(time 13092 - 03:38:12)(time 13092 - 03:38:12) -> 0
> Trip 1
   0(time 13092 - 03:38:12)(time 13337 - 03:42:17) ->    1(time 13452 - 03:44:12)(time 13692 - 03:48:12) ->    2(time 13807 - 03:50:07)(time 14041 - 03:54:01) ->    3(time 14156 - 03:55:56)(time 14389 - 03:59:49) ->    4(time 14504 - 04:01:44)(time 14747 - 04:05:47) ->    5(time 15006 - 04:10:06)(time 15216 - 04:13:36) ->    6(time 15261 - 04:14:21)(time 15506 - 04:18:26) ->    7(time 15551 - 04:19:11)(time 15777 - 04:22:57) ->    8(time 15892 - 04:24:52)(time 16128 - 04:28:48) ->    9(time 16243 - 04:30:43)(time 16478 - 04:34:38) ->    10(time 16593 - 04:36:33)(time 16806 - 04:40:06) ->    11(time 16921 - 04:42:01)(time 17125 - 04:45:25) ->    12(time 17240 - 04:47:20)(time 17489 - 04:51:29) ->    13(time 17604 - 04:53:24)(time 17841 - 04:57:21) ->    14(time 17956 - 04:59:16)(time 18199 - 05:03:19) ->    15(time 18458 - 05:07:38)(time 18699 - 05:11:39) ->    16(time 18814 - 05:13:34)(time 19030 - 05:17:10) ->    17(time 19145 - 05:19:05)(time 19379 - 05:22:59) ->    18(time 19638 - 05:27:18)(time 19638 - 05:27:18) ->    37(time 19638 - 05:27:18)(time 19872 - 05:31:12) ->    36(time 19987 - 05:33:07)(time 20203 - 05:36:43) ->    35(time 20318 - 05:38:38)(time 20559 - 05:42:39) ->    34(time 20818 - 05:46:58)(time 21061 - 05:51:01) ->    33(time 21176 - 05:52:56)(time 21413 - 05:56:53) ->    32(time 21528 - 05:58:48)(time 21777 - 06:02:57) ->    31(time 21892 - 06:04:52)(time 22096 - 06:08:16) ->    30(time 22211 - 06:10:11)(time 22424 - 06:13:44) ->    29(time 22539 - 06:15:39)(time 22774 - 06:19:34) ->    28(time 22889 - 06:21:29)(time 23125 - 06:25:25) ->    27(time 23240 - 06:27:20)(time 23466 - 06:31:06) ->    26(time 23511 - 06:31:51)(time 23756 - 06:35:56) ->    25(time 23801 - 06:36:41)(time 24011 - 06:40:11) ->    24(time 24270 - 06:44:30)(time 24513 - 06:48:33) ->    23(time 24628 - 06:50:28)(time 24861 - 06:54:21) ->    22(time 24976 - 06:56:16)(time 25210 - 07:00:10) ->    21(time 25325 - 07:02:05)(time 25565 - 07:06:05) ->    20(time 25680 - 07:08:00)(time 25925 - 07:12:05) ->    19(time 26184 - 07:16:24)(time 26184 - 07:16:24) -> 0
=============
Train 1
=============
> Trip 0
   0(time 9207 - 02:33:27)(time 9452 - 02:37:32) ->    1(time 9883 - 02:44:43)(time 10123 - 02:48:43) ->    2(time 10238 - 02:50:38)(time 10472 - 02:54:32) ->    3(time 10587 - 02:56:27)(time 10820 - 03:00:20) ->    4(time 10935 - 03:02:15)(time 11178 - 03:06:18) ->    5(time 11591 - 03:13:11)(time 11801 - 03:16:41) ->    6(time 12232 - 03:23:52)(time 12477 - 03:27:57) ->    7(time 12908 - 03:35:08)(time 13134 - 03:38:54) ->    8(time 13565 - 03:46:05)(time 13801 - 03:50:01) ->    9(time 14232 - 03:57:12)(time 14467 - 04:01:07) ->    10(time 14898 - 04:08:18)(time 15111 - 04:11:51) ->    11(time 15542 - 04:19:02)(time 15746 - 04:22:26) ->    12(time 16177 - 04:29:37)(time 16426 - 04:33:46) ->    13(time 16857 - 04:40:57)(time 17094 - 04:44:54) ->    14(time 17525 - 04:52:05)(time 17768 - 04:56:08) ->    15(time 18199 - 05:03:19)(time 18440 - 05:07:20) ->    16(time 18555 - 05:09:15)(time 18771 - 05:12:51) ->    17(time 18886 - 05:14:46)(time 19120 - 05:18:40) ->    18(time 19379 - 05:22:59)(time 19379 - 05:22:59) ->    37(time 19379 - 05:22:59)(time 19613 - 05:26:53) ->    36(time 19728 - 05:28:48)(time 19944 - 05:32:24) ->    35(time 20059 - 05:34:19)(time 20300 - 05:38:20) ->    34(time 20559 - 05:42:39)(time 20802 - 05:46:42) ->    33(time 20917 - 05:48:37)(time 21154 - 05:52:34) ->    32(time 21269 - 05:54:29)(time 21518 - 05:58:38) ->    31(time 21633 - 06:00:33)(time 21837 - 06:03:57) ->    30(time 21952 - 06:05:52)(time 22165 - 06:09:25) ->    29(time 22280 - 06:11:20)(time 22515 - 06:15:15) ->    28(time 22630 - 06:17:10)(time 22866 - 06:21:06) ->    27(time 22981 - 06:23:01)(time 23207 - 06:26:47) ->    26(time 23252 - 06:27:32)(time 23497 - 06:31:37) ->    25(time 23542 - 06:32:22)(time 23752 - 06:35:52) ->    24(time 24011 - 06:40:11)(time 24254 - 06:44:14) ->    23(time 24369 - 06:46:09)(time 24602 - 06:50:02) ->    22(time 24717 - 06:51:57)(time 24951 - 06:55:51) ->    21(time 25066 - 06:57:46)(time 25306 - 07:01:46) ->    20(time 25421 - 07:03:41)(time 25666 - 07:07:46) ->    19(time 25925 - 07:12:05)(time 25925 - 07:12:05) -> 0
=============
Train 2
=============
> Trip 0
   0(time 9092 - 02:31:32)(time 9337 - 02:35:37) ->    1(time 9452 - 02:37:32)(time 9692 - 02:41:32) ->    2(time 9807 - 02:43:27)(time 10041 - 02:47:21) ->    3(time 10156 - 02:49:16)(time 10389 - 02:53:09) ->    4(time 10504 - 02:55:04)(time 10747 - 02:59:07) ->    5(time 11178 - 03:06:18)(time 11388 - 03:09:48) ->    6(time 11801 - 03:16:41)(time 12046 - 03:20:46) ->    7(time 12477 - 03:27:57)(time 12703 - 03:31:43) ->    8(time 12818 - 03:33:38)(time 13054 - 03:37:34) ->    9(time 13169 - 03:39:29)(time 13404 - 03:43:24) ->    10(time 13519 - 03:45:19)(time 13732 - 03:48:52) ->    11(time 13847 - 03:50:47)(time 14051 - 03:54:11) ->    12(time 14166 - 03:56:06)(time 14415 - 04:00:15) ->    13(time 14530 - 04:02:10)(time 14767 - 04:06:07) ->    14(time 14882 - 04:08:02)(time 15125 - 04:12:05) ->    15(time 15384 - 04:16:24)(time 15625 - 04:20:25) ->    16(time 15740 - 04:22:20)(time 15956 - 04:25:56) ->    17(time 16071 - 04:27:51)(time 16305 - 04:31:45) ->    18(time 16703 - 04:38:23)(time 16703 - 04:38:23) ->    37(time 16818 - 04:40:18)(time 17052 - 04:44:12) ->    36(time 17483 - 04:51:23)(time 17699 - 04:54:59) ->    35(time 17958 - 04:59:18)(time 18199 - 05:03:19) ->    34(time 18630 - 05:10:30)(time 18873 - 05:14:33) ->    33(time 18988 - 05:16:28)(time 19225 - 05:20:25) ->    32(time 19340 - 05:22:20)(time 19589 - 05:26:29) ->    31(time 19704 - 05:28:24)(time 19908 - 05:31:48) ->    30(time 20339 - 05:38:59)(time 20552 - 05:42:32) ->    29(time 20667 - 05:44:27)(time 20902 - 05:48:22) ->    28(time 21017 - 05:50:17)(time 21253 - 05:54:13) ->    27(time 21368 - 05:56:08)(time 21594 - 05:59:54) ->    26(time 22025 - 06:07:05)(time 22270 - 06:11:10) ->    25(time 22701 - 06:18:21)(time 22911 - 06:21:51) ->    24(time 23170 - 06:26:10)(time 23413 - 06:30:13) ->    23(time 23528 - 06:32:08)(time 23761 - 06:36:01) ->    22(time 23876 - 06:37:56)(time 24110 - 06:41:50) ->    21(time 24541 - 06:49:01)(time 24781 - 06:53:01) ->    20(time 25162 - 06:59:22)(time 25407 - 07:03:27) ->    19(time 25666 - 07:07:46)(time 25666 - 07:07:46) -> 0
=============
Train 3
=============
> Trip 0
   0(time 7781 - 02:09:41)(time 8026 - 02:13:46) ->    1(time 8141 - 02:15:41)(time 8381 - 02:19:41) ->    2(time 8496 - 02:21:36)(time 8730 - 02:25:30) ->    3(time 9161 - 02:32:41)(time 9394 - 02:36:34) ->    4(time 9825 - 02:43:45)(time 10068 - 02:47:48) ->    5(time 10499 - 02:54:59)(time 10709 - 02:58:29) ->    6(time 11140 - 03:05:40)(time 11385 - 03:09:45) ->    7(time 11816 - 03:16:56)(time 12042 - 03:20:42) ->    8(time 12473 - 03:27:53)(time 12709 - 03:31:49) ->    9(time 12877 - 03:34:37)(time 13112 - 03:38:32) ->    10(time 13227 - 03:40:27)(time 13440 - 03:44:00) ->    11(time 13555 - 03:45:55)(time 13759 - 03:49:19) ->    12(time 13874 - 03:51:14)(time 14123 - 03:55:23) ->    13(time 14238 - 03:57:18)(time 14475 - 04:01:15) ->    14(time 14590 - 04:03:10)(time 14833 - 04:07:13) ->    15(time 15092 - 04:11:32)(time 15333 - 04:15:33) ->    16(time 15448 - 04:17:28)(time 15664 - 04:21:04) ->    17(time 15779 - 04:22:59)(time 16013 - 04:26:53) ->    18(time 16272 - 04:31:12)(time 16272 - 04:31:12) ->    37(time 16703 - 04:38:23)(time 16937 - 04:42:17) ->    36(time 17052 - 04:44:12)(time 17268 - 04:47:48) ->    35(time 17699 - 04:54:59)(time 17940 - 04:59:00) ->    34(time 18199 - 05:03:19)(time 18442 - 05:07:22) ->    33(time 18557 - 05:09:17)(time 18794 - 05:13:14) ->    32(time 18909 - 05:15:09)(time 19158 - 05:19:18) ->    31(time 19273 - 05:21:13)(time 19477 - 05:24:37) ->    30(time 19592 - 05:26:32)(time 19805 - 05:30:05) ->    29(time 20236 - 05:37:16)(time 20471 - 05:41:11) ->    28(time 20902 - 05:48:22)(time 21138 - 05:52:18) ->    27(time 21253 - 05:54:13)(time 21479 - 05:57:59) ->    26(time 21524 - 05:58:44)(time 21769 - 06:02:49) ->    25(time 21814 - 06:03:34)(time 22024 - 06:07:04) ->    24(time 22283 - 06:11:23)(time 22526 - 06:15:26) ->    23(time 22957 - 06:22:37)(time 23190 - 06:26:30) ->    22(time 23305 - 06:28:25)(time 23539 - 06:32:19) ->    21(time 23654 - 06:34:14)(time 23894 - 06:38:14) ->    20(time 24009 - 06:40:09)(time 24254 - 06:44:14) ->    19(time 24513 - 06:48:33)(time 24513 - 06:48:33) -> 0
=============
Train 4
=============
> Trip 0
   0(time 115 - 00:01:55)(time 360 - 00:06:00) ->    1(time 619 - 00:10:19)(time 859 - 00:14:19) ->    2(time 974 - 00:16:14)(time 1208 - 00:20:08) ->    3(time 1323 - 00:22:03)(time 1556 - 00:25:56) ->    4(time 1671 - 00:27:51)(time 1914 - 00:31:54) ->    5(time 2173 - 00:36:13)(time 2383 - 00:39:43) ->    6(time 2428 - 00:40:28)(time 2673 - 00:44:33) ->    7(time 2718 - 00:45:18)(time 2944 - 00:49:04) ->    8(time 3059 - 00:50:59)(time 3295 - 00:54:55) ->    9(time 3410 - 00:56:50)(time 3645 - 01:00:45) ->    10(time 3760 - 01:02:40)(time 3973 - 01:06:13) ->    11(time 4088 - 01:08:08)(time 4292 - 01:11:32) ->    12(time 4407 - 01:13:27)(time 4656 - 01:17:36) ->    13(time 4771 - 01:19:31)(time 5008 - 01:23:28) ->    14(time 5123 - 01:25:23)(time 5366 - 01:29:26) ->    15(time 5625 - 01:33:45)(time 5866 - 01:37:46) ->    16(time 5981 - 01:39:41)(time 6197 - 01:43:17) ->    17(time 6312 - 01:45:12)(time 6546 - 01:49:06) ->    18(time 6805 - 01:53:25)(time 6805 - 01:53:25) ->    37(time 6805 - 01:53:25)(time 7039 - 01:57:19) ->    36(time 7154 - 01:59:14)(time 7370 - 02:02:50) ->    35(time 7485 - 02:04:45)(time 7726 - 02:08:46) ->    34(time 7985 - 02:13:05)(time 8228 - 02:17:08) ->    33(time 8343 - 02:19:03)(time 8580 - 02:23:00) ->    32(time 8695 - 02:24:55)(time 8944 - 02:29:04) ->    31(time 9059 - 02:30:59)(time 9263 - 02:34:23) ->    30(time 9378 - 02:36:18)(time 9591 - 02:39:51) ->    29(time 9706 - 02:41:46)(time 9941 - 02:45:41) ->    28(time 10056 - 02:47:36)(time 10292 - 02:51:32) ->    27(time 10407 - 02:53:27)(time 10633 - 02:57:13) ->    26(time 10678 - 02:57:58)(time 10923 - 03:02:03) ->    25(time 10968 - 03:02:48)(time 11178 - 03:06:18) ->    24(time 11437 - 03:10:37)(time 11680 - 03:14:40) ->    23(time 11795 - 03:16:35)(time 12028 - 03:20:28) ->    22(time 12143 - 03:22:23)(time 12377 - 03:26:17) ->    21(time 12492 - 03:28:12)(time 12732 - 03:32:12) ->    20(time 12847 - 03:34:07)(time 13092 - 03:38:12) ->    19(time 13351 - 03:42:31)(time 13351 - 03:42:31) -> 0
