t5p18r6h1.txt:
   > Trying to open the instance file...
   > Reading number of trains...
   > Reading maximum number of trips per train...
   > Reading time intervals...
   > Reading number of points...
   > Reading stations...
   > Reading crossings...
   > Reading depots...
   > Reading initial point...
   > Reading routes...
   > Reading distance and distance and service...
   > Reading demands...
   > Reading maximum time...
   > Reading alpha...

--------------------------------
 Printing instance
--------------------------------
number of trains = 5
	max trips per trains: 2     2     2     2     2
number of intervals = 1
	(0,  36523)
number of points = 18
	initial point: 17
	stations: 0     1     2     3     4     5     6     9    10    11    12    14    15    16    17
	crossings: 0     2     3     6     7     8    13    14    17
	depots: 0     2    17
number of vertices = 36
	total vertices: 0     1     2     3     4     5     6     7     8     9    10    11    12    13    14    15    16    17    18    19    20    21    22    23    24    25    26    27    28    29    30    31    32    33    34    35
	upper vertices: 0     1     2     3     4     5     6     7     8     9    10    11    12    13    14    15    16    17
	lower vertices: 18    19    20    21    22    23    24    25    26    27    28    29    30    31    32    33    34    35
	vertices of point #0: (0, 18)
	vertices of point #1: (1, 19)
	vertices of point #2: (2, 20)
	vertices of point #3: (3, 21)
	vertices of point #4: (4, 22)
	vertices of point #5: (5, 23)
	vertices of point #6: (6, 24)
	vertices of point #7: (7, 25)
	vertices of point #8: (8, 26)
	vertices of point #9: (9, 27)
	vertices of point #10: (10, 28)
	vertices of point #11: (11, 29)
	vertices of point #12: (12, 30)
	vertices of point #13: (13, 31)
	vertices of point #14: (14, 32)
	vertices of point #15: (15, 33)
	vertices of point #16: (16, 34)
	vertices of point #17: (17, 35)

arcs...
	total arcs: 
		arc #0: (0, 1)
		arc #1: (0, 18)
		arc #2: (18, 0)
		arc #3: (1, 2)
		arc #4: (19, 18)
		arc #5: (2, 3)
		arc #6: (20, 19)
		arc #7: (2, 20)
		arc #8: (20, 2)
		arc #9: (3, 4)
		arc #10: (21, 20)
		arc #11: (4, 5)
		arc #12: (22, 21)
		arc #13: (5, 6)
		arc #14: (23, 22)
		arc #15: (6, 7)
		arc #16: (24, 23)
		arc #17: (7, 8)
		arc #18: (25, 24)
		arc #19: (8, 9)
		arc #20: (26, 25)
		arc #21: (9, 10)
		arc #22: (27, 26)
		arc #23: (10, 11)
		arc #24: (28, 27)
		arc #25: (11, 12)
		arc #26: (29, 28)
		arc #27: (12, 13)
		arc #28: (30, 29)
		arc #29: (13, 14)
		arc #30: (31, 30)
		arc #31: (14, 15)
		arc #32: (32, 31)
		arc #33: (15, 16)
		arc #34: (33, 32)
		arc #35: (16, 17)
		arc #36: (34, 33)
		arc #37: (35, 34)
		arc #38: (17, 35)
		arc #39: (35, 17)

	reverse arcs: 
		arc #1: (0, 18)
		arc #2: (18, 0)
		arc #7: (2, 20)
		arc #8: (20, 2)
		arc #38: (17, 35)
		arc #39: (35, 17)


incompatible points...
	(0, 1, 20, (1, 2))	(20, 19, 0, (19, 18))	(2, 2, 21, (2, 3))	(21, 21, 2, (21, 20))	(3, 5, 24, (5, 6))	(24, 22, 3, (22, 21))	(6, 6, 25, (6, 7))	(25, 25, 6, (25, 24))	(7, 7, 26, (7, 8))	(26, 26, 7, (26, 25))	(8, 12, 31, (12, 13))	(31, 27, 8, (27, 26))	(13, 13, 32, (13, 14))	(32, 32, 13, (32, 31))	(14, 16, 35, (16, 17))	(35, 33, 14, (33, 32))

number of routes = 6
vertices of routes...
	route #0: 0     1     2     3     4     5     6     7     8     9    10    11    12    13    14    15    16    17    35    34    33    32    31    30    29    28    27    26    25    24    23    22    21    20    19    18     0
	route #1: 35    34    33    32    31    30    29    28    27    26    25    24    23    22    21    20    19    18     0     1     2     3     4     5     6     7     8     9    10    11    12    13    14    15    16    17    35
	route #2: 2     3     4     5     6     7     8     9    10    11    12    13    14    15    16    17
	route #3: 20    19    18
	route #4: 0     1     2
	route #5: 35    34    33    32    31    30    29    28    27    26    25    24    23    22    21    20
arcs of routes...
	route #0: 0     3     5     9    11    13    15    17    19    21    23    25    27    29    31    33    35    38    37    36    34    32    30    28    26    24    22    20    18    16    14    12    10     6     4     2
	route #1: 37    36    34    32    30    28    26    24    22    20    18    16    14    12    10     6     4     2     0     3     5     9    11    13    15    17    19    21    23    25    27    29    31    33    35    38
	route #2: 5     9    11    13    15    17    19    21    23    25    27    29    31    33    35
	route #3: 6     4
	route #4: 0     3
	route #5: 37    36    34    32    30    28    26    24    22    20    18    16    14    12    10

incompatible routes...
	(0, 1)    	(0, 2)    	(0, 3)    	(0, 5)    	(1, 0)    	(1, 2)    	(1, 3)    	(1, 4)    	(2, 0)    	(2, 2)    	(2, 3)    	(2, 4)    	(3, 1)    	(3, 2)    	(3, 3)    	(3, 5)    	(4, 0)    	(4, 1)    	(4, 4)    	(4, 5)    	(5, 0)    	(5, 1)    	(5, 4)    	(5, 5)

vertices that can be adjacent in consecutive trips...
	(0, 0)    	(2, 2)    	(2, 20)    	(17, 35)    	(18, 0)    	(20, 2)    	(20, 20)    	(35, 35)
non cyclical routes: 
       2       3       4       5

routes of trip...
	routes that train #0 can complete at trip #0: 1       5
	routes that train #0 can complete at trip #1: 0       1       2       3       4       5

	routes that train #1 can complete at trip #0: 1       5
	routes that train #1 can complete at trip #1: 0       1       2       3       4       5

	routes that train #2 can complete at trip #0: 1       5
	routes that train #2 can complete at trip #1: 0       1       2       3       4       5

	routes that train #3 can complete at trip #0: 1       5
	routes that train #3 can complete at trip #1: 0       1       2       3       4       5

	routes that train #4 can complete at trip #0: 1       5
	routes that train #4 can complete at trip #1: 0       1       2       3       4       5

 cost...
	arc #0 [0][1]: 302
	arc #1 [0][18]: 0
	arc #2 [18][0]: 0
	arc #3 [1][2]: 297
	arc #4 [19][18]: 302
	arc #5 [2][3]: 291
	arc #6 [20][19]: 297
	arc #7 [2][20]: 0
	arc #8 [20][2]: 0
	arc #9 [3][4]: 269
	arc #10 [21][20]: 291
	arc #11 [4][5]: 307
	arc #12 [22][21]: 269
	arc #13 [5][6]: 295
	arc #14 [23][22]: 307
	arc #15 [6][7]: 301
	arc #16 [24][23]: 295
	arc #17 [7][8]: 290
	arc #18 [25][24]: 301
	arc #19 [8][9]: 298
	arc #20 [26][25]: 290
	arc #21 [9][10]: 295
	arc #22 [27][26]: 298
	arc #23 [10][11]: 320
	arc #24 [28][27]: 295
	arc #25 [11][12]: 280
	arc #26 [29][28]: 320
	arc #27 [12][13]: 303
	arc #28 [30][29]: 280
	arc #29 [13][14]: 321
	arc #30 [31][30]: 303
	arc #31 [14][15]: 271
	arc #32 [32][31]: 321
	arc #33 [15][16]: 286
	arc #34 [33][32]: 271
	arc #35 [16][17]: 315
	arc #36 [34][33]: 286
	arc #37 [35][34]: 315
	arc #38 [17][35]: 0
	arc #39 [35][17]: 0

cost with minimum service...
	arc #0 [0][1]: 406
	arc #1 [0][18]: 0
	arc #2 [18][0]: 0
	arc #3 [1][2]: 519
	arc #4 [19][18]: 524
	arc #5 [2][3]: 395
	arc #6 [20][19]: 401
	arc #7 [2][20]: 0
	arc #8 [20][2]: 0
	arc #9 [3][4]: 373
	arc #10 [21][20]: 513
	arc #11 [4][5]: 411
	arc #12 [22][21]: 373
	arc #13 [5][6]: 399
	arc #14 [23][22]: 411
	arc #15 [6][7]: 391
	arc #16 [24][23]: 399
	arc #17 [7][8]: 380
	arc #18 [25][24]: 405
	arc #19 [8][9]: 402
	arc #20 [26][25]: 380
	arc #21 [9][10]: 399
	arc #22 [27][26]: 388
	arc #23 [10][11]: 424
	arc #24 [28][27]: 399
	arc #25 [11][12]: 384
	arc #26 [29][28]: 424
	arc #27 [12][13]: 393
	arc #28 [30][29]: 384
	arc #29 [13][14]: 425
	arc #30 [31][30]: 407
	arc #31 [14][15]: 375
	arc #32 [32][31]: 411
	arc #33 [15][16]: 390
	arc #34 [33][32]: 375
	arc #35 [16][17]: 537
	arc #36 [34][33]: 390
	arc #37 [35][34]: 419
	arc #38 [17][35]: 0
	arc #39 [35][17]: 0

cost with maximum service...
	arc #0 [0][1]: 784
	arc #1 [0][18]: 482
	arc #2 [18][0]: 482
	arc #3 [1][2]: 779
	arc #4 [19][18]: 784
	arc #5 [2][3]: 773
	arc #6 [20][19]: 779
	arc #7 [2][20]: 482
	arc #8 [20][2]: 482
	arc #9 [3][4]: 751
	arc #10 [21][20]: 773
	arc #11 [4][5]: 789
	arc #12 [22][21]: 751
	arc #13 [5][6]: 777
	arc #14 [23][22]: 789
	arc #15 [6][7]: 783
	arc #16 [24][23]: 777
	arc #17 [7][8]: 772
	arc #18 [25][24]: 783
	arc #19 [8][9]: 780
	arc #20 [26][25]: 772
	arc #21 [9][10]: 777
	arc #22 [27][26]: 780
	arc #23 [10][11]: 802
	arc #24 [28][27]: 777
	arc #25 [11][12]: 762
	arc #26 [29][28]: 802
	arc #27 [12][13]: 785
	arc #28 [30][29]: 762
	arc #29 [13][14]: 803
	arc #30 [31][30]: 785
	arc #31 [14][15]: 753
	arc #32 [32][31]: 803
	arc #33 [15][16]: 768
	arc #34 [33][32]: 753
	arc #35 [16][17]: 797
	arc #36 [34][33]: 768
	arc #37 [35][34]: 797
	arc #38 [17][35]: 482
	arc #39 [35][17]: 482

demands...
	demands of vertex 0 at time interval: 6
	demands of vertex 1 at time interval: 6
	demands of vertex 2 at time interval: 6
	demands of vertex 3 at time interval: 6
	demands of vertex 4 at time interval: 6
	demands of vertex 5 at time interval: 6
	demands of vertex 6 at time interval: 6
	demands of vertex 7 at time interval: 0
	demands of vertex 8 at time interval: 0
	demands of vertex 9 at time interval: 6
	demands of vertex 10 at time interval: 6
	demands of vertex 11 at time interval: 6
	demands of vertex 12 at time interval: 6
	demands of vertex 13 at time interval: 0
	demands of vertex 14 at time interval: 6
	demands of vertex 15 at time interval: 6
	demands of vertex 16 at time interval: 6
	demands of vertex 17 at time interval: 0
	demands of vertex 18 at time interval: 0
	demands of vertex 19 at time interval: 6
	demands of vertex 20 at time interval: 6
	demands of vertex 21 at time interval: 6
	demands of vertex 22 at time interval: 6
	demands of vertex 23 at time interval: 6
	demands of vertex 24 at time interval: 6
	demands of vertex 25 at time interval: 0
	demands of vertex 26 at time interval: 0
	demands of vertex 27 at time interval: 6
	demands of vertex 28 at time interval: 6
	demands of vertex 29 at time interval: 6
	demands of vertex 30 at time interval: 6
	demands of vertex 31 at time interval: 0
	demands of vertex 32 at time interval: 6
	demands of vertex 33 at time interval: 6
	demands of vertex 34 at time interval: 6
	demands of vertex 35 at time interval: 6

maximum time = 36523
alpha = 40

Selecting set of cyclical routes...

Selecting set of initial routes...

Creating initial set of candidate combinations...
Solving candidate combinations...

Found new best - 1/1 candidate combination(s) tested! (Thread 0)

Removing trips...

Solving candidate combinations...

1/4 candidate combination(s) tested! (Thread 0)
2/4 candidate combination(s) tested! (Thread 0)
3/4 candidate combination(s) tested! (Thread 0)
4/4 candidate combination(s) tested! (Thread 0)

Relaxing trips, so the model can make changes...

>> Printing some results...
    -> Solution value = 17834 - 04:57:14
    -> Total time = 2427.71

=============
Train 0
=============
> Trip 0
   35(time 4461 - 01:14:21)(time 4776 - 01:19:36) ->    34(time 4880 - 01:21:20)(time 5166 - 01:26:06) ->    33(time 5270 - 01:27:50)(time 5541 - 01:32:21) ->    32(time 5645 - 01:34:05)(time 5966 - 01:39:26) ->    31(time 6056 - 01:40:56)(time 6359 - 01:45:59) ->    30(time 6463 - 01:47:43)(time 6743 - 01:52:23) ->    29(time 6847 - 01:54:07)(time 7167 - 01:59:27) ->    28(time 7271 - 02:01:11)(time 7566 - 02:06:06) ->    27(time 7670 - 02:07:50)(time 7968 - 02:12:48) ->    26(time 8058 - 02:14:18)(time 8348 - 02:19:08) ->    25(time 8438 - 02:20:38)(time 8739 - 02:25:39) ->    24(time 8843 - 02:27:23)(time 9138 - 02:32:18) ->    23(time 9242 - 02:34:02)(time 9549 - 02:39:09) ->    22(time 9653 - 02:40:53)(time 9922 - 02:45:22) ->    21(time 10026 - 02:47:06)(time 10317 - 02:51:57) ->    20(time 10539 - 02:55:39)(time 10836 - 03:00:36) ->    19(time 10940 - 03:02:20)(time 11242 - 03:07:22) ->    18(time 11464 - 03:11:04)(time 11464 - 03:11:04) ->    0(time 11686 - 03:14:46)(time 11988 - 03:19:48) ->    1(time 12092 - 03:21:32)(time 12389 - 03:26:29) ->    2(time 12611 - 03:30:11)(time 12902 - 03:35:02) ->    3(time 13006 - 03:36:46)(time 13275 - 03:41:15) ->    4(time 13379 - 03:42:59)(time 13686 - 03:48:06) ->    5(time 13790 - 03:49:50)(time 14085 - 03:54:45) ->    6(time 14189 - 03:56:29)(time 14490 - 04:01:30) ->    7(time 14580 - 04:03:00)(time 14870 - 04:07:50) ->    8(time 14960 - 04:09:20)(time 15258 - 04:14:18) ->    9(time 15362 - 04:16:02)(time 15657 - 04:20:57) ->    10(time 15761 - 04:22:41)(time 16081 - 04:28:01) ->    11(time 16185 - 04:29:45)(time 16465 - 04:34:25) ->    12(time 16569 - 04:36:09)(time 16872 - 04:41:12) ->    13(time 16962 - 04:42:42)(time 17283 - 04:48:03) ->    14(time 17387 - 04:49:47)(time 17658 - 04:54:18) ->    15(time 17762 - 04:56:02)(time 18048 - 05:00:48) ->    16(time 18152 - 05:02:32)(time 18467 - 05:07:47) ->    17(time 18689 - 05:11:29)(time 18689 - 05:11:29) -> 35
> Trip 1
   35(time 22073 - 06:07:53)(time 22388 - 06:13:08) ->    34(time 22492 - 06:14:52)(time 22778 - 06:19:38) ->    33(time 22882 - 06:21:22)(time 23153 - 06:25:53) ->    32(time 23257 - 06:27:37)(time 23578 - 06:32:58) ->    31(time 23668 - 06:34:28)(time 23971 - 06:39:31) ->    30(time 24075 - 06:41:15)(time 24355 - 06:45:55) ->    29(time 24459 - 06:47:39)(time 24779 - 06:52:59) ->    28(time 24883 - 06:54:43)(time 25178 - 06:59:38) ->    27(time 25282 - 07:01:22)(time 25580 - 07:06:20) ->    26(time 25670 - 07:07:50)(time 25960 - 07:12:40) ->    25(time 26050 - 07:14:10)(time 26351 - 07:19:11) ->    24(time 26455 - 07:20:55)(time 26750 - 07:25:50) ->    23(time 26854 - 07:27:34)(time 27161 - 07:32:41) ->    22(time 27265 - 07:34:25)(time 27534 - 07:38:54) ->    21(time 27638 - 07:40:38)(time 27929 - 07:45:29) ->    20(time 28151 - 07:49:11)(time 28448 - 07:54:08) ->    19(time 28552 - 07:55:52)(time 28854 - 08:00:54) ->    18(time 29076 - 08:04:36)(time 29076 - 08:04:36) ->    0(time 29180 - 08:06:20)(time 29482 - 08:11:22) ->    1(time 29704 - 08:15:04)(time 30001 - 08:20:01) ->    2(time 30223 - 08:23:43)(time 30514 - 08:28:34) ->    3(time 30618 - 08:30:18)(time 30887 - 08:34:47) ->    4(time 30991 - 08:36:31)(time 31298 - 08:41:38) ->    5(time 31402 - 08:43:22)(time 31697 - 08:48:17) ->    6(time 31801 - 08:50:01)(time 32102 - 08:55:02) ->    7(time 32192 - 08:56:32)(time 32482 - 09:01:22) ->    8(time 32572 - 09:02:52)(time 32870 - 09:07:50) ->    9(time 32974 - 09:09:34)(time 33269 - 09:14:29) ->    10(time 33373 - 09:16:13)(time 33693 - 09:21:33) ->    11(time 33797 - 09:23:17)(time 34077 - 09:27:57) ->    12(time 34181 - 09:29:41)(time 34484 - 09:34:44) ->    13(time 34574 - 09:36:14)(time 34895 - 09:41:35) ->    14(time 34999 - 09:43:19)(time 35270 - 09:47:50) ->    15(time 35374 - 09:49:34)(time 35660 - 09:54:20) ->    16(time 35764 - 09:56:04)(time 36079 - 10:01:19) ->    17(time 36301 - 10:05:01)(time 36301 - 10:05:01) -> 35
=============
Train 1
=============
> Trip 0
   35(time 6755 - 01:52:35)(time 7070 - 01:57:50) ->    34(time 7174 - 01:59:34)(time 7460 - 02:04:20) ->    33(time 7564 - 02:06:04)(time 7835 - 02:10:35) ->    32(time 7939 - 02:12:19)(time 8260 - 02:17:40) ->    31(time 8350 - 02:19:10)(time 8653 - 02:24:13) ->    30(time 8757 - 02:25:57)(time 9037 - 02:30:37) ->    29(time 9141 - 02:32:21)(time 9461 - 02:37:41) ->    28(time 9565 - 02:39:25)(time 9860 - 02:44:20) ->    27(time 9964 - 02:46:04)(time 10262 - 02:51:02) ->    26(time 10352 - 02:52:32)(time 10642 - 02:57:22) ->    25(time 10732 - 02:58:52)(time 11033 - 03:03:53) ->    24(time 11137 - 03:05:37)(time 11432 - 03:10:32) ->    23(time 11536 - 03:12:16)(time 11843 - 03:17:23) ->    22(time 11947 - 03:19:07)(time 12216 - 03:23:36) ->    21(time 12320 - 03:25:20)(time 12611 - 03:30:11) ->    20(time 13093 - 03:38:13)(time 13390 - 03:43:10) ->    19(time 13556 - 03:45:56)(time 13858 - 03:50:58) ->    18(time 14080 - 03:54:40)(time 14080 - 03:54:40) ->    0(time 14562 - 04:02:42)(time 14864 - 04:07:44) ->    1(time 14968 - 04:09:28)(time 15265 - 04:14:25) ->    2(time 15487 - 04:18:07)(time 15778 - 04:22:58) ->    3(time 15882 - 04:24:42)(time 16151 - 04:29:11) ->    4(time 16255 - 04:30:55)(time 16562 - 04:36:02) ->    5(time 16666 - 04:37:46)(time 16961 - 04:42:41) ->    6(time 17065 - 04:44:25)(time 17366 - 04:49:26) ->    7(time 17456 - 04:50:56)(time 17746 - 04:55:46) ->    8(time 17836 - 04:57:16)(time 18134 - 05:02:14) ->    9(time 18238 - 05:03:58)(time 18533 - 05:08:53) ->    10(time 18637 - 05:10:37)(time 18957 - 05:15:57) ->    11(time 19179 - 05:19:39)(time 19459 - 05:24:19) ->    12(time 19563 - 05:26:03)(time 19866 - 05:31:06) ->    13(time 19956 - 05:32:36)(time 20277 - 05:37:57) ->    14(time 20381 - 05:39:41)(time 20652 - 05:44:12) ->    15(time 20756 - 05:45:56)(time 21042 - 05:50:42) ->    16(time 21146 - 05:52:26)(time 21461 - 05:57:41) ->    17(time 21683 - 06:01:23)(time 21683 - 06:01:23) -> 35
> Trip 1
   35(time 21813 - 06:03:33)(time 22128 - 06:08:48) ->    34(time 22232 - 06:10:32)(time 22518 - 06:15:18) ->    33(time 22622 - 06:17:02)(time 22893 - 06:21:33) ->    32(time 22997 - 06:23:17)(time 23318 - 06:28:38) ->    31(time 23408 - 06:30:08)(time 23711 - 06:35:11) ->    30(time 23815 - 06:36:55)(time 24095 - 06:41:35) ->    29(time 24199 - 06:43:19)(time 24519 - 06:48:39) ->    28(time 24623 - 06:50:23)(time 24918 - 06:55:18) ->    27(time 25022 - 06:57:02)(time 25320 - 07:02:00) ->    26(time 25410 - 07:03:30)(time 25700 - 07:08:20) ->    25(time 25790 - 07:09:50)(time 26091 - 07:14:51) ->    24(time 26195 - 07:16:35)(time 26490 - 07:21:30) ->    23(time 26594 - 07:23:14)(time 26901 - 07:28:21) ->    22(time 27043 - 07:30:43)(time 27312 - 07:35:12) ->    21(time 27416 - 07:36:56)(time 27707 - 07:41:47) ->    20(time 27929 - 07:45:29)(time 28226 - 07:50:26) ->    19(time 28330 - 07:52:10)(time 28632 - 07:57:12) ->    18(time 28854 - 08:00:54)(time 28854 - 08:00:54) ->    0(time 29076 - 08:04:36)(time 29378 - 08:09:38) ->    1(time 29482 - 08:11:22)(time 29779 - 08:16:19) ->    2(time 30001 - 08:20:01)(time 30292 - 08:24:52) ->    3(time 30396 - 08:26:36)(time 30665 - 08:31:05) ->    4(time 30769 - 08:32:49)(time 31076 - 08:37:56) ->    5(time 31180 - 08:39:40)(time 31475 - 08:44:35) ->    6(time 31579 - 08:46:19)(time 31880 - 08:51:20) ->    7(time 31970 - 08:52:50)(time 32260 - 08:57:40) ->    8(time 32350 - 08:59:10)(time 32648 - 09:04:08) ->    9(time 32752 - 09:05:52)(time 33047 - 09:10:47) ->    10(time 33151 - 09:12:31)(time 33471 - 09:17:51) ->    11(time 33575 - 09:19:35)(time 33855 - 09:24:15) ->    12(time 33959 - 09:25:59)(time 34262 - 09:31:02) ->    13(time 34352 - 09:32:32)(time 34673 - 09:37:53) ->    14(time 34777 - 09:39:37)(time 35048 - 09:44:08) ->    15(time 35152 - 09:45:52)(time 35438 - 09:50:38) ->    16(time 35542 - 09:52:22)(time 35857 - 09:57:37) ->    17(time 36079 - 10:01:19)(time 36079 - 10:01:19) -> 35
=============
Train 2
=============
> Trip 0
   35(time 7545 - 02:05:45)(time 7860 - 02:11:00) ->    34(time 7964 - 02:12:44)(time 8250 - 02:17:30) ->    33(time 8354 - 02:19:14)(time 8625 - 02:23:45) ->    32(time 8729 - 02:25:29)(time 9050 - 02:30:50) ->    31(time 9140 - 02:32:20)(time 9443 - 02:37:23) ->    30(time 9547 - 02:39:07)(time 9827 - 02:43:47) ->    29(time 9931 - 02:45:31)(time 10251 - 02:50:51) ->    28(time 10355 - 02:52:35)(time 10650 - 02:57:30) ->    27(time 10754 - 02:59:14)(time 11052 - 03:04:12) ->    26(time 11142 - 03:05:42)(time 11432 - 03:10:32) ->    25(time 11522 - 03:12:02)(time 11823 - 03:17:03) ->    24(time 11927 - 03:18:47)(time 12222 - 03:23:42) ->    23(time 12326 - 03:25:26)(time 12633 - 03:30:33) ->    22(time 12737 - 03:32:17)(time 13006 - 03:36:46) ->    21(time 13346 - 03:42:26)(time 13637 - 03:47:17) ->    20(time 13859 - 03:50:59)(time 14156 - 03:55:56) ->    19(time 14260 - 03:57:40)(time 14562 - 04:02:42) ->    18(time 14784 - 04:06:24)(time 14784 - 04:06:24) ->    0(time 14784 - 04:06:24)(time 15086 - 04:11:26) ->    1(time 15190 - 04:13:10)(time 15487 - 04:18:07) ->    2(time 15709 - 04:21:49)(time 16000 - 04:26:40) ->    3(time 16104 - 04:28:24)(time 16373 - 04:32:53) ->    4(time 16477 - 04:34:37)(time 16784 - 04:39:44) ->    5(time 16888 - 04:41:28)(time 17183 - 04:46:23) ->    6(time 17287 - 04:48:07)(time 17588 - 04:53:08) ->    7(time 17678 - 04:54:38)(time 17968 - 04:59:28) ->    8(time 18058 - 05:00:58)(time 18356 - 05:05:56) ->    9(time 18460 - 05:07:40)(time 18755 - 05:12:35) ->    10(time 18859 - 05:14:19)(time 19179 - 05:19:39) ->    11(time 19283 - 05:21:23)(time 19563 - 05:26:03) ->    12(time 19667 - 05:27:47)(time 19970 - 05:32:50) ->    13(time 20060 - 05:34:20)(time 20381 - 05:39:41) ->    14(time 20733 - 05:45:33)(time 21004 - 05:50:04) ->    15(time 21108 - 05:51:48)(time 21394 - 05:56:34) ->    16(time 21498 - 05:58:18)(time 21813 - 06:03:33) ->    17(time 22295 - 06:11:35)(time 22295 - 06:11:35) -> 35
> Trip 1
   35(time 22295 - 06:11:35)(time 22610 - 06:16:50) ->    34(time 22714 - 06:18:34)(time 23000 - 06:23:20) ->    33(time 23104 - 06:25:04)(time 23375 - 06:29:35) ->    32(time 23479 - 06:31:19)(time 23800 - 06:36:40) ->    31(time 23890 - 06:38:10)(time 24193 - 06:43:13) ->    30(time 24297 - 06:44:57)(time 24577 - 06:49:37) ->    29(time 24681 - 06:51:21)(time 25001 - 06:56:41) ->    28(time 25105 - 06:58:25)(time 25400 - 07:03:20) ->    27(time 25504 - 07:05:04)(time 25802 - 07:10:02) ->    26(time 25892 - 07:11:32)(time 26182 - 07:16:22) ->    25(time 26272 - 07:17:52)(time 26573 - 07:22:53) ->    24(time 26677 - 07:24:37)(time 26972 - 07:29:32) ->    23(time 27076 - 07:31:16)(time 27383 - 07:36:23) ->    22(time 27487 - 07:38:07)(time 27756 - 07:42:36) ->    21(time 27860 - 07:44:20)(time 28151 - 07:49:11) ->    20(time 28373 - 07:52:53)(time 28670 - 07:57:50) ->    19(time 28774 - 07:59:34)(time 29076 - 08:04:36) ->    18(time 29298 - 08:08:18)(time 29298 - 08:08:18) ->    0(time 29520 - 08:12:00)(time 29822 - 08:17:02) ->    1(time 29926 - 08:18:46)(time 30223 - 08:23:43) ->    2(time 30445 - 08:27:25)(time 30736 - 08:32:16) ->    3(time 30840 - 08:34:00)(time 31109 - 08:38:29) ->    4(time 31213 - 08:40:13)(time 31520 - 08:45:20) ->    5(time 31624 - 08:47:04)(time 31919 - 08:51:59) ->    6(time 32023 - 08:53:43)(time 32324 - 08:58:44) ->    7(time 32414 - 09:00:14)(time 32704 - 09:05:04) ->    8(time 32794 - 09:06:34)(time 33092 - 09:11:32) ->    9(time 33196 - 09:13:16)(time 33491 - 09:18:11) ->    10(time 33595 - 09:19:55)(time 33915 - 09:25:15) ->    11(time 34019 - 09:26:59)(time 34299 - 09:31:39) ->    12(time 34403 - 09:33:23)(time 34706 - 09:38:26) ->    13(time 34796 - 09:39:56)(time 35117 - 09:45:17) ->    14(time 35221 - 09:47:01)(time 35492 - 09:51:32) ->    15(time 35596 - 09:53:16)(time 35882 - 09:58:02) ->    16(time 35986 - 09:59:46)(time 36301 - 10:05:01) ->    17(time 36523 - 10:08:43)(time 36523 - 10:08:43) -> 35
=============
Train 3
=============
> Trip 0
   35(time 4905 - 01:21:45)(time 5220 - 01:27:00) ->    34(time 5324 - 01:28:44)(time 5610 - 01:33:30) ->    33(time 5714 - 01:35:14)(time 5985 - 01:39:45) ->    32(time 6089 - 01:41:29)(time 6410 - 01:46:50) ->    31(time 6500 - 01:48:20)(time 6803 - 01:53:23) ->    30(time 6907 - 01:55:07)(time 7187 - 01:59:47) ->    29(time 7291 - 02:01:31)(time 7611 - 02:06:51) ->    28(time 7715 - 02:08:35)(time 8010 - 02:13:30) ->    27(time 8114 - 02:15:14)(time 8412 - 02:20:12) ->    26(time 8502 - 02:21:42)(time 8792 - 02:26:32) ->    25(time 8882 - 02:28:02)(time 9183 - 02:33:03) ->    24(time 9287 - 02:34:47)(time 9582 - 02:39:42) ->    23(time 9686 - 02:41:26)(time 9993 - 02:46:33) ->    22(time 10097 - 02:48:17)(time 10366 - 02:52:46) ->    21(time 10470 - 02:54:30)(time 10761 - 02:59:21) ->    20(time 10983 - 03:03:03)(time 11280 - 03:08:00) ->    19(time 11384 - 03:09:44)(time 11686 - 03:14:46) ->    18(time 12012 - 03:20:12)(time 12012 - 03:20:12) ->    0(time 12012 - 03:20:12)(time 12314 - 03:25:14) ->    1(time 12536 - 03:28:56)(time 12833 - 03:33:53) ->    2(time 13055 - 03:37:35)(time 13346 - 03:42:26) ->    3(time 13450 - 03:44:10)(time 13719 - 03:48:39) ->    4(time 13823 - 03:50:23)(time 14130 - 03:55:30) ->    5(time 14234 - 03:57:14)(time 14529 - 04:02:09) ->    6(time 14633 - 04:03:53)(time 14934 - 04:08:54) ->    7(time 15024 - 04:10:24)(time 15314 - 04:15:14) ->    8(time 15404 - 04:16:44)(time 15702 - 04:21:42) ->    9(time 15806 - 04:23:26)(time 16101 - 04:28:21) ->    10(time 16205 - 04:30:05)(time 16525 - 04:35:25) ->    11(time 16629 - 04:37:09)(time 16909 - 04:41:49) ->    12(time 17013 - 04:43:33)(time 17316 - 04:48:36) ->    13(time 17406 - 04:50:06)(time 17727 - 04:55:27) ->    14(time 17831 - 04:57:11)(time 18102 - 05:01:42) ->    15(time 18206 - 05:03:26)(time 18492 - 05:08:12) ->    16(time 18596 - 05:09:56)(time 18911 - 05:15:11) ->    17(time 19133 - 05:18:53)(time 19133 - 05:18:53) -> 35
> Trip 1
   35(time 19133 - 05:18:53)(time 19448 - 05:24:08) ->    34(time 19552 - 05:25:52)(time 19838 - 05:30:38) ->    33(time 19942 - 05:32:22)(time 20213 - 05:36:53) ->    32(time 20381 - 05:39:41)(time 20702 - 05:45:02) ->    31(time 20792 - 05:46:32)(time 21095 - 05:51:35) ->    30(time 21199 - 05:53:19)(time 21479 - 05:57:59) ->    29(time 21583 - 05:59:43)(time 21903 - 06:05:03) ->    28(time 22007 - 06:06:47)(time 22302 - 06:11:42) ->    27(time 22406 - 06:13:26)(time 22704 - 06:18:24) ->    26(time 22794 - 06:19:54)(time 23084 - 06:24:44) ->    25(time 23174 - 06:26:14)(time 23475 - 06:31:15) ->    24(time 23579 - 06:32:59)(time 23874 - 06:37:54) ->    23(time 23978 - 06:39:38)(time 24285 - 06:44:45) ->    22(time 24389 - 06:46:29)(time 24658 - 06:50:58) ->    21(time 24762 - 06:52:42)(time 25053 - 06:57:33) ->    20(time 25275 - 07:01:15)(time 25572 - 07:06:12) ->    19(time 25676 - 07:07:56)(time 25978 - 07:12:58) ->    18(time 26200 - 07:16:40)(time 26200 - 07:16:40) ->    0(time 26200 - 07:16:40)(time 26502 - 07:21:42) ->    1(time 26606 - 07:23:26)(time 26903 - 07:28:23) ->    2(time 27125 - 07:32:05)(time 27416 - 07:36:56) ->    3(time 27756 - 07:42:36)(time 28025 - 07:47:05) ->    4(time 28129 - 07:48:49)(time 28436 - 07:53:56) ->    5(time 28540 - 07:55:40)(time 28835 - 08:00:35) ->    6(time 28939 - 08:02:19)(time 29240 - 08:07:20) ->    7(time 29330 - 08:08:50)(time 29620 - 08:13:40) ->    8(time 29710 - 08:15:10)(time 30008 - 08:20:08) ->    9(time 30112 - 08:21:52)(time 30407 - 08:26:47) ->    10(time 30511 - 08:28:31)(time 30831 - 08:33:51) ->    11(time 30935 - 08:35:35)(time 31215 - 08:40:15) ->    12(time 31319 - 08:41:59)(time 31622 - 08:47:02) ->    13(time 31712 - 08:48:32)(time 32033 - 08:53:53) ->    14(time 32137 - 08:55:37)(time 32408 - 09:00:08) ->    15(time 32512 - 09:01:52)(time 32798 - 09:06:38) ->    16(time 32902 - 09:08:22)(time 33217 - 09:13:37) ->    17(time 33439 - 09:17:19)(time 33439 - 09:17:19) -> 35
=============
Train 4
=============
> Trip 0
   35(time 4565 - 01:16:05)(time 4880 - 01:21:20) ->    34(time 4984 - 01:23:04)(time 5270 - 01:27:50) ->    33(time 5374 - 01:29:34)(time 5645 - 01:34:05) ->    32(time 5749 - 01:35:49)(time 6070 - 01:41:10) ->    31(time 6278 - 01:44:38)(time 6581 - 01:49:41) ->    30(time 6685 - 01:51:25)(time 6965 - 01:56:05) ->    29(time 7069 - 01:57:49)(time 7389 - 02:03:09) ->    28(time 7493 - 02:04:53)(time 7788 - 02:09:48) ->    27(time 7892 - 02:11:32)(time 8190 - 02:16:30) ->    26(time 8280 - 02:18:00)(time 8570 - 02:22:50) ->    25(time 8660 - 02:24:20)(time 8961 - 02:29:21) ->    24(time 9065 - 02:31:05)(time 9360 - 02:36:00) ->    23(time 9464 - 02:37:44)(time 9771 - 02:42:51) ->    22(time 9875 - 02:44:35)(time 10144 - 02:49:04) ->    21(time 10248 - 02:50:48)(time 10539 - 02:55:39) ->    20(time 10761 - 02:59:21)(time 11058 - 03:04:18) ->    19(time 11162 - 03:06:02)(time 11464 - 03:11:04) ->    18(time 11686 - 03:14:46)(time 11686 - 03:14:46) ->    0(time 11908 - 03:18:28)(time 12210 - 03:23:30) ->    1(time 12314 - 03:25:14)(time 12611 - 03:30:11) ->    2(time 12833 - 03:33:53)(time 13124 - 03:38:44) ->    3(time 13228 - 03:40:28)(time 13497 - 03:44:57) ->    4(time 13601 - 03:46:41)(time 13908 - 03:51:48) ->    5(time 14012 - 03:53:32)(time 14307 - 03:58:27) ->    6(time 14411 - 04:00:11)(time 14712 - 04:05:12) ->    7(time 14802 - 04:06:42)(time 15092 - 04:11:32) ->    8(time 15182 - 04:13:02)(time 15480 - 04:18:00) ->    9(time 15584 - 04:19:44)(time 15879 - 04:24:39) ->    10(time 15983 - 04:26:23)(time 16303 - 04:31:43) ->    11(time 16407 - 04:33:27)(time 16687 - 04:38:07) ->    12(time 16791 - 04:39:51)(time 17094 - 04:44:54) ->    13(time 17184 - 04:46:24)(time 17505 - 04:51:45) ->    14(time 17609 - 04:53:29)(time 17880 - 04:58:00) ->    15(time 17984 - 04:59:44)(time 18270 - 05:04:30) ->    16(time 18374 - 05:06:14)(time 18689 - 05:11:29) ->    17(time 18911 - 05:15:11)(time 18911 - 05:15:11) -> 35
> Trip 1
   35(time 19237 - 05:20:37)(time 19552 - 05:25:52) ->    34(time 19656 - 05:27:36)(time 19942 - 05:32:22) ->    33(time 20110 - 05:35:10)(time 20381 - 05:39:41) ->    32(time 20485 - 05:41:25)(time 20806 - 05:46:46) ->    31(time 20896 - 05:48:16)(time 21199 - 05:53:19) ->    30(time 21303 - 05:55:03)(time 21583 - 05:59:43) ->    29(time 21805 - 06:03:25)(time 22125 - 06:08:45) ->    28(time 22229 - 06:10:29)(time 22524 - 06:15:24) ->    27(time 22628 - 06:17:08)(time 22926 - 06:22:06) ->    26(time 23016 - 06:23:36)(time 23306 - 06:28:26) ->    25(time 23396 - 06:29:56)(time 23697 - 06:34:57) ->    24(time 23801 - 06:36:41)(time 24096 - 06:41:36) ->    23(time 24200 - 06:43:20)(time 24507 - 06:48:27) ->    22(time 24611 - 06:50:11)(time 24880 - 06:54:40) ->    21(time 24984 - 06:56:24)(time 25275 - 07:01:15) ->    20(time 25497 - 07:04:57)(time 25794 - 07:09:54) ->    19(time 25898 - 07:11:38)(time 26200 - 07:16:40) ->    18(time 26682 - 07:24:42)(time 26682 - 07:24:42) ->    0(time 27164 - 07:32:44)(time 27466 - 07:37:46) ->    1(time 27632 - 07:40:32)(time 27929 - 07:45:29) ->    2(time 28151 - 07:49:11)(time 28442 - 07:54:02) ->    3(time 28546 - 07:55:46)(time 28815 - 08:00:15) ->    4(time 28919 - 08:01:59)(time 29226 - 08:07:06) ->    5(time 29330 - 08:08:50)(time 29625 - 08:13:45) ->    6(time 29729 - 08:15:29)(time 30030 - 08:20:30) ->    7(time 30120 - 08:22:00)(time 30410 - 08:26:50) ->    8(time 30500 - 08:28:20)(time 30798 - 08:33:18) ->    9(time 31280 - 08:41:20)(time 31575 - 08:46:15) ->    10(time 31679 - 08:47:59)(time 31999 - 08:53:19) ->    11(time 32103 - 08:55:03)(time 32383 - 08:59:43) ->    12(time 32487 - 09:01:27)(time 32790 - 09:06:30) ->    13(time 33272 - 09:14:32)(time 33593 - 09:19:53) ->    14(time 33697 - 09:21:37)(time 33968 - 09:26:08) ->    15(time 34450 - 09:34:10)(time 34736 - 09:38:56) ->    16(time 34840 - 09:40:40)(time 35155 - 09:45:55) ->    17(time 35377 - 09:49:37)(time 35377 - 09:49:37) -> 35
