t5p15r2h2.txt:
   > Trying to open the instance file...
   > Reading number of trains...
   > Reading maximum number of trips per train...
   > Reading time intervals...
   > Reading number of points...
   > Reading stations...
   > Reading crossings...
   > Reading depots...
   > Reading initial point...
   > Reading routes...
   > Reading distance and distance and service...
   > Reading demands...
   > Reading maximum time...
   > Reading alpha...

--------------------------------
 Printing instance
--------------------------------
number of trains = 5
	max trips per trains: 2     2     2     2     2
number of intervals = 2
	(0,  21776)	(21777,  43553)
number of points = 15
	initial point: 0
	stations: 0     1     2     3     4     5     6     7     8     9    10    11    12    13    14
	crossings: 0     5     6    10    14
	depots: 0    14
number of vertices = 30
	total vertices: 0     1     2     3     4     5     6     7     8     9    10    11    12    13    14    15    16    17    18    19    20    21    22    23    24    25    26    27    28    29
	upper vertices: 0     1     2     3     4     5     6     7     8     9    10    11    12    13    14
	lower vertices: 15    16    17    18    19    20    21    22    23    24    25    26    27    28    29
	vertices of point #0: (0, 15)
	vertices of point #1: (1, 16)
	vertices of point #2: (2, 17)
	vertices of point #3: (3, 18)
	vertices of point #4: (4, 19)
	vertices of point #5: (5, 20)
	vertices of point #6: (6, 21)
	vertices of point #7: (7, 22)
	vertices of point #8: (8, 23)
	vertices of point #9: (9, 24)
	vertices of point #10: (10, 25)
	vertices of point #11: (11, 26)
	vertices of point #12: (12, 27)
	vertices of point #13: (13, 28)
	vertices of point #14: (14, 29)

arcs...
	total arcs: 
		arc #0: (0, 1)
		arc #1: (0, 15)
		arc #2: (15, 0)
		arc #3: (1, 2)
		arc #4: (16, 15)
		arc #5: (2, 3)
		arc #6: (17, 16)
		arc #7: (3, 4)
		arc #8: (18, 17)
		arc #9: (4, 5)
		arc #10: (19, 18)
		arc #11: (5, 6)
		arc #12: (20, 19)
		arc #13: (6, 7)
		arc #14: (21, 20)
		arc #15: (7, 8)
		arc #16: (22, 21)
		arc #17: (8, 9)
		arc #18: (23, 22)
		arc #19: (9, 10)
		arc #20: (24, 23)
		arc #21: (10, 11)
		arc #22: (25, 24)
		arc #23: (11, 12)
		arc #24: (26, 25)
		arc #25: (12, 13)
		arc #26: (27, 26)
		arc #27: (13, 14)
		arc #28: (28, 27)
		arc #29: (29, 28)
		arc #30: (14, 29)
		arc #31: (29, 14)

	reverse arcs: 
		arc #1: (0, 15)
		arc #2: (15, 0)
		arc #30: (14, 29)
		arc #31: (29, 14)


incompatible points...
	(0, 4, 20, (4, 5))	(20, 16, 0, (16, 15))	(5, 5, 21, (5, 6))	(21, 21, 5, (21, 20))	(6, 9, 25, (9, 10))	(25, 22, 6, (22, 21))	(10, 13, 29, (13, 14))	(29, 26, 10, (26, 25))

number of routes = 2
vertices of routes...
	route #0: 0     1     2     3     4     5     6     7     8     9    10    11    12    13    14    29    28    27    26    25    24    23    22    21    20    19    18    17    16    15     0
	route #1: 29    28    27    26    25    24    23    22    21    20    19    18    17    16    15     0     1     2     3     4     5     6     7     8     9    10    11    12    13    14    29
arcs of routes...
	route #0: 0     3     5     7     9    11    13    15    17    19    21    23    25    27    30    29    28    26    24    22    20    18    16    14    12    10     8     6     4     2
	route #1: 29    28    26    24    22    20    18    16    14    12    10     8     6     4     2     0     3     5     7     9    11    13    15    17    19    21    23    25    27    30

incompatible routes...
	(0, 1)    	(1, 0)

vertices that can be adjacent in consecutive trips...
	(0, 0)    	(29, 29)
non cyclical routes: 


routes of trip...
	routes that train #0 can complete at trip #0: 0
	routes that train #0 can complete at trip #1: 0       1

	routes that train #1 can complete at trip #0: 0
	routes that train #1 can complete at trip #1: 0       1

	routes that train #2 can complete at trip #0: 0
	routes that train #2 can complete at trip #1: 0       1

	routes that train #3 can complete at trip #0: 0
	routes that train #3 can complete at trip #1: 0       1

	routes that train #4 can complete at trip #0: 0
	routes that train #4 can complete at trip #1: 0       1

 cost...
	arc #0 [0][1]: 444
	arc #1 [0][15]: 0
	arc #2 [15][0]: 0
	arc #3 [1][2]: 459
	arc #4 [16][15]: 444
	arc #5 [2][3]: 388
	arc #6 [17][16]: 459
	arc #7 [3][4]: 440
	arc #8 [18][17]: 388
	arc #9 [4][5]: 416
	arc #10 [19][18]: 440
	arc #11 [5][6]: 405
	arc #12 [20][19]: 416
	arc #13 [6][7]: 446
	arc #14 [21][20]: 405
	arc #15 [7][8]: 397
	arc #16 [22][21]: 446
	arc #17 [8][9]: 431
	arc #18 [23][22]: 397
	arc #19 [9][10]: 456
	arc #20 [24][23]: 431
	arc #21 [10][11]: 450
	arc #22 [25][24]: 456
	arc #23 [11][12]: 446
	arc #24 [26][25]: 450
	arc #25 [12][13]: 424
	arc #26 [27][26]: 446
	arc #27 [13][14]: 403
	arc #28 [28][27]: 424
	arc #29 [29][28]: 403
	arc #30 [14][29]: 0
	arc #31 [29][14]: 0

cost with minimum service...
	arc #0 [0][1]: 508
	arc #1 [0][15]: 0
	arc #2 [15][0]: 0
	arc #3 [1][2]: 523
	arc #4 [16][15]: 741
	arc #5 [2][3]: 452
	arc #6 [17][16]: 523
	arc #7 [3][4]: 504
	arc #8 [18][17]: 452
	arc #9 [4][5]: 480
	arc #10 [19][18]: 504
	arc #11 [5][6]: 469
	arc #12 [20][19]: 480
	arc #13 [6][7]: 510
	arc #14 [21][20]: 469
	arc #15 [7][8]: 461
	arc #16 [22][21]: 510
	arc #17 [8][9]: 495
	arc #18 [23][22]: 461
	arc #19 [9][10]: 520
	arc #20 [24][23]: 495
	arc #21 [10][11]: 514
	arc #22 [25][24]: 520
	arc #23 [11][12]: 510
	arc #24 [26][25]: 514
	arc #25 [12][13]: 488
	arc #26 [27][26]: 510
	arc #27 [13][14]: 700
	arc #28 [28][27]: 488
	arc #29 [29][28]: 467
	arc #30 [14][29]: 0
	arc #31 [29][14]: 0

cost with maximum service...
	arc #0 [0][1]: 967
	arc #1 [0][15]: 523
	arc #2 [15][0]: 523
	arc #3 [1][2]: 982
	arc #4 [16][15]: 967
	arc #5 [2][3]: 911
	arc #6 [17][16]: 982
	arc #7 [3][4]: 963
	arc #8 [18][17]: 911
	arc #9 [4][5]: 939
	arc #10 [19][18]: 963
	arc #11 [5][6]: 928
	arc #12 [20][19]: 939
	arc #13 [6][7]: 969
	arc #14 [21][20]: 928
	arc #15 [7][8]: 920
	arc #16 [22][21]: 969
	arc #17 [8][9]: 954
	arc #18 [23][22]: 920
	arc #19 [9][10]: 979
	arc #20 [24][23]: 954
	arc #21 [10][11]: 973
	arc #22 [25][24]: 979
	arc #23 [11][12]: 969
	arc #24 [26][25]: 973
	arc #25 [12][13]: 947
	arc #26 [27][26]: 969
	arc #27 [13][14]: 926
	arc #28 [28][27]: 947
	arc #29 [29][28]: 926
	arc #30 [14][29]: 523
	arc #31 [29][14]: 523

demands...
	demands of vertex 0 at time interval: 3     3
	demands of vertex 1 at time interval: 3     3
	demands of vertex 2 at time interval: 3     3
	demands of vertex 3 at time interval: 3     3
	demands of vertex 4 at time interval: 3     3
	demands of vertex 5 at time interval: 3     3
	demands of vertex 6 at time interval: 3     3
	demands of vertex 7 at time interval: 3     3
	demands of vertex 8 at time interval: 3     3
	demands of vertex 9 at time interval: 3     3
	demands of vertex 10 at time interval: 3     3
	demands of vertex 11 at time interval: 3     3
	demands of vertex 12 at time interval: 3     3
	demands of vertex 13 at time interval: 3     3
	demands of vertex 14 at time interval: 0     0
	demands of vertex 15 at time interval: 0     0
	demands of vertex 16 at time interval: 3     3
	demands of vertex 17 at time interval: 3     3
	demands of vertex 18 at time interval: 3     3
	demands of vertex 19 at time interval: 3     3
	demands of vertex 20 at time interval: 3     3
	demands of vertex 21 at time interval: 3     3
	demands of vertex 22 at time interval: 3     3
	demands of vertex 23 at time interval: 3     3
	demands of vertex 24 at time interval: 3     3
	demands of vertex 25 at time interval: 3     3
	demands of vertex 26 at time interval: 3     3
	demands of vertex 27 at time interval: 3     3
	demands of vertex 28 at time interval: 3     3
	demands of vertex 29 at time interval: 3     3

maximum time = 43553
alpha = 54
Starting to test combinations... - Total number of combinations = 32
Found new best - 1/32
10% done - 4/32 combination(s) tested! (Thread 0)
20% done - 8/32 combination(s) tested! (Thread 0)
30% done - 12/32 combination(s) tested! (Thread 0)
40% done - 16/32 combination(s) tested! (Thread 0)
50% done - 20/32 combination(s) tested! (Thread 0)
60% done - 24/32 combination(s) tested! (Thread 0)
70% done - 28/32 combination(s) tested! (Thread 0)
80% done - 32/32 combination(s) tested! (Thread 0)
	Cannot prove optimality!

>> Printing some results...
    -> Solution value = 24939 - 06:55:39
    -> Total time = 3615.71

=============
Train 0
=============
> Trip 0
   0(time 3241 - 00:54:01)(time 3685 - 01:01:25) ->    1(time 3749 - 01:02:29)(time 4208 - 01:10:08) ->    2(time 4272 - 01:11:12)(time 4660 - 01:17:40) ->    3(time 4724 - 01:18:44)(time 5164 - 01:26:04) ->    4(time 5228 - 01:27:08)(time 5644 - 01:34:04) ->    5(time 5708 - 01:35:08)(time 6113 - 01:41:53) ->    6(time 6177 - 01:42:57)(time 6623 - 01:50:23) ->    7(time 6687 - 01:51:27)(time 7084 - 01:58:04) ->    8(time 7148 - 01:59:08)(time 7579 - 02:06:19) ->    9(time 7643 - 02:07:23)(time 8099 - 02:14:59) ->    10(time 8163 - 02:16:03)(time 8613 - 02:23:33) ->    11(time 8677 - 02:24:37)(time 9123 - 02:32:03) ->    12(time 9187 - 02:33:07)(time 9611 - 02:40:11) ->    13(time 9675 - 02:41:15)(time 10078 - 02:47:58) ->    14(time 10375 - 02:52:55)(time 10375 - 02:52:55) ->    29(time 10672 - 02:57:52)(time 11075 - 03:04:35) ->    28(time 11139 - 03:05:39)(time 11563 - 03:12:43) ->    27(time 11627 - 03:13:47)(time 12073 - 03:21:13) ->    26(time 12137 - 03:22:17)(time 12587 - 03:29:47) ->    25(time 12651 - 03:30:51)(time 13107 - 03:38:27) ->    24(time 13171 - 03:39:31)(time 13602 - 03:46:42) ->    23(time 13666 - 03:47:46)(time 14063 - 03:54:23) ->    22(time 14127 - 03:55:27)(time 14573 - 04:02:53) ->    21(time 14637 - 04:03:57)(time 15042 - 04:10:42) ->    20(time 15106 - 04:11:46)(time 15522 - 04:18:42) ->    19(time 15586 - 04:19:46)(time 16026 - 04:27:06) ->    18(time 16090 - 04:28:10)(time 16478 - 04:34:38) ->    17(time 16542 - 04:35:42)(time 17001 - 04:43:21) ->    16(time 17065 - 04:44:25)(time 17509 - 04:51:49) ->    15(time 17806 - 04:56:46)(time 17806 - 04:56:46) -> 0
> Trip 1
   0(time 17806 - 04:56:46)(time 18250 - 05:04:10) ->    1(time 18314 - 05:05:14)(time 18773 - 05:12:53) ->    2(time 18837 - 05:13:57)(time 19225 - 05:20:25) ->    3(time 19289 - 05:21:29)(time 19729 - 05:28:49) ->    4(time 19793 - 05:29:53)(time 20209 - 05:36:49) ->    5(time 20273 - 05:37:53)(time 20678 - 05:44:38) ->    6(time 20742 - 05:45:42)(time 21188 - 05:53:08) ->    7(time 21252 - 05:54:12)(time 21649 - 06:00:49) ->    8(time 21713 - 06:01:53)(time 22144 - 06:09:04) ->    9(time 22208 - 06:10:08)(time 22664 - 06:17:44) ->    10(time 22728 - 06:18:48)(time 23178 - 06:26:18) ->    11(time 23242 - 06:27:22)(time 23688 - 06:34:48) ->    12(time 23752 - 06:35:52)(time 24176 - 06:42:56) ->    13(time 24240 - 06:44:00)(time 24643 - 06:50:43) ->    14(time 24940 - 06:55:40)(time 24940 - 06:55:40) ->    29(time 24940 - 06:55:40)(time 25343 - 07:02:23) ->    28(time 25407 - 07:03:27)(time 25831 - 07:10:31) ->    27(time 25895 - 07:11:35)(time 26341 - 07:19:01) ->    26(time 26638 - 07:23:58)(time 27088 - 07:31:28) ->    25(time 27611 - 07:40:11)(time 28067 - 07:47:47) ->    24(time 28131 - 07:48:51)(time 28562 - 07:56:02) ->    23(time 28626 - 07:57:06)(time 29023 - 08:03:43) ->    22(time 29087 - 08:04:47)(time 29533 - 08:12:13) ->    21(time 29597 - 08:13:17)(time 30002 - 08:20:02) ->    20(time 30286 - 08:24:46)(time 30702 - 08:31:42) ->    19(time 30766 - 08:32:46)(time 31206 - 08:40:06) ->    18(time 31270 - 08:41:10)(time 31658 - 08:47:38) ->    17(time 31722 - 08:48:42)(time 32181 - 08:56:21) ->    16(time 32704 - 09:05:04)(time 33148 - 09:12:28) ->    15(time 33445 - 09:17:25)(time 33445 - 09:17:25) -> 0
=============
Train 1
=============
> Trip 0
   0(time 12406 - 03:26:46)(time 12850 - 03:34:10) ->    1(time 12914 - 03:35:14)(time 13373 - 03:42:53) ->    2(time 13437 - 03:43:57)(time 13825 - 03:50:25) ->    3(time 13889 - 03:51:29)(time 14329 - 03:58:49) ->    4(time 14393 - 03:59:53)(time 14809 - 04:06:49) ->    5(time 15332 - 04:15:32)(time 15737 - 04:22:17) ->    6(time 15896 - 04:24:56)(time 16342 - 04:32:22) ->    7(time 16406 - 04:33:26)(time 16803 - 04:40:03) ->    8(time 16867 - 04:41:07)(time 17298 - 04:48:18) ->    9(time 17362 - 04:49:22)(time 17818 - 04:56:58) ->    10(time 18099 - 05:01:39)(time 18549 - 05:09:09) ->    11(time 18613 - 05:10:13)(time 19059 - 05:17:39) ->    12(time 19123 - 05:18:43)(time 19547 - 05:25:47) ->    13(time 19611 - 05:26:51)(time 20014 - 05:33:34) ->    14(time 20311 - 05:38:31)(time 20311 - 05:38:31) ->    29(time 20311 - 05:38:31)(time 20714 - 05:45:14) ->    28(time 20778 - 05:46:18)(time 21202 - 05:53:22) ->    27(time 21266 - 05:54:26)(time 21712 - 06:01:52) ->    26(time 21776 - 06:02:56)(time 22226 - 06:10:26) ->    25(time 22728 - 06:18:48)(time 23184 - 06:26:24) ->    24(time 23248 - 06:27:28)(time 23679 - 06:34:39) ->    23(time 23743 - 06:35:43)(time 24140 - 06:42:20) ->    22(time 24204 - 06:43:24)(time 24650 - 06:50:50) ->    21(time 24714 - 06:51:54)(time 25119 - 06:58:39) ->    20(time 25183 - 06:59:43)(time 25599 - 07:06:39) ->    19(time 25663 - 07:07:43)(time 26103 - 07:15:03) ->    18(time 26167 - 07:16:07)(time 26555 - 07:22:35) ->    17(time 26619 - 07:23:39)(time 27078 - 07:31:18) ->    16(time 27142 - 07:32:22)(time 27586 - 07:39:46) ->    15(time 27883 - 07:44:43)(time 27883 - 07:44:43) -> 0
> Trip 1
   0(time 27883 - 07:44:43)(time 28327 - 07:52:07) ->    1(time 28391 - 07:53:11)(time 28850 - 08:00:50) ->    2(time 28914 - 08:01:54)(time 29302 - 08:08:22) ->    3(time 29366 - 08:09:26)(time 29806 - 08:16:46) ->    4(time 29870 - 08:17:50)(time 30286 - 08:24:46) ->    5(time 30350 - 08:25:50)(time 30755 - 08:32:35) ->    6(time 30819 - 08:33:39)(time 31265 - 08:41:05) ->    7(time 31329 - 08:42:09)(time 31726 - 08:48:46) ->    8(time 31790 - 08:49:50)(time 32221 - 08:57:01) ->    9(time 32285 - 08:58:05)(time 32741 - 09:05:41) ->    10(time 32805 - 09:06:45)(time 33255 - 09:14:15) ->    11(time 33319 - 09:15:19)(time 33765 - 09:22:45) ->    12(time 33829 - 09:23:49)(time 34253 - 09:30:53) ->    13(time 34317 - 09:31:57)(time 34720 - 09:38:40) ->    14(time 35017 - 09:43:37)(time 35017 - 09:43:37) ->    29(time 35017 - 09:43:37)(time 35420 - 09:50:20) ->    28(time 35484 - 09:51:24)(time 35908 - 09:58:28) ->    27(time 35972 - 09:59:32)(time 36418 - 10:06:58) ->    26(time 36482 - 10:08:02)(time 36932 - 10:15:32) ->    25(time 36996 - 10:16:36)(time 37452 - 10:24:12) ->    24(time 37516 - 10:25:16)(time 37947 - 10:32:27) ->    23(time 38011 - 10:33:31)(time 38408 - 10:40:08) ->    22(time 38472 - 10:41:12)(time 38918 - 10:48:38) ->    21(time 38982 - 10:49:42)(time 39387 - 10:56:27) ->    20(time 39451 - 10:57:31)(time 39867 - 11:04:27) ->    19(time 39931 - 11:05:31)(time 40371 - 11:12:51) ->    18(time 40435 - 11:13:55)(time 40823 - 11:20:23) ->    17(time 40887 - 11:21:27)(time 41346 - 11:29:06) ->    16(time 41410 - 11:30:10)(time 41854 - 11:37:34) ->    15(time 42151 - 11:42:31)(time 42151 - 11:42:31) -> 0
=============
Train 2
=============
> Trip 0
   0(time 3305 - 00:55:05)(time 3749 - 01:02:29) ->    1(time 3813 - 01:03:33)(time 4272 - 01:11:12) ->    2(time 4336 - 01:12:16)(time 4724 - 01:18:44) ->    3(time 4788 - 01:19:48)(time 5228 - 01:27:08) ->    4(time 5292 - 01:28:12)(time 5708 - 01:35:08) ->    5(time 5772 - 01:36:12)(time 6177 - 01:42:57) ->    6(time 6241 - 01:44:01)(time 6687 - 01:51:27) ->    7(time 6751 - 01:52:31)(time 7148 - 01:59:08) ->    8(time 7212 - 02:00:12)(time 7643 - 02:07:23) ->    9(time 7940 - 02:12:20)(time 8396 - 02:19:56) ->    10(time 8460 - 02:21:00)(time 8910 - 02:28:30) ->    11(time 8974 - 02:29:34)(time 9420 - 02:37:00) ->    12(time 9484 - 02:38:04)(time 9908 - 02:45:08) ->    13(time 9972 - 02:46:12)(time 10375 - 02:52:55) ->    14(time 10898 - 03:01:38)(time 10898 - 03:01:38) ->    29(time 10898 - 03:01:38)(time 11301 - 03:08:21) ->    28(time 11365 - 03:09:25)(time 11789 - 03:16:29) ->    27(time 11853 - 03:17:33)(time 12299 - 03:24:59) ->    26(time 12363 - 03:26:03)(time 12813 - 03:33:33) ->    25(time 12877 - 03:34:37)(time 13333 - 03:42:13) ->    24(time 13397 - 03:43:17)(time 13828 - 03:50:28) ->    23(time 13892 - 03:51:32)(time 14289 - 03:58:09) ->    22(time 14353 - 03:59:13)(time 14799 - 04:06:39) ->    21(time 14863 - 04:07:43)(time 15268 - 04:14:28) ->    20(time 15332 - 04:15:32)(time 15748 - 04:22:28) ->    19(time 15812 - 04:23:32)(time 16252 - 04:30:52) ->    18(time 16316 - 04:31:56)(time 16704 - 04:38:24) ->    17(time 16768 - 04:39:28)(time 17227 - 04:47:07) ->    16(time 17362 - 04:49:22)(time 17806 - 04:56:46) ->    15(time 18103 - 05:01:43)(time 18103 - 05:01:43) -> 0
> Trip 1
   0(time 22753 - 06:19:13)(time 23197 - 06:26:37) ->    1(time 23261 - 06:27:41)(time 23720 - 06:35:20) ->    2(time 23784 - 06:36:24)(time 24172 - 06:42:52) ->    3(time 24236 - 06:43:56)(time 24676 - 06:51:16) ->    4(time 24740 - 06:52:20)(time 25156 - 06:59:16) ->    5(time 25220 - 07:00:20)(time 25625 - 07:07:05) ->    6(time 25689 - 07:08:09)(time 26135 - 07:15:35) ->    7(time 26199 - 07:16:39)(time 26596 - 07:23:16) ->    8(time 26660 - 07:24:20)(time 27091 - 07:31:31) ->    9(time 27155 - 07:32:35)(time 27611 - 07:40:11) ->    10(time 28091 - 07:48:11)(time 28541 - 07:55:41) ->    11(time 28605 - 07:56:45)(time 29051 - 08:04:11) ->    12(time 29115 - 08:05:15)(time 29539 - 08:12:19) ->    13(time 29603 - 08:13:23)(time 30006 - 08:20:06) ->    14(time 30303 - 08:25:03)(time 30303 - 08:25:03) ->    29(time 30303 - 08:25:03)(time 30706 - 08:31:46) ->    28(time 30770 - 08:32:50)(time 31194 - 08:39:54) ->    27(time 31258 - 08:40:58)(time 31704 - 08:48:24) ->    26(time 31768 - 08:49:28)(time 32218 - 08:56:58) ->    25(time 32741 - 09:05:41)(time 33197 - 09:13:17) ->    24(time 33261 - 09:14:21)(time 33692 - 09:21:32) ->    23(time 33756 - 09:22:36)(time 34153 - 09:29:13) ->    22(time 34217 - 09:30:17)(time 34663 - 09:37:43) ->    21(time 34727 - 09:38:47)(time 35132 - 09:45:32) ->    20(time 35196 - 09:46:36)(time 35612 - 09:53:32) ->    19(time 35676 - 09:54:36)(time 36116 - 10:01:56) ->    18(time 36639 - 10:10:39)(time 37027 - 10:17:07) ->    17(time 37091 - 10:18:11)(time 37550 - 10:25:50) ->    16(time 37614 - 10:26:54)(time 38058 - 10:34:18) ->    15(time 38355 - 10:39:15)(time 38355 - 10:39:15) -> 0
=============
Train 3
=============
> Trip 0
   0(time 2944 - 00:49:04)(time 3388 - 00:56:28) ->    1(time 3452 - 00:57:32)(time 3911 - 01:05:11) ->    2(time 3975 - 01:06:15)(time 4363 - 01:12:43) ->    3(time 4427 - 01:13:47)(time 4867 - 01:21:07) ->    4(time 4931 - 01:22:11)(time 5347 - 01:29:07) ->    5(time 5411 - 01:30:11)(time 5816 - 01:36:56) ->    6(time 5880 - 01:38:00)(time 6326 - 01:45:26) ->    7(time 6390 - 01:46:30)(time 6787 - 01:53:07) ->    8(time 6851 - 01:54:11)(time 7282 - 02:01:22) ->    9(time 7346 - 02:02:26)(time 7802 - 02:10:02) ->    10(time 7866 - 02:11:06)(time 8316 - 02:18:36) ->    11(time 8380 - 02:19:40)(time 8826 - 02:27:06) ->    12(time 8890 - 02:28:10)(time 9314 - 02:35:14) ->    13(time 9378 - 02:36:18)(time 9781 - 02:43:01) ->    14(time 10078 - 02:47:58)(time 10078 - 02:47:58) ->    29(time 10375 - 02:52:55)(time 10778 - 02:59:38) ->    28(time 10842 - 03:00:42)(time 11266 - 03:07:46) ->    27(time 11330 - 03:08:50)(time 11776 - 03:16:16) ->    26(time 11840 - 03:17:20)(time 12290 - 03:24:50) ->    25(time 12354 - 03:25:54)(time 12810 - 03:33:30) ->    24(time 12874 - 03:34:34)(time 13305 - 03:41:45) ->    23(time 13369 - 03:42:49)(time 13766 - 03:49:26) ->    22(time 13830 - 03:50:30)(time 14276 - 03:57:56) ->    21(time 14340 - 03:59:00)(time 14745 - 04:05:45) ->    20(time 14809 - 04:06:49)(time 15225 - 04:13:45) ->    19(time 15289 - 04:14:49)(time 15729 - 04:22:09) ->    18(time 15793 - 04:23:13)(time 16181 - 04:29:41) ->    17(time 16245 - 04:30:45)(time 16704 - 04:38:24) ->    16(time 16768 - 04:39:28)(time 17212 - 04:46:52) ->    15(time 17509 - 04:51:49)(time 17509 - 04:51:49) -> 0
> Trip 1
   0(time 17870 - 04:57:50)(time 18314 - 05:05:14) ->    1(time 18378 - 05:06:18)(time 18837 - 05:13:57) ->    2(time 18901 - 05:15:01)(time 19289 - 05:21:29) ->    3(time 19353 - 05:22:33)(time 19793 - 05:29:53) ->    4(time 19857 - 05:30:57)(time 20273 - 05:37:53) ->    5(time 20337 - 05:38:57)(time 20742 - 05:45:42) ->    6(time 20806 - 05:46:46)(time 21252 - 05:54:12) ->    7(time 21316 - 05:55:16)(time 21713 - 06:01:53) ->    8(time 21777 - 06:02:57)(time 22208 - 06:10:08) ->    9(time 22272 - 06:11:12)(time 22728 - 06:18:48) ->    10(time 22792 - 06:19:52)(time 23242 - 06:27:22) ->    11(time 23306 - 06:28:26)(time 23752 - 06:35:52) ->    12(time 23816 - 06:36:56)(time 24240 - 06:44:00) ->    13(time 24537 - 06:48:57)(time 24940 - 06:55:40) ->    14(time 25237 - 07:00:37)(time 25237 - 07:00:37) ->    29(time 25237 - 07:00:37)(time 25640 - 07:07:20) ->    28(time 25704 - 07:08:24)(time 26128 - 07:15:28) ->    27(time 26192 - 07:16:32)(time 26638 - 07:23:58) ->    26(time 27161 - 07:32:41)(time 27611 - 07:40:11) ->    25(time 27675 - 07:41:15)(time 28131 - 07:48:51) ->    24(time 28195 - 07:49:55)(time 28626 - 07:57:06) ->    23(time 28866 - 08:01:06)(time 29263 - 08:07:43) ->    22(time 29786 - 08:16:26)(time 30232 - 08:23:52) ->    21(time 30755 - 08:32:35)(time 31160 - 08:39:20) ->    20(time 31224 - 08:40:24)(time 31640 - 08:47:20) ->    19(time 31704 - 08:48:24)(time 32144 - 08:55:44) ->    18(time 32208 - 08:56:48)(time 32596 - 09:03:16) ->    17(time 32660 - 09:04:20)(time 33119 - 09:11:59) ->    16(time 33183 - 09:13:03)(time 33627 - 09:20:27) ->    15(time 33924 - 09:25:24)(time 33924 - 09:25:24) -> 0
=============
Train 4
=============
> Trip 0
   0(time 7496 - 02:04:56)(time 7940 - 02:12:20) ->    1(time 8004 - 02:13:24)(time 8463 - 02:21:03) ->    2(time 8527 - 02:22:07)(time 8915 - 02:28:35) ->    3(time 8979 - 02:29:39)(time 9419 - 02:36:59) ->    4(time 9483 - 02:38:03)(time 9899 - 02:44:59) ->    5(time 9963 - 02:46:03)(time 10368 - 02:52:48) ->    6(time 10432 - 02:53:52)(time 10878 - 03:01:18) ->    7(time 10942 - 03:02:22)(time 11339 - 03:08:59) ->    8(time 11403 - 03:10:03)(time 11834 - 03:17:14) ->    9(time 11898 - 03:18:18)(time 12354 - 03:25:54) ->    10(time 12877 - 03:34:37)(time 13327 - 03:42:07) ->    11(time 13850 - 03:50:50)(time 14296 - 03:58:16) ->    12(time 14651 - 04:04:11)(time 15075 - 04:11:15) ->    13(time 15139 - 04:12:19)(time 15542 - 04:19:02) ->    14(time 15839 - 04:23:59)(time 15839 - 04:23:59) ->    29(time 15839 - 04:23:59)(time 16242 - 04:30:42) ->    28(time 16306 - 04:31:46)(time 16730 - 04:38:50) ->    27(time 16794 - 04:39:54)(time 17240 - 04:47:20) ->    26(time 17304 - 04:48:24)(time 17754 - 04:55:54) ->    25(time 17818 - 04:56:58)(time 18274 - 05:04:34) ->    24(time 18338 - 05:05:38)(time 18769 - 05:12:49) ->    23(time 18833 - 05:13:53)(time 19230 - 05:20:30) ->    22(time 19294 - 05:21:34)(time 19740 - 05:29:00) ->    21(time 19804 - 05:30:04)(time 20209 - 05:36:49) ->    20(time 20273 - 05:37:53)(time 20689 - 05:44:49) ->    19(time 20753 - 05:45:53)(time 21193 - 05:53:13) ->    18(time 21257 - 05:54:17)(time 21645 - 06:00:45) ->    17(time 21709 - 06:01:49)(time 22168 - 06:09:28) ->    16(time 22232 - 06:10:32)(time 22676 - 06:17:56) ->    15(time 22973 - 06:22:53)(time 22973 - 06:22:53) -> 0
> Trip 1
   0(time 27586 - 07:39:46)(time 28030 - 07:47:10) ->    1(time 28094 - 07:48:14)(time 28553 - 07:55:53) ->    2(time 28617 - 07:56:57)(time 29005 - 08:03:25) ->    3(time 29069 - 08:04:29)(time 29509 - 08:11:49) ->    4(time 29573 - 08:12:53)(time 29989 - 08:19:49) ->    5(time 30053 - 08:20:53)(time 30458 - 08:27:38) ->    6(time 30522 - 08:28:42)(time 30968 - 08:36:08) ->    7(time 31032 - 08:37:12)(time 31429 - 08:43:49) ->    8(time 31493 - 08:44:53)(time 31924 - 08:52:04) ->    9(time 31988 - 08:53:08)(time 32444 - 09:00:44) ->    10(time 32508 - 09:01:48)(time 32958 - 09:09:18) ->    11(time 33022 - 09:10:22)(time 33468 - 09:17:48) ->    12(time 33532 - 09:18:52)(time 33956 - 09:25:56) ->    13(time 34020 - 09:27:00)(time 34423 - 09:33:43) ->    14(time 34720 - 09:38:40)(time 34720 - 09:38:40) ->    29(time 34720 - 09:38:40)(time 35123 - 09:45:23) ->    28(time 35187 - 09:46:27)(time 35611 - 09:53:31) ->    27(time 35675 - 09:54:35)(time 36121 - 10:02:01) ->    26(time 36185 - 10:03:05)(time 36635 - 10:10:35) ->    25(time 36699 - 10:11:39)(time 37155 - 10:19:15) ->    24(time 37219 - 10:20:19)(time 37650 - 10:27:30) ->    23(time 37714 - 10:28:34)(time 38111 - 10:35:11) ->    22(time 38175 - 10:36:15)(time 38621 - 10:43:41) ->    21(time 38685 - 10:44:45)(time 39090 - 10:51:30) ->    20(time 39154 - 10:52:34)(time 39570 - 10:59:30) ->    19(time 39634 - 11:00:34)(time 40074 - 11:07:54) ->    18(time 40138 - 11:08:58)(time 40526 - 11:15:26) ->    17(time 40590 - 11:16:30)(time 41049 - 11:24:09) ->    16(time 41113 - 11:25:13)(time 41557 - 11:32:37) ->    15(time 41854 - 11:37:34)(time 41854 - 11:37:34) -> 0
