t5p16r10h1.txt:
   > Trying to open the instance file...
   > Reading number of trains...
   > Reading maximum number of trips per train...
   > Reading time intervals...
   > Reading number of points...
   > Reading stations...
   > Reading crossings...
   > Reading depots...
   > Reading initial point...
   > Reading routes...
   > Reading distance and distance and service...
   > Reading demands...
   > Reading maximum time...
   > Reading alpha...

--------------------------------
 Printing instance
--------------------------------
number of trains = 5
	max trips per trains: 5     5     5     4     3
number of intervals = 1
	(0,  51540)
number of points = 16
	initial point: 7
	stations: 0     1     3     4     5     7     8     9    11    12    13    14    15
	crossings: 0     2     6     7     8    10    12    15
	depots: 0     7    15
number of vertices = 32
	total vertices: 0     1     2     3     4     5     6     7     8     9    10    11    12    13    14    15    16    17    18    19    20    21    22    23    24    25    26    27    28    29    30    31
	upper vertices: 0     1     2     3     4     5     6     7     8     9    10    11    12    13    14    15
	lower vertices: 16    17    18    19    20    21    22    23    24    25    26    27    28    29    30    31
	vertices of point #0: (0, 16)
	vertices of point #1: (1, 17)
	vertices of point #2: (2, 18)
	vertices of point #3: (3, 19)
	vertices of point #4: (4, 20)
	vertices of point #5: (5, 21)
	vertices of point #6: (6, 22)
	vertices of point #7: (7, 23)
	vertices of point #8: (8, 24)
	vertices of point #9: (9, 25)
	vertices of point #10: (10, 26)
	vertices of point #11: (11, 27)
	vertices of point #12: (12, 28)
	vertices of point #13: (13, 29)
	vertices of point #14: (14, 30)
	vertices of point #15: (15, 31)

arcs...
	total arcs: 
		arc #0: (0, 1)
		arc #1: (0, 16)
		arc #2: (16, 0)
		arc #3: (1, 2)
		arc #4: (17, 16)
		arc #5: (2, 3)
		arc #6: (18, 17)
		arc #7: (3, 4)
		arc #8: (19, 18)
		arc #9: (4, 5)
		arc #10: (20, 19)
		arc #11: (5, 6)
		arc #12: (21, 20)
		arc #13: (6, 7)
		arc #14: (22, 21)
		arc #15: (7, 8)
		arc #16: (23, 22)
		arc #17: (7, 23)
		arc #18: (23, 7)
		arc #19: (8, 9)
		arc #20: (24, 23)
		arc #21: (9, 10)
		arc #22: (25, 24)
		arc #23: (10, 11)
		arc #24: (26, 25)
		arc #25: (11, 12)
		arc #26: (27, 26)
		arc #27: (12, 13)
		arc #28: (28, 27)
		arc #29: (13, 14)
		arc #30: (29, 28)
		arc #31: (14, 15)
		arc #32: (30, 29)
		arc #33: (31, 30)
		arc #34: (15, 31)
		arc #35: (31, 15)

	reverse arcs: 
		arc #1: (0, 16)
		arc #2: (16, 0)
		arc #17: (7, 23)
		arc #18: (23, 7)
		arc #34: (15, 31)
		arc #35: (31, 15)


incompatible points...
	(0, 1, 18, (1, 2))	(18, 17, 0, (17, 16))	(2, 5, 22, (5, 6))	(22, 19, 2, (19, 18))	(6, 6, 23, (6, 7))	(23, 23, 6, (23, 22))	(7, 7, 24, (7, 8))	(24, 24, 7, (24, 23))	(8, 9, 26, (9, 10))	(26, 25, 8, (25, 24))	(10, 11, 28, (11, 12))	(28, 27, 10, (27, 26))	(12, 14, 31, (14, 15))	(31, 29, 12, (29, 28))

number of routes = 10
vertices of routes...
	route #0: 0     1     2     3     4     5     6     7
	route #1: 23    22    21    20    19    18    17    16
	route #2: 0     1     2     3     4     5     6     7    23    22    21    20    19    18    17    16     0
	route #3: 23    22    21    20    19    18    17    16     0     1     2     3     4     5     6     7    23
	route #4: 7     8     9    10    11    12    13    14    15
	route #5: 31    30    29    28    27    26    25    24    23
	route #6: 7     8     9    10    11    12    13    14    15    31    30    29    28    27    26    25    24    23     7
	route #7: 31    30    29    28    27    26    25    24    23     7     8     9    10    11    12    13    14    15    31
	route #8: 0     1     2     3     4     5     6     7     8     9    10    11    12    13    14    15    31    30    29    28    27    26    25    24    23    22    21    20    19    18    17    16     0
	route #9: 31    30    29    28    27    26    25    24    23    22    21    20    19    18    17    16     0     1     2     3     4     5     6     7     8     9    10    11    12    13    14    15    31
arcs of routes...
	route #0: 0     3     5     7     9    11    13
	route #1: 16    14    12    10     8     6     4
	route #2: 0     3     5     7     9    11    13    17    16    14    12    10     8     6     4     2
	route #3: 16    14    12    10     8     6     4     2     0     3     5     7     9    11    13    17
	route #4: 15    19    21    23    25    27    29    31
	route #5: 33    32    30    28    26    24    22    20
	route #6: 15    19    21    23    25    27    29    31    34    33    32    30    28    26    24    22    20    18
	route #7: 33    32    30    28    26    24    22    20    18    15    19    21    23    25    27    29    31    34
	route #8: 0     3     5     7     9    11    13    15    19    21    23    25    27    29    31    34    33    32    30    28    26    24    22    20    16    14    12    10     8     6     4     2
	route #9: 33    32    30    28    26    24    22    20    16    14    12    10     8     6     4     2     0     3     5     7     9    11    13    15    19    21    23    25    27    29    31    34

incompatible routes...
	(0, 0)    	(0, 2)    	(0, 5)    	(0, 7)    	(0, 8)    	(0, 9)    	(1, 1)    	(1, 3)    	(1, 4)    	(1, 5)    	(1, 6)    	(1, 7)    	(1, 9)    	(2, 1)    	(2, 3)    	(2, 4)    	(2, 5)    	(2, 6)    	(2, 7)    	(2, 9)    	(3, 0)    	(3, 2)    	(3, 5)    	(3, 7)    	(3, 8)    	(3, 9)    	(4, 0)    	(4, 1)    	(4, 2)    	(4, 3)    	(4, 4)    	(4, 6)    	(4, 8)    	(5, 0)    	(5, 2)    	(5, 5)    	(5, 7)    	(5, 8)    	(5, 9)    	(6, 0)    	(6, 2)    	(6, 5)    	(6, 7)    	(6, 8)    	(6, 9)    	(7, 0)    	(7, 1)    	(7, 2)    	(7, 3)    	(7, 4)    	(7, 6)    	(7, 8)    	(8, 1)    	(8, 3)    	(8, 4)    	(8, 5)    	(8, 6)    	(8, 7)    	(8, 9)    	(9, 0)    	(9, 1)    	(9, 2)    	(9, 3)    	(9, 4)    	(9, 6)    	(9, 8)

vertices that can be adjacent in consecutive trips...
	(0, 0)    	(7, 7)    	(7, 23)    	(15, 31)    	(16, 0)    	(23, 7)    	(23, 23)    	(31, 31)
non cyclical routes: 
       0       1       4       5

routes of trip...
	routes that train #0 can complete at trip #0: 1       3       4       6
	routes that train #0 can complete at trip #1: 0       1       2       3       4       5       6       7       8       9
	routes that train #0 can complete at trip #2: 0       1       2       3       4       5       6       7       8       9
	routes that train #0 can complete at trip #3: 0       1       2       3       4       5       6       7       8       9
	routes that train #0 can complete at trip #4: 0       1       2       3       4       5       6       7       8       9

	routes that train #1 can complete at trip #0: 1       3       4       6
	routes that train #1 can complete at trip #1: 0       1       2       3       4       5       6       7       8       9
	routes that train #1 can complete at trip #2: 0       1       2       3       4       5       6       7       8       9
	routes that train #1 can complete at trip #3: 0       1       2       3       4       5       6       7       8       9
	routes that train #1 can complete at trip #4: 0       1       2       3       4       5       6       7       8       9

	routes that train #2 can complete at trip #0: 1       3       4       6
	routes that train #2 can complete at trip #1: 0       1       2       3       4       5       6       7       8       9
	routes that train #2 can complete at trip #2: 0       1       2       3       4       5       6       7       8       9
	routes that train #2 can complete at trip #3: 0       1       2       3       4       5       6       7       8       9
	routes that train #2 can complete at trip #4: 0       1       2       3       4       5       6       7       8       9

	routes that train #3 can complete at trip #0: 1       3       4       6
	routes that train #3 can complete at trip #1: 0       1       2       3       4       5       6       7       8       9
	routes that train #3 can complete at trip #2: 0       1       2       3       4       5       6       7       8       9
	routes that train #3 can complete at trip #3: 0       1       2       3       4       5       6       7       8       9

	routes that train #4 can complete at trip #0: 1       3       4       6
	routes that train #4 can complete at trip #1: 0       1       2       3       4       5       6       7       8       9
	routes that train #4 can complete at trip #2: 0       1       2       3       4       5       6       7       8       9

 cost...
	arc #0 [0][1]: 240
	arc #1 [0][16]: 0
	arc #2 [16][0]: 0
	arc #3 [1][2]: 120
	arc #4 [17][16]: 240
	arc #5 [2][3]: 240
	arc #6 [18][17]: 120
	arc #7 [3][4]: 180
	arc #8 [19][18]: 240
	arc #9 [4][5]: 180
	arc #10 [20][19]: 180
	arc #11 [5][6]: 40
	arc #12 [21][20]: 180
	arc #13 [6][7]: 180
	arc #14 [22][21]: 40
	arc #15 [7][8]: 360
	arc #16 [23][22]: 180
	arc #17 [7][23]: 0
	arc #18 [23][7]: 0
	arc #19 [8][9]: 300
	arc #20 [24][23]: 360
	arc #21 [9][10]: 240
	arc #22 [25][24]: 300
	arc #23 [10][11]: 120
	arc #24 [26][25]: 240
	arc #25 [11][12]: 240
	arc #26 [27][26]: 120
	arc #27 [12][13]: 180
	arc #28 [28][27]: 240
	arc #29 [13][14]: 120
	arc #30 [29][28]: 180
	arc #31 [14][15]: 180
	arc #32 [30][29]: 120
	arc #33 [31][30]: 180
	arc #34 [15][31]: 0
	arc #35 [31][15]: 0

cost with minimum service...
	arc #0 [0][1]: 300
	arc #1 [0][16]: 0
	arc #2 [16][0]: 0
	arc #3 [1][2]: 160
	arc #4 [17][16]: 360
	arc #5 [2][3]: 300
	arc #6 [18][17]: 180
	arc #7 [3][4]: 240
	arc #8 [19][18]: 280
	arc #9 [4][5]: 240
	arc #10 [20][19]: 240
	arc #11 [5][6]: 80
	arc #12 [21][20]: 240
	arc #13 [6][7]: 300
	arc #14 [22][21]: 100
	arc #15 [7][8]: 420
	arc #16 [23][22]: 220
	arc #17 [7][23]: 0
	arc #18 [23][7]: 0
	arc #19 [8][9]: 360
	arc #20 [24][23]: 480
	arc #21 [9][10]: 280
	arc #22 [25][24]: 360
	arc #23 [10][11]: 180
	arc #24 [26][25]: 300
	arc #25 [11][12]: 300
	arc #26 [27][26]: 160
	arc #27 [12][13]: 240
	arc #28 [28][27]: 300
	arc #29 [13][14]: 180
	arc #30 [29][28]: 240
	arc #31 [14][15]: 300
	arc #32 [30][29]: 180
	arc #33 [31][30]: 240
	arc #34 [15][31]: 0
	arc #35 [31][15]: 0

cost with maximum service...
	arc #0 [0][1]: 840
	arc #1 [0][16]: 600
	arc #2 [16][0]: 600
	arc #3 [1][2]: 720
	arc #4 [17][16]: 840
	arc #5 [2][3]: 840
	arc #6 [18][17]: 720
	arc #7 [3][4]: 780
	arc #8 [19][18]: 840
	arc #9 [4][5]: 780
	arc #10 [20][19]: 780
	arc #11 [5][6]: 640
	arc #12 [21][20]: 780
	arc #13 [6][7]: 780
	arc #14 [22][21]: 640
	arc #15 [7][8]: 960
	arc #16 [23][22]: 780
	arc #17 [7][23]: 600
	arc #18 [23][7]: 600
	arc #19 [8][9]: 900
	arc #20 [24][23]: 960
	arc #21 [9][10]: 840
	arc #22 [25][24]: 900
	arc #23 [10][11]: 720
	arc #24 [26][25]: 840
	arc #25 [11][12]: 840
	arc #26 [27][26]: 720
	arc #27 [12][13]: 780
	arc #28 [28][27]: 840
	arc #29 [13][14]: 720
	arc #30 [29][28]: 780
	arc #31 [14][15]: 780
	arc #32 [30][29]: 720
	arc #33 [31][30]: 780
	arc #34 [15][31]: 600
	arc #35 [31][15]: 600

demands...
	demands of vertex 0 at time interval: 11
	demands of vertex 1 at time interval: 11
	demands of vertex 2 at time interval: 0
	demands of vertex 3 at time interval: 11
	demands of vertex 4 at time interval: 11
	demands of vertex 5 at time interval: 11
	demands of vertex 6 at time interval: 0
	demands of vertex 7 at time interval: 11
	demands of vertex 8 at time interval: 0
	demands of vertex 9 at time interval: 11
	demands of vertex 10 at time interval: 0
	demands of vertex 11 at time interval: 11
	demands of vertex 12 at time interval: 0
	demands of vertex 13 at time interval: 11
	demands of vertex 14 at time interval: 11
	demands of vertex 15 at time interval: 0
	demands of vertex 16 at time interval: 0
	demands of vertex 17 at time interval: 11
	demands of vertex 18 at time interval: 0
	demands of vertex 19 at time interval: 11
	demands of vertex 20 at time interval: 11
	demands of vertex 21 at time interval: 11
	demands of vertex 22 at time interval: 0
	demands of vertex 23 at time interval: 11
	demands of vertex 24 at time interval: 0
	demands of vertex 25 at time interval: 11
	demands of vertex 26 at time interval: 0
	demands of vertex 27 at time interval: 11
	demands of vertex 28 at time interval: 0
	demands of vertex 29 at time interval: 11
	demands of vertex 30 at time interval: 11
	demands of vertex 31 at time interval: 11

maximum time = 51540
alpha = 180

>> Solving...
Version identifier: 20.1.0.0 | 2020-11-10 | 9bedb6d68
CPXPARAM_Threads                                 1
CPXPARAM_TimeLimit                               43200
Tried aggregator 3 times.
Aggregator has done 853 substitutions...
MIP Presolve eliminated 316951 rows and 46936 columns.
MIP Presolve modified 118356 coefficients.
Aggregator did 853 substitutions.
Reduced MIP has 921702 rows, 348610 columns, and 2249622 nonzeros.
Reduced MIP has 347211 binaries, 0 generals, 0 SOSs, and 0 indicators.
Presolve time = 82.74 sec. (15446.73 ticks)
Probing fixed 0 vars, tightened 60 bounds.
Probing time = 45.75 sec. (2568.59 ticks)
Tried aggregator 1 time.
Detecting symmetries...
Elapsed time for symmetry detection = 56.57 sec. (10015.21 ticks)
Elapsed time for symmetry detection = 111.05 sec. (20021.83 ticks)
Elapsed time for symmetry detection = 163.10 sec. (30028.05 ticks)
Elapsed time for symmetry detection = 212.92 sec. (40033.15 ticks)
Elapsed time for symmetry detection = 266.70 sec. (50038.15 ticks)
Elapsed time for symmetry detection = 320.64 sec. (60043.16 ticks)
Elapsed time for symmetry detection = 375.40 sec. (70048.79 ticks)
Elapsed time for symmetry detection = 430.55 sec. (80053.30 ticks)
Elapsed time for symmetry detection = 485.51 sec. (90057.80 ticks)
Elapsed time for symmetry detection = 540.42 sec. (100062.33 ticks)
Elapsed time for symmetry detection = 593.90 sec. (110067.24 ticks)
Elapsed time for symmetry detection = 647.40 sec. (120072.51 ticks)
Elapsed time for symmetry detection = 700.79 sec. (130077.51 ticks)
Elapsed time for symmetry detection = 753.97 sec. (140082.52 ticks)
Elapsed time for symmetry detection = 806.95 sec. (150087.86 ticks)
Elapsed time for symmetry detection = 859.78 sec. (160093.03 ticks)
Elapsed time for symmetry detection = 912.29 sec. (170097.59 ticks)
Elapsed time for symmetry detection = 964.82 sec. (180102.14 ticks)
Elapsed time for symmetry detection = 1017.09 sec. (190106.57 ticks)
Elapsed time for symmetry detection = 1070.44 sec. (200111.90 ticks)
Elapsed time for symmetry detection = 1123.80 sec. (210113.35 ticks)
Elapsed time for symmetry detection = 1176.94 sec. (220114.35 ticks)
Elapsed time for symmetry detection = 1229.58 sec. (230115.83 ticks)
Elapsed time for symmetry detection = 1283.32 sec. (240119.45 ticks)
Elapsed time for symmetry detection = 1336.97 sec. (250124.49 ticks)
Elapsed time for symmetry detection = 1390.72 sec. (260129.50 ticks)
Elapsed time for symmetry detection = 1443.40 sec. (270134.50 ticks)
Elapsed time for symmetry detection = 1495.88 sec. (280140.04 ticks)
Elapsed time for symmetry detection = 1548.34 sec. (290144.56 ticks)
Elapsed time for symmetry detection = 1600.97 sec. (300149.12 ticks)
Elapsed time for symmetry detection = 1653.56 sec. (310153.67 ticks)
Elapsed time for symmetry detection = 1706.27 sec. (320158.66 ticks)
Elapsed time for symmetry detection = 1757.27 sec. (330161.54 ticks)
Elapsed time for symmetry detection = 1807.84 sec. (340163.11 ticks)
Elapsed time for symmetry detection = 1858.40 sec. (350164.11 ticks)
Elapsed time for symmetry detection = 1908.05 sec. (360166.81 ticks)
Elapsed time for symmetry detection = 1955.04 sec. (370168.94 ticks)
Elapsed time for symmetry detection = 1981.87 sec. (380170.41 ticks)
Elapsed time for symmetry detection = 2008.23 sec. (390171.41 ticks)
Elapsed time for symmetry detection = 2041.17 sec. (400174.43 ticks)
Found 1.933393e+118745 symmetric permutations.
MIP Presolve eliminated 137 rows and 137 columns.
MIP Presolve modified 3810 coefficients.
Reduced MIP has 921565 rows, 348473 columns, and 2248839 nonzeros.
Reduced MIP has 347074 binaries, 0 generals, 0 SOSs, and 0 indicators.
Presolve time = 2115.39 sec. (412689.36 ticks)
Probing fixed 0 vars, tightened 40 bounds.
Probing time = 55.18 sec. (3436.92 ticks)
Clique table members: 1478518.
MIP emphasis: balance optimality and feasibility.
MIP search method: dynamic search.
Parallel mode: none, using 1 thread.
Root relaxation solution time = 19108.22 sec. (783046.63 ticks)

        Nodes                                         Cuts/
   Node  Left     Objective  IInf  Best Integer    Best Bound    ItCnt     Gap

      0     0        0.0000 50006                      0.0000   157852         

Clique cuts applied:  6
Implied bound cuts applied:  5434
Flow cuts applied:  269
Mixed integer rounding cuts applied:  2869
Zero-half cuts applied:  149
Lift and project cuts applied:  2
Gomory fractional cuts applied:  7

Root node processing (before b&c):
  Real time             = 43201.40 sec. (3261967.12 ticks)
Sequential b&c:
  Real time             =    0.00 sec. (0.00 ticks)
                          ------------
Total (root+branch&cut) = 43201.40 sec. (3261967.12 ticks)
Unknown
terminate called after throwing an instance of 'IloCplex::Exception'
