t5p19r16h1.txt:
   > Trying to open the instance file...
   > Reading number of trains...
   > Reading maximum number of trips per train...
   > Reading time intervals...
   > Reading number of points...
   > Reading stations...
   > Reading crossings...
   > Reading depots...
   > Reading initial point...
   > Reading routes...
   > Reading distance and distance and service...
   > Reading demands...
   > Reading maximum time...
   > Reading alpha...

--------------------------------
 Printing instance
--------------------------------
number of trains = 5
	max trips per trains: 2     2     2     2     2
number of intervals = 1
	(0,  29121)
number of points = 19
	initial point: 0
	stations: 0     1     2     3     4     5     8     9    10    11    12    13    14    15    16    17    18
	crossings: 0     5     6     7    15    18
	depots: 0     5    15    18
number of vertices = 38
	total vertices: 0     1     2     3     4     5     6     7     8     9    10    11    12    13    14    15    16    17    18    19    20    21    22    23    24    25    26    27    28    29    30    31    32    33    34    35    36    37
	upper vertices: 0     1     2     3     4     5     6     7     8     9    10    11    12    13    14    15    16    17    18
	lower vertices: 19    20    21    22    23    24    25    26    27    28    29    30    31    32    33    34    35    36    37
	vertices of point #0: (0, 19)
	vertices of point #1: (1, 20)
	vertices of point #2: (2, 21)
	vertices of point #3: (3, 22)
	vertices of point #4: (4, 23)
	vertices of point #5: (5, 24)
	vertices of point #6: (6, 25)
	vertices of point #7: (7, 26)
	vertices of point #8: (8, 27)
	vertices of point #9: (9, 28)
	vertices of point #10: (10, 29)
	vertices of point #11: (11, 30)
	vertices of point #12: (12, 31)
	vertices of point #13: (13, 32)
	vertices of point #14: (14, 33)
	vertices of point #15: (15, 34)
	vertices of point #16: (16, 35)
	vertices of point #17: (17, 36)
	vertices of point #18: (18, 37)

arcs...
	total arcs: 
		arc #0: (0, 1)
		arc #1: (0, 19)
		arc #2: (19, 0)
		arc #3: (1, 2)
		arc #4: (20, 19)
		arc #5: (2, 3)
		arc #6: (21, 20)
		arc #7: (3, 4)
		arc #8: (22, 21)
		arc #9: (4, 5)
		arc #10: (23, 22)
		arc #11: (5, 6)
		arc #12: (24, 23)
		arc #13: (5, 24)
		arc #14: (24, 5)
		arc #15: (6, 7)
		arc #16: (25, 24)
		arc #17: (7, 8)
		arc #18: (26, 25)
		arc #19: (8, 9)
		arc #20: (27, 26)
		arc #21: (9, 10)
		arc #22: (28, 27)
		arc #23: (10, 11)
		arc #24: (29, 28)
		arc #25: (11, 12)
		arc #26: (30, 29)
		arc #27: (12, 13)
		arc #28: (31, 30)
		arc #29: (13, 14)
		arc #30: (32, 31)
		arc #31: (14, 15)
		arc #32: (33, 32)
		arc #33: (15, 16)
		arc #34: (34, 33)
		arc #35: (15, 34)
		arc #36: (34, 15)
		arc #37: (16, 17)
		arc #38: (35, 34)
		arc #39: (17, 18)
		arc #40: (36, 35)
		arc #41: (37, 36)
		arc #42: (18, 37)
		arc #43: (37, 18)

	reverse arcs: 
		arc #1: (0, 19)
		arc #2: (19, 0)
		arc #13: (5, 24)
		arc #14: (24, 5)
		arc #35: (15, 34)
		arc #36: (34, 15)
		arc #42: (18, 37)
		arc #43: (37, 18)


incompatible points...
	(0, 4, 24, (4, 5))	(24, 20, 0, (20, 19))	(5, 5, 25, (5, 6))	(25, 25, 5, (25, 24))	(6, 6, 26, (6, 7))	(26, 26, 6, (26, 25))	(7, 14, 34, (14, 15))	(34, 27, 7, (27, 26))	(15, 17, 37, (17, 18))	(37, 35, 15, (35, 34))

number of routes = 16
vertices of routes...
	route #0: 0     1     2     3     4     5     6     7     8     9    10    11    12    13    14    15    16    17    18    37    36    35    34    33    32    31    30    29    28    27    26    25    24    23    22    21    20    19     0
	route #1: 37    36    35    34    33    32    31    30    29    28    27    26    25    24    23    22    21    20    19     0     1     2     3     4     5     6     7     8     9    10    11    12    13    14    15    16    17    18    37
	route #2: 5     6     7     8     9    10    11    12    13    14    15    16    17    18
	route #3: 24    23    22    21    20    19
	route #4: 0     1     2     3     4     5
	route #5: 37    36    35    34    33    32    31    30    29    28    27    26    25    24
	route #6: 15    16    17    18
	route #7: 34    33    32    31    30    29    28    27    26    25    24    23    22    21    20    19
	route #8: 0     1     2     3     4     5     6     7     8     9    10    11    12    13    14    15
	route #9: 37    36    35    34
	route #10: 34    33    32    31    30    29    28    27    26    25    24    23    22    21    20    19     0     1     2     3     4     5     6     7     8     9    10    11    12    13    14    15    34
	route #11: 5     6     7     8     9    10    11    12    13    14    15
	route #12: 5     6     7     8     9    10    11    12    13    14    15    16    17    18    37    36    35    34    33    32    31    30    29    28    27    26    25    24     5
	route #13: 15    16    17    18    37    36    35    34    15
	route #14: 24    23    22    21    20    19     0     1     2     3     4     5    24
	route #15: 34    33    32    31    30    29    28    27    26    25    24
arcs of routes...
	route #0: 0     3     5     7     9    11    15    17    19    21    23    25    27    29    31    33    37    39    42    41    40    38    34    32    30    28    26    24    22    20    18    16    12    10     8     6     4     2
	route #1: 41    40    38    34    32    30    28    26    24    22    20    18    16    12    10     8     6     4     2     0     3     5     7     9    11    15    17    19    21    23    25    27    29    31    33    37    39    42
	route #2: 11    15    17    19    21    23    25    27    29    31    33    37    39
	route #3: 12    10     8     6     4
	route #4: 0     3     5     7     9
	route #5: 41    40    38    34    32    30    28    26    24    22    20    18    16
	route #6: 33    37    39
	route #7: 34    32    30    28    26    24    22    20    18    16    12    10     8     6     4
	route #8: 0     3     5     7     9    11    15    17    19    21    23    25    27    29    31
	route #9: 41    40    38
	route #10: 34    32    30    28    26    24    22    20    18    16    12    10     8     6     4     2     0     3     5     7     9    11    15    17    19    21    23    25    27    29    31    35
	route #11: 11    15    17    19    21    23    25    27    29    31
	route #12: 11    15    17    19    21    23    25    27    29    31    33    37    39    42    41    40    38    34    32    30    28    26    24    22    20    18    16    14
	route #13: 33    37    39    42    41    40    38    36
	route #14: 12    10     8     6     4     2     0     3     5     7     9    13
	route #15: 34    32    30    28    26    24    22    20    18    16

incompatible routes...
	(0, 1)    	(0, 2)    	(0, 3)    	(0, 5)    	(0, 6)    	(0, 7)    	(0, 9)    	(0, 10)    	(0, 11)    	(0, 12)    	(0, 13)    	(0, 14)    	(0, 15)    	(1, 0)    	(1, 2)    	(1, 3)    	(1, 4)    	(1, 6)    	(1, 7)    	(1, 8)    	(1, 10)    	(1, 11)    	(1, 12)    	(1, 13)    	(1, 14)    	(1, 15)    	(2, 0)    	(2, 2)    	(2, 3)    	(2, 4)    	(2, 6)    	(2, 7)    	(2, 8)    	(2, 10)    	(2, 11)    	(2, 12)    	(2, 13)    	(2, 14)    	(2, 15)    	(3, 1)    	(3, 2)    	(3, 3)    	(3, 5)    	(3, 6)    	(3, 7)    	(3, 9)    	(3, 10)    	(3, 11)    	(3, 12)    	(3, 13)    	(3, 14)    	(3, 15)    	(4, 0)    	(4, 1)    	(4, 4)    	(4, 5)    	(4, 6)    	(4, 7)    	(4, 8)    	(4, 9)    	(4, 10)    	(4, 13)    	(4, 15)    	(5, 0)    	(5, 1)    	(5, 4)    	(5, 5)    	(5, 6)    	(5, 7)    	(5, 8)    	(5, 9)    	(5, 10)    	(5, 13)    	(5, 15)    	(6, 0)    	(6, 2)    	(6, 3)    	(6, 4)    	(6, 6)    	(6, 7)    	(6, 8)    	(6, 10)    	(6, 11)    	(6, 12)    	(6, 13)    	(6, 14)    	(6, 15)    	(7, 1)    	(7, 2)    	(7, 3)    	(7, 5)    	(7, 6)    	(7, 7)    	(7, 9)    	(7, 10)    	(7, 11)    	(7, 12)    	(7, 13)    	(7, 14)    	(7, 15)    	(8, 0)    	(8, 1)    	(8, 2)    	(8, 3)    	(8, 4)    	(8, 5)    	(8, 8)    	(8, 9)    	(8, 11)    	(8, 12)    	(8, 14)    	(9, 0)    	(9, 1)    	(9, 2)    	(9, 3)    	(9, 4)    	(9, 5)    	(9, 8)    	(9, 9)    	(9, 11)    	(9, 12)    	(9, 14)    	(10, 0)    	(10, 1)    	(10, 2)    	(10, 3)    	(10, 4)    	(10, 5)    	(10, 8)    	(10, 9)    	(10, 11)    	(10, 12)    	(10, 14)    	(11, 0)    	(11, 1)    	(11, 2)    	(11, 3)    	(11, 4)    	(11, 5)    	(11, 8)    	(11, 9)    	(11, 11)    	(11, 12)    	(11, 14)    	(12, 0)    	(12, 1)    	(12, 4)    	(12, 5)    	(12, 6)    	(12, 7)    	(12, 8)    	(12, 9)    	(12, 10)    	(12, 13)    	(12, 15)    	(13, 0)    	(13, 1)    	(13, 2)    	(13, 3)    	(13, 4)    	(13, 5)    	(13, 8)    	(13, 9)    	(13, 11)    	(13, 12)    	(13, 14)    	(14, 0)    	(14, 1)    	(14, 4)    	(14, 5)    	(14, 6)    	(14, 7)    	(14, 8)    	(14, 9)    	(14, 10)    	(14, 13)    	(14, 15)    	(15, 0)    	(15, 1)    	(15, 4)    	(15, 5)    	(15, 6)    	(15, 7)    	(15, 8)    	(15, 9)    	(15, 10)    	(15, 13)    	(15, 15)

vertices that can be adjacent in consecutive trips...
	(0, 0)    	(5, 5)    	(5, 24)    	(15, 15)    	(15, 34)    	(18, 37)    	(19, 0)    	(24, 5)    	(24, 24)    	(34, 15)    	(34, 34)    	(37, 37)
non cyclical routes: 
       2       3       4       5       6       7       8       9      11      15

routes of trip...
	routes that train #0 can complete at trip #0: 0       4       8
	routes that train #0 can complete at trip #1: 0       1       2       3       4       5       6       7       8       9      10      11      12      13      14      15

	routes that train #1 can complete at trip #0: 0       4       8
	routes that train #1 can complete at trip #1: 0       1       2       3       4       5       6       7       8       9      10      11      12      13      14      15

	routes that train #2 can complete at trip #0: 0       4       8
	routes that train #2 can complete at trip #1: 0       1       2       3       4       5       6       7       8       9      10      11      12      13      14      15

	routes that train #3 can complete at trip #0: 0       4       8
	routes that train #3 can complete at trip #1: 0       1       2       3       4       5       6       7       8       9      10      11      12      13      14      15

	routes that train #4 can complete at trip #0: 0       4       8
	routes that train #4 can complete at trip #1: 0       1       2       3       4       5       6       7       8       9      10      11      12      13      14      15

 cost...
	arc #0 [0][1]: 245
	arc #1 [0][19]: 0
	arc #2 [19][0]: 0
	arc #3 [1][2]: 240
	arc #4 [20][19]: 245
	arc #5 [2][3]: 234
	arc #6 [21][20]: 240
	arc #7 [3][4]: 233
	arc #8 [22][21]: 234
	arc #9 [4][5]: 243
	arc #10 [23][22]: 233
	arc #11 [5][6]: 210
	arc #12 [24][23]: 243
	arc #13 [5][24]: 0
	arc #14 [24][5]: 0
	arc #15 [6][7]: 245
	arc #16 [25][24]: 210
	arc #17 [7][8]: 226
	arc #18 [26][25]: 245
	arc #19 [8][9]: 236
	arc #20 [27][26]: 226
	arc #21 [9][10]: 235
	arc #22 [28][27]: 236
	arc #23 [10][11]: 213
	arc #24 [29][28]: 235
	arc #25 [11][12]: 204
	arc #26 [30][29]: 213
	arc #27 [12][13]: 249
	arc #28 [31][30]: 204
	arc #29 [13][14]: 237
	arc #30 [32][31]: 249
	arc #31 [14][15]: 243
	arc #32 [33][32]: 237
	arc #33 [15][16]: 241
	arc #34 [34][33]: 243
	arc #35 [15][34]: 0
	arc #36 [34][15]: 0
	arc #37 [16][17]: 216
	arc #38 [35][34]: 241
	arc #39 [17][18]: 234
	arc #40 [36][35]: 216
	arc #41 [37][36]: 234
	arc #42 [18][37]: 0
	arc #43 [37][18]: 0

cost with minimum service...
	arc #0 [0][1]: 360
	arc #1 [0][19]: 0
	arc #2 [19][0]: 0
	arc #3 [1][2]: 355
	arc #4 [20][19]: 504
	arc #5 [2][3]: 349
	arc #6 [21][20]: 355
	arc #7 [3][4]: 348
	arc #8 [22][21]: 349
	arc #9 [4][5]: 502
	arc #10 [23][22]: 348
	arc #11 [5][6]: 255
	arc #12 [24][23]: 358
	arc #13 [5][24]: 0
	arc #14 [24][5]: 0
	arc #15 [6][7]: 290
	arc #16 [25][24]: 469
	arc #17 [7][8]: 341
	arc #18 [26][25]: 290
	arc #19 [8][9]: 351
	arc #20 [27][26]: 271
	arc #21 [9][10]: 350
	arc #22 [28][27]: 351
	arc #23 [10][11]: 328
	arc #24 [29][28]: 350
	arc #25 [11][12]: 319
	arc #26 [30][29]: 328
	arc #27 [12][13]: 364
	arc #28 [31][30]: 319
	arc #29 [13][14]: 352
	arc #30 [32][31]: 364
	arc #31 [14][15]: 502
	arc #32 [33][32]: 352
	arc #33 [15][16]: 356
	arc #34 [34][33]: 358
	arc #35 [15][34]: 0
	arc #36 [34][15]: 0
	arc #37 [16][17]: 331
	arc #38 [35][34]: 500
	arc #39 [17][18]: 493
	arc #40 [36][35]: 331
	arc #41 [37][36]: 349
	arc #42 [18][37]: 0
	arc #43 [37][18]: 0

cost with maximum service...
	arc #0 [0][1]: 676
	arc #1 [0][19]: 431
	arc #2 [19][0]: 431
	arc #3 [1][2]: 671
	arc #4 [20][19]: 676
	arc #5 [2][3]: 665
	arc #6 [21][20]: 671
	arc #7 [3][4]: 664
	arc #8 [22][21]: 665
	arc #9 [4][5]: 674
	arc #10 [23][22]: 664
	arc #11 [5][6]: 641
	arc #12 [24][23]: 674
	arc #13 [5][24]: 431
	arc #14 [24][5]: 431
	arc #15 [6][7]: 676
	arc #16 [25][24]: 641
	arc #17 [7][8]: 657
	arc #18 [26][25]: 676
	arc #19 [8][9]: 667
	arc #20 [27][26]: 657
	arc #21 [9][10]: 666
	arc #22 [28][27]: 667
	arc #23 [10][11]: 644
	arc #24 [29][28]: 666
	arc #25 [11][12]: 635
	arc #26 [30][29]: 644
	arc #27 [12][13]: 680
	arc #28 [31][30]: 635
	arc #29 [13][14]: 668
	arc #30 [32][31]: 680
	arc #31 [14][15]: 674
	arc #32 [33][32]: 668
	arc #33 [15][16]: 672
	arc #34 [34][33]: 674
	arc #35 [15][34]: 431
	arc #36 [34][15]: 431
	arc #37 [16][17]: 647
	arc #38 [35][34]: 672
	arc #39 [17][18]: 665
	arc #40 [36][35]: 647
	arc #41 [37][36]: 665
	arc #42 [18][37]: 431
	arc #43 [37][18]: 431

demands...
	demands of vertex 0 at time interval: 6
	demands of vertex 1 at time interval: 6
	demands of vertex 2 at time interval: 6
	demands of vertex 3 at time interval: 6
	demands of vertex 4 at time interval: 6
	demands of vertex 5 at time interval: 6
	demands of vertex 6 at time interval: 0
	demands of vertex 7 at time interval: 0
	demands of vertex 8 at time interval: 6
	demands of vertex 9 at time interval: 6
	demands of vertex 10 at time interval: 6
	demands of vertex 11 at time interval: 6
	demands of vertex 12 at time interval: 6
	demands of vertex 13 at time interval: 6
	demands of vertex 14 at time interval: 6
	demands of vertex 15 at time interval: 6
	demands of vertex 16 at time interval: 6
	demands of vertex 17 at time interval: 6
	demands of vertex 18 at time interval: 0
	demands of vertex 19 at time interval: 0
	demands of vertex 20 at time interval: 6
	demands of vertex 21 at time interval: 6
	demands of vertex 22 at time interval: 6
	demands of vertex 23 at time interval: 6
	demands of vertex 24 at time interval: 6
	demands of vertex 25 at time interval: 0
	demands of vertex 26 at time interval: 0
	demands of vertex 27 at time interval: 6
	demands of vertex 28 at time interval: 6
	demands of vertex 29 at time interval: 6
	demands of vertex 30 at time interval: 6
	demands of vertex 31 at time interval: 6
	demands of vertex 32 at time interval: 6
	demands of vertex 33 at time interval: 6
	demands of vertex 34 at time interval: 6
	demands of vertex 35 at time interval: 6
	demands of vertex 36 at time interval: 6
	demands of vertex 37 at time interval: 6

maximum time = 29121
alpha = 50

>> Solving...
Version identifier: 20.1.0.0 | 2020-11-10 | 9bedb6d68
CPXPARAM_Threads                                 1
CPXPARAM_TimeLimit                               43200
Tried aggregator 3 times.
MIP Presolve eliminated 89747 rows and 11775 columns.
MIP Presolve modified 60325 coefficients.
Aggregator did 650 substitutions.
Reduced MIP has 275182 rows, 104831 columns, and 670725 nonzeros.
Reduced MIP has 104185 binaries, 0 generals, 0 SOSs, and 0 indicators.
Presolve time = 20.82 sec. (5920.25 ticks)
Probing fixed 0 vars, tightened 75 bounds.
Probing time = 12.06 sec. (1148.90 ticks)
Tried aggregator 1 time.
Detecting symmetries...
Elapsed time for symmetry detection = 24.34 sec. (10003.38 ticks)
Elapsed time for symmetry detection = 75.61 sec. (20006.25 ticks)
Elapsed time for symmetry detection = 120.96 sec. (30009.17 ticks)
Elapsed time for symmetry detection = 166.54 sec. (40013.34 ticks)
Found 1.805460e+76487 symmetric permutations.
MIP Presolve eliminated 147 rows and 135 columns.
MIP Presolve modified 2955 coefficients.
Reduced MIP has 275035 rows, 104696 columns, and 669885 nonzeros.
Reduced MIP has 104050 binaries, 0 generals, 0 SOSs, and 0 indicators.
Presolve time = 202.49 sec. (47460.97 ticks)
Probing fixed 0 vars, tightened 10 bounds.
Probing time = 7.81 sec. (512.20 ticks)
Clique table members: 479058.
MIP emphasis: balance optimality and feasibility.
MIP search method: dynamic search.
Parallel mode: none, using 1 thread.
Root relaxation solution time = 1559.78 sec. (104443.66 ticks)

        Nodes                                         Cuts/
   Node  Left     Objective  IInf  Best Integer    Best Bound    ItCnt     Gap

      0     0        0.0000 39246                      0.0000   112741         
      0     0     2031.0000 41792                  Cuts: 4065   223425         
      0     0     3580.1218 41405                  Cuts: 2732   233371         
      0     0     3925.7809 40956                  Cuts: 1599   239970         
      0     0     4118.8674 41537                  Cuts: 1736   247893         
      0     0     4237.2468 40467                  Cuts: 1043   255687         

Repeating presolve.
Tried aggregator 1 time.
MIP Presolve eliminated 220620 rows and 88260 columns.
MIP Presolve modified 660 coefficients.
Reduced MIP has 54415 rows, 16436 columns, and 140365 nonzeros.
Reduced MIP has 15790 binaries, 0 generals, 0 SOSs, and 0 indicators.
Presolve time = 2.48 sec. (988.82 ticks)
Probing fixed 0 vars, tightened 10 bounds.
Probing time = 0.83 sec. (202.86 ticks)
Tried aggregator 1 time.
Detecting symmetries...
MIP Presolve eliminated 70 rows and 61 columns.
MIP Presolve modified 330 coefficients.
Reduced MIP has 54345 rows, 16375 columns, and 139939 nonzeros.
Reduced MIP has 15729 binaries, 0 generals, 0 SOSs, and 0 indicators.
Presolve time = 1.56 sec. (1521.74 ticks)
Represolve time = 5.70 sec. (2851.35 ticks)
Probing fixed 0 vars, tightened 10 bounds.
Probing time = 0.36 sec. (90.61 ticks)
Clique table members: 87680.
MIP emphasis: balance optimality and feasibility.
MIP search method: dynamic search.
Parallel mode: none, using 1 thread.
Root relaxation solution time = 4.69 sec. (2374.79 ticks)

        Nodes                                         Cuts/
   Node  Left     Objective  IInf  Best Integer    Best Bound    ItCnt     Gap

      0     0     4243.9904  4171                   4243.9904   272141         
      0     0     5042.1012  4802                  Cuts: 2277   275684         
      0     0     5378.0131  4750                  Cuts: 1350   277953         
      0     0     5568.0109  4966                   Cuts: 923   280155         
      0     0     5623.0939  5061                   Cuts: 843   282184         
      0     0     5623.5610  4996                  Cuts: 1007   283970         

Repeating presolve.
Tried aggregator 1 time.
MIP Presolve eliminated 24630 rows and 9854 columns.
MIP Presolve modified 745 coefficients.
Reduced MIP has 29715 rows, 6521 columns, and 80805 nonzeros.
Reduced MIP has 5875 binaries, 0 generals, 0 SOSs, and 0 indicators.
Presolve time = 0.42 sec. (221.96 ticks)
Probing fixed 0 vars, tightened 5 bounds.
Probing time = 0.07 sec. (42.83 ticks)
Cover probing fixed 0 vars, tightened 2 bounds.
Tried aggregator 1 time.
Detecting symmetries...
MIP Presolve modified 528 coefficients.
Reduced MIP has 29715 rows, 6521 columns, and 80805 nonzeros.
Reduced MIP has 5875 binaries, 0 generals, 0 SOSs, and 0 indicators.
Presolve time = 0.35 sec. (241.66 ticks)
Represolve time = 1.03 sec. (596.76 ticks)
Probing time = 0.02 sec. (8.88 ticks)
Clique table members: 46844.
MIP emphasis: balance optimality and feasibility.
MIP search method: dynamic search.
Parallel mode: none, using 1 thread.
Root relaxation solution time = 1.79 sec. (1654.28 ticks)

        Nodes                                         Cuts/
   Node  Left     Objective  IInf  Best Integer    Best Bound    ItCnt     Gap

      0     0     5625.2115  2115                   5625.2115   292584         
      0     0     5625.3092  2018                   Cuts: 504   293616         
      0     0     5625.3092  2044                   Cuts: 371   294094         
      0     0     5625.3092  2067                   Cuts: 334   294778         
      0     2     5625.3092  2067                   5627.5561   294778         
Elapsed time = 5860.12 sec. (973885.81 ticks, tree = 0.01 MB, solutions = 0)
      1     3    13092.0000  2564                   5642.2587   301056         
      2     4     7064.1205  2143                   7180.4421   304784         
      3     5     8458.2819  1976                   7221.1312   306096         
      4     6    26184.0000   968                   7221.1312   310485         
      5     7    26184.0000   768                   7221.1312   311413         
      7     9    26184.0000   280                   7221.1312   312603         
      9     7    infeasible                         7221.1312   314696         
     10     8    14521.6667  2758                   8486.8595   326145         
     12    10    26349.0000  2424                   8486.8595   334573         
     13    11    26184.0000  2743                   8486.8595   350597         
Elapsed time = 5897.42 sec. (995498.30 ticks, tree = 0.06 MB, solutions = 0)
     15    11    26558.0000   308                   8486.8595   355665         
     21    13    infeasible                         8486.8595   356345         
     23    13    16477.0000  2490                  13092.0000   361436         
     24    14    18903.7500  2445                  13092.0000   365473         
     25    15    19182.2000  2191                  13092.0000   367192         
     26    16    26184.0000  1903                  13092.0000   372931         
     27    17    26184.0000  1573                  13092.0000   375973         
     43    30    26299.0000   202                  13092.0000   380589         
     68    40    13092.0000  2666                  13092.0000   390112         
     71    43    26184.0000  2637                  13092.0000   401451         
Elapsed time = 5924.73 sec. (1013486.24 ticks, tree = 0.34 MB, solutions = 0)
     73    45    26184.0000  2298                  13092.0000   413178         
     77    49    26184.0000  1841                  13092.0000   422055         
     78    50    26184.0000  1657                  13092.0000   425745         
    100    72    26184.0000  1423                  13092.0000   430261         
    140   103    26184.0000  2196                  13092.0000   438844         
    141   104    26184.0000  2234                  13092.0000   443357         
    150   113    26702.0000   253                  13092.0000   450587         
    161   120    13092.0000  2720                  13092.0000   459209         
    164   123    13092.0000  2547                  13092.0000   465059         
    167   126    13092.0996  2255                  13092.0000   469110         
Elapsed time = 5952.11 sec. (1029321.68 ticks, tree = 1.22 MB, solutions = 0)
    208   157    13092.0000  2696                  13092.0000   479724         
    216   165    26443.0000  1472                  13092.0000   487450         
    280   224    27076.0000   148                  13092.0000   490035         
    301   226    14780.6667  2554                  13092.0000   497368         
    343   263    infeasible                        13092.0000   504079         
    352   265    26443.0000  2027                  13092.0996   512151         
    388   289    13610.0000  2227                  13092.0996   517359         
    467   367    26961.0000   884                  13092.0996   521168         
    531   407    13351.0000  2331                  13095.1280   524421         
    533   407    infeasible                        13095.1280   528272         
Elapsed time = 5976.73 sec. (1043166.00 ticks, tree = 3.44 MB, solutions = 0)
    576   434    13095.1280  2239                  13095.1280   533427         
    635   493    13725.0000  1523                  13095.1280   535910         
    703   546    13351.0000  2087                  13108.7230   538994         
    716   557    13840.1975  1246                  13108.7230   544810         
    750   577    13357.2560  1964                  13207.0000   549102         
    772   598    27076.0000   498                  13207.0000   552133         
    810   609    26443.0000  1483                  13207.0000   557595         
    845   641    13869.0000   868                  13207.0000   562302         
    866   650    13869.0000  1034                  13207.0000   566763         
    891   665    26443.0000  1199                  13351.0000   572457         
Elapsed time = 5996.29 sec. (1053963.55 ticks, tree = 5.59 MB, solutions = 0)
    930   696    27479.0000   190                  13351.0000   577504         
    980   728    14214.0000   552                  13351.0000   580947         
   1016   742    13635.0000  1108                  13351.0000   585276         
   1019   745    13635.0000   580                  13351.0000   586142         
   1052   760    13351.0000  1592                  13351.0000   589139         
   1084   785    13367.6667  1579                  13351.0000   593310         
   1114   809    13466.0000  1698                  13351.0000   596635         
   1132   821    27335.0000   254                  13351.0000   603543         
   1150   833    14099.0000  1239                  13351.0000   609515         
   1160   835    13610.0000  1837                  13351.0000   615245         
Elapsed time = 6014.90 sec. (1064197.84 ticks, tree = 7.05 MB, solutions = 0)
   1201   853    14033.2407   889                  13351.0000   619204         
   1210   854    13351.6039  2331                  13351.0000   622290         
   1228   865    13351.0000  2128                  13351.0000   628940         
   1253   884    28803.0000   294                  13351.0000   634745         
   1287   898    13376.0000  1471                  13351.5073   640207         
   1320   918    13610.1975  1905                  13351.5073   647276         
   1344   932    15567.0000   586                  13351.5073   652698         
   1370   940    15736.0000   656                  13351.5837   659118         
   1391   945    15193.0000  1854                  13351.6053   664316         
   1417   963    27191.0000   610                  13357.2560   671646         
Elapsed time = 6036.06 sec. (1076688.39 ticks, tree = 8.12 MB, solutions = 0)
   1448   978    26443.0857  1216                  13357.2560   678711         
   1470   990    13610.0000  1775                  13367.6667   685479         
   1501   999    infeasible                        13376.0000   691296         
   1525  1007    13984.0000  1729                  13401.0000   697047         
   1532  1008    13610.0000  1712                  13401.0000   702610         
   1553  1018    13401.0000  1836                  13401.0000   708358         
   1554  1019    13610.0000  1281                  13401.0000   710032         
   1579  1036    28803.0000   706                  13466.0000   714705         
   1608  1055    13984.0000   803                  13466.0000   720219         
   1664  1071    13984.0000   999                  13466.0000   723383         
Elapsed time = 6055.74 sec. (1087574.92 ticks, tree = 9.07 MB, solutions = 0)
   1692  1075    15193.0000  1025                  13466.0000   731241         
   1720  1091    26558.0000   573                  13466.0000   737284         
   1785  1100    13466.0000  1839                  13466.0000   740976         
   1837  1132    13725.0000  1689                  13466.0000   747618         
   1849  1134    infeasible                        13466.0000   752738         
   1874  1143    13610.0000  1881                  13466.0000   758739         
   1895  1158    28803.0000   764                  13466.0000   766132         
   1929  1178    infeasible                        13466.0000   771028         
   1931  1178    26817.0000   886                  13466.0000   773563         
   1964  1193    26558.0000  1222                  13466.0000   780835         
Elapsed time = 6075.32 sec. (1099041.63 ticks, tree = 10.26 MB, solutions = 0)
   2010  1218    13775.0000  1835                  13610.0000   787025         
   2042  1228    14128.0000   926                  13610.0000   791244         

Performing restart 1

Repeating presolve.
Tried aggregator 1 time.
MIP Presolve eliminated 725 rows and 290 columns.
MIP Presolve modified 236 coefficients.
Reduced MIP has 28990 rows, 6231 columns, and 79029 nonzeros.
Reduced MIP has 5585 binaries, 0 generals, 0 SOSs, and 0 indicators.
Presolve time = 0.23 sec. (202.22 ticks)
Tried aggregator 1 time.
MIP Presolve modified 1382 coefficients.
Reduced MIP has 28990 rows, 6231 columns, and 79029 nonzeros.
Reduced MIP has 5585 binaries, 0 generals, 0 SOSs, and 0 indicators.
Presolve time = 0.37 sec. (217.32 ticks)
Represolve time = 1.07 sec. (571.72 ticks)
   2060     0     6015.7150  2480                  Cuts: 2599   812490         
   2060     0     6410.5127  2290                   Cuts: 751   814530         
   2060     0     6861.3975  2461                  Cuts: 1712   818836         
   2060     0     7008.6925  2413                   Cuts: 443   820438         
   2060     0     7018.1110  2503                  Cuts: 1704   825138         
   2060     0     7027.7453  2256                   Cuts: 438   827025         
   2060     0     7032.7170  2406                  Cuts: 1742   829453         
   2060     2     7032.7170  2114                  13610.0000   829453         
   2062     4    11667.6349  2258                  13610.0000   834538         
   2063     5    14555.2246  2548                  13610.0000   841953         
   2066     6    15968.4992  2095                  13610.0000   848654         
   2068     8    26184.0000  2271                  13610.0000   854930         
   2070    10    26184.0000   873                  13610.0000   865319         
   2071    11    26184.0000   469                  13610.0000   869022         
*  2080+   16                        26443.0000    13610.0000            48.53%
   2080    18    26184.0000    60    26443.0000    13610.0000   870199   48.53%
Elapsed time = 6187.70 sec. (1173452.75 ticks, tree = 0.34 MB, solutions = 1)
*  2090     5      integral     0    26184.0000    13610.0000   871214   48.02%
   2093     6    13351.0000  1324    26184.0000    13610.0000   881053   48.02%
   2096     9    13610.0000  1096    26184.0000    13610.0000   882529   48.02%
   2158    55    13466.0000  1102    26184.0000    13610.0000   887666   48.02%
   2230   113    13351.0000  1142    26184.0000    13610.0000   892893   48.02%
   2267   133    infeasible          26184.0000    13610.0000   895495   48.02%
   2277   141    15423.0000   955    26184.0000    13610.0000   896700   48.02%
   2343   187    13610.0000  1016    26184.0000    13610.0000   901642   48.02%
   2367   201    13725.0000   998    26184.0000    13610.0000   904245   48.02%
   2373   201    13725.0000   796    26184.0000    13610.0000   905081   48.02%
   2410   226    14387.0000   641    26184.0000    13610.0000   908079   48.02%
Elapsed time = 6238.96 sec. (1214130.20 ticks, tree = 2.87 MB, solutions = 2)
   2435   237    13610.0000   767    26184.0000    13610.0000   910021   48.02%
   2498   277    13885.0000   794    26184.0000    13610.0000   913011   48.02%
   2562   316    infeasible          26184.0000    13610.0000   917015   48.02%
   2587   335    14667.0000   799    26184.0000    13610.0000   920636   48.02%
   2675   391    13984.0000   895    26184.0000    13610.0000   923873   48.02%
   2686   393    13869.0000   666    26184.0000    13610.0000   925850   48.02%
   2692   393    13610.0000   937    26184.0000    13610.0000   927311   48.02%
   2720   411    13610.0000   881    26184.0000    13610.0000   928551   48.02%
   2779   452    13610.1975   810    26184.0000    13610.0000   932417   48.02%
   2843   487    13869.0000  1018    26184.0000    13610.0000   935668   48.02%
Elapsed time = 6291.59 sec. (1255104.51 ticks, tree = 46.83 MB, solutions = 2)
   2893   523    infeasible          26184.0000    13610.0000   939438   48.02%
   2974   565    15452.0000   864    26184.0000    13610.0000   943719   48.02%
   3024   593    13610.0000  1212    26184.0000    13610.0000   947566   48.02%
   3051   614    14099.0000   984    26184.0000    13610.0000   951242   48.02%
   3091   638    13610.0000  1131    26184.0000    13610.0000   954205   48.02%
   3126   659    infeasible          26184.0000    13610.0000   958254   48.02%
   3174   692    13725.0000   798    26184.0000    13610.0000   961587   48.02%
   3235   736    13635.0000  1179    26184.0000    13610.0000   965225   48.02%
   3252   743    13869.0000   914    26184.0000    13610.0000   970720   48.02%
   3296   762    infeasible          26184.0000    13610.0000   974906   48.02%
Elapsed time = 6346.91 sec. (1298500.64 ticks, tree = 114.13 MB, solutions = 2)
   3345   793    13869.0000   930    26184.0000    13610.0000   978566   48.02%
   3397   830    infeasible          26184.0000    13610.0000   982659   48.02%
   3446   853    13610.0000  1043    26184.0000    13610.0000   986105   48.02%
   3529   894    infeasible          26184.0000    13610.1474   989155   48.02%
   3590   928    15502.0000   620    26184.0000    13610.1975   993106   48.02%
   3670   963    13635.0000  1130    26184.0000    13610.1975   997141   48.02%
   3710   980    13635.0000  1187    26184.0000    13610.1975  1001045   48.02%
   3736   986    13869.0000  1036    26184.0000    13610.1975  1005640   48.02%
   3772   997    infeasible          26184.0000    13610.1975  1009171   48.02%
   3832  1031    14761.0000   950    26184.0000    13610.1991  1012325   48.02%
Elapsed time = 6399.82 sec. (1338909.79 ticks, tree = 179.52 MB, solutions = 2)
   3870  1050    14293.0000   915    26184.0000    13610.1991  1015572   48.02%
   3909  1064    infeasible          26184.0000    13635.0000  1021224   47.93%
   3939  1072    infeasible          26184.0000    13635.0000  1025627   47.93%
   3977  1082    infeasible          26184.0000    13635.0000  1028479   47.93%
   4016  1097    14387.0000   861    26184.0000    13635.0000  1032952   47.93%
   4042  1101    15711.0000   746    26184.0000    13644.8485  1036508   47.89%
   4099  1126    infeasible          26184.0000    13725.0000  1040651   47.58%
   4128  1134    infeasible          26184.0000    13725.0000  1043568   47.58%
   4186  1146    15452.0000   774    26184.0000    13725.0000  1047363   47.58%
   4250  1162    14128.0000   680    26184.0000    13725.0000  1050536   47.58%
Elapsed time = 6446.41 sec. (1378301.05 ticks, tree = 214.17 MB, solutions = 2)
   4304  1174    13869.0000   764    26184.0000    13725.0000  1053749   47.58%
   4356  1193    infeasible          26184.0000    13725.0000  1059781   47.58%
   4380  1185    13726.4673   964    26184.0000    13725.0000  1065195   47.58%
   4429  1197    infeasible          26184.0000    13725.1975  1069058   47.58%
   4479  1207    infeasible          26184.0000    13725.8830  1072109   47.58%
   4544  1241    13894.0000   965    26184.0000    13750.0000  1077015   47.49%
   4614  1259    infeasible          26184.0000    13840.0000  1079903   47.14%
   4715  1281    13869.0000   800    26184.0000    13869.0000  1083448   47.03%
   4779  1300    14128.0000   473    26184.0000    13869.0000  1086259   47.03%
   4867  1332    infeasible          26184.0000    13869.0000  1089607   47.03%
Elapsed time = 6478.12 sec. (1418697.98 ticks, tree = 255.42 MB, solutions = 2)
   4924  1327    15218.0000   806    26184.0000    13869.0000  1095196   47.03%
   4965  1338    infeasible          26184.0000    13869.0000  1099056   47.03%
   5033  1358    14128.0000   937    26184.0000    13869.0000  1101809   47.03%
   5085  1354    14127.9999   727    26184.0000    13869.0000  1106503   47.03%
   5161  1376    15711.0000   814    26184.0000    13869.0000  1110656   47.03%
   5213  1391    14128.0000   630    26184.0000    13869.0000  1113685   47.03%
   5280  1419    13869.0000   947    26184.0000    13869.0000  1117316   47.03%
   5361  1454    14128.0000   792    26184.0000    13869.0000  1120418   47.03%
   5436  1467    infeasible          26184.0000    13869.0000  1123884   47.03%
   5512  1493    15452.0000   663    26184.0000    13869.0000  1127505   47.03%
Elapsed time = 6508.99 sec. (1458483.52 ticks, tree = 294.57 MB, solutions = 2)
   5587  1513    13869.0000   953    26184.0000    13869.0000  1131071   47.03%
   5651  1527    13869.0000  1003    26184.0000    13869.0000  1135002   47.03%
   5706  1532    infeasible          26184.0000    13869.0000  1139187   47.03%
   5757  1526    infeasible          26184.0000    13869.5797  1144946   47.03%
   5819  1528    13984.0000   979    26184.0000    13894.0000  1148023   46.94%
   5878  1541    14101.6664   870    26184.0000    13894.0000  1151146   46.94%
   5937  1550    infeasible          26184.0000    13919.0000  1155144   46.84%
   6035  1576    infeasible          26184.0000    13919.1120  1160005   46.84%
   6094  1568    infeasible          26184.0000    13984.0000  1163810   46.59%
   6186  1566    14034.0000   814    26184.0000    13984.0000  1166954   46.59%
Elapsed time = 6559.25 sec. (1499429.46 ticks, tree = 317.64 MB, solutions = 2)
   6251  1561    14387.0000   878    26184.0000    13984.0000  1171378   46.59%
   6296  1563    14387.0000   763    26184.0000    13984.0000  1174368   46.59%
   6382  1581    infeasible          26184.0000    13984.0000  1177877   46.59%
   6460  1570    infeasible          26184.0000    13984.0000  1181783   46.59%
   6525  1561    infeasible          26184.0000    13984.0000  1185605   46.59%
   6581  1569    infeasible          26184.0000    13984.1975  1188908   46.59%
   6622  1574    14243.3365   950    26184.0000    13984.4447  1194045   46.59%
   6670  1550    14223.3588  1086    26184.0000    14034.0000  1199926   46.40%
   6722  1533    14293.3588   727    26184.0000    14034.3588  1203326   46.40%
   6818  1500    infeasible          26184.0000    14101.6664  1206286   46.14%
Elapsed time = 6612.49 sec. (1539520.74 ticks, tree = 309.01 MB, solutions = 2)
   6891  1496    14128.0000   734    26184.0000    14128.0000  1209482   46.04%
   6952  1475    infeasible          26184.0000    14128.0000  1213293   46.04%
   7014  1471    infeasible          26184.0000    14128.0000  1217767   46.04%
   7099  1442    infeasible          26184.0000    14128.0000  1220987   46.04%
   7187  1430    14387.0000   858    26184.0000    14128.0000  1224411   46.04%
   7258  1421    15452.0000   672    26184.0000    14128.0000  1227931   46.04%
   7354  1414    14128.0000   891    26184.0000    14128.0000  1230823   46.04%
   7495  1457    infeasible          26184.0000    14128.0000  1233461   46.04%
   7608  1471    infeasible          26184.0000    14128.0000  1236588   46.04%
   7704  1406    infeasible          26184.0000    14149.0000  1239375   45.96%
Elapsed time = 6666.19 sec. (1579007.53 ticks, tree = 292.29 MB, solutions = 2)
   7821  1367    14552.0000   657    26184.0000    14178.0000  1243243   45.85%
   7881  1349    infeasible          26184.0000    14178.0996  1247854   45.85%
   7988  1300    infeasible          26184.0000    14243.0000  1253067   45.60%
   8076  1291    infeasible          26184.0000    14243.0000  1256949   45.60%
   8200  1267    14243.0000   763    26184.0000    14243.0000  1260426   45.60%
   8298  1238    infeasible          26184.0000    14243.0000  1264302   45.60%
   8430  1166    infeasible          26184.0000    14293.0000  1269571   45.41%
   8690  1025    14617.0000   766    26184.0000    14358.0000  1271319   45.16%
   8856  1000    14437.0000   790    26184.0000    14387.0000  1274113   45.05%
   8941   991    14387.0000   852    26184.0000    14387.0000  1277768   45.05%
Elapsed time = 6726.87 sec. (1619646.92 ticks, tree = 203.10 MB, solutions = 2)
   9089   953    infeasible          26184.0000    14387.0000  1280983   45.05%
   9254   899    infeasible          26184.0000    14387.0000  1283765   45.05%
   9409   859    14408.0000   888    26184.0000    14408.0000  1287938   44.97%
   9584   805    infeasible          26184.0000    14437.0000  1289550   44.86%
   9719   757    14474.0000   840    26184.0000    14474.0000  1291970   44.72%
   9966   666    14502.0000   818    26184.0000    14502.0000  1293719   44.62%
  10090   654    infeasible          26184.0000    14502.0000  1296657   44.62%
  10352   507    14646.0000   678    26184.0000    14646.0000  1297959   44.07%
  10466   490    14646.0000   862    26184.0000    14646.0000  1300646   44.07%
  10650   391    15193.0857   827    26184.0000    15193.0000  1304378   41.98%
Elapsed time = 6790.50 sec. (1660284.60 ticks, tree = 72.54 MB, solutions = 2)
  10730   344    15193.1975   844    26184.0000    15193.0000  1310872   41.98%
  10809   348    infeasible          26184.0000    15193.0857  1315812   41.98%
  10873   341    infeasible          26184.0000    15308.0000  1321553   41.54%
  10925   289    infeasible          26184.0000    15452.0000  1329718   40.99%
  10978   238    15452.0000   936    26184.0000    15452.0000  1336129   40.99%
  11006   232    infeasible          26184.0000    15452.0000  1340955   40.99%
  11087   151    infeasible          26184.0000    15567.0000  1348596   40.55%
  11164    74    infeasible          26184.0000    15711.0000  1355631   40.00%

GUB cover cuts applied:  13
Clique cuts applied:  8
Cover cuts applied:  280
Implied bound cuts applied:  227
Flow cuts applied:  136
Mixed integer rounding cuts applied:  129
Zero-half cuts applied:  88
Lift and project cuts applied:  4
Gomory fractional cuts applied:  3

Root node processing (before b&c):
  Real time             = 5860.06 sec. (973756.86 ticks)
Sequential b&c:
  Real time             =  977.87 sec. (721749.63 ticks)
                          ------------
Total (root+branch&cut) = 6837.93 sec. (1695506.49 ticks)
Optimal

>> Printing some results...
    -> Solution value = 26183 - 07:16:23
    -> Total time = 6837.93
    -> Gap value = 0.00

=============
Train 0
=============
> Trip 0
   0(time 9207 - 02:33:27)(time 9452 - 02:37:32) ->    1(time 9567 - 02:39:27)(time 9807 - 02:43:27) ->    2(time 10238 - 02:50:38)(time 10472 - 02:54:32) ->    3(time 10587 - 02:56:27)(time 10820 - 03:00:20) ->    4(time 10935 - 03:02:15)(time 11178 - 03:06:18) ->    5(time 11609 - 03:13:29)(time 11819 - 03:16:59) ->    6(time 12250 - 03:24:10)(time 12495 - 03:28:15) ->    7(time 12926 - 03:35:26)(time 13152 - 03:39:12) ->    8(time 13583 - 03:46:23)(time 13819 - 03:50:19) ->    9(time 14250 - 03:57:30)(time 14485 - 04:01:25) ->    10(time 14916 - 04:08:36)(time 15129 - 04:12:09) ->    11(time 15560 - 04:19:20)(time 15764 - 04:22:44) ->    12(time 16195 - 04:29:55)(time 16444 - 04:34:04) ->    13(time 16875 - 04:41:15)(time 17112 - 04:45:12) ->    14(time 17543 - 04:52:23)(time 17786 - 04:56:26) ->    15(time 18199 - 05:03:19)(time 18440 - 05:07:20) ->    16(time 18555 - 05:09:15)(time 18771 - 05:12:51) ->    17(time 18886 - 05:14:46)(time 19120 - 05:18:40) ->    18(time 19379 - 05:22:59)(time 19379 - 05:22:59) ->    37(time 19379 - 05:22:59)(time 19613 - 05:26:53) ->    36(time 19728 - 05:28:48)(time 19944 - 05:32:24) ->    35(time 20059 - 05:34:19)(time 20300 - 05:38:20) ->    34(time 20559 - 05:42:39)(time 20802 - 05:46:42) ->    33(time 20917 - 05:48:37)(time 21154 - 05:52:34) ->    32(time 21269 - 05:54:29)(time 21518 - 05:58:38) ->    31(time 21633 - 06:00:33)(time 21837 - 06:03:57) ->    30(time 21952 - 06:05:52)(time 22165 - 06:09:25) ->    29(time 22280 - 06:11:20)(time 22515 - 06:15:15) ->    28(time 22630 - 06:17:10)(time 22866 - 06:21:06) ->    27(time 22981 - 06:23:01)(time 23207 - 06:26:47) ->    26(time 23252 - 06:27:32)(time 23497 - 06:31:37) ->    25(time 23542 - 06:32:22)(time 23752 - 06:35:52) ->    24(time 24011 - 06:40:11)(time 24254 - 06:44:14) ->    23(time 24369 - 06:46:09)(time 24602 - 06:50:02) ->    22(time 24717 - 06:51:57)(time 24951 - 06:55:51) ->    21(time 25066 - 06:57:46)(time 25306 - 07:01:46) ->    20(time 25421 - 07:03:41)(time 25666 - 07:07:46) ->    19(time 25925 - 07:12:05)(time 25925 - 07:12:05) -> 0
=============
Train 1
=============
> Trip 0
   0(time 8585 - 02:23:05)(time 8830 - 02:27:10) ->    1(time 8945 - 02:29:05)(time 9185 - 02:33:05) ->    2(time 9300 - 02:35:00)(time 9534 - 02:38:54) ->    3(time 9649 - 02:40:49)(time 9882 - 02:44:42) ->    4(time 9997 - 02:46:37)(time 10240 - 02:50:40) ->    5(time 10499 - 02:54:59)(time 10709 - 02:58:29) ->    6(time 10923 - 03:02:03)(time 11168 - 03:06:08) ->    7(time 11324 - 03:08:44)(time 11550 - 03:12:30) ->    8(time 11981 - 03:19:41)(time 12217 - 03:23:37) ->    9(time 12648 - 03:30:48)(time 12883 - 03:34:43) ->    10(time 13314 - 03:41:54)(time 13527 - 03:45:27) ->    11(time 13958 - 03:52:38)(time 14162 - 03:56:02) ->    12(time 14277 - 03:57:57)(time 14526 - 04:02:06) ->    13(time 14641 - 04:04:01)(time 14878 - 04:07:58) ->    14(time 14993 - 04:09:53)(time 15236 - 04:13:56) ->    15(time 15495 - 04:18:15)(time 15736 - 04:22:16) ->    16(time 15851 - 04:24:11)(time 16067 - 04:27:47) ->    17(time 16182 - 04:29:42)(time 16416 - 04:33:36) ->    18(time 16847 - 04:40:47)(time 16847 - 04:40:47) ->    37(time 16847 - 04:40:47)(time 17081 - 04:44:41) ->    36(time 17196 - 04:46:36)(time 17412 - 04:50:12) ->    35(time 17527 - 04:52:07)(time 17768 - 04:56:08) ->    34(time 18199 - 05:03:19)(time 18442 - 05:07:22) ->    33(time 18557 - 05:09:17)(time 18794 - 05:13:14) ->    32(time 19225 - 05:20:25)(time 19474 - 05:24:34) ->    31(time 19589 - 05:26:29)(time 19793 - 05:29:53) ->    30(time 19908 - 05:31:48)(time 20121 - 05:35:21) ->    29(time 20236 - 05:37:16)(time 20471 - 05:41:11) ->    28(time 20902 - 05:48:22)(time 21138 - 05:52:18) ->    27(time 21569 - 05:59:29)(time 21795 - 06:03:15) ->    26(time 22221 - 06:10:21)(time 22466 - 06:14:26) ->    25(time 22516 - 06:15:16)(time 22726 - 06:18:46) ->    24(time 22985 - 06:23:05)(time 23228 - 06:27:08) ->    23(time 23343 - 06:29:03)(time 23576 - 06:32:56) ->    22(time 23691 - 06:34:51)(time 23925 - 06:38:45) ->    21(time 24040 - 06:40:40)(time 24280 - 06:44:40) ->    20(time 24395 - 06:46:35)(time 24640 - 06:50:40) ->    19(time 24899 - 06:54:59)(time 24899 - 06:54:59) -> 0
=============
Train 2
=============
> Trip 0
   0(time 115 - 00:01:55)(time 360 - 00:06:00) ->    1(time 475 - 00:07:55)(time 715 - 00:11:55) ->    2(time 830 - 00:13:50)(time 1064 - 00:17:44) ->    3(time 1179 - 00:19:39)(time 1412 - 00:23:32) ->    4(time 1671 - 00:27:51)(time 1914 - 00:31:54) ->    5(time 2173 - 00:36:13)(time 2383 - 00:39:43) ->    6(time 2428 - 00:40:28)(time 2673 - 00:44:33) ->    7(time 2718 - 00:45:18)(time 2944 - 00:49:04) ->    8(time 3059 - 00:50:59)(time 3295 - 00:54:55) ->    9(time 3410 - 00:56:50)(time 3645 - 01:00:45) ->    10(time 3760 - 01:02:40)(time 3973 - 01:06:13) ->    11(time 4088 - 01:08:08)(time 4292 - 01:11:32) ->    12(time 4407 - 01:13:27)(time 4656 - 01:17:36) ->    13(time 4771 - 01:19:31)(time 5008 - 01:23:28) ->    14(time 5123 - 01:25:23)(time 5366 - 01:29:26) ->    15(time 5625 - 01:33:45)(time 5866 - 01:37:46) ->    16(time 5981 - 01:39:41)(time 6197 - 01:43:17) ->    17(time 6312 - 01:45:12)(time 6546 - 01:49:06) ->    18(time 6805 - 01:53:25)(time 6805 - 01:53:25) ->    37(time 6805 - 01:53:25)(time 7039 - 01:57:19) ->    36(time 7154 - 01:59:14)(time 7370 - 02:02:50) ->    35(time 7485 - 02:04:45)(time 7726 - 02:08:46) ->    34(time 7985 - 02:13:05)(time 8228 - 02:17:08) ->    33(time 8343 - 02:19:03)(time 8580 - 02:23:00) ->    32(time 8695 - 02:24:55)(time 8944 - 02:29:04) ->    31(time 9059 - 02:30:59)(time 9263 - 02:34:23) ->    30(time 9378 - 02:36:18)(time 9591 - 02:39:51) ->    29(time 9706 - 02:41:46)(time 9941 - 02:45:41) ->    28(time 10056 - 02:47:36)(time 10292 - 02:51:32) ->    27(time 10407 - 02:53:27)(time 10633 - 02:57:13) ->    26(time 10678 - 02:57:58)(time 10923 - 03:02:03) ->    25(time 10968 - 03:02:48)(time 11178 - 03:06:18) ->    24(time 11437 - 03:10:37)(time 11680 - 03:14:40) ->    23(time 11795 - 03:16:35)(time 12028 - 03:20:28) ->    22(time 12143 - 03:22:23)(time 12377 - 03:26:17) ->    21(time 12492 - 03:28:12)(time 12732 - 03:32:12) ->    20(time 12847 - 03:34:07)(time 13092 - 03:38:12) ->    19(time 13523 - 03:45:23)(time 13523 - 03:45:23) -> 0
=============
Train 3
=============
> Trip 0
   0(time 8700 - 02:25:00)(time 8945 - 02:29:05) ->    1(time 9060 - 02:31:00)(time 9300 - 02:35:00) ->    2(time 9415 - 02:36:55)(time 9649 - 02:40:49) ->    3(time 9840 - 02:44:00)(time 10073 - 02:47:53) ->    4(time 10504 - 02:55:04)(time 10747 - 02:59:07) ->    5(time 11178 - 03:06:18)(time 11388 - 03:09:48) ->    6(time 11433 - 03:10:33)(time 11678 - 03:14:38) ->    7(time 12071 - 03:21:11)(time 12297 - 03:24:57) ->    8(time 12728 - 03:32:08)(time 12964 - 03:36:04) ->    9(time 13395 - 03:43:15)(time 13630 - 03:47:10) ->    10(time 13745 - 03:49:05)(time 13958 - 03:52:38) ->    11(time 14073 - 03:54:33)(time 14277 - 03:57:57) ->    12(time 14392 - 03:59:52)(time 14641 - 04:04:01) ->    13(time 14756 - 04:05:56)(time 14993 - 04:09:53) ->    14(time 15252 - 04:14:12)(time 15495 - 04:18:15) ->    15(time 15754 - 04:22:34)(time 15995 - 04:26:35) ->    16(time 16110 - 04:28:30)(time 16326 - 04:32:06) ->    17(time 16613 - 04:36:53)(time 16847 - 04:40:47) ->    18(time 17106 - 04:45:06)(time 17106 - 04:45:06) ->    37(time 17106 - 04:45:06)(time 17340 - 04:49:00) ->    36(time 17627 - 04:53:47)(time 17843 - 04:57:23) ->    35(time 17958 - 04:59:18)(time 18199 - 05:03:19) ->    34(time 18630 - 05:10:30)(time 18873 - 05:14:33) ->    33(time 19304 - 05:21:44)(time 19541 - 05:25:41) ->    32(time 19972 - 05:32:52)(time 20221 - 05:37:01) ->    31(time 20652 - 05:44:12)(time 20856 - 05:47:36) ->    30(time 20971 - 05:49:31)(time 21184 - 05:53:04) ->    29(time 21299 - 05:54:59)(time 21534 - 05:58:54) ->    28(time 21649 - 06:00:49)(time 21885 - 06:04:45) ->    27(time 22000 - 06:06:40)(time 22226 - 06:10:26) ->    26(time 22271 - 06:11:11)(time 22516 - 06:15:16) ->    25(time 22947 - 06:22:27)(time 23157 - 06:25:57) ->    24(time 23416 - 06:30:16)(time 23659 - 06:34:19) ->    23(time 23774 - 06:36:14)(time 24007 - 06:40:07) ->    22(time 24438 - 06:47:18)(time 24672 - 06:51:12) ->    21(time 24787 - 06:53:07)(time 25027 - 06:57:07) ->    20(time 25142 - 06:59:02)(time 25387 - 07:03:07) ->    19(time 25646 - 07:07:26)(time 25646 - 07:07:26) -> 0
=============
Train 4
=============
> Trip 0
   0(time 0 - 00:00:00)(time 245 - 00:04:05) ->    1(time 360 - 00:06:00)(time 600 - 00:10:00) ->    2(time 715 - 00:11:55)(time 949 - 00:15:49) ->    3(time 1064 - 00:17:44)(time 1297 - 00:21:37) ->    4(time 1412 - 00:23:32)(time 1655 - 00:27:35) ->    5(time 1914 - 00:31:54)(time 2124 - 00:35:24) ->    6(time 2169 - 00:36:09)(time 2414 - 00:40:14) ->    7(time 2459 - 00:40:59)(time 2685 - 00:44:45) ->    8(time 2800 - 00:46:40)(time 3036 - 00:50:36) ->    9(time 3151 - 00:52:31)(time 3386 - 00:56:26) ->    10(time 3501 - 00:58:21)(time 3714 - 01:01:54) ->    11(time 3829 - 01:03:49)(time 4033 - 01:07:13) ->    12(time 4148 - 01:09:08)(time 4397 - 01:13:17) ->    13(time 4512 - 01:15:12)(time 4749 - 01:19:09) ->    14(time 4864 - 01:21:04)(time 5107 - 01:25:07) ->    15(time 5366 - 01:29:26)(time 5607 - 01:33:27) ->    16(time 5722 - 01:35:22)(time 5938 - 01:38:58) ->    17(time 6053 - 01:40:53)(time 6287 - 01:44:47) ->    18(time 6546 - 01:49:06)(time 6546 - 01:49:06) ->    37(time 6546 - 01:49:06)(time 6780 - 01:53:00) ->    36(time 6895 - 01:54:55)(time 7111 - 01:58:31) ->    35(time 7226 - 02:00:26)(time 7467 - 02:04:27) ->    34(time 7726 - 02:08:46)(time 7969 - 02:12:49) ->    33(time 8084 - 02:14:44)(time 8321 - 02:18:41) ->    32(time 8436 - 02:20:36)(time 8685 - 02:24:45) ->    31(time 8800 - 02:26:40)(time 9004 - 02:30:04) ->    30(time 9119 - 02:31:59)(time 9332 - 02:35:32) ->    29(time 9447 - 02:37:27)(time 9682 - 02:41:22) ->    28(time 9797 - 02:43:17)(time 10033 - 02:47:13) ->    27(time 10148 - 02:49:08)(time 10374 - 02:52:54) ->    26(time 10419 - 02:53:39)(time 10664 - 02:57:44) ->    25(time 10709 - 02:58:29)(time 10919 - 03:01:59) ->    24(time 11178 - 03:06:18)(time 11421 - 03:10:21) ->    23(time 11536 - 03:12:16)(time 11769 - 03:16:09) ->    22(time 11884 - 03:18:04)(time 12118 - 03:21:58) ->    21(time 12233 - 03:23:53)(time 12473 - 03:27:53) ->    20(time 12588 - 03:29:48)(time 12833 - 03:33:53) ->    19(time 13092 - 03:38:12)(time 13092 - 03:38:12) -> 0
> Trip 1
   0(time 13092 - 03:38:12)(time 13337 - 03:42:17) ->    1(time 13452 - 03:44:12)(time 13692 - 03:48:12) ->    2(time 13807 - 03:50:07)(time 14041 - 03:54:01) ->    3(time 14156 - 03:55:56)(time 14389 - 03:59:49) ->    4(time 14504 - 04:01:44)(time 14747 - 04:05:47) ->    5(time 15006 - 04:10:06)(time 15216 - 04:13:36) ->    6(time 15261 - 04:14:21)(time 15506 - 04:18:26) ->    7(time 15551 - 04:19:11)(time 15777 - 04:22:57) ->    8(time 15892 - 04:24:52)(time 16128 - 04:28:48) ->    9(time 16243 - 04:30:43)(time 16478 - 04:34:38) ->    10(time 16593 - 04:36:33)(time 16806 - 04:40:06) ->    11(time 16921 - 04:42:01)(time 17125 - 04:45:25) ->    12(time 17240 - 04:47:20)(time 17489 - 04:51:29) ->    13(time 17604 - 04:53:24)(time 17841 - 04:57:21) ->    14(time 17956 - 04:59:16)(time 18199 - 05:03:19) ->    15(time 18458 - 05:07:38)(time 18699 - 05:11:39) ->    16(time 18814 - 05:13:34)(time 19030 - 05:17:10) ->    17(time 19145 - 05:19:05)(time 19379 - 05:22:59) ->    18(time 19638 - 05:27:18)(time 19638 - 05:27:18) ->    37(time 19638 - 05:27:18)(time 19872 - 05:31:12) ->    36(time 19987 - 05:33:07)(time 20203 - 05:36:43) ->    35(time 20318 - 05:38:38)(time 20559 - 05:42:39) ->    34(time 20818 - 05:46:58)(time 21061 - 05:51:01) ->    33(time 21176 - 05:52:56)(time 21413 - 05:56:53) ->    32(time 21528 - 05:58:48)(time 21777 - 06:02:57) ->    31(time 21892 - 06:04:52)(time 22096 - 06:08:16) ->    30(time 22211 - 06:10:11)(time 22424 - 06:13:44) ->    29(time 22539 - 06:15:39)(time 22774 - 06:19:34) ->    28(time 22889 - 06:21:29)(time 23125 - 06:25:25) ->    27(time 23240 - 06:27:20)(time 23466 - 06:31:06) ->    26(time 23511 - 06:31:51)(time 23756 - 06:35:56) ->    25(time 23801 - 06:36:41)(time 24011 - 06:40:11) ->    24(time 24270 - 06:44:30)(time 24513 - 06:48:33) ->    23(time 24628 - 06:50:28)(time 24861 - 06:54:21) ->    22(time 24976 - 06:56:16)(time 25210 - 07:00:10) ->    21(time 25325 - 07:02:05)(time 25565 - 07:06:05) ->    20(time 25680 - 07:08:00)(time 25925 - 07:12:05) ->    19(time 26184 - 07:16:24)(time 26184 - 07:16:24) -> 0
