t5p12r2h2.txt:
   > Trying to open the instance file...
   > Reading number of trains...
   > Reading maximum number of trips per train...
   > Reading time intervals...
   > Reading number of points...
   > Reading stations...
   > Reading crossings...
   > Reading depots...
   > Reading initial point...
   > Reading routes...
   > Reading distance and distance and service...
   > Reading demands...
   > Reading maximum time...
   > Reading alpha...

--------------------------------
 Printing instance
--------------------------------
number of trains = 5
	max trips per trains: 3     3     3     3     3
number of intervals = 2
	(0,  20867)	(20868,  41735)
number of points = 12
	initial point: 0
	stations: 0     2     3     5     6     7     8    10    11
	crossings: 0     1     2     4     5     9    11
	depots: 0    11
number of vertices = 24
	total vertices: 0     1     2     3     4     5     6     7     8     9    10    11    12    13    14    15    16    17    18    19    20    21    22    23
	upper vertices: 0     1     2     3     4     5     6     7     8     9    10    11
	lower vertices: 12    13    14    15    16    17    18    19    20    21    22    23
	vertices of point #0: (0, 12)
	vertices of point #1: (1, 13)
	vertices of point #2: (2, 14)
	vertices of point #3: (3, 15)
	vertices of point #4: (4, 16)
	vertices of point #5: (5, 17)
	vertices of point #6: (6, 18)
	vertices of point #7: (7, 19)
	vertices of point #8: (8, 20)
	vertices of point #9: (9, 21)
	vertices of point #10: (10, 22)
	vertices of point #11: (11, 23)

arcs...
	total arcs: 
		arc #0: (0, 1)
		arc #1: (0, 12)
		arc #2: (12, 0)
		arc #3: (1, 2)
		arc #4: (13, 12)
		arc #5: (2, 3)
		arc #6: (14, 13)
		arc #7: (3, 4)
		arc #8: (15, 14)
		arc #9: (4, 5)
		arc #10: (16, 15)
		arc #11: (5, 6)
		arc #12: (17, 16)
		arc #13: (6, 7)
		arc #14: (18, 17)
		arc #15: (7, 8)
		arc #16: (19, 18)
		arc #17: (8, 9)
		arc #18: (20, 19)
		arc #19: (9, 10)
		arc #20: (21, 20)
		arc #21: (10, 11)
		arc #22: (22, 21)
		arc #23: (23, 22)
		arc #24: (11, 23)
		arc #25: (23, 11)

	reverse arcs: 
		arc #1: (0, 12)
		arc #2: (12, 0)
		arc #24: (11, 23)
		arc #25: (23, 11)


incompatible points...
	(0, 0, 13, (0, 1))	(13, 13, 0, (13, 12))	(1, 1, 14, (1, 2))	(14, 14, 1, (14, 13))	(2, 3, 16, (3, 4))	(16, 15, 2, (15, 14))	(4, 4, 17, (4, 5))	(17, 17, 4, (17, 16))	(5, 8, 21, (8, 9))	(21, 18, 5, (18, 17))	(9, 10, 23, (10, 11))	(23, 22, 9, (22, 21))

number of routes = 2
vertices of routes...
	route #0: 0     1     2     3     4     5     6     7     8     9    10    11    23    22    21    20    19    18    17    16    15    14    13    12     0
	route #1: 23    22    21    20    19    18    17    16    15    14    13    12     0     1     2     3     4     5     6     7     8     9    10    11    23
arcs of routes...
	route #0: 0     3     5     7     9    11    13    15    17    19    21    24    23    22    20    18    16    14    12    10     8     6     4     2
	route #1: 23    22    20    18    16    14    12    10     8     6     4     2     0     3     5     7     9    11    13    15    17    19    21    24

incompatible routes...
	(0, 1)    	(1, 0)

vertices that can be adjacent in consecutive trips...
	(0, 0)    	(23, 23)
non cyclical routes: 


routes of trip...
	routes that train #0 can complete at trip #0: 0
	routes that train #0 can complete at trip #1: 0       1
	routes that train #0 can complete at trip #2: 0       1

	routes that train #1 can complete at trip #0: 0
	routes that train #1 can complete at trip #1: 0       1
	routes that train #1 can complete at trip #2: 0       1

	routes that train #2 can complete at trip #0: 0
	routes that train #2 can complete at trip #1: 0       1
	routes that train #2 can complete at trip #2: 0       1

	routes that train #3 can complete at trip #0: 0
	routes that train #3 can complete at trip #1: 0       1
	routes that train #3 can complete at trip #2: 0       1

	routes that train #4 can complete at trip #0: 0
	routes that train #4 can complete at trip #1: 0       1
	routes that train #4 can complete at trip #2: 0       1

 cost...
	arc #0 [0][1]: 252
	arc #1 [0][12]: 0
	arc #2 [12][0]: 0
	arc #3 [1][2]: 271
	arc #4 [13][12]: 252
	arc #5 [2][3]: 262
	arc #6 [14][13]: 271
	arc #7 [3][4]: 258
	arc #8 [15][14]: 262
	arc #9 [4][5]: 246
	arc #10 [16][15]: 258
	arc #11 [5][6]: 265
	arc #12 [17][16]: 246
	arc #13 [6][7]: 254
	arc #14 [18][17]: 265
	arc #15 [7][8]: 271
	arc #16 [19][18]: 254
	arc #17 [8][9]: 233
	arc #18 [20][19]: 271
	arc #19 [9][10]: 245
	arc #20 [21][20]: 233
	arc #21 [10][11]: 234
	arc #22 [22][21]: 245
	arc #23 [23][22]: 234
	arc #24 [11][23]: 0
	arc #25 [23][11]: 0

cost with minimum service...
	arc #0 [0][1]: 316
	arc #1 [0][12]: 0
	arc #2 [12][0]: 0
	arc #3 [1][2]: 388
	arc #4 [13][12]: 523
	arc #5 [2][3]: 379
	arc #6 [14][13]: 335
	arc #7 [3][4]: 322
	arc #8 [15][14]: 379
	arc #9 [4][5]: 363
	arc #10 [16][15]: 375
	arc #11 [5][6]: 382
	arc #12 [17][16]: 310
	arc #13 [6][7]: 371
	arc #14 [18][17]: 382
	arc #15 [7][8]: 388
	arc #16 [19][18]: 371
	arc #17 [8][9]: 297
	arc #18 [20][19]: 388
	arc #19 [9][10]: 362
	arc #20 [21][20]: 350
	arc #21 [10][11]: 505
	arc #22 [22][21]: 309
	arc #23 [23][22]: 351
	arc #24 [11][23]: 0
	arc #25 [23][11]: 0

cost with maximum service...
	arc #0 [0][1]: 583
	arc #1 [0][12]: 331
	arc #2 [12][0]: 331
	arc #3 [1][2]: 602
	arc #4 [13][12]: 583
	arc #5 [2][3]: 593
	arc #6 [14][13]: 602
	arc #7 [3][4]: 589
	arc #8 [15][14]: 593
	arc #9 [4][5]: 577
	arc #10 [16][15]: 589
	arc #11 [5][6]: 596
	arc #12 [17][16]: 577
	arc #13 [6][7]: 585
	arc #14 [18][17]: 596
	arc #15 [7][8]: 602
	arc #16 [19][18]: 585
	arc #17 [8][9]: 564
	arc #18 [20][19]: 602
	arc #19 [9][10]: 576
	arc #20 [21][20]: 564
	arc #21 [10][11]: 565
	arc #22 [22][21]: 576
	arc #23 [23][22]: 565
	arc #24 [11][23]: 331
	arc #25 [23][11]: 331

demands...
	demands of vertex 0 at time interval: 7     7
	demands of vertex 1 at time interval: 0     0
	demands of vertex 2 at time interval: 7     7
	demands of vertex 3 at time interval: 7     7
	demands of vertex 4 at time interval: 0     0
	demands of vertex 5 at time interval: 7     7
	demands of vertex 6 at time interval: 7     7
	demands of vertex 7 at time interval: 7     7
	demands of vertex 8 at time interval: 7     7
	demands of vertex 9 at time interval: 0     0
	demands of vertex 10 at time interval: 7     7
	demands of vertex 11 at time interval: 0     0
	demands of vertex 12 at time interval: 0     0
	demands of vertex 13 at time interval: 0     0
	demands of vertex 14 at time interval: 7     7
	demands of vertex 15 at time interval: 7     7
	demands of vertex 16 at time interval: 0     0
	demands of vertex 17 at time interval: 7     7
	demands of vertex 18 at time interval: 7     7
	demands of vertex 19 at time interval: 7     7
	demands of vertex 20 at time interval: 7     7
	demands of vertex 21 at time interval: 0     0
	demands of vertex 22 at time interval: 7     7
	demands of vertex 23 at time interval: 7     7

maximum time = 41735
alpha = 84
Starting to test combinations... - Total number of combinations = 243
Found new best - 1/243
10% done - 25/243 combination(s) tested! (Thread 0)
20% done - 50/243 combination(s) tested! (Thread 0)
30% done - 75/243 combination(s) tested! (Thread 0)
40% done - 100/243 combination(s) tested! (Thread 0)
50% done - 125/243 combination(s) tested! (Thread 0)
60% done - 150/243 combination(s) tested! (Thread 0)
70% done - 175/243 combination(s) tested! (Thread 0)
80% done - 200/243 combination(s) tested! (Thread 0)
90% done - 225/243 combination(s) tested! (Thread 0)
	Cannot prove optimality!

>> Printing some results...
    -> Solution value = 26296 - 07:18:16
    -> Total time = 3603.98

=============
Train 0
=============
> Trip 0
   0(time 3379 - 00:56:19)(time 3631 - 01:00:31) ->    1(time 3695 - 01:01:35)(time 3966 - 01:06:06) ->    2(time 4083 - 01:08:03)(time 4345 - 01:12:25) ->    3(time 4462 - 01:14:22)(time 4720 - 01:18:40) ->    4(time 5051 - 01:24:11)(time 5297 - 01:28:17) ->    5(time 5414 - 01:30:14)(time 5679 - 01:34:39) ->    6(time 5796 - 01:36:36)(time 6050 - 01:40:50) ->    7(time 6167 - 01:42:47)(time 6438 - 01:47:18) ->    8(time 6555 - 01:49:15)(time 6788 - 01:53:08) ->    9(time 6852 - 01:54:12)(time 7097 - 01:58:17) ->    10(time 7214 - 02:00:14)(time 7448 - 02:04:08) ->    11(time 7719 - 02:08:39)(time 7719 - 02:08:39) ->    23(time 7836 - 02:10:36)(time 8070 - 02:14:30) ->    22(time 8187 - 02:16:27)(time 8432 - 02:20:32) ->    21(time 8514 - 02:21:54)(time 8747 - 02:25:47) ->    20(time 8864 - 02:27:44)(time 9135 - 02:32:15) ->    19(time 9252 - 02:34:12)(time 9506 - 02:38:26) ->    18(time 9623 - 02:40:23)(time 9888 - 02:44:48) ->    17(time 10159 - 02:49:19)(time 10405 - 02:53:25) ->    16(time 10469 - 02:54:29)(time 10727 - 02:58:47) ->    15(time 10844 - 03:00:44)(time 11106 - 03:05:06) ->    14(time 11223 - 03:07:03)(time 11494 - 03:11:34) ->    13(time 11558 - 03:12:38)(time 11810 - 03:16:50) ->    12(time 12081 - 03:21:21)(time 12081 - 03:21:21) -> 0
> Trip 1
   0(time 12081 - 03:21:21)(time 12333 - 03:25:33) ->    1(time 12397 - 03:26:37)(time 12668 - 03:31:08) ->    2(time 12785 - 03:33:05)(time 13047 - 03:37:27) ->    3(time 13164 - 03:39:24)(time 13422 - 03:43:42) ->    4(time 13521 - 03:45:21)(time 13767 - 03:49:27) ->    5(time 13884 - 03:51:24)(time 14149 - 03:55:49) ->    6(time 14266 - 03:57:46)(time 14520 - 04:02:00) ->    7(time 14637 - 04:03:57)(time 14908 - 04:08:28) ->    8(time 15025 - 04:10:25)(time 15258 - 04:14:18) ->    9(time 15322 - 04:15:22)(time 15567 - 04:19:27) ->    10(time 15684 - 04:21:24)(time 15918 - 04:25:18) ->    11(time 16189 - 04:29:49)(time 16189 - 04:29:49) ->    23(time 16189 - 04:29:49)(time 16423 - 04:33:43) ->    22(time 16540 - 04:35:40)(time 16785 - 04:39:45) ->    21(time 17031 - 04:43:51)(time 17264 - 04:47:44) ->    20(time 17381 - 04:49:41)(time 17652 - 04:54:12) ->    19(time 17769 - 04:56:09)(time 18023 - 05:00:23) ->    18(time 18140 - 05:02:20)(time 18405 - 05:06:45) ->    17(time 18522 - 05:08:42)(time 18768 - 05:12:48) ->    16(time 18832 - 05:13:52)(time 19090 - 05:18:10) ->    15(time 19421 - 05:23:41)(time 19683 - 05:28:03) ->    14(time 20014 - 05:33:34)(time 20285 - 05:38:05) ->    13(time 20616 - 05:43:36)(time 20868 - 05:47:48) ->    12(time 21199 - 05:53:19)(time 21199 - 05:53:19) -> 0
> Trip 2
   0(time 22121 - 06:08:41)(time 22373 - 06:12:53) ->    1(time 22437 - 06:13:57)(time 22708 - 06:18:28) ->    2(time 22825 - 06:20:25)(time 23087 - 06:24:47) ->    3(time 23204 - 06:26:44)(time 23462 - 06:31:02) ->    4(time 23526 - 06:32:06)(time 23772 - 06:36:12) ->    5(time 23889 - 06:38:09)(time 24154 - 06:42:34) ->    6(time 24271 - 06:44:31)(time 24525 - 06:48:45) ->    7(time 24856 - 06:54:16)(time 25127 - 06:58:47) ->    8(time 25244 - 07:00:44)(time 25477 - 07:04:37) ->    9(time 25808 - 07:10:08)(time 26053 - 07:14:13) ->    10(time 26170 - 07:16:10)(time 26404 - 07:20:04) ->    11(time 26675 - 07:24:35)(time 26675 - 07:24:35) ->    23(time 26675 - 07:24:35)(time 26909 - 07:28:29) ->    22(time 27026 - 07:30:26)(time 27271 - 07:34:31) ->    21(time 27335 - 07:35:35)(time 27568 - 07:39:28) ->    20(time 27685 - 07:41:25)(time 27956 - 07:45:56) ->    19(time 28073 - 07:47:53)(time 28327 - 07:52:07) ->    18(time 28444 - 07:54:04)(time 28709 - 07:58:29) ->    17(time 28826 - 08:00:26)(time 29072 - 08:04:32) ->    16(time 29197 - 08:06:37)(time 29455 - 08:10:55) ->    15(time 29572 - 08:12:52)(time 29834 - 08:17:14) ->    14(time 30165 - 08:22:45)(time 30436 - 08:27:16) ->    13(time 30767 - 08:32:47)(time 31019 - 08:36:59) ->    12(time 31350 - 08:42:30)(time 31350 - 08:42:30) -> 0
=============
Train 1
=============
> Trip 0
   0(time 3228 - 00:53:48)(time 3480 - 00:58:00) ->    1(time 3544 - 00:59:04)(time 3815 - 01:03:35) ->    2(time 3932 - 01:05:32)(time 4194 - 01:09:54) ->    3(time 4311 - 01:11:51)(time 4569 - 01:16:09) ->    4(time 4633 - 01:17:13)(time 4879 - 01:21:19) ->    5(time 4996 - 01:23:16)(time 5261 - 01:27:41) ->    6(time 5378 - 01:29:38)(time 5632 - 01:33:52) ->    7(time 5749 - 01:35:49)(time 6020 - 01:40:20) ->    8(time 6137 - 01:42:17)(time 6370 - 01:46:10) ->    9(time 6434 - 01:47:14)(time 6679 - 01:51:19) ->    10(time 6943 - 01:55:43)(time 7177 - 01:59:37) ->    11(time 7448 - 02:04:08)(time 7448 - 02:04:08) ->    23(time 7719 - 02:08:39)(time 7953 - 02:12:33) ->    22(time 8070 - 02:14:30)(time 8315 - 02:18:35) ->    21(time 8397 - 02:19:57)(time 8630 - 02:23:50) ->    20(time 8747 - 02:25:47)(time 9018 - 02:30:18) ->    19(time 9135 - 02:32:15)(time 9389 - 02:36:29) ->    18(time 9506 - 02:38:26)(time 9771 - 02:42:51) ->    17(time 9888 - 02:44:48)(time 10134 - 02:48:54) ->    16(time 10198 - 02:49:58)(time 10456 - 02:54:16) ->    15(time 10573 - 02:56:13)(time 10835 - 03:00:35) ->    14(time 10952 - 03:02:32)(time 11223 - 03:07:03) ->    13(time 11287 - 03:08:07)(time 11539 - 03:12:19) ->    12(time 11810 - 03:16:50)(time 11810 - 03:16:50) -> 0
> Trip 1
   0(time 20868 - 05:47:48)(time 21120 - 05:52:00) ->    1(time 21184 - 05:53:04)(time 21455 - 05:57:35) ->    2(time 21572 - 05:59:32)(time 21834 - 06:03:54) ->    3(time 21951 - 06:05:51)(time 22209 - 06:10:09) ->    4(time 22273 - 06:11:13)(time 22519 - 06:15:19) ->    5(time 22636 - 06:17:16)(time 22901 - 06:21:41) ->    6(time 23018 - 06:23:38)(time 23272 - 06:27:52) ->    7(time 23389 - 06:29:49)(time 23660 - 06:34:20) ->    8(time 23777 - 06:36:17)(time 24010 - 06:40:10) ->    9(time 24074 - 06:41:14)(time 24319 - 06:45:19) ->    10(time 24436 - 06:47:16)(time 24670 - 06:51:10) ->    11(time 24941 - 06:55:41)(time 24941 - 06:55:41) ->    23(time 24941 - 06:55:41)(time 25175 - 06:59:35) ->    22(time 25292 - 07:01:32)(time 25537 - 07:05:37) ->    21(time 25601 - 07:06:41)(time 25834 - 07:10:34) ->    20(time 25951 - 07:12:31)(time 26222 - 07:17:02) ->    19(time 26339 - 07:18:59)(time 26593 - 07:23:13) ->    18(time 26710 - 07:25:10)(time 26975 - 07:29:35) ->    17(time 27092 - 07:31:32)(time 27338 - 07:35:38) ->    16(time 27458 - 07:37:38)(time 27716 - 07:41:56) ->    15(time 27833 - 07:43:53)(time 28095 - 07:48:15) ->    14(time 28212 - 07:50:12)(time 28483 - 07:54:43) ->    13(time 28547 - 07:55:47)(time 28799 - 07:59:59) ->    12(time 29130 - 08:05:30)(time 29130 - 08:05:30) -> 0
> Trip 2
   0(time 29130 - 08:05:30)(time 29382 - 08:09:42) ->    1(time 29446 - 08:10:46)(time 29717 - 08:15:17) ->    2(time 29834 - 08:17:14)(time 30096 - 08:21:36) ->    3(time 30213 - 08:23:33)(time 30471 - 08:27:51) ->    4(time 30535 - 08:28:55)(time 30781 - 08:33:01) ->    5(time 30898 - 08:34:58)(time 31163 - 08:39:23) ->    6(time 31280 - 08:41:20)(time 31534 - 08:45:34) ->    7(time 31651 - 08:47:31)(time 31922 - 08:52:02) ->    8(time 32039 - 08:53:59)(time 32272 - 08:57:52) ->    9(time 32336 - 08:58:56)(time 32581 - 09:03:01) ->    10(time 32698 - 09:04:58)(time 32932 - 09:08:52) ->    11(time 33203 - 09:13:23)(time 33203 - 09:13:23) ->    23(time 33474 - 09:17:54)(time 33708 - 09:21:48) ->    22(time 33825 - 09:23:45)(time 34070 - 09:27:50) ->    21(time 34134 - 09:28:54)(time 34367 - 09:32:47) ->    20(time 34484 - 09:34:44)(time 34755 - 09:39:15) ->    19(time 34872 - 09:41:12)(time 35126 - 09:45:26) ->    18(time 35243 - 09:47:23)(time 35508 - 09:51:48) ->    17(time 35625 - 09:53:45)(time 35871 - 09:57:51) ->    16(time 35935 - 09:58:55)(time 36193 - 10:03:13) ->    15(time 36310 - 10:05:10)(time 36572 - 10:09:32) ->    14(time 36689 - 10:11:29)(time 36960 - 10:16:00) ->    13(time 37024 - 10:17:04)(time 37276 - 10:21:16) ->    12(time 37547 - 10:25:47)(time 37547 - 10:25:47) -> 0
=============
Train 2
=============
> Trip 0
   0(time 3917 - 01:05:17)(time 4169 - 01:09:29) ->    1(time 4233 - 01:10:33)(time 4504 - 01:15:04) ->    2(time 4621 - 01:17:01)(time 4883 - 01:21:23) ->    3(time 5000 - 01:23:20)(time 5258 - 01:27:38) ->    4(time 5322 - 01:28:42)(time 5568 - 01:32:48) ->    5(time 5685 - 01:34:45)(time 5950 - 01:39:10) ->    6(time 6067 - 01:41:07)(time 6321 - 01:45:21) ->    7(time 6438 - 01:47:18)(time 6709 - 01:51:49) ->    8(time 6826 - 01:53:46)(time 7059 - 01:57:39) ->    9(time 7123 - 01:58:43)(time 7368 - 02:02:48) ->    10(time 7485 - 02:04:45)(time 7719 - 02:08:39) ->    11(time 7990 - 02:13:10)(time 7990 - 02:13:10) ->    23(time 7990 - 02:13:10)(time 8224 - 02:17:04) ->    22(time 8341 - 02:19:01)(time 8586 - 02:23:06) ->    21(time 8839 - 02:27:19)(time 9072 - 02:31:12) ->    20(time 9189 - 02:33:09)(time 9460 - 02:37:40) ->    19(time 9577 - 02:39:37)(time 9831 - 02:43:51) ->    18(time 9948 - 02:45:48)(time 10213 - 02:50:13) ->    17(time 10330 - 02:52:10)(time 10576 - 02:56:16) ->    16(time 10640 - 02:57:20)(time 10898 - 03:01:38) ->    15(time 11015 - 03:03:35)(time 11277 - 03:07:57) ->    14(time 11494 - 03:11:34)(time 11765 - 03:16:05) ->    13(time 11829 - 03:17:09)(time 12081 - 03:21:21) ->    12(time 12412 - 03:26:52)(time 12412 - 03:26:52) -> 0
> Trip 1
   0(time 13643 - 03:47:23)(time 13895 - 03:51:35) ->    1(time 13959 - 03:52:39)(time 14230 - 03:57:10) ->    2(time 14347 - 03:59:07)(time 14609 - 04:03:29) ->    3(time 14726 - 04:05:26)(time 14984 - 04:09:44) ->    4(time 15048 - 04:10:48)(time 15294 - 04:14:54) ->    5(time 15411 - 04:16:51)(time 15676 - 04:21:16) ->    6(time 15793 - 04:23:13)(time 16047 - 04:27:27) ->    7(time 16164 - 04:29:24)(time 16435 - 04:33:55) ->    8(time 16552 - 04:35:52)(time 16785 - 04:39:45) ->    9(time 17056 - 04:44:16)(time 17301 - 04:48:21) ->    10(time 17418 - 04:50:18)(time 17652 - 04:54:12) ->    11(time 17983 - 04:59:43)(time 17983 - 04:59:43) ->    23(time 18314 - 05:05:14)(time 18548 - 05:09:08) ->    22(time 18757 - 05:12:37)(time 19002 - 05:16:42) ->    21(time 19066 - 05:17:46)(time 19299 - 05:21:39) ->    20(time 19416 - 05:23:36)(time 19687 - 05:28:07) ->    19(time 19804 - 05:30:04)(time 20058 - 05:34:18) ->    18(time 20175 - 05:36:15)(time 20440 - 05:40:40) ->    17(time 20557 - 05:42:37)(time 20803 - 05:46:43) ->    16(time 20867 - 05:47:47)(time 21125 - 05:52:05) ->    15(time 21310 - 05:55:10)(time 21572 - 05:59:32) ->    14(time 21771 - 06:02:51)(time 22042 - 06:07:22) ->    13(time 22373 - 06:12:53)(time 22625 - 06:17:05) ->    12(time 22956 - 06:22:36)(time 22956 - 06:22:36) -> 0
> Trip 2
   0(time 27186 - 07:33:06)(time 27438 - 07:37:18) ->    1(time 27769 - 07:42:49)(time 28040 - 07:47:20) ->    2(time 28371 - 07:52:51)(time 28633 - 07:57:13) ->    3(time 28750 - 07:59:10)(time 29008 - 08:03:28) ->    4(time 29072 - 08:04:32)(time 29318 - 08:08:38) ->    5(time 29435 - 08:10:35)(time 29700 - 08:15:00) ->    6(time 29817 - 08:16:57)(time 30071 - 08:21:11) ->    7(time 30188 - 08:23:08)(time 30459 - 08:27:39) ->    8(time 30576 - 08:29:36)(time 30809 - 08:33:29) ->    9(time 30873 - 08:34:33)(time 31118 - 08:38:38) ->    10(time 31235 - 08:40:35)(time 31469 - 08:44:29) ->    11(time 31740 - 08:49:00)(time 31740 - 08:49:00) ->    23(time 31740 - 08:49:00)(time 31974 - 08:52:54) ->    22(time 32091 - 08:54:51)(time 32336 - 08:58:56) ->    21(time 32667 - 09:04:27)(time 32900 - 09:08:20) ->    20(time 33017 - 09:10:17)(time 33288 - 09:14:48) ->    19(time 33405 - 09:16:45)(time 33659 - 09:20:59) ->    18(time 33776 - 09:22:56)(time 34041 - 09:27:21) ->    17(time 34372 - 09:32:52)(time 34618 - 09:36:58) ->    16(time 34949 - 09:42:29)(time 35207 - 09:46:47) ->    15(time 35538 - 09:52:18)(time 35800 - 09:56:40) ->    14(time 36131 - 10:02:11)(time 36402 - 10:06:42) ->    13(time 36733 - 10:12:13)(time 36985 - 10:16:25) ->    12(time 37256 - 10:20:56)(time 37256 - 10:20:56) -> 0
=============
Train 3
=============
> Trip 0
   0(time 10359 - 02:52:39)(time 10611 - 02:56:51) ->    1(time 10675 - 02:57:55)(time 10946 - 03:02:26) ->    2(time 11277 - 03:07:57)(time 11539 - 03:12:19) ->    3(time 11656 - 03:14:16)(time 11914 - 03:18:34) ->    4(time 12245 - 03:24:05)(time 12491 - 03:28:11) ->    5(time 12822 - 03:33:42)(time 13087 - 03:38:07) ->    6(time 13418 - 03:43:38)(time 13672 - 03:47:52) ->    7(time 14003 - 03:53:23)(time 14274 - 03:57:54) ->    8(time 14605 - 04:03:25)(time 14838 - 04:07:18) ->    9(time 15051 - 04:10:51)(time 15296 - 04:14:56) ->    10(time 15413 - 04:16:53)(time 15647 - 04:20:47) ->    11(time 15918 - 04:25:18)(time 15918 - 04:25:18) ->    23(time 15918 - 04:25:18)(time 16152 - 04:29:12) ->    22(time 16269 - 04:31:09)(time 16514 - 04:35:14) ->    21(time 16785 - 04:39:45)(time 17018 - 04:43:38) ->    20(time 17135 - 04:45:35)(time 17406 - 04:50:06) ->    19(time 17523 - 04:52:03)(time 17777 - 04:56:17) ->    18(time 17894 - 04:58:14)(time 18159 - 05:02:39) ->    17(time 18276 - 05:04:36)(time 18522 - 05:08:42) ->    16(time 18586 - 05:09:46)(time 18844 - 05:14:04) ->    15(time 18961 - 05:16:01)(time 19223 - 05:20:23) ->    14(time 19554 - 05:25:54)(time 19825 - 05:30:25) ->    13(time 20156 - 05:35:56)(time 20408 - 05:40:08) ->    12(time 20739 - 05:45:39)(time 20739 - 05:45:39) -> 0
> Trip 1
   0(time 20985 - 05:49:45)(time 21237 - 05:53:57) ->    1(time 21301 - 05:55:01)(time 21572 - 05:59:32) ->    2(time 21689 - 06:01:29)(time 21951 - 06:05:51) ->    3(time 22068 - 06:07:48)(time 22326 - 06:12:06) ->    4(time 22390 - 06:13:10)(time 22636 - 06:17:16) ->    5(time 22753 - 06:19:13)(time 23018 - 06:23:38) ->    6(time 23135 - 06:25:35)(time 23389 - 06:29:49) ->    7(time 23506 - 06:31:46)(time 23777 - 06:36:17) ->    8(time 23894 - 06:38:14)(time 24127 - 06:42:07) ->    9(time 24345 - 06:45:45)(time 24590 - 06:49:50) ->    10(time 24707 - 06:51:47)(time 24941 - 06:55:41) ->    11(time 25212 - 07:00:12)(time 25212 - 07:00:12) ->    23(time 25212 - 07:00:12)(time 25446 - 07:04:06) ->    22(time 25563 - 07:06:03)(time 25808 - 07:10:08) ->    21(time 25872 - 07:11:12)(time 26105 - 07:15:05) ->    20(time 26222 - 07:17:02)(time 26493 - 07:21:33) ->    19(time 26610 - 07:23:30)(time 26864 - 07:27:44) ->    18(time 26981 - 07:29:41)(time 27246 - 07:34:06) ->    17(time 27363 - 07:36:03)(time 27609 - 07:40:09) ->    16(time 27673 - 07:41:13)(time 27931 - 07:45:31) ->    15(time 28048 - 07:47:28)(time 28310 - 07:51:50) ->    14(time 28543 - 07:55:43)(time 28814 - 08:00:14) ->    13(time 28878 - 08:01:18)(time 29130 - 08:05:30) ->    12(time 29401 - 08:10:01)(time 29401 - 08:10:01) -> 0
> Trip 2
   0(time 29401 - 08:10:01)(time 29653 - 08:14:13) ->    1(time 29717 - 08:15:17)(time 29988 - 08:19:48) ->    2(time 30105 - 08:21:45)(time 30367 - 08:26:07) ->    3(time 30484 - 08:28:04)(time 30742 - 08:32:22) ->    4(time 30806 - 08:33:26)(time 31052 - 08:37:32) ->    5(time 31169 - 08:39:29)(time 31434 - 08:43:54) ->    6(time 31551 - 08:45:51)(time 31805 - 08:50:05) ->    7(time 31922 - 08:52:02)(time 32193 - 08:56:33) ->    8(time 32310 - 08:58:30)(time 32543 - 09:02:23) ->    9(time 32607 - 09:03:27)(time 32852 - 09:07:32) ->    10(time 32969 - 09:09:29)(time 33203 - 09:13:23) ->    11(time 33474 - 09:17:54)(time 33474 - 09:17:54) ->    23(time 33591 - 09:19:51)(time 33825 - 09:23:45) ->    22(time 33942 - 09:25:42)(time 34187 - 09:29:47) ->    21(time 34251 - 09:30:51)(time 34484 - 09:34:44) ->    20(time 34601 - 09:36:41)(time 34872 - 09:41:12) ->    19(time 34989 - 09:43:09)(time 35243 - 09:47:23) ->    18(time 35360 - 09:49:20)(time 35625 - 09:53:45) ->    17(time 35742 - 09:55:42)(time 35988 - 09:59:48) ->    16(time 36224 - 10:03:44)(time 36482 - 10:08:02) ->    15(time 36599 - 10:09:59)(time 36861 - 10:14:21) ->    14(time 36978 - 10:16:18)(time 37249 - 10:20:49) ->    13(time 37313 - 10:21:53)(time 37565 - 10:26:05) ->    12(time 37836 - 10:30:36)(time 37836 - 10:30:36) -> 0
=============
Train 4
=============
> Trip 0
   0(time 5255 - 01:27:35)(time 5507 - 01:31:47) ->    1(time 5571 - 01:32:51)(time 5842 - 01:37:22) ->    2(time 5959 - 01:39:19)(time 6221 - 01:43:41) ->    3(time 6338 - 01:45:38)(time 6596 - 01:49:56) ->    4(time 6660 - 01:51:00)(time 6906 - 01:55:06) ->    5(time 7023 - 01:57:03)(time 7288 - 02:01:28) ->    6(time 7405 - 02:03:25)(time 7659 - 02:07:39) ->    7(time 7776 - 02:09:36)(time 8047 - 02:14:07) ->    8(time 8164 - 02:16:04)(time 8397 - 02:19:57) ->    9(time 8586 - 02:23:06)(time 8831 - 02:27:11) ->    10(time 8948 - 02:29:08)(time 9182 - 02:33:02) ->    11(time 9453 - 02:37:33)(time 9453 - 02:37:33) ->    23(time 9453 - 02:37:33)(time 9687 - 02:41:27) ->    22(time 9804 - 02:43:24)(time 10049 - 02:47:29) ->    21(time 10113 - 02:48:33)(time 10346 - 02:52:26) ->    20(time 10463 - 02:54:23)(time 10734 - 02:58:54) ->    19(time 10851 - 03:00:51)(time 11105 - 03:05:05) ->    18(time 11222 - 03:07:02)(time 11487 - 03:11:27) ->    17(time 11604 - 03:13:24)(time 11850 - 03:17:30) ->    16(time 11914 - 03:18:34)(time 12172 - 03:22:52) ->    15(time 12289 - 03:24:49)(time 12551 - 03:29:11) ->    14(time 12668 - 03:31:08)(time 12939 - 03:35:39) ->    13(time 13003 - 03:36:43)(time 13255 - 03:40:55) ->    12(time 13526 - 03:45:26)(time 13526 - 03:45:26) -> 0
> Trip 1
   0(time 13526 - 03:45:26)(time 13778 - 03:49:38) ->    1(time 13842 - 03:50:42)(time 14113 - 03:55:13) ->    2(time 14230 - 03:57:10)(time 14492 - 04:01:32) ->    3(time 14609 - 04:03:29)(time 14867 - 04:07:47) ->    4(time 14931 - 04:08:51)(time 15177 - 04:12:57) ->    5(time 15294 - 04:14:54)(time 15559 - 04:19:19) ->    6(time 15676 - 04:21:16)(time 15930 - 04:25:30) ->    7(time 16047 - 04:27:27)(time 16318 - 04:31:58) ->    8(time 16435 - 04:33:55)(time 16668 - 04:37:48) ->    9(time 16785 - 04:39:45)(time 17030 - 04:43:50) ->    10(time 17147 - 04:45:47)(time 17381 - 04:49:41) ->    11(time 17652 - 04:54:12)(time 17652 - 04:54:12) ->    23(time 17652 - 04:54:12)(time 17886 - 04:58:06) ->    22(time 18003 - 05:00:03)(time 18248 - 05:04:08) ->    21(time 18312 - 05:05:12)(time 18545 - 05:09:05) ->    20(time 18662 - 05:11:02)(time 18933 - 05:15:33) ->    19(time 19050 - 05:17:30)(time 19304 - 05:21:44) ->    18(time 19421 - 05:23:41)(time 19686 - 05:28:06) ->    17(time 19803 - 05:30:03)(time 20049 - 05:34:09) ->    16(time 20113 - 05:35:13)(time 20371 - 05:39:31) ->    15(time 20488 - 05:41:28)(time 20750 - 05:45:50) ->    14(time 20867 - 05:47:47)(time 21138 - 05:52:18) ->    13(time 21237 - 05:53:57)(time 21489 - 05:58:09) ->    12(time 21820 - 06:03:40)(time 21820 - 06:03:40) -> 0
> Trip 2
   0(time 29525 - 08:12:05)(time 29777 - 08:16:17) ->    1(time 29841 - 08:17:21)(time 30112 - 08:21:52) ->    2(time 30229 - 08:23:49)(time 30491 - 08:28:11) ->    3(time 30608 - 08:30:08)(time 30866 - 08:34:26) ->    4(time 30930 - 08:35:30)(time 31176 - 08:39:36) ->    5(time 31293 - 08:41:33)(time 31558 - 08:45:58) ->    6(time 31675 - 08:47:55)(time 31929 - 08:52:09) ->    7(time 32046 - 08:54:06)(time 32317 - 08:58:37) ->    8(time 32434 - 09:00:34)(time 32667 - 09:04:27) ->    9(time 32878 - 09:07:58)(time 33123 - 09:12:03) ->    10(time 33240 - 09:14:00)(time 33474 - 09:17:54) ->    11(time 33745 - 09:22:25)(time 33745 - 09:22:25) ->    23(time 33745 - 09:22:25)(time 33979 - 09:26:19) ->    22(time 34096 - 09:28:16)(time 34341 - 09:32:21) ->    21(time 34405 - 09:33:25)(time 34638 - 09:37:18) ->    20(time 34755 - 09:39:15)(time 35026 - 09:43:46) ->    19(time 35143 - 09:45:43)(time 35397 - 09:49:57) ->    18(time 35514 - 09:51:54)(time 35779 - 09:56:19) ->    17(time 36110 - 10:01:50)(time 36356 - 10:05:56) ->    16(time 36495 - 10:08:15)(time 36753 - 10:12:33) ->    15(time 36870 - 10:14:30)(time 37132 - 10:18:52) ->    14(time 37249 - 10:20:49)(time 37520 - 10:25:20) ->    13(time 37584 - 10:26:24)(time 37836 - 10:30:36) ->    12(time 38107 - 10:35:07)(time 38107 - 10:35:07) -> 0
