t5p13r2h1.txt:
   > Trying to open the instance file...
   > Reading number of trains...
   > Reading maximum number of trips per train...
   > Reading time intervals...
   > Reading number of points...
   > Reading stations...
   > Reading crossings...
   > Reading depots...
   > Reading initial point...
   > Reading routes...
   > Reading distance and distance and service...
   > Reading demands...
   > Reading maximum time...
   > Reading alpha...

--------------------------------
 Printing instance
--------------------------------
number of trains = 5
	max trips per trains: 6     6     6     6     6
number of intervals = 1
	(0,  52532)
number of points = 13
	initial point: 12
	stations: 0     1     3     4     5     6     7     8     9    10    11    12
	crossings: 0     2    10    12
	depots: 0    12
number of vertices = 26
	total vertices: 0     1     2     3     4     5     6     7     8     9    10    11    12    13    14    15    16    17    18    19    20    21    22    23    24    25
	upper vertices: 0     1     2     3     4     5     6     7     8     9    10    11    12
	lower vertices: 13    14    15    16    17    18    19    20    21    22    23    24    25
	vertices of point #0: (0, 13)
	vertices of point #1: (1, 14)
	vertices of point #2: (2, 15)
	vertices of point #3: (3, 16)
	vertices of point #4: (4, 17)
	vertices of point #5: (5, 18)
	vertices of point #6: (6, 19)
	vertices of point #7: (7, 20)
	vertices of point #8: (8, 21)
	vertices of point #9: (9, 22)
	vertices of point #10: (10, 23)
	vertices of point #11: (11, 24)
	vertices of point #12: (12, 25)

arcs...
	total arcs: 
		arc #0: (0, 1)
		arc #1: (0, 13)
		arc #2: (13, 0)
		arc #3: (1, 2)
		arc #4: (14, 13)
		arc #5: (2, 3)
		arc #6: (15, 14)
		arc #7: (3, 4)
		arc #8: (16, 15)
		arc #9: (4, 5)
		arc #10: (17, 16)
		arc #11: (5, 6)
		arc #12: (18, 17)
		arc #13: (6, 7)
		arc #14: (19, 18)
		arc #15: (7, 8)
		arc #16: (20, 19)
		arc #17: (8, 9)
		arc #18: (21, 20)
		arc #19: (9, 10)
		arc #20: (22, 21)
		arc #21: (10, 11)
		arc #22: (23, 22)
		arc #23: (11, 12)
		arc #24: (24, 23)
		arc #25: (25, 24)
		arc #26: (12, 25)
		arc #27: (25, 12)

	reverse arcs: 
		arc #1: (0, 13)
		arc #2: (13, 0)
		arc #26: (12, 25)
		arc #27: (25, 12)


incompatible points...
	(0, 1, 15, (1, 2))	(15, 14, 0, (14, 13))	(2, 9, 23, (9, 10))	(23, 16, 2, (16, 15))	(10, 11, 25, (11, 12))	(25, 24, 10, (24, 23))

number of routes = 2
vertices of routes...
	route #0: 0     1     2     3     4     5     6     7     8     9    10    11    12    25    24    23    22    21    20    19    18    17    16    15    14    13     0
	route #1: 25    24    23    22    21    20    19    18    17    16    15    14    13     0     1     2     3     4     5     6     7     8     9    10    11    12    25
arcs of routes...
	route #0: 0     3     5     7     9    11    13    15    17    19    21    23    26    25    24    22    20    18    16    14    12    10     8     6     4     2
	route #1: 25    24    22    20    18    16    14    12    10     8     6     4     2     0     3     5     7     9    11    13    15    17    19    21    23    26

incompatible routes...
	(0, 1)    	(1, 0)

vertices that can be adjacent in consecutive trips...
	(0, 0)    	(25, 25)
non cyclical routes: 


routes of trip...
	routes that train #0 can complete at trip #0: 1
	routes that train #0 can complete at trip #1: 0       1
	routes that train #0 can complete at trip #2: 0       1
	routes that train #0 can complete at trip #3: 0       1
	routes that train #0 can complete at trip #4: 0       1
	routes that train #0 can complete at trip #5: 0       1

	routes that train #1 can complete at trip #0: 1
	routes that train #1 can complete at trip #1: 0       1
	routes that train #1 can complete at trip #2: 0       1
	routes that train #1 can complete at trip #3: 0       1
	routes that train #1 can complete at trip #4: 0       1
	routes that train #1 can complete at trip #5: 0       1

	routes that train #2 can complete at trip #0: 1
	routes that train #2 can complete at trip #1: 0       1
	routes that train #2 can complete at trip #2: 0       1
	routes that train #2 can complete at trip #3: 0       1
	routes that train #2 can complete at trip #4: 0       1
	routes that train #2 can complete at trip #5: 0       1

	routes that train #3 can complete at trip #0: 1
	routes that train #3 can complete at trip #1: 0       1
	routes that train #3 can complete at trip #2: 0       1
	routes that train #3 can complete at trip #3: 0       1
	routes that train #3 can complete at trip #4: 0       1
	routes that train #3 can complete at trip #5: 0       1

	routes that train #4 can complete at trip #0: 1
	routes that train #4 can complete at trip #1: 0       1
	routes that train #4 can complete at trip #2: 0       1
	routes that train #4 can complete at trip #3: 0       1
	routes that train #4 can complete at trip #4: 0       1
	routes that train #4 can complete at trip #5: 0       1

 cost...
	arc #0 [0][1]: 159
	arc #1 [0][13]: 0
	arc #2 [13][0]: 0
	arc #3 [1][2]: 147
	arc #4 [14][13]: 159
	arc #5 [2][3]: 144
	arc #6 [15][14]: 147
	arc #7 [3][4]: 160
	arc #8 [16][15]: 144
	arc #9 [4][5]: 155
	arc #10 [17][16]: 160
	arc #11 [5][6]: 141
	arc #12 [18][17]: 155
	arc #13 [6][7]: 135
	arc #14 [19][18]: 141
	arc #15 [7][8]: 158
	arc #16 [20][19]: 135
	arc #17 [8][9]: 156
	arc #18 [21][20]: 158
	arc #19 [9][10]: 136
	arc #20 [22][21]: 156
	arc #21 [10][11]: 136
	arc #22 [23][22]: 136
	arc #23 [11][12]: 138
	arc #24 [24][23]: 136
	arc #25 [25][24]: 138
	arc #26 [12][25]: 0
	arc #27 [25][12]: 0

cost with minimum service...
	arc #0 [0][1]: 269
	arc #1 [0][13]: 0
	arc #2 [13][0]: 0
	arc #3 [1][2]: 187
	arc #4 [14][13]: 365
	arc #5 [2][3]: 254
	arc #6 [15][14]: 257
	arc #7 [3][4]: 270
	arc #8 [16][15]: 184
	arc #9 [4][5]: 265
	arc #10 [17][16]: 270
	arc #11 [5][6]: 251
	arc #12 [18][17]: 265
	arc #13 [6][7]: 245
	arc #14 [19][18]: 251
	arc #15 [7][8]: 268
	arc #16 [20][19]: 245
	arc #17 [8][9]: 266
	arc #18 [21][20]: 268
	arc #19 [9][10]: 246
	arc #20 [22][21]: 266
	arc #21 [10][11]: 246
	arc #22 [23][22]: 246
	arc #23 [11][12]: 344
	arc #24 [24][23]: 246
	arc #25 [25][24]: 248
	arc #26 [12][25]: 0
	arc #27 [25][12]: 0

cost with maximum service...
	arc #0 [0][1]: 736
	arc #1 [0][13]: 577
	arc #2 [13][0]: 577
	arc #3 [1][2]: 724
	arc #4 [14][13]: 736
	arc #5 [2][3]: 721
	arc #6 [15][14]: 724
	arc #7 [3][4]: 737
	arc #8 [16][15]: 721
	arc #9 [4][5]: 732
	arc #10 [17][16]: 737
	arc #11 [5][6]: 718
	arc #12 [18][17]: 732
	arc #13 [6][7]: 712
	arc #14 [19][18]: 718
	arc #15 [7][8]: 735
	arc #16 [20][19]: 712
	arc #17 [8][9]: 733
	arc #18 [21][20]: 735
	arc #19 [9][10]: 713
	arc #20 [22][21]: 733
	arc #21 [10][11]: 713
	arc #22 [23][22]: 713
	arc #23 [11][12]: 715
	arc #24 [24][23]: 713
	arc #25 [25][24]: 715
	arc #26 [12][25]: 577
	arc #27 [25][12]: 577

demands...
	demands of vertex 0 at time interval: 28
	demands of vertex 1 at time interval: 28
	demands of vertex 2 at time interval: 0
	demands of vertex 3 at time interval: 28
	demands of vertex 4 at time interval: 28
	demands of vertex 5 at time interval: 28
	demands of vertex 6 at time interval: 28
	demands of vertex 7 at time interval: 28
	demands of vertex 8 at time interval: 28
	demands of vertex 9 at time interval: 28
	demands of vertex 10 at time interval: 28
	demands of vertex 11 at time interval: 28
	demands of vertex 12 at time interval: 0
	demands of vertex 13 at time interval: 0
	demands of vertex 14 at time interval: 28
	demands of vertex 15 at time interval: 0
	demands of vertex 16 at time interval: 28
	demands of vertex 17 at time interval: 28
	demands of vertex 18 at time interval: 28
	demands of vertex 19 at time interval: 28
	demands of vertex 20 at time interval: 28
	demands of vertex 21 at time interval: 28
	demands of vertex 22 at time interval: 28
	demands of vertex 23 at time interval: 28
	demands of vertex 24 at time interval: 28
	demands of vertex 25 at time interval: 28

maximum time = 52532
alpha = 42

Selecting set of cyclical routes...

Selecting set of initial routes...

Creating initial set of candidate combinations...
Solving candidate combinations...

1/1 candidate combination(s) tested! (Thread 0)
No feasible solution was found...

Removing trips...

Solving candidate combinations...

1/2 candidate combination(s) tested! (Thread 0)
2/2 candidate combination(s) tested! (Thread 0)
No feasible solution was found...

Removing trips...

Solving candidate combinations...

1/1 candidate combination(s) tested! (Thread 0)
No feasible solution was found...

Removing trips...

Going to try a new set of routes...

Selecting set of initial routes...Solving candidate combinations...

1/1 candidate combination(s) tested! (Thread 0)
No feasible solution was found...

Removing trips...


Relaxing trips, so the model can make changes...
Combination 1: 
Train 0: 1 1 1 -1 
Train 1: 1 1 1 1 1 -1 
Train 2: 1 1 1 1 1 -1 
Train 3: 1 1 1 1 1 -1 
Train 4: 1 1 1 1 1 -1 

Combination 2: 
Train 0: 1 1 1 1 -1 
Train 1: 1 1 1 1 -1 
Train 2: 1 1 1 1 1 -1 
Train 3: 1 1 1 1 1 -1 
Train 4: 1 1 1 1 1 -1 

Combination 3: 
Train 0: 1 1 1 1 -1 
Train 1: 1 1 1 1 1 -1 
Train 2: 1 1 1 1 1 -1 
Train 3: 1 1 1 1 1 -1 
Train 4: 1 1 1 1 1 -1 

Combination 4: 
Train 0: 1 1 1 1 1 -1 
Train 1: 1 1 1 1 1 -1 
Train 2: 1 1 1 1 1 -1 
Train 3: 1 1 1 1 1 -1 
Train 4: 1 1 1 1 1 -1 

Solving candidate combinations...

1/4 candidate combination(s) tested! (Thread 0)
2/4 candidate combination(s) tested! (Thread 0)
3/4 candidate combination(s) tested! (Thread 0)
4/4 candidate combination(s) tested! (Thread 0)
No feasible solution was found...

Removing trips...


Relaxing trips, so the model can make changes...
	> Couldn't find any feasible combinations!
