t5p14r2h1.txt:
   > Trying to open the instance file...
   > Reading number of trains...
   > Reading maximum number of trips per train...
   > Reading time intervals...
   > Reading number of points...
   > Reading stations...
   > Reading crossings...
   > Reading depots...
   > Reading initial point...
   > Reading routes...
   > Reading distance and distance and service...
   > Reading demands...
   > Reading maximum time...
   > Reading alpha...

--------------------------------
 Printing instance
--------------------------------
number of trains = 5
	max trips per trains: 2     2     2     2     2
number of intervals = 1
	(0,  20300)
number of points = 14
	initial point: 13
	stations: 0     1     2     3     4     6     8     9    10    11    12    13
	crossings: 0     5     7     9    10    13
	depots: 0    13
number of vertices = 28
	total vertices: 0     1     2     3     4     5     6     7     8     9    10    11    12    13    14    15    16    17    18    19    20    21    22    23    24    25    26    27
	upper vertices: 0     1     2     3     4     5     6     7     8     9    10    11    12    13
	lower vertices: 14    15    16    17    18    19    20    21    22    23    24    25    26    27
	vertices of point #0: (0, 14)
	vertices of point #1: (1, 15)
	vertices of point #2: (2, 16)
	vertices of point #3: (3, 17)
	vertices of point #4: (4, 18)
	vertices of point #5: (5, 19)
	vertices of point #6: (6, 20)
	vertices of point #7: (7, 21)
	vertices of point #8: (8, 22)
	vertices of point #9: (9, 23)
	vertices of point #10: (10, 24)
	vertices of point #11: (11, 25)
	vertices of point #12: (12, 26)
	vertices of point #13: (13, 27)

arcs...
	total arcs: 
		arc #0: (0, 1)
		arc #1: (0, 14)
		arc #2: (14, 0)
		arc #3: (1, 2)
		arc #4: (15, 14)
		arc #5: (2, 3)
		arc #6: (16, 15)
		arc #7: (3, 4)
		arc #8: (17, 16)
		arc #9: (4, 5)
		arc #10: (18, 17)
		arc #11: (5, 6)
		arc #12: (19, 18)
		arc #13: (6, 7)
		arc #14: (20, 19)
		arc #15: (7, 8)
		arc #16: (21, 20)
		arc #17: (8, 9)
		arc #18: (22, 21)
		arc #19: (9, 10)
		arc #20: (23, 22)
		arc #21: (10, 11)
		arc #22: (24, 23)
		arc #23: (11, 12)
		arc #24: (25, 24)
		arc #25: (12, 13)
		arc #26: (26, 25)
		arc #27: (27, 26)
		arc #28: (13, 27)
		arc #29: (27, 13)

	reverse arcs: 
		arc #1: (0, 14)
		arc #2: (14, 0)
		arc #28: (13, 27)
		arc #29: (27, 13)


incompatible points...
	(0, 4, 19, (4, 5))	(19, 15, 0, (15, 14))	(5, 6, 21, (6, 7))	(21, 20, 5, (20, 19))	(7, 8, 23, (8, 9))	(23, 22, 7, (22, 21))	(9, 9, 24, (9, 10))	(24, 24, 9, (24, 23))	(10, 12, 27, (12, 13))	(27, 25, 10, (25, 24))

number of routes = 2
vertices of routes...
	route #0: 0     1     2     3     4     5     6     7     8     9    10    11    12    13    27    26    25    24    23    22    21    20    19    18    17    16    15    14     0
	route #1: 27    26    25    24    23    22    21    20    19    18    17    16    15    14     0     1     2     3     4     5     6     7     8     9    10    11    12    13    27
arcs of routes...
	route #0: 0     3     5     7     9    11    13    15    17    19    21    23    25    28    27    26    24    22    20    18    16    14    12    10     8     6     4     2
	route #1: 27    26    24    22    20    18    16    14    12    10     8     6     4     2     0     3     5     7     9    11    13    15    17    19    21    23    25    28

incompatible routes...
	(0, 1)    	(1, 0)

vertices that can be adjacent in consecutive trips...
	(0, 0)    	(27, 27)
non cyclical routes: 


routes of trip...
	routes that train #0 can complete at trip #0: 1
	routes that train #0 can complete at trip #1: 0       1

	routes that train #1 can complete at trip #0: 1
	routes that train #1 can complete at trip #1: 0       1

	routes that train #2 can complete at trip #0: 1
	routes that train #2 can complete at trip #1: 0       1

	routes that train #3 can complete at trip #0: 1
	routes that train #3 can complete at trip #1: 0       1

	routes that train #4 can complete at trip #0: 1
	routes that train #4 can complete at trip #1: 0       1

 cost...
	arc #0 [0][1]: 238
	arc #1 [0][14]: 0
	arc #2 [14][0]: 0
	arc #3 [1][2]: 220
	arc #4 [15][14]: 238
	arc #5 [2][3]: 212
	arc #6 [16][15]: 220
	arc #7 [3][4]: 225
	arc #8 [17][16]: 212
	arc #9 [4][5]: 222
	arc #10 [18][17]: 225
	arc #11 [5][6]: 227
	arc #12 [19][18]: 222
	arc #13 [6][7]: 244
	arc #14 [20][19]: 227
	arc #15 [7][8]: 210
	arc #16 [21][20]: 244
	arc #17 [8][9]: 243
	arc #18 [22][21]: 210
	arc #19 [9][10]: 215
	arc #20 [23][22]: 243
	arc #21 [10][11]: 249
	arc #22 [24][23]: 215
	arc #23 [11][12]: 228
	arc #24 [25][24]: 249
	arc #25 [12][13]: 229
	arc #26 [26][25]: 228
	arc #27 [27][26]: 229
	arc #28 [13][27]: 0
	arc #29 [27][13]: 0

cost with minimum service...
	arc #0 [0][1]: 331
	arc #1 [0][14]: 0
	arc #2 [14][0]: 0
	arc #3 [1][2]: 313
	arc #4 [15][14]: 491
	arc #5 [2][3]: 305
	arc #6 [16][15]: 313
	arc #7 [3][4]: 318
	arc #8 [17][16]: 305
	arc #9 [4][5]: 312
	arc #10 [18][17]: 318
	arc #11 [5][6]: 320
	arc #12 [19][18]: 315
	arc #13 [6][7]: 334
	arc #14 [20][19]: 317
	arc #15 [7][8]: 303
	arc #16 [21][20]: 337
	arc #17 [8][9]: 336
	arc #18 [22][21]: 300
	arc #19 [9][10]: 308
	arc #20 [23][22]: 336
	arc #21 [10][11]: 342
	arc #22 [24][23]: 308
	arc #23 [11][12]: 321
	arc #24 [25][24]: 342
	arc #25 [12][13]: 482
	arc #26 [26][25]: 321
	arc #27 [27][26]: 322
	arc #28 [13][27]: 0
	arc #29 [27][13]: 0

cost with maximum service...
	arc #0 [0][1]: 626
	arc #1 [0][14]: 388
	arc #2 [14][0]: 388
	arc #3 [1][2]: 608
	arc #4 [15][14]: 626
	arc #5 [2][3]: 600
	arc #6 [16][15]: 608
	arc #7 [3][4]: 613
	arc #8 [17][16]: 600
	arc #9 [4][5]: 610
	arc #10 [18][17]: 613
	arc #11 [5][6]: 615
	arc #12 [19][18]: 610
	arc #13 [6][7]: 632
	arc #14 [20][19]: 615
	arc #15 [7][8]: 598
	arc #16 [21][20]: 632
	arc #17 [8][9]: 631
	arc #18 [22][21]: 598
	arc #19 [9][10]: 603
	arc #20 [23][22]: 631
	arc #21 [10][11]: 637
	arc #22 [24][23]: 603
	arc #23 [11][12]: 616
	arc #24 [25][24]: 637
	arc #25 [12][13]: 617
	arc #26 [26][25]: 616
	arc #27 [27][26]: 617
	arc #28 [13][27]: 388
	arc #29 [27][13]: 388

demands...
	demands of vertex 0 at time interval: 6
	demands of vertex 1 at time interval: 6
	demands of vertex 2 at time interval: 6
	demands of vertex 3 at time interval: 6
	demands of vertex 4 at time interval: 6
	demands of vertex 5 at time interval: 0
	demands of vertex 6 at time interval: 6
	demands of vertex 7 at time interval: 0
	demands of vertex 8 at time interval: 6
	demands of vertex 9 at time interval: 6
	demands of vertex 10 at time interval: 6
	demands of vertex 11 at time interval: 6
	demands of vertex 12 at time interval: 6
	demands of vertex 13 at time interval: 0
	demands of vertex 14 at time interval: 0
	demands of vertex 15 at time interval: 6
	demands of vertex 16 at time interval: 6
	demands of vertex 17 at time interval: 6
	demands of vertex 18 at time interval: 6
	demands of vertex 19 at time interval: 0
	demands of vertex 20 at time interval: 6
	demands of vertex 21 at time interval: 0
	demands of vertex 22 at time interval: 6
	demands of vertex 23 at time interval: 6
	demands of vertex 24 at time interval: 6
	demands of vertex 25 at time interval: 6
	demands of vertex 26 at time interval: 6
	demands of vertex 27 at time interval: 6

maximum time = 20300
alpha = 52
Starting to test combinations... - Total number of combinations = 32
Found new best - 4/32
10% done - 4/32 combination(s) tested! (Thread 0)
Found new best - 8/32
20% done - 8/32 combination(s) tested! (Thread 0)
30% done - 12/32 combination(s) tested! (Thread 0)
Found new best - 16/32
40% done - 16/32 combination(s) tested! (Thread 0)
50% done - 20/32 combination(s) tested! (Thread 0)
60% done - 24/32 combination(s) tested! (Thread 0)
70% done - 28/32 combination(s) tested! (Thread 0)
80% done - 32/32 combination(s) tested! (Thread 0)
All combination(s) tested!
3/32 were feasible combination(s)! - (9.375%)

>> Printing some results...
    -> Solution value = 17305 - 04:48:25
    -> Total time = 60.34
    -> Gap value = 0.00

=============
Train 0
=============
> Trip 0
   27(time 0 - 00:00:00)(time 229 - 00:03:49) ->    26(time 322 - 00:05:22)(time 550 - 00:09:10) ->    25(time 643 - 00:10:43)(time 892 - 00:14:52) ->    24(time 985 - 00:16:25)(time 1200 - 00:20:00) ->    23(time 1293 - 00:21:33)(time 1536 - 00:25:36) ->    22(time 1629 - 00:27:09)(time 1839 - 00:30:39) ->    21(time 1929 - 00:32:09)(time 2173 - 00:36:13) ->    20(time 2266 - 00:37:46)(time 2493 - 00:41:33) ->    19(time 2583 - 00:43:03)(time 2805 - 00:46:45) ->    18(time 2898 - 00:48:18)(time 3123 - 00:52:03) ->    17(time 3216 - 00:53:36)(time 3428 - 00:57:08) ->    16(time 3521 - 00:58:41)(time 3741 - 01:02:21) ->    15(time 3834 - 01:03:54)(time 4072 - 01:07:52) ->    14(time 4325 - 01:12:05)(time 4325 - 01:12:05) ->    0(time 4325 - 01:12:05)(time 4563 - 01:16:03) ->    1(time 4656 - 01:17:36)(time 4876 - 01:21:16) ->    2(time 4969 - 01:22:49)(time 5181 - 01:26:21) ->    3(time 5274 - 01:27:54)(time 5499 - 01:31:39) ->    4(time 5592 - 01:33:12)(time 5814 - 01:36:54) ->    5(time 5904 - 01:38:24)(time 6131 - 01:42:11) ->    6(time 6224 - 01:43:44)(time 6468 - 01:47:48) ->    7(time 6561 - 01:49:21)(time 6771 - 01:52:51) ->    8(time 6864 - 01:54:24)(time 7107 - 01:58:27) ->    9(time 7200 - 02:00:00)(time 7415 - 02:03:35) ->    10(time 7508 - 02:05:08)(time 7757 - 02:09:17) ->    11(time 7850 - 02:10:50)(time 8078 - 02:14:38) ->    12(time 8171 - 02:16:11)(time 8400 - 02:20:00) ->    13(time 8653 - 02:24:13)(time 8653 - 02:24:13) -> 27
> Trip 1
   27(time 8653 - 02:24:13)(time 8882 - 02:28:02) ->    26(time 8975 - 02:29:35)(time 9203 - 02:33:23) ->    25(time 9296 - 02:34:56)(time 9545 - 02:39:05) ->    24(time 9638 - 02:40:38)(time 9853 - 02:44:13) ->    23(time 9946 - 02:45:46)(time 10189 - 02:49:49) ->    22(time 10282 - 02:51:22)(time 10492 - 02:54:52) ->    21(time 10582 - 02:56:22)(time 10826 - 03:00:26) ->    20(time 10919 - 03:01:59)(time 11146 - 03:05:46) ->    19(time 11239 - 03:07:19)(time 11461 - 03:11:01) ->    18(time 11554 - 03:12:34)(time 11779 - 03:16:19) ->    17(time 11872 - 03:17:52)(time 12084 - 03:21:24) ->    16(time 12177 - 03:22:57)(time 12397 - 03:26:37) ->    15(time 12490 - 03:28:10)(time 12728 - 03:32:08) ->    14(time 12981 - 03:36:21)(time 12981 - 03:36:21) ->    0(time 12981 - 03:36:21)(time 13219 - 03:40:19) ->    1(time 13312 - 03:41:52)(time 13532 - 03:45:32) ->    2(time 13625 - 03:47:05)(time 13837 - 03:50:37) ->    3(time 13930 - 03:52:10)(time 14155 - 03:55:55) ->    4(time 14248 - 03:57:28)(time 14470 - 04:01:10) ->    5(time 14560 - 04:02:40)(time 14787 - 04:06:27) ->    6(time 14880 - 04:08:00)(time 15124 - 04:12:04) ->    7(time 15214 - 04:13:34)(time 15424 - 04:17:04) ->    8(time 15517 - 04:18:37)(time 15760 - 04:22:40) ->    9(time 15853 - 04:24:13)(time 16068 - 04:27:48) ->    10(time 16161 - 04:29:21)(time 16410 - 04:33:30) ->    11(time 16503 - 04:35:03)(time 16731 - 04:38:51) ->    12(time 16824 - 04:40:24)(time 17053 - 04:44:13) ->    13(time 17306 - 04:48:26)(time 17306 - 04:48:26) -> 27
=============
Train 1
=============
> Trip 0
   27(time 4334 - 01:12:14)(time 4563 - 01:16:03) ->    26(time 4951 - 01:22:31)(time 5179 - 01:26:19) ->    25(time 5272 - 01:27:52)(time 5521 - 01:32:01) ->    24(time 5614 - 01:33:34)(time 5829 - 01:37:09) ->    23(time 5922 - 01:38:42)(time 6165 - 01:42:45) ->    22(time 6258 - 01:44:18)(time 6468 - 01:47:48) ->    21(time 6561 - 01:49:21)(time 6805 - 01:53:25) ->    20(time 6898 - 01:54:58)(time 7125 - 01:58:45) ->    19(time 7513 - 02:05:13)(time 7735 - 02:08:55) ->    18(time 7828 - 02:10:28)(time 8053 - 02:14:13) ->    17(time 8146 - 02:15:46)(time 8358 - 02:19:18) ->    16(time 8451 - 02:20:51)(time 8671 - 02:24:31) ->    15(time 8764 - 02:26:04)(time 9002 - 02:30:02) ->    14(time 9255 - 02:34:15)(time 9255 - 02:34:15) ->    0(time 9362 - 02:36:02)(time 9600 - 02:40:00) ->    1(time 9693 - 02:41:33)(time 9913 - 02:45:13) ->    2(time 10006 - 02:46:46)(time 10218 - 02:50:18) ->    3(time 10311 - 02:51:51)(time 10536 - 02:55:36) ->    4(time 10924 - 03:02:04)(time 11146 - 03:05:46) ->    5(time 11239 - 03:07:19)(time 11466 - 03:11:06) ->    6(time 11559 - 03:12:39)(time 11803 - 03:16:43) ->    7(time 11893 - 03:18:13)(time 12103 - 03:21:43) ->    8(time 12196 - 03:23:16)(time 12439 - 03:27:19) ->    9(time 12532 - 03:28:52)(time 12747 - 03:32:27) ->    10(time 12840 - 03:34:00)(time 13089 - 03:38:09) ->    11(time 13182 - 03:39:42)(time 13410 - 03:43:30) ->    12(time 13663 - 03:47:43)(time 13892 - 03:51:32) ->    13(time 14145 - 03:55:45)(time 14145 - 03:55:45) -> 27
=============
Train 2
=============
> Trip 0
   27(time 4722 - 01:18:42)(time 4951 - 01:22:31) ->    26(time 5044 - 01:24:04)(time 5272 - 01:27:52) ->    25(time 5365 - 01:29:25)(time 5614 - 01:33:34) ->    24(time 5707 - 01:35:07)(time 5922 - 01:38:42) ->    23(time 6015 - 01:40:15)(time 6258 - 01:44:18) ->    22(time 6351 - 01:45:51)(time 6561 - 01:49:21) ->    21(time 6949 - 01:55:49)(time 7193 - 01:59:53) ->    20(time 7286 - 02:01:26)(time 7513 - 02:05:13) ->    19(time 7766 - 02:09:26)(time 7988 - 02:13:08) ->    18(time 8081 - 02:14:41)(time 8306 - 02:18:26) ->    17(time 8399 - 02:19:59)(time 8611 - 02:23:31) ->    16(time 8704 - 02:25:04)(time 8924 - 02:28:44) ->    15(time 9017 - 02:30:17)(time 9255 - 02:34:15) ->    14(time 9643 - 02:40:43)(time 9643 - 02:40:43) ->    0(time 9750 - 02:42:30)(time 9988 - 02:46:28) ->    1(time 10081 - 02:48:01)(time 10301 - 02:51:41) ->    2(time 10394 - 02:53:14)(time 10606 - 02:56:46) ->    3(time 10699 - 02:58:19)(time 10924 - 03:02:04) ->    4(time 11017 - 03:03:37)(time 11239 - 03:07:19) ->    5(time 11357 - 03:09:17)(time 11584 - 03:13:04) ->    6(time 11677 - 03:14:37)(time 11921 - 03:18:41) ->    7(time 12011 - 03:20:11)(time 12221 - 03:23:41) ->    8(time 12314 - 03:25:14)(time 12557 - 03:29:17) ->    9(time 12945 - 03:35:45)(time 13160 - 03:39:20) ->    10(time 13253 - 03:40:53)(time 13502 - 03:45:02) ->    11(time 13595 - 03:46:35)(time 13823 - 03:50:23) ->    12(time 13916 - 03:51:56)(time 14145 - 03:55:45) ->    13(time 14398 - 03:59:58)(time 14398 - 03:59:58) -> 27
=============
Train 3
=============
> Trip 0
   27(time 93 - 00:01:33)(time 322 - 00:05:22) ->    26(time 415 - 00:06:55)(time 643 - 00:10:43) ->    25(time 736 - 00:12:16)(time 985 - 00:16:25) ->    24(time 1078 - 00:17:58)(time 1293 - 00:21:33) ->    23(time 1386 - 00:23:06)(time 1629 - 00:27:09) ->    22(time 1722 - 00:28:42)(time 1932 - 00:32:12) ->    21(time 2022 - 00:33:42)(time 2266 - 00:37:46) ->    20(time 2359 - 00:39:19)(time 2586 - 00:43:06) ->    19(time 2676 - 00:44:36)(time 2898 - 00:48:18) ->    18(time 2991 - 00:49:51)(time 3216 - 00:53:36) ->    17(time 3309 - 00:55:09)(time 3521 - 00:58:41) ->    16(time 3774 - 01:02:54)(time 3994 - 01:06:34) ->    15(time 4087 - 01:08:07)(time 4325 - 01:12:05) ->    14(time 4713 - 01:18:33)(time 4713 - 01:18:33) ->    0(time 5101 - 01:25:01)(time 5339 - 01:28:59) ->    1(time 5432 - 01:30:32)(time 5652 - 01:34:12) ->    2(time 5745 - 01:35:45)(time 5957 - 01:39:17) ->    3(time 6290 - 01:44:50)(time 6515 - 01:48:35) ->    4(time 6903 - 01:55:03)(time 7125 - 01:58:45) ->    5(time 7513 - 02:05:13)(time 7740 - 02:09:00) ->    6(time 7833 - 02:10:33)(time 8077 - 02:14:37) ->    7(time 8465 - 02:21:05)(time 8675 - 02:24:35) ->    8(time 9063 - 02:31:03)(time 9306 - 02:35:06) ->    9(time 9423 - 02:37:03)(time 9638 - 02:40:38) ->    10(time 10026 - 02:47:06)(time 10275 - 02:51:15) ->    11(time 10368 - 02:52:48)(time 10596 - 02:56:36) ->    12(time 10689 - 02:58:09)(time 10918 - 03:01:58) ->    13(time 11171 - 03:06:11)(time 11171 - 03:06:11) -> 27
=============
Train 4
=============
> Trip 0
   27(time 3061 - 00:51:01)(time 3290 - 00:54:50) ->    26(time 3678 - 01:01:18)(time 3906 - 01:05:06) ->    25(time 4294 - 01:11:34)(time 4543 - 01:15:43) ->    24(time 4931 - 01:22:11)(time 5146 - 01:25:46) ->    23(time 5534 - 01:32:14)(time 5777 - 01:36:17) ->    22(time 5870 - 01:37:50)(time 6080 - 01:41:20) ->    21(time 6468 - 01:47:48)(time 6712 - 01:51:52) ->    20(time 6805 - 01:53:25)(time 7032 - 01:57:12) ->    19(time 7125 - 01:58:45)(time 7347 - 02:02:27) ->    18(time 7440 - 02:04:00)(time 7665 - 02:07:45) ->    17(time 7758 - 02:09:18)(time 7970 - 02:12:50) ->    16(time 8063 - 02:14:23)(time 8283 - 02:18:03) ->    15(time 8376 - 02:19:36)(time 8614 - 02:23:34) ->    14(time 8867 - 02:27:47)(time 8867 - 02:27:47) ->    0(time 9255 - 02:34:15)(time 9493 - 02:38:13) ->    1(time 9600 - 02:40:00)(time 9820 - 02:43:40) ->    2(time 9913 - 02:45:13)(time 10125 - 02:48:45) ->    3(time 10218 - 02:50:18)(time 10443 - 02:54:03) ->    4(time 10536 - 02:55:36)(time 10758 - 02:59:18) ->    5(time 11146 - 03:05:46)(time 11373 - 03:09:33) ->    6(time 11466 - 03:11:06)(time 11710 - 03:15:10) ->    7(time 11800 - 03:16:40)(time 12010 - 03:20:10) ->    8(time 12103 - 03:21:43)(time 12346 - 03:25:46) ->    9(time 12439 - 03:27:19)(time 12654 - 03:30:54) ->    10(time 12747 - 03:32:27)(time 12996 - 03:36:36) ->    11(time 13089 - 03:38:09)(time 13317 - 03:41:57) ->    12(time 13410 - 03:43:30)(time 13639 - 03:47:19) ->    13(time 13892 - 03:51:32)(time 13892 - 03:51:32) -> 27
