t5p14r2h1.txt:
   > Trying to open the instance file...
   > Reading number of trains...
   > Reading maximum number of trips per train...
   > Reading time intervals...
   > Reading number of points...
   > Reading stations...
   > Reading crossings...
   > Reading depots...
   > Reading initial point...
   > Reading routes...
   > Reading distance and distance and service...
   > Reading demands...
   > Reading maximum time...
   > Reading alpha...

--------------------------------
 Printing instance
--------------------------------
number of trains = 5
	max trips per trains: 2     2     2     2     2
number of intervals = 1
	(0,  20300)
number of points = 14
	initial point: 13
	stations: 0     1     2     3     4     6     8     9    10    11    12    13
	crossings: 0     5     7     9    10    13
	depots: 0    13
number of vertices = 28
	total vertices: 0     1     2     3     4     5     6     7     8     9    10    11    12    13    14    15    16    17    18    19    20    21    22    23    24    25    26    27
	upper vertices: 0     1     2     3     4     5     6     7     8     9    10    11    12    13
	lower vertices: 14    15    16    17    18    19    20    21    22    23    24    25    26    27
	vertices of point #0: (0, 14)
	vertices of point #1: (1, 15)
	vertices of point #2: (2, 16)
	vertices of point #3: (3, 17)
	vertices of point #4: (4, 18)
	vertices of point #5: (5, 19)
	vertices of point #6: (6, 20)
	vertices of point #7: (7, 21)
	vertices of point #8: (8, 22)
	vertices of point #9: (9, 23)
	vertices of point #10: (10, 24)
	vertices of point #11: (11, 25)
	vertices of point #12: (12, 26)
	vertices of point #13: (13, 27)

arcs...
	total arcs: 
		arc #0: (0, 1)
		arc #1: (0, 14)
		arc #2: (14, 0)
		arc #3: (1, 2)
		arc #4: (15, 14)
		arc #5: (2, 3)
		arc #6: (16, 15)
		arc #7: (3, 4)
		arc #8: (17, 16)
		arc #9: (4, 5)
		arc #10: (18, 17)
		arc #11: (5, 6)
		arc #12: (19, 18)
		arc #13: (6, 7)
		arc #14: (20, 19)
		arc #15: (7, 8)
		arc #16: (21, 20)
		arc #17: (8, 9)
		arc #18: (22, 21)
		arc #19: (9, 10)
		arc #20: (23, 22)
		arc #21: (10, 11)
		arc #22: (24, 23)
		arc #23: (11, 12)
		arc #24: (25, 24)
		arc #25: (12, 13)
		arc #26: (26, 25)
		arc #27: (27, 26)
		arc #28: (13, 27)
		arc #29: (27, 13)

	reverse arcs: 
		arc #1: (0, 14)
		arc #2: (14, 0)
		arc #28: (13, 27)
		arc #29: (27, 13)


incompatible points...
	(0, 4, 19, (4, 5))	(19, 15, 0, (15, 14))	(5, 6, 21, (6, 7))	(21, 20, 5, (20, 19))	(7, 8, 23, (8, 9))	(23, 22, 7, (22, 21))	(9, 9, 24, (9, 10))	(24, 24, 9, (24, 23))	(10, 12, 27, (12, 13))	(27, 25, 10, (25, 24))

number of routes = 2
vertices of routes...
	route #0: 0     1     2     3     4     5     6     7     8     9    10    11    12    13    27    26    25    24    23    22    21    20    19    18    17    16    15    14     0
	route #1: 27    26    25    24    23    22    21    20    19    18    17    16    15    14     0     1     2     3     4     5     6     7     8     9    10    11    12    13    27
arcs of routes...
	route #0: 0     3     5     7     9    11    13    15    17    19    21    23    25    28    27    26    24    22    20    18    16    14    12    10     8     6     4     2
	route #1: 27    26    24    22    20    18    16    14    12    10     8     6     4     2     0     3     5     7     9    11    13    15    17    19    21    23    25    28

incompatible routes...
	(0, 1)    	(1, 0)

vertices that can be adjacent in consecutive trips...
	(0, 0)    	(27, 27)
non cyclical routes: 


routes of trip...
	routes that train #0 can complete at trip #0: 1
	routes that train #0 can complete at trip #1: 0       1

	routes that train #1 can complete at trip #0: 1
	routes that train #1 can complete at trip #1: 0       1

	routes that train #2 can complete at trip #0: 1
	routes that train #2 can complete at trip #1: 0       1

	routes that train #3 can complete at trip #0: 1
	routes that train #3 can complete at trip #1: 0       1

	routes that train #4 can complete at trip #0: 1
	routes that train #4 can complete at trip #1: 0       1

 cost...
	arc #0 [0][1]: 238
	arc #1 [0][14]: 0
	arc #2 [14][0]: 0
	arc #3 [1][2]: 220
	arc #4 [15][14]: 238
	arc #5 [2][3]: 212
	arc #6 [16][15]: 220
	arc #7 [3][4]: 225
	arc #8 [17][16]: 212
	arc #9 [4][5]: 222
	arc #10 [18][17]: 225
	arc #11 [5][6]: 227
	arc #12 [19][18]: 222
	arc #13 [6][7]: 244
	arc #14 [20][19]: 227
	arc #15 [7][8]: 210
	arc #16 [21][20]: 244
	arc #17 [8][9]: 243
	arc #18 [22][21]: 210
	arc #19 [9][10]: 215
	arc #20 [23][22]: 243
	arc #21 [10][11]: 249
	arc #22 [24][23]: 215
	arc #23 [11][12]: 228
	arc #24 [25][24]: 249
	arc #25 [12][13]: 229
	arc #26 [26][25]: 228
	arc #27 [27][26]: 229
	arc #28 [13][27]: 0
	arc #29 [27][13]: 0

cost with minimum service...
	arc #0 [0][1]: 331
	arc #1 [0][14]: 0
	arc #2 [14][0]: 0
	arc #3 [1][2]: 313
	arc #4 [15][14]: 491
	arc #5 [2][3]: 305
	arc #6 [16][15]: 313
	arc #7 [3][4]: 318
	arc #8 [17][16]: 305
	arc #9 [4][5]: 312
	arc #10 [18][17]: 318
	arc #11 [5][6]: 320
	arc #12 [19][18]: 315
	arc #13 [6][7]: 334
	arc #14 [20][19]: 317
	arc #15 [7][8]: 303
	arc #16 [21][20]: 337
	arc #17 [8][9]: 336
	arc #18 [22][21]: 300
	arc #19 [9][10]: 308
	arc #20 [23][22]: 336
	arc #21 [10][11]: 342
	arc #22 [24][23]: 308
	arc #23 [11][12]: 321
	arc #24 [25][24]: 342
	arc #25 [12][13]: 482
	arc #26 [26][25]: 321
	arc #27 [27][26]: 322
	arc #28 [13][27]: 0
	arc #29 [27][13]: 0

cost with maximum service...
	arc #0 [0][1]: 626
	arc #1 [0][14]: 388
	arc #2 [14][0]: 388
	arc #3 [1][2]: 608
	arc #4 [15][14]: 626
	arc #5 [2][3]: 600
	arc #6 [16][15]: 608
	arc #7 [3][4]: 613
	arc #8 [17][16]: 600
	arc #9 [4][5]: 610
	arc #10 [18][17]: 613
	arc #11 [5][6]: 615
	arc #12 [19][18]: 610
	arc #13 [6][7]: 632
	arc #14 [20][19]: 615
	arc #15 [7][8]: 598
	arc #16 [21][20]: 632
	arc #17 [8][9]: 631
	arc #18 [22][21]: 598
	arc #19 [9][10]: 603
	arc #20 [23][22]: 631
	arc #21 [10][11]: 637
	arc #22 [24][23]: 603
	arc #23 [11][12]: 616
	arc #24 [25][24]: 637
	arc #25 [12][13]: 617
	arc #26 [26][25]: 616
	arc #27 [27][26]: 617
	arc #28 [13][27]: 388
	arc #29 [27][13]: 388

demands...
	demands of vertex 0 at time interval: 6
	demands of vertex 1 at time interval: 6
	demands of vertex 2 at time interval: 6
	demands of vertex 3 at time interval: 6
	demands of vertex 4 at time interval: 6
	demands of vertex 5 at time interval: 0
	demands of vertex 6 at time interval: 6
	demands of vertex 7 at time interval: 0
	demands of vertex 8 at time interval: 6
	demands of vertex 9 at time interval: 6
	demands of vertex 10 at time interval: 6
	demands of vertex 11 at time interval: 6
	demands of vertex 12 at time interval: 6
	demands of vertex 13 at time interval: 0
	demands of vertex 14 at time interval: 0
	demands of vertex 15 at time interval: 6
	demands of vertex 16 at time interval: 6
	demands of vertex 17 at time interval: 6
	demands of vertex 18 at time interval: 6
	demands of vertex 19 at time interval: 0
	demands of vertex 20 at time interval: 6
	demands of vertex 21 at time interval: 0
	demands of vertex 22 at time interval: 6
	demands of vertex 23 at time interval: 6
	demands of vertex 24 at time interval: 6
	demands of vertex 25 at time interval: 6
	demands of vertex 26 at time interval: 6
	demands of vertex 27 at time interval: 6

maximum time = 20300
alpha = 52

>> Solving...
Version identifier: 20.1.0.0 | 2020-11-10 | 9bedb6d68
CPXPARAM_Threads                                 1
CPXPARAM_TimeLimit                               43200
Tried aggregator 4 times.
MIP Presolve eliminated 54598 rows and 8525 columns.
MIP Presolve modified 126409 coefficients.
Aggregator did 840 substitutions.
Reduced MIP has 143871 rows, 54531 columns, and 350190 nonzeros.
Reduced MIP has 54250 binaries, 0 generals, 0 SOSs, and 0 indicators.
Presolve time = 14.53 sec. (5145.32 ticks)
Probing fixed 190 vars, tightened 217 bounds.
Probing time = 16.86 sec. (2303.70 ticks)
Cover probing fixed 0 vars, tightened 12 bounds.
Tried aggregator 1 time.
Detecting symmetries...
Elapsed time for symmetry detection = 6.90 sec. (10001.59 ticks)
Found 5.320409e+68498 symmetric permutations.
MIP Presolve eliminated 570 rows and 190 columns.
MIP Presolve modified 8954 coefficients.
Reduced MIP has 143301 rows, 54341 columns, and 348670 nonzeros.
Reduced MIP has 54060 binaries, 0 generals, 0 SOSs, and 0 indicators.
Presolve time = 11.90 sec. (14090.50 ticks)
Probing fixed 10 vars, tightened 107 bounds.
Probing time = 8.52 sec. (876.67 ticks)
Clique table members: 229617.
MIP emphasis: balance optimality and feasibility.
MIP search method: dynamic search.
Parallel mode: none, using 1 thread.
Root relaxation solution time = 34.89 sec. (18739.15 ticks)

        Nodes                                         Cuts/
   Node  Left     Objective  IInf  Best Integer    Best Bound    ItCnt     Gap

      0     0       49.3606 20350                     49.3606    22005         
      0     0     2903.0036 20420                  Cuts: 2651    22571         
      0     0     3516.3212 20464                  Cuts: 1862    22938         
      0     0     3662.8148 20466                  Cuts: 1534    23185         
      0     0     3933.3227 19805                  Cuts: 1541    26714         
      0     0     4315.6303 23182                  Cuts: 1575    31683         

Repeating presolve.
Tried aggregator 1 time.
MIP Presolve eliminated 127830 rows and 51130 columns.
MIP Presolve modified 5967 coefficients.
Reduced MIP has 15471 rows, 3211 columns, and 41730 nonzeros.
Reduced MIP has 2930 binaries, 0 generals, 0 SOSs, and 0 indicators.
Presolve time = 0.39 sec. (364.23 ticks)
Probing fixed 0 vars, tightened 92 bounds.
Probing time = 0.13 sec. (194.90 ticks)
Tried aggregator 1 time.
Detecting symmetries...
MIP Presolve modified 3432 coefficients.
Reduced MIP has 15471 rows, 3211 columns, and 41730 nonzeros.
Reduced MIP has 2930 binaries, 0 generals, 0 SOSs, and 0 indicators.
Presolve time = 0.13 sec. (134.09 ticks)
Represolve time = 0.73 sec. (725.75 ticks)
Probing fixed 0 vars, tightened 72 bounds.
Probing time = 0.11 sec. (170.86 ticks)
Clique table members: 24234.
MIP emphasis: balance optimality and feasibility.
MIP search method: dynamic search.
Parallel mode: none, using 1 thread.
Root relaxation solution time = 0.32 sec. (454.67 ticks)

        Nodes                                         Cuts/
   Node  Left     Objective  IInf  Best Integer    Best Bound    ItCnt     Gap

      0     0     4315.6303  1390                   4315.6303    34671         
      0     0     4481.3473  1280                   Cuts: 253    35030         
      0     0     4611.1704  1300                   Cuts: 110    35298         
      0     0     4678.1745  1307                   Cuts: 161    35754         
      0     0     4678.4969  1436                   Cuts: 132    36103         
      0     0     4678.4969  1438                    Cuts: 33    36129         
      0     0     4678.5766  1225                     Cuts: 4    36136         
      0     0     4678.5766  1428                    Cuts: 73    36361         
      0     2     4678.5766  1408                   4705.4754    36361         
Elapsed time = 180.47 sec. (109279.09 ticks, tree = 0.01 MB, solutions = 0)
      3     5     8650.0000  1671                   5495.9311    42181         
      5     7    17300.0000  1338                   8503.1409    45125         
      7     9    17300.0000   372                   8503.1409    47804         
     20    20    17300.0000    76                   8503.1409    49133         
     44    29    17300.0000   509                   8650.0000    50945         
     68    48    17969.0000    30                   8650.0000    51961         
     80    53    17300.0000   715                   8650.0000    53692         
    114    81    infeasible                         8650.0000    54700         
    132    89     8650.0000  1302                   8650.0000    55566         
    242   167     8903.0000   782                   8650.0000    59746         
Elapsed time = 183.57 sec. (113487.07 ticks, tree = 0.73 MB, solutions = 0)
    319   217    17300.0000   487                   8650.0000    65386         
    412   259    18591.0000   222                   8650.0000    68679         

Performing restart 1

Repeating presolve.
Tried aggregator 1 time.
MIP Presolve modified 3903 coefficients.
Reduced MIP has 15471 rows, 3211 columns, and 41730 nonzeros.
Reduced MIP has 2930 binaries, 0 generals, 0 SOSs, and 0 indicators.
Presolve time = 0.11 sec. (123.49 ticks)
Tried aggregator 1 time.
MIP Presolve modified 1516 coefficients.
Reduced MIP has 15471 rows, 3211 columns, and 41730 nonzeros.
Reduced MIP has 2930 binaries, 0 generals, 0 SOSs, and 0 indicators.
Presolve time = 0.13 sec. (131.49 ticks)
Represolve time = 0.73 sec. (982.92 ticks)
    471     0     4678.5905  1437                   Cuts: 314    77339         
    471     0     4678.5905  1464                   Cuts: 100    77413         
    471     0     4680.0322  1267                   Cuts: 178    77534         
    471     0     5537.6437  1325                   Cuts: 433    78263         
    471     0     5560.7757  1236                   Cuts: 640    78561         
    471     0     8650.0000  1664                  Cuts: 3899    80554         
    471     0     8654.1339  1753                  Cuts: 3967    81899         
    471     0     8903.0000  1275                   Cuts: 753    82358         
    471     0     8903.0000  1313                  Cuts: 1645    83183         
    471     2     8903.0000  1058                   8903.0000    83310         
    477     8    17300.0000   362                   8903.0000    88682         
*   521    31      integral     0    17581.0000     8903.0000    90118   49.36%
    522    31    17553.0000   653    17581.0000     8903.0000    92089   49.36%
*   541+   35                        17553.0000     8903.0000            49.28%
    542    35     8903.0000  1428    17553.0000     8903.0000    96509   49.28%
    579    60     9182.0000   362    17553.0000     8903.0000   101723   49.28%
    676   112     9342.0000   390    17553.0000     8903.0000   104700   49.28%
    770   173     9502.0000   526    17553.0000     8903.0000   109079   49.28%
    871   244     9249.0000   396    17553.0000     8903.0000   112452   49.28%
Elapsed time = 207.92 sec. (147204.29 ticks, tree = 1.51 MB, solutions = 2)
    988   312     9574.0000   395    17553.0000     8903.0000   115584   49.28%
   1069   366     9662.0000   606    17553.0000     8903.0000   120381   49.28%
   1172   427     9301.0000   538    17553.0000     8903.0000   123651   49.28%
   1251   470     8903.0000  1364    17553.0000     8903.0000   128342   49.28%
   1327   521     8903.0000  1249    17553.0000     8903.0000   132928   49.28%
   1413   579     9755.0000   568    17553.0000     8903.0000   137605   49.28%
   1414   580     9156.0000  1042    17553.0000     8903.0000   137874   49.28%
   1415   581     8996.0000   711    17553.0000     8903.0000   138174   49.28%

Performing restart 2

Repeating presolve.
Tried aggregator 2 times.
MIP Presolve eliminated 1513 rows and 114 columns.
MIP Presolve modified 3302 coefficients.
Aggregator did 43 substitutions.
Reduced MIP has 13915 rows, 3034 columns, and 38597 nonzeros.
Reduced MIP has 2753 binaries, 0 generals, 0 SOSs, and 0 indicators.
Presolve time = 0.15 sec. (174.88 ticks)
Tried aggregator 2 times.
MIP Presolve eliminated 16 rows and 4 columns.
MIP Presolve modified 762 coefficients.
Aggregator did 1 substitutions.
Reduced MIP has 13898 rows, 3029 columns, and 38549 nonzeros.
Reduced MIP has 2748 binaries, 0 generals, 0 SOSs, and 0 indicators.
Presolve time = 0.12 sec. (136.55 ticks)
Represolve time = 0.65 sec. (755.00 ticks)
   1416     0     8903.0000  1112    17553.0000    Cuts: 3574   141335   49.28%
   1416     0     8903.0000   975    17553.0000    Cuts: 2152   141654   49.28%

Repeating presolve.
Tried aggregator 1 time.
MIP Presolve eliminated 2476 rows and 789 columns.
MIP Presolve modified 5568 coefficients.
Reduced MIP has 11422 rows, 2240 columns, and 34842 nonzeros.
Reduced MIP has 1959 binaries, 0 generals, 0 SOSs, and 0 indicators.
Presolve time = 0.11 sec. (121.62 ticks)
Tried aggregator 1 time.
Reduced MIP has 11422 rows, 2240 columns, and 34842 nonzeros.
Reduced MIP has 1959 binaries, 0 generals, 0 SOSs, and 0 indicators.
Presolve time = 0.08 sec. (88.37 ticks)
Represolve time = 0.37 sec. (369.24 ticks)
   1416     0     8903.0000   892    17553.0000    Cuts: 1452   144079   49.28%
   1416     0     8903.0000   715    17553.0000      Cuts: 76   144304   49.28%
   1416     0     8903.0000   659    17553.0000     Cuts: 891   144605   49.28%
   1416     0     8903.0000   672    17553.0000     Cuts: 902   144843   49.28%
   1416     0     8903.0000   591    17553.0000     Cuts: 274   145071   49.28%
   1416     0     8903.0000   612    17553.0000     Cuts: 388   145279   49.28%
   1416     0     8903.0000   502    17553.0000     Cuts: 292   145396   49.28%
   1416     0     8903.0000   560    17553.0000     Cuts: 233   145560   49.28%
   1416     0     8903.0000   457    17553.0000       Cuts: 2   145675   49.28%
   1416     0     8903.0000   885    17553.0000    Cuts: 2132   146174   49.28%
   1416     0     8903.0000   679    17553.0000     Cuts: 331   146615   49.28%
   1416     0     8903.0000   789    17553.0000    Cuts: 1314   147477   49.28%
   1416     2     8903.0000   569    17553.0000     8903.0000   147477   49.28%
   1417     3    11674.1373   524    17553.0000     8903.0000   148831   49.28%
Elapsed time = 241.77 sec. (187272.42 ticks, tree = 0.01 MB, solutions = 2)
   1418     4     8903.0000   680    17553.0000     8903.0000   149720   49.28%
   1419     5     8903.0000  1247    17553.0000     8903.0000   150422   49.28%
   1421     7     8903.0000  1247    17553.0000     8903.0000   150745   49.28%
   1422     8     8903.0000  1248    17553.0000     8903.0000   150903   49.28%
   1424     8     8903.0000   837    17553.0000     8903.0000   151770   49.28%
   1426    10     8903.0000   592    17553.0000     8903.0000   151880   49.28%
   1429    12     8996.0000   508    17553.0000     8903.0000   152254   49.28%
   1433    13     8903.0000   454    17553.0000     8903.0000   152605   49.28%
   1436    15     9156.0000   432    17553.0000     8903.0000   152857   49.28%
   1442    20     9409.0000   304    17553.0000     8903.0000   153098   49.28%
Elapsed time = 252.60 sec. (200869.50 ticks, tree = 1.30 MB, solutions = 2)
   1448    22    infeasible          17553.0000     8903.0000   153271   49.28%
   1452    26     8996.0000   451    17553.0000     8903.0000   153600   49.28%
   1457    29     9156.0000   396    17553.0000     8903.0000   153939   49.28%
   1461    28     8903.0000   376    17553.0000     8903.0000   154266   49.28%
   1466    33     9156.0000   328    17553.0000     8903.0000   154908   49.28%
   1472    35     8996.0000   316    17553.0000     8903.0000   155451   49.28%
   1478    33    infeasible          17553.0000     8903.0000   156645   49.28%
   1486    37     9156.0000   290    17553.0000     8903.0000   157217   49.28%
   1492    39     9156.0000   417    17553.0000     8903.0000   158378   49.28%
   1499    40    infeasible          17553.0000     8903.0000   159406   49.28%
Elapsed time = 261.41 sec. (211166.36 ticks, tree = 2.34 MB, solutions = 2)
   1504    42    10305.6003   409    17553.0000     8903.0000   160372   49.28%
   1508    45    17300.0000    69    17553.0000     8903.0000   161155   49.28%
*  1516+   49                        17466.0000     8903.0000            49.03%
*  1516+   49                        17306.0000     8903.0000            48.56%
   1520    50     9433.3630   430    17306.0000     8903.0000   162215   48.56%
   1530    53     8903.0000   609    17306.0000     8903.0000   163563   48.56%
   1536    54        cutoff          17306.0000     8903.0000   164197   48.56%
   1542    57     8903.0000   422    17306.0000     8903.0000   164902   48.56%
   1549    54        cutoff          17306.0000     8903.0000   166373   48.56%
   1555    52    infeasible          17306.0000     8903.0000   167825   48.56%
   1560    53        cutoff          17306.0000     8903.0000   168964   48.56%
   1565    56     9182.0000   460    17306.0000     8903.0000   169835   48.56%
Elapsed time = 270.83 sec. (222062.75 ticks, tree = 2.30 MB, solutions = 4)
   1571    57     9595.0000   440    17306.0000     8903.0000   170101   48.56%
   1577    57     8903.0000   388    17306.0000     8903.0000   171016   48.56%
   1583    58     8903.0000   352    17306.0000     8903.0000   171478   48.56%
   1590    58     9502.0000   346    17306.0000     8916.0000   172285   48.48%
   1597    61     9409.0000   303    17306.0000     8929.0000   173015   48.41%
   1605    61     9182.0000   384    17306.0000     8996.0000   174043   48.02%
   1612    60    infeasible          17306.0000     8996.0000   174360   48.02%
   1620    62     8996.0000   370    17306.0000     8996.0000   175462   48.02%
   1628    66     9755.0000   229    17306.0000     8996.0000   175989   48.02%
   1635    66     9342.0000   283    17306.0000     8996.0000   176598   48.02%
Elapsed time = 280.37 sec. (232503.64 ticks, tree = 1.98 MB, solutions = 4)
   1646    68     9409.0000   309    17306.0000     8996.0000   177551   48.02%
   1650    70    infeasible          17306.0000     8996.0000   177698   48.02%
   1655    70     9409.0000   385    17306.0000     8996.0000   178378   48.02%
   1662    72     8996.0000   472    17306.0000     8996.0000   178993   48.02%
   1668    72    infeasible          17306.0000     8996.0000   179698   48.02%
   1676    72     9435.0000   329    17306.0000     8996.0000   180771   48.02%
   1686    74    infeasible          17306.0000     8996.0000   181453   48.02%
   1693    75     8996.0000   461    17306.0000     8996.0000   182394   48.02%
   1702    73     8996.6379   361    17306.0000     8996.0000   183510   48.02%
   1710    70    infeasible          17306.0000     9089.0000   185007   47.48%
Elapsed time = 289.98 sec. (242767.45 ticks, tree = 1.39 MB, solutions = 4)
   1718    70     9342.0000   337    17306.0000     9089.0000   186145   47.48%
   1726    67    infeasible          17306.0000     9089.0000   186993   47.48%
   1736    65     9156.0000   339    17306.0000     9156.0000   188764   47.09%
   1745    64     9156.0000   405    17306.0000     9156.0000   190183   47.09%
   1752    60    infeasible          17306.0000     9156.0000   191648   47.09%
   1760    58    infeasible          17306.0000     9156.0000   193070   47.09%
   1767    59     9528.0000   280    17306.0000     9156.0000   194131   47.09%
   1777    57     9435.0000   390    17306.0000     9249.0000   196110   46.56%
   1786    54     9249.0000   316    17306.0000     9249.0000   197747   46.56%
   1795    47    infeasible          17306.0000     9342.0000   199574   46.02%
Elapsed time = 298.98 sec. (253250.91 ticks, tree = 1.04 MB, solutions = 4)
   1802    44    infeasible          17306.0000     9409.0000   200777   45.63%
   1809    41    infeasible          17306.0000     9409.0000   201766   45.63%
   1816    40     9409.0000   242    17306.0000     9409.0000   202844   45.63%
   1824    38    infeasible          17306.0000     9409.0000   204323   45.63%
   1830    35     9595.0000   336    17306.0000     9409.0000   205046   45.63%
   1841    30    infeasible          17306.0000     9502.0000   206022   45.09%
   1851    29     9848.0000   241    17306.0000     9502.0000   207322   45.09%
   1861    25     9662.0000   367    17306.0000     9662.0000   209115   44.17%
   1876    21    17300.0000   152    17306.0000    11545.3016   211436   33.29%
   1960    34    17300.0000   134    17306.0000    17300.0000   216058    0.03%
Elapsed time = 310.94 sec. (266704.79 ticks, tree = 0.12 MB, solutions = 4)
   2029    49    17300.0000    46    17306.0000    17300.0000   219866    0.03%
   2121    48    17300.0000   100    17306.0000    17300.0000   226032    0.03%
   2220    47    17303.0000    45    17306.0000    17300.0000   232560    0.03%
   2374    48    17300.0000   130    17306.0000    17300.0000   240945    0.03%
   2486    56    17300.0000    45    17306.0000    17300.0000   247851    0.03%
   2641    61    17300.0000    19    17306.0000    17300.0000   257882    0.03%
   2811    62    17303.0000    26    17306.0000    17300.0000   262660    0.03%
   2994    75    infeasible          17306.0000    17300.0000   268439    0.03%
   3217    90        cutoff          17306.0000    17300.0000   276270    0.03%
   3471    91    17300.0000    38    17306.0000    17300.0000   285400    0.03%
Elapsed time = 345.53 sec. (305184.28 ticks, tree = 0.33 MB, solutions = 4)
   3686   102    17300.0000    66    17306.0000    17300.0000   293846    0.03%
   3870    99    17300.0000    51    17306.0000    17300.0000   301256    0.03%
   4090    96    17300.0000    77    17306.0000    17300.0000   311016    0.03%
   4386     9    17303.0000    15    17306.0000    17303.0000   320327    0.02%

GUB cover cuts applied:  3
Clique cuts applied:  9
Cover cuts applied:  422
Implied bound cuts applied:  13
Flow cuts applied:  32
Mixed integer rounding cuts applied:  62
Zero-half cuts applied:  2
Gomory fractional cuts applied:  6

Root node processing (before b&c):
  Real time             =  180.46 sec. (109237.47 ticks)
Sequential b&c:
  Real time             =  180.64 sec. (211393.49 ticks)
                          ------------
Total (root+branch&cut) =  361.10 sec. (320630.96 ticks)
Optimal

>> Printing some results...
    -> Solution value = 17305 - 04:48:25
    -> Total time = 361.10
    -> Gap value = 0.00

=============
Train 0
=============
> Trip 0
   27(time 4722 - 01:18:42)(time 4951 - 01:22:31) ->    26(time 5044 - 01:24:04)(time 5272 - 01:27:52) ->    25(time 5365 - 01:29:25)(time 5614 - 01:33:34) ->    24(time 5707 - 01:35:07)(time 5922 - 01:38:42) ->    23(time 6015 - 01:40:15)(time 6258 - 01:44:18) ->    22(time 6351 - 01:45:51)(time 6561 - 01:49:21) ->    21(time 6949 - 01:55:49)(time 7193 - 01:59:53) ->    20(time 7286 - 02:01:26)(time 7513 - 02:05:13) ->    19(time 7901 - 02:11:41)(time 8123 - 02:15:23) ->    18(time 8323 - 02:18:43)(time 8548 - 02:22:28) ->    17(time 8641 - 02:24:01)(time 8853 - 02:27:33) ->    16(time 8946 - 02:29:06)(time 9166 - 02:32:46) ->    15(time 9259 - 02:34:19)(time 9497 - 02:38:17) ->    14(time 9750 - 02:42:30)(time 9750 - 02:42:30) ->    0(time 9750 - 02:42:30)(time 9988 - 02:46:28) ->    1(time 10081 - 02:48:01)(time 10301 - 02:51:41) ->    2(time 10394 - 02:53:14)(time 10606 - 02:56:46) ->    3(time 10699 - 02:58:19)(time 10924 - 03:02:04) ->    4(time 11017 - 03:03:37)(time 11239 - 03:07:19) ->    5(time 11627 - 03:13:47)(time 11854 - 03:17:34) ->    6(time 12107 - 03:21:47)(time 12351 - 03:25:51) ->    7(time 12441 - 03:27:21)(time 12651 - 03:30:51) ->    8(time 12744 - 03:32:24)(time 12987 - 03:36:27) ->    9(time 13080 - 03:38:00)(time 13295 - 03:41:35) ->    10(time 13388 - 03:43:08)(time 13637 - 03:47:17) ->    11(time 13730 - 03:48:50)(time 13958 - 03:52:38) ->    12(time 14051 - 03:54:11)(time 14280 - 03:58:00) ->    13(time 14668 - 04:04:28)(time 14668 - 04:04:28) -> 27
=============
Train 1
=============
> Trip 0
   27(time 4629 - 01:17:09)(time 4858 - 01:20:58) ->    26(time 4951 - 01:22:31)(time 5179 - 01:26:19) ->    25(time 5272 - 01:27:52)(time 5521 - 01:32:01) ->    24(time 5614 - 01:33:34)(time 5829 - 01:37:09) ->    23(time 5922 - 01:38:42)(time 6165 - 01:42:45) ->    22(time 6258 - 01:44:18)(time 6468 - 01:47:48) ->    21(time 6561 - 01:49:21)(time 6805 - 01:53:25) ->    20(time 7193 - 01:59:53)(time 7420 - 02:03:40) ->    19(time 7510 - 02:05:10)(time 7732 - 02:08:52) ->    18(time 7825 - 02:10:25)(time 8050 - 02:14:10) ->    17(time 8143 - 02:15:43)(time 8355 - 02:19:15) ->    16(time 8693 - 02:24:53)(time 8913 - 02:28:33) ->    15(time 9006 - 02:30:06)(time 9244 - 02:34:04) ->    14(time 9497 - 02:38:17)(time 9497 - 02:38:17) ->    0(time 9590 - 02:39:50)(time 9828 - 02:43:48) ->    1(time 9921 - 02:45:21)(time 10141 - 02:49:01) ->    2(time 10234 - 02:50:34)(time 10446 - 02:54:06) ->    3(time 10539 - 02:55:39)(time 10764 - 02:59:24) ->    4(time 10924 - 03:02:04)(time 11146 - 03:05:46) ->    5(time 11239 - 03:07:19)(time 11466 - 03:11:06) ->    6(time 11559 - 03:12:39)(time 11803 - 03:16:43) ->    7(time 11893 - 03:18:13)(time 12103 - 03:21:43) ->    8(time 12196 - 03:23:16)(time 12439 - 03:27:19) ->    9(time 12827 - 03:33:47)(time 13042 - 03:37:22) ->    10(time 13135 - 03:38:55)(time 13384 - 03:43:04) ->    11(time 13477 - 03:44:37)(time 13705 - 03:48:25) ->    12(time 13798 - 03:49:58)(time 14027 - 03:53:47) ->    13(time 14280 - 03:58:00)(time 14280 - 03:58:00) -> 27
=============
Train 2
=============
> Trip 0
   27(time 3946 - 01:05:46)(time 4175 - 01:09:35) ->    26(time 4563 - 01:16:03)(time 4791 - 01:19:51) ->    25(time 4884 - 01:21:24)(time 5133 - 01:25:33) ->    24(time 5226 - 01:27:06)(time 5441 - 01:30:41) ->    23(time 5534 - 01:32:14)(time 5777 - 01:36:17) ->    22(time 5870 - 01:37:50)(time 6080 - 01:41:20) ->    21(time 6468 - 01:47:48)(time 6712 - 01:51:52) ->    20(time 6805 - 01:53:25)(time 7032 - 01:57:12) ->    19(time 7125 - 01:58:45)(time 7347 - 02:02:27) ->    18(time 7440 - 02:04:00)(time 7665 - 02:07:45) ->    17(time 7758 - 02:09:18)(time 7970 - 02:12:50) ->    16(time 8063 - 02:14:23)(time 8283 - 02:18:03) ->    15(time 8618 - 02:23:38)(time 8856 - 02:27:36) ->    14(time 9244 - 02:34:04)(time 9244 - 02:34:04) ->    0(time 9497 - 02:38:17)(time 9735 - 02:42:15) ->    1(time 9828 - 02:43:48)(time 10048 - 02:47:28) ->    2(time 10141 - 02:49:01)(time 10353 - 02:52:33) ->    3(time 10446 - 02:54:06)(time 10671 - 02:57:51) ->    4(time 10764 - 02:59:24)(time 10986 - 03:03:06) ->    5(time 11146 - 03:05:46)(time 11373 - 03:09:33) ->    6(time 11466 - 03:11:06)(time 11710 - 03:15:10) ->    7(time 11800 - 03:16:40)(time 12010 - 03:20:10) ->    8(time 12103 - 03:21:43)(time 12346 - 03:25:46) ->    9(time 12439 - 03:27:19)(time 12654 - 03:30:54) ->    10(time 12747 - 03:32:27)(time 12996 - 03:36:36) ->    11(time 13089 - 03:38:09)(time 13317 - 03:41:57) ->    12(time 13410 - 03:43:30)(time 13639 - 03:47:19) ->    13(time 13892 - 03:51:32)(time 13892 - 03:51:32) -> 27
=============
Train 3
=============
> Trip 0
   27(time 0 - 00:00:00)(time 229 - 00:03:49) ->    26(time 322 - 00:05:22)(time 550 - 00:09:10) ->    25(time 643 - 00:10:43)(time 892 - 00:14:52) ->    24(time 985 - 00:16:25)(time 1200 - 00:20:00) ->    23(time 1293 - 00:21:33)(time 1536 - 00:25:36) ->    22(time 1629 - 00:27:09)(time 1839 - 00:30:39) ->    21(time 1929 - 00:32:09)(time 2173 - 00:36:13) ->    20(time 2266 - 00:37:46)(time 2493 - 00:41:33) ->    19(time 2583 - 00:43:03)(time 2805 - 00:46:45) ->    18(time 2898 - 00:48:18)(time 3123 - 00:52:03) ->    17(time 3216 - 00:53:36)(time 3428 - 00:57:08) ->    16(time 3521 - 00:58:41)(time 3741 - 01:02:21) ->    15(time 3834 - 01:03:54)(time 4072 - 01:07:52) ->    14(time 4325 - 01:12:05)(time 4325 - 01:12:05) ->    0(time 4325 - 01:12:05)(time 4563 - 01:16:03) ->    1(time 4656 - 01:17:36)(time 4876 - 01:21:16) ->    2(time 4969 - 01:22:49)(time 5181 - 01:26:21) ->    3(time 5274 - 01:27:54)(time 5499 - 01:31:39) ->    4(time 5592 - 01:33:12)(time 5814 - 01:36:54) ->    5(time 5904 - 01:38:24)(time 6131 - 01:42:11) ->    6(time 6224 - 01:43:44)(time 6468 - 01:47:48) ->    7(time 6561 - 01:49:21)(time 6771 - 01:52:51) ->    8(time 6864 - 01:54:24)(time 7107 - 01:58:27) ->    9(time 7200 - 02:00:00)(time 7415 - 02:03:35) ->    10(time 7508 - 02:05:08)(time 7757 - 02:09:17) ->    11(time 7850 - 02:10:50)(time 8078 - 02:14:38) ->    12(time 8171 - 02:16:11)(time 8400 - 02:20:00) ->    13(time 8653 - 02:24:13)(time 8653 - 02:24:13) -> 27
> Trip 1
   27(time 8653 - 02:24:13)(time 8882 - 02:28:02) ->    26(time 8975 - 02:29:35)(time 9203 - 02:33:23) ->    25(time 9296 - 02:34:56)(time 9545 - 02:39:05) ->    24(time 9638 - 02:40:38)(time 9853 - 02:44:13) ->    23(time 9946 - 02:45:46)(time 10189 - 02:49:49) ->    22(time 10282 - 02:51:22)(time 10492 - 02:54:52) ->    21(time 10582 - 02:56:22)(time 10826 - 03:00:26) ->    20(time 10919 - 03:01:59)(time 11146 - 03:05:46) ->    19(time 11239 - 03:07:19)(time 11461 - 03:11:01) ->    18(time 11554 - 03:12:34)(time 11779 - 03:16:19) ->    17(time 11872 - 03:17:52)(time 12084 - 03:21:24) ->    16(time 12177 - 03:22:57)(time 12397 - 03:26:37) ->    15(time 12490 - 03:28:10)(time 12728 - 03:32:08) ->    14(time 12981 - 03:36:21)(time 12981 - 03:36:21) ->    0(time 12981 - 03:36:21)(time 13219 - 03:40:19) ->    1(time 13312 - 03:41:52)(time 13532 - 03:45:32) ->    2(time 13625 - 03:47:05)(time 13837 - 03:50:37) ->    3(time 13930 - 03:52:10)(time 14155 - 03:55:55) ->    4(time 14248 - 03:57:28)(time 14470 - 04:01:10) ->    5(time 14560 - 04:02:40)(time 14787 - 04:06:27) ->    6(time 14880 - 04:08:00)(time 15124 - 04:12:04) ->    7(time 15214 - 04:13:34)(time 15424 - 04:17:04) ->    8(time 15517 - 04:18:37)(time 15760 - 04:22:40) ->    9(time 15853 - 04:24:13)(time 16068 - 04:27:48) ->    10(time 16161 - 04:29:21)(time 16410 - 04:33:30) ->    11(time 16503 - 04:35:03)(time 16731 - 04:38:51) ->    12(time 16824 - 04:40:24)(time 17053 - 04:44:13) ->    13(time 17306 - 04:48:26)(time 17306 - 04:48:26) -> 27
=============
Train 4
=============
> Trip 0
   27(time 93 - 00:01:33)(time 322 - 00:05:22) ->    26(time 415 - 00:06:55)(time 643 - 00:10:43) ->    25(time 736 - 00:12:16)(time 985 - 00:16:25) ->    24(time 1078 - 00:17:58)(time 1293 - 00:21:33) ->    23(time 1386 - 00:23:06)(time 1629 - 00:27:09) ->    22(time 1722 - 00:28:42)(time 1932 - 00:32:12) ->    21(time 2022 - 00:33:42)(time 2266 - 00:37:46) ->    20(time 2359 - 00:39:19)(time 2586 - 00:43:06) ->    19(time 2676 - 00:44:36)(time 2898 - 00:48:18) ->    18(time 2991 - 00:49:51)(time 3216 - 00:53:36) ->    17(time 3309 - 00:55:09)(time 3521 - 00:58:41) ->    16(time 3614 - 01:00:14)(time 3834 - 01:03:54) ->    15(time 4087 - 01:08:07)(time 4325 - 01:12:05) ->    14(time 4713 - 01:18:33)(time 4713 - 01:18:33) ->    0(time 4713 - 01:18:33)(time 4951 - 01:22:31) ->    1(time 5082 - 01:24:42)(time 5302 - 01:28:22) ->    2(time 5690 - 01:34:50)(time 5902 - 01:38:22) ->    3(time 6290 - 01:44:50)(time 6515 - 01:48:35) ->    4(time 6903 - 01:55:03)(time 7125 - 01:58:45) ->    5(time 7513 - 02:05:13)(time 7740 - 02:09:00) ->    6(time 7833 - 02:10:33)(time 8077 - 02:14:37) ->    7(time 8167 - 02:16:07)(time 8377 - 02:19:37) ->    8(time 8470 - 02:21:10)(time 8713 - 02:25:13) ->    9(time 8942 - 02:29:02)(time 9157 - 02:32:37) ->    10(time 9545 - 02:39:05)(time 9794 - 02:43:14) ->    11(time 9887 - 02:44:47)(time 10115 - 02:48:35) ->    12(time 10208 - 02:50:08)(time 10437 - 02:53:57) ->    13(time 10690 - 02:58:10)(time 10690 - 02:58:10) -> 27
