t5p11r8h3.txt:
   > Trying to open the instance file...
   > Reading number of trains...
   > Reading maximum number of trips per train...
   > Reading time intervals...
   > Reading number of points...
   > Reading stations...
   > Reading crossings...
   > Reading depots...
   > Reading initial point...
   > Reading routes...
   > Reading distance and distance and service...
   > Reading demands...
   > Reading maximum time...
   > Reading alpha...

--------------------------------
 Printing instance
--------------------------------
number of trains = 5
	max trips per trains: 2     2     2     2     2
number of intervals = 3
	(0,  13365)	(13366,  26730)	(26731,  40096)
number of points = 11
	initial point: 10
	stations: 0     1     2     5     6     7     9    10
	crossings: 0     1     3     4     8    10
	depots: 0     1    10
number of vertices = 22
	total vertices: 0     1     2     3     4     5     6     7     8     9    10    11    12    13    14    15    16    17    18    19    20    21
	upper vertices: 0     1     2     3     4     5     6     7     8     9    10
	lower vertices: 11    12    13    14    15    16    17    18    19    20    21
	vertices of point #0: (0, 11)
	vertices of point #1: (1, 12)
	vertices of point #2: (2, 13)
	vertices of point #3: (3, 14)
	vertices of point #4: (4, 15)
	vertices of point #5: (5, 16)
	vertices of point #6: (6, 17)
	vertices of point #7: (7, 18)
	vertices of point #8: (8, 19)
	vertices of point #9: (9, 20)
	vertices of point #10: (10, 21)

arcs...
	total arcs: 
		arc #0: (0, 1)
		arc #1: (0, 11)
		arc #2: (11, 0)
		arc #3: (1, 2)
		arc #4: (12, 11)
		arc #5: (1, 12)
		arc #6: (12, 1)
		arc #7: (2, 3)
		arc #8: (13, 12)
		arc #9: (3, 4)
		arc #10: (14, 13)
		arc #11: (4, 5)
		arc #12: (15, 14)
		arc #13: (5, 6)
		arc #14: (16, 15)
		arc #15: (6, 7)
		arc #16: (17, 16)
		arc #17: (7, 8)
		arc #18: (18, 17)
		arc #19: (8, 9)
		arc #20: (19, 18)
		arc #21: (9, 10)
		arc #22: (20, 19)
		arc #23: (21, 20)
		arc #24: (10, 21)
		arc #25: (21, 10)

	reverse arcs: 
		arc #1: (0, 11)
		arc #2: (11, 0)
		arc #5: (1, 12)
		arc #6: (12, 1)
		arc #24: (10, 21)
		arc #25: (21, 10)


incompatible points...
	(0, 0, 12, (0, 1))	(12, 12, 0, (12, 11))	(1, 2, 14, (2, 3))	(14, 13, 1, (13, 12))	(3, 3, 15, (3, 4))	(15, 15, 3, (15, 14))	(4, 7, 19, (7, 8))	(19, 16, 4, (16, 15))	(8, 9, 21, (9, 10))	(21, 20, 8, (20, 19))

number of routes = 8
vertices of routes...
	route #0: 0     1     2     3     4     5     6     7     8     9    10    21    20    19    18    17    16    15    14    13    12    11     0
	route #1: 21    20    19    18    17    16    15    14    13    12    11     0     1     2     3     4     5     6     7     8     9    10    21
	route #2: 1     2     3     4     5     6     7     8     9    10
	route #3: 12    11
	route #4: 0     1
	route #5: 21    20    19    18    17    16    15    14    13    12
	route #6: 1     2     3     4     5     6     7     8     9    10    21    20    19    18    17    16    15    14    13    12     1
	route #7: 12    11     0     1    12
arcs of routes...
	route #0: 0     3     7     9    11    13    15    17    19    21    24    23    22    20    18    16    14    12    10     8     4     2
	route #1: 23    22    20    18    16    14    12    10     8     4     2     0     3     7     9    11    13    15    17    19    21    24
	route #2: 3     7     9    11    13    15    17    19    21
	route #3: 4
	route #4: 0
	route #5: 23    22    20    18    16    14    12    10     8
	route #6: 3     7     9    11    13    15    17    19    21    24    23    22    20    18    16    14    12    10     8     6
	route #7: 4     2     0     5

incompatible routes...
	(0, 1)    	(0, 2)    	(0, 3)    	(0, 5)    	(0, 6)    	(0, 7)    	(1, 0)    	(1, 2)    	(1, 3)    	(1, 4)    	(1, 6)    	(1, 7)    	(2, 0)    	(2, 2)    	(2, 3)    	(2, 4)    	(2, 6)    	(2, 7)    	(3, 1)    	(3, 2)    	(3, 3)    	(3, 5)    	(3, 6)    	(3, 7)    	(4, 0)    	(4, 1)    	(4, 4)    	(4, 5)    	(5, 0)    	(5, 1)    	(5, 4)    	(5, 5)    	(6, 0)    	(6, 1)    	(6, 4)    	(6, 5)    	(7, 0)    	(7, 1)    	(7, 4)    	(7, 5)

vertices that can be adjacent in consecutive trips...
	(0, 0)    	(1, 1)    	(1, 12)    	(10, 21)    	(11, 0)    	(12, 1)    	(12, 12)    	(21, 21)
non cyclical routes: 
       2       3       4       5

routes of trip...
	routes that train #0 can complete at trip #0: 1       5
	routes that train #0 can complete at trip #1: 0       1       2       3       4       5       6       7

	routes that train #1 can complete at trip #0: 1       5
	routes that train #1 can complete at trip #1: 0       1       2       3       4       5       6       7

	routes that train #2 can complete at trip #0: 1       5
	routes that train #2 can complete at trip #1: 0       1       2       3       4       5       6       7

	routes that train #3 can complete at trip #0: 1       5
	routes that train #3 can complete at trip #1: 0       1       2       3       4       5       6       7

	routes that train #4 can complete at trip #0: 1       5
	routes that train #4 can complete at trip #1: 0       1       2       3       4       5       6       7

 cost...
	arc #0 [0][1]: 543
	arc #1 [0][11]: 0
	arc #2 [11][0]: 0
	arc #3 [1][2]: 588
	arc #4 [12][11]: 543
	arc #5 [1][12]: 0
	arc #6 [12][1]: 0
	arc #7 [2][3]: 576
	arc #8 [13][12]: 588
	arc #9 [3][4]: 581
	arc #10 [14][13]: 576
	arc #11 [4][5]: 540
	arc #12 [15][14]: 581
	arc #13 [5][6]: 510
	arc #14 [16][15]: 540
	arc #15 [6][7]: 565
	arc #16 [17][16]: 510
	arc #17 [7][8]: 592
	arc #18 [18][17]: 565
	arc #19 [8][9]: 519
	arc #20 [19][18]: 592
	arc #21 [9][10]: 540
	arc #22 [20][19]: 519
	arc #23 [21][20]: 540
	arc #24 [10][21]: 0
	arc #25 [21][10]: 0

cost with minimum service...
	arc #0 [0][1]: 737
	arc #1 [0][11]: 0
	arc #2 [11][0]: 0
	arc #3 [1][2]: 697
	arc #4 [12][11]: 737
	arc #5 [1][12]: 0
	arc #6 [12][1]: 0
	arc #7 [2][3]: 614
	arc #8 [13][12]: 782
	arc #9 [3][4]: 619
	arc #10 [14][13]: 685
	arc #11 [4][5]: 649
	arc #12 [15][14]: 619
	arc #13 [5][6]: 619
	arc #14 [16][15]: 578
	arc #15 [6][7]: 674
	arc #16 [17][16]: 619
	arc #17 [7][8]: 630
	arc #18 [18][17]: 674
	arc #19 [8][9]: 628
	arc #20 [19][18]: 701
	arc #21 [9][10]: 734
	arc #22 [20][19]: 557
	arc #23 [21][20]: 649
	arc #24 [10][21]: 0
	arc #25 [21][10]: 0

cost with maximum service...
	arc #0 [0][1]: 909
	arc #1 [0][11]: 366
	arc #2 [11][0]: 366
	arc #3 [1][2]: 954
	arc #4 [12][11]: 909
	arc #5 [1][12]: 366
	arc #6 [12][1]: 366
	arc #7 [2][3]: 942
	arc #8 [13][12]: 954
	arc #9 [3][4]: 947
	arc #10 [14][13]: 942
	arc #11 [4][5]: 906
	arc #12 [15][14]: 947
	arc #13 [5][6]: 876
	arc #14 [16][15]: 906
	arc #15 [6][7]: 931
	arc #16 [17][16]: 876
	arc #17 [7][8]: 958
	arc #18 [18][17]: 931
	arc #19 [8][9]: 885
	arc #20 [19][18]: 958
	arc #21 [9][10]: 906
	arc #22 [20][19]: 885
	arc #23 [21][20]: 906
	arc #24 [10][21]: 366
	arc #25 [21][10]: 366

demands...
	demands of vertex 0 at time interval: 2     2     2
	demands of vertex 1 at time interval: 2     2     2
	demands of vertex 2 at time interval: 2     2     2
	demands of vertex 3 at time interval: 0     0     0
	demands of vertex 4 at time interval: 0     0     0
	demands of vertex 5 at time interval: 2     2     2
	demands of vertex 6 at time interval: 2     2     2
	demands of vertex 7 at time interval: 2     2     2
	demands of vertex 8 at time interval: 0     0     0
	demands of vertex 9 at time interval: 2     2     2
	demands of vertex 10 at time interval: 0     0     0
	demands of vertex 11 at time interval: 0     0     0
	demands of vertex 12 at time interval: 2     2     2
	demands of vertex 13 at time interval: 2     2     2
	demands of vertex 14 at time interval: 0     0     0
	demands of vertex 15 at time interval: 0     0     0
	demands of vertex 16 at time interval: 2     2     2
	demands of vertex 17 at time interval: 2     2     2
	demands of vertex 18 at time interval: 2     2     2
	demands of vertex 19 at time interval: 0     0     0
	demands of vertex 20 at time interval: 2     2     2
	demands of vertex 21 at time interval: 2     2     2

maximum time = 40096
alpha = 84
Starting to test combinations... - Total number of combinations = 32768
Found new best - 6/32768
Found new best - 46/32768
10% done - 3277/32768 combination(s) tested! (Thread 0)
20% done - 6554/32768 combination(s) tested! (Thread 0)
30% done - 9831/32768 combination(s) tested! (Thread 0)
40% done - 13108/32768 combination(s) tested! (Thread 0)
50% done - 16385/32768 combination(s) tested! (Thread 0)
60% done - 19662/32768 combination(s) tested! (Thread 0)
70% done - 22939/32768 combination(s) tested! (Thread 0)
80% done - 26216/32768 combination(s) tested! (Thread 0)
90% done - 29493/32768 combination(s) tested! (Thread 0)
All combination(s) tested!
2/32768 were feasible combination(s)! - (0.006%)

>> Printing some results...
    -> Solution value = 38459 - 10:40:59
    -> Total time = 46.95
    -> Gap value = 0.00

=============
Train 0
=============
> Trip 0
   21(time 4904 - 01:21:44)(time 5444 - 01:30:44) ->    20(time 5810 - 01:36:50)(time 6329 - 01:45:29) ->    19(time 6695 - 01:51:35)(time 7287 - 02:01:27) ->    18(time 7396 - 02:03:16)(time 7961 - 02:12:41) ->    17(time 8070 - 02:14:30)(time 8580 - 02:23:00) ->    16(time 8946 - 02:29:06)(time 9486 - 02:38:06) ->    15(time 9852 - 02:44:12)(time 10433 - 02:53:53) ->    14(time 10799 - 02:59:59)(time 11375 - 03:09:35) ->    13(time 11741 - 03:15:41)(time 12329 - 03:25:29) ->    12(time 12695 - 03:31:35)(time 13238 - 03:40:38) ->    11(time 13604 - 03:46:44)(time 13604 - 03:46:44) ->    0(time 13970 - 03:52:50)(time 14513 - 04:01:53) ->    1(time 14707 - 04:05:07)(time 15295 - 04:14:55) ->    2(time 15404 - 04:16:44)(time 15980 - 04:26:20) ->    3(time 16307 - 04:31:47)(time 16888 - 04:41:28) ->    4(time 17254 - 04:47:34)(time 17794 - 04:56:34) ->    5(time 17903 - 04:58:23)(time 18413 - 05:06:53) ->    6(time 18522 - 05:08:42)(time 19087 - 05:18:07) ->    7(time 19196 - 05:19:56)(time 19788 - 05:29:48) ->    8(time 20154 - 05:35:54)(time 20673 - 05:44:33) ->    9(time 20782 - 05:46:22)(time 21322 - 05:55:22) ->    10(time 21688 - 06:01:28)(time 21688 - 06:01:28) -> 21
> Trip 1
   21(time 23983 - 06:39:43)(time 24523 - 06:48:43) ->    20(time 24632 - 06:50:32)(time 25151 - 06:59:11) ->    19(time 25517 - 07:05:17)(time 26109 - 07:15:09) ->    18(time 26251 - 07:17:31)(time 26816 - 07:26:56) ->    17(time 26925 - 07:28:45)(time 27435 - 07:37:15) ->    16(time 27801 - 07:43:21)(time 28341 - 07:52:21) ->    15(time 28707 - 07:58:27)(time 29288 - 08:08:08) ->    14(time 29654 - 08:14:14)(time 30230 - 08:23:50) ->    13(time 30339 - 08:25:39)(time 30927 - 08:35:27) ->    12(time 31121 - 08:38:41)(time 31664 - 08:47:44) ->    11(time 31858 - 08:50:58)(time 31858 - 08:50:58) ->    0(time 31858 - 08:50:58)(time 32401 - 09:00:01) ->    1(time 32595 - 09:03:15)(time 33183 - 09:13:03) ->    2(time 33292 - 09:14:52)(time 33868 - 09:24:28) ->    3(time 33906 - 09:25:06)(time 34487 - 09:34:47) ->    4(time 34525 - 09:35:25)(time 35065 - 09:44:25) ->    5(time 35174 - 09:46:14)(time 35684 - 09:54:44) ->    6(time 35793 - 09:56:33)(time 36358 - 10:05:58) ->    7(time 36467 - 10:07:47)(time 37059 - 10:17:39) ->    8(time 37097 - 10:18:17)(time 37616 - 10:26:56) ->    9(time 37725 - 10:28:45)(time 38265 - 10:37:45) ->    10(time 38459 - 10:40:59)(time 38459 - 10:40:59) -> 21
=============
Train 1
=============
> Trip 0
   21(time 327 - 00:05:27)(time 867 - 00:14:27) ->    20(time 976 - 00:16:16)(time 1495 - 00:24:55) ->    19(time 1533 - 00:25:33)(time 2125 - 00:35:25) ->    18(time 2234 - 00:37:14)(time 2799 - 00:46:39) ->    17(time 2908 - 00:48:28)(time 3418 - 00:56:58) ->    16(time 3527 - 00:58:47)(time 4067 - 01:07:47) ->    15(time 4105 - 01:08:25)(time 4686 - 01:18:06) ->    14(time 4724 - 01:18:44)(time 5300 - 01:28:20) ->    13(time 5494 - 01:31:34)(time 6082 - 01:41:22) ->    12(time 6276 - 01:44:36)(time 6819 - 01:53:39) ->    11(time 7013 - 01:56:53)(time 7013 - 01:56:53) ->    0(time 7013 - 01:56:53)(time 7556 - 02:05:56) ->    1(time 7750 - 02:09:10)(time 8338 - 02:18:58) ->    2(time 8447 - 02:20:47)(time 9023 - 02:30:23) ->    3(time 9061 - 02:31:01)(time 9642 - 02:40:42) ->    4(time 9680 - 02:41:20)(time 10220 - 02:50:20) ->    5(time 10329 - 02:52:09)(time 10839 - 03:00:39) ->    6(time 10948 - 03:02:28)(time 11513 - 03:11:53) ->    7(time 11622 - 03:13:42)(time 12214 - 03:23:34) ->    8(time 12252 - 03:24:12)(time 12771 - 03:32:51) ->    9(time 12880 - 03:34:40)(time 13420 - 03:43:40) ->    10(time 13786 - 03:49:46)(time 13786 - 03:49:46) -> 21
> Trip 1
   21(time 18254 - 05:04:14)(time 18794 - 05:13:14) ->    20(time 18903 - 05:15:03)(time 19422 - 05:23:42) ->    19(time 19788 - 05:29:48)(time 20380 - 05:39:40) ->    18(time 20489 - 05:41:29)(time 21054 - 05:50:54) ->    17(time 21163 - 05:52:43)(time 21673 - 06:01:13) ->    16(time 22039 - 06:07:19)(time 22579 - 06:16:19) ->    15(time 22945 - 06:22:25)(time 23526 - 06:32:06) ->    14(time 23892 - 06:38:12)(time 24468 - 06:47:48) ->    13(time 24834 - 06:53:54)(time 25422 - 07:03:42) ->    12(time 25788 - 07:09:48)(time 26331 - 07:18:51) ->    11(time 26697 - 07:24:57)(time 26697 - 07:24:57) ->    0(time 27063 - 07:31:03)(time 27606 - 07:40:06) ->    1(time 27972 - 07:46:12)(time 28560 - 07:56:00) ->    2(time 28776 - 07:59:36)(time 29352 - 08:09:12) ->    3(time 29718 - 08:15:18)(time 30299 - 08:24:59) ->    4(time 30665 - 08:31:05)(time 31205 - 08:40:05) ->    5(time 31571 - 08:46:11)(time 32081 - 08:54:41) ->    6(time 32447 - 09:00:47)(time 33012 - 09:10:12) ->    7(time 33378 - 09:16:18)(time 33970 - 09:26:10) ->    8(time 34336 - 09:32:16)(time 34855 - 09:40:55) ->    9(time 35221 - 09:47:01)(time 35761 - 09:56:01) ->    10(time 36127 - 10:02:07)(time 36127 - 10:02:07) -> 21
=============
Train 2
=============
> Trip 0
   21(time 218 - 00:03:38)(time 758 - 00:12:38) ->    20(time 867 - 00:14:27)(time 1386 - 00:23:06) ->    19(time 1424 - 00:23:44)(time 2016 - 00:33:36) ->    18(time 2125 - 00:35:25)(time 2690 - 00:44:50) ->    17(time 2799 - 00:46:39)(time 3309 - 00:55:09) ->    16(time 3418 - 00:56:58)(time 3958 - 01:05:58) ->    15(time 3996 - 01:06:36)(time 4577 - 01:16:17) ->    14(time 4615 - 01:16:55)(time 5191 - 01:26:31) ->    13(time 5300 - 01:28:20)(time 5888 - 01:38:08) ->    12(time 6082 - 01:41:22)(time 6625 - 01:50:25) ->    11(time 6819 - 01:53:39)(time 6819 - 01:53:39) ->    0(time 6819 - 01:53:39)(time 7362 - 02:02:42) ->    1(time 7556 - 02:05:56)(time 8144 - 02:15:44) ->    2(time 8253 - 02:17:33)(time 8829 - 02:27:09) ->    3(time 8867 - 02:27:47)(time 9448 - 02:37:28) ->    4(time 9486 - 02:38:06)(time 10026 - 02:47:06) ->    5(time 10135 - 02:48:55)(time 10645 - 02:57:25) ->    6(time 10754 - 02:59:14)(time 11319 - 03:08:39) ->    7(time 11428 - 03:10:28)(time 12020 - 03:20:20) ->    8(time 12058 - 03:20:58)(time 12577 - 03:29:37) ->    9(time 12686 - 03:31:26)(time 13226 - 03:40:26) ->    10(time 13420 - 03:43:40)(time 13420 - 03:43:40) -> 21
> Trip 1
   21(time 13420 - 03:43:40)(time 13960 - 03:52:40) ->    20(time 14069 - 03:54:29)(time 14588 - 04:03:08) ->    19(time 14626 - 04:03:46)(time 15218 - 04:13:38) ->    18(time 15327 - 04:15:27)(time 15892 - 04:24:52) ->    17(time 16001 - 04:26:41)(time 16511 - 04:35:11) ->    16(time 16620 - 04:37:00)(time 17160 - 04:46:00) ->    15(time 17198 - 04:46:38)(time 17779 - 04:56:19) ->    14(time 17817 - 04:56:57)(time 18393 - 05:06:33) ->    13(time 18502 - 05:08:22)(time 19090 - 05:18:10) ->    12(time 19284 - 05:21:24)(time 19827 - 05:30:27) ->    11(time 20021 - 05:33:41)(time 20021 - 05:33:41) ->    0(time 20021 - 05:33:41)(time 20564 - 05:42:44) ->    1(time 20758 - 05:45:58)(time 21346 - 05:55:46) ->    2(time 21455 - 05:57:35)(time 22031 - 06:07:11) ->    3(time 22069 - 06:07:49)(time 22650 - 06:17:30) ->    4(time 22688 - 06:18:08)(time 23228 - 06:27:08) ->    5(time 23337 - 06:28:57)(time 23847 - 06:37:27) ->    6(time 23956 - 06:39:16)(time 24521 - 06:48:41) ->    7(time 24630 - 06:50:30)(time 25222 - 07:00:22) ->    8(time 25260 - 07:01:00)(time 25779 - 07:09:39) ->    9(time 25997 - 07:13:17)(time 26537 - 07:22:17) ->    10(time 26731 - 07:25:31)(time 26731 - 07:25:31) -> 21
=============
Train 3
=============
> Trip 0
   21(time 109 - 00:01:49)(time 649 - 00:10:49) ->    20(time 758 - 00:12:38)(time 1277 - 00:21:17) ->    19(time 1315 - 00:21:55)(time 1907 - 00:31:47) ->    18(time 2016 - 00:33:36)(time 2581 - 00:43:01) ->    17(time 2690 - 00:44:50)(time 3200 - 00:53:20) ->    16(time 3309 - 00:55:09)(time 3849 - 01:04:09) ->    15(time 3887 - 01:04:47)(time 4468 - 01:14:28) ->    14(time 4506 - 01:15:06)(time 5082 - 01:24:42) ->    13(time 5191 - 01:26:31)(time 5779 - 01:36:19) -> 12
> Trip 1
   1(time 20064 - 05:34:24)(time 20652 - 05:44:12) ->    2(time 21018 - 05:50:18)(time 21594 - 05:59:54) ->    3(time 21960 - 06:06:00)(time 22541 - 06:15:41) ->    4(time 22579 - 06:16:19)(time 23119 - 06:25:19) ->    5(time 23228 - 06:27:08)(time 23738 - 06:35:38) ->    6(time 23847 - 06:37:27)(time 24412 - 06:46:52) ->    7(time 24521 - 06:48:41)(time 25113 - 06:58:33) ->    8(time 25151 - 06:59:11)(time 25670 - 07:07:50) ->    9(time 25779 - 07:09:39)(time 26319 - 07:18:39) ->    10(time 26513 - 07:21:53)(time 26513 - 07:21:53) ->    21(time 26731 - 07:25:31)(time 27271 - 07:34:31) ->    20(time 27380 - 07:36:20)(time 27899 - 07:44:59) ->    19(time 27937 - 07:45:37)(time 28529 - 07:55:29) ->    18(time 28638 - 07:57:18)(time 29203 - 08:06:43) ->    17(time 29312 - 08:08:32)(time 29822 - 08:17:02) ->    16(time 29931 - 08:18:51)(time 30471 - 08:27:51) ->    15(time 30509 - 08:28:29)(time 31090 - 08:38:10) ->    14(time 31128 - 08:38:48)(time 31704 - 08:48:24) ->    13(time 31813 - 08:50:13)(time 32401 - 09:00:01) ->    12(time 32595 - 09:03:15)(time 32595 - 09:03:15) -> 1
=============
Train 4
=============
> Trip 0
   21(time 0 - 00:00:00)(time 540 - 00:09:00) ->    20(time 649 - 00:10:49)(time 1168 - 00:19:28) ->    19(time 1206 - 00:20:06)(time 1798 - 00:29:58) ->    18(time 1907 - 00:31:47)(time 2472 - 00:41:12) ->    17(time 2581 - 00:43:01)(time 3091 - 00:51:31) ->    16(time 3200 - 00:53:20)(time 3740 - 01:02:20) ->    15(time 3778 - 01:02:58)(time 4359 - 01:12:39) ->    14(time 4397 - 01:13:17)(time 4973 - 01:22:53) ->    13(time 5082 - 01:24:42)(time 5670 - 01:34:30) -> 12
> Trip 1
   1(time 20867 - 05:47:47)(time 21455 - 05:57:35) ->    2(time 21750 - 06:02:30)(time 22326 - 06:12:06) ->    3(time 22364 - 06:12:44)(time 22945 - 06:22:25) ->    4(time 22983 - 06:23:03)(time 23523 - 06:32:03) ->    5(time 23632 - 06:33:52)(time 24142 - 06:42:22) ->    6(time 24251 - 06:44:11)(time 24816 - 06:53:36) ->    7(time 24925 - 06:55:25)(time 25517 - 07:05:17) ->    8(time 25563 - 07:06:03)(time 26082 - 07:14:42) ->    9(time 26191 - 07:16:31)(time 26731 - 07:25:31) ->    10(time 26925 - 07:28:45)(time 26925 - 07:28:45) ->    21(time 26925 - 07:28:45)(time 27465 - 07:37:45) ->    20(time 27574 - 07:39:34)(time 28093 - 07:48:13) ->    19(time 28131 - 07:48:51)(time 28723 - 07:58:43) ->    18(time 28832 - 08:00:32)(time 29397 - 08:09:57) ->    17(time 29506 - 08:11:46)(time 30016 - 08:20:16) ->    16(time 30125 - 08:22:05)(time 30665 - 08:31:05) ->    15(time 30703 - 08:31:43)(time 31284 - 08:41:24) ->    14(time 31322 - 08:42:02)(time 31898 - 08:51:38) ->    13(time 32007 - 08:53:27)(time 32595 - 09:03:15) ->    12(time 32961 - 09:09:21)(time 32961 - 09:09:21) -> 1
