t5p10r2h4.txt:
   > Trying to open the instance file...
   > Reading number of trains...
   > Reading maximum number of trips per train...
   > Reading time intervals...
   > Reading number of points...
   > Reading stations...
   > Reading crossings...
   > Reading depots...
   > Reading initial point...
   > Reading routes...
   > Reading distance and distance and service...
   > Reading demands...
   > Reading maximum time...
   > Reading alpha...

--------------------------------
 Printing instance
--------------------------------
number of trains = 5
	max trips per trains: 5     5     5     5     5
number of intervals = 4
	(0,  10284)	(10285,  20568)	(20569,  30852)	(30853,  41136)
number of points = 10
	initial point: 9
	stations: 0     1     2     3     4     5     6     7     9
	crossings: 0     3     6     8     9
	depots: 0     9
number of vertices = 20
	total vertices: 0     1     2     3     4     5     6     7     8     9    10    11    12    13    14    15    16    17    18    19
	upper vertices: 0     1     2     3     4     5     6     7     8     9
	lower vertices: 10    11    12    13    14    15    16    17    18    19
	vertices of point #0: (0, 10)
	vertices of point #1: (1, 11)
	vertices of point #2: (2, 12)
	vertices of point #3: (3, 13)
	vertices of point #4: (4, 14)
	vertices of point #5: (5, 15)
	vertices of point #6: (6, 16)
	vertices of point #7: (7, 17)
	vertices of point #8: (8, 18)
	vertices of point #9: (9, 19)

arcs...
	total arcs: 
		arc #0: (0, 1)
		arc #1: (0, 10)
		arc #2: (10, 0)
		arc #3: (1, 2)
		arc #4: (11, 10)
		arc #5: (2, 3)
		arc #6: (12, 11)
		arc #7: (3, 4)
		arc #8: (13, 12)
		arc #9: (4, 5)
		arc #10: (14, 13)
		arc #11: (5, 6)
		arc #12: (15, 14)
		arc #13: (6, 7)
		arc #14: (16, 15)
		arc #15: (7, 8)
		arc #16: (17, 16)
		arc #17: (8, 9)
		arc #18: (18, 17)
		arc #19: (19, 18)
		arc #20: (9, 19)
		arc #21: (19, 9)

	reverse arcs: 
		arc #1: (0, 10)
		arc #2: (10, 0)
		arc #20: (9, 19)
		arc #21: (19, 9)


incompatible points...
	(0, 2, 13, (2, 3))	(13, 11, 0, (11, 10))	(3, 5, 16, (5, 6))	(16, 14, 3, (14, 13))	(6, 7, 18, (7, 8))	(18, 17, 6, (17, 16))	(8, 8, 19, (8, 9))	(19, 19, 8, (19, 18))

number of routes = 2
vertices of routes...
	route #0: 0     1     2     3     4     5     6     7     8     9    19    18    17    16    15    14    13    12    11    10     0
	route #1: 19    18    17    16    15    14    13    12    11    10     0     1     2     3     4     5     6     7     8     9    19
arcs of routes...
	route #0: 0     3     5     7     9    11    13    15    17    20    19    18    16    14    12    10     8     6     4     2
	route #1: 19    18    16    14    12    10     8     6     4     2     0     3     5     7     9    11    13    15    17    20

incompatible routes...
	(0, 1)    	(1, 0)

vertices that can be adjacent in consecutive trips...
	(0, 0)    	(19, 19)
non cyclical routes: 


routes of trip...
	routes that train #0 can complete at trip #0: 1
	routes that train #0 can complete at trip #1: 0       1
	routes that train #0 can complete at trip #2: 0       1
	routes that train #0 can complete at trip #3: 0       1
	routes that train #0 can complete at trip #4: 0       1

	routes that train #1 can complete at trip #0: 1
	routes that train #1 can complete at trip #1: 0       1
	routes that train #1 can complete at trip #2: 0       1
	routes that train #1 can complete at trip #3: 0       1
	routes that train #1 can complete at trip #4: 0       1

	routes that train #2 can complete at trip #0: 1
	routes that train #2 can complete at trip #1: 0       1
	routes that train #2 can complete at trip #2: 0       1
	routes that train #2 can complete at trip #3: 0       1
	routes that train #2 can complete at trip #4: 0       1

	routes that train #3 can complete at trip #0: 1
	routes that train #3 can complete at trip #1: 0       1
	routes that train #3 can complete at trip #2: 0       1
	routes that train #3 can complete at trip #3: 0       1
	routes that train #3 can complete at trip #4: 0       1

	routes that train #4 can complete at trip #0: 1
	routes that train #4 can complete at trip #1: 0       1
	routes that train #4 can complete at trip #2: 0       1
	routes that train #4 can complete at trip #3: 0       1
	routes that train #4 can complete at trip #4: 0       1

 cost...
	arc #0 [0][1]: 205
	arc #1 [0][10]: 0
	arc #2 [10][0]: 0
	arc #3 [1][2]: 199
	arc #4 [11][10]: 205
	arc #5 [2][3]: 192
	arc #6 [12][11]: 199
	arc #7 [3][4]: 219
	arc #8 [13][12]: 192
	arc #9 [4][5]: 196
	arc #10 [14][13]: 219
	arc #11 [5][6]: 207
	arc #12 [15][14]: 196
	arc #13 [6][7]: 204
	arc #14 [16][15]: 207
	arc #15 [7][8]: 195
	arc #16 [17][16]: 204
	arc #17 [8][9]: 188
	arc #18 [18][17]: 195
	arc #19 [19][18]: 188
	arc #20 [9][19]: 0
	arc #21 [19][9]: 0

cost with minimum service...
	arc #0 [0][1]: 278
	arc #1 [0][10]: 0
	arc #2 [10][0]: 0
	arc #3 [1][2]: 272
	arc #4 [11][10]: 316
	arc #5 [2][3]: 265
	arc #6 [12][11]: 272
	arc #7 [3][4]: 292
	arc #8 [13][12]: 265
	arc #9 [4][5]: 269
	arc #10 [14][13]: 292
	arc #11 [5][6]: 280
	arc #12 [15][14]: 269
	arc #13 [6][7]: 277
	arc #14 [16][15]: 280
	arc #15 [7][8]: 232
	arc #16 [17][16]: 277
	arc #17 [8][9]: 299
	arc #18 [18][17]: 268
	arc #19 [19][18]: 225
	arc #20 [9][19]: 0
	arc #21 [19][9]: 0

cost with maximum service...
	arc #0 [0][1]: 570
	arc #1 [0][10]: 365
	arc #2 [10][0]: 365
	arc #3 [1][2]: 564
	arc #4 [11][10]: 570
	arc #5 [2][3]: 557
	arc #6 [12][11]: 564
	arc #7 [3][4]: 584
	arc #8 [13][12]: 557
	arc #9 [4][5]: 561
	arc #10 [14][13]: 584
	arc #11 [5][6]: 572
	arc #12 [15][14]: 561
	arc #13 [6][7]: 569
	arc #14 [16][15]: 572
	arc #15 [7][8]: 560
	arc #16 [17][16]: 569
	arc #17 [8][9]: 553
	arc #18 [18][17]: 560
	arc #19 [19][18]: 553
	arc #20 [9][19]: 365
	arc #21 [19][9]: 365

demands...
	demands of vertex 0 at time interval: 5     5     5     5
	demands of vertex 1 at time interval: 5     5     5     5
	demands of vertex 2 at time interval: 5     5     5     5
	demands of vertex 3 at time interval: 5     5     5     5
	demands of vertex 4 at time interval: 5     5     5     5
	demands of vertex 5 at time interval: 5     5     5     5
	demands of vertex 6 at time interval: 5     5     5     5
	demands of vertex 7 at time interval: 5     5     5     5
	demands of vertex 8 at time interval: 0     0     0     0
	demands of vertex 9 at time interval: 0     0     0     0
	demands of vertex 10 at time interval: 0     0     0     0
	demands of vertex 11 at time interval: 5     5     5     5
	demands of vertex 12 at time interval: 5     5     5     5
	demands of vertex 13 at time interval: 5     5     5     5
	demands of vertex 14 at time interval: 5     5     5     5
	demands of vertex 15 at time interval: 5     5     5     5
	demands of vertex 16 at time interval: 5     5     5     5
	demands of vertex 17 at time interval: 5     5     5     5
	demands of vertex 18 at time interval: 0     0     0     0
	demands of vertex 19 at time interval: 5     5     5     5

maximum time = 41136
alpha = 43
Starting to test combinations... - Total number of combinations = 3125
Found new best - 1/3125
10% done - 313/3125 combination(s) tested! (Thread 0)
20% done - 626/3125 combination(s) tested! (Thread 0)
30% done - 939/3125 combination(s) tested! (Thread 0)
40% done - 1252/3125 combination(s) tested! (Thread 0)
50% done - 1565/3125 combination(s) tested! (Thread 0)
60% done - 1878/3125 combination(s) tested! (Thread 0)
70% done - 2191/3125 combination(s) tested! (Thread 0)
80% done - 2504/3125 combination(s) tested! (Thread 0)
90% done - 2817/3125 combination(s) tested! (Thread 0)
	Cannot prove optimality!

>> Printing some results...
    -> Solution value = 34988 - 09:43:08
    -> Total time = 3678.23

=============
Train 0
=============
> Trip 0
   19(time 1087 - 00:18:07)(time 1275 - 00:21:15) ->    18(time 1312 - 00:21:52)(time 1507 - 00:25:07) ->    17(time 1580 - 00:26:20)(time 1784 - 00:29:44) ->    16(time 1857 - 00:30:57)(time 2064 - 00:34:24) ->    15(time 2137 - 00:35:37)(time 2333 - 00:38:53) ->    14(time 2406 - 00:40:06)(time 2625 - 00:43:45) ->    13(time 2698 - 00:44:58)(time 2890 - 00:48:10) ->    12(time 2963 - 00:49:23)(time 3162 - 00:52:42) ->    11(time 3273 - 00:54:33)(time 3478 - 00:57:58) ->    10(time 3589 - 00:59:49)(time 3589 - 00:59:49) ->    0(time 3624 - 01:00:24)(time 3829 - 01:03:49) ->    1(time 3902 - 01:05:02)(time 4101 - 01:08:21) ->    2(time 4174 - 01:09:34)(time 4366 - 01:12:46) ->    3(time 4439 - 01:13:59)(time 4658 - 01:17:38) ->    4(time 4731 - 01:18:51)(time 4927 - 01:22:07) ->    5(time 5000 - 01:23:20)(time 5207 - 01:26:47) ->    6(time 5280 - 01:28:00)(time 5484 - 01:31:24) ->    7(time 5559 - 01:32:39)(time 5754 - 01:35:54) ->    8(time 5865 - 01:37:45)(time 6053 - 01:40:53) ->    9(time 6164 - 01:42:44)(time 6164 - 01:42:44) -> 19
> Trip 1
   19(time 6164 - 01:42:44)(time 6352 - 01:45:52) ->    18(time 6389 - 01:46:29)(time 6584 - 01:49:44) ->    17(time 6657 - 01:50:57)(time 6861 - 01:54:21) ->    16(time 6934 - 01:55:34)(time 7141 - 01:59:01) ->    15(time 7214 - 02:00:14)(time 7410 - 02:03:30) ->    14(time 7483 - 02:04:43)(time 7702 - 02:08:22) ->    13(time 7775 - 02:09:35)(time 7967 - 02:12:47) ->    12(time 8040 - 02:14:00)(time 8239 - 02:17:19) ->    11(time 8312 - 02:18:32)(time 8517 - 02:21:57) ->    10(time 8628 - 02:23:48)(time 8628 - 02:23:48) ->    0(time 8628 - 02:23:48)(time 8833 - 02:27:13) ->    1(time 8906 - 02:28:26)(time 9105 - 02:31:45) ->    2(time 9178 - 02:32:58)(time 9370 - 02:36:10) ->    3(time 9443 - 02:37:23)(time 9662 - 02:41:02) ->    4(time 9735 - 02:42:15)(time 9931 - 02:45:31) ->    5(time 10004 - 02:46:44)(time 10211 - 02:50:11) ->    6(time 10284 - 02:51:24)(time 10488 - 02:54:48) ->    7(time 10561 - 02:56:01)(time 10756 - 02:59:16) ->    8(time 10831 - 03:00:31)(time 11019 - 03:03:39) ->    9(time 11130 - 03:05:30)(time 11130 - 03:05:30) -> 19
> Trip 2
   19(time 11130 - 03:05:30)(time 11318 - 03:08:38) ->    18(time 11355 - 03:09:15)(time 11550 - 03:12:30) ->    17(time 11623 - 03:13:43)(time 11827 - 03:17:07) ->    16(time 11900 - 03:18:20)(time 12107 - 03:21:47) ->    15(time 12180 - 03:23:00)(time 12376 - 03:26:16) ->    14(time 12449 - 03:27:29)(time 12668 - 03:31:08) ->    13(time 12741 - 03:32:21)(time 12933 - 03:35:33) ->    12(time 13006 - 03:36:46)(time 13205 - 03:40:05) ->    11(time 13278 - 03:41:18)(time 13483 - 03:44:43) ->    10(time 13594 - 03:46:34)(time 13594 - 03:46:34) ->    0(time 13594 - 03:46:34)(time 13799 - 03:49:59) ->    1(time 13872 - 03:51:12)(time 14071 - 03:54:31) ->    2(time 14144 - 03:55:44)(time 14336 - 03:58:56) ->    3(time 14409 - 04:00:09)(time 14628 - 04:03:48) ->    4(time 14701 - 04:05:01)(time 14897 - 04:08:17) ->    5(time 14970 - 04:09:30)(time 15177 - 04:12:57) ->    6(time 15346 - 04:15:46)(time 15550 - 04:19:10) ->    7(time 15623 - 04:20:23)(time 15818 - 04:23:38) ->    8(time 15855 - 04:24:15)(time 16043 - 04:27:23) ->    9(time 16154 - 04:29:14)(time 16154 - 04:29:14) -> 19
> Trip 3
   19(time 17194 - 04:46:34)(time 17382 - 04:49:42) ->    18(time 17419 - 04:50:19)(time 17614 - 04:53:34) ->    17(time 17687 - 04:54:47)(time 17891 - 04:58:11) ->    16(time 17964 - 04:59:24)(time 18171 - 05:02:51) ->    15(time 18244 - 05:04:04)(time 18440 - 05:07:20) ->    14(time 18513 - 05:08:33)(time 18732 - 05:12:12) ->    13(time 18805 - 05:13:25)(time 18997 - 05:16:37) ->    12(time 19070 - 05:17:50)(time 19269 - 05:21:09) ->    11(time 19634 - 05:27:14)(time 19839 - 05:30:39) ->    10(time 20204 - 05:36:44)(time 20204 - 05:36:44) ->    0(time 20569 - 05:42:49)(time 20774 - 05:46:14) ->    1(time 20847 - 05:47:27)(time 21046 - 05:50:46) ->    2(time 21119 - 05:51:59)(time 21311 - 05:55:11) ->    3(time 21384 - 05:56:24)(time 21603 - 06:00:03) ->    4(time 21676 - 06:01:16)(time 21872 - 06:04:32) ->    5(time 21945 - 06:05:45)(time 22152 - 06:09:12) ->    6(time 22225 - 06:10:25)(time 22429 - 06:13:49) ->    7(time 22794 - 06:19:54)(time 22989 - 06:23:09) ->    8(time 23026 - 06:23:46)(time 23214 - 06:26:54) ->    9(time 23579 - 06:32:59)(time 23579 - 06:32:59) -> 19
> Trip 4
   19(time 28499 - 07:54:59)(time 28687 - 07:58:07) ->    18(time 28724 - 07:58:44)(time 28919 - 08:01:59) ->    17(time 28992 - 08:03:12)(time 29196 - 08:06:36) ->    16(time 29269 - 08:07:49)(time 29476 - 08:11:16) ->    15(time 29549 - 08:12:29)(time 29745 - 08:15:45) ->    14(time 29818 - 08:16:58)(time 30037 - 08:20:37) ->    13(time 30110 - 08:21:50)(time 30302 - 08:25:02) ->    12(time 30375 - 08:26:15)(time 30574 - 08:29:34) ->    11(time 30647 - 08:30:47)(time 30852 - 08:34:12) ->    10(time 31217 - 08:40:17)(time 31217 - 08:40:17) ->    0(time 31430 - 08:43:50)(time 31635 - 08:47:15) ->    1(time 32000 - 08:53:20)(time 32199 - 08:56:39) ->    2(time 32272 - 08:57:52)(time 32464 - 09:01:04) ->    3(time 32537 - 09:02:17)(time 32756 - 09:05:56) ->    4(time 33121 - 09:12:01)(time 33317 - 09:15:17) ->    5(time 33390 - 09:16:30)(time 33597 - 09:19:57) ->    6(time 33792 - 09:23:12)(time 33996 - 09:26:36) ->    7(time 34069 - 09:27:49)(time 34264 - 09:31:04) ->    8(time 34301 - 09:31:41)(time 34489 - 09:34:49) ->    9(time 34600 - 09:36:40)(time 34600 - 09:36:40) -> 19
=============
Train 1
=============
> Trip 0
   19(time 1014 - 00:16:54)(time 1202 - 00:20:02) ->    18(time 1239 - 00:20:39)(time 1434 - 00:23:54) ->    17(time 1507 - 00:25:07)(time 1711 - 00:28:31) ->    16(time 1784 - 00:29:44)(time 1991 - 00:33:11) ->    15(time 2064 - 00:34:24)(time 2260 - 00:37:40) ->    14(time 2333 - 00:38:53)(time 2552 - 00:42:32) ->    13(time 2625 - 00:43:45)(time 2817 - 00:46:57) ->    12(time 2890 - 00:48:10)(time 3089 - 00:51:29) ->    11(time 3162 - 00:52:42)(time 3367 - 00:56:07) ->    10(time 3478 - 00:57:58)(time 3478 - 00:57:58) ->    0(time 3551 - 00:59:11)(time 3756 - 01:02:36) ->    1(time 3829 - 01:03:49)(time 4028 - 01:07:08) ->    2(time 4101 - 01:08:21)(time 4293 - 01:11:33) ->    3(time 4366 - 01:12:46)(time 4585 - 01:16:25) ->    4(time 4658 - 01:17:38)(time 4854 - 01:20:54) ->    5(time 4927 - 01:22:07)(time 5134 - 01:25:34) ->    6(time 5207 - 01:26:47)(time 5411 - 01:30:11) ->    7(time 5484 - 01:31:24)(time 5679 - 01:34:39) ->    8(time 5754 - 01:35:54)(time 5942 - 01:39:02) ->    9(time 6053 - 01:40:53)(time 6053 - 01:40:53) -> 19
> Trip 1
   19(time 6053 - 01:40:53)(time 6241 - 01:44:01) ->    18(time 6278 - 01:44:38)(time 6473 - 01:47:53) ->    17(time 6546 - 01:49:06)(time 6750 - 01:52:30) ->    16(time 6823 - 01:53:43)(time 7030 - 01:57:10) ->    15(time 7103 - 01:58:23)(time 7299 - 02:01:39) ->    14(time 7372 - 02:02:52)(time 7591 - 02:06:31) ->    13(time 7664 - 02:07:44)(time 7856 - 02:10:56) ->    12(time 7929 - 02:12:09)(time 8128 - 02:15:28) ->    11(time 8201 - 02:16:41)(time 8406 - 02:20:06) ->    10(time 8517 - 02:21:57)(time 8517 - 02:21:57) ->    0(time 8517 - 02:21:57)(time 8722 - 02:25:22) ->    1(time 8833 - 02:27:13)(time 9032 - 02:30:32) ->    2(time 9105 - 02:31:45)(time 9297 - 02:34:57) ->    3(time 9370 - 02:36:10)(time 9589 - 02:39:49) ->    4(time 9662 - 02:41:02)(time 9858 - 02:44:18) ->    5(time 9931 - 02:45:31)(time 10138 - 02:48:58) ->    6(time 10211 - 02:50:11)(time 10415 - 02:53:35) ->    7(time 10488 - 02:54:48)(time 10683 - 02:58:03) ->    8(time 10720 - 02:58:40)(time 10908 - 03:01:48) ->    9(time 11019 - 03:03:39)(time 11019 - 03:03:39) -> 19
> Trip 2
   19(time 13589 - 03:46:29)(time 13777 - 03:49:37) ->    18(time 14142 - 03:55:42)(time 14337 - 03:58:57) ->    17(time 14608 - 04:03:28)(time 14812 - 04:06:52) ->    16(time 15177 - 04:12:57)(time 15384 - 04:16:24) ->    15(time 15618 - 04:20:18)(time 15814 - 04:23:34) ->    14(time 15887 - 04:24:47)(time 16106 - 04:28:26) ->    13(time 16226 - 04:30:26)(time 16418 - 04:33:38) ->    12(time 16491 - 04:34:51)(time 16690 - 04:38:10) ->    11(time 16763 - 04:39:23)(time 16968 - 04:42:48) ->    10(time 17333 - 04:48:53)(time 17333 - 04:48:53) ->    0(time 17333 - 04:48:53)(time 17538 - 04:52:18) ->    1(time 17903 - 04:58:23)(time 18102 - 05:01:42) ->    2(time 18175 - 05:02:55)(time 18367 - 05:06:07) ->    3(time 18732 - 05:12:12)(time 18951 - 05:15:51) ->    4(time 19024 - 05:17:04)(time 19220 - 05:20:20) ->    5(time 19293 - 05:21:33)(time 19500 - 05:25:00) ->    6(time 19573 - 05:26:13)(time 19777 - 05:29:37) ->    7(time 19850 - 05:30:50)(time 20045 - 05:34:05) ->    8(time 20270 - 05:37:50)(time 20458 - 05:40:58) ->    9(time 20569 - 05:42:49)(time 20569 - 05:42:49) -> 19
> Trip 3
   19(time 30853 - 08:34:13)(time 31041 - 08:37:21) ->    18(time 31078 - 08:37:58)(time 31273 - 08:41:13) ->    17(time 31346 - 08:42:26)(time 31550 - 08:45:50) ->    16(time 31623 - 08:47:03)(time 31830 - 08:50:30) ->    15(time 31903 - 08:51:43)(time 32099 - 08:54:59) ->    14(time 32172 - 08:56:12)(time 32391 - 08:59:51) ->    13(time 32464 - 09:01:04)(time 32656 - 09:04:16) ->    12(time 32729 - 09:05:29)(time 32928 - 09:08:48) ->    11(time 33001 - 09:10:01)(time 33206 - 09:13:26) ->    10(time 33317 - 09:15:17)(time 33317 - 09:15:17) ->    0(time 33317 - 09:15:17)(time 33522 - 09:18:42) ->    1(time 33595 - 09:19:55)(time 33794 - 09:23:14) ->    2(time 33867 - 09:24:27)(time 34059 - 09:27:39) ->    3(time 34132 - 09:28:52)(time 34351 - 09:32:31) ->    4(time 34424 - 09:33:44)(time 34620 - 09:37:00) ->    5(time 34693 - 09:38:13)(time 34900 - 09:41:40) ->    6(time 34973 - 09:42:53)(time 35177 - 09:46:17) ->    7(time 35250 - 09:47:30)(time 35445 - 09:50:45) ->    8(time 35482 - 09:51:22)(time 35670 - 09:54:30) ->    9(time 35781 - 09:56:21)(time 35781 - 09:56:21) -> 19
> Trip 4
   19(time 35781 - 09:56:21)(time 35969 - 09:59:29) ->    18(time 36006 - 10:00:06)(time 36201 - 10:03:21) ->    17(time 36274 - 10:04:34)(time 36478 - 10:07:58) ->    16(time 36551 - 10:09:11)(time 36758 - 10:12:38) ->    15(time 36831 - 10:13:51)(time 37027 - 10:17:07) ->    14(time 37100 - 10:18:20)(time 37319 - 10:21:59) ->    13(time 37392 - 10:23:12)(time 37584 - 10:26:24) ->    12(time 37657 - 10:27:37)(time 37856 - 10:30:56) ->    11(time 37929 - 10:32:09)(time 38134 - 10:35:34) ->    10(time 38245 - 10:37:25)(time 38245 - 10:37:25) ->    0(time 38356 - 10:39:16)(time 38561 - 10:42:41) ->    1(time 38634 - 10:43:54)(time 38833 - 10:47:13) ->    2(time 38906 - 10:48:26)(time 39098 - 10:51:38) ->    3(time 39171 - 10:52:51)(time 39390 - 10:56:30) ->    4(time 39463 - 10:57:43)(time 39659 - 11:00:59) ->    5(time 39732 - 11:02:12)(time 39939 - 11:05:39) ->    6(time 40012 - 11:06:52)(time 40216 - 11:10:16) ->    7(time 40289 - 11:11:29)(time 40484 - 11:14:44) ->    8(time 40521 - 11:15:21)(time 40709 - 11:18:29) ->    9(time 40820 - 11:20:20)(time 40820 - 11:20:20) -> 19
=============
Train 2
=============
> Trip 0
   19(time 903 - 00:15:03)(time 1091 - 00:18:11) ->    18(time 1128 - 00:18:48)(time 1323 - 00:22:03) ->    17(time 1396 - 00:23:16)(time 1600 - 00:26:40) ->    16(time 1673 - 00:27:53)(time 1880 - 00:31:20) ->    15(time 1953 - 00:32:33)(time 2149 - 00:35:49) ->    14(time 2222 - 00:37:02)(time 2441 - 00:40:41) ->    13(time 2514 - 00:41:54)(time 2706 - 00:45:06) ->    12(time 2779 - 00:46:19)(time 2978 - 00:49:38) ->    11(time 3051 - 00:50:51)(time 3256 - 00:54:16) ->    10(time 3367 - 00:56:07)(time 3367 - 00:56:07) ->    0(time 3478 - 00:57:58)(time 3683 - 01:01:23) ->    1(time 3756 - 01:02:36)(time 3955 - 01:05:55) ->    2(time 4028 - 01:07:08)(time 4220 - 01:10:20) ->    3(time 4293 - 01:11:33)(time 4512 - 01:15:12) ->    4(time 4585 - 01:16:25)(time 4781 - 01:19:41) ->    5(time 4854 - 01:20:54)(time 5061 - 01:24:21) ->    6(time 5134 - 01:25:34)(time 5338 - 01:28:58) ->    7(time 5411 - 01:30:11)(time 5606 - 01:33:26) ->    8(time 5643 - 01:34:03)(time 5831 - 01:37:11) ->    9(time 5942 - 01:39:02)(time 5942 - 01:39:02) -> 19
> Trip 1
   19(time 7386 - 02:03:06)(time 7574 - 02:06:14) ->    18(time 7939 - 02:12:19)(time 8134 - 02:15:34) ->    17(time 8207 - 02:16:47)(time 8411 - 02:20:11) ->    16(time 8484 - 02:21:24)(time 8691 - 02:24:51) ->    15(time 8809 - 02:26:49)(time 9005 - 02:30:05) ->    14(time 9078 - 02:31:18)(time 9297 - 02:34:57) ->    13(time 9370 - 02:36:10)(time 9562 - 02:39:22) ->    12(time 9635 - 02:40:35)(time 9834 - 02:43:54) ->    11(time 9907 - 02:45:07)(time 10112 - 02:48:32) ->    10(time 10223 - 02:50:23)(time 10223 - 02:50:23) ->    0(time 10223 - 02:50:23)(time 10428 - 02:53:48) ->    1(time 10501 - 02:55:01)(time 10700 - 02:58:20) ->    2(time 10773 - 02:59:33)(time 10965 - 03:02:45) ->    3(time 11038 - 03:03:58)(time 11257 - 03:07:37) ->    4(time 11330 - 03:08:50)(time 11526 - 03:12:06) ->    5(time 11599 - 03:13:19)(time 11806 - 03:16:46) ->    6(time 11879 - 03:17:59)(time 12083 - 03:21:23) ->    7(time 12156 - 03:22:36)(time 12351 - 03:25:51) ->    8(time 12528 - 03:28:48)(time 12716 - 03:31:56) ->    9(time 12827 - 03:33:47)(time 12827 - 03:33:47) -> 19
> Trip 2
   19(time 12827 - 03:33:47)(time 13015 - 03:36:55) ->    18(time 13052 - 03:37:32)(time 13247 - 03:40:47) ->    17(time 13320 - 03:42:00)(time 13524 - 03:45:24) ->    16(time 13597 - 03:46:37)(time 13804 - 03:50:04) ->    15(time 13877 - 03:51:17)(time 14073 - 03:54:33) ->    14(time 14146 - 03:55:46)(time 14365 - 03:59:25) ->    13(time 14438 - 04:00:38)(time 14630 - 04:03:50) ->    12(time 14703 - 04:05:03)(time 14902 - 04:08:22) ->    11(time 14975 - 04:09:35)(time 15180 - 04:13:00) ->    10(time 15291 - 04:14:51)(time 15291 - 04:14:51) ->    0(time 15291 - 04:14:51)(time 15496 - 04:18:16) ->    1(time 15569 - 04:19:29)(time 15768 - 04:22:48) ->    2(time 15841 - 04:24:01)(time 16033 - 04:27:13) ->    3(time 16106 - 04:28:26)(time 16325 - 04:32:05) ->    4(time 16398 - 04:33:18)(time 16594 - 04:36:34) ->    5(time 16667 - 04:37:47)(time 16874 - 04:41:14) ->    6(time 16947 - 04:42:27)(time 17151 - 04:45:51) ->    7(time 17224 - 04:47:04)(time 17419 - 04:50:19) ->    8(time 17456 - 04:50:56)(time 17644 - 04:54:04) ->    9(time 18009 - 05:00:09)(time 18009 - 05:00:09) -> 19
> Trip 3
   19(time 21090 - 05:51:30)(time 21278 - 05:54:38) ->    18(time 21315 - 05:55:15)(time 21510 - 05:58:30) ->    17(time 21583 - 05:59:43)(time 21787 - 06:03:07) ->    16(time 22152 - 06:09:12)(time 22359 - 06:12:39) ->    15(time 22724 - 06:18:44)(time 22920 - 06:22:00) ->    14(time 22993 - 06:23:13)(time 23212 - 06:26:52) ->    13(time 23445 - 06:30:45)(time 23637 - 06:33:57) ->    12(time 23710 - 06:35:10)(time 23909 - 06:38:29) ->    11(time 23982 - 06:39:42)(time 24187 - 06:43:07) ->    10(time 24298 - 06:44:58)(time 24298 - 06:44:58) ->    0(time 24298 - 06:44:58)(time 24503 - 06:48:23) ->    1(time 24576 - 06:49:36)(time 24775 - 06:52:55) ->    2(time 24848 - 06:54:08)(time 25040 - 06:57:20) ->    3(time 25113 - 06:58:33)(time 25332 - 07:02:12) ->    4(time 25405 - 07:03:25)(time 25601 - 07:06:41) ->    5(time 25674 - 07:07:54)(time 25881 - 07:11:21) ->    6(time 26246 - 07:17:26)(time 26450 - 07:20:50) ->    7(time 26815 - 07:26:55)(time 27010 - 07:30:10) ->    8(time 27375 - 07:36:15)(time 27563 - 07:39:23) ->    9(time 27928 - 07:45:28)(time 27928 - 07:45:28) -> 19
> Trip 4
   19(time 35824 - 09:57:04)(time 36012 - 10:00:12) ->    18(time 36079 - 10:01:19)(time 36274 - 10:04:34) ->    17(time 36347 - 10:05:47)(time 36551 - 10:09:11) ->    16(time 36624 - 10:10:24)(time 36831 - 10:13:51) ->    15(time 36942 - 10:15:42)(time 37138 - 10:18:58) ->    14(time 37211 - 10:20:11)(time 37430 - 10:23:50) ->    13(time 37503 - 10:25:03)(time 37695 - 10:28:15) ->    12(time 37768 - 10:29:28)(time 37967 - 10:32:47) ->    11(time 38040 - 10:34:00)(time 38245 - 10:37:25) ->    10(time 38356 - 10:39:16)(time 38356 - 10:39:16) ->    0(time 38467 - 10:41:07)(time 38672 - 10:44:32) ->    1(time 38745 - 10:45:45)(time 38944 - 10:49:04) ->    2(time 39017 - 10:50:17)(time 39209 - 10:53:29) ->    3(time 39282 - 10:54:42)(time 39501 - 10:58:21) ->    4(time 39574 - 10:59:34)(time 39770 - 11:02:50) ->    5(time 39843 - 11:04:03)(time 40050 - 11:07:30) ->    6(time 40123 - 11:08:43)(time 40327 - 11:12:07) ->    7(time 40400 - 11:13:20)(time 40595 - 11:16:35) ->    8(time 40632 - 11:17:12)(time 40820 - 11:20:20) ->    9(time 40931 - 11:22:11)(time 40931 - 11:22:11) -> 19
=============
Train 3
=============
> Trip 0
   19(time 2755 - 00:45:55)(time 2943 - 00:49:03) ->    18(time 2980 - 00:49:40)(time 3175 - 00:52:55) ->    17(time 3248 - 00:54:08)(time 3452 - 00:57:32) ->    16(time 3525 - 00:58:45)(time 3732 - 01:02:12) ->    15(time 3805 - 01:03:25)(time 4001 - 01:06:41) ->    14(time 4074 - 01:07:54)(time 4293 - 01:11:33) ->    13(time 4366 - 01:12:46)(time 4558 - 01:15:58) ->    12(time 4631 - 01:17:11)(time 4830 - 01:20:30) ->    11(time 4903 - 01:21:43)(time 5108 - 01:25:08) ->    10(time 5219 - 01:26:59)(time 5219 - 01:26:59) ->    0(time 5219 - 01:26:59)(time 5424 - 01:30:24) ->    1(time 5497 - 01:31:37)(time 5696 - 01:34:56) ->    2(time 5769 - 01:36:09)(time 5961 - 01:39:21) ->    3(time 6034 - 01:40:34)(time 6253 - 01:44:13) ->    4(time 6347 - 01:45:47)(time 6543 - 01:49:03) ->    5(time 6616 - 01:50:16)(time 6823 - 01:53:43) ->    6(time 6896 - 01:54:56)(time 7100 - 01:58:20) ->    7(time 7465 - 02:04:25)(time 7660 - 02:07:40) ->    8(time 7697 - 02:08:17)(time 7885 - 02:11:25) ->    9(time 7996 - 02:13:16)(time 7996 - 02:13:16) -> 19
> Trip 1
   19(time 8529 - 02:22:09)(time 8717 - 02:25:17) ->    18(time 9082 - 02:31:22)(time 9277 - 02:34:37) ->    17(time 9642 - 02:40:42)(time 9846 - 02:44:06) ->    16(time 10211 - 02:50:11)(time 10418 - 02:53:38) ->    15(time 10491 - 02:54:51)(time 10687 - 02:58:07) ->    14(time 10760 - 02:59:20)(time 10979 - 03:02:59) ->    13(time 11052 - 03:04:12)(time 11244 - 03:07:24) ->    12(time 11317 - 03:08:37)(time 11516 - 03:11:56) ->    11(time 11589 - 03:13:09)(time 11794 - 03:16:34) ->    10(time 11905 - 03:18:25)(time 11905 - 03:18:25) ->    0(time 11905 - 03:18:25)(time 12110 - 03:21:50) ->    1(time 12183 - 03:23:03)(time 12382 - 03:26:22) ->    2(time 12455 - 03:27:35)(time 12647 - 03:30:47) ->    3(time 12720 - 03:32:00)(time 12939 - 03:35:39) ->    4(time 13012 - 03:36:52)(time 13208 - 03:40:08) ->    5(time 13390 - 03:43:10)(time 13597 - 03:46:37) ->    6(time 13670 - 03:47:50)(time 13874 - 03:51:14) ->    7(time 13947 - 03:52:27)(time 14142 - 03:55:42) ->    8(time 14179 - 03:56:19)(time 14367 - 03:59:27) ->    9(time 14732 - 04:05:32)(time 14732 - 04:05:32) -> 19
> Trip 2
   19(time 15265 - 04:14:25)(time 15453 - 04:17:33) ->    18(time 15818 - 04:23:38)(time 16013 - 04:26:53) ->    17(time 16378 - 04:32:58)(time 16582 - 04:36:22) ->    16(time 16947 - 04:42:27)(time 17154 - 04:45:54) ->    15(time 17514 - 04:51:54)(time 17710 - 04:55:10) ->    14(time 17783 - 04:56:23)(time 18002 - 05:00:02) ->    13(time 18367 - 05:06:07)(time 18559 - 05:09:19) ->    12(time 18632 - 05:10:32)(time 18831 - 05:13:51) ->    11(time 19158 - 05:19:18)(time 19363 - 05:22:43) ->    10(time 19474 - 05:24:34)(time 19474 - 05:24:34) ->    0(time 19839 - 05:30:39)(time 20044 - 05:34:04) ->    1(time 20296 - 05:38:16)(time 20495 - 05:41:35) ->    2(time 20568 - 05:42:48)(time 20760 - 05:46:00) ->    3(time 20833 - 05:47:13)(time 21052 - 05:50:52) ->    4(time 21125 - 05:52:05)(time 21321 - 05:55:21) ->    5(time 21394 - 05:56:34)(time 21601 - 06:00:01) ->    6(time 21787 - 06:03:07)(time 21991 - 06:06:31) ->    7(time 22064 - 06:07:44)(time 22259 - 06:10:59) ->    8(time 22296 - 06:11:36)(time 22484 - 06:14:44) ->    9(time 22595 - 06:16:35)(time 22595 - 06:16:35) -> 19
> Trip 3
   19(time 24199 - 06:43:19)(time 24387 - 06:46:27) ->    18(time 24752 - 06:52:32)(time 24947 - 06:55:47) ->    17(time 25312 - 07:01:52)(time 25516 - 07:05:16) ->    16(time 25881 - 07:11:21)(time 26088 - 07:14:48) ->    15(time 26161 - 07:16:01)(time 26357 - 07:19:17) ->    14(time 26430 - 07:20:30)(time 26649 - 07:24:09) ->    13(time 26722 - 07:25:22)(time 26914 - 07:28:34) ->    12(time 26987 - 07:29:47)(time 27186 - 07:33:06) ->    11(time 27259 - 07:34:19)(time 27464 - 07:37:44) ->    10(time 27575 - 07:39:35)(time 27575 - 07:39:35) ->    0(time 27575 - 07:39:35)(time 27780 - 07:43:00) ->    1(time 27853 - 07:44:13)(time 28052 - 07:47:32) ->    2(time 28125 - 07:48:45)(time 28317 - 07:51:57) ->    3(time 28390 - 07:53:10)(time 28609 - 07:56:49) ->    4(time 28682 - 07:58:02)(time 28878 - 08:01:18) ->    5(time 28951 - 08:02:31)(time 29158 - 08:05:58) ->    6(time 29231 - 08:07:11)(time 29435 - 08:10:35) ->    7(time 29800 - 08:16:40)(time 29995 - 08:19:55) ->    8(time 30299 - 08:24:59)(time 30487 - 08:28:07) ->    9(time 30852 - 08:34:12)(time 30852 - 08:34:12) -> 19
> Trip 4
   19(time 30926 - 08:35:26)(time 31114 - 08:38:34) ->    18(time 31151 - 08:39:11)(time 31346 - 08:42:26) ->    17(time 31419 - 08:43:39)(time 31623 - 08:47:03) ->    16(time 31696 - 08:48:16)(time 31903 - 08:51:43) ->    15(time 31976 - 08:52:56)(time 32172 - 08:56:12) ->    14(time 32245 - 08:57:25)(time 32464 - 09:01:04) ->    13(time 32537 - 09:02:17)(time 32729 - 09:05:29) ->    12(time 32802 - 09:06:42)(time 33001 - 09:10:01) ->    11(time 33112 - 09:11:52)(time 33317 - 09:15:17) ->    10(time 33612 - 09:20:12)(time 33612 - 09:20:12) ->    0(time 33977 - 09:26:17)(time 34182 - 09:29:42) ->    1(time 34547 - 09:35:47)(time 34746 - 09:39:06) ->    2(time 35111 - 09:45:11)(time 35303 - 09:48:23) ->    3(time 35668 - 09:54:28)(time 35887 - 09:58:07) ->    4(time 35960 - 09:59:20)(time 36156 - 10:02:36) ->    5(time 36229 - 10:03:49)(time 36436 - 10:07:16) ->    6(time 36551 - 10:09:11)(time 36755 - 10:12:35) ->    7(time 36828 - 10:13:48)(time 37023 - 10:17:03) ->    8(time 37060 - 10:17:40)(time 37248 - 10:20:48) ->    9(time 37359 - 10:22:39)(time 37359 - 10:22:39) -> 19
=============
Train 4
=============
> Trip 0
   19(time 3817 - 01:03:37)(time 4005 - 01:06:45) ->    18(time 4370 - 01:12:50)(time 4565 - 01:16:05) ->    17(time 4930 - 01:22:10)(time 5134 - 01:25:34) ->    16(time 5207 - 01:26:47)(time 5414 - 01:30:14) ->    15(time 5487 - 01:31:27)(time 5683 - 01:34:43) ->    14(time 5756 - 01:35:56)(time 5975 - 01:39:35) ->    13(time 6048 - 01:40:48)(time 6240 - 01:44:00) ->    12(time 6313 - 01:45:13)(time 6512 - 01:48:32) ->    11(time 6585 - 01:49:45)(time 6790 - 01:53:10) ->    10(time 6901 - 01:55:01)(time 6901 - 01:55:01) ->    0(time 6901 - 01:55:01)(time 7106 - 01:58:26) ->    1(time 7179 - 01:59:39)(time 7378 - 02:02:58) ->    2(time 7451 - 02:04:11)(time 7643 - 02:07:23) ->    3(time 7716 - 02:08:36)(time 7935 - 02:12:15) ->    4(time 8008 - 02:13:28)(time 8204 - 02:16:44) ->    5(time 8277 - 02:17:57)(time 8484 - 02:21:24) ->    6(time 8557 - 02:22:37)(time 8761 - 02:26:01) ->    7(time 8834 - 02:27:14)(time 9029 - 02:30:29) ->    8(time 9394 - 02:36:34)(time 9582 - 02:39:42) ->    9(time 9693 - 02:41:33)(time 9693 - 02:41:33) -> 19
> Trip 1
   19(time 15630 - 04:20:30)(time 15818 - 04:23:38) ->    18(time 16183 - 04:29:43)(time 16378 - 04:32:58) ->    17(time 16743 - 04:39:03)(time 16947 - 04:42:27) ->    16(time 17312 - 04:48:32)(time 17519 - 04:51:59) ->    15(time 17592 - 04:53:12)(time 17788 - 04:56:28) ->    14(time 18148 - 05:02:28)(time 18367 - 05:06:07) ->    13(time 18440 - 05:07:20)(time 18632 - 05:10:32) ->    12(time 18997 - 05:16:37)(time 19196 - 05:19:56) ->    11(time 19269 - 05:21:09)(time 19474 - 05:24:34) ->    10(time 19839 - 05:30:39)(time 19839 - 05:30:39) ->    0(time 20091 - 05:34:51)(time 20296 - 05:38:16) ->    1(time 20569 - 05:42:49)(time 20768 - 05:46:08) ->    2(time 20841 - 05:47:21)(time 21033 - 05:50:33) ->    3(time 21106 - 05:51:46)(time 21325 - 05:55:25) ->    4(time 21481 - 05:58:01)(time 21677 - 06:01:17) ->    5(time 21750 - 06:02:30)(time 21957 - 06:05:57) ->    6(time 22030 - 06:07:10)(time 22234 - 06:10:34) ->    7(time 22307 - 06:11:47)(time 22502 - 06:15:02) ->    8(time 22539 - 06:15:39)(time 22727 - 06:18:47) ->    9(time 22838 - 06:20:38)(time 22838 - 06:20:38) -> 19
> Trip 2
   19(time 22838 - 06:20:38)(time 23026 - 06:23:46) ->    18(time 23362 - 06:29:22)(time 23557 - 06:32:37) ->    17(time 23630 - 06:33:50)(time 23834 - 06:37:14) ->    16(time 23907 - 06:38:27)(time 24114 - 06:41:54) ->    15(time 24187 - 06:43:07)(time 24383 - 06:46:23) ->    14(time 24456 - 06:47:36)(time 24675 - 06:51:15) ->    13(time 25040 - 06:57:20)(time 25232 - 07:00:32) ->    12(time 25305 - 07:01:45)(time 25504 - 07:05:04) ->    11(time 25577 - 07:06:17)(time 25782 - 07:09:42) ->    10(time 25893 - 07:11:33)(time 25893 - 07:11:33) ->    0(time 25893 - 07:11:33)(time 26098 - 07:14:58) ->    1(time 26171 - 07:16:11)(time 26370 - 07:19:30) ->    2(time 26443 - 07:20:43)(time 26635 - 07:23:55) ->    3(time 26708 - 07:25:08)(time 26927 - 07:28:47) ->    4(time 27000 - 07:30:00)(time 27196 - 07:33:16) ->    5(time 27300 - 07:35:00)(time 27507 - 07:38:27) ->    6(time 27580 - 07:39:40)(time 27784 - 07:43:04) ->    7(time 27857 - 07:44:17)(time 28052 - 07:47:32) ->    8(time 28089 - 07:48:09)(time 28277 - 07:51:17) ->    9(time 28388 - 07:53:08)(time 28388 - 07:53:08) -> 19
> Trip 3
   19(time 28388 - 07:53:08)(time 28576 - 07:56:16) ->    18(time 28613 - 07:56:53)(time 28808 - 08:00:08) ->    17(time 28881 - 08:01:21)(time 29085 - 08:04:45) ->    16(time 29158 - 08:05:58)(time 29365 - 08:09:25) ->    15(time 29438 - 08:10:38)(time 29634 - 08:13:54) ->    14(time 29707 - 08:15:07)(time 29926 - 08:18:46) ->    13(time 29999 - 08:19:59)(time 30191 - 08:23:11) ->    12(time 30264 - 08:24:24)(time 30463 - 08:27:43) ->    11(time 30536 - 08:28:56)(time 30741 - 08:32:21) ->    10(time 30852 - 08:34:12)(time 30852 - 08:34:12) ->    0(time 30852 - 08:34:12)(time 31057 - 08:37:37) ->    1(time 31422 - 08:43:42)(time 31621 - 08:47:01) ->    2(time 31907 - 08:51:47)(time 32099 - 08:54:59) ->    3(time 32464 - 09:01:04)(time 32683 - 09:04:43) ->    4(time 32756 - 09:05:56)(time 32952 - 09:09:12) ->    5(time 33025 - 09:10:25)(time 33232 - 09:13:52) ->    6(time 33305 - 09:15:05)(time 33509 - 09:18:29) ->    7(time 33582 - 09:19:42)(time 33777 - 09:22:57) ->    8(time 33814 - 09:23:34)(time 34002 - 09:26:42) ->    9(time 34113 - 09:28:33)(time 34113 - 09:28:33) -> 19
> Trip 4
   19(time 34113 - 09:28:33)(time 34301 - 09:31:41) ->    18(time 34338 - 09:32:18)(time 34533 - 09:35:33) ->    17(time 34606 - 09:36:46)(time 34810 - 09:40:10) ->    16(time 34900 - 09:41:40)(time 35107 - 09:45:07) ->    15(time 35180 - 09:46:20)(time 35376 - 09:49:36) ->    14(time 35449 - 09:50:49)(time 35668 - 09:54:28) ->    13(time 35741 - 09:55:41)(time 35933 - 09:58:53) ->    12(time 36006 - 10:00:06)(time 36205 - 10:03:25) ->    11(time 36278 - 10:04:38)(time 36483 - 10:08:03) ->    10(time 36594 - 10:09:54)(time 36594 - 10:09:54) ->    0(time 36594 - 10:09:54)(time 36799 - 10:13:19) ->    1(time 36872 - 10:14:32)(time 37071 - 10:17:51) ->    2(time 37200 - 10:20:00)(time 37392 - 10:23:12) ->    3(time 37465 - 10:24:25)(time 37684 - 10:28:04) ->    4(time 37757 - 10:29:17)(time 37953 - 10:32:33) ->    5(time 38026 - 10:33:46)(time 38233 - 10:37:13) ->    6(time 38306 - 10:38:26)(time 38510 - 10:41:50) ->    7(time 38583 - 10:43:03)(time 38778 - 10:46:18) ->    8(time 38815 - 10:46:55)(time 39003 - 10:50:03) ->    9(time 39114 - 10:51:54)(time 39114 - 10:51:54) -> 19
