t5p11r8h3.txt:
   > Trying to open the instance file...
   > Reading number of trains...
   > Reading maximum number of trips per train...
   > Reading time intervals...
   > Reading number of points...
   > Reading stations...
   > Reading crossings...
   > Reading depots...
   > Reading initial point...
   > Reading routes...
   > Reading distance and distance and service...
   > Reading demands...
   > Reading maximum time...
   > Reading alpha...

--------------------------------
 Printing instance
--------------------------------
number of trains = 5
	max trips per trains: 2     2     2     2     2
number of intervals = 3
	(0,  13365)	(13366,  26730)	(26731,  40096)
number of points = 11
	initial point: 10
	stations: 0     1     2     5     6     7     9    10
	crossings: 0     1     3     4     8    10
	depots: 0     1    10
number of vertices = 22
	total vertices: 0     1     2     3     4     5     6     7     8     9    10    11    12    13    14    15    16    17    18    19    20    21
	upper vertices: 0     1     2     3     4     5     6     7     8     9    10
	lower vertices: 11    12    13    14    15    16    17    18    19    20    21
	vertices of point #0: (0, 11)
	vertices of point #1: (1, 12)
	vertices of point #2: (2, 13)
	vertices of point #3: (3, 14)
	vertices of point #4: (4, 15)
	vertices of point #5: (5, 16)
	vertices of point #6: (6, 17)
	vertices of point #7: (7, 18)
	vertices of point #8: (8, 19)
	vertices of point #9: (9, 20)
	vertices of point #10: (10, 21)

arcs...
	total arcs: 
		arc #0: (0, 1)
		arc #1: (0, 11)
		arc #2: (11, 0)
		arc #3: (1, 2)
		arc #4: (12, 11)
		arc #5: (1, 12)
		arc #6: (12, 1)
		arc #7: (2, 3)
		arc #8: (13, 12)
		arc #9: (3, 4)
		arc #10: (14, 13)
		arc #11: (4, 5)
		arc #12: (15, 14)
		arc #13: (5, 6)
		arc #14: (16, 15)
		arc #15: (6, 7)
		arc #16: (17, 16)
		arc #17: (7, 8)
		arc #18: (18, 17)
		arc #19: (8, 9)
		arc #20: (19, 18)
		arc #21: (9, 10)
		arc #22: (20, 19)
		arc #23: (21, 20)
		arc #24: (10, 21)
		arc #25: (21, 10)

	reverse arcs: 
		arc #1: (0, 11)
		arc #2: (11, 0)
		arc #5: (1, 12)
		arc #6: (12, 1)
		arc #24: (10, 21)
		arc #25: (21, 10)


incompatible points...
	(0, 0, 12, (0, 1))	(12, 12, 0, (12, 11))	(1, 2, 14, (2, 3))	(14, 13, 1, (13, 12))	(3, 3, 15, (3, 4))	(15, 15, 3, (15, 14))	(4, 7, 19, (7, 8))	(19, 16, 4, (16, 15))	(8, 9, 21, (9, 10))	(21, 20, 8, (20, 19))

number of routes = 8
vertices of routes...
	route #0: 0     1     2     3     4     5     6     7     8     9    10    21    20    19    18    17    16    15    14    13    12    11     0
	route #1: 21    20    19    18    17    16    15    14    13    12    11     0     1     2     3     4     5     6     7     8     9    10    21
	route #2: 1     2     3     4     5     6     7     8     9    10
	route #3: 12    11
	route #4: 0     1
	route #5: 21    20    19    18    17    16    15    14    13    12
	route #6: 1     2     3     4     5     6     7     8     9    10    21    20    19    18    17    16    15    14    13    12     1
	route #7: 12    11     0     1    12
arcs of routes...
	route #0: 0     3     7     9    11    13    15    17    19    21    24    23    22    20    18    16    14    12    10     8     4     2
	route #1: 23    22    20    18    16    14    12    10     8     4     2     0     3     7     9    11    13    15    17    19    21    24
	route #2: 3     7     9    11    13    15    17    19    21
	route #3: 4
	route #4: 0
	route #5: 23    22    20    18    16    14    12    10     8
	route #6: 3     7     9    11    13    15    17    19    21    24    23    22    20    18    16    14    12    10     8     6
	route #7: 4     2     0     5

incompatible routes...
	(0, 1)    	(0, 2)    	(0, 3)    	(0, 5)    	(0, 6)    	(0, 7)    	(1, 0)    	(1, 2)    	(1, 3)    	(1, 4)    	(1, 6)    	(1, 7)    	(2, 0)    	(2, 2)    	(2, 3)    	(2, 4)    	(2, 6)    	(2, 7)    	(3, 1)    	(3, 2)    	(3, 3)    	(3, 5)    	(3, 6)    	(3, 7)    	(4, 0)    	(4, 1)    	(4, 4)    	(4, 5)    	(5, 0)    	(5, 1)    	(5, 4)    	(5, 5)    	(6, 0)    	(6, 1)    	(6, 4)    	(6, 5)    	(7, 0)    	(7, 1)    	(7, 4)    	(7, 5)

vertices that can be adjacent in consecutive trips...
	(0, 0)    	(1, 1)    	(1, 12)    	(10, 21)    	(11, 0)    	(12, 1)    	(12, 12)    	(21, 21)
non cyclical routes: 
       2       3       4       5

routes of trip...
	routes that train #0 can complete at trip #0: 1       5
	routes that train #0 can complete at trip #1: 0       1       2       3       4       5       6       7

	routes that train #1 can complete at trip #0: 1       5
	routes that train #1 can complete at trip #1: 0       1       2       3       4       5       6       7

	routes that train #2 can complete at trip #0: 1       5
	routes that train #2 can complete at trip #1: 0       1       2       3       4       5       6       7

	routes that train #3 can complete at trip #0: 1       5
	routes that train #3 can complete at trip #1: 0       1       2       3       4       5       6       7

	routes that train #4 can complete at trip #0: 1       5
	routes that train #4 can complete at trip #1: 0       1       2       3       4       5       6       7

 cost...
	arc #0 [0][1]: 543
	arc #1 [0][11]: 0
	arc #2 [11][0]: 0
	arc #3 [1][2]: 588
	arc #4 [12][11]: 543
	arc #5 [1][12]: 0
	arc #6 [12][1]: 0
	arc #7 [2][3]: 576
	arc #8 [13][12]: 588
	arc #9 [3][4]: 581
	arc #10 [14][13]: 576
	arc #11 [4][5]: 540
	arc #12 [15][14]: 581
	arc #13 [5][6]: 510
	arc #14 [16][15]: 540
	arc #15 [6][7]: 565
	arc #16 [17][16]: 510
	arc #17 [7][8]: 592
	arc #18 [18][17]: 565
	arc #19 [8][9]: 519
	arc #20 [19][18]: 592
	arc #21 [9][10]: 540
	arc #22 [20][19]: 519
	arc #23 [21][20]: 540
	arc #24 [10][21]: 0
	arc #25 [21][10]: 0

cost with minimum service...
	arc #0 [0][1]: 737
	arc #1 [0][11]: 0
	arc #2 [11][0]: 0
	arc #3 [1][2]: 697
	arc #4 [12][11]: 737
	arc #5 [1][12]: 0
	arc #6 [12][1]: 0
	arc #7 [2][3]: 614
	arc #8 [13][12]: 782
	arc #9 [3][4]: 619
	arc #10 [14][13]: 685
	arc #11 [4][5]: 649
	arc #12 [15][14]: 619
	arc #13 [5][6]: 619
	arc #14 [16][15]: 578
	arc #15 [6][7]: 674
	arc #16 [17][16]: 619
	arc #17 [7][8]: 630
	arc #18 [18][17]: 674
	arc #19 [8][9]: 628
	arc #20 [19][18]: 701
	arc #21 [9][10]: 734
	arc #22 [20][19]: 557
	arc #23 [21][20]: 649
	arc #24 [10][21]: 0
	arc #25 [21][10]: 0

cost with maximum service...
	arc #0 [0][1]: 909
	arc #1 [0][11]: 366
	arc #2 [11][0]: 366
	arc #3 [1][2]: 954
	arc #4 [12][11]: 909
	arc #5 [1][12]: 366
	arc #6 [12][1]: 366
	arc #7 [2][3]: 942
	arc #8 [13][12]: 954
	arc #9 [3][4]: 947
	arc #10 [14][13]: 942
	arc #11 [4][5]: 906
	arc #12 [15][14]: 947
	arc #13 [5][6]: 876
	arc #14 [16][15]: 906
	arc #15 [6][7]: 931
	arc #16 [17][16]: 876
	arc #17 [7][8]: 958
	arc #18 [18][17]: 931
	arc #19 [8][9]: 885
	arc #20 [19][18]: 958
	arc #21 [9][10]: 906
	arc #22 [20][19]: 885
	arc #23 [21][20]: 906
	arc #24 [10][21]: 366
	arc #25 [21][10]: 366

demands...
	demands of vertex 0 at time interval: 2     2     2
	demands of vertex 1 at time interval: 2     2     2
	demands of vertex 2 at time interval: 2     2     2
	demands of vertex 3 at time interval: 0     0     0
	demands of vertex 4 at time interval: 0     0     0
	demands of vertex 5 at time interval: 2     2     2
	demands of vertex 6 at time interval: 2     2     2
	demands of vertex 7 at time interval: 2     2     2
	demands of vertex 8 at time interval: 0     0     0
	demands of vertex 9 at time interval: 2     2     2
	demands of vertex 10 at time interval: 0     0     0
	demands of vertex 11 at time interval: 0     0     0
	demands of vertex 12 at time interval: 2     2     2
	demands of vertex 13 at time interval: 2     2     2
	demands of vertex 14 at time interval: 0     0     0
	demands of vertex 15 at time interval: 0     0     0
	demands of vertex 16 at time interval: 2     2     2
	demands of vertex 17 at time interval: 2     2     2
	demands of vertex 18 at time interval: 2     2     2
	demands of vertex 19 at time interval: 0     0     0
	demands of vertex 20 at time interval: 2     2     2
	demands of vertex 21 at time interval: 2     2     2

maximum time = 40096
alpha = 84

Selecting set of cyclical routes...

Selecting set of initial routes...

Creating initial set of candidate combinations...
Solving candidate combinations...

1/1 candidate combination(s) tested! (Thread 0)
No feasible solution was found...

Removing trips...

Solving candidate combinations...

1/4 candidate combination(s) tested! (Thread 0)
2/4 candidate combination(s) tested! (Thread 0)
3/4 candidate combination(s) tested! (Thread 0)
4/4 candidate combination(s) tested! (Thread 0)
No feasible solution was found...

Removing trips...

Solving candidate combinations...

1/4 candidate combination(s) tested! (Thread 0)
2/4 candidate combination(s) tested! (Thread 0)
3/4 candidate combination(s) tested! (Thread 0)
4/4 candidate combination(s) tested! (Thread 0)
No feasible solution was found...

Removing trips...

Going to try a new set of routes...

Selecting set of initial routes...Solving candidate combinations...

1/9 candidate combination(s) tested! (Thread 0)
2/9 candidate combination(s) tested! (Thread 0)
3/9 candidate combination(s) tested! (Thread 0)
4/9 candidate combination(s) tested! (Thread 0)
Found new best - 5/9 candidate combination(s) tested! (Thread 0)
6/9 candidate combination(s) tested! (Thread 0)
Found new best - 7/9 candidate combination(s) tested! (Thread 0)
8/9 candidate combination(s) tested! (Thread 0)
9/9 candidate combination(s) tested! (Thread 0)

Removing trips...

Terminating loop at iteration 4

Relaxing trips, so the model can make changes...

>> Printing some results...
    -> Solution value = 38458 - 10:40:58
    -> Total time = 23.23

=============
Train 0
=============
> Trip 0
   21(time 218 - 00:03:38)(time 758 - 00:12:38) ->    20(time 867 - 00:14:27)(time 1386 - 00:23:06) ->    19(time 1424 - 00:23:44)(time 2016 - 00:33:36) ->    18(time 2125 - 00:35:25)(time 2690 - 00:44:50) ->    17(time 2799 - 00:46:39)(time 3309 - 00:55:09) ->    16(time 3418 - 00:56:58)(time 3958 - 01:05:58) ->    15(time 3996 - 01:06:36)(time 4577 - 01:16:17) ->    14(time 4615 - 01:16:55)(time 5191 - 01:26:31) ->    13(time 5300 - 01:28:20)(time 5888 - 01:38:08) ->    12(time 6082 - 01:41:22)(time 6625 - 01:50:25) ->    11(time 6819 - 01:53:39)(time 6819 - 01:53:39) ->    0(time 6843 - 01:54:03)(time 7386 - 02:03:06) ->    1(time 7580 - 02:06:20)(time 8168 - 02:16:08) ->    2(time 8277 - 02:17:57)(time 8853 - 02:27:33) ->    3(time 8891 - 02:28:11)(time 9472 - 02:37:52) ->    4(time 9510 - 02:38:30)(time 10050 - 02:47:30) ->    5(time 10159 - 02:49:19)(time 10669 - 02:57:49) ->    6(time 10778 - 02:59:38)(time 11343 - 03:09:03) ->    7(time 11452 - 03:10:52)(time 12044 - 03:20:44) ->    8(time 12082 - 03:21:22)(time 12601 - 03:30:01) ->    9(time 12710 - 03:31:50)(time 13250 - 03:40:50) ->    10(time 13444 - 03:44:04)(time 13444 - 03:44:04) -> 21
> Trip 1
   21(time 13444 - 03:44:04)(time 13984 - 03:53:04) ->    20(time 14093 - 03:54:53)(time 14612 - 04:03:32) ->    19(time 14650 - 04:04:10)(time 15242 - 04:14:02) ->    18(time 15351 - 04:15:51)(time 15916 - 04:25:16) ->    17(time 16025 - 04:27:05)(time 16535 - 04:35:35) ->    16(time 16644 - 04:37:24)(time 17184 - 04:46:24) ->    15(time 17222 - 04:47:02)(time 17803 - 04:56:43) ->    14(time 17841 - 04:57:21)(time 18417 - 05:06:57) ->    13(time 18526 - 05:08:46)(time 19114 - 05:18:34) ->    12(time 19308 - 05:21:48)(time 19851 - 05:30:51) ->    11(time 20045 - 05:34:05)(time 20045 - 05:34:05) ->    0(time 20045 - 05:34:05)(time 20588 - 05:43:08) ->    1(time 20782 - 05:46:22)(time 21370 - 05:56:10) ->    2(time 21479 - 05:57:59)(time 22055 - 06:07:35) ->    3(time 22093 - 06:08:13)(time 22674 - 06:17:54) ->    4(time 22712 - 06:18:32)(time 23252 - 06:27:32) ->    5(time 23361 - 06:29:21)(time 23871 - 06:37:51) ->    6(time 23980 - 06:39:40)(time 24545 - 06:49:05) ->    7(time 24654 - 06:50:54)(time 25246 - 07:00:46) ->    8(time 25284 - 07:01:24)(time 25803 - 07:10:03) ->    9(time 25912 - 07:11:52)(time 26452 - 07:20:52) ->    10(time 26646 - 07:24:06)(time 26646 - 07:24:06) -> 21
=============
Train 1
=============
> Trip 0
   21(time 4414 - 01:13:34)(time 4954 - 01:22:34) ->    20(time 5320 - 01:28:40)(time 5839 - 01:37:19) ->    19(time 6205 - 01:43:25)(time 6797 - 01:53:17) ->    18(time 7163 - 01:59:23)(time 7728 - 02:08:48) ->    17(time 8094 - 02:14:54)(time 8604 - 02:23:24) ->    16(time 8970 - 02:29:30)(time 9510 - 02:38:30) ->    15(time 9876 - 02:44:36)(time 10457 - 02:54:17) ->    14(time 10495 - 02:54:55)(time 11071 - 03:04:31) ->    13(time 11437 - 03:10:37)(time 12025 - 03:20:25) ->    12(time 12391 - 03:26:31)(time 12934 - 03:35:34) ->    11(time 13300 - 03:41:40)(time 13300 - 03:41:40) ->    0(time 13666 - 03:47:46)(time 14209 - 03:56:49) ->    1(time 14575 - 04:02:55)(time 15163 - 04:12:43) ->    2(time 15295 - 04:14:55)(time 15871 - 04:24:31) ->    3(time 16237 - 04:30:37)(time 16818 - 04:40:18) ->    4(time 17184 - 04:46:24)(time 17724 - 04:55:24) ->    5(time 17833 - 04:57:13)(time 18343 - 05:05:43) ->    6(time 18452 - 05:07:32)(time 19017 - 05:16:57) ->    7(time 19126 - 05:18:46)(time 19718 - 05:28:38) ->    8(time 19756 - 05:29:16)(time 20275 - 05:37:55) ->    9(time 20384 - 05:39:44)(time 20924 - 05:48:44) ->    10(time 21118 - 05:51:58)(time 21118 - 05:51:58) -> 21
> Trip 1
   21(time 23821 - 06:37:01)(time 24361 - 06:46:01) ->    20(time 24470 - 06:47:50)(time 24989 - 06:56:29) ->    19(time 25355 - 07:02:35)(time 25947 - 07:12:27) ->    18(time 26056 - 07:14:16)(time 26621 - 07:23:41) ->    17(time 26730 - 07:25:30)(time 27240 - 07:34:00) ->    16(time 27499 - 07:38:19)(time 28039 - 07:47:19) ->    15(time 28405 - 07:53:25)(time 28986 - 08:03:06) ->    14(time 29352 - 08:09:12)(time 29928 - 08:18:48) ->    13(time 30037 - 08:20:37)(time 30625 - 08:30:25) ->    12(time 30819 - 08:33:39)(time 31362 - 08:42:42) ->    11(time 31556 - 08:45:56)(time 31556 - 08:45:56) ->    0(time 31858 - 08:50:58)(time 32401 - 09:00:01) ->    1(time 32595 - 09:03:15)(time 33183 - 09:13:03) ->    2(time 33292 - 09:14:52)(time 33868 - 09:24:28) ->    3(time 33906 - 09:25:06)(time 34487 - 09:34:47) ->    4(time 34525 - 09:35:25)(time 35065 - 09:44:25) ->    5(time 35174 - 09:46:14)(time 35684 - 09:54:44) ->    6(time 35793 - 09:56:33)(time 36358 - 10:05:58) ->    7(time 36467 - 10:07:47)(time 37059 - 10:17:39) ->    8(time 37097 - 10:18:17)(time 37616 - 10:26:56) ->    9(time 37725 - 10:28:45)(time 38265 - 10:37:45) ->    10(time 38459 - 10:40:59)(time 38459 - 10:40:59) -> 21
=============
Train 2
=============
> Trip 0
   21(time 327 - 00:05:27)(time 867 - 00:14:27) ->    20(time 976 - 00:16:16)(time 1495 - 00:24:55) ->    19(time 1533 - 00:25:33)(time 2125 - 00:35:25) ->    18(time 2234 - 00:37:14)(time 2799 - 00:46:39) ->    17(time 2908 - 00:48:28)(time 3418 - 00:56:58) ->    16(time 3527 - 00:58:47)(time 4067 - 01:07:47) ->    15(time 4105 - 01:08:25)(time 4686 - 01:18:06) ->    14(time 4724 - 01:18:44)(time 5300 - 01:28:20) ->    13(time 5494 - 01:31:34)(time 6082 - 01:41:22) ->    12(time 6276 - 01:44:36)(time 6819 - 01:53:39) ->    11(time 7013 - 01:56:53)(time 7013 - 01:56:53) ->    0(time 7037 - 01:57:17)(time 7580 - 02:06:20) ->    1(time 7774 - 02:09:34)(time 8362 - 02:19:22) ->    2(time 8471 - 02:21:11)(time 9047 - 02:30:47) ->    3(time 9085 - 02:31:25)(time 9666 - 02:41:06) ->    4(time 9704 - 02:41:44)(time 10244 - 02:50:44) ->    5(time 10353 - 02:52:33)(time 10863 - 03:01:03) ->    6(time 10972 - 03:02:52)(time 11537 - 03:12:17) ->    7(time 11646 - 03:14:06)(time 12238 - 03:23:58) ->    8(time 12276 - 03:24:36)(time 12795 - 03:33:15) ->    9(time 12904 - 03:35:04)(time 13444 - 03:44:04) ->    10(time 13638 - 03:47:18)(time 13638 - 03:47:18) -> 21
> Trip 1
   21(time 18512 - 05:08:32)(time 19052 - 05:17:32) ->    20(time 19161 - 05:19:21)(time 19680 - 05:28:00) ->    19(time 19718 - 05:28:38)(time 20310 - 05:38:30) ->    18(time 20419 - 05:40:19)(time 20984 - 05:49:44) ->    17(time 21093 - 05:51:33)(time 21603 - 06:00:03) ->    16(time 21889 - 06:04:49)(time 22429 - 06:13:49) ->    15(time 22795 - 06:19:55)(time 23376 - 06:29:36) ->    14(time 23742 - 06:35:42)(time 24318 - 06:45:18) ->    13(time 24684 - 06:51:24)(time 25272 - 07:01:12) ->    12(time 25638 - 07:07:18)(time 26181 - 07:16:21) ->    11(time 26547 - 07:22:27)(time 26547 - 07:22:27) ->    0(time 26913 - 07:28:33)(time 27456 - 07:37:36) ->    1(time 27822 - 07:43:42)(time 28410 - 07:53:30) ->    2(time 28776 - 07:59:36)(time 29352 - 08:09:12) ->    3(time 29718 - 08:15:18)(time 30299 - 08:24:59) ->    4(time 30665 - 08:31:05)(time 31205 - 08:40:05) ->    5(time 31314 - 08:41:54)(time 31824 - 08:50:24) ->    6(time 31933 - 08:52:13)(time 32498 - 09:01:38) ->    7(time 32607 - 09:03:27)(time 33199 - 09:13:19) ->    8(time 33237 - 09:13:57)(time 33756 - 09:22:36) ->    9(time 33865 - 09:24:25)(time 34405 - 09:33:25) ->    10(time 34599 - 09:36:39)(time 34599 - 09:36:39) -> 21
=============
Train 3
=============
> Trip 0
   21(time 109 - 00:01:49)(time 649 - 00:10:49) ->    20(time 758 - 00:12:38)(time 1277 - 00:21:17) ->    19(time 1315 - 00:21:55)(time 1907 - 00:31:47) ->    18(time 2016 - 00:33:36)(time 2581 - 00:43:01) ->    17(time 2690 - 00:44:50)(time 3200 - 00:53:20) ->    16(time 3309 - 00:55:09)(time 3849 - 01:04:09) ->    15(time 3887 - 01:04:47)(time 4468 - 01:14:28) ->    14(time 4506 - 01:15:06)(time 5082 - 01:24:42) ->    13(time 5191 - 01:26:31)(time 5779 - 01:36:19) -> 12
> Trip 1
   1(time 20891 - 05:48:11)(time 21479 - 05:57:59) ->    2(time 21588 - 05:59:48)(time 22164 - 06:09:24) ->    3(time 22202 - 06:10:02)(time 22783 - 06:19:43) ->    4(time 22821 - 06:20:21)(time 23361 - 06:29:21) ->    5(time 23470 - 06:31:10)(time 23980 - 06:39:40) ->    6(time 24089 - 06:41:29)(time 24654 - 06:50:54) ->    7(time 24763 - 06:52:43)(time 25355 - 07:02:35) ->    8(time 25393 - 07:03:13)(time 25912 - 07:11:52) ->    9(time 26106 - 07:15:06)(time 26646 - 07:24:06) ->    10(time 26925 - 07:28:45)(time 26925 - 07:28:45) ->    21(time 26925 - 07:28:45)(time 27465 - 07:37:45) ->    20(time 27574 - 07:39:34)(time 28093 - 07:48:13) ->    19(time 28131 - 07:48:51)(time 28723 - 07:58:43) ->    18(time 28832 - 08:00:32)(time 29397 - 08:09:57) ->    17(time 29506 - 08:11:46)(time 30016 - 08:20:16) ->    16(time 30125 - 08:22:05)(time 30665 - 08:31:05) ->    15(time 30703 - 08:31:43)(time 31284 - 08:41:24) ->    14(time 31322 - 08:42:02)(time 31898 - 08:51:38) ->    13(time 32007 - 08:53:27)(time 32595 - 09:03:15) ->    12(time 32789 - 09:06:29)(time 32789 - 09:06:29) -> 1
=============
Train 4
=============
> Trip 0
   21(time 0 - 00:00:00)(time 540 - 00:09:00) ->    20(time 649 - 00:10:49)(time 1168 - 00:19:28) ->    19(time 1206 - 00:20:06)(time 1798 - 00:29:58) ->    18(time 1907 - 00:31:47)(time 2472 - 00:41:12) ->    17(time 2581 - 00:43:01)(time 3091 - 00:51:31) ->    16(time 3200 - 00:53:20)(time 3740 - 01:02:20) ->    15(time 3778 - 01:02:58)(time 4359 - 01:12:39) ->    14(time 4397 - 01:13:17)(time 4973 - 01:22:53) ->    13(time 5082 - 01:24:42)(time 5670 - 01:34:30) -> 12
> Trip 1
   1(time 19586 - 05:26:26)(time 20174 - 05:36:14) ->    2(time 20540 - 05:42:20)(time 21116 - 05:51:56) ->    3(time 21482 - 05:58:02)(time 22063 - 06:07:43) ->    4(time 22429 - 06:13:49)(time 22969 - 06:22:49) ->    5(time 23078 - 06:24:38)(time 23588 - 06:33:08) ->    6(time 23697 - 06:34:57)(time 24262 - 06:44:22) ->    7(time 24371 - 06:46:11)(time 24963 - 06:56:03) ->    8(time 25001 - 06:56:41)(time 25520 - 07:05:20) ->    9(time 25629 - 07:07:09)(time 26169 - 07:16:09) ->    10(time 26365 - 07:19:25)(time 26365 - 07:19:25) ->    21(time 26731 - 07:25:31)(time 27271 - 07:34:31) ->    20(time 27380 - 07:36:20)(time 27899 - 07:44:59) ->    19(time 27937 - 07:45:37)(time 28529 - 07:55:29) ->    18(time 28638 - 07:57:18)(time 29203 - 08:06:43) ->    17(time 29312 - 08:08:32)(time 29822 - 08:17:02) ->    16(time 29931 - 08:18:51)(time 30471 - 08:27:51) ->    15(time 30509 - 08:28:29)(time 31090 - 08:38:10) ->    14(time 31128 - 08:38:48)(time 31704 - 08:48:24) ->    13(time 31813 - 08:50:13)(time 32401 - 09:00:01) ->    12(time 32595 - 09:03:15)(time 32595 - 09:03:15) -> 1
