t5p17r6h1.txt:
   > Trying to open the instance file...
   > Reading number of trains...
   > Reading maximum number of trips per train...
   > Reading time intervals...
   > Reading number of points...
   > Reading stations...
   > Reading crossings...
   > Reading depots...
   > Reading initial point...
   > Reading routes...
   > Reading distance and distance and service...
   > Reading demands...
   > Reading maximum time...
   > Reading alpha...

--------------------------------
 Printing instance
--------------------------------
number of trains = 5
	max trips per trains: 2     2     2     2     2
number of intervals = 1
	(0,  50935)
number of points = 17
	initial point: 0
	stations: 0     1     2     4     6     7     9    10    11    12    13    14    15    16
	crossings: 0     3     5     8    11    12    15    16
	depots: 0    15    16
number of vertices = 34
	total vertices: 0     1     2     3     4     5     6     7     8     9    10    11    12    13    14    15    16    17    18    19    20    21    22    23    24    25    26    27    28    29    30    31    32    33
	upper vertices: 0     1     2     3     4     5     6     7     8     9    10    11    12    13    14    15    16
	lower vertices: 17    18    19    20    21    22    23    24    25    26    27    28    29    30    31    32    33
	vertices of point #0: (0, 17)
	vertices of point #1: (1, 18)
	vertices of point #2: (2, 19)
	vertices of point #3: (3, 20)
	vertices of point #4: (4, 21)
	vertices of point #5: (5, 22)
	vertices of point #6: (6, 23)
	vertices of point #7: (7, 24)
	vertices of point #8: (8, 25)
	vertices of point #9: (9, 26)
	vertices of point #10: (10, 27)
	vertices of point #11: (11, 28)
	vertices of point #12: (12, 29)
	vertices of point #13: (13, 30)
	vertices of point #14: (14, 31)
	vertices of point #15: (15, 32)
	vertices of point #16: (16, 33)

arcs...
	total arcs: 
		arc #0: (0, 1)
		arc #1: (0, 17)
		arc #2: (17, 0)
		arc #3: (1, 2)
		arc #4: (18, 17)
		arc #5: (2, 3)
		arc #6: (19, 18)
		arc #7: (3, 4)
		arc #8: (20, 19)
		arc #9: (4, 5)
		arc #10: (21, 20)
		arc #11: (5, 6)
		arc #12: (22, 21)
		arc #13: (6, 7)
		arc #14: (23, 22)
		arc #15: (7, 8)
		arc #16: (24, 23)
		arc #17: (8, 9)
		arc #18: (25, 24)
		arc #19: (9, 10)
		arc #20: (26, 25)
		arc #21: (10, 11)
		arc #22: (27, 26)
		arc #23: (11, 12)
		arc #24: (28, 27)
		arc #25: (12, 13)
		arc #26: (29, 28)
		arc #27: (13, 14)
		arc #28: (30, 29)
		arc #29: (14, 15)
		arc #30: (31, 30)
		arc #31: (15, 16)
		arc #32: (32, 31)
		arc #33: (15, 32)
		arc #34: (32, 15)
		arc #35: (33, 32)
		arc #36: (16, 33)
		arc #37: (33, 16)

	reverse arcs: 
		arc #1: (0, 17)
		arc #2: (17, 0)
		arc #33: (15, 32)
		arc #34: (32, 15)
		arc #36: (16, 33)
		arc #37: (33, 16)


incompatible points...
	(0, 2, 20, (2, 3))	(20, 18, 0, (18, 17))	(3, 4, 22, (4, 5))	(22, 21, 3, (21, 20))	(5, 7, 25, (7, 8))	(25, 23, 5, (23, 22))	(8, 10, 28, (10, 11))	(28, 26, 8, (26, 25))	(11, 11, 29, (11, 12))	(29, 29, 11, (29, 28))	(12, 14, 32, (14, 15))	(32, 30, 12, (30, 29))	(15, 15, 33, (15, 16))	(33, 33, 15, (33, 32))

number of routes = 6
vertices of routes...
	route #0: 0     1     2     3     4     5     6     7     8     9    10    11    12    13    14    15    16    33    32    31    30    29    28    27    26    25    24    23    22    21    20    19    18    17     0
	route #1: 33    32    31    30    29    28    27    26    25    24    23    22    21    20    19    18    17     0     1     2     3     4     5     6     7     8     9    10    11    12    13    14    15    16    33
	route #2: 15    16
	route #3: 32    31    30    29    28    27    26    25    24    23    22    21    20    19    18    17
	route #4: 0     1     2     3     4     5     6     7     8     9    10    11    12    13    14    15
	route #5: 33    32
arcs of routes...
	route #0: 0     3     5     7     9    11    13    15    17    19    21    23    25    27    29    31    36    35    32    30    28    26    24    22    20    18    16    14    12    10     8     6     4     2
	route #1: 35    32    30    28    26    24    22    20    18    16    14    12    10     8     6     4     2     0     3     5     7     9    11    13    15    17    19    21    23    25    27    29    31    36
	route #2: 31
	route #3: 32    30    28    26    24    22    20    18    16    14    12    10     8     6     4
	route #4: 0     3     5     7     9    11    13    15    17    19    21    23    25    27    29
	route #5: 35

incompatible routes...
	(0, 1)    	(0, 2)    	(0, 3)    	(0, 5)    	(1, 0)    	(1, 2)    	(1, 3)    	(1, 4)    	(2, 0)    	(2, 2)    	(2, 3)    	(2, 4)    	(3, 1)    	(3, 2)    	(3, 3)    	(3, 5)    	(4, 0)    	(4, 1)    	(4, 4)    	(4, 5)    	(5, 0)    	(5, 1)    	(5, 4)    	(5, 5)

vertices that can be adjacent in consecutive trips...
	(0, 0)    	(15, 15)    	(15, 32)    	(16, 33)    	(17, 0)    	(32, 15)    	(32, 32)    	(33, 33)
non cyclical routes: 
       2       3       4       5

routes of trip...
	routes that train #0 can complete at trip #0: 0       4
	routes that train #0 can complete at trip #1: 0       1       2       3       4       5

	routes that train #1 can complete at trip #0: 0       4
	routes that train #1 can complete at trip #1: 0       1       2       3       4       5

	routes that train #2 can complete at trip #0: 0       4
	routes that train #2 can complete at trip #1: 0       1       2       3       4       5

	routes that train #3 can complete at trip #0: 0       4
	routes that train #3 can complete at trip #1: 0       1       2       3       4       5

	routes that train #4 can complete at trip #0: 0       4
	routes that train #4 can complete at trip #1: 0       1       2       3       4       5

 cost...
	arc #0 [0][1]: 418
	arc #1 [0][17]: 0
	arc #2 [17][0]: 0
	arc #3 [1][2]: 453
	arc #4 [18][17]: 418
	arc #5 [2][3]: 421
	arc #6 [19][18]: 453
	arc #7 [3][4]: 418
	arc #8 [20][19]: 421
	arc #9 [4][5]: 392
	arc #10 [21][20]: 418
	arc #11 [5][6]: 464
	arc #12 [22][21]: 392
	arc #13 [6][7]: 415
	arc #14 [23][22]: 464
	arc #15 [7][8]: 444
	arc #16 [24][23]: 415
	arc #17 [8][9]: 389
	arc #18 [25][24]: 444
	arc #19 [9][10]: 452
	arc #20 [26][25]: 389
	arc #21 [10][11]: 453
	arc #22 [27][26]: 452
	arc #23 [11][12]: 393
	arc #24 [28][27]: 453
	arc #25 [12][13]: 443
	arc #26 [29][28]: 393
	arc #27 [13][14]: 394
	arc #28 [30][29]: 443
	arc #29 [14][15]: 401
	arc #30 [31][30]: 394
	arc #31 [15][16]: 429
	arc #32 [32][31]: 401
	arc #33 [15][32]: 0
	arc #34 [32][15]: 0
	arc #35 [33][32]: 429
	arc #36 [16][33]: 0
	arc #37 [33][16]: 0

cost with minimum service...
	arc #0 [0][1]: 501
	arc #1 [0][17]: 0
	arc #2 [17][0]: 0
	arc #3 [1][2]: 536
	arc #4 [18][17]: 600
	arc #5 [2][3]: 498
	arc #6 [19][18]: 536
	arc #7 [3][4]: 501
	arc #8 [20][19]: 504
	arc #9 [4][5]: 469
	arc #10 [21][20]: 495
	arc #11 [5][6]: 547
	arc #12 [22][21]: 475
	arc #13 [6][7]: 498
	arc #14 [23][22]: 541
	arc #15 [7][8]: 521
	arc #16 [24][23]: 498
	arc #17 [8][9]: 472
	arc #18 [25][24]: 527
	arc #19 [9][10]: 535
	arc #20 [26][25]: 466
	arc #21 [10][11]: 536
	arc #22 [27][26]: 535
	arc #23 [11][12]: 476
	arc #24 [28][27]: 536
	arc #25 [12][13]: 526
	arc #26 [29][28]: 476
	arc #27 [13][14]: 477
	arc #28 [30][29]: 526
	arc #29 [14][15]: 583
	arc #30 [31][30]: 477
	arc #31 [15][16]: 611
	arc #32 [32][31]: 484
	arc #33 [15][32]: 0
	arc #34 [32][15]: 0
	arc #35 [33][32]: 611
	arc #36 [16][33]: 0
	arc #37 [33][16]: 0

cost with maximum service...
	arc #0 [0][1]: 749
	arc #1 [0][17]: 331
	arc #2 [17][0]: 331
	arc #3 [1][2]: 784
	arc #4 [18][17]: 749
	arc #5 [2][3]: 752
	arc #6 [19][18]: 784
	arc #7 [3][4]: 749
	arc #8 [20][19]: 752
	arc #9 [4][5]: 723
	arc #10 [21][20]: 749
	arc #11 [5][6]: 795
	arc #12 [22][21]: 723
	arc #13 [6][7]: 746
	arc #14 [23][22]: 795
	arc #15 [7][8]: 775
	arc #16 [24][23]: 746
	arc #17 [8][9]: 720
	arc #18 [25][24]: 775
	arc #19 [9][10]: 783
	arc #20 [26][25]: 720
	arc #21 [10][11]: 784
	arc #22 [27][26]: 783
	arc #23 [11][12]: 724
	arc #24 [28][27]: 784
	arc #25 [12][13]: 774
	arc #26 [29][28]: 724
	arc #27 [13][14]: 725
	arc #28 [30][29]: 774
	arc #29 [14][15]: 732
	arc #30 [31][30]: 725
	arc #31 [15][16]: 760
	arc #32 [32][31]: 732
	arc #33 [15][32]: 331
	arc #34 [32][15]: 331
	arc #35 [33][32]: 760
	arc #36 [16][33]: 331
	arc #37 [33][16]: 331

demands...
	demands of vertex 0 at time interval: 6
	demands of vertex 1 at time interval: 6
	demands of vertex 2 at time interval: 6
	demands of vertex 3 at time interval: 0
	demands of vertex 4 at time interval: 6
	demands of vertex 5 at time interval: 0
	demands of vertex 6 at time interval: 6
	demands of vertex 7 at time interval: 6
	demands of vertex 8 at time interval: 0
	demands of vertex 9 at time interval: 6
	demands of vertex 10 at time interval: 6
	demands of vertex 11 at time interval: 6
	demands of vertex 12 at time interval: 6
	demands of vertex 13 at time interval: 6
	demands of vertex 14 at time interval: 6
	demands of vertex 15 at time interval: 6
	demands of vertex 16 at time interval: 0
	demands of vertex 17 at time interval: 0
	demands of vertex 18 at time interval: 6
	demands of vertex 19 at time interval: 6
	demands of vertex 20 at time interval: 0
	demands of vertex 21 at time interval: 6
	demands of vertex 22 at time interval: 0
	demands of vertex 23 at time interval: 6
	demands of vertex 24 at time interval: 6
	demands of vertex 25 at time interval: 0
	demands of vertex 26 at time interval: 6
	demands of vertex 27 at time interval: 6
	demands of vertex 28 at time interval: 6
	demands of vertex 29 at time interval: 6
	demands of vertex 30 at time interval: 6
	demands of vertex 31 at time interval: 6
	demands of vertex 32 at time interval: 6
	demands of vertex 33 at time interval: 6

maximum time = 50935
alpha = 50
Starting to test combinations... - Total number of combinations = 7776
Found new best - 1/7776
10% done - 778/7776 combination(s) tested! (Thread 0)
20% done - 1556/7776 combination(s) tested! (Thread 0)
30% done - 2334/7776 combination(s) tested! (Thread 0)
40% done - 3112/7776 combination(s) tested! (Thread 0)
50% done - 3890/7776 combination(s) tested! (Thread 0)
60% done - 4668/7776 combination(s) tested! (Thread 0)
70% done - 5446/7776 combination(s) tested! (Thread 0)
80% done - 6224/7776 combination(s) tested! (Thread 0)
90% done - 7002/7776 combination(s) tested! (Thread 0)
	Cannot prove optimality!

>> Printing some results...
    -> Solution value = 22620 - 06:17:00
    -> Total time = 3774.69

=============
Train 0
=============
> Trip 0
   0(time 4107 - 01:08:27)(time 4525 - 01:15:25) ->    1(time 4856 - 01:20:56)(time 5309 - 01:28:29) ->    2(time 5392 - 01:29:52)(time 5813 - 01:36:53) ->    3(time 6144 - 01:42:24)(time 6562 - 01:49:22) ->    4(time 6645 - 01:50:45)(time 7037 - 01:57:17) ->    5(time 7114 - 01:58:34)(time 7578 - 02:06:18) ->    6(time 7661 - 02:07:41)(time 8076 - 02:14:36) ->    7(time 8159 - 02:15:59)(time 8603 - 02:23:23) ->    8(time 8680 - 02:24:40)(time 9069 - 02:31:09) ->    9(time 9152 - 02:32:32)(time 9604 - 02:40:04) ->    10(time 9687 - 02:41:27)(time 10140 - 02:49:00) ->    11(time 10223 - 02:50:23)(time 10616 - 02:56:56) ->    12(time 10947 - 03:02:27)(time 11390 - 03:09:50) ->    13(time 11473 - 03:11:13)(time 11867 - 03:17:47) ->    14(time 11992 - 03:19:52)(time 12393 - 03:26:33) ->    15(time 12724 - 03:32:04)(time 13153 - 03:39:13) ->    16(time 13484 - 03:44:44)(time 13484 - 03:44:44) ->    33(time 13815 - 03:50:15)(time 14244 - 03:57:24) ->    32(time 14426 - 04:00:26)(time 14827 - 04:07:07) ->    31(time 15009 - 04:10:09)(time 15403 - 04:16:43) ->    30(time 15486 - 04:18:06)(time 15929 - 04:25:29) ->    29(time 16012 - 04:26:52)(time 16405 - 04:33:25) ->    28(time 16488 - 04:34:48)(time 16941 - 04:42:21) ->    27(time 17024 - 04:43:44)(time 17476 - 04:51:16) ->    26(time 17559 - 04:52:39)(time 17948 - 04:59:08) ->    25(time 18025 - 05:00:25)(time 18469 - 05:07:49) ->    24(time 18552 - 05:09:12)(time 18967 - 05:16:07) ->    23(time 19050 - 05:17:30)(time 19514 - 05:25:14) ->    22(time 19597 - 05:26:37)(time 19989 - 05:33:09) ->    21(time 20072 - 05:34:32)(time 20490 - 05:41:30) ->    20(time 20567 - 05:42:47)(time 20988 - 05:49:48) ->    19(time 21071 - 05:51:11)(time 21524 - 05:58:44) ->    18(time 21607 - 06:00:07)(time 22025 - 06:07:05) ->    17(time 22207 - 06:10:07)(time 22207 - 06:10:07) -> 0
> Trip 1
   0(time 22472 - 06:14:32)(time 22890 - 06:21:30) ->    1(time 22973 - 06:22:53)(time 23426 - 06:30:26) ->    2(time 23509 - 06:31:49)(time 23930 - 06:38:50) ->    3(time 24007 - 06:40:07)(time 24425 - 06:47:05) ->    4(time 24508 - 06:48:28)(time 24900 - 06:55:00) ->    5(time 24977 - 06:56:17)(time 25441 - 07:04:01) ->    6(time 25524 - 07:05:24)(time 25939 - 07:12:19) ->    7(time 26022 - 07:13:42)(time 26466 - 07:21:06) ->    8(time 26543 - 07:22:23)(time 26932 - 07:28:52) ->    9(time 27015 - 07:30:15)(time 27467 - 07:37:47) ->    10(time 27550 - 07:39:10)(time 28003 - 07:46:43) ->    11(time 28086 - 07:48:06)(time 28479 - 07:54:39) ->    12(time 28562 - 07:56:02)(time 29005 - 08:03:25) ->    13(time 29137 - 08:05:37)(time 29531 - 08:12:11) ->    14(time 29713 - 08:15:13)(time 30114 - 08:21:54) ->    15(time 30296 - 08:24:56)(time 30725 - 08:32:05) ->    16(time 30907 - 08:35:07)(time 30907 - 08:35:07) ->    33(time 31089 - 08:38:09)(time 31518 - 08:45:18) ->    32(time 31700 - 08:48:20)(time 32101 - 08:55:01) ->    31(time 32184 - 08:56:24)(time 32578 - 09:02:58) ->    30(time 32661 - 09:04:21)(time 33104 - 09:11:44) ->    29(time 33187 - 09:13:07)(time 33580 - 09:19:40) ->    28(time 33663 - 09:21:03)(time 34116 - 09:28:36) ->    27(time 34199 - 09:29:59)(time 34651 - 09:37:31) ->    26(time 34734 - 09:38:54)(time 35123 - 09:45:23) ->    25(time 35200 - 09:46:40)(time 35644 - 09:54:04) ->    24(time 35727 - 09:55:27)(time 36142 - 10:02:22) ->    23(time 36225 - 10:03:45)(time 36689 - 10:11:29) ->    22(time 36766 - 10:12:46)(time 37158 - 10:19:18) ->    21(time 37241 - 10:20:41)(time 37659 - 10:27:39) ->    20(time 37736 - 10:28:56)(time 38157 - 10:35:57) ->    19(time 38240 - 10:37:20)(time 38693 - 10:44:53) ->    18(time 38776 - 10:46:16)(time 39194 - 10:53:14) ->    17(time 39376 - 10:56:16)(time 39376 - 10:56:16) -> 0
=============
Train 1
=============
> Trip 0
   0(time 0 - 00:00:00)(time 418 - 00:06:58) ->    1(time 501 - 00:08:21)(time 954 - 00:15:54) ->    2(time 1037 - 00:17:17)(time 1458 - 00:24:18) ->    3(time 1535 - 00:25:35)(time 1953 - 00:32:33) ->    4(time 2036 - 00:33:56)(time 2428 - 00:40:28) ->    5(time 2505 - 00:41:45)(time 2969 - 00:49:29) ->    6(time 3052 - 00:50:52)(time 3467 - 00:57:47) ->    7(time 3550 - 00:59:10)(time 3994 - 01:06:34) ->    8(time 4071 - 01:07:51)(time 4460 - 01:14:20) ->    9(time 4543 - 01:15:43)(time 4995 - 01:23:15) ->    10(time 5078 - 01:24:38)(time 5531 - 01:32:11) ->    11(time 5614 - 01:33:34)(time 6007 - 01:40:07) ->    12(time 6090 - 01:41:30)(time 6533 - 01:48:53) ->    13(time 6616 - 01:50:16)(time 7010 - 01:56:50) ->    14(time 7093 - 01:58:13)(time 7494 - 02:04:54) ->    15(time 7676 - 02:07:56)(time 8105 - 02:15:05) ->    16(time 8287 - 02:18:07)(time 8287 - 02:18:07) ->    33(time 8469 - 02:21:09)(time 8898 - 02:28:18) ->    32(time 9080 - 02:31:20)(time 9481 - 02:38:01) ->    31(time 9564 - 02:39:24)(time 9958 - 02:45:58) ->    30(time 10041 - 02:47:21)(time 10484 - 02:54:44) ->    29(time 10616 - 02:56:56)(time 11009 - 03:03:29) ->    28(time 11092 - 03:04:52)(time 11545 - 03:12:25) ->    27(time 11628 - 03:13:48)(time 12080 - 03:21:20) ->    26(time 12163 - 03:22:43)(time 12552 - 03:29:12) ->    25(time 12629 - 03:30:29)(time 13073 - 03:37:53) ->    24(time 13156 - 03:39:16)(time 13571 - 03:46:11) ->    23(time 13654 - 03:47:34)(time 14118 - 03:55:18) ->    22(time 14195 - 03:56:35)(time 14587 - 04:03:07) ->    21(time 14670 - 04:04:30)(time 15088 - 04:11:28) ->    20(time 15165 - 04:12:45)(time 15586 - 04:19:46) ->    19(time 15669 - 04:21:09)(time 16122 - 04:28:42) ->    18(time 16205 - 04:30:05)(time 16623 - 04:37:03) ->    17(time 16805 - 04:40:05)(time 16805 - 04:40:05) -> 0
> Trip 1
   0(time 17086 - 04:44:46)(time 17504 - 04:51:44) ->    1(time 17587 - 04:53:07)(time 18040 - 05:00:40) ->    2(time 18123 - 05:02:03)(time 18544 - 05:09:04) ->    3(time 18621 - 05:10:21)(time 19039 - 05:17:19) ->    4(time 19122 - 05:18:42)(time 19514 - 05:25:14) ->    5(time 19597 - 05:26:37)(time 20061 - 05:34:21) ->    6(time 20144 - 05:35:44)(time 20559 - 05:42:39) ->    7(time 20642 - 05:44:02)(time 21086 - 05:51:26) ->    8(time 21163 - 05:52:43)(time 21552 - 05:59:12) ->    9(time 21635 - 06:00:35)(time 22087 - 06:08:07) ->    10(time 22170 - 06:09:30)(time 22623 - 06:17:03) ->    11(time 22706 - 06:18:26)(time 23099 - 06:24:59) ->    12(time 23182 - 06:26:22)(time 23625 - 06:33:45) ->    13(time 23708 - 06:35:08)(time 24102 - 06:41:42) ->    14(time 24185 - 06:43:05)(time 24586 - 06:49:46) ->    15(time 24768 - 06:52:48)(time 25197 - 06:59:57) ->    16(time 25379 - 07:02:59)(time 25379 - 07:02:59) ->    33(time 25379 - 07:02:59)(time 25808 - 07:10:08) ->    32(time 25990 - 07:13:10)(time 26391 - 07:19:51) ->    31(time 26474 - 07:21:14)(time 26868 - 07:27:48) ->    30(time 26951 - 07:29:11)(time 27394 - 07:36:34) ->    29(time 27477 - 07:37:57)(time 27870 - 07:44:30) ->    28(time 28003 - 07:46:43)(time 28456 - 07:54:16) ->    27(time 28539 - 07:55:39)(time 28991 - 08:03:11) ->    26(time 29074 - 08:04:34)(time 29463 - 08:11:03) ->    25(time 29540 - 08:12:20)(time 29984 - 08:19:44) ->    24(time 30067 - 08:21:07)(time 30482 - 08:28:02) ->    23(time 30565 - 08:29:25)(time 31029 - 08:37:09) ->    22(time 31106 - 08:38:26)(time 31498 - 08:44:58) ->    21(time 31581 - 08:46:21)(time 31999 - 08:53:19) ->    20(time 32076 - 08:54:36)(time 32497 - 09:01:37) ->    19(time 32580 - 09:03:00)(time 33033 - 09:10:33) ->    18(time 33364 - 09:16:04)(time 33782 - 09:23:02) ->    17(time 33964 - 09:26:04)(time 33964 - 09:26:04) -> 0
=============
Train 2
=============
> Trip 0
   0(time 5462 - 01:31:02)(time 5880 - 01:38:00) ->    1(time 5963 - 01:39:23)(time 6416 - 01:46:56) ->    2(time 6499 - 01:48:19)(time 6920 - 01:55:20) ->    3(time 6997 - 01:56:37)(time 7415 - 02:03:35) ->    4(time 7498 - 02:04:58)(time 7890 - 02:11:30) ->    5(time 7967 - 02:12:47)(time 8431 - 02:20:31) ->    6(time 8514 - 02:21:54)(time 8929 - 02:28:49) ->    7(time 9012 - 02:30:12)(time 9456 - 02:37:36) ->    8(time 9533 - 02:38:53)(time 9922 - 02:45:22) ->    9(time 10005 - 02:46:45)(time 10457 - 02:54:17) ->    10(time 10540 - 02:55:40)(time 10993 - 03:03:13) ->    11(time 11324 - 03:08:44)(time 11717 - 03:15:17) ->    12(time 11800 - 03:16:40)(time 12243 - 03:24:03) ->    13(time 12326 - 03:25:26)(time 12720 - 03:32:00) ->    14(time 12803 - 03:33:23)(time 13204 - 03:40:04) ->    15(time 13386 - 03:43:06)(time 13815 - 03:50:15) ->    16(time 13997 - 03:53:17)(time 13997 - 03:53:17) ->    33(time 13997 - 03:53:17)(time 14426 - 04:00:26) ->    32(time 14608 - 04:03:28)(time 15009 - 04:10:09) ->    31(time 15092 - 04:11:32)(time 15486 - 04:18:06) ->    30(time 15569 - 04:19:29)(time 16012 - 04:26:52) ->    29(time 16095 - 04:28:15)(time 16488 - 04:34:48) ->    28(time 16571 - 04:36:11)(time 17024 - 04:43:44) ->    27(time 17107 - 04:45:07)(time 17559 - 04:52:39) ->    26(time 17642 - 04:54:02)(time 18031 - 05:00:31) ->    25(time 18108 - 05:01:48)(time 18552 - 05:09:12) ->    24(time 18635 - 05:10:35)(time 19050 - 05:17:30) ->    23(time 19133 - 05:18:53)(time 19597 - 05:26:37) ->    22(time 19680 - 05:28:00)(time 20072 - 05:34:32) ->    21(time 20155 - 05:35:55)(time 20573 - 05:42:53) ->    20(time 20650 - 05:44:10)(time 21071 - 05:51:11) ->    19(time 21154 - 05:52:34)(time 21607 - 06:00:07) ->    18(time 21789 - 06:03:09)(time 22207 - 06:10:07) ->    17(time 22389 - 06:13:09)(time 22389 - 06:13:09) -> 0
> Trip 1
   0(time 22389 - 06:13:09)(time 22807 - 06:20:07) ->    1(time 22890 - 06:21:30)(time 23343 - 06:29:03) ->    2(time 23426 - 06:30:26)(time 23847 - 06:37:27) ->    3(time 23924 - 06:38:44)(time 24342 - 06:45:42) ->    4(time 24425 - 06:47:05)(time 24817 - 06:53:37) ->    5(time 24894 - 06:54:54)(time 25358 - 07:02:38) ->    6(time 25441 - 07:04:01)(time 25856 - 07:10:56) ->    7(time 25939 - 07:12:19)(time 26383 - 07:19:43) ->    8(time 26460 - 07:21:00)(time 26849 - 07:27:29) ->    9(time 26932 - 07:28:52)(time 27384 - 07:36:24) ->    10(time 27467 - 07:37:47)(time 27920 - 07:45:20) ->    11(time 28003 - 07:46:43)(time 28396 - 07:53:16) ->    12(time 28479 - 07:54:39)(time 28922 - 08:02:02) ->    13(time 29005 - 08:03:25)(time 29399 - 08:09:59) ->    14(time 29531 - 08:12:11)(time 29932 - 08:18:52) ->    15(time 30114 - 08:21:54)(time 30543 - 08:29:03) ->    16(time 30725 - 08:32:05)(time 30725 - 08:32:05) ->    33(time 30907 - 08:35:07)(time 31336 - 08:42:16) ->    32(time 31518 - 08:45:18)(time 31919 - 08:51:59) ->    31(time 32002 - 08:53:22)(time 32396 - 08:59:56) ->    30(time 32479 - 09:01:19)(time 32922 - 09:08:42) ->    29(time 33005 - 09:10:05)(time 33398 - 09:16:38) ->    28(time 33481 - 09:18:01)(time 33934 - 09:25:34) ->    27(time 34017 - 09:26:57)(time 34469 - 09:34:29) ->    26(time 34552 - 09:35:52)(time 34941 - 09:42:21) ->    25(time 35018 - 09:43:38)(time 35462 - 09:51:02) ->    24(time 35545 - 09:52:25)(time 35960 - 09:59:20) ->    23(time 36043 - 10:00:43)(time 36507 - 10:08:27) ->    22(time 36584 - 10:09:44)(time 36976 - 10:16:16) ->    21(time 37059 - 10:17:39)(time 37477 - 10:24:37) ->    20(time 37554 - 10:25:54)(time 37975 - 10:32:55) ->    19(time 38058 - 10:34:18)(time 38511 - 10:41:51) ->    18(time 38594 - 10:43:14)(time 39012 - 10:50:12) ->    17(time 39194 - 10:53:14)(time 39194 - 10:53:14) -> 0
=============
Train 3
=============
> Trip 0
   0(time 364 - 00:06:04)(time 782 - 00:13:02) ->    1(time 865 - 00:14:25)(time 1318 - 00:21:58) ->    2(time 1401 - 00:23:21)(time 1822 - 00:30:22) ->    3(time 1899 - 00:31:39)(time 2317 - 00:38:37) ->    4(time 2400 - 00:40:00)(time 2792 - 00:46:32) ->    5(time 2869 - 00:47:49)(time 3333 - 00:55:33) ->    6(time 3416 - 00:56:56)(time 3831 - 01:03:51) ->    7(time 3914 - 01:05:14)(time 4358 - 01:12:38) ->    8(time 4435 - 01:13:55)(time 4824 - 01:20:24) ->    9(time 4907 - 01:21:47)(time 5359 - 01:29:19) ->    10(time 5442 - 01:30:42)(time 5895 - 01:38:15) ->    11(time 5978 - 01:39:38)(time 6371 - 01:46:11) ->    12(time 6454 - 01:47:34)(time 6897 - 01:54:57) ->    13(time 6980 - 01:56:20)(time 7374 - 02:02:54) ->    14(time 7457 - 02:04:17)(time 7858 - 02:10:58) ->    15(time 8040 - 02:14:00)(time 8469 - 02:21:09) ->    16(time 8800 - 02:26:40)(time 8800 - 02:26:40) ->    33(time 8833 - 02:27:13)(time 9262 - 02:34:22) ->    32(time 9444 - 02:37:24)(time 9845 - 02:44:05) ->    31(time 9928 - 02:45:28)(time 10322 - 02:52:02) ->    30(time 10405 - 02:53:25)(time 10848 - 03:00:48) ->    29(time 10931 - 03:02:11)(time 11324 - 03:08:44) ->    28(time 11407 - 03:10:07)(time 11860 - 03:17:40) ->    27(time 11943 - 03:19:03)(time 12395 - 03:26:35) ->    26(time 12478 - 03:27:58)(time 12867 - 03:34:27) ->    25(time 12944 - 03:35:44)(time 13388 - 03:43:08) ->    24(time 13471 - 03:44:31)(time 13886 - 03:51:26) ->    23(time 13969 - 03:52:49)(time 14433 - 04:00:33) ->    22(time 14510 - 04:01:50)(time 14902 - 04:08:22) ->    21(time 14985 - 04:09:45)(time 15403 - 04:16:43) ->    20(time 15480 - 04:18:00)(time 15901 - 04:25:01) ->    19(time 15984 - 04:26:24)(time 16437 - 04:33:57) ->    18(time 16569 - 04:36:09)(time 16987 - 04:43:07) ->    17(time 17169 - 04:46:09)(time 17169 - 04:46:09) -> 0
> Trip 1
   0(time 17169 - 04:46:09)(time 17587 - 04:53:07) ->    1(time 17670 - 04:54:30)(time 18123 - 05:02:03) ->    2(time 18206 - 05:03:26)(time 18627 - 05:10:27) ->    3(time 18704 - 05:11:44)(time 19122 - 05:18:42) ->    4(time 19205 - 05:20:05)(time 19597 - 05:26:37) ->    5(time 19680 - 05:28:00)(time 20144 - 05:35:44) ->    6(time 20227 - 05:37:07)(time 20642 - 05:44:02) ->    7(time 20725 - 05:45:25)(time 21169 - 05:52:49) ->    8(time 21246 - 05:54:06)(time 21635 - 06:00:35) ->    9(time 21718 - 06:01:58)(time 22170 - 06:09:30) ->    10(time 22253 - 06:10:53)(time 22706 - 06:18:26) ->    11(time 22789 - 06:19:49)(time 23182 - 06:26:22) ->    12(time 23265 - 06:27:45)(time 23708 - 06:35:08) ->    13(time 23791 - 06:36:31)(time 24185 - 06:43:05) ->    14(time 24367 - 06:46:07)(time 24768 - 06:52:48) ->    15(time 24950 - 06:55:50)(time 25379 - 07:02:59) ->    16(time 25710 - 07:08:30)(time 25710 - 07:08:30) ->    33(time 26041 - 07:14:01)(time 26470 - 07:21:10) ->    32(time 26652 - 07:24:12)(time 27053 - 07:30:53) ->    31(time 27136 - 07:32:16)(time 27530 - 07:38:50) ->    30(time 27705 - 07:41:45)(time 28148 - 07:49:08) ->    29(time 28479 - 07:54:39)(time 28872 - 08:01:12) ->    28(time 28955 - 08:02:35)(time 29408 - 08:10:08) ->    27(time 29491 - 08:11:31)(time 29943 - 08:19:03) ->    26(time 30026 - 08:20:26)(time 30415 - 08:26:55) ->    25(time 30492 - 08:28:12)(time 30936 - 08:35:36) ->    24(time 31019 - 08:36:59)(time 31434 - 08:43:54) ->    23(time 31517 - 08:45:17)(time 31981 - 08:53:01) ->    22(time 32058 - 08:54:18)(time 32450 - 09:00:50) ->    21(time 32533 - 09:02:13)(time 32951 - 09:09:11) ->    20(time 33028 - 09:10:28)(time 33449 - 09:17:29) ->    19(time 33532 - 09:18:52)(time 33985 - 09:26:25) ->    18(time 34068 - 09:27:48)(time 34486 - 09:34:46) ->    17(time 34668 - 09:37:48)(time 34668 - 09:37:48) -> 0
=============
Train 4
=============
> Trip 0
   0(time 182 - 00:03:02)(time 600 - 00:10:00) ->    1(time 683 - 00:11:23)(time 1136 - 00:18:56) ->    2(time 1219 - 00:20:19)(time 1640 - 00:27:20) ->    3(time 1717 - 00:28:37)(time 2135 - 00:35:35) ->    4(time 2218 - 00:36:58)(time 2610 - 00:43:30) ->    5(time 2687 - 00:44:47)(time 3151 - 00:52:31) ->    6(time 3234 - 00:53:54)(time 3649 - 01:00:49) ->    7(time 3732 - 01:02:12)(time 4176 - 01:09:36) ->    8(time 4253 - 01:10:53)(time 4642 - 01:17:22) ->    9(time 4725 - 01:18:45)(time 5177 - 01:26:17) ->    10(time 5260 - 01:27:40)(time 5713 - 01:35:13) ->    11(time 5796 - 01:36:36)(time 6189 - 01:43:09) ->    12(time 6272 - 01:44:32)(time 6715 - 01:51:55) ->    13(time 6798 - 01:53:18)(time 7192 - 01:59:52) ->    14(time 7275 - 02:01:15)(time 7676 - 02:07:56) ->    15(time 7858 - 02:10:58)(time 8287 - 02:18:07) ->    16(time 8469 - 02:21:09)(time 8469 - 02:21:09) ->    33(time 8651 - 02:24:11)(time 9080 - 02:31:20) ->    32(time 9262 - 02:34:22)(time 9663 - 02:41:03) ->    31(time 9746 - 02:42:26)(time 10140 - 02:49:00) ->    30(time 10272 - 02:51:12)(time 10715 - 02:58:35) ->    29(time 10798 - 02:59:58)(time 11191 - 03:06:31) ->    28(time 11274 - 03:07:54)(time 11727 - 03:15:27) ->    27(time 11810 - 03:16:50)(time 12262 - 03:24:22) ->    26(time 12345 - 03:25:45)(time 12734 - 03:32:14) ->    25(time 12811 - 03:33:31)(time 13255 - 03:40:55) ->    24(time 13338 - 03:42:18)(time 13753 - 03:49:13) ->    23(time 13836 - 03:50:36)(time 14300 - 03:58:20) ->    22(time 14377 - 03:59:37)(time 14769 - 04:06:09) ->    21(time 14852 - 04:07:32)(time 15270 - 04:14:30) ->    20(time 15347 - 04:15:47)(time 15768 - 04:22:48) ->    19(time 15851 - 04:24:11)(time 16304 - 04:31:44) ->    18(time 16387 - 04:33:07)(time 16805 - 04:40:05) ->    17(time 16987 - 04:43:07)(time 16987 - 04:43:07) -> 0
> Trip 1
   0(time 22256 - 06:10:56)(time 22674 - 06:17:54) ->    1(time 22757 - 06:19:17)(time 23210 - 06:26:50) ->    2(time 23293 - 06:28:13)(time 23714 - 06:35:14) ->    3(time 23791 - 06:36:31)(time 24209 - 06:43:29) ->    4(time 24292 - 06:44:52)(time 24684 - 06:51:24) ->    5(time 24761 - 06:52:41)(time 25225 - 07:00:25) ->    6(time 25308 - 07:01:48)(time 25723 - 07:08:43) ->    7(time 25806 - 07:10:06)(time 26250 - 07:17:30) ->    8(time 26327 - 07:18:47)(time 26716 - 07:25:16) ->    9(time 26799 - 07:26:39)(time 27251 - 07:34:11) ->    10(time 27334 - 07:35:34)(time 27787 - 07:43:07) ->    11(time 27870 - 07:44:30)(time 28263 - 07:51:03) ->    12(time 28346 - 07:52:26)(time 28789 - 07:59:49) ->    13(time 28872 - 08:01:12)(time 29266 - 08:07:46) ->    14(time 29349 - 08:09:09)(time 29750 - 08:15:50) ->    15(time 29932 - 08:18:52)(time 30361 - 08:26:01) ->    16(time 30543 - 08:29:03)(time 30543 - 08:29:03) ->    33(time 30725 - 08:32:05)(time 31154 - 08:39:14) ->    32(time 31336 - 08:42:16)(time 31737 - 08:48:57) ->    31(time 31820 - 08:50:20)(time 32214 - 08:56:54) ->    30(time 32297 - 08:58:17)(time 32740 - 09:05:40) ->    29(time 32823 - 09:07:03)(time 33216 - 09:13:36) ->    28(time 33299 - 09:14:59)(time 33752 - 09:22:32) ->    27(time 33835 - 09:23:55)(time 34287 - 09:31:27) ->    26(time 34370 - 09:32:50)(time 34759 - 09:39:19) ->    25(time 34836 - 09:40:36)(time 35280 - 09:48:00) ->    24(time 35363 - 09:49:23)(time 35778 - 09:56:18) ->    23(time 35861 - 09:57:41)(time 36325 - 10:05:25) ->    22(time 36402 - 10:06:42)(time 36794 - 10:13:14) ->    21(time 36877 - 10:14:37)(time 37295 - 10:21:35) ->    20(time 37372 - 10:22:52)(time 37793 - 10:29:53) ->    19(time 37876 - 10:31:16)(time 38329 - 10:38:49) ->    18(time 38412 - 10:40:12)(time 38830 - 10:47:10) ->    17(time 39012 - 10:50:12)(time 39012 - 10:50:12) -> 0
