t5p17r6h1.txt:
   > Trying to open the instance file...
   > Reading number of trains...
   > Reading maximum number of trips per train...
   > Reading time intervals...
   > Reading number of points...
   > Reading stations...
   > Reading crossings...
   > Reading depots...
   > Reading initial point...
   > Reading routes...
   > Reading distance and distance and service...
   > Reading demands...
   > Reading maximum time...
   > Reading alpha...

--------------------------------
 Printing instance
--------------------------------
number of trains = 5
	max trips per trains: 2     2     2     2     2
number of intervals = 1
	(0,  50935)
number of points = 17
	initial point: 0
	stations: 0     1     2     4     6     7     9    10    11    12    13    14    15    16
	crossings: 0     3     5     8    11    12    15    16
	depots: 0    15    16
number of vertices = 34
	total vertices: 0     1     2     3     4     5     6     7     8     9    10    11    12    13    14    15    16    17    18    19    20    21    22    23    24    25    26    27    28    29    30    31    32    33
	upper vertices: 0     1     2     3     4     5     6     7     8     9    10    11    12    13    14    15    16
	lower vertices: 17    18    19    20    21    22    23    24    25    26    27    28    29    30    31    32    33
	vertices of point #0: (0, 17)
	vertices of point #1: (1, 18)
	vertices of point #2: (2, 19)
	vertices of point #3: (3, 20)
	vertices of point #4: (4, 21)
	vertices of point #5: (5, 22)
	vertices of point #6: (6, 23)
	vertices of point #7: (7, 24)
	vertices of point #8: (8, 25)
	vertices of point #9: (9, 26)
	vertices of point #10: (10, 27)
	vertices of point #11: (11, 28)
	vertices of point #12: (12, 29)
	vertices of point #13: (13, 30)
	vertices of point #14: (14, 31)
	vertices of point #15: (15, 32)
	vertices of point #16: (16, 33)

arcs...
	total arcs: 
		arc #0: (0, 1)
		arc #1: (0, 17)
		arc #2: (17, 0)
		arc #3: (1, 2)
		arc #4: (18, 17)
		arc #5: (2, 3)
		arc #6: (19, 18)
		arc #7: (3, 4)
		arc #8: (20, 19)
		arc #9: (4, 5)
		arc #10: (21, 20)
		arc #11: (5, 6)
		arc #12: (22, 21)
		arc #13: (6, 7)
		arc #14: (23, 22)
		arc #15: (7, 8)
		arc #16: (24, 23)
		arc #17: (8, 9)
		arc #18: (25, 24)
		arc #19: (9, 10)
		arc #20: (26, 25)
		arc #21: (10, 11)
		arc #22: (27, 26)
		arc #23: (11, 12)
		arc #24: (28, 27)
		arc #25: (12, 13)
		arc #26: (29, 28)
		arc #27: (13, 14)
		arc #28: (30, 29)
		arc #29: (14, 15)
		arc #30: (31, 30)
		arc #31: (15, 16)
		arc #32: (32, 31)
		arc #33: (15, 32)
		arc #34: (32, 15)
		arc #35: (33, 32)
		arc #36: (16, 33)
		arc #37: (33, 16)

	reverse arcs: 
		arc #1: (0, 17)
		arc #2: (17, 0)
		arc #33: (15, 32)
		arc #34: (32, 15)
		arc #36: (16, 33)
		arc #37: (33, 16)


incompatible points...
	(0, 2, 20, (2, 3))	(20, 18, 0, (18, 17))	(3, 4, 22, (4, 5))	(22, 21, 3, (21, 20))	(5, 7, 25, (7, 8))	(25, 23, 5, (23, 22))	(8, 10, 28, (10, 11))	(28, 26, 8, (26, 25))	(11, 11, 29, (11, 12))	(29, 29, 11, (29, 28))	(12, 14, 32, (14, 15))	(32, 30, 12, (30, 29))	(15, 15, 33, (15, 16))	(33, 33, 15, (33, 32))

number of routes = 6
vertices of routes...
	route #0: 0     1     2     3     4     5     6     7     8     9    10    11    12    13    14    15    16    33    32    31    30    29    28    27    26    25    24    23    22    21    20    19    18    17     0
	route #1: 33    32    31    30    29    28    27    26    25    24    23    22    21    20    19    18    17     0     1     2     3     4     5     6     7     8     9    10    11    12    13    14    15    16    33
	route #2: 15    16
	route #3: 32    31    30    29    28    27    26    25    24    23    22    21    20    19    18    17
	route #4: 0     1     2     3     4     5     6     7     8     9    10    11    12    13    14    15
	route #5: 33    32
arcs of routes...
	route #0: 0     3     5     7     9    11    13    15    17    19    21    23    25    27    29    31    36    35    32    30    28    26    24    22    20    18    16    14    12    10     8     6     4     2
	route #1: 35    32    30    28    26    24    22    20    18    16    14    12    10     8     6     4     2     0     3     5     7     9    11    13    15    17    19    21    23    25    27    29    31    36
	route #2: 31
	route #3: 32    30    28    26    24    22    20    18    16    14    12    10     8     6     4
	route #4: 0     3     5     7     9    11    13    15    17    19    21    23    25    27    29
	route #5: 35

incompatible routes...
	(0, 1)    	(0, 2)    	(0, 3)    	(0, 5)    	(1, 0)    	(1, 2)    	(1, 3)    	(1, 4)    	(2, 0)    	(2, 2)    	(2, 3)    	(2, 4)    	(3, 1)    	(3, 2)    	(3, 3)    	(3, 5)    	(4, 0)    	(4, 1)    	(4, 4)    	(4, 5)    	(5, 0)    	(5, 1)    	(5, 4)    	(5, 5)

vertices that can be adjacent in consecutive trips...
	(0, 0)    	(15, 15)    	(15, 32)    	(16, 33)    	(17, 0)    	(32, 15)    	(32, 32)    	(33, 33)
non cyclical routes: 
       2       3       4       5

routes of trip...
	routes that train #0 can complete at trip #0: 0       4
	routes that train #0 can complete at trip #1: 0       1       2       3       4       5

	routes that train #1 can complete at trip #0: 0       4
	routes that train #1 can complete at trip #1: 0       1       2       3       4       5

	routes that train #2 can complete at trip #0: 0       4
	routes that train #2 can complete at trip #1: 0       1       2       3       4       5

	routes that train #3 can complete at trip #0: 0       4
	routes that train #3 can complete at trip #1: 0       1       2       3       4       5

	routes that train #4 can complete at trip #0: 0       4
	routes that train #4 can complete at trip #1: 0       1       2       3       4       5

 cost...
	arc #0 [0][1]: 418
	arc #1 [0][17]: 0
	arc #2 [17][0]: 0
	arc #3 [1][2]: 453
	arc #4 [18][17]: 418
	arc #5 [2][3]: 421
	arc #6 [19][18]: 453
	arc #7 [3][4]: 418
	arc #8 [20][19]: 421
	arc #9 [4][5]: 392
	arc #10 [21][20]: 418
	arc #11 [5][6]: 464
	arc #12 [22][21]: 392
	arc #13 [6][7]: 415
	arc #14 [23][22]: 464
	arc #15 [7][8]: 444
	arc #16 [24][23]: 415
	arc #17 [8][9]: 389
	arc #18 [25][24]: 444
	arc #19 [9][10]: 452
	arc #20 [26][25]: 389
	arc #21 [10][11]: 453
	arc #22 [27][26]: 452
	arc #23 [11][12]: 393
	arc #24 [28][27]: 453
	arc #25 [12][13]: 443
	arc #26 [29][28]: 393
	arc #27 [13][14]: 394
	arc #28 [30][29]: 443
	arc #29 [14][15]: 401
	arc #30 [31][30]: 394
	arc #31 [15][16]: 429
	arc #32 [32][31]: 401
	arc #33 [15][32]: 0
	arc #34 [32][15]: 0
	arc #35 [33][32]: 429
	arc #36 [16][33]: 0
	arc #37 [33][16]: 0

cost with minimum service...
	arc #0 [0][1]: 501
	arc #1 [0][17]: 0
	arc #2 [17][0]: 0
	arc #3 [1][2]: 536
	arc #4 [18][17]: 600
	arc #5 [2][3]: 498
	arc #6 [19][18]: 536
	arc #7 [3][4]: 501
	arc #8 [20][19]: 504
	arc #9 [4][5]: 469
	arc #10 [21][20]: 495
	arc #11 [5][6]: 547
	arc #12 [22][21]: 475
	arc #13 [6][7]: 498
	arc #14 [23][22]: 541
	arc #15 [7][8]: 521
	arc #16 [24][23]: 498
	arc #17 [8][9]: 472
	arc #18 [25][24]: 527
	arc #19 [9][10]: 535
	arc #20 [26][25]: 466
	arc #21 [10][11]: 536
	arc #22 [27][26]: 535
	arc #23 [11][12]: 476
	arc #24 [28][27]: 536
	arc #25 [12][13]: 526
	arc #26 [29][28]: 476
	arc #27 [13][14]: 477
	arc #28 [30][29]: 526
	arc #29 [14][15]: 583
	arc #30 [31][30]: 477
	arc #31 [15][16]: 611
	arc #32 [32][31]: 484
	arc #33 [15][32]: 0
	arc #34 [32][15]: 0
	arc #35 [33][32]: 611
	arc #36 [16][33]: 0
	arc #37 [33][16]: 0

cost with maximum service...
	arc #0 [0][1]: 749
	arc #1 [0][17]: 331
	arc #2 [17][0]: 331
	arc #3 [1][2]: 784
	arc #4 [18][17]: 749
	arc #5 [2][3]: 752
	arc #6 [19][18]: 784
	arc #7 [3][4]: 749
	arc #8 [20][19]: 752
	arc #9 [4][5]: 723
	arc #10 [21][20]: 749
	arc #11 [5][6]: 795
	arc #12 [22][21]: 723
	arc #13 [6][7]: 746
	arc #14 [23][22]: 795
	arc #15 [7][8]: 775
	arc #16 [24][23]: 746
	arc #17 [8][9]: 720
	arc #18 [25][24]: 775
	arc #19 [9][10]: 783
	arc #20 [26][25]: 720
	arc #21 [10][11]: 784
	arc #22 [27][26]: 783
	arc #23 [11][12]: 724
	arc #24 [28][27]: 784
	arc #25 [12][13]: 774
	arc #26 [29][28]: 724
	arc #27 [13][14]: 725
	arc #28 [30][29]: 774
	arc #29 [14][15]: 732
	arc #30 [31][30]: 725
	arc #31 [15][16]: 760
	arc #32 [32][31]: 732
	arc #33 [15][32]: 331
	arc #34 [32][15]: 331
	arc #35 [33][32]: 760
	arc #36 [16][33]: 331
	arc #37 [33][16]: 331

demands...
	demands of vertex 0 at time interval: 6
	demands of vertex 1 at time interval: 6
	demands of vertex 2 at time interval: 6
	demands of vertex 3 at time interval: 0
	demands of vertex 4 at time interval: 6
	demands of vertex 5 at time interval: 0
	demands of vertex 6 at time interval: 6
	demands of vertex 7 at time interval: 6
	demands of vertex 8 at time interval: 0
	demands of vertex 9 at time interval: 6
	demands of vertex 10 at time interval: 6
	demands of vertex 11 at time interval: 6
	demands of vertex 12 at time interval: 6
	demands of vertex 13 at time interval: 6
	demands of vertex 14 at time interval: 6
	demands of vertex 15 at time interval: 6
	demands of vertex 16 at time interval: 0
	demands of vertex 17 at time interval: 0
	demands of vertex 18 at time interval: 6
	demands of vertex 19 at time interval: 6
	demands of vertex 20 at time interval: 0
	demands of vertex 21 at time interval: 6
	demands of vertex 22 at time interval: 0
	demands of vertex 23 at time interval: 6
	demands of vertex 24 at time interval: 6
	demands of vertex 25 at time interval: 0
	demands of vertex 26 at time interval: 6
	demands of vertex 27 at time interval: 6
	demands of vertex 28 at time interval: 6
	demands of vertex 29 at time interval: 6
	demands of vertex 30 at time interval: 6
	demands of vertex 31 at time interval: 6
	demands of vertex 32 at time interval: 6
	demands of vertex 33 at time interval: 6

maximum time = 50935
alpha = 50

Selecting set of cyclical routes...

Selecting set of initial routes...

Creating initial set of candidate combinations...
Solving candidate combinations...

Found new best - 1/1 candidate combination(s) tested! (Thread 0)

Removing trips...

Solving candidate combinations...

1/4 candidate combination(s) tested! (Thread 0)
2/4 candidate combination(s) tested! (Thread 0)
3/4 candidate combination(s) tested! (Thread 0)
4/4 candidate combination(s) tested! (Thread 0)

Relaxing trips, so the model can make changes...

>> Printing some results...
    -> Solution value = 23034 - 06:23:54
    -> Total time = 2425.76

=============
Train 0
=============
> Trip 0
   0(time 0 - 00:00:00)(time 418 - 00:06:58) ->    1(time 501 - 00:08:21)(time 954 - 00:15:54) ->    2(time 1037 - 00:17:17)(time 1458 - 00:24:18) ->    3(time 1535 - 00:25:35)(time 1953 - 00:32:33) ->    4(time 2036 - 00:33:56)(time 2428 - 00:40:28) ->    5(time 2505 - 00:41:45)(time 2969 - 00:49:29) ->    6(time 3052 - 00:50:52)(time 3467 - 00:57:47) ->    7(time 3550 - 00:59:10)(time 3994 - 01:06:34) ->    8(time 4071 - 01:07:51)(time 4460 - 01:14:20) ->    9(time 4543 - 01:15:43)(time 4995 - 01:23:15) ->    10(time 5078 - 01:24:38)(time 5531 - 01:32:11) ->    11(time 5614 - 01:33:34)(time 6007 - 01:40:07) ->    12(time 6090 - 01:41:30)(time 6533 - 01:48:53) ->    13(time 6616 - 01:50:16)(time 7010 - 01:56:50) ->    14(time 7093 - 01:58:13)(time 7494 - 02:04:54) ->    15(time 7676 - 02:07:56)(time 8105 - 02:15:05) ->    16(time 8287 - 02:18:07)(time 8287 - 02:18:07) ->    33(time 8287 - 02:18:07)(time 8716 - 02:25:16) ->    32(time 8898 - 02:28:18)(time 9299 - 02:34:59) ->    31(time 9382 - 02:36:22)(time 9776 - 02:42:56) ->    30(time 9859 - 02:44:19)(time 10302 - 02:51:42) ->    29(time 10385 - 02:53:05)(time 10778 - 02:59:38) ->    28(time 10861 - 03:01:01)(time 11314 - 03:08:34) ->    27(time 11397 - 03:09:57)(time 11849 - 03:17:29) ->    26(time 11932 - 03:18:52)(time 12321 - 03:25:21) ->    25(time 12398 - 03:26:38)(time 12842 - 03:34:02) ->    24(time 12925 - 03:35:25)(time 13340 - 03:42:20) ->    23(time 13423 - 03:43:43)(time 13887 - 03:51:27) ->    22(time 13964 - 03:52:44)(time 14356 - 03:59:16) ->    21(time 14439 - 04:00:39)(time 14857 - 04:07:37) ->    20(time 14934 - 04:08:54)(time 15355 - 04:15:55) ->    19(time 15438 - 04:17:18)(time 15891 - 04:24:51) ->    18(time 15974 - 04:26:14)(time 16392 - 04:33:12) ->    17(time 16574 - 04:36:14)(time 16574 - 04:36:14) -> 0
> Trip 1
   0(time 16574 - 04:36:14)(time 16992 - 04:43:12) ->    1(time 17075 - 04:44:35)(time 17528 - 04:52:08) ->    2(time 17611 - 04:53:31)(time 18032 - 05:00:32) ->    3(time 18363 - 05:06:03)(time 18781 - 05:13:01) ->    4(time 19034 - 05:17:14)(time 19426 - 05:23:46) ->    5(time 19503 - 05:25:03)(time 19967 - 05:32:47) ->    6(time 20050 - 05:34:10)(time 20465 - 05:41:05) ->    7(time 20548 - 05:42:28)(time 20992 - 05:49:52) ->    8(time 21069 - 05:51:09)(time 21458 - 05:57:38) ->    9(time 21541 - 05:59:01)(time 21993 - 06:06:33) ->    10(time 22076 - 06:07:56)(time 22529 - 06:15:29) ->    11(time 22612 - 06:16:52)(time 23005 - 06:23:25) ->    12(time 23088 - 06:24:48)(time 23531 - 06:32:11) ->    13(time 23614 - 06:33:34)(time 24008 - 06:40:08) ->    14(time 24091 - 06:41:31)(time 24492 - 06:48:12) ->    15(time 24674 - 06:51:14)(time 25103 - 06:58:23) ->    16(time 25375 - 07:02:55)(time 25375 - 07:02:55) ->    33(time 25375 - 07:02:55)(time 25804 - 07:10:04) ->    32(time 25986 - 07:13:06)(time 26387 - 07:19:47) ->    31(time 26470 - 07:21:10)(time 26864 - 07:27:44) ->    30(time 26947 - 07:29:07)(time 27390 - 07:36:30) ->    29(time 27660 - 07:41:00)(time 28053 - 07:47:33) ->    28(time 28384 - 07:53:04)(time 28837 - 08:00:37) ->    27(time 28920 - 08:02:00)(time 29372 - 08:09:32) ->    26(time 29455 - 08:10:55)(time 29844 - 08:17:24) ->    25(time 29921 - 08:18:41)(time 30365 - 08:26:05) ->    24(time 30448 - 08:27:28)(time 30863 - 08:34:23) ->    23(time 30946 - 08:35:46)(time 31410 - 08:43:30) ->    22(time 31487 - 08:44:47)(time 31879 - 08:51:19) ->    21(time 31962 - 08:52:42)(time 32380 - 08:59:40) ->    20(time 32457 - 09:00:57)(time 32878 - 09:07:58) ->    19(time 32961 - 09:09:21)(time 33414 - 09:16:54) ->    18(time 33497 - 09:18:17)(time 33915 - 09:25:15) ->    17(time 34097 - 09:28:17)(time 34097 - 09:28:17) -> 0
=============
Train 1
=============
> Trip 0
   0(time 472 - 00:07:52)(time 890 - 00:14:50) ->    1(time 973 - 00:16:13)(time 1426 - 00:23:46) ->    2(time 1509 - 00:25:09)(time 1930 - 00:32:10) ->    3(time 2007 - 00:33:27)(time 2425 - 00:40:25) ->    4(time 2756 - 00:45:56)(time 3148 - 00:52:28) ->    5(time 3479 - 00:57:59)(time 3943 - 01:05:43) ->    6(time 4026 - 01:07:06)(time 4441 - 01:14:01) ->    7(time 4772 - 01:19:32)(time 5216 - 01:26:56) ->    8(time 5293 - 01:28:13)(time 5682 - 01:34:42) ->    9(time 5765 - 01:36:05)(time 6217 - 01:43:37) ->    10(time 6300 - 01:45:00)(time 6753 - 01:52:33) ->    11(time 6836 - 01:53:56)(time 7229 - 02:00:29) ->    12(time 7312 - 02:01:52)(time 7755 - 02:09:15) ->    13(time 7838 - 02:10:38)(time 8232 - 02:17:12) ->    14(time 8315 - 02:18:35)(time 8716 - 02:25:16) ->    15(time 8898 - 02:28:18)(time 9327 - 02:35:27) ->    16(time 9509 - 02:38:29)(time 9509 - 02:38:29) ->    33(time 9509 - 02:38:29)(time 9938 - 02:45:38) ->    32(time 10120 - 02:48:40)(time 10521 - 02:55:21) ->    31(time 10604 - 02:56:44)(time 10998 - 03:03:18) ->    30(time 11081 - 03:04:41)(time 11524 - 03:12:04) ->    29(time 11607 - 03:13:27)(time 12000 - 03:20:00) ->    28(time 12205 - 03:23:25)(time 12658 - 03:30:58) ->    27(time 12741 - 03:32:21)(time 13193 - 03:39:53) ->    26(time 13524 - 03:45:24)(time 13913 - 03:51:53) ->    25(time 14244 - 03:57:24)(time 14688 - 04:04:48) ->    24(time 15019 - 04:10:19)(time 15434 - 04:17:14) ->    23(time 15765 - 04:22:45)(time 16229 - 04:30:29) ->    22(time 16560 - 04:36:00)(time 16952 - 04:42:32) ->    21(time 17283 - 04:48:03)(time 17701 - 04:55:01) ->    20(time 18032 - 05:00:32)(time 18453 - 05:07:33) ->    19(time 18536 - 05:08:56)(time 18989 - 05:16:29) ->    18(time 19072 - 05:17:52)(time 19490 - 05:24:50) ->    17(time 19672 - 05:27:52)(time 19672 - 05:27:52) -> 0
> Trip 1
   0(time 19755 - 05:29:15)(time 20173 - 05:36:13) ->    1(time 20256 - 05:37:36)(time 20709 - 05:45:09) ->    2(time 20792 - 05:46:32)(time 21213 - 05:53:33) ->    3(time 21544 - 05:59:04)(time 21962 - 06:06:02) ->    4(time 22293 - 06:11:33)(time 22685 - 06:18:05) ->    5(time 23016 - 06:23:36)(time 23480 - 06:31:20) ->    6(time 23811 - 06:36:51)(time 24226 - 06:43:46) ->    7(time 24557 - 06:49:17)(time 25001 - 06:56:41) ->    8(time 25332 - 07:02:12)(time 25721 - 07:08:41) ->    9(time 26052 - 07:14:12)(time 26504 - 07:21:44) ->    10(time 26731 - 07:25:31)(time 27184 - 07:33:04) ->    11(time 27267 - 07:34:27)(time 27660 - 07:41:00) ->    12(time 27785 - 07:43:05)(time 28228 - 07:50:28) ->    13(time 28559 - 07:55:59)(time 28953 - 08:02:33) ->    14(time 29284 - 08:08:04)(time 29685 - 08:14:45) ->    15(time 30016 - 08:20:16)(time 30445 - 08:27:25) ->    16(time 30627 - 08:30:27)(time 30627 - 08:30:27) ->    33(time 30958 - 08:35:58)(time 31387 - 08:43:07) ->    32(time 31569 - 08:46:09)(time 31970 - 08:52:50) ->    31(time 32053 - 08:54:13)(time 32447 - 09:00:47) ->    30(time 32530 - 09:02:10)(time 32973 - 09:09:33) ->    29(time 33056 - 09:10:56)(time 33449 - 09:17:29) ->    28(time 33532 - 09:18:52)(time 33985 - 09:26:25) ->    27(time 34068 - 09:27:48)(time 34520 - 09:35:20) ->    26(time 34603 - 09:36:43)(time 34992 - 09:43:12) ->    25(time 35069 - 09:44:29)(time 35513 - 09:51:53) ->    24(time 35596 - 09:53:16)(time 36011 - 10:00:11) ->    23(time 36094 - 10:01:34)(time 36558 - 10:09:18) ->    22(time 36635 - 10:10:35)(time 37027 - 10:17:07) ->    21(time 37110 - 10:18:30)(time 37528 - 10:25:28) ->    20(time 37605 - 10:26:45)(time 38026 - 10:33:46) ->    19(time 38109 - 10:35:09)(time 38562 - 10:42:42) ->    18(time 38645 - 10:44:05)(time 39063 - 10:51:03) ->    17(time 39245 - 10:54:05)(time 39245 - 10:54:05) -> 0
=============
Train 2
=============
> Trip 0
   0(time 83 - 00:01:23)(time 501 - 00:08:21) ->    1(time 584 - 00:09:44)(time 1037 - 00:17:17) ->    2(time 1120 - 00:18:40)(time 1541 - 00:25:41) ->    3(time 1618 - 00:26:58)(time 2036 - 00:33:56) ->    4(time 2119 - 00:35:19)(time 2511 - 00:41:51) ->    5(time 2588 - 00:43:08)(time 3052 - 00:50:52) ->    6(time 3135 - 00:52:15)(time 3550 - 00:59:10) ->    7(time 3732 - 01:02:12)(time 4176 - 01:09:36) ->    8(time 4253 - 01:10:53)(time 4642 - 01:17:22) ->    9(time 4725 - 01:18:45)(time 5177 - 01:26:17) ->    10(time 5260 - 01:27:40)(time 5713 - 01:35:13) ->    11(time 5796 - 01:36:36)(time 6189 - 01:43:09) ->    12(time 6272 - 01:44:32)(time 6715 - 01:51:55) ->    13(time 6798 - 01:53:18)(time 7192 - 01:59:52) ->    14(time 7275 - 02:01:15)(time 7676 - 02:07:56) ->    15(time 7858 - 02:10:58)(time 8287 - 02:18:07) ->    16(time 8469 - 02:21:09)(time 8469 - 02:21:09) ->    33(time 8469 - 02:21:09)(time 8898 - 02:28:18) ->    32(time 9080 - 02:31:20)(time 9481 - 02:38:01) ->    31(time 9564 - 02:39:24)(time 9958 - 02:45:58) ->    30(time 10041 - 02:47:21)(time 10484 - 02:54:44) ->    29(time 10567 - 02:56:07)(time 10960 - 03:02:40) ->    28(time 11043 - 03:04:03)(time 11496 - 03:11:36) ->    27(time 11579 - 03:12:59)(time 12031 - 03:20:31) ->    26(time 12114 - 03:21:54)(time 12503 - 03:28:23) ->    25(time 12580 - 03:29:40)(time 13024 - 03:37:04) ->    24(time 13107 - 03:38:27)(time 13522 - 03:45:22) ->    23(time 13605 - 03:46:45)(time 14069 - 03:54:29) ->    22(time 14146 - 03:55:46)(time 14538 - 04:02:18) ->    21(time 14621 - 04:03:41)(time 15039 - 04:10:39) ->    20(time 15116 - 04:11:56)(time 15537 - 04:18:57) ->    19(time 15620 - 04:20:20)(time 16073 - 04:27:53) ->    18(time 16156 - 04:29:16)(time 16574 - 04:36:14) ->    17(time 16756 - 04:39:16)(time 16756 - 04:39:16) -> 0
> Trip 1
   0(time 19672 - 05:27:52)(time 20090 - 05:34:50) ->    1(time 20173 - 05:36:13)(time 20626 - 05:43:46) ->    2(time 20709 - 05:45:09)(time 21130 - 05:52:10) ->    3(time 21213 - 05:53:33)(time 21631 - 06:00:31) ->    4(time 21714 - 06:01:54)(time 22106 - 06:08:26) ->    5(time 22183 - 06:09:43)(time 22647 - 06:17:27) ->    6(time 22858 - 06:20:58)(time 23273 - 06:27:53) ->    7(time 23604 - 06:33:24)(time 24048 - 06:40:48) ->    8(time 24379 - 06:46:19)(time 24768 - 06:52:48) ->    9(time 25099 - 06:58:19)(time 25551 - 07:05:51) ->    10(time 25882 - 07:11:22)(time 26335 - 07:18:55) ->    11(time 26666 - 07:24:26)(time 27059 - 07:30:59) ->    12(time 27390 - 07:36:30)(time 27833 - 07:43:53) ->    13(time 27916 - 07:45:16)(time 28310 - 07:51:50) ->    14(time 28393 - 07:53:13)(time 28794 - 07:59:54) ->    15(time 28976 - 08:02:56)(time 29405 - 08:10:05) ->    16(time 29587 - 08:13:07)(time 29587 - 08:13:07) ->    33(time 29587 - 08:13:07)(time 30016 - 08:20:16) ->    32(time 30347 - 08:25:47)(time 30748 - 08:32:28) ->    31(time 30831 - 08:33:51)(time 31225 - 08:40:25) ->    30(time 31308 - 08:41:48)(time 31751 - 08:49:11) ->    29(time 31834 - 08:50:34)(time 32227 - 08:57:07) ->    28(time 32310 - 08:58:30)(time 32763 - 09:06:03) ->    27(time 32846 - 09:07:26)(time 33298 - 09:14:58) ->    26(time 33381 - 09:16:21)(time 33770 - 09:22:50) ->    25(time 33847 - 09:24:07)(time 34291 - 09:31:31) ->    24(time 34374 - 09:32:54)(time 34789 - 09:39:49) ->    23(time 34872 - 09:41:12)(time 35336 - 09:48:56) ->    22(time 35413 - 09:50:13)(time 35805 - 09:56:45) ->    21(time 35888 - 09:58:08)(time 36306 - 10:05:06) ->    20(time 36383 - 10:06:23)(time 36804 - 10:13:24) ->    19(time 36887 - 10:14:47)(time 37340 - 10:22:20) ->    18(time 37671 - 10:27:51)(time 38089 - 10:34:49) ->    17(time 38271 - 10:37:51)(time 38271 - 10:37:51) -> 0
=============
Train 3
=============
> Trip 0
   0(time 5330 - 01:28:50)(time 5748 - 01:35:48) ->    1(time 5831 - 01:37:11)(time 6284 - 01:44:44) ->    2(time 6367 - 01:46:07)(time 6788 - 01:53:08) ->    3(time 6865 - 01:54:25)(time 7283 - 02:01:23) ->    4(time 7366 - 02:02:46)(time 7758 - 02:09:18) ->    5(time 7835 - 02:10:35)(time 8299 - 02:18:19) ->    6(time 8382 - 02:19:42)(time 8797 - 02:26:37) ->    7(time 8880 - 02:28:00)(time 9324 - 02:35:24) ->    8(time 9401 - 02:36:41)(time 9790 - 02:43:10) ->    9(time 9873 - 02:44:33)(time 10325 - 02:52:05) ->    10(time 10408 - 02:53:28)(time 10861 - 03:01:01) ->    11(time 11192 - 03:06:32)(time 11585 - 03:13:05) ->    12(time 11706 - 03:15:06)(time 12149 - 03:22:29) ->    13(time 12232 - 03:23:52)(time 12626 - 03:30:26) ->    14(time 12709 - 03:31:49)(time 13110 - 03:38:30) ->    15(time 13292 - 03:41:32)(time 13721 - 03:48:41) ->    16(time 13903 - 03:51:43)(time 13903 - 03:51:43) ->    33(time 13903 - 03:51:43)(time 14332 - 03:58:52) ->    32(time 14514 - 04:01:54)(time 14915 - 04:08:35) ->    31(time 14998 - 04:09:58)(time 15392 - 04:16:32) ->    30(time 15475 - 04:17:55)(time 15918 - 04:25:18) ->    29(time 16001 - 04:26:41)(time 16394 - 04:33:14) ->    28(time 16477 - 04:34:37)(time 16930 - 04:42:10) ->    27(time 17013 - 04:43:33)(time 17465 - 04:51:05) ->    26(time 17548 - 04:52:28)(time 17937 - 04:58:57) ->    25(time 18014 - 05:00:14)(time 18458 - 05:07:38) ->    24(time 18541 - 05:09:01)(time 18956 - 05:15:56) ->    23(time 19039 - 05:17:19)(time 19503 - 05:25:03) ->    22(time 19834 - 05:30:34)(time 20226 - 05:37:06) ->    21(time 20557 - 05:42:37)(time 20975 - 05:49:35) ->    20(time 21213 - 05:53:33)(time 21634 - 06:00:34) ->    19(time 21717 - 06:01:57)(time 22170 - 06:09:30) ->    18(time 22253 - 06:10:53)(time 22671 - 06:17:51) ->    17(time 22853 - 06:20:53)(time 22853 - 06:20:53) -> 0
> Trip 1
   0(time 22853 - 06:20:53)(time 23271 - 06:27:51) ->    1(time 23354 - 06:29:14)(time 23807 - 06:36:47) ->    2(time 23890 - 06:38:10)(time 24311 - 06:45:11) ->    3(time 24388 - 06:46:28)(time 24806 - 06:53:26) ->    4(time 24889 - 06:54:49)(time 25281 - 07:01:21) ->    5(time 25358 - 07:02:38)(time 25822 - 07:10:22) ->    6(time 25905 - 07:11:45)(time 26320 - 07:18:40) ->    7(time 26403 - 07:20:03)(time 26847 - 07:27:27) ->    8(time 26924 - 07:28:44)(time 27313 - 07:35:13) ->    9(time 27396 - 07:36:36)(time 27848 - 07:44:08) ->    10(time 27931 - 07:45:31)(time 28384 - 07:53:04) ->    11(time 28467 - 07:54:27)(time 28860 - 08:01:00) ->    12(time 28943 - 08:02:23)(time 29386 - 08:09:46) ->    13(time 29469 - 08:11:09)(time 29863 - 08:17:43) ->    14(time 29946 - 08:19:06)(time 30347 - 08:25:47) ->    15(time 30529 - 08:28:49)(time 30958 - 08:35:58) ->    16(time 31140 - 08:39:00)(time 31140 - 08:39:00) ->    33(time 31322 - 08:42:02)(time 31751 - 08:49:11) ->    32(time 31933 - 08:52:13)(time 32334 - 08:58:54) ->    31(time 32417 - 09:00:17)(time 32811 - 09:06:51) ->    30(time 32894 - 09:08:14)(time 33337 - 09:15:37) ->    29(time 33420 - 09:17:00)(time 33813 - 09:23:33) ->    28(time 33896 - 09:24:56)(time 34349 - 09:32:29) ->    27(time 34432 - 09:33:52)(time 34884 - 09:41:24) ->    26(time 34967 - 09:42:47)(time 35356 - 09:49:16) ->    25(time 35433 - 09:50:33)(time 35877 - 09:57:57) ->    24(time 35960 - 09:59:20)(time 36375 - 10:06:15) ->    23(time 36458 - 10:07:38)(time 36922 - 10:15:22) ->    22(time 36999 - 10:16:39)(time 37391 - 10:23:11) ->    21(time 37474 - 10:24:34)(time 37892 - 10:31:32) ->    20(time 37969 - 10:32:49)(time 38390 - 10:39:50) ->    19(time 38473 - 10:41:13)(time 38926 - 10:48:46) ->    18(time 39009 - 10:50:09)(time 39427 - 10:57:07) ->    17(time 39609 - 11:00:09)(time 39609 - 11:00:09) -> 0
=============
Train 4
=============
> Trip 0
   0(time 1404 - 00:23:24)(time 1822 - 00:30:22) ->    1(time 1905 - 00:31:45)(time 2358 - 00:39:18) ->    2(time 2441 - 00:40:41)(time 2862 - 00:47:42) ->    3(time 2939 - 00:48:59)(time 3357 - 00:55:57) ->    4(time 3440 - 00:57:20)(time 3832 - 01:03:52) ->    5(time 3909 - 01:05:09)(time 4373 - 01:12:53) ->    6(time 4456 - 01:14:16)(time 4871 - 01:21:11) ->    7(time 4954 - 01:22:34)(time 5398 - 01:29:58) ->    8(time 5475 - 01:31:15)(time 5864 - 01:37:44) ->    9(time 5947 - 01:39:07)(time 6399 - 01:46:39) ->    10(time 6482 - 01:48:02)(time 6935 - 01:55:35) ->    11(time 7018 - 01:56:58)(time 7411 - 02:03:31) ->    12(time 7494 - 02:04:54)(time 7937 - 02:12:17) ->    13(time 8020 - 02:13:40)(time 8414 - 02:20:14) ->    14(time 8497 - 02:21:37)(time 8898 - 02:28:18) ->    15(time 9080 - 02:31:20)(time 9509 - 02:38:29) ->    16(time 9691 - 02:41:31)(time 9691 - 02:41:31) ->    33(time 9691 - 02:41:31)(time 10120 - 02:48:40) ->    32(time 10302 - 02:51:42)(time 10703 - 02:58:23) ->    31(time 10786 - 02:59:46)(time 11180 - 03:06:20) ->    30(time 11263 - 03:07:43)(time 11706 - 03:15:06) ->    29(time 12037 - 03:20:37)(time 12430 - 03:27:10) ->    28(time 12761 - 03:32:41)(time 13214 - 03:40:14) ->    27(time 13545 - 03:45:45)(time 13997 - 03:53:17) ->    26(time 14080 - 03:54:40)(time 14469 - 04:01:09) ->    25(time 14581 - 04:03:01)(time 15025 - 04:10:25) ->    24(time 15356 - 04:15:56)(time 15771 - 04:22:51) ->    23(time 16102 - 04:28:22)(time 16566 - 04:36:06) ->    22(time 16897 - 04:41:37)(time 17289 - 04:48:09) ->    21(time 17620 - 04:53:40)(time 18038 - 05:00:38) ->    20(time 18115 - 05:01:55)(time 18536 - 05:08:56) ->    19(time 18619 - 05:10:19)(time 19072 - 05:17:52) ->    18(time 19254 - 05:20:54)(time 19672 - 05:27:52) ->    17(time 20003 - 05:33:23)(time 20003 - 05:33:23) -> 0
> Trip 1
   0(time 22671 - 06:17:51)(time 23089 - 06:24:49) ->    1(time 23172 - 06:26:12)(time 23625 - 06:33:45) ->    2(time 23708 - 06:35:08)(time 24129 - 06:42:09) ->    3(time 24206 - 06:43:26)(time 24624 - 06:50:24) ->    4(time 24707 - 06:51:47)(time 25099 - 06:58:19) ->    5(time 25176 - 06:59:36)(time 25640 - 07:07:20) ->    6(time 25723 - 07:08:43)(time 26138 - 07:15:38) ->    7(time 26221 - 07:17:01)(time 26665 - 07:24:25) ->    8(time 26742 - 07:25:42)(time 27131 - 07:32:11) ->    9(time 27214 - 07:33:34)(time 27666 - 07:41:06) ->    10(time 27749 - 07:42:29)(time 28202 - 07:50:02) ->    11(time 28285 - 07:51:25)(time 28678 - 07:57:58) ->    12(time 28761 - 07:59:21)(time 29204 - 08:06:44) ->    13(time 29287 - 08:08:07)(time 29681 - 08:14:41) ->    14(time 29764 - 08:16:04)(time 30165 - 08:22:45) ->    15(time 30347 - 08:25:47)(time 30776 - 08:32:56) ->    16(time 30958 - 08:35:58)(time 30958 - 08:35:58) ->    33(time 31140 - 08:39:00)(time 31569 - 08:46:09) ->    32(time 31751 - 08:49:11)(time 32152 - 08:55:52) ->    31(time 32235 - 08:57:15)(time 32629 - 09:03:49) ->    30(time 32712 - 09:05:12)(time 33155 - 09:12:35) ->    29(time 33238 - 09:13:58)(time 33631 - 09:20:31) ->    28(time 33714 - 09:21:54)(time 34167 - 09:29:27) ->    27(time 34250 - 09:30:50)(time 34702 - 09:38:22) ->    26(time 34785 - 09:39:45)(time 35174 - 09:46:14) ->    25(time 35251 - 09:47:31)(time 35695 - 09:54:55) ->    24(time 35778 - 09:56:18)(time 36193 - 10:03:13) ->    23(time 36276 - 10:04:36)(time 36740 - 10:12:20) ->    22(time 36817 - 10:13:37)(time 37209 - 10:20:09) ->    21(time 37292 - 10:21:32)(time 37710 - 10:28:30) ->    20(time 37787 - 10:29:47)(time 38208 - 10:36:48) ->    19(time 38291 - 10:38:11)(time 38744 - 10:45:44) ->    18(time 38827 - 10:47:07)(time 39245 - 10:54:05) ->    17(time 39427 - 10:57:07)(time 39427 - 10:57:07) -> 0
