t5p12r2h2.txt:
   > Trying to open the instance file...
   > Reading number of trains...
   > Reading maximum number of trips per train...
   > Reading time intervals...
   > Reading number of points...
   > Reading stations...
   > Reading crossings...
   > Reading depots...
   > Reading initial point...
   > Reading routes...
   > Reading distance and distance and service...
   > Reading demands...
   > Reading maximum time...
   > Reading alpha...

--------------------------------
 Printing instance
--------------------------------
number of trains = 5
	max trips per trains: 3     3     3     3     3
number of intervals = 2
	(0,  20867)	(20868,  41735)
number of points = 12
	initial point: 0
	stations: 0     2     3     5     6     7     8    10    11
	crossings: 0     1     2     4     5     9    11
	depots: 0    11
number of vertices = 24
	total vertices: 0     1     2     3     4     5     6     7     8     9    10    11    12    13    14    15    16    17    18    19    20    21    22    23
	upper vertices: 0     1     2     3     4     5     6     7     8     9    10    11
	lower vertices: 12    13    14    15    16    17    18    19    20    21    22    23
	vertices of point #0: (0, 12)
	vertices of point #1: (1, 13)
	vertices of point #2: (2, 14)
	vertices of point #3: (3, 15)
	vertices of point #4: (4, 16)
	vertices of point #5: (5, 17)
	vertices of point #6: (6, 18)
	vertices of point #7: (7, 19)
	vertices of point #8: (8, 20)
	vertices of point #9: (9, 21)
	vertices of point #10: (10, 22)
	vertices of point #11: (11, 23)

arcs...
	total arcs: 
		arc #0: (0, 1)
		arc #1: (0, 12)
		arc #2: (12, 0)
		arc #3: (1, 2)
		arc #4: (13, 12)
		arc #5: (2, 3)
		arc #6: (14, 13)
		arc #7: (3, 4)
		arc #8: (15, 14)
		arc #9: (4, 5)
		arc #10: (16, 15)
		arc #11: (5, 6)
		arc #12: (17, 16)
		arc #13: (6, 7)
		arc #14: (18, 17)
		arc #15: (7, 8)
		arc #16: (19, 18)
		arc #17: (8, 9)
		arc #18: (20, 19)
		arc #19: (9, 10)
		arc #20: (21, 20)
		arc #21: (10, 11)
		arc #22: (22, 21)
		arc #23: (23, 22)
		arc #24: (11, 23)
		arc #25: (23, 11)

	reverse arcs: 
		arc #1: (0, 12)
		arc #2: (12, 0)
		arc #24: (11, 23)
		arc #25: (23, 11)


incompatible points...
	(0, 0, 13, (0, 1))	(13, 13, 0, (13, 12))	(1, 1, 14, (1, 2))	(14, 14, 1, (14, 13))	(2, 3, 16, (3, 4))	(16, 15, 2, (15, 14))	(4, 4, 17, (4, 5))	(17, 17, 4, (17, 16))	(5, 8, 21, (8, 9))	(21, 18, 5, (18, 17))	(9, 10, 23, (10, 11))	(23, 22, 9, (22, 21))

number of routes = 2
vertices of routes...
	route #0: 0     1     2     3     4     5     6     7     8     9    10    11    23    22    21    20    19    18    17    16    15    14    13    12     0
	route #1: 23    22    21    20    19    18    17    16    15    14    13    12     0     1     2     3     4     5     6     7     8     9    10    11    23
arcs of routes...
	route #0: 0     3     5     7     9    11    13    15    17    19    21    24    23    22    20    18    16    14    12    10     8     6     4     2
	route #1: 23    22    20    18    16    14    12    10     8     6     4     2     0     3     5     7     9    11    13    15    17    19    21    24

incompatible routes...
	(0, 1)    	(1, 0)

vertices that can be adjacent in consecutive trips...
	(0, 0)    	(23, 23)
non cyclical routes: 


routes of trip...
	routes that train #0 can complete at trip #0: 0
	routes that train #0 can complete at trip #1: 0       1
	routes that train #0 can complete at trip #2: 0       1

	routes that train #1 can complete at trip #0: 0
	routes that train #1 can complete at trip #1: 0       1
	routes that train #1 can complete at trip #2: 0       1

	routes that train #2 can complete at trip #0: 0
	routes that train #2 can complete at trip #1: 0       1
	routes that train #2 can complete at trip #2: 0       1

	routes that train #3 can complete at trip #0: 0
	routes that train #3 can complete at trip #1: 0       1
	routes that train #3 can complete at trip #2: 0       1

	routes that train #4 can complete at trip #0: 0
	routes that train #4 can complete at trip #1: 0       1
	routes that train #4 can complete at trip #2: 0       1

 cost...
	arc #0 [0][1]: 252
	arc #1 [0][12]: 0
	arc #2 [12][0]: 0
	arc #3 [1][2]: 271
	arc #4 [13][12]: 252
	arc #5 [2][3]: 262
	arc #6 [14][13]: 271
	arc #7 [3][4]: 258
	arc #8 [15][14]: 262
	arc #9 [4][5]: 246
	arc #10 [16][15]: 258
	arc #11 [5][6]: 265
	arc #12 [17][16]: 246
	arc #13 [6][7]: 254
	arc #14 [18][17]: 265
	arc #15 [7][8]: 271
	arc #16 [19][18]: 254
	arc #17 [8][9]: 233
	arc #18 [20][19]: 271
	arc #19 [9][10]: 245
	arc #20 [21][20]: 233
	arc #21 [10][11]: 234
	arc #22 [22][21]: 245
	arc #23 [23][22]: 234
	arc #24 [11][23]: 0
	arc #25 [23][11]: 0

cost with minimum service...
	arc #0 [0][1]: 316
	arc #1 [0][12]: 0
	arc #2 [12][0]: 0
	arc #3 [1][2]: 388
	arc #4 [13][12]: 523
	arc #5 [2][3]: 379
	arc #6 [14][13]: 335
	arc #7 [3][4]: 322
	arc #8 [15][14]: 379
	arc #9 [4][5]: 363
	arc #10 [16][15]: 375
	arc #11 [5][6]: 382
	arc #12 [17][16]: 310
	arc #13 [6][7]: 371
	arc #14 [18][17]: 382
	arc #15 [7][8]: 388
	arc #16 [19][18]: 371
	arc #17 [8][9]: 297
	arc #18 [20][19]: 388
	arc #19 [9][10]: 362
	arc #20 [21][20]: 350
	arc #21 [10][11]: 505
	arc #22 [22][21]: 309
	arc #23 [23][22]: 351
	arc #24 [11][23]: 0
	arc #25 [23][11]: 0

cost with maximum service...
	arc #0 [0][1]: 583
	arc #1 [0][12]: 331
	arc #2 [12][0]: 331
	arc #3 [1][2]: 602
	arc #4 [13][12]: 583
	arc #5 [2][3]: 593
	arc #6 [14][13]: 602
	arc #7 [3][4]: 589
	arc #8 [15][14]: 593
	arc #9 [4][5]: 577
	arc #10 [16][15]: 589
	arc #11 [5][6]: 596
	arc #12 [17][16]: 577
	arc #13 [6][7]: 585
	arc #14 [18][17]: 596
	arc #15 [7][8]: 602
	arc #16 [19][18]: 585
	arc #17 [8][9]: 564
	arc #18 [20][19]: 602
	arc #19 [9][10]: 576
	arc #20 [21][20]: 564
	arc #21 [10][11]: 565
	arc #22 [22][21]: 576
	arc #23 [23][22]: 565
	arc #24 [11][23]: 331
	arc #25 [23][11]: 331

demands...
	demands of vertex 0 at time interval: 7     7
	demands of vertex 1 at time interval: 0     0
	demands of vertex 2 at time interval: 7     7
	demands of vertex 3 at time interval: 7     7
	demands of vertex 4 at time interval: 0     0
	demands of vertex 5 at time interval: 7     7
	demands of vertex 6 at time interval: 7     7
	demands of vertex 7 at time interval: 7     7
	demands of vertex 8 at time interval: 7     7
	demands of vertex 9 at time interval: 0     0
	demands of vertex 10 at time interval: 7     7
	demands of vertex 11 at time interval: 0     0
	demands of vertex 12 at time interval: 0     0
	demands of vertex 13 at time interval: 0     0
	demands of vertex 14 at time interval: 7     7
	demands of vertex 15 at time interval: 7     7
	demands of vertex 16 at time interval: 0     0
	demands of vertex 17 at time interval: 7     7
	demands of vertex 18 at time interval: 7     7
	demands of vertex 19 at time interval: 7     7
	demands of vertex 20 at time interval: 7     7
	demands of vertex 21 at time interval: 0     0
	demands of vertex 22 at time interval: 7     7
	demands of vertex 23 at time interval: 7     7

maximum time = 41735
alpha = 84

Selecting set of cyclical routes...

Selecting set of initial routes...

Creating initial set of candidate combinations...
Solving candidate combinations...

Found new best - 1/1 candidate combination(s) tested! (Thread 0)

Removing trips...

Solving candidate combinations...

1/1 candidate combination(s) tested! (Thread 0)

Relaxing trips, so the model can make changes...

>> Printing some results...
    -> Solution value = 31622 - 08:47:02
    -> Total time = 2405.26

=============
Train 0
=============
> Trip 0
   0(time 0 - 00:00:00)(time 252 - 00:04:12) ->    1(time 316 - 00:05:16)(time 587 - 00:09:47) ->    2(time 704 - 00:11:44)(time 966 - 00:16:06) ->    3(time 1083 - 00:18:03)(time 1341 - 00:22:21) ->    4(time 1405 - 00:23:25)(time 1651 - 00:27:31) ->    5(time 1768 - 00:29:28)(time 2033 - 00:33:53) ->    6(time 2150 - 00:35:50)(time 2404 - 00:40:04) ->    7(time 2521 - 00:42:01)(time 2792 - 00:46:32) ->    8(time 2909 - 00:48:29)(time 3142 - 00:52:22) ->    9(time 3206 - 00:53:26)(time 3451 - 00:57:31) ->    10(time 3568 - 00:59:28)(time 3802 - 01:03:22) ->    11(time 4073 - 01:07:53)(time 4073 - 01:07:53) ->    23(time 4073 - 01:07:53)(time 4307 - 01:11:47) ->    22(time 4424 - 01:13:44)(time 4669 - 01:17:49) ->    21(time 4733 - 01:18:53)(time 4966 - 01:22:46) ->    20(time 5083 - 01:24:43)(time 5354 - 01:29:14) ->    19(time 5471 - 01:31:11)(time 5725 - 01:35:25) ->    18(time 5842 - 01:37:22)(time 6107 - 01:41:47) ->    17(time 6224 - 01:43:44)(time 6470 - 01:47:50) ->    16(time 6534 - 01:48:54)(time 6792 - 01:53:12) ->    15(time 6942 - 01:55:42)(time 7204 - 02:00:04) ->    14(time 7321 - 02:02:01)(time 7592 - 02:06:32) ->    13(time 7656 - 02:07:36)(time 7908 - 02:11:48) ->    12(time 8179 - 02:16:19)(time 8179 - 02:16:19) -> 0
> Trip 1
   0(time 8179 - 02:16:19)(time 8431 - 02:20:31) ->    1(time 8495 - 02:21:35)(time 8766 - 02:26:06) ->    2(time 8883 - 02:28:03)(time 9145 - 02:32:25) ->    3(time 9262 - 02:34:22)(time 9520 - 02:38:40) ->    4(time 9584 - 02:39:44)(time 9830 - 02:43:50) ->    5(time 9947 - 02:45:47)(time 10212 - 02:50:12) ->    6(time 10329 - 02:52:09)(time 10583 - 02:56:23) ->    7(time 10700 - 02:58:20)(time 10971 - 03:02:51) ->    8(time 11088 - 03:04:48)(time 11321 - 03:08:41) ->    9(time 11385 - 03:09:45)(time 11630 - 03:13:50) ->    10(time 11747 - 03:15:47)(time 11981 - 03:19:41) ->    11(time 12252 - 03:24:12)(time 12252 - 03:24:12) ->    23(time 12252 - 03:24:12)(time 12486 - 03:28:06) ->    22(time 12603 - 03:30:03)(time 12848 - 03:34:08) ->    21(time 12912 - 03:35:12)(time 13145 - 03:39:05) ->    20(time 13262 - 03:41:02)(time 13533 - 03:45:33) ->    19(time 13650 - 03:47:30)(time 13904 - 03:51:44) ->    18(time 14021 - 03:53:41)(time 14286 - 03:58:06) ->    17(time 14403 - 04:00:03)(time 14649 - 04:04:09) ->    16(time 14980 - 04:09:40)(time 15238 - 04:13:58) ->    15(time 15569 - 04:19:29)(time 15831 - 04:23:51) ->    14(time 15959 - 04:25:59)(time 16230 - 04:30:30) ->    13(time 16561 - 04:36:01)(time 16813 - 04:40:13) ->    12(time 17144 - 04:45:44)(time 17144 - 04:45:44) -> 0
> Trip 2
   0(time 17817 - 04:56:57)(time 18069 - 05:01:09) ->    1(time 18133 - 05:02:13)(time 18404 - 05:06:44) ->    2(time 18521 - 05:08:41)(time 18783 - 05:13:03) ->    3(time 18900 - 05:15:00)(time 19158 - 05:19:18) ->    4(time 19222 - 05:20:22)(time 19468 - 05:24:28) ->    5(time 19622 - 05:27:02)(time 19887 - 05:31:27) ->    6(time 20004 - 05:33:24)(time 20258 - 05:37:38) ->    7(time 20375 - 05:39:35)(time 20646 - 05:44:06) ->    8(time 20763 - 05:46:03)(time 20996 - 05:49:56) ->    9(time 21060 - 05:51:00)(time 21305 - 05:55:05) ->    10(time 21422 - 05:57:02)(time 21656 - 06:00:56) ->    11(time 21927 - 06:05:27)(time 21927 - 06:05:27) ->    23(time 21927 - 06:05:27)(time 22161 - 06:09:21) ->    22(time 22278 - 06:11:18)(time 22523 - 06:15:23) ->    21(time 22587 - 06:16:27)(time 22820 - 06:20:20) ->    20(time 22937 - 06:22:17)(time 23208 - 06:26:48) ->    19(time 23325 - 06:28:45)(time 23579 - 06:32:59) ->    18(time 23696 - 06:34:56)(time 23961 - 06:39:21) ->    17(time 24232 - 06:43:52)(time 24478 - 06:47:58) ->    16(time 24542 - 06:49:02)(time 24800 - 06:53:20) ->    15(time 24917 - 06:55:17)(time 25179 - 06:59:39) ->    14(time 25296 - 07:01:36)(time 25567 - 07:06:07) ->    13(time 25631 - 07:07:11)(time 25883 - 07:11:23) ->    12(time 26154 - 07:15:54)(time 26154 - 07:15:54) -> 0
=============
Train 1
=============
> Trip 0
   0(time 8296 - 02:18:16)(time 8548 - 02:22:28) ->    1(time 8612 - 02:23:32)(time 8883 - 02:28:03) ->    2(time 9000 - 02:30:00)(time 9262 - 02:34:22) ->    3(time 9379 - 02:36:19)(time 9637 - 02:40:37) ->    4(time 9701 - 02:41:41)(time 9947 - 02:45:47) ->    5(time 10064 - 02:47:44)(time 10329 - 02:52:09) ->    6(time 10600 - 02:56:40)(time 10854 - 03:00:54) ->    7(time 10971 - 03:02:51)(time 11242 - 03:07:22) ->    8(time 11359 - 03:09:19)(time 11592 - 03:13:12) ->    9(time 11656 - 03:14:16)(time 11901 - 03:18:21) ->    10(time 12018 - 03:20:18)(time 12252 - 03:24:12) ->    11(time 12523 - 03:28:43)(time 12523 - 03:28:43) ->    23(time 12523 - 03:28:43)(time 12757 - 03:32:37) ->    22(time 12998 - 03:36:38)(time 13243 - 03:40:43) ->    21(time 13307 - 03:41:47)(time 13540 - 03:45:40) ->    20(time 13657 - 03:47:37)(time 13928 - 03:52:08) ->    19(time 14045 - 03:54:05)(time 14299 - 03:58:19) ->    18(time 14416 - 04:00:16)(time 14681 - 04:04:41) ->    17(time 15012 - 04:10:12)(time 15258 - 04:14:18) ->    16(time 15322 - 04:15:22)(time 15580 - 04:19:40) ->    15(time 15911 - 04:25:11)(time 16173 - 04:29:33) ->    14(time 16290 - 04:31:30)(time 16561 - 04:36:01) ->    13(time 16892 - 04:41:32)(time 17144 - 04:45:44) ->    12(time 17415 - 04:50:15)(time 17415 - 04:50:15) -> 0
> Trip 1
   0(time 21661 - 06:01:01)(time 21913 - 06:05:13) ->    1(time 22244 - 06:10:44)(time 22515 - 06:15:15) ->    2(time 22683 - 06:18:03)(time 22945 - 06:22:25) ->    3(time 23062 - 06:24:22)(time 23320 - 06:28:40) ->    4(time 23598 - 06:33:18)(time 23844 - 06:37:24) ->    5(time 23961 - 06:39:21)(time 24226 - 06:43:46) ->    6(time 24343 - 06:45:43)(time 24597 - 06:49:57) ->    7(time 24714 - 06:51:54)(time 24985 - 06:56:25) ->    8(time 25102 - 06:58:22)(time 25335 - 07:02:15) ->    9(time 25399 - 07:03:19)(time 25644 - 07:07:24) ->    10(time 25761 - 07:09:21)(time 25995 - 07:13:15) ->    11(time 26266 - 07:17:46)(time 26266 - 07:17:46) ->    23(time 26537 - 07:22:17)(time 26771 - 07:26:11) ->    22(time 26888 - 07:28:08)(time 27133 - 07:32:13) ->    21(time 27197 - 07:33:17)(time 27430 - 07:37:10) ->    20(time 27547 - 07:39:07)(time 27818 - 07:43:38) ->    19(time 27935 - 07:45:35)(time 28189 - 07:49:49) ->    18(time 28306 - 07:51:46)(time 28571 - 07:56:11) ->    17(time 28688 - 07:58:08)(time 28934 - 08:02:14) ->    16(time 28998 - 08:03:18)(time 29256 - 08:07:36) ->    15(time 29373 - 08:09:33)(time 29635 - 08:13:55) ->    14(time 29752 - 08:15:52)(time 30023 - 08:20:23) ->    13(time 30087 - 08:21:27)(time 30339 - 08:25:39) ->    12(time 30610 - 08:30:10)(time 30610 - 08:30:10) -> 0
> Trip 2
   0(time 30610 - 08:30:10)(time 30862 - 08:34:22) ->    1(time 30926 - 08:35:26)(time 31197 - 08:39:57) ->    2(time 31314 - 08:41:54)(time 31576 - 08:46:16) ->    3(time 31693 - 08:48:13)(time 31951 - 08:52:31) ->    4(time 32015 - 08:53:35)(time 32261 - 08:57:41) ->    5(time 32378 - 08:59:38)(time 32643 - 09:04:03) ->    6(time 32760 - 09:06:00)(time 33014 - 09:10:14) ->    7(time 33131 - 09:12:11)(time 33402 - 09:16:42) ->    8(time 33519 - 09:18:39)(time 33752 - 09:22:32) ->    9(time 33816 - 09:23:36)(time 34061 - 09:27:41) ->    10(time 34291 - 09:31:31)(time 34525 - 09:35:25) ->    11(time 34856 - 09:40:56)(time 34856 - 09:40:56) ->    23(time 35187 - 09:46:27)(time 35421 - 09:50:21) ->    22(time 35538 - 09:52:18)(time 35783 - 09:56:23) ->    21(time 35847 - 09:57:27)(time 36080 - 10:01:20) ->    20(time 36197 - 10:03:17)(time 36468 - 10:07:48) ->    19(time 36585 - 10:09:45)(time 36839 - 10:13:59) ->    18(time 36956 - 10:15:56)(time 37221 - 10:20:21) ->    17(time 37338 - 10:22:18)(time 37584 - 10:26:24) ->    16(time 37648 - 10:27:28)(time 37906 - 10:31:46) ->    15(time 38023 - 10:33:43)(time 38285 - 10:38:05) ->    14(time 38402 - 10:40:02)(time 38673 - 10:44:33) ->    13(time 38737 - 10:45:37)(time 38989 - 10:49:49) ->    12(time 39260 - 10:54:20)(time 39260 - 10:54:20) -> 0
=============
Train 2
=============
> Trip 0
   0(time 12538 - 03:28:58)(time 12790 - 03:33:10) ->    1(time 12854 - 03:34:14)(time 13125 - 03:38:45) ->    2(time 13242 - 03:40:42)(time 13504 - 03:45:04) ->    3(time 13835 - 03:50:35)(time 14093 - 03:54:53) ->    4(time 14157 - 03:55:57)(time 14403 - 04:00:03) ->    5(time 14681 - 04:04:41)(time 14946 - 04:09:06) ->    6(time 15063 - 04:11:03)(time 15317 - 04:15:17) ->    7(time 15494 - 04:18:14)(time 15765 - 04:22:45) ->    8(time 15882 - 04:24:42)(time 16115 - 04:28:35) ->    9(time 16179 - 04:29:39)(time 16424 - 04:33:44) ->    10(time 16541 - 04:35:41)(time 16775 - 04:39:35) ->    11(time 17046 - 04:44:06)(time 17046 - 04:44:06) ->    23(time 17317 - 04:48:37)(time 17551 - 04:52:31) ->    22(time 17668 - 04:54:28)(time 17913 - 04:58:33) ->    21(time 17977 - 04:59:37)(time 18210 - 05:03:30) ->    20(time 18327 - 05:05:27)(time 18598 - 05:09:58) ->    19(time 18715 - 05:11:55)(time 18969 - 05:16:09) ->    18(time 19086 - 05:18:06)(time 19351 - 05:22:31) ->    17(time 19468 - 05:24:28)(time 19714 - 05:28:34) ->    16(time 19778 - 05:29:38)(time 20036 - 05:33:56) ->    15(time 20153 - 05:35:53)(time 20415 - 05:40:15) ->    14(time 20532 - 05:42:12)(time 20803 - 05:46:43) ->    13(time 20867 - 05:47:47)(time 21119 - 05:51:59) ->    12(time 21390 - 05:56:30)(time 21390 - 05:56:30) -> 0
> Trip 1
   0(time 21992 - 06:06:32)(time 22244 - 06:10:44) ->    1(time 22412 - 06:13:32)(time 22683 - 06:18:03) ->    2(time 22800 - 06:20:00)(time 23062 - 06:24:22) ->    3(time 23393 - 06:29:53)(time 23651 - 06:34:11) ->    4(time 23715 - 06:35:15)(time 23961 - 06:39:21) ->    5(time 24232 - 06:43:52)(time 24497 - 06:48:17) ->    6(time 24614 - 06:50:14)(time 24868 - 06:54:28) ->    7(time 24985 - 06:56:25)(time 25256 - 07:00:56) ->    8(time 25373 - 07:02:53)(time 25606 - 07:06:46) ->    9(time 25670 - 07:07:50)(time 25915 - 07:11:55) ->    10(time 26032 - 07:13:52)(time 26266 - 07:17:46) ->    11(time 26537 - 07:22:17)(time 26537 - 07:22:17) ->    23(time 26654 - 07:24:14)(time 26888 - 07:28:08) ->    22(time 27005 - 07:30:05)(time 27250 - 07:34:10) ->    21(time 27314 - 07:35:14)(time 27547 - 07:39:07) ->    20(time 27664 - 07:41:04)(time 27935 - 07:45:35) ->    19(time 28052 - 07:47:32)(time 28306 - 07:51:46) ->    18(time 28423 - 07:53:43)(time 28688 - 07:58:08) ->    17(time 28805 - 08:00:05)(time 29051 - 08:04:11) ->    16(time 29115 - 08:05:15)(time 29373 - 08:09:33) ->    15(time 29490 - 08:11:30)(time 29752 - 08:15:52) ->    14(time 30023 - 08:20:23)(time 30294 - 08:24:54) ->    13(time 30358 - 08:25:58)(time 30610 - 08:30:10) ->    12(time 30941 - 08:35:41)(time 30941 - 08:35:41) -> 0
> Trip 2
   0(time 31114 - 08:38:34)(time 31366 - 08:42:46) ->    1(time 31430 - 08:43:50)(time 31701 - 08:48:21) ->    2(time 31818 - 08:50:18)(time 32080 - 08:54:40) ->    3(time 32197 - 08:56:37)(time 32455 - 09:00:55) ->    4(time 32519 - 09:01:59)(time 32765 - 09:06:05) ->    5(time 32882 - 09:08:02)(time 33147 - 09:12:27) ->    6(time 33264 - 09:14:24)(time 33518 - 09:18:38) ->    7(time 33635 - 09:20:35)(time 33906 - 09:25:06) ->    8(time 34023 - 09:27:03)(time 34256 - 09:30:56) ->    9(time 34320 - 09:32:00)(time 34565 - 09:36:05) ->    10(time 34682 - 09:38:02)(time 34916 - 09:41:56) ->    11(time 35187 - 09:46:27)(time 35187 - 09:46:27) ->    23(time 35458 - 09:50:58)(time 35692 - 09:54:52) ->    22(time 35809 - 09:56:49)(time 36054 - 10:00:54) ->    21(time 36118 - 10:01:58)(time 36351 - 10:05:51) ->    20(time 36468 - 10:07:48)(time 36739 - 10:12:19) ->    19(time 36856 - 10:14:16)(time 37110 - 10:18:30) ->    18(time 37227 - 10:20:27)(time 37492 - 10:24:52) ->    17(time 37609 - 10:26:49)(time 37855 - 10:30:55) ->    16(time 37919 - 10:31:59)(time 38177 - 10:36:17) ->    15(time 38294 - 10:38:14)(time 38556 - 10:42:36) ->    14(time 38673 - 10:44:33)(time 38944 - 10:49:04) ->    13(time 39008 - 10:50:08)(time 39260 - 10:54:20) ->    12(time 39531 - 10:58:51)(time 39531 - 10:58:51) -> 0
=============
Train 3
=============
> Trip 0
   0(time 117 - 00:01:57)(time 369 - 00:06:09) ->    1(time 433 - 00:07:13)(time 704 - 00:11:44) ->    2(time 821 - 00:13:41)(time 1083 - 00:18:03) ->    3(time 1200 - 00:20:00)(time 1458 - 00:24:18) ->    4(time 1522 - 00:25:22)(time 1768 - 00:29:28) ->    5(time 1885 - 00:31:25)(time 2150 - 00:35:50) ->    6(time 2267 - 00:37:47)(time 2521 - 00:42:01) ->    7(time 2638 - 00:43:58)(time 2909 - 00:48:29) ->    8(time 3180 - 00:53:00)(time 3413 - 00:56:53) ->    9(time 3477 - 00:57:57)(time 3722 - 01:02:02) ->    10(time 3839 - 01:03:59)(time 4073 - 01:07:53) ->    11(time 4344 - 01:12:24)(time 4344 - 01:12:24) ->    23(time 4675 - 01:17:55)(time 4909 - 01:21:49) ->    22(time 5026 - 01:23:46)(time 5271 - 01:27:51) ->    21(time 5335 - 01:28:55)(time 5568 - 01:32:48) ->    20(time 5685 - 01:34:45)(time 5956 - 01:39:16) ->    19(time 6073 - 01:41:13)(time 6327 - 01:45:27) ->    18(time 6444 - 01:47:24)(time 6709 - 01:51:49) ->    17(time 7040 - 01:57:20)(time 7286 - 02:01:26) ->    16(time 7350 - 02:02:30)(time 7608 - 02:06:48) ->    15(time 7845 - 02:10:45)(time 8107 - 02:15:07) ->    14(time 8224 - 02:17:04)(time 8495 - 02:21:35) ->    13(time 8826 - 02:27:06)(time 9078 - 02:31:18) ->    12(time 9409 - 02:36:49)(time 9409 - 02:36:49) -> 0
> Trip 1
   0(time 12880 - 03:34:40)(time 13132 - 03:38:52) ->    1(time 13463 - 03:44:23)(time 13734 - 03:48:54) ->    2(time 13851 - 03:50:51)(time 14113 - 03:55:13) ->    3(time 14444 - 04:00:44)(time 14702 - 04:05:02) ->    4(time 14766 - 04:06:06)(time 15012 - 04:10:12) ->    5(time 15129 - 04:12:09)(time 15394 - 04:16:34) ->    6(time 15511 - 04:18:31)(time 15765 - 04:22:45) ->    7(time 15882 - 04:24:42)(time 16153 - 04:29:13) ->    8(time 16270 - 04:31:10)(time 16503 - 04:35:03) ->    9(time 16567 - 04:36:07)(time 16812 - 04:40:12) ->    10(time 17083 - 04:44:43)(time 17317 - 04:48:37) ->    11(time 17588 - 04:53:08)(time 17588 - 04:53:08) ->    23(time 17588 - 04:53:08)(time 17822 - 04:57:02) ->    22(time 17939 - 04:58:59)(time 18184 - 05:03:04) ->    21(time 18248 - 05:04:08)(time 18481 - 05:08:01) ->    20(time 18598 - 05:09:58)(time 18869 - 05:14:29) ->    19(time 18986 - 05:16:26)(time 19240 - 05:20:40) ->    18(time 19357 - 05:22:37)(time 19622 - 05:27:02) ->    17(time 19750 - 05:29:10)(time 19996 - 05:33:16) ->    16(time 20113 - 05:35:13)(time 20371 - 05:39:31) ->    15(time 20488 - 05:41:28)(time 20750 - 05:45:50) ->    14(time 20867 - 05:47:47)(time 21138 - 05:52:18) ->    13(time 21409 - 05:56:49)(time 21661 - 06:01:01) ->    12(time 21932 - 06:05:32)(time 21932 - 06:05:32) -> 0
> Trip 2
   0(time 22773 - 06:19:33)(time 23025 - 06:23:45) ->    1(time 23089 - 06:24:49)(time 23360 - 06:29:20) ->    2(time 23691 - 06:34:51)(time 23953 - 06:39:13) ->    3(time 24284 - 06:44:44)(time 24542 - 06:49:02) ->    4(time 24873 - 06:54:33)(time 25119 - 06:58:39) ->    5(time 25271 - 07:01:11)(time 25536 - 07:05:36) ->    6(time 25653 - 07:07:33)(time 25907 - 07:11:47) ->    7(time 26238 - 07:17:18)(time 26509 - 07:21:49) ->    8(time 26840 - 07:27:20)(time 27073 - 07:31:13) ->    9(time 27404 - 07:36:44)(time 27649 - 07:40:49) ->    10(time 27980 - 07:46:20)(time 28214 - 07:50:14) ->    11(time 28485 - 07:54:45)(time 28485 - 07:54:45) ->    23(time 28773 - 07:59:33)(time 29007 - 08:03:27) ->    22(time 29338 - 08:08:58)(time 29583 - 08:13:03) ->    21(time 29914 - 08:18:34)(time 30147 - 08:22:27) ->    20(time 30478 - 08:27:58)(time 30749 - 08:32:29) ->    19(time 31080 - 08:38:00)(time 31334 - 08:42:14) ->    18(time 31665 - 08:47:45)(time 31930 - 08:52:10) ->    17(time 32261 - 08:57:41)(time 32507 - 09:01:47) ->    16(time 32726 - 09:05:26)(time 32984 - 09:09:44) ->    15(time 33101 - 09:11:41)(time 33363 - 09:16:03) ->    14(time 33694 - 09:21:34)(time 33965 - 09:26:05) ->    13(time 34296 - 09:31:36)(time 34548 - 09:35:48) ->    12(time 34819 - 09:40:19)(time 34819 - 09:40:19) -> 0
=============
Train 4
=============
> Trip 0
   0(time 12763 - 03:32:43)(time 13015 - 03:36:55) ->    1(time 13079 - 03:37:59)(time 13350 - 03:42:30) ->    2(time 13681 - 03:48:01)(time 13943 - 03:52:23) ->    3(time 14060 - 03:54:20)(time 14318 - 03:58:38) ->    4(time 14649 - 04:04:09)(time 14895 - 04:08:15) ->    5(time 15012 - 04:10:12)(time 15277 - 04:14:37) ->    6(time 15394 - 04:16:34)(time 15648 - 04:20:48) ->    7(time 15765 - 04:22:45)(time 16036 - 04:27:16) ->    8(time 16153 - 04:29:13)(time 16386 - 04:33:06) ->    9(time 16450 - 04:34:10)(time 16695 - 04:38:15) ->    10(time 16812 - 04:40:12)(time 17046 - 04:44:06) ->    11(time 17317 - 04:48:37)(time 17317 - 04:48:37) ->    23(time 17434 - 04:50:34)(time 17668 - 04:54:28) ->    22(time 17785 - 04:56:25)(time 18030 - 05:00:30) ->    21(time 18094 - 05:01:34)(time 18327 - 05:05:27) ->    20(time 18444 - 05:07:24)(time 18715 - 05:11:55) ->    19(time 18832 - 05:13:52)(time 19086 - 05:18:06) ->    18(time 19203 - 05:20:03)(time 19468 - 05:24:28) ->    17(time 19585 - 05:26:25)(time 19831 - 05:30:31) ->    16(time 19996 - 05:33:16)(time 20254 - 05:37:34) ->    15(time 20371 - 05:39:31)(time 20633 - 05:43:53) ->    14(time 20750 - 05:45:50)(time 21021 - 05:50:21) ->    13(time 21138 - 05:52:18)(time 21390 - 05:56:30) ->    12(time 21661 - 06:01:01)(time 21661 - 06:01:01) -> 0
> Trip 1
   0(time 22160 - 06:09:20)(time 22412 - 06:13:32) ->    1(time 22743 - 06:19:03)(time 23014 - 06:23:34) ->    2(time 23131 - 06:25:31)(time 23393 - 06:29:53) ->    3(time 23510 - 06:31:50)(time 23768 - 06:36:08) ->    4(time 23986 - 06:39:46)(time 24232 - 06:43:52) ->    5(time 24349 - 06:45:49)(time 24614 - 06:50:14) ->    6(time 24731 - 06:52:11)(time 24985 - 06:56:25) ->    7(time 25102 - 06:58:22)(time 25373 - 07:02:53) ->    8(time 25490 - 07:04:50)(time 25723 - 07:08:43) ->    9(time 25787 - 07:09:47)(time 26032 - 07:13:52) ->    10(time 26303 - 07:18:23)(time 26537 - 07:22:17) ->    11(time 26808 - 07:26:48)(time 26808 - 07:26:48) ->    23(time 26808 - 07:26:48)(time 27042 - 07:30:42) ->    22(time 27159 - 07:32:39)(time 27404 - 07:36:44) ->    21(time 27468 - 07:37:48)(time 27701 - 07:41:41) ->    20(time 27818 - 07:43:38)(time 28089 - 07:48:09) ->    19(time 28206 - 07:50:06)(time 28460 - 07:54:20) ->    18(time 28694 - 07:58:14)(time 28959 - 08:02:39) ->    17(time 29076 - 08:04:36)(time 29322 - 08:08:42) ->    16(time 29386 - 08:09:46)(time 29644 - 08:14:04) ->    15(time 29761 - 08:16:01)(time 30023 - 08:20:23) ->    14(time 30354 - 08:25:54)(time 30625 - 08:30:25) ->    13(time 30862 - 08:34:22)(time 31114 - 08:38:34) ->    12(time 31385 - 08:43:05)(time 31385 - 08:43:05) -> 0
> Trip 2
   0(time 31385 - 08:43:05)(time 31637 - 08:47:17) ->    1(time 31701 - 08:48:21)(time 31972 - 08:52:52) ->    2(time 32089 - 08:54:49)(time 32351 - 08:59:11) ->    3(time 32468 - 09:01:08)(time 32726 - 09:05:26) ->    4(time 32790 - 09:06:30)(time 33036 - 09:10:36) ->    5(time 33153 - 09:12:33)(time 33418 - 09:16:58) ->    6(time 33535 - 09:18:55)(time 33789 - 09:23:09) ->    7(time 33906 - 09:25:06)(time 34177 - 09:29:37) ->    8(time 34294 - 09:31:34)(time 34527 - 09:35:27) ->    9(time 34591 - 09:36:31)(time 34836 - 09:40:36) ->    10(time 34953 - 09:42:33)(time 35187 - 09:46:27) ->    11(time 35518 - 09:51:58)(time 35518 - 09:51:58) ->    23(time 35575 - 09:52:55)(time 35809 - 09:56:49) ->    22(time 35926 - 09:58:46)(time 36171 - 10:02:51) ->    21(time 36235 - 10:03:55)(time 36468 - 10:07:48) ->    20(time 36585 - 10:09:45)(time 36856 - 10:14:16) ->    19(time 36973 - 10:16:13)(time 37227 - 10:20:27) ->    18(time 37344 - 10:22:24)(time 37609 - 10:26:49) ->    17(time 37726 - 10:28:46)(time 37972 - 10:32:52) ->    16(time 38036 - 10:33:56)(time 38294 - 10:38:14) ->    15(time 38565 - 10:42:45)(time 38827 - 10:47:07) ->    14(time 38944 - 10:49:04)(time 39215 - 10:53:35) ->    13(time 39279 - 10:54:39)(time 39531 - 10:58:51) ->    12(time 39802 - 11:03:22)(time 39802 - 11:03:22) -> 0
Traceback (most recent call last):
  File "/home/renata/Train-Timetabling/script.py", line 99, in <module>
    os.remove(file_name)
FileNotFoundError: [Errno 2] No such file or directory: 'script-solution.txt'
