t5p10r2h4.txt:
   > Trying to open the instance file...
   > Reading number of trains...
   > Reading maximum number of trips per train...
   > Reading time intervals...
   > Reading number of points...
   > Reading stations...
   > Reading crossings...
   > Reading depots...
   > Reading initial point...
   > Reading routes...
   > Reading distance and distance and service...
   > Reading demands...
   > Reading maximum time...
   > Reading alpha...

--------------------------------
 Printing instance
--------------------------------
number of trains = 5
	max trips per trains: 5     5     5     5     5
number of intervals = 4
	(0,  10284)	(10285,  20568)	(20569,  30852)	(30853,  41136)
number of points = 10
	initial point: 9
	stations: 0     1     2     3     4     5     6     7     9
	crossings: 0     3     6     8     9
	depots: 0     9
number of vertices = 20
	total vertices: 0     1     2     3     4     5     6     7     8     9    10    11    12    13    14    15    16    17    18    19
	upper vertices: 0     1     2     3     4     5     6     7     8     9
	lower vertices: 10    11    12    13    14    15    16    17    18    19
	vertices of point #0: (0, 10)
	vertices of point #1: (1, 11)
	vertices of point #2: (2, 12)
	vertices of point #3: (3, 13)
	vertices of point #4: (4, 14)
	vertices of point #5: (5, 15)
	vertices of point #6: (6, 16)
	vertices of point #7: (7, 17)
	vertices of point #8: (8, 18)
	vertices of point #9: (9, 19)

arcs...
	total arcs: 
		arc #0: (0, 1)
		arc #1: (0, 10)
		arc #2: (10, 0)
		arc #3: (1, 2)
		arc #4: (11, 10)
		arc #5: (2, 3)
		arc #6: (12, 11)
		arc #7: (3, 4)
		arc #8: (13, 12)
		arc #9: (4, 5)
		arc #10: (14, 13)
		arc #11: (5, 6)
		arc #12: (15, 14)
		arc #13: (6, 7)
		arc #14: (16, 15)
		arc #15: (7, 8)
		arc #16: (17, 16)
		arc #17: (8, 9)
		arc #18: (18, 17)
		arc #19: (19, 18)
		arc #20: (9, 19)
		arc #21: (19, 9)

	reverse arcs: 
		arc #1: (0, 10)
		arc #2: (10, 0)
		arc #20: (9, 19)
		arc #21: (19, 9)


incompatible points...
	(0, 2, 13, (2, 3))	(13, 11, 0, (11, 10))	(3, 5, 16, (5, 6))	(16, 14, 3, (14, 13))	(6, 7, 18, (7, 8))	(18, 17, 6, (17, 16))	(8, 8, 19, (8, 9))	(19, 19, 8, (19, 18))

number of routes = 2
vertices of routes...
	route #0: 0     1     2     3     4     5     6     7     8     9    19    18    17    16    15    14    13    12    11    10     0
	route #1: 19    18    17    16    15    14    13    12    11    10     0     1     2     3     4     5     6     7     8     9    19
arcs of routes...
	route #0: 0     3     5     7     9    11    13    15    17    20    19    18    16    14    12    10     8     6     4     2
	route #1: 19    18    16    14    12    10     8     6     4     2     0     3     5     7     9    11    13    15    17    20

incompatible routes...
	(0, 1)    	(1, 0)

vertices that can be adjacent in consecutive trips...
	(0, 0)    	(19, 19)
non cyclical routes: 


routes of trip...
	routes that train #0 can complete at trip #0: 1
	routes that train #0 can complete at trip #1: 0       1
	routes that train #0 can complete at trip #2: 0       1
	routes that train #0 can complete at trip #3: 0       1
	routes that train #0 can complete at trip #4: 0       1

	routes that train #1 can complete at trip #0: 1
	routes that train #1 can complete at trip #1: 0       1
	routes that train #1 can complete at trip #2: 0       1
	routes that train #1 can complete at trip #3: 0       1
	routes that train #1 can complete at trip #4: 0       1

	routes that train #2 can complete at trip #0: 1
	routes that train #2 can complete at trip #1: 0       1
	routes that train #2 can complete at trip #2: 0       1
	routes that train #2 can complete at trip #3: 0       1
	routes that train #2 can complete at trip #4: 0       1

	routes that train #3 can complete at trip #0: 1
	routes that train #3 can complete at trip #1: 0       1
	routes that train #3 can complete at trip #2: 0       1
	routes that train #3 can complete at trip #3: 0       1
	routes that train #3 can complete at trip #4: 0       1

	routes that train #4 can complete at trip #0: 1
	routes that train #4 can complete at trip #1: 0       1
	routes that train #4 can complete at trip #2: 0       1
	routes that train #4 can complete at trip #3: 0       1
	routes that train #4 can complete at trip #4: 0       1

 cost...
	arc #0 [0][1]: 205
	arc #1 [0][10]: 0
	arc #2 [10][0]: 0
	arc #3 [1][2]: 199
	arc #4 [11][10]: 205
	arc #5 [2][3]: 192
	arc #6 [12][11]: 199
	arc #7 [3][4]: 219
	arc #8 [13][12]: 192
	arc #9 [4][5]: 196
	arc #10 [14][13]: 219
	arc #11 [5][6]: 207
	arc #12 [15][14]: 196
	arc #13 [6][7]: 204
	arc #14 [16][15]: 207
	arc #15 [7][8]: 195
	arc #16 [17][16]: 204
	arc #17 [8][9]: 188
	arc #18 [18][17]: 195
	arc #19 [19][18]: 188
	arc #20 [9][19]: 0
	arc #21 [19][9]: 0

cost with minimum service...
	arc #0 [0][1]: 278
	arc #1 [0][10]: 0
	arc #2 [10][0]: 0
	arc #3 [1][2]: 272
	arc #4 [11][10]: 316
	arc #5 [2][3]: 265
	arc #6 [12][11]: 272
	arc #7 [3][4]: 292
	arc #8 [13][12]: 265
	arc #9 [4][5]: 269
	arc #10 [14][13]: 292
	arc #11 [5][6]: 280
	arc #12 [15][14]: 269
	arc #13 [6][7]: 277
	arc #14 [16][15]: 280
	arc #15 [7][8]: 232
	arc #16 [17][16]: 277
	arc #17 [8][9]: 299
	arc #18 [18][17]: 268
	arc #19 [19][18]: 225
	arc #20 [9][19]: 0
	arc #21 [19][9]: 0

cost with maximum service...
	arc #0 [0][1]: 570
	arc #1 [0][10]: 365
	arc #2 [10][0]: 365
	arc #3 [1][2]: 564
	arc #4 [11][10]: 570
	arc #5 [2][3]: 557
	arc #6 [12][11]: 564
	arc #7 [3][4]: 584
	arc #8 [13][12]: 557
	arc #9 [4][5]: 561
	arc #10 [14][13]: 584
	arc #11 [5][6]: 572
	arc #12 [15][14]: 561
	arc #13 [6][7]: 569
	arc #14 [16][15]: 572
	arc #15 [7][8]: 560
	arc #16 [17][16]: 569
	arc #17 [8][9]: 553
	arc #18 [18][17]: 560
	arc #19 [19][18]: 553
	arc #20 [9][19]: 365
	arc #21 [19][9]: 365

demands...
	demands of vertex 0 at time interval: 5     5     5     5
	demands of vertex 1 at time interval: 5     5     5     5
	demands of vertex 2 at time interval: 5     5     5     5
	demands of vertex 3 at time interval: 5     5     5     5
	demands of vertex 4 at time interval: 5     5     5     5
	demands of vertex 5 at time interval: 5     5     5     5
	demands of vertex 6 at time interval: 5     5     5     5
	demands of vertex 7 at time interval: 5     5     5     5
	demands of vertex 8 at time interval: 0     0     0     0
	demands of vertex 9 at time interval: 0     0     0     0
	demands of vertex 10 at time interval: 0     0     0     0
	demands of vertex 11 at time interval: 5     5     5     5
	demands of vertex 12 at time interval: 5     5     5     5
	demands of vertex 13 at time interval: 5     5     5     5
	demands of vertex 14 at time interval: 5     5     5     5
	demands of vertex 15 at time interval: 5     5     5     5
	demands of vertex 16 at time interval: 5     5     5     5
	demands of vertex 17 at time interval: 5     5     5     5
	demands of vertex 18 at time interval: 0     0     0     0
	demands of vertex 19 at time interval: 5     5     5     5

maximum time = 41136
alpha = 43

Selecting set of cyclical routes...

Selecting set of initial routes...

Creating initial set of candidate combinations...
Solving candidate combinations...

Found new best - 1/1 candidate combination(s) tested! (Thread 0)

Removing trips...

Solving candidate combinations...

1/5 candidate combination(s) tested! (Thread 0)
2/5 candidate combination(s) tested! (Thread 0)
3/5 candidate combination(s) tested! (Thread 0)
4/5 candidate combination(s) tested! (Thread 0)
5/5 candidate combination(s) tested! (Thread 0)

Relaxing trips, so the model can make changes...

>> Printing some results...
    -> Solution value = 34971 - 09:42:51
    -> Total time = 2427.35

=============
Train 0
=============
> Trip 0
   19(time 1048 - 00:17:28)(time 1236 - 00:20:36) ->    18(time 1347 - 00:22:27)(time 1542 - 00:25:42) ->    17(time 1615 - 00:26:55)(time 1819 - 00:30:19) ->    16(time 1892 - 00:31:32)(time 2099 - 00:34:59) ->    15(time 2172 - 00:36:12)(time 2368 - 00:39:28) ->    14(time 2441 - 00:40:41)(time 2660 - 00:44:20) ->    13(time 2809 - 00:46:49)(time 3001 - 00:50:01) ->    12(time 3074 - 00:51:14)(time 3273 - 00:54:33) ->    11(time 3346 - 00:55:46)(time 3551 - 00:59:11) ->    10(time 3697 - 01:01:37)(time 3697 - 01:01:37) ->    0(time 3697 - 01:01:37)(time 3902 - 01:05:02) ->    1(time 3975 - 01:06:15)(time 4174 - 01:09:34) ->    2(time 4247 - 01:10:47)(time 4439 - 01:13:59) ->    3(time 4512 - 01:15:12)(time 4731 - 01:18:51) ->    4(time 4804 - 01:20:04)(time 5000 - 01:23:20) ->    5(time 5073 - 01:24:33)(time 5280 - 01:28:00) ->    6(time 5391 - 01:29:51)(time 5595 - 01:33:15) ->    7(time 5706 - 01:35:06)(time 5901 - 01:38:21) ->    8(time 5938 - 01:38:58)(time 6126 - 01:42:06) ->    9(time 6237 - 01:43:57)(time 6237 - 01:43:57) -> 19
> Trip 1
   19(time 6237 - 01:43:57)(time 6425 - 01:47:05) ->    18(time 6462 - 01:47:42)(time 6657 - 01:50:57) ->    17(time 6730 - 01:52:10)(time 6934 - 01:55:34) ->    16(time 7007 - 01:56:47)(time 7214 - 02:00:14) ->    15(time 7287 - 02:01:27)(time 7483 - 02:04:43) ->    14(time 7556 - 02:05:56)(time 7775 - 02:09:35) ->    13(time 7848 - 02:10:48)(time 8040 - 02:14:00) ->    12(time 8113 - 02:15:13)(time 8312 - 02:18:32) ->    11(time 8385 - 02:19:45)(time 8590 - 02:23:10) ->    10(time 8701 - 02:25:01)(time 8701 - 02:25:01) ->    0(time 8701 - 02:25:01)(time 8906 - 02:28:26) ->    1(time 8979 - 02:29:39)(time 9178 - 02:32:58) ->    2(time 9251 - 02:34:11)(time 9443 - 02:37:23) ->    3(time 9516 - 02:38:36)(time 9735 - 02:42:15) ->    4(time 9808 - 02:43:28)(time 10004 - 02:46:44) ->    5(time 10284 - 02:51:24)(time 10491 - 02:54:51) ->    6(time 10856 - 03:00:56)(time 11060 - 03:04:20) ->    7(time 11425 - 03:10:25)(time 11620 - 03:13:40) ->    8(time 11778 - 03:16:18)(time 11966 - 03:19:26) ->    9(time 12077 - 03:21:17)(time 12077 - 03:21:17) -> 19
> Trip 2
   19(time 12077 - 03:21:17)(time 12265 - 03:24:25) ->    18(time 12535 - 03:28:55)(time 12730 - 03:32:10) ->    17(time 12803 - 03:33:23)(time 13007 - 03:36:47) ->    16(time 13372 - 03:42:52)(time 13579 - 03:46:19) ->    15(time 13652 - 03:47:32)(time 13848 - 03:50:48) ->    14(time 14079 - 03:54:39)(time 14298 - 03:58:18) ->    13(time 14371 - 03:59:31)(time 14563 - 04:02:43) ->    12(time 14636 - 04:03:56)(time 14835 - 04:07:15) ->    11(time 14908 - 04:08:28)(time 15113 - 04:11:53) ->    10(time 15224 - 04:13:44)(time 15224 - 04:13:44) ->    0(time 15224 - 04:13:44)(time 15429 - 04:17:09) ->    1(time 15502 - 04:18:22)(time 15701 - 04:21:41) ->    2(time 15774 - 04:22:54)(time 15966 - 04:26:06) ->    3(time 16039 - 04:27:19)(time 16258 - 04:30:58) ->    4(time 16331 - 04:32:11)(time 16527 - 04:35:27) ->    5(time 16600 - 04:36:40)(time 16807 - 04:40:07) ->    6(time 16918 - 04:41:58)(time 17122 - 04:45:22) ->    7(time 17195 - 04:46:35)(time 17390 - 04:49:50) ->    8(time 17427 - 04:50:27)(time 17615 - 04:53:35) ->    9(time 17743 - 04:55:43)(time 17743 - 04:55:43) -> 19
> Trip 3
   19(time 17743 - 04:55:43)(time 17931 - 04:58:51) ->    18(time 17968 - 04:59:28)(time 18163 - 05:02:43) ->    17(time 18236 - 05:03:56)(time 18440 - 05:07:20) ->    16(time 18513 - 05:08:33)(time 18720 - 05:12:00) ->    15(time 18793 - 05:13:13)(time 18989 - 05:16:29) ->    14(time 19062 - 05:17:42)(time 19281 - 05:21:21) ->    13(time 19354 - 05:22:34)(time 19546 - 05:25:46) ->    12(time 19619 - 05:26:59)(time 19818 - 05:30:18) ->    11(time 19891 - 05:31:31)(time 20096 - 05:34:56) ->    10(time 20461 - 05:41:01)(time 20461 - 05:41:01) ->    0(time 20826 - 05:47:06)(time 21031 - 05:50:31) ->    1(time 21326 - 05:55:26)(time 21525 - 05:58:45) ->    2(time 21890 - 06:04:50)(time 22082 - 06:08:02) ->    3(time 22447 - 06:14:07)(time 22666 - 06:17:46) ->    4(time 22739 - 06:18:59)(time 22935 - 06:22:15) ->    5(time 23008 - 06:23:28)(time 23215 - 06:26:55) ->    6(time 23288 - 06:28:08)(time 23492 - 06:31:32) ->    7(time 23565 - 06:32:45)(time 23760 - 06:36:00) ->    8(time 24125 - 06:42:05)(time 24313 - 06:45:13) ->    9(time 24678 - 06:51:18)(time 24678 - 06:51:18) -> 19
> Trip 4
   19(time 32017 - 08:53:37)(time 32205 - 08:56:45) ->    18(time 32570 - 09:02:50)(time 32765 - 09:06:05) ->    17(time 32838 - 09:07:18)(time 33042 - 09:10:42) ->    16(time 33115 - 09:11:55)(time 33322 - 09:15:22) ->    15(time 33395 - 09:16:35)(time 33591 - 09:19:51) ->    14(time 33664 - 09:21:04)(time 33883 - 09:24:43) ->    13(time 34059 - 09:27:39)(time 34251 - 09:30:51) ->    12(time 34324 - 09:32:04)(time 34523 - 09:35:23) ->    11(time 34596 - 09:36:36)(time 34801 - 09:40:01) ->    10(time 34912 - 09:41:52)(time 34912 - 09:41:52) ->    0(time 34950 - 09:42:30)(time 35155 - 09:45:55) ->    1(time 35228 - 09:47:08)(time 35427 - 09:50:27) ->    2(time 35500 - 09:51:40)(time 35692 - 09:54:52) ->    3(time 35765 - 09:56:05)(time 35984 - 09:59:44) ->    4(time 36057 - 10:00:57)(time 36253 - 10:04:13) ->    5(time 36326 - 10:05:26)(time 36533 - 10:08:53) ->    6(time 36606 - 10:10:06)(time 36810 - 10:13:30) ->    7(time 36883 - 10:14:43)(time 37078 - 10:17:58) ->    8(time 37115 - 10:18:35)(time 37303 - 10:21:43) ->    9(time 37414 - 10:23:34)(time 37414 - 10:23:34) -> 19
=============
Train 1
=============
> Trip 0
   19(time 1005 - 00:16:45)(time 1193 - 00:19:53) ->    18(time 1236 - 00:20:36)(time 1431 - 00:23:51) ->    17(time 1504 - 00:25:04)(time 1708 - 00:28:28) ->    16(time 1781 - 00:29:41)(time 1988 - 00:33:08) ->    15(time 2061 - 00:34:21)(time 2257 - 00:37:37) ->    14(time 2368 - 00:39:28)(time 2587 - 00:43:07) ->    13(time 2660 - 00:44:20)(time 2852 - 00:47:32) ->    12(time 2925 - 00:48:45)(time 3124 - 00:52:04) ->    11(time 3235 - 00:53:55)(time 3440 - 00:57:20) ->    10(time 3551 - 00:59:11)(time 3551 - 00:59:11) ->    0(time 3624 - 01:00:24)(time 3829 - 01:03:49) ->    1(time 3902 - 01:05:02)(time 4101 - 01:08:21) ->    2(time 4174 - 01:09:34)(time 4366 - 01:12:46) ->    3(time 4439 - 01:13:59)(time 4658 - 01:17:38) ->    4(time 4731 - 01:18:51)(time 4927 - 01:22:07) ->    5(time 5000 - 01:23:20)(time 5207 - 01:26:47) ->    6(time 5280 - 01:28:00)(time 5484 - 01:31:24) ->    7(time 5595 - 01:33:15)(time 5790 - 01:36:30) ->    8(time 5827 - 01:37:07)(time 6015 - 01:40:15) ->    9(time 6126 - 01:42:06)(time 6126 - 01:42:06) -> 19
> Trip 1
   19(time 6126 - 01:42:06)(time 6314 - 01:45:14) ->    18(time 6351 - 01:45:51)(time 6546 - 01:49:06) ->    17(time 6619 - 01:50:19)(time 6823 - 01:53:43) ->    16(time 6896 - 01:54:56)(time 7103 - 01:58:23) ->    15(time 7176 - 01:59:36)(time 7372 - 02:02:52) ->    14(time 7445 - 02:04:05)(time 7664 - 02:07:44) ->    13(time 7737 - 02:08:57)(time 7929 - 02:12:09) ->    12(time 8002 - 02:13:22)(time 8201 - 02:16:41) ->    11(time 8274 - 02:17:54)(time 8479 - 02:21:19) ->    10(time 8590 - 02:23:10)(time 8590 - 02:23:10) ->    0(time 8590 - 02:23:10)(time 8795 - 02:26:35) ->    1(time 8868 - 02:27:48)(time 9067 - 02:31:07) ->    2(time 9178 - 02:32:58)(time 9370 - 02:36:10) ->    3(time 9443 - 02:37:23)(time 9662 - 02:41:02) ->    4(time 9735 - 02:42:15)(time 9931 - 02:45:31) ->    5(time 10004 - 02:46:44)(time 10211 - 02:50:11) ->    6(time 10284 - 02:51:24)(time 10488 - 02:54:48) ->    7(time 10853 - 03:00:53)(time 11048 - 03:04:08) ->    8(time 11413 - 03:10:13)(time 11601 - 03:13:21) ->    9(time 11966 - 03:19:26)(time 11966 - 03:19:26) -> 19
> Trip 2
   19(time 12970 - 03:36:10)(time 13158 - 03:39:18) ->    18(time 13523 - 03:45:23)(time 13718 - 03:48:38) ->    17(time 13791 - 03:49:51)(time 13995 - 03:53:15) ->    16(time 14360 - 03:59:20)(time 14567 - 04:02:47) ->    15(time 14932 - 04:08:52)(time 15128 - 04:12:08) ->    14(time 15493 - 04:18:13)(time 15712 - 04:21:52) ->    13(time 16077 - 04:27:57)(time 16269 - 04:31:09) ->    12(time 16342 - 04:32:22)(time 16541 - 04:35:41) ->    11(time 16614 - 04:36:54)(time 16819 - 04:40:19) ->    10(time 16930 - 04:42:10)(time 16930 - 04:42:10) ->    0(time 16930 - 04:42:10)(time 17135 - 04:45:35) ->    1(time 17208 - 04:46:48)(time 17407 - 04:50:07) ->    2(time 17480 - 04:51:20)(time 17672 - 04:54:32) ->    3(time 17745 - 04:55:45)(time 17964 - 04:59:24) ->    4(time 18037 - 05:00:37)(time 18233 - 05:03:53) ->    5(time 18306 - 05:05:06)(time 18513 - 05:08:33) ->    6(time 18586 - 05:09:46)(time 18790 - 05:13:10) ->    7(time 18863 - 05:14:23)(time 19058 - 05:17:38) ->    8(time 19095 - 05:18:15)(time 19283 - 05:21:23) ->    9(time 19394 - 05:23:14)(time 19394 - 05:23:14) -> 19
> Trip 3
   19(time 30853 - 08:34:13)(time 31041 - 08:37:21) ->    18(time 31078 - 08:37:58)(time 31273 - 08:41:13) ->    17(time 31346 - 08:42:26)(time 31550 - 08:45:50) ->    16(time 31623 - 08:47:03)(time 31830 - 08:50:30) ->    15(time 31903 - 08:51:43)(time 32099 - 08:54:59) ->    14(time 32172 - 08:56:12)(time 32391 - 08:59:51) ->    13(time 32464 - 09:01:04)(time 32656 - 09:04:16) ->    12(time 32729 - 09:05:29)(time 32928 - 09:08:48) ->    11(time 33001 - 09:10:01)(time 33206 - 09:13:26) ->    10(time 33317 - 09:15:17)(time 33317 - 09:15:17) ->    0(time 33317 - 09:15:17)(time 33522 - 09:18:42) ->    1(time 33595 - 09:19:55)(time 33794 - 09:23:14) ->    2(time 33867 - 09:24:27)(time 34059 - 09:27:39) ->    3(time 34132 - 09:28:52)(time 34351 - 09:32:31) ->    4(time 34424 - 09:33:44)(time 34620 - 09:37:00) ->    5(time 34693 - 09:38:13)(time 34900 - 09:41:40) ->    6(time 34973 - 09:42:53)(time 35177 - 09:46:17) ->    7(time 35250 - 09:47:30)(time 35445 - 09:50:45) ->    8(time 35482 - 09:51:22)(time 35670 - 09:54:30) ->    9(time 35781 - 09:56:21)(time 35781 - 09:56:21) -> 19
> Trip 4
   19(time 35836 - 09:57:16)(time 36024 - 10:00:24) ->    18(time 36061 - 10:01:01)(time 36256 - 10:04:16) ->    17(time 36329 - 10:05:29)(time 36533 - 10:08:53) ->    16(time 36606 - 10:10:06)(time 36813 - 10:13:33) ->    15(time 36886 - 10:14:46)(time 37082 - 10:18:02) ->    14(time 37155 - 10:19:15)(time 37374 - 10:22:54) ->    13(time 37447 - 10:24:07)(time 37639 - 10:27:19) ->    12(time 37712 - 10:28:32)(time 37911 - 10:31:51) ->    11(time 37984 - 10:33:04)(time 38189 - 10:36:29) ->    10(time 38300 - 10:38:20)(time 38300 - 10:38:20) ->    0(time 38300 - 10:38:20)(time 38505 - 10:41:45) ->    1(time 38578 - 10:42:58)(time 38777 - 10:46:17) ->    2(time 38850 - 10:47:30)(time 39042 - 10:50:42) ->    3(time 39115 - 10:51:55)(time 39334 - 10:55:34) ->    4(time 39407 - 10:56:47)(time 39603 - 11:00:03) ->    5(time 39676 - 11:01:16)(time 39883 - 11:04:43) ->    6(time 39956 - 11:05:56)(time 40160 - 11:09:20) ->    7(time 40233 - 11:10:33)(time 40428 - 11:13:48) ->    8(time 40465 - 11:14:25)(time 40653 - 11:17:33) ->    9(time 40764 - 11:19:24)(time 40764 - 11:19:24) -> 19
=============
Train 2
=============
> Trip 0
   19(time 938 - 00:15:38)(time 1126 - 00:18:46) ->    18(time 1163 - 00:19:23)(time 1358 - 00:22:38) ->    17(time 1431 - 00:23:51)(time 1635 - 00:27:15) ->    16(time 1708 - 00:28:28)(time 1915 - 00:31:55) ->    15(time 1988 - 00:33:08)(time 2184 - 00:36:24) ->    14(time 2257 - 00:37:37)(time 2476 - 00:41:16) ->    13(time 2549 - 00:42:29)(time 2741 - 00:45:41) ->    12(time 2814 - 00:46:54)(time 3013 - 00:50:13) ->    11(time 3124 - 00:52:04)(time 3329 - 00:55:29) ->    10(time 3440 - 00:57:20)(time 3440 - 00:57:20) ->    0(time 3551 - 00:59:11)(time 3756 - 01:02:36) ->    1(time 3829 - 01:03:49)(time 4028 - 01:07:08) ->    2(time 4101 - 01:08:21)(time 4293 - 01:11:33) ->    3(time 4366 - 01:12:46)(time 4585 - 01:16:25) ->    4(time 4658 - 01:17:38)(time 4854 - 01:20:54) ->    5(time 4927 - 01:22:07)(time 5134 - 01:25:34) ->    6(time 5207 - 01:26:47)(time 5411 - 01:30:11) ->    7(time 5484 - 01:31:24)(time 5679 - 01:34:39) ->    8(time 5716 - 01:35:16)(time 5904 - 01:38:24) ->    9(time 6015 - 01:40:15)(time 6015 - 01:40:15) -> 19
> Trip 1
   19(time 7799 - 02:09:59)(time 7987 - 02:13:07) ->    18(time 8130 - 02:15:30)(time 8325 - 02:18:45) ->    17(time 8398 - 02:19:58)(time 8602 - 02:23:22) ->    16(time 8675 - 02:24:35)(time 8882 - 02:28:02) ->    15(time 8955 - 02:29:15)(time 9151 - 02:32:31) ->    14(time 9224 - 02:33:44)(time 9443 - 02:37:23) ->    13(time 9516 - 02:38:36)(time 9708 - 02:41:48) ->    12(time 9781 - 02:43:01)(time 9980 - 02:46:20) ->    11(time 10091 - 02:48:11)(time 10296 - 02:51:36) ->    10(time 10407 - 02:53:27)(time 10407 - 02:53:27) ->    0(time 10407 - 02:53:27)(time 10612 - 02:56:52) ->    1(time 10685 - 02:58:05)(time 10884 - 03:01:24) ->    2(time 10957 - 03:02:37)(time 11149 - 03:05:49) ->    3(time 11222 - 03:07:02)(time 11441 - 03:10:41) ->    4(time 11514 - 03:11:54)(time 11710 - 03:15:10) ->    5(time 11783 - 03:16:23)(time 11990 - 03:19:50) ->    6(time 12063 - 03:21:03)(time 12267 - 03:24:27) ->    7(time 12340 - 03:25:40)(time 12535 - 03:28:55) ->    8(time 12572 - 03:29:32)(time 12760 - 03:32:40) ->    9(time 12871 - 03:34:31)(time 12871 - 03:34:31) -> 19
> Trip 2
   19(time 12871 - 03:34:31)(time 13059 - 03:37:39) ->    18(time 13096 - 03:38:16)(time 13291 - 03:41:31) ->    17(time 13364 - 03:42:44)(time 13568 - 03:46:08) ->    16(time 13641 - 03:47:21)(time 13848 - 03:50:48) ->    15(time 13921 - 03:52:01)(time 14117 - 03:55:17) ->    14(time 14190 - 03:56:30)(time 14409 - 04:00:09) ->    13(time 14482 - 04:01:22)(time 14674 - 04:04:34) ->    12(time 14747 - 04:05:47)(time 14946 - 04:09:06) ->    11(time 15019 - 04:10:19)(time 15224 - 04:13:44) ->    10(time 15335 - 04:15:35)(time 15335 - 04:15:35) ->    0(time 15335 - 04:15:35)(time 15540 - 04:19:00) ->    1(time 15613 - 04:20:13)(time 15812 - 04:23:32) ->    2(time 15885 - 04:24:45)(time 16077 - 04:27:57) ->    3(time 16150 - 04:29:10)(time 16369 - 04:32:49) ->    4(time 16442 - 04:34:02)(time 16638 - 04:37:18) ->    5(time 16711 - 04:38:31)(time 16918 - 04:41:58) ->    6(time 16991 - 04:43:11)(time 17195 - 04:46:35) ->    7(time 17323 - 04:48:43)(time 17518 - 04:51:58) ->    8(time 17555 - 04:52:35)(time 17743 - 04:55:43) ->    9(time 17854 - 04:57:34)(time 17854 - 04:57:34) -> 19
> Trip 3
   19(time 22104 - 06:08:24)(time 22292 - 06:11:32) ->    18(time 22329 - 06:12:09)(time 22524 - 06:15:24) ->    17(time 22889 - 06:21:29)(time 23093 - 06:24:53) ->    16(time 23215 - 06:26:55)(time 23422 - 06:30:22) ->    15(time 23495 - 06:31:35)(time 23691 - 06:34:51) ->    14(time 23764 - 06:36:04)(time 23983 - 06:39:43) ->    13(time 24115 - 06:41:55)(time 24307 - 06:45:07) ->    12(time 24380 - 06:46:20)(time 24579 - 06:49:39) ->    11(time 24652 - 06:50:52)(time 24857 - 06:54:17) ->    10(time 24968 - 06:56:08)(time 24968 - 06:56:08) ->    0(time 24968 - 06:56:08)(time 25173 - 06:59:33) ->    1(time 25276 - 07:01:16)(time 25475 - 07:04:35) ->    2(time 25548 - 07:05:48)(time 25740 - 07:09:00) ->    3(time 25813 - 07:10:13)(time 26032 - 07:13:52) ->    4(time 26105 - 07:15:05)(time 26301 - 07:18:21) ->    5(time 26374 - 07:19:34)(time 26581 - 07:23:01) ->    6(time 26654 - 07:24:14)(time 26858 - 07:27:38) ->    7(time 26931 - 07:28:51)(time 27126 - 07:32:06) ->    8(time 27163 - 07:32:43)(time 27351 - 07:35:51) ->    9(time 27462 - 07:37:42)(time 27462 - 07:37:42) -> 19
> Trip 4
   19(time 35909 - 09:58:29)(time 36097 - 10:01:37) ->    18(time 36134 - 10:02:14)(time 36329 - 10:05:29) ->    17(time 36402 - 10:06:42)(time 36606 - 10:10:06) ->    16(time 36679 - 10:11:19)(time 36886 - 10:14:46) ->    15(time 36959 - 10:15:59)(time 37155 - 10:19:15) ->    14(time 37228 - 10:20:28)(time 37447 - 10:24:07) ->    13(time 37520 - 10:25:20)(time 37712 - 10:28:32) ->    12(time 37785 - 10:29:45)(time 37984 - 10:33:04) ->    11(time 38095 - 10:34:55)(time 38300 - 10:38:20) ->    10(time 38411 - 10:40:11)(time 38411 - 10:40:11) ->    0(time 38411 - 10:40:11)(time 38616 - 10:43:36) ->    1(time 38689 - 10:44:49)(time 38888 - 10:48:08) ->    2(time 39072 - 10:51:12)(time 39264 - 10:54:24) ->    3(time 39337 - 10:55:37)(time 39556 - 10:59:16) ->    4(time 39629 - 11:00:29)(time 39825 - 11:03:45) ->    5(time 39898 - 11:04:58)(time 40105 - 11:08:25) ->    6(time 40178 - 11:09:38)(time 40382 - 11:13:02) ->    7(time 40455 - 11:14:15)(time 40650 - 11:17:30) ->    8(time 40687 - 11:18:07)(time 40875 - 11:21:15) ->    9(time 40986 - 11:23:06)(time 40986 - 11:23:06) -> 19
=============
Train 3
=============
> Trip 0
   19(time 2828 - 00:47:08)(time 3016 - 00:50:16) ->    18(time 3053 - 00:50:53)(time 3248 - 00:54:08) ->    17(time 3321 - 00:55:21)(time 3525 - 00:58:45) ->    16(time 3598 - 00:59:58)(time 3805 - 01:03:25) ->    15(time 3878 - 01:04:38)(time 4074 - 01:07:54) ->    14(time 4147 - 01:09:07)(time 4366 - 01:12:46) ->    13(time 4439 - 01:13:59)(time 4631 - 01:17:11) ->    12(time 4704 - 01:18:24)(time 4903 - 01:21:43) ->    11(time 4976 - 01:22:56)(time 5181 - 01:26:21) ->    10(time 5292 - 01:28:12)(time 5292 - 01:28:12) ->    0(time 5292 - 01:28:12)(time 5497 - 01:31:37) ->    1(time 5570 - 01:32:50)(time 5769 - 01:36:09) ->    2(time 5842 - 01:37:22)(time 6034 - 01:40:34) ->    3(time 6107 - 01:41:47)(time 6326 - 01:45:26) ->    4(time 6399 - 01:46:39)(time 6595 - 01:49:55) ->    5(time 6668 - 01:51:08)(time 6875 - 01:54:35) ->    6(time 6948 - 01:55:48)(time 7152 - 01:59:12) ->    7(time 7225 - 02:00:25)(time 7420 - 02:03:40) ->    8(time 7457 - 02:04:17)(time 7645 - 02:07:25) ->    9(time 7756 - 02:09:16)(time 7756 - 02:09:16) -> 19
> Trip 1
   19(time 7756 - 02:09:16)(time 7944 - 02:12:24) ->    18(time 7981 - 02:13:01)(time 8176 - 02:16:16) ->    17(time 8280 - 02:18:00)(time 8484 - 02:21:24) ->    16(time 8557 - 02:22:37)(time 8764 - 02:26:04) ->    15(time 8837 - 02:27:17)(time 9033 - 02:30:33) ->    14(time 9106 - 02:31:46)(time 9325 - 02:35:25) ->    13(time 9443 - 02:37:23)(time 9635 - 02:40:35) ->    12(time 9708 - 02:41:48)(time 9907 - 02:45:07) ->    11(time 9980 - 02:46:20)(time 10185 - 02:49:45) ->    10(time 10296 - 02:51:36)(time 10296 - 02:51:36) ->    0(time 10296 - 02:51:36)(time 10501 - 02:55:01) ->    1(time 10574 - 02:56:14)(time 10773 - 02:59:33) ->    2(time 10846 - 03:00:46)(time 11038 - 03:03:58) ->    3(time 11111 - 03:05:11)(time 11330 - 03:08:50) ->    4(time 11403 - 03:10:03)(time 11599 - 03:13:19) ->    5(time 11672 - 03:14:32)(time 11879 - 03:17:59) ->    6(time 11952 - 03:19:12)(time 12156 - 03:22:36) ->    7(time 12229 - 03:23:49)(time 12424 - 03:27:04) ->    8(time 12461 - 03:27:41)(time 12649 - 03:30:49) ->    9(time 12760 - 03:32:40)(time 12760 - 03:32:40) -> 19
> Trip 2
   19(time 20569 - 05:42:49)(time 20757 - 05:45:57) ->    18(time 20842 - 05:47:22)(time 21037 - 05:50:37) ->    17(time 21402 - 05:56:42)(time 21606 - 06:00:06) ->    16(time 21679 - 06:01:19)(time 21886 - 06:04:46) ->    15(time 21959 - 06:05:59)(time 22155 - 06:09:15) ->    14(time 22228 - 06:10:28)(time 22447 - 06:14:07) ->    13(time 22520 - 06:15:20)(time 22712 - 06:18:32) ->    12(time 22785 - 06:19:45)(time 22984 - 06:23:04) ->    11(time 23057 - 06:24:17)(time 23262 - 06:27:42) ->    10(time 23373 - 06:29:33)(time 23373 - 06:29:33) ->    0(time 23373 - 06:29:33)(time 23578 - 06:32:58) ->    1(time 23651 - 06:34:11)(time 23850 - 06:37:30) ->    2(time 23923 - 06:38:43)(time 24115 - 06:41:55) ->    3(time 24188 - 06:43:08)(time 24407 - 06:46:47) ->    4(time 24480 - 06:48:00)(time 24676 - 06:51:16) ->    5(time 24749 - 06:52:29)(time 24956 - 06:55:56) ->    6(time 25029 - 06:57:09)(time 25233 - 07:00:33) ->    7(time 25426 - 07:03:46)(time 25621 - 07:07:01) ->    8(time 25658 - 07:07:38)(time 25846 - 07:10:46) ->    9(time 25957 - 07:12:37)(time 25957 - 07:12:37) -> 19
> Trip 3
   19(time 25957 - 07:12:37)(time 26145 - 07:15:45) ->    18(time 26182 - 07:16:22)(time 26377 - 07:19:37) ->    17(time 26450 - 07:20:50)(time 26654 - 07:24:14) ->    16(time 26727 - 07:25:27)(time 26934 - 07:28:54) ->    15(time 27007 - 07:30:07)(time 27203 - 07:33:23) ->    14(time 27276 - 07:34:36)(time 27495 - 07:38:15) ->    13(time 27568 - 07:39:28)(time 27760 - 07:42:40) ->    12(time 27833 - 07:43:53)(time 28032 - 07:47:12) ->    11(time 28105 - 07:48:25)(time 28310 - 07:51:50) ->    10(time 28421 - 07:53:41)(time 28421 - 07:53:41) ->    0(time 28421 - 07:53:41)(time 28626 - 07:57:06) ->    1(time 28699 - 07:58:19)(time 28898 - 08:01:38) ->    2(time 28971 - 08:02:51)(time 29163 - 08:06:03) ->    3(time 29236 - 08:07:16)(time 29455 - 08:10:55) ->    4(time 29528 - 08:12:08)(time 29724 - 08:15:24) ->    5(time 29797 - 08:16:37)(time 30004 - 08:20:04) ->    6(time 30077 - 08:21:17)(time 30281 - 08:24:41) ->    7(time 30433 - 08:27:13)(time 30628 - 08:30:28) ->    8(time 30665 - 08:31:05)(time 30853 - 08:34:13) ->    9(time 31218 - 08:40:18)(time 31218 - 08:40:18) -> 19
> Trip 4
   19(time 33838 - 09:23:58)(time 34026 - 09:27:06) ->    18(time 34063 - 09:27:43)(time 34258 - 09:30:58) ->    17(time 34331 - 09:32:11)(time 34535 - 09:35:35) ->    16(time 34900 - 09:41:40)(time 35107 - 09:45:07) ->    15(time 35180 - 09:46:20)(time 35376 - 09:49:36) ->    14(time 35473 - 09:51:13)(time 35692 - 09:54:52) ->    13(time 35765 - 09:56:05)(time 35957 - 09:59:17) ->    12(time 36030 - 10:00:30)(time 36229 - 10:03:49) ->    11(time 36302 - 10:05:02)(time 36507 - 10:08:27) ->    10(time 36705 - 10:11:45)(time 36705 - 10:11:45) ->    0(time 36705 - 10:11:45)(time 36910 - 10:15:10) ->    1(time 36983 - 10:16:23)(time 37182 - 10:19:42) ->    2(time 37255 - 10:20:55)(time 37447 - 10:24:07) ->    3(time 37812 - 10:30:12)(time 38031 - 10:33:51) ->    4(time 38104 - 10:35:04)(time 38300 - 10:38:20) ->    5(time 38373 - 10:39:33)(time 38580 - 10:43:00) ->    6(time 38945 - 10:49:05)(time 39149 - 10:52:29) ->    7(time 39222 - 10:53:42)(time 39417 - 10:56:57) ->    8(time 39782 - 11:03:02)(time 39970 - 11:06:10) ->    9(time 40081 - 11:08:01)(time 40081 - 11:08:01) -> 19
=============
Train 4
=============
> Trip 0
   19(time 4510 - 01:15:10)(time 4698 - 01:18:18) ->    18(time 4735 - 01:18:55)(time 4930 - 01:22:10) ->    17(time 5003 - 01:23:23)(time 5207 - 01:26:47) ->    16(time 5280 - 01:28:00)(time 5487 - 01:31:27) ->    15(time 5560 - 01:32:40)(time 5756 - 01:35:56) ->    14(time 5829 - 01:37:09)(time 6048 - 01:40:48) ->    13(time 6121 - 01:42:01)(time 6313 - 01:45:13) ->    12(time 6386 - 01:46:26)(time 6585 - 01:49:45) ->    11(time 6658 - 01:50:58)(time 6863 - 01:54:23) ->    10(time 6974 - 01:56:14)(time 6974 - 01:56:14) ->    0(time 6974 - 01:56:14)(time 7179 - 01:59:39) ->    1(time 7252 - 02:00:52)(time 7451 - 02:04:11) ->    2(time 7524 - 02:05:24)(time 7716 - 02:08:36) ->    3(time 7789 - 02:09:49)(time 8008 - 02:13:28) ->    4(time 8081 - 02:14:41)(time 8277 - 02:17:57) ->    5(time 8350 - 02:19:10)(time 8557 - 02:22:37) ->    6(time 8630 - 02:23:50)(time 8834 - 02:27:14) ->    7(time 8907 - 02:28:27)(time 9102 - 02:31:42) ->    8(time 9139 - 02:32:19)(time 9327 - 02:35:27) ->    9(time 9438 - 02:37:18)(time 9438 - 02:37:18) -> 19
> Trip 1
   19(time 16207 - 04:30:07)(time 16395 - 04:33:15) ->    18(time 16432 - 04:33:52)(time 16627 - 04:37:07) ->    17(time 16700 - 04:38:20)(time 16904 - 04:41:44) ->    16(time 16977 - 04:42:57)(time 17184 - 04:46:24) ->    15(time 17257 - 04:47:37)(time 17453 - 04:50:53) ->    14(time 17526 - 04:52:06)(time 17745 - 04:55:45) ->    13(time 18110 - 05:01:50)(time 18302 - 05:05:02) ->    12(time 18667 - 05:11:07)(time 18866 - 05:14:26) ->    11(time 19231 - 05:20:31)(time 19436 - 05:23:56) ->    10(time 19731 - 05:28:51)(time 19731 - 05:28:51) ->    0(time 20096 - 05:34:56)(time 20301 - 05:38:21) ->    1(time 20374 - 05:39:34)(time 20573 - 05:42:53) ->    2(time 20646 - 05:44:06)(time 20838 - 05:47:18) ->    3(time 20911 - 05:48:31)(time 21130 - 05:52:10) ->    4(time 21203 - 05:53:23)(time 21399 - 05:56:39) ->    5(time 21472 - 05:57:52)(time 21679 - 06:01:19) ->    6(time 21752 - 06:02:32)(time 21956 - 06:05:56) ->    7(time 22060 - 06:07:40)(time 22255 - 06:10:55) ->    8(time 22292 - 06:11:32)(time 22480 - 06:14:40) ->    9(time 22591 - 06:16:31)(time 22591 - 06:16:31) -> 19
> Trip 2
   19(time 22591 - 06:16:31)(time 22779 - 06:19:39) ->    18(time 22816 - 06:20:16)(time 23011 - 06:23:31) ->    17(time 23084 - 06:24:44)(time 23288 - 06:28:08) ->    16(time 23385 - 06:29:45)(time 23592 - 06:33:12) ->    15(time 23665 - 06:34:25)(time 23861 - 06:37:41) ->    14(time 23934 - 06:38:54)(time 24153 - 06:42:33) ->    13(time 24226 - 06:43:46)(time 24418 - 06:46:58) ->    12(time 24491 - 06:48:11)(time 24690 - 06:51:30) ->    11(time 24763 - 06:52:43)(time 24968 - 06:56:08) ->    10(time 25079 - 06:57:59)(time 25079 - 06:57:59) ->    0(time 25109 - 06:58:29)(time 25314 - 07:01:54) ->    1(time 25387 - 07:03:07)(time 25586 - 07:06:26) ->    2(time 25659 - 07:07:39)(time 25851 - 07:10:51) ->    3(time 25924 - 07:12:04)(time 26143 - 07:15:43) ->    4(time 26216 - 07:16:56)(time 26412 - 07:20:12) ->    5(time 26485 - 07:21:25)(time 26692 - 07:24:52) ->    6(time 26765 - 07:26:05)(time 26969 - 07:29:29) ->    7(time 27042 - 07:30:42)(time 27237 - 07:33:57) ->    8(time 27274 - 07:34:34)(time 27462 - 07:37:42) ->    9(time 27573 - 07:39:33)(time 27573 - 07:39:33) -> 19
> Trip 3
   19(time 27573 - 07:39:33)(time 27761 - 07:42:41) ->    18(time 27798 - 07:43:18)(time 27993 - 07:46:33) ->    17(time 28066 - 07:47:46)(time 28270 - 07:51:10) ->    16(time 28343 - 07:52:23)(time 28550 - 07:55:50) ->    15(time 28623 - 07:57:03)(time 28819 - 08:00:19) ->    14(time 28892 - 08:01:32)(time 29111 - 08:05:11) ->    13(time 29184 - 08:06:24)(time 29376 - 08:09:36) ->    12(time 29449 - 08:10:49)(time 29648 - 08:14:08) ->    11(time 29721 - 08:15:21)(time 29926 - 08:18:46) ->    10(time 30037 - 08:20:37)(time 30037 - 08:20:37) ->    0(time 30037 - 08:20:37)(time 30242 - 08:24:02) ->    1(time 30315 - 08:25:15)(time 30514 - 08:28:34) ->    2(time 30587 - 08:29:47)(time 30779 - 08:32:59) ->    3(time 30852 - 08:34:12)(time 31071 - 08:37:51) ->    4(time 31147 - 08:39:07)(time 31343 - 08:42:23) ->    5(time 31416 - 08:43:36)(time 31623 - 08:47:03) ->    6(time 31696 - 08:48:16)(time 31900 - 08:51:40) ->    7(time 31973 - 08:52:53)(time 32168 - 08:56:08) ->    8(time 32205 - 08:56:45)(time 32393 - 08:59:53) ->    9(time 32504 - 09:01:44)(time 32504 - 09:01:44) -> 19
> Trip 4
   19(time 32559 - 09:02:39)(time 32747 - 09:05:47) ->    18(time 32784 - 09:06:24)(time 32979 - 09:09:39) ->    17(time 33052 - 09:10:52)(time 33256 - 09:14:16) ->    16(time 33329 - 09:15:29)(time 33536 - 09:18:56) ->    15(time 33609 - 09:20:09)(time 33805 - 09:23:25) ->    14(time 33878 - 09:24:38)(time 34097 - 09:28:17) ->    13(time 34170 - 09:29:30)(time 34362 - 09:32:42) ->    12(time 34435 - 09:33:55)(time 34634 - 09:37:14) ->    11(time 34707 - 09:38:27)(time 34912 - 09:41:52) ->    10(time 35023 - 09:43:43)(time 35023 - 09:43:43) ->    0(time 35023 - 09:43:43)(time 35228 - 09:47:08) ->    1(time 35301 - 09:48:21)(time 35500 - 09:51:40) ->    2(time 35573 - 09:52:53)(time 35765 - 09:56:05) ->    3(time 35838 - 09:57:18)(time 36057 - 10:00:57) ->    4(time 36130 - 10:02:10)(time 36326 - 10:05:26) ->    5(time 36399 - 10:06:39)(time 36606 - 10:10:06) ->    6(time 36971 - 10:16:11)(time 37175 - 10:19:35) ->    7(time 37540 - 10:25:40)(time 37735 - 10:28:55) ->    8(time 38100 - 10:35:00)(time 38288 - 10:38:08) ->    9(time 38653 - 10:44:13)(time 38653 - 10:44:13) -> 19
