t5p15r2h2.txt:
   > Trying to open the instance file...
   > Reading number of trains...
   > Reading maximum number of trips per train...
   > Reading time intervals...
   > Reading number of points...
   > Reading stations...
   > Reading crossings...
   > Reading depots...
   > Reading initial point...
   > Reading routes...
   > Reading distance and distance and service...
   > Reading demands...
   > Reading maximum time...
   > Reading alpha...

--------------------------------
 Printing instance
--------------------------------
number of trains = 5
	max trips per trains: 2     2     2     2     2
number of intervals = 2
	(0,  21776)	(21777,  43553)
number of points = 15
	initial point: 0
	stations: 0     1     2     3     4     5     6     7     8     9    10    11    12    13    14
	crossings: 0     5     6    10    14
	depots: 0    14
number of vertices = 30
	total vertices: 0     1     2     3     4     5     6     7     8     9    10    11    12    13    14    15    16    17    18    19    20    21    22    23    24    25    26    27    28    29
	upper vertices: 0     1     2     3     4     5     6     7     8     9    10    11    12    13    14
	lower vertices: 15    16    17    18    19    20    21    22    23    24    25    26    27    28    29
	vertices of point #0: (0, 15)
	vertices of point #1: (1, 16)
	vertices of point #2: (2, 17)
	vertices of point #3: (3, 18)
	vertices of point #4: (4, 19)
	vertices of point #5: (5, 20)
	vertices of point #6: (6, 21)
	vertices of point #7: (7, 22)
	vertices of point #8: (8, 23)
	vertices of point #9: (9, 24)
	vertices of point #10: (10, 25)
	vertices of point #11: (11, 26)
	vertices of point #12: (12, 27)
	vertices of point #13: (13, 28)
	vertices of point #14: (14, 29)

arcs...
	total arcs: 
		arc #0: (0, 1)
		arc #1: (0, 15)
		arc #2: (15, 0)
		arc #3: (1, 2)
		arc #4: (16, 15)
		arc #5: (2, 3)
		arc #6: (17, 16)
		arc #7: (3, 4)
		arc #8: (18, 17)
		arc #9: (4, 5)
		arc #10: (19, 18)
		arc #11: (5, 6)
		arc #12: (20, 19)
		arc #13: (6, 7)
		arc #14: (21, 20)
		arc #15: (7, 8)
		arc #16: (22, 21)
		arc #17: (8, 9)
		arc #18: (23, 22)
		arc #19: (9, 10)
		arc #20: (24, 23)
		arc #21: (10, 11)
		arc #22: (25, 24)
		arc #23: (11, 12)
		arc #24: (26, 25)
		arc #25: (12, 13)
		arc #26: (27, 26)
		arc #27: (13, 14)
		arc #28: (28, 27)
		arc #29: (29, 28)
		arc #30: (14, 29)
		arc #31: (29, 14)

	reverse arcs: 
		arc #1: (0, 15)
		arc #2: (15, 0)
		arc #30: (14, 29)
		arc #31: (29, 14)


incompatible points...
	(0, 4, 20, (4, 5))	(20, 16, 0, (16, 15))	(5, 5, 21, (5, 6))	(21, 21, 5, (21, 20))	(6, 9, 25, (9, 10))	(25, 22, 6, (22, 21))	(10, 13, 29, (13, 14))	(29, 26, 10, (26, 25))

number of routes = 2
vertices of routes...
	route #0: 0     1     2     3     4     5     6     7     8     9    10    11    12    13    14    29    28    27    26    25    24    23    22    21    20    19    18    17    16    15     0
	route #1: 29    28    27    26    25    24    23    22    21    20    19    18    17    16    15     0     1     2     3     4     5     6     7     8     9    10    11    12    13    14    29
arcs of routes...
	route #0: 0     3     5     7     9    11    13    15    17    19    21    23    25    27    30    29    28    26    24    22    20    18    16    14    12    10     8     6     4     2
	route #1: 29    28    26    24    22    20    18    16    14    12    10     8     6     4     2     0     3     5     7     9    11    13    15    17    19    21    23    25    27    30

incompatible routes...
	(0, 1)    	(1, 0)

vertices that can be adjacent in consecutive trips...
	(0, 0)    	(29, 29)
non cyclical routes: 


routes of trip...
	routes that train #0 can complete at trip #0: 0
	routes that train #0 can complete at trip #1: 0       1

	routes that train #1 can complete at trip #0: 0
	routes that train #1 can complete at trip #1: 0       1

	routes that train #2 can complete at trip #0: 0
	routes that train #2 can complete at trip #1: 0       1

	routes that train #3 can complete at trip #0: 0
	routes that train #3 can complete at trip #1: 0       1

	routes that train #4 can complete at trip #0: 0
	routes that train #4 can complete at trip #1: 0       1

 cost...
	arc #0 [0][1]: 444
	arc #1 [0][15]: 0
	arc #2 [15][0]: 0
	arc #3 [1][2]: 459
	arc #4 [16][15]: 444
	arc #5 [2][3]: 388
	arc #6 [17][16]: 459
	arc #7 [3][4]: 440
	arc #8 [18][17]: 388
	arc #9 [4][5]: 416
	arc #10 [19][18]: 440
	arc #11 [5][6]: 405
	arc #12 [20][19]: 416
	arc #13 [6][7]: 446
	arc #14 [21][20]: 405
	arc #15 [7][8]: 397
	arc #16 [22][21]: 446
	arc #17 [8][9]: 431
	arc #18 [23][22]: 397
	arc #19 [9][10]: 456
	arc #20 [24][23]: 431
	arc #21 [10][11]: 450
	arc #22 [25][24]: 456
	arc #23 [11][12]: 446
	arc #24 [26][25]: 450
	arc #25 [12][13]: 424
	arc #26 [27][26]: 446
	arc #27 [13][14]: 403
	arc #28 [28][27]: 424
	arc #29 [29][28]: 403
	arc #30 [14][29]: 0
	arc #31 [29][14]: 0

cost with minimum service...
	arc #0 [0][1]: 508
	arc #1 [0][15]: 0
	arc #2 [15][0]: 0
	arc #3 [1][2]: 523
	arc #4 [16][15]: 741
	arc #5 [2][3]: 452
	arc #6 [17][16]: 523
	arc #7 [3][4]: 504
	arc #8 [18][17]: 452
	arc #9 [4][5]: 480
	arc #10 [19][18]: 504
	arc #11 [5][6]: 469
	arc #12 [20][19]: 480
	arc #13 [6][7]: 510
	arc #14 [21][20]: 469
	arc #15 [7][8]: 461
	arc #16 [22][21]: 510
	arc #17 [8][9]: 495
	arc #18 [23][22]: 461
	arc #19 [9][10]: 520
	arc #20 [24][23]: 495
	arc #21 [10][11]: 514
	arc #22 [25][24]: 520
	arc #23 [11][12]: 510
	arc #24 [26][25]: 514
	arc #25 [12][13]: 488
	arc #26 [27][26]: 510
	arc #27 [13][14]: 700
	arc #28 [28][27]: 488
	arc #29 [29][28]: 467
	arc #30 [14][29]: 0
	arc #31 [29][14]: 0

cost with maximum service...
	arc #0 [0][1]: 967
	arc #1 [0][15]: 523
	arc #2 [15][0]: 523
	arc #3 [1][2]: 982
	arc #4 [16][15]: 967
	arc #5 [2][3]: 911
	arc #6 [17][16]: 982
	arc #7 [3][4]: 963
	arc #8 [18][17]: 911
	arc #9 [4][5]: 939
	arc #10 [19][18]: 963
	arc #11 [5][6]: 928
	arc #12 [20][19]: 939
	arc #13 [6][7]: 969
	arc #14 [21][20]: 928
	arc #15 [7][8]: 920
	arc #16 [22][21]: 969
	arc #17 [8][9]: 954
	arc #18 [23][22]: 920
	arc #19 [9][10]: 979
	arc #20 [24][23]: 954
	arc #21 [10][11]: 973
	arc #22 [25][24]: 979
	arc #23 [11][12]: 969
	arc #24 [26][25]: 973
	arc #25 [12][13]: 947
	arc #26 [27][26]: 969
	arc #27 [13][14]: 926
	arc #28 [28][27]: 947
	arc #29 [29][28]: 926
	arc #30 [14][29]: 523
	arc #31 [29][14]: 523

demands...
	demands of vertex 0 at time interval: 3     3
	demands of vertex 1 at time interval: 3     3
	demands of vertex 2 at time interval: 3     3
	demands of vertex 3 at time interval: 3     3
	demands of vertex 4 at time interval: 3     3
	demands of vertex 5 at time interval: 3     3
	demands of vertex 6 at time interval: 3     3
	demands of vertex 7 at time interval: 3     3
	demands of vertex 8 at time interval: 3     3
	demands of vertex 9 at time interval: 3     3
	demands of vertex 10 at time interval: 3     3
	demands of vertex 11 at time interval: 3     3
	demands of vertex 12 at time interval: 3     3
	demands of vertex 13 at time interval: 3     3
	demands of vertex 14 at time interval: 0     0
	demands of vertex 15 at time interval: 0     0
	demands of vertex 16 at time interval: 3     3
	demands of vertex 17 at time interval: 3     3
	demands of vertex 18 at time interval: 3     3
	demands of vertex 19 at time interval: 3     3
	demands of vertex 20 at time interval: 3     3
	demands of vertex 21 at time interval: 3     3
	demands of vertex 22 at time interval: 3     3
	demands of vertex 23 at time interval: 3     3
	demands of vertex 24 at time interval: 3     3
	demands of vertex 25 at time interval: 3     3
	demands of vertex 26 at time interval: 3     3
	demands of vertex 27 at time interval: 3     3
	demands of vertex 28 at time interval: 3     3
	demands of vertex 29 at time interval: 3     3

maximum time = 43553
alpha = 54

Selecting set of cyclical routes...

Selecting set of initial routes...

Creating initial set of candidate combinations...
Solving candidate combinations...

Found new best - 1/1 candidate combination(s) tested! (Thread 0)

Removing trips...

Solving candidate combinations...

1/4 candidate combination(s) tested! (Thread 0)
2/4 candidate combination(s) tested! (Thread 0)
3/4 candidate combination(s) tested! (Thread 0)
4/4 candidate combination(s) tested! (Thread 0)

Relaxing trips, so the model can make changes...

>> Printing some results...
    -> Solution value = 25004 - 06:56:44
    -> Total time = 2419.23

=============
Train 0
=============
> Trip 0
   0(time 7162 - 01:59:22)(time 7606 - 02:06:46) ->    1(time 7670 - 02:07:50)(time 8129 - 02:15:29) ->    2(time 8193 - 02:16:33)(time 8581 - 02:23:01) ->    3(time 8645 - 02:24:05)(time 9085 - 02:31:25) ->    4(time 9149 - 02:32:29)(time 9565 - 02:39:25) ->    5(time 9629 - 02:40:29)(time 10034 - 02:47:14) ->    6(time 10098 - 02:48:18)(time 10544 - 02:55:44) ->    7(time 10608 - 02:56:48)(time 11005 - 03:03:25) ->    8(time 11069 - 03:04:29)(time 11500 - 03:11:40) ->    9(time 11564 - 03:12:44)(time 12020 - 03:20:20) ->    10(time 12317 - 03:25:17)(time 12767 - 03:32:47) ->    11(time 12831 - 03:33:51)(time 13277 - 03:41:17) ->    12(time 13341 - 03:42:21)(time 13765 - 03:49:25) ->    13(time 13829 - 03:50:29)(time 14232 - 03:57:12) ->    14(time 14529 - 04:02:09)(time 14529 - 04:02:09) ->    29(time 14529 - 04:02:09)(time 14932 - 04:08:52) ->    28(time 14996 - 04:09:56)(time 15420 - 04:17:00) ->    27(time 15484 - 04:18:04)(time 15930 - 04:25:30) ->    26(time 16208 - 04:30:08)(time 16658 - 04:37:38) ->    25(time 16722 - 04:38:42)(time 17178 - 04:46:18) ->    24(time 17242 - 04:47:22)(time 17673 - 04:54:33) ->    23(time 17737 - 04:55:37)(time 18134 - 05:02:14) ->    22(time 18268 - 05:04:28)(time 18714 - 05:11:54) ->    21(time 19237 - 05:20:37)(time 19642 - 05:27:22) ->    20(time 19875 - 05:31:15)(time 20291 - 05:38:11) ->    19(time 20355 - 05:39:15)(time 20795 - 05:46:35) ->    18(time 20859 - 05:47:39)(time 21247 - 05:54:07) ->    17(time 21311 - 05:55:11)(time 21770 - 06:02:50) ->    16(time 21834 - 06:03:54)(time 22278 - 06:11:18) ->    15(time 22575 - 06:16:15)(time 22575 - 06:16:15) -> 0
> Trip 1
   0(time 27148 - 07:32:28)(time 27592 - 07:39:52) ->    1(time 27889 - 07:44:49)(time 28348 - 07:52:28) ->    2(time 28412 - 07:53:32)(time 28800 - 08:00:00) ->    3(time 28864 - 08:01:04)(time 29304 - 08:08:24) ->    4(time 29368 - 08:09:28)(time 29784 - 08:16:24) ->    5(time 29848 - 08:17:28)(time 30253 - 08:24:13) ->    6(time 30317 - 08:25:17)(time 30763 - 08:32:43) ->    7(time 30827 - 08:33:47)(time 31224 - 08:40:24) ->    8(time 31288 - 08:41:28)(time 31719 - 08:48:39) ->    9(time 31783 - 08:49:43)(time 32239 - 08:57:19) ->    10(time 32303 - 08:58:23)(time 32753 - 09:05:53) ->    11(time 32817 - 09:06:57)(time 33263 - 09:14:23) ->    12(time 33327 - 09:15:27)(time 33751 - 09:22:31) ->    13(time 33815 - 09:23:35)(time 34218 - 09:30:18) ->    14(time 34515 - 09:35:15)(time 34515 - 09:35:15) ->    29(time 34515 - 09:35:15)(time 34918 - 09:41:58) ->    28(time 34982 - 09:43:02)(time 35406 - 09:50:06) ->    27(time 35470 - 09:51:10)(time 35916 - 09:58:36) ->    26(time 35980 - 09:59:40)(time 36430 - 10:07:10) ->    25(time 36494 - 10:08:14)(time 36950 - 10:15:50) ->    24(time 37014 - 10:16:54)(time 37445 - 10:24:05) ->    23(time 37509 - 10:25:09)(time 37906 - 10:31:46) ->    22(time 37970 - 10:32:50)(time 38416 - 10:40:16) ->    21(time 38480 - 10:41:20)(time 38885 - 10:48:05) ->    20(time 38949 - 10:49:09)(time 39365 - 10:56:05) ->    19(time 39429 - 10:57:09)(time 39869 - 11:04:29) ->    18(time 39933 - 11:05:33)(time 40321 - 11:12:01) ->    17(time 40385 - 11:13:05)(time 40844 - 11:20:44) ->    16(time 40908 - 11:21:48)(time 41352 - 11:29:12) ->    15(time 41649 - 11:34:09)(time 41649 - 11:34:09) -> 0
=============
Train 1
=============
> Trip 0
   0(time 7098 - 01:58:18)(time 7542 - 02:05:42) ->    1(time 7606 - 02:06:46)(time 8065 - 02:14:25) ->    2(time 8129 - 02:15:29)(time 8517 - 02:21:57) ->    3(time 8581 - 02:23:01)(time 9021 - 02:30:21) ->    4(time 9085 - 02:31:25)(time 9501 - 02:38:21) ->    5(time 9565 - 02:39:25)(time 9970 - 02:46:10) ->    6(time 10034 - 02:47:14)(time 10480 - 02:54:40) ->    7(time 10544 - 02:55:44)(time 10941 - 03:02:21) ->    8(time 11005 - 03:03:25)(time 11436 - 03:10:36) ->    9(time 11500 - 03:11:40)(time 11956 - 03:19:16) ->    10(time 12020 - 03:20:20)(time 12470 - 03:27:50) ->    11(time 12534 - 03:28:54)(time 12980 - 03:36:20) ->    12(time 13044 - 03:37:24)(time 13468 - 03:44:28) ->    13(time 13532 - 03:45:32)(time 13935 - 03:52:15) ->    14(time 14232 - 03:57:12)(time 14232 - 03:57:12) ->    29(time 14232 - 03:57:12)(time 14635 - 04:03:55) ->    28(time 14699 - 04:04:59)(time 15123 - 04:12:03) ->    27(time 15187 - 04:13:07)(time 15633 - 04:20:33) ->    26(time 15697 - 04:21:37)(time 16147 - 04:29:07) ->    25(time 16658 - 04:37:38)(time 17114 - 04:45:14) ->    24(time 17178 - 04:46:18)(time 17609 - 04:53:29) ->    23(time 17673 - 04:54:33)(time 18070 - 05:01:10) ->    22(time 18134 - 05:02:14)(time 18580 - 05:09:40) ->    21(time 18650 - 05:10:50)(time 19055 - 05:17:35) ->    20(time 19578 - 05:26:18)(time 19994 - 05:33:14) ->    19(time 20058 - 05:34:18)(time 20498 - 05:41:38) ->    18(time 20562 - 05:42:42)(time 20950 - 05:49:10) ->    17(time 21014 - 05:50:14)(time 21473 - 05:57:53) ->    16(time 21537 - 05:58:57)(time 21981 - 06:06:21) ->    15(time 22278 - 06:11:18)(time 22278 - 06:11:18) -> 0
> Trip 1
   0(time 22278 - 06:11:18)(time 22722 - 06:18:42) ->    1(time 22786 - 06:19:46)(time 23245 - 06:27:25) ->    2(time 23309 - 06:28:29)(time 23697 - 06:34:57) ->    3(time 23761 - 06:36:01)(time 24201 - 06:43:21) ->    4(time 24265 - 06:44:25)(time 24681 - 06:51:21) ->    5(time 24745 - 06:52:25)(time 25150 - 06:59:10) ->    6(time 25214 - 07:00:14)(time 25660 - 07:07:40) ->    7(time 25724 - 07:08:44)(time 26121 - 07:15:21) ->    8(time 26185 - 07:16:25)(time 26616 - 07:23:36) ->    9(time 26829 - 07:27:09)(time 27285 - 07:34:45) ->    10(time 27808 - 07:43:28)(time 28258 - 07:50:58) ->    11(time 28322 - 07:52:02)(time 28768 - 07:59:28) ->    12(time 28832 - 08:00:32)(time 29256 - 08:07:36) ->    13(time 29320 - 08:08:40)(time 29723 - 08:15:23) ->    14(time 30020 - 08:20:20)(time 30020 - 08:20:20) ->    29(time 30020 - 08:20:20)(time 30423 - 08:27:03) ->    28(time 30487 - 08:28:07)(time 30911 - 08:35:11) ->    27(time 30975 - 08:36:15)(time 31421 - 08:43:41) ->    26(time 31485 - 08:44:45)(time 31935 - 08:52:15) ->    25(time 32303 - 08:58:23)(time 32759 - 09:05:59) ->    24(time 32823 - 09:07:03)(time 33254 - 09:14:14) ->    23(time 33318 - 09:15:18)(time 33715 - 09:21:55) ->    22(time 33779 - 09:22:59)(time 34225 - 09:30:25) ->    21(time 34289 - 09:31:29)(time 34694 - 09:38:14) ->    20(time 34758 - 09:39:18)(time 35174 - 09:46:14) ->    19(time 35238 - 09:47:18)(time 35678 - 09:54:38) ->    18(time 35742 - 09:55:42)(time 36130 - 10:02:10) ->    17(time 36194 - 10:03:14)(time 36653 - 10:10:53) ->    16(time 36717 - 10:11:57)(time 37161 - 10:19:21) ->    15(time 37458 - 10:24:18)(time 37458 - 10:24:18) -> 0
=============
Train 2
=============
> Trip 0
   0(time 2674 - 00:44:34)(time 3118 - 00:51:58) ->    1(time 3182 - 00:53:02)(time 3641 - 01:00:41) ->    2(time 3705 - 01:01:45)(time 4093 - 01:08:13) ->    3(time 4157 - 01:09:17)(time 4597 - 01:16:37) ->    4(time 4661 - 01:17:41)(time 5077 - 01:24:37) ->    5(time 5141 - 01:25:41)(time 5546 - 01:32:26) ->    6(time 5610 - 01:33:30)(time 6056 - 01:40:56) ->    7(time 6120 - 01:42:00)(time 6517 - 01:48:37) ->    8(time 6581 - 01:49:41)(time 7012 - 01:56:52) ->    9(time 7076 - 01:57:56)(time 7532 - 02:05:32) ->    10(time 7596 - 02:06:36)(time 8046 - 02:14:06) ->    11(time 8110 - 02:15:10)(time 8556 - 02:22:36) ->    12(time 8620 - 02:23:40)(time 9044 - 02:30:44) ->    13(time 9108 - 02:31:48)(time 9511 - 02:38:31) ->    14(time 9808 - 02:43:28)(time 9808 - 02:43:28) ->    29(time 10041 - 02:47:21)(time 10444 - 02:54:04) ->    28(time 10508 - 02:55:08)(time 10932 - 03:02:12) ->    27(time 10996 - 03:03:16)(time 11442 - 03:10:42) ->    26(time 11506 - 03:11:46)(time 11956 - 03:19:16) ->    25(time 12020 - 03:20:20)(time 12476 - 03:27:56) ->    24(time 12540 - 03:29:00)(time 12971 - 03:36:11) ->    23(time 13035 - 03:37:15)(time 13432 - 03:43:52) ->    22(time 13496 - 03:44:56)(time 13942 - 03:52:22) ->    21(time 14006 - 03:53:26)(time 14411 - 04:00:11) ->    20(time 14475 - 04:01:15)(time 14891 - 04:08:11) ->    19(time 14955 - 04:09:15)(time 15395 - 04:16:35) ->    18(time 15459 - 04:17:39)(time 15847 - 04:24:07) ->    17(time 15911 - 04:25:11)(time 16370 - 04:32:50) ->    16(time 16434 - 04:33:54)(time 16878 - 04:41:18) ->    15(time 17175 - 04:46:15)(time 17175 - 04:46:15) -> 0
> Trip 1
   0(time 17175 - 04:46:15)(time 17619 - 04:53:39) ->    1(time 17683 - 04:54:43)(time 18142 - 05:02:22) ->    2(time 18206 - 05:03:26)(time 18594 - 05:09:54) ->    3(time 18658 - 05:10:58)(time 19098 - 05:18:18) ->    4(time 19162 - 05:19:22)(time 19578 - 05:26:18) ->    5(time 19642 - 05:27:22)(time 20047 - 05:34:07) ->    6(time 20111 - 05:35:11)(time 20557 - 05:42:37) ->    7(time 20621 - 05:43:41)(time 21018 - 05:50:18) ->    8(time 21082 - 05:51:22)(time 21513 - 05:58:33) ->    9(time 21577 - 05:59:37)(time 22033 - 06:07:13) ->    10(time 22556 - 06:15:56)(time 23006 - 06:23:26) ->    11(time 23070 - 06:24:30)(time 23516 - 06:31:56) ->    12(time 23580 - 06:33:00)(time 24004 - 06:40:04) ->    13(time 24068 - 06:41:08)(time 24471 - 06:47:51) ->    14(time 24768 - 06:52:48)(time 24768 - 06:52:48) ->    29(time 25291 - 07:01:31)(time 25694 - 07:08:14) ->    28(time 25758 - 07:09:18)(time 26182 - 07:16:22) ->    27(time 26389 - 07:19:49)(time 26835 - 07:27:15) ->    26(time 27358 - 07:35:58)(time 27808 - 07:43:28) ->    25(time 28331 - 07:52:11)(time 28787 - 07:59:47) ->    24(time 28851 - 08:00:51)(time 29282 - 08:08:02) ->    23(time 29346 - 08:09:06)(time 29743 - 08:15:43) ->    22(time 29807 - 08:16:47)(time 30253 - 08:24:13) ->    21(time 30317 - 08:25:17)(time 30722 - 08:32:02) ->    20(time 30786 - 08:33:06)(time 31202 - 08:40:02) ->    19(time 31266 - 08:41:06)(time 31706 - 08:48:26) ->    18(time 31770 - 08:49:30)(time 32158 - 08:55:58) ->    17(time 32222 - 08:57:02)(time 32681 - 09:04:41) ->    16(time 32745 - 09:05:45)(time 33189 - 09:13:09) ->    15(time 33486 - 09:18:06)(time 33486 - 09:18:06) -> 0
=============
Train 3
=============
> Trip 0
   0(time 10216 - 02:50:16)(time 10660 - 02:57:40) ->    1(time 11183 - 03:06:23)(time 11642 - 03:14:02) ->    2(time 12165 - 03:22:45)(time 12553 - 03:29:13) ->    3(time 12617 - 03:30:17)(time 13057 - 03:37:37) ->    4(time 13121 - 03:38:41)(time 13537 - 03:45:37) ->    5(time 13601 - 03:46:41)(time 14006 - 03:53:26) ->    6(time 14529 - 04:02:09)(time 14975 - 04:09:35) ->    7(time 15246 - 04:14:06)(time 15643 - 04:20:43) ->    8(time 15707 - 04:21:47)(time 16138 - 04:28:58) ->    9(time 16202 - 04:30:02)(time 16658 - 04:37:38) ->    10(time 17181 - 04:46:21)(time 17631 - 04:53:51) ->    11(time 18154 - 05:02:34)(time 18600 - 05:10:00) ->    12(time 19123 - 05:18:43)(time 19547 - 05:25:47) ->    13(time 19611 - 05:26:51)(time 20014 - 05:33:34) ->    14(time 20311 - 05:38:31)(time 20311 - 05:38:31) ->    29(time 20311 - 05:38:31)(time 20714 - 05:45:14) ->    28(time 20778 - 05:46:18)(time 21202 - 05:53:22) ->    27(time 21266 - 05:54:26)(time 21712 - 06:01:52) ->    26(time 21776 - 06:02:56)(time 22226 - 06:10:26) ->    25(time 22290 - 06:11:30)(time 22746 - 06:19:06) ->    24(time 22810 - 06:20:10)(time 23241 - 06:27:21) ->    23(time 23305 - 06:28:25)(time 23702 - 06:35:02) ->    22(time 23766 - 06:36:06)(time 24212 - 06:43:32) ->    21(time 24276 - 06:44:36)(time 24681 - 06:51:21) ->    20(time 24745 - 06:52:25)(time 25161 - 06:59:21) ->    19(time 25225 - 07:00:25)(time 25665 - 07:07:45) ->    18(time 25729 - 07:08:49)(time 26117 - 07:15:17) ->    17(time 26181 - 07:16:21)(time 26640 - 07:24:00) ->    16(time 26704 - 07:25:04)(time 27148 - 07:32:28) ->    15(time 27445 - 07:37:25)(time 27445 - 07:37:25) -> 0
> Trip 1
   0(time 27445 - 07:37:25)(time 27889 - 07:44:49) ->    1(time 27953 - 07:45:53)(time 28412 - 07:53:32) ->    2(time 28476 - 07:54:36)(time 28864 - 08:01:04) ->    3(time 28928 - 08:02:08)(time 29368 - 08:09:28) ->    4(time 29432 - 08:10:32)(time 29848 - 08:17:28) ->    5(time 29912 - 08:18:32)(time 30317 - 08:25:17) ->    6(time 30381 - 08:26:21)(time 30827 - 08:33:47) ->    7(time 30891 - 08:34:51)(time 31288 - 08:41:28) ->    8(time 31352 - 08:42:32)(time 31783 - 08:49:43) ->    9(time 31847 - 08:50:47)(time 32303 - 08:58:23) ->    10(time 32367 - 08:59:27)(time 32817 - 09:06:57) ->    11(time 32881 - 09:08:01)(time 33327 - 09:15:27) ->    12(time 33391 - 09:16:31)(time 33815 - 09:23:35) ->    13(time 34112 - 09:28:32)(time 34515 - 09:35:15) ->    14(time 34812 - 09:40:12)(time 34812 - 09:40:12) ->    29(time 34812 - 09:40:12)(time 35215 - 09:46:55) ->    28(time 35279 - 09:47:59)(time 35703 - 09:55:03) ->    27(time 35767 - 09:56:07)(time 36213 - 10:03:33) ->    26(time 36277 - 10:04:37)(time 36727 - 10:12:07) ->    25(time 36791 - 10:13:11)(time 37247 - 10:20:47) ->    24(time 37311 - 10:21:51)(time 37742 - 10:29:02) ->    23(time 37806 - 10:30:06)(time 38203 - 10:36:43) ->    22(time 38267 - 10:37:47)(time 38713 - 10:45:13) ->    21(time 38777 - 10:46:17)(time 39182 - 10:53:02) ->    20(time 39246 - 10:54:06)(time 39662 - 11:01:02) ->    19(time 39726 - 11:02:06)(time 40166 - 11:09:26) ->    18(time 40230 - 11:10:30)(time 40618 - 11:16:58) ->    17(time 40682 - 11:18:02)(time 41141 - 11:25:41) ->    16(time 41205 - 11:26:45)(time 41649 - 11:34:09) ->    15(time 41946 - 11:39:06)(time 41946 - 11:39:06) -> 0
=============
Train 4
=============
> Trip 0
   0(time 2971 - 00:49:31)(time 3415 - 00:56:55) ->    1(time 3479 - 00:57:59)(time 3938 - 01:05:38) ->    2(time 4002 - 01:06:42)(time 4390 - 01:13:10) ->    3(time 4454 - 01:14:14)(time 4894 - 01:21:34) ->    4(time 4958 - 01:22:38)(time 5374 - 01:29:34) ->    5(time 5438 - 01:30:38)(time 5843 - 01:37:23) ->    6(time 5907 - 01:38:27)(time 6353 - 01:45:53) ->    7(time 6417 - 01:46:57)(time 6814 - 01:53:34) ->    8(time 6878 - 01:54:38)(time 7309 - 02:01:49) ->    9(time 7373 - 02:02:53)(time 7829 - 02:10:29) ->    10(time 7893 - 02:11:33)(time 8343 - 02:19:03) ->    11(time 8407 - 02:20:07)(time 8853 - 02:27:33) ->    12(time 8917 - 02:28:37)(time 9341 - 02:35:41) ->    13(time 9405 - 02:36:45)(time 9808 - 02:43:28) ->    14(time 10105 - 02:48:25)(time 10105 - 02:48:25) ->    29(time 10105 - 02:48:25)(time 10508 - 02:55:08) ->    28(time 10572 - 02:56:12)(time 10996 - 03:03:16) ->    27(time 11060 - 03:04:20)(time 11506 - 03:11:46) ->    26(time 11570 - 03:12:50)(time 12020 - 03:20:20) ->    25(time 12084 - 03:21:24)(time 12540 - 03:29:00) ->    24(time 12604 - 03:30:04)(time 13035 - 03:37:15) ->    23(time 13099 - 03:38:19)(time 13496 - 03:44:56) ->    22(time 13560 - 03:46:00)(time 14006 - 03:53:26) ->    21(time 14070 - 03:54:30)(time 14475 - 04:01:15) ->    20(time 14539 - 04:02:19)(time 14955 - 04:09:15) ->    19(time 15019 - 04:10:19)(time 15459 - 04:17:39) ->    18(time 15523 - 04:18:43)(time 15911 - 04:25:11) ->    17(time 15975 - 04:26:15)(time 16434 - 04:33:54) ->    16(time 16731 - 04:38:51)(time 17175 - 04:46:15) ->    15(time 17698 - 04:54:58)(time 17698 - 04:54:58) -> 0
> Trip 1
   0(time 22342 - 06:12:22)(time 22786 - 06:19:46) ->    1(time 22850 - 06:20:50)(time 23309 - 06:28:29) ->    2(time 23373 - 06:29:33)(time 23761 - 06:36:01) ->    3(time 23825 - 06:37:05)(time 24265 - 06:44:25) ->    4(time 24329 - 06:45:29)(time 24745 - 06:52:25) ->    5(time 24809 - 06:53:29)(time 25214 - 07:00:14) ->    6(time 25278 - 07:01:18)(time 25724 - 07:08:44) ->    7(time 25788 - 07:09:48)(time 26185 - 07:16:25) ->    8(time 26398 - 07:19:58)(time 26829 - 07:27:09) ->    9(time 27352 - 07:35:52)(time 27808 - 07:43:28) ->    10(time 28105 - 07:48:25)(time 28555 - 07:55:55) ->    11(time 28619 - 07:56:59)(time 29065 - 08:04:25) ->    12(time 29129 - 08:05:29)(time 29553 - 08:12:33) ->    13(time 29617 - 08:13:37)(time 30020 - 08:20:20) ->    14(time 30317 - 08:25:17)(time 30317 - 08:25:17) ->    29(time 30317 - 08:25:17)(time 30720 - 08:32:00) ->    28(time 30784 - 08:33:04)(time 31208 - 08:40:08) ->    27(time 31343 - 08:42:23)(time 31789 - 08:49:49) ->    26(time 31853 - 08:50:53)(time 32303 - 08:58:23) ->    25(time 32826 - 09:07:06)(time 33282 - 09:14:42) ->    24(time 33346 - 09:15:46)(time 33777 - 09:22:57) ->    23(time 33841 - 09:24:01)(time 34238 - 09:30:38) ->    22(time 34302 - 09:31:42)(time 34748 - 09:39:08) ->    21(time 34812 - 09:40:12)(time 35217 - 09:46:57) ->    20(time 35281 - 09:48:01)(time 35697 - 09:54:57) ->    19(time 36220 - 10:03:40)(time 36660 - 10:11:00) ->    18(time 36724 - 10:12:04)(time 37112 - 10:18:32) ->    17(time 37176 - 10:19:36)(time 37635 - 10:27:15) ->    16(time 37699 - 10:28:19)(time 38143 - 10:35:43) ->    15(time 38666 - 10:44:26)(time 38666 - 10:44:26) -> 0
