t5p16r6h6.txt:
   > Trying to open the instance file...
   > Reading number of trains...
   > Reading maximum number of trips per train...
   > Reading time intervals...
   > Reading number of points...
   > Reading stations...
   > Reading crossings...
   > Reading depots...
   > Reading initial point...
   > Reading routes...
   > Reading distance and distance and service...
   > Reading demands...
   > Reading maximum time...
   > Reading alpha...

--------------------------------
 Printing instance
--------------------------------
number of trains = 4
	max trips per trains: 5     5     5     4
number of intervals = 6
	(0,   8590)	(8591,  17180)	(17181,  25770)	(25771,  34360)	(34361,  42950)	(42951,  51540)
number of points = 16
	initial point: 7
	stations: 0     1     3     4     5     7     8     9    11    12    13    14    15
	crossings: 0     2     6     7     8    10    12    15
	depots: 0     7    15
number of vertices = 32
	total vertices: 0     1     2     3     4     5     6     7     8     9    10    11    12    13    14    15    16    17    18    19    20    21    22    23    24    25    26    27    28    29    30    31
	upper vertices: 0     1     2     3     4     5     6     7     8     9    10    11    12    13    14    15
	lower vertices: 16    17    18    19    20    21    22    23    24    25    26    27    28    29    30    31
	vertices of point #0: (0, 16)
	vertices of point #1: (1, 17)
	vertices of point #2: (2, 18)
	vertices of point #3: (3, 19)
	vertices of point #4: (4, 20)
	vertices of point #5: (5, 21)
	vertices of point #6: (6, 22)
	vertices of point #7: (7, 23)
	vertices of point #8: (8, 24)
	vertices of point #9: (9, 25)
	vertices of point #10: (10, 26)
	vertices of point #11: (11, 27)
	vertices of point #12: (12, 28)
	vertices of point #13: (13, 29)
	vertices of point #14: (14, 30)
	vertices of point #15: (15, 31)

arcs...
	total arcs: 
		arc #0: (0, 1)
		arc #1: (0, 16)
		arc #2: (16, 0)
		arc #3: (1, 2)
		arc #4: (17, 16)
		arc #5: (2, 3)
		arc #6: (18, 17)
		arc #7: (3, 4)
		arc #8: (19, 18)
		arc #9: (4, 5)
		arc #10: (20, 19)
		arc #11: (5, 6)
		arc #12: (21, 20)
		arc #13: (6, 7)
		arc #14: (22, 21)
		arc #15: (7, 8)
		arc #16: (23, 22)
		arc #17: (7, 23)
		arc #18: (23, 7)
		arc #19: (8, 9)
		arc #20: (24, 23)
		arc #21: (9, 10)
		arc #22: (25, 24)
		arc #23: (10, 11)
		arc #24: (26, 25)
		arc #25: (11, 12)
		arc #26: (27, 26)
		arc #27: (12, 13)
		arc #28: (28, 27)
		arc #29: (13, 14)
		arc #30: (29, 28)
		arc #31: (14, 15)
		arc #32: (30, 29)
		arc #33: (31, 30)
		arc #34: (15, 31)
		arc #35: (31, 15)

	reverse arcs: 
		arc #1: (0, 16)
		arc #2: (16, 0)
		arc #17: (7, 23)
		arc #18: (23, 7)
		arc #34: (15, 31)
		arc #35: (31, 15)


incompatible points...
	(0, 1, 18, (1, 2))	(18, 17, 0, (17, 16))	(2, 5, 22, (5, 6))	(22, 19, 2, (19, 18))	(6, 6, 23, (6, 7))	(23, 23, 6, (23, 22))	(7, 7, 24, (7, 8))	(24, 24, 7, (24, 23))	(8, 9, 26, (9, 10))	(26, 25, 8, (25, 24))	(10, 11, 28, (11, 12))	(28, 27, 10, (27, 26))	(12, 14, 31, (14, 15))	(31, 29, 12, (29, 28))

number of routes = 6
vertices of routes...
	route #0: 0     1     2     3     4     5     6     7
	route #1: 23    22    21    20    19    18    17    16
	route #2: 7     8     9    10    11    12    13    14    15
	route #3: 31    30    29    28    27    26    25    24    23
	route #4: 0     1     2     3     4     5     6     7     8     9    10    11    12    13    14    15    31    30    29    28    27    26    25    24    23    22    21    20    19    18    17    16     0
	route #5: 31    30    29    28    27    26    25    24    23    22    21    20    19    18    17    16     0     1     2     3     4     5     6     7     8     9    10    11    12    13    14    15    31
arcs of routes...
	route #0: 0     3     5     7     9    11    13
	route #1: 16    14    12    10     8     6     4
	route #2: 15    19    21    23    25    27    29    31
	route #3: 33    32    30    28    26    24    22    20
	route #4: 0     3     5     7     9    11    13    15    19    21    23    25    27    29    31    34    33    32    30    28    26    24    22    20    16    14    12    10     8     6     4     2
	route #5: 33    32    30    28    26    24    22    20    16    14    12    10     8     6     4     2     0     3     5     7     9    11    13    15    19    21    23    25    27    29    31    34

incompatible routes...
	(0, 0)    	(0, 3)    	(0, 4)    	(0, 5)    	(1, 1)    	(1, 2)    	(1, 3)    	(1, 5)    	(2, 0)    	(2, 1)    	(2, 2)    	(2, 4)    	(3, 0)    	(3, 3)    	(3, 4)    	(3, 5)    	(4, 1)    	(4, 2)    	(4, 3)    	(4, 5)    	(5, 0)    	(5, 1)    	(5, 2)    	(5, 4)

vertices that can be adjacent in consecutive trips...
	(0, 0)    	(7, 7)    	(7, 23)    	(15, 31)    	(16, 0)    	(23, 7)    	(23, 23)    	(31, 31)
non cyclical routes: 
       0       1       2       3

routes of trip...
	routes that train #0 can complete at trip #0: 1       2
	routes that train #0 can complete at trip #1: 0       1       2       3       4       5
	routes that train #0 can complete at trip #2: 0       1       2       3       4       5
	routes that train #0 can complete at trip #3: 0       1       2       3       4       5
	routes that train #0 can complete at trip #4: 0       1       2       3       4       5

	routes that train #1 can complete at trip #0: 1       2
	routes that train #1 can complete at trip #1: 0       1       2       3       4       5
	routes that train #1 can complete at trip #2: 0       1       2       3       4       5
	routes that train #1 can complete at trip #3: 0       1       2       3       4       5
	routes that train #1 can complete at trip #4: 0       1       2       3       4       5

	routes that train #2 can complete at trip #0: 1       2
	routes that train #2 can complete at trip #1: 0       1       2       3       4       5
	routes that train #2 can complete at trip #2: 0       1       2       3       4       5
	routes that train #2 can complete at trip #3: 0       1       2       3       4       5
	routes that train #2 can complete at trip #4: 0       1       2       3       4       5

	routes that train #3 can complete at trip #0: 1       2
	routes that train #3 can complete at trip #1: 0       1       2       3       4       5
	routes that train #3 can complete at trip #2: 0       1       2       3       4       5
	routes that train #3 can complete at trip #3: 0       1       2       3       4       5

 cost...
	arc #0 [0][1]: 240
	arc #1 [0][16]: 0
	arc #2 [16][0]: 0
	arc #3 [1][2]: 120
	arc #4 [17][16]: 240
	arc #5 [2][3]: 240
	arc #6 [18][17]: 120
	arc #7 [3][4]: 180
	arc #8 [19][18]: 240
	arc #9 [4][5]: 180
	arc #10 [20][19]: 180
	arc #11 [5][6]: 40
	arc #12 [21][20]: 180
	arc #13 [6][7]: 180
	arc #14 [22][21]: 40
	arc #15 [7][8]: 360
	arc #16 [23][22]: 180
	arc #17 [7][23]: 0
	arc #18 [23][7]: 0
	arc #19 [8][9]: 300
	arc #20 [24][23]: 360
	arc #21 [9][10]: 240
	arc #22 [25][24]: 300
	arc #23 [10][11]: 120
	arc #24 [26][25]: 240
	arc #25 [11][12]: 240
	arc #26 [27][26]: 120
	arc #27 [12][13]: 180
	arc #28 [28][27]: 240
	arc #29 [13][14]: 120
	arc #30 [29][28]: 180
	arc #31 [14][15]: 180
	arc #32 [30][29]: 120
	arc #33 [31][30]: 180
	arc #34 [15][31]: 0
	arc #35 [31][15]: 0

cost with minimum service...
	arc #0 [0][1]: 300
	arc #1 [0][16]: 0
	arc #2 [16][0]: 0
	arc #3 [1][2]: 160
	arc #4 [17][16]: 360
	arc #5 [2][3]: 300
	arc #6 [18][17]: 180
	arc #7 [3][4]: 240
	arc #8 [19][18]: 280
	arc #9 [4][5]: 240
	arc #10 [20][19]: 240
	arc #11 [5][6]: 80
	arc #12 [21][20]: 240
	arc #13 [6][7]: 300
	arc #14 [22][21]: 100
	arc #15 [7][8]: 420
	arc #16 [23][22]: 220
	arc #17 [7][23]: 0
	arc #18 [23][7]: 0
	arc #19 [8][9]: 360
	arc #20 [24][23]: 480
	arc #21 [9][10]: 280
	arc #22 [25][24]: 360
	arc #23 [10][11]: 180
	arc #24 [26][25]: 300
	arc #25 [11][12]: 300
	arc #26 [27][26]: 160
	arc #27 [12][13]: 240
	arc #28 [28][27]: 300
	arc #29 [13][14]: 180
	arc #30 [29][28]: 240
	arc #31 [14][15]: 300
	arc #32 [30][29]: 180
	arc #33 [31][30]: 240
	arc #34 [15][31]: 0
	arc #35 [31][15]: 0

cost with maximum service...
	arc #0 [0][1]: 840
	arc #1 [0][16]: 600
	arc #2 [16][0]: 600
	arc #3 [1][2]: 720
	arc #4 [17][16]: 840
	arc #5 [2][3]: 840
	arc #6 [18][17]: 720
	arc #7 [3][4]: 780
	arc #8 [19][18]: 840
	arc #9 [4][5]: 780
	arc #10 [20][19]: 780
	arc #11 [5][6]: 640
	arc #12 [21][20]: 780
	arc #13 [6][7]: 780
	arc #14 [22][21]: 640
	arc #15 [7][8]: 960
	arc #16 [23][22]: 780
	arc #17 [7][23]: 600
	arc #18 [23][7]: 600
	arc #19 [8][9]: 900
	arc #20 [24][23]: 960
	arc #21 [9][10]: 840
	arc #22 [25][24]: 900
	arc #23 [10][11]: 720
	arc #24 [26][25]: 840
	arc #25 [11][12]: 840
	arc #26 [27][26]: 720
	arc #27 [12][13]: 780
	arc #28 [28][27]: 840
	arc #29 [13][14]: 720
	arc #30 [29][28]: 780
	arc #31 [14][15]: 780
	arc #32 [30][29]: 720
	arc #33 [31][30]: 780
	arc #34 [15][31]: 600
	arc #35 [31][15]: 600

demands...
	demands of vertex 0 at time interval: 2     3     1     1     3     1
	demands of vertex 1 at time interval: 2     3     1     1     3     1
	demands of vertex 2 at time interval: 0     0     0     0     0     0
	demands of vertex 3 at time interval: 2     3     1     1     3     1
	demands of vertex 4 at time interval: 2     3     1     1     3     1
	demands of vertex 5 at time interval: 2     3     1     1     3     1
	demands of vertex 6 at time interval: 0     0     0     0     0     0
	demands of vertex 7 at time interval: 2     3     1     1     3     1
	demands of vertex 8 at time interval: 0     0     0     0     0     0
	demands of vertex 9 at time interval: 2     3     1     1     3     1
	demands of vertex 10 at time interval: 0     0     0     0     0     0
	demands of vertex 11 at time interval: 2     3     1     1     3     1
	demands of vertex 12 at time interval: 0     0     0     0     0     0
	demands of vertex 13 at time interval: 2     3     1     1     3     1
	demands of vertex 14 at time interval: 2     3     1     1     3     1
	demands of vertex 15 at time interval: 0     0     0     0     0     0
	demands of vertex 16 at time interval: 0     0     0     0     0     0
	demands of vertex 17 at time interval: 2     3     1     1     3     1
	demands of vertex 18 at time interval: 0     0     0     0     0     0
	demands of vertex 19 at time interval: 2     3     1     1     3     1
	demands of vertex 20 at time interval: 2     3     1     1     3     1
	demands of vertex 21 at time interval: 2     3     1     1     3     1
	demands of vertex 22 at time interval: 0     0     0     0     0     0
	demands of vertex 23 at time interval: 2     3     1     1     3     1
	demands of vertex 24 at time interval: 0     0     0     0     0     0
	demands of vertex 25 at time interval: 2     3     1     1     3     1
	demands of vertex 26 at time interval: 0     0     0     0     0     0
	demands of vertex 27 at time interval: 2     3     1     1     3     1
	demands of vertex 28 at time interval: 0     0     0     0     0     0
	demands of vertex 29 at time interval: 2     3     1     1     3     1
	demands of vertex 30 at time interval: 2     3     1     1     3     1
	demands of vertex 31 at time interval: 2     3     1     1     3     1

maximum time = 51540
alpha = 180

Selecting set of cyclical routes...

Selecting set of initial routes...

Creating initial set of candidate combinations...
Solving candidate combinations...

1/8 candidate combination(s) tested! (Thread 0)
2/8 candidate combination(s) tested! (Thread 0)
3/8 candidate combination(s) tested! (Thread 0)
Found new best - 4/8 candidate combination(s) tested! (Thread 0)
5/8 candidate combination(s) tested! (Thread 0)
6/8 candidate combination(s) tested! (Thread 0)
7/8 candidate combination(s) tested! (Thread 0)
8/8 candidate combination(s) tested! (Thread 0)

Removing trips...

Solving candidate combinations...

1/11 candidate combination(s) tested! (Thread 0)
2/11 candidate combination(s) tested! (Thread 0)
3/11 candidate combination(s) tested! (Thread 0)
4/11 candidate combination(s) tested! (Thread 0)
5/11 candidate combination(s) tested! (Thread 0)
6/11 candidate combination(s) tested! (Thread 0)
7/11 candidate combination(s) tested! (Thread 0)
8/11 candidate combination(s) tested! (Thread 0)
9/11 candidate combination(s) tested! (Thread 0)
10/11 candidate combination(s) tested! (Thread 0)
11/11 candidate combination(s) tested! (Thread 0)

Relaxing trips, so the model can make changes...

>> Printing some results...
    -> Solution value = 47030 - 13:03:50
    -> Total time = 1246.46

=============
Train 0
=============
> Trip 0
   23(time 180 - 00:03:00)(time 360 - 00:06:00) ->    22(time 400 - 00:06:40)(time 440 - 00:07:20) ->    21(time 500 - 00:08:20)(time 680 - 00:11:20) ->    20(time 740 - 00:12:20)(time 920 - 00:15:20) ->    19(time 980 - 00:16:20)(time 1220 - 00:20:20) ->    18(time 1260 - 00:21:00)(time 1380 - 00:23:00) ->    17(time 1440 - 00:24:00)(time 1680 - 00:28:00) -> 16
> Trip 1
   0(time 1940 - 00:32:20)(time 2180 - 00:36:20) ->    1(time 2240 - 00:37:20)(time 2360 - 00:39:20) ->    2(time 2400 - 00:40:00)(time 2640 - 00:44:00) ->    3(time 2700 - 00:45:00)(time 2880 - 00:48:00) ->    4(time 2940 - 00:49:00)(time 3120 - 00:52:00) ->    5(time 3180 - 00:53:00)(time 3220 - 00:53:40) ->    6(time 3260 - 00:54:20)(time 3440 - 00:57:20) ->    7(time 3560 - 00:59:20)(time 3920 - 01:05:20) ->    8(time 4040 - 01:07:20)(time 4340 - 01:12:20) ->    9(time 4400 - 01:13:20)(time 4640 - 01:17:20) ->    10(time 4780 - 01:19:40)(time 4900 - 01:21:40) ->    11(time 4960 - 01:22:40)(time 5200 - 01:26:40) ->    12(time 5260 - 01:27:40)(time 5440 - 01:30:40) ->    13(time 5500 - 01:31:40)(time 5620 - 01:33:40) ->    14(time 5680 - 01:34:40)(time 5860 - 01:37:40) ->    15(time 6040 - 01:40:40)(time 6040 - 01:40:40) ->    31(time 6040 - 01:40:40)(time 6220 - 01:43:40) ->    30(time 6280 - 01:44:40)(time 6400 - 01:46:40) ->    29(time 6460 - 01:47:40)(time 6640 - 01:50:40) ->    28(time 6700 - 01:51:40)(time 6940 - 01:55:40) ->    27(time 7000 - 01:56:40)(time 7120 - 01:58:40) ->    26(time 7160 - 01:59:20)(time 7400 - 02:03:20) ->    25(time 7460 - 02:04:20)(time 7760 - 02:09:20) ->    24(time 7820 - 02:10:20)(time 8180 - 02:16:20) ->    23(time 8300 - 02:18:20)(time 8480 - 02:21:20) ->    22(time 8591 - 02:23:11)(time 8631 - 02:23:51) ->    21(time 8691 - 02:24:51)(time 8871 - 02:27:51) ->    20(time 8931 - 02:28:51)(time 9111 - 02:31:51) ->    19(time 9171 - 02:32:51)(time 9411 - 02:36:51) ->    18(time 9591 - 02:39:51)(time 9711 - 02:41:51) ->    17(time 9771 - 02:42:51)(time 10011 - 02:46:51) ->    16(time 10131 - 02:48:51)(time 10131 - 02:48:51) -> 0
> Trip 2
   0(time 10191 - 02:49:51)(time 10431 - 02:53:51) ->    1(time 10491 - 02:54:51)(time 10611 - 02:56:51) ->    2(time 10651 - 02:57:31)(time 10891 - 03:01:31) ->    3(time 10951 - 03:02:31)(time 11131 - 03:05:31) ->    4(time 11191 - 03:06:31)(time 11371 - 03:09:31) ->    5(time 11540 - 03:12:20)(time 11580 - 03:13:00) ->    6(time 11620 - 03:13:40)(time 11800 - 03:16:40) ->    7(time 11920 - 03:18:40)(time 12280 - 03:24:40) ->    8(time 12400 - 03:26:40)(time 12700 - 03:31:40) ->    9(time 12760 - 03:32:40)(time 13000 - 03:36:40) ->    10(time 13040 - 03:37:20)(time 13160 - 03:39:20) ->    11(time 13220 - 03:40:20)(time 13460 - 03:44:20) ->    12(time 13520 - 03:45:20)(time 13700 - 03:48:20) ->    13(time 13760 - 03:49:20)(time 13880 - 03:51:20) ->    14(time 13940 - 03:52:20)(time 14120 - 03:55:20) ->    15(time 14240 - 03:57:20)(time 14240 - 03:57:20) ->    31(time 14620 - 04:03:40)(time 14800 - 04:06:40) ->    30(time 14860 - 04:07:40)(time 14980 - 04:09:40) ->    29(time 15040 - 04:10:40)(time 15220 - 04:13:40) ->    28(time 15280 - 04:14:40)(time 15520 - 04:18:40) ->    27(time 15580 - 04:19:40)(time 15700 - 04:21:40) ->    26(time 15740 - 04:22:20)(time 15980 - 04:26:20) ->    25(time 16040 - 04:27:20)(time 16340 - 04:32:20) ->    24(time 16400 - 04:33:20)(time 16760 - 04:39:20) ->    23(time 16880 - 04:41:20)(time 17060 - 04:44:20) ->    22(time 17100 - 04:45:00)(time 17140 - 04:45:40) ->    21(time 17200 - 04:46:40)(time 17380 - 04:49:40) ->    20(time 17980 - 04:59:40)(time 18160 - 05:02:40) ->    19(time 18220 - 05:03:40)(time 18460 - 05:07:40) ->    18(time 18500 - 05:08:20)(time 18620 - 05:10:20) ->    17(time 18680 - 05:11:20)(time 18920 - 05:15:20) ->    16(time 19040 - 05:17:20)(time 19040 - 05:17:20) -> 0
> Trip 3
   0(time 20321 - 05:38:41)(time 20561 - 05:42:41) ->    1(time 20621 - 05:43:41)(time 20741 - 05:45:41) ->    2(time 20781 - 05:46:21)(time 21021 - 05:50:21) ->    3(time 21081 - 05:51:21)(time 21261 - 05:54:21) ->    4(time 21321 - 05:55:21)(time 21501 - 05:58:21) ->    5(time 21561 - 05:59:21)(time 21601 - 06:00:01) ->    6(time 21641 - 06:00:41)(time 21821 - 06:03:41) ->    7(time 21941 - 06:05:41)(time 22301 - 06:11:41) ->    8(time 22901 - 06:21:41)(time 23201 - 06:26:41) ->    9(time 23801 - 06:36:41)(time 24041 - 06:40:41) ->    10(time 24641 - 06:50:41)(time 24761 - 06:52:41) ->    11(time 25361 - 07:02:41)(time 25601 - 07:06:41) ->    12(time 26201 - 07:16:41)(time 26381 - 07:19:41) ->    13(time 26981 - 07:29:41)(time 27101 - 07:31:41) ->    14(time 27701 - 07:41:41)(time 27881 - 07:44:41) ->    15(time 28481 - 07:54:41)(time 28481 - 07:54:41) ->    31(time 29081 - 08:04:41)(time 29261 - 08:07:41) ->    30(time 29321 - 08:08:41)(time 29441 - 08:10:41) ->    29(time 30041 - 08:20:41)(time 30221 - 08:23:41) ->    28(time 30821 - 08:33:41)(time 31061 - 08:37:41) ->    27(time 31661 - 08:47:41)(time 31781 - 08:49:41) ->    26(time 32381 - 08:59:41)(time 32621 - 09:03:41) ->    25(time 32961 - 09:09:21)(time 33261 - 09:14:21) ->    24(time 33321 - 09:15:21)(time 33681 - 09:21:21) ->    23(time 33801 - 09:23:21)(time 33981 - 09:26:21) ->    22(time 34021 - 09:27:01)(time 34061 - 09:27:41) ->    21(time 34661 - 09:37:41)(time 34841 - 09:40:41) ->    20(time 35441 - 09:50:41)(time 35621 - 09:53:41) ->    19(time 35721 - 09:55:21)(time 35961 - 09:59:21) ->    18(time 36561 - 10:09:21)(time 36681 - 10:11:21) ->    17(time 37281 - 10:21:21)(time 37521 - 10:25:21) ->    16(time 37641 - 10:27:21)(time 37641 - 10:27:21) -> 0
> Trip 4
   0(time 38001 - 10:33:21)(time 38241 - 10:37:21) ->    1(time 38361 - 10:39:21)(time 38481 - 10:41:21) ->    2(time 38521 - 10:42:01)(time 38761 - 10:46:01) ->    3(time 38821 - 10:47:01)(time 39001 - 10:50:01) ->    4(time 39061 - 10:51:01)(time 39241 - 10:54:01) ->    5(time 39301 - 10:55:01)(time 39341 - 10:55:41) ->    6(time 39381 - 10:56:21)(time 39561 - 10:59:21) ->    7(time 40161 - 11:09:21)(time 40521 - 11:15:21) ->    8(time 40581 - 11:16:21)(time 40881 - 11:21:21) ->    9(time 40941 - 11:22:21)(time 41181 - 11:26:21) ->    10(time 41221 - 11:27:01)(time 41341 - 11:29:01) ->    11(time 41591 - 11:33:11)(time 41831 - 11:37:11) ->    12(time 42431 - 11:47:11)(time 42611 - 11:50:11) ->    13(time 42671 - 11:51:11)(time 42791 - 11:53:11) ->    14(time 42851 - 11:54:11)(time 43031 - 11:57:11) ->    15(time 43151 - 11:59:11)(time 43151 - 11:59:11) ->    31(time 43151 - 11:59:11)(time 43331 - 12:02:11) ->    30(time 43391 - 12:03:11)(time 43511 - 12:05:11) ->    29(time 43571 - 12:06:11)(time 43751 - 12:09:11) ->    28(time 43811 - 12:10:11)(time 44051 - 12:14:11) ->    27(time 44111 - 12:15:11)(time 44231 - 12:17:11) ->    26(time 44271 - 12:17:51)(time 44511 - 12:21:51) ->    25(time 44571 - 12:22:51)(time 44871 - 12:27:51) ->    24(time 44931 - 12:28:51)(time 45291 - 12:34:51) ->    23(time 45411 - 12:36:51)(time 45591 - 12:39:51) ->    22(time 45631 - 12:40:31)(time 45671 - 12:41:11) ->    21(time 45731 - 12:42:11)(time 45911 - 12:45:11) ->    20(time 45971 - 12:46:11)(time 46151 - 12:49:11) ->    19(time 46211 - 12:50:11)(time 46451 - 12:54:11) ->    18(time 46491 - 12:54:51)(time 46611 - 12:56:51) ->    17(time 46671 - 12:57:51)(time 46911 - 13:01:51) ->    16(time 47031 - 13:03:51)(time 47031 - 13:03:51) -> 0
=============
Train 1
=============
> Trip 0
   23(time 0 - 00:00:00)(time 180 - 00:03:00) ->    22(time 220 - 00:03:40)(time 260 - 00:04:20) ->    21(time 320 - 00:05:20)(time 500 - 00:08:20) ->    20(time 560 - 00:09:20)(time 740 - 00:12:20) ->    19(time 800 - 00:13:20)(time 1040 - 00:17:20) ->    18(time 1080 - 00:18:00)(time 1200 - 00:20:00) ->    17(time 1260 - 00:21:00)(time 1500 - 00:25:00) -> 16
> Trip 1
   0(time 1760 - 00:29:20)(time 2000 - 00:33:20) ->    1(time 2060 - 00:34:20)(time 2180 - 00:36:20) ->    2(time 2220 - 00:37:00)(time 2460 - 00:41:00) ->    3(time 2520 - 00:42:00)(time 2700 - 00:45:00) ->    4(time 2760 - 00:46:00)(time 2940 - 00:49:00) ->    5(time 3000 - 00:50:00)(time 3040 - 00:50:40) ->    6(time 3080 - 00:51:20)(time 3260 - 00:54:20) ->    7(time 3380 - 00:56:20)(time 3740 - 01:02:20) ->    8(time 3860 - 01:04:20)(time 4160 - 01:09:20) ->    9(time 4220 - 01:10:20)(time 4460 - 01:14:20) ->    10(time 4600 - 01:16:40)(time 4720 - 01:18:40) ->    11(time 4780 - 01:19:40)(time 5020 - 01:23:40) ->    12(time 5080 - 01:24:40)(time 5260 - 01:27:40) ->    13(time 5320 - 01:28:40)(time 5440 - 01:30:40) ->    14(time 5500 - 01:31:40)(time 5680 - 01:34:40) ->    15(time 5800 - 01:36:40)(time 5800 - 01:36:40) ->    31(time 5860 - 01:37:40)(time 6040 - 01:40:40) ->    30(time 6100 - 01:41:40)(time 6220 - 01:43:40) ->    29(time 6280 - 01:44:40)(time 6460 - 01:47:40) ->    28(time 6520 - 01:48:40)(time 6760 - 01:52:40) ->    27(time 6820 - 01:53:40)(time 6940 - 01:55:40) ->    26(time 6980 - 01:56:20)(time 7220 - 02:00:20) ->    25(time 7280 - 02:01:20)(time 7580 - 02:06:20) ->    24(time 7640 - 02:07:20)(time 8000 - 02:13:20) ->    23(time 8120 - 02:15:20)(time 8300 - 02:18:20) ->    22(time 8411 - 02:20:11)(time 8451 - 02:20:51) ->    21(time 8511 - 02:21:51)(time 8691 - 02:24:51) ->    20(time 8751 - 02:25:51)(time 8931 - 02:28:51) ->    19(time 8991 - 02:29:51)(time 9231 - 02:33:51) ->    18(time 9411 - 02:36:51)(time 9531 - 02:38:51) ->    17(time 9591 - 02:39:51)(time 9831 - 02:43:51) ->    16(time 9951 - 02:45:51)(time 9951 - 02:45:51) -> 0
> Trip 2
   0(time 10011 - 02:46:51)(time 10251 - 02:50:51) ->    1(time 10311 - 02:51:51)(time 10431 - 02:53:51) ->    2(time 10471 - 02:54:31)(time 10711 - 02:58:31) ->    3(time 10771 - 02:59:31)(time 10951 - 03:02:31) ->    4(time 11011 - 03:03:31)(time 11191 - 03:06:31) ->    5(time 11360 - 03:09:20)(time 11400 - 03:10:00) ->    6(time 11440 - 03:10:40)(time 11620 - 03:13:40) ->    7(time 11740 - 03:15:40)(time 12100 - 03:21:40) ->    8(time 12220 - 03:23:40)(time 12520 - 03:28:40) ->    9(time 12580 - 03:29:40)(time 12820 - 03:33:40) ->    10(time 12860 - 03:34:20)(time 12980 - 03:36:20) ->    11(time 13040 - 03:37:20)(time 13280 - 03:41:20) ->    12(time 13340 - 03:42:20)(time 13520 - 03:45:20) ->    13(time 13580 - 03:46:20)(time 13700 - 03:48:20) ->    14(time 13760 - 03:49:20)(time 13940 - 03:52:20) ->    15(time 14060 - 03:54:20)(time 14060 - 03:54:20) ->    31(time 14120 - 03:55:20)(time 14300 - 03:58:20) ->    30(time 14360 - 03:59:20)(time 14480 - 04:01:20) ->    29(time 14540 - 04:02:20)(time 14720 - 04:05:20) ->    28(time 14780 - 04:06:20)(time 15020 - 04:10:20) ->    27(time 15080 - 04:11:20)(time 15200 - 04:13:20) ->    26(time 15240 - 04:14:00)(time 15480 - 04:18:00) ->    25(time 15540 - 04:19:00)(time 15840 - 04:24:00) ->    24(time 15900 - 04:25:00)(time 16260 - 04:31:00) ->    23(time 16380 - 04:33:00)(time 16560 - 04:36:00) ->    22(time 16600 - 04:36:40)(time 16640 - 04:37:20) ->    21(time 16700 - 04:38:20)(time 16880 - 04:41:20) ->    20(time 16940 - 04:42:20)(time 17120 - 04:45:20) ->    19(time 17180 - 04:46:20)(time 17420 - 04:50:20) ->    18(time 17460 - 04:51:00)(time 17580 - 04:53:00) ->    17(time 17640 - 04:54:00)(time 17880 - 04:58:00) ->    16(time 18000 - 05:00:00)(time 18000 - 05:00:00) -> 0
> Trip 3
   0(time 26730 - 07:25:30)(time 26970 - 07:29:30) ->    1(time 27030 - 07:30:30)(time 27150 - 07:32:30) ->    2(time 27750 - 07:42:30)(time 27990 - 07:46:30) ->    3(time 28121 - 07:48:41)(time 28301 - 07:51:41) ->    4(time 28361 - 07:52:41)(time 28541 - 07:55:41) ->    5(time 28601 - 07:56:41)(time 28641 - 07:57:21) ->    6(time 28681 - 07:58:01)(time 28861 - 08:01:01) ->    7(time 28981 - 08:03:01)(time 29341 - 08:09:01) ->    8(time 29401 - 08:10:01)(time 29701 - 08:15:01) ->    9(time 29761 - 08:16:01)(time 30001 - 08:20:01) ->    10(time 30041 - 08:20:41)(time 30161 - 08:22:41) ->    11(time 30221 - 08:23:41)(time 30461 - 08:27:41) ->    12(time 31061 - 08:37:41)(time 31241 - 08:40:41) ->    13(time 31841 - 08:50:41)(time 31961 - 08:52:41) ->    14(time 32561 - 09:02:41)(time 32741 - 09:05:41) ->    15(time 33341 - 09:15:41)(time 33341 - 09:15:41) ->    31(time 33941 - 09:25:41)(time 34121 - 09:28:41) ->    30(time 34181 - 09:29:41)(time 34301 - 09:31:41) ->    29(time 34361 - 09:32:41)(time 34541 - 09:35:41) ->    28(time 34601 - 09:36:41)(time 34841 - 09:40:41) ->    27(time 34901 - 09:41:41)(time 35021 - 09:43:41) ->    26(time 35061 - 09:44:21)(time 35301 - 09:48:21) ->    25(time 35361 - 09:49:21)(time 35661 - 09:54:21) ->    24(time 35721 - 09:55:21)(time 36081 - 10:01:21) ->    23(time 36201 - 10:03:21)(time 36381 - 10:06:21) ->    22(time 36421 - 10:07:01)(time 36461 - 10:07:41) ->    21(time 36521 - 10:08:41)(time 36701 - 10:11:41) ->    20(time 36761 - 10:12:41)(time 36941 - 10:15:41) ->    19(time 37001 - 10:16:41)(time 37241 - 10:20:41) ->    18(time 37281 - 10:21:21)(time 37401 - 10:23:21) ->    17(time 37461 - 10:24:21)(time 37701 - 10:28:21) ->    16(time 37821 - 10:30:21)(time 37821 - 10:30:21) -> 0
> Trip 4
   0(time 37821 - 10:30:21)(time 38061 - 10:34:21) ->    1(time 38121 - 10:35:21)(time 38241 - 10:37:21) ->    2(time 38281 - 10:38:01)(time 38521 - 10:42:01) ->    3(time 38581 - 10:43:01)(time 38761 - 10:46:01) ->    4(time 38821 - 10:47:01)(time 39001 - 10:50:01) ->    5(time 39061 - 10:51:01)(time 39101 - 10:51:41) ->    6(time 39141 - 10:52:21)(time 39321 - 10:55:21) ->    7(time 39441 - 10:57:21)(time 39801 - 11:03:21) ->    8(time 39861 - 11:04:21)(time 40161 - 11:09:21) ->    9(time 40221 - 11:10:21)(time 40461 - 11:14:21) ->    10(time 40501 - 11:15:01)(time 40621 - 11:17:01) ->    11(time 40681 - 11:18:01)(time 40921 - 11:22:01) ->    12(time 40981 - 11:23:01)(time 41161 - 11:26:01) ->    13(time 41221 - 11:27:01)(time 41341 - 11:29:01) ->    14(time 41401 - 11:30:01)(time 41581 - 11:33:01) ->    15(time 41701 - 11:35:01)(time 41701 - 11:35:01) ->    31(time 41701 - 11:35:01)(time 41881 - 11:38:01) ->    30(time 41941 - 11:39:01)(time 42061 - 11:41:01) ->    29(time 42121 - 11:42:01)(time 42301 - 11:45:01) ->    28(time 42361 - 11:46:01)(time 42601 - 11:50:01) ->    27(time 42661 - 11:51:01)(time 42781 - 11:53:01) ->    26(time 42821 - 11:53:41)(time 43061 - 11:57:41) ->    25(time 43121 - 11:58:41)(time 43421 - 12:03:41) ->    24(time 43971 - 12:12:51)(time 44331 - 12:18:51) ->    23(time 44451 - 12:20:51)(time 44631 - 12:23:51) ->    22(time 44671 - 12:24:31)(time 44711 - 12:25:11) ->    21(time 44771 - 12:26:11)(time 44951 - 12:29:11) ->    20(time 45011 - 12:30:11)(time 45191 - 12:33:11) ->    19(time 45251 - 12:34:11)(time 45491 - 12:38:11) ->    18(time 46091 - 12:48:11)(time 46211 - 12:50:11) ->    17(time 46271 - 12:51:11)(time 46511 - 12:55:11) ->    16(time 46631 - 12:57:11)(time 46631 - 12:57:11) -> 0
=============
Train 2
=============
> Trip 0
   7(time 0 - 00:00:00)(time 360 - 00:06:00) ->    8(time 420 - 00:07:00)(time 720 - 00:12:00) ->    9(time 780 - 00:13:00)(time 1020 - 00:17:00) ->    10(time 1060 - 00:17:40)(time 1180 - 00:19:40) ->    11(time 1240 - 00:20:40)(time 1480 - 00:24:40) ->    12(time 1540 - 00:25:40)(time 1720 - 00:28:40) ->    13(time 1780 - 00:29:40)(time 1900 - 00:31:40) ->    14(time 1960 - 00:32:40)(time 2140 - 00:35:40) -> 15
> Trip 1
   31(time 2140 - 00:35:40)(time 2320 - 00:38:40) ->    30(time 2380 - 00:39:40)(time 2500 - 00:41:40) ->    29(time 2560 - 00:42:40)(time 2740 - 00:45:40) ->    28(time 2800 - 00:46:40)(time 3040 - 00:50:40) ->    27(time 3100 - 00:51:40)(time 3220 - 00:53:40) ->    26(time 3260 - 00:54:20)(time 3500 - 00:58:20) ->    25(time 3560 - 00:59:20)(time 3860 - 01:04:20) ->    24(time 3920 - 01:05:20)(time 4280 - 01:11:20) ->    23(time 4400 - 01:13:20)(time 4580 - 01:16:20) ->    22(time 4620 - 01:17:00)(time 4660 - 01:17:40) ->    21(time 4720 - 01:18:40)(time 4900 - 01:21:40) ->    20(time 4960 - 01:22:40)(time 5140 - 01:25:40) ->    19(time 5200 - 01:26:40)(time 5440 - 01:30:40) ->    18(time 5900 - 01:38:20)(time 6020 - 01:40:20) ->    17(time 6080 - 01:41:20)(time 6320 - 01:45:20) ->    16(time 6440 - 01:47:20)(time 6440 - 01:47:20) ->    0(time 6440 - 01:47:20)(time 6680 - 01:51:20) ->    1(time 6740 - 01:52:20)(time 6860 - 01:54:20) ->    2(time 7020 - 01:57:00)(time 7260 - 02:01:00) ->    3(time 7320 - 02:02:00)(time 7500 - 02:05:00) ->    4(time 7560 - 02:06:00)(time 7740 - 02:09:00) ->    5(time 7800 - 02:10:00)(time 7840 - 02:10:40) ->    6(time 7880 - 02:11:20)(time 8060 - 02:14:20) ->    7(time 8180 - 02:16:20)(time 8540 - 02:22:20) ->    8(time 8660 - 02:24:20)(time 8960 - 02:29:20) ->    9(time 9020 - 02:30:20)(time 9260 - 02:34:20) ->    10(time 9300 - 02:35:00)(time 9420 - 02:37:00) ->    11(time 9480 - 02:38:00)(time 9720 - 02:42:00) ->    12(time 9780 - 02:43:00)(time 9960 - 02:46:00) ->    13(time 10020 - 02:47:00)(time 10140 - 02:49:00) ->    14(time 10200 - 02:50:00)(time 10380 - 02:53:00) ->    15(time 10500 - 02:55:00)(time 10500 - 02:55:00) -> 31
> Trip 2
   31(time 10500 - 02:55:00)(time 10680 - 02:58:00) ->    30(time 10740 - 02:59:00)(time 10860 - 03:01:00) ->    29(time 10920 - 03:02:00)(time 11100 - 03:05:00) ->    28(time 11160 - 03:06:00)(time 11400 - 03:10:00) ->    27(time 11460 - 03:11:00)(time 11580 - 03:13:00) ->    26(time 11620 - 03:13:40)(time 11860 - 03:17:40) ->    25(time 11920 - 03:18:40)(time 12220 - 03:23:40) ->    24(time 12280 - 03:24:40)(time 12640 - 03:30:40) ->    23(time 12760 - 03:32:40)(time 12940 - 03:35:40) ->    22(time 12980 - 03:36:20)(time 13020 - 03:37:00) ->    21(time 13080 - 03:38:00)(time 13260 - 03:41:00) ->    20(time 13320 - 03:42:00)(time 13500 - 03:45:00) ->    19(time 13560 - 03:46:00)(time 13800 - 03:50:00) ->    18(time 13840 - 03:50:40)(time 13960 - 03:52:40) ->    17(time 14020 - 03:53:40)(time 14260 - 03:57:40) ->    16(time 14380 - 03:59:40)(time 14380 - 03:59:40) ->    0(time 14380 - 03:59:40)(time 14620 - 04:03:40) ->    1(time 14680 - 04:04:40)(time 14800 - 04:06:40) ->    2(time 14840 - 04:07:20)(time 15080 - 04:11:20) ->    3(time 15140 - 04:12:20)(time 15320 - 04:15:20) ->    4(time 15380 - 04:16:20)(time 15560 - 04:19:20) ->    5(time 15620 - 04:20:20)(time 15660 - 04:21:00) ->    6(time 15980 - 04:26:20)(time 16160 - 04:29:20) ->    7(time 16760 - 04:39:20)(time 17120 - 04:45:20) ->    8(time 17180 - 04:46:20)(time 17480 - 04:51:20) ->    9(time 17540 - 04:52:20)(time 17780 - 04:56:20) ->    10(time 17820 - 04:57:00)(time 17940 - 04:59:00) ->    11(time 18000 - 05:00:00)(time 18240 - 05:04:00) ->    12(time 18300 - 05:05:00)(time 18480 - 05:08:00) ->    13(time 18540 - 05:09:00)(time 18660 - 05:11:00) ->    14(time 18720 - 05:12:00)(time 18900 - 05:15:00) ->    15(time 19020 - 05:17:00)(time 19020 - 05:17:00) -> 31
> Trip 3
   31(time 19020 - 05:17:00)(time 19200 - 05:20:00) ->    30(time 19260 - 05:21:00)(time 19380 - 05:23:00) ->    29(time 19440 - 05:24:00)(time 19620 - 05:27:00) ->    28(time 19680 - 05:28:00)(time 19920 - 05:32:00) ->    27(time 19980 - 05:33:00)(time 20100 - 05:35:00) ->    26(time 20561 - 05:42:41)(time 20801 - 05:46:41) ->    25(time 21401 - 05:56:41)(time 21701 - 06:01:41) ->    24(time 22301 - 06:11:41)(time 22661 - 06:17:41) ->    23(time 22781 - 06:19:41)(time 22961 - 06:22:41) ->    22(time 23561 - 06:32:41)(time 23601 - 06:33:21) ->    21(time 24201 - 06:43:21)(time 24381 - 06:46:21) ->    20(time 24441 - 06:47:21)(time 24621 - 06:50:21) ->    19(time 24930 - 06:55:30)(time 25170 - 06:59:30) ->    18(time 25770 - 07:09:30)(time 25890 - 07:11:30) ->    17(time 26490 - 07:21:30)(time 26730 - 07:25:30) ->    16(time 27330 - 07:35:30)(time 27330 - 07:35:30) ->    0(time 27930 - 07:45:30)(time 28170 - 07:49:30) ->    1(time 28770 - 07:59:30)(time 28890 - 08:01:30) ->    2(time 29490 - 08:11:30)(time 29730 - 08:15:30) ->    3(time 30330 - 08:25:30)(time 30510 - 08:28:30) ->    4(time 30741 - 08:32:21)(time 30921 - 08:35:21) ->    5(time 30981 - 08:36:21)(time 31021 - 08:37:01) ->    6(time 31061 - 08:37:41)(time 31241 - 08:40:41) ->    7(time 31361 - 08:42:41)(time 31721 - 08:48:41) ->    8(time 31781 - 08:49:41)(time 32081 - 08:54:41) ->    9(time 32141 - 08:55:41)(time 32381 - 08:59:41) ->    10(time 32981 - 09:09:41)(time 33101 - 09:11:41) ->    11(time 33701 - 09:21:41)(time 33941 - 09:25:41) ->    12(time 34541 - 09:35:41)(time 34721 - 09:38:41) ->    13(time 34781 - 09:39:41)(time 34901 - 09:41:41) ->    14(time 35501 - 09:51:41)(time 35681 - 09:54:41) ->    15(time 35801 - 09:56:41)(time 35801 - 09:56:41) -> 31
> Trip 4
   31(time 36081 - 10:01:21)(time 36261 - 10:04:21) ->    30(time 36321 - 10:05:21)(time 36441 - 10:07:21) ->    29(time 36501 - 10:08:21)(time 36681 - 10:11:21) ->    28(time 37281 - 10:21:21)(time 37521 - 10:25:21) ->    27(time 37661 - 10:27:41)(time 37781 - 10:29:41) ->    26(time 37821 - 10:30:21)(time 38061 - 10:34:21) ->    25(time 38121 - 10:35:21)(time 38421 - 10:40:21) ->    24(time 38481 - 10:41:21)(time 38841 - 10:47:21) ->    23(time 38961 - 10:49:21)(time 39141 - 10:52:21) ->    22(time 39341 - 10:55:41)(time 39381 - 10:56:21) ->    21(time 39441 - 10:57:21)(time 39621 - 11:00:21) ->    20(time 39681 - 11:01:21)(time 39861 - 11:04:21) ->    19(time 39921 - 11:05:21)(time 40161 - 11:09:21) ->    18(time 40201 - 11:10:01)(time 40321 - 11:12:01) ->    17(time 40381 - 11:13:01)(time 40621 - 11:17:01) ->    16(time 40741 - 11:19:01)(time 40741 - 11:19:01) ->    0(time 40741 - 11:19:01)(time 40981 - 11:23:01) ->    1(time 41070 - 11:24:30)(time 41190 - 11:26:30) ->    2(time 41790 - 11:36:30)(time 42030 - 11:40:30) ->    3(time 42090 - 11:41:30)(time 42270 - 11:44:30) ->    4(time 42330 - 11:45:30)(time 42510 - 11:48:30) ->    5(time 42570 - 11:49:30)(time 42610 - 11:50:10) ->    6(time 42650 - 11:50:50)(time 42830 - 11:53:50) ->    7(time 42950 - 11:55:50)(time 43310 - 12:01:50) ->    8(time 43421 - 12:03:41)(time 43721 - 12:08:41) ->    9(time 43781 - 12:09:41)(time 44021 - 12:13:41) ->    10(time 44231 - 12:17:11)(time 44351 - 12:19:11) ->    11(time 44411 - 12:20:11)(time 44651 - 12:24:11) ->    12(time 45251 - 12:34:11)(time 45431 - 12:37:11) ->    13(time 45491 - 12:38:11)(time 45611 - 12:40:11) ->    14(time 45671 - 12:41:11)(time 45851 - 12:44:11) ->    15(time 45971 - 12:46:11)(time 45971 - 12:46:11) -> 31
=============
Train 3
=============
> Trip 0
   7(time 300 - 00:05:00)(time 660 - 00:11:00) ->    8(time 720 - 00:12:00)(time 1020 - 00:17:00) ->    9(time 1080 - 00:18:00)(time 1320 - 00:22:00) ->    10(time 1360 - 00:22:40)(time 1480 - 00:24:40) ->    11(time 2080 - 00:34:40)(time 2320 - 00:38:40) ->    12(time 2920 - 00:48:40)(time 3100 - 00:51:40) ->    13(time 3160 - 00:52:40)(time 3280 - 00:54:40) ->    14(time 3340 - 00:55:40)(time 3520 - 00:58:40) -> 15
> Trip 1
   31(time 3520 - 00:58:40)(time 3700 - 01:01:40) ->    30(time 3760 - 01:02:40)(time 3880 - 01:04:40) ->    29(time 3940 - 01:05:40)(time 4120 - 01:08:40) ->    28(time 4180 - 01:09:40)(time 4420 - 01:13:40) ->    27(time 4480 - 01:14:40)(time 4600 - 01:16:40) ->    26(time 4640 - 01:17:20)(time 4880 - 01:21:20) ->    25(time 4940 - 01:22:20)(time 5240 - 01:27:20) ->    24(time 5300 - 01:28:20)(time 5660 - 01:34:20) ->    23(time 5780 - 01:36:20)(time 5960 - 01:39:20) ->    22(time 6000 - 01:40:00)(time 6040 - 01:40:40) ->    21(time 6100 - 01:41:40)(time 6280 - 01:44:40) ->    20(time 6340 - 01:45:40)(time 6520 - 01:48:40) ->    19(time 6580 - 01:49:40)(time 6820 - 01:53:40) ->    18(time 6860 - 01:54:20)(time 6980 - 01:56:20) ->    17(time 7040 - 01:57:20)(time 7280 - 02:01:20) ->    16(time 7840 - 02:10:40)(time 7840 - 02:10:40) ->    0(time 8440 - 02:20:40)(time 8680 - 02:24:40) ->    1(time 9280 - 02:34:40)(time 9400 - 02:36:40) ->    2(time 9440 - 02:37:20)(time 9680 - 02:41:20) ->    3(time 9740 - 02:42:20)(time 9920 - 02:45:20) ->    4(time 9980 - 02:46:20)(time 10160 - 02:49:20) ->    5(time 10220 - 02:50:20)(time 10260 - 02:51:00) ->    6(time 10300 - 02:51:40)(time 10480 - 02:54:40) ->    7(time 10600 - 02:56:40)(time 10960 - 03:02:40) ->    8(time 11020 - 03:03:40)(time 11320 - 03:08:40) ->    9(time 11380 - 03:09:40)(time 11620 - 03:13:40) ->    10(time 11660 - 03:14:20)(time 11780 - 03:16:20) ->    11(time 11840 - 03:17:20)(time 12080 - 03:21:20) ->    12(time 12140 - 03:22:20)(time 12320 - 03:25:20) ->    13(time 12380 - 03:26:20)(time 12500 - 03:28:20) ->    14(time 12560 - 03:29:20)(time 12740 - 03:32:20) ->    15(time 12860 - 03:34:20)(time 12860 - 03:34:20) -> 31
> Trip 2
   31(time 22891 - 06:21:31)(time 23071 - 06:24:31) ->    30(time 23131 - 06:25:31)(time 23251 - 06:27:31) ->    29(time 23311 - 06:28:31)(time 23491 - 06:31:31) ->    28(time 23551 - 06:32:31)(time 23791 - 06:36:31) ->    27(time 23851 - 06:37:31)(time 23971 - 06:39:31) ->    26(time 24571 - 06:49:31)(time 24811 - 06:53:31) ->    25(time 25411 - 07:03:31)(time 25711 - 07:08:31) ->    24(time 25771 - 07:09:31)(time 26131 - 07:15:31) ->    23(time 26251 - 07:17:31)(time 26431 - 07:20:31) ->    22(time 26471 - 07:21:11)(time 26511 - 07:21:51) ->    21(time 26571 - 07:22:51)(time 26751 - 07:25:51) ->    20(time 26811 - 07:26:51)(time 26991 - 07:29:51) ->    19(time 27051 - 07:30:51)(time 27291 - 07:34:51) ->    18(time 27331 - 07:35:31)(time 27451 - 07:37:31) ->    17(time 27690 - 07:41:30)(time 27930 - 07:45:30) ->    16(time 28530 - 07:55:30)(time 28530 - 07:55:30) ->    0(time 29130 - 08:05:30)(time 29370 - 08:09:30) ->    1(time 29970 - 08:19:30)(time 30090 - 08:21:30) ->    2(time 30690 - 08:31:30)(time 30930 - 08:35:30) ->    3(time 31530 - 08:45:30)(time 31710 - 08:48:30) ->    4(time 31861 - 08:51:01)(time 32041 - 08:54:01) ->    5(time 32101 - 08:55:01)(time 32141 - 08:55:41) ->    6(time 32181 - 08:56:21)(time 32361 - 08:59:21) ->    7(time 32961 - 09:09:21)(time 33321 - 09:15:21) ->    8(time 33921 - 09:25:21)(time 34221 - 09:30:21) ->    9(time 34821 - 09:40:21)(time 35061 - 09:44:21) ->    10(time 35661 - 09:54:21)(time 35781 - 09:56:21) ->    11(time 36381 - 10:06:21)(time 36621 - 10:10:21) ->    12(time 36681 - 10:11:21)(time 36861 - 10:14:21) ->    13(time 36921 - 10:15:21)(time 37041 - 10:17:21) ->    14(time 37101 - 10:18:21)(time 37281 - 10:21:21) ->    15(time 37881 - 10:31:21)(time 37881 - 10:31:21) -> 31
> Trip 3
   31(time 38021 - 10:33:41)(time 38201 - 10:36:41) ->    30(time 38261 - 10:37:41)(time 38381 - 10:39:41) ->    29(time 38441 - 10:40:41)(time 38621 - 10:43:41) ->    28(time 38681 - 10:44:41)(time 38921 - 10:48:41) ->    27(time 38981 - 10:49:41)(time 39101 - 10:51:41) ->    26(time 39141 - 10:52:21)(time 39381 - 10:56:21) ->    25(time 39441 - 10:57:21)(time 39741 - 11:02:21) ->    24(time 39801 - 11:03:21)(time 40161 - 11:09:21) ->    23(time 40281 - 11:11:21)(time 40461 - 11:14:21) ->    22(time 40501 - 11:15:01)(time 40541 - 11:15:41) ->    21(time 41070 - 11:24:30)(time 41250 - 11:27:30) ->    20(time 41310 - 11:28:30)(time 41490 - 11:31:30) ->    19(time 41550 - 11:32:30)(time 41790 - 11:36:30) ->    18(time 42390 - 11:46:30)(time 42510 - 11:48:30) ->    17(time 42590 - 11:49:50)(time 42830 - 11:53:50) ->    16(time 42950 - 11:55:50)(time 42950 - 11:55:50) ->    0(time 42951 - 11:55:51)(time 43191 - 11:59:51) ->    1(time 43251 - 12:00:51)(time 43371 - 12:02:51) ->    2(time 43411 - 12:03:31)(time 43651 - 12:07:31) ->    3(time 43711 - 12:08:31)(time 43891 - 12:11:31) ->    4(time 43951 - 12:12:31)(time 44131 - 12:15:31) ->    5(time 44191 - 12:16:31)(time 44231 - 12:17:11) ->    6(time 44271 - 12:17:51)(time 44451 - 12:20:51) ->    7(time 44571 - 12:22:51)(time 44931 - 12:28:51) ->    8(time 44991 - 12:29:51)(time 45291 - 12:34:51) ->    9(time 45351 - 12:35:51)(time 45591 - 12:39:51) ->    10(time 45631 - 12:40:31)(time 45751 - 12:42:31) ->    11(time 45811 - 12:43:31)(time 46051 - 12:47:31) ->    12(time 46111 - 12:48:31)(time 46291 - 12:51:31) ->    13(time 46351 - 12:52:31)(time 46471 - 12:54:31) ->    14(time 46531 - 12:55:31)(time 46711 - 12:58:31) ->    15(time 46831 - 13:00:31)(time 46831 - 13:00:31) -> 31
