t5p19r16h1.txt:
   > Trying to open the instance file...
   > Reading number of trains...
   > Reading maximum number of trips per train...
   > Reading time intervals...
   > Reading number of points...
   > Reading stations...
   > Reading crossings...
   > Reading depots...
   > Reading initial point...
   > Reading routes...
   > Reading distance and distance and service...
   > Reading demands...
   > Reading maximum time...
   > Reading alpha...

--------------------------------
 Printing instance
--------------------------------
number of trains = 5
	max trips per trains: 2     2     2     2     2
number of intervals = 1
	(0,  29121)
number of points = 19
	initial point: 0
	stations: 0     1     2     3     4     5     8     9    10    11    12    13    14    15    16    17    18
	crossings: 0     5     6     7    15    18
	depots: 0     5    15    18
number of vertices = 38
	total vertices: 0     1     2     3     4     5     6     7     8     9    10    11    12    13    14    15    16    17    18    19    20    21    22    23    24    25    26    27    28    29    30    31    32    33    34    35    36    37
	upper vertices: 0     1     2     3     4     5     6     7     8     9    10    11    12    13    14    15    16    17    18
	lower vertices: 19    20    21    22    23    24    25    26    27    28    29    30    31    32    33    34    35    36    37
	vertices of point #0: (0, 19)
	vertices of point #1: (1, 20)
	vertices of point #2: (2, 21)
	vertices of point #3: (3, 22)
	vertices of point #4: (4, 23)
	vertices of point #5: (5, 24)
	vertices of point #6: (6, 25)
	vertices of point #7: (7, 26)
	vertices of point #8: (8, 27)
	vertices of point #9: (9, 28)
	vertices of point #10: (10, 29)
	vertices of point #11: (11, 30)
	vertices of point #12: (12, 31)
	vertices of point #13: (13, 32)
	vertices of point #14: (14, 33)
	vertices of point #15: (15, 34)
	vertices of point #16: (16, 35)
	vertices of point #17: (17, 36)
	vertices of point #18: (18, 37)

arcs...
	total arcs: 
		arc #0: (0, 1)
		arc #1: (0, 19)
		arc #2: (19, 0)
		arc #3: (1, 2)
		arc #4: (20, 19)
		arc #5: (2, 3)
		arc #6: (21, 20)
		arc #7: (3, 4)
		arc #8: (22, 21)
		arc #9: (4, 5)
		arc #10: (23, 22)
		arc #11: (5, 6)
		arc #12: (24, 23)
		arc #13: (5, 24)
		arc #14: (24, 5)
		arc #15: (6, 7)
		arc #16: (25, 24)
		arc #17: (7, 8)
		arc #18: (26, 25)
		arc #19: (8, 9)
		arc #20: (27, 26)
		arc #21: (9, 10)
		arc #22: (28, 27)
		arc #23: (10, 11)
		arc #24: (29, 28)
		arc #25: (11, 12)
		arc #26: (30, 29)
		arc #27: (12, 13)
		arc #28: (31, 30)
		arc #29: (13, 14)
		arc #30: (32, 31)
		arc #31: (14, 15)
		arc #32: (33, 32)
		arc #33: (15, 16)
		arc #34: (34, 33)
		arc #35: (15, 34)
		arc #36: (34, 15)
		arc #37: (16, 17)
		arc #38: (35, 34)
		arc #39: (17, 18)
		arc #40: (36, 35)
		arc #41: (37, 36)
		arc #42: (18, 37)
		arc #43: (37, 18)

	reverse arcs: 
		arc #1: (0, 19)
		arc #2: (19, 0)
		arc #13: (5, 24)
		arc #14: (24, 5)
		arc #35: (15, 34)
		arc #36: (34, 15)
		arc #42: (18, 37)
		arc #43: (37, 18)


incompatible points...
	(0, 4, 24, (4, 5))	(24, 20, 0, (20, 19))	(5, 5, 25, (5, 6))	(25, 25, 5, (25, 24))	(6, 6, 26, (6, 7))	(26, 26, 6, (26, 25))	(7, 14, 34, (14, 15))	(34, 27, 7, (27, 26))	(15, 17, 37, (17, 18))	(37, 35, 15, (35, 34))

number of routes = 16
vertices of routes...
	route #0: 0     1     2     3     4     5     6     7     8     9    10    11    12    13    14    15    16    17    18    37    36    35    34    33    32    31    30    29    28    27    26    25    24    23    22    21    20    19     0
	route #1: 37    36    35    34    33    32    31    30    29    28    27    26    25    24    23    22    21    20    19     0     1     2     3     4     5     6     7     8     9    10    11    12    13    14    15    16    17    18    37
	route #2: 5     6     7     8     9    10    11    12    13    14    15    16    17    18
	route #3: 24    23    22    21    20    19
	route #4: 0     1     2     3     4     5
	route #5: 37    36    35    34    33    32    31    30    29    28    27    26    25    24
	route #6: 15    16    17    18
	route #7: 34    33    32    31    30    29    28    27    26    25    24    23    22    21    20    19
	route #8: 0     1     2     3     4     5     6     7     8     9    10    11    12    13    14    15
	route #9: 37    36    35    34
	route #10: 34    33    32    31    30    29    28    27    26    25    24    23    22    21    20    19     0     1     2     3     4     5     6     7     8     9    10    11    12    13    14    15    34
	route #11: 5     6     7     8     9    10    11    12    13    14    15
	route #12: 5     6     7     8     9    10    11    12    13    14    15    16    17    18    37    36    35    34    33    32    31    30    29    28    27    26    25    24     5
	route #13: 15    16    17    18    37    36    35    34    15
	route #14: 24    23    22    21    20    19     0     1     2     3     4     5    24
	route #15: 34    33    32    31    30    29    28    27    26    25    24
arcs of routes...
	route #0: 0     3     5     7     9    11    15    17    19    21    23    25    27    29    31    33    37    39    42    41    40    38    34    32    30    28    26    24    22    20    18    16    12    10     8     6     4     2
	route #1: 41    40    38    34    32    30    28    26    24    22    20    18    16    12    10     8     6     4     2     0     3     5     7     9    11    15    17    19    21    23    25    27    29    31    33    37    39    42
	route #2: 11    15    17    19    21    23    25    27    29    31    33    37    39
	route #3: 12    10     8     6     4
	route #4: 0     3     5     7     9
	route #5: 41    40    38    34    32    30    28    26    24    22    20    18    16
	route #6: 33    37    39
	route #7: 34    32    30    28    26    24    22    20    18    16    12    10     8     6     4
	route #8: 0     3     5     7     9    11    15    17    19    21    23    25    27    29    31
	route #9: 41    40    38
	route #10: 34    32    30    28    26    24    22    20    18    16    12    10     8     6     4     2     0     3     5     7     9    11    15    17    19    21    23    25    27    29    31    35
	route #11: 11    15    17    19    21    23    25    27    29    31
	route #12: 11    15    17    19    21    23    25    27    29    31    33    37    39    42    41    40    38    34    32    30    28    26    24    22    20    18    16    14
	route #13: 33    37    39    42    41    40    38    36
	route #14: 12    10     8     6     4     2     0     3     5     7     9    13
	route #15: 34    32    30    28    26    24    22    20    18    16

incompatible routes...
	(0, 1)    	(0, 2)    	(0, 3)    	(0, 5)    	(0, 6)    	(0, 7)    	(0, 9)    	(0, 10)    	(0, 11)    	(0, 12)    	(0, 13)    	(0, 14)    	(0, 15)    	(1, 0)    	(1, 2)    	(1, 3)    	(1, 4)    	(1, 6)    	(1, 7)    	(1, 8)    	(1, 10)    	(1, 11)    	(1, 12)    	(1, 13)    	(1, 14)    	(1, 15)    	(2, 0)    	(2, 2)    	(2, 3)    	(2, 4)    	(2, 6)    	(2, 7)    	(2, 8)    	(2, 10)    	(2, 11)    	(2, 12)    	(2, 13)    	(2, 14)    	(2, 15)    	(3, 1)    	(3, 2)    	(3, 3)    	(3, 5)    	(3, 6)    	(3, 7)    	(3, 9)    	(3, 10)    	(3, 11)    	(3, 12)    	(3, 13)    	(3, 14)    	(3, 15)    	(4, 0)    	(4, 1)    	(4, 4)    	(4, 5)    	(4, 6)    	(4, 7)    	(4, 8)    	(4, 9)    	(4, 10)    	(4, 13)    	(4, 15)    	(5, 0)    	(5, 1)    	(5, 4)    	(5, 5)    	(5, 6)    	(5, 7)    	(5, 8)    	(5, 9)    	(5, 10)    	(5, 13)    	(5, 15)    	(6, 0)    	(6, 2)    	(6, 3)    	(6, 4)    	(6, 6)    	(6, 7)    	(6, 8)    	(6, 10)    	(6, 11)    	(6, 12)    	(6, 13)    	(6, 14)    	(6, 15)    	(7, 1)    	(7, 2)    	(7, 3)    	(7, 5)    	(7, 6)    	(7, 7)    	(7, 9)    	(7, 10)    	(7, 11)    	(7, 12)    	(7, 13)    	(7, 14)    	(7, 15)    	(8, 0)    	(8, 1)    	(8, 2)    	(8, 3)    	(8, 4)    	(8, 5)    	(8, 8)    	(8, 9)    	(8, 11)    	(8, 12)    	(8, 14)    	(9, 0)    	(9, 1)    	(9, 2)    	(9, 3)    	(9, 4)    	(9, 5)    	(9, 8)    	(9, 9)    	(9, 11)    	(9, 12)    	(9, 14)    	(10, 0)    	(10, 1)    	(10, 2)    	(10, 3)    	(10, 4)    	(10, 5)    	(10, 8)    	(10, 9)    	(10, 11)    	(10, 12)    	(10, 14)    	(11, 0)    	(11, 1)    	(11, 2)    	(11, 3)    	(11, 4)    	(11, 5)    	(11, 8)    	(11, 9)    	(11, 11)    	(11, 12)    	(11, 14)    	(12, 0)    	(12, 1)    	(12, 4)    	(12, 5)    	(12, 6)    	(12, 7)    	(12, 8)    	(12, 9)    	(12, 10)    	(12, 13)    	(12, 15)    	(13, 0)    	(13, 1)    	(13, 2)    	(13, 3)    	(13, 4)    	(13, 5)    	(13, 8)    	(13, 9)    	(13, 11)    	(13, 12)    	(13, 14)    	(14, 0)    	(14, 1)    	(14, 4)    	(14, 5)    	(14, 6)    	(14, 7)    	(14, 8)    	(14, 9)    	(14, 10)    	(14, 13)    	(14, 15)    	(15, 0)    	(15, 1)    	(15, 4)    	(15, 5)    	(15, 6)    	(15, 7)    	(15, 8)    	(15, 9)    	(15, 10)    	(15, 13)    	(15, 15)

vertices that can be adjacent in consecutive trips...
	(0, 0)    	(5, 5)    	(5, 24)    	(15, 15)    	(15, 34)    	(18, 37)    	(19, 0)    	(24, 5)    	(24, 24)    	(34, 15)    	(34, 34)    	(37, 37)
non cyclical routes: 
       2       3       4       5       6       7       8       9      11      15

routes of trip...
	routes that train #0 can complete at trip #0: 0       4       8
	routes that train #0 can complete at trip #1: 0       1       2       3       4       5       6       7       8       9      10      11      12      13      14      15

	routes that train #1 can complete at trip #0: 0       4       8
	routes that train #1 can complete at trip #1: 0       1       2       3       4       5       6       7       8       9      10      11      12      13      14      15

	routes that train #2 can complete at trip #0: 0       4       8
	routes that train #2 can complete at trip #1: 0       1       2       3       4       5       6       7       8       9      10      11      12      13      14      15

	routes that train #3 can complete at trip #0: 0       4       8
	routes that train #3 can complete at trip #1: 0       1       2       3       4       5       6       7       8       9      10      11      12      13      14      15

	routes that train #4 can complete at trip #0: 0       4       8
	routes that train #4 can complete at trip #1: 0       1       2       3       4       5       6       7       8       9      10      11      12      13      14      15

 cost...
	arc #0 [0][1]: 245
	arc #1 [0][19]: 0
	arc #2 [19][0]: 0
	arc #3 [1][2]: 240
	arc #4 [20][19]: 245
	arc #5 [2][3]: 234
	arc #6 [21][20]: 240
	arc #7 [3][4]: 233
	arc #8 [22][21]: 234
	arc #9 [4][5]: 243
	arc #10 [23][22]: 233
	arc #11 [5][6]: 210
	arc #12 [24][23]: 243
	arc #13 [5][24]: 0
	arc #14 [24][5]: 0
	arc #15 [6][7]: 245
	arc #16 [25][24]: 210
	arc #17 [7][8]: 226
	arc #18 [26][25]: 245
	arc #19 [8][9]: 236
	arc #20 [27][26]: 226
	arc #21 [9][10]: 235
	arc #22 [28][27]: 236
	arc #23 [10][11]: 213
	arc #24 [29][28]: 235
	arc #25 [11][12]: 204
	arc #26 [30][29]: 213
	arc #27 [12][13]: 249
	arc #28 [31][30]: 204
	arc #29 [13][14]: 237
	arc #30 [32][31]: 249
	arc #31 [14][15]: 243
	arc #32 [33][32]: 237
	arc #33 [15][16]: 241
	arc #34 [34][33]: 243
	arc #35 [15][34]: 0
	arc #36 [34][15]: 0
	arc #37 [16][17]: 216
	arc #38 [35][34]: 241
	arc #39 [17][18]: 234
	arc #40 [36][35]: 216
	arc #41 [37][36]: 234
	arc #42 [18][37]: 0
	arc #43 [37][18]: 0

cost with minimum service...
	arc #0 [0][1]: 360
	arc #1 [0][19]: 0
	arc #2 [19][0]: 0
	arc #3 [1][2]: 355
	arc #4 [20][19]: 504
	arc #5 [2][3]: 349
	arc #6 [21][20]: 355
	arc #7 [3][4]: 348
	arc #8 [22][21]: 349
	arc #9 [4][5]: 502
	arc #10 [23][22]: 348
	arc #11 [5][6]: 255
	arc #12 [24][23]: 358
	arc #13 [5][24]: 0
	arc #14 [24][5]: 0
	arc #15 [6][7]: 290
	arc #16 [25][24]: 469
	arc #17 [7][8]: 341
	arc #18 [26][25]: 290
	arc #19 [8][9]: 351
	arc #20 [27][26]: 271
	arc #21 [9][10]: 350
	arc #22 [28][27]: 351
	arc #23 [10][11]: 328
	arc #24 [29][28]: 350
	arc #25 [11][12]: 319
	arc #26 [30][29]: 328
	arc #27 [12][13]: 364
	arc #28 [31][30]: 319
	arc #29 [13][14]: 352
	arc #30 [32][31]: 364
	arc #31 [14][15]: 502
	arc #32 [33][32]: 352
	arc #33 [15][16]: 356
	arc #34 [34][33]: 358
	arc #35 [15][34]: 0
	arc #36 [34][15]: 0
	arc #37 [16][17]: 331
	arc #38 [35][34]: 500
	arc #39 [17][18]: 493
	arc #40 [36][35]: 331
	arc #41 [37][36]: 349
	arc #42 [18][37]: 0
	arc #43 [37][18]: 0

cost with maximum service...
	arc #0 [0][1]: 676
	arc #1 [0][19]: 431
	arc #2 [19][0]: 431
	arc #3 [1][2]: 671
	arc #4 [20][19]: 676
	arc #5 [2][3]: 665
	arc #6 [21][20]: 671
	arc #7 [3][4]: 664
	arc #8 [22][21]: 665
	arc #9 [4][5]: 674
	arc #10 [23][22]: 664
	arc #11 [5][6]: 641
	arc #12 [24][23]: 674
	arc #13 [5][24]: 431
	arc #14 [24][5]: 431
	arc #15 [6][7]: 676
	arc #16 [25][24]: 641
	arc #17 [7][8]: 657
	arc #18 [26][25]: 676
	arc #19 [8][9]: 667
	arc #20 [27][26]: 657
	arc #21 [9][10]: 666
	arc #22 [28][27]: 667
	arc #23 [10][11]: 644
	arc #24 [29][28]: 666
	arc #25 [11][12]: 635
	arc #26 [30][29]: 644
	arc #27 [12][13]: 680
	arc #28 [31][30]: 635
	arc #29 [13][14]: 668
	arc #30 [32][31]: 680
	arc #31 [14][15]: 674
	arc #32 [33][32]: 668
	arc #33 [15][16]: 672
	arc #34 [34][33]: 674
	arc #35 [15][34]: 431
	arc #36 [34][15]: 431
	arc #37 [16][17]: 647
	arc #38 [35][34]: 672
	arc #39 [17][18]: 665
	arc #40 [36][35]: 647
	arc #41 [37][36]: 665
	arc #42 [18][37]: 431
	arc #43 [37][18]: 431

demands...
	demands of vertex 0 at time interval: 6
	demands of vertex 1 at time interval: 6
	demands of vertex 2 at time interval: 6
	demands of vertex 3 at time interval: 6
	demands of vertex 4 at time interval: 6
	demands of vertex 5 at time interval: 6
	demands of vertex 6 at time interval: 0
	demands of vertex 7 at time interval: 0
	demands of vertex 8 at time interval: 6
	demands of vertex 9 at time interval: 6
	demands of vertex 10 at time interval: 6
	demands of vertex 11 at time interval: 6
	demands of vertex 12 at time interval: 6
	demands of vertex 13 at time interval: 6
	demands of vertex 14 at time interval: 6
	demands of vertex 15 at time interval: 6
	demands of vertex 16 at time interval: 6
	demands of vertex 17 at time interval: 6
	demands of vertex 18 at time interval: 0
	demands of vertex 19 at time interval: 0
	demands of vertex 20 at time interval: 6
	demands of vertex 21 at time interval: 6
	demands of vertex 22 at time interval: 6
	demands of vertex 23 at time interval: 6
	demands of vertex 24 at time interval: 6
	demands of vertex 25 at time interval: 0
	demands of vertex 26 at time interval: 0
	demands of vertex 27 at time interval: 6
	demands of vertex 28 at time interval: 6
	demands of vertex 29 at time interval: 6
	demands of vertex 30 at time interval: 6
	demands of vertex 31 at time interval: 6
	demands of vertex 32 at time interval: 6
	demands of vertex 33 at time interval: 6
	demands of vertex 34 at time interval: 6
	demands of vertex 35 at time interval: 6
	demands of vertex 36 at time interval: 6
	demands of vertex 37 at time interval: 6

maximum time = 29121
alpha = 50

Selecting set of cyclical routes...

Selecting set of initial routes...

Creating initial set of candidate combinations...
Solving candidate combinations...

1/1 candidate combination(s) tested! (Thread 0)
No feasible solution was found...

Removing trips...

Solving candidate combinations...

1/4 candidate combination(s) tested! (Thread 0)
2/4 candidate combination(s) tested! (Thread 0)
Found new best - 3/4 candidate combination(s) tested! (Thread 0)
Found new best - 4/4 candidate combination(s) tested! (Thread 0)

Removing trips...

Terminating loop at iteration 2

Relaxing trips, so the model can make changes...

>> Printing some results...
    -> Solution value = 26183 - 07:16:23
    -> Total time = 1687.57

=============
Train 0
=============
> Trip 0
   0(time 8948 - 02:29:08)(time 9193 - 02:33:13) ->    1(time 9308 - 02:35:08)(time 9548 - 02:39:08) ->    2(time 9663 - 02:41:03)(time 9897 - 02:44:57) ->    3(time 10012 - 02:46:52)(time 10245 - 02:50:45) ->    4(time 10676 - 02:57:56)(time 10919 - 03:01:59) ->    5(time 11178 - 03:06:18)(time 11388 - 03:09:48) ->    6(time 11433 - 03:10:33)(time 11678 - 03:14:38) ->    7(time 11723 - 03:15:23)(time 11949 - 03:19:09) ->    8(time 12064 - 03:21:04)(time 12300 - 03:25:00) ->    9(time 12415 - 03:26:55)(time 12650 - 03:30:50) ->    10(time 12765 - 03:32:45)(time 12978 - 03:36:18) ->    11(time 13093 - 03:38:13)(time 13297 - 03:41:37) ->    12(time 13412 - 03:43:32)(time 13661 - 03:47:41) ->    13(time 13865 - 03:51:05)(time 14102 - 03:55:02) ->    14(time 14361 - 03:59:21)(time 14604 - 04:03:24) ->    15(time 14863 - 04:07:43)(time 15104 - 04:11:44) ->    16(time 15219 - 04:13:39)(time 15435 - 04:17:15) ->    17(time 15550 - 04:19:10)(time 15784 - 04:23:04) ->    18(time 16215 - 04:30:15)(time 16215 - 04:30:15) ->    37(time 16646 - 04:37:26)(time 16880 - 04:41:20) ->    36(time 17311 - 04:48:31)(time 17527 - 04:52:07) ->    35(time 17958 - 04:59:18)(time 18199 - 05:03:19) ->    34(time 18458 - 05:07:38)(time 18701 - 05:11:41) ->    33(time 18816 - 05:13:36)(time 19053 - 05:17:33) ->    32(time 19168 - 05:19:28)(time 19417 - 05:23:37) ->    31(time 19532 - 05:25:32)(time 19736 - 05:28:56) ->    30(time 19851 - 05:30:51)(time 20064 - 05:34:24) ->    29(time 20179 - 05:36:19)(time 20414 - 05:40:14) ->    28(time 20529 - 05:42:09)(time 20765 - 05:46:05) ->    27(time 20880 - 05:48:00)(time 21106 - 05:51:46) ->    26(time 21151 - 05:52:31)(time 21396 - 05:56:36) ->    25(time 21827 - 06:03:47)(time 22037 - 06:07:17) ->    24(time 22296 - 06:11:36)(time 22539 - 06:15:39) ->    23(time 22654 - 06:17:34)(time 22887 - 06:21:27) ->    22(time 23318 - 06:28:38)(time 23552 - 06:32:32) ->    21(time 23667 - 06:34:27)(time 23907 - 06:38:27) ->    20(time 24022 - 06:40:22)(time 24267 - 06:44:27) ->    19(time 24526 - 06:48:46)(time 24526 - 06:48:46) -> 0
=============
Train 1
=============
> Trip 0
   0(time 9523 - 02:38:43)(time 9768 - 02:42:48) ->    1(time 9883 - 02:44:43)(time 10123 - 02:48:43) ->    2(time 10238 - 02:50:38)(time 10472 - 02:54:32) ->    3(time 10587 - 02:56:27)(time 10820 - 03:00:20) ->    4(time 10935 - 03:02:15)(time 11178 - 03:06:18) ->    5(time 11609 - 03:13:29)(time 11819 - 03:16:59) ->    6(time 12097 - 03:21:37)(time 12342 - 03:25:42) ->    7(time 12387 - 03:26:27)(time 12613 - 03:30:13) ->    8(time 12728 - 03:32:08)(time 12964 - 03:36:04) ->    9(time 13079 - 03:37:59)(time 13314 - 03:41:54) ->    10(time 13429 - 03:43:49)(time 13642 - 03:47:22) ->    11(time 13757 - 03:49:17)(time 13961 - 03:52:41) ->    12(time 14076 - 03:54:36)(time 14325 - 03:58:45) ->    13(time 14440 - 04:00:40)(time 14677 - 04:04:37) ->    14(time 14792 - 04:06:32)(time 15035 - 04:10:35) ->    15(time 15294 - 04:14:54)(time 15535 - 04:18:55) ->    16(time 15650 - 04:20:50)(time 15866 - 04:24:26) ->    17(time 15981 - 04:26:21)(time 16215 - 04:30:15) ->    18(time 16646 - 04:37:26)(time 16646 - 04:37:26) ->    37(time 17077 - 04:44:37)(time 17311 - 04:48:31) ->    36(time 17742 - 04:55:42)(time 17958 - 04:59:18) ->    35(time 18217 - 05:03:37)(time 18458 - 05:07:38) ->    34(time 18889 - 05:14:49)(time 19132 - 05:18:52) ->    33(time 19563 - 05:26:03)(time 19800 - 05:30:00) ->    32(time 20231 - 05:37:11)(time 20480 - 05:41:20) ->    31(time 20911 - 05:48:31)(time 21115 - 05:51:55) ->    30(time 21230 - 05:53:50)(time 21443 - 05:57:23) ->    29(time 21558 - 05:59:18)(time 21793 - 06:03:13) ->    28(time 21908 - 06:05:08)(time 22144 - 06:09:04) ->    27(time 22259 - 06:10:59)(time 22485 - 06:14:45) ->    26(time 22530 - 06:15:30)(time 22775 - 06:19:35) ->    25(time 22820 - 06:20:20)(time 23030 - 06:23:50) ->    24(time 23461 - 06:31:01)(time 23704 - 06:35:04) ->    23(time 23819 - 06:36:59)(time 24052 - 06:40:52) ->    22(time 24167 - 06:42:47)(time 24401 - 06:46:41) ->    21(time 24516 - 06:48:36)(time 24756 - 06:52:36) ->    20(time 24871 - 06:54:31)(time 25116 - 06:58:36) ->    19(time 25375 - 07:02:55)(time 25375 - 07:02:55) -> 0
=============
Train 2
=============
> Trip 0
   0(time 115 - 00:01:55)(time 360 - 00:06:00) ->    1(time 475 - 00:07:55)(time 715 - 00:11:55) ->    2(time 830 - 00:13:50)(time 1064 - 00:17:44) ->    3(time 1179 - 00:19:39)(time 1412 - 00:23:32) ->    4(time 1671 - 00:27:51)(time 1914 - 00:31:54) ->    5(time 2173 - 00:36:13)(time 2383 - 00:39:43) ->    6(time 2428 - 00:40:28)(time 2673 - 00:44:33) ->    7(time 2718 - 00:45:18)(time 2944 - 00:49:04) ->    8(time 3059 - 00:50:59)(time 3295 - 00:54:55) ->    9(time 3410 - 00:56:50)(time 3645 - 01:00:45) ->    10(time 3760 - 01:02:40)(time 3973 - 01:06:13) ->    11(time 4088 - 01:08:08)(time 4292 - 01:11:32) ->    12(time 4407 - 01:13:27)(time 4656 - 01:17:36) ->    13(time 4771 - 01:19:31)(time 5008 - 01:23:28) ->    14(time 5123 - 01:25:23)(time 5366 - 01:29:26) ->    15(time 5625 - 01:33:45)(time 5866 - 01:37:46) ->    16(time 5981 - 01:39:41)(time 6197 - 01:43:17) ->    17(time 6312 - 01:45:12)(time 6546 - 01:49:06) ->    18(time 6805 - 01:53:25)(time 6805 - 01:53:25) ->    37(time 6805 - 01:53:25)(time 7039 - 01:57:19) ->    36(time 7154 - 01:59:14)(time 7370 - 02:02:50) ->    35(time 7485 - 02:04:45)(time 7726 - 02:08:46) ->    34(time 7985 - 02:13:05)(time 8228 - 02:17:08) ->    33(time 8343 - 02:19:03)(time 8580 - 02:23:00) ->    32(time 8695 - 02:24:55)(time 8944 - 02:29:04) ->    31(time 9059 - 02:30:59)(time 9263 - 02:34:23) ->    30(time 9378 - 02:36:18)(time 9591 - 02:39:51) ->    29(time 9706 - 02:41:46)(time 9941 - 02:45:41) ->    28(time 10056 - 02:47:36)(time 10292 - 02:51:32) ->    27(time 10407 - 02:53:27)(time 10633 - 02:57:13) ->    26(time 10678 - 02:57:58)(time 10923 - 03:02:03) ->    25(time 10968 - 03:02:48)(time 11178 - 03:06:18) ->    24(time 11437 - 03:10:37)(time 11680 - 03:14:40) ->    23(time 11795 - 03:16:35)(time 12028 - 03:20:28) ->    22(time 12143 - 03:22:23)(time 12377 - 03:26:17) ->    21(time 12492 - 03:28:12)(time 12732 - 03:32:12) ->    20(time 12847 - 03:34:07)(time 13092 - 03:38:12) ->    19(time 13351 - 03:42:31)(time 13351 - 03:42:31) -> 0
=============
Train 3
=============
> Trip 0
   0(time 8097 - 02:14:57)(time 8342 - 02:19:02) ->    1(time 8457 - 02:20:57)(time 8697 - 02:24:57) ->    2(time 8812 - 02:26:52)(time 9046 - 02:30:46) ->    3(time 9161 - 02:32:41)(time 9394 - 02:36:34) ->    4(time 9825 - 02:43:45)(time 10068 - 02:47:48) ->    5(time 10499 - 02:54:59)(time 10709 - 02:58:29) ->    6(time 11091 - 03:04:51)(time 11336 - 03:08:56) ->    7(time 11381 - 03:09:41)(time 11607 - 03:13:27) ->    8(time 11722 - 03:15:22)(time 11958 - 03:19:18) ->    9(time 12073 - 03:21:13)(time 12308 - 03:25:08) ->    10(time 12423 - 03:27:03)(time 12636 - 03:30:36) ->    11(time 12751 - 03:32:31)(time 12955 - 03:35:55) ->    12(time 13070 - 03:37:50)(time 13319 - 03:41:59) ->    13(time 13434 - 03:43:54)(time 13671 - 03:47:51) ->    14(time 14102 - 03:55:02)(time 14345 - 03:59:05) ->    15(time 14604 - 04:03:24)(time 14845 - 04:07:25) ->    16(time 14960 - 04:09:20)(time 15176 - 04:12:56) ->    17(time 15291 - 04:14:51)(time 15525 - 04:18:45) ->    18(time 15784 - 04:23:04)(time 15784 - 04:23:04) ->    37(time 16215 - 04:30:15)(time 16449 - 04:34:09) ->    36(time 16880 - 04:41:20)(time 17096 - 04:44:56) ->    35(time 17527 - 04:52:07)(time 17768 - 04:56:08) ->    34(time 18199 - 05:03:19)(time 18442 - 05:07:22) ->    33(time 18557 - 05:09:17)(time 18794 - 05:13:14) ->    32(time 18909 - 05:15:09)(time 19158 - 05:19:18) ->    31(time 19273 - 05:21:13)(time 19477 - 05:24:37) ->    30(time 19592 - 05:26:32)(time 19805 - 05:30:05) ->    29(time 19920 - 05:32:00)(time 20155 - 05:35:55) ->    28(time 20270 - 05:37:50)(time 20506 - 05:41:46) ->    27(time 20621 - 05:43:41)(time 20847 - 05:47:27) ->    26(time 20892 - 05:48:12)(time 21137 - 05:52:17) ->    25(time 21182 - 05:53:02)(time 21392 - 05:56:32) ->    24(time 21651 - 06:00:51)(time 21894 - 06:04:54) ->    23(time 22009 - 06:06:49)(time 22242 - 06:10:42) ->    22(time 22357 - 06:12:37)(time 22591 - 06:16:31) ->    21(time 22706 - 06:18:26)(time 22946 - 06:22:26) ->    20(time 23061 - 06:24:21)(time 23306 - 06:28:26) ->    19(time 23565 - 06:32:45)(time 23565 - 06:32:45) -> 0
=============
Train 4
=============
> Trip 0
   0(time 0 - 00:00:00)(time 245 - 00:04:05) ->    1(time 360 - 00:06:00)(time 600 - 00:10:00) ->    2(time 715 - 00:11:55)(time 949 - 00:15:49) ->    3(time 1064 - 00:17:44)(time 1297 - 00:21:37) ->    4(time 1412 - 00:23:32)(time 1655 - 00:27:35) ->    5(time 1914 - 00:31:54)(time 2124 - 00:35:24) ->    6(time 2169 - 00:36:09)(time 2414 - 00:40:14) ->    7(time 2459 - 00:40:59)(time 2685 - 00:44:45) ->    8(time 2800 - 00:46:40)(time 3036 - 00:50:36) ->    9(time 3151 - 00:52:31)(time 3386 - 00:56:26) ->    10(time 3501 - 00:58:21)(time 3714 - 01:01:54) ->    11(time 3829 - 01:03:49)(time 4033 - 01:07:13) ->    12(time 4148 - 01:09:08)(time 4397 - 01:13:17) ->    13(time 4512 - 01:15:12)(time 4749 - 01:19:09) ->    14(time 4864 - 01:21:04)(time 5107 - 01:25:07) ->    15(time 5366 - 01:29:26)(time 5607 - 01:33:27) ->    16(time 5722 - 01:35:22)(time 5938 - 01:38:58) ->    17(time 6053 - 01:40:53)(time 6287 - 01:44:47) ->    18(time 6546 - 01:49:06)(time 6546 - 01:49:06) ->    37(time 6546 - 01:49:06)(time 6780 - 01:53:00) ->    36(time 6895 - 01:54:55)(time 7111 - 01:58:31) ->    35(time 7226 - 02:00:26)(time 7467 - 02:04:27) ->    34(time 7726 - 02:08:46)(time 7969 - 02:12:49) ->    33(time 8084 - 02:14:44)(time 8321 - 02:18:41) ->    32(time 8436 - 02:20:36)(time 8685 - 02:24:45) ->    31(time 8800 - 02:26:40)(time 9004 - 02:30:04) ->    30(time 9119 - 02:31:59)(time 9332 - 02:35:32) ->    29(time 9447 - 02:37:27)(time 9682 - 02:41:22) ->    28(time 9797 - 02:43:17)(time 10033 - 02:47:13) ->    27(time 10148 - 02:49:08)(time 10374 - 02:52:54) ->    26(time 10419 - 02:53:39)(time 10664 - 02:57:44) ->    25(time 10709 - 02:58:29)(time 10919 - 03:01:59) ->    24(time 11178 - 03:06:18)(time 11421 - 03:10:21) ->    23(time 11536 - 03:12:16)(time 11769 - 03:16:09) ->    22(time 11884 - 03:18:04)(time 12118 - 03:21:58) ->    21(time 12233 - 03:23:53)(time 12473 - 03:27:53) ->    20(time 12588 - 03:29:48)(time 12833 - 03:33:53) ->    19(time 13092 - 03:38:12)(time 13092 - 03:38:12) -> 0
> Trip 1
   0(time 13092 - 03:38:12)(time 13337 - 03:42:17) ->    1(time 13452 - 03:44:12)(time 13692 - 03:48:12) ->    2(time 13807 - 03:50:07)(time 14041 - 03:54:01) ->    3(time 14156 - 03:55:56)(time 14389 - 03:59:49) ->    4(time 14504 - 04:01:44)(time 14747 - 04:05:47) ->    5(time 15006 - 04:10:06)(time 15216 - 04:13:36) ->    6(time 15261 - 04:14:21)(time 15506 - 04:18:26) ->    7(time 15551 - 04:19:11)(time 15777 - 04:22:57) ->    8(time 15892 - 04:24:52)(time 16128 - 04:28:48) ->    9(time 16243 - 04:30:43)(time 16478 - 04:34:38) ->    10(time 16593 - 04:36:33)(time 16806 - 04:40:06) ->    11(time 16921 - 04:42:01)(time 17125 - 04:45:25) ->    12(time 17240 - 04:47:20)(time 17489 - 04:51:29) ->    13(time 17604 - 04:53:24)(time 17841 - 04:57:21) ->    14(time 17956 - 04:59:16)(time 18199 - 05:03:19) ->    15(time 18458 - 05:07:38)(time 18699 - 05:11:39) ->    16(time 18814 - 05:13:34)(time 19030 - 05:17:10) ->    17(time 19145 - 05:19:05)(time 19379 - 05:22:59) ->    18(time 19638 - 05:27:18)(time 19638 - 05:27:18) ->    37(time 19638 - 05:27:18)(time 19872 - 05:31:12) ->    36(time 19987 - 05:33:07)(time 20203 - 05:36:43) ->    35(time 20318 - 05:38:38)(time 20559 - 05:42:39) ->    34(time 20818 - 05:46:58)(time 21061 - 05:51:01) ->    33(time 21176 - 05:52:56)(time 21413 - 05:56:53) ->    32(time 21528 - 05:58:48)(time 21777 - 06:02:57) ->    31(time 21892 - 06:04:52)(time 22096 - 06:08:16) ->    30(time 22211 - 06:10:11)(time 22424 - 06:13:44) ->    29(time 22539 - 06:15:39)(time 22774 - 06:19:34) ->    28(time 22889 - 06:21:29)(time 23125 - 06:25:25) ->    27(time 23240 - 06:27:20)(time 23466 - 06:31:06) ->    26(time 23511 - 06:31:51)(time 23756 - 06:35:56) ->    25(time 23801 - 06:36:41)(time 24011 - 06:40:11) ->    24(time 24270 - 06:44:30)(time 24513 - 06:48:33) ->    23(time 24628 - 06:50:28)(time 24861 - 06:54:21) ->    22(time 24976 - 06:56:16)(time 25210 - 07:00:10) ->    21(time 25325 - 07:02:05)(time 25565 - 07:06:05) ->    20(time 25680 - 07:08:00)(time 25925 - 07:12:05) ->    19(time 26184 - 07:16:24)(time 26184 - 07:16:24) -> 0
