t5p21r2h2.txt:
   > Trying to open the instance file...
   > Reading number of trains...
   > Reading maximum number of trips per train...
   > Reading time intervals...
   > Reading number of points...
   > Reading stations...
   > Reading crossings...
   > Reading depots...
   > Reading initial point...
   > Reading routes...
   > Reading distance and distance and service...
   > Reading demands...
   > Reading maximum time...
   > Reading alpha...

--------------------------------
 Printing instance
--------------------------------
number of trains = 5
	max trips per trains: 2     2     2     2     2
number of intervals = 2
	(0,  23853)	(23854,  47706)
number of points = 21
	initial point: 0
	stations: 0     1     2     3     4     5     6     7     8    10    11    13    14    15    16    17    18    20
	crossings: 0     4     8     9    10    12    14    19    20
	depots: 0    20
number of vertices = 42
	total vertices: 0     1     2     3     4     5     6     7     8     9    10    11    12    13    14    15    16    17    18    19    20    21    22    23    24    25    26    27    28    29    30    31    32    33    34    35    36    37    38    39    40    41
	upper vertices: 0     1     2     3     4     5     6     7     8     9    10    11    12    13    14    15    16    17    18    19    20
	lower vertices: 21    22    23    24    25    26    27    28    29    30    31    32    33    34    35    36    37    38    39    40    41
	vertices of point #0: (0, 21)
	vertices of point #1: (1, 22)
	vertices of point #2: (2, 23)
	vertices of point #3: (3, 24)
	vertices of point #4: (4, 25)
	vertices of point #5: (5, 26)
	vertices of point #6: (6, 27)
	vertices of point #7: (7, 28)
	vertices of point #8: (8, 29)
	vertices of point #9: (9, 30)
	vertices of point #10: (10, 31)
	vertices of point #11: (11, 32)
	vertices of point #12: (12, 33)
	vertices of point #13: (13, 34)
	vertices of point #14: (14, 35)
	vertices of point #15: (15, 36)
	vertices of point #16: (16, 37)
	vertices of point #17: (17, 38)
	vertices of point #18: (18, 39)
	vertices of point #19: (19, 40)
	vertices of point #20: (20, 41)

arcs...
	total arcs: 
		arc #0: (0, 1)
		arc #1: (0, 21)
		arc #2: (21, 0)
		arc #3: (1, 2)
		arc #4: (22, 21)
		arc #5: (2, 3)
		arc #6: (23, 22)
		arc #7: (3, 4)
		arc #8: (24, 23)
		arc #9: (4, 5)
		arc #10: (25, 24)
		arc #11: (5, 6)
		arc #12: (26, 25)
		arc #13: (6, 7)
		arc #14: (27, 26)
		arc #15: (7, 8)
		arc #16: (28, 27)
		arc #17: (8, 9)
		arc #18: (29, 28)
		arc #19: (9, 10)
		arc #20: (30, 29)
		arc #21: (10, 11)
		arc #22: (31, 30)
		arc #23: (11, 12)
		arc #24: (32, 31)
		arc #25: (12, 13)
		arc #26: (33, 32)
		arc #27: (13, 14)
		arc #28: (34, 33)
		arc #29: (14, 15)
		arc #30: (35, 34)
		arc #31: (15, 16)
		arc #32: (36, 35)
		arc #33: (16, 17)
		arc #34: (37, 36)
		arc #35: (17, 18)
		arc #36: (38, 37)
		arc #37: (18, 19)
		arc #38: (39, 38)
		arc #39: (19, 20)
		arc #40: (40, 39)
		arc #41: (41, 40)
		arc #42: (20, 41)
		arc #43: (41, 20)

	reverse arcs: 
		arc #1: (0, 21)
		arc #2: (21, 0)
		arc #42: (20, 41)
		arc #43: (41, 20)


incompatible points...
	(0, 3, 25, (3, 4))	(25, 22, 0, (22, 21))	(4, 7, 29, (7, 8))	(29, 26, 4, (26, 25))	(8, 8, 30, (8, 9))	(30, 30, 8, (30, 29))	(9, 9, 31, (9, 10))	(31, 31, 9, (31, 30))	(10, 11, 33, (11, 12))	(33, 32, 10, (32, 31))	(12, 13, 35, (13, 14))	(35, 34, 12, (34, 33))	(14, 18, 40, (18, 19))	(40, 36, 14, (36, 35))	(19, 19, 41, (19, 20))	(41, 41, 19, (41, 40))

number of routes = 2
vertices of routes...
	route #0: 0     1     2     3     4     5     6     7     8     9    10    11    12    13    14    15    16    17    18    19    20    41    40    39    38    37    36    35    34    33    32    31    30    29    28    27    26    25    24    23    22    21     0
	route #1: 41    40    39    38    37    36    35    34    33    32    31    30    29    28    27    26    25    24    23    22    21     0     1     2     3     4     5     6     7     8     9    10    11    12    13    14    15    16    17    18    19    20    41
arcs of routes...
	route #0: 0     3     5     7     9    11    13    15    17    19    21    23    25    27    29    31    33    35    37    39    42    41    40    38    36    34    32    30    28    26    24    22    20    18    16    14    12    10     8     6     4     2
	route #1: 41    40    38    36    34    32    30    28    26    24    22    20    18    16    14    12    10     8     6     4     2     0     3     5     7     9    11    13    15    17    19    21    23    25    27    29    31    33    35    37    39    42

incompatible routes...
	(0, 1)    	(1, 0)

vertices that can be adjacent in consecutive trips...
	(0, 0)    	(41, 41)
non cyclical routes: 


routes of trip...
	routes that train #0 can complete at trip #0: 0
	routes that train #0 can complete at trip #1: 0       1

	routes that train #1 can complete at trip #0: 0
	routes that train #1 can complete at trip #1: 0       1

	routes that train #2 can complete at trip #0: 0
	routes that train #2 can complete at trip #1: 0       1

	routes that train #3 can complete at trip #0: 0
	routes that train #3 can complete at trip #1: 0       1

	routes that train #4 can complete at trip #0: 0
	routes that train #4 can complete at trip #1: 0       1

 cost...
	arc #0 [0][1]: 300
	arc #1 [0][21]: 0
	arc #2 [21][0]: 0
	arc #3 [1][2]: 349
	arc #4 [22][21]: 300
	arc #5 [2][3]: 293
	arc #6 [23][22]: 349
	arc #7 [3][4]: 310
	arc #8 [24][23]: 293
	arc #9 [4][5]: 344
	arc #10 [25][24]: 310
	arc #11 [5][6]: 300
	arc #12 [26][25]: 344
	arc #13 [6][7]: 324
	arc #14 [27][26]: 300
	arc #15 [7][8]: 289
	arc #16 [28][27]: 324
	arc #17 [8][9]: 335
	arc #18 [29][28]: 289
	arc #19 [9][10]: 311
	arc #20 [30][29]: 335
	arc #21 [10][11]: 315
	arc #22 [31][30]: 311
	arc #23 [11][12]: 328
	arc #24 [32][31]: 315
	arc #25 [12][13]: 326
	arc #26 [33][32]: 328
	arc #27 [13][14]: 328
	arc #28 [34][33]: 326
	arc #29 [14][15]: 342
	arc #30 [35][34]: 328
	arc #31 [15][16]: 307
	arc #32 [36][35]: 342
	arc #33 [16][17]: 328
	arc #34 [37][36]: 307
	arc #35 [17][18]: 302
	arc #36 [38][37]: 328
	arc #37 [18][19]: 311
	arc #38 [39][38]: 302
	arc #39 [19][20]: 293
	arc #40 [40][39]: 311
	arc #41 [41][40]: 293
	arc #42 [20][41]: 0
	arc #43 [41][20]: 0

cost with minimum service...
	arc #0 [0][1]: 396
	arc #1 [0][21]: 0
	arc #2 [21][0]: 0
	arc #3 [1][2]: 445
	arc #4 [22][21]: 548
	arc #5 [2][3]: 389
	arc #6 [23][22]: 445
	arc #7 [3][4]: 406
	arc #8 [24][23]: 389
	arc #9 [4][5]: 440
	arc #10 [25][24]: 406
	arc #11 [5][6]: 396
	arc #12 [26][25]: 440
	arc #13 [6][7]: 420
	arc #14 [27][26]: 396
	arc #15 [7][8]: 385
	arc #16 [28][27]: 420
	arc #17 [8][9]: 404
	arc #18 [29][28]: 385
	arc #19 [9][10]: 407
	arc #20 [30][29]: 431
	arc #21 [10][11]: 411
	arc #22 [31][30]: 380
	arc #23 [11][12]: 397
	arc #24 [32][31]: 411
	arc #25 [12][13]: 422
	arc #26 [33][32]: 424
	arc #27 [13][14]: 424
	arc #28 [34][33]: 395
	arc #29 [14][15]: 438
	arc #30 [35][34]: 424
	arc #31 [15][16]: 403
	arc #32 [36][35]: 438
	arc #33 [16][17]: 424
	arc #34 [37][36]: 403
	arc #35 [17][18]: 398
	arc #36 [38][37]: 424
	arc #37 [18][19]: 380
	arc #38 [39][38]: 398
	arc #39 [19][20]: 541
	arc #40 [40][39]: 407
	arc #41 [41][40]: 362
	arc #42 [20][41]: 0
	arc #43 [41][20]: 0

cost with maximum service...
	arc #0 [0][1]: 761
	arc #1 [0][21]: 461
	arc #2 [21][0]: 461
	arc #3 [1][2]: 810
	arc #4 [22][21]: 761
	arc #5 [2][3]: 754
	arc #6 [23][22]: 810
	arc #7 [3][4]: 771
	arc #8 [24][23]: 754
	arc #9 [4][5]: 805
	arc #10 [25][24]: 771
	arc #11 [5][6]: 761
	arc #12 [26][25]: 805
	arc #13 [6][7]: 785
	arc #14 [27][26]: 761
	arc #15 [7][8]: 750
	arc #16 [28][27]: 785
	arc #17 [8][9]: 796
	arc #18 [29][28]: 750
	arc #19 [9][10]: 772
	arc #20 [30][29]: 796
	arc #21 [10][11]: 776
	arc #22 [31][30]: 772
	arc #23 [11][12]: 789
	arc #24 [32][31]: 776
	arc #25 [12][13]: 787
	arc #26 [33][32]: 789
	arc #27 [13][14]: 789
	arc #28 [34][33]: 787
	arc #29 [14][15]: 803
	arc #30 [35][34]: 789
	arc #31 [15][16]: 768
	arc #32 [36][35]: 803
	arc #33 [16][17]: 789
	arc #34 [37][36]: 768
	arc #35 [17][18]: 763
	arc #36 [38][37]: 789
	arc #37 [18][19]: 772
	arc #38 [39][38]: 763
	arc #39 [19][20]: 754
	arc #40 [40][39]: 772
	arc #41 [41][40]: 754
	arc #42 [20][41]: 461
	arc #43 [41][20]: 461

demands...
	demands of vertex 0 at time interval: 3     3
	demands of vertex 1 at time interval: 3     3
	demands of vertex 2 at time interval: 3     3
	demands of vertex 3 at time interval: 3     3
	demands of vertex 4 at time interval: 3     3
	demands of vertex 5 at time interval: 3     3
	demands of vertex 6 at time interval: 3     3
	demands of vertex 7 at time interval: 3     3
	demands of vertex 8 at time interval: 3     3
	demands of vertex 9 at time interval: 0     0
	demands of vertex 10 at time interval: 3     3
	demands of vertex 11 at time interval: 3     3
	demands of vertex 12 at time interval: 0     0
	demands of vertex 13 at time interval: 3     3
	demands of vertex 14 at time interval: 3     3
	demands of vertex 15 at time interval: 3     3
	demands of vertex 16 at time interval: 3     3
	demands of vertex 17 at time interval: 3     3
	demands of vertex 18 at time interval: 3     3
	demands of vertex 19 at time interval: 0     0
	demands of vertex 20 at time interval: 0     0
	demands of vertex 21 at time interval: 0     0
	demands of vertex 22 at time interval: 3     3
	demands of vertex 23 at time interval: 3     3
	demands of vertex 24 at time interval: 3     3
	demands of vertex 25 at time interval: 3     3
	demands of vertex 26 at time interval: 3     3
	demands of vertex 27 at time interval: 3     3
	demands of vertex 28 at time interval: 3     3
	demands of vertex 29 at time interval: 3     3
	demands of vertex 30 at time interval: 0     0
	demands of vertex 31 at time interval: 3     3
	demands of vertex 32 at time interval: 3     3
	demands of vertex 33 at time interval: 0     0
	demands of vertex 34 at time interval: 3     3
	demands of vertex 35 at time interval: 3     3
	demands of vertex 36 at time interval: 3     3
	demands of vertex 37 at time interval: 3     3
	demands of vertex 38 at time interval: 3     3
	demands of vertex 39 at time interval: 3     3
	demands of vertex 40 at time interval: 0     0
	demands of vertex 41 at time interval: 3     3

maximum time = 47706
alpha = 43

Selecting set of cyclical routes...

Selecting set of initial routes...

Creating initial set of candidate combinations...
Solving candidate combinations...

Found new best - 1/1 candidate combination(s) tested! (Thread 0)

Removing trips...

Solving candidate combinations...

1/4 candidate combination(s) tested! (Thread 0)
2/4 candidate combination(s) tested! (Thread 0)
3/4 candidate combination(s) tested! (Thread 0)
4/4 candidate combination(s) tested! (Thread 0)

Relaxing trips, so the model can make changes...

>> Printing some results...
    -> Solution value = 19450 - 05:24:10
    -> Total time = 2434.72

=============
Train 0
=============
> Trip 0
   0(time 7323 - 02:02:03)(time 7623 - 02:07:03) ->    1(time 7719 - 02:08:39)(time 8068 - 02:14:28) ->    2(time 8164 - 02:16:04)(time 8457 - 02:20:57) ->    3(time 8553 - 02:22:33)(time 8863 - 02:27:43) ->    4(time 8959 - 02:29:19)(time 9303 - 02:35:03) ->    5(time 9399 - 02:36:39)(time 9699 - 02:41:39) ->    6(time 9795 - 02:43:15)(time 10119 - 02:48:39) ->    7(time 10215 - 02:50:15)(time 10504 - 02:55:04) ->    8(time 10600 - 02:56:40)(time 10935 - 03:02:15) ->    9(time 11004 - 03:03:24)(time 11315 - 03:08:35) ->    10(time 11411 - 03:10:11)(time 11726 - 03:15:26) ->    11(time 11822 - 03:17:02)(time 12150 - 03:22:30) ->    12(time 12219 - 03:23:39)(time 12545 - 03:29:05) ->    13(time 12641 - 03:30:41)(time 12969 - 03:36:09) ->    14(time 13065 - 03:37:45)(time 13407 - 03:43:27) ->    15(time 13503 - 03:45:03)(time 13810 - 03:50:10) ->    16(time 13906 - 03:51:46)(time 14234 - 03:57:14) ->    17(time 14330 - 03:58:50)(time 14632 - 04:03:52) ->    18(time 14728 - 04:05:28)(time 15039 - 04:10:39) ->    19(time 15287 - 04:14:47)(time 15580 - 04:19:40) ->    20(time 15828 - 04:23:48)(time 15828 - 04:23:48) ->    41(time 15897 - 04:24:57)(time 16190 - 04:29:50) ->    40(time 16286 - 04:31:26)(time 16597 - 04:36:37) ->    39(time 16693 - 04:38:13)(time 16995 - 04:43:15) ->    38(time 17091 - 04:44:51)(time 17419 - 04:50:19) ->    37(time 17515 - 04:51:55)(time 17822 - 04:57:02) ->    36(time 17918 - 04:58:38)(time 18260 - 05:04:20) ->    35(time 18356 - 05:05:56)(time 18684 - 05:11:24) ->    34(time 18780 - 05:13:00)(time 19106 - 05:18:26) ->    33(time 19175 - 05:19:35)(time 19503 - 05:25:03) ->    32(time 19599 - 05:26:39)(time 19914 - 05:31:54) ->    31(time 20010 - 05:33:30)(time 20321 - 05:38:41) ->    30(time 20390 - 05:39:50)(time 20725 - 05:45:25) ->    29(time 20821 - 05:47:01)(time 21110 - 05:51:50) ->    28(time 21206 - 05:53:26)(time 21530 - 05:58:50) ->    27(time 21626 - 06:00:26)(time 21926 - 06:05:26) ->    26(time 22022 - 06:07:02)(time 22366 - 06:12:46) ->    25(time 22462 - 06:14:22)(time 22772 - 06:19:32) ->    24(time 22868 - 06:21:08)(time 23161 - 06:26:01) ->    23(time 23257 - 06:27:37)(time 23606 - 06:33:26) ->    22(time 23854 - 06:37:34)(time 24154 - 06:42:34) ->    21(time 24402 - 06:46:42)(time 24402 - 06:46:42) -> 0
> Trip 1
   0(time 24913 - 06:55:13)(time 25213 - 07:00:13) ->    1(time 25309 - 07:01:49)(time 25658 - 07:07:38) ->    2(time 25754 - 07:09:14)(time 26047 - 07:14:07) ->    3(time 26143 - 07:15:43)(time 26453 - 07:20:53) ->    4(time 26549 - 07:22:29)(time 26893 - 07:28:13) ->    5(time 26989 - 07:29:49)(time 27289 - 07:34:49) ->    6(time 27385 - 07:36:25)(time 27709 - 07:41:49) ->    7(time 27805 - 07:43:25)(time 28094 - 07:48:14) ->    8(time 28190 - 07:49:50)(time 28525 - 07:55:25) ->    9(time 28594 - 07:56:34)(time 28905 - 08:01:45) ->    10(time 29001 - 08:03:21)(time 29316 - 08:08:36) ->    11(time 29412 - 08:10:12)(time 29740 - 08:15:40) ->    12(time 29809 - 08:16:49)(time 30135 - 08:22:15) ->    13(time 30231 - 08:23:51)(time 30559 - 08:29:19) ->    14(time 30655 - 08:30:55)(time 30997 - 08:36:37) ->    15(time 31093 - 08:38:13)(time 31400 - 08:43:20) ->    16(time 31496 - 08:44:56)(time 31824 - 08:50:24) ->    17(time 31920 - 08:52:00)(time 32222 - 08:57:02) ->    18(time 32318 - 08:58:38)(time 32629 - 09:03:49) ->    19(time 33090 - 09:11:30)(time 33383 - 09:16:23) ->    20(time 33631 - 09:20:31)(time 33631 - 09:20:31) ->    41(time 33879 - 09:24:39)(time 34172 - 09:29:32) ->    40(time 34241 - 09:30:41)(time 34552 - 09:35:52) ->    39(time 34648 - 09:37:28)(time 34950 - 09:42:30) ->    38(time 35046 - 09:44:06)(time 35374 - 09:49:34) ->    37(time 35470 - 09:51:10)(time 35777 - 09:56:17) ->    36(time 35873 - 09:57:53)(time 36215 - 10:03:35) ->    35(time 36311 - 10:05:11)(time 36639 - 10:10:39) ->    34(time 36887 - 10:14:47)(time 37213 - 10:20:13) ->    33(time 37282 - 10:21:22)(time 37610 - 10:26:50) ->    32(time 37706 - 10:28:26)(time 38021 - 10:33:41) ->    31(time 38117 - 10:35:17)(time 38428 - 10:40:28) ->    30(time 38497 - 10:41:37)(time 38832 - 10:47:12) ->    29(time 38928 - 10:48:48)(time 39217 - 10:53:37) ->    28(time 39313 - 10:55:13)(time 39637 - 11:00:37) ->    27(time 39733 - 11:02:13)(time 40033 - 11:07:13) ->    26(time 40129 - 11:08:49)(time 40473 - 11:14:33) ->    25(time 40569 - 11:16:09)(time 40879 - 11:21:19) ->    24(time 40975 - 11:22:55)(time 41268 - 11:27:48) ->    23(time 41364 - 11:29:24)(time 41713 - 11:35:13) ->    22(time 41809 - 11:36:49)(time 42109 - 11:41:49) ->    21(time 42357 - 11:45:57)(time 42357 - 11:45:57) -> 0
=============
Train 1
=============
> Trip 0
   0(time 7227 - 02:00:27)(time 7527 - 02:05:27) ->    1(time 7623 - 02:07:03)(time 7972 - 02:12:52) ->    2(time 8068 - 02:14:28)(time 8361 - 02:19:21) ->    3(time 8457 - 02:20:57)(time 8767 - 02:26:07) ->    4(time 8863 - 02:27:43)(time 9207 - 02:33:27) ->    5(time 9303 - 02:35:03)(time 9603 - 02:40:03) ->    6(time 9699 - 02:41:39)(time 10023 - 02:47:03) ->    7(time 10119 - 02:48:39)(time 10408 - 02:53:28) ->    8(time 10504 - 02:55:04)(time 10839 - 03:00:39) ->    9(time 10908 - 03:01:48)(time 11219 - 03:06:59) ->    10(time 11315 - 03:08:35)(time 11630 - 03:13:50) ->    11(time 11726 - 03:15:26)(time 12054 - 03:20:54) ->    12(time 12123 - 03:22:03)(time 12449 - 03:27:29) ->    13(time 12545 - 03:29:05)(time 12873 - 03:34:33) ->    14(time 12969 - 03:36:09)(time 13311 - 03:41:51) ->    15(time 13407 - 03:43:27)(time 13714 - 03:48:34) ->    16(time 13810 - 03:50:10)(time 14138 - 03:55:38) ->    17(time 14234 - 03:57:14)(time 14536 - 04:02:16) ->    18(time 14632 - 04:03:52)(time 14943 - 04:09:03) ->    19(time 15039 - 04:10:39)(time 15332 - 04:15:32) ->    20(time 15580 - 04:19:40)(time 15580 - 04:19:40) ->    41(time 15649 - 04:20:49)(time 15942 - 04:25:42) ->    40(time 16190 - 04:29:50)(time 16501 - 04:35:01) ->    39(time 16597 - 04:36:37)(time 16899 - 04:41:39) ->    38(time 16995 - 04:43:15)(time 17323 - 04:48:43) ->    37(time 17419 - 04:50:19)(time 17726 - 04:55:26) ->    36(time 17822 - 04:57:02)(time 18164 - 05:02:44) ->    35(time 18260 - 05:04:20)(time 18588 - 05:09:48) ->    34(time 18684 - 05:11:24)(time 19010 - 05:16:50) ->    33(time 19079 - 05:17:59)(time 19407 - 05:23:27) ->    32(time 19503 - 05:25:03)(time 19818 - 05:30:18) ->    31(time 19914 - 05:31:54)(time 20225 - 05:37:05) ->    30(time 20294 - 05:38:14)(time 20629 - 05:43:49) ->    29(time 20725 - 05:45:25)(time 21014 - 05:50:14) ->    28(time 21110 - 05:51:50)(time 21434 - 05:57:14) ->    27(time 21530 - 05:58:50)(time 21830 - 06:03:50) ->    26(time 21926 - 06:05:26)(time 22270 - 06:11:10) ->    25(time 22366 - 06:12:46)(time 22676 - 06:17:56) ->    24(time 22772 - 06:19:32)(time 23065 - 06:24:25) ->    23(time 23161 - 06:26:01)(time 23510 - 06:31:50) ->    22(time 23606 - 06:33:26)(time 23906 - 06:38:26) ->    21(time 24154 - 06:42:34)(time 24154 - 06:42:34) -> 0
> Trip 1
   0(time 24650 - 06:50:50)(time 24950 - 06:55:50) ->    1(time 25046 - 06:57:26)(time 25395 - 07:03:15) ->    2(time 25491 - 07:04:51)(time 25784 - 07:09:44) ->    3(time 25880 - 07:11:20)(time 26190 - 07:16:30) ->    4(time 26286 - 07:18:06)(time 26630 - 07:23:50) ->    5(time 26726 - 07:25:26)(time 27026 - 07:30:26) ->    6(time 27122 - 07:32:02)(time 27446 - 07:37:26) ->    7(time 27542 - 07:39:02)(time 27831 - 07:43:51) ->    8(time 27927 - 07:45:27)(time 28262 - 07:51:02) ->    9(time 28331 - 07:52:11)(time 28642 - 07:57:22) ->    10(time 28738 - 07:58:58)(time 29053 - 08:04:13) ->    11(time 29149 - 08:05:49)(time 29477 - 08:11:17) ->    12(time 29546 - 08:12:26)(time 29872 - 08:17:52) ->    13(time 29968 - 08:19:28)(time 30296 - 08:24:56) ->    14(time 30392 - 08:26:32)(time 30734 - 08:32:14) ->    15(time 30830 - 08:33:50)(time 31137 - 08:38:57) ->    16(time 31233 - 08:40:33)(time 31561 - 08:46:01) ->    17(time 31657 - 08:47:37)(time 31959 - 08:52:39) ->    18(time 32055 - 08:54:15)(time 32366 - 08:59:26) ->    19(time 32435 - 09:00:35)(time 32728 - 09:05:28) ->    20(time 33189 - 09:13:09)(time 33189 - 09:13:09) ->    41(time 33631 - 09:20:31)(time 33924 - 09:25:24) ->    40(time 33993 - 09:26:33)(time 34304 - 09:31:44) ->    39(time 34552 - 09:35:52)(time 34854 - 09:40:54) ->    38(time 34950 - 09:42:30)(time 35278 - 09:47:58) ->    37(time 35374 - 09:49:34)(time 35681 - 09:54:41) ->    36(time 35777 - 09:56:17)(time 36119 - 10:01:59) ->    35(time 36215 - 10:03:35)(time 36543 - 10:09:03) ->    34(time 36639 - 10:10:39)(time 36965 - 10:16:05) ->    33(time 37034 - 10:17:14)(time 37362 - 10:22:42) ->    32(time 37458 - 10:24:18)(time 37773 - 10:29:33) ->    31(time 37869 - 10:31:09)(time 38180 - 10:36:20) ->    30(time 38249 - 10:37:29)(time 38584 - 10:43:04) ->    29(time 38680 - 10:44:40)(time 38969 - 10:49:29) ->    28(time 39065 - 10:51:05)(time 39389 - 10:56:29) ->    27(time 39485 - 10:58:05)(time 39785 - 11:03:05) ->    26(time 39881 - 11:04:41)(time 40225 - 11:10:25) ->    25(time 40321 - 11:12:01)(time 40631 - 11:17:11) ->    24(time 40727 - 11:18:47)(time 41020 - 11:23:40) ->    23(time 41116 - 11:25:16)(time 41465 - 11:31:05) ->    22(time 41561 - 11:32:41)(time 41861 - 11:37:41) ->    21(time 42109 - 11:41:49)(time 42109 - 11:41:49) -> 0
=============
Train 2
=============
> Trip 0
   0(time 6599 - 01:49:59)(time 6899 - 01:54:59) ->    1(time 6995 - 01:56:35)(time 7344 - 02:02:24) ->    2(time 7440 - 02:04:00)(time 7733 - 02:08:53) ->    3(time 7829 - 02:10:29)(time 8139 - 02:15:39) ->    4(time 8235 - 02:17:15)(time 8579 - 02:22:59) ->    5(time 8675 - 02:24:35)(time 8975 - 02:29:35) ->    6(time 9071 - 02:31:11)(time 9395 - 02:36:35) ->    7(time 9491 - 02:38:11)(time 9780 - 02:43:00) ->    8(time 9876 - 02:44:36)(time 10211 - 02:50:11) ->    9(time 10280 - 02:51:20)(time 10591 - 02:56:31) ->    10(time 10687 - 02:58:07)(time 11002 - 03:03:22) ->    11(time 11098 - 03:04:58)(time 11426 - 03:10:26) ->    12(time 11495 - 03:11:35)(time 11821 - 03:17:01) ->    13(time 11917 - 03:18:37)(time 12245 - 03:24:05) ->    14(time 12341 - 03:25:41)(time 12683 - 03:31:23) ->    15(time 12779 - 03:32:59)(time 13086 - 03:38:06) ->    16(time 13182 - 03:39:42)(time 13510 - 03:45:10) ->    17(time 13606 - 03:46:46)(time 13908 - 03:51:48) ->    18(time 14004 - 03:53:24)(time 14315 - 03:58:35) ->    19(time 14384 - 03:59:44)(time 14677 - 04:04:37) ->    20(time 15119 - 04:11:59)(time 15119 - 04:11:59) ->    41(time 15580 - 04:19:40)(time 15873 - 04:24:33) ->    40(time 15942 - 04:25:42)(time 16253 - 04:30:53) ->    39(time 16349 - 04:32:29)(time 16651 - 04:37:31) ->    38(time 16747 - 04:39:07)(time 17075 - 04:44:35) ->    37(time 17171 - 04:46:11)(time 17478 - 04:51:18) ->    36(time 17574 - 04:52:54)(time 17916 - 04:58:36) ->    35(time 18012 - 05:00:12)(time 18340 - 05:05:40) ->    34(time 18436 - 05:07:16)(time 18762 - 05:12:42) ->    33(time 18831 - 05:13:51)(time 19159 - 05:19:19) ->    32(time 19255 - 05:20:55)(time 19570 - 05:26:10) ->    31(time 19666 - 05:27:46)(time 19977 - 05:32:57) ->    30(time 20046 - 05:34:06)(time 20381 - 05:39:41) ->    29(time 20477 - 05:41:17)(time 20766 - 05:46:06) ->    28(time 20862 - 05:47:42)(time 21186 - 05:53:06) ->    27(time 21282 - 05:54:42)(time 21582 - 05:59:42) ->    26(time 21678 - 06:01:18)(time 22022 - 06:07:02) ->    25(time 22118 - 06:08:38)(time 22428 - 06:13:48) ->    24(time 22524 - 06:15:24)(time 22817 - 06:20:17) ->    23(time 22913 - 06:21:53)(time 23262 - 06:27:42) ->    22(time 23358 - 06:29:18)(time 23658 - 06:34:18) ->    21(time 23906 - 06:38:26)(time 23906 - 06:38:26) -> 0
> Trip 1
   0(time 24402 - 06:46:42)(time 24702 - 06:51:42) ->    1(time 24798 - 06:53:18)(time 25147 - 06:59:07) ->    2(time 25243 - 07:00:43)(time 25536 - 07:05:36) ->    3(time 25632 - 07:07:12)(time 25942 - 07:12:22) ->    4(time 26038 - 07:13:58)(time 26382 - 07:19:42) ->    5(time 26478 - 07:21:18)(time 26778 - 07:26:18) ->    6(time 26874 - 07:27:54)(time 27198 - 07:33:18) ->    7(time 27294 - 07:34:54)(time 27583 - 07:39:43) ->    8(time 27679 - 07:41:19)(time 28014 - 07:46:54) ->    9(time 28083 - 07:48:03)(time 28394 - 07:53:14) ->    10(time 28490 - 07:54:50)(time 28805 - 08:00:05) ->    11(time 28901 - 08:01:41)(time 29229 - 08:07:09) ->    12(time 29298 - 08:08:18)(time 29624 - 08:13:44) ->    13(time 29720 - 08:15:20)(time 30048 - 08:20:48) ->    14(time 30144 - 08:22:24)(time 30486 - 08:28:06) ->    15(time 30582 - 08:29:42)(time 30889 - 08:34:49) ->    16(time 30985 - 08:36:25)(time 31313 - 08:41:53) ->    17(time 31409 - 08:43:29)(time 31711 - 08:48:31) ->    18(time 31807 - 08:50:07)(time 32118 - 08:55:18) ->    19(time 32187 - 08:56:27)(time 32480 - 09:01:20) ->    20(time 32728 - 09:05:28)(time 32728 - 09:05:28) ->    41(time 32797 - 09:06:37)(time 33090 - 09:11:30) ->    40(time 33186 - 09:13:06)(time 33497 - 09:18:17) ->    39(time 33593 - 09:19:53)(time 33895 - 09:24:55) ->    38(time 33991 - 09:26:31)(time 34319 - 09:31:59) ->    37(time 34415 - 09:33:35)(time 34722 - 09:38:42) ->    36(time 35164 - 09:46:04)(time 35506 - 09:51:46) ->    35(time 35602 - 09:53:22)(time 35930 - 09:58:50) ->    34(time 36026 - 10:00:26)(time 36352 - 10:05:52) ->    33(time 36421 - 10:07:01)(time 36749 - 10:12:29) ->    32(time 36845 - 10:14:05)(time 37160 - 10:19:20) ->    31(time 37256 - 10:20:56)(time 37567 - 10:26:07) ->    30(time 37636 - 10:27:16)(time 37971 - 10:32:51) ->    29(time 38067 - 10:34:27)(time 38356 - 10:39:16) ->    28(time 38452 - 10:40:52)(time 38776 - 10:46:16) ->    27(time 38872 - 10:47:52)(time 39172 - 10:52:52) ->    26(time 39268 - 10:54:28)(time 39612 - 11:00:12) ->    25(time 39708 - 11:01:48)(time 40018 - 11:06:58) ->    24(time 40114 - 11:08:34)(time 40407 - 11:13:27) ->    23(time 40503 - 11:15:03)(time 40852 - 11:20:52) ->    22(time 41313 - 11:28:33)(time 41613 - 11:33:33) ->    21(time 41861 - 11:37:41)(time 41861 - 11:37:41) -> 0
=============
Train 3
=============
> Trip 0
   0(time 5924 - 01:38:44)(time 6224 - 01:43:44) ->    1(time 6320 - 01:45:20)(time 6669 - 01:51:09) ->    2(time 6765 - 01:52:45)(time 7058 - 01:57:38) ->    3(time 7154 - 01:59:14)(time 7464 - 02:04:24) ->    4(time 7560 - 02:06:00)(time 7904 - 02:11:44) ->    5(time 8000 - 02:13:20)(time 8300 - 02:18:20) ->    6(time 8396 - 02:19:56)(time 8720 - 02:25:20) ->    7(time 8816 - 02:26:56)(time 9105 - 02:31:45) ->    8(time 9201 - 02:33:21)(time 9536 - 02:38:56) ->    9(time 9605 - 02:40:05)(time 9916 - 02:45:16) ->    10(time 10012 - 02:46:52)(time 10327 - 02:52:07) ->    11(time 10423 - 02:53:43)(time 10751 - 02:59:11) ->    12(time 10820 - 03:00:20)(time 11146 - 03:05:46) ->    13(time 11242 - 03:07:22)(time 11570 - 03:12:50) ->    14(time 11666 - 03:14:26)(time 12008 - 03:20:08) ->    15(time 12104 - 03:21:44)(time 12411 - 03:26:51) ->    16(time 12686 - 03:31:26)(time 13014 - 03:36:54) ->    17(time 13110 - 03:38:30)(time 13412 - 03:43:32) ->    18(time 13508 - 03:45:08)(time 13819 - 03:50:19) ->    19(time 13888 - 03:51:28)(time 14181 - 03:56:21) ->    20(time 14429 - 04:00:29)(time 14429 - 04:00:29) ->    41(time 14677 - 04:04:37)(time 14970 - 04:09:30) ->    40(time 15039 - 04:10:39)(time 15350 - 04:15:50) ->    39(time 15446 - 04:17:26)(time 15748 - 04:22:28) ->    38(time 15844 - 04:24:04)(time 16172 - 04:29:32) ->    37(time 16268 - 04:31:08)(time 16575 - 04:36:15) ->    36(time 16671 - 04:37:51)(time 17013 - 04:43:33) ->    35(time 17109 - 04:45:09)(time 17437 - 04:50:37) ->    34(time 17533 - 04:52:13)(time 17859 - 04:57:39) ->    33(time 17928 - 04:58:48)(time 18256 - 05:04:16) ->    32(time 18352 - 05:05:52)(time 18667 - 05:11:07) ->    31(time 18763 - 05:12:43)(time 19074 - 05:17:54) ->    30(time 19143 - 05:19:03)(time 19478 - 05:24:38) ->    29(time 19574 - 05:26:14)(time 19863 - 05:31:03) ->    28(time 20111 - 05:35:11)(time 20435 - 05:40:35) ->    27(time 20531 - 05:42:11)(time 20831 - 05:47:11) ->    26(time 20927 - 05:48:47)(time 21271 - 05:54:31) ->    25(time 21367 - 05:56:07)(time 21677 - 06:01:17) ->    24(time 21773 - 06:02:53)(time 22066 - 06:07:46) ->    23(time 22162 - 06:09:22)(time 22511 - 06:15:11) ->    22(time 22607 - 06:16:47)(time 22907 - 06:21:47) ->    21(time 23155 - 06:25:55)(time 23155 - 06:25:55) -> 0
> Trip 1
   0(time 25374 - 07:02:54)(time 25674 - 07:07:54) ->    1(time 25770 - 07:09:30)(time 26119 - 07:15:19) ->    2(time 26215 - 07:16:55)(time 26508 - 07:21:48) ->    3(time 26604 - 07:23:24)(time 26914 - 07:28:34) ->    4(time 27010 - 07:30:10)(time 27354 - 07:35:54) ->    5(time 27450 - 07:37:30)(time 27750 - 07:42:30) ->    6(time 27846 - 07:44:06)(time 28170 - 07:49:30) ->    7(time 28266 - 07:51:06)(time 28555 - 07:55:55) ->    8(time 28651 - 07:57:31)(time 28986 - 08:03:06) ->    9(time 29055 - 08:04:15)(time 29366 - 08:09:26) ->    10(time 29462 - 08:11:02)(time 29777 - 08:16:17) ->    11(time 29873 - 08:17:53)(time 30201 - 08:23:21) ->    12(time 30270 - 08:24:30)(time 30596 - 08:29:56) ->    13(time 30692 - 08:31:32)(time 31020 - 08:37:00) ->    14(time 31116 - 08:38:36)(time 31458 - 08:44:18) ->    15(time 31554 - 08:45:54)(time 31861 - 08:51:01) ->    16(time 31957 - 08:52:37)(time 32285 - 08:58:05) ->    17(time 32381 - 08:59:41)(time 32683 - 09:04:43) ->    18(time 32779 - 09:06:19)(time 33090 - 09:11:30) ->    19(time 33338 - 09:15:38)(time 33631 - 09:20:31) ->    20(time 33879 - 09:24:39)(time 33879 - 09:24:39) ->    41(time 33948 - 09:25:48)(time 34241 - 09:30:41) ->    40(time 34489 - 09:34:49)(time 34800 - 09:40:00) ->    39(time 34896 - 09:41:36)(time 35198 - 09:46:38) ->    38(time 35294 - 09:48:14)(time 35622 - 09:53:42) ->    37(time 35718 - 09:55:18)(time 36025 - 10:00:25) ->    36(time 36121 - 10:02:01)(time 36463 - 10:07:43) ->    35(time 36559 - 10:09:19)(time 36887 - 10:14:47) ->    34(time 36983 - 10:16:23)(time 37309 - 10:21:49) ->    33(time 37378 - 10:22:58)(time 37706 - 10:28:26) ->    32(time 37802 - 10:30:02)(time 38117 - 10:35:17) ->    31(time 38213 - 10:36:53)(time 38524 - 10:42:04) ->    30(time 38593 - 10:43:13)(time 38928 - 10:48:48) ->    29(time 39024 - 10:50:24)(time 39313 - 10:55:13) ->    28(time 39409 - 10:56:49)(time 39733 - 11:02:13) ->    27(time 39829 - 11:03:49)(time 40129 - 11:08:49) ->    26(time 40377 - 11:12:57)(time 40721 - 11:18:41) ->    25(time 40817 - 11:20:17)(time 41127 - 11:25:27) ->    24(time 41223 - 11:27:03)(time 41516 - 11:31:56) ->    23(time 41612 - 11:33:32)(time 41961 - 11:39:21) ->    22(time 42057 - 11:40:57)(time 42357 - 11:45:57) ->    21(time 42605 - 11:50:05)(time 42605 - 11:50:05) -> 0
=============
Train 4
=============
> Trip 0
   0(time 6351 - 01:45:51)(time 6651 - 01:50:51) ->    1(time 6747 - 01:52:27)(time 7096 - 01:58:16) ->    2(time 7192 - 01:59:52)(time 7485 - 02:04:45) ->    3(time 7581 - 02:06:21)(time 7891 - 02:11:31) ->    4(time 7987 - 02:13:07)(time 8331 - 02:18:51) ->    5(time 8427 - 02:20:27)(time 8727 - 02:25:27) ->    6(time 8823 - 02:27:03)(time 9147 - 02:32:27) ->    7(time 9243 - 02:34:03)(time 9532 - 02:38:52) ->    8(time 9628 - 02:40:28)(time 9963 - 02:46:03) ->    9(time 10032 - 02:47:12)(time 10343 - 02:52:23) ->    10(time 10439 - 02:53:59)(time 10754 - 02:59:14) ->    11(time 10850 - 03:00:50)(time 11178 - 03:06:18) ->    12(time 11247 - 03:07:27)(time 11573 - 03:12:53) ->    13(time 11669 - 03:14:29)(time 11997 - 03:19:57) ->    14(time 12093 - 03:21:33)(time 12435 - 03:27:15) ->    15(time 12531 - 03:28:51)(time 12838 - 03:33:58) ->    16(time 12934 - 03:35:34)(time 13262 - 03:41:02) ->    17(time 13358 - 03:42:38)(time 13660 - 03:47:40) ->    18(time 13756 - 03:49:16)(time 14067 - 03:54:27) ->    19(time 14136 - 03:55:36)(time 14429 - 04:00:29) ->    20(time 14677 - 04:04:37)(time 14677 - 04:04:37) ->    41(time 14746 - 04:05:46)(time 15039 - 04:10:39) ->    40(time 15135 - 04:12:15)(time 15446 - 04:17:26) ->    39(time 15542 - 04:19:02)(time 15844 - 04:24:04) ->    38(time 15940 - 04:25:40)(time 16268 - 04:31:08) ->    37(time 16364 - 04:32:44)(time 16671 - 04:37:51) ->    36(time 16767 - 04:39:27)(time 17109 - 04:45:09) ->    35(time 17205 - 04:46:45)(time 17533 - 04:52:13) ->    34(time 17629 - 04:53:49)(time 17955 - 04:59:15) ->    33(time 18024 - 05:00:24)(time 18352 - 05:05:52) ->    32(time 18448 - 05:07:28)(time 18763 - 05:12:43) ->    31(time 18859 - 05:14:19)(time 19170 - 05:19:30) ->    30(time 19239 - 05:20:39)(time 19574 - 05:26:14) ->    29(time 19822 - 05:30:22)(time 20111 - 05:35:11) ->    28(time 20207 - 05:36:47)(time 20531 - 05:42:11) ->    27(time 20627 - 05:43:47)(time 20927 - 05:48:47) ->    26(time 21023 - 05:50:23)(time 21367 - 05:56:07) ->    25(time 21828 - 06:03:48)(time 22138 - 06:08:58) ->    24(time 22234 - 06:10:34)(time 22527 - 06:15:27) ->    23(time 22623 - 06:17:03)(time 22972 - 06:22:52) ->    22(time 23068 - 06:24:28)(time 23368 - 06:29:28) ->    21(time 23616 - 06:33:36)(time 23616 - 06:33:36) -> 0
> Trip 1
   0(time 24154 - 06:42:34)(time 24454 - 06:47:34) ->    1(time 24550 - 06:49:10)(time 24899 - 06:54:59) ->    2(time 24995 - 06:56:35)(time 25288 - 07:01:28) ->    3(time 25384 - 07:03:04)(time 25694 - 07:08:14) ->    4(time 25790 - 07:09:50)(time 26134 - 07:15:34) ->    5(time 26230 - 07:17:10)(time 26530 - 07:22:10) ->    6(time 26626 - 07:23:46)(time 26950 - 07:29:10) ->    7(time 27046 - 07:30:46)(time 27335 - 07:35:35) ->    8(time 27431 - 07:37:11)(time 27766 - 07:42:46) ->    9(time 27835 - 07:43:55)(time 28146 - 07:49:06) ->    10(time 28242 - 07:50:42)(time 28557 - 07:55:57) ->    11(time 28653 - 07:57:33)(time 28981 - 08:03:01) ->    12(time 29050 - 08:04:10)(time 29376 - 08:09:36) ->    13(time 29472 - 08:11:12)(time 29800 - 08:16:40) ->    14(time 29896 - 08:18:16)(time 30238 - 08:23:58) ->    15(time 30334 - 08:25:34)(time 30641 - 08:30:41) ->    16(time 30737 - 08:32:17)(time 31065 - 08:37:45) ->    17(time 31161 - 08:39:21)(time 31463 - 08:44:23) ->    18(time 31559 - 08:45:59)(time 31870 - 08:51:10) ->    19(time 31939 - 08:52:19)(time 32232 - 08:57:12) ->    20(time 32480 - 09:01:20)(time 32480 - 09:01:20) ->    41(time 32728 - 09:05:28)(time 33021 - 09:10:21) ->    40(time 33090 - 09:11:30)(time 33401 - 09:16:41) ->    39(time 33497 - 09:18:17)(time 33799 - 09:23:19) ->    38(time 33895 - 09:24:55)(time 34223 - 09:30:23) ->    37(time 34319 - 09:31:59)(time 34626 - 09:37:06) ->    36(time 34722 - 09:38:42)(time 35064 - 09:44:24) ->    35(time 35160 - 09:46:00)(time 35488 - 09:51:28) ->    34(time 35584 - 09:53:04)(time 35910 - 09:58:30) ->    33(time 35979 - 09:59:39)(time 36307 - 10:05:07) ->    32(time 36403 - 10:06:43)(time 36718 - 10:11:58) ->    31(time 36814 - 10:13:34)(time 37125 - 10:18:45) ->    30(time 37194 - 10:19:54)(time 37529 - 10:25:29) ->    29(time 37625 - 10:27:05)(time 37914 - 10:31:54) ->    28(time 38010 - 10:33:30)(time 38334 - 10:38:54) ->    27(time 38430 - 10:40:30)(time 38730 - 10:45:30) ->    26(time 38826 - 10:47:06)(time 39170 - 10:52:50) ->    25(time 39266 - 10:54:26)(time 39576 - 10:59:36) ->    24(time 39672 - 11:01:12)(time 39965 - 11:06:05) ->    23(time 40061 - 11:07:41)(time 40410 - 11:13:30) ->    22(time 40506 - 11:15:06)(time 40806 - 11:20:06) ->    21(time 41054 - 11:24:14)(time 41054 - 11:24:14) -> 0
