t5p24r2h2.txt:
   > Trying to open the instance file...
   > Reading number of trains...
   > Reading maximum number of trips per train...
   > Reading time intervals...
   > Reading number of points...
   > Reading stations...
   > Reading crossings...
   > Reading depots...
   > Reading initial point...
   > Reading routes...
   > Reading distance and distance and service...
   > Reading demands...
   > Reading maximum time...
   > Reading alpha...

--------------------------------
 Printing instance
--------------------------------
number of trains = 5
	max trips per trains: 2     2     2     2     2
number of intervals = 2
	(0,  27535)	(27536,  55071)
number of points = 24
	initial point: 23
	stations: 0     1     2     3     4     5     6     7     8     9    10    11    12    14    17    19    20    21    22    23
	crossings: 0     6    13    15    16    18    23
	depots: 0    23
number of vertices = 48
	total vertices: 0     1     2     3     4     5     6     7     8     9    10    11    12    13    14    15    16    17    18    19    20    21    22    23    24    25    26    27    28    29    30    31    32    33    34    35    36    37    38    39    40    41    42    43    44    45    46    47
	upper vertices: 0     1     2     3     4     5     6     7     8     9    10    11    12    13    14    15    16    17    18    19    20    21    22    23
	lower vertices: 24    25    26    27    28    29    30    31    32    33    34    35    36    37    38    39    40    41    42    43    44    45    46    47
	vertices of point #0: (0, 24)
	vertices of point #1: (1, 25)
	vertices of point #2: (2, 26)
	vertices of point #3: (3, 27)
	vertices of point #4: (4, 28)
	vertices of point #5: (5, 29)
	vertices of point #6: (6, 30)
	vertices of point #7: (7, 31)
	vertices of point #8: (8, 32)
	vertices of point #9: (9, 33)
	vertices of point #10: (10, 34)
	vertices of point #11: (11, 35)
	vertices of point #12: (12, 36)
	vertices of point #13: (13, 37)
	vertices of point #14: (14, 38)
	vertices of point #15: (15, 39)
	vertices of point #16: (16, 40)
	vertices of point #17: (17, 41)
	vertices of point #18: (18, 42)
	vertices of point #19: (19, 43)
	vertices of point #20: (20, 44)
	vertices of point #21: (21, 45)
	vertices of point #22: (22, 46)
	vertices of point #23: (23, 47)

arcs...
	total arcs: 
		arc #0: (0, 1)
		arc #1: (0, 24)
		arc #2: (24, 0)
		arc #3: (1, 2)
		arc #4: (25, 24)
		arc #5: (2, 3)
		arc #6: (26, 25)
		arc #7: (3, 4)
		arc #8: (27, 26)
		arc #9: (4, 5)
		arc #10: (28, 27)
		arc #11: (5, 6)
		arc #12: (29, 28)
		arc #13: (6, 7)
		arc #14: (30, 29)
		arc #15: (7, 8)
		arc #16: (31, 30)
		arc #17: (8, 9)
		arc #18: (32, 31)
		arc #19: (9, 10)
		arc #20: (33, 32)
		arc #21: (10, 11)
		arc #22: (34, 33)
		arc #23: (11, 12)
		arc #24: (35, 34)
		arc #25: (12, 13)
		arc #26: (36, 35)
		arc #27: (13, 14)
		arc #28: (37, 36)
		arc #29: (14, 15)
		arc #30: (38, 37)
		arc #31: (15, 16)
		arc #32: (39, 38)
		arc #33: (16, 17)
		arc #34: (40, 39)
		arc #35: (17, 18)
		arc #36: (41, 40)
		arc #37: (18, 19)
		arc #38: (42, 41)
		arc #39: (19, 20)
		arc #40: (43, 42)
		arc #41: (20, 21)
		arc #42: (44, 43)
		arc #43: (21, 22)
		arc #44: (45, 44)
		arc #45: (22, 23)
		arc #46: (46, 45)
		arc #47: (47, 46)
		arc #48: (23, 47)
		arc #49: (47, 23)

	reverse arcs: 
		arc #1: (0, 24)
		arc #2: (24, 0)
		arc #48: (23, 47)
		arc #49: (47, 23)


incompatible points...
	(0, 5, 30, (5, 6))	(30, 25, 0, (25, 24))	(6, 12, 37, (12, 13))	(37, 31, 6, (31, 30))	(13, 14, 39, (14, 15))	(39, 38, 13, (38, 37))	(15, 15, 40, (15, 16))	(40, 40, 15, (40, 39))	(16, 17, 42, (17, 18))	(42, 41, 16, (41, 40))	(18, 22, 47, (22, 23))	(47, 43, 18, (43, 42))

number of routes = 2
vertices of routes...
	route #0: 0     1     2     3     4     5     6     7     8     9    10    11    12    13    14    15    16    17    18    19    20    21    22    23    47    46    45    44    43    42    41    40    39    38    37    36    35    34    33    32    31    30    29    28    27    26    25    24     0
	route #1: 47    46    45    44    43    42    41    40    39    38    37    36    35    34    33    32    31    30    29    28    27    26    25    24     0     1     2     3     4     5     6     7     8     9    10    11    12    13    14    15    16    17    18    19    20    21    22    23    47
arcs of routes...
	route #0: 0     3     5     7     9    11    13    15    17    19    21    23    25    27    29    31    33    35    37    39    41    43    45    48    47    46    44    42    40    38    36    34    32    30    28    26    24    22    20    18    16    14    12    10     8     6     4     2
	route #1: 47    46    44    42    40    38    36    34    32    30    28    26    24    22    20    18    16    14    12    10     8     6     4     2     0     3     5     7     9    11    13    15    17    19    21    23    25    27    29    31    33    35    37    39    41    43    45    48

incompatible routes...
	(0, 1)    	(1, 0)

vertices that can be adjacent in consecutive trips...
	(0, 0)    	(47, 47)
non cyclical routes: 


routes of trip...
	routes that train #0 can complete at trip #0: 1
	routes that train #0 can complete at trip #1: 0       1

	routes that train #1 can complete at trip #0: 1
	routes that train #1 can complete at trip #1: 0       1

	routes that train #2 can complete at trip #0: 1
	routes that train #2 can complete at trip #1: 0       1

	routes that train #3 can complete at trip #0: 1
	routes that train #3 can complete at trip #1: 0       1

	routes that train #4 can complete at trip #0: 1
	routes that train #4 can complete at trip #1: 0       1

 cost...
	arc #0 [0][1]: 318
	arc #1 [0][24]: 0
	arc #2 [24][0]: 0
	arc #3 [1][2]: 321
	arc #4 [25][24]: 318
	arc #5 [2][3]: 289
	arc #6 [26][25]: 321
	arc #7 [3][4]: 328
	arc #8 [27][26]: 289
	arc #9 [4][5]: 347
	arc #10 [28][27]: 328
	arc #11 [5][6]: 313
	arc #12 [29][28]: 347
	arc #13 [6][7]: 315
	arc #14 [30][29]: 313
	arc #15 [7][8]: 324
	arc #16 [31][30]: 315
	arc #17 [8][9]: 321
	arc #18 [32][31]: 324
	arc #19 [9][10]: 344
	arc #20 [33][32]: 321
	arc #21 [10][11]: 346
	arc #22 [34][33]: 344
	arc #23 [11][12]: 338
	arc #24 [35][34]: 346
	arc #25 [12][13]: 332
	arc #26 [36][35]: 338
	arc #27 [13][14]: 337
	arc #28 [37][36]: 332
	arc #29 [14][15]: 316
	arc #30 [38][37]: 337
	arc #31 [15][16]: 324
	arc #32 [39][38]: 316
	arc #33 [16][17]: 339
	arc #34 [40][39]: 324
	arc #35 [17][18]: 302
	arc #36 [41][40]: 339
	arc #37 [18][19]: 331
	arc #38 [42][41]: 302
	arc #39 [19][20]: 329
	arc #40 [43][42]: 331
	arc #41 [20][21]: 344
	arc #42 [44][43]: 329
	arc #43 [21][22]: 322
	arc #44 [45][44]: 344
	arc #45 [22][23]: 336
	arc #46 [46][45]: 322
	arc #47 [47][46]: 336
	arc #48 [23][47]: 0
	arc #49 [47][23]: 0

cost with minimum service...
	arc #0 [0][1]: 419
	arc #1 [0][24]: 0
	arc #2 [24][0]: 0
	arc #3 [1][2]: 422
	arc #4 [25][24]: 424
	arc #5 [2][3]: 390
	arc #6 [26][25]: 422
	arc #7 [3][4]: 429
	arc #8 [27][26]: 390
	arc #9 [4][5]: 448
	arc #10 [28][27]: 429
	arc #11 [5][6]: 414
	arc #12 [29][28]: 448
	arc #13 [6][7]: 416
	arc #14 [30][29]: 414
	arc #15 [7][8]: 425
	arc #16 [31][30]: 416
	arc #17 [8][9]: 422
	arc #18 [32][31]: 425
	arc #19 [9][10]: 445
	arc #20 [33][32]: 422
	arc #21 [10][11]: 447
	arc #22 [34][33]: 445
	arc #23 [11][12]: 439
	arc #24 [35][34]: 447
	arc #25 [12][13]: 376
	arc #26 [36][35]: 439
	arc #27 [13][14]: 438
	arc #28 [37][36]: 433
	arc #29 [14][15]: 360
	arc #30 [38][37]: 381
	arc #31 [15][16]: 368
	arc #32 [39][38]: 417
	arc #33 [16][17]: 440
	arc #34 [40][39]: 368
	arc #35 [17][18]: 346
	arc #36 [41][40]: 383
	arc #37 [18][19]: 432
	arc #38 [42][41]: 403
	arc #39 [19][20]: 430
	arc #40 [43][42]: 375
	arc #41 [20][21]: 445
	arc #42 [44][43]: 430
	arc #43 [21][22]: 423
	arc #44 [45][44]: 445
	arc #45 [22][23]: 442
	arc #46 [46][45]: 423
	arc #47 [47][46]: 437
	arc #48 [23][47]: 0
	arc #49 [47][23]: 0

cost with maximum service...
	arc #0 [0][1]: 780
	arc #1 [0][24]: 462
	arc #2 [24][0]: 462
	arc #3 [1][2]: 783
	arc #4 [25][24]: 780
	arc #5 [2][3]: 751
	arc #6 [26][25]: 783
	arc #7 [3][4]: 790
	arc #8 [27][26]: 751
	arc #9 [4][5]: 809
	arc #10 [28][27]: 790
	arc #11 [5][6]: 775
	arc #12 [29][28]: 809
	arc #13 [6][7]: 777
	arc #14 [30][29]: 775
	arc #15 [7][8]: 786
	arc #16 [31][30]: 777
	arc #17 [8][9]: 783
	arc #18 [32][31]: 786
	arc #19 [9][10]: 806
	arc #20 [33][32]: 783
	arc #21 [10][11]: 808
	arc #22 [34][33]: 806
	arc #23 [11][12]: 800
	arc #24 [35][34]: 808
	arc #25 [12][13]: 794
	arc #26 [36][35]: 800
	arc #27 [13][14]: 799
	arc #28 [37][36]: 794
	arc #29 [14][15]: 778
	arc #30 [38][37]: 799
	arc #31 [15][16]: 786
	arc #32 [39][38]: 778
	arc #33 [16][17]: 801
	arc #34 [40][39]: 786
	arc #35 [17][18]: 764
	arc #36 [41][40]: 801
	arc #37 [18][19]: 793
	arc #38 [42][41]: 764
	arc #39 [19][20]: 791
	arc #40 [43][42]: 793
	arc #41 [20][21]: 806
	arc #42 [44][43]: 791
	arc #43 [21][22]: 784
	arc #44 [45][44]: 806
	arc #45 [22][23]: 798
	arc #46 [46][45]: 784
	arc #47 [47][46]: 798
	arc #48 [23][47]: 462
	arc #49 [47][23]: 462

demands...
	demands of vertex 0 at time interval: 3     3
	demands of vertex 1 at time interval: 3     3
	demands of vertex 2 at time interval: 3     3
	demands of vertex 3 at time interval: 3     3
	demands of vertex 4 at time interval: 3     3
	demands of vertex 5 at time interval: 3     3
	demands of vertex 6 at time interval: 3     3
	demands of vertex 7 at time interval: 3     3
	demands of vertex 8 at time interval: 3     3
	demands of vertex 9 at time interval: 3     3
	demands of vertex 10 at time interval: 3     3
	demands of vertex 11 at time interval: 3     3
	demands of vertex 12 at time interval: 3     3
	demands of vertex 13 at time interval: 0     0
	demands of vertex 14 at time interval: 3     3
	demands of vertex 15 at time interval: 0     0
	demands of vertex 16 at time interval: 0     0
	demands of vertex 17 at time interval: 3     3
	demands of vertex 18 at time interval: 0     0
	demands of vertex 19 at time interval: 3     3
	demands of vertex 20 at time interval: 3     3
	demands of vertex 21 at time interval: 3     3
	demands of vertex 22 at time interval: 3     3
	demands of vertex 23 at time interval: 0     0
	demands of vertex 24 at time interval: 0     0
	demands of vertex 25 at time interval: 3     3
	demands of vertex 26 at time interval: 3     3
	demands of vertex 27 at time interval: 3     3
	demands of vertex 28 at time interval: 3     3
	demands of vertex 29 at time interval: 3     3
	demands of vertex 30 at time interval: 3     3
	demands of vertex 31 at time interval: 3     3
	demands of vertex 32 at time interval: 3     3
	demands of vertex 33 at time interval: 3     3
	demands of vertex 34 at time interval: 3     3
	demands of vertex 35 at time interval: 3     3
	demands of vertex 36 at time interval: 3     3
	demands of vertex 37 at time interval: 0     0
	demands of vertex 38 at time interval: 3     3
	demands of vertex 39 at time interval: 0     0
	demands of vertex 40 at time interval: 0     0
	demands of vertex 41 at time interval: 3     3
	demands of vertex 42 at time interval: 0     0
	demands of vertex 43 at time interval: 3     3
	demands of vertex 44 at time interval: 3     3
	demands of vertex 45 at time interval: 3     3
	demands of vertex 46 at time interval: 3     3
	demands of vertex 47 at time interval: 3     3

maximum time = 55071
alpha = 55

Selecting set of cyclical routes...

Selecting set of initial routes...

Creating initial set of candidate combinations...
Solving candidate combinations...

Found new best - 1/1 candidate combination(s) tested! (Thread 0)

Removing trips...

Solving candidate combinations...

1/4 candidate combination(s) tested! (Thread 0)
2/4 candidate combination(s) tested! (Thread 0)
3/4 candidate combination(s) tested! (Thread 0)
4/4 candidate combination(s) tested! (Thread 0)

Relaxing trips, so the model can make changes...

>> Printing some results...
    -> Solution value = 33006 - 09:10:06
    -> Total time = 2442.35

=============
Train 0
=============
> Trip 0
   47(time 2240 - 00:37:20)(time 2576 - 00:42:56) ->    46(time 2677 - 00:44:37)(time 2999 - 00:49:59) ->    45(time 3100 - 00:51:40)(time 3444 - 00:57:24) ->    44(time 3545 - 00:59:05)(time 3874 - 01:04:34) ->    43(time 3975 - 01:06:15)(time 4306 - 01:11:46) ->    42(time 4350 - 01:12:30)(time 4652 - 01:17:32) ->    41(time 4753 - 01:19:13)(time 5092 - 01:24:52) ->    40(time 5136 - 01:25:36)(time 5460 - 01:31:00) ->    39(time 5504 - 01:31:44)(time 5820 - 01:37:00) ->    38(time 5921 - 01:38:41)(time 6258 - 01:44:18) ->    37(time 6302 - 01:45:02)(time 6634 - 01:50:34) ->    36(time 6735 - 01:52:15)(time 7073 - 01:57:53) ->    35(time 7174 - 01:59:34)(time 7520 - 02:05:20) ->    34(time 7621 - 02:07:01)(time 7965 - 02:12:45) ->    33(time 8066 - 02:14:26)(time 8387 - 02:19:47) ->    32(time 8488 - 02:21:28)(time 8812 - 02:26:52) ->    31(time 8913 - 02:28:33)(time 9228 - 02:33:48) ->    30(time 9329 - 02:35:29)(time 9642 - 02:40:42) ->    29(time 9743 - 02:42:23)(time 10090 - 02:48:10) ->    28(time 10191 - 02:49:51)(time 10519 - 02:55:19) ->    27(time 10620 - 02:57:00)(time 10909 - 03:01:49) ->    26(time 11010 - 03:03:30)(time 11331 - 03:08:51) ->    25(time 11432 - 03:10:32)(time 11750 - 03:15:50) ->    24(time 11856 - 03:17:36)(time 11856 - 03:17:36) ->    0(time 11856 - 03:17:36)(time 12174 - 03:22:54) ->    1(time 12275 - 03:24:35)(time 12596 - 03:29:56) ->    2(time 12697 - 03:31:37)(time 12986 - 03:36:26) ->    3(time 13087 - 03:38:07)(time 13415 - 03:43:35) ->    4(time 13516 - 03:45:16)(time 13863 - 03:51:03) ->    5(time 13964 - 03:52:44)(time 14277 - 03:57:57) ->    6(time 14378 - 03:59:38)(time 14693 - 04:04:53) ->    7(time 14794 - 04:06:34)(time 15118 - 04:11:58) ->    8(time 15219 - 04:13:39)(time 15540 - 04:19:00) ->    9(time 15641 - 04:20:41)(time 15985 - 04:26:25) ->    10(time 16086 - 04:28:06)(time 16432 - 04:33:52) ->    11(time 16533 - 04:35:33)(time 16871 - 04:41:11) ->    12(time 16972 - 04:42:52)(time 17304 - 04:48:24) ->    13(time 17765 - 04:56:05)(time 18102 - 05:01:42) ->    14(time 18564 - 05:09:24)(time 18880 - 05:14:40) ->    15(time 19342 - 05:22:22)(time 19666 - 05:27:46) ->    16(time 20128 - 05:35:28)(time 20467 - 05:41:07) ->    17(time 20568 - 05:42:48)(time 20870 - 05:47:50) ->    18(time 20914 - 05:48:34)(time 21245 - 05:54:05) ->    19(time 21346 - 05:55:46)(time 21675 - 06:01:15) ->    20(time 21776 - 06:02:56)(time 22120 - 06:08:40) ->    21(time 22221 - 06:10:21)(time 22543 - 06:15:43) ->    22(time 22644 - 06:17:24)(time 22980 - 06:23:00) ->    23(time 23086 - 06:24:46)(time 23086 - 06:24:46) -> 47
> Trip 1
   47(time 23086 - 06:24:46)(time 23422 - 06:30:22) ->    46(time 23523 - 06:32:03)(time 23845 - 06:37:25) ->    45(time 23946 - 06:39:06)(time 24290 - 06:44:50) ->    44(time 24391 - 06:46:31)(time 24720 - 06:52:00) ->    43(time 24821 - 06:53:41)(time 25152 - 06:59:12) ->    42(time 25310 - 07:01:50)(time 25612 - 07:06:52) ->    41(time 25713 - 07:08:33)(time 26052 - 07:14:12) ->    40(time 26096 - 07:14:56)(time 26420 - 07:20:20) ->    39(time 26729 - 07:25:29)(time 27045 - 07:30:45) ->    38(time 27507 - 07:38:27)(time 27844 - 07:44:04) ->    37(time 28306 - 07:51:46)(time 28638 - 07:57:18) ->    36(time 28739 - 07:58:59)(time 29077 - 08:04:37) ->    35(time 29178 - 08:06:18)(time 29524 - 08:12:04) ->    34(time 29625 - 08:13:45)(time 29969 - 08:19:29) ->    33(time 30070 - 08:21:10)(time 30391 - 08:26:31) ->    32(time 30492 - 08:28:12)(time 30816 - 08:33:36) ->    31(time 30917 - 08:35:17)(time 31232 - 08:40:32) ->    30(time 31333 - 08:42:13)(time 31646 - 08:47:26) ->    29(time 31747 - 08:49:07)(time 32094 - 08:54:54) ->    28(time 32195 - 08:56:35)(time 32523 - 09:02:03) ->    27(time 32624 - 09:03:44)(time 32913 - 09:08:33) ->    26(time 33014 - 09:10:14)(time 33335 - 09:15:35) ->    25(time 33436 - 09:17:16)(time 33754 - 09:22:34) ->    24(time 33860 - 09:24:20)(time 33860 - 09:24:20) ->    0(time 33860 - 09:24:20)(time 34178 - 09:29:38) ->    1(time 34279 - 09:31:19)(time 34600 - 09:36:40) ->    2(time 34701 - 09:38:21)(time 34990 - 09:43:10) ->    3(time 35091 - 09:44:51)(time 35419 - 09:50:19) ->    4(time 35520 - 09:52:00)(time 35867 - 09:57:47) ->    5(time 35968 - 09:59:28)(time 36281 - 10:04:41) ->    6(time 36382 - 10:06:22)(time 36697 - 10:11:37) ->    7(time 36798 - 10:13:18)(time 37122 - 10:18:42) ->    8(time 37223 - 10:20:23)(time 37544 - 10:25:44) ->    9(time 37645 - 10:27:25)(time 37989 - 10:33:09) ->    10(time 38090 - 10:34:50)(time 38436 - 10:40:36) ->    11(time 38537 - 10:42:17)(time 38875 - 10:47:55) ->    12(time 38976 - 10:49:36)(time 39308 - 10:55:08) ->    13(time 39352 - 10:55:52)(time 39689 - 11:01:29) ->    14(time 39790 - 11:03:10)(time 40106 - 11:08:26) ->    15(time 40150 - 11:09:10)(time 40474 - 11:14:34) ->    16(time 40518 - 11:15:18)(time 40857 - 11:20:57) ->    17(time 40958 - 11:22:38)(time 41260 - 11:27:40) ->    18(time 41304 - 11:28:24)(time 41635 - 11:33:55) ->    19(time 41736 - 11:35:36)(time 42065 - 11:41:05) ->    20(time 42166 - 11:42:46)(time 42510 - 11:48:30) ->    21(time 42611 - 11:50:11)(time 42933 - 11:55:33) ->    22(time 43034 - 11:57:14)(time 43370 - 12:02:50) ->    23(time 43476 - 12:04:36)(time 43476 - 12:04:36) -> 47
=============
Train 1
=============
> Trip 0
   47(time 6827 - 01:53:47)(time 7163 - 01:59:23) ->    46(time 7264 - 02:01:04)(time 7586 - 02:06:26) ->    45(time 7687 - 02:08:07)(time 8031 - 02:13:51) ->    44(time 8132 - 02:15:32)(time 8461 - 02:21:01) ->    43(time 8562 - 02:22:42)(time 8893 - 02:28:13) ->    42(time 8937 - 02:28:57)(time 9239 - 02:33:59) ->    41(time 9340 - 02:35:40)(time 9679 - 02:41:19) ->    40(time 9723 - 02:42:03)(time 10047 - 02:47:27) ->    39(time 10091 - 02:48:11)(time 10407 - 02:53:27) ->    38(time 10508 - 02:55:08)(time 10845 - 03:00:45) ->    37(time 10889 - 03:01:29)(time 11221 - 03:07:01) ->    36(time 11322 - 03:08:42)(time 11660 - 03:14:20) ->    35(time 11761 - 03:16:01)(time 12107 - 03:21:47) ->    34(time 12208 - 03:23:28)(time 12552 - 03:29:12) ->    33(time 13014 - 03:36:54)(time 13335 - 03:42:15) ->    32(time 13436 - 03:43:56)(time 13760 - 03:49:20) ->    31(time 13861 - 03:51:01)(time 14176 - 03:56:16) ->    30(time 14277 - 03:57:57)(time 14590 - 04:03:10) ->    29(time 14691 - 04:04:51)(time 15038 - 04:10:38) ->    28(time 15139 - 04:12:19)(time 15467 - 04:17:47) ->    27(time 15568 - 04:19:28)(time 15857 - 04:24:17) ->    26(time 15958 - 04:25:58)(time 16279 - 04:31:19) ->    25(time 16380 - 04:33:00)(time 16698 - 04:38:18) ->    24(time 16804 - 04:40:04)(time 16804 - 04:40:04) ->    0(time 16986 - 04:43:06)(time 17304 - 04:48:24) ->    1(time 17405 - 04:50:05)(time 17726 - 04:55:26) ->    2(time 17827 - 04:57:07)(time 18116 - 05:01:56) ->    3(time 18217 - 05:03:37)(time 18545 - 05:09:05) ->    4(time 18646 - 05:10:46)(time 18993 - 05:16:33) ->    5(time 19455 - 05:24:15)(time 19768 - 05:29:28) ->    6(time 20230 - 05:37:10)(time 20545 - 05:42:25) ->    7(time 20646 - 05:44:06)(time 20970 - 05:49:30) ->    8(time 21071 - 05:51:11)(time 21392 - 05:56:32) ->    9(time 21493 - 05:58:13)(time 21837 - 06:03:57) ->    10(time 21938 - 06:05:38)(time 22284 - 06:11:24) ->    11(time 22385 - 06:13:05)(time 22723 - 06:18:43) ->    12(time 22824 - 06:20:24)(time 23156 - 06:25:56) ->    13(time 23200 - 06:26:40)(time 23537 - 06:32:17) ->    14(time 23638 - 06:33:58)(time 23954 - 06:39:14) ->    15(time 23998 - 06:39:58)(time 24322 - 06:45:22) ->    16(time 24366 - 06:46:06)(time 24705 - 06:51:45) ->    17(time 24806 - 06:53:26)(time 25108 - 06:58:28) ->    18(time 25152 - 06:59:12)(time 25483 - 07:04:43) ->    19(time 25584 - 07:06:24)(time 25913 - 07:11:53) ->    20(time 26014 - 07:13:34)(time 26358 - 07:19:18) ->    21(time 26459 - 07:20:59)(time 26781 - 07:26:21) ->    22(time 26882 - 07:28:02)(time 27218 - 07:33:38) ->    23(time 27649 - 07:40:49)(time 27649 - 07:40:49) -> 47
> Trip 1
   47(time 29394 - 08:09:54)(time 29730 - 08:15:30) ->    46(time 29831 - 08:17:11)(time 30153 - 08:22:33) ->    45(time 30254 - 08:24:14)(time 30598 - 08:29:58) ->    44(time 30699 - 08:31:39)(time 31028 - 08:37:08) ->    43(time 31129 - 08:38:49)(time 31460 - 08:44:20) ->    42(time 31504 - 08:45:04)(time 31806 - 08:50:06) ->    41(time 31907 - 08:51:47)(time 32246 - 08:57:26) ->    40(time 32290 - 08:58:10)(time 32614 - 09:03:34) ->    39(time 32658 - 09:04:18)(time 32974 - 09:09:34) ->    38(time 33075 - 09:11:15)(time 33412 - 09:16:52) ->    37(time 33456 - 09:17:36)(time 33788 - 09:23:08) ->    36(time 33889 - 09:24:49)(time 34227 - 09:30:27) ->    35(time 34328 - 09:32:08)(time 34674 - 09:37:54) ->    34(time 34775 - 09:39:35)(time 35119 - 09:45:19) ->    33(time 35220 - 09:47:00)(time 35541 - 09:52:21) ->    32(time 35642 - 09:54:02)(time 35966 - 09:59:26) ->    31(time 36067 - 10:01:07)(time 36382 - 10:06:22) ->    30(time 36488 - 10:08:08)(time 36801 - 10:13:21) ->    29(time 37263 - 10:21:03)(time 37610 - 10:26:50) ->    28(time 37711 - 10:28:31)(time 38039 - 10:33:59) ->    27(time 38140 - 10:35:40)(time 38429 - 10:40:29) ->    26(time 38891 - 10:48:11)(time 39212 - 10:53:32) ->    25(time 39313 - 10:55:13)(time 39631 - 11:00:31) ->    24(time 39737 - 11:02:17)(time 39737 - 11:02:17) ->    0(time 39833 - 11:03:53)(time 40151 - 11:09:11) ->    1(time 40252 - 11:10:52)(time 40573 - 11:16:13) ->    2(time 40755 - 11:19:15)(time 41044 - 11:24:04) ->    3(time 41145 - 11:25:45)(time 41473 - 11:31:13) ->    4(time 41574 - 11:32:54)(time 41921 - 11:38:41) ->    5(time 42022 - 11:40:22)(time 42335 - 11:45:35) ->    6(time 42436 - 11:47:16)(time 42751 - 11:52:31) ->    7(time 42852 - 11:54:12)(time 43176 - 11:59:36) ->    8(time 43277 - 12:01:17)(time 43598 - 12:06:38) ->    9(time 43699 - 12:08:19)(time 44043 - 12:14:03) ->    10(time 44144 - 12:15:44)(time 44490 - 12:21:30) ->    11(time 44591 - 12:23:11)(time 44929 - 12:28:49) ->    12(time 45030 - 12:30:30)(time 45362 - 12:36:02) ->    13(time 45406 - 12:36:46)(time 45743 - 12:42:23) ->    14(time 45844 - 12:44:04)(time 46160 - 12:49:20) ->    15(time 46204 - 12:50:04)(time 46528 - 12:55:28) ->    16(time 46990 - 13:03:10)(time 47329 - 13:08:49) ->    17(time 47791 - 13:16:31)(time 48093 - 13:21:33) ->    18(time 48137 - 13:22:17)(time 48468 - 13:27:48) ->    19(time 48569 - 13:29:29)(time 48898 - 13:34:58) ->    20(time 48999 - 13:36:39)(time 49343 - 13:42:23) ->    21(time 49444 - 13:44:04)(time 49766 - 13:49:26) ->    22(time 49867 - 13:51:07)(time 50203 - 13:56:43) ->    23(time 50309 - 13:58:29)(time 50309 - 13:58:29) -> 47
=============
Train 2
=============
> Trip 0
   47(time 7289 - 02:01:29)(time 7625 - 02:07:05) ->    46(time 7726 - 02:08:46)(time 8048 - 02:14:08) ->    45(time 8149 - 02:15:49)(time 8493 - 02:21:33) ->    44(time 8594 - 02:23:14)(time 8923 - 02:28:43) ->    43(time 9024 - 02:30:24)(time 9355 - 02:35:55) ->    42(time 9399 - 02:36:39)(time 9701 - 02:41:41) ->    41(time 9802 - 02:43:22)(time 10141 - 02:49:01) ->    40(time 10185 - 02:49:45)(time 10509 - 02:55:09) ->    39(time 10553 - 02:55:53)(time 10869 - 03:01:09) ->    38(time 10970 - 03:02:50)(time 11307 - 03:08:27) ->    37(time 11351 - 03:09:11)(time 11683 - 03:14:43) ->    36(time 11784 - 03:16:24)(time 12122 - 03:22:02) ->    35(time 12223 - 03:23:43)(time 12569 - 03:29:29) ->    34(time 12670 - 03:31:10)(time 13014 - 03:36:54) ->    33(time 13115 - 03:38:35)(time 13436 - 03:43:56) ->    32(time 13537 - 03:45:37)(time 13861 - 03:51:01) ->    31(time 13962 - 03:52:42)(time 14277 - 03:57:57) ->    30(time 14378 - 03:59:38)(time 14691 - 04:04:51) ->    29(time 14792 - 04:06:32)(time 15139 - 04:12:19) ->    28(time 15240 - 04:14:00)(time 15568 - 04:19:28) ->    27(time 15669 - 04:21:09)(time 15958 - 04:25:58) ->    26(time 16059 - 04:27:39)(time 16380 - 04:33:00) ->    25(time 16486 - 04:34:46)(time 16804 - 04:40:04) ->    24(time 16986 - 04:43:06)(time 16986 - 04:43:06) ->    0(time 17448 - 04:50:48)(time 17766 - 04:56:06) ->    1(time 17867 - 04:57:47)(time 18188 - 05:03:08) ->    2(time 18289 - 05:04:49)(time 18578 - 05:09:38) ->    3(time 18679 - 05:11:19)(time 19007 - 05:16:47) ->    4(time 19469 - 05:24:29)(time 19816 - 05:30:16) ->    5(time 19917 - 05:31:57)(time 20230 - 05:37:10) ->    6(time 20331 - 05:38:51)(time 20646 - 05:44:06) ->    7(time 20747 - 05:45:47)(time 21071 - 05:51:11) ->    8(time 21172 - 05:52:52)(time 21493 - 05:58:13) ->    9(time 21594 - 05:59:54)(time 21938 - 06:05:38) ->    10(time 22039 - 06:07:19)(time 22385 - 06:13:05) ->    11(time 22486 - 06:14:46)(time 22824 - 06:20:24) ->    12(time 22925 - 06:22:05)(time 23257 - 06:27:37) ->    13(time 23301 - 06:28:21)(time 23638 - 06:33:58) ->    14(time 23739 - 06:35:39)(time 24055 - 06:40:55) ->    15(time 24099 - 06:41:39)(time 24423 - 06:47:03) ->    16(time 24467 - 06:47:47)(time 24806 - 06:53:26) ->    17(time 24907 - 06:55:07)(time 25209 - 07:00:09) ->    18(time 25253 - 07:00:53)(time 25584 - 07:06:24) ->    19(time 26015 - 07:13:35)(time 26344 - 07:19:04) ->    20(time 26445 - 07:20:45)(time 26789 - 07:26:29) ->    21(time 26890 - 07:28:10)(time 27212 - 07:33:32) ->    22(time 27313 - 07:35:13)(time 27649 - 07:40:49) ->    23(time 27755 - 07:42:35)(time 27755 - 07:42:35) -> 47
> Trip 1
   47(time 27760 - 07:42:40)(time 28096 - 07:48:16) ->    46(time 28197 - 07:49:57)(time 28519 - 07:55:19) ->    45(time 28620 - 07:57:00)(time 28964 - 08:02:44) ->    44(time 29065 - 08:04:25)(time 29394 - 08:09:54) ->    43(time 29495 - 08:11:35)(time 29826 - 08:17:06) ->    42(time 29870 - 08:17:50)(time 30172 - 08:22:52) ->    41(time 30273 - 08:24:33)(time 30612 - 08:30:12) ->    40(time 30713 - 08:31:53)(time 31037 - 08:37:17) ->    39(time 31499 - 08:44:59)(time 31815 - 08:50:15) ->    38(time 32151 - 08:55:51)(time 32488 - 09:01:28) ->    37(time 32532 - 09:02:12)(time 32864 - 09:07:44) ->    36(time 32965 - 09:09:25)(time 33303 - 09:15:03) ->    35(time 33404 - 09:16:44)(time 33750 - 09:22:30) ->    34(time 33851 - 09:24:11)(time 34195 - 09:29:55) ->    33(time 34296 - 09:31:36)(time 34617 - 09:36:57) ->    32(time 34718 - 09:38:38)(time 35042 - 09:44:02) ->    31(time 35504 - 09:51:44)(time 35819 - 09:56:59) ->    30(time 36281 - 10:04:41)(time 36594 - 10:09:54) ->    29(time 36695 - 10:11:35)(time 37042 - 10:17:22) ->    28(time 37143 - 10:19:03)(time 37471 - 10:24:31) ->    27(time 37933 - 10:32:13)(time 38222 - 10:37:02) ->    26(time 38323 - 10:38:43)(time 38644 - 10:44:04) ->    25(time 38745 - 10:45:45)(time 39063 - 10:51:03) ->    24(time 39169 - 10:52:49)(time 39169 - 10:52:49) ->    0(time 39631 - 11:00:31)(time 39949 - 11:05:49) ->    1(time 40050 - 11:07:30)(time 40371 - 11:12:51) ->    2(time 40472 - 11:14:32)(time 40761 - 11:19:21) ->    3(time 40862 - 11:21:02)(time 41190 - 11:26:30) ->    4(time 41372 - 11:29:32)(time 41719 - 11:35:19) ->    5(time 41820 - 11:37:00)(time 42133 - 11:42:13) ->    6(time 42234 - 11:43:54)(time 42549 - 11:49:09) ->    7(time 42650 - 11:50:50)(time 42974 - 11:56:14) ->    8(time 43075 - 11:57:55)(time 43396 - 12:03:16) ->    9(time 43497 - 12:04:57)(time 43841 - 12:10:41) ->    10(time 43942 - 12:12:22)(time 44288 - 12:18:08) ->    11(time 44389 - 12:19:49)(time 44727 - 12:25:27) ->    12(time 44828 - 12:27:08)(time 45160 - 12:32:40) ->    13(time 45204 - 12:33:24)(time 45541 - 12:39:01) ->    14(time 45642 - 12:40:42)(time 45958 - 12:45:58) ->    15(time 46002 - 12:46:42)(time 46326 - 12:52:06) ->    16(time 46370 - 12:52:50)(time 46709 - 12:58:29) ->    17(time 46810 - 13:00:10)(time 47112 - 13:05:12) ->    18(time 47156 - 13:05:56)(time 47487 - 13:11:27) ->    19(time 47588 - 13:13:08)(time 47917 - 13:18:37) ->    20(time 48018 - 13:20:18)(time 48362 - 13:26:02) ->    21(time 48463 - 13:27:43)(time 48785 - 13:33:05) ->    22(time 48886 - 13:34:46)(time 49222 - 13:40:22) ->    23(time 49328 - 13:42:08)(time 49328 - 13:42:08) -> 47
=============
Train 3
=============
> Trip 0
   47(time 7390 - 02:03:10)(time 7726 - 02:08:46) ->    46(time 7827 - 02:10:27)(time 8149 - 02:15:49) ->    45(time 8250 - 02:17:30)(time 8594 - 02:23:14) ->    44(time 8695 - 02:24:55)(time 9024 - 02:30:24) ->    43(time 9125 - 02:32:05)(time 9456 - 02:37:36) ->    42(time 9500 - 02:38:20)(time 9802 - 02:43:22) ->    41(time 9903 - 02:45:03)(time 10242 - 02:50:42) ->    40(time 10286 - 02:51:26)(time 10610 - 02:56:50) ->    39(time 10654 - 02:57:34)(time 10970 - 03:02:50) ->    38(time 11071 - 03:04:31)(time 11408 - 03:10:08) ->    37(time 11452 - 03:10:52)(time 11784 - 03:16:24) ->    36(time 11885 - 03:18:05)(time 12223 - 03:23:43) ->    35(time 12324 - 03:25:24)(time 12670 - 03:31:10) ->    34(time 12771 - 03:32:51)(time 13115 - 03:38:35) ->    33(time 13216 - 03:40:16)(time 13537 - 03:45:37) ->    32(time 13638 - 03:47:18)(time 13962 - 03:52:42) ->    31(time 14063 - 03:54:23)(time 14378 - 03:59:38) ->    30(time 14565 - 04:02:45)(time 14878 - 04:07:58) ->    29(time 14979 - 04:09:39)(time 15326 - 04:15:26) ->    28(time 15427 - 04:17:07)(time 15755 - 04:22:35) ->    27(time 15856 - 04:24:16)(time 16145 - 04:29:05) ->    26(time 16246 - 04:30:46)(time 16567 - 04:36:07) ->    25(time 16668 - 04:37:48)(time 16986 - 04:43:06) ->    24(time 17448 - 04:50:48)(time 17448 - 04:50:48) ->    0(time 17549 - 04:52:29)(time 17867 - 04:57:47) ->    1(time 17968 - 04:59:28)(time 18289 - 05:04:49) ->    2(time 18751 - 05:12:31)(time 19040 - 05:17:20) ->    3(time 19141 - 05:19:01)(time 19469 - 05:24:29) ->    4(time 19570 - 05:26:10)(time 19917 - 05:31:57) ->    5(time 20018 - 05:33:38)(time 20331 - 05:38:51) ->    6(time 20432 - 05:40:32)(time 20747 - 05:45:47) ->    7(time 20848 - 05:47:28)(time 21172 - 05:52:52) ->    8(time 21273 - 05:54:33)(time 21594 - 05:59:54) ->    9(time 21695 - 06:01:35)(time 22039 - 06:07:19) ->    10(time 22140 - 06:09:00)(time 22486 - 06:14:46) ->    11(time 22587 - 06:16:27)(time 22925 - 06:22:05) ->    12(time 23026 - 06:23:46)(time 23358 - 06:29:18) ->    13(time 23402 - 06:30:02)(time 23739 - 06:35:39) ->    14(time 23840 - 06:37:20)(time 24156 - 06:42:36) ->    15(time 24200 - 06:43:20)(time 24524 - 06:48:44) ->    16(time 24568 - 06:49:28)(time 24907 - 06:55:07) ->    17(time 25008 - 06:56:48)(time 25310 - 07:01:50) ->    18(time 25689 - 07:08:09)(time 26020 - 07:13:40) ->    19(time 26121 - 07:15:21)(time 26450 - 07:20:50) ->    20(time 26551 - 07:22:31)(time 26895 - 07:28:15) ->    21(time 26996 - 07:29:56)(time 27318 - 07:35:18) ->    22(time 27419 - 07:36:59)(time 27755 - 07:42:35) ->    23(time 27861 - 07:44:21)(time 27861 - 07:44:21) -> 47
> Trip 1
   47(time 27861 - 07:44:21)(time 28197 - 07:49:57) ->    46(time 28298 - 07:51:38)(time 28620 - 07:57:00) ->    45(time 28721 - 07:58:41)(time 29065 - 08:04:25) ->    44(time 29166 - 08:06:06)(time 29495 - 08:11:35) ->    43(time 29596 - 08:13:16)(time 29927 - 08:18:47) ->    42(time 29971 - 08:19:31)(time 30273 - 08:24:33) ->    41(time 30374 - 08:26:14)(time 30713 - 08:31:53) ->    40(time 31175 - 08:39:35)(time 31499 - 08:44:59) ->    39(time 31835 - 08:50:35)(time 32151 - 08:55:51) ->    38(time 32252 - 08:57:32)(time 32589 - 09:03:09) ->    37(time 32633 - 09:03:53)(time 32965 - 09:09:25) ->    36(time 33066 - 09:11:06)(time 33404 - 09:16:44) ->    35(time 33505 - 09:18:25)(time 33851 - 09:24:11) ->    34(time 33952 - 09:25:52)(time 34296 - 09:31:36) ->    33(time 34397 - 09:33:17)(time 34718 - 09:38:38) ->    32(time 35180 - 09:46:20)(time 35504 - 09:51:44) ->    31(time 35966 - 09:59:26)(time 36281 - 10:04:41) ->    30(time 36382 - 10:06:22)(time 36695 - 10:11:35) ->    29(time 36796 - 10:13:16)(time 37143 - 10:19:03) ->    28(time 37605 - 10:26:45)(time 37933 - 10:32:13) ->    27(time 38034 - 10:33:54)(time 38323 - 10:38:43) ->    26(time 38424 - 10:40:24)(time 38745 - 10:45:45) ->    25(time 39207 - 10:53:27)(time 39525 - 10:58:45) ->    24(time 39631 - 11:00:31)(time 39631 - 11:00:31) ->    0(time 39732 - 11:02:12)(time 40050 - 11:07:30) ->    1(time 40151 - 11:09:11)(time 40472 - 11:14:32) ->    2(time 40573 - 11:16:13)(time 40862 - 11:21:02) ->    3(time 41044 - 11:24:04)(time 41372 - 11:29:32) ->    4(time 41473 - 11:31:13)(time 41820 - 11:37:00) ->    5(time 41921 - 11:38:41)(time 42234 - 11:43:54) ->    6(time 42335 - 11:45:35)(time 42650 - 11:50:50) ->    7(time 42751 - 11:52:31)(time 43075 - 11:57:55) ->    8(time 43176 - 11:59:36)(time 43497 - 12:04:57) ->    9(time 43598 - 12:06:38)(time 43942 - 12:12:22) ->    10(time 44043 - 12:14:03)(time 44389 - 12:19:49) ->    11(time 44490 - 12:21:30)(time 44828 - 12:27:08) ->    12(time 44929 - 12:28:49)(time 45261 - 12:34:21) ->    13(time 45305 - 12:35:05)(time 45642 - 12:40:42) ->    14(time 45743 - 12:42:23)(time 46059 - 12:47:39) ->    15(time 46103 - 12:48:23)(time 46427 - 12:53:47) ->    16(time 46471 - 12:54:31)(time 46810 - 13:00:10) ->    17(time 46911 - 13:01:51)(time 47213 - 13:06:53) ->    18(time 47262 - 13:07:42)(time 47593 - 13:13:13) ->    19(time 47694 - 13:14:54)(time 48023 - 13:20:23) ->    20(time 48124 - 13:22:04)(time 48468 - 13:27:48) ->    21(time 48569 - 13:29:29)(time 48891 - 13:34:51) ->    22(time 48992 - 13:36:32)(time 49328 - 13:42:08) ->    23(time 49434 - 13:43:54)(time 49434 - 13:43:54) -> 47
=============
Train 4
=============
> Trip 0
   47(time 13242 - 03:40:42)(time 13578 - 03:46:18) ->    46(time 13679 - 03:47:59)(time 14001 - 03:53:21) ->    45(time 14102 - 03:55:02)(time 14446 - 04:00:46) ->    44(time 14547 - 04:02:27)(time 14876 - 04:07:56) ->    43(time 14977 - 04:09:37)(time 15308 - 04:15:08) ->    42(time 15352 - 04:15:52)(time 15654 - 04:20:54) ->    41(time 15755 - 04:22:35)(time 16094 - 04:28:14) ->    40(time 16138 - 04:28:58)(time 16462 - 04:34:22) ->    39(time 16506 - 04:35:06)(time 16822 - 04:40:22) ->    38(time 16923 - 04:42:03)(time 17260 - 04:47:40) ->    37(time 17304 - 04:48:24)(time 17636 - 04:53:56) ->    36(time 17737 - 04:55:37)(time 18075 - 05:01:15) ->    35(time 18176 - 05:02:56)(time 18522 - 05:08:42) ->    34(time 18623 - 05:10:23)(time 18967 - 05:16:07) ->    33(time 19068 - 05:17:48)(time 19389 - 05:23:09) ->    32(time 19490 - 05:24:50)(time 19814 - 05:30:14) ->    31(time 19915 - 05:31:55)(time 20230 - 05:37:10) ->    30(time 20331 - 05:38:51)(time 20644 - 05:44:04) ->    29(time 20745 - 05:45:45)(time 21092 - 05:51:32) ->    28(time 21193 - 05:53:13)(time 21521 - 05:58:41) ->    27(time 21622 - 06:00:22)(time 21911 - 06:05:11) ->    26(time 22012 - 06:06:52)(time 22333 - 06:12:13) ->    25(time 22434 - 06:13:54)(time 22752 - 06:19:12) ->    24(time 22858 - 06:20:58)(time 22858 - 06:20:58) ->    0(time 22858 - 06:20:58)(time 23176 - 06:26:16) ->    1(time 23277 - 06:27:57)(time 23598 - 06:33:18) ->    2(time 23699 - 06:34:59)(time 23988 - 06:39:48) ->    3(time 24089 - 06:41:29)(time 24417 - 06:46:57) ->    4(time 24518 - 06:48:38)(time 24865 - 06:54:25) ->    5(time 24966 - 06:56:06)(time 25279 - 07:01:19) ->    6(time 25380 - 07:03:00)(time 25695 - 07:08:15) ->    7(time 25796 - 07:09:56)(time 26120 - 07:15:20) ->    8(time 26221 - 07:17:01)(time 26542 - 07:22:22) ->    9(time 26643 - 07:24:03)(time 26987 - 07:29:47) ->    10(time 27088 - 07:31:28)(time 27434 - 07:37:14) ->    11(time 27535 - 07:38:55)(time 27873 - 07:44:33) ->    12(time 27974 - 07:46:14)(time 28306 - 07:51:46) ->    13(time 28350 - 07:52:30)(time 28687 - 07:58:07) ->    14(time 29149 - 08:05:49)(time 29465 - 08:11:05) ->    15(time 29927 - 08:18:47)(time 30251 - 08:24:11) ->    16(time 30713 - 08:31:53)(time 31052 - 08:37:32) ->    17(time 31153 - 08:39:13)(time 31455 - 08:44:15) ->    18(time 31917 - 08:51:57)(time 32248 - 08:57:28) ->    19(time 32710 - 09:05:10)(time 33039 - 09:10:39) ->    20(time 33501 - 09:18:21)(time 33845 - 09:24:05) ->    21(time 34307 - 09:31:47)(time 34629 - 09:37:09) ->    22(time 34730 - 09:38:50)(time 35066 - 09:44:26) ->    23(time 35172 - 09:46:12)(time 35172 - 09:46:12) -> 47
> Trip 1
   47(time 35172 - 09:46:12)(time 35508 - 09:51:48) ->    46(time 35683 - 09:54:43)(time 36005 - 10:00:05) ->    45(time 36106 - 10:01:46)(time 36450 - 10:07:30) ->    44(time 36551 - 10:09:11)(time 36880 - 10:14:40) ->    43(time 36981 - 10:16:21)(time 37312 - 10:21:52) ->    42(time 37356 - 10:22:36)(time 37658 - 10:27:38) ->    41(time 37759 - 10:29:19)(time 38098 - 10:34:58) ->    40(time 38142 - 10:35:42)(time 38466 - 10:41:06) ->    39(time 38510 - 10:41:50)(time 38826 - 10:47:06) ->    38(time 38927 - 10:48:47)(time 39264 - 10:54:24) ->    37(time 39308 - 10:55:08)(time 39640 - 11:00:40) ->    36(time 39741 - 11:02:21)(time 40079 - 11:07:59) ->    35(time 40180 - 11:09:40)(time 40526 - 11:15:26) ->    34(time 40627 - 11:17:07)(time 40971 - 11:22:51) ->    33(time 41072 - 11:24:32)(time 41393 - 11:29:53) ->    32(time 41494 - 11:31:34)(time 41818 - 11:36:58) ->    31(time 41919 - 11:38:39)(time 42234 - 11:43:54) ->    30(time 42335 - 11:45:35)(time 42648 - 11:50:48) ->    29(time 42749 - 11:52:29)(time 43096 - 11:58:16) ->    28(time 43197 - 11:59:57)(time 43525 - 12:05:25) ->    27(time 43626 - 12:07:06)(time 43915 - 12:11:55) ->    26(time 44016 - 12:13:36)(time 44337 - 12:18:57) ->    25(time 44438 - 12:20:38)(time 44756 - 12:25:56) ->    24(time 44862 - 12:27:42)(time 44862 - 12:27:42) ->    0(time 44862 - 12:27:42)(time 45180 - 12:33:00) ->    1(time 45281 - 12:34:41)(time 45602 - 12:40:02) ->    2(time 45703 - 12:41:43)(time 45992 - 12:46:32) ->    3(time 46093 - 12:48:13)(time 46421 - 12:53:41) ->    4(time 46522 - 12:55:22)(time 46869 - 13:01:09) ->    5(time 46970 - 13:02:50)(time 47283 - 13:08:03) ->    6(time 47384 - 13:09:44)(time 47699 - 13:14:59) ->    7(time 47800 - 13:16:40)(time 48124 - 13:22:04) ->    8(time 48225 - 13:23:45)(time 48546 - 13:29:06) ->    9(time 48647 - 13:30:47)(time 48991 - 13:36:31) ->    10(time 49092 - 13:38:12)(time 49438 - 13:43:58) ->    11(time 49539 - 13:45:39)(time 49877 - 13:51:17) ->    12(time 49978 - 13:52:58)(time 50310 - 13:58:30) ->    13(time 50772 - 14:06:12)(time 51109 - 14:11:49) ->    14(time 51210 - 14:13:30)(time 51526 - 14:18:46) ->    15(time 51570 - 14:19:30)(time 51894 - 14:24:54) ->    16(time 51938 - 14:25:38)(time 52277 - 14:31:17) ->    17(time 52378 - 14:32:58)(time 52680 - 14:38:00) ->    18(time 52724 - 14:38:44)(time 53055 - 14:44:15) ->    19(time 53156 - 14:45:56)(time 53485 - 14:51:25) ->    20(time 53586 - 14:53:06)(time 53930 - 14:58:50) ->    21(time 54031 - 15:00:31)(time 54353 - 15:05:53) ->    22(time 54454 - 15:07:34)(time 54790 - 15:13:10) ->    23(time 54896 - 15:14:56)(time 54896 - 15:14:56) -> 47
