t5p23r2h1.txt:
   > Trying to open the instance file...
   > Reading number of trains...
   > Reading maximum number of trips per train...
   > Reading time intervals...
   > Reading number of points...
   > Reading stations...
   > Reading crossings...
   > Reading depots...
   > Reading initial point...
   > Reading routes...
   > Reading distance and distance and service...
   > Reading demands...
   > Reading maximum time...
   > Reading alpha...

--------------------------------
 Printing instance
--------------------------------
number of trains = 5
	max trips per trains: 2     2     2     2     2
number of intervals = 1
	(0,  43119)
number of points = 23
	initial point: 22
	stations: 0     1     2     3     4     5     6     7     8     9    10    11    12    13    14    15    16    17    18    19    20    21    22
	crossings: 0    22
	depots: 0    22
number of vertices = 46
	total vertices: 0     1     2     3     4     5     6     7     8     9    10    11    12    13    14    15    16    17    18    19    20    21    22    23    24    25    26    27    28    29    30    31    32    33    34    35    36    37    38    39    40    41    42    43    44    45
	upper vertices: 0     1     2     3     4     5     6     7     8     9    10    11    12    13    14    15    16    17    18    19    20    21    22
	lower vertices: 23    24    25    26    27    28    29    30    31    32    33    34    35    36    37    38    39    40    41    42    43    44    45
	vertices of point #0: (0, 23)
	vertices of point #1: (1, 24)
	vertices of point #2: (2, 25)
	vertices of point #3: (3, 26)
	vertices of point #4: (4, 27)
	vertices of point #5: (5, 28)
	vertices of point #6: (6, 29)
	vertices of point #7: (7, 30)
	vertices of point #8: (8, 31)
	vertices of point #9: (9, 32)
	vertices of point #10: (10, 33)
	vertices of point #11: (11, 34)
	vertices of point #12: (12, 35)
	vertices of point #13: (13, 36)
	vertices of point #14: (14, 37)
	vertices of point #15: (15, 38)
	vertices of point #16: (16, 39)
	vertices of point #17: (17, 40)
	vertices of point #18: (18, 41)
	vertices of point #19: (19, 42)
	vertices of point #20: (20, 43)
	vertices of point #21: (21, 44)
	vertices of point #22: (22, 45)

arcs...
	total arcs: 
		arc #0: (0, 1)
		arc #1: (0, 23)
		arc #2: (23, 0)
		arc #3: (1, 2)
		arc #4: (24, 23)
		arc #5: (2, 3)
		arc #6: (25, 24)
		arc #7: (3, 4)
		arc #8: (26, 25)
		arc #9: (4, 5)
		arc #10: (27, 26)
		arc #11: (5, 6)
		arc #12: (28, 27)
		arc #13: (6, 7)
		arc #14: (29, 28)
		arc #15: (7, 8)
		arc #16: (30, 29)
		arc #17: (8, 9)
		arc #18: (31, 30)
		arc #19: (9, 10)
		arc #20: (32, 31)
		arc #21: (10, 11)
		arc #22: (33, 32)
		arc #23: (11, 12)
		arc #24: (34, 33)
		arc #25: (12, 13)
		arc #26: (35, 34)
		arc #27: (13, 14)
		arc #28: (36, 35)
		arc #29: (14, 15)
		arc #30: (37, 36)
		arc #31: (15, 16)
		arc #32: (38, 37)
		arc #33: (16, 17)
		arc #34: (39, 38)
		arc #35: (17, 18)
		arc #36: (40, 39)
		arc #37: (18, 19)
		arc #38: (41, 40)
		arc #39: (19, 20)
		arc #40: (42, 41)
		arc #41: (20, 21)
		arc #42: (43, 42)
		arc #43: (21, 22)
		arc #44: (44, 43)
		arc #45: (45, 44)
		arc #46: (22, 45)
		arc #47: (45, 22)

	reverse arcs: 
		arc #1: (0, 23)
		arc #2: (23, 0)
		arc #46: (22, 45)
		arc #47: (45, 22)


incompatible points...
	(0, 21, 45, (21, 22))	(45, 24, 0, (24, 23))

number of routes = 2
vertices of routes...
	route #0: 0     1     2     3     4     5     6     7     8     9    10    11    12    13    14    15    16    17    18    19    20    21    22    45    44    43    42    41    40    39    38    37    36    35    34    33    32    31    30    29    28    27    26    25    24    23     0
	route #1: 45    44    43    42    41    40    39    38    37    36    35    34    33    32    31    30    29    28    27    26    25    24    23     0     1     2     3     4     5     6     7     8     9    10    11    12    13    14    15    16    17    18    19    20    21    22    45
arcs of routes...
	route #0: 0     3     5     7     9    11    13    15    17    19    21    23    25    27    29    31    33    35    37    39    41    43    46    45    44    42    40    38    36    34    32    30    28    26    24    22    20    18    16    14    12    10     8     6     4     2
	route #1: 45    44    42    40    38    36    34    32    30    28    26    24    22    20    18    16    14    12    10     8     6     4     2     0     3     5     7     9    11    13    15    17    19    21    23    25    27    29    31    33    35    37    39    41    43    46

incompatible routes...
	(0, 1)    	(1, 0)

vertices that can be adjacent in consecutive trips...
	(0, 0)    	(45, 45)
non cyclical routes: 


routes of trip...
	routes that train #0 can complete at trip #0: 1
	routes that train #0 can complete at trip #1: 0       1

	routes that train #1 can complete at trip #0: 1
	routes that train #1 can complete at trip #1: 0       1

	routes that train #2 can complete at trip #0: 1
	routes that train #2 can complete at trip #1: 0       1

	routes that train #3 can complete at trip #0: 1
	routes that train #3 can complete at trip #1: 0       1

	routes that train #4 can complete at trip #0: 1
	routes that train #4 can complete at trip #1: 0       1

 cost...
	arc #0 [0][1]: 249
	arc #1 [0][23]: 0
	arc #2 [23][0]: 0
	arc #3 [1][2]: 258
	arc #4 [24][23]: 249
	arc #5 [2][3]: 245
	arc #6 [25][24]: 258
	arc #7 [3][4]: 258
	arc #8 [26][25]: 245
	arc #9 [4][5]: 265
	arc #10 [27][26]: 258
	arc #11 [5][6]: 270
	arc #12 [28][27]: 265
	arc #13 [6][7]: 279
	arc #14 [29][28]: 270
	arc #15 [7][8]: 287
	arc #16 [30][29]: 279
	arc #17 [8][9]: 281
	arc #18 [31][30]: 287
	arc #19 [9][10]: 277
	arc #20 [32][31]: 281
	arc #21 [10][11]: 284
	arc #22 [33][32]: 277
	arc #23 [11][12]: 248
	arc #24 [34][33]: 284
	arc #25 [12][13]: 245
	arc #26 [35][34]: 248
	arc #27 [13][14]: 279
	arc #28 [36][35]: 245
	arc #29 [14][15]: 290
	arc #30 [37][36]: 279
	arc #31 [15][16]: 268
	arc #32 [38][37]: 290
	arc #33 [16][17]: 273
	arc #34 [39][38]: 268
	arc #35 [17][18]: 274
	arc #36 [40][39]: 273
	arc #37 [18][19]: 270
	arc #38 [41][40]: 274
	arc #39 [19][20]: 270
	arc #40 [42][41]: 270
	arc #41 [20][21]: 249
	arc #42 [43][42]: 270
	arc #43 [21][22]: 278
	arc #44 [44][43]: 249
	arc #45 [45][44]: 278
	arc #46 [22][45]: 0
	arc #47 [45][22]: 0

cost with minimum service...
	arc #0 [0][1]: 365
	arc #1 [0][23]: 0
	arc #2 [23][0]: 0
	arc #3 [1][2]: 374
	arc #4 [24][23]: 400
	arc #5 [2][3]: 361
	arc #6 [25][24]: 374
	arc #7 [3][4]: 374
	arc #8 [26][25]: 361
	arc #9 [4][5]: 381
	arc #10 [27][26]: 374
	arc #11 [5][6]: 386
	arc #12 [28][27]: 381
	arc #13 [6][7]: 395
	arc #14 [29][28]: 386
	arc #15 [7][8]: 403
	arc #16 [30][29]: 395
	arc #17 [8][9]: 397
	arc #18 [31][30]: 403
	arc #19 [9][10]: 393
	arc #20 [32][31]: 397
	arc #21 [10][11]: 400
	arc #22 [33][32]: 393
	arc #23 [11][12]: 364
	arc #24 [34][33]: 400
	arc #25 [12][13]: 361
	arc #26 [35][34]: 364
	arc #27 [13][14]: 395
	arc #28 [36][35]: 361
	arc #29 [14][15]: 406
	arc #30 [37][36]: 395
	arc #31 [15][16]: 384
	arc #32 [38][37]: 406
	arc #33 [16][17]: 389
	arc #34 [39][38]: 384
	arc #35 [17][18]: 390
	arc #36 [40][39]: 389
	arc #37 [18][19]: 386
	arc #38 [41][40]: 390
	arc #39 [19][20]: 386
	arc #40 [42][41]: 386
	arc #41 [20][21]: 365
	arc #42 [43][42]: 386
	arc #43 [21][22]: 429
	arc #44 [44][43]: 365
	arc #45 [45][44]: 394
	arc #46 [22][45]: 0
	arc #47 [45][22]: 0

cost with maximum service...
	arc #0 [0][1]: 750
	arc #1 [0][23]: 501
	arc #2 [23][0]: 501
	arc #3 [1][2]: 759
	arc #4 [24][23]: 750
	arc #5 [2][3]: 746
	arc #6 [25][24]: 759
	arc #7 [3][4]: 759
	arc #8 [26][25]: 746
	arc #9 [4][5]: 766
	arc #10 [27][26]: 759
	arc #11 [5][6]: 771
	arc #12 [28][27]: 766
	arc #13 [6][7]: 780
	arc #14 [29][28]: 771
	arc #15 [7][8]: 788
	arc #16 [30][29]: 780
	arc #17 [8][9]: 782
	arc #18 [31][30]: 788
	arc #19 [9][10]: 778
	arc #20 [32][31]: 782
	arc #21 [10][11]: 785
	arc #22 [33][32]: 778
	arc #23 [11][12]: 749
	arc #24 [34][33]: 785
	arc #25 [12][13]: 746
	arc #26 [35][34]: 749
	arc #27 [13][14]: 780
	arc #28 [36][35]: 746
	arc #29 [14][15]: 791
	arc #30 [37][36]: 780
	arc #31 [15][16]: 769
	arc #32 [38][37]: 791
	arc #33 [16][17]: 774
	arc #34 [39][38]: 769
	arc #35 [17][18]: 775
	arc #36 [40][39]: 774
	arc #37 [18][19]: 771
	arc #38 [41][40]: 775
	arc #39 [19][20]: 771
	arc #40 [42][41]: 771
	arc #41 [20][21]: 750
	arc #42 [43][42]: 771
	arc #43 [21][22]: 779
	arc #44 [44][43]: 750
	arc #45 [45][44]: 779
	arc #46 [22][45]: 501
	arc #47 [45][22]: 501

demands...
	demands of vertex 0 at time interval: 6
	demands of vertex 1 at time interval: 6
	demands of vertex 2 at time interval: 6
	demands of vertex 3 at time interval: 6
	demands of vertex 4 at time interval: 6
	demands of vertex 5 at time interval: 6
	demands of vertex 6 at time interval: 6
	demands of vertex 7 at time interval: 6
	demands of vertex 8 at time interval: 6
	demands of vertex 9 at time interval: 6
	demands of vertex 10 at time interval: 6
	demands of vertex 11 at time interval: 6
	demands of vertex 12 at time interval: 6
	demands of vertex 13 at time interval: 6
	demands of vertex 14 at time interval: 6
	demands of vertex 15 at time interval: 6
	demands of vertex 16 at time interval: 6
	demands of vertex 17 at time interval: 6
	demands of vertex 18 at time interval: 6
	demands of vertex 19 at time interval: 6
	demands of vertex 20 at time interval: 6
	demands of vertex 21 at time interval: 6
	demands of vertex 22 at time interval: 0
	demands of vertex 23 at time interval: 0
	demands of vertex 24 at time interval: 6
	demands of vertex 25 at time interval: 6
	demands of vertex 26 at time interval: 6
	demands of vertex 27 at time interval: 6
	demands of vertex 28 at time interval: 6
	demands of vertex 29 at time interval: 6
	demands of vertex 30 at time interval: 6
	demands of vertex 31 at time interval: 6
	demands of vertex 32 at time interval: 6
	demands of vertex 33 at time interval: 6
	demands of vertex 34 at time interval: 6
	demands of vertex 35 at time interval: 6
	demands of vertex 36 at time interval: 6
	demands of vertex 37 at time interval: 6
	demands of vertex 38 at time interval: 6
	demands of vertex 39 at time interval: 6
	demands of vertex 40 at time interval: 6
	demands of vertex 41 at time interval: 6
	demands of vertex 42 at time interval: 6
	demands of vertex 43 at time interval: 6
	demands of vertex 44 at time interval: 6
	demands of vertex 45 at time interval: 6

maximum time = 43119
alpha = 82

Selecting set of cyclical routes...

Selecting set of initial routes...

Creating initial set of candidate combinations...
Solving candidate combinations...

1/1 candidate combination(s) tested! (Thread 0)
No feasible solution was found...

Removing trips...

Solving candidate combinations...

1/4 candidate combination(s) tested! (Thread 0)
2/4 candidate combination(s) tested! (Thread 0)
3/4 candidate combination(s) tested! (Thread 0)
Found new best - 4/4 candidate combination(s) tested! (Thread 0)

Removing trips...

Terminating loop at iteration 2

Relaxing trips, so the model can make changes...

>> Printing some results...
    -> Solution value = 34690 - 09:38:10
    -> Total time = 1718.22

=============
Train 0
=============
> Trip 0
   45(time 302 - 00:05:02)(time 580 - 00:09:40) ->    44(time 696 - 00:11:36)(time 945 - 00:15:45) ->    43(time 1061 - 00:17:41)(time 1331 - 00:22:11) ->    42(time 1447 - 00:24:07)(time 1717 - 00:28:37) ->    41(time 1833 - 00:30:33)(time 2107 - 00:35:07) ->    40(time 2223 - 00:37:03)(time 2496 - 00:41:36) ->    39(time 2612 - 00:43:32)(time 2880 - 00:48:00) ->    38(time 2996 - 00:49:56)(time 3286 - 00:54:46) ->    37(time 3402 - 00:56:42)(time 3681 - 01:01:21) ->    36(time 3797 - 01:03:17)(time 4042 - 01:07:22) ->    35(time 4158 - 01:09:18)(time 4406 - 01:13:26) ->    34(time 4522 - 01:15:22)(time 4806 - 01:20:06) ->    33(time 4922 - 01:22:02)(time 5199 - 01:26:39) ->    32(time 5315 - 01:28:35)(time 5596 - 01:33:16) ->    31(time 5712 - 01:35:12)(time 5999 - 01:39:59) ->    30(time 6115 - 01:41:55)(time 6394 - 01:46:34) ->    29(time 6510 - 01:48:30)(time 6780 - 01:53:00) ->    28(time 6896 - 01:54:56)(time 7161 - 01:59:21) ->    27(time 7277 - 02:01:17)(time 7535 - 02:05:35) ->    26(time 7651 - 02:07:31)(time 7896 - 02:11:36) ->    25(time 8012 - 02:13:32)(time 8270 - 02:17:50) ->    24(time 8386 - 02:19:46)(time 8635 - 02:23:55) ->    23(time 8786 - 02:26:26)(time 8786 - 02:26:26) ->    0(time 8902 - 02:28:22)(time 9151 - 02:32:31) ->    1(time 9267 - 02:34:27)(time 9525 - 02:38:45) ->    2(time 9641 - 02:40:41)(time 9886 - 02:44:46) ->    3(time 10002 - 02:46:42)(time 10260 - 02:51:00) ->    4(time 10376 - 02:52:56)(time 10641 - 02:57:21) ->    5(time 10757 - 02:59:17)(time 11027 - 03:03:47) ->    6(time 11143 - 03:05:43)(time 11422 - 03:10:22) ->    7(time 11538 - 03:12:18)(time 11825 - 03:17:05) ->    8(time 11941 - 03:19:01)(time 12222 - 03:23:42) ->    9(time 12338 - 03:25:38)(time 12615 - 03:30:15) ->    10(time 12731 - 03:32:11)(time 13015 - 03:36:55) ->    11(time 13131 - 03:38:51)(time 13379 - 03:42:59) ->    12(time 13495 - 03:44:55)(time 13740 - 03:49:00) ->    13(time 13856 - 03:50:56)(time 14135 - 03:55:35) ->    14(time 14251 - 03:57:31)(time 14541 - 04:02:21) ->    15(time 14657 - 04:04:17)(time 14925 - 04:08:45) ->    16(time 15041 - 04:10:41)(time 15314 - 04:15:14) ->    17(time 15430 - 04:17:10)(time 15704 - 04:21:44) ->    18(time 15820 - 04:23:40)(time 16090 - 04:28:10) ->    19(time 16206 - 04:30:06)(time 16476 - 04:34:36) ->    20(time 16592 - 04:36:32)(time 16841 - 04:40:41) ->    21(time 16992 - 04:43:12)(time 17270 - 04:47:50) ->    22(time 17771 - 04:56:11)(time 17771 - 04:56:11) -> 45
=============
Train 1
=============
> Trip 0
   45(time 17270 - 04:47:50)(time 17548 - 04:52:28) ->    44(time 17664 - 04:54:24)(time 17913 - 04:58:33) ->    43(time 18029 - 05:00:29)(time 18299 - 05:04:59) ->    42(time 18415 - 05:06:55)(time 18685 - 05:11:25) ->    41(time 18801 - 05:13:21)(time 19075 - 05:17:55) ->    40(time 19191 - 05:19:51)(time 19464 - 05:24:24) ->    39(time 19580 - 05:26:20)(time 19848 - 05:30:48) ->    38(time 19964 - 05:32:44)(time 20254 - 05:37:34) ->    37(time 20370 - 05:39:30)(time 20649 - 05:44:09) ->    36(time 20765 - 05:46:05)(time 21010 - 05:50:10) ->    35(time 21126 - 05:52:06)(time 21374 - 05:56:14) ->    34(time 21490 - 05:58:10)(time 21774 - 06:02:54) ->    33(time 21890 - 06:04:50)(time 22167 - 06:09:27) ->    32(time 22283 - 06:11:23)(time 22564 - 06:16:04) ->    31(time 22680 - 06:18:00)(time 22967 - 06:22:47) ->    30(time 23083 - 06:24:43)(time 23362 - 06:29:22) ->    29(time 23478 - 06:31:18)(time 23748 - 06:35:48) ->    28(time 23864 - 06:37:44)(time 24129 - 06:42:09) ->    27(time 24245 - 06:44:05)(time 24503 - 06:48:23) ->    26(time 24619 - 06:50:19)(time 24864 - 06:54:24) ->    25(time 24980 - 06:56:20)(time 25238 - 07:00:38) ->    24(time 25354 - 07:02:34)(time 25603 - 07:06:43) ->    23(time 25754 - 07:09:14)(time 25754 - 07:09:14) ->    0(time 25905 - 07:11:45)(time 26154 - 07:15:54) ->    1(time 26270 - 07:17:50)(time 26528 - 07:22:08) ->    2(time 26644 - 07:24:04)(time 26889 - 07:28:09) ->    3(time 27005 - 07:30:05)(time 27263 - 07:34:23) ->    4(time 27379 - 07:36:19)(time 27644 - 07:40:44) ->    5(time 27760 - 07:42:40)(time 28030 - 07:47:10) ->    6(time 28146 - 07:49:06)(time 28425 - 07:53:45) ->    7(time 28541 - 07:55:41)(time 28828 - 08:00:28) ->    8(time 28944 - 08:02:24)(time 29225 - 08:07:05) ->    9(time 29341 - 08:09:01)(time 29618 - 08:13:38) ->    10(time 29734 - 08:15:34)(time 30018 - 08:20:18) ->    11(time 30134 - 08:22:14)(time 30382 - 08:26:22) ->    12(time 30498 - 08:28:18)(time 30743 - 08:32:23) ->    13(time 30859 - 08:34:19)(time 31138 - 08:38:58) ->    14(time 31254 - 08:40:54)(time 31544 - 08:45:44) ->    15(time 31660 - 08:47:40)(time 31928 - 08:52:08) ->    16(time 32044 - 08:54:04)(time 32317 - 08:58:37) ->    17(time 32433 - 09:00:33)(time 32707 - 09:05:07) ->    18(time 32823 - 09:07:03)(time 33093 - 09:11:33) ->    19(time 33209 - 09:13:29)(time 33479 - 09:17:59) ->    20(time 33595 - 09:19:55)(time 33844 - 09:24:04) ->    21(time 33960 - 09:26:00)(time 34238 - 09:30:38) ->    22(time 34389 - 09:33:09)(time 34389 - 09:33:09) -> 45
=============
Train 2
=============
> Trip 0
   45(time 151 - 00:02:31)(time 429 - 00:07:09) ->    44(time 545 - 00:09:05)(time 794 - 00:13:14) ->    43(time 910 - 00:15:10)(time 1180 - 00:19:40) ->    42(time 1296 - 00:21:36)(time 1566 - 00:26:06) ->    41(time 1682 - 00:28:02)(time 1956 - 00:32:36) ->    40(time 2072 - 00:34:32)(time 2345 - 00:39:05) ->    39(time 2461 - 00:41:01)(time 2729 - 00:45:29) ->    38(time 2845 - 00:47:25)(time 3135 - 00:52:15) ->    37(time 3251 - 00:54:11)(time 3530 - 00:58:50) ->    36(time 3646 - 01:00:46)(time 3891 - 01:04:51) ->    35(time 4007 - 01:06:47)(time 4255 - 01:10:55) ->    34(time 4371 - 01:12:51)(time 4655 - 01:17:35) ->    33(time 4771 - 01:19:31)(time 5048 - 01:24:08) ->    32(time 5164 - 01:26:04)(time 5445 - 01:30:45) ->    31(time 5561 - 01:32:41)(time 5848 - 01:37:28) ->    30(time 5964 - 01:39:24)(time 6243 - 01:44:03) ->    29(time 6359 - 01:45:59)(time 6629 - 01:50:29) ->    28(time 6745 - 01:52:25)(time 7010 - 01:56:50) ->    27(time 7126 - 01:58:46)(time 7384 - 02:03:04) ->    26(time 7500 - 02:05:00)(time 7745 - 02:09:05) ->    25(time 7861 - 02:11:01)(time 8119 - 02:15:19) ->    24(time 8235 - 02:17:15)(time 8484 - 02:21:24) ->    23(time 8635 - 02:23:55)(time 8635 - 02:23:55) ->    0(time 8786 - 02:26:26)(time 9035 - 02:30:35) ->    1(time 9151 - 02:32:31)(time 9409 - 02:36:49) ->    2(time 9525 - 02:38:45)(time 9770 - 02:42:50) ->    3(time 9886 - 02:44:46)(time 10144 - 02:49:04) ->    4(time 10260 - 02:51:00)(time 10525 - 02:55:25) ->    5(time 10641 - 02:57:21)(time 10911 - 03:01:51) ->    6(time 11027 - 03:03:47)(time 11306 - 03:08:26) ->    7(time 11422 - 03:10:22)(time 11709 - 03:15:09) ->    8(time 11825 - 03:17:05)(time 12106 - 03:21:46) ->    9(time 12222 - 03:23:42)(time 12499 - 03:28:19) ->    10(time 12615 - 03:30:15)(time 12899 - 03:34:59) ->    11(time 13015 - 03:36:55)(time 13263 - 03:41:03) ->    12(time 13379 - 03:42:59)(time 13624 - 03:47:04) ->    13(time 13740 - 03:49:00)(time 14019 - 03:53:39) ->    14(time 14135 - 03:55:35)(time 14425 - 04:00:25) ->    15(time 14541 - 04:02:21)(time 14809 - 04:06:49) ->    16(time 14925 - 04:08:45)(time 15198 - 04:13:18) ->    17(time 15314 - 04:15:14)(time 15588 - 04:19:48) ->    18(time 15704 - 04:21:44)(time 15974 - 04:26:14) ->    19(time 16090 - 04:28:10)(time 16360 - 04:32:40) ->    20(time 16476 - 04:34:36)(time 16725 - 04:38:45) ->    21(time 16841 - 04:40:41)(time 17119 - 04:45:19) ->    22(time 17270 - 04:47:50)(time 17270 - 04:47:50) -> 45
=============
Train 3
=============
> Trip 0
   45(time 17386 - 04:49:46)(time 17664 - 04:54:24) ->    44(time 17780 - 04:56:20)(time 18029 - 05:00:29) ->    43(time 18145 - 05:02:25)(time 18415 - 05:06:55) ->    42(time 18531 - 05:08:51)(time 18801 - 05:13:21) ->    41(time 18917 - 05:15:17)(time 19191 - 05:19:51) ->    40(time 19307 - 05:21:47)(time 19580 - 05:26:20) ->    39(time 19696 - 05:28:16)(time 19964 - 05:32:44) ->    38(time 20080 - 05:34:40)(time 20370 - 05:39:30) ->    37(time 20486 - 05:41:26)(time 20765 - 05:46:05) ->    36(time 20881 - 05:48:01)(time 21126 - 05:52:06) ->    35(time 21242 - 05:54:02)(time 21490 - 05:58:10) ->    34(time 21606 - 06:00:06)(time 21890 - 06:04:50) ->    33(time 22006 - 06:06:46)(time 22283 - 06:11:23) ->    32(time 22399 - 06:13:19)(time 22680 - 06:18:00) ->    31(time 22796 - 06:19:56)(time 23083 - 06:24:43) ->    30(time 23199 - 06:26:39)(time 23478 - 06:31:18) ->    29(time 23594 - 06:33:14)(time 23864 - 06:37:44) ->    28(time 23980 - 06:39:40)(time 24245 - 06:44:05) ->    27(time 24361 - 06:46:01)(time 24619 - 06:50:19) ->    26(time 24735 - 06:52:15)(time 24980 - 06:56:20) ->    25(time 25096 - 06:58:16)(time 25354 - 07:02:34) ->    24(time 25505 - 07:05:05)(time 25754 - 07:09:14) ->    23(time 25905 - 07:11:45)(time 25905 - 07:11:45) ->    0(time 26021 - 07:13:41)(time 26270 - 07:17:50) ->    1(time 26386 - 07:19:46)(time 26644 - 07:24:04) ->    2(time 26795 - 07:26:35)(time 27040 - 07:30:40) ->    3(time 27156 - 07:32:36)(time 27414 - 07:36:54) ->    4(time 27530 - 07:38:50)(time 27795 - 07:43:15) ->    5(time 27911 - 07:45:11)(time 28181 - 07:49:41) ->    6(time 28297 - 07:51:37)(time 28576 - 07:56:16) ->    7(time 28692 - 07:58:12)(time 28979 - 08:02:59) ->    8(time 29095 - 08:04:55)(time 29376 - 08:09:36) ->    9(time 29492 - 08:11:32)(time 29769 - 08:16:09) ->    10(time 29885 - 08:18:05)(time 30169 - 08:22:49) ->    11(time 30285 - 08:24:45)(time 30533 - 08:28:53) ->    12(time 30649 - 08:30:49)(time 30894 - 08:34:54) ->    13(time 31010 - 08:36:50)(time 31289 - 08:41:29) ->    14(time 31405 - 08:43:25)(time 31695 - 08:48:15) ->    15(time 31811 - 08:50:11)(time 32079 - 08:54:39) ->    16(time 32195 - 08:56:35)(time 32468 - 09:01:08) ->    17(time 32584 - 09:03:04)(time 32858 - 09:07:38) ->    18(time 32974 - 09:09:34)(time 33244 - 09:14:04) ->    19(time 33360 - 09:16:00)(time 33630 - 09:20:30) ->    20(time 33746 - 09:22:26)(time 33995 - 09:26:35) ->    21(time 34111 - 09:28:31)(time 34389 - 09:33:09) ->    22(time 34540 - 09:35:40)(time 34540 - 09:35:40) -> 45
=============
Train 4
=============
> Trip 0
   45(time 0 - 00:00:00)(time 278 - 00:04:38) ->    44(time 394 - 00:06:34)(time 643 - 00:10:43) ->    43(time 759 - 00:12:39)(time 1029 - 00:17:09) ->    42(time 1145 - 00:19:05)(time 1415 - 00:23:35) ->    41(time 1531 - 00:25:31)(time 1805 - 00:30:05) ->    40(time 1921 - 00:32:01)(time 2194 - 00:36:34) ->    39(time 2310 - 00:38:30)(time 2578 - 00:42:58) ->    38(time 2694 - 00:44:54)(time 2984 - 00:49:44) ->    37(time 3100 - 00:51:40)(time 3379 - 00:56:19) ->    36(time 3495 - 00:58:15)(time 3740 - 01:02:20) ->    35(time 3856 - 01:04:16)(time 4104 - 01:08:24) ->    34(time 4220 - 01:10:20)(time 4504 - 01:15:04) ->    33(time 4620 - 01:17:00)(time 4897 - 01:21:37) ->    32(time 5013 - 01:23:33)(time 5294 - 01:28:14) ->    31(time 5410 - 01:30:10)(time 5697 - 01:34:57) ->    30(time 5813 - 01:36:53)(time 6092 - 01:41:32) ->    29(time 6208 - 01:43:28)(time 6478 - 01:47:58) ->    28(time 6594 - 01:49:54)(time 6859 - 01:54:19) ->    27(time 6975 - 01:56:15)(time 7233 - 02:00:33) ->    26(time 7349 - 02:02:29)(time 7594 - 02:06:34) ->    25(time 7710 - 02:08:30)(time 7968 - 02:12:48) ->    24(time 8084 - 02:14:44)(time 8333 - 02:18:53) ->    23(time 8484 - 02:21:24)(time 8484 - 02:21:24) ->    0(time 8635 - 02:23:55)(time 8884 - 02:28:04) ->    1(time 9000 - 02:30:00)(time 9258 - 02:34:18) ->    2(time 9374 - 02:36:14)(time 9619 - 02:40:19) ->    3(time 9735 - 02:42:15)(time 9993 - 02:46:33) ->    4(time 10109 - 02:48:29)(time 10374 - 02:52:54) ->    5(time 10490 - 02:54:50)(time 10760 - 02:59:20) ->    6(time 10876 - 03:01:16)(time 11155 - 03:05:55) ->    7(time 11271 - 03:07:51)(time 11558 - 03:12:38) ->    8(time 11674 - 03:14:34)(time 11955 - 03:19:15) ->    9(time 12071 - 03:21:11)(time 12348 - 03:25:48) ->    10(time 12464 - 03:27:44)(time 12748 - 03:32:28) ->    11(time 12864 - 03:34:24)(time 13112 - 03:38:32) ->    12(time 13228 - 03:40:28)(time 13473 - 03:44:33) ->    13(time 13589 - 03:46:29)(time 13868 - 03:51:08) ->    14(time 13984 - 03:53:04)(time 14274 - 03:57:54) ->    15(time 14390 - 03:59:50)(time 14658 - 04:04:18) ->    16(time 14774 - 04:06:14)(time 15047 - 04:10:47) ->    17(time 15163 - 04:12:43)(time 15437 - 04:17:17) ->    18(time 15553 - 04:19:13)(time 15823 - 04:23:43) ->    19(time 15939 - 04:25:39)(time 16209 - 04:30:09) ->    20(time 16325 - 04:32:05)(time 16574 - 04:36:14) ->    21(time 16690 - 04:38:10)(time 16968 - 04:42:48) ->    22(time 17119 - 04:45:19)(time 17119 - 04:45:19) -> 45
> Trip 1
   45(time 17502 - 04:51:42)(time 17780 - 04:56:20) ->    44(time 17896 - 04:58:16)(time 18145 - 05:02:25) ->    43(time 18261 - 05:04:21)(time 18531 - 05:08:51) ->    42(time 18647 - 05:10:47)(time 18917 - 05:15:17) ->    41(time 19033 - 05:17:13)(time 19307 - 05:21:47) ->    40(time 19423 - 05:23:43)(time 19696 - 05:28:16) ->    39(time 19812 - 05:30:12)(time 20080 - 05:34:40) ->    38(time 20196 - 05:36:36)(time 20486 - 05:41:26) ->    37(time 20602 - 05:43:22)(time 20881 - 05:48:01) ->    36(time 20997 - 05:49:57)(time 21242 - 05:54:02) ->    35(time 21358 - 05:55:58)(time 21606 - 06:00:06) ->    34(time 21722 - 06:02:02)(time 22006 - 06:06:46) ->    33(time 22122 - 06:08:42)(time 22399 - 06:13:19) ->    32(time 22515 - 06:15:15)(time 22796 - 06:19:56) ->    31(time 22912 - 06:21:52)(time 23199 - 06:26:39) ->    30(time 23315 - 06:28:35)(time 23594 - 06:33:14) ->    29(time 23710 - 06:35:10)(time 23980 - 06:39:40) ->    28(time 24096 - 06:41:36)(time 24361 - 06:46:01) ->    27(time 24477 - 06:47:57)(time 24735 - 06:52:15) ->    26(time 24851 - 06:54:11)(time 25096 - 06:58:16) ->    25(time 25247 - 07:00:47)(time 25505 - 07:05:05) ->    24(time 25656 - 07:07:36)(time 25905 - 07:11:45) ->    23(time 26056 - 07:14:16)(time 26056 - 07:14:16) ->    0(time 26137 - 07:15:37)(time 26386 - 07:19:46) ->    1(time 26537 - 07:22:17)(time 26795 - 07:26:35) ->    2(time 26911 - 07:28:31)(time 27156 - 07:32:36) ->    3(time 27272 - 07:34:32)(time 27530 - 07:38:50) ->    4(time 27646 - 07:40:46)(time 27911 - 07:45:11) ->    5(time 28027 - 07:47:07)(time 28297 - 07:51:37) ->    6(time 28413 - 07:53:33)(time 28692 - 07:58:12) ->    7(time 28808 - 08:00:08)(time 29095 - 08:04:55) ->    8(time 29211 - 08:06:51)(time 29492 - 08:11:32) ->    9(time 29608 - 08:13:28)(time 29885 - 08:18:05) ->    10(time 30001 - 08:20:01)(time 30285 - 08:24:45) ->    11(time 30401 - 08:26:41)(time 30649 - 08:30:49) ->    12(time 30765 - 08:32:45)(time 31010 - 08:36:50) ->    13(time 31126 - 08:38:46)(time 31405 - 08:43:25) ->    14(time 31521 - 08:45:21)(time 31811 - 08:50:11) ->    15(time 31927 - 08:52:07)(time 32195 - 08:56:35) ->    16(time 32311 - 08:58:31)(time 32584 - 09:03:04) ->    17(time 32700 - 09:05:00)(time 32974 - 09:09:34) ->    18(time 33090 - 09:11:30)(time 33360 - 09:16:00) ->    19(time 33476 - 09:17:56)(time 33746 - 09:22:26) ->    20(time 33862 - 09:24:22)(time 34111 - 09:28:31) ->    21(time 34262 - 09:31:02)(time 34540 - 09:35:40) ->    22(time 34691 - 09:38:11)(time 34691 - 09:38:11) -> 45
