t5p20r2h1.txt:
   > Trying to open the instance file...
   > Reading number of trains...
   > Reading maximum number of trips per train...
   > Reading time intervals...
   > Reading number of points...
   > Reading stations...
   > Reading crossings...
   > Reading depots...
   > Reading initial point...
   > Reading routes...
   > Reading distance and distance and service...
   > Reading demands...
   > Reading maximum time...
   > Reading alpha...

--------------------------------
 Printing instance
--------------------------------
number of trains = 5
	max trips per trains: 3     3     3     3     3
number of intervals = 1
	(0,  48588)
number of points = 20
	initial point: 19
	stations: 0     1     3     4     6     7     8     9    10    11    12    13    14    15    16    18    19
	crossings: 0     2     5    10    17    19
	depots: 0    19
number of vertices = 40
	total vertices: 0     1     2     3     4     5     6     7     8     9    10    11    12    13    14    15    16    17    18    19    20    21    22    23    24    25    26    27    28    29    30    31    32    33    34    35    36    37    38    39
	upper vertices: 0     1     2     3     4     5     6     7     8     9    10    11    12    13    14    15    16    17    18    19
	lower vertices: 20    21    22    23    24    25    26    27    28    29    30    31    32    33    34    35    36    37    38    39
	vertices of point #0: (0, 20)
	vertices of point #1: (1, 21)
	vertices of point #2: (2, 22)
	vertices of point #3: (3, 23)
	vertices of point #4: (4, 24)
	vertices of point #5: (5, 25)
	vertices of point #6: (6, 26)
	vertices of point #7: (7, 27)
	vertices of point #8: (8, 28)
	vertices of point #9: (9, 29)
	vertices of point #10: (10, 30)
	vertices of point #11: (11, 31)
	vertices of point #12: (12, 32)
	vertices of point #13: (13, 33)
	vertices of point #14: (14, 34)
	vertices of point #15: (15, 35)
	vertices of point #16: (16, 36)
	vertices of point #17: (17, 37)
	vertices of point #18: (18, 38)
	vertices of point #19: (19, 39)

arcs...
	total arcs: 
		arc #0: (0, 1)
		arc #1: (0, 20)
		arc #2: (20, 0)
		arc #3: (1, 2)
		arc #4: (21, 20)
		arc #5: (2, 3)
		arc #6: (22, 21)
		arc #7: (3, 4)
		arc #8: (23, 22)
		arc #9: (4, 5)
		arc #10: (24, 23)
		arc #11: (5, 6)
		arc #12: (25, 24)
		arc #13: (6, 7)
		arc #14: (26, 25)
		arc #15: (7, 8)
		arc #16: (27, 26)
		arc #17: (8, 9)
		arc #18: (28, 27)
		arc #19: (9, 10)
		arc #20: (29, 28)
		arc #21: (10, 11)
		arc #22: (30, 29)
		arc #23: (11, 12)
		arc #24: (31, 30)
		arc #25: (12, 13)
		arc #26: (32, 31)
		arc #27: (13, 14)
		arc #28: (33, 32)
		arc #29: (14, 15)
		arc #30: (34, 33)
		arc #31: (15, 16)
		arc #32: (35, 34)
		arc #33: (16, 17)
		arc #34: (36, 35)
		arc #35: (17, 18)
		arc #36: (37, 36)
		arc #37: (18, 19)
		arc #38: (38, 37)
		arc #39: (39, 38)
		arc #40: (19, 39)
		arc #41: (39, 19)

	reverse arcs: 
		arc #1: (0, 20)
		arc #2: (20, 0)
		arc #40: (19, 39)
		arc #41: (39, 19)


incompatible points...
	(0, 1, 22, (1, 2))	(22, 21, 0, (21, 20))	(2, 4, 25, (4, 5))	(25, 23, 2, (23, 22))	(5, 9, 30, (9, 10))	(30, 26, 5, (26, 25))	(10, 16, 37, (16, 17))	(37, 31, 10, (31, 30))	(17, 18, 39, (18, 19))	(39, 38, 17, (38, 37))

number of routes = 2
vertices of routes...
	route #0: 0     1     2     3     4     5     6     7     8     9    10    11    12    13    14    15    16    17    18    19    39    38    37    36    35    34    33    32    31    30    29    28    27    26    25    24    23    22    21    20     0
	route #1: 39    38    37    36    35    34    33    32    31    30    29    28    27    26    25    24    23    22    21    20     0     1     2     3     4     5     6     7     8     9    10    11    12    13    14    15    16    17    18    19    39
arcs of routes...
	route #0: 0     3     5     7     9    11    13    15    17    19    21    23    25    27    29    31    33    35    37    40    39    38    36    34    32    30    28    26    24    22    20    18    16    14    12    10     8     6     4     2
	route #1: 39    38    36    34    32    30    28    26    24    22    20    18    16    14    12    10     8     6     4     2     0     3     5     7     9    11    13    15    17    19    21    23    25    27    29    31    33    35    37    40

incompatible routes...
	(0, 1)    	(1, 0)

vertices that can be adjacent in consecutive trips...
	(0, 0)    	(39, 39)
non cyclical routes: 


routes of trip...
	routes that train #0 can complete at trip #0: 1
	routes that train #0 can complete at trip #1: 0       1
	routes that train #0 can complete at trip #2: 0       1

	routes that train #1 can complete at trip #0: 1
	routes that train #1 can complete at trip #1: 0       1
	routes that train #1 can complete at trip #2: 0       1

	routes that train #2 can complete at trip #0: 1
	routes that train #2 can complete at trip #1: 0       1
	routes that train #2 can complete at trip #2: 0       1

	routes that train #3 can complete at trip #0: 1
	routes that train #3 can complete at trip #1: 0       1
	routes that train #3 can complete at trip #2: 0       1

	routes that train #4 can complete at trip #0: 1
	routes that train #4 can complete at trip #1: 0       1
	routes that train #4 can complete at trip #2: 0       1

 cost...
	arc #0 [0][1]: 167
	arc #1 [0][20]: 0
	arc #2 [20][0]: 0
	arc #3 [1][2]: 180
	arc #4 [21][20]: 167
	arc #5 [2][3]: 186
	arc #6 [22][21]: 180
	arc #7 [3][4]: 167
	arc #8 [23][22]: 186
	arc #9 [4][5]: 158
	arc #10 [24][23]: 167
	arc #11 [5][6]: 178
	arc #12 [25][24]: 158
	arc #13 [6][7]: 182
	arc #14 [26][25]: 178
	arc #15 [7][8]: 180
	arc #16 [27][26]: 182
	arc #17 [8][9]: 181
	arc #18 [28][27]: 180
	arc #19 [9][10]: 163
	arc #20 [29][28]: 181
	arc #21 [10][11]: 158
	arc #22 [30][29]: 163
	arc #23 [11][12]: 158
	arc #24 [31][30]: 158
	arc #25 [12][13]: 160
	arc #26 [32][31]: 158
	arc #27 [13][14]: 156
	arc #28 [33][32]: 160
	arc #29 [14][15]: 160
	arc #30 [34][33]: 156
	arc #31 [15][16]: 185
	arc #32 [35][34]: 160
	arc #33 [16][17]: 181
	arc #34 [36][35]: 185
	arc #35 [17][18]: 163
	arc #36 [37][36]: 181
	arc #37 [18][19]: 156
	arc #38 [38][37]: 163
	arc #39 [39][38]: 156
	arc #40 [19][39]: 0
	arc #41 [39][19]: 0

cost with minimum service...
	arc #0 [0][1]: 286
	arc #1 [0][20]: 0
	arc #2 [20][0]: 0
	arc #3 [1][2]: 263
	arc #4 [21][20]: 308
	arc #5 [2][3]: 305
	arc #6 [22][21]: 299
	arc #7 [3][4]: 286
	arc #8 [23][22]: 269
	arc #9 [4][5]: 241
	arc #10 [24][23]: 286
	arc #11 [5][6]: 297
	arc #12 [25][24]: 277
	arc #13 [6][7]: 301
	arc #14 [26][25]: 261
	arc #15 [7][8]: 299
	arc #16 [27][26]: 301
	arc #17 [8][9]: 300
	arc #18 [28][27]: 299
	arc #19 [9][10]: 282
	arc #20 [29][28]: 300
	arc #21 [10][11]: 277
	arc #22 [30][29]: 282
	arc #23 [11][12]: 277
	arc #24 [31][30]: 277
	arc #25 [12][13]: 279
	arc #26 [32][31]: 277
	arc #27 [13][14]: 275
	arc #28 [33][32]: 279
	arc #29 [14][15]: 279
	arc #30 [34][33]: 275
	arc #31 [15][16]: 304
	arc #32 [35][34]: 279
	arc #33 [16][17]: 264
	arc #34 [36][35]: 304
	arc #35 [17][18]: 282
	arc #36 [37][36]: 300
	arc #37 [18][19]: 297
	arc #38 [38][37]: 246
	arc #39 [39][38]: 275
	arc #40 [19][39]: 0
	arc #41 [39][19]: 0

cost with maximum service...
	arc #0 [0][1]: 697
	arc #1 [0][20]: 530
	arc #2 [20][0]: 530
	arc #3 [1][2]: 710
	arc #4 [21][20]: 697
	arc #5 [2][3]: 716
	arc #6 [22][21]: 710
	arc #7 [3][4]: 697
	arc #8 [23][22]: 716
	arc #9 [4][5]: 688
	arc #10 [24][23]: 697
	arc #11 [5][6]: 708
	arc #12 [25][24]: 688
	arc #13 [6][7]: 712
	arc #14 [26][25]: 708
	arc #15 [7][8]: 710
	arc #16 [27][26]: 712
	arc #17 [8][9]: 711
	arc #18 [28][27]: 710
	arc #19 [9][10]: 693
	arc #20 [29][28]: 711
	arc #21 [10][11]: 688
	arc #22 [30][29]: 693
	arc #23 [11][12]: 688
	arc #24 [31][30]: 688
	arc #25 [12][13]: 690
	arc #26 [32][31]: 688
	arc #27 [13][14]: 686
	arc #28 [33][32]: 690
	arc #29 [14][15]: 690
	arc #30 [34][33]: 686
	arc #31 [15][16]: 715
	arc #32 [35][34]: 690
	arc #33 [16][17]: 711
	arc #34 [36][35]: 715
	arc #35 [17][18]: 693
	arc #36 [37][36]: 711
	arc #37 [18][19]: 686
	arc #38 [38][37]: 693
	arc #39 [39][38]: 686
	arc #40 [19][39]: 530
	arc #41 [39][19]: 530

demands...
	demands of vertex 0 at time interval: 14
	demands of vertex 1 at time interval: 14
	demands of vertex 2 at time interval: 0
	demands of vertex 3 at time interval: 14
	demands of vertex 4 at time interval: 14
	demands of vertex 5 at time interval: 0
	demands of vertex 6 at time interval: 14
	demands of vertex 7 at time interval: 14
	demands of vertex 8 at time interval: 14
	demands of vertex 9 at time interval: 14
	demands of vertex 10 at time interval: 14
	demands of vertex 11 at time interval: 14
	demands of vertex 12 at time interval: 14
	demands of vertex 13 at time interval: 14
	demands of vertex 14 at time interval: 14
	demands of vertex 15 at time interval: 14
	demands of vertex 16 at time interval: 14
	demands of vertex 17 at time interval: 0
	demands of vertex 18 at time interval: 14
	demands of vertex 19 at time interval: 0
	demands of vertex 20 at time interval: 0
	demands of vertex 21 at time interval: 14
	demands of vertex 22 at time interval: 0
	demands of vertex 23 at time interval: 14
	demands of vertex 24 at time interval: 14
	demands of vertex 25 at time interval: 0
	demands of vertex 26 at time interval: 14
	demands of vertex 27 at time interval: 14
	demands of vertex 28 at time interval: 14
	demands of vertex 29 at time interval: 14
	demands of vertex 30 at time interval: 14
	demands of vertex 31 at time interval: 14
	demands of vertex 32 at time interval: 14
	demands of vertex 33 at time interval: 14
	demands of vertex 34 at time interval: 14
	demands of vertex 35 at time interval: 14
	demands of vertex 36 at time interval: 14
	demands of vertex 37 at time interval: 0
	demands of vertex 38 at time interval: 14
	demands of vertex 39 at time interval: 14

maximum time = 48588
alpha = 60

Selecting set of cyclical routes...

Selecting set of initial routes...

Creating initial set of candidate combinations...
Solving candidate combinations...

1/1 candidate combination(s) tested! (Thread 0)
No feasible solution was found...

Removing trips...

Solving candidate combinations...

Found new best - 1/1 candidate combination(s) tested! (Thread 0)

Removing trips...

Terminating loop at iteration 2

Relaxing trips, so the model can make changes...

>> Printing some results...
    -> Solution value = 46135 - 12:48:55
    -> Total time = 3631.26

=============
Train 0
=============
> Trip 0
   39(time 0 - 00:00:00)(time 156 - 00:02:36) ->    38(time 275 - 00:04:35)(time 438 - 00:07:18) ->    37(time 521 - 00:08:41)(time 702 - 00:11:42) ->    36(time 821 - 00:13:41)(time 1006 - 00:16:46) ->    35(time 1125 - 00:18:45)(time 1285 - 00:21:25) ->    34(time 1404 - 00:23:24)(time 1560 - 00:26:00) ->    33(time 1679 - 00:27:59)(time 1839 - 00:30:39) ->    32(time 1958 - 00:32:38)(time 2116 - 00:35:16) ->    31(time 2235 - 00:37:15)(time 2393 - 00:39:53) ->    30(time 2512 - 00:41:52)(time 2675 - 00:44:35) ->    29(time 2794 - 00:46:34)(time 2975 - 00:49:35) ->    28(time 3094 - 00:51:34)(time 3274 - 00:54:34) ->    27(time 3393 - 00:56:33)(time 3575 - 00:59:35) ->    26(time 3694 - 01:01:34)(time 3872 - 01:04:32) ->    25(time 3955 - 01:05:55)(time 4113 - 01:08:33) ->    24(time 4232 - 01:10:32)(time 4399 - 01:13:19) ->    23(time 4518 - 01:15:18)(time 4704 - 01:18:24) ->    22(time 4787 - 01:19:47)(time 4967 - 01:22:47) ->    21(time 5086 - 01:24:46)(time 5253 - 01:27:33) ->    20(time 5394 - 01:29:54)(time 5394 - 01:29:54) ->    0(time 5394 - 01:29:54)(time 5561 - 01:32:41) ->    1(time 5680 - 01:34:40)(time 5860 - 01:37:40) ->    2(time 5943 - 01:39:03)(time 6129 - 01:42:09) ->    3(time 6248 - 01:44:08)(time 6415 - 01:46:55) ->    4(time 6534 - 01:48:54)(time 6692 - 01:51:32) ->    5(time 6775 - 01:52:55)(time 6953 - 01:55:53) ->    6(time 7072 - 01:57:52)(time 7254 - 02:00:54) ->    7(time 7373 - 02:02:53)(time 7553 - 02:05:53) ->    8(time 7672 - 02:07:52)(time 7853 - 02:10:53) ->    9(time 7972 - 02:12:52)(time 8135 - 02:15:35) ->    10(time 8254 - 02:17:34)(time 8412 - 02:20:12) ->    11(time 8531 - 02:22:11)(time 8689 - 02:24:49) ->    12(time 8808 - 02:26:48)(time 8968 - 02:29:28) ->    13(time 9087 - 02:31:27)(time 9243 - 02:34:03) ->    14(time 9362 - 02:36:02)(time 9522 - 02:38:42) ->    15(time 9641 - 02:40:41)(time 9826 - 02:43:46) ->    16(time 9945 - 02:45:45)(time 10126 - 02:48:46) ->    17(time 10209 - 02:50:09)(time 10372 - 02:52:52) ->    18(time 10491 - 02:54:51)(time 10647 - 02:57:27) ->    19(time 10788 - 02:59:48)(time 10788 - 02:59:48) -> 39
> Trip 1
   39(time 10788 - 02:59:48)(time 10944 - 03:02:24) ->    38(time 11063 - 03:04:23)(time 11226 - 03:07:06) ->    37(time 11309 - 03:08:29)(time 11490 - 03:11:30) ->    36(time 11609 - 03:13:29)(time 11794 - 03:16:34) ->    35(time 11913 - 03:18:33)(time 12073 - 03:21:13) ->    34(time 12192 - 03:23:12)(time 12348 - 03:25:48) ->    33(time 12467 - 03:27:47)(time 12627 - 03:30:27) ->    32(time 12746 - 03:32:26)(time 12904 - 03:35:04) ->    31(time 13023 - 03:37:03)(time 13181 - 03:39:41) ->    30(time 13300 - 03:41:40)(time 13463 - 03:44:23) ->    29(time 13582 - 03:46:22)(time 13763 - 03:49:23) ->    28(time 13882 - 03:51:22)(time 14062 - 03:54:22) ->    27(time 14181 - 03:56:21)(time 14363 - 03:59:23) ->    26(time 14482 - 04:01:22)(time 14660 - 04:04:20) ->    25(time 14743 - 04:05:43)(time 14901 - 04:08:21) ->    24(time 15020 - 04:10:20)(time 15187 - 04:13:07) ->    23(time 15306 - 04:15:06)(time 15492 - 04:18:12) ->    22(time 15575 - 04:19:35)(time 15755 - 04:22:35) ->    21(time 15874 - 04:24:34)(time 16041 - 04:27:21) ->    20(time 16182 - 04:29:42)(time 16182 - 04:29:42) ->    0(time 16182 - 04:29:42)(time 16349 - 04:32:29) ->    1(time 16468 - 04:34:28)(time 16648 - 04:37:28) ->    2(time 16769 - 04:39:29)(time 16955 - 04:42:35) ->    3(time 17074 - 04:44:34)(time 17241 - 04:47:21) ->    4(time 17360 - 04:49:20)(time 17518 - 04:51:58) ->    5(time 18048 - 05:00:48)(time 18226 - 05:03:46) ->    6(time 18345 - 05:05:45)(time 18527 - 05:08:47) ->    7(time 18646 - 05:10:46)(time 18826 - 05:13:46) ->    8(time 18945 - 05:15:45)(time 19126 - 05:18:46) ->    9(time 19245 - 05:20:45)(time 19408 - 05:23:28) ->    10(time 19527 - 05:25:27)(time 19685 - 05:28:05) ->    11(time 19804 - 05:30:04)(time 19962 - 05:32:42) ->    12(time 20081 - 05:34:41)(time 20241 - 05:37:21) ->    13(time 20360 - 05:39:20)(time 20516 - 05:41:56) ->    14(time 20635 - 05:43:55)(time 20795 - 05:46:35) ->    15(time 20914 - 05:48:34)(time 21099 - 05:51:39) ->    16(time 21218 - 05:53:38)(time 21399 - 05:56:39) ->    17(time 21482 - 05:58:02)(time 21645 - 06:00:45) ->    18(time 21764 - 06:02:44)(time 21920 - 06:05:20) ->    19(time 22061 - 06:07:41)(time 22061 - 06:07:41) -> 39
=============
Train 1
=============
> Trip 0
   39(time 119 - 00:01:59)(time 275 - 00:04:35) ->    38(time 394 - 00:06:34)(time 557 - 00:09:17) ->    37(time 640 - 00:10:40)(time 821 - 00:13:41) ->    36(time 940 - 00:15:40)(time 1125 - 00:18:45) ->    35(time 1244 - 00:20:44)(time 1404 - 00:23:24) ->    34(time 1523 - 00:25:23)(time 1679 - 00:27:59) ->    33(time 1798 - 00:29:58)(time 1958 - 00:32:38) ->    32(time 2077 - 00:34:37)(time 2235 - 00:37:15) ->    31(time 2354 - 00:39:14)(time 2512 - 00:41:52) ->    30(time 2631 - 00:43:51)(time 2794 - 00:46:34) ->    29(time 2913 - 00:48:33)(time 3094 - 00:51:34) ->    28(time 3213 - 00:53:33)(time 3393 - 00:56:33) ->    27(time 3512 - 00:58:32)(time 3694 - 01:01:34) ->    26(time 3813 - 01:03:33)(time 3991 - 01:06:31) ->    25(time 4096 - 01:08:16)(time 4254 - 01:10:54) ->    24(time 4373 - 01:12:53)(time 4540 - 01:15:40) ->    23(time 4659 - 01:17:39)(time 4845 - 01:20:45) ->    22(time 4928 - 01:22:08)(time 5108 - 01:25:08) ->    21(time 5227 - 01:27:07)(time 5394 - 01:29:54) ->    20(time 5796 - 01:36:36)(time 5796 - 01:36:36) ->    0(time 6326 - 01:45:26)(time 6493 - 01:48:13) ->    1(time 6612 - 01:50:12)(time 6792 - 01:53:12) ->    2(time 6875 - 01:54:35)(time 7061 - 01:57:41) ->    3(time 7180 - 01:59:40)(time 7347 - 02:02:27) ->    4(time 7466 - 02:04:26)(time 7624 - 02:07:04) ->    5(time 7707 - 02:08:27)(time 7885 - 02:11:25) ->    6(time 8004 - 02:13:24)(time 8186 - 02:16:26) ->    7(time 8305 - 02:18:25)(time 8485 - 02:21:25) ->    8(time 8604 - 02:23:24)(time 8785 - 02:26:25) ->    9(time 8904 - 02:28:24)(time 9067 - 02:31:07) ->    10(time 9186 - 02:33:06)(time 9344 - 02:35:44) ->    11(time 9463 - 02:37:43)(time 9621 - 02:40:21) ->    12(time 9740 - 02:42:20)(time 9900 - 02:45:00) ->    13(time 10019 - 02:46:59)(time 10175 - 02:49:35) ->    14(time 10294 - 02:51:34)(time 10454 - 02:54:14) ->    15(time 10573 - 02:56:13)(time 10758 - 02:59:18) ->    16(time 10877 - 03:01:17)(time 11058 - 03:04:18) ->    17(time 11226 - 03:07:06)(time 11389 - 03:09:49) ->    18(time 11508 - 03:11:48)(time 11664 - 03:14:24) ->    19(time 11805 - 03:16:45)(time 11805 - 03:16:45) -> 39
> Trip 1
   39(time 11805 - 03:16:45)(time 11961 - 03:19:21) ->    38(time 12080 - 03:21:20)(time 12243 - 03:24:03) ->    37(time 12326 - 03:25:26)(time 12507 - 03:28:27) ->    36(time 12626 - 03:30:26)(time 12811 - 03:33:31) ->    35(time 12930 - 03:35:30)(time 13090 - 03:38:10) ->    34(time 13209 - 03:40:09)(time 13365 - 03:42:45) ->    33(time 13484 - 03:44:44)(time 13644 - 03:47:24) ->    32(time 13763 - 03:49:23)(time 13921 - 03:52:01) ->    31(time 14040 - 03:54:00)(time 14198 - 03:56:38) ->    30(time 14317 - 03:58:37)(time 14480 - 04:01:20) ->    29(time 14599 - 04:03:19)(time 14780 - 04:06:20) ->    28(time 14899 - 04:08:19)(time 15079 - 04:11:19) ->    27(time 15198 - 04:13:18)(time 15380 - 04:16:20) ->    26(time 15499 - 04:18:19)(time 15677 - 04:21:17) ->    25(time 15760 - 04:22:40)(time 15918 - 04:25:18) ->    24(time 16037 - 04:27:17)(time 16204 - 04:30:04) ->    23(time 16323 - 04:32:03)(time 16509 - 04:35:09) ->    22(time 16648 - 04:37:28)(time 16828 - 04:40:28) ->    21(time 16947 - 04:42:27)(time 17114 - 04:45:14) ->    20(time 17255 - 04:47:35)(time 17255 - 04:47:35) ->    0(time 17682 - 04:54:42)(time 17849 - 04:57:29) ->    1(time 17968 - 04:59:28)(time 18148 - 05:02:28) ->    2(time 18267 - 05:04:27)(time 18453 - 05:07:33) ->    3(time 18572 - 05:09:32)(time 18739 - 05:12:19) ->    4(time 18858 - 05:14:18)(time 19016 - 05:16:56) ->    5(time 19099 - 05:18:19)(time 19277 - 05:21:17) ->    6(time 19396 - 05:23:16)(time 19578 - 05:26:18) ->    7(time 19697 - 05:28:17)(time 19877 - 05:31:17) ->    8(time 19996 - 05:33:16)(time 20177 - 05:36:17) ->    9(time 20296 - 05:38:16)(time 20459 - 05:40:59) ->    10(time 20578 - 05:42:58)(time 20736 - 05:45:36) ->    11(time 20855 - 05:47:35)(time 21013 - 05:50:13) ->    12(time 21132 - 05:52:12)(time 21292 - 05:54:52) ->    13(time 21411 - 05:56:51)(time 21567 - 05:59:27) ->    14(time 21686 - 06:01:26)(time 21846 - 06:04:06) ->    15(time 21965 - 06:06:05)(time 22150 - 06:09:10) ->    16(time 22269 - 06:11:09)(time 22450 - 06:14:10) ->    17(time 22533 - 06:15:33)(time 22696 - 06:18:16) ->    18(time 22815 - 06:20:15)(time 22971 - 06:22:51) ->    19(time 23112 - 06:25:12)(time 23112 - 06:25:12) -> 39
> Trip 2
   39(time 23168 - 06:26:08)(time 23324 - 06:28:44) ->    38(time 23443 - 06:30:43)(time 23606 - 06:33:26) ->    37(time 23725 - 06:35:25)(time 23906 - 06:38:26) ->    36(time 24025 - 06:40:25)(time 24210 - 06:43:30) ->    35(time 24329 - 06:45:29)(time 24489 - 06:48:09) ->    34(time 24608 - 06:50:08)(time 24764 - 06:52:44) ->    33(time 24883 - 06:54:43)(time 25043 - 06:57:23) ->    32(time 25162 - 06:59:22)(time 25320 - 07:02:00) ->    31(time 25439 - 07:03:59)(time 25597 - 07:06:37) ->    30(time 25716 - 07:08:36)(time 25879 - 07:11:19) ->    29(time 25998 - 07:13:18)(time 26179 - 07:16:19) ->    28(time 26298 - 07:18:18)(time 26478 - 07:21:18) ->    27(time 26597 - 07:23:17)(time 26779 - 07:26:19) ->    26(time 26898 - 07:28:18)(time 27076 - 07:31:16) ->    25(time 27159 - 07:32:39)(time 27317 - 07:35:17) ->    24(time 27436 - 07:37:16)(time 27603 - 07:40:03) ->    23(time 27722 - 07:42:02)(time 27908 - 07:45:08) ->    22(time 27991 - 07:46:31)(time 28171 - 07:49:31) ->    21(time 28290 - 07:51:30)(time 28457 - 07:54:17) ->    20(time 28598 - 07:56:38)(time 28598 - 07:56:38) ->    0(time 28620 - 07:57:00)(time 28787 - 07:59:47) ->    1(time 28906 - 08:01:46)(time 29086 - 08:04:46) ->    2(time 29205 - 08:06:45)(time 29391 - 08:09:51) ->    3(time 29510 - 08:11:50)(time 29677 - 08:14:37) ->    4(time 29796 - 08:16:36)(time 29954 - 08:19:14) ->    5(time 30037 - 08:20:37)(time 30215 - 08:23:35) ->    6(time 30334 - 08:25:34)(time 30516 - 08:28:36) ->    7(time 30635 - 08:30:35)(time 30815 - 08:33:35) ->    8(time 30934 - 08:35:34)(time 31115 - 08:38:35) ->    9(time 31234 - 08:40:34)(time 31397 - 08:43:17) ->    10(time 31516 - 08:45:16)(time 31674 - 08:47:54) ->    11(time 31793 - 08:49:53)(time 31951 - 08:52:31) ->    12(time 32070 - 08:54:30)(time 32230 - 08:57:10) ->    13(time 32349 - 08:59:09)(time 32505 - 09:01:45) ->    14(time 32624 - 09:03:44)(time 32784 - 09:06:24) ->    15(time 32903 - 09:08:23)(time 33088 - 09:11:28) ->    16(time 33207 - 09:13:27)(time 33388 - 09:16:28) ->    17(time 33471 - 09:17:51)(time 33634 - 09:20:34) ->    18(time 33753 - 09:22:33)(time 33909 - 09:25:09) ->    19(time 34050 - 09:27:30)(time 34050 - 09:27:30) -> 39
=============
Train 2
=============
> Trip 0
   39(time 626 - 00:10:26)(time 782 - 00:13:02) ->    38(time 901 - 00:15:01)(time 1064 - 00:17:44) ->    37(time 1147 - 00:19:07)(time 1328 - 00:22:08) ->    36(time 1447 - 00:24:07)(time 1632 - 00:27:12) ->    35(time 1751 - 00:29:11)(time 1911 - 00:31:51) ->    34(time 2030 - 00:33:50)(time 2186 - 00:36:26) ->    33(time 2305 - 00:38:25)(time 2465 - 00:41:05) ->    32(time 2584 - 00:43:04)(time 2742 - 00:45:42) ->    31(time 2861 - 00:47:41)(time 3019 - 00:50:19) ->    30(time 3138 - 00:52:18)(time 3301 - 00:55:01) ->    29(time 3420 - 00:57:00)(time 3601 - 01:00:01) ->    28(time 3720 - 01:02:00)(time 3900 - 01:05:00) ->    27(time 4019 - 01:06:59)(time 4201 - 01:10:01) ->    26(time 4320 - 01:12:00)(time 4498 - 01:14:58) ->    25(time 4581 - 01:16:21)(time 4739 - 01:18:59) ->    24(time 4858 - 01:20:58)(time 5025 - 01:23:45) ->    23(time 5144 - 01:25:44)(time 5330 - 01:28:50) ->    22(time 5860 - 01:37:40)(time 6040 - 01:40:40) ->    21(time 6159 - 01:42:39)(time 6326 - 01:45:26) ->    20(time 6467 - 01:47:47)(time 6467 - 01:47:47) ->    0(time 6467 - 01:47:47)(time 6634 - 01:50:34) ->    1(time 6753 - 01:52:33)(time 6933 - 01:55:33) ->    2(time 7016 - 01:56:56)(time 7202 - 02:00:02) ->    3(time 7321 - 02:02:01)(time 7488 - 02:04:48) ->    4(time 7607 - 02:06:47)(time 7765 - 02:09:25) ->    5(time 7848 - 02:10:48)(time 8026 - 02:13:46) ->    6(time 8145 - 02:15:45)(time 8327 - 02:18:47) ->    7(time 8446 - 02:20:46)(time 8626 - 02:23:46) ->    8(time 8745 - 02:25:45)(time 8926 - 02:28:46) ->    9(time 9045 - 02:30:45)(time 9208 - 02:33:28) ->    10(time 9327 - 02:35:27)(time 9485 - 02:38:05) ->    11(time 9604 - 02:40:04)(time 9762 - 02:42:42) ->    12(time 9881 - 02:44:41)(time 10041 - 02:47:21) ->    13(time 10160 - 02:49:20)(time 10316 - 02:51:56) ->    14(time 10435 - 02:53:55)(time 10595 - 02:56:35) ->    15(time 10714 - 02:58:34)(time 10899 - 03:01:39) ->    16(time 11045 - 03:04:05)(time 11226 - 03:07:06) ->    17(time 11345 - 03:09:05)(time 11508 - 03:11:48) ->    18(time 11649 - 03:14:09)(time 11805 - 03:16:45) ->    19(time 11946 - 03:19:06)(time 11946 - 03:19:06) -> 39
> Trip 1
   39(time 11946 - 03:19:06)(time 12102 - 03:21:42) ->    38(time 12221 - 03:23:41)(time 12384 - 03:26:24) ->    37(time 12467 - 03:27:47)(time 12648 - 03:30:48) ->    36(time 12767 - 03:32:47)(time 12952 - 03:35:52) ->    35(time 13071 - 03:37:51)(time 13231 - 03:40:31) ->    34(time 13350 - 03:42:30)(time 13506 - 03:45:06) ->    33(time 13625 - 03:47:05)(time 13785 - 03:49:45) ->    32(time 13904 - 03:51:44)(time 14062 - 03:54:22) ->    31(time 14181 - 03:56:21)(time 14339 - 03:58:59) ->    30(time 14458 - 04:00:58)(time 14621 - 04:03:41) ->    29(time 14740 - 04:05:40)(time 14921 - 04:08:41) ->    28(time 15040 - 04:10:40)(time 15220 - 04:13:40) ->    27(time 15339 - 04:15:39)(time 15521 - 04:18:41) ->    26(time 15640 - 04:20:40)(time 15818 - 04:23:38) ->    25(time 15901 - 04:25:01)(time 16059 - 04:27:39) ->    24(time 16178 - 04:29:38)(time 16345 - 04:32:25) ->    23(time 16464 - 04:34:24)(time 16650 - 04:37:30) ->    22(time 16767 - 04:39:27)(time 16947 - 04:42:27) ->    21(time 17374 - 04:49:34)(time 17541 - 04:52:21) ->    20(time 17682 - 04:54:42)(time 17682 - 04:54:42) ->    0(time 17801 - 04:56:41)(time 17968 - 04:59:28) ->    1(time 18087 - 05:01:27)(time 18267 - 05:04:27) ->    2(time 18386 - 05:06:26)(time 18572 - 05:09:32) ->    3(time 18691 - 05:11:31)(time 18858 - 05:14:18) ->    4(time 18977 - 05:16:17)(time 19135 - 05:18:55) ->    5(time 19218 - 05:20:18)(time 19396 - 05:23:16) ->    6(time 19515 - 05:25:15)(time 19697 - 05:28:17) ->    7(time 19816 - 05:30:16)(time 19996 - 05:33:16) ->    8(time 20115 - 05:35:15)(time 20296 - 05:38:16) ->    9(time 20415 - 05:40:15)(time 20578 - 05:42:58) ->    10(time 20697 - 05:44:57)(time 20855 - 05:47:35) ->    11(time 20974 - 05:49:34)(time 21132 - 05:52:12) ->    12(time 21251 - 05:54:11)(time 21411 - 05:56:51) ->    13(time 21530 - 05:58:50)(time 21686 - 06:01:26) ->    14(time 21805 - 06:03:25)(time 21965 - 06:06:05) ->    15(time 22084 - 06:08:04)(time 22269 - 06:11:09) ->    16(time 22388 - 06:13:08)(time 22569 - 06:16:09) ->    17(time 22652 - 06:17:32)(time 22815 - 06:20:15) ->    18(time 22990 - 06:23:10)(time 23146 - 06:25:46) ->    19(time 23287 - 06:28:07)(time 23287 - 06:28:07) -> 39
> Trip 2
   39(time 23287 - 06:28:07)(time 23443 - 06:30:43) ->    38(time 23562 - 06:32:42)(time 23725 - 06:35:25) ->    37(time 23844 - 06:37:24)(time 24025 - 06:40:25) ->    36(time 24144 - 06:42:24)(time 24329 - 06:45:29) ->    35(time 24448 - 06:47:28)(time 24608 - 06:50:08) ->    34(time 24727 - 06:52:07)(time 24883 - 06:54:43) ->    33(time 25002 - 06:56:42)(time 25162 - 06:59:22) ->    32(time 25281 - 07:01:21)(time 25439 - 07:03:59) ->    31(time 25558 - 07:05:58)(time 25716 - 07:08:36) ->    30(time 25835 - 07:10:35)(time 25998 - 07:13:18) ->    29(time 26117 - 07:15:17)(time 26298 - 07:18:18) ->    28(time 26417 - 07:20:17)(time 26597 - 07:23:17) ->    27(time 26716 - 07:25:16)(time 26898 - 07:28:18) ->    26(time 27017 - 07:30:17)(time 27195 - 07:33:15) ->    25(time 27278 - 07:34:38)(time 27436 - 07:37:16) ->    24(time 27555 - 07:39:15)(time 27722 - 07:42:02) ->    23(time 27841 - 07:44:01)(time 28027 - 07:47:07) ->    22(time 28110 - 07:48:30)(time 28290 - 07:51:30) ->    21(time 28431 - 07:53:51)(time 28598 - 07:56:38) ->    20(time 28739 - 07:58:59)(time 28739 - 07:58:59) ->    0(time 28739 - 07:58:59)(time 28906 - 08:01:46) ->    1(time 29025 - 08:03:45)(time 29205 - 08:06:45) ->    2(time 29324 - 08:08:44)(time 29510 - 08:11:50) ->    3(time 29629 - 08:13:49)(time 29796 - 08:16:36) ->    4(time 29915 - 08:18:35)(time 30073 - 08:21:13) ->    5(time 30156 - 08:22:36)(time 30334 - 08:25:34) ->    6(time 30453 - 08:27:33)(time 30635 - 08:30:35) ->    7(time 30754 - 08:32:34)(time 30934 - 08:35:34) ->    8(time 31053 - 08:37:33)(time 31234 - 08:40:34) ->    9(time 31353 - 08:42:33)(time 31516 - 08:45:16) ->    10(time 31635 - 08:47:15)(time 31793 - 08:49:53) ->    11(time 31912 - 08:51:52)(time 32070 - 08:54:30) ->    12(time 32189 - 08:56:29)(time 32349 - 08:59:09) ->    13(time 32468 - 09:01:08)(time 32624 - 09:03:44) ->    14(time 32743 - 09:05:43)(time 32903 - 09:08:23) ->    15(time 33022 - 09:10:22)(time 33207 - 09:13:27) ->    16(time 33326 - 09:15:26)(time 33507 - 09:18:27) ->    17(time 33590 - 09:19:50)(time 33753 - 09:22:33) ->    18(time 33894 - 09:24:54)(time 34050 - 09:27:30) ->    19(time 34191 - 09:29:51)(time 34191 - 09:29:51) -> 39
=============
Train 3
=============
> Trip 0
   39(time 12065 - 03:21:05)(time 12221 - 03:23:41) ->    38(time 12340 - 03:25:40)(time 12503 - 03:28:23) ->    37(time 12586 - 03:29:46)(time 12767 - 03:32:47) ->    36(time 12886 - 03:34:46)(time 13071 - 03:37:51) ->    35(time 13190 - 03:39:50)(time 13350 - 03:42:30) ->    34(time 13469 - 03:44:29)(time 13625 - 03:47:05) ->    33(time 13744 - 03:49:04)(time 13904 - 03:51:44) ->    32(time 14023 - 03:53:43)(time 14181 - 03:56:21) ->    31(time 14300 - 03:58:20)(time 14458 - 04:00:58) ->    30(time 14577 - 04:02:57)(time 14740 - 04:05:40) ->    29(time 14859 - 04:07:39)(time 15040 - 04:10:40) ->    28(time 15159 - 04:12:39)(time 15339 - 04:15:39) ->    27(time 15458 - 04:17:38)(time 15640 - 04:20:40) ->    26(time 15759 - 04:22:39)(time 15937 - 04:25:37) ->    25(time 16020 - 04:27:00)(time 16178 - 04:29:38) ->    24(time 16297 - 04:31:37)(time 16464 - 04:34:24) ->    23(time 16583 - 04:36:23)(time 16769 - 04:39:29) ->    22(time 17216 - 04:46:56)(time 17396 - 04:49:56) ->    21(time 17515 - 04:51:55)(time 17682 - 04:54:42) ->    20(time 17920 - 04:58:40)(time 17920 - 04:58:40) ->    0(time 17920 - 04:58:40)(time 18087 - 05:01:27) ->    1(time 18206 - 05:03:26)(time 18386 - 05:06:26) ->    2(time 18916 - 05:15:16)(time 19102 - 05:18:22) ->    3(time 19632 - 05:27:12)(time 19799 - 05:29:59) ->    4(time 20014 - 05:33:34)(time 20172 - 05:36:12) ->    5(time 20255 - 05:37:35)(time 20433 - 05:40:33) ->    6(time 20552 - 05:42:32)(time 20734 - 05:45:34) ->    7(time 20853 - 05:47:33)(time 21033 - 05:50:33) ->    8(time 21152 - 05:52:32)(time 21333 - 05:55:33) ->    9(time 21452 - 05:57:32)(time 21615 - 06:00:15) ->    10(time 21734 - 06:02:14)(time 21892 - 06:04:52) ->    11(time 22011 - 06:06:51)(time 22169 - 06:09:29) ->    12(time 22288 - 06:11:28)(time 22448 - 06:14:08) ->    13(time 22567 - 06:16:07)(time 22723 - 06:18:43) ->    14(time 22842 - 06:20:42)(time 23002 - 06:23:22) ->    15(time 23121 - 06:25:21)(time 23306 - 06:28:26) ->    16(time 23425 - 06:30:25)(time 23606 - 06:33:26) ->    17(time 23725 - 06:35:25)(time 23888 - 06:38:08) ->    18(time 24007 - 06:40:07)(time 24163 - 06:42:43) ->    19(time 24304 - 06:45:04)(time 24304 - 06:45:04) -> 39
> Trip 1
   39(time 24304 - 06:45:04)(time 24460 - 06:47:40) ->    38(time 24579 - 06:49:39)(time 24742 - 06:52:22) ->    37(time 24825 - 06:53:45)(time 25006 - 06:56:46) ->    36(time 25125 - 06:58:45)(time 25310 - 07:01:50) ->    35(time 25507 - 07:05:07)(time 25667 - 07:07:47) ->    34(time 25786 - 07:09:46)(time 25942 - 07:12:22) ->    33(time 26061 - 07:14:21)(time 26221 - 07:17:01) ->    32(time 26340 - 07:19:00)(time 26498 - 07:21:38) ->    31(time 26617 - 07:23:37)(time 26775 - 07:26:15) ->    30(time 26894 - 07:28:14)(time 27057 - 07:30:57) ->    29(time 27176 - 07:32:56)(time 27357 - 07:35:57) ->    28(time 27476 - 07:37:56)(time 27656 - 07:40:56) ->    27(time 27775 - 07:42:55)(time 27957 - 07:45:57) ->    26(time 28076 - 07:47:56)(time 28254 - 07:50:54) ->    25(time 28337 - 07:52:17)(time 28495 - 07:54:55) ->    24(time 28614 - 07:56:54)(time 28781 - 07:59:41) ->    23(time 28900 - 08:01:40)(time 29086 - 08:04:46) ->    22(time 29205 - 08:06:45)(time 29385 - 08:09:45) ->    21(time 29504 - 08:11:44)(time 29671 - 08:14:31) ->    20(time 29812 - 08:16:52)(time 29812 - 08:16:52) ->    0(time 29812 - 08:16:52)(time 29979 - 08:19:39) ->    1(time 30098 - 08:21:38)(time 30278 - 08:24:38) ->    2(time 30361 - 08:26:01)(time 30547 - 08:29:07) ->    3(time 30666 - 08:31:06)(time 30833 - 08:33:53) ->    4(time 30952 - 08:35:52)(time 31110 - 08:38:30) ->    5(time 31193 - 08:39:53)(time 31371 - 08:42:51) ->    6(time 31490 - 08:44:50)(time 31672 - 08:47:52) ->    7(time 31791 - 08:49:51)(time 31971 - 08:52:51) ->    8(time 32090 - 08:54:50)(time 32271 - 08:57:51) ->    9(time 32390 - 08:59:50)(time 32553 - 09:02:33) ->    10(time 32672 - 09:04:32)(time 32830 - 09:07:10) ->    11(time 32949 - 09:09:09)(time 33107 - 09:11:47) ->    12(time 33226 - 09:13:46)(time 33386 - 09:16:26) ->    13(time 33505 - 09:18:25)(time 33661 - 09:21:01) ->    14(time 33780 - 09:23:00)(time 33940 - 09:25:40) ->    15(time 34059 - 09:27:39)(time 34244 - 09:30:44) ->    16(time 34363 - 09:32:43)(time 34544 - 09:35:44) ->    17(time 34627 - 09:37:07)(time 34790 - 09:39:50) ->    18(time 34909 - 09:41:49)(time 35065 - 09:44:25) ->    19(time 35206 - 09:46:46)(time 35206 - 09:46:46) -> 39
> Trip 2
   39(time 35206 - 09:46:46)(time 35362 - 09:49:22) ->    38(time 35481 - 09:51:21)(time 35644 - 09:54:04) ->    37(time 35727 - 09:55:27)(time 35908 - 09:58:28) ->    36(time 36027 - 10:00:27)(time 36212 - 10:03:32) ->    35(time 36331 - 10:05:31)(time 36491 - 10:08:11) ->    34(time 36610 - 10:10:10)(time 36766 - 10:12:46) ->    33(time 36885 - 10:14:45)(time 37045 - 10:17:25) ->    32(time 37164 - 10:19:24)(time 37322 - 10:22:02) ->    31(time 37441 - 10:24:01)(time 37599 - 10:26:39) ->    30(time 37718 - 10:28:38)(time 37881 - 10:31:21) ->    29(time 38000 - 10:33:20)(time 38181 - 10:36:21) ->    28(time 38300 - 10:38:20)(time 38480 - 10:41:20) ->    27(time 38599 - 10:43:19)(time 38781 - 10:46:21) ->    26(time 38900 - 10:48:20)(time 39078 - 10:51:18) ->    25(time 39161 - 10:52:41)(time 39319 - 10:55:19) ->    24(time 39438 - 10:57:18)(time 39605 - 11:00:05) ->    23(time 39724 - 11:02:04)(time 39910 - 11:05:10) ->    22(time 39993 - 11:06:33)(time 40173 - 11:09:33) ->    21(time 40292 - 11:11:32)(time 40459 - 11:14:19) ->    20(time 40600 - 11:16:40)(time 40600 - 11:16:40) ->    0(time 40600 - 11:16:40)(time 40767 - 11:19:27) ->    1(time 40886 - 11:21:26)(time 41066 - 11:24:26) ->    2(time 41149 - 11:25:49)(time 41335 - 11:28:55) ->    3(time 41454 - 11:30:54)(time 41621 - 11:33:41) ->    4(time 41740 - 11:35:40)(time 41898 - 11:38:18) ->    5(time 41981 - 11:39:41)(time 42159 - 11:42:39) ->    6(time 42278 - 11:44:38)(time 42460 - 11:47:40) ->    7(time 42579 - 11:49:39)(time 42759 - 11:52:39) ->    8(time 42878 - 11:54:38)(time 43059 - 11:57:39) ->    9(time 43178 - 11:59:38)(time 43341 - 12:02:21) ->    10(time 43460 - 12:04:20)(time 43618 - 12:06:58) ->    11(time 43737 - 12:08:57)(time 43895 - 12:11:35) ->    12(time 44014 - 12:13:34)(time 44174 - 12:16:14) ->    13(time 44293 - 12:18:13)(time 44449 - 12:20:49) ->    14(time 44568 - 12:22:48)(time 44728 - 12:25:28) ->    15(time 44847 - 12:27:27)(time 45032 - 12:30:32) ->    16(time 45151 - 12:32:31)(time 45332 - 12:35:32) ->    17(time 45415 - 12:36:55)(time 45578 - 12:39:38) ->    18(time 45697 - 12:41:37)(time 45853 - 12:44:13) ->    19(time 45994 - 12:46:34)(time 45994 - 12:46:34) -> 39
=============
Train 4
=============
> Trip 0
   39(time 12294 - 03:24:54)(time 12450 - 03:27:30) ->    38(time 12569 - 03:29:29)(time 12732 - 03:32:12) ->    37(time 12815 - 03:33:35)(time 12996 - 03:36:36) ->    36(time 13115 - 03:38:35)(time 13300 - 03:41:40) ->    35(time 13830 - 03:50:30)(time 13990 - 03:53:10) ->    34(time 14520 - 04:02:00)(time 14676 - 04:04:36) ->    33(time 14795 - 04:06:35)(time 14955 - 04:09:15) ->    32(time 15074 - 04:11:14)(time 15232 - 04:13:52) ->    31(time 15351 - 04:15:51)(time 15509 - 04:18:29) ->    30(time 15628 - 04:20:28)(time 15791 - 04:23:11) ->    29(time 15910 - 04:25:10)(time 16091 - 04:28:11) ->    28(time 16210 - 04:30:10)(time 16390 - 04:33:10) ->    27(time 16509 - 04:35:09)(time 16691 - 04:38:11) ->    26(time 16810 - 04:40:10)(time 16988 - 04:43:08) ->    25(time 17518 - 04:51:58)(time 17676 - 04:54:36) ->    24(time 17795 - 04:56:35)(time 17962 - 04:59:22) ->    23(time 18081 - 05:01:21)(time 18267 - 05:04:27) ->    22(time 18386 - 05:06:26)(time 18566 - 05:09:26) ->    21(time 18685 - 05:11:25)(time 18852 - 05:14:12) ->    20(time 18993 - 05:16:33)(time 18993 - 05:16:33) ->    0(time 18993 - 05:16:33)(time 19160 - 05:19:20) ->    1(time 19279 - 05:21:19)(time 19459 - 05:24:19) ->    2(time 19542 - 05:25:42)(time 19728 - 05:28:48) ->    3(time 19847 - 05:30:47)(time 20014 - 05:33:34) ->    4(time 20133 - 05:35:33)(time 20291 - 05:38:11) ->    5(time 20374 - 05:39:34)(time 20552 - 05:42:32) ->    6(time 20671 - 05:44:31)(time 20853 - 05:47:33) ->    7(time 20972 - 05:49:32)(time 21152 - 05:52:32) ->    8(time 21271 - 05:54:31)(time 21452 - 05:57:32) ->    9(time 21571 - 05:59:31)(time 21734 - 06:02:14) ->    10(time 21853 - 06:04:13)(time 22011 - 06:06:51) ->    11(time 22130 - 06:08:50)(time 22288 - 06:11:28) ->    12(time 22407 - 06:13:27)(time 22567 - 06:16:07) ->    13(time 22686 - 06:18:06)(time 22842 - 06:20:42) ->    14(time 22961 - 06:22:41)(time 23121 - 06:25:21) ->    15(time 23240 - 06:27:20)(time 23425 - 06:30:25) ->    16(time 23544 - 06:32:24)(time 23725 - 06:35:25) ->    17(time 23866 - 06:37:46)(time 24029 - 06:40:29) ->    18(time 24148 - 06:42:28)(time 24304 - 06:45:04) ->    19(time 24445 - 06:47:25)(time 24445 - 06:47:25) -> 39
> Trip 1
   39(time 24445 - 06:47:25)(time 24601 - 06:50:01) ->    38(time 24776 - 06:52:56)(time 24939 - 06:55:39) ->    37(time 25022 - 06:57:02)(time 25203 - 07:00:03) ->    36(time 25322 - 07:02:02)(time 25507 - 07:05:07) ->    35(time 25626 - 07:07:06)(time 25786 - 07:09:46) ->    34(time 25905 - 07:11:45)(time 26061 - 07:14:21) ->    33(time 26180 - 07:16:20)(time 26340 - 07:19:00) ->    32(time 26459 - 07:20:59)(time 26617 - 07:23:37) ->    31(time 26736 - 07:25:36)(time 26894 - 07:28:14) ->    30(time 27013 - 07:30:13)(time 27176 - 07:32:56) ->    29(time 27295 - 07:34:55)(time 27476 - 07:37:56) ->    28(time 27595 - 07:39:55)(time 27775 - 07:42:55) ->    27(time 27894 - 07:44:54)(time 28076 - 07:47:56) ->    26(time 28195 - 07:49:55)(time 28373 - 07:52:53) ->    25(time 28456 - 07:54:16)(time 28614 - 07:56:54) ->    24(time 28733 - 07:58:53)(time 28900 - 08:01:40) ->    23(time 29019 - 08:03:39)(time 29205 - 08:06:45) ->    22(time 29324 - 08:08:44)(time 29504 - 08:11:44) ->    21(time 29645 - 08:14:05)(time 29812 - 08:16:52) ->    20(time 29953 - 08:19:13)(time 29953 - 08:19:13) ->    0(time 29953 - 08:19:13)(time 30120 - 08:22:00) ->    1(time 30239 - 08:23:59)(time 30419 - 08:26:59) ->    2(time 30502 - 08:28:22)(time 30688 - 08:31:28) ->    3(time 30807 - 08:33:27)(time 30974 - 08:36:14) ->    4(time 31093 - 08:38:13)(time 31251 - 08:40:51) ->    5(time 31334 - 08:42:14)(time 31512 - 08:45:12) ->    6(time 31631 - 08:47:11)(time 31813 - 08:50:13) ->    7(time 31932 - 08:52:12)(time 32112 - 08:55:12) ->    8(time 32231 - 08:57:11)(time 32412 - 09:00:12) ->    9(time 32531 - 09:02:11)(time 32694 - 09:04:54) ->    10(time 32813 - 09:06:53)(time 32971 - 09:09:31) ->    11(time 33090 - 09:11:30)(time 33248 - 09:14:08) ->    12(time 33367 - 09:16:07)(time 33527 - 09:18:47) ->    13(time 33646 - 09:20:46)(time 33802 - 09:23:22) ->    14(time 33921 - 09:25:21)(time 34081 - 09:28:01) ->    15(time 34200 - 09:30:00)(time 34385 - 09:33:05) ->    16(time 34504 - 09:35:04)(time 34685 - 09:38:05) ->    17(time 34768 - 09:39:28)(time 34931 - 09:42:11) ->    18(time 35050 - 09:44:10)(time 35206 - 09:46:46) ->    19(time 35347 - 09:49:07)(time 35347 - 09:49:07) -> 39
> Trip 2
   39(time 35347 - 09:49:07)(time 35503 - 09:51:43) ->    38(time 35622 - 09:53:42)(time 35785 - 09:56:25) ->    37(time 35868 - 09:57:48)(time 36049 - 10:00:49) ->    36(time 36168 - 10:02:48)(time 36353 - 10:05:53) ->    35(time 36472 - 10:07:52)(time 36632 - 10:10:32) ->    34(time 36751 - 10:12:31)(time 36907 - 10:15:07) ->    33(time 37026 - 10:17:06)(time 37186 - 10:19:46) ->    32(time 37305 - 10:21:45)(time 37463 - 10:24:23) ->    31(time 37582 - 10:26:22)(time 37740 - 10:29:00) ->    30(time 37859 - 10:30:59)(time 38022 - 10:33:42) ->    29(time 38141 - 10:35:41)(time 38322 - 10:38:42) ->    28(time 38441 - 10:40:41)(time 38621 - 10:43:41) ->    27(time 38740 - 10:45:40)(time 38922 - 10:48:42) ->    26(time 39041 - 10:50:41)(time 39219 - 10:53:39) ->    25(time 39302 - 10:55:02)(time 39460 - 10:57:40) ->    24(time 39579 - 10:59:39)(time 39746 - 11:02:26) ->    23(time 39865 - 11:04:25)(time 40051 - 11:07:31) ->    22(time 40134 - 11:08:54)(time 40314 - 11:11:54) ->    21(time 40433 - 11:13:53)(time 40600 - 11:16:40) ->    20(time 40741 - 11:19:01)(time 40741 - 11:19:01) ->    0(time 40741 - 11:19:01)(time 40908 - 11:21:48) ->    1(time 41027 - 11:23:47)(time 41207 - 11:26:47) ->    2(time 41290 - 11:28:10)(time 41476 - 11:31:16) ->    3(time 41595 - 11:33:15)(time 41762 - 11:36:02) ->    4(time 41881 - 11:38:01)(time 42039 - 11:40:39) ->    5(time 42122 - 11:42:02)(time 42300 - 11:45:00) ->    6(time 42419 - 11:46:59)(time 42601 - 11:50:01) ->    7(time 42720 - 11:52:00)(time 42900 - 11:55:00) ->    8(time 43019 - 11:56:59)(time 43200 - 12:00:00) ->    9(time 43319 - 12:01:59)(time 43482 - 12:04:42) ->    10(time 43601 - 12:06:41)(time 43759 - 12:09:19) ->    11(time 43878 - 12:11:18)(time 44036 - 12:13:56) ->    12(time 44155 - 12:15:55)(time 44315 - 12:18:35) ->    13(time 44434 - 12:20:34)(time 44590 - 12:23:10) ->    14(time 44709 - 12:25:09)(time 44869 - 12:27:49) ->    15(time 44988 - 12:29:48)(time 45173 - 12:32:53) ->    16(time 45292 - 12:34:52)(time 45473 - 12:37:53) ->    17(time 45556 - 12:39:16)(time 45719 - 12:41:59) ->    18(time 45838 - 12:43:58)(time 45994 - 12:46:34) ->    19(time 46135 - 12:48:55)(time 46135 - 12:48:55) -> 39
