t5p5r2h5.txt:
   > Trying to open the instance file...
   > Reading number of trains...
   > Reading maximum number of trips per train...
   > Reading time intervals...
   > Reading number of points...
   > Reading stations...
   > Reading crossings...
   > Reading depots...
   > Reading initial point...
   > Reading routes...
   > Reading distance and distance and service...
   > Reading demands...
   > Reading maximum time...
   > Reading alpha...

--------------------------------
 Printing instance
--------------------------------
number of trains = 5
	max trips per trains: 3     3     3     3     3
number of intervals = 5
	(0,  10077)	(10078,  20154)	(20155,  30231)	(30232,  40308)	(40309,  50387)
number of points = 5
	initial point: 4
	stations: 0     1     2     3     4
	crossings: 0     4
	depots: 0     4
number of vertices = 10
	total vertices: 0     1     2     3     4     5     6     7     8     9
	upper vertices: 0     1     2     3     4
	lower vertices: 5     6     7     8     9
	vertices of point #0: (0, 5)
	vertices of point #1: (1, 6)
	vertices of point #2: (2, 7)
	vertices of point #3: (3, 8)
	vertices of point #4: (4, 9)

arcs...
	total arcs: 
		arc #0: (0, 1)
		arc #1: (0, 5)
		arc #2: (5, 0)
		arc #3: (1, 2)
		arc #4: (6, 5)
		arc #5: (2, 3)
		arc #6: (7, 6)
		arc #7: (3, 4)
		arc #8: (8, 7)
		arc #9: (9, 8)
		arc #10: (4, 9)
		arc #11: (9, 4)

	reverse arcs: 
		arc #1: (0, 5)
		arc #2: (5, 0)
		arc #10: (4, 9)
		arc #11: (9, 4)


incompatible points...
	(0, 3, 9, (3, 4))	(9, 6, 0, (6, 5))

number of routes = 2
vertices of routes...
	route #0: 0     1     2     3     4     9     8     7     6     5     0
	route #1: 9     8     7     6     5     0     1     2     3     4     9
arcs of routes...
	route #0: 0     3     5     7    10     9     8     6     4     2
	route #1: 9     8     6     4     2     0     3     5     7    10

incompatible routes...
	(0, 1)    	(1, 0)

vertices that can be adjacent in consecutive trips...
	(0, 0)    	(9, 9)
non cyclical routes: 


routes of trip...
	routes that train #0 can complete at trip #0: 1
	routes that train #0 can complete at trip #1: 0       1
	routes that train #0 can complete at trip #2: 0       1

	routes that train #1 can complete at trip #0: 1
	routes that train #1 can complete at trip #1: 0       1
	routes that train #1 can complete at trip #2: 0       1

	routes that train #2 can complete at trip #0: 1
	routes that train #2 can complete at trip #1: 0       1
	routes that train #2 can complete at trip #2: 0       1

	routes that train #3 can complete at trip #0: 1
	routes that train #3 can complete at trip #1: 0       1
	routes that train #3 can complete at trip #2: 0       1

	routes that train #4 can complete at trip #0: 1
	routes that train #4 can complete at trip #1: 0       1
	routes that train #4 can complete at trip #2: 0       1

 cost...
	arc #0 [0][1]: 849
	arc #1 [0][5]: 0
	arc #2 [5][0]: 0
	arc #3 [1][2]: 851
	arc #4 [6][5]: 849
	arc #5 [2][3]: 871
	arc #6 [7][6]: 851
	arc #7 [3][4]: 858
	arc #8 [8][7]: 871
	arc #9 [9][8]: 858
	arc #10 [4][9]: 0
	arc #11 [9][4]: 0

cost with minimum service...
	arc #0 [0][1]: 939
	arc #1 [0][5]: 0
	arc #2 [5][0]: 0
	arc #3 [1][2]: 941
	arc #4 [6][5]: 1019
	arc #5 [2][3]: 961
	arc #6 [7][6]: 941
	arc #7 [3][4]: 1028
	arc #8 [8][7]: 961
	arc #9 [9][8]: 948
	arc #10 [4][9]: 0
	arc #11 [9][4]: 0

cost with maximum service...
	arc #0 [0][1]: 1399
	arc #1 [0][5]: 550
	arc #2 [5][0]: 550
	arc #3 [1][2]: 1401
	arc #4 [6][5]: 1399
	arc #5 [2][3]: 1421
	arc #6 [7][6]: 1401
	arc #7 [3][4]: 1408
	arc #8 [8][7]: 1421
	arc #9 [9][8]: 1408
	arc #10 [4][9]: 550
	arc #11 [9][4]: 550

demands...
	demands of vertex 0 at time interval: 2     2     2     2     2
	demands of vertex 1 at time interval: 2     2     2     2     2
	demands of vertex 2 at time interval: 2     2     2     2     2
	demands of vertex 3 at time interval: 2     2     2     2     2
	demands of vertex 4 at time interval: 0     0     0     0     0
	demands of vertex 5 at time interval: 0     0     0     0     0
	demands of vertex 6 at time interval: 2     2     2     2     2
	demands of vertex 7 at time interval: 2     2     2     2     2
	demands of vertex 8 at time interval: 2     2     2     2     2
	demands of vertex 9 at time interval: 2     2     2     2     2

maximum time = 50387
alpha = 77

Selecting set of cyclical routes...

Selecting set of initial routes...

Creating initial set of candidate combinations...
Solving candidate combinations...

Found new best - 1/1 candidate combination(s) tested! (Thread 0)

Removing trips...

Solving candidate combinations...

1/5 candidate combination(s) tested! (Thread 0)
2/5 candidate combination(s) tested! (Thread 0)
3/5 candidate combination(s) tested! (Thread 0)
4/5 candidate combination(s) tested! (Thread 0)
5/5 candidate combination(s) tested! (Thread 0)

Relaxing trips, so the model can make changes...

>> Printing some results...
    -> Solution value = 37451 - 10:24:11
    -> Total time = 2402.33

=============
Train 0
=============
> Trip 0
   9(time 21226 - 05:53:46)(time 22084 - 06:08:04) ->    8(time 22174 - 06:09:34)(time 23045 - 06:24:05) ->    7(time 23135 - 06:25:35)(time 23986 - 06:39:46) ->    6(time 24076 - 06:41:16)(time 24925 - 06:55:25) ->    5(time 25475 - 07:04:35)(time 25475 - 07:04:35) ->    0(time 26025 - 07:13:45)(time 26874 - 07:27:54) ->    1(time 27424 - 07:37:04)(time 28275 - 07:51:15) ->    2(time 28811 - 08:00:11)(time 29682 - 08:14:42) ->    3(time 30232 - 08:23:52)(time 31090 - 08:38:10) ->    4(time 31260 - 08:41:00)(time 31260 - 08:41:00) -> 9
> Trip 1
   9(time 31260 - 08:41:00)(time 32118 - 08:55:18) ->    8(time 32208 - 08:56:48)(time 33079 - 09:11:19) ->    7(time 33169 - 09:12:49)(time 34020 - 09:27:00) ->    6(time 34110 - 09:28:30)(time 34959 - 09:42:39) ->    5(time 35129 - 09:45:29)(time 35129 - 09:45:29) ->    0(time 35299 - 09:48:19)(time 36148 - 10:02:28) ->    1(time 36238 - 10:03:58)(time 37089 - 10:18:09) ->    2(time 37179 - 10:19:39)(time 38050 - 10:34:10) ->    3(time 38140 - 10:35:40)(time 38998 - 10:49:58) ->    4(time 39190 - 10:53:10)(time 39190 - 10:53:10) -> 9
> Trip 2
   9(time 39360 - 10:56:00)(time 40218 - 11:10:18) ->    8(time 40308 - 11:11:48)(time 41179 - 11:26:19) ->    7(time 41269 - 11:27:49)(time 42120 - 11:42:00) ->    6(time 42229 - 11:43:49)(time 43078 - 11:57:58) ->    5(time 43628 - 12:07:08)(time 43628 - 12:07:08) ->    0(time 44178 - 12:16:18)(time 45027 - 12:30:27) ->    1(time 45117 - 12:31:57)(time 45968 - 12:46:08) ->    2(time 46058 - 12:47:38)(time 46929 - 13:02:09) ->    3(time 47019 - 13:03:39)(time 47877 - 13:17:57) ->    4(time 48047 - 13:20:47)(time 48047 - 13:20:47) -> 9
=============
Train 1
=============
> Trip 0
   9(time 11105 - 03:05:05)(time 11963 - 03:19:23) ->    8(time 12053 - 03:20:53)(time 12924 - 03:35:24) ->    7(time 13014 - 03:36:54)(time 13865 - 03:51:05) ->    6(time 13955 - 03:52:35)(time 14804 - 04:06:44) ->    5(time 14974 - 04:09:34)(time 14974 - 04:09:34) ->    0(time 15144 - 04:12:24)(time 15993 - 04:26:33) ->    1(time 16083 - 04:28:03)(time 16934 - 04:42:14) ->    2(time 17024 - 04:43:44)(time 17895 - 04:58:15) ->    3(time 17985 - 04:59:45)(time 18843 - 05:14:03) ->    4(time 19013 - 05:16:53)(time 19013 - 05:16:53) -> 9
> Trip 1
   9(time 19206 - 05:20:06)(time 20064 - 05:34:24) ->    8(time 20154 - 05:35:54)(time 21025 - 05:50:25) ->    7(time 21575 - 05:59:35)(time 22426 - 06:13:46) ->    6(time 22976 - 06:22:56)(time 23825 - 06:37:05) ->    5(time 24375 - 06:46:15)(time 24375 - 06:46:15) ->    0(time 24925 - 06:55:25)(time 25774 - 07:09:34) ->    1(time 26002 - 07:13:22)(time 26853 - 07:27:33) ->    2(time 27403 - 07:36:43)(time 28274 - 07:51:14) ->    3(time 28824 - 08:00:24)(time 29682 - 08:14:42) ->    4(time 30232 - 08:23:52)(time 30232 - 08:23:52) -> 9
> Trip 2
   9(time 31600 - 08:46:40)(time 32458 - 09:00:58) ->    8(time 32548 - 09:02:28)(time 33419 - 09:16:59) ->    7(time 33509 - 09:18:29)(time 34360 - 09:32:40) ->    6(time 34450 - 09:34:10)(time 35299 - 09:48:19) ->    5(time 35469 - 09:51:09)(time 35469 - 09:51:09) ->    0(time 35661 - 09:54:21)(time 36510 - 10:08:30) ->    1(time 36600 - 10:10:00)(time 37451 - 10:24:11) ->    2(time 37541 - 10:25:41)(time 38412 - 10:40:12) ->    3(time 38502 - 10:41:42)(time 39360 - 10:56:00) ->    4(time 39910 - 11:05:10)(time 39910 - 11:05:10) -> 9
=============
Train 2
=============
> Trip 0
   9(time 3027 - 00:50:27)(time 3885 - 01:04:45) ->    8(time 3975 - 01:06:15)(time 4846 - 01:20:46) ->    7(time 4936 - 01:22:16)(time 5787 - 01:36:27) ->    6(time 5877 - 01:37:57)(time 6726 - 01:52:06) ->    5(time 6896 - 01:54:56)(time 6896 - 01:54:56) ->    0(time 7066 - 01:57:46)(time 7915 - 02:11:55) ->    1(time 8005 - 02:13:25)(time 8856 - 02:27:36) ->    2(time 8946 - 02:29:06)(time 9817 - 02:43:37) ->    3(time 9907 - 02:45:07)(time 10765 - 02:59:25) ->    4(time 10935 - 03:02:15)(time 10935 - 03:02:15) -> 9
> Trip 1
   9(time 20676 - 05:44:36)(time 21534 - 05:58:54) ->    8(time 21624 - 06:00:24)(time 22495 - 06:14:55) ->    7(time 22585 - 06:16:25)(time 23436 - 06:30:36) ->    6(time 23526 - 06:32:06)(time 24375 - 06:46:15) ->    5(time 24925 - 06:55:25)(time 24925 - 06:55:25) ->    0(time 25153 - 06:59:13)(time 26002 - 07:13:22) ->    1(time 26552 - 07:22:32)(time 27403 - 07:36:43) ->    2(time 27953 - 07:45:53)(time 28824 - 08:00:24) ->    3(time 29374 - 08:09:34)(time 30232 - 08:23:52) ->    4(time 30402 - 08:26:42)(time 30402 - 08:26:42) -> 9
> Trip 2
   9(time 40309 - 11:11:49)(time 41167 - 11:26:07) ->    8(time 41257 - 11:27:37)(time 42128 - 11:42:08) ->    7(time 42218 - 11:43:38)(time 43069 - 11:57:49) ->    6(time 43159 - 11:59:19)(time 44008 - 12:13:28) ->    5(time 44178 - 12:16:18)(time 44178 - 12:16:18) ->    0(time 44268 - 12:17:48)(time 45117 - 12:31:57) ->    1(time 45207 - 12:33:27)(time 46058 - 12:47:38) ->    2(time 46228 - 12:50:28)(time 47099 - 13:04:59) ->    3(time 47189 - 13:06:29)(time 48047 - 13:20:47) ->    4(time 48217 - 13:23:37)(time 48217 - 13:23:37) -> 9
=============
Train 3
=============
> Trip 0
   9(time 3197 - 00:53:17)(time 4055 - 01:07:35) ->    8(time 4145 - 01:09:05)(time 5016 - 01:23:36) ->    7(time 5106 - 01:25:06)(time 5957 - 01:39:17) ->    6(time 6047 - 01:40:47)(time 6896 - 01:54:56) ->    5(time 7066 - 01:57:46)(time 7066 - 01:57:46) ->    0(time 7156 - 01:59:16)(time 8005 - 02:13:25) ->    1(time 8095 - 02:14:55)(time 8946 - 02:29:06) ->    2(time 9036 - 02:30:36)(time 9907 - 02:45:07) ->    3(time 10077 - 02:47:57)(time 10935 - 03:02:15) ->    4(time 11105 - 03:05:05)(time 11105 - 03:05:05) -> 9
> Trip 1
   9(time 11195 - 03:06:35)(time 12053 - 03:20:53) ->    8(time 12143 - 03:22:23)(time 13014 - 03:36:54) ->    7(time 13184 - 03:39:44)(time 14035 - 03:53:55) ->    6(time 14125 - 03:55:25)(time 14974 - 04:09:34) ->    5(time 15144 - 04:12:24)(time 15144 - 04:12:24) ->    0(time 15314 - 04:15:14)(time 16163 - 04:29:23) ->    1(time 16253 - 04:30:53)(time 17104 - 04:45:04) ->    2(time 17194 - 04:46:34)(time 18065 - 05:01:05) ->    3(time 18155 - 05:02:35)(time 19013 - 05:16:53) ->    4(time 19183 - 05:19:43)(time 19183 - 05:19:43) -> 9
> Trip 2
   9(time 40479 - 11:14:39)(time 41337 - 11:28:57) ->    8(time 41427 - 11:30:27)(time 42298 - 11:44:58) ->    7(time 42388 - 11:46:28)(time 43239 - 12:00:39) ->    6(time 43329 - 12:02:09)(time 44178 - 12:16:18) ->    5(time 44348 - 12:19:08)(time 44348 - 12:19:08) ->    0(time 44518 - 12:21:58)(time 45367 - 12:36:07) ->    1(time 45457 - 12:37:37)(time 46308 - 12:51:48) ->    2(time 46398 - 12:53:18)(time 47269 - 13:07:49) ->    3(time 47359 - 13:09:19)(time 48217 - 13:23:37) ->    4(time 48387 - 13:26:27)(time 48387 - 13:26:27) -> 9
=============
Train 4
=============
> Trip 0
   9(time 3287 - 00:54:47)(time 4145 - 01:09:05) ->    8(time 4315 - 01:11:55)(time 5186 - 01:26:26) ->    7(time 5276 - 01:27:56)(time 6127 - 01:42:07) ->    6(time 6217 - 01:43:37)(time 7066 - 01:57:46) ->    5(time 7236 - 02:00:36)(time 7236 - 02:00:36) ->    0(time 7246 - 02:00:46)(time 8095 - 02:14:55) ->    1(time 8345 - 02:19:05)(time 9196 - 02:33:16) ->    2(time 9286 - 02:34:46)(time 10157 - 02:49:17) ->    3(time 10247 - 02:50:47)(time 11105 - 03:05:05) ->    4(time 11275 - 03:07:55)(time 11275 - 03:07:55) -> 9
> Trip 1
   9(time 11285 - 03:08:05)(time 12143 - 03:22:23) ->    8(time 12313 - 03:25:13)(time 13184 - 03:39:44) ->    7(time 13354 - 03:42:34)(time 14205 - 03:56:45) ->    6(time 14295 - 03:58:15)(time 15144 - 04:12:24) ->    5(time 15314 - 04:15:14)(time 15314 - 04:15:14) ->    0(time 15404 - 04:16:44)(time 16253 - 04:30:53) ->    1(time 16343 - 04:32:23)(time 17194 - 04:46:34) ->    2(time 17364 - 04:49:24)(time 18235 - 05:03:55) ->    3(time 18325 - 05:05:25)(time 19183 - 05:19:43) ->    4(time 19353 - 05:22:33)(time 19353 - 05:22:33) -> 9
> Trip 2
   9(time 31430 - 08:43:50)(time 32288 - 08:58:08) ->    8(time 32378 - 08:59:38)(time 33249 - 09:14:09) ->    7(time 33339 - 09:15:39)(time 34190 - 09:29:50) ->    6(time 34280 - 09:31:20)(time 35129 - 09:45:29) ->    5(time 35299 - 09:48:19)(time 35299 - 09:48:19) ->    0(time 35389 - 09:49:49)(time 36238 - 10:03:58) ->    1(time 36328 - 10:05:28)(time 37179 - 10:19:39) ->    2(time 37371 - 10:22:51)(time 38242 - 10:37:22) ->    3(time 38332 - 10:38:52)(time 39190 - 10:53:10) ->    4(time 39360 - 10:56:00)(time 39360 - 10:56:00) -> 9
