t5p6r6h1.txt:
   > Trying to open the instance file...
   > Reading number of trains...
   > Reading maximum number of trips per train...
   > Reading time intervals...
   > Reading number of points...
   > Reading stations...
   > Reading crossings...
   > Reading depots...
   > Reading initial point...
   > Reading routes...
   > Reading distance and distance and service...
   > Reading demands...
   > Reading maximum time...
   > Reading alpha...

--------------------------------
 Printing instance
--------------------------------
number of trains = 5
	max trips per trains: 6     6     6     6     6
number of intervals = 1
	(0,  21011)
number of points = 6
	initial point: 0
	stations: 0     1     2     3     5
	crossings: 0     1     3     4     5
	depots: 0     3     5
number of vertices = 12
	total vertices: 0     1     2     3     4     5     6     7     8     9    10    11
	upper vertices: 0     1     2     3     4     5
	lower vertices: 6     7     8     9    10    11
	vertices of point #0: (0, 6)
	vertices of point #1: (1, 7)
	vertices of point #2: (2, 8)
	vertices of point #3: (3, 9)
	vertices of point #4: (4, 10)
	vertices of point #5: (5, 11)

arcs...
	total arcs: 
		arc #0: (0, 1)
		arc #1: (0, 6)
		arc #2: (6, 0)
		arc #3: (1, 2)
		arc #4: (7, 6)
		arc #5: (2, 3)
		arc #6: (8, 7)
		arc #7: (3, 4)
		arc #8: (9, 8)
		arc #9: (3, 9)
		arc #10: (9, 3)
		arc #11: (4, 5)
		arc #12: (10, 9)
		arc #13: (11, 10)
		arc #14: (5, 11)
		arc #15: (11, 5)

	reverse arcs: 
		arc #1: (0, 6)
		arc #2: (6, 0)
		arc #9: (3, 9)
		arc #10: (9, 3)
		arc #14: (5, 11)
		arc #15: (11, 5)


incompatible points...
	(0, 0, 7, (0, 1))	(7, 7, 0, (7, 6))	(1, 2, 9, (2, 3))	(9, 8, 1, (8, 7))	(3, 3, 10, (3, 4))	(10, 10, 3, (10, 9))	(4, 4, 11, (4, 5))	(11, 11, 4, (11, 10))

number of routes = 6
vertices of routes...
	route #0: 0     1     2     3     4     5    11    10     9     8     7     6     0
	route #1: 11    10     9     8     7     6     0     1     2     3     4     5    11
	route #2: 3     4     5
	route #3: 9     8     7     6
	route #4: 0     1     2     3
	route #5: 11    10     9
arcs of routes...
	route #0: 0     3     5     7    11    14    13    12     8     6     4     2
	route #1: 13    12     8     6     4     2     0     3     5     7    11    14
	route #2: 7    11
	route #3: 8     6     4
	route #4: 0     3     5
	route #5: 13    12

incompatible routes...
	(0, 1)    	(0, 2)    	(0, 3)    	(0, 5)    	(1, 0)    	(1, 2)    	(1, 3)    	(1, 4)    	(2, 0)    	(2, 2)    	(2, 3)    	(2, 4)    	(3, 1)    	(3, 2)    	(3, 3)    	(3, 5)    	(4, 0)    	(4, 1)    	(4, 4)    	(4, 5)    	(5, 0)    	(5, 1)    	(5, 4)    	(5, 5)

vertices that can be adjacent in consecutive trips...
	(0, 0)    	(3, 3)    	(3, 9)    	(5, 11)    	(6, 0)    	(9, 3)    	(9, 9)    	(11, 11)
non cyclical routes: 
       2       3       4       5

routes of trip...
	routes that train #0 can complete at trip #0: 0       4
	routes that train #0 can complete at trip #1: 0       1       2       3       4       5
	routes that train #0 can complete at trip #2: 0       1       2       3       4       5
	routes that train #0 can complete at trip #3: 0       1       2       3       4       5
	routes that train #0 can complete at trip #4: 0       1       2       3       4       5
	routes that train #0 can complete at trip #5: 0       1       2       3       4       5

	routes that train #1 can complete at trip #0: 0       4
	routes that train #1 can complete at trip #1: 0       1       2       3       4       5
	routes that train #1 can complete at trip #2: 0       1       2       3       4       5
	routes that train #1 can complete at trip #3: 0       1       2       3       4       5
	routes that train #1 can complete at trip #4: 0       1       2       3       4       5
	routes that train #1 can complete at trip #5: 0       1       2       3       4       5

	routes that train #2 can complete at trip #0: 0       4
	routes that train #2 can complete at trip #1: 0       1       2       3       4       5
	routes that train #2 can complete at trip #2: 0       1       2       3       4       5
	routes that train #2 can complete at trip #3: 0       1       2       3       4       5
	routes that train #2 can complete at trip #4: 0       1       2       3       4       5
	routes that train #2 can complete at trip #5: 0       1       2       3       4       5

	routes that train #3 can complete at trip #0: 0       4
	routes that train #3 can complete at trip #1: 0       1       2       3       4       5
	routes that train #3 can complete at trip #2: 0       1       2       3       4       5
	routes that train #3 can complete at trip #3: 0       1       2       3       4       5
	routes that train #3 can complete at trip #4: 0       1       2       3       4       5
	routes that train #3 can complete at trip #5: 0       1       2       3       4       5

	routes that train #4 can complete at trip #0: 0       4
	routes that train #4 can complete at trip #1: 0       1       2       3       4       5
	routes that train #4 can complete at trip #2: 0       1       2       3       4       5
	routes that train #4 can complete at trip #3: 0       1       2       3       4       5
	routes that train #4 can complete at trip #4: 0       1       2       3       4       5
	routes that train #4 can complete at trip #5: 0       1       2       3       4       5

 cost...
	arc #0 [0][1]: 138
	arc #1 [0][6]: 0
	arc #2 [6][0]: 0
	arc #3 [1][2]: 162
	arc #4 [7][6]: 138
	arc #5 [2][3]: 151
	arc #6 [8][7]: 162
	arc #7 [3][4]: 156
	arc #8 [9][8]: 151
	arc #9 [3][9]: 0
	arc #10 [9][3]: 0
	arc #11 [4][5]: 163
	arc #12 [10][9]: 156
	arc #13 [11][10]: 163
	arc #14 [5][11]: 0
	arc #15 [11][5]: 0

cost with minimum service...
	arc #0 [0][1]: 212
	arc #1 [0][6]: 0
	arc #2 [6][0]: 0
	arc #3 [1][2]: 236
	arc #4 [7][6]: 308
	arc #5 [2][3]: 321
	arc #6 [8][7]: 236
	arc #7 [3][4]: 223
	arc #8 [9][8]: 225
	arc #9 [3][9]: 0
	arc #10 [9][3]: 0
	arc #11 [4][5]: 333
	arc #12 [10][9]: 326
	arc #13 [11][10]: 230
	arc #14 [5][11]: 0
	arc #15 [11][5]: 0

cost with maximum service...
	arc #0 [0][1]: 656
	arc #1 [0][6]: 518
	arc #2 [6][0]: 518
	arc #3 [1][2]: 680
	arc #4 [7][6]: 656
	arc #5 [2][3]: 669
	arc #6 [8][7]: 680
	arc #7 [3][4]: 674
	arc #8 [9][8]: 669
	arc #9 [3][9]: 518
	arc #10 [9][3]: 518
	arc #11 [4][5]: 681
	arc #12 [10][9]: 674
	arc #13 [11][10]: 681
	arc #14 [5][11]: 518
	arc #15 [11][5]: 518

demands...
	demands of vertex 0 at time interval: 26
	demands of vertex 1 at time interval: 26
	demands of vertex 2 at time interval: 26
	demands of vertex 3 at time interval: 26
	demands of vertex 4 at time interval: 0
	demands of vertex 5 at time interval: 0
	demands of vertex 6 at time interval: 0
	demands of vertex 7 at time interval: 26
	demands of vertex 8 at time interval: 26
	demands of vertex 9 at time interval: 26
	demands of vertex 10 at time interval: 0
	demands of vertex 11 at time interval: 26

maximum time = 21011
alpha = 57
Starting to test combinations... - Total number of combinations = 31757969376
Found new best - 1/31757969376
10% done - -2147483648/31757969376 combination(s) tested! (Thread 0)
0% done - 0/31757969376 combination(s) tested! (Thread 0)
10% done - -2147483648/31757969376 combination(s) tested! (Thread 0)
0% done - 0/31757969376 combination(s) tested! (Thread 0)
10% done - -2147483648/31757969376 combination(s) tested! (Thread 0)

>> Reached time limit!
	Terminating process!
	Cannot prove optimality!

>> Printing some results...
    -> Solution value = 16630 - 04:37:10
    -> Total time = 43200.00

=============
Train 0
=============
> Trip 0
   0(time 1805 - 00:30:05)(time 1943 - 00:32:23) ->    1(time 2017 - 00:33:37)(time 2179 - 00:36:19) ->    2(time 2349 - 00:39:09)(time 2500 - 00:41:40) ->    3(time 2670 - 00:44:30)(time 2826 - 00:47:06) ->    4(time 2893 - 00:48:13)(time 3056 - 00:50:56) ->    5(time 3226 - 00:53:46)(time 3226 - 00:53:46) ->    11(time 3449 - 00:57:29)(time 3612 - 01:00:12) ->    10(time 3679 - 01:01:19)(time 3835 - 01:03:55) ->    9(time 4005 - 01:06:45)(time 4156 - 01:09:16) ->    8(time 4230 - 01:10:30)(time 4392 - 01:13:12) ->    7(time 4466 - 01:14:26)(time 4604 - 01:16:44) ->    6(time 4774 - 01:19:34)(time 4774 - 01:19:34) -> 0
> Trip 1
   0(time 5026 - 01:23:46)(time 5164 - 01:26:04) ->    1(time 5238 - 01:27:18)(time 5400 - 01:30:00) ->    2(time 5474 - 01:31:14)(time 5625 - 01:33:45) ->    3(time 5795 - 01:36:35)(time 5951 - 01:39:11) ->    4(time 6018 - 01:40:18)(time 6181 - 01:43:01) ->    5(time 6574 - 01:49:34)(time 6574 - 01:49:34) ->    11(time 6574 - 01:49:34)(time 6737 - 01:52:17) ->    10(time 6804 - 01:53:24)(time 6960 - 01:56:00) ->    9(time 7130 - 01:58:50)(time 7281 - 02:01:21) ->    8(time 7355 - 02:02:35)(time 7517 - 02:05:17) ->    7(time 7591 - 02:06:31)(time 7729 - 02:08:49) ->    6(time 7899 - 02:11:39)(time 7899 - 02:11:39) -> 0
> Trip 2
   0(time 7899 - 02:11:39)(time 8037 - 02:13:57) ->    1(time 8111 - 02:15:11)(time 8273 - 02:17:53) ->    2(time 8357 - 02:19:17)(time 8508 - 02:21:48) ->    3(time 8678 - 02:24:38)(time 8834 - 02:27:14) ->    4(time 8901 - 02:28:21)(time 9064 - 02:31:04) ->    5(time 9234 - 02:33:54)(time 9234 - 02:33:54) ->    11(time 9404 - 02:36:44)(time 9567 - 02:39:27) ->    10(time 9634 - 02:40:34)(time 9790 - 02:43:10) ->    9(time 9960 - 02:46:00)(time 10111 - 02:48:31) ->    8(time 10185 - 02:49:45)(time 10347 - 02:52:27) ->    7(time 10421 - 02:53:41)(time 10559 - 02:55:59) ->    6(time 10729 - 02:58:49)(time 10729 - 02:58:49) -> 0
> Trip 3
   0(time 11098 - 03:04:58)(time 11236 - 03:07:16) ->    1(time 11310 - 03:08:30)(time 11472 - 03:11:12) ->    2(time 11666 - 03:14:26)(time 11817 - 03:16:57) ->    3(time 11987 - 03:19:47)(time 12143 - 03:22:23) ->    4(time 12210 - 03:23:30)(time 12373 - 03:26:13) ->    5(time 12543 - 03:29:03)(time 12543 - 03:29:03) ->    11(time 12869 - 03:34:29)(time 13032 - 03:37:12) ->    10(time 13099 - 03:38:19)(time 13255 - 03:40:55) ->    9(time 13468 - 03:44:28)(time 13619 - 03:46:59) ->    8(time 13693 - 03:48:13)(time 13855 - 03:50:55) ->    7(time 13929 - 03:52:09)(time 14067 - 03:54:27) ->    6(time 14237 - 03:57:17)(time 14237 - 03:57:17) -> 0
> Trip 4
   0(time 14237 - 03:57:17)(time 14375 - 03:59:35) ->    1(time 14449 - 04:00:49)(time 14611 - 04:03:31) ->    2(time 14781 - 04:06:21)(time 14932 - 04:08:52) ->    3(time 15102 - 04:11:42)(time 15258 - 04:14:18) ->    4(time 15325 - 04:15:25)(time 15488 - 04:18:08) ->    5(time 15658 - 04:20:58)(time 15658 - 04:20:58) ->    11(time 15984 - 04:26:24)(time 16147 - 04:29:07) ->    10(time 16214 - 04:30:14)(time 16370 - 04:32:50) ->    9(time 16540 - 04:35:40)(time 16691 - 04:38:11) ->    8(time 16765 - 04:39:25)(time 16927 - 04:42:07) ->    7(time 17001 - 04:43:21)(time 17139 - 04:45:39) ->    6(time 17309 - 04:48:29)(time 17309 - 04:48:29) -> 0
> Trip 5
   0(time 17352 - 04:49:12)(time 17490 - 04:51:30) ->    1(time 17564 - 04:52:44)(time 17726 - 04:55:26) ->    2(time 17906 - 04:58:26)(time 18057 - 05:00:57) ->    3(time 18227 - 05:03:47)(time 18383 - 05:06:23) ->    4(time 18450 - 05:07:30)(time 18613 - 05:10:13) ->    5(time 18783 - 05:13:03)(time 18783 - 05:13:03) ->    11(time 18850 - 05:14:10)(time 19013 - 05:16:53) ->    10(time 19183 - 05:19:43)(time 19339 - 05:22:19) ->    9(time 19509 - 05:25:09)(time 19660 - 05:27:40) ->    8(time 19734 - 05:28:54)(time 19896 - 05:31:36) ->    7(time 19970 - 05:32:50)(time 20108 - 05:35:08) ->    6(time 20278 - 05:37:58)(time 20278 - 05:37:58) -> 0
=============
Train 1
=============
> Trip 0
   0(time 1731 - 00:28:51)(time 1869 - 00:31:09) ->    1(time 1943 - 00:32:23)(time 2105 - 00:35:05) ->    2(time 2179 - 00:36:19)(time 2330 - 00:38:50) ->    3(time 2500 - 00:41:40)(time 2656 - 00:44:16) ->    4(time 2723 - 00:45:23)(time 2886 - 00:48:06) ->    5(time 3056 - 00:50:56)(time 3056 - 00:50:56) ->    11(time 3123 - 00:52:03)(time 3286 - 00:54:46) ->    10(time 3456 - 00:57:36)(time 3612 - 01:00:12) ->    9(time 3782 - 01:03:02)(time 3933 - 01:05:33) ->    8(time 4007 - 01:06:47)(time 4169 - 01:09:29) ->    7(time 4243 - 01:10:43)(time 4381 - 01:13:01) ->    6(time 4551 - 01:15:51)(time 4551 - 01:15:51) -> 0
> Trip 1
   0(time 4750 - 01:19:10)(time 4888 - 01:21:28) ->    1(time 5058 - 01:24:18)(time 5220 - 01:27:00) ->    2(time 5294 - 01:28:14)(time 5445 - 01:30:45) ->    3(time 5615 - 01:33:35)(time 5771 - 01:36:11) ->    4(time 5848 - 01:37:28)(time 6011 - 01:40:11) ->    5(time 6181 - 01:43:01)(time 6181 - 01:43:01) ->    11(time 6248 - 01:44:08)(time 6411 - 01:46:51) ->    10(time 6581 - 01:49:41)(time 6737 - 01:52:17) ->    9(time 6907 - 01:55:07)(time 7058 - 01:57:38) ->    8(time 7132 - 01:58:52)(time 7294 - 02:01:34) ->    7(time 7368 - 02:02:48)(time 7506 - 02:05:06) ->    6(time 7676 - 02:07:56)(time 7676 - 02:07:56) -> 0
> Trip 2
   0(time 7973 - 02:12:53)(time 8111 - 02:15:11) ->    1(time 8291 - 02:18:11)(time 8453 - 02:20:53) ->    2(time 8527 - 02:22:07)(time 8678 - 02:24:38) ->    3(time 8848 - 02:27:28)(time 9004 - 02:30:04) ->    4(time 9071 - 02:31:11)(time 9234 - 02:33:54) ->    5(time 9404 - 02:36:44)(time 9404 - 02:36:44) ->    11(time 9471 - 02:37:51)(time 9634 - 02:40:34) ->    10(time 9857 - 02:44:17)(time 10013 - 02:46:53) ->    9(time 10183 - 02:49:43)(time 10334 - 02:52:14) ->    8(time 10408 - 02:53:28)(time 10570 - 02:56:10) ->    7(time 10644 - 02:57:24)(time 10782 - 02:59:42) ->    6(time 10952 - 03:02:32)(time 10952 - 03:02:32) -> 0
> Trip 3
   0(time 10952 - 03:02:32)(time 11090 - 03:04:50) ->    1(time 11236 - 03:07:16)(time 11398 - 03:09:58) ->    2(time 11472 - 03:11:12)(time 11623 - 03:13:43) ->    3(time 11817 - 03:16:57)(time 11973 - 03:19:33) ->    4(time 12040 - 03:20:40)(time 12203 - 03:23:23) ->    5(time 12373 - 03:26:13)(time 12373 - 03:26:13) ->    11(time 12373 - 03:26:13)(time 12536 - 03:28:56) ->    10(time 12639 - 03:30:39)(time 12795 - 03:33:15) ->    9(time 12965 - 03:36:05)(time 13116 - 03:38:36) ->    8(time 13190 - 03:39:50)(time 13352 - 03:42:32) ->    7(time 13426 - 03:43:46)(time 13564 - 03:46:04) ->    6(time 13734 - 03:48:54)(time 13734 - 03:48:54) -> 0
> Trip 4
   0(time 13734 - 03:48:54)(time 13872 - 03:51:12) ->    1(time 14375 - 03:59:35)(time 14537 - 04:02:17) ->    2(time 14611 - 04:03:31)(time 14762 - 04:06:02) ->    3(time 14932 - 04:08:52)(time 15088 - 04:11:28) ->    4(time 15155 - 04:12:35)(time 15318 - 04:15:18) ->    5(time 15488 - 04:18:08)(time 15488 - 04:18:08) ->    11(time 15488 - 04:18:08)(time 15651 - 04:20:51) ->    10(time 15718 - 04:21:58)(time 15874 - 04:24:34) ->    9(time 16044 - 04:27:24)(time 16195 - 04:29:55) ->    8(time 16269 - 04:31:09)(time 16431 - 04:33:51) ->    7(time 16505 - 04:35:05)(time 16643 - 04:37:23) ->    6(time 16813 - 04:40:13)(time 16813 - 04:40:13) -> 0
> Trip 5
   0(time 16863 - 04:41:03)(time 17001 - 04:43:21) ->    1(time 17490 - 04:51:30)(time 17652 - 04:54:12) ->    2(time 17726 - 04:55:26)(time 17877 - 04:57:57) ->    3(time 18047 - 05:00:47)(time 18203 - 05:03:23) ->    4(time 18270 - 05:04:30)(time 18433 - 05:07:13) ->    5(time 18613 - 05:10:13)(time 18613 - 05:10:13) ->    11(time 18783 - 05:13:03)(time 18946 - 05:15:46) ->    10(time 19013 - 05:16:53)(time 19169 - 05:19:29) ->    9(time 19339 - 05:22:19)(time 19490 - 05:24:50) ->    8(time 19564 - 05:26:04)(time 19726 - 05:28:46) ->    7(time 19800 - 05:30:00)(time 19938 - 05:32:18) ->    6(time 20108 - 05:35:08)(time 20108 - 05:35:08) -> 0
=============
Train 2
=============
> Trip 0
   0(time 1561 - 00:26:01)(time 1699 - 00:28:19) ->    1(time 1773 - 00:29:33)(time 1935 - 00:32:15) ->    2(time 2009 - 00:33:29)(time 2160 - 00:36:00) ->    3(time 2330 - 00:38:50)(time 2486 - 00:41:26) ->    4(time 2553 - 00:42:33)(time 2716 - 00:45:16) ->    5(time 2886 - 00:48:06)(time 2886 - 00:48:06) ->    11(time 3056 - 00:50:56)(time 3219 - 00:53:39) ->    10(time 3286 - 00:54:46)(time 3442 - 00:57:22) ->    9(time 3612 - 01:00:12)(time 3763 - 01:02:43) ->    8(time 3837 - 01:03:57)(time 3999 - 01:06:39) ->    7(time 4073 - 01:07:53)(time 4211 - 01:10:11) ->    6(time 4381 - 01:13:01)(time 4381 - 01:13:01) -> 0
> Trip 1
   0(time 4676 - 01:17:56)(time 4814 - 01:20:14) ->    1(time 4888 - 01:21:28)(time 5050 - 01:24:10) ->    2(time 5124 - 01:25:24)(time 5275 - 01:27:55) ->    3(time 5445 - 01:30:45)(time 5601 - 01:33:21) ->    4(time 5668 - 01:34:28)(time 5831 - 01:37:11) ->    5(time 6001 - 01:40:01)(time 6001 - 01:40:01) ->    11(time 6181 - 01:43:01)(time 6344 - 01:45:44) ->    10(time 6411 - 01:46:51)(time 6567 - 01:49:27) ->    9(time 6737 - 01:52:17)(time 6888 - 01:54:48) ->    8(time 6962 - 01:56:02)(time 7124 - 01:58:44) ->    7(time 7198 - 01:59:58)(time 7336 - 02:02:16) ->    6(time 7506 - 02:05:06)(time 7506 - 02:05:06) -> 0
> Trip 2
   0(time 8249 - 02:17:29)(time 8387 - 02:19:47) ->    1(time 8461 - 02:21:01)(time 8623 - 02:23:43) ->    2(time 8697 - 02:24:57)(time 8848 - 02:27:28) ->    3(time 9018 - 02:30:18)(time 9174 - 02:32:54) ->    4(time 9241 - 02:34:01)(time 9404 - 02:36:44) ->    5(time 9574 - 02:39:34)(time 9574 - 02:39:34) ->    11(time 9797 - 02:43:17)(time 9960 - 02:46:00) ->    10(time 10027 - 02:47:07)(time 10183 - 02:49:43) ->    9(time 10353 - 02:52:33)(time 10504 - 02:55:04) ->    8(time 10578 - 02:56:18)(time 10740 - 02:59:00) ->    7(time 10814 - 03:00:14)(time 10952 - 03:02:32) ->    6(time 11122 - 03:05:22)(time 11122 - 03:05:22) -> 0
> Trip 3
   0(time 12107 - 03:21:47)(time 12245 - 03:24:05) ->    1(time 12319 - 03:25:19)(time 12481 - 03:28:01) ->    2(time 12555 - 03:29:15)(time 12706 - 03:31:46) ->    3(time 12876 - 03:34:36)(time 13032 - 03:37:12) ->    4(time 13099 - 03:38:19)(time 13262 - 03:41:02) ->    5(time 13432 - 03:43:52)(time 13432 - 03:43:52) ->    11(time 13432 - 03:43:52)(time 13595 - 03:46:35) ->    10(time 13662 - 03:47:42)(time 13818 - 03:50:18) ->    9(time 13988 - 03:53:08)(time 14139 - 03:55:39) ->    8(time 14213 - 03:56:53)(time 14375 - 03:59:35) ->    7(time 14893 - 04:08:13)(time 15031 - 04:10:31) ->    6(time 15222 - 04:13:42)(time 15222 - 04:13:42) -> 0
> Trip 4
   0(time 15222 - 04:13:42)(time 15360 - 04:16:00) ->    1(time 15434 - 04:17:14)(time 15596 - 04:19:56) ->    2(time 15670 - 04:21:10)(time 15821 - 04:23:41) ->    3(time 15991 - 04:26:31)(time 16147 - 04:29:07) ->    4(time 16214 - 04:30:14)(time 16377 - 04:32:57) ->    5(time 16547 - 04:35:47)(time 16547 - 04:35:47) ->    11(time 16547 - 04:35:47)(time 16710 - 04:38:30) ->    10(time 16777 - 04:39:37)(time 16933 - 04:42:13) ->    9(time 17103 - 04:45:03)(time 17254 - 04:47:34) ->    8(time 17328 - 04:48:48)(time 17490 - 04:51:30) ->    7(time 17780 - 04:56:20)(time 17918 - 04:58:38) ->    6(time 18088 - 05:01:28)(time 18088 - 05:01:28) -> 0
> Trip 5
   0(time 18088 - 05:01:28)(time 18226 - 05:03:46) ->    1(time 18300 - 05:05:00)(time 18462 - 05:07:42) ->    2(time 18536 - 05:08:56)(time 18687 - 05:11:27) ->    3(time 18857 - 05:14:17)(time 19013 - 05:16:53) ->    4(time 19183 - 05:19:43)(time 19346 - 05:22:26) ->    5(time 19516 - 05:25:16)(time 19516 - 05:25:16) ->    11(time 19583 - 05:26:23)(time 19746 - 05:29:06) ->    10(time 19916 - 05:31:56)(time 20072 - 05:34:32) ->    9(time 20242 - 05:37:22)(time 20393 - 05:39:53) ->    8(time 20467 - 05:41:07)(time 20629 - 05:43:49) ->    7(time 20703 - 05:45:03)(time 20841 - 05:47:21) ->    6(time 21011 - 05:50:11)(time 21011 - 05:50:11) -> 0
=============
Train 3
=============
> Trip 0
   0(time 2071 - 00:34:31)(time 2209 - 00:36:49) ->    1(time 2283 - 00:38:03)(time 2445 - 00:40:45) ->    2(time 2519 - 00:41:59)(time 2670 - 00:44:30) ->    3(time 2840 - 00:47:20)(time 2996 - 00:49:56) ->    4(time 3286 - 00:54:46)(time 3449 - 00:57:29) ->    5(time 3619 - 01:00:19)(time 3619 - 01:00:19) ->    11(time 3775 - 01:02:55)(time 3938 - 01:05:38) ->    10(time 4005 - 01:06:45)(time 4161 - 01:09:21) ->    9(time 4331 - 01:12:11)(time 4482 - 01:14:42) ->    8(time 4652 - 01:17:32)(time 4814 - 01:20:14) ->    7(time 4888 - 01:21:28)(time 5026 - 01:23:46) ->    6(time 5196 - 01:26:36)(time 5196 - 01:26:36) -> 0
> Trip 1
   0(time 5316 - 01:28:36)(time 5454 - 01:30:54) ->    1(time 5528 - 01:32:08)(time 5690 - 01:34:50) ->    2(time 5764 - 01:36:04)(time 5915 - 01:38:35) ->    3(time 6085 - 01:41:25)(time 6241 - 01:44:01) ->    4(time 6411 - 01:46:51)(time 6574 - 01:49:34) ->    5(time 6998 - 01:56:38)(time 6998 - 01:56:38) ->    11(time 6998 - 01:56:38)(time 7161 - 01:59:21) ->    10(time 7228 - 02:00:28)(time 7384 - 02:03:04) ->    9(time 7554 - 02:05:54)(time 7705 - 02:08:25) ->    8(time 7875 - 02:11:15)(time 8037 - 02:13:57) ->    7(time 8111 - 02:15:11)(time 8249 - 02:17:29) ->    6(time 8539 - 02:22:19)(time 8539 - 02:22:19) -> 0
> Trip 2
   0(time 8539 - 02:22:19)(time 8677 - 02:24:37) ->    1(time 8751 - 02:25:51)(time 8913 - 02:28:33) ->    2(time 8987 - 02:29:47)(time 9138 - 02:32:18) ->    3(time 9308 - 02:35:08)(time 9464 - 02:37:44) ->    4(time 9634 - 02:40:34)(time 9797 - 02:43:17) ->    5(time 10123 - 02:48:43)(time 10123 - 02:48:43) ->    11(time 10123 - 02:48:43)(time 10286 - 02:51:26) ->    10(time 10353 - 02:52:33)(time 10509 - 02:55:09) ->    9(time 10679 - 02:57:59)(time 10830 - 03:00:30) ->    8(time 11000 - 03:03:20)(time 11162 - 03:06:02) ->    7(time 11236 - 03:07:16)(time 11374 - 03:09:34) ->    6(time 11544 - 03:12:24)(time 11544 - 03:12:24) -> 0
> Trip 3
   0(time 11544 - 03:12:24)(time 11682 - 03:14:42) ->    1(time 11756 - 03:15:56)(time 11918 - 03:18:38) ->    2(time 11992 - 03:19:52)(time 12143 - 03:22:23) ->    3(time 12313 - 03:25:13)(time 12469 - 03:27:49) ->    4(time 12536 - 03:28:56)(time 12699 - 03:31:39) ->    5(time 12869 - 03:34:29)(time 12869 - 03:34:29) ->    11(time 12936 - 03:35:36)(time 13099 - 03:38:19) ->    10(time 13312 - 03:41:52)(time 13468 - 03:44:28) ->    9(time 13638 - 03:47:18)(time 13789 - 03:49:49) ->    8(time 13863 - 03:51:03)(time 14025 - 03:53:45) ->    7(time 14099 - 03:54:59)(time 14237 - 03:57:17) ->    6(time 14407 - 04:00:07)(time 14407 - 04:00:07) -> 0
> Trip 4
   0(time 14513 - 04:01:53)(time 14651 - 04:04:11) ->    1(time 14725 - 04:05:25)(time 14887 - 04:08:07) ->    2(time 14961 - 04:09:21)(time 15112 - 04:11:52) ->    3(time 15282 - 04:14:42)(time 15438 - 04:17:18) ->    4(time 15651 - 04:20:51)(time 15814 - 04:23:34) ->    5(time 15984 - 04:26:24)(time 15984 - 04:26:24) ->    11(time 16051 - 04:27:31)(time 16214 - 04:30:14) ->    10(time 16384 - 04:33:04)(time 16540 - 04:35:40) ->    9(time 16753 - 04:39:13)(time 16904 - 04:41:44) ->    8(time 16978 - 04:42:58)(time 17140 - 04:45:40) ->    7(time 17214 - 04:46:54)(time 17352 - 04:49:12) ->    6(time 17522 - 04:52:02)(time 17522 - 04:52:02) -> 0
> Trip 5
   0(time 17628 - 04:53:48)(time 17766 - 04:56:06) ->    1(time 17840 - 04:57:20)(time 18002 - 05:00:02) ->    2(time 18076 - 05:01:16)(time 18227 - 05:03:47) ->    3(time 18397 - 05:06:37)(time 18553 - 05:09:13) ->    4(time 18620 - 05:10:20)(time 18783 - 05:13:03) ->    5(time 18953 - 05:15:53)(time 18953 - 05:15:53) ->    11(time 19346 - 05:22:26)(time 19509 - 05:25:09) ->    10(time 19576 - 05:26:16)(time 19732 - 05:28:52) ->    9(time 19902 - 05:31:42)(time 20053 - 05:34:13) ->    8(time 20127 - 05:35:27)(time 20289 - 05:38:09) ->    7(time 20363 - 05:39:23)(time 20501 - 05:41:41) ->    6(time 20671 - 05:44:31)(time 20671 - 05:44:31) -> 0
=============
Train 4
=============
> Trip 0
   0(time 2241 - 00:37:21)(time 2379 - 00:39:39) ->    1(time 2453 - 00:40:53)(time 2615 - 00:43:35) ->    2(time 2689 - 00:44:49)(time 2840 - 00:47:20) ->    3(time 3130 - 00:52:10)(time 3286 - 00:54:46) ->    4(time 3612 - 01:00:12)(time 3775 - 01:02:55) ->    5(time 3945 - 01:05:45)(time 3945 - 01:05:45) ->    11(time 3945 - 01:05:45)(time 4108 - 01:08:28) ->    10(time 4175 - 01:09:35)(time 4331 - 01:12:11) ->    9(time 4501 - 01:15:01)(time 4652 - 01:17:32) ->    8(time 4726 - 01:18:46)(time 4888 - 01:21:28) ->    7(time 5178 - 01:26:18)(time 5316 - 01:28:36) ->    6(time 5486 - 01:31:26)(time 5486 - 01:31:26) -> 0
> Trip 1
   0(time 5486 - 01:31:26)(time 5624 - 01:33:44) ->    1(time 5698 - 01:34:58)(time 5860 - 01:37:40) ->    2(time 5934 - 01:38:54)(time 6085 - 01:41:25) ->    3(time 6255 - 01:44:15)(time 6411 - 01:46:51) ->    4(time 6835 - 01:53:55)(time 6998 - 01:56:38) ->    5(time 7168 - 01:59:28)(time 7168 - 01:59:28) ->    11(time 7168 - 01:59:28)(time 7331 - 02:02:11) ->    10(time 7398 - 02:03:18)(time 7554 - 02:05:54) ->    9(time 7724 - 02:08:44)(time 7875 - 02:11:15) ->    8(time 7949 - 02:12:29)(time 8111 - 02:15:11) ->    7(time 8401 - 02:20:01)(time 8539 - 02:22:19) ->    6(time 8709 - 02:25:09)(time 8709 - 02:25:09) -> 0
> Trip 2
   0(time 8709 - 02:25:09)(time 8847 - 02:27:27) ->    1(time 8921 - 02:28:41)(time 9083 - 02:31:23) ->    2(time 9157 - 02:32:37)(time 9308 - 02:35:08) ->    3(time 9478 - 02:37:58)(time 9634 - 02:40:34) ->    4(time 9960 - 02:46:00)(time 10123 - 02:48:43) ->    5(time 10293 - 02:51:33)(time 10293 - 02:51:33) ->    11(time 10293 - 02:51:33)(time 10456 - 02:54:16) ->    10(time 10523 - 02:55:23)(time 10679 - 02:57:59) ->    9(time 10849 - 03:00:49)(time 11000 - 03:03:20) ->    8(time 11074 - 03:04:34)(time 11236 - 03:07:16) ->    7(time 11406 - 03:10:06)(time 11544 - 03:12:24) ->    6(time 11714 - 03:15:14)(time 11714 - 03:15:14) -> 0
> Trip 3
   0(time 11714 - 03:15:14)(time 11852 - 03:17:32) ->    1(time 11926 - 03:18:46)(time 12088 - 03:21:28) ->    2(time 12162 - 03:22:42)(time 12313 - 03:25:13) ->    3(time 12483 - 03:28:03)(time 12639 - 03:30:39) ->    4(time 12706 - 03:31:46)(time 12869 - 03:34:29) ->    5(time 13262 - 03:41:02)(time 13262 - 03:41:02) ->    11(time 13262 - 03:41:02)(time 13425 - 03:43:45) ->    10(time 13492 - 03:44:52)(time 13648 - 03:47:28) ->    9(time 13818 - 03:50:18)(time 13969 - 03:52:49) ->    8(time 14139 - 03:55:39)(time 14301 - 03:58:21) ->    7(time 14375 - 03:59:35)(time 14513 - 04:01:53) ->    6(time 14683 - 04:04:43)(time 14683 - 04:04:43) -> 0
> Trip 4
   0(time 14683 - 04:04:43)(time 14821 - 04:07:01) ->    1(time 15005 - 04:10:05)(time 15167 - 04:12:47) ->    2(time 15241 - 04:14:01)(time 15392 - 04:16:32) ->    3(time 15562 - 04:19:22)(time 15718 - 04:21:58) ->    4(time 15821 - 04:23:41)(time 15984 - 04:26:24) ->    5(time 16377 - 04:32:57)(time 16377 - 04:32:57) ->    11(time 16377 - 04:32:57)(time 16540 - 04:35:40) ->    10(time 16607 - 04:36:47)(time 16763 - 04:39:23) ->    9(time 16933 - 04:42:13)(time 17084 - 04:44:44) ->    8(time 17158 - 04:45:58)(time 17320 - 04:48:40) ->    7(time 17490 - 04:51:30)(time 17628 - 04:53:48) ->    6(time 17798 - 04:56:38)(time 17798 - 04:56:38) -> 0
> Trip 5
   0(time 17918 - 04:58:38)(time 18056 - 05:00:56) ->    1(time 18130 - 05:02:10)(time 18292 - 05:04:52) ->    2(time 18366 - 05:06:06)(time 18517 - 05:08:37) ->    3(time 18687 - 05:11:27)(time 18843 - 05:14:03) ->    4(time 19013 - 05:16:53)(time 19176 - 05:19:36) ->    5(time 19346 - 05:22:26)(time 19346 - 05:22:26) ->    11(time 19516 - 05:25:16)(time 19679 - 05:27:59) ->    10(time 19746 - 05:29:06)(time 19902 - 05:31:42) ->    9(time 20072 - 05:34:32)(time 20223 - 05:37:03) ->    8(time 20297 - 05:38:17)(time 20459 - 05:40:59) ->    7(time 20533 - 05:42:13)(time 20671 - 05:44:31) ->    6(time 20841 - 05:47:21)(time 20841 - 05:47:21) -> 0
