t5p6r6h1.txt:
   > Trying to open the instance file...
   > Reading number of trains...
   > Reading maximum number of trips per train...
   > Reading time intervals...
   > Reading number of points...
   > Reading stations...
   > Reading crossings...
   > Reading depots...
   > Reading initial point...
   > Reading routes...
   > Reading distance and distance and service...
   > Reading demands...
   > Reading maximum time...
   > Reading alpha...

--------------------------------
 Printing instance
--------------------------------
number of trains = 5
	max trips per trains: 6     6     6     6     6
number of intervals = 1
	(0,  21011)
number of points = 6
	initial point: 0
	stations: 0     1     2     3     5
	crossings: 0     1     3     4     5
	depots: 0     3     5
number of vertices = 12
	total vertices: 0     1     2     3     4     5     6     7     8     9    10    11
	upper vertices: 0     1     2     3     4     5
	lower vertices: 6     7     8     9    10    11
	vertices of point #0: (0, 6)
	vertices of point #1: (1, 7)
	vertices of point #2: (2, 8)
	vertices of point #3: (3, 9)
	vertices of point #4: (4, 10)
	vertices of point #5: (5, 11)

arcs...
	total arcs: 
		arc #0: (0, 1)
		arc #1: (0, 6)
		arc #2: (6, 0)
		arc #3: (1, 2)
		arc #4: (7, 6)
		arc #5: (2, 3)
		arc #6: (8, 7)
		arc #7: (3, 4)
		arc #8: (9, 8)
		arc #9: (3, 9)
		arc #10: (9, 3)
		arc #11: (4, 5)
		arc #12: (10, 9)
		arc #13: (11, 10)
		arc #14: (5, 11)
		arc #15: (11, 5)

	reverse arcs: 
		arc #1: (0, 6)
		arc #2: (6, 0)
		arc #9: (3, 9)
		arc #10: (9, 3)
		arc #14: (5, 11)
		arc #15: (11, 5)


incompatible points...
	(0, 0, 7, (0, 1))	(7, 7, 0, (7, 6))	(1, 2, 9, (2, 3))	(9, 8, 1, (8, 7))	(3, 3, 10, (3, 4))	(10, 10, 3, (10, 9))	(4, 4, 11, (4, 5))	(11, 11, 4, (11, 10))

number of routes = 6
vertices of routes...
	route #0: 0     1     2     3     4     5    11    10     9     8     7     6     0
	route #1: 11    10     9     8     7     6     0     1     2     3     4     5    11
	route #2: 3     4     5
	route #3: 9     8     7     6
	route #4: 0     1     2     3
	route #5: 11    10     9
arcs of routes...
	route #0: 0     3     5     7    11    14    13    12     8     6     4     2
	route #1: 13    12     8     6     4     2     0     3     5     7    11    14
	route #2: 7    11
	route #3: 8     6     4
	route #4: 0     3     5
	route #5: 13    12

incompatible routes...
	(0, 1)    	(0, 2)    	(0, 3)    	(0, 5)    	(1, 0)    	(1, 2)    	(1, 3)    	(1, 4)    	(2, 0)    	(2, 2)    	(2, 3)    	(2, 4)    	(3, 1)    	(3, 2)    	(3, 3)    	(3, 5)    	(4, 0)    	(4, 1)    	(4, 4)    	(4, 5)    	(5, 0)    	(5, 1)    	(5, 4)    	(5, 5)

vertices that can be adjacent in consecutive trips...
	(0, 0)    	(3, 3)    	(3, 9)    	(5, 11)    	(6, 0)    	(9, 3)    	(9, 9)    	(11, 11)
non cyclical routes: 
       2       3       4       5

routes of trip...
	routes that train #0 can complete at trip #0: 0       4
	routes that train #0 can complete at trip #1: 0       1       2       3       4       5
	routes that train #0 can complete at trip #2: 0       1       2       3       4       5
	routes that train #0 can complete at trip #3: 0       1       2       3       4       5
	routes that train #0 can complete at trip #4: 0       1       2       3       4       5
	routes that train #0 can complete at trip #5: 0       1       2       3       4       5

	routes that train #1 can complete at trip #0: 0       4
	routes that train #1 can complete at trip #1: 0       1       2       3       4       5
	routes that train #1 can complete at trip #2: 0       1       2       3       4       5
	routes that train #1 can complete at trip #3: 0       1       2       3       4       5
	routes that train #1 can complete at trip #4: 0       1       2       3       4       5
	routes that train #1 can complete at trip #5: 0       1       2       3       4       5

	routes that train #2 can complete at trip #0: 0       4
	routes that train #2 can complete at trip #1: 0       1       2       3       4       5
	routes that train #2 can complete at trip #2: 0       1       2       3       4       5
	routes that train #2 can complete at trip #3: 0       1       2       3       4       5
	routes that train #2 can complete at trip #4: 0       1       2       3       4       5
	routes that train #2 can complete at trip #5: 0       1       2       3       4       5

	routes that train #3 can complete at trip #0: 0       4
	routes that train #3 can complete at trip #1: 0       1       2       3       4       5
	routes that train #3 can complete at trip #2: 0       1       2       3       4       5
	routes that train #3 can complete at trip #3: 0       1       2       3       4       5
	routes that train #3 can complete at trip #4: 0       1       2       3       4       5
	routes that train #3 can complete at trip #5: 0       1       2       3       4       5

	routes that train #4 can complete at trip #0: 0       4
	routes that train #4 can complete at trip #1: 0       1       2       3       4       5
	routes that train #4 can complete at trip #2: 0       1       2       3       4       5
	routes that train #4 can complete at trip #3: 0       1       2       3       4       5
	routes that train #4 can complete at trip #4: 0       1       2       3       4       5
	routes that train #4 can complete at trip #5: 0       1       2       3       4       5

 cost...
	arc #0 [0][1]: 138
	arc #1 [0][6]: 0
	arc #2 [6][0]: 0
	arc #3 [1][2]: 162
	arc #4 [7][6]: 138
	arc #5 [2][3]: 151
	arc #6 [8][7]: 162
	arc #7 [3][4]: 156
	arc #8 [9][8]: 151
	arc #9 [3][9]: 0
	arc #10 [9][3]: 0
	arc #11 [4][5]: 163
	arc #12 [10][9]: 156
	arc #13 [11][10]: 163
	arc #14 [5][11]: 0
	arc #15 [11][5]: 0

cost with minimum service...
	arc #0 [0][1]: 212
	arc #1 [0][6]: 0
	arc #2 [6][0]: 0
	arc #3 [1][2]: 236
	arc #4 [7][6]: 308
	arc #5 [2][3]: 321
	arc #6 [8][7]: 236
	arc #7 [3][4]: 223
	arc #8 [9][8]: 225
	arc #9 [3][9]: 0
	arc #10 [9][3]: 0
	arc #11 [4][5]: 333
	arc #12 [10][9]: 326
	arc #13 [11][10]: 230
	arc #14 [5][11]: 0
	arc #15 [11][5]: 0

cost with maximum service...
	arc #0 [0][1]: 656
	arc #1 [0][6]: 518
	arc #2 [6][0]: 518
	arc #3 [1][2]: 680
	arc #4 [7][6]: 656
	arc #5 [2][3]: 669
	arc #6 [8][7]: 680
	arc #7 [3][4]: 674
	arc #8 [9][8]: 669
	arc #9 [3][9]: 518
	arc #10 [9][3]: 518
	arc #11 [4][5]: 681
	arc #12 [10][9]: 674
	arc #13 [11][10]: 681
	arc #14 [5][11]: 518
	arc #15 [11][5]: 518

demands...
	demands of vertex 0 at time interval: 26
	demands of vertex 1 at time interval: 26
	demands of vertex 2 at time interval: 26
	demands of vertex 3 at time interval: 26
	demands of vertex 4 at time interval: 0
	demands of vertex 5 at time interval: 0
	demands of vertex 6 at time interval: 0
	demands of vertex 7 at time interval: 26
	demands of vertex 8 at time interval: 26
	demands of vertex 9 at time interval: 26
	demands of vertex 10 at time interval: 0
	demands of vertex 11 at time interval: 26

maximum time = 21011
alpha = 57

Selecting set of cyclical routes...

Selecting set of initial routes...

Creating initial set of candidate combinations...
Solving candidate combinations...

Found new best - 1/1 candidate combination(s) tested! (Thread 0)

Removing trips...

Solving candidate combinations...

1/4 candidate combination(s) tested! (Thread 0)
2/4 candidate combination(s) tested! (Thread 0)
3/4 candidate combination(s) tested! (Thread 0)
4/4 candidate combination(s) tested! (Thread 0)

Relaxing trips, so the model can make changes...

>> Printing some results...
    -> Solution value = 16630 - 04:37:10
    -> Total time = 3925.78

=============
Train 0
=============
> Trip 0
   0(time 347 - 00:05:47)(time 485 - 00:08:05) ->    1(time 559 - 00:09:19)(time 721 - 00:12:01) ->    2(time 891 - 00:14:51)(time 1042 - 00:17:22) ->    3(time 1212 - 00:20:12)(time 1368 - 00:22:48) ->    4(time 1435 - 00:23:55)(time 1598 - 00:26:38) ->    5(time 1768 - 00:29:28)(time 1768 - 00:29:28) ->    11(time 1991 - 00:33:11)(time 2154 - 00:35:54) ->    10(time 2221 - 00:37:01)(time 2377 - 00:39:37) ->    9(time 2693 - 00:44:53)(time 2844 - 00:47:24) ->    8(time 2918 - 00:48:38)(time 3080 - 00:51:20) ->    7(time 3154 - 00:52:34)(time 3292 - 00:54:52) ->    6(time 3462 - 00:57:42)(time 3462 - 00:57:42) -> 0
> Trip 1
   0(time 3568 - 00:59:28)(time 3706 - 01:01:46) ->    1(time 3780 - 01:03:00)(time 3942 - 01:05:42) ->    2(time 4016 - 01:06:56)(time 4167 - 01:09:27) ->    3(time 4337 - 01:12:17)(time 4493 - 01:14:53) ->    4(time 4560 - 01:16:00)(time 4723 - 01:18:43) ->    5(time 5116 - 01:25:16)(time 5116 - 01:25:16) ->    11(time 5116 - 01:25:16)(time 5279 - 01:27:59) ->    10(time 5346 - 01:29:06)(time 5502 - 01:31:42) ->    9(time 5672 - 01:34:32)(time 5823 - 01:37:03) ->    8(time 5897 - 01:38:17)(time 6059 - 01:40:59) ->    7(time 6133 - 01:42:13)(time 6271 - 01:44:31) ->    6(time 6441 - 01:47:21)(time 6441 - 01:47:21) -> 0
> Trip 2
   0(time 6441 - 01:47:21)(time 6579 - 01:49:39) ->    1(time 6653 - 01:50:53)(time 6815 - 01:53:35) ->    2(time 6889 - 01:54:49)(time 7040 - 01:57:20) ->    3(time 7210 - 02:00:10)(time 7366 - 02:02:46) ->    4(time 7443 - 02:04:03)(time 7606 - 02:06:46) ->    5(time 7776 - 02:09:36)(time 7776 - 02:09:36) ->    11(time 7946 - 02:12:26)(time 8109 - 02:15:09) ->    10(time 8176 - 02:16:16)(time 8332 - 02:18:52) ->    9(time 8502 - 02:21:42)(time 8653 - 02:24:13) ->    8(time 8727 - 02:25:27)(time 8889 - 02:28:09) ->    7(time 8963 - 02:29:23)(time 9101 - 02:31:41) ->    6(time 9271 - 02:34:31)(time 9271 - 02:34:31) -> 0
> Trip 3
   0(time 9640 - 02:40:40)(time 9778 - 02:42:58) ->    1(time 9948 - 02:45:48)(time 10110 - 02:48:30) ->    2(time 10184 - 02:49:44)(time 10335 - 02:52:15) ->    3(time 10505 - 02:55:05)(time 10661 - 02:57:41) ->    4(time 10728 - 02:58:48)(time 10891 - 03:01:31) ->    5(time 11241 - 03:07:21)(time 11241 - 03:07:21) ->    11(time 11411 - 03:10:11)(time 11574 - 03:12:54) ->    10(time 11641 - 03:14:01)(time 11797 - 03:16:37) ->    9(time 11967 - 03:19:27)(time 12118 - 03:21:58) ->    8(time 12192 - 03:23:12)(time 12354 - 03:25:54) ->    7(time 12428 - 03:27:08)(time 12566 - 03:29:26) ->    6(time 12736 - 03:32:16)(time 12736 - 03:32:16) -> 0
> Trip 4
   0(time 12779 - 03:32:59)(time 12917 - 03:35:17) ->    1(time 13087 - 03:38:07)(time 13249 - 03:40:49) ->    2(time 13323 - 03:42:03)(time 13474 - 03:44:34) ->    3(time 13644 - 03:47:24)(time 13800 - 03:50:00) ->    4(time 13867 - 03:51:07)(time 14030 - 03:53:50) ->    5(time 14200 - 03:56:40)(time 14200 - 03:56:40) ->    11(time 14526 - 04:02:06)(time 14689 - 04:04:49) ->    10(time 14756 - 04:05:56)(time 14912 - 04:08:32) ->    9(time 15125 - 04:12:05)(time 15276 - 04:14:36) ->    8(time 15350 - 04:15:50)(time 15512 - 04:18:32) ->    7(time 15586 - 04:19:46)(time 15724 - 04:22:04) ->    6(time 15894 - 04:24:54)(time 15894 - 04:24:54) -> 0
> Trip 5
   0(time 15894 - 04:24:54)(time 16032 - 04:27:12) ->    1(time 16106 - 04:28:26)(time 16268 - 04:31:08) ->    2(time 16448 - 04:34:08)(time 16599 - 04:36:39) ->    3(time 16769 - 04:39:29)(time 16925 - 04:42:05) ->    4(time 16992 - 04:43:12)(time 17155 - 04:45:55) ->    5(time 17325 - 04:48:45)(time 17325 - 04:48:45) ->    11(time 17392 - 04:49:52)(time 17555 - 04:52:35) ->    10(time 17725 - 04:55:25)(time 17881 - 04:58:01) ->    9(time 18051 - 05:00:51)(time 18202 - 05:03:22) ->    8(time 18276 - 05:04:36)(time 18438 - 05:07:18) ->    7(time 18512 - 05:08:32)(time 18650 - 05:10:50) ->    6(time 18820 - 05:13:40)(time 18820 - 05:13:40) -> 0
=============
Train 1
=============
> Trip 0
   0(time 273 - 00:04:33)(time 411 - 00:06:51) ->    1(time 485 - 00:08:05)(time 647 - 00:10:47) ->    2(time 721 - 00:12:01)(time 872 - 00:14:32) ->    3(time 1042 - 00:17:22)(time 1198 - 00:19:58) ->    4(time 1265 - 00:21:05)(time 1428 - 00:23:48) ->    5(time 1598 - 00:26:38)(time 1598 - 00:26:38) ->    11(time 1665 - 00:27:45)(time 1828 - 00:30:28) ->    10(time 1998 - 00:33:18)(time 2154 - 00:35:54) ->    9(time 2324 - 00:38:44)(time 2475 - 00:41:15) ->    8(time 2642 - 00:44:02)(time 2804 - 00:46:44) ->    7(time 2878 - 00:47:58)(time 3016 - 00:50:16) ->    6(time 3292 - 00:54:52)(time 3292 - 00:54:52) -> 0
> Trip 1
   0(time 3292 - 00:54:52)(time 3430 - 00:57:10) ->    1(time 3600 - 01:00:00)(time 3762 - 01:02:42) ->    2(time 3836 - 01:03:56)(time 3987 - 01:06:27) ->    3(time 4167 - 01:09:27)(time 4323 - 01:12:03) ->    4(time 4390 - 01:13:10)(time 4553 - 01:15:53) ->    5(time 4723 - 01:18:43)(time 4723 - 01:18:43) ->    11(time 4790 - 01:19:50)(time 4953 - 01:22:33) ->    10(time 5123 - 01:25:23)(time 5279 - 01:27:59) ->    9(time 5449 - 01:30:49)(time 5600 - 01:33:20) ->    8(time 5674 - 01:34:34)(time 5836 - 01:37:16) ->    7(time 5910 - 01:38:30)(time 6048 - 01:40:48) ->    6(time 6218 - 01:43:38)(time 6218 - 01:43:38) -> 0
> Trip 2
   0(time 6515 - 01:48:35)(time 6653 - 01:50:53) ->    1(time 6833 - 01:53:53)(time 6995 - 01:56:35) ->    2(time 7069 - 01:57:49)(time 7220 - 02:00:20) ->    3(time 7390 - 02:03:10)(time 7546 - 02:05:46) ->    4(time 7613 - 02:06:53)(time 7776 - 02:09:36) ->    5(time 7946 - 02:12:26)(time 7946 - 02:12:26) ->    11(time 8013 - 02:13:33)(time 8176 - 02:16:16) ->    10(time 8399 - 02:19:59)(time 8555 - 02:22:35) ->    9(time 8725 - 02:25:25)(time 8876 - 02:27:56) ->    8(time 8950 - 02:29:10)(time 9112 - 02:31:52) ->    7(time 9186 - 02:33:06)(time 9324 - 02:35:24) ->    6(time 9494 - 02:38:14)(time 9494 - 02:38:14) -> 0
> Trip 3
   0(time 9494 - 02:38:14)(time 9632 - 02:40:32) ->    1(time 9778 - 02:42:58)(time 9940 - 02:45:40) ->    2(time 10014 - 02:46:54)(time 10165 - 02:49:25) ->    3(time 10335 - 02:52:15)(time 10491 - 02:54:51) ->    4(time 10558 - 02:55:58)(time 10721 - 02:58:41) ->    5(time 10891 - 03:01:31)(time 10891 - 03:01:31) ->    11(time 10891 - 03:01:31)(time 11054 - 03:04:14) ->    10(time 11181 - 03:06:21)(time 11337 - 03:08:57) ->    9(time 11507 - 03:11:47)(time 11658 - 03:14:18) ->    8(time 11732 - 03:15:32)(time 11894 - 03:18:14) ->    7(time 11968 - 03:19:28)(time 12106 - 03:21:46) ->    6(time 12276 - 03:24:36)(time 12276 - 03:24:36) -> 0
> Trip 4
   0(time 12276 - 03:24:36)(time 12414 - 03:26:54) ->    1(time 12917 - 03:35:17)(time 13079 - 03:37:59) ->    2(time 13153 - 03:39:13)(time 13304 - 03:41:44) ->    3(time 13474 - 03:44:34)(time 13630 - 03:47:10) ->    4(time 13697 - 03:48:17)(time 13860 - 03:51:00) ->    5(time 14030 - 03:53:50)(time 14030 - 03:53:50) ->    11(time 14030 - 03:53:50)(time 14193 - 03:56:33) ->    10(time 14296 - 03:58:16)(time 14452 - 04:00:52) ->    9(time 14622 - 04:03:42)(time 14773 - 04:06:13) ->    8(time 14847 - 04:07:27)(time 15009 - 04:10:09) ->    7(time 15083 - 04:11:23)(time 15221 - 04:13:41) ->    6(time 15391 - 04:16:31)(time 15391 - 04:16:31) -> 0
> Trip 5
   0(time 15391 - 04:16:31)(time 15529 - 04:18:49) ->    1(time 16032 - 04:27:12)(time 16194 - 04:29:54) ->    2(time 16268 - 04:31:08)(time 16419 - 04:33:39) ->    3(time 16589 - 04:36:29)(time 16745 - 04:39:05) ->    4(time 16812 - 04:40:12)(time 16975 - 04:42:55) ->    5(time 17145 - 04:45:45)(time 17145 - 04:45:45) ->    11(time 17325 - 04:48:45)(time 17488 - 04:51:28) ->    10(time 17555 - 04:52:35)(time 17711 - 04:55:11) ->    9(time 17881 - 04:58:01)(time 18032 - 05:00:32) ->    8(time 18106 - 05:01:46)(time 18268 - 05:04:28) ->    7(time 18342 - 05:05:42)(time 18480 - 05:08:00) ->    6(time 18650 - 05:10:50)(time 18650 - 05:10:50) -> 0
=============
Train 2
=============
> Trip 0
   0(time 0 - 00:00:00)(time 138 - 00:02:18) ->    1(time 212 - 00:03:32)(time 374 - 00:06:14) ->    2(time 448 - 00:07:28)(time 599 - 00:09:59) ->    3(time 769 - 00:12:49)(time 925 - 00:15:25) ->    4(time 992 - 00:16:32)(time 1155 - 00:19:15) ->    5(time 1428 - 00:23:48)(time 1428 - 00:23:48) ->    11(time 1598 - 00:26:38)(time 1761 - 00:29:21) ->    10(time 1828 - 00:30:28)(time 1984 - 00:33:04) ->    9(time 2154 - 00:35:54)(time 2305 - 00:38:25) ->    8(time 2379 - 00:39:39)(time 2541 - 00:42:21) ->    7(time 2615 - 00:43:35)(time 2753 - 00:45:53) ->    6(time 2923 - 00:48:43)(time 2923 - 00:48:43) -> 0
> Trip 1
   0(time 3016 - 00:50:16)(time 3154 - 00:52:34) ->    1(time 3430 - 00:57:10)(time 3592 - 00:59:52) ->    2(time 3666 - 01:01:06)(time 3817 - 01:03:37) ->    3(time 3987 - 01:06:27)(time 4143 - 01:09:03) ->    4(time 4210 - 01:10:10)(time 4373 - 01:12:53) ->    5(time 4543 - 01:15:43)(time 4543 - 01:15:43) ->    11(time 4723 - 01:18:43)(time 4886 - 01:21:26) ->    10(time 4953 - 01:22:33)(time 5109 - 01:25:09) ->    9(time 5279 - 01:27:59)(time 5430 - 01:30:30) ->    8(time 5504 - 01:31:44)(time 5666 - 01:34:26) ->    7(time 5740 - 01:35:40)(time 5878 - 01:37:58) ->    6(time 6048 - 01:40:48)(time 6048 - 01:40:48) -> 0
> Trip 2
   0(time 6791 - 01:53:11)(time 6929 - 01:55:29) ->    1(time 7003 - 01:56:43)(time 7165 - 01:59:25) ->    2(time 7239 - 02:00:39)(time 7390 - 02:03:10) ->    3(time 7560 - 02:06:00)(time 7716 - 02:08:36) ->    4(time 7783 - 02:09:43)(time 7946 - 02:12:26) ->    5(time 8116 - 02:15:16)(time 8116 - 02:15:16) ->    11(time 8339 - 02:18:59)(time 8502 - 02:21:42) ->    10(time 8569 - 02:22:49)(time 8725 - 02:25:25) ->    9(time 8895 - 02:28:15)(time 9046 - 02:30:46) ->    8(time 9120 - 02:32:00)(time 9282 - 02:34:42) ->    7(time 9356 - 02:35:56)(time 9494 - 02:38:14) ->    6(time 9664 - 02:41:04)(time 9664 - 02:41:04) -> 0
> Trip 3
   0(time 10649 - 02:57:29)(time 10787 - 02:59:47) ->    1(time 10861 - 03:01:01)(time 11023 - 03:03:43) ->    2(time 11097 - 03:04:57)(time 11248 - 03:07:28) ->    3(time 11418 - 03:10:18)(time 11574 - 03:12:54) ->    4(time 11641 - 03:14:01)(time 11804 - 03:16:44) ->    5(time 11974 - 03:19:34)(time 11974 - 03:19:34) ->    11(time 11974 - 03:19:34)(time 12137 - 03:22:17) ->    10(time 12204 - 03:23:24)(time 12360 - 03:26:00) ->    9(time 12530 - 03:28:50)(time 12681 - 03:31:21) ->    8(time 12755 - 03:32:35)(time 12917 - 03:35:17) ->    7(time 13435 - 03:43:55)(time 13573 - 03:46:13) ->    6(time 13743 - 03:49:03)(time 13743 - 03:49:03) -> 0
> Trip 4
   0(time 13743 - 03:49:03)(time 13881 - 03:51:21) ->    1(time 13955 - 03:52:35)(time 14117 - 03:55:17) ->    2(time 14191 - 03:56:31)(time 14342 - 03:59:02) ->    3(time 14512 - 04:01:52)(time 14668 - 04:04:28) ->    4(time 14756 - 04:05:56)(time 14919 - 04:08:39) ->    5(time 15089 - 04:11:29)(time 15089 - 04:11:29) ->    11(time 15089 - 04:11:29)(time 15252 - 04:14:12) ->    10(time 15319 - 04:15:19)(time 15475 - 04:17:55) ->    9(time 15645 - 04:20:45)(time 15796 - 04:23:16) ->    8(time 15870 - 04:24:30)(time 16032 - 04:27:12) ->    7(time 16322 - 04:32:02)(time 16460 - 04:34:20) ->    6(time 16630 - 04:37:10)(time 16630 - 04:37:10) -> 0
> Trip 5
   0(time 16630 - 04:37:10)(time 16768 - 04:39:28) ->    1(time 16842 - 04:40:42)(time 17004 - 04:43:24) ->    2(time 17078 - 04:44:38)(time 17229 - 04:47:09) ->    3(time 17399 - 04:49:59)(time 17555 - 04:52:35) ->    4(time 17725 - 04:55:25)(time 17888 - 04:58:08) ->    5(time 18058 - 05:00:58)(time 18058 - 05:00:58) ->    11(time 18228 - 05:03:48)(time 18391 - 05:06:31) ->    10(time 18458 - 05:07:38)(time 18614 - 05:10:14) ->    9(time 18784 - 05:13:04)(time 18935 - 05:15:35) ->    8(time 19009 - 05:16:49)(time 19171 - 05:19:31) ->    7(time 19245 - 05:20:45)(time 19383 - 05:23:03) ->    6(time 19553 - 05:25:53)(time 19553 - 05:25:53) -> 0
=============
Train 3
=============
> Trip 0
   0(time 733 - 00:12:13)(time 871 - 00:14:31) ->    1(time 945 - 00:15:45)(time 1107 - 00:18:27) ->    2(time 1181 - 00:19:41)(time 1332 - 00:22:12) ->    3(time 1502 - 00:25:02)(time 1658 - 00:27:38) ->    4(time 1828 - 00:30:28)(time 1991 - 00:33:11) ->    5(time 2161 - 00:36:01)(time 2161 - 00:36:01) ->    11(time 2317 - 00:38:37)(time 2480 - 00:41:20) ->    10(time 2547 - 00:42:27)(time 2703 - 00:45:03) ->    9(time 2873 - 00:47:53)(time 3024 - 00:50:24) ->    8(time 3098 - 00:51:38)(time 3260 - 00:54:20) ->    7(time 3430 - 00:57:10)(time 3568 - 00:59:28) ->    6(time 3738 - 01:02:18)(time 3738 - 01:02:18) -> 0
> Trip 1
   0(time 3844 - 01:04:04)(time 3982 - 01:06:22) ->    1(time 4056 - 01:07:36)(time 4218 - 01:10:18) ->    2(time 4292 - 01:11:32)(time 4443 - 01:14:03) ->    3(time 4613 - 01:16:53)(time 4769 - 01:19:29) ->    4(time 4953 - 01:22:33)(time 5116 - 01:25:16) ->    5(time 5540 - 01:32:20)(time 5540 - 01:32:20) ->    11(time 5540 - 01:32:20)(time 5703 - 01:35:03) ->    10(time 5770 - 01:36:10)(time 5926 - 01:38:46) ->    9(time 6096 - 01:41:36)(time 6247 - 01:44:07) ->    8(time 6417 - 01:46:57)(time 6579 - 01:49:39) ->    7(time 6653 - 01:50:53)(time 6791 - 01:53:11) ->    6(time 7081 - 01:58:01)(time 7081 - 01:58:01) -> 0
> Trip 2
   0(time 7081 - 01:58:01)(time 7219 - 02:00:19) ->    1(time 7293 - 02:01:33)(time 7455 - 02:04:15) ->    2(time 7529 - 02:05:29)(time 7680 - 02:08:00) ->    3(time 7850 - 02:10:50)(time 8006 - 02:13:26) ->    4(time 8176 - 02:16:16)(time 8339 - 02:18:59) ->    5(time 8665 - 02:24:25)(time 8665 - 02:24:25) ->    11(time 8665 - 02:24:25)(time 8828 - 02:27:08) ->    10(time 8895 - 02:28:15)(time 9051 - 02:30:51) ->    9(time 9221 - 02:33:41)(time 9372 - 02:36:12) ->    8(time 9446 - 02:37:26)(time 9608 - 02:40:08) ->    7(time 9778 - 02:42:58)(time 9916 - 02:45:16) ->    6(time 10086 - 02:48:06)(time 10086 - 02:48:06) -> 0
> Trip 3
   0(time 10086 - 02:48:06)(time 10224 - 02:50:24) ->    1(time 10298 - 02:51:38)(time 10460 - 02:54:20) ->    2(time 10534 - 02:55:34)(time 10685 - 02:58:05) ->    3(time 10855 - 03:00:55)(time 11011 - 03:03:31) ->    4(time 11078 - 03:04:38)(time 11241 - 03:07:21) ->    5(time 11411 - 03:10:11)(time 11411 - 03:10:11) ->    11(time 11478 - 03:11:18)(time 11641 - 03:14:01) ->    10(time 11854 - 03:17:34)(time 12010 - 03:20:10) ->    9(time 12180 - 03:23:00)(time 12331 - 03:25:31) ->    8(time 12405 - 03:26:45)(time 12567 - 03:29:27) ->    7(time 12641 - 03:30:41)(time 12779 - 03:32:59) ->    6(time 12949 - 03:35:49)(time 12949 - 03:35:49) -> 0
> Trip 4
   0(time 13151 - 03:39:11)(time 13289 - 03:41:29) ->    1(time 13363 - 03:42:43)(time 13525 - 03:45:25) ->    2(time 13599 - 03:46:39)(time 13750 - 03:49:10) ->    3(time 13920 - 03:52:00)(time 14076 - 03:54:36) ->    4(time 14193 - 03:56:33)(time 14356 - 03:59:16) ->    5(time 14526 - 04:02:06)(time 14526 - 04:02:06) ->    11(time 14593 - 04:03:13)(time 14756 - 04:05:56) ->    10(time 14969 - 04:09:29)(time 15125 - 04:12:05) ->    9(time 15295 - 04:14:55)(time 15446 - 04:17:26) ->    8(time 15520 - 04:18:40)(time 15682 - 04:21:22) ->    7(time 15756 - 04:22:36)(time 15894 - 04:24:54) ->    6(time 16064 - 04:27:44)(time 16064 - 04:27:44) -> 0
> Trip 5
   0(time 16170 - 04:29:30)(time 16308 - 04:31:48) ->    1(time 16382 - 04:33:02)(time 16544 - 04:35:44) ->    2(time 16618 - 04:36:58)(time 16769 - 04:39:29) ->    3(time 16939 - 04:42:19)(time 17095 - 04:44:55) ->    4(time 17162 - 04:46:02)(time 17325 - 04:48:45) ->    5(time 17495 - 04:51:35)(time 17495 - 04:51:35) ->    11(time 17888 - 04:58:08)(time 18051 - 05:00:51) ->    10(time 18118 - 05:01:58)(time 18274 - 05:04:34) ->    9(time 18444 - 05:07:24)(time 18595 - 05:09:55) ->    8(time 18669 - 05:11:09)(time 18831 - 05:13:51) ->    7(time 18905 - 05:15:05)(time 19043 - 05:17:23) ->    6(time 19213 - 05:20:13)(time 19213 - 05:20:13) -> 0
=============
Train 4
=============
> Trip 0
   0(time 903 - 00:15:03)(time 1041 - 00:17:21) ->    1(time 1115 - 00:18:35)(time 1277 - 00:21:17) ->    2(time 1351 - 00:22:31)(time 1502 - 00:25:02) ->    3(time 1672 - 00:27:52)(time 1828 - 00:30:28) ->    4(time 2154 - 00:35:54)(time 2317 - 00:38:37) ->    5(time 2487 - 00:41:27)(time 2487 - 00:41:27) ->    11(time 2487 - 00:41:27)(time 2650 - 00:44:10) ->    10(time 2717 - 00:45:17)(time 2873 - 00:47:53) ->    9(time 3043 - 00:50:43)(time 3194 - 00:53:14) ->    8(time 3268 - 00:54:28)(time 3430 - 00:57:10) ->    7(time 3706 - 01:01:46)(time 3844 - 01:04:04) ->    6(time 4014 - 01:06:54)(time 4014 - 01:06:54) -> 0
> Trip 1
   0(time 4014 - 01:06:54)(time 4152 - 01:09:12) ->    1(time 4226 - 01:10:26)(time 4388 - 01:13:08) ->    2(time 4476 - 01:14:36)(time 4627 - 01:17:07) ->    3(time 4797 - 01:19:57)(time 4953 - 01:22:33) ->    4(time 5377 - 01:29:37)(time 5540 - 01:32:20) ->    5(time 5710 - 01:35:10)(time 5710 - 01:35:10) ->    11(time 5710 - 01:35:10)(time 5873 - 01:37:53) ->    10(time 5940 - 01:39:00)(time 6096 - 01:41:36) ->    9(time 6266 - 01:44:26)(time 6417 - 01:46:57) ->    8(time 6491 - 01:48:11)(time 6653 - 01:50:53) ->    7(time 6943 - 01:55:43)(time 7081 - 01:58:01) ->    6(time 7251 - 02:00:51)(time 7251 - 02:00:51) -> 0
> Trip 2
   0(time 7251 - 02:00:51)(time 7389 - 02:03:09) ->    1(time 7463 - 02:04:23)(time 7625 - 02:07:05) ->    2(time 7699 - 02:08:19)(time 7850 - 02:10:50) ->    3(time 8020 - 02:13:40)(time 8176 - 02:16:16) ->    4(time 8502 - 02:21:42)(time 8665 - 02:24:25) ->    5(time 8835 - 02:27:15)(time 8835 - 02:27:15) ->    11(time 8835 - 02:27:15)(time 8998 - 02:29:58) ->    10(time 9065 - 02:31:05)(time 9221 - 02:33:41) ->    9(time 9391 - 02:36:31)(time 9542 - 02:39:02) ->    8(time 9616 - 02:40:16)(time 9778 - 02:42:58) ->    7(time 9948 - 02:45:48)(time 10086 - 02:48:06) ->    6(time 10256 - 02:50:56)(time 10256 - 02:50:56) -> 0
> Trip 3
   0(time 10256 - 02:50:56)(time 10394 - 02:53:14) ->    1(time 10468 - 02:54:28)(time 10630 - 02:57:10) ->    2(time 10704 - 02:58:24)(time 10855 - 03:00:55) ->    3(time 11025 - 03:03:45)(time 11181 - 03:06:21) ->    4(time 11248 - 03:07:28)(time 11411 - 03:10:11) ->    5(time 11581 - 03:13:01)(time 11581 - 03:13:01) ->    11(time 11804 - 03:16:44)(time 11967 - 03:19:27) ->    10(time 12034 - 03:20:34)(time 12190 - 03:23:10) ->    9(time 12360 - 03:26:00)(time 12511 - 03:28:31) ->    8(time 12585 - 03:29:45)(time 12747 - 03:32:27) ->    7(time 12917 - 03:35:17)(time 13055 - 03:37:35) ->    6(time 13225 - 03:40:25)(time 13225 - 03:40:25) -> 0
> Trip 4
   0(time 13225 - 03:40:25)(time 13363 - 03:42:43) ->    1(time 13437 - 03:43:57)(time 13599 - 03:46:39) ->    2(time 13819 - 03:50:19)(time 13970 - 03:52:50) ->    3(time 14140 - 03:55:40)(time 14296 - 03:58:16) ->    4(time 14363 - 03:59:23)(time 14526 - 04:02:06) ->    5(time 14696 - 04:04:56)(time 14696 - 04:04:56) ->    11(time 14919 - 04:08:39)(time 15082 - 04:11:22) ->    10(time 15149 - 04:12:29)(time 15305 - 04:15:05) ->    9(time 15475 - 04:17:55)(time 15626 - 04:20:26) ->    8(time 15700 - 04:21:40)(time 15862 - 04:24:22) ->    7(time 16032 - 04:27:12)(time 16170 - 04:29:30) ->    6(time 16340 - 04:32:20)(time 16340 - 04:32:20) -> 0
> Trip 5
   0(time 16460 - 04:34:20)(time 16598 - 04:36:38) ->    1(time 16672 - 04:37:52)(time 16834 - 04:40:34) ->    2(time 16908 - 04:41:48)(time 17059 - 04:44:19) ->    3(time 17229 - 04:47:09)(time 17385 - 04:49:45) ->    4(time 17555 - 04:52:35)(time 17718 - 04:55:18) ->    5(time 17888 - 04:58:08)(time 17888 - 04:58:08) ->    11(time 17955 - 04:59:15)(time 18118 - 05:01:58) ->    10(time 18288 - 05:04:48)(time 18444 - 05:07:24) ->    9(time 18614 - 05:10:14)(time 18765 - 05:12:45) ->    8(time 18839 - 05:13:59)(time 19001 - 05:16:41) ->    7(time 19075 - 05:17:55)(time 19213 - 05:20:13) ->    6(time 19383 - 05:23:03)(time 19383 - 05:23:03) -> 0
