t5p7r2h2.txt:
   > Trying to open the instance file...
   > Reading number of trains...
   > Reading maximum number of trips per train...
   > Reading time intervals...
   > Reading number of points...
   > Reading stations...
   > Reading crossings...
   > Reading depots...
   > Reading initial point...
   > Reading routes...
   > Reading distance and distance and service...
   > Reading demands...
   > Reading maximum time...
   > Reading alpha...

--------------------------------
 Printing instance
--------------------------------
number of trains = 5
	max trips per trains: 6     6     6     6     6
number of intervals = 2
	(0,  17825)	(17826,  35651)
number of points = 7
	initial point: 6
	stations: 0     1     2     3     5     6
	crossings: 0     1     3     4     6
	depots: 0     6
number of vertices = 14
	total vertices: 0     1     2     3     4     5     6     7     8     9    10    11    12    13
	upper vertices: 0     1     2     3     4     5     6
	lower vertices: 7     8     9    10    11    12    13
	vertices of point #0: (0, 7)
	vertices of point #1: (1, 8)
	vertices of point #2: (2, 9)
	vertices of point #3: (3, 10)
	vertices of point #4: (4, 11)
	vertices of point #5: (5, 12)
	vertices of point #6: (6, 13)

arcs...
	total arcs: 
		arc #0: (0, 1)
		arc #1: (0, 7)
		arc #2: (7, 0)
		arc #3: (1, 2)
		arc #4: (8, 7)
		arc #5: (2, 3)
		arc #6: (9, 8)
		arc #7: (3, 4)
		arc #8: (10, 9)
		arc #9: (4, 5)
		arc #10: (11, 10)
		arc #11: (5, 6)
		arc #12: (12, 11)
		arc #13: (13, 12)
		arc #14: (6, 13)
		arc #15: (13, 6)

	reverse arcs: 
		arc #1: (0, 7)
		arc #2: (7, 0)
		arc #14: (6, 13)
		arc #15: (13, 6)


incompatible points...
	(0, 0, 8, (0, 1))	(8, 8, 0, (8, 7))	(1, 2, 10, (2, 3))	(10, 9, 1, (9, 8))	(3, 3, 11, (3, 4))	(11, 11, 3, (11, 10))	(4, 5, 13, (5, 6))	(13, 12, 4, (12, 11))

number of routes = 2
vertices of routes...
	route #0: 0     1     2     3     4     5     6    13    12    11    10     9     8     7     0
	route #1: 13    12    11    10     9     8     7     0     1     2     3     4     5     6    13
arcs of routes...
	route #0: 0     3     5     7     9    11    14    13    12    10     8     6     4     2
	route #1: 13    12    10     8     6     4     2     0     3     5     7     9    11    14

incompatible routes...
	(0, 1)    	(1, 0)

vertices that can be adjacent in consecutive trips...
	(0, 0)    	(13, 13)
non cyclical routes: 


routes of trip...
	routes that train #0 can complete at trip #0: 1
	routes that train #0 can complete at trip #1: 0       1
	routes that train #0 can complete at trip #2: 0       1
	routes that train #0 can complete at trip #3: 0       1
	routes that train #0 can complete at trip #4: 0       1
	routes that train #0 can complete at trip #5: 0       1

	routes that train #1 can complete at trip #0: 1
	routes that train #1 can complete at trip #1: 0       1
	routes that train #1 can complete at trip #2: 0       1
	routes that train #1 can complete at trip #3: 0       1
	routes that train #1 can complete at trip #4: 0       1
	routes that train #1 can complete at trip #5: 0       1

	routes that train #2 can complete at trip #0: 1
	routes that train #2 can complete at trip #1: 0       1
	routes that train #2 can complete at trip #2: 0       1
	routes that train #2 can complete at trip #3: 0       1
	routes that train #2 can complete at trip #4: 0       1
	routes that train #2 can complete at trip #5: 0       1

	routes that train #3 can complete at trip #0: 1
	routes that train #3 can complete at trip #1: 0       1
	routes that train #3 can complete at trip #2: 0       1
	routes that train #3 can complete at trip #3: 0       1
	routes that train #3 can complete at trip #4: 0       1
	routes that train #3 can complete at trip #5: 0       1

	routes that train #4 can complete at trip #0: 1
	routes that train #4 can complete at trip #1: 0       1
	routes that train #4 can complete at trip #2: 0       1
	routes that train #4 can complete at trip #3: 0       1
	routes that train #4 can complete at trip #4: 0       1
	routes that train #4 can complete at trip #5: 0       1

 cost...
	arc #0 [0][1]: 201
	arc #1 [0][7]: 0
	arc #2 [7][0]: 0
	arc #3 [1][2]: 213
	arc #4 [8][7]: 201
	arc #5 [2][3]: 186
	arc #6 [9][8]: 213
	arc #7 [3][4]: 187
	arc #8 [10][9]: 186
	arc #9 [4][5]: 219
	arc #10 [11][10]: 187
	arc #11 [5][6]: 184
	arc #12 [12][11]: 219
	arc #13 [13][12]: 184
	arc #14 [6][13]: 0
	arc #15 [13][6]: 0

cost with minimum service...
	arc #0 [0][1]: 263
	arc #1 [0][7]: 0
	arc #2 [7][0]: 0
	arc #3 [1][2]: 275
	arc #4 [8][7]: 372
	arc #5 [2][3]: 248
	arc #6 [9][8]: 275
	arc #7 [3][4]: 222
	arc #8 [10][9]: 248
	arc #9 [4][5]: 281
	arc #10 [11][10]: 249
	arc #11 [5][6]: 355
	arc #12 [12][11]: 254
	arc #13 [13][12]: 246
	arc #14 [6][13]: 0
	arc #15 [13][6]: 0

cost with maximum service...
	arc #0 [0][1]: 692
	arc #1 [0][7]: 491
	arc #2 [7][0]: 491
	arc #3 [1][2]: 704
	arc #4 [8][7]: 692
	arc #5 [2][3]: 677
	arc #6 [9][8]: 704
	arc #7 [3][4]: 678
	arc #8 [10][9]: 677
	arc #9 [4][5]: 710
	arc #10 [11][10]: 678
	arc #11 [5][6]: 675
	arc #12 [12][11]: 710
	arc #13 [13][12]: 675
	arc #14 [6][13]: 491
	arc #15 [13][6]: 491

demands...
	demands of vertex 0 at time interval: 14    14
	demands of vertex 1 at time interval: 14    14
	demands of vertex 2 at time interval: 14    14
	demands of vertex 3 at time interval: 14    14
	demands of vertex 4 at time interval: 0     0
	demands of vertex 5 at time interval: 14    14
	demands of vertex 6 at time interval: 0     0
	demands of vertex 7 at time interval: 0     0
	demands of vertex 8 at time interval: 14    14
	demands of vertex 9 at time interval: 14    14
	demands of vertex 10 at time interval: 14    14
	demands of vertex 11 at time interval: 0     0
	demands of vertex 12 at time interval: 14    14
	demands of vertex 13 at time interval: 14    14

maximum time = 35651
alpha = 59

Selecting set of cyclical routes...

Selecting set of initial routes...

Creating initial set of candidate combinations...
Solving candidate combinations...

1/1 candidate combination(s) tested! (Thread 0)
No feasible solution was found...

Removing trips...

Solving candidate combinations...

Found new best - 1/2 candidate combination(s) tested! (Thread 0)
Found new best - 2/2 candidate combination(s) tested! (Thread 0)

Removing trips...

Terminating loop at iteration 2

Relaxing trips, so the model can make changes...

>> Printing some results...
    -> Solution value = 29763 - 08:16:03
    -> Total time = 4809.74

=============
Train 0
=============
> Trip 0
   13(time 1324 - 00:22:04)(time 1508 - 00:25:08) ->    12(time 1570 - 00:26:10)(time 1789 - 00:29:49) ->    11(time 1824 - 00:30:24)(time 2011 - 00:33:31) ->    10(time 2073 - 00:34:33)(time 2259 - 00:37:39) ->    9(time 2321 - 00:38:41)(time 2534 - 00:42:14) ->    8(time 2596 - 00:43:16)(time 2797 - 00:46:37) ->    7(time 2968 - 00:49:28)(time 2968 - 00:49:28) ->    0(time 2968 - 00:49:28)(time 3169 - 00:52:49) ->    1(time 3231 - 00:53:51)(time 3444 - 00:57:24) ->    2(time 3506 - 00:58:26)(time 3692 - 01:01:32) ->    3(time 3754 - 01:02:34)(time 3941 - 01:05:41) ->    4(time 3976 - 01:06:16)(time 4195 - 01:09:55) ->    5(time 4257 - 01:10:57)(time 4441 - 01:14:01) ->    6(time 4612 - 01:16:52)(time 4612 - 01:16:52) -> 13
> Trip 1
   13(time 4612 - 01:16:52)(time 4796 - 01:19:56) ->    12(time 4858 - 01:20:58)(time 5077 - 01:24:37) ->    11(time 5112 - 01:25:12)(time 5299 - 01:28:19) ->    10(time 5361 - 01:29:21)(time 5547 - 01:32:27) ->    9(time 5609 - 01:33:29)(time 5822 - 01:37:02) ->    8(time 5884 - 01:38:04)(time 6085 - 01:41:25) ->    7(time 6256 - 01:44:16)(time 6256 - 01:44:16) ->    0(time 6256 - 01:44:16)(time 6457 - 01:47:37) ->    1(time 6519 - 01:48:39)(time 6732 - 01:52:12) ->    2(time 6794 - 01:53:14)(time 6980 - 01:56:20) ->    3(time 7042 - 01:57:22)(time 7229 - 02:00:29) ->    4(time 7264 - 02:01:04)(time 7483 - 02:04:43) ->    5(time 7545 - 02:05:45)(time 7729 - 02:08:49) ->    6(time 7900 - 02:11:40)(time 7900 - 02:11:40) -> 13
> Trip 2
   13(time 7900 - 02:11:40)(time 8084 - 02:14:44) ->    12(time 8146 - 02:15:46)(time 8365 - 02:19:25) ->    11(time 8400 - 02:20:00)(time 8587 - 02:23:07) ->    10(time 8649 - 02:24:09)(time 8835 - 02:27:15) ->    9(time 8897 - 02:28:17)(time 9110 - 02:31:50) ->    8(time 9172 - 02:32:52)(time 9373 - 02:36:13) ->    7(time 9544 - 02:39:04)(time 9544 - 02:39:04) ->    0(time 9544 - 02:39:04)(time 9745 - 02:42:25) ->    1(time 9807 - 02:43:27)(time 10020 - 02:47:00) ->    2(time 10082 - 02:48:02)(time 10268 - 02:51:08) ->    3(time 10330 - 02:52:10)(time 10517 - 02:55:17) ->    4(time 10552 - 02:55:52)(time 10771 - 02:59:31) ->    5(time 10833 - 03:00:33)(time 11017 - 03:03:37) ->    6(time 11188 - 03:06:28)(time 11188 - 03:06:28) -> 13
> Trip 3
   13(time 11188 - 03:06:28)(time 11372 - 03:09:32) ->    12(time 11434 - 03:10:34)(time 11653 - 03:14:13) ->    11(time 11688 - 03:14:48)(time 11875 - 03:17:55) ->    10(time 11937 - 03:18:57)(time 12123 - 03:22:03) ->    9(time 12185 - 03:23:05)(time 12398 - 03:26:38) ->    8(time 12460 - 03:27:40)(time 12661 - 03:31:01) ->    7(time 12832 - 03:33:52)(time 12832 - 03:33:52) ->    0(time 12832 - 03:33:52)(time 13033 - 03:37:13) ->    1(time 13095 - 03:38:15)(time 13308 - 03:41:48) ->    2(time 13370 - 03:42:50)(time 13556 - 03:45:56) ->    3(time 13618 - 03:46:58)(time 13805 - 03:50:05) ->    4(time 13840 - 03:50:40)(time 14059 - 03:54:19) ->    5(time 14121 - 03:55:21)(time 14305 - 03:58:25) ->    6(time 14476 - 04:01:16)(time 14476 - 04:01:16) -> 13
> Trip 4
   13(time 14476 - 04:01:16)(time 14660 - 04:04:20) ->    12(time 14722 - 04:05:22)(time 14941 - 04:09:01) ->    11(time 14976 - 04:09:36)(time 15163 - 04:12:43) ->    10(time 15225 - 04:13:45)(time 15411 - 04:16:51) ->    9(time 15473 - 04:17:53)(time 15686 - 04:21:26) ->    8(time 15748 - 04:22:28)(time 15949 - 04:25:49) ->    7(time 16120 - 04:28:40)(time 16120 - 04:28:40) ->    0(time 16120 - 04:28:40)(time 16321 - 04:32:01) ->    1(time 16383 - 04:33:03)(time 16596 - 04:36:36) ->    2(time 16658 - 04:37:38)(time 16844 - 04:40:44) ->    3(time 16906 - 04:41:46)(time 17093 - 04:44:53) ->    4(time 17128 - 04:45:28)(time 17347 - 04:49:07) ->    5(time 17409 - 04:50:09)(time 17593 - 04:53:13) ->    6(time 17764 - 04:56:04)(time 17764 - 04:56:04) -> 13
> Trip 5
   13(time 17764 - 04:56:04)(time 17948 - 04:59:08) ->    12(time 18010 - 05:00:10)(time 18229 - 05:03:49) ->    11(time 18264 - 05:04:24)(time 18451 - 05:07:31) ->    10(time 18513 - 05:08:33)(time 18699 - 05:11:39) ->    9(time 18761 - 05:12:41)(time 18974 - 05:16:14) ->    8(time 19036 - 05:17:16)(time 19237 - 05:20:37) ->    7(time 19408 - 05:23:28)(time 19408 - 05:23:28) ->    0(time 19408 - 05:23:28)(time 19609 - 05:26:49) ->    1(time 19671 - 05:27:51)(time 19884 - 05:31:24) ->    2(time 19946 - 05:32:26)(time 20132 - 05:35:32) ->    3(time 20194 - 05:36:34)(time 20381 - 05:39:41) ->    4(time 20416 - 05:40:16)(time 20635 - 05:43:55) ->    5(time 20697 - 05:44:57)(time 20881 - 05:48:01) ->    6(time 21052 - 05:50:52)(time 21052 - 05:50:52) -> 13
=============
Train 1
=============
> Trip 0
   13(time 8634 - 02:23:54)(time 8818 - 02:26:58) ->    12(time 8880 - 02:28:00)(time 9099 - 02:31:39) ->    11(time 9590 - 02:39:50)(time 9777 - 02:42:57) ->    10(time 10268 - 02:51:08)(time 10454 - 02:54:14) ->    9(time 10516 - 02:55:16)(time 10729 - 02:58:49) ->    8(time 10791 - 02:59:51)(time 10992 - 03:03:12) ->    7(time 11163 - 03:06:03)(time 11163 - 03:06:03) ->    0(time 11163 - 03:06:03)(time 11364 - 03:09:24) ->    1(time 11426 - 03:10:26)(time 11639 - 03:13:59) ->    2(time 11701 - 03:15:01)(time 11887 - 03:18:07) ->    3(time 12346 - 03:25:46)(time 12533 - 03:28:53) ->    4(time 12568 - 03:29:28)(time 12787 - 03:33:07) ->    5(time 12849 - 03:34:09)(time 13033 - 03:37:13) ->    6(time 13204 - 03:40:04)(time 13204 - 03:40:04) -> 13
> Trip 1
   13(time 13204 - 03:40:04)(time 13388 - 03:43:08) ->    12(time 13450 - 03:44:10)(time 13669 - 03:47:49) ->    11(time 13976 - 03:52:56)(time 14163 - 03:56:03) ->    10(time 14225 - 03:57:05)(time 14411 - 04:00:11) ->    9(time 14473 - 04:01:13)(time 14686 - 04:04:46) ->    8(time 15175 - 04:12:55)(time 15376 - 04:16:16) ->    7(time 15547 - 04:19:07)(time 15547 - 04:19:07) ->    0(time 15547 - 04:19:07)(time 15748 - 04:22:28) ->    1(time 16001 - 04:26:41)(time 16214 - 04:30:14) ->    2(time 16276 - 04:31:16)(time 16462 - 04:34:22) ->    3(time 16524 - 04:35:24)(time 16711 - 04:38:31) ->    4(time 16746 - 04:39:06)(time 16965 - 04:42:45) ->    5(time 17027 - 04:43:47)(time 17211 - 04:46:51) ->    6(time 17593 - 04:53:13)(time 17593 - 04:53:13) -> 13
> Trip 2
   13(time 17888 - 04:58:08)(time 18072 - 05:01:12) ->    12(time 18278 - 05:04:38)(time 18497 - 05:08:17) ->    11(time 18532 - 05:08:52)(time 18719 - 05:11:59) ->    10(time 18781 - 05:13:01)(time 18967 - 05:16:07) ->    9(time 19458 - 05:24:18)(time 19671 - 05:27:51) ->    8(time 19809 - 05:30:09)(time 20010 - 05:33:30) ->    7(time 20501 - 05:41:41)(time 20501 - 05:41:41) ->    0(time 20501 - 05:41:41)(time 20702 - 05:45:02) ->    1(time 20764 - 05:46:04)(time 20977 - 05:49:37) ->    2(time 21039 - 05:50:39)(time 21225 - 05:53:45) ->    3(time 21365 - 05:56:05)(time 21552 - 05:59:12) ->    4(time 21688 - 06:01:28)(time 21907 - 06:05:07) ->    5(time 21969 - 06:06:09)(time 22153 - 06:09:13) ->    6(time 22324 - 06:12:04)(time 22324 - 06:12:04) -> 13
> Trip 3
   13(time 22324 - 06:12:04)(time 22508 - 06:15:08) ->    12(time 22570 - 06:16:10)(time 22789 - 06:19:49) ->    11(time 23124 - 06:25:24)(time 23311 - 06:28:31) ->    10(time 23591 - 06:33:11)(time 23777 - 06:36:17) ->    9(time 23839 - 06:37:19)(time 24052 - 06:40:52) ->    8(time 24114 - 06:41:54)(time 24315 - 06:45:15) ->    7(time 24486 - 06:48:06)(time 24486 - 06:48:06) ->    0(time 24486 - 06:48:06)(time 24687 - 06:51:27) ->    1(time 24749 - 06:52:29)(time 24962 - 06:56:02) ->    2(time 25024 - 06:57:04)(time 25210 - 07:00:10) ->    3(time 25272 - 07:01:12)(time 25459 - 07:04:19) ->    4(time 25494 - 07:04:54)(time 25713 - 07:08:33) ->    5(time 25775 - 07:09:35)(time 25959 - 07:12:39) ->    6(time 26130 - 07:15:30)(time 26130 - 07:15:30) -> 13
> Trip 4
   13(time 26130 - 07:15:30)(time 26314 - 07:18:34) ->    12(time 26376 - 07:19:36)(time 26595 - 07:23:15) ->    11(time 26630 - 07:23:50)(time 26817 - 07:26:57) ->    10(time 26879 - 07:27:59)(time 27065 - 07:31:05) ->    9(time 27127 - 07:32:07)(time 27340 - 07:35:40) ->    8(time 27402 - 07:36:42)(time 27603 - 07:40:03) ->    7(time 27774 - 07:42:54)(time 27774 - 07:42:54) ->    0(time 27774 - 07:42:54)(time 27975 - 07:46:15) ->    1(time 28037 - 07:47:17)(time 28250 - 07:50:50) ->    2(time 28312 - 07:51:52)(time 28498 - 07:54:58) ->    3(time 28560 - 07:56:00)(time 28747 - 07:59:07) ->    4(time 28782 - 07:59:42)(time 29001 - 08:03:21) ->    5(time 29063 - 08:04:23)(time 29247 - 08:07:27) ->    6(time 29418 - 08:10:18)(time 29418 - 08:10:18) -> 13
> Trip 5
   13(time 29485 - 08:11:25)(time 29669 - 08:14:29) ->    12(time 29731 - 08:15:31)(time 29950 - 08:19:10) ->    11(time 30416 - 08:26:56)(time 30603 - 08:30:03) ->    10(time 30665 - 08:31:05)(time 30851 - 08:34:11) ->    9(time 31340 - 08:42:20)(time 31553 - 08:45:53) ->    8(time 31615 - 08:46:55)(time 31816 - 08:50:16) ->    7(time 31987 - 08:53:07)(time 31987 - 08:53:07) ->    0(time 32096 - 08:54:56)(time 32297 - 08:58:17) ->    1(time 32359 - 08:59:19)(time 32572 - 09:02:52) ->    2(time 32634 - 09:03:54)(time 32820 - 09:07:00) ->    3(time 32882 - 09:08:02)(time 33069 - 09:11:09) ->    4(time 33213 - 09:13:33)(time 33432 - 09:17:12) ->    5(time 33494 - 09:18:14)(time 33678 - 09:21:18) ->    6(time 33849 - 09:24:09)(time 33849 - 09:24:09) -> 13
=============
Train 2
=============
> Trip 0
   13(time 5899 - 01:38:19)(time 6083 - 01:41:23) ->    12(time 6145 - 01:42:25)(time 6364 - 01:46:04) ->    11(time 6855 - 01:54:15)(time 7042 - 01:57:22) ->    10(time 7533 - 02:05:33)(time 7719 - 02:08:39) ->    9(time 7975 - 02:12:55)(time 8188 - 02:16:28) ->    8(time 8679 - 02:24:39)(time 8880 - 02:28:00) ->    7(time 9371 - 02:36:11)(time 9371 - 02:36:11) ->    0(time 9373 - 02:36:13)(time 9574 - 02:39:34) ->    1(time 9636 - 02:40:36)(time 9849 - 02:44:09) ->    2(time 9911 - 02:45:11)(time 10097 - 02:48:17) ->    3(time 10159 - 02:49:19)(time 10346 - 02:52:26) ->    4(time 10381 - 02:53:01)(time 10600 - 02:56:40) ->    5(time 10662 - 02:57:42)(time 10846 - 03:00:46) ->    6(time 11017 - 03:03:37)(time 11017 - 03:03:37) -> 13
> Trip 1
   13(time 11250 - 03:07:30)(time 11434 - 03:10:34) ->    12(time 11496 - 03:11:36)(time 11715 - 03:15:15) ->    11(time 11750 - 03:15:50)(time 11937 - 03:18:57) ->    10(time 11999 - 03:19:59)(time 12185 - 03:23:05) ->    9(time 12247 - 03:24:07)(time 12460 - 03:27:40) ->    8(time 12631 - 03:30:31)(time 12832 - 03:33:52) ->    7(time 13003 - 03:36:43)(time 13003 - 03:36:43) ->    0(time 13003 - 03:36:43)(time 13204 - 03:40:04) ->    1(time 13266 - 03:41:06)(time 13479 - 03:44:39) ->    2(time 13541 - 03:45:41)(time 13727 - 03:48:47) ->    3(time 13789 - 03:49:49)(time 13976 - 03:52:56) ->    4(time 14011 - 03:53:31)(time 14230 - 03:57:10) ->    5(time 14292 - 03:58:12)(time 14476 - 04:01:16) ->    6(time 14647 - 04:04:07)(time 14647 - 04:04:07) -> 13
> Trip 2
   13(time 14647 - 04:04:07)(time 14831 - 04:07:11) ->    12(time 15037 - 04:10:37)(time 15256 - 04:14:16) ->    11(time 15291 - 04:14:51)(time 15478 - 04:17:58) ->    10(time 15540 - 04:19:00)(time 15726 - 04:22:06) ->    9(time 15788 - 04:23:08)(time 16001 - 04:26:41) ->    8(time 16492 - 04:34:52)(time 16693 - 04:38:13) ->    7(time 16864 - 04:41:04)(time 16864 - 04:41:04) ->    0(time 17039 - 04:43:59)(time 17240 - 04:47:20) ->    1(time 17302 - 04:48:22)(time 17515 - 04:51:55) ->    2(time 17577 - 04:52:57)(time 17763 - 04:56:03) ->    3(time 17825 - 04:57:05)(time 18012 - 05:00:12) ->    4(time 18503 - 05:08:23)(time 18722 - 05:12:02) ->    5(time 18784 - 05:13:04)(time 18968 - 05:16:08) ->    6(time 19139 - 05:18:59)(time 19139 - 05:18:59) -> 13
> Trip 3
   13(time 21052 - 05:50:52)(time 21236 - 05:53:56) ->    12(time 21298 - 05:54:58)(time 21517 - 05:58:37) ->    11(time 21552 - 05:59:12)(time 21739 - 06:02:19) ->    10(time 21801 - 06:03:21)(time 21987 - 06:06:27) ->    9(time 22049 - 06:07:29)(time 22262 - 06:11:02) ->    8(time 22324 - 06:12:04)(time 22525 - 06:15:25) ->    7(time 22696 - 06:18:16)(time 22696 - 06:18:16) ->    0(time 22696 - 06:18:16)(time 22897 - 06:21:37) ->    1(time 22959 - 06:22:39)(time 23172 - 06:26:12) ->    2(time 23234 - 06:27:14)(time 23420 - 06:30:20) ->    3(time 23482 - 06:31:22)(time 23669 - 06:34:29) ->    4(time 23704 - 06:35:04)(time 23923 - 06:38:43) ->    5(time 23985 - 06:39:45)(time 24169 - 06:42:49) ->    6(time 24340 - 06:45:40)(time 24340 - 06:45:40) -> 13
> Trip 4
   13(time 24573 - 06:49:33)(time 24757 - 06:52:37) ->    12(time 24819 - 06:53:39)(time 25038 - 06:57:18) ->    11(time 25085 - 06:58:05)(time 25272 - 07:01:12) ->    10(time 25334 - 07:02:14)(time 25520 - 07:05:20) ->    9(time 25582 - 07:06:22)(time 25795 - 07:09:55) ->    8(time 25954 - 07:12:34)(time 26155 - 07:15:55) ->    7(time 26326 - 07:18:46)(time 26326 - 07:18:46) ->    0(time 26648 - 07:24:08)(time 26849 - 07:27:29) ->    1(time 27340 - 07:35:40)(time 27553 - 07:39:13) ->    2(time 27615 - 07:40:15)(time 27801 - 07:43:21) ->    3(time 27863 - 07:44:23)(time 28050 - 07:47:30) ->    4(time 28291 - 07:51:31)(time 28510 - 07:55:10) ->    5(time 28572 - 07:56:12)(time 28756 - 07:59:16) ->    6(time 29247 - 08:07:27)(time 29247 - 08:07:27) -> 13
> Trip 5
   13(time 29951 - 08:19:11)(time 30135 - 08:22:15) ->    12(time 30197 - 08:23:17)(time 30416 - 08:26:56) ->    11(time 30585 - 08:29:45)(time 30772 - 08:32:52) ->    10(time 31263 - 08:41:03)(time 31449 - 08:44:09) ->    9(time 31511 - 08:45:11)(time 31724 - 08:48:44) ->    8(time 31786 - 08:49:46)(time 31987 - 08:53:07) ->    7(time 32158 - 08:55:58)(time 32158 - 08:55:58) ->    0(time 32158 - 08:55:58)(time 32359 - 08:59:19) ->    1(time 32421 - 09:00:21)(time 32634 - 09:03:54) ->    2(time 32696 - 09:04:56)(time 32882 - 09:08:02) ->    3(time 33346 - 09:15:46)(time 33533 - 09:18:53) ->    4(time 33568 - 09:19:28)(time 33787 - 09:23:07) ->    5(time 33849 - 09:24:09)(time 34033 - 09:27:13) ->    6(time 34204 - 09:30:04)(time 34204 - 09:30:04) -> 13
=============
Train 3
=============
> Trip 0
   13(time 1495 - 00:24:55)(time 1679 - 00:27:59) ->    12(time 1741 - 00:29:01)(time 1960 - 00:32:40) ->    11(time 1995 - 00:33:15)(time 2182 - 00:36:22) ->    10(time 2244 - 00:37:24)(time 2430 - 00:40:30) ->    9(time 2492 - 00:41:32)(time 2705 - 00:45:05) ->    8(time 2767 - 00:46:07)(time 2968 - 00:49:28) ->    7(time 3139 - 00:52:19)(time 3139 - 00:52:19) ->    0(time 3139 - 00:52:19)(time 3340 - 00:55:40) ->    1(time 3402 - 00:56:42)(time 3615 - 01:00:15) ->    2(time 3677 - 01:01:17)(time 3863 - 01:04:23) ->    3(time 3925 - 01:05:25)(time 4112 - 01:08:32) ->    4(time 4147 - 01:09:07)(time 4366 - 01:12:46) ->    5(time 4428 - 01:13:48)(time 4612 - 01:16:52) ->    6(time 4880 - 01:21:20)(time 4880 - 01:21:20) -> 13
> Trip 1
   13(time 4880 - 01:21:20)(time 5064 - 01:24:24) ->    12(time 5126 - 01:25:26)(time 5345 - 01:29:05) ->    11(time 5380 - 01:29:40)(time 5567 - 01:32:47) ->    10(time 6058 - 01:40:58)(time 6244 - 01:44:04) ->    9(time 6306 - 01:45:06)(time 6519 - 01:48:39) ->    8(time 6742 - 01:52:22)(time 6943 - 01:55:43) ->    7(time 7434 - 02:03:54)(time 7434 - 02:03:54) ->    0(time 7925 - 02:12:05)(time 8126 - 02:15:26) ->    1(time 8188 - 02:16:28)(time 8401 - 02:20:01) ->    2(time 8463 - 02:21:03)(time 8649 - 02:24:09) ->    3(time 8711 - 02:25:11)(time 8898 - 02:28:18) ->    4(time 9099 - 02:31:39)(time 9318 - 02:35:18) ->    5(time 9380 - 02:36:20)(time 9564 - 02:39:24) ->    6(time 9735 - 02:42:15)(time 9735 - 02:42:15) -> 13
> Trip 2
   13(time 9735 - 02:42:15)(time 9919 - 02:45:19) ->    12(time 9981 - 02:46:21)(time 10200 - 02:50:00) ->    11(time 10691 - 02:58:11)(time 10878 - 03:01:18) ->    10(time 10940 - 03:02:20)(time 11126 - 03:05:26) ->    9(time 11188 - 03:06:28)(time 11401 - 03:10:01) ->    8(time 11463 - 03:11:03)(time 11664 - 03:14:24) ->    7(time 11835 - 03:17:15)(time 11835 - 03:17:15) ->    0(time 12259 - 03:24:19)(time 12460 - 03:27:40) ->    1(time 12749 - 03:32:29)(time 12962 - 03:36:02) ->    2(time 13199 - 03:39:59)(time 13385 - 03:43:05) ->    3(time 13447 - 03:44:07)(time 13634 - 03:47:14) ->    4(time 13669 - 03:47:49)(time 13888 - 03:51:28) ->    5(time 13950 - 03:52:30)(time 14134 - 03:55:34) ->    6(time 14305 - 03:58:25)(time 14305 - 03:58:25) -> 13
> Trip 3
   13(time 14538 - 04:02:18)(time 14722 - 04:05:22) ->    12(time 14784 - 04:06:24)(time 15003 - 04:10:03) ->    11(time 15038 - 04:10:38)(time 15225 - 04:13:45) ->    10(time 15287 - 04:14:47)(time 15473 - 04:17:53) ->    9(time 15535 - 04:18:55)(time 15748 - 04:22:28) ->    8(time 15919 - 04:25:19)(time 16120 - 04:28:40) ->    7(time 16291 - 04:31:31)(time 16291 - 04:31:31) ->    0(time 16291 - 04:31:31)(time 16492 - 04:34:52) ->    1(time 16554 - 04:35:54)(time 16767 - 04:39:27) ->    2(time 16829 - 04:40:29)(time 17015 - 04:43:35) ->    3(time 17077 - 04:44:37)(time 17264 - 04:47:44) ->    4(time 17299 - 04:48:19)(time 17518 - 04:51:58) ->    5(time 17580 - 04:53:00)(time 17764 - 04:56:04) ->    6(time 17935 - 04:58:55)(time 17935 - 04:58:55) -> 13
> Trip 4
   13(time 19125 - 05:18:45)(time 19309 - 05:21:49) ->    12(time 19371 - 05:22:51)(time 19590 - 05:26:30) ->    11(time 19625 - 05:27:05)(time 19812 - 05:30:12) ->    10(time 20303 - 05:38:23)(time 20489 - 05:41:29) ->    9(time 20551 - 05:42:31)(time 20764 - 05:46:04) ->    8(time 20878 - 05:47:58)(time 21079 - 05:51:19) ->    7(time 21250 - 05:54:10)(time 21250 - 05:54:10) ->    0(time 21741 - 06:02:21)(time 21942 - 06:05:42) ->    1(time 22433 - 06:13:53)(time 22646 - 06:17:26) ->    2(time 22708 - 06:18:28)(time 22894 - 06:21:34) ->    3(time 23311 - 06:28:31)(time 23498 - 06:31:38) ->    4(time 23533 - 06:32:13)(time 23752 - 06:35:52) ->    5(time 23814 - 06:36:54)(time 23998 - 06:39:58) ->    6(time 24169 - 06:42:49)(time 24169 - 06:42:49) -> 13
> Trip 5
   13(time 29423 - 08:10:23)(time 29607 - 08:13:27) ->    12(time 29669 - 08:14:29)(time 29888 - 08:18:08) ->    11(time 29923 - 08:18:43)(time 30110 - 08:21:50) ->    10(time 30172 - 08:22:52)(time 30358 - 08:25:58) ->    9(time 30420 - 08:27:00)(time 30633 - 08:30:33) ->    8(time 31124 - 08:38:44)(time 31325 - 08:42:05) ->    7(time 31496 - 08:44:56)(time 31496 - 08:44:56) ->    0(time 31987 - 08:53:07)(time 32188 - 08:56:28) ->    1(time 32297 - 08:58:17)(time 32510 - 09:01:50) ->    2(time 32572 - 09:02:52)(time 32758 - 09:05:58) ->    3(time 32820 - 09:07:00)(time 33007 - 09:10:07) ->    4(time 33042 - 09:10:42)(time 33261 - 09:14:21) ->    5(time 33323 - 09:15:23)(time 33507 - 09:18:27) ->    6(time 33678 - 09:21:18)(time 33678 - 09:21:18) -> 13
=============
Train 4
=============
> Trip 0
   13(time 11539 - 03:12:19)(time 11723 - 03:15:23) ->    12(time 11785 - 03:16:25)(time 12004 - 03:20:04) ->    11(time 12039 - 03:20:39)(time 12226 - 03:23:46) ->    10(time 12288 - 03:24:48)(time 12474 - 03:27:54) ->    9(time 12536 - 03:28:56)(time 12749 - 03:32:29) ->    8(time 13240 - 03:40:40)(time 13441 - 03:44:01) ->    7(time 13932 - 03:52:12)(time 13932 - 03:52:12) ->    0(time 14423 - 04:00:23)(time 14624 - 04:03:44) ->    1(time 14686 - 04:04:46)(time 14899 - 04:08:19) ->    2(time 14961 - 04:09:21)(time 15147 - 04:12:27) ->    3(time 15478 - 04:17:58)(time 15665 - 04:21:05) ->    4(time 15700 - 04:21:40)(time 15919 - 04:25:19) ->    5(time 15981 - 04:26:21)(time 16165 - 04:29:25) ->    6(time 16336 - 04:32:16)(time 16336 - 04:32:16) -> 13
> Trip 1
   13(time 17826 - 04:57:06)(time 18010 - 05:00:10) ->    12(time 18072 - 05:01:12)(time 18291 - 05:04:51) ->    11(time 18326 - 05:05:26)(time 18513 - 05:08:33) ->    10(time 18575 - 05:09:35)(time 18761 - 05:12:41) ->    9(time 18823 - 05:13:43)(time 19036 - 05:17:16) ->    8(time 19207 - 05:20:07)(time 19408 - 05:23:28) ->    7(time 19579 - 05:26:19)(time 19579 - 05:26:19) ->    0(time 19579 - 05:26:19)(time 19780 - 05:29:40) ->    1(time 19842 - 05:30:42)(time 20055 - 05:34:15) ->    2(time 20117 - 05:35:17)(time 20303 - 05:38:23) ->    3(time 20365 - 05:39:25)(time 20552 - 05:42:32) ->    4(time 20587 - 05:43:07)(time 20806 - 05:46:46) ->    5(time 20868 - 05:47:48)(time 21052 - 05:50:52) ->    6(time 21223 - 05:53:43)(time 21223 - 05:53:43) -> 13
> Trip 2
   13(time 21223 - 05:53:43)(time 21407 - 05:56:47) ->    12(time 21469 - 05:57:49)(time 21688 - 06:01:28) ->    11(time 21723 - 06:02:03)(time 21910 - 06:05:10) ->    10(time 21972 - 06:06:12)(time 22158 - 06:09:18) ->    9(time 22220 - 06:10:20)(time 22433 - 06:13:53) ->    8(time 22495 - 06:14:55)(time 22696 - 06:18:16) ->    7(time 22867 - 06:21:07)(time 22867 - 06:21:07) ->    0(time 22867 - 06:21:07)(time 23068 - 06:24:28) ->    1(time 23130 - 06:25:30)(time 23343 - 06:29:03) ->    2(time 23405 - 06:30:05)(time 23591 - 06:33:11) ->    3(time 23653 - 06:34:13)(time 23840 - 06:37:20) ->    4(time 23875 - 06:37:55)(time 24094 - 06:41:34) ->    5(time 24156 - 06:42:36)(time 24340 - 06:45:40) ->    6(time 24511 - 06:48:31)(time 24511 - 06:48:31) -> 13
> Trip 3
   13(time 24511 - 06:48:31)(time 24695 - 06:51:35) ->    12(time 24757 - 06:52:37)(time 24976 - 06:56:16) ->    11(time 25011 - 06:56:51)(time 25198 - 06:59:58) ->    10(time 25260 - 07:01:00)(time 25446 - 07:04:06) ->    9(time 25508 - 07:05:08)(time 25721 - 07:08:41) ->    8(time 25783 - 07:09:43)(time 25984 - 07:13:04) ->    7(time 26155 - 07:15:55)(time 26155 - 07:15:55) ->    0(time 26155 - 07:15:55)(time 26356 - 07:19:16) ->    1(time 26418 - 07:20:18)(time 26631 - 07:23:51) ->    2(time 26693 - 07:24:53)(time 26879 - 07:27:59) ->    3(time 26941 - 07:29:01)(time 27128 - 07:32:08) ->    4(time 27163 - 07:32:43)(time 27382 - 07:36:22) ->    5(time 27444 - 07:37:24)(time 27628 - 07:40:28) ->    6(time 27799 - 07:43:19)(time 27799 - 07:43:19) -> 13
> Trip 4
   13(time 27799 - 07:43:19)(time 27983 - 07:46:23) ->    12(time 28045 - 07:47:25)(time 28264 - 07:51:04) ->    11(time 28299 - 07:51:39)(time 28486 - 07:54:46) ->    10(time 28548 - 07:55:48)(time 28734 - 07:58:54) ->    9(time 28796 - 07:59:56)(time 29009 - 08:03:29) ->    8(time 29071 - 08:04:31)(time 29272 - 08:07:52) ->    7(time 29443 - 08:10:43)(time 29443 - 08:10:43) ->    0(time 29443 - 08:10:43)(time 29644 - 08:14:04) ->    1(time 29706 - 08:15:06)(time 29919 - 08:18:39) ->    2(time 29981 - 08:19:41)(time 30167 - 08:22:47) ->    3(time 30229 - 08:23:49)(time 30416 - 08:26:56) ->    4(time 30451 - 08:27:31)(time 30670 - 08:31:10) ->    5(time 30732 - 08:32:12)(time 30916 - 08:35:16) ->    6(time 31087 - 08:38:07)(time 31087 - 08:38:07) -> 13
> Trip 5
   13(time 31087 - 08:38:07)(time 31271 - 08:41:11) ->    12(time 31333 - 08:42:13)(time 31552 - 08:45:52) ->    11(time 31587 - 08:46:27)(time 31774 - 08:49:34) ->    10(time 31836 - 08:50:36)(time 32022 - 08:53:42) ->    9(time 32084 - 08:54:44)(time 32297 - 08:58:17) ->    8(time 32359 - 08:59:19)(time 32560 - 09:02:40) ->    7(time 32731 - 09:05:31)(time 32731 - 09:05:31) ->    0(time 32731 - 09:05:31)(time 32932 - 09:08:52) ->    1(time 32994 - 09:09:54)(time 33207 - 09:13:27) ->    2(time 33269 - 09:14:29)(time 33455 - 09:17:35) ->    3(time 33517 - 09:18:37)(time 33704 - 09:21:44) ->    4(time 33739 - 09:22:19)(time 33958 - 09:25:58) ->    5(time 34020 - 09:27:00)(time 34204 - 09:30:04) ->    6(time 34375 - 09:32:55)(time 34375 - 09:32:55) -> 13
