t5p8r8h3.txt:
   > Trying to open the instance file...
   > Reading number of trains...
   > Reading maximum number of trips per train...
   > Reading time intervals...
   > Reading number of points...
   > Reading stations...
   > Reading crossings...
   > Reading depots...
   > Reading initial point...
   > Reading routes...
   > Reading distance and distance and service...
   > Reading demands...
   > Reading maximum time...
   > Reading alpha...

--------------------------------
 Printing instance
--------------------------------
number of trains = 5
	max trips per trains: 3     3     3     3     3
number of intervals = 3
	(0,  10136)	(10137,  20272)	(20273,  30409)
number of points = 8
	initial point: 0
	stations: 0     1     2     3     4     5     7
	crossings: 0     1     6     7
	depots: 0     1     7
number of vertices = 16
	total vertices: 0     1     2     3     4     5     6     7     8     9    10    11    12    13    14    15
	upper vertices: 0     1     2     3     4     5     6     7
	lower vertices: 8     9    10    11    12    13    14    15
	vertices of point #0: (0, 8)
	vertices of point #1: (1, 9)
	vertices of point #2: (2, 10)
	vertices of point #3: (3, 11)
	vertices of point #4: (4, 12)
	vertices of point #5: (5, 13)
	vertices of point #6: (6, 14)
	vertices of point #7: (7, 15)

arcs...
	total arcs: 
		arc #0: (0, 1)
		arc #1: (0, 8)
		arc #2: (8, 0)
		arc #3: (1, 2)
		arc #4: (9, 8)
		arc #5: (1, 9)
		arc #6: (9, 1)
		arc #7: (2, 3)
		arc #8: (10, 9)
		arc #9: (3, 4)
		arc #10: (11, 10)
		arc #11: (4, 5)
		arc #12: (12, 11)
		arc #13: (5, 6)
		arc #14: (13, 12)
		arc #15: (6, 7)
		arc #16: (14, 13)
		arc #17: (15, 14)
		arc #18: (7, 15)
		arc #19: (15, 7)

	reverse arcs: 
		arc #1: (0, 8)
		arc #2: (8, 0)
		arc #5: (1, 9)
		arc #6: (9, 1)
		arc #18: (7, 15)
		arc #19: (15, 7)


incompatible points...
	(0, 0, 9, (0, 1))	(9, 9, 0, (9, 8))	(1, 5, 14, (5, 6))	(14, 10, 1, (10, 9))	(6, 6, 15, (6, 7))	(15, 15, 6, (15, 14))

number of routes = 8
vertices of routes...
	route #0: 0     1     2     3     4     5     6     7    15    14    13    12    11    10     9     8     0
	route #1: 15    14    13    12    11    10     9     8     0     1     2     3     4     5     6     7    15
	route #2: 1     2     3     4     5     6     7
	route #3: 9     8
	route #4: 0     1
	route #5: 15    14    13    12    11    10     9
	route #6: 9     8     0     1     9
	route #7: 1     2     3     4     5     6     7    15    14    13    12    11    10     9     1
arcs of routes...
	route #0: 0     3     7     9    11    13    15    18    17    16    14    12    10     8     4     2
	route #1: 17    16    14    12    10     8     4     2     0     3     7     9    11    13    15    18
	route #2: 3     7     9    11    13    15
	route #3: 4
	route #4: 0
	route #5: 17    16    14    12    10     8
	route #6: 4     2     0     5
	route #7: 3     7     9    11    13    15    18    17    16    14    12    10     8     6

incompatible routes...
	(0, 1)    	(0, 2)    	(0, 3)    	(0, 5)    	(0, 6)    	(0, 7)    	(1, 0)    	(1, 2)    	(1, 3)    	(1, 4)    	(1, 6)    	(1, 7)    	(2, 0)    	(2, 2)    	(2, 3)    	(2, 4)    	(2, 6)    	(2, 7)    	(3, 1)    	(3, 2)    	(3, 3)    	(3, 5)    	(3, 6)    	(3, 7)    	(4, 0)    	(4, 1)    	(4, 4)    	(4, 5)    	(5, 0)    	(5, 1)    	(5, 4)    	(5, 5)    	(6, 0)    	(6, 1)    	(6, 4)    	(6, 5)    	(7, 0)    	(7, 1)    	(7, 4)    	(7, 5)

vertices that can be adjacent in consecutive trips...
	(0, 0)    	(1, 1)    	(1, 9)    	(7, 15)    	(8, 0)    	(9, 1)    	(9, 9)    	(15, 15)
non cyclical routes: 
       2       3       4       5

routes of trip...
	routes that train #0 can complete at trip #0: 0       4
	routes that train #0 can complete at trip #1: 0       1       2       3       4       5       6       7
	routes that train #0 can complete at trip #2: 0       1       2       3       4       5       6       7

	routes that train #1 can complete at trip #0: 0       4
	routes that train #1 can complete at trip #1: 0       1       2       3       4       5       6       7
	routes that train #1 can complete at trip #2: 0       1       2       3       4       5       6       7

	routes that train #2 can complete at trip #0: 0       4
	routes that train #2 can complete at trip #1: 0       1       2       3       4       5       6       7
	routes that train #2 can complete at trip #2: 0       1       2       3       4       5       6       7

	routes that train #3 can complete at trip #0: 0       4
	routes that train #3 can complete at trip #1: 0       1       2       3       4       5       6       7
	routes that train #3 can complete at trip #2: 0       1       2       3       4       5       6       7

	routes that train #4 can complete at trip #0: 0       4
	routes that train #4 can complete at trip #1: 0       1       2       3       4       5       6       7
	routes that train #4 can complete at trip #2: 0       1       2       3       4       5       6       7

 cost...
	arc #0 [0][1]: 310
	arc #1 [0][8]: 0
	arc #2 [8][0]: 0
	arc #3 [1][2]: 314
	arc #4 [9][8]: 310
	arc #5 [1][9]: 0
	arc #6 [9][1]: 0
	arc #7 [2][3]: 333
	arc #8 [10][9]: 314
	arc #9 [3][4]: 329
	arc #10 [11][10]: 333
	arc #11 [4][5]: 321
	arc #12 [12][11]: 329
	arc #13 [5][6]: 326
	arc #14 [13][12]: 321
	arc #15 [6][7]: 296
	arc #16 [14][13]: 326
	arc #17 [15][14]: 296
	arc #18 [7][15]: 0
	arc #19 [15][7]: 0

cost with minimum service...
	arc #0 [0][1]: 426
	arc #1 [0][8]: 0
	arc #2 [8][0]: 0
	arc #3 [1][2]: 419
	arc #4 [9][8]: 426
	arc #5 [1][9]: 0
	arc #6 [9][1]: 0
	arc #7 [2][3]: 438
	arc #8 [10][9]: 430
	arc #9 [3][4]: 434
	arc #10 [11][10]: 438
	arc #11 [4][5]: 426
	arc #12 [12][11]: 434
	arc #13 [5][6]: 384
	arc #14 [13][12]: 426
	arc #15 [6][7]: 412
	arc #16 [14][13]: 431
	arc #17 [15][14]: 354
	arc #18 [7][15]: 0
	arc #19 [15][7]: 0

cost with maximum service...
	arc #0 [0][1]: 727
	arc #1 [0][8]: 417
	arc #2 [8][0]: 417
	arc #3 [1][2]: 731
	arc #4 [9][8]: 727
	arc #5 [1][9]: 417
	arc #6 [9][1]: 417
	arc #7 [2][3]: 750
	arc #8 [10][9]: 731
	arc #9 [3][4]: 746
	arc #10 [11][10]: 750
	arc #11 [4][5]: 738
	arc #12 [12][11]: 746
	arc #13 [5][6]: 743
	arc #14 [13][12]: 738
	arc #15 [6][7]: 713
	arc #16 [14][13]: 743
	arc #17 [15][14]: 713
	arc #18 [7][15]: 417
	arc #19 [15][7]: 417

demands...
	demands of vertex 0 at time interval: 4     4     4
	demands of vertex 1 at time interval: 4     4     4
	demands of vertex 2 at time interval: 4     4     4
	demands of vertex 3 at time interval: 4     4     4
	demands of vertex 4 at time interval: 4     4     4
	demands of vertex 5 at time interval: 4     4     4
	demands of vertex 6 at time interval: 0     0     0
	demands of vertex 7 at time interval: 0     0     0
	demands of vertex 8 at time interval: 0     0     0
	demands of vertex 9 at time interval: 4     4     4
	demands of vertex 10 at time interval: 4     4     4
	demands of vertex 11 at time interval: 4     4     4
	demands of vertex 12 at time interval: 4     4     4
	demands of vertex 13 at time interval: 4     4     4
	demands of vertex 14 at time interval: 0     0     0
	demands of vertex 15 at time interval: 4     4     4

maximum time = 30409
alpha = 51

Selecting set of cyclical routes...

Selecting set of initial routes...

Creating initial set of candidate combinations...
Solving candidate combinations...

Found new best - 1/1 candidate combination(s) tested! (Thread 0)

Removing trips...

Solving candidate combinations...

1/3 candidate combination(s) tested! (Thread 0)
2/3 candidate combination(s) tested! (Thread 0)
3/3 candidate combination(s) tested! (Thread 0)

Relaxing trips, so the model can make changes...

>> Printing some results...
    -> Solution value = 17468 - 04:51:08
    -> Total time = 2404.16

=============
Train 0
=============
> Trip 0
   0(time 3802 - 01:03:22)(time 4112 - 01:08:32) ->    1(time 4228 - 01:10:28)(time 4542 - 01:15:42) ->    2(time 4647 - 01:17:27)(time 4980 - 01:23:00) ->    3(time 5085 - 01:24:45)(time 5414 - 01:30:14) ->    4(time 5519 - 01:31:59)(time 5840 - 01:37:20) ->    5(time 5945 - 01:39:05)(time 6271 - 01:44:31) ->    6(time 6329 - 01:45:29)(time 6625 - 01:50:25) ->    7(time 6741 - 01:52:21)(time 6741 - 01:52:21) ->    15(time 6799 - 01:53:19)(time 7095 - 01:58:15) ->    14(time 7512 - 02:05:12)(time 7838 - 02:10:38) ->    13(time 7943 - 02:12:23)(time 8264 - 02:17:44) ->    12(time 8369 - 02:19:29)(time 8698 - 02:24:58) ->    11(time 8803 - 02:26:43)(time 9136 - 02:32:16) ->    10(time 9280 - 02:34:40)(time 9594 - 02:39:54) ->    9(time 9710 - 02:41:50)(time 10020 - 02:47:00) ->    8(time 10136 - 02:48:56)(time 10136 - 02:48:56) -> 0
> Trip 1
   0(time 13154 - 03:39:14)(time 13464 - 03:44:24) ->    1(time 13580 - 03:46:20)(time 13894 - 03:51:34) ->    2(time 13999 - 03:53:19)(time 14332 - 03:58:52) ->    3(time 14437 - 04:00:37)(time 14766 - 04:06:06) ->    4(time 14871 - 04:07:51)(time 15192 - 04:13:12) ->    5(time 15297 - 04:14:57)(time 15623 - 04:20:23) ->    6(time 15739 - 04:22:19)(time 16035 - 04:27:15) ->    7(time 16452 - 04:34:12)(time 16452 - 04:34:12) ->    15(time 16869 - 04:41:09)(time 17165 - 04:46:05) ->    14(time 17223 - 04:47:03)(time 17549 - 04:52:29) ->    13(time 17654 - 04:54:14)(time 17975 - 04:59:35) ->    12(time 18080 - 05:01:20)(time 18409 - 05:06:49) ->    11(time 18514 - 05:08:34)(time 18847 - 05:14:07) ->    10(time 18952 - 05:15:52)(time 19266 - 05:21:06) ->    9(time 19382 - 05:23:02)(time 19692 - 05:28:12) ->    8(time 19808 - 05:30:08)(time 19808 - 05:30:08) -> 0
> Trip 2
   0(time 20785 - 05:46:25)(time 21095 - 05:51:35) ->    1(time 21211 - 05:53:31)(time 21525 - 05:58:45) ->    2(time 21630 - 06:00:30)(time 21963 - 06:06:03) ->    3(time 22068 - 06:07:48)(time 22397 - 06:13:17) ->    4(time 22814 - 06:20:14)(time 23135 - 06:25:35) ->    5(time 23240 - 06:27:20)(time 23566 - 06:32:46) ->    6(time 23682 - 06:34:42)(time 23978 - 06:39:38) ->    7(time 24094 - 06:41:34)(time 24094 - 06:41:34) ->    15(time 24199 - 06:43:19)(time 24495 - 06:48:15) ->    14(time 24553 - 06:49:13)(time 24879 - 06:54:39) ->    13(time 24984 - 06:56:24)(time 25305 - 07:01:45) ->    12(time 25410 - 07:03:30)(time 25739 - 07:08:59) ->    11(time 25844 - 07:10:44)(time 26177 - 07:16:17) ->    10(time 26331 - 07:18:51)(time 26645 - 07:24:05) ->    9(time 26761 - 07:26:01)(time 27071 - 07:31:11) ->    8(time 27488 - 07:38:08)(time 27488 - 07:38:08) -> 0
=============
Train 1
=============
> Trip 0
   0(time 3686 - 01:01:26)(time 3996 - 01:06:36) ->    1(time 4112 - 01:08:32)(time 4426 - 01:13:46) ->    2(time 4531 - 01:15:31)(time 4864 - 01:21:04) ->    3(time 4969 - 01:22:49)(time 5298 - 01:28:18) ->    4(time 5403 - 01:30:03)(time 5724 - 01:35:24) ->    5(time 5829 - 01:37:09)(time 6155 - 01:42:35) ->    6(time 6213 - 01:43:33)(time 6509 - 01:48:29) ->    7(time 6625 - 01:50:25)(time 6625 - 01:50:25) ->    15(time 6741 - 01:52:21)(time 7037 - 01:57:17) ->    14(time 7095 - 01:58:15)(time 7421 - 02:03:41) ->    13(time 7565 - 02:06:05)(time 7886 - 02:11:26) ->    12(time 7991 - 02:13:11)(time 8320 - 02:18:40) ->    11(time 8425 - 02:20:25)(time 8758 - 02:25:58) ->    10(time 8863 - 02:27:43)(time 9177 - 02:32:57) ->    9(time 9594 - 02:39:54)(time 9904 - 02:45:04) ->    8(time 10020 - 02:47:00)(time 10020 - 02:47:00) -> 0
> Trip 1
   0(time 11290 - 03:08:10)(time 11600 - 03:13:20) ->    1(time 11716 - 03:15:16)(time 12030 - 03:20:30) ->    2(time 12135 - 03:22:15)(time 12468 - 03:27:48) ->    3(time 12573 - 03:29:33)(time 12902 - 03:35:02) ->    4(time 13007 - 03:36:47)(time 13328 - 03:42:08) ->    5(time 13745 - 03:49:05)(time 14071 - 03:54:31) ->    6(time 14488 - 04:01:28)(time 14784 - 04:06:24) ->    7(time 15201 - 04:13:21)(time 15201 - 04:13:21) ->    15(time 15327 - 04:15:27)(time 15623 - 04:20:23) ->    14(time 15728 - 04:22:08)(time 16054 - 04:27:34) ->    13(time 16159 - 04:29:19)(time 16480 - 04:34:40) ->    12(time 16585 - 04:36:25)(time 16914 - 04:41:54) ->    11(time 17019 - 04:43:39)(time 17352 - 04:49:12) ->    10(time 17769 - 04:56:09)(time 18083 - 05:01:23) ->    9(time 18500 - 05:08:20)(time 18810 - 05:13:30) ->    8(time 19227 - 05:20:27)(time 19227 - 05:20:27) -> 0
> Trip 2
   0(time 19856 - 05:30:56)(time 20166 - 05:36:06) ->    1(time 20583 - 05:43:03)(time 20897 - 05:48:17) ->    2(time 21002 - 05:50:02)(time 21335 - 05:55:35) ->    3(time 21440 - 05:57:20)(time 21769 - 06:02:49) ->    4(time 21874 - 06:04:34)(time 22195 - 06:09:55) ->    5(time 22300 - 06:11:40)(time 22626 - 06:17:06) ->    6(time 22684 - 06:18:04)(time 22980 - 06:23:00) ->    7(time 23096 - 06:24:56)(time 23096 - 06:24:56) ->    15(time 23212 - 06:26:52)(time 23508 - 06:31:48) ->    14(time 23566 - 06:32:46)(time 23892 - 06:38:12) ->    13(time 24298 - 06:44:58)(time 24619 - 06:50:19) ->    12(time 24724 - 06:52:04)(time 25053 - 06:57:33) ->    11(time 25158 - 06:59:18)(time 25491 - 07:04:51) ->    10(time 25596 - 07:06:36)(time 25910 - 07:11:50) ->    9(time 26026 - 07:13:46)(time 26336 - 07:18:56) ->    8(time 26452 - 07:20:52)(time 26452 - 07:20:52) -> 0
=============
Train 2
=============
> Trip 0
   0(time 4626 - 01:17:06)(time 4936 - 01:22:16) ->    1(time 5052 - 01:24:12)(time 5366 - 01:29:26) ->    2(time 5471 - 01:31:11)(time 5804 - 01:36:44) ->    3(time 5909 - 01:38:29)(time 6238 - 01:43:58) ->    4(time 6343 - 01:45:43)(time 6664 - 01:51:04) ->    5(time 6769 - 01:52:49)(time 7095 - 01:58:15) ->    6(time 7211 - 02:00:11)(time 7507 - 02:05:07) ->    7(time 7623 - 02:07:03)(time 7623 - 02:07:03) ->    15(time 7680 - 02:08:00)(time 7976 - 02:12:56) ->    14(time 8092 - 02:14:52)(time 8418 - 02:20:18) ->    13(time 8523 - 02:22:03)(time 8844 - 02:27:24) ->    12(time 8949 - 02:29:09)(time 9278 - 02:34:38) ->    11(time 9383 - 02:36:23)(time 9716 - 02:41:56) ->    10(time 9821 - 02:43:41)(time 10135 - 02:48:55) ->    9(time 10251 - 02:50:51)(time 10561 - 02:56:01) ->    8(time 10677 - 02:57:57)(time 10677 - 02:57:57) -> 0
> Trip 1
   0(time 12019 - 03:20:19)(time 12329 - 03:25:29) ->    1(time 12445 - 03:27:25)(time 12759 - 03:32:39) ->    2(time 12864 - 03:34:24)(time 13197 - 03:39:57) ->    3(time 13302 - 03:41:42)(time 13631 - 03:47:11) ->    4(time 13736 - 03:48:56)(time 14057 - 03:54:17) ->    5(time 14162 - 03:56:02)(time 14488 - 04:01:28) ->    6(time 14905 - 04:08:25)(time 15201 - 04:13:21) ->    7(time 15618 - 04:20:18)(time 15618 - 04:20:18) ->    15(time 16035 - 04:27:15)(time 16331 - 04:32:11) ->    14(time 16389 - 04:33:09)(time 16715 - 04:38:35) ->    13(time 16820 - 04:40:20)(time 17141 - 04:45:41) ->    12(time 17246 - 04:47:26)(time 17575 - 04:52:55) ->    11(time 17680 - 04:54:40)(time 18013 - 05:00:13) ->    10(time 18430 - 05:07:10)(time 18744 - 05:12:24) ->    9(time 19150 - 05:19:10)(time 19460 - 05:24:20) ->    8(time 19576 - 05:26:16)(time 19576 - 05:26:16) -> 0
> Trip 2
   0(time 20505 - 05:41:45)(time 20815 - 05:46:55) ->    1(time 20931 - 05:48:51)(time 21245 - 05:54:05) ->    2(time 21350 - 05:55:50)(time 21683 - 06:01:23) ->    3(time 21788 - 06:03:08)(time 22117 - 06:08:37) ->    4(time 22222 - 06:10:22)(time 22543 - 06:15:43) ->    5(time 22823 - 06:20:23)(time 23149 - 06:25:49) ->    6(time 23566 - 06:32:46)(time 23862 - 06:37:42) ->    7(time 23978 - 06:39:38)(time 23978 - 06:39:38) ->    15(time 24094 - 06:41:34)(time 24390 - 06:46:30) ->    14(time 24448 - 06:47:28)(time 24774 - 06:52:54) ->    13(time 24879 - 06:54:39)(time 25200 - 07:00:00) ->    12(time 25305 - 07:01:45)(time 25634 - 07:07:14) ->    11(time 25739 - 07:08:59)(time 26072 - 07:14:32) ->    10(time 26177 - 07:16:17)(time 26491 - 07:21:31) ->    9(time 26607 - 07:23:27)(time 26917 - 07:28:37) ->    8(time 27033 - 07:30:33)(time 27033 - 07:30:33) -> 0
=============
Train 3
=============
> Trip 0
   0(time 4510 - 01:15:10)(time 4820 - 01:20:20) ->    1(time 4936 - 01:22:16)(time 5250 - 01:27:30) ->    2(time 5355 - 01:29:15)(time 5688 - 01:34:48) ->    3(time 5804 - 01:36:44)(time 6133 - 01:42:13) ->    4(time 6238 - 01:43:58)(time 6559 - 01:49:19) ->    5(time 6664 - 01:51:04)(time 6990 - 01:56:30) ->    6(time 7095 - 01:58:15)(time 7391 - 02:03:11) ->    7(time 7507 - 02:05:07)(time 7507 - 02:05:07) ->    15(time 7622 - 02:07:02)(time 7918 - 02:11:58) ->    14(time 7976 - 02:12:56)(time 8302 - 02:18:22) ->    13(time 8407 - 02:20:07)(time 8728 - 02:25:28) ->    12(time 8833 - 02:27:13)(time 9162 - 02:32:42) ->    11(time 9267 - 02:34:27)(time 9600 - 02:40:00) ->    10(time 9705 - 02:41:45)(time 10019 - 02:46:59) ->    9(time 10135 - 02:48:55)(time 10445 - 02:54:05) ->    8(time 10561 - 02:56:01)(time 10561 - 02:56:01) -> 0
> Trip 1
   0(time 12737 - 03:32:17)(time 13047 - 03:37:27) ->    1(time 13163 - 03:39:23)(time 13477 - 03:44:37) ->    2(time 13582 - 03:46:22)(time 13915 - 03:51:55) ->    3(time 14020 - 03:53:40)(time 14349 - 03:59:09) ->    4(time 14454 - 04:00:54)(time 14775 - 04:06:15) ->    5(time 14880 - 04:08:00)(time 15206 - 04:13:26) ->    6(time 15623 - 04:20:23)(time 15919 - 04:25:19) ->    7(time 16035 - 04:27:15)(time 16035 - 04:27:15) ->    15(time 16394 - 04:33:14)(time 16690 - 04:38:10) ->    14(time 17107 - 04:45:07)(time 17433 - 04:50:33) ->    13(time 17538 - 04:52:18)(time 17859 - 04:57:39) ->    12(time 17964 - 04:59:24)(time 18293 - 05:04:53) ->    11(time 18398 - 05:06:38)(time 18731 - 05:12:11) ->    10(time 18836 - 05:13:56)(time 19150 - 05:19:10) ->    9(time 19266 - 05:21:06)(time 19576 - 05:26:16) ->    8(time 19692 - 05:28:12)(time 19692 - 05:28:12) -> 0
> Trip 2
   0(time 20389 - 05:39:49)(time 20699 - 05:44:59) ->    1(time 20815 - 05:46:55)(time 21129 - 05:52:09) ->    2(time 21234 - 05:53:54)(time 21567 - 05:59:27) ->    3(time 21672 - 06:01:12)(time 22001 - 06:06:41) ->    4(time 22106 - 06:08:26)(time 22427 - 06:13:47) ->    5(time 22532 - 06:15:32)(time 22858 - 06:20:58) ->    6(time 22916 - 06:21:56)(time 23212 - 06:26:52) ->    7(time 23561 - 06:32:41)(time 23561 - 06:32:41) ->    15(time 23978 - 06:39:38)(time 24274 - 06:44:34) ->    14(time 24332 - 06:45:32)(time 24658 - 06:50:58) ->    13(time 24763 - 06:52:43)(time 25084 - 06:58:04) ->    12(time 25189 - 06:59:49)(time 25518 - 07:05:18) ->    11(time 25623 - 07:07:03)(time 25956 - 07:12:36) ->    10(time 26061 - 07:14:21)(time 26375 - 07:19:35) ->    9(time 26491 - 07:21:31)(time 26801 - 07:26:41) ->    8(time 26917 - 07:28:37)(time 26917 - 07:28:37) -> 0
=============
Train 4
=============
> Trip 0
   0(time 3918 - 01:05:18)(time 4228 - 01:10:28) ->    1(time 4344 - 01:12:24)(time 4658 - 01:17:38) ->    2(time 4763 - 01:19:23)(time 5096 - 01:24:56) ->    3(time 5201 - 01:26:41)(time 5530 - 01:32:10) ->    4(time 5635 - 01:33:55)(time 5956 - 01:39:16) ->    5(time 6061 - 01:41:01)(time 6387 - 01:46:27) ->    6(time 6445 - 01:47:25)(time 6741 - 01:52:21) ->    7(time 7090 - 01:58:10)(time 7090 - 01:58:10) ->    15(time 7507 - 02:05:07)(time 7803 - 02:10:03) ->    14(time 7861 - 02:11:01)(time 8187 - 02:16:27) ->    13(time 8292 - 02:18:12)(time 8613 - 02:23:33) ->    12(time 8718 - 02:25:18)(time 9047 - 02:30:47) ->    11(time 9152 - 02:32:32)(time 9485 - 02:38:05) ->    10(time 9590 - 02:39:50)(time 9904 - 02:45:04) ->    9(time 10020 - 02:47:00)(time 10330 - 02:52:10) ->    8(time 10446 - 02:54:06)(time 10446 - 02:54:06) -> 0
> Trip 1
   0(time 10561 - 02:56:01)(time 10871 - 03:01:11) ->    1(time 10987 - 03:03:07)(time 11301 - 03:08:21) ->    2(time 11406 - 03:10:06)(time 11739 - 03:15:39) ->    3(time 11844 - 03:17:24)(time 12173 - 03:22:53) ->    4(time 12590 - 03:29:50)(time 12911 - 03:35:11) ->    5(time 13328 - 03:42:08)(time 13654 - 03:47:34) ->    6(time 14071 - 03:54:31)(time 14367 - 03:59:27) ->    7(time 14784 - 04:06:24)(time 14784 - 04:06:24) ->    15(time 15201 - 04:13:21)(time 15497 - 04:18:17) ->    14(time 15623 - 04:20:23)(time 15949 - 04:25:49) ->    13(time 16054 - 04:27:34)(time 16375 - 04:32:55) ->    12(time 16480 - 04:34:40)(time 16809 - 04:40:09) ->    11(time 16914 - 04:41:54)(time 17247 - 04:47:27) ->    10(time 17352 - 04:49:12)(time 17666 - 04:54:26) ->    9(time 17782 - 04:56:22)(time 18092 - 05:01:32) ->    8(time 18208 - 05:03:28)(time 18208 - 05:03:28) -> 0
> Trip 2
   0(time 20273 - 05:37:53)(time 20583 - 05:43:03) ->    1(time 20699 - 05:44:59)(time 21013 - 05:50:13) ->    2(time 21118 - 05:51:58)(time 21451 - 05:57:31) ->    3(time 21556 - 05:59:16)(time 21885 - 06:04:45) ->    4(time 21990 - 06:06:30)(time 22311 - 06:11:51) ->    5(time 22416 - 06:13:36)(time 22742 - 06:19:02) ->    6(time 22800 - 06:20:00)(time 23096 - 06:24:56) ->    7(time 23212 - 06:26:52)(time 23212 - 06:26:52) ->    15(time 23270 - 06:27:50)(time 23566 - 06:32:46) ->    14(time 23983 - 06:39:43)(time 24309 - 06:45:09) ->    13(time 24414 - 06:46:54)(time 24735 - 06:52:15) ->    12(time 24840 - 06:54:00)(time 25169 - 06:59:29) ->    11(time 25274 - 07:01:14)(time 25607 - 07:06:47) ->    10(time 25712 - 07:08:32)(time 26026 - 07:13:46) ->    9(time 26142 - 07:15:42)(time 26452 - 07:20:52) ->    8(time 26568 - 07:22:48)(time 26568 - 07:22:48) -> 0
