t5p8r8h3.txt:
   > Trying to open the instance file...
   > Reading number of trains...
   > Reading maximum number of trips per train...
   > Reading time intervals...
   > Reading number of points...
   > Reading stations...
   > Reading crossings...
   > Reading depots...
   > Reading initial point...
   > Reading routes...
   > Reading distance and distance and service...
   > Reading demands...
   > Reading maximum time...
   > Reading alpha...

--------------------------------
 Printing instance
--------------------------------
number of trains = 5
	max trips per trains: 3     3     3     3     3
number of intervals = 3
	(0,  10136)	(10137,  20272)	(20273,  30409)
number of points = 8
	initial point: 0
	stations: 0     1     2     3     4     5     7
	crossings: 0     1     6     7
	depots: 0     1     7
number of vertices = 16
	total vertices: 0     1     2     3     4     5     6     7     8     9    10    11    12    13    14    15
	upper vertices: 0     1     2     3     4     5     6     7
	lower vertices: 8     9    10    11    12    13    14    15
	vertices of point #0: (0, 8)
	vertices of point #1: (1, 9)
	vertices of point #2: (2, 10)
	vertices of point #3: (3, 11)
	vertices of point #4: (4, 12)
	vertices of point #5: (5, 13)
	vertices of point #6: (6, 14)
	vertices of point #7: (7, 15)

arcs...
	total arcs: 
		arc #0: (0, 1)
		arc #1: (0, 8)
		arc #2: (8, 0)
		arc #3: (1, 2)
		arc #4: (9, 8)
		arc #5: (1, 9)
		arc #6: (9, 1)
		arc #7: (2, 3)
		arc #8: (10, 9)
		arc #9: (3, 4)
		arc #10: (11, 10)
		arc #11: (4, 5)
		arc #12: (12, 11)
		arc #13: (5, 6)
		arc #14: (13, 12)
		arc #15: (6, 7)
		arc #16: (14, 13)
		arc #17: (15, 14)
		arc #18: (7, 15)
		arc #19: (15, 7)

	reverse arcs: 
		arc #1: (0, 8)
		arc #2: (8, 0)
		arc #5: (1, 9)
		arc #6: (9, 1)
		arc #18: (7, 15)
		arc #19: (15, 7)


incompatible points...
	(0, 0, 9, (0, 1))	(9, 9, 0, (9, 8))	(1, 5, 14, (5, 6))	(14, 10, 1, (10, 9))	(6, 6, 15, (6, 7))	(15, 15, 6, (15, 14))

number of routes = 8
vertices of routes...
	route #0: 0     1     2     3     4     5     6     7    15    14    13    12    11    10     9     8     0
	route #1: 15    14    13    12    11    10     9     8     0     1     2     3     4     5     6     7    15
	route #2: 1     2     3     4     5     6     7
	route #3: 9     8
	route #4: 0     1
	route #5: 15    14    13    12    11    10     9
	route #6: 9     8     0     1     9
	route #7: 1     2     3     4     5     6     7    15    14    13    12    11    10     9     1
arcs of routes...
	route #0: 0     3     7     9    11    13    15    18    17    16    14    12    10     8     4     2
	route #1: 17    16    14    12    10     8     4     2     0     3     7     9    11    13    15    18
	route #2: 3     7     9    11    13    15
	route #3: 4
	route #4: 0
	route #5: 17    16    14    12    10     8
	route #6: 4     2     0     5
	route #7: 3     7     9    11    13    15    18    17    16    14    12    10     8     6

incompatible routes...
	(0, 1)    	(0, 2)    	(0, 3)    	(0, 5)    	(0, 6)    	(0, 7)    	(1, 0)    	(1, 2)    	(1, 3)    	(1, 4)    	(1, 6)    	(1, 7)    	(2, 0)    	(2, 2)    	(2, 3)    	(2, 4)    	(2, 6)    	(2, 7)    	(3, 1)    	(3, 2)    	(3, 3)    	(3, 5)    	(3, 6)    	(3, 7)    	(4, 0)    	(4, 1)    	(4, 4)    	(4, 5)    	(5, 0)    	(5, 1)    	(5, 4)    	(5, 5)    	(6, 0)    	(6, 1)    	(6, 4)    	(6, 5)    	(7, 0)    	(7, 1)    	(7, 4)    	(7, 5)

vertices that can be adjacent in consecutive trips...
	(0, 0)    	(1, 1)    	(1, 9)    	(7, 15)    	(8, 0)    	(9, 1)    	(9, 9)    	(15, 15)
non cyclical routes: 
       2       3       4       5

routes of trip...
	routes that train #0 can complete at trip #0: 0       4
	routes that train #0 can complete at trip #1: 0       1       2       3       4       5       6       7
	routes that train #0 can complete at trip #2: 0       1       2       3       4       5       6       7

	routes that train #1 can complete at trip #0: 0       4
	routes that train #1 can complete at trip #1: 0       1       2       3       4       5       6       7
	routes that train #1 can complete at trip #2: 0       1       2       3       4       5       6       7

	routes that train #2 can complete at trip #0: 0       4
	routes that train #2 can complete at trip #1: 0       1       2       3       4       5       6       7
	routes that train #2 can complete at trip #2: 0       1       2       3       4       5       6       7

	routes that train #3 can complete at trip #0: 0       4
	routes that train #3 can complete at trip #1: 0       1       2       3       4       5       6       7
	routes that train #3 can complete at trip #2: 0       1       2       3       4       5       6       7

	routes that train #4 can complete at trip #0: 0       4
	routes that train #4 can complete at trip #1: 0       1       2       3       4       5       6       7
	routes that train #4 can complete at trip #2: 0       1       2       3       4       5       6       7

 cost...
	arc #0 [0][1]: 310
	arc #1 [0][8]: 0
	arc #2 [8][0]: 0
	arc #3 [1][2]: 314
	arc #4 [9][8]: 310
	arc #5 [1][9]: 0
	arc #6 [9][1]: 0
	arc #7 [2][3]: 333
	arc #8 [10][9]: 314
	arc #9 [3][4]: 329
	arc #10 [11][10]: 333
	arc #11 [4][5]: 321
	arc #12 [12][11]: 329
	arc #13 [5][6]: 326
	arc #14 [13][12]: 321
	arc #15 [6][7]: 296
	arc #16 [14][13]: 326
	arc #17 [15][14]: 296
	arc #18 [7][15]: 0
	arc #19 [15][7]: 0

cost with minimum service...
	arc #0 [0][1]: 426
	arc #1 [0][8]: 0
	arc #2 [8][0]: 0
	arc #3 [1][2]: 419
	arc #4 [9][8]: 426
	arc #5 [1][9]: 0
	arc #6 [9][1]: 0
	arc #7 [2][3]: 438
	arc #8 [10][9]: 430
	arc #9 [3][4]: 434
	arc #10 [11][10]: 438
	arc #11 [4][5]: 426
	arc #12 [12][11]: 434
	arc #13 [5][6]: 384
	arc #14 [13][12]: 426
	arc #15 [6][7]: 412
	arc #16 [14][13]: 431
	arc #17 [15][14]: 354
	arc #18 [7][15]: 0
	arc #19 [15][7]: 0

cost with maximum service...
	arc #0 [0][1]: 727
	arc #1 [0][8]: 417
	arc #2 [8][0]: 417
	arc #3 [1][2]: 731
	arc #4 [9][8]: 727
	arc #5 [1][9]: 417
	arc #6 [9][1]: 417
	arc #7 [2][3]: 750
	arc #8 [10][9]: 731
	arc #9 [3][4]: 746
	arc #10 [11][10]: 750
	arc #11 [4][5]: 738
	arc #12 [12][11]: 746
	arc #13 [5][6]: 743
	arc #14 [13][12]: 738
	arc #15 [6][7]: 713
	arc #16 [14][13]: 743
	arc #17 [15][14]: 713
	arc #18 [7][15]: 417
	arc #19 [15][7]: 417

demands...
	demands of vertex 0 at time interval: 4     4     4
	demands of vertex 1 at time interval: 4     4     4
	demands of vertex 2 at time interval: 4     4     4
	demands of vertex 3 at time interval: 4     4     4
	demands of vertex 4 at time interval: 4     4     4
	demands of vertex 5 at time interval: 4     4     4
	demands of vertex 6 at time interval: 0     0     0
	demands of vertex 7 at time interval: 0     0     0
	demands of vertex 8 at time interval: 0     0     0
	demands of vertex 9 at time interval: 4     4     4
	demands of vertex 10 at time interval: 4     4     4
	demands of vertex 11 at time interval: 4     4     4
	demands of vertex 12 at time interval: 4     4     4
	demands of vertex 13 at time interval: 4     4     4
	demands of vertex 14 at time interval: 0     0     0
	demands of vertex 15 at time interval: 4     4     4

maximum time = 30409
alpha = 51
Starting to test combinations... - Total number of combinations = 11881376
Found new best - 1/11881376
10% done - 1188138/11881376 combination(s) tested! (Thread 0)
20% done - 2376276/11881376 combination(s) tested! (Thread 0)
30% done - 3564414/11881376 combination(s) tested! (Thread 0)
40% done - 4752552/11881376 combination(s) tested! (Thread 0)
50% done - 5940690/11881376 combination(s) tested! (Thread 0)
60% done - 7128828/11881376 combination(s) tested! (Thread 0)
70% done - 8316966/11881376 combination(s) tested! (Thread 0)
80% done - 9505104/11881376 combination(s) tested! (Thread 0)
90% done - 10693242/11881376 combination(s) tested! (Thread 0)
All combination(s) tested!
1/11881376 were feasible combination(s)! - (0.000%)

>> Printing some results...
    -> Solution value = 17468 - 04:51:08
    -> Total time = 3860.97
    -> Gap value = 0.00

=============
Train 0
=============
> Trip 0
   0(time 4626 - 01:17:06)(time 4936 - 01:22:16) ->    1(time 5052 - 01:24:12)(time 5366 - 01:29:26) ->    2(time 5471 - 01:31:11)(time 5804 - 01:36:44) ->    3(time 5909 - 01:38:29)(time 6238 - 01:43:58) ->    4(time 6343 - 01:45:43)(time 6664 - 01:51:04) ->    5(time 6769 - 01:52:49)(time 7095 - 01:58:15) ->    6(time 7211 - 02:00:11)(time 7507 - 02:05:07) ->    7(time 7623 - 02:07:03)(time 7623 - 02:07:03) ->    15(time 7688 - 02:08:08)(time 7984 - 02:13:04) ->    14(time 8401 - 02:20:01)(time 8727 - 02:25:27) ->    13(time 9144 - 02:32:24)(time 9465 - 02:37:45) ->    12(time 9570 - 02:39:30)(time 9899 - 02:44:59) ->    11(time 10004 - 02:46:44)(time 10337 - 02:52:17) ->    10(time 10442 - 02:54:02)(time 10756 - 02:59:16) ->    9(time 10872 - 03:01:12)(time 11182 - 03:06:22) ->    8(time 11599 - 03:13:19)(time 11599 - 03:13:19) -> 0
> Trip 1
   0(time 11599 - 03:13:19)(time 11909 - 03:18:29) ->    1(time 12025 - 03:20:25)(time 12339 - 03:25:39) ->    2(time 12444 - 03:27:24)(time 12777 - 03:32:57) ->    3(time 12882 - 03:34:42)(time 13211 - 03:40:11) ->    4(time 13316 - 03:41:56)(time 13637 - 03:47:17) ->    5(time 14043 - 03:54:03)(time 14369 - 03:59:29) ->    6(time 14485 - 04:01:25)(time 14781 - 04:06:21) ->    7(time 14897 - 04:08:17)(time 14897 - 04:08:17) ->    15(time 14944 - 04:09:04)(time 15240 - 04:14:00) ->    14(time 15345 - 04:15:45)(time 15671 - 04:21:11) ->    13(time 15798 - 04:23:18)(time 16119 - 04:28:39) ->    12(time 16224 - 04:30:24)(time 16553 - 04:35:53) ->    11(time 16658 - 04:37:38)(time 16991 - 04:43:11) ->    10(time 17096 - 04:44:56)(time 17410 - 04:50:10) ->    9(time 17526 - 04:52:06)(time 17836 - 04:57:16) ->    8(time 17952 - 04:59:12)(time 17952 - 04:59:12) -> 0
> Trip 2
   0(time 21097 - 05:51:37)(time 21407 - 05:56:47) ->    1(time 21523 - 05:58:43)(time 21837 - 06:03:57) ->    2(time 21942 - 06:05:42)(time 22275 - 06:11:15) ->    3(time 22380 - 06:13:00)(time 22709 - 06:18:29) ->    4(time 22814 - 06:20:14)(time 23135 - 06:25:35) ->    5(time 23240 - 06:27:20)(time 23566 - 06:32:46) ->    6(time 23682 - 06:34:42)(time 23978 - 06:39:38) ->    7(time 24094 - 06:41:34)(time 24094 - 06:41:34) ->    15(time 24210 - 06:43:30)(time 24506 - 06:48:26) ->    14(time 24564 - 06:49:24)(time 24890 - 06:54:50) ->    13(time 24995 - 06:56:35)(time 25316 - 07:01:56) ->    12(time 25421 - 07:03:41)(time 25750 - 07:09:10) ->    11(time 25855 - 07:10:55)(time 26188 - 07:16:28) ->    10(time 26526 - 07:22:06)(time 26840 - 07:27:20) ->    9(time 26956 - 07:29:16)(time 27266 - 07:34:26) ->    8(time 27382 - 07:36:22)(time 27382 - 07:36:22) -> 0
=============
Train 1
=============
> Trip 0
   0(time 3628 - 01:00:28)(time 3938 - 01:05:38) ->    1(time 4112 - 01:08:32)(time 4426 - 01:13:46) ->    2(time 4531 - 01:15:31)(time 4864 - 01:21:04) ->    3(time 4969 - 01:22:49)(time 5298 - 01:28:18) ->    4(time 5403 - 01:30:03)(time 5724 - 01:35:24) ->    5(time 5829 - 01:37:09)(time 6155 - 01:42:35) ->    6(time 6213 - 01:43:33)(time 6509 - 01:48:29) ->    7(time 6625 - 01:50:25)(time 6625 - 01:50:25) ->    15(time 6741 - 01:52:21)(time 7037 - 01:57:17) ->    14(time 7095 - 01:58:15)(time 7421 - 02:03:41) ->    13(time 7526 - 02:05:26)(time 7847 - 02:10:47) ->    12(time 7952 - 02:12:32)(time 8281 - 02:18:01) ->    11(time 8386 - 02:19:46)(time 8719 - 02:25:19) ->    10(time 9057 - 02:30:57)(time 9371 - 02:36:11) ->    9(time 9487 - 02:38:07)(time 9797 - 02:43:17) ->    8(time 10214 - 02:50:14)(time 10214 - 02:50:14) -> 0
> Trip 1
   0(time 10562 - 02:56:02)(time 10872 - 03:01:12) ->    1(time 11180 - 03:06:20)(time 11494 - 03:11:34) ->    2(time 11599 - 03:13:19)(time 11932 - 03:18:52) ->    3(time 12349 - 03:25:49)(time 12678 - 03:31:18) ->    4(time 12783 - 03:33:03)(time 13104 - 03:38:24) ->    5(time 13209 - 03:40:09)(time 13535 - 03:45:35) ->    6(time 13593 - 03:46:33)(time 13889 - 03:51:29) ->    7(time 14005 - 03:53:25)(time 14005 - 03:53:25) ->    15(time 14073 - 03:54:33)(time 14369 - 03:59:29) ->    14(time 14485 - 04:01:25)(time 14811 - 04:06:51) ->    13(time 14916 - 04:08:36)(time 15237 - 04:13:57) ->    12(time 15342 - 04:15:42)(time 15671 - 04:21:11) ->    11(time 15776 - 04:22:56)(time 16109 - 04:28:29) ->    10(time 16214 - 04:30:14)(time 16528 - 04:35:28) ->    9(time 16644 - 04:37:24)(time 16954 - 04:42:34) ->    8(time 17070 - 04:44:30)(time 17070 - 04:44:30) -> 0
> Trip 2
   0(time 20981 - 05:49:41)(time 21291 - 05:54:51) ->    1(time 21407 - 05:56:47)(time 21721 - 06:02:01) ->    2(time 21826 - 06:03:46)(time 22159 - 06:09:19) ->    3(time 22264 - 06:11:04)(time 22593 - 06:16:33) ->    4(time 22698 - 06:18:18)(time 23019 - 06:23:39) ->    5(time 23135 - 06:25:35)(time 23461 - 06:31:01) ->    6(time 23566 - 06:32:46)(time 23862 - 06:37:42) ->    7(time 23978 - 06:39:38)(time 23978 - 06:39:38) ->    15(time 24094 - 06:41:34)(time 24390 - 06:46:30) ->    14(time 24448 - 06:47:28)(time 24774 - 06:52:54) ->    13(time 24879 - 06:54:39)(time 25200 - 07:00:00) ->    12(time 25305 - 07:01:45)(time 25634 - 07:07:14) ->    11(time 25739 - 07:08:59)(time 26072 - 07:14:32) ->    10(time 26177 - 07:16:17)(time 26491 - 07:21:31) ->    9(time 26607 - 07:23:27)(time 26917 - 07:28:37) ->    8(time 27033 - 07:30:33)(time 27033 - 07:30:33) -> 0
=============
Train 2
=============
> Trip 0
   0(time 3918 - 01:05:18)(time 4228 - 01:10:28) ->    1(time 4344 - 01:12:24)(time 4658 - 01:17:38) ->    2(time 4763 - 01:19:23)(time 5096 - 01:24:56) ->    3(time 5201 - 01:26:41)(time 5530 - 01:32:10) ->    4(time 5635 - 01:33:55)(time 5956 - 01:39:16) ->    5(time 6061 - 01:41:01)(time 6387 - 01:46:27) ->    6(time 6445 - 01:47:25)(time 6741 - 01:52:21) ->    7(time 7158 - 01:59:18)(time 7158 - 01:59:18) ->    15(time 7507 - 02:05:07)(time 7803 - 02:10:03) ->    14(time 7861 - 02:11:01)(time 8187 - 02:16:27) ->    13(time 8292 - 02:18:12)(time 8613 - 02:23:33) ->    12(time 8718 - 02:25:18)(time 9047 - 02:30:47) ->    11(time 9152 - 02:32:32)(time 9485 - 02:38:05) ->    10(time 9590 - 02:39:50)(time 9904 - 02:45:04) ->    9(time 10020 - 02:47:00)(time 10330 - 02:52:10) ->    8(time 10446 - 02:54:06)(time 10446 - 02:54:06) -> 0
> Trip 1
   0(time 10446 - 02:54:06)(time 10756 - 02:59:16) ->    1(time 10872 - 03:01:12)(time 11186 - 03:06:26) ->    2(time 11291 - 03:08:11)(time 11624 - 03:13:44) ->    3(time 11729 - 03:15:29)(time 12058 - 03:20:58) ->    4(time 12163 - 03:22:43)(time 12484 - 03:28:04) ->    5(time 12589 - 03:29:49)(time 12915 - 03:35:15) ->    6(time 12973 - 03:36:13)(time 13269 - 03:41:09) ->    7(time 13588 - 03:46:28)(time 13588 - 03:46:28) ->    15(time 14005 - 03:53:25)(time 14301 - 03:58:21) ->    14(time 14369 - 03:59:29)(time 14695 - 04:04:55) ->    13(time 14800 - 04:06:40)(time 15121 - 04:12:01) ->    12(time 15226 - 04:13:46)(time 15555 - 04:19:15) ->    11(time 15660 - 04:21:00)(time 15993 - 04:26:33) ->    10(time 16098 - 04:28:18)(time 16412 - 04:33:32) ->    9(time 16528 - 04:35:28)(time 16838 - 04:40:38) ->    8(time 16954 - 04:42:34)(time 16954 - 04:42:34) -> 0
> Trip 2
   0(time 20157 - 05:35:57)(time 20467 - 05:41:07) ->    1(time 20583 - 05:43:03)(time 20897 - 05:48:17) ->    2(time 21002 - 05:50:02)(time 21335 - 05:55:35) ->    3(time 21440 - 05:57:20)(time 21769 - 06:02:49) ->    4(time 21874 - 06:04:34)(time 22195 - 06:09:55) ->    5(time 22300 - 06:11:40)(time 22626 - 06:17:06) ->    6(time 22684 - 06:18:04)(time 22980 - 06:23:00) ->    7(time 23096 - 06:24:56)(time 23096 - 06:24:56) ->    15(time 23212 - 06:26:52)(time 23508 - 06:31:48) ->    14(time 23566 - 06:32:46)(time 23892 - 06:38:12) ->    13(time 23997 - 06:39:57)(time 24318 - 06:45:18) ->    12(time 24423 - 06:47:03)(time 24752 - 06:52:32) ->    11(time 24857 - 06:54:17)(time 25190 - 06:59:50) ->    10(time 25295 - 07:01:35)(time 25609 - 07:06:49) ->    9(time 25725 - 07:08:45)(time 26035 - 07:13:55) ->    8(time 26151 - 07:15:51)(time 26151 - 07:15:51) -> 0
=============
Train 3
=============
> Trip 0
   0(time 4510 - 01:15:10)(time 4820 - 01:20:20) ->    1(time 4936 - 01:22:16)(time 5250 - 01:27:30) ->    2(time 5366 - 01:29:26)(time 5699 - 01:34:59) ->    3(time 5804 - 01:36:44)(time 6133 - 01:42:13) ->    4(time 6238 - 01:43:58)(time 6559 - 01:49:19) ->    5(time 6664 - 01:51:04)(time 6990 - 01:56:30) ->    6(time 7095 - 01:58:15)(time 7391 - 02:03:11) ->    7(time 7507 - 02:05:07)(time 7507 - 02:05:07) ->    15(time 7565 - 02:06:05)(time 7861 - 02:11:01) ->    14(time 7977 - 02:12:57)(time 8303 - 02:18:23) ->    13(time 8408 - 02:20:08)(time 8729 - 02:25:29) ->    12(time 8834 - 02:27:14)(time 9163 - 02:32:43) ->    11(time 9268 - 02:34:28)(time 9601 - 02:40:01) ->    10(time 9706 - 02:41:46)(time 10020 - 02:47:00) ->    9(time 10136 - 02:48:56)(time 10446 - 02:54:06) ->    8(time 10562 - 02:56:02)(time 10562 - 02:56:02) -> 0
> Trip 1
   0(time 11182 - 03:06:22)(time 11492 - 03:11:32) ->    1(time 11608 - 03:13:28)(time 11922 - 03:18:42) ->    2(time 12027 - 03:20:27)(time 12360 - 03:26:00) ->    3(time 12465 - 03:27:45)(time 12794 - 03:33:14) ->    4(time 12899 - 03:34:59)(time 13220 - 03:40:20) ->    5(time 13325 - 03:42:05)(time 13651 - 03:47:31) ->    6(time 13709 - 03:48:29)(time 14005 - 03:53:25) ->    7(time 14422 - 04:00:22)(time 14422 - 04:00:22) ->    15(time 14781 - 04:06:21)(time 15077 - 04:11:17) ->    14(time 15135 - 04:12:15)(time 15461 - 04:17:41) ->    13(time 15566 - 04:19:26)(time 15887 - 04:24:47) ->    12(time 15992 - 04:26:32)(time 16321 - 04:32:01) ->    11(time 16426 - 04:33:46)(time 16759 - 04:39:19) ->    10(time 16864 - 04:41:04)(time 17178 - 04:46:18) ->    9(time 17294 - 04:48:14)(time 17604 - 04:53:24) ->    8(time 17720 - 04:55:20)(time 17720 - 04:55:20) -> 0
> Trip 2
   0(time 20273 - 05:37:53)(time 20583 - 05:43:03) ->    1(time 20699 - 05:44:59)(time 21013 - 05:50:13) ->    2(time 21118 - 05:51:58)(time 21451 - 05:57:31) ->    3(time 21556 - 05:59:16)(time 21885 - 06:04:45) ->    4(time 21990 - 06:06:30)(time 22311 - 06:11:51) ->    5(time 22416 - 06:13:36)(time 22742 - 06:19:02) ->    6(time 22800 - 06:20:00)(time 23096 - 06:24:56) ->    7(time 23212 - 06:26:52)(time 23212 - 06:26:52) ->    15(time 23270 - 06:27:50)(time 23566 - 06:32:46) ->    14(time 23682 - 06:34:42)(time 24008 - 06:40:08) ->    13(time 24113 - 06:41:53)(time 24434 - 06:47:14) ->    12(time 24539 - 06:48:59)(time 24868 - 06:54:28) ->    11(time 24973 - 06:56:13)(time 25306 - 07:01:46) ->    10(time 25411 - 07:03:31)(time 25725 - 07:08:45) ->    9(time 25841 - 07:10:41)(time 26151 - 07:15:51) ->    8(time 26267 - 07:17:47)(time 26267 - 07:17:47) -> 0
=============
Train 4
=============
> Trip 0
   0(time 3802 - 01:03:22)(time 4112 - 01:08:32) ->    1(time 4228 - 01:10:28)(time 4542 - 01:15:42) ->    2(time 4647 - 01:17:27)(time 4980 - 01:23:00) ->    3(time 5085 - 01:24:45)(time 5414 - 01:30:14) ->    4(time 5519 - 01:31:59)(time 5840 - 01:37:20) ->    5(time 5945 - 01:39:05)(time 6271 - 01:44:31) ->    6(time 6329 - 01:45:29)(time 6625 - 01:50:25) ->    7(time 6741 - 01:52:21)(time 6741 - 01:52:21) ->    15(time 6799 - 01:53:19)(time 7095 - 01:58:15) ->    14(time 7512 - 02:05:12)(time 7838 - 02:10:38) ->    13(time 7943 - 02:12:23)(time 8264 - 02:17:44) ->    12(time 8369 - 02:19:29)(time 8698 - 02:24:58) ->    11(time 8803 - 02:26:43)(time 9136 - 02:32:16) ->    10(time 9241 - 02:34:01)(time 9555 - 02:39:15) ->    9(time 9904 - 02:45:04)(time 10214 - 02:50:14) ->    8(time 10330 - 02:52:10)(time 10330 - 02:52:10) -> 0
> Trip 1
   0(time 11483 - 03:11:23)(time 11793 - 03:16:33) ->    1(time 11909 - 03:18:29)(time 12223 - 03:23:43) ->    2(time 12328 - 03:25:28)(time 12661 - 03:31:01) ->    3(time 12766 - 03:32:46)(time 13095 - 03:38:15) ->    4(time 13200 - 03:40:00)(time 13521 - 03:45:21) ->    5(time 13626 - 03:47:06)(time 13952 - 03:52:32) ->    6(time 14369 - 03:59:29)(time 14665 - 04:04:25) ->    7(time 14781 - 04:06:21)(time 14781 - 04:06:21) ->    15(time 14839 - 04:07:19)(time 15135 - 04:12:15) ->    14(time 15240 - 04:14:00)(time 15566 - 04:19:26) ->    13(time 15671 - 04:21:11)(time 15992 - 04:26:32) ->    12(time 16097 - 04:28:17)(time 16426 - 04:33:46) ->    11(time 16531 - 04:35:31)(time 16864 - 04:41:04) ->    10(time 16980 - 04:43:00)(time 17294 - 04:48:14) ->    9(time 17410 - 04:50:10)(time 17720 - 04:55:20) ->    8(time 17836 - 04:57:16)(time 17836 - 04:57:16) -> 0
> Trip 2
   0(time 20389 - 05:39:49)(time 20699 - 05:44:59) ->    1(time 20815 - 05:46:55)(time 21129 - 05:52:09) ->    2(time 21234 - 05:53:54)(time 21567 - 05:59:27) ->    3(time 21672 - 06:01:12)(time 22001 - 06:06:41) ->    4(time 22106 - 06:08:26)(time 22427 - 06:13:47) ->    5(time 22532 - 06:15:32)(time 22858 - 06:20:58) ->    6(time 22916 - 06:21:56)(time 23212 - 06:26:52) ->    7(time 23561 - 06:32:41)(time 23561 - 06:32:41) ->    15(time 23978 - 06:39:38)(time 24274 - 06:44:34) ->    14(time 24332 - 06:45:32)(time 24658 - 06:50:58) ->    13(time 24763 - 06:52:43)(time 25084 - 06:58:04) ->    12(time 25189 - 06:59:49)(time 25518 - 07:05:18) ->    11(time 25623 - 07:07:03)(time 25956 - 07:12:36) ->    10(time 26061 - 07:14:21)(time 26375 - 07:19:35) ->    9(time 26491 - 07:21:31)(time 26801 - 07:26:41) ->    8(time 26917 - 07:28:37)(time 26917 - 07:28:37) -> 0
