t5p9r2h3.txt:
   > Trying to open the instance file...
   > Reading number of trains...
   > Reading maximum number of trips per train...
   > Reading time intervals...
   > Reading number of points...
   > Reading stations...
   > Reading crossings...
   > Reading depots...
   > Reading initial point...
   > Reading routes...
   > Reading distance and distance and service...
   > Reading demands...
   > Reading maximum time...
   > Reading alpha...

--------------------------------
 Printing instance
--------------------------------
number of trains = 5
	max trips per trains: 3     3     3     3     3
number of intervals = 3
	(0,   9271)	(9272,  18542)	(18543,  27814)
number of points = 9
	initial point: 0
	stations: 0     1     2     3     4     6     8
	crossings: 0     1     3     5     7     8
	depots: 0     8
number of vertices = 18
	total vertices: 0     1     2     3     4     5     6     7     8     9    10    11    12    13    14    15    16    17
	upper vertices: 0     1     2     3     4     5     6     7     8
	lower vertices: 9    10    11    12    13    14    15    16    17
	vertices of point #0: (0, 9)
	vertices of point #1: (1, 10)
	vertices of point #2: (2, 11)
	vertices of point #3: (3, 12)
	vertices of point #4: (4, 13)
	vertices of point #5: (5, 14)
	vertices of point #6: (6, 15)
	vertices of point #7: (7, 16)
	vertices of point #8: (8, 17)

arcs...
	total arcs: 
		arc #0: (0, 1)
		arc #1: (0, 9)
		arc #2: (9, 0)
		arc #3: (1, 2)
		arc #4: (10, 9)
		arc #5: (2, 3)
		arc #6: (11, 10)
		arc #7: (3, 4)
		arc #8: (12, 11)
		arc #9: (4, 5)
		arc #10: (13, 12)
		arc #11: (5, 6)
		arc #12: (14, 13)
		arc #13: (6, 7)
		arc #14: (15, 14)
		arc #15: (7, 8)
		arc #16: (16, 15)
		arc #17: (17, 16)
		arc #18: (8, 17)
		arc #19: (17, 8)

	reverse arcs: 
		arc #1: (0, 9)
		arc #2: (9, 0)
		arc #18: (8, 17)
		arc #19: (17, 8)


incompatible points...
	(0, 0, 10, (0, 1))	(10, 10, 0, (10, 9))	(1, 2, 12, (2, 3))	(12, 11, 1, (11, 10))	(3, 4, 14, (4, 5))	(14, 13, 3, (13, 12))	(5, 6, 16, (6, 7))	(16, 15, 5, (15, 14))	(7, 7, 17, (7, 8))	(17, 17, 7, (17, 16))

number of routes = 2
vertices of routes...
	route #0: 0     1     2     3     4     5     6     7     8    17    16    15    14    13    12    11    10     9     0
	route #1: 17    16    15    14    13    12    11    10     9     0     1     2     3     4     5     6     7     8    17
arcs of routes...
	route #0: 0     3     5     7     9    11    13    15    18    17    16    14    12    10     8     6     4     2
	route #1: 17    16    14    12    10     8     6     4     2     0     3     5     7     9    11    13    15    18

incompatible routes...
	(0, 1)    	(1, 0)

vertices that can be adjacent in consecutive trips...
	(0, 0)    	(17, 17)
non cyclical routes: 


routes of trip...
	routes that train #0 can complete at trip #0: 0
	routes that train #0 can complete at trip #1: 0       1
	routes that train #0 can complete at trip #2: 0       1

	routes that train #1 can complete at trip #0: 0
	routes that train #1 can complete at trip #1: 0       1
	routes that train #1 can complete at trip #2: 0       1

	routes that train #2 can complete at trip #0: 0
	routes that train #2 can complete at trip #1: 0       1
	routes that train #2 can complete at trip #2: 0       1

	routes that train #3 can complete at trip #0: 0
	routes that train #3 can complete at trip #1: 0       1
	routes that train #3 can complete at trip #2: 0       1

	routes that train #4 can complete at trip #0: 0
	routes that train #4 can complete at trip #1: 0       1
	routes that train #4 can complete at trip #2: 0       1

 cost...
	arc #0 [0][1]: 253
	arc #1 [0][9]: 0
	arc #2 [9][0]: 0
	arc #3 [1][2]: 221
	arc #4 [10][9]: 253
	arc #5 [2][3]: 249
	arc #6 [11][10]: 221
	arc #7 [3][4]: 265
	arc #8 [12][11]: 249
	arc #9 [4][5]: 233
	arc #10 [13][12]: 265
	arc #11 [5][6]: 241
	arc #12 [14][13]: 233
	arc #13 [6][7]: 254
	arc #14 [15][14]: 241
	arc #15 [7][8]: 245
	arc #16 [16][15]: 254
	arc #17 [17][16]: 245
	arc #18 [8][17]: 0
	arc #19 [17][8]: 0

cost with minimum service...
	arc #0 [0][1]: 366
	arc #1 [0][9]: 0
	arc #2 [9][0]: 0
	arc #3 [1][2]: 334
	arc #4 [10][9]: 373
	arc #5 [2][3]: 362
	arc #6 [11][10]: 334
	arc #7 [3][4]: 378
	arc #8 [12][11]: 362
	arc #9 [4][5]: 284
	arc #10 [13][12]: 378
	arc #11 [5][6]: 354
	arc #12 [14][13]: 346
	arc #13 [6][7]: 305
	arc #14 [15][14]: 292
	arc #15 [7][8]: 365
	arc #16 [16][15]: 367
	arc #17 [17][16]: 296
	arc #18 [8][17]: 0
	arc #19 [17][8]: 0

cost with maximum service...
	arc #0 [0][1]: 783
	arc #1 [0][9]: 530
	arc #2 [9][0]: 530
	arc #3 [1][2]: 751
	arc #4 [10][9]: 783
	arc #5 [2][3]: 779
	arc #6 [11][10]: 751
	arc #7 [3][4]: 795
	arc #8 [12][11]: 779
	arc #9 [4][5]: 763
	arc #10 [13][12]: 795
	arc #11 [5][6]: 771
	arc #12 [14][13]: 763
	arc #13 [6][7]: 784
	arc #14 [15][14]: 771
	arc #15 [7][8]: 775
	arc #16 [16][15]: 784
	arc #17 [17][16]: 775
	arc #18 [8][17]: 530
	arc #19 [17][8]: 530

demands...
	demands of vertex 0 at time interval: 4     4     4
	demands of vertex 1 at time interval: 4     4     4
	demands of vertex 2 at time interval: 4     4     4
	demands of vertex 3 at time interval: 4     4     4
	demands of vertex 4 at time interval: 4     4     4
	demands of vertex 5 at time interval: 0     0     0
	demands of vertex 6 at time interval: 4     4     4
	demands of vertex 7 at time interval: 0     0     0
	demands of vertex 8 at time interval: 0     0     0
	demands of vertex 9 at time interval: 0     0     0
	demands of vertex 10 at time interval: 4     4     4
	demands of vertex 11 at time interval: 4     4     4
	demands of vertex 12 at time interval: 4     4     4
	demands of vertex 13 at time interval: 4     4     4
	demands of vertex 14 at time interval: 0     0     0
	demands of vertex 15 at time interval: 4     4     4
	demands of vertex 16 at time interval: 0     0     0
	demands of vertex 17 at time interval: 4     4     4

maximum time = 27814
alpha = 80

Selecting set of cyclical routes...

Selecting set of initial routes...

Creating initial set of candidate combinations...
Solving candidate combinations...

Found new best - 1/1 candidate combination(s) tested! (Thread 0)

Removing trips...

Solving candidate combinations...

1/3 candidate combination(s) tested! (Thread 0)
2/3 candidate combination(s) tested! (Thread 0)
3/3 candidate combination(s) tested! (Thread 0)

Relaxing trips, so the model can make changes...

>> Printing some results...
    -> Solution value = 15934 - 04:25:34
    -> Total time = 2404.89

=============
Train 0
=============
> Trip 0
   0(time 4148 - 01:09:08)(time 4401 - 01:13:21) ->    1(time 4514 - 01:15:14)(time 4735 - 01:18:55) ->    2(time 4848 - 01:20:48)(time 5097 - 01:24:57) ->    3(time 5210 - 01:26:50)(time 5475 - 01:31:15) ->    4(time 5588 - 01:33:08)(time 5821 - 01:37:01) ->    5(time 5872 - 01:37:52)(time 6113 - 01:41:53) ->    6(time 6226 - 01:43:46)(time 6480 - 01:48:00) ->    7(time 6531 - 01:48:51)(time 6776 - 01:52:56) ->    8(time 6896 - 01:54:56)(time 6896 - 01:54:56) ->    17(time 6896 - 01:54:56)(time 7141 - 01:59:01) ->    16(time 7192 - 01:59:52)(time 7446 - 02:04:06) ->    15(time 7559 - 02:05:59)(time 7800 - 02:10:00) ->    14(time 7851 - 02:10:51)(time 8084 - 02:14:44) ->    13(time 8197 - 02:16:37)(time 8462 - 02:21:02) ->    12(time 8575 - 02:22:55)(time 8824 - 02:27:04) ->    11(time 8937 - 02:28:57)(time 9158 - 02:32:38) ->    10(time 9271 - 02:34:31)(time 9524 - 02:38:44) ->    9(time 10054 - 02:47:34)(time 10054 - 02:47:34) -> 0
> Trip 1
   0(time 11868 - 03:17:48)(time 12121 - 03:22:01) ->    1(time 12234 - 03:23:54)(time 12455 - 03:27:35) ->    2(time 12985 - 03:36:25)(time 13234 - 03:40:34) ->    3(time 13347 - 03:42:27)(time 13612 - 03:46:52) ->    4(time 13725 - 03:48:45)(time 13958 - 03:52:38) ->    5(time 14071 - 03:54:31)(time 14312 - 03:58:32) ->    6(time 14425 - 04:00:25)(time 14679 - 04:04:39) ->    7(time 14730 - 04:05:30)(time 14975 - 04:09:35) ->    8(time 15095 - 04:11:35)(time 15095 - 04:11:35) ->    17(time 15095 - 04:11:35)(time 15340 - 04:15:40) ->    16(time 15391 - 04:16:31)(time 15645 - 04:20:45) ->    15(time 15758 - 04:22:38)(time 15999 - 04:26:39) ->    14(time 16050 - 04:27:30)(time 16283 - 04:31:23) ->    13(time 16396 - 04:33:16)(time 16661 - 04:37:41) ->    12(time 16774 - 04:39:34)(time 17023 - 04:43:43) ->    11(time 17136 - 04:45:36)(time 17357 - 04:49:17) ->    10(time 17470 - 04:51:10)(time 17723 - 04:55:23) ->    9(time 17843 - 04:57:23)(time 17843 - 04:57:23) -> 0
> Trip 2
   0(time 17843 - 04:57:23)(time 18096 - 05:01:36) ->    1(time 18209 - 05:03:29)(time 18430 - 05:07:10) ->    2(time 18543 - 05:09:03)(time 18792 - 05:13:12) ->    3(time 18905 - 05:15:05)(time 19170 - 05:19:30) ->    4(time 19283 - 05:21:23)(time 19516 - 05:25:16) ->    5(time 19567 - 05:26:07)(time 19808 - 05:30:08) ->    6(time 19921 - 05:32:01)(time 20175 - 05:36:15) ->    7(time 20226 - 05:37:06)(time 20471 - 05:41:11) ->    8(time 20591 - 05:43:11)(time 20591 - 05:43:11) ->    17(time 20591 - 05:43:11)(time 20836 - 05:47:16) ->    16(time 21366 - 05:56:06)(time 21620 - 06:00:20) ->    15(time 21733 - 06:02:13)(time 21974 - 06:06:14) ->    14(time 22025 - 06:07:05)(time 22258 - 06:10:58) ->    13(time 22371 - 06:12:51)(time 22636 - 06:17:16) ->    12(time 22749 - 06:19:09)(time 22998 - 06:23:18) ->    11(time 23111 - 06:25:11)(time 23332 - 06:28:52) ->    10(time 23445 - 06:30:45)(time 23698 - 06:34:58) ->    9(time 24039 - 06:40:39)(time 24039 - 06:40:39) -> 0
=============
Train 1
=============
> Trip 0
   0(time 3578 - 00:59:38)(time 3831 - 01:03:51) ->    1(time 3944 - 01:05:44)(time 4165 - 01:09:25) ->    2(time 4278 - 01:11:18)(time 4527 - 01:15:27) ->    3(time 4640 - 01:17:20)(time 4905 - 01:21:45) ->    4(time 5018 - 01:23:38)(time 5251 - 01:27:31) ->    5(time 5302 - 01:28:22)(time 5543 - 01:32:23) ->    6(time 5656 - 01:34:16)(time 5910 - 01:38:30) ->    7(time 5961 - 01:39:21)(time 6206 - 01:43:26) ->    8(time 6326 - 01:45:26)(time 6326 - 01:45:26) ->    17(time 6776 - 01:52:56)(time 7021 - 01:57:01) ->    16(time 7072 - 01:57:52)(time 7326 - 02:02:06) ->    15(time 7439 - 02:03:59)(time 7680 - 02:08:00) ->    14(time 7731 - 02:08:51)(time 7964 - 02:12:44) ->    13(time 8077 - 02:14:37)(time 8342 - 02:19:02) ->    12(time 8455 - 02:20:55)(time 8704 - 02:25:04) ->    11(time 8817 - 02:26:57)(time 9038 - 02:30:38) ->    10(time 9151 - 02:32:31)(time 9404 - 02:36:44) ->    9(time 9524 - 02:38:44)(time 9524 - 02:38:44) -> 0
> Trip 1
   0(time 11018 - 03:03:38)(time 11271 - 03:07:51) ->    1(time 11384 - 03:09:44)(time 11605 - 03:13:25) ->    2(time 11718 - 03:15:18)(time 11967 - 03:19:27) ->    3(time 12080 - 03:21:20)(time 12345 - 03:25:45) ->    4(time 12458 - 03:27:38)(time 12691 - 03:31:31) ->    5(time 12742 - 03:32:22)(time 12983 - 03:36:23) ->    6(time 13096 - 03:38:16)(time 13350 - 03:42:30) ->    7(time 13401 - 03:43:21)(time 13646 - 03:47:26) ->    8(time 13766 - 03:49:26)(time 13766 - 03:49:26) ->    17(time 14296 - 03:58:16)(time 14541 - 04:02:21) ->    16(time 15071 - 04:11:11)(time 15325 - 04:15:25) ->    15(time 15438 - 04:17:18)(time 15679 - 04:21:19) ->    14(time 15730 - 04:22:10)(time 15963 - 04:26:03) ->    13(time 16076 - 04:27:56)(time 16341 - 04:32:21) ->    12(time 16454 - 04:34:14)(time 16703 - 04:38:23) ->    11(time 16816 - 04:40:16)(time 17037 - 04:43:57) ->    10(time 17150 - 04:45:50)(time 17403 - 04:50:03) ->    9(time 17723 - 04:55:23)(time 17723 - 04:55:23) -> 0
> Trip 2
   0(time 18882 - 05:14:42)(time 19135 - 05:18:55) ->    1(time 19248 - 05:20:48)(time 19469 - 05:24:29) ->    2(time 19582 - 05:26:22)(time 19831 - 05:30:31) ->    3(time 19944 - 05:32:24)(time 20209 - 05:36:49) ->    4(time 20322 - 05:38:42)(time 20555 - 05:42:35) ->    5(time 20613 - 05:43:33)(time 20854 - 05:47:34) ->    6(time 20967 - 05:49:27)(time 21221 - 05:53:41) ->    7(time 21656 - 06:00:56)(time 21901 - 06:05:01) ->    8(time 22021 - 06:07:01)(time 22021 - 06:07:01) ->    17(time 22065 - 06:07:45)(time 22310 - 06:11:50) ->    16(time 22437 - 06:13:57)(time 22691 - 06:18:11) ->    15(time 22804 - 06:20:04)(time 23045 - 06:24:05) ->    14(time 23356 - 06:29:16)(time 23589 - 06:33:09) ->    13(time 23702 - 06:35:02)(time 23967 - 06:39:27) ->    12(time 24080 - 06:41:20)(time 24329 - 06:45:29) ->    11(time 24442 - 06:47:22)(time 24663 - 06:51:03) ->    10(time 24776 - 06:52:56)(time 25029 - 06:57:09) ->    9(time 25149 - 06:59:09)(time 25149 - 06:59:09) -> 0
=============
Train 2
=============
> Trip 0
   0(time 3458 - 00:57:38)(time 3711 - 01:01:51) ->    1(time 3824 - 01:03:44)(time 4045 - 01:07:25) ->    2(time 4158 - 01:09:18)(time 4407 - 01:13:27) ->    3(time 4520 - 01:15:20)(time 4785 - 01:19:45) ->    4(time 4898 - 01:21:38)(time 5131 - 01:25:31) ->    5(time 5182 - 01:26:22)(time 5423 - 01:30:23) ->    6(time 5536 - 01:32:16)(time 5790 - 01:36:30) ->    7(time 5841 - 01:37:21)(time 6086 - 01:41:26) ->    8(time 6206 - 01:43:26)(time 6206 - 01:43:26) ->    17(time 6286 - 01:44:46)(time 6531 - 01:48:51) ->    16(time 6882 - 01:54:42)(time 7136 - 01:58:56) ->    15(time 7249 - 02:00:49)(time 7490 - 02:04:50) ->    14(time 7541 - 02:05:41)(time 7774 - 02:09:34) ->    13(time 7887 - 02:11:27)(time 8152 - 02:15:52) ->    12(time 8265 - 02:17:45)(time 8514 - 02:21:54) ->    11(time 8627 - 02:23:47)(time 8848 - 02:27:28) ->    10(time 8961 - 02:29:21)(time 9214 - 02:33:34) ->    9(time 9334 - 02:35:34)(time 9334 - 02:35:34) -> 0
> Trip 1
   0(time 9524 - 02:38:44)(time 9777 - 02:42:57) ->    1(time 9890 - 02:44:50)(time 10111 - 02:48:31) ->    2(time 10224 - 02:50:24)(time 10473 - 02:54:33) ->    3(time 10586 - 02:56:26)(time 10851 - 03:00:51) ->    4(time 10964 - 03:02:44)(time 11197 - 03:06:37) ->    5(time 11248 - 03:07:28)(time 11489 - 03:11:29) ->    6(time 11602 - 03:13:22)(time 11856 - 03:17:36) ->    7(time 11907 - 03:18:27)(time 12152 - 03:22:32) ->    8(time 12272 - 03:24:32)(time 12272 - 03:24:32) ->    17(time 12802 - 03:33:22)(time 13047 - 03:37:27) ->    16(time 13350 - 03:42:30)(time 13604 - 03:46:44) ->    15(time 13717 - 03:48:37)(time 13958 - 03:52:38) ->    14(time 14071 - 03:54:31)(time 14304 - 03:58:24) ->    13(time 14417 - 04:00:17)(time 14682 - 04:04:42) ->    12(time 14795 - 04:06:35)(time 15044 - 04:10:44) ->    11(time 15157 - 04:12:37)(time 15378 - 04:16:18) ->    10(time 15491 - 04:18:11)(time 15744 - 04:22:24) ->    9(time 15864 - 04:24:24)(time 15864 - 04:24:24) -> 0
> Trip 2
   0(time 18769 - 05:12:49)(time 19022 - 05:17:02) ->    1(time 19135 - 05:18:55)(time 19356 - 05:22:36) ->    2(time 19469 - 05:24:29)(time 19718 - 05:28:38) ->    3(time 19831 - 05:30:31)(time 20096 - 05:34:56) ->    4(time 20209 - 05:36:49)(time 20442 - 05:40:42) ->    5(time 20500 - 05:41:40)(time 20741 - 05:45:41) ->    6(time 20854 - 05:47:34)(time 21108 - 05:51:48) ->    7(time 21166 - 05:52:46)(time 21411 - 05:56:51) ->    8(time 21901 - 06:05:01)(time 21901 - 06:05:01) ->    17(time 21981 - 06:06:21)(time 22226 - 06:10:26) ->    16(time 22310 - 06:11:50)(time 22564 - 06:16:04) ->    15(time 22677 - 06:17:57)(time 22918 - 06:21:58) ->    14(time 22969 - 06:22:49)(time 23202 - 06:26:42) ->    13(time 23582 - 06:33:02)(time 23847 - 06:37:27) ->    12(time 23960 - 06:39:20)(time 24209 - 06:43:29) ->    11(time 24322 - 06:45:22)(time 24543 - 06:49:03) ->    10(time 24656 - 06:50:56)(time 24909 - 06:55:09) ->    9(time 25029 - 06:57:09)(time 25029 - 06:57:09) -> 0
=============
Train 3
=============
> Trip 0
   0(time 5748 - 01:35:48)(time 6001 - 01:40:01) ->    1(time 6114 - 01:41:54)(time 6335 - 01:45:35) ->    2(time 6448 - 01:47:28)(time 6697 - 01:51:37) ->    3(time 6810 - 01:53:30)(time 7075 - 01:57:55) ->    4(time 7188 - 01:59:48)(time 7421 - 02:03:41) ->    5(time 7951 - 02:12:31)(time 8192 - 02:16:32) ->    6(time 8305 - 02:18:25)(time 8559 - 02:22:39) ->    7(time 8610 - 02:23:30)(time 8855 - 02:27:35) ->    8(time 8975 - 02:29:35)(time 8975 - 02:29:35) ->    17(time 8975 - 02:29:35)(time 9220 - 02:33:40) ->    16(time 9271 - 02:34:31)(time 9525 - 02:38:45) ->    15(time 9638 - 02:40:38)(time 9879 - 02:44:39) ->    14(time 9930 - 02:45:30)(time 10163 - 02:49:23) ->    13(time 10276 - 02:51:16)(time 10541 - 02:55:41) ->    12(time 10654 - 02:57:34)(time 10903 - 03:01:43) ->    11(time 11016 - 03:03:36)(time 11237 - 03:07:17) ->    10(time 11350 - 03:09:10)(time 11603 - 03:13:23) ->    9(time 11723 - 03:15:23)(time 11723 - 03:15:23) -> 0
> Trip 1
   0(time 11981 - 03:19:41)(time 12234 - 03:23:54) ->    1(time 12764 - 03:32:44)(time 12985 - 03:36:25) ->    2(time 13098 - 03:38:18)(time 13347 - 03:42:27) ->    3(time 13460 - 03:44:20)(time 13725 - 03:48:45) ->    4(time 13838 - 03:50:38)(time 14071 - 03:54:31) ->    5(time 14191 - 03:56:31)(time 14432 - 04:00:32) ->    6(time 14545 - 04:02:25)(time 14799 - 04:06:39) ->    7(time 14850 - 04:07:30)(time 15095 - 04:11:35) ->    8(time 15215 - 04:13:35)(time 15215 - 04:13:35) ->    17(time 15215 - 04:13:35)(time 15460 - 04:17:40) ->    16(time 15511 - 04:18:31)(time 15765 - 04:22:45) ->    15(time 15878 - 04:24:38)(time 16119 - 04:28:39) ->    14(time 16170 - 04:29:30)(time 16403 - 04:33:23) ->    13(time 16516 - 04:35:16)(time 16781 - 04:39:41) ->    12(time 16894 - 04:41:34)(time 17143 - 04:45:43) ->    11(time 17256 - 04:47:36)(time 17477 - 04:51:17) ->    10(time 17590 - 04:53:10)(time 17843 - 04:57:23) ->    9(time 18373 - 05:06:13)(time 18373 - 05:06:13) -> 0
> Trip 2
   0(time 18656 - 05:10:56)(time 18909 - 05:15:09) ->    1(time 19022 - 05:17:02)(time 19243 - 05:20:43) ->    2(time 19356 - 05:22:36)(time 19605 - 05:26:45) ->    3(time 19718 - 05:28:38)(time 19983 - 05:33:03) ->    4(time 20096 - 05:34:56)(time 20329 - 05:38:49) ->    5(time 20387 - 05:39:47)(time 20628 - 05:43:48) ->    6(time 20741 - 05:45:41)(time 20995 - 05:49:55) ->    7(time 21046 - 05:50:46)(time 21291 - 05:54:51) ->    8(time 21411 - 05:56:51)(time 21411 - 05:56:51) ->    17(time 21901 - 06:05:01)(time 22146 - 06:09:06) ->    16(time 22197 - 06:09:57)(time 22451 - 06:14:11) ->    15(time 22564 - 06:16:04)(time 22805 - 06:20:05) ->    14(time 22856 - 06:20:56)(time 23089 - 06:24:49) ->    13(time 23202 - 06:26:42)(time 23467 - 06:31:07) ->    12(time 23580 - 06:33:00)(time 23829 - 06:37:09) ->    11(time 23942 - 06:39:02)(time 24163 - 06:42:43) ->    10(time 24276 - 06:44:36)(time 24529 - 06:48:49) ->    9(time 24649 - 06:50:49)(time 24649 - 06:50:49) -> 0
=============
Train 4
=============
> Trip 0
   0(time 2947 - 00:49:07)(time 3200 - 00:53:20) ->    1(time 3320 - 00:55:20)(time 3541 - 00:59:01) ->    2(time 3654 - 01:00:54)(time 3903 - 01:05:03) ->    3(time 4016 - 01:06:56)(time 4281 - 01:11:21) ->    4(time 4394 - 01:13:14)(time 4627 - 01:17:07) ->    5(time 4678 - 01:17:58)(time 4919 - 01:21:59) ->    6(time 5032 - 01:23:52)(time 5286 - 01:28:06) ->    7(time 5721 - 01:35:21)(time 5966 - 01:39:26) ->    8(time 6086 - 01:41:26)(time 6086 - 01:41:26) ->    17(time 6206 - 01:43:26)(time 6451 - 01:47:31) ->    16(time 6502 - 01:48:22)(time 6756 - 01:52:36) ->    15(time 6869 - 01:54:29)(time 7110 - 01:58:30) ->    14(time 7421 - 02:03:41)(time 7654 - 02:07:34) ->    13(time 7767 - 02:09:27)(time 8032 - 02:13:52) ->    12(time 8145 - 02:15:45)(time 8394 - 02:19:54) ->    11(time 8507 - 02:21:47)(time 8728 - 02:25:28) ->    10(time 8841 - 02:27:21)(time 9094 - 02:31:34) ->    9(time 9214 - 02:33:34)(time 9214 - 02:33:34) -> 0
> Trip 1
   0(time 9644 - 02:40:44)(time 9897 - 02:44:57) ->    1(time 10010 - 02:46:50)(time 10231 - 02:50:31) ->    2(time 10344 - 02:52:24)(time 10593 - 02:56:33) ->    3(time 10706 - 02:58:26)(time 10971 - 03:02:51) ->    4(time 11084 - 03:04:44)(time 11317 - 03:08:37) ->    5(time 11368 - 03:09:28)(time 11609 - 03:13:29) ->    6(time 11722 - 03:15:22)(time 11976 - 03:19:36) ->    7(time 12027 - 03:20:27)(time 12272 - 03:24:32) ->    8(time 12802 - 03:33:22)(time 12802 - 03:33:22) ->    17(time 13156 - 03:39:16)(time 13401 - 03:43:21) ->    16(time 13463 - 03:44:23)(time 13717 - 03:48:37) ->    15(time 13830 - 03:50:30)(time 14071 - 03:54:31) ->    14(time 14184 - 03:56:24)(time 14417 - 04:00:17) ->    13(time 14530 - 04:02:10)(time 14795 - 04:06:35) ->    12(time 14908 - 04:08:28)(time 15157 - 04:12:37) ->    11(time 15277 - 04:14:37)(time 15498 - 04:18:18) ->    10(time 15611 - 04:20:11)(time 15864 - 04:24:24) ->    9(time 15984 - 04:26:24)(time 15984 - 04:26:24) -> 0
> Trip 2
   0(time 18543 - 05:09:03)(time 18796 - 05:13:16) ->    1(time 18909 - 05:15:09)(time 19130 - 05:18:50) ->    2(time 19243 - 05:20:43)(time 19492 - 05:24:52) ->    3(time 19605 - 05:26:45)(time 19870 - 05:31:10) ->    4(time 19983 - 05:33:03)(time 20216 - 05:36:56) ->    5(time 20267 - 05:37:47)(time 20508 - 05:41:48) ->    6(time 20621 - 05:43:41)(time 20875 - 05:47:55) ->    7(time 20926 - 05:48:46)(time 21171 - 05:52:51) ->    8(time 21291 - 05:54:51)(time 21291 - 05:54:51) ->    17(time 21411 - 05:56:51)(time 21656 - 06:00:56) ->    16(time 21707 - 06:01:47)(time 21961 - 06:06:01) ->    15(time 22074 - 06:07:54)(time 22315 - 06:11:55) ->    14(time 22366 - 06:12:46)(time 22599 - 06:16:39) ->    13(time 22712 - 06:18:32)(time 22977 - 06:22:57) ->    12(time 23090 - 06:24:50)(time 23339 - 06:28:59) ->    11(time 23452 - 06:30:52)(time 23673 - 06:34:33) ->    10(time 23786 - 06:36:26)(time 24039 - 06:40:39) ->    9(time 24159 - 06:42:39)(time 24159 - 06:42:39) -> 0
Traceback (most recent call last):
  File "/home/renata/Train-Timetabling/script.py", line 99, in <module>
    os.remove(file_name)
FileNotFoundError: [Errno 2] No such file or directory: 'script-solution.txt'
