t6p13r2h2.txt:
   > Trying to open the instance file...
   > Reading number of trains...
   > Reading maximum number of trips per train...
   > Reading time intervals...
   > Reading number of points...
   > Reading stations...
   > Reading crossings...
   > Reading depots...
   > Reading initial point...
   > Reading routes...
   > Reading distance and distance and service...
   > Reading demands...
   > Reading maximum time...
   > Reading alpha...

--------------------------------
 Printing instance
--------------------------------
number of trains = 6
	max trips per trains: 2     2     2     2     2     2
number of intervals = 2
	(0,  24119)	(24120,  48238)
number of points = 13
	initial point: 12
	stations: 0     1     3     4     7     8     9    10    11    12
	crossings: 0     2     5     6     7     9    11    12
	depots: 0    12
number of vertices = 26
	total vertices: 0     1     2     3     4     5     6     7     8     9    10    11    12    13    14    15    16    17    18    19    20    21    22    23    24    25
	upper vertices: 0     1     2     3     4     5     6     7     8     9    10    11    12
	lower vertices: 13    14    15    16    17    18    19    20    21    22    23    24    25
	vertices of point #0: (0, 13)
	vertices of point #1: (1, 14)
	vertices of point #2: (2, 15)
	vertices of point #3: (3, 16)
	vertices of point #4: (4, 17)
	vertices of point #5: (5, 18)
	vertices of point #6: (6, 19)
	vertices of point #7: (7, 20)
	vertices of point #8: (8, 21)
	vertices of point #9: (9, 22)
	vertices of point #10: (10, 23)
	vertices of point #11: (11, 24)
	vertices of point #12: (12, 25)

arcs...
	total arcs: 
		arc #0: (0, 1)
		arc #1: (0, 13)
		arc #2: (13, 0)
		arc #3: (1, 2)
		arc #4: (14, 13)
		arc #5: (2, 3)
		arc #6: (15, 14)
		arc #7: (3, 4)
		arc #8: (16, 15)
		arc #9: (4, 5)
		arc #10: (17, 16)
		arc #11: (5, 6)
		arc #12: (18, 17)
		arc #13: (6, 7)
		arc #14: (19, 18)
		arc #15: (7, 8)
		arc #16: (20, 19)
		arc #17: (8, 9)
		arc #18: (21, 20)
		arc #19: (9, 10)
		arc #20: (22, 21)
		arc #21: (10, 11)
		arc #22: (23, 22)
		arc #23: (11, 12)
		arc #24: (24, 23)
		arc #25: (25, 24)
		arc #26: (12, 25)
		arc #27: (25, 12)

	reverse arcs: 
		arc #1: (0, 13)
		arc #2: (13, 0)
		arc #26: (12, 25)
		arc #27: (25, 12)


incompatible points...
	(0, 1, 15, (1, 2))	(15, 14, 0, (14, 13))	(2, 4, 18, (4, 5))	(18, 16, 2, (16, 15))	(5, 5, 19, (5, 6))	(19, 19, 5, (19, 18))	(6, 6, 20, (6, 7))	(20, 20, 6, (20, 19))	(7, 8, 22, (8, 9))	(22, 21, 7, (21, 20))	(9, 10, 24, (10, 11))	(24, 23, 9, (23, 22))	(11, 11, 25, (11, 12))	(25, 25, 11, (25, 24))

number of routes = 2
vertices of routes...
	route #0: 0     1     2     3     4     5     6     7     8     9    10    11    12    25    24    23    22    21    20    19    18    17    16    15    14    13     0
	route #1: 25    24    23    22    21    20    19    18    17    16    15    14    13     0     1     2     3     4     5     6     7     8     9    10    11    12    25
arcs of routes...
	route #0: 0     3     5     7     9    11    13    15    17    19    21    23    26    25    24    22    20    18    16    14    12    10     8     6     4     2
	route #1: 25    24    22    20    18    16    14    12    10     8     6     4     2     0     3     5     7     9    11    13    15    17    19    21    23    26

incompatible routes...
	(0, 1)    	(1, 0)

vertices that can be adjacent in consecutive trips...
	(0, 0)    	(25, 25)
non cyclical routes: 


routes of trip...
	routes that train #0 can complete at trip #0: 1
	routes that train #0 can complete at trip #1: 0       1

	routes that train #1 can complete at trip #0: 1
	routes that train #1 can complete at trip #1: 0       1

	routes that train #2 can complete at trip #0: 1
	routes that train #2 can complete at trip #1: 0       1

	routes that train #3 can complete at trip #0: 1
	routes that train #3 can complete at trip #1: 0       1

	routes that train #4 can complete at trip #0: 1
	routes that train #4 can complete at trip #1: 0       1

	routes that train #5 can complete at trip #0: 1
	routes that train #5 can complete at trip #1: 0       1

 cost...
	arc #0 [0][1]: 547
	arc #1 [0][13]: 0
	arc #2 [13][0]: 0
	arc #3 [1][2]: 536
	arc #4 [14][13]: 547
	arc #5 [2][3]: 589
	arc #6 [15][14]: 536
	arc #7 [3][4]: 560
	arc #8 [16][15]: 589
	arc #9 [4][5]: 547
	arc #10 [17][16]: 560
	arc #11 [5][6]: 589
	arc #12 [18][17]: 547
	arc #13 [6][7]: 589
	arc #14 [19][18]: 589
	arc #15 [7][8]: 541
	arc #16 [20][19]: 589
	arc #17 [8][9]: 495
	arc #18 [21][20]: 541
	arc #19 [9][10]: 567
	arc #20 [22][21]: 495
	arc #21 [10][11]: 517
	arc #22 [23][22]: 567
	arc #23 [11][12]: 538
	arc #24 [24][23]: 517
	arc #25 [25][24]: 538
	arc #26 [12][25]: 0
	arc #27 [25][12]: 0

cost with minimum service...
	arc #0 [0][1]: 614
	arc #1 [0][13]: 0
	arc #2 [13][0]: 0
	arc #3 [1][2]: 579
	arc #4 [14][13]: 814
	arc #5 [2][3]: 656
	arc #6 [15][14]: 603
	arc #7 [3][4]: 627
	arc #8 [16][15]: 632
	arc #9 [4][5]: 590
	arc #10 [17][16]: 627
	arc #11 [5][6]: 632
	arc #12 [18][17]: 614
	arc #13 [6][7]: 656
	arc #14 [19][18]: 632
	arc #15 [7][8]: 608
	arc #16 [20][19]: 632
	arc #17 [8][9]: 562
	arc #18 [21][20]: 608
	arc #19 [9][10]: 634
	arc #20 [22][21]: 562
	arc #21 [10][11]: 584
	arc #22 [23][22]: 634
	arc #23 [11][12]: 805
	arc #24 [24][23]: 584
	arc #25 [25][24]: 605
	arc #26 [12][25]: 0
	arc #27 [25][12]: 0

cost with maximum service...
	arc #0 [0][1]: 926
	arc #1 [0][13]: 379
	arc #2 [13][0]: 379
	arc #3 [1][2]: 915
	arc #4 [14][13]: 926
	arc #5 [2][3]: 968
	arc #6 [15][14]: 915
	arc #7 [3][4]: 939
	arc #8 [16][15]: 968
	arc #9 [4][5]: 926
	arc #10 [17][16]: 939
	arc #11 [5][6]: 968
	arc #12 [18][17]: 926
	arc #13 [6][7]: 968
	arc #14 [19][18]: 968
	arc #15 [7][8]: 920
	arc #16 [20][19]: 968
	arc #17 [8][9]: 874
	arc #18 [21][20]: 920
	arc #19 [9][10]: 946
	arc #20 [22][21]: 874
	arc #21 [10][11]: 896
	arc #22 [23][22]: 946
	arc #23 [11][12]: 917
	arc #24 [24][23]: 896
	arc #25 [25][24]: 917
	arc #26 [12][25]: 379
	arc #27 [25][12]: 379

demands...
	demands of vertex 0 at time interval: 4     4
	demands of vertex 1 at time interval: 4     4
	demands of vertex 2 at time interval: 0     0
	demands of vertex 3 at time interval: 4     4
	demands of vertex 4 at time interval: 4     4
	demands of vertex 5 at time interval: 0     0
	demands of vertex 6 at time interval: 0     0
	demands of vertex 7 at time interval: 4     4
	demands of vertex 8 at time interval: 4     4
	demands of vertex 9 at time interval: 4     4
	demands of vertex 10 at time interval: 4     4
	demands of vertex 11 at time interval: 4     4
	demands of vertex 12 at time interval: 0     0
	demands of vertex 13 at time interval: 0     0
	demands of vertex 14 at time interval: 4     4
	demands of vertex 15 at time interval: 0     0
	demands of vertex 16 at time interval: 4     4
	demands of vertex 17 at time interval: 4     4
	demands of vertex 18 at time interval: 0     0
	demands of vertex 19 at time interval: 0     0
	demands of vertex 20 at time interval: 4     4
	demands of vertex 21 at time interval: 4     4
	demands of vertex 22 at time interval: 4     4
	demands of vertex 23 at time interval: 4     4
	demands of vertex 24 at time interval: 4     4
	demands of vertex 25 at time interval: 4     4

maximum time = 48238
alpha = 80

Selecting set of cyclical routes...

Selecting set of initial routes...

Creating initial set of candidate combinations...
Solving candidate combinations...

Found new best - 1/1 candidate combination(s) tested! (Thread 0)

Removing trips...

Solving candidate combinations...

1/4 candidate combination(s) tested! (Thread 0)
2/4 candidate combination(s) tested! (Thread 0)
3/4 candidate combination(s) tested! (Thread 0)
4/4 candidate combination(s) tested! (Thread 0)

Relaxing trips, so the model can make changes...

>> Printing some results...
    -> Solution value = 26881 - 07:28:01
    -> Total time = 2408.35

=============
Train 0
=============
> Trip 0
   25(time 3893 - 01:04:53)(time 4431 - 01:13:51) ->    24(time 4498 - 01:14:58)(time 5015 - 01:23:35) ->    23(time 5082 - 01:24:42)(time 5649 - 01:34:09) ->    22(time 5716 - 01:35:16)(time 6211 - 01:43:31) ->    21(time 6278 - 01:44:38)(time 6819 - 01:53:39) ->    20(time 6886 - 01:54:46)(time 7475 - 02:04:35) ->    19(time 7518 - 02:05:18)(time 8107 - 02:15:07) ->    18(time 8150 - 02:15:50)(time 8697 - 02:24:57) ->    17(time 8764 - 02:26:04)(time 9324 - 02:35:24) ->    16(time 9391 - 02:36:31)(time 9980 - 02:46:20) ->    15(time 10060 - 02:47:40)(time 10596 - 02:56:36) ->    14(time 10734 - 02:58:54)(time 11281 - 03:08:01) ->    13(time 11660 - 03:14:20)(time 11660 - 03:14:20) ->    0(time 12039 - 03:20:39)(time 12586 - 03:29:46) ->    1(time 12965 - 03:36:05)(time 13501 - 03:45:01) ->    2(time 13880 - 03:51:20)(time 14469 - 04:01:09) ->    3(time 14536 - 04:02:16)(time 15096 - 04:11:36) ->    4(time 15163 - 04:12:43)(time 15710 - 04:21:50) ->    5(time 15753 - 04:22:33)(time 16342 - 04:32:22) ->    6(time 16385 - 04:33:05)(time 16974 - 04:42:54) ->    7(time 17041 - 04:44:01)(time 17582 - 04:53:02) ->    8(time 17649 - 04:54:09)(time 18144 - 05:02:24) ->    9(time 18211 - 05:03:31)(time 18778 - 05:12:58) ->    10(time 18845 - 05:14:05)(time 19362 - 05:22:42) ->    11(time 19429 - 05:23:49)(time 19967 - 05:32:47) ->    12(time 20234 - 05:37:14)(time 20234 - 05:37:14) -> 25
> Trip 1
   25(time 20234 - 05:37:14)(time 20772 - 05:46:12) ->    24(time 20839 - 05:47:19)(time 21356 - 05:55:56) ->    23(time 21423 - 05:57:03)(time 21990 - 06:06:30) ->    22(time 22199 - 06:09:59)(time 22694 - 06:18:14) ->    21(time 22761 - 06:19:21)(time 23302 - 06:28:22) ->    20(time 23369 - 06:29:29)(time 23958 - 06:39:18) ->    19(time 24001 - 06:40:01)(time 24590 - 06:49:50) ->    18(time 24633 - 06:50:33)(time 25180 - 06:59:40) ->    17(time 25247 - 07:00:47)(time 25807 - 07:10:07) ->    16(time 25874 - 07:11:14)(time 26463 - 07:21:03) ->    15(time 26506 - 07:21:46)(time 27042 - 07:30:42) ->    14(time 27221 - 07:33:41)(time 27768 - 07:42:48) ->    13(time 28147 - 07:49:07)(time 28147 - 07:49:07) ->    0(time 28526 - 07:55:26)(time 29073 - 08:04:33) ->    1(time 29452 - 08:10:52)(time 29988 - 08:19:48) ->    2(time 30367 - 08:26:07)(time 30956 - 08:35:56) ->    3(time 31023 - 08:37:03)(time 31583 - 08:46:23) ->    4(time 31650 - 08:47:30)(time 32197 - 08:56:37) ->    5(time 32240 - 08:57:20)(time 32829 - 09:07:09) ->    6(time 32872 - 09:07:52)(time 33461 - 09:17:41) ->    7(time 33528 - 09:18:48)(time 34069 - 09:27:49) ->    8(time 34136 - 09:28:56)(time 34631 - 09:37:11) ->    9(time 34698 - 09:38:18)(time 35265 - 09:47:45) ->    10(time 35332 - 09:48:52)(time 35849 - 09:57:29) ->    11(time 35916 - 09:58:36)(time 36454 - 10:07:34) ->    12(time 36721 - 10:12:01)(time 36721 - 10:12:01) -> 25
=============
Train 1
=============
> Trip 0
   25(time 155 - 00:02:35)(time 693 - 00:11:33) ->    24(time 760 - 00:12:40)(time 1277 - 00:21:17) ->    23(time 1344 - 00:22:24)(time 1911 - 00:31:51) ->    22(time 2290 - 00:38:10)(time 2785 - 00:46:25) ->    21(time 3164 - 00:52:44)(time 3705 - 01:01:45) ->    20(time 4084 - 01:08:04)(time 4673 - 01:17:53) ->    19(time 4716 - 01:18:36)(time 5305 - 01:28:25) ->    18(time 5383 - 01:29:43)(time 5930 - 01:38:50) ->    17(time 6234 - 01:43:54)(time 6794 - 01:53:14) ->    16(time 6861 - 01:54:21)(time 7450 - 02:04:10) ->    15(time 7493 - 02:04:53)(time 8029 - 02:13:49) ->    14(time 8096 - 02:14:56)(time 8643 - 02:24:03) ->    13(time 8910 - 02:28:30)(time 8910 - 02:28:30) ->    0(time 8910 - 02:28:30)(time 9457 - 02:37:37) ->    1(time 9524 - 02:38:44)(time 10060 - 02:47:40) ->    2(time 10140 - 02:49:00)(time 10729 - 02:58:49) ->    3(time 10796 - 02:59:56)(time 11356 - 03:09:16) ->    4(time 11423 - 03:10:23)(time 11970 - 03:19:30) ->    5(time 12050 - 03:20:50)(time 12639 - 03:30:39) ->    6(time 12682 - 03:31:22)(time 13271 - 03:41:11) ->    7(time 13338 - 03:42:18)(time 13879 - 03:51:19) ->    8(time 13946 - 03:52:26)(time 14441 - 04:00:41) ->    9(time 14508 - 04:01:48)(time 15075 - 04:11:15) ->    10(time 15142 - 04:12:22)(time 15659 - 04:20:59) ->    11(time 15913 - 04:25:13)(time 16451 - 04:34:11) ->    12(time 16718 - 04:38:38)(time 16718 - 04:38:38) -> 25
> Trip 1
   25(time 24120 - 06:42:00)(time 24658 - 06:50:58) ->    24(time 24725 - 06:52:05)(time 25242 - 07:00:42) ->    23(time 25309 - 07:01:49)(time 25876 - 07:11:16) ->    22(time 25943 - 07:12:23)(time 26438 - 07:20:38) ->    21(time 26505 - 07:21:45)(time 27046 - 07:30:46) ->    20(time 27113 - 07:31:53)(time 27702 - 07:41:42) ->    19(time 27745 - 07:42:25)(time 28334 - 07:52:14) ->    18(time 28377 - 07:52:57)(time 28924 - 08:02:04) ->    17(time 28991 - 08:03:11)(time 29551 - 08:12:31) ->    16(time 29618 - 08:13:38)(time 30207 - 08:23:27) ->    15(time 30250 - 08:24:10)(time 30786 - 08:33:06) ->    14(time 30894 - 08:34:54)(time 31441 - 08:44:01) ->    13(time 31820 - 08:50:20)(time 31820 - 08:50:20) ->    0(time 32199 - 08:56:39)(time 32746 - 09:05:46) ->    1(time 33112 - 09:11:52)(time 33648 - 09:20:48) ->    2(time 34027 - 09:27:07)(time 34616 - 09:36:56) ->    3(time 34683 - 09:38:03)(time 35243 - 09:47:23) ->    4(time 35310 - 09:48:30)(time 35857 - 09:57:37) ->    5(time 35900 - 09:58:20)(time 36489 - 10:08:09) ->    6(time 36532 - 10:08:52)(time 37121 - 10:18:41) ->    7(time 37188 - 10:19:48)(time 37729 - 10:28:49) ->    8(time 37796 - 10:29:56)(time 38291 - 10:38:11) ->    9(time 38358 - 10:39:18)(time 38925 - 10:48:45) ->    10(time 38992 - 10:49:52)(time 39509 - 10:58:29) ->    11(time 39576 - 10:59:36)(time 40114 - 11:08:34) ->    12(time 40381 - 11:13:01)(time 40381 - 11:13:01) -> 25
=============
Train 2
=============
> Trip 0
   25(time 7756 - 02:09:16)(time 8294 - 02:18:14) ->    24(time 8361 - 02:19:21)(time 8878 - 02:27:58) ->    23(time 8945 - 02:29:05)(time 9512 - 02:38:32) ->    22(time 9579 - 02:39:39)(time 10074 - 02:47:54) ->    21(time 10141 - 02:49:01)(time 10682 - 02:58:02) ->    20(time 10749 - 02:59:09)(time 11338 - 03:08:58) ->    19(time 11381 - 03:09:41)(time 11970 - 03:19:30) ->    18(time 12050 - 03:20:50)(time 12597 - 03:29:57) ->    17(time 12664 - 03:31:04)(time 13224 - 03:40:24) ->    16(time 13291 - 03:41:31)(time 13880 - 03:51:20) ->    15(time 14147 - 03:55:47)(time 14683 - 04:04:43) ->    14(time 14750 - 04:05:50)(time 15297 - 04:14:57) ->    13(time 15676 - 04:21:16)(time 15676 - 04:21:16) ->    0(time 16055 - 04:27:35)(time 16602 - 04:36:42) ->    1(time 16669 - 04:37:49)(time 17205 - 04:46:45) ->    2(time 17248 - 04:47:28)(time 17837 - 04:57:17) ->    3(time 17904 - 04:58:24)(time 18464 - 05:07:44) ->    4(time 18531 - 05:08:51)(time 19078 - 05:17:58) ->    5(time 19121 - 05:18:41)(time 19710 - 05:28:30) ->    6(time 19753 - 05:29:13)(time 20342 - 05:39:02) ->    7(time 20721 - 05:45:21)(time 21262 - 05:54:22) ->    8(time 21641 - 06:00:41)(time 22136 - 06:08:56) ->    9(time 22257 - 06:10:57)(time 22824 - 06:20:24) ->    10(time 22891 - 06:21:31)(time 23408 - 06:30:08) ->    11(time 23475 - 06:31:15)(time 24013 - 06:40:13) ->    12(time 24280 - 06:44:40)(time 24280 - 06:44:40) -> 25
> Trip 1
   25(time 24280 - 06:44:40)(time 24818 - 06:53:38) ->    24(time 24885 - 06:54:45)(time 25402 - 07:03:22) ->    23(time 25469 - 07:04:29)(time 26036 - 07:13:56) ->    22(time 26103 - 07:15:03)(time 26598 - 07:23:18) ->    21(time 26665 - 07:24:25)(time 27206 - 07:33:26) ->    20(time 27273 - 07:34:33)(time 27862 - 07:44:22) ->    19(time 27905 - 07:45:05)(time 28494 - 07:54:54) ->    18(time 28537 - 07:55:37)(time 29084 - 08:04:44) ->    17(time 29151 - 08:05:51)(time 29711 - 08:15:11) ->    16(time 29778 - 08:16:18)(time 30367 - 08:26:07) ->    15(time 30746 - 08:32:26)(time 31282 - 08:41:22) ->    14(time 31652 - 08:47:32)(time 32199 - 08:56:39) ->    13(time 32578 - 09:02:58)(time 32578 - 09:02:58) ->    0(time 32957 - 09:09:17)(time 33504 - 09:18:24) ->    1(time 33571 - 09:19:31)(time 34107 - 09:28:27) ->    2(time 34374 - 09:32:54)(time 34963 - 09:42:43) ->    3(time 35030 - 09:43:50)(time 35590 - 09:53:10) ->    4(time 35657 - 09:54:17)(time 36204 - 10:03:24) ->    5(time 36247 - 10:04:07)(time 36836 - 10:13:56) ->    6(time 36879 - 10:14:39)(time 37468 - 10:24:28) ->    7(time 37722 - 10:28:42)(time 38263 - 10:37:43) ->    8(time 38330 - 10:38:50)(time 38825 - 10:47:05) ->    9(time 38892 - 10:48:12)(time 39459 - 10:57:39) ->    10(time 39526 - 10:58:46)(time 40043 - 11:07:23) ->    11(time 40110 - 11:08:30)(time 40648 - 11:17:28) ->    12(time 40915 - 11:21:55)(time 40915 - 11:21:55) -> 25
=============
Train 3
=============
> Trip 0
   25(time 7676 - 02:07:56)(time 8214 - 02:16:54) ->    24(time 8281 - 02:18:01)(time 8798 - 02:26:38) ->    23(time 8865 - 02:27:45)(time 9432 - 02:37:12) ->    22(time 9499 - 02:38:19)(time 9994 - 02:46:34) ->    21(time 10061 - 02:47:41)(time 10602 - 02:56:42) ->    20(time 10669 - 02:57:49)(time 11258 - 03:07:38) ->    19(time 11301 - 03:08:21)(time 11890 - 03:18:10) ->    18(time 11970 - 03:19:30)(time 12517 - 03:28:37) ->    17(time 12584 - 03:29:44)(time 13144 - 03:39:04) ->    16(time 13211 - 03:40:11)(time 13800 - 03:50:00) ->    15(time 13880 - 03:51:20)(time 14416 - 04:00:16) ->    14(time 14483 - 04:01:23)(time 15030 - 04:10:30) ->    13(time 15297 - 04:14:57)(time 15297 - 04:14:57) ->    0(time 15297 - 04:14:57)(time 15844 - 04:24:04) ->    1(time 15911 - 04:25:11)(time 16447 - 04:34:07) ->    2(time 16490 - 04:34:50)(time 17079 - 04:44:39) ->    3(time 17146 - 04:45:46)(time 17706 - 04:55:06) ->    4(time 17773 - 04:56:13)(time 18320 - 05:05:20) ->    5(time 18363 - 05:06:03)(time 18952 - 05:15:52) ->    6(time 19228 - 05:20:28)(time 19817 - 05:30:17) ->    7(time 20196 - 05:36:36)(time 20737 - 05:45:37) ->    8(time 21116 - 05:51:56)(time 21611 - 06:00:11) ->    9(time 21990 - 06:06:30)(time 22557 - 06:15:57) ->    10(time 22624 - 06:17:04)(time 23141 - 06:25:41) ->    11(time 23208 - 06:26:48)(time 23746 - 06:35:46) ->    12(time 24013 - 06:40:13)(time 24013 - 06:40:13) -> 25
> Trip 1
   25(time 26644 - 07:24:04)(time 27182 - 07:33:02) ->    24(time 27249 - 07:34:09)(time 27766 - 07:42:46) ->    23(time 28145 - 07:49:05)(time 28712 - 07:58:32) ->    22(time 28779 - 07:59:39)(time 29274 - 08:07:54) ->    21(time 29341 - 08:09:01)(time 29882 - 08:18:02) ->    20(time 30261 - 08:24:21)(time 30850 - 08:34:10) ->    19(time 31229 - 08:40:29)(time 31818 - 08:50:18) ->    18(time 32197 - 08:56:37)(time 32744 - 09:05:44) ->    17(time 32811 - 09:06:51)(time 33371 - 09:16:11) ->    16(time 33438 - 09:17:18)(time 34027 - 09:27:07) ->    15(time 34107 - 09:28:27)(time 34643 - 09:37:23) ->    14(time 34710 - 09:38:30)(time 35257 - 09:47:37) ->    13(time 35524 - 09:52:04)(time 35524 - 09:52:04) ->    0(time 35673 - 09:54:33)(time 36220 - 10:03:40) ->    1(time 36287 - 10:04:47)(time 36823 - 10:13:43) ->    2(time 36866 - 10:14:26)(time 37455 - 10:24:15) ->    3(time 37522 - 10:25:22)(time 38082 - 10:34:42) ->    4(time 38149 - 10:35:49)(time 38696 - 10:44:56) ->    5(time 38739 - 10:45:39)(time 39328 - 10:55:28) ->    6(time 39371 - 10:56:11)(time 39960 - 11:06:00) ->    7(time 40027 - 11:07:07)(time 40568 - 11:16:08) ->    8(time 40635 - 11:17:15)(time 41130 - 11:25:30) ->    9(time 41197 - 11:26:37)(time 41764 - 11:36:04) ->    10(time 41831 - 11:37:11)(time 42348 - 11:45:48) ->    11(time 42415 - 11:46:55)(time 42953 - 11:55:53) ->    12(time 43332 - 12:02:12)(time 43332 - 12:02:12) -> 25
=============
Train 4
=============
> Trip 0
   25(time 3973 - 01:06:13)(time 4511 - 01:15:11) ->    24(time 4578 - 01:16:18)(time 5095 - 01:24:55) ->    23(time 5162 - 01:26:02)(time 5729 - 01:35:29) ->    22(time 5796 - 01:36:36)(time 6291 - 01:44:51) ->    21(time 6358 - 01:45:58)(time 6899 - 01:54:59) ->    20(time 6966 - 01:56:06)(time 7555 - 02:05:55) ->    19(time 7598 - 02:06:38)(time 8187 - 02:16:27) ->    18(time 8230 - 02:17:10)(time 8777 - 02:26:17) ->    17(time 8844 - 02:27:24)(time 9404 - 02:36:44) ->    16(time 9471 - 02:37:51)(time 10060 - 02:47:40) ->    15(time 10198 - 02:49:58)(time 10734 - 02:58:54) ->    14(time 11113 - 03:05:13)(time 11660 - 03:14:20) ->    13(time 12039 - 03:20:39)(time 12039 - 03:20:39) ->    0(time 12418 - 03:26:58)(time 12965 - 03:36:05) ->    1(time 13344 - 03:42:24)(time 13880 - 03:51:20) ->    2(time 13960 - 03:52:40)(time 14549 - 04:02:29) ->    3(time 14616 - 04:03:36)(time 15176 - 04:12:56) ->    4(time 15243 - 04:14:03)(time 15790 - 04:23:10) ->    5(time 15833 - 04:23:53)(time 16422 - 04:33:42) ->    6(time 16465 - 04:34:25)(time 17054 - 04:44:14) ->    7(time 17433 - 04:50:33)(time 17974 - 04:59:34) ->    8(time 18091 - 05:01:31)(time 18586 - 05:09:46) ->    9(time 18965 - 05:16:05)(time 19532 - 05:25:32) ->    10(time 19911 - 05:31:51)(time 20428 - 05:40:28) ->    11(time 20807 - 05:46:47)(time 21345 - 05:55:45) ->    12(time 21724 - 06:02:04)(time 21724 - 06:02:04) -> 25
> Trip 1
   25(time 24200 - 06:43:20)(time 24738 - 06:52:18) ->    24(time 24805 - 06:53:25)(time 25322 - 07:02:02) ->    23(time 25389 - 07:03:09)(time 25956 - 07:12:36) ->    22(time 26023 - 07:13:43)(time 26518 - 07:21:58) ->    21(time 26585 - 07:23:05)(time 27126 - 07:32:06) ->    20(time 27193 - 07:33:13)(time 27782 - 07:43:02) ->    19(time 27825 - 07:43:45)(time 28414 - 07:53:34) ->    18(time 28457 - 07:54:17)(time 29004 - 08:03:24) ->    17(time 29071 - 08:04:31)(time 29631 - 08:13:51) ->    16(time 29698 - 08:14:58)(time 30287 - 08:24:47) ->    15(time 30358 - 08:25:58)(time 30894 - 08:34:54) ->    14(time 31273 - 08:41:13)(time 31820 - 08:50:20) ->    13(time 32199 - 08:56:39)(time 32199 - 08:56:39) ->    0(time 32578 - 09:02:58)(time 33125 - 09:12:05) ->    1(time 33491 - 09:18:11)(time 34027 - 09:27:07) ->    2(time 34107 - 09:28:27)(time 34696 - 09:38:16) ->    3(time 34950 - 09:42:30)(time 35510 - 09:51:50) ->    4(time 35577 - 09:52:57)(time 36124 - 10:02:04) ->    5(time 36167 - 10:02:47)(time 36756 - 10:12:36) ->    6(time 36799 - 10:13:19)(time 37388 - 10:23:08) ->    7(time 37455 - 10:24:15)(time 37996 - 10:33:16) ->    8(time 38063 - 10:34:23)(time 38558 - 10:42:38) ->    9(time 38625 - 10:43:45)(time 39192 - 10:53:12) ->    10(time 39259 - 10:54:19)(time 39776 - 11:02:56) ->    11(time 39843 - 11:04:03)(time 40381 - 11:13:01) ->    12(time 40648 - 11:17:28)(time 40648 - 11:17:28) -> 25
=============
Train 5
=============
> Trip 0
   25(time 0 - 00:00:00)(time 538 - 00:08:58) ->    24(time 605 - 00:10:05)(time 1122 - 00:18:42) ->    23(time 1264 - 00:21:04)(time 1831 - 00:30:31) ->    22(time 1898 - 00:31:38)(time 2393 - 00:39:53) ->    21(time 2460 - 00:41:00)(time 3001 - 00:50:01) ->    20(time 3380 - 00:56:20)(time 3969 - 01:06:09) ->    19(time 4348 - 01:12:28)(time 4937 - 01:22:17) ->    18(time 5303 - 01:28:23)(time 5850 - 01:37:30) ->    17(time 5930 - 01:38:50)(time 6490 - 01:48:10) ->    16(time 6594 - 01:49:54)(time 7183 - 01:59:43) ->    15(time 7226 - 02:00:26)(time 7762 - 02:09:22) ->    14(time 7829 - 02:10:29)(time 8376 - 02:19:36) ->    13(time 8643 - 02:24:03)(time 8643 - 02:24:03) ->    0(time 8830 - 02:27:10)(time 9377 - 02:36:17) ->    1(time 9444 - 02:37:24)(time 9980 - 02:46:20) ->    2(time 10060 - 02:47:40)(time 10649 - 02:57:29) ->    3(time 10716 - 02:58:36)(time 11276 - 03:07:56) ->    4(time 11343 - 03:09:03)(time 11890 - 03:18:10) ->    5(time 11970 - 03:19:30)(time 12559 - 03:29:19) ->    6(time 12602 - 03:30:02)(time 13191 - 03:39:51) ->    7(time 13258 - 03:40:58)(time 13799 - 03:49:59) ->    8(time 13866 - 03:51:06)(time 14361 - 03:59:21) ->    9(time 14428 - 04:00:28)(time 14995 - 04:09:55) ->    10(time 15062 - 04:11:02)(time 15579 - 04:19:39) ->    11(time 15646 - 04:20:46)(time 16184 - 04:29:44) ->    12(time 16451 - 04:34:11)(time 16451 - 04:34:11) -> 25
> Trip 1
   25(time 16451 - 04:34:11)(time 16989 - 04:43:09) ->    24(time 17056 - 04:44:16)(time 17573 - 04:52:53) ->    23(time 17640 - 04:54:00)(time 18207 - 05:03:27) ->    22(time 18586 - 05:09:46)(time 19081 - 05:18:01) ->    21(time 19460 - 05:24:20)(time 20001 - 05:33:21) ->    20(time 20380 - 05:39:40)(time 20969 - 05:49:29) ->    19(time 21348 - 05:55:48)(time 21937 - 06:05:37) ->    18(time 21980 - 06:06:20)(time 22527 - 06:15:27) ->    17(time 22594 - 06:16:34)(time 23154 - 06:25:54) ->    16(time 23221 - 06:27:01)(time 23810 - 06:36:50) ->    15(time 23853 - 06:37:33)(time 24389 - 06:46:29) ->    14(time 24456 - 06:47:36)(time 25003 - 06:56:43) ->    13(time 25270 - 07:01:10)(time 25270 - 07:01:10) ->    0(time 25270 - 07:01:10)(time 25817 - 07:10:17) ->    1(time 25884 - 07:11:24)(time 26420 - 07:20:20) ->    2(time 26463 - 07:21:03)(time 27052 - 07:30:52) ->    3(time 27119 - 07:31:59)(time 27679 - 07:41:19) ->    4(time 27746 - 07:42:26)(time 28293 - 07:51:33) ->    5(time 28494 - 07:54:54)(time 29083 - 08:04:43) ->    6(time 29462 - 08:11:02)(time 30051 - 08:20:51) ->    7(time 30430 - 08:27:10)(time 30971 - 08:36:11) ->    8(time 31038 - 08:37:18)(time 31533 - 08:45:33) ->    9(time 31600 - 08:46:40)(time 32167 - 08:56:07) ->    10(time 32234 - 08:57:14)(time 32751 - 09:05:51) ->    11(time 32818 - 09:06:58)(time 33356 - 09:15:56) ->    12(time 33623 - 09:20:23)(time 33623 - 09:20:23) -> 25
