t6p11r15h2.txt:
   > Trying to open the instance file...
   > Reading number of trains...
   > Reading maximum number of trips per train...
   > Reading time intervals...
   > Reading number of points...
   > Reading stations...
   > Reading crossings...
   > Reading depots...
   > Reading initial point...
   > Reading routes...
   > Reading distance and distance and service...
   > Reading demands...
   > Reading maximum time...
   > Reading alpha...

--------------------------------
 Printing instance
--------------------------------
number of trains = 6
	max trips per trains: 2     2     2     2     2     2
number of intervals = 2
	(0,  22025)	(22026,  44051)
number of points = 11
	initial point: 0
	stations: 0     1     3     4     5     6     7    10
	crossings: 0     1     2     4     6     7     8     9    10
	depots: 0     6     7    10
number of vertices = 22
	total vertices: 0     1     2     3     4     5     6     7     8     9    10    11    12    13    14    15    16    17    18    19    20    21
	upper vertices: 0     1     2     3     4     5     6     7     8     9    10
	lower vertices: 11    12    13    14    15    16    17    18    19    20    21
	vertices of point #0: (0, 11)
	vertices of point #1: (1, 12)
	vertices of point #2: (2, 13)
	vertices of point #3: (3, 14)
	vertices of point #4: (4, 15)
	vertices of point #5: (5, 16)
	vertices of point #6: (6, 17)
	vertices of point #7: (7, 18)
	vertices of point #8: (8, 19)
	vertices of point #9: (9, 20)
	vertices of point #10: (10, 21)

arcs...
	total arcs: 
		arc #0: (0, 1)
		arc #1: (0, 11)
		arc #2: (11, 0)
		arc #3: (1, 2)
		arc #4: (12, 11)
		arc #5: (2, 3)
		arc #6: (13, 12)
		arc #7: (3, 4)
		arc #8: (14, 13)
		arc #9: (4, 5)
		arc #10: (15, 14)
		arc #11: (5, 6)
		arc #12: (16, 15)
		arc #13: (6, 7)
		arc #14: (17, 16)
		arc #15: (6, 17)
		arc #16: (17, 6)
		arc #17: (7, 8)
		arc #18: (18, 17)
		arc #19: (7, 18)
		arc #20: (18, 7)
		arc #21: (8, 9)
		arc #22: (19, 18)
		arc #23: (9, 10)
		arc #24: (20, 19)
		arc #25: (21, 20)
		arc #26: (10, 21)
		arc #27: (21, 10)

	reverse arcs: 
		arc #1: (0, 11)
		arc #2: (11, 0)
		arc #15: (6, 17)
		arc #16: (17, 6)
		arc #19: (7, 18)
		arc #20: (18, 7)
		arc #26: (10, 21)
		arc #27: (21, 10)


incompatible points...
	(0, 0, 12, (0, 1))	(12, 12, 0, (12, 11))	(1, 1, 13, (1, 2))	(13, 13, 1, (13, 12))	(2, 3, 15, (3, 4))	(15, 14, 2, (14, 13))	(4, 5, 17, (5, 6))	(17, 16, 4, (16, 15))	(6, 6, 18, (6, 7))	(18, 18, 6, (18, 17))	(7, 7, 19, (7, 8))	(19, 19, 7, (19, 18))	(8, 8, 20, (8, 9))	(20, 20, 8, (20, 19))	(9, 9, 21, (9, 10))	(21, 21, 9, (21, 20))

number of routes = 15
vertices of routes...
	route #0: 0     1     2     3     4     5     6     7     8     9    10    21    20    19    18    17    16    15    14    13    12    11     0
	route #1: 21    20    19    18    17    16    15    14    13    12    11     0     1     2     3     4     5     6     7     8     9    10    21
	route #2: 6     7     8     9    10
	route #3: 17    16    15    14    13    12    11
	route #4: 0     1     2     3     4     5     6
	route #5: 21    20    19    18    17
	route #6: 7     8     9    10
	route #7: 18    17    16    15    14    13    12    11
	route #8: 0     1     2     3     4     5     6     7
	route #9: 21    20    19    18
	route #10: 18    17
	route #11: 7     8     9    10    21    20    19    18     7
	route #12: 6     7     8     9    10    21    20    19    18    17     6
	route #13: 6     7
	route #14: 17    16    15    14    13    12    11     0     1     2     3     4     5     6    17
arcs of routes...
	route #0: 0     3     5     7     9    11    13    17    21    23    26    25    24    22    18    14    12    10     8     6     4     2
	route #1: 25    24    22    18    14    12    10     8     6     4     2     0     3     5     7     9    11    13    17    21    23    26
	route #2: 13    17    21    23
	route #3: 14    12    10     8     6     4
	route #4: 0     3     5     7     9    11
	route #5: 25    24    22    18
	route #6: 17    21    23
	route #7: 18    14    12    10     8     6     4
	route #8: 0     3     5     7     9    11    13
	route #9: 25    24    22
	route #10: 18
	route #11: 17    21    23    26    25    24    22    20
	route #12: 13    17    21    23    26    25    24    22    18    16
	route #13: 13
	route #14: 14    12    10     8     6     4     2     0     3     5     7     9    11    15

incompatible routes...
	(0, 1)    	(0, 2)    	(0, 3)    	(0, 5)    	(0, 6)    	(0, 7)    	(0, 9)    	(0, 10)    	(0, 11)    	(0, 12)    	(0, 13)    	(0, 14)    	(1, 0)    	(1, 2)    	(1, 3)    	(1, 4)    	(1, 6)    	(1, 7)    	(1, 8)    	(1, 10)    	(1, 11)    	(1, 12)    	(1, 13)    	(1, 14)    	(2, 0)    	(2, 2)    	(2, 3)    	(2, 4)    	(2, 6)    	(2, 7)    	(2, 8)    	(2, 10)    	(2, 11)    	(2, 12)    	(2, 13)    	(2, 14)    	(3, 1)    	(3, 2)    	(3, 3)    	(3, 5)    	(3, 6)    	(3, 7)    	(3, 9)    	(3, 10)    	(3, 11)    	(3, 12)    	(3, 13)    	(3, 14)    	(4, 0)    	(4, 1)    	(4, 4)    	(4, 5)    	(4, 6)    	(4, 7)    	(4, 8)    	(4, 9)    	(4, 10)    	(4, 11)    	(5, 0)    	(5, 1)    	(5, 4)    	(5, 5)    	(5, 6)    	(5, 7)    	(5, 8)    	(5, 9)    	(5, 10)    	(5, 11)    	(6, 0)    	(6, 2)    	(6, 3)    	(6, 4)    	(6, 6)    	(6, 7)    	(6, 8)    	(6, 10)    	(6, 11)    	(6, 12)    	(6, 13)    	(6, 14)    	(7, 1)    	(7, 2)    	(7, 3)    	(7, 5)    	(7, 6)    	(7, 7)    	(7, 9)    	(7, 10)    	(7, 11)    	(7, 12)    	(7, 13)    	(7, 14)    	(8, 0)    	(8, 1)    	(8, 2)    	(8, 3)    	(8, 4)    	(8, 5)    	(8, 8)    	(8, 9)    	(8, 12)    	(8, 13)    	(8, 14)    	(9, 0)    	(9, 1)    	(9, 2)    	(9, 3)    	(9, 4)    	(9, 5)    	(9, 8)    	(9, 9)    	(9, 12)    	(9, 13)    	(9, 14)    	(10, 0)    	(10, 1)    	(10, 4)    	(10, 5)    	(10, 6)    	(10, 7)    	(10, 8)    	(10, 9)    	(10, 10)    	(10, 11)    	(11, 0)    	(11, 1)    	(11, 2)    	(11, 3)    	(11, 4)    	(11, 5)    	(11, 8)    	(11, 9)    	(11, 12)    	(11, 13)    	(11, 14)    	(12, 0)    	(12, 1)    	(12, 4)    	(12, 5)    	(12, 6)    	(12, 7)    	(12, 8)    	(12, 9)    	(12, 10)    	(12, 11)    	(13, 0)    	(13, 1)    	(13, 2)    	(13, 3)    	(13, 4)    	(13, 5)    	(13, 8)    	(13, 9)    	(13, 12)    	(13, 13)    	(13, 14)    	(14, 0)    	(14, 1)    	(14, 4)    	(14, 5)    	(14, 6)    	(14, 7)    	(14, 8)    	(14, 9)    	(14, 10)    	(14, 11)

vertices that can be adjacent in consecutive trips...
	(0, 0)    	(6, 6)    	(6, 17)    	(7, 7)    	(7, 18)    	(10, 21)    	(11, 0)    	(17, 6)    	(17, 17)    	(18, 7)    	(18, 18)    	(21, 21)
non cyclical routes: 
       2       3       4       5       6       7       8       9      10      13

routes of trip...
	routes that train #0 can complete at trip #0: 0       4       8
	routes that train #0 can complete at trip #1: 0       1       2       3       4       5       6       7       8       9      10      11      12      13      14

	routes that train #1 can complete at trip #0: 0       4       8
	routes that train #1 can complete at trip #1: 0       1       2       3       4       5       6       7       8       9      10      11      12      13      14

	routes that train #2 can complete at trip #0: 0       4       8
	routes that train #2 can complete at trip #1: 0       1       2       3       4       5       6       7       8       9      10      11      12      13      14

	routes that train #3 can complete at trip #0: 0       4       8
	routes that train #3 can complete at trip #1: 0       1       2       3       4       5       6       7       8       9      10      11      12      13      14

	routes that train #4 can complete at trip #0: 0       4       8
	routes that train #4 can complete at trip #1: 0       1       2       3       4       5       6       7       8       9      10      11      12      13      14

	routes that train #5 can complete at trip #0: 0       4       8
	routes that train #5 can complete at trip #1: 0       1       2       3       4       5       6       7       8       9      10      11      12      13      14

 cost...
	arc #0 [0][1]: 541
	arc #1 [0][11]: 0
	arc #2 [11][0]: 0
	arc #3 [1][2]: 535
	arc #4 [12][11]: 541
	arc #5 [2][3]: 618
	arc #6 [13][12]: 535
	arc #7 [3][4]: 630
	arc #8 [14][13]: 618
	arc #9 [4][5]: 554
	arc #10 [15][14]: 630
	arc #11 [5][6]: 561
	arc #12 [16][15]: 554
	arc #13 [6][7]: 632
	arc #14 [17][16]: 561
	arc #15 [6][17]: 0
	arc #16 [17][6]: 0
	arc #17 [7][8]: 576
	arc #18 [18][17]: 632
	arc #19 [7][18]: 0
	arc #20 [18][7]: 0
	arc #21 [8][9]: 623
	arc #22 [19][18]: 576
	arc #23 [9][10]: 613
	arc #24 [20][19]: 623
	arc #25 [21][20]: 613
	arc #26 [10][21]: 0
	arc #27 [21][10]: 0

cost with minimum service...
	arc #0 [0][1]: 633
	arc #1 [0][11]: 0
	arc #2 [11][0]: 0
	arc #3 [1][2]: 581
	arc #4 [12][11]: 719
	arc #5 [2][3]: 710
	arc #6 [13][12]: 627
	arc #7 [3][4]: 722
	arc #8 [14][13]: 664
	arc #9 [4][5]: 646
	arc #10 [15][14]: 722
	arc #11 [5][6]: 739
	arc #12 [16][15]: 646
	arc #13 [6][7]: 810
	arc #14 [17][16]: 653
	arc #15 [6][17]: 0
	arc #16 [17][6]: 0
	arc #17 [7][8]: 622
	arc #18 [18][17]: 810
	arc #19 [7][18]: 0
	arc #20 [18][7]: 0
	arc #21 [8][9]: 669
	arc #22 [19][18]: 754
	arc #23 [9][10]: 791
	arc #24 [20][19]: 669
	arc #25 [21][20]: 659
	arc #26 [10][21]: 0
	arc #27 [21][10]: 0

cost with maximum service...
	arc #0 [0][1]: 1018
	arc #1 [0][11]: 477
	arc #2 [11][0]: 477
	arc #3 [1][2]: 1012
	arc #4 [12][11]: 1018
	arc #5 [2][3]: 1095
	arc #6 [13][12]: 1012
	arc #7 [3][4]: 1107
	arc #8 [14][13]: 1095
	arc #9 [4][5]: 1031
	arc #10 [15][14]: 1107
	arc #11 [5][6]: 1038
	arc #12 [16][15]: 1031
	arc #13 [6][7]: 1109
	arc #14 [17][16]: 1038
	arc #15 [6][17]: 477
	arc #16 [17][6]: 477
	arc #17 [7][8]: 1053
	arc #18 [18][17]: 1109
	arc #19 [7][18]: 477
	arc #20 [18][7]: 477
	arc #21 [8][9]: 1100
	arc #22 [19][18]: 1053
	arc #23 [9][10]: 1090
	arc #24 [20][19]: 1100
	arc #25 [21][20]: 1090
	arc #26 [10][21]: 477
	arc #27 [21][10]: 477

demands...
	demands of vertex 0 at time interval: 4     4
	demands of vertex 1 at time interval: 4     4
	demands of vertex 2 at time interval: 0     0
	demands of vertex 3 at time interval: 4     4
	demands of vertex 4 at time interval: 4     4
	demands of vertex 5 at time interval: 4     4
	demands of vertex 6 at time interval: 4     4
	demands of vertex 7 at time interval: 4     4
	demands of vertex 8 at time interval: 0     0
	demands of vertex 9 at time interval: 0     0
	demands of vertex 10 at time interval: 0     0
	demands of vertex 11 at time interval: 0     0
	demands of vertex 12 at time interval: 4     4
	demands of vertex 13 at time interval: 0     0
	demands of vertex 14 at time interval: 4     4
	demands of vertex 15 at time interval: 4     4
	demands of vertex 16 at time interval: 4     4
	demands of vertex 17 at time interval: 4     4
	demands of vertex 18 at time interval: 4     4
	demands of vertex 19 at time interval: 0     0
	demands of vertex 20 at time interval: 0     0
	demands of vertex 21 at time interval: 4     4

maximum time = 44051
alpha = 87
Starting to test combinations... - Total number of combinations = 11390625
Found new best - 1/11390625
10% done - 1139063/11390625 combination(s) tested! (Thread 0)
20% done - 2278126/11390625 combination(s) tested! (Thread 0)
30% done - 3417189/11390625 combination(s) tested! (Thread 0)
40% done - 4556252/11390625 combination(s) tested! (Thread 0)
50% done - 5695315/11390625 combination(s) tested! (Thread 0)
60% done - 6834378/11390625 combination(s) tested! (Thread 0)
70% done - 7973441/11390625 combination(s) tested! (Thread 0)
80% done - 9112504/11390625 combination(s) tested! (Thread 0)
90% done - 10251567/11390625 combination(s) tested! (Thread 0)
	Cannot prove optimality!

>> Printing some results...
    -> Solution value = 18908 - 05:15:08
    -> Total time = 3846.17

=============
Train 0
=============
> Trip 0
   0(time 5826 - 01:37:06)(time 6367 - 01:46:07) ->    1(time 6459 - 01:47:39)(time 6994 - 01:56:34) ->    2(time 7040 - 01:57:20)(time 7658 - 02:07:38) ->    3(time 7750 - 02:09:10)(time 8380 - 02:19:40) ->    4(time 8472 - 02:21:12)(time 9026 - 02:30:26) ->    5(time 9118 - 02:31:58)(time 9679 - 02:41:19) ->    6(time 9857 - 02:44:17)(time 10489 - 02:54:49) ->    7(time 10667 - 02:57:47)(time 11243 - 03:07:23) ->    8(time 11289 - 03:08:09)(time 11912 - 03:18:32) ->    9(time 11958 - 03:19:18)(time 12571 - 03:29:31) ->    10(time 12749 - 03:32:29)(time 12749 - 03:32:29) ->    21(time 12840 - 03:34:00)(time 13453 - 03:44:13) ->    20(time 13540 - 03:45:40)(time 14163 - 03:56:03) ->    19(time 14250 - 03:57:30)(time 14826 - 04:07:06) ->    18(time 15004 - 04:10:04)(time 15636 - 04:20:36) ->    17(time 15814 - 04:23:34)(time 16375 - 04:32:55) ->    16(time 16467 - 04:34:27)(time 17021 - 04:43:41) ->    15(time 17498 - 04:51:38)(time 18128 - 05:02:08) ->    14(time 18220 - 05:03:40)(time 18838 - 05:13:58) ->    13(time 18884 - 05:14:44)(time 19419 - 05:23:39) ->    12(time 19511 - 05:25:11)(time 20052 - 05:34:12) ->    11(time 20443 - 05:40:43)(time 20443 - 05:40:43) -> 0
> Trip 1
   0(time 21484 - 05:58:04)(time 22025 - 06:07:05) ->    1(time 22203 - 06:10:03)(time 22738 - 06:18:58) ->    2(time 22784 - 06:19:44)(time 23402 - 06:30:02) ->    3(time 23494 - 06:31:34)(time 24124 - 06:42:04) ->    4(time 24216 - 06:43:36)(time 24770 - 06:52:50) ->    5(time 24862 - 06:54:22)(time 25423 - 07:03:43) ->    6(time 25601 - 07:06:41)(time 26233 - 07:17:13) ->    7(time 26411 - 07:20:11)(time 26987 - 07:29:47) ->    8(time 27033 - 07:30:33)(time 27656 - 07:40:56) ->    9(time 27702 - 07:41:42)(time 28315 - 07:51:55) ->    10(time 28493 - 07:54:53)(time 28493 - 07:54:53) ->    21(time 28493 - 07:54:53)(time 29106 - 08:05:06) ->    20(time 29355 - 08:09:15)(time 29978 - 08:19:38) ->    19(time 30156 - 08:22:36)(time 30732 - 08:32:12) ->    18(time 30910 - 08:35:10)(time 31542 - 08:45:42) ->    17(time 31720 - 08:48:40)(time 32281 - 08:58:01) ->    16(time 32373 - 08:59:33)(time 32927 - 09:08:47) ->    15(time 33019 - 09:10:19)(time 33649 - 09:20:49) ->    14(time 33741 - 09:22:21)(time 34359 - 09:32:39) ->    13(time 34405 - 09:33:25)(time 34940 - 09:42:20) ->    12(time 35032 - 09:43:52)(time 35573 - 09:52:53) ->    11(time 35751 - 09:55:51)(time 35751 - 09:55:51) -> 0
=============
Train 1
=============
> Trip 0
   0(time 8833 - 02:27:13)(time 9374 - 02:36:14) ->    1(time 9466 - 02:37:46)(time 10001 - 02:46:41) ->    2(time 10047 - 02:47:27)(time 10665 - 02:57:45) ->    3(time 10757 - 02:59:17)(time 11387 - 03:09:47) ->    4(time 11479 - 03:11:19)(time 12033 - 03:20:33) ->    5(time 12125 - 03:22:05)(time 12686 - 03:31:26) ->    6(time 12864 - 03:34:24)(time 13496 - 03:44:56) ->    7(time 13674 - 03:47:54)(time 14250 - 03:57:30) ->    8(time 14499 - 04:01:39)(time 15122 - 04:12:02) ->    9(time 15300 - 04:15:00)(time 15913 - 04:25:13) ->    10(time 16091 - 04:28:11)(time 16091 - 04:28:11) ->    21(time 16091 - 04:28:11)(time 16704 - 04:38:24) ->    20(time 16750 - 04:39:10)(time 17373 - 04:49:33) ->    19(time 17419 - 04:50:19)(time 17995 - 04:59:55) ->    18(time 18173 - 05:02:53)(time 18805 - 05:13:25) ->    17(time 18983 - 05:16:23)(time 19544 - 05:25:44) ->    16(time 19636 - 05:27:16)(time 20190 - 05:36:30) ->    15(time 20634 - 05:43:54)(time 21264 - 05:54:24) ->    14(time 21741 - 06:02:21)(time 22359 - 06:12:39) ->    13(time 22836 - 06:20:36)(time 23371 - 06:29:31) ->    12(time 23463 - 06:31:03)(time 24004 - 06:40:04) ->    11(time 24182 - 06:43:02)(time 24182 - 06:43:02) -> 0
> Trip 1
   0(time 24182 - 06:43:02)(time 24723 - 06:52:03) ->    1(time 24815 - 06:53:35)(time 25350 - 07:02:30) ->    2(time 25396 - 07:03:16)(time 26014 - 07:13:34) ->    3(time 26106 - 07:15:06)(time 26736 - 07:25:36) ->    4(time 26828 - 07:27:08)(time 27382 - 07:36:22) ->    5(time 27853 - 07:44:13)(time 28414 - 07:53:34) ->    6(time 28592 - 07:56:32)(time 29224 - 08:07:04) ->    7(time 29402 - 08:10:02)(time 29978 - 08:19:38) ->    8(time 30065 - 08:21:05)(time 30688 - 08:31:28) ->    9(time 30866 - 08:34:26)(time 31479 - 08:44:39) ->    10(time 31657 - 08:47:37)(time 31657 - 08:47:37) ->    21(time 31657 - 08:47:37)(time 32270 - 08:57:50) ->    20(time 32316 - 08:58:36)(time 32939 - 09:08:59) ->    19(time 32985 - 09:09:45)(time 33561 - 09:19:21) ->    18(time 33739 - 09:22:19)(time 34371 - 09:32:51) ->    17(time 34549 - 09:35:49)(time 35110 - 09:45:10) ->    16(time 35202 - 09:46:42)(time 35756 - 09:55:56) ->    15(time 35848 - 09:57:28)(time 36478 - 10:07:58) ->    14(time 36570 - 10:09:30)(time 37188 - 10:19:48) ->    13(time 37234 - 10:20:34)(time 37769 - 10:29:29) ->    12(time 37861 - 10:31:01)(time 38402 - 10:40:02) ->    11(time 38580 - 10:43:00)(time 38580 - 10:43:00) -> 0
=============
Train 2
=============
> Trip 0
   0(time 7276 - 02:01:16)(time 7817 - 02:10:17) ->    1(time 7909 - 02:11:49)(time 8444 - 02:20:44) ->    2(time 8490 - 02:21:30)(time 9108 - 02:31:48) ->    3(time 9200 - 02:33:20)(time 9830 - 02:43:50) ->    4(time 9922 - 02:45:22)(time 10476 - 02:54:36) ->    5(time 10568 - 02:56:08)(time 11129 - 03:05:29) ->    6(time 11307 - 03:08:27)(time 11939 - 03:18:59) ->    7(time 12117 - 03:21:57)(time 12693 - 03:31:33) ->    8(time 12739 - 03:32:19)(time 13362 - 03:42:42) ->    9(time 13540 - 03:45:40)(time 14153 - 03:55:53) ->    10(time 14331 - 03:58:51)(time 14331 - 03:58:51) ->    21(time 14331 - 03:58:51)(time 14944 - 04:09:04) ->    20(time 15122 - 04:12:02)(time 15745 - 04:22:25) ->    19(time 15791 - 04:23:11)(time 16367 - 04:32:47) ->    18(time 16545 - 04:35:45)(time 17177 - 04:46:17) ->    17(time 17355 - 04:49:15)(time 17916 - 04:58:36) ->    16(time 18008 - 05:00:08)(time 18562 - 05:09:22) ->    15(time 18654 - 05:10:54)(time 19284 - 05:21:24) ->    14(time 19376 - 05:22:56)(time 19994 - 05:33:14) ->    13(time 20040 - 05:34:00)(time 20575 - 05:42:55) ->    12(time 20667 - 05:44:27)(time 21208 - 05:53:28) ->    11(time 21386 - 05:56:26)(time 21386 - 05:56:26) -> 0
> Trip 1
   0(time 21386 - 05:56:26)(time 21927 - 06:05:27) ->    1(time 22025 - 06:07:05)(time 22560 - 06:16:00) ->    2(time 22606 - 06:16:46)(time 23224 - 06:27:04) ->    3(time 23316 - 06:28:36)(time 23946 - 06:39:06) ->    4(time 24038 - 06:40:38)(time 24592 - 06:49:52) ->    5(time 24684 - 06:51:24)(time 25245 - 07:00:45) ->    6(time 25423 - 07:03:43)(time 26055 - 07:14:15) ->    7(time 26233 - 07:17:13)(time 26809 - 07:26:49) ->    8(time 26855 - 07:27:35)(time 27478 - 07:37:58) ->    9(time 27524 - 07:38:44)(time 28137 - 07:48:57) ->    10(time 28315 - 07:51:55)(time 28315 - 07:51:55) ->    21(time 28315 - 07:51:55)(time 28928 - 08:02:08) ->    20(time 29106 - 08:05:06)(time 29729 - 08:15:29) ->    19(time 29978 - 08:19:38)(time 30554 - 08:29:14) ->    18(time 30732 - 08:32:12)(time 31364 - 08:42:44) ->    17(time 31542 - 08:45:42)(time 32103 - 08:55:03) ->    16(time 32195 - 08:56:35)(time 32749 - 09:05:49) ->    15(time 32841 - 09:07:21)(time 33471 - 09:17:51) ->    14(time 33563 - 09:19:23)(time 34181 - 09:29:41) ->    13(time 34227 - 09:30:27)(time 34762 - 09:39:22) ->    12(time 34854 - 09:40:54)(time 35395 - 09:49:55) ->    11(time 35573 - 09:52:53)(time 35573 - 09:52:53) -> 0
=============
Train 3
=============
> Trip 0
   0(time 6004 - 01:40:04)(time 6545 - 01:49:05) ->    1(time 6637 - 01:50:37)(time 7172 - 01:59:32) ->    2(time 7218 - 02:00:18)(time 7836 - 02:10:36) ->    3(time 7928 - 02:12:08)(time 8558 - 02:22:38) ->    4(time 8650 - 02:24:10)(time 9204 - 02:33:24) ->    5(time 9296 - 02:34:56)(time 9857 - 02:44:17) ->    6(time 10035 - 02:47:15)(time 10667 - 02:57:47) ->    7(time 10845 - 03:00:45)(time 11421 - 03:10:21) ->    8(time 11467 - 03:11:07)(time 12090 - 03:21:30) ->    9(time 12136 - 03:22:16)(time 12749 - 03:32:29) ->    10(time 12927 - 03:35:27)(time 12927 - 03:35:27) ->    21(time 12927 - 03:35:27)(time 13540 - 03:45:40) ->    20(time 13627 - 03:47:07)(time 14250 - 03:57:30) ->    19(time 14727 - 04:05:27)(time 15303 - 04:15:03) ->    18(time 15780 - 04:23:00)(time 16412 - 04:33:32) ->    17(time 16590 - 04:36:30)(time 17151 - 04:45:51) ->    16(time 17243 - 04:47:23)(time 17797 - 04:56:37) ->    15(time 17889 - 04:58:09)(time 18519 - 05:08:39) ->    14(time 18611 - 05:10:11)(time 19229 - 05:20:29) ->    13(time 19275 - 05:21:15)(time 19810 - 05:30:10) ->    12(time 19902 - 05:31:42)(time 20443 - 05:40:43) ->    11(time 20621 - 05:43:41)(time 20621 - 05:43:41) -> 0
> Trip 1
   0(time 24004 - 06:40:04)(time 24545 - 06:49:05) ->    1(time 24637 - 06:50:37)(time 25172 - 06:59:32) ->    2(time 25218 - 07:00:18)(time 25836 - 07:10:36) ->    3(time 25928 - 07:12:08)(time 26558 - 07:22:38) ->    4(time 26730 - 07:25:30)(time 27284 - 07:34:44) ->    5(time 27376 - 07:36:16)(time 27937 - 07:45:37) ->    6(time 28115 - 07:48:35)(time 28747 - 07:59:07) ->    7(time 28925 - 08:02:05)(time 29501 - 08:11:41) ->    8(time 29978 - 08:19:38)(time 30601 - 08:30:01) ->    9(time 30688 - 08:31:28)(time 31301 - 08:41:41) ->    10(time 31479 - 08:44:39)(time 31479 - 08:44:39) ->    21(time 31479 - 08:44:39)(time 32092 - 08:54:52) ->    20(time 32138 - 08:55:38)(time 32761 - 09:06:01) ->    19(time 32807 - 09:06:47)(time 33383 - 09:16:23) ->    18(time 33561 - 09:19:21)(time 34193 - 09:29:53) ->    17(time 34371 - 09:32:51)(time 34932 - 09:42:12) ->    16(time 35024 - 09:43:44)(time 35578 - 09:52:58) ->    15(time 35670 - 09:54:30)(time 36300 - 10:05:00) ->    14(time 36392 - 10:06:32)(time 37010 - 10:16:50) ->    13(time 37056 - 10:17:36)(time 37591 - 10:26:31) ->    12(time 37683 - 10:28:03)(time 38224 - 10:37:04) ->    11(time 38402 - 10:40:02)(time 38402 - 10:40:02) -> 0
=============
Train 4
=============
> Trip 0
   0(time 8655 - 02:24:15)(time 9196 - 02:33:16) ->    1(time 9288 - 02:34:48)(time 9823 - 02:43:43) ->    2(time 9869 - 02:44:29)(time 10487 - 02:54:47) ->    3(time 10579 - 02:56:19)(time 11209 - 03:06:49) ->    4(time 11301 - 03:08:21)(time 11855 - 03:17:35) ->    5(time 11947 - 03:19:07)(time 12508 - 03:28:28) ->    6(time 12686 - 03:31:26)(time 13318 - 03:41:58) ->    7(time 13496 - 03:44:56)(time 14072 - 03:54:32) ->    8(time 14250 - 03:57:30)(time 14873 - 04:07:53) ->    9(time 15122 - 04:12:02)(time 15735 - 04:22:15) ->    10(time 15913 - 04:25:13)(time 15913 - 04:25:13) ->    21(time 15913 - 04:25:13)(time 16526 - 04:35:26) ->    20(time 16572 - 04:36:12)(time 17195 - 04:46:35) ->    19(time 17241 - 04:47:21)(time 17817 - 04:56:57) ->    18(time 17995 - 04:59:55)(time 18627 - 05:10:27) ->    17(time 18805 - 05:13:25)(time 19366 - 05:22:46) ->    16(time 19458 - 05:24:18)(time 20012 - 05:33:32) ->    15(time 20104 - 05:35:04)(time 20734 - 05:45:34) ->    14(time 20826 - 05:47:06)(time 21444 - 05:57:24) ->    13(time 21490 - 05:58:10)(time 22025 - 06:07:05) ->    12(time 22203 - 06:10:03)(time 22744 - 06:19:04) ->    11(time 22922 - 06:22:02)(time 22922 - 06:22:02) -> 0
> Trip 1
   0(time 22922 - 06:22:02)(time 23463 - 06:31:03) ->    1(time 23653 - 06:34:13)(time 24188 - 06:43:08) ->    2(time 24234 - 06:43:54)(time 24852 - 06:54:12) ->    3(time 24944 - 06:55:44)(time 25574 - 07:06:14) ->    4(time 25666 - 07:07:46)(time 26220 - 07:17:00) ->    5(time 26312 - 07:18:32)(time 26873 - 07:27:53) ->    6(time 27051 - 07:30:51)(time 27683 - 07:41:23) ->    7(time 27861 - 07:44:21)(time 28437 - 07:53:57) ->    8(time 28483 - 07:54:43)(time 29106 - 08:05:06) ->    9(time 29284 - 08:08:04)(time 29897 - 08:18:17) ->    10(time 30075 - 08:21:15)(time 30075 - 08:21:15) ->    21(time 30075 - 08:21:15)(time 30688 - 08:31:28) ->    20(time 30866 - 08:34:26)(time 31489 - 08:44:49) ->    19(time 31535 - 08:45:35)(time 32111 - 08:55:11) ->    18(time 32289 - 08:58:09)(time 32921 - 09:08:41) ->    17(time 33099 - 09:11:39)(time 33660 - 09:21:00) ->    16(time 33752 - 09:22:32)(time 34306 - 09:31:46) ->    15(time 34398 - 09:33:18)(time 35028 - 09:43:48) ->    14(time 35120 - 09:45:20)(time 35738 - 09:55:38) ->    13(time 35784 - 09:56:24)(time 36319 - 10:05:19) ->    12(time 36411 - 10:06:51)(time 36952 - 10:15:52) ->    11(time 37130 - 10:18:50)(time 37130 - 10:18:50) -> 0
=============
Train 5
=============
> Trip 0
   0(time 7454 - 02:04:14)(time 7995 - 02:13:15) ->    1(time 8087 - 02:14:47)(time 8622 - 02:23:42) ->    2(time 8668 - 02:24:28)(time 9286 - 02:34:46) ->    3(time 9378 - 02:36:18)(time 10008 - 02:46:48) ->    4(time 10100 - 02:48:20)(time 10654 - 02:57:34) ->    5(time 10746 - 02:59:06)(time 11307 - 03:08:27) ->    6(time 11485 - 03:11:25)(time 12117 - 03:21:57) ->    7(time 12295 - 03:24:55)(time 12871 - 03:34:31) ->    8(time 12917 - 03:35:17)(time 13540 - 03:45:40) ->    9(time 13718 - 03:48:38)(time 14331 - 03:58:51) ->    10(time 14509 - 04:01:49)(time 14509 - 04:01:49) ->    21(time 14509 - 04:01:49)(time 15122 - 04:12:02) ->    20(time 15599 - 04:19:59)(time 16222 - 04:30:22) ->    19(time 16699 - 04:38:19)(time 17275 - 04:47:55) ->    18(time 17752 - 04:55:52)(time 18384 - 05:06:24) ->    17(time 18562 - 05:09:22)(time 19123 - 05:18:43) ->    16(time 19215 - 05:20:15)(time 19769 - 05:29:29) ->    15(time 19861 - 05:31:01)(time 20491 - 05:41:31) ->    14(time 20583 - 05:43:03)(time 21201 - 05:53:21) ->    13(time 21398 - 05:56:38)(time 21933 - 06:05:33) ->    12(time 22025 - 06:07:05)(time 22566 - 06:16:06) ->    11(time 22744 - 06:19:04)(time 22744 - 06:19:04) -> 0
> Trip 1
   0(time 22744 - 06:19:04)(time 23285 - 06:28:05) ->    1(time 23377 - 06:29:37)(time 23912 - 06:38:32) ->    2(time 23958 - 06:39:18)(time 24576 - 06:49:36) ->    3(time 24668 - 06:51:08)(time 25298 - 07:01:38) ->    4(time 25390 - 07:03:10)(time 25944 - 07:12:24) ->    5(time 26036 - 07:13:56)(time 26597 - 07:23:17) ->    6(time 26775 - 07:26:15)(time 27407 - 07:36:47) ->    7(time 27585 - 07:39:45)(time 28161 - 07:49:21) ->    8(time 28207 - 07:50:07)(time 28830 - 08:00:30) ->    9(time 29106 - 08:05:06)(time 29719 - 08:15:19) ->    10(time 29897 - 08:18:17)(time 29897 - 08:18:17) ->    21(time 29897 - 08:18:17)(time 30510 - 08:28:30) ->    20(time 30688 - 08:31:28)(time 31311 - 08:41:51) ->    19(time 31357 - 08:42:37)(time 31933 - 08:52:13) ->    18(time 32111 - 08:55:11)(time 32743 - 09:05:43) ->    17(time 32921 - 09:08:41)(time 33482 - 09:18:02) ->    16(time 33574 - 09:19:34)(time 34128 - 09:28:48) ->    15(time 34220 - 09:30:20)(time 34850 - 09:40:50) ->    14(time 34942 - 09:42:22)(time 35560 - 09:52:40) ->    13(time 35606 - 09:53:26)(time 36141 - 10:02:21) ->    12(time 36233 - 10:03:53)(time 36774 - 10:12:54) ->    11(time 36952 - 10:15:52)(time 36952 - 10:15:52) -> 0
