t6p14r2h1.txt:
   > Trying to open the instance file...
   > Reading number of trains...
   > Reading maximum number of trips per train...
   > Reading time intervals...
   > Reading number of points...
   > Reading stations...
   > Reading crossings...
   > Reading depots...
   > Reading initial point...
   > Reading routes...
   > Reading distance and distance and service...
   > Reading demands...
   > Reading maximum time...
   > Reading alpha...

--------------------------------
 Printing instance
--------------------------------
number of trains = 6
	max trips per trains: 2     2     2     2     2     2
number of intervals = 1
	(0,  52697)
number of points = 14
	initial point: 13
	stations: 0     2     3     4     6     7     8     9    10    11    12    13
	crossings: 0     1     3     5    13
	depots: 0    13
number of vertices = 28
	total vertices: 0     1     2     3     4     5     6     7     8     9    10    11    12    13    14    15    16    17    18    19    20    21    22    23    24    25    26    27
	upper vertices: 0     1     2     3     4     5     6     7     8     9    10    11    12    13
	lower vertices: 14    15    16    17    18    19    20    21    22    23    24    25    26    27
	vertices of point #0: (0, 14)
	vertices of point #1: (1, 15)
	vertices of point #2: (2, 16)
	vertices of point #3: (3, 17)
	vertices of point #4: (4, 18)
	vertices of point #5: (5, 19)
	vertices of point #6: (6, 20)
	vertices of point #7: (7, 21)
	vertices of point #8: (8, 22)
	vertices of point #9: (9, 23)
	vertices of point #10: (10, 24)
	vertices of point #11: (11, 25)
	vertices of point #12: (12, 26)
	vertices of point #13: (13, 27)

arcs...
	total arcs: 
		arc #0: (0, 1)
		arc #1: (0, 14)
		arc #2: (14, 0)
		arc #3: (1, 2)
		arc #4: (15, 14)
		arc #5: (2, 3)
		arc #6: (16, 15)
		arc #7: (3, 4)
		arc #8: (17, 16)
		arc #9: (4, 5)
		arc #10: (18, 17)
		arc #11: (5, 6)
		arc #12: (19, 18)
		arc #13: (6, 7)
		arc #14: (20, 19)
		arc #15: (7, 8)
		arc #16: (21, 20)
		arc #17: (8, 9)
		arc #18: (22, 21)
		arc #19: (9, 10)
		arc #20: (23, 22)
		arc #21: (10, 11)
		arc #22: (24, 23)
		arc #23: (11, 12)
		arc #24: (25, 24)
		arc #25: (12, 13)
		arc #26: (26, 25)
		arc #27: (27, 26)
		arc #28: (13, 27)
		arc #29: (27, 13)

	reverse arcs: 
		arc #1: (0, 14)
		arc #2: (14, 0)
		arc #28: (13, 27)
		arc #29: (27, 13)


incompatible points...
	(0, 0, 15, (0, 1))	(15, 15, 0, (15, 14))	(1, 2, 17, (2, 3))	(17, 16, 1, (16, 15))	(3, 4, 19, (4, 5))	(19, 18, 3, (18, 17))	(5, 12, 27, (12, 13))	(27, 20, 5, (20, 19))

number of routes = 2
vertices of routes...
	route #0: 0     1     2     3     4     5     6     7     8     9    10    11    12    13    27    26    25    24    23    22    21    20    19    18    17    16    15    14     0
	route #1: 27    26    25    24    23    22    21    20    19    18    17    16    15    14     0     1     2     3     4     5     6     7     8     9    10    11    12    13    27
arcs of routes...
	route #0: 0     3     5     7     9    11    13    15    17    19    21    23    25    28    27    26    24    22    20    18    16    14    12    10     8     6     4     2
	route #1: 27    26    24    22    20    18    16    14    12    10     8     6     4     2     0     3     5     7     9    11    13    15    17    19    21    23    25    28

incompatible routes...
	(0, 1)    	(1, 0)

vertices that can be adjacent in consecutive trips...
	(0, 0)    	(27, 27)
non cyclical routes: 


routes of trip...
	routes that train #0 can complete at trip #0: 1
	routes that train #0 can complete at trip #1: 0       1

	routes that train #1 can complete at trip #0: 1
	routes that train #1 can complete at trip #1: 0       1

	routes that train #2 can complete at trip #0: 1
	routes that train #2 can complete at trip #1: 0       1

	routes that train #3 can complete at trip #0: 1
	routes that train #3 can complete at trip #1: 0       1

	routes that train #4 can complete at trip #0: 1
	routes that train #4 can complete at trip #1: 0       1

	routes that train #5 can complete at trip #0: 1
	routes that train #5 can complete at trip #1: 0       1

 cost...
	arc #0 [0][1]: 533
	arc #1 [0][14]: 0
	arc #2 [14][0]: 0
	arc #3 [1][2]: 500
	arc #4 [15][14]: 533
	arc #5 [2][3]: 554
	arc #6 [16][15]: 500
	arc #7 [3][4]: 592
	arc #8 [17][16]: 554
	arc #9 [4][5]: 516
	arc #10 [18][17]: 592
	arc #11 [5][6]: 575
	arc #12 [19][18]: 516
	arc #13 [6][7]: 535
	arc #14 [20][19]: 575
	arc #15 [7][8]: 509
	arc #16 [21][20]: 535
	arc #17 [8][9]: 572
	arc #18 [22][21]: 509
	arc #19 [9][10]: 560
	arc #20 [23][22]: 572
	arc #21 [10][11]: 558
	arc #22 [24][23]: 560
	arc #23 [11][12]: 549
	arc #24 [25][24]: 558
	arc #25 [12][13]: 491
	arc #26 [26][25]: 549
	arc #27 [27][26]: 491
	arc #28 [13][27]: 0
	arc #29 [27][13]: 0

cost with minimum service...
	arc #0 [0][1]: 602
	arc #1 [0][14]: 0
	arc #2 [14][0]: 0
	arc #3 [1][2]: 579
	arc #4 [15][14]: 632
	arc #5 [2][3]: 633
	arc #6 [16][15]: 569
	arc #7 [3][4]: 671
	arc #8 [17][16]: 633
	arc #9 [4][5]: 585
	arc #10 [18][17]: 671
	arc #11 [5][6]: 654
	arc #12 [19][18]: 595
	arc #13 [6][7]: 614
	arc #14 [20][19]: 644
	arc #15 [7][8]: 588
	arc #16 [21][20]: 614
	arc #17 [8][9]: 651
	arc #18 [22][21]: 588
	arc #19 [9][10]: 639
	arc #20 [23][22]: 651
	arc #21 [10][11]: 637
	arc #22 [24][23]: 639
	arc #23 [11][12]: 628
	arc #24 [25][24]: 637
	arc #25 [12][13]: 590
	arc #26 [26][25]: 628
	arc #27 [27][26]: 570
	arc #28 [13][27]: 0
	arc #29 [27][13]: 0

cost with maximum service...
	arc #0 [0][1]: 1125
	arc #1 [0][14]: 592
	arc #2 [14][0]: 592
	arc #3 [1][2]: 1092
	arc #4 [15][14]: 1125
	arc #5 [2][3]: 1146
	arc #6 [16][15]: 1092
	arc #7 [3][4]: 1184
	arc #8 [17][16]: 1146
	arc #9 [4][5]: 1108
	arc #10 [18][17]: 1184
	arc #11 [5][6]: 1167
	arc #12 [19][18]: 1108
	arc #13 [6][7]: 1127
	arc #14 [20][19]: 1167
	arc #15 [7][8]: 1101
	arc #16 [21][20]: 1127
	arc #17 [8][9]: 1164
	arc #18 [22][21]: 1101
	arc #19 [9][10]: 1152
	arc #20 [23][22]: 1164
	arc #21 [10][11]: 1150
	arc #22 [24][23]: 1152
	arc #23 [11][12]: 1141
	arc #24 [25][24]: 1150
	arc #25 [12][13]: 1083
	arc #26 [26][25]: 1141
	arc #27 [27][26]: 1083
	arc #28 [13][27]: 592
	arc #29 [27][13]: 592

demands...
	demands of vertex 0 at time interval: 9
	demands of vertex 1 at time interval: 0
	demands of vertex 2 at time interval: 9
	demands of vertex 3 at time interval: 9
	demands of vertex 4 at time interval: 9
	demands of vertex 5 at time interval: 0
	demands of vertex 6 at time interval: 9
	demands of vertex 7 at time interval: 9
	demands of vertex 8 at time interval: 9
	demands of vertex 9 at time interval: 9
	demands of vertex 10 at time interval: 9
	demands of vertex 11 at time interval: 9
	demands of vertex 12 at time interval: 9
	demands of vertex 13 at time interval: 0
	demands of vertex 14 at time interval: 0
	demands of vertex 15 at time interval: 0
	demands of vertex 16 at time interval: 9
	demands of vertex 17 at time interval: 9
	demands of vertex 18 at time interval: 9
	demands of vertex 19 at time interval: 0
	demands of vertex 20 at time interval: 9
	demands of vertex 21 at time interval: 9
	demands of vertex 22 at time interval: 9
	demands of vertex 23 at time interval: 9
	demands of vertex 24 at time interval: 9
	demands of vertex 25 at time interval: 9
	demands of vertex 26 at time interval: 9
	demands of vertex 27 at time interval: 9

maximum time = 52697
alpha = 83
Starting to test combinations... - Total number of combinations = 64
Found new best - 1/64
10% done - 7/64 combination(s) tested! (Thread 0)
20% done - 14/64 combination(s) tested! (Thread 0)
30% done - 21/64 combination(s) tested! (Thread 0)
40% done - 28/64 combination(s) tested! (Thread 0)
50% done - 35/64 combination(s) tested! (Thread 0)
60% done - 42/64 combination(s) tested! (Thread 0)
70% done - 49/64 combination(s) tested! (Thread 0)
80% done - 56/64 combination(s) tested! (Thread 0)
90% done - 63/64 combination(s) tested! (Thread 0)
	Cannot prove optimality!

>> Printing some results...
    -> Solution value = 23633 - 06:33:53
    -> Total time = 3606.88

=============
Train 0
=============
> Trip 0
   27(time 3761 - 01:02:41)(time 4252 - 01:10:52) ->    26(time 4331 - 01:12:11)(time 4880 - 01:21:20) ->    25(time 4959 - 01:22:39)(time 5517 - 01:31:57) ->    24(time 5596 - 01:33:16)(time 6156 - 01:42:36) ->    23(time 6235 - 01:43:55)(time 6807 - 01:53:27) ->    22(time 6886 - 01:54:46)(time 7395 - 02:03:15) ->    21(time 7474 - 02:04:34)(time 8009 - 02:13:29) ->    20(time 8088 - 02:14:48)(time 8663 - 02:24:23) ->    19(time 8732 - 02:25:32)(time 9248 - 02:34:08) ->    18(time 9327 - 02:35:27)(time 9919 - 02:45:19) ->    17(time 10002 - 02:46:42)(time 10556 - 02:55:56) ->    16(time 10635 - 02:57:15)(time 11135 - 03:05:35) ->    15(time 11234 - 03:07:14)(time 11767 - 03:16:07) ->    14(time 11866 - 03:17:46)(time 11866 - 03:17:46) ->    0(time 11866 - 03:17:46)(time 12399 - 03:26:39) ->    1(time 12468 - 03:27:48)(time 12968 - 03:36:08) ->    2(time 13047 - 03:37:27)(time 13601 - 03:46:41) ->    3(time 13680 - 03:48:00)(time 14272 - 03:57:52) ->    4(time 14351 - 03:59:11)(time 14867 - 04:07:47) ->    5(time 14936 - 04:08:56)(time 15511 - 04:18:31) ->    6(time 15590 - 04:19:50)(time 16125 - 04:28:45) ->    7(time 16204 - 04:30:04)(time 16713 - 04:38:33) ->    8(time 16792 - 04:39:52)(time 17364 - 04:49:24) ->    9(time 17443 - 04:50:43)(time 18003 - 05:00:03) ->    10(time 18082 - 05:01:22)(time 18640 - 05:10:40) ->    11(time 18719 - 05:11:59)(time 19268 - 05:21:08) ->    12(time 19347 - 05:22:27)(time 19838 - 05:30:38) ->    13(time 20430 - 05:40:30)(time 20430 - 05:40:30) -> 27
> Trip 1
   27(time 22573 - 06:16:13)(time 23064 - 06:24:24) ->    26(time 23143 - 06:25:43)(time 23692 - 06:34:52) ->    25(time 23771 - 06:36:11)(time 24329 - 06:45:29) ->    24(time 24408 - 06:46:48)(time 24968 - 06:56:08) ->    23(time 25047 - 06:57:27)(time 25619 - 07:06:59) ->    22(time 25698 - 07:08:18)(time 26207 - 07:16:47) ->    21(time 26286 - 07:18:06)(time 26821 - 07:27:01) ->    20(time 27413 - 07:36:53)(time 27988 - 07:46:28) ->    19(time 28057 - 07:47:37)(time 28573 - 07:56:13) ->    18(time 29165 - 08:06:05)(time 29757 - 08:15:57) ->    17(time 29840 - 08:17:20)(time 30394 - 08:26:34) ->    16(time 30473 - 08:27:53)(time 30973 - 08:36:13) ->    15(time 31072 - 08:37:52)(time 31605 - 08:46:45) ->    14(time 31704 - 08:48:24)(time 31704 - 08:48:24) ->    0(time 31704 - 08:48:24)(time 32237 - 08:57:17) ->    1(time 32306 - 08:58:26)(time 32806 - 09:06:46) ->    2(time 32885 - 09:08:05)(time 33439 - 09:17:19) ->    3(time 33518 - 09:18:38)(time 34110 - 09:28:30) ->    4(time 34189 - 09:29:49)(time 34705 - 09:38:25) ->    5(time 34774 - 09:39:34)(time 35349 - 09:49:09) ->    6(time 35428 - 09:50:28)(time 35963 - 09:59:23) ->    7(time 36042 - 10:00:42)(time 36551 - 10:09:11) ->    8(time 36630 - 10:10:30)(time 37202 - 10:20:02) ->    9(time 37281 - 10:21:21)(time 37841 - 10:30:41) ->    10(time 37920 - 10:32:00)(time 38478 - 10:41:18) ->    11(time 38557 - 10:42:37)(time 39106 - 10:51:46) ->    12(time 39185 - 10:53:05)(time 39676 - 11:01:16) ->    13(time 39775 - 11:02:55)(time 39775 - 11:02:55) -> 27
=============
Train 1
=============
> Trip 0
   27(time 83 - 00:01:23)(time 574 - 00:09:34) ->    26(time 653 - 00:10:53)(time 1202 - 00:20:02) ->    25(time 1281 - 00:21:21)(time 1839 - 00:30:39) ->    24(time 1934 - 00:32:14)(time 2494 - 00:41:34) ->    23(time 2573 - 00:42:53)(time 3145 - 00:52:25) ->    22(time 3224 - 00:53:44)(time 3733 - 01:02:13) ->    21(time 3812 - 01:03:32)(time 4347 - 01:12:27) ->    20(time 4426 - 01:13:46)(time 5001 - 01:23:21) ->    19(time 5070 - 01:24:30)(time 5586 - 01:33:06) ->    18(time 5665 - 01:34:25)(time 6257 - 01:44:17) ->    17(time 6336 - 01:45:36)(time 6890 - 01:54:50) ->    16(time 6969 - 01:56:09)(time 7469 - 02:04:29) ->    15(time 7538 - 02:05:38)(time 8071 - 02:14:31) ->    14(time 8170 - 02:16:10)(time 8170 - 02:16:10) ->    0(time 8170 - 02:16:10)(time 8703 - 02:25:03) ->    1(time 8786 - 02:26:26)(time 9286 - 02:34:46) ->    2(time 9365 - 02:36:05)(time 9919 - 02:45:19) ->    3(time 10511 - 02:55:11)(time 11103 - 03:05:03) ->    4(time 11182 - 03:06:22)(time 11698 - 03:14:58) ->    5(time 12290 - 03:24:50)(time 12865 - 03:34:25) ->    6(time 12944 - 03:35:44)(time 13479 - 03:44:39) ->    7(time 13558 - 03:45:58)(time 14067 - 03:54:27) ->    8(time 14146 - 03:55:46)(time 14718 - 04:05:18) ->    9(time 14797 - 04:06:37)(time 15357 - 04:15:57) ->    10(time 15436 - 04:17:16)(time 15994 - 04:26:34) ->    11(time 16073 - 04:27:53)(time 16622 - 04:37:02) ->    12(time 17214 - 04:46:54)(time 17705 - 04:55:05) ->    13(time 17804 - 04:56:44)(time 17804 - 04:56:44) -> 27
> Trip 1
   27(time 21458 - 05:57:38)(time 21949 - 06:05:49) ->    26(time 22028 - 06:07:08)(time 22577 - 06:16:17) ->    25(time 22656 - 06:17:36)(time 23214 - 06:26:54) ->    24(time 23293 - 06:28:13)(time 23853 - 06:37:33) ->    23(time 23932 - 06:38:52)(time 24504 - 06:48:24) ->    22(time 24583 - 06:49:43)(time 25092 - 06:58:12) ->    21(time 25171 - 06:59:31)(time 25706 - 07:08:26) ->    20(time 26298 - 07:18:18)(time 26873 - 07:27:53) ->    19(time 27465 - 07:37:45)(time 27981 - 07:46:21) ->    18(time 28573 - 07:56:13)(time 29165 - 08:06:05) ->    17(time 29757 - 08:15:57)(time 30311 - 08:25:11) ->    16(time 30390 - 08:26:30)(time 30890 - 08:34:50) ->    15(time 30973 - 08:36:13)(time 31506 - 08:45:06) ->    14(time 31605 - 08:46:45)(time 31605 - 08:46:45) ->    0(time 31605 - 08:46:45)(time 32138 - 08:55:38) ->    1(time 32207 - 08:56:47)(time 32707 - 09:05:07) ->    2(time 32786 - 09:06:26)(time 33340 - 09:15:40) ->    3(time 33419 - 09:16:59)(time 34011 - 09:26:51) ->    4(time 34090 - 09:28:10)(time 34606 - 09:36:46) ->    5(time 34675 - 09:37:55)(time 35250 - 09:47:30) ->    6(time 35329 - 09:48:49)(time 35864 - 09:57:44) ->    7(time 35943 - 09:59:03)(time 36452 - 10:07:32) ->    8(time 36531 - 10:08:51)(time 37103 - 10:18:23) ->    9(time 37182 - 10:19:42)(time 37742 - 10:29:02) ->    10(time 37821 - 10:30:21)(time 38379 - 10:39:39) ->    11(time 38458 - 10:40:58)(time 39007 - 10:50:07) ->    12(time 39086 - 10:51:26)(time 39577 - 10:59:37) ->    13(time 39676 - 11:01:16)(time 39676 - 11:01:16) -> 27
=============
Train 2
=============
> Trip 0
   27(time 3678 - 01:01:18)(time 4169 - 01:09:29) ->    26(time 4248 - 01:10:48)(time 4797 - 01:19:57) ->    25(time 4876 - 01:21:16)(time 5434 - 01:30:34) ->    24(time 5513 - 01:31:53)(time 6073 - 01:41:13) ->    23(time 6152 - 01:42:32)(time 6724 - 01:52:04) ->    22(time 6803 - 01:53:23)(time 7312 - 02:01:52) ->    21(time 7391 - 02:03:11)(time 7926 - 02:12:06) ->    20(time 8005 - 02:13:25)(time 8580 - 02:23:00) ->    19(time 8649 - 02:24:09)(time 9165 - 02:32:45) ->    18(time 9244 - 02:34:04)(time 9836 - 02:43:56) ->    17(time 9919 - 02:45:19)(time 10473 - 02:54:33) ->    16(time 10552 - 02:55:52)(time 11052 - 03:04:12) ->    15(time 11135 - 03:05:35)(time 11668 - 03:14:28) ->    14(time 11767 - 03:16:07)(time 11767 - 03:16:07) ->    0(time 11767 - 03:16:07)(time 12300 - 03:25:00) ->    1(time 12369 - 03:26:09)(time 12869 - 03:34:29) ->    2(time 12948 - 03:35:48)(time 13502 - 03:45:02) ->    3(time 13581 - 03:46:21)(time 14173 - 03:56:13) ->    4(time 14252 - 03:57:32)(time 14768 - 04:06:08) ->    5(time 14837 - 04:07:17)(time 15412 - 04:16:52) ->    6(time 15491 - 04:18:11)(time 16026 - 04:27:06) ->    7(time 16105 - 04:28:25)(time 16614 - 04:36:54) ->    8(time 16693 - 04:38:13)(time 17265 - 04:47:45) ->    9(time 17344 - 04:49:04)(time 17904 - 04:58:24) ->    10(time 17983 - 04:59:43)(time 18541 - 05:09:01) ->    11(time 18620 - 05:10:20)(time 19169 - 05:19:29) ->    12(time 19248 - 05:20:48)(time 19739 - 05:28:59) ->    13(time 19838 - 05:30:38)(time 19838 - 05:30:38) -> 27
> Trip 1
   27(time 20016 - 05:33:36)(time 20507 - 05:41:47) ->    26(time 20586 - 05:43:06)(time 21135 - 05:52:15) ->    25(time 21214 - 05:53:34)(time 21772 - 06:02:52) ->    24(time 21851 - 06:04:11)(time 22411 - 06:13:31) ->    23(time 23003 - 06:23:23)(time 23575 - 06:32:55) ->    22(time 23704 - 06:35:04)(time 24213 - 06:43:33) ->    21(time 24292 - 06:44:52)(time 24827 - 06:53:47) ->    20(time 24906 - 06:55:06)(time 25481 - 07:04:41) ->    19(time 25550 - 07:05:50)(time 26066 - 07:14:26) ->    18(time 26145 - 07:15:45)(time 26737 - 07:25:37) ->    17(time 26816 - 07:26:56)(time 27370 - 07:36:10) ->    16(time 27449 - 07:37:29)(time 27949 - 07:45:49) ->    15(time 28541 - 07:55:41)(time 29074 - 08:04:34) ->    14(time 29666 - 08:14:26)(time 29666 - 08:14:26) ->    0(time 30258 - 08:24:18)(time 30791 - 08:33:11) ->    1(time 30973 - 08:36:13)(time 31473 - 08:44:33) ->    2(time 31552 - 08:45:52)(time 32106 - 08:55:06) ->    3(time 32185 - 08:56:25)(time 32777 - 09:06:17) ->    4(time 32856 - 09:07:36)(time 33372 - 09:16:12) ->    5(time 33441 - 09:17:21)(time 34016 - 09:26:56) ->    6(time 34095 - 09:28:15)(time 34630 - 09:37:10) ->    7(time 34709 - 09:38:29)(time 35218 - 09:46:58) ->    8(time 35297 - 09:48:17)(time 35869 - 09:57:49) ->    9(time 35948 - 09:59:08)(time 36508 - 10:08:28) ->    10(time 36587 - 10:09:47)(time 37145 - 10:19:05) ->    11(time 37224 - 10:20:24)(time 37773 - 10:29:33) ->    12(time 37852 - 10:30:52)(time 38343 - 10:39:03) ->    13(time 38442 - 10:40:42)(time 38442 - 10:40:42) -> 27
=============
Train 3
=============
> Trip 0
   27(time 0 - 00:00:00)(time 491 - 00:08:11) ->    26(time 570 - 00:09:30)(time 1119 - 00:18:39) ->    25(time 1198 - 00:19:58)(time 1756 - 00:29:16) ->    24(time 1835 - 00:30:35)(time 2395 - 00:39:55) ->    23(time 2474 - 00:41:14)(time 3046 - 00:50:46) ->    22(time 3125 - 00:52:05)(time 3634 - 01:00:34) ->    21(time 3713 - 01:01:53)(time 4248 - 01:10:48) ->    20(time 4327 - 01:12:07)(time 4902 - 01:21:42) ->    19(time 4971 - 01:22:51)(time 5487 - 01:31:27) ->    18(time 5566 - 01:32:46)(time 6158 - 01:42:38) ->    17(time 6237 - 01:43:57)(time 6791 - 01:53:11) ->    16(time 6870 - 01:54:30)(time 7370 - 02:02:50) ->    15(time 7439 - 02:03:59)(time 7972 - 02:12:52) ->    14(time 8071 - 02:14:31)(time 8071 - 02:14:31) ->    0(time 8087 - 02:14:47)(time 8620 - 02:23:40) ->    1(time 8703 - 02:25:03)(time 9203 - 02:33:23) ->    2(time 9282 - 02:34:42)(time 9836 - 02:43:56) ->    3(time 9919 - 02:45:19)(time 10511 - 02:55:11) ->    4(time 10590 - 02:56:30)(time 11106 - 03:05:06) ->    5(time 11175 - 03:06:15)(time 11750 - 03:15:50) ->    6(time 11829 - 03:17:09)(time 12364 - 03:26:04) ->    7(time 12443 - 03:27:23)(time 12952 - 03:35:52) ->    8(time 13031 - 03:37:11)(time 13603 - 03:46:43) ->    9(time 13682 - 03:48:02)(time 14242 - 03:57:22) ->    10(time 14321 - 03:58:41)(time 14879 - 04:07:59) ->    11(time 14958 - 04:09:18)(time 15507 - 04:18:27) ->    12(time 16099 - 04:28:19)(time 16590 - 04:36:30) ->    13(time 17182 - 04:46:22)(time 17182 - 04:46:22) -> 27
> Trip 1
   27(time 19838 - 05:30:38)(time 20329 - 05:38:49) ->    26(time 20408 - 05:40:08)(time 20957 - 05:49:17) ->    25(time 21036 - 05:50:36)(time 21594 - 05:59:54) ->    24(time 21673 - 06:01:13)(time 22233 - 06:10:33) ->    23(time 22312 - 06:11:52)(time 22884 - 06:21:24) ->    22(time 22963 - 06:22:43)(time 23472 - 06:31:12) ->    21(time 23551 - 06:32:31)(time 24086 - 06:41:26) ->    20(time 24165 - 06:42:45)(time 24740 - 06:52:20) ->    19(time 24809 - 06:53:29)(time 25325 - 07:02:05) ->    18(time 25404 - 07:03:24)(time 25996 - 07:13:16) ->    17(time 26075 - 07:14:35)(time 26629 - 07:23:49) ->    16(time 26708 - 07:25:08)(time 27208 - 07:33:28) ->    15(time 27277 - 07:34:37)(time 27810 - 07:43:30) ->    14(time 27909 - 07:45:09)(time 27909 - 07:45:09) ->    0(time 27909 - 07:45:09)(time 28442 - 07:54:02) ->    1(time 28541 - 07:55:41)(time 29041 - 08:04:01) ->    2(time 29120 - 08:05:20)(time 29674 - 08:14:34) ->    3(time 29757 - 08:15:57)(time 30349 - 08:25:49) ->    4(time 30428 - 08:27:08)(time 30944 - 08:35:44) ->    5(time 31013 - 08:36:53)(time 31588 - 08:46:28) ->    6(time 31667 - 08:47:47)(time 32202 - 08:56:42) ->    7(time 32281 - 08:58:01)(time 32790 - 09:06:30) ->    8(time 32869 - 09:07:49)(time 33441 - 09:17:21) ->    9(time 33520 - 09:18:40)(time 34080 - 09:28:00) ->    10(time 34159 - 09:29:19)(time 34717 - 09:38:37) ->    11(time 34796 - 09:39:56)(time 35345 - 09:49:05) ->    12(time 35424 - 09:50:24)(time 35915 - 09:58:35) ->    13(time 36014 - 10:00:14)(time 36014 - 10:00:14) -> 27
=============
Train 4
=============
> Trip 0
   27(time 727 - 00:12:07)(time 1218 - 00:20:18) ->    26(time 1297 - 00:21:37)(time 1846 - 00:30:46) ->    25(time 1925 - 00:32:05)(time 2483 - 00:41:23) ->    24(time 2562 - 00:42:42)(time 3122 - 00:52:02) ->    23(time 3201 - 00:53:21)(time 3773 - 01:02:53) ->    22(time 3852 - 01:04:12)(time 4361 - 01:12:41) ->    21(time 4440 - 01:14:00)(time 4975 - 01:22:55) ->    20(time 5054 - 01:24:14)(time 5629 - 01:33:49) ->    19(time 6221 - 01:43:41)(time 6737 - 01:52:17) ->    18(time 6816 - 01:53:36)(time 7408 - 02:03:28) ->    17(time 7487 - 02:04:47)(time 8041 - 02:14:01) ->    16(time 8120 - 02:15:20)(time 8620 - 02:23:40) ->    15(time 8703 - 02:25:03)(time 9236 - 02:33:56) ->    14(time 9418 - 02:36:58)(time 9418 - 02:36:58) ->    0(time 10010 - 02:46:50)(time 10543 - 02:55:43) ->    1(time 11135 - 03:05:35)(time 11635 - 03:13:55) ->    2(time 11714 - 03:15:14)(time 12268 - 03:24:28) ->    3(time 12347 - 03:25:47)(time 12939 - 03:35:39) ->    4(time 13018 - 03:36:58)(time 13534 - 03:45:34) ->    5(time 13603 - 03:46:43)(time 14178 - 03:56:18) ->    6(time 14257 - 03:57:37)(time 14792 - 04:06:32) ->    7(time 14871 - 04:07:51)(time 15380 - 04:16:20) ->    8(time 15459 - 04:17:39)(time 16031 - 04:27:11) ->    9(time 16110 - 04:28:30)(time 16670 - 04:37:50) ->    10(time 16749 - 04:39:09)(time 17307 - 04:48:27) ->    11(time 17386 - 04:49:46)(time 17935 - 04:58:55) ->    12(time 18014 - 05:00:14)(time 18505 - 05:08:25) ->    13(time 19097 - 05:18:17)(time 19097 - 05:18:17) -> 27
> Trip 1
   27(time 21171 - 05:52:51)(time 21662 - 06:01:02) ->    26(time 21741 - 06:02:21)(time 22290 - 06:11:30) ->    25(time 22369 - 06:12:49)(time 22927 - 06:22:07) ->    24(time 23006 - 06:23:26)(time 23566 - 06:32:46) ->    23(time 23645 - 06:34:05)(time 24217 - 06:43:37) ->    22(time 24296 - 06:44:56)(time 24805 - 06:53:25) ->    21(time 24884 - 06:54:44)(time 25419 - 07:03:39) ->    20(time 25498 - 07:04:58)(time 26073 - 07:14:33) ->    19(time 26142 - 07:15:42)(time 26658 - 07:24:18) ->    18(time 26737 - 07:25:37)(time 27329 - 07:35:29) ->    17(time 27408 - 07:36:48)(time 27962 - 07:46:02) ->    16(time 28041 - 07:47:21)(time 28541 - 07:55:41) ->    15(time 29133 - 08:05:33)(time 29666 - 08:14:26) ->    14(time 30258 - 08:24:18)(time 30258 - 08:24:18) ->    0(time 30440 - 08:27:20)(time 30973 - 08:36:13) ->    1(time 31056 - 08:37:36)(time 31556 - 08:45:56) ->    2(time 31635 - 08:47:15)(time 32189 - 08:56:29) ->    3(time 32781 - 09:06:21)(time 33373 - 09:16:13) ->    4(time 33452 - 09:17:32)(time 33968 - 09:26:08) ->    5(time 34037 - 09:27:17)(time 34612 - 09:36:52) ->    6(time 34691 - 09:38:11)(time 35226 - 09:47:06) ->    7(time 35305 - 09:48:25)(time 35814 - 09:56:54) ->    8(time 35893 - 09:58:13)(time 36465 - 10:07:45) ->    9(time 36544 - 10:09:04)(time 37104 - 10:18:24) ->    10(time 37183 - 10:19:43)(time 37741 - 10:29:01) ->    11(time 37820 - 10:30:20)(time 38369 - 10:39:29) ->    12(time 38448 - 10:40:48)(time 38939 - 10:48:59) ->    13(time 39038 - 10:50:38)(time 39038 - 10:50:38) -> 27
=============
Train 5
=============
> Trip 0
   27(time 1333 - 00:22:13)(time 1824 - 00:30:24) ->    26(time 1903 - 00:31:43)(time 2452 - 00:40:52) ->    25(time 2531 - 00:42:11)(time 3089 - 00:51:29) ->    24(time 3168 - 00:52:48)(time 3728 - 01:02:08) ->    23(time 3807 - 01:03:27)(time 4379 - 01:12:59) ->    22(time 4458 - 01:14:18)(time 4967 - 01:22:47) ->    21(time 5046 - 01:24:06)(time 5581 - 01:33:01) ->    20(time 5660 - 01:34:20)(time 6235 - 01:43:55) ->    19(time 6304 - 01:45:04)(time 6820 - 01:53:40) ->    18(time 6899 - 01:54:59)(time 7491 - 02:04:51) ->    17(time 7570 - 02:06:10)(time 8124 - 02:15:24) ->    16(time 8203 - 02:16:43)(time 8703 - 02:25:03) ->    15(time 8885 - 02:28:05)(time 9418 - 02:36:58) ->    14(time 10010 - 02:46:50)(time 10010 - 02:46:50) ->    0(time 10602 - 02:56:42)(time 11135 - 03:05:35) ->    1(time 11218 - 03:06:58)(time 11718 - 03:15:18) ->    2(time 11797 - 03:16:37)(time 12351 - 03:25:51) ->    3(time 12430 - 03:27:10)(time 13022 - 03:37:02) ->    4(time 13101 - 03:38:21)(time 13617 - 03:46:57) ->    5(time 13686 - 03:48:06)(time 14261 - 03:57:41) ->    6(time 14340 - 03:59:00)(time 14875 - 04:07:55) ->    7(time 14954 - 04:09:14)(time 15463 - 04:17:43) ->    8(time 15542 - 04:19:02)(time 16114 - 04:28:34) ->    9(time 16193 - 04:29:53)(time 16753 - 04:39:13) ->    10(time 16858 - 04:40:58)(time 17416 - 04:50:16) ->    11(time 18008 - 05:00:08)(time 18557 - 05:09:17) ->    12(time 19149 - 05:19:09)(time 19640 - 05:27:20) ->    13(time 19739 - 05:28:59)(time 19739 - 05:28:59) -> 27
> Trip 1
   27(time 19933 - 05:32:13)(time 20424 - 05:40:24) ->    26(time 20503 - 05:41:43)(time 21052 - 05:50:52) ->    25(time 21131 - 05:52:11)(time 21689 - 06:01:29) ->    24(time 21768 - 06:02:48)(time 22328 - 06:12:08) ->    23(time 22411 - 06:13:31)(time 22983 - 06:23:03) ->    22(time 23062 - 06:24:22)(time 23571 - 06:32:51) ->    21(time 23650 - 06:34:10)(time 24185 - 06:43:05) ->    20(time 24264 - 06:44:24)(time 24839 - 06:53:59) ->    19(time 24908 - 06:55:08)(time 25424 - 07:03:44) ->    18(time 25503 - 07:05:03)(time 26095 - 07:14:55) ->    17(time 26174 - 07:16:14)(time 26728 - 07:25:28) ->    16(time 26807 - 07:26:47)(time 27307 - 07:35:07) ->    15(time 27376 - 07:36:16)(time 27909 - 07:45:09) ->    14(time 28008 - 07:46:48)(time 28008 - 07:46:48) ->    0(time 28008 - 07:46:48)(time 28541 - 07:55:41) ->    1(time 28624 - 07:57:04)(time 29124 - 08:05:24) ->    2(time 29203 - 08:06:43)(time 29757 - 08:15:57) ->    3(time 29840 - 08:17:20)(time 30432 - 08:27:12) ->    4(time 30511 - 08:28:31)(time 31027 - 08:37:07) ->    5(time 31096 - 08:38:16)(time 31671 - 08:47:51) ->    6(time 31750 - 08:49:10)(time 32285 - 08:58:05) ->    7(time 32364 - 08:59:24)(time 32873 - 09:07:53) ->    8(time 32952 - 09:09:12)(time 33524 - 09:18:44) ->    9(time 33603 - 09:20:03)(time 34163 - 09:29:23) ->    10(time 34242 - 09:30:42)(time 34800 - 09:40:00) ->    11(time 35392 - 09:49:52)(time 35941 - 09:59:01) ->    12(time 36020 - 10:00:20)(time 36511 - 10:08:31) ->    13(time 36610 - 10:10:10)(time 36610 - 10:10:10) -> 27
Traceback (most recent call last):
  File "/home/renata/Train-Timetabling/script.py", line 99, in <module>
    os.remove(file_name)
FileNotFoundError: [Errno 2] No such file or directory: 'script-solution.txt'
