t6p12r10h2.txt:
   > Trying to open the instance file...
   > Reading number of trains...
   > Reading maximum number of trips per train...
   > Reading time intervals...
   > Reading number of points...
   > Reading stations...
   > Reading crossings...
   > Reading depots...
   > Reading initial point...
   > Reading routes...
   > Reading distance and distance and service...
   > Reading demands...
   > Reading maximum time...
   > Reading alpha...

--------------------------------
 Printing instance
--------------------------------
number of trains = 6
	max trips per trains: 2     2     2     2     2     2
number of intervals = 2
	(0,  24688)	(24689,  49377)
number of points = 12
	initial point: 11
	stations: 0     1     3     4     6     7     8     9    10    11
	crossings: 0     1     2     3     5     6     7    11
	depots: 0     1     3    11
number of vertices = 24
	total vertices: 0     1     2     3     4     5     6     7     8     9    10    11    12    13    14    15    16    17    18    19    20    21    22    23
	upper vertices: 0     1     2     3     4     5     6     7     8     9    10    11
	lower vertices: 12    13    14    15    16    17    18    19    20    21    22    23
	vertices of point #0: (0, 12)
	vertices of point #1: (1, 13)
	vertices of point #2: (2, 14)
	vertices of point #3: (3, 15)
	vertices of point #4: (4, 16)
	vertices of point #5: (5, 17)
	vertices of point #6: (6, 18)
	vertices of point #7: (7, 19)
	vertices of point #8: (8, 20)
	vertices of point #9: (9, 21)
	vertices of point #10: (10, 22)
	vertices of point #11: (11, 23)

arcs...
	total arcs: 
		arc #0: (0, 1)
		arc #1: (0, 12)
		arc #2: (12, 0)
		arc #3: (1, 2)
		arc #4: (13, 12)
		arc #5: (1, 13)
		arc #6: (13, 1)
		arc #7: (2, 3)
		arc #8: (14, 13)
		arc #9: (3, 4)
		arc #10: (15, 14)
		arc #11: (3, 15)
		arc #12: (15, 3)
		arc #13: (4, 5)
		arc #14: (16, 15)
		arc #15: (5, 6)
		arc #16: (17, 16)
		arc #17: (6, 7)
		arc #18: (18, 17)
		arc #19: (7, 8)
		arc #20: (19, 18)
		arc #21: (8, 9)
		arc #22: (20, 19)
		arc #23: (9, 10)
		arc #24: (21, 20)
		arc #25: (10, 11)
		arc #26: (22, 21)
		arc #27: (23, 22)
		arc #28: (11, 23)
		arc #29: (23, 11)

	reverse arcs: 
		arc #1: (0, 12)
		arc #2: (12, 0)
		arc #5: (1, 13)
		arc #6: (13, 1)
		arc #11: (3, 15)
		arc #12: (15, 3)
		arc #28: (11, 23)
		arc #29: (23, 11)


incompatible points...
	(0, 0, 13, (0, 1))	(13, 13, 0, (13, 12))	(1, 1, 14, (1, 2))	(14, 14, 1, (14, 13))	(2, 2, 15, (2, 3))	(15, 15, 2, (15, 14))	(3, 4, 17, (4, 5))	(17, 16, 3, (16, 15))	(5, 5, 18, (5, 6))	(18, 18, 5, (18, 17))	(6, 6, 19, (6, 7))	(19, 19, 6, (19, 18))	(7, 10, 23, (10, 11))	(23, 20, 7, (20, 19))

number of routes = 10
vertices of routes...
	route #0: 0     1     2     3     4     5     6     7     8     9    10    11    23    22    21    20    19    18    17    16    15    14    13    12     0
	route #1: 23    22    21    20    19    18    17    16    15    14    13    12     0     1     2     3     4     5     6     7     8     9    10    11    23
	route #2: 1     2     3     4     5     6     7     8     9    10    11
	route #3: 13    12
	route #4: 0     1
	route #5: 23    22    21    20    19    18    17    16    15    14    13
	route #6: 3     4     5     6     7     8     9    10    11
	route #7: 15    14    13    12
	route #8: 0     1     2     3
	route #9: 23    22    21    20    19    18    17    16    15
arcs of routes...
	route #0: 0     3     7     9    13    15    17    19    21    23    25    28    27    26    24    22    20    18    16    14    10     8     4     2
	route #1: 27    26    24    22    20    18    16    14    10     8     4     2     0     3     7     9    13    15    17    19    21    23    25    28
	route #2: 3     7     9    13    15    17    19    21    23    25
	route #3: 4
	route #4: 0
	route #5: 27    26    24    22    20    18    16    14    10     8
	route #6: 9    13    15    17    19    21    23    25
	route #7: 10     8     4
	route #8: 0     3     7
	route #9: 27    26    24    22    20    18    16    14

incompatible routes...
	(0, 1)    	(0, 2)    	(0, 3)    	(0, 5)    	(0, 6)    	(0, 7)    	(0, 9)    	(1, 0)    	(1, 2)    	(1, 3)    	(1, 4)    	(1, 6)    	(1, 7)    	(1, 8)    	(2, 0)    	(2, 2)    	(2, 3)    	(2, 4)    	(2, 6)    	(2, 7)    	(2, 8)    	(3, 1)    	(3, 2)    	(3, 3)    	(3, 5)    	(3, 6)    	(3, 7)    	(3, 9)    	(4, 0)    	(4, 1)    	(4, 4)    	(4, 5)    	(4, 6)    	(4, 7)    	(4, 8)    	(4, 9)    	(5, 0)    	(5, 1)    	(5, 4)    	(5, 5)    	(5, 6)    	(5, 7)    	(5, 8)    	(5, 9)    	(6, 0)    	(6, 2)    	(6, 3)    	(6, 4)    	(6, 6)    	(6, 7)    	(6, 8)    	(7, 1)    	(7, 2)    	(7, 3)    	(7, 5)    	(7, 6)    	(7, 7)    	(7, 9)    	(8, 0)    	(8, 1)    	(8, 2)    	(8, 3)    	(8, 4)    	(8, 5)    	(8, 8)    	(8, 9)    	(9, 0)    	(9, 1)    	(9, 2)    	(9, 3)    	(9, 4)    	(9, 5)    	(9, 8)    	(9, 9)

vertices that can be adjacent in consecutive trips...
	(0, 0)    	(1, 1)    	(1, 13)    	(3, 3)    	(3, 15)    	(11, 23)    	(12, 0)    	(13, 1)    	(13, 13)    	(15, 3)    	(15, 15)    	(23, 23)
non cyclical routes: 
       2       3       4       5       6       7       8       9

routes of trip...
	routes that train #0 can complete at trip #0: 1       5       9
	routes that train #0 can complete at trip #1: 0       1       2       3       4       5       6       7       8       9

	routes that train #1 can complete at trip #0: 1       5       9
	routes that train #1 can complete at trip #1: 0       1       2       3       4       5       6       7       8       9

	routes that train #2 can complete at trip #0: 1       5       9
	routes that train #2 can complete at trip #1: 0       1       2       3       4       5       6       7       8       9

	routes that train #3 can complete at trip #0: 1       5       9
	routes that train #3 can complete at trip #1: 0       1       2       3       4       5       6       7       8       9

	routes that train #4 can complete at trip #0: 1       5       9
	routes that train #4 can complete at trip #1: 0       1       2       3       4       5       6       7       8       9

	routes that train #5 can complete at trip #0: 1       5       9
	routes that train #5 can complete at trip #1: 0       1       2       3       4       5       6       7       8       9

 cost...
	arc #0 [0][1]: 629
	arc #1 [0][12]: 0
	arc #2 [12][0]: 0
	arc #3 [1][2]: 576
	arc #4 [13][12]: 629
	arc #5 [1][13]: 0
	arc #6 [13][1]: 0
	arc #7 [2][3]: 567
	arc #8 [14][13]: 576
	arc #9 [3][4]: 583
	arc #10 [15][14]: 567
	arc #11 [3][15]: 0
	arc #12 [15][3]: 0
	arc #13 [4][5]: 565
	arc #14 [16][15]: 583
	arc #15 [5][6]: 605
	arc #16 [17][16]: 565
	arc #17 [6][7]: 624
	arc #18 [18][17]: 605
	arc #19 [7][8]: 636
	arc #20 [19][18]: 624
	arc #21 [8][9]: 628
	arc #22 [20][19]: 636
	arc #23 [9][10]: 566
	arc #24 [21][20]: 628
	arc #25 [10][11]: 599
	arc #26 [22][21]: 566
	arc #27 [23][22]: 599
	arc #28 [11][23]: 0
	arc #29 [23][11]: 0

cost with minimum service...
	arc #0 [0][1]: 929
	arc #1 [0][12]: 0
	arc #2 [12][0]: 0
	arc #3 [1][2]: 639
	arc #4 [13][12]: 929
	arc #5 [1][13]: 0
	arc #6 [13][1]: 0
	arc #7 [2][3]: 867
	arc #8 [14][13]: 876
	arc #9 [3][4]: 664
	arc #10 [15][14]: 630
	arc #11 [3][15]: 0
	arc #12 [15][3]: 0
	arc #13 [4][5]: 628
	arc #14 [16][15]: 883
	arc #15 [5][6]: 686
	arc #16 [17][16]: 646
	arc #17 [6][7]: 705
	arc #18 [18][17]: 668
	arc #19 [7][8]: 717
	arc #20 [19][18]: 705
	arc #21 [8][9]: 709
	arc #22 [20][19]: 717
	arc #23 [9][10]: 647
	arc #24 [21][20]: 709
	arc #25 [10][11]: 899
	arc #26 [22][21]: 647
	arc #27 [23][22]: 680
	arc #28 [11][23]: 0
	arc #29 [23][11]: 0

cost with maximum service...
	arc #0 [0][1]: 1191
	arc #1 [0][12]: 562
	arc #2 [12][0]: 562
	arc #3 [1][2]: 1138
	arc #4 [13][12]: 1191
	arc #5 [1][13]: 562
	arc #6 [13][1]: 562
	arc #7 [2][3]: 1129
	arc #8 [14][13]: 1138
	arc #9 [3][4]: 1145
	arc #10 [15][14]: 1129
	arc #11 [3][15]: 562
	arc #12 [15][3]: 562
	arc #13 [4][5]: 1127
	arc #14 [16][15]: 1145
	arc #15 [5][6]: 1167
	arc #16 [17][16]: 1127
	arc #17 [6][7]: 1186
	arc #18 [18][17]: 1167
	arc #19 [7][8]: 1198
	arc #20 [19][18]: 1186
	arc #21 [8][9]: 1190
	arc #22 [20][19]: 1198
	arc #23 [9][10]: 1128
	arc #24 [21][20]: 1190
	arc #25 [10][11]: 1161
	arc #26 [22][21]: 1128
	arc #27 [23][22]: 1161
	arc #28 [11][23]: 562
	arc #29 [23][11]: 562

demands...
	demands of vertex 0 at time interval: 4     4
	demands of vertex 1 at time interval: 4     4
	demands of vertex 2 at time interval: 0     0
	demands of vertex 3 at time interval: 4     4
	demands of vertex 4 at time interval: 4     4
	demands of vertex 5 at time interval: 0     0
	demands of vertex 6 at time interval: 4     4
	demands of vertex 7 at time interval: 4     4
	demands of vertex 8 at time interval: 4     4
	demands of vertex 9 at time interval: 4     4
	demands of vertex 10 at time interval: 4     4
	demands of vertex 11 at time interval: 0     0
	demands of vertex 12 at time interval: 0     0
	demands of vertex 13 at time interval: 4     4
	demands of vertex 14 at time interval: 0     0
	demands of vertex 15 at time interval: 4     4
	demands of vertex 16 at time interval: 4     4
	demands of vertex 17 at time interval: 0     0
	demands of vertex 18 at time interval: 4     4
	demands of vertex 19 at time interval: 4     4
	demands of vertex 20 at time interval: 4     4
	demands of vertex 21 at time interval: 4     4
	demands of vertex 22 at time interval: 4     4
	demands of vertex 23 at time interval: 4     4

maximum time = 49377
alpha = 55

Selecting set of cyclical routes...

Selecting set of initial routes...

Creating initial set of candidate combinations...
Solving candidate combinations...

Found new best - 1/1 candidate combination(s) tested! (Thread 0)

Removing trips...

Solving candidate combinations...

1/4 candidate combination(s) tested! (Thread 0)
2/4 candidate combination(s) tested! (Thread 0)
3/4 candidate combination(s) tested! (Thread 0)
4/4 candidate combination(s) tested! (Thread 0)

Relaxing trips, so the model can make changes...

>> Printing some results...
    -> Solution value = 25364 - 07:02:44
    -> Total time = 2407.20

=============
Train 0
=============
> Trip 0
   23(time 6089 - 01:41:29)(time 6688 - 01:51:28) ->    22(time 6769 - 01:52:49)(time 7335 - 02:02:15) ->    21(time 7416 - 02:03:36)(time 8044 - 02:14:04) ->    20(time 8125 - 02:15:25)(time 8761 - 02:26:01) ->    19(time 8842 - 02:27:22)(time 9466 - 02:37:46) ->    18(time 9547 - 02:39:07)(time 10152 - 02:49:12) ->    17(time 10215 - 02:50:15)(time 10780 - 02:59:40) ->    16(time 10861 - 03:01:01)(time 11444 - 03:10:44) ->    15(time 11744 - 03:15:44)(time 12311 - 03:25:11) ->    14(time 12374 - 03:26:14)(time 12950 - 03:35:50) ->    13(time 13250 - 03:40:50)(time 13879 - 03:51:19) ->    12(time 14179 - 03:56:19)(time 14179 - 03:56:19) ->    0(time 14179 - 03:56:19)(time 14808 - 04:06:48) ->    1(time 15108 - 04:11:48)(time 15684 - 04:21:24) ->    2(time 16246 - 04:30:46)(time 16813 - 04:40:13) ->    3(time 17113 - 04:45:13)(time 17696 - 04:54:56) ->    4(time 17777 - 04:56:17)(time 18342 - 05:05:42) ->    5(time 18405 - 05:06:45)(time 19010 - 05:16:50) ->    6(time 19091 - 05:18:11)(time 19715 - 05:28:35) ->    7(time 19796 - 05:29:56)(time 20432 - 05:40:32) ->    8(time 20513 - 05:41:53)(time 21141 - 05:52:21) ->    9(time 21222 - 05:53:42)(time 21788 - 06:03:08) ->    10(time 21869 - 06:04:29)(time 22468 - 06:14:28) ->    11(time 22768 - 06:19:28)(time 22768 - 06:19:28) -> 23
> Trip 1
   23(time 29053 - 08:04:13)(time 29652 - 08:14:12) ->    22(time 29733 - 08:15:33)(time 30299 - 08:24:59) ->    21(time 30380 - 08:26:20)(time 31008 - 08:36:48) ->    20(time 31089 - 08:38:09)(time 31725 - 08:48:45) ->    19(time 31806 - 08:50:06)(time 32430 - 09:00:30) ->    18(time 32992 - 09:09:52)(time 33597 - 09:19:57) ->    17(time 33660 - 09:21:00)(time 34225 - 09:30:25) ->    16(time 34306 - 09:31:46)(time 34889 - 09:41:29) ->    15(time 35250 - 09:47:30)(time 35817 - 09:56:57) ->    14(time 35880 - 09:58:00)(time 36456 - 10:07:36) ->    13(time 36756 - 10:12:36)(time 37385 - 10:23:05) ->    12(time 37685 - 10:28:05)(time 37685 - 10:28:05) ->    0(time 37685 - 10:28:05)(time 38314 - 10:38:34) ->    1(time 38614 - 10:43:34)(time 39190 - 10:53:10) ->    2(time 39253 - 10:54:13)(time 39820 - 11:03:40) ->    3(time 40120 - 11:08:40)(time 40703 - 11:18:23) ->    4(time 40784 - 11:19:44)(time 41349 - 11:29:09) ->    5(time 41412 - 11:30:12)(time 42017 - 11:40:17) ->    6(time 42098 - 11:41:38)(time 42722 - 11:52:02) ->    7(time 42803 - 11:53:23)(time 43439 - 12:03:59) ->    8(time 43520 - 12:05:20)(time 44148 - 12:15:48) ->    9(time 44229 - 12:17:09)(time 44795 - 12:26:35) ->    10(time 44876 - 12:27:56)(time 45475 - 12:37:55) ->    11(time 45775 - 12:42:55)(time 45775 - 12:42:55) -> 23
=============
Train 1
=============
> Trip 0
   23(time 6170 - 01:42:50)(time 6769 - 01:52:49) ->    22(time 6850 - 01:54:10)(time 7416 - 02:03:36) ->    21(time 7497 - 02:04:57)(time 8125 - 02:15:25) ->    20(time 8206 - 02:16:46)(time 8842 - 02:27:22) ->    19(time 8923 - 02:28:43)(time 9547 - 02:39:07) ->    18(time 9628 - 02:40:28)(time 10233 - 02:50:33) ->    17(time 10296 - 02:51:36)(time 10861 - 03:01:01) ->    16(time 11161 - 03:06:01)(time 11744 - 03:15:44) ->    15(time 12044 - 03:20:44)(time 12611 - 03:30:11) ->    14(time 12674 - 03:31:14)(time 13250 - 03:40:50) ->    13(time 13550 - 03:45:50)(time 14179 - 03:56:19) ->    12(time 14479 - 04:01:19)(time 14479 - 04:01:19) ->    0(time 14479 - 04:01:19)(time 15108 - 04:11:48) ->    1(time 15670 - 04:21:10)(time 16246 - 04:30:46) ->    2(time 16808 - 04:40:08)(time 17375 - 04:49:35) ->    3(time 17675 - 04:54:35)(time 18258 - 05:04:18) ->    4(time 18339 - 05:05:39)(time 18904 - 05:15:04) ->    5(time 18967 - 05:16:07)(time 19572 - 05:26:12) ->    6(time 19653 - 05:27:33)(time 20277 - 05:37:57) ->    7(time 20358 - 05:39:18)(time 20994 - 05:49:54) ->    8(time 21075 - 05:51:15)(time 21703 - 06:01:43) ->    9(time 21784 - 06:03:04)(time 22350 - 06:12:30) ->    10(time 22912 - 06:21:52)(time 23511 - 06:31:51) ->    11(time 23811 - 06:36:51)(time 23811 - 06:36:51) -> 23
> Trip 1
   23(time 24208 - 06:43:28)(time 24807 - 06:53:27) ->    22(time 24888 - 06:54:48)(time 25454 - 07:04:14) ->    21(time 25535 - 07:05:35)(time 26163 - 07:16:03) ->    20(time 26244 - 07:17:24)(time 26880 - 07:28:00) ->    19(time 26961 - 07:29:21)(time 27585 - 07:39:45) ->    18(time 27666 - 07:41:06)(time 28271 - 07:51:11) ->    17(time 28553 - 07:55:53)(time 29118 - 08:05:18) ->    16(time 29199 - 08:06:39)(time 29782 - 08:16:22) ->    15(time 30082 - 08:21:22)(time 30649 - 08:30:49) ->    14(time 30712 - 08:31:52)(time 31288 - 08:41:28) ->    13(time 31588 - 08:46:28)(time 32217 - 08:56:57) ->    12(time 32517 - 09:01:57)(time 32517 - 09:01:57) ->    0(time 32517 - 09:01:57)(time 33146 - 09:12:26) ->    1(time 33446 - 09:17:26)(time 34022 - 09:27:02) ->    2(time 34322 - 09:32:02)(time 34889 - 09:41:29) ->    3(time 35189 - 09:46:29)(time 35772 - 09:56:12) ->    4(time 35853 - 09:57:33)(time 36418 - 10:06:58) ->    5(time 36481 - 10:08:01)(time 37086 - 10:18:06) ->    6(time 37167 - 10:19:27)(time 37791 - 10:29:51) ->    7(time 37872 - 10:31:12)(time 38508 - 10:41:48) ->    8(time 38589 - 10:43:09)(time 39217 - 10:53:37) ->    9(time 39298 - 10:54:58)(time 39864 - 11:04:24) ->    10(time 39945 - 11:05:45)(time 40544 - 11:15:44) ->    11(time 40844 - 11:20:44)(time 40844 - 11:20:44) -> 23
=============
Train 2
=============
> Trip 0
   23(time 4231 - 01:10:31)(time 4830 - 01:20:30) ->    22(time 4911 - 01:21:51)(time 5477 - 01:31:17) ->    21(time 5558 - 01:32:38)(time 6186 - 01:43:06) ->    20(time 6267 - 01:44:27)(time 6903 - 01:55:03) ->    19(time 6984 - 01:56:24)(time 7608 - 02:06:48) ->    18(time 7689 - 02:08:09)(time 8294 - 02:18:14) ->    17(time 8357 - 02:19:17)(time 8922 - 02:28:42) ->    16(time 9003 - 02:30:03)(time 9586 - 02:39:46) ->    15(time 9886 - 02:44:46)(time 10453 - 02:54:13) ->    14(time 10516 - 02:55:16)(time 11092 - 03:04:52) ->    13(time 11392 - 03:09:52)(time 12021 - 03:20:21) ->    12(time 12321 - 03:25:21)(time 12321 - 03:25:21) ->    0(time 12321 - 03:25:21)(time 12950 - 03:35:50) ->    1(time 13250 - 03:40:50)(time 13826 - 03:50:26) ->    2(time 14126 - 03:55:26)(time 14693 - 04:04:53) ->    3(time 14993 - 04:09:53)(time 15576 - 04:19:36) ->    4(time 15657 - 04:20:57)(time 16222 - 04:30:22) ->    5(time 16285 - 04:31:25)(time 16890 - 04:41:30) ->    6(time 16971 - 04:42:51)(time 17595 - 04:53:15) ->    7(time 17676 - 04:54:36)(time 18312 - 05:05:12) ->    8(time 18393 - 05:06:33)(time 19021 - 05:17:01) ->    9(time 19102 - 05:18:22)(time 19668 - 05:27:48) ->    10(time 19749 - 05:29:09)(time 20348 - 05:39:08) ->    11(time 20648 - 05:44:08)(time 20648 - 05:44:08) -> 23
> Trip 1
   23(time 24127 - 06:42:07)(time 24726 - 06:52:06) ->    22(time 24807 - 06:53:27)(time 25373 - 07:02:53) ->    21(time 25454 - 07:04:14)(time 26082 - 07:14:42) ->    20(time 26163 - 07:16:03)(time 26799 - 07:26:39) ->    19(time 26880 - 07:28:00)(time 27504 - 07:38:24) ->    18(time 27585 - 07:39:45)(time 28190 - 07:49:50) ->    17(time 28253 - 07:50:53)(time 28818 - 08:00:18) ->    16(time 28899 - 08:01:39)(time 29482 - 08:11:22) ->    15(time 29782 - 08:16:22)(time 30349 - 08:25:49) ->    14(time 30412 - 08:26:52)(time 30988 - 08:36:28) ->    13(time 31288 - 08:41:28)(time 31917 - 08:51:57) ->    12(time 32217 - 08:56:57)(time 32217 - 08:56:57) ->    0(time 32217 - 08:56:57)(time 32846 - 09:07:26) ->    1(time 33146 - 09:12:26)(time 33722 - 09:22:02) ->    2(time 34022 - 09:27:02)(time 34589 - 09:36:29) ->    3(time 34889 - 09:41:29)(time 35472 - 09:51:12) ->    4(time 35553 - 09:52:33)(time 36118 - 10:01:58) ->    5(time 36181 - 10:03:01)(time 36786 - 10:13:06) ->    6(time 36867 - 10:14:27)(time 37491 - 10:24:51) ->    7(time 37572 - 10:26:12)(time 38208 - 10:36:48) ->    8(time 38289 - 10:38:09)(time 38917 - 10:48:37) ->    9(time 38998 - 10:49:58)(time 39564 - 10:59:24) ->    10(time 39645 - 11:00:45)(time 40244 - 11:10:44) ->    11(time 40544 - 11:15:44)(time 40544 - 11:15:44) -> 23
=============
Train 3
=============
> Trip 0
   23(time 7604 - 02:06:44)(time 8203 - 02:16:43) ->    22(time 8284 - 02:18:04)(time 8850 - 02:27:30) ->    21(time 8931 - 02:28:51)(time 9559 - 02:39:19) ->    20(time 9640 - 02:40:40)(time 10276 - 02:51:16) ->    19(time 10357 - 02:52:37)(time 10981 - 03:03:01) ->    18(time 11062 - 03:04:22)(time 11667 - 03:14:27) ->    17(time 11730 - 03:15:30)(time 12295 - 03:24:55) ->    16(time 12376 - 03:26:16)(time 12959 - 03:35:59) ->    15(time 13259 - 03:40:59)(time 13826 - 03:50:26) ->    14(time 14126 - 03:55:26)(time 14702 - 04:05:02) ->    13(time 15108 - 04:11:48)(time 15737 - 04:22:17) ->    12(time 16037 - 04:27:17)(time 16037 - 04:27:17) ->    0(time 16037 - 04:27:17)(time 16666 - 04:37:46) ->    1(time 16966 - 04:42:46)(time 17542 - 04:52:22) ->    2(time 17605 - 04:53:25)(time 18172 - 05:02:52) ->    3(time 18472 - 05:07:52)(time 19055 - 05:17:35) ->    4(time 19136 - 05:18:56)(time 19701 - 05:28:21) ->    5(time 19764 - 05:29:24)(time 20369 - 05:39:29) ->    6(time 20450 - 05:40:50)(time 21074 - 05:51:14) ->    7(time 21155 - 05:52:35)(time 21791 - 06:03:11) ->    8(time 21872 - 06:04:32)(time 22500 - 06:15:00) ->    9(time 22581 - 06:16:21)(time 23147 - 06:25:47) ->    10(time 23228 - 06:27:08)(time 23827 - 06:37:07) ->    11(time 24127 - 06:42:07)(time 24127 - 06:42:07) -> 23
> Trip 1
   23(time 27500 - 07:38:20)(time 28099 - 07:48:19) ->    22(time 28180 - 07:49:40)(time 28746 - 07:59:06) ->    21(time 28827 - 08:00:27)(time 29455 - 08:10:55) ->    20(time 29536 - 08:12:16)(time 30172 - 08:22:52) ->    19(time 30253 - 08:24:13)(time 30877 - 08:34:37) ->    18(time 30958 - 08:35:58)(time 31563 - 08:46:03) ->    17(time 31626 - 08:47:06)(time 32191 - 08:56:31) ->    16(time 32272 - 08:57:52)(time 32855 - 09:07:35) ->    15(time 33155 - 09:12:35)(time 33722 - 09:22:02) ->    14(time 34022 - 09:27:02)(time 34598 - 09:36:38) ->    13(time 34898 - 09:41:38)(time 35527 - 09:52:07) ->    12(time 35827 - 09:57:07)(time 35827 - 09:57:07) ->    0(time 35827 - 09:57:07)(time 36456 - 10:07:36) ->    1(time 36756 - 10:12:36)(time 37332 - 10:22:12) ->    2(time 37395 - 10:23:15)(time 37962 - 10:32:42) ->    3(time 38262 - 10:37:42)(time 38845 - 10:47:25) ->    4(time 38926 - 10:48:46)(time 39491 - 10:58:11) ->    5(time 39554 - 10:59:14)(time 40159 - 11:09:19) ->    6(time 40240 - 11:10:40)(time 40864 - 11:21:04) ->    7(time 40945 - 11:22:25)(time 41581 - 11:33:01) ->    8(time 41662 - 11:34:22)(time 42290 - 11:44:50) ->    9(time 42371 - 11:46:11)(time 42937 - 11:55:37) ->    10(time 43018 - 11:56:58)(time 43617 - 12:06:57) ->    11(time 43917 - 12:11:57)(time 43917 - 12:11:57) -> 23
=============
Train 4
=============
> Trip 0
   23(time 7904 - 02:11:44)(time 8503 - 02:21:43) ->    22(time 8584 - 02:23:04)(time 9150 - 02:32:30) ->    21(time 9231 - 02:33:51)(time 9859 - 02:44:19) ->    20(time 9940 - 02:45:40)(time 10576 - 02:56:16) ->    19(time 10657 - 02:57:37)(time 11281 - 03:08:01) ->    18(time 11362 - 03:09:22)(time 11967 - 03:19:27) ->    17(time 12030 - 03:20:30)(time 12595 - 03:29:55) ->    16(time 12676 - 03:31:16)(time 13259 - 03:40:59) ->    15(time 13559 - 03:45:59)(time 14126 - 03:55:26) ->    14(time 14532 - 04:02:12)(time 15108 - 04:11:48) ->    13(time 15408 - 04:16:48)(time 16037 - 04:27:17) ->    12(time 16337 - 04:32:17)(time 16337 - 04:32:17) ->    0(time 16337 - 04:32:17)(time 16966 - 04:42:46) ->    1(time 17266 - 04:47:46)(time 17842 - 04:57:22) ->    2(time 17905 - 04:58:25)(time 18472 - 05:07:52) ->    3(time 18772 - 05:12:52)(time 19355 - 05:22:35) ->    4(time 19436 - 05:23:56)(time 20001 - 05:33:21) ->    5(time 20064 - 05:34:24)(time 20669 - 05:44:29) ->    6(time 20750 - 05:45:50)(time 21374 - 05:56:14) ->    7(time 21455 - 05:57:35)(time 22091 - 06:08:11) ->    8(time 22172 - 06:09:32)(time 22800 - 06:20:00) ->    9(time 22881 - 06:21:21)(time 23447 - 06:30:47) ->    10(time 23528 - 06:32:08)(time 24127 - 06:42:07) ->    11(time 24689 - 06:51:29)(time 24689 - 06:51:29) -> 23
> Trip 1
   23(time 27800 - 07:43:20)(time 28399 - 07:53:19) ->    22(time 28480 - 07:54:40)(time 29046 - 08:04:06) ->    21(time 29127 - 08:05:27)(time 29755 - 08:15:55) ->    20(time 29836 - 08:17:16)(time 30472 - 08:27:52) ->    19(time 30553 - 08:29:13)(time 31177 - 08:39:37) ->    18(time 31258 - 08:40:58)(time 31863 - 08:51:03) ->    17(time 31926 - 08:52:06)(time 32491 - 09:01:31) ->    16(time 32572 - 09:02:52)(time 33155 - 09:12:35) ->    15(time 33455 - 09:17:35)(time 34022 - 09:27:02) ->    14(time 34322 - 09:32:02)(time 34898 - 09:41:38) ->    13(time 35198 - 09:46:38)(time 35827 - 09:57:07) ->    12(time 36127 - 10:02:07)(time 36127 - 10:02:07) ->    0(time 36127 - 10:02:07)(time 36756 - 10:12:36) ->    1(time 37056 - 10:17:36)(time 37632 - 10:27:12) ->    2(time 37695 - 10:28:15)(time 38262 - 10:37:42) ->    3(time 38562 - 10:42:42)(time 39145 - 10:52:25) ->    4(time 39226 - 10:53:46)(time 39791 - 11:03:11) ->    5(time 39854 - 11:04:14)(time 40459 - 11:14:19) ->    6(time 40540 - 11:15:40)(time 41164 - 11:26:04) ->    7(time 41245 - 11:27:25)(time 41881 - 11:38:01) ->    8(time 41962 - 11:39:22)(time 42590 - 11:49:50) ->    9(time 42671 - 11:51:11)(time 43237 - 12:00:37) ->    10(time 43318 - 12:01:58)(time 43917 - 12:11:57) ->    11(time 44217 - 12:16:57)(time 44217 - 12:16:57) -> 23
=============
Train 5
=============
> Trip 0
   23(time 4531 - 01:15:31)(time 5130 - 01:25:30) ->    22(time 5211 - 01:26:51)(time 5777 - 01:36:17) ->    21(time 5858 - 01:37:38)(time 6486 - 01:48:06) ->    20(time 6567 - 01:49:27)(time 7203 - 02:00:03) ->    19(time 7284 - 02:01:24)(time 7908 - 02:11:48) ->    18(time 7989 - 02:13:09)(time 8594 - 02:23:14) ->    17(time 8657 - 02:24:17)(time 9222 - 02:33:42) ->    16(time 9303 - 02:35:03)(time 9886 - 02:44:46) ->    15(time 10186 - 02:49:46)(time 10753 - 02:59:13) ->    14(time 10816 - 03:00:16)(time 11392 - 03:09:52) ->    13(time 11692 - 03:14:52)(time 12321 - 03:25:21) ->    12(time 12621 - 03:30:21)(time 12621 - 03:30:21) ->    0(time 12621 - 03:30:21)(time 13250 - 03:40:50) ->    1(time 13550 - 03:45:50)(time 14126 - 03:55:26) ->    2(time 14688 - 04:04:48)(time 15255 - 04:14:15) ->    3(time 15555 - 04:19:15)(time 16138 - 04:28:58) ->    4(time 16219 - 04:30:19)(time 16784 - 04:39:44) ->    5(time 16847 - 04:40:47)(time 17452 - 04:50:52) ->    6(time 17533 - 04:52:13)(time 18157 - 05:02:37) ->    7(time 18238 - 05:03:58)(time 18874 - 05:14:34) ->    8(time 18955 - 05:15:55)(time 19583 - 05:26:23) ->    9(time 19664 - 05:27:44)(time 20230 - 05:37:10) ->    10(time 20311 - 05:38:31)(time 20910 - 05:48:30) ->    11(time 21210 - 05:53:30)(time 21210 - 05:53:30) -> 23
> Trip 1
   23(time 26159 - 07:15:59)(time 26758 - 07:25:58) ->    22(time 26839 - 07:27:19)(time 27405 - 07:36:45) ->    21(time 27486 - 07:38:06)(time 28114 - 07:48:34) ->    20(time 28195 - 07:49:55)(time 28831 - 08:00:31) ->    19(time 28912 - 08:01:52)(time 29536 - 08:12:16) ->    18(time 29617 - 08:13:37)(time 30222 - 08:23:42) ->    17(time 30285 - 08:24:45)(time 30850 - 08:34:10) ->    16(time 30931 - 08:35:31)(time 31514 - 08:45:14) ->    15(time 31814 - 08:50:14)(time 32381 - 08:59:41) ->    14(time 32444 - 09:00:44)(time 33020 - 09:10:20) ->    13(time 33320 - 09:15:20)(time 33949 - 09:25:49) ->    12(time 34249 - 09:30:49)(time 34249 - 09:30:49) ->    0(time 34249 - 09:30:49)(time 34878 - 09:41:18) ->    1(time 35178 - 09:46:18)(time 35754 - 09:55:54) ->    2(time 35817 - 09:56:57)(time 36384 - 10:06:24) ->    3(time 36684 - 10:11:24)(time 37267 - 10:21:07) ->    4(time 37348 - 10:22:28)(time 37913 - 10:31:53) ->    5(time 37976 - 10:32:56)(time 38581 - 10:43:01) ->    6(time 38662 - 10:44:22)(time 39286 - 10:54:46) ->    7(time 39367 - 10:56:07)(time 40003 - 11:06:43) ->    8(time 40084 - 11:08:04)(time 40712 - 11:18:32) ->    9(time 40793 - 11:19:53)(time 41359 - 11:29:19) ->    10(time 41440 - 11:30:40)(time 42039 - 11:40:39) ->    11(time 42339 - 11:45:39)(time 42339 - 11:45:39) -> 23
