t6p17r10h1.txt:
   > Trying to open the instance file...
   > Reading number of trains...
   > Reading maximum number of trips per train...
   > Reading time intervals...
   > Reading number of points...
   > Reading stations...
   > Reading crossings...
   > Reading depots...
   > Reading initial point...
   > Reading routes...
   > Reading distance and distance and service...
   > Reading demands...
   > Reading maximum time...
   > Reading alpha...

--------------------------------
 Printing instance
--------------------------------
number of trains = 6
	max trips per trains: 2     2     2     2     2     2
number of intervals = 1
	(0,  30537)
number of points = 17
	initial point: 0
	stations: 0     1     2     3     4     5     6     7     8     9    10    12    13    14    16
	crossings: 0     2     6     9    11    13    14    15    16
	depots: 0    13    14    16
number of vertices = 34
	total vertices: 0     1     2     3     4     5     6     7     8     9    10    11    12    13    14    15    16    17    18    19    20    21    22    23    24    25    26    27    28    29    30    31    32    33
	upper vertices: 0     1     2     3     4     5     6     7     8     9    10    11    12    13    14    15    16
	lower vertices: 17    18    19    20    21    22    23    24    25    26    27    28    29    30    31    32    33
	vertices of point #0: (0, 17)
	vertices of point #1: (1, 18)
	vertices of point #2: (2, 19)
	vertices of point #3: (3, 20)
	vertices of point #4: (4, 21)
	vertices of point #5: (5, 22)
	vertices of point #6: (6, 23)
	vertices of point #7: (7, 24)
	vertices of point #8: (8, 25)
	vertices of point #9: (9, 26)
	vertices of point #10: (10, 27)
	vertices of point #11: (11, 28)
	vertices of point #12: (12, 29)
	vertices of point #13: (13, 30)
	vertices of point #14: (14, 31)
	vertices of point #15: (15, 32)
	vertices of point #16: (16, 33)

arcs...
	total arcs: 
		arc #0: (0, 1)
		arc #1: (0, 17)
		arc #2: (17, 0)
		arc #3: (1, 2)
		arc #4: (18, 17)
		arc #5: (2, 3)
		arc #6: (19, 18)
		arc #7: (3, 4)
		arc #8: (20, 19)
		arc #9: (4, 5)
		arc #10: (21, 20)
		arc #11: (5, 6)
		arc #12: (22, 21)
		arc #13: (6, 7)
		arc #14: (23, 22)
		arc #15: (7, 8)
		arc #16: (24, 23)
		arc #17: (8, 9)
		arc #18: (25, 24)
		arc #19: (9, 10)
		arc #20: (26, 25)
		arc #21: (10, 11)
		arc #22: (27, 26)
		arc #23: (11, 12)
		arc #24: (28, 27)
		arc #25: (12, 13)
		arc #26: (29, 28)
		arc #27: (13, 14)
		arc #28: (30, 29)
		arc #29: (13, 30)
		arc #30: (30, 13)
		arc #31: (14, 15)
		arc #32: (31, 30)
		arc #33: (14, 31)
		arc #34: (31, 14)
		arc #35: (15, 16)
		arc #36: (32, 31)
		arc #37: (33, 32)
		arc #38: (16, 33)
		arc #39: (33, 16)

	reverse arcs: 
		arc #1: (0, 17)
		arc #2: (17, 0)
		arc #29: (13, 30)
		arc #30: (30, 13)
		arc #33: (14, 31)
		arc #34: (31, 14)
		arc #38: (16, 33)
		arc #39: (33, 16)


incompatible points...
	(0, 1, 19, (1, 2))	(19, 18, 0, (18, 17))	(2, 5, 23, (5, 6))	(23, 20, 2, (20, 19))	(6, 8, 26, (8, 9))	(26, 24, 6, (24, 23))	(9, 10, 28, (10, 11))	(28, 27, 9, (27, 26))	(11, 12, 30, (12, 13))	(30, 29, 11, (29, 28))	(13, 13, 31, (13, 14))	(31, 31, 13, (31, 30))	(14, 14, 32, (14, 15))	(32, 32, 14, (32, 31))	(15, 15, 33, (15, 16))	(33, 33, 15, (33, 32))

number of routes = 10
vertices of routes...
	route #0: 0     1     2     3     4     5     6     7     8     9    10    11    12    13    14    15    16    33    32    31    30    29    28    27    26    25    24    23    22    21    20    19    18    17     0
	route #1: 33    32    31    30    29    28    27    26    25    24    23    22    21    20    19    18    17     0     1     2     3     4     5     6     7     8     9    10    11    12    13    14    15    16    33
	route #2: 14    15    16
	route #3: 31    30    29    28    27    26    25    24    23    22    21    20    19    18    17
	route #4: 0     1     2     3     4     5     6     7     8     9    10    11    12    13    14
	route #5: 33    32    31
	route #6: 13    14    15    16
	route #7: 30    29    28    27    26    25    24    23    22    21    20    19    18    17
	route #8: 0     1     2     3     4     5     6     7     8     9    10    11    12    13
	route #9: 33    32    31    30
arcs of routes...
	route #0: 0     3     5     7     9    11    13    15    17    19    21    23    25    27    31    35    38    37    36    32    28    26    24    22    20    18    16    14    12    10     8     6     4     2
	route #1: 37    36    32    28    26    24    22    20    18    16    14    12    10     8     6     4     2     0     3     5     7     9    11    13    15    17    19    21    23    25    27    31    35    38
	route #2: 31    35
	route #3: 32    28    26    24    22    20    18    16    14    12    10     8     6     4
	route #4: 0     3     5     7     9    11    13    15    17    19    21    23    25    27
	route #5: 37    36
	route #6: 27    31    35
	route #7: 28    26    24    22    20    18    16    14    12    10     8     6     4
	route #8: 0     3     5     7     9    11    13    15    17    19    21    23    25
	route #9: 37    36    32

incompatible routes...
	(0, 1)    	(0, 2)    	(0, 3)    	(0, 5)    	(0, 6)    	(0, 7)    	(0, 9)    	(1, 0)    	(1, 2)    	(1, 3)    	(1, 4)    	(1, 6)    	(1, 7)    	(1, 8)    	(2, 0)    	(2, 2)    	(2, 3)    	(2, 4)    	(2, 6)    	(2, 7)    	(2, 8)    	(3, 1)    	(3, 2)    	(3, 3)    	(3, 5)    	(3, 6)    	(3, 7)    	(3, 9)    	(4, 0)    	(4, 1)    	(4, 4)    	(4, 5)    	(4, 6)    	(4, 7)    	(4, 8)    	(4, 9)    	(5, 0)    	(5, 1)    	(5, 4)    	(5, 5)    	(5, 6)    	(5, 7)    	(5, 8)    	(5, 9)    	(6, 0)    	(6, 2)    	(6, 3)    	(6, 4)    	(6, 6)    	(6, 7)    	(6, 8)    	(7, 1)    	(7, 2)    	(7, 3)    	(7, 5)    	(7, 6)    	(7, 7)    	(7, 9)    	(8, 0)    	(8, 1)    	(8, 2)    	(8, 3)    	(8, 4)    	(8, 5)    	(8, 8)    	(8, 9)    	(9, 0)    	(9, 1)    	(9, 2)    	(9, 3)    	(9, 4)    	(9, 5)    	(9, 8)    	(9, 9)

vertices that can be adjacent in consecutive trips...
	(0, 0)    	(13, 13)    	(13, 30)    	(14, 14)    	(14, 31)    	(16, 33)    	(17, 0)    	(30, 13)    	(30, 30)    	(31, 14)    	(31, 31)    	(33, 33)
non cyclical routes: 
       2       3       4       5       6       7       8       9

routes of trip...
	routes that train #0 can complete at trip #0: 0       4       8
	routes that train #0 can complete at trip #1: 0       1       2       3       4       5       6       7       8       9

	routes that train #1 can complete at trip #0: 0       4       8
	routes that train #1 can complete at trip #1: 0       1       2       3       4       5       6       7       8       9

	routes that train #2 can complete at trip #0: 0       4       8
	routes that train #2 can complete at trip #1: 0       1       2       3       4       5       6       7       8       9

	routes that train #3 can complete at trip #0: 0       4       8
	routes that train #3 can complete at trip #1: 0       1       2       3       4       5       6       7       8       9

	routes that train #4 can complete at trip #0: 0       4       8
	routes that train #4 can complete at trip #1: 0       1       2       3       4       5       6       7       8       9

	routes that train #5 can complete at trip #0: 0       4       8
	routes that train #5 can complete at trip #1: 0       1       2       3       4       5       6       7       8       9

 cost...
	arc #0 [0][1]: 259
	arc #1 [0][17]: 0
	arc #2 [17][0]: 0
	arc #3 [1][2]: 281
	arc #4 [18][17]: 259
	arc #5 [2][3]: 288
	arc #6 [19][18]: 281
	arc #7 [3][4]: 264
	arc #8 [20][19]: 288
	arc #9 [4][5]: 267
	arc #10 [21][20]: 264
	arc #11 [5][6]: 249
	arc #12 [22][21]: 267
	arc #13 [6][7]: 243
	arc #14 [23][22]: 249
	arc #15 [7][8]: 271
	arc #16 [24][23]: 243
	arc #17 [8][9]: 272
	arc #18 [25][24]: 271
	arc #19 [9][10]: 280
	arc #20 [26][25]: 272
	arc #21 [10][11]: 264
	arc #22 [27][26]: 280
	arc #23 [11][12]: 248
	arc #24 [28][27]: 264
	arc #25 [12][13]: 285
	arc #26 [29][28]: 248
	arc #27 [13][14]: 246
	arc #28 [30][29]: 285
	arc #29 [13][30]: 0
	arc #30 [30][13]: 0
	arc #31 [14][15]: 281
	arc #32 [31][30]: 246
	arc #33 [14][31]: 0
	arc #34 [31][14]: 0
	arc #35 [15][16]: 247
	arc #36 [32][31]: 281
	arc #37 [33][32]: 247
	arc #38 [16][33]: 0
	arc #39 [33][16]: 0

cost with minimum service...
	arc #0 [0][1]: 328
	arc #1 [0][17]: 0
	arc #2 [17][0]: 0
	arc #3 [1][2]: 350
	arc #4 [18][17]: 509
	arc #5 [2][3]: 357
	arc #6 [19][18]: 350
	arc #7 [3][4]: 333
	arc #8 [20][19]: 357
	arc #9 [4][5]: 336
	arc #10 [21][20]: 333
	arc #11 [5][6]: 318
	arc #12 [22][21]: 336
	arc #13 [6][7]: 312
	arc #14 [23][22]: 318
	arc #15 [7][8]: 340
	arc #16 [24][23]: 312
	arc #17 [8][9]: 341
	arc #18 [25][24]: 340
	arc #19 [9][10]: 349
	arc #20 [26][25]: 341
	arc #21 [10][11]: 312
	arc #22 [27][26]: 349
	arc #23 [11][12]: 317
	arc #24 [28][27]: 333
	arc #25 [12][13]: 535
	arc #26 [29][28]: 296
	arc #27 [13][14]: 496
	arc #28 [30][29]: 354
	arc #29 [13][30]: 0
	arc #30 [30][13]: 0
	arc #31 [14][15]: 329
	arc #32 [31][30]: 496
	arc #33 [14][31]: 0
	arc #34 [31][14]: 0
	arc #35 [15][16]: 497
	arc #36 [32][31]: 531
	arc #37 [33][32]: 295
	arc #38 [16][33]: 0
	arc #39 [33][16]: 0

cost with maximum service...
	arc #0 [0][1]: 698
	arc #1 [0][17]: 439
	arc #2 [17][0]: 439
	arc #3 [1][2]: 720
	arc #4 [18][17]: 698
	arc #5 [2][3]: 727
	arc #6 [19][18]: 720
	arc #7 [3][4]: 703
	arc #8 [20][19]: 727
	arc #9 [4][5]: 706
	arc #10 [21][20]: 703
	arc #11 [5][6]: 688
	arc #12 [22][21]: 706
	arc #13 [6][7]: 682
	arc #14 [23][22]: 688
	arc #15 [7][8]: 710
	arc #16 [24][23]: 682
	arc #17 [8][9]: 711
	arc #18 [25][24]: 710
	arc #19 [9][10]: 719
	arc #20 [26][25]: 711
	arc #21 [10][11]: 703
	arc #22 [27][26]: 719
	arc #23 [11][12]: 687
	arc #24 [28][27]: 703
	arc #25 [12][13]: 724
	arc #26 [29][28]: 687
	arc #27 [13][14]: 685
	arc #28 [30][29]: 724
	arc #29 [13][30]: 439
	arc #30 [30][13]: 439
	arc #31 [14][15]: 720
	arc #32 [31][30]: 685
	arc #33 [14][31]: 439
	arc #34 [31][14]: 439
	arc #35 [15][16]: 686
	arc #36 [32][31]: 720
	arc #37 [33][32]: 686
	arc #38 [16][33]: 439
	arc #39 [33][16]: 439

demands...
	demands of vertex 0 at time interval: 9
	demands of vertex 1 at time interval: 9
	demands of vertex 2 at time interval: 9
	demands of vertex 3 at time interval: 9
	demands of vertex 4 at time interval: 9
	demands of vertex 5 at time interval: 9
	demands of vertex 6 at time interval: 9
	demands of vertex 7 at time interval: 9
	demands of vertex 8 at time interval: 9
	demands of vertex 9 at time interval: 9
	demands of vertex 10 at time interval: 9
	demands of vertex 11 at time interval: 0
	demands of vertex 12 at time interval: 9
	demands of vertex 13 at time interval: 9
	demands of vertex 14 at time interval: 9
	demands of vertex 15 at time interval: 0
	demands of vertex 16 at time interval: 0
	demands of vertex 17 at time interval: 0
	demands of vertex 18 at time interval: 9
	demands of vertex 19 at time interval: 9
	demands of vertex 20 at time interval: 9
	demands of vertex 21 at time interval: 9
	demands of vertex 22 at time interval: 9
	demands of vertex 23 at time interval: 9
	demands of vertex 24 at time interval: 9
	demands of vertex 25 at time interval: 9
	demands of vertex 26 at time interval: 9
	demands of vertex 27 at time interval: 9
	demands of vertex 28 at time interval: 0
	demands of vertex 29 at time interval: 9
	demands of vertex 30 at time interval: 9
	demands of vertex 31 at time interval: 9
	demands of vertex 32 at time interval: 0
	demands of vertex 33 at time interval: 9

maximum time = 30537
alpha = 70
Starting to test combinations... - Total number of combinations = 1000000
Found new best - 1/1000000
10% done - 100000/1000000 combination(s) tested! (Thread 0)
20% done - 200000/1000000 combination(s) tested! (Thread 0)
30% done - 300000/1000000 combination(s) tested! (Thread 0)
40% done - 400000/1000000 combination(s) tested! (Thread 0)
50% done - 500000/1000000 combination(s) tested! (Thread 0)
60% done - 600000/1000000 combination(s) tested! (Thread 0)
70% done - 700000/1000000 combination(s) tested! (Thread 0)
80% done - 800000/1000000 combination(s) tested! (Thread 0)
90% done - 900000/1000000 combination(s) tested! (Thread 0)
100% done - 1000000/1000000 combination(s) tested! (Thread 0)
	Cannot prove optimality!

>> Printing some results...
    -> Solution value = 14913 - 04:08:33
    -> Total time = 3808.74

=============
Train 0
=============
> Trip 0
   0(time 5263 - 01:27:43)(time 5522 - 01:32:02) ->    1(time 5591 - 01:33:11)(time 5872 - 01:37:52) ->    2(time 5941 - 01:39:01)(time 6229 - 01:43:49) ->    3(time 6298 - 01:44:58)(time 6562 - 01:49:22) ->    4(time 6631 - 01:50:31)(time 6898 - 01:54:58) ->    5(time 6967 - 01:56:07)(time 7216 - 02:00:16) ->    6(time 7285 - 02:01:25)(time 7528 - 02:05:28) ->    7(time 7597 - 02:06:37)(time 7868 - 02:11:08) ->    8(time 7937 - 02:12:17)(time 8209 - 02:16:49) ->    9(time 8278 - 02:17:58)(time 8558 - 02:22:38) ->    10(time 8627 - 02:23:47)(time 8891 - 02:28:11) ->    11(time 8939 - 02:28:59)(time 9187 - 02:33:07) ->    12(time 9256 - 02:34:16)(time 9541 - 02:39:01) ->    13(time 9791 - 02:43:11)(time 10037 - 02:47:17) ->    14(time 10287 - 02:51:27)(time 10568 - 02:56:08) ->    15(time 11007 - 03:03:27)(time 11254 - 03:07:34) ->    16(time 11693 - 03:14:53)(time 11693 - 03:14:53) ->    33(time 12129 - 03:22:09)(time 12376 - 03:26:16) ->    32(time 12424 - 03:27:04)(time 12705 - 03:31:45) ->    31(time 12955 - 03:35:55)(time 13201 - 03:40:01) ->    30(time 13451 - 03:44:11)(time 13736 - 03:48:56) ->    29(time 13805 - 03:50:05)(time 14053 - 03:54:13) ->    28(time 14101 - 03:55:01)(time 14365 - 03:59:25) ->    27(time 14434 - 04:00:34)(time 14714 - 04:05:14) ->    26(time 14783 - 04:06:23)(time 15055 - 04:10:55) ->    25(time 15124 - 04:12:04)(time 15395 - 04:16:35) ->    24(time 15464 - 04:17:44)(time 15707 - 04:21:47) ->    23(time 15776 - 04:22:56)(time 16025 - 04:27:05) ->    22(time 16094 - 04:28:14)(time 16361 - 04:32:41) ->    21(time 16430 - 04:33:50)(time 16694 - 04:38:14) ->    20(time 16763 - 04:39:23)(time 17051 - 04:44:11) ->    19(time 17192 - 04:46:32)(time 17473 - 04:51:13) ->    18(time 17542 - 04:52:22)(time 17801 - 04:56:41) ->    17(time 18051 - 05:00:51)(time 18051 - 05:00:51) -> 0
> Trip 1
   0(time 18051 - 05:00:51)(time 18310 - 05:05:10) ->    1(time 18379 - 05:06:19)(time 18660 - 05:11:00) ->    2(time 18729 - 05:12:09)(time 19017 - 05:16:57) ->    3(time 19086 - 05:18:06)(time 19350 - 05:22:30) ->    4(time 19419 - 05:23:39)(time 19686 - 05:28:06) ->    5(time 19755 - 05:29:15)(time 20004 - 05:33:24) ->    6(time 20073 - 05:34:33)(time 20316 - 05:38:36) ->    7(time 20385 - 05:39:45)(time 20656 - 05:44:16) ->    8(time 20725 - 05:45:25)(time 20997 - 05:49:57) ->    9(time 21066 - 05:51:06)(time 21346 - 05:55:46) ->    10(time 21415 - 05:56:55)(time 21679 - 06:01:19) ->    11(time 21727 - 06:02:07)(time 21975 - 06:06:15) ->    12(time 22044 - 06:07:24)(time 22329 - 06:12:09) ->    13(time 22579 - 06:16:19)(time 22825 - 06:20:25) ->    14(time 23075 - 06:24:35)(time 23356 - 06:29:16) ->    15(time 23606 - 06:33:26)(time 23853 - 06:37:33) ->    16(time 24103 - 06:41:43)(time 24103 - 06:41:43) ->    33(time 24353 - 06:45:53)(time 24600 - 06:50:00) ->    32(time 24670 - 06:51:10)(time 24951 - 06:55:51) ->    31(time 25201 - 07:00:01)(time 25447 - 07:04:07) ->    30(time 25697 - 07:08:17)(time 25982 - 07:13:02) ->    29(time 26240 - 07:17:20)(time 26488 - 07:21:28) ->    28(time 26536 - 07:22:16)(time 26800 - 07:26:40) ->    27(time 26869 - 07:27:49)(time 27149 - 07:32:29) ->    26(time 27218 - 07:33:38)(time 27490 - 07:38:10) ->    25(time 27559 - 07:39:19)(time 27830 - 07:43:50) ->    24(time 27899 - 07:44:59)(time 28142 - 07:49:02) ->    23(time 28211 - 07:50:11)(time 28460 - 07:54:20) ->    22(time 28529 - 07:55:29)(time 28796 - 07:59:56) ->    21(time 28865 - 08:01:05)(time 29129 - 08:05:29) ->    20(time 29198 - 08:06:38)(time 29486 - 08:11:26) ->    19(time 29678 - 08:14:38)(time 29959 - 08:19:19) ->    18(time 30028 - 08:20:28)(time 30287 - 08:24:47) ->    17(time 30537 - 08:28:57)(time 30537 - 08:28:57) -> 0
=============
Train 1
=============
> Trip 0
   0(time 3391 - 00:56:31)(time 3650 - 01:00:50) ->    1(time 3719 - 01:01:59)(time 4000 - 01:06:40) ->    2(time 4069 - 01:07:49)(time 4357 - 01:12:37) ->    3(time 4796 - 01:19:56)(time 5060 - 01:24:20) ->    4(time 5129 - 01:25:29)(time 5396 - 01:29:56) ->    5(time 5465 - 01:31:05)(time 5714 - 01:35:14) ->    6(time 5783 - 01:36:23)(time 6026 - 01:40:26) ->    7(time 6095 - 01:41:35)(time 6366 - 01:46:06) ->    8(time 6435 - 01:47:15)(time 6707 - 01:51:47) ->    9(time 6776 - 01:52:56)(time 7056 - 01:57:36) ->    10(time 7125 - 01:58:45)(time 7389 - 02:03:09) ->    11(time 7437 - 02:03:57)(time 7685 - 02:08:05) ->    12(time 7754 - 02:09:14)(time 8039 - 02:13:59) ->    13(time 8289 - 02:18:09)(time 8535 - 02:22:15) ->    14(time 8785 - 02:26:25)(time 9066 - 02:31:06) ->    15(time 9192 - 02:33:12)(time 9439 - 02:37:19) ->    16(time 9834 - 02:43:54)(time 9834 - 02:43:54) ->    33(time 10273 - 02:51:13)(time 10520 - 02:55:20) ->    32(time 10568 - 02:56:08)(time 10849 - 03:00:49) ->    31(time 11099 - 03:04:59)(time 11345 - 03:09:05) ->    30(time 11595 - 03:13:15)(time 11880 - 03:18:00) ->    29(time 11949 - 03:19:09)(time 12197 - 03:23:17) ->    28(time 12245 - 03:24:05)(time 12509 - 03:28:29) ->    27(time 12578 - 03:29:38)(time 12858 - 03:34:18) ->    26(time 12927 - 03:35:27)(time 13199 - 03:39:59) ->    25(time 13268 - 03:41:08)(time 13539 - 03:45:39) ->    24(time 13608 - 03:46:48)(time 13851 - 03:50:51) ->    23(time 13920 - 03:52:00)(time 14169 - 03:56:09) ->    22(time 14238 - 03:57:18)(time 14505 - 04:01:45) ->    21(time 14574 - 04:02:54)(time 14838 - 04:07:18) ->    20(time 14907 - 04:08:27)(time 15195 - 04:13:15) ->    19(time 15264 - 04:14:24)(time 15545 - 04:19:05) ->    18(time 15614 - 04:20:14)(time 15873 - 04:24:33) ->    17(time 16123 - 04:28:43)(time 16123 - 04:28:43) -> 0
> Trip 1
   0(time 16443 - 04:34:03)(time 16702 - 04:38:22) ->    1(time 16771 - 04:39:31)(time 17052 - 04:44:12) ->    2(time 17121 - 04:45:21)(time 17409 - 04:50:09) ->    3(time 17478 - 04:51:18)(time 17742 - 04:55:42) ->    4(time 17811 - 04:56:51)(time 18078 - 05:01:18) ->    5(time 18147 - 05:02:27)(time 18396 - 05:06:36) ->    6(time 18465 - 05:07:45)(time 18708 - 05:11:48) ->    7(time 18777 - 05:12:57)(time 19048 - 05:17:28) ->    8(time 19117 - 05:18:37)(time 19389 - 05:23:09) ->    9(time 19458 - 05:24:18)(time 19738 - 05:28:58) ->    10(time 19987 - 05:33:07)(time 20251 - 05:37:31) ->    11(time 20299 - 05:38:19)(time 20547 - 05:42:27) ->    12(time 20616 - 05:43:36)(time 20901 - 05:48:21) ->    13(time 21151 - 05:52:31)(time 21397 - 05:56:37) ->    14(time 21647 - 06:00:47)(time 21928 - 06:05:28) ->    15(time 21976 - 06:06:16)(time 22223 - 06:10:23) ->    16(time 22576 - 06:16:16)(time 22576 - 06:16:16) ->    33(time 23015 - 06:23:35)(time 23262 - 06:27:42) ->    32(time 23356 - 06:29:16)(time 23637 - 06:33:57) ->    31(time 23887 - 06:38:07)(time 24133 - 06:42:13) ->    30(time 24383 - 06:46:23)(time 24668 - 06:51:08) ->    29(time 24737 - 06:52:17)(time 24985 - 06:56:25) ->    28(time 25033 - 06:57:13)(time 25297 - 07:01:37) ->    27(time 25366 - 07:02:46)(time 25646 - 07:07:26) ->    26(time 25715 - 07:08:35)(time 25987 - 07:13:07) ->    25(time 26056 - 07:14:16)(time 26327 - 07:18:47) ->    24(time 26396 - 07:19:56)(time 26639 - 07:23:59) ->    23(time 26708 - 07:25:08)(time 26957 - 07:29:17) ->    22(time 27026 - 07:30:26)(time 27293 - 07:34:53) ->    21(time 27362 - 07:36:02)(time 27626 - 07:40:26) ->    20(time 27695 - 07:41:35)(time 27983 - 07:46:23) ->    19(time 28052 - 07:47:32)(time 28333 - 07:52:13) ->    18(time 28402 - 07:53:22)(time 28661 - 07:57:41) ->    17(time 28911 - 08:01:51)(time 28911 - 08:01:51) -> 0
=============
Train 2
=============
> Trip 0
   0(time 4451 - 01:14:11)(time 4710 - 01:18:30) ->    1(time 4779 - 01:19:39)(time 5060 - 01:24:20) ->    2(time 5129 - 01:25:29)(time 5417 - 01:30:17) ->    3(time 5486 - 01:31:26)(time 5750 - 01:35:50) ->    4(time 5819 - 01:36:59)(time 6086 - 01:41:26) ->    5(time 6155 - 01:42:35)(time 6404 - 01:46:44) ->    6(time 6473 - 01:47:53)(time 6716 - 01:51:56) ->    7(time 6785 - 01:53:05)(time 7056 - 01:57:36) ->    8(time 7125 - 01:58:45)(time 7397 - 02:03:17) ->    9(time 7466 - 02:04:26)(time 7746 - 02:09:06) ->    10(time 7815 - 02:10:15)(time 8079 - 02:14:39) ->    11(time 8127 - 02:15:27)(time 8375 - 02:19:35) ->    12(time 8444 - 02:20:44)(time 8729 - 02:25:29) ->    13(time 8979 - 02:29:39)(time 9225 - 02:33:45) ->    14(time 9475 - 02:37:55)(time 9756 - 02:42:36) ->    15(time 10026 - 02:47:06)(time 10273 - 02:51:13) ->    16(time 10523 - 02:55:23)(time 10523 - 02:55:23) ->    33(time 10760 - 02:59:20)(time 11007 - 03:03:27) ->    32(time 11068 - 03:04:28)(time 11349 - 03:09:09) ->    31(time 11599 - 03:13:19)(time 11845 - 03:17:25) ->    30(time 12095 - 03:21:35)(time 12380 - 03:26:20) ->    29(time 12449 - 03:27:29)(time 12697 - 03:31:37) ->    28(time 12745 - 03:32:25)(time 13009 - 03:36:49) ->    27(time 13078 - 03:37:58)(time 13358 - 03:42:38) ->    26(time 13427 - 03:43:47)(time 13699 - 03:48:19) ->    25(time 13768 - 03:49:28)(time 14039 - 03:53:59) ->    24(time 14108 - 03:55:08)(time 14351 - 03:59:11) ->    23(time 14420 - 04:00:20)(time 14669 - 04:04:29) ->    22(time 14738 - 04:05:38)(time 15005 - 04:10:05) ->    21(time 15074 - 04:11:14)(time 15338 - 04:15:38) ->    20(time 15407 - 04:16:47)(time 15695 - 04:21:35) ->    19(time 15764 - 04:22:44)(time 16045 - 04:27:25) ->    18(time 16114 - 04:28:34)(time 16373 - 04:32:53) ->    17(time 16812 - 04:40:12)(time 16812 - 04:40:12) -> 0
> Trip 1
   0(time 17801 - 04:56:41)(time 18060 - 05:01:00) ->    1(time 18129 - 05:02:09)(time 18410 - 05:06:50) ->    2(time 18479 - 05:07:59)(time 18767 - 05:12:47) ->    3(time 18836 - 05:13:56)(time 19100 - 05:18:20) ->    4(time 19169 - 05:19:29)(time 19436 - 05:23:56) ->    5(time 19505 - 05:25:05)(time 19754 - 05:29:14) ->    6(time 19823 - 05:30:23)(time 20066 - 05:34:26) ->    7(time 20135 - 05:35:35)(time 20406 - 05:40:06) ->    8(time 20475 - 05:41:15)(time 20747 - 05:45:47) ->    9(time 20816 - 05:46:56)(time 21096 - 05:51:36) ->    10(time 21165 - 05:52:45)(time 21429 - 05:57:09) ->    11(time 21477 - 05:57:57)(time 21725 - 06:02:05) ->    12(time 21794 - 06:03:14)(time 22079 - 06:07:59) ->    13(time 22329 - 06:12:09)(time 22575 - 06:16:15) ->    14(time 22825 - 06:20:25)(time 23106 - 06:25:06) ->    15(time 23356 - 06:29:16)(time 23603 - 06:33:23) ->    16(time 23853 - 06:37:33)(time 23853 - 06:37:33) ->    33(time 24103 - 06:41:43)(time 24350 - 06:45:50) ->    32(time 24398 - 06:46:38)(time 24679 - 06:51:19) ->    31(time 24929 - 06:55:29)(time 25175 - 06:59:35) ->    30(time 25425 - 07:03:45)(time 25710 - 07:08:30) ->    29(time 25779 - 07:09:39)(time 26027 - 07:13:47) ->    28(time 26075 - 07:14:35)(time 26339 - 07:18:59) ->    27(time 26408 - 07:20:08)(time 26688 - 07:24:48) ->    26(time 26757 - 07:25:57)(time 27029 - 07:30:29) ->    25(time 27098 - 07:31:38)(time 27369 - 07:36:09) ->    24(time 27772 - 07:42:52)(time 28015 - 07:46:55) ->    23(time 28084 - 07:48:04)(time 28333 - 07:52:13) ->    22(time 28402 - 07:53:22)(time 28669 - 07:57:49) ->    21(time 28738 - 07:58:58)(time 29002 - 08:03:22) ->    20(time 29071 - 08:04:31)(time 29359 - 08:09:19) ->    19(time 29428 - 08:10:28)(time 29709 - 08:15:09) ->    18(time 29778 - 08:16:18)(time 30037 - 08:20:37) ->    17(time 30287 - 08:24:47)(time 30287 - 08:24:47) -> 0
=============
Train 3
=============
> Trip 0
   0(time 3137 - 00:52:17)(time 3396 - 00:56:36) ->    1(time 3465 - 00:57:45)(time 3746 - 01:02:26) ->    2(time 3815 - 01:03:35)(time 4103 - 01:08:23) ->    3(time 4172 - 01:09:32)(time 4436 - 01:13:56) ->    4(time 4505 - 01:15:05)(time 4772 - 01:19:32) ->    5(time 4841 - 01:20:41)(time 5090 - 01:24:50) ->    6(time 5159 - 01:25:59)(time 5402 - 01:30:02) ->    7(time 5471 - 01:31:11)(time 5742 - 01:35:42) ->    8(time 5811 - 01:36:51)(time 6083 - 01:41:23) ->    9(time 6152 - 01:42:32)(time 6432 - 01:47:12) ->    10(time 6501 - 01:48:21)(time 6765 - 01:52:45) ->    11(time 6813 - 01:53:33)(time 7061 - 01:57:41) ->    12(time 7130 - 01:58:50)(time 7415 - 02:03:35) ->    13(time 7665 - 02:07:45)(time 7911 - 02:11:51) ->    14(time 8161 - 02:16:01)(time 8442 - 02:20:42) ->    15(time 8692 - 02:24:52)(time 8939 - 02:28:59) ->    16(time 9189 - 02:33:09)(time 9189 - 02:33:09) ->    33(time 9439 - 02:37:19)(time 9686 - 02:41:26) ->    32(time 9756 - 02:42:36)(time 10037 - 02:47:17) ->    31(time 10287 - 02:51:27)(time 10533 - 02:55:33) ->    30(time 10972 - 03:02:52)(time 11257 - 03:07:37) ->    29(time 11326 - 03:08:46)(time 11574 - 03:12:54) ->    28(time 11622 - 03:13:42)(time 11886 - 03:18:06) ->    27(time 11955 - 03:19:15)(time 12235 - 03:23:55) ->    26(time 12304 - 03:25:04)(time 12576 - 03:29:36) ->    25(time 12645 - 03:30:45)(time 12916 - 03:35:16) ->    24(time 12985 - 03:36:25)(time 13228 - 03:40:28) ->    23(time 13297 - 03:41:37)(time 13546 - 03:45:46) ->    22(time 13738 - 03:48:58)(time 14005 - 03:53:25) ->    21(time 14074 - 03:54:34)(time 14338 - 03:58:58) ->    20(time 14407 - 04:00:07)(time 14695 - 04:04:55) ->    19(time 14764 - 04:06:04)(time 15045 - 04:10:45) ->    18(time 15114 - 04:11:54)(time 15373 - 04:16:13) ->    17(time 15623 - 04:20:23)(time 15623 - 04:20:23) -> 0
> Trip 1
   0(time 16583 - 04:36:23)(time 16842 - 04:40:42) ->    1(time 16911 - 04:41:51)(time 17192 - 04:46:32) ->    2(time 17631 - 04:53:51)(time 17919 - 04:58:39) ->    3(time 17988 - 04:59:48)(time 18252 - 05:04:12) ->    4(time 18321 - 05:05:21)(time 18588 - 05:09:48) ->    5(time 18657 - 05:10:57)(time 18906 - 05:15:06) ->    6(time 18975 - 05:16:15)(time 19218 - 05:20:18) ->    7(time 19287 - 05:21:27)(time 19558 - 05:25:58) ->    8(time 19627 - 05:27:07)(time 19899 - 05:31:39) ->    9(time 19968 - 05:32:48)(time 20248 - 05:37:28) ->    10(time 20317 - 05:38:37)(time 20581 - 05:43:01) ->    11(time 20708 - 05:45:08)(time 20956 - 05:49:16) ->    12(time 21206 - 05:53:26)(time 21491 - 05:58:11) ->    13(time 21741 - 06:02:21)(time 21987 - 06:06:27) ->    14(time 22237 - 06:10:37)(time 22518 - 06:15:18) ->    15(time 22768 - 06:19:28)(time 23015 - 06:23:35) ->    16(time 23454 - 06:30:54)(time 23454 - 06:30:54) ->    33(time 23853 - 06:37:33)(time 24100 - 06:41:40) ->    32(time 24148 - 06:42:28)(time 24429 - 06:47:09) ->    31(time 24679 - 06:51:19)(time 24925 - 06:55:25) ->    30(time 25175 - 06:59:35)(time 25460 - 07:04:20) ->    29(time 25529 - 07:05:29)(time 25777 - 07:09:37) ->    28(time 25825 - 07:10:25)(time 26089 - 07:14:49) ->    27(time 26158 - 07:15:58)(time 26438 - 07:20:38) ->    26(time 26507 - 07:21:47)(time 26779 - 07:26:19) ->    25(time 26848 - 07:27:28)(time 27119 - 07:31:59) ->    24(time 27188 - 07:33:08)(time 27431 - 07:37:11) ->    23(time 27500 - 07:38:20)(time 27749 - 07:42:29) ->    22(time 27818 - 07:43:38)(time 28085 - 07:48:05) ->    21(time 28154 - 07:49:14)(time 28418 - 07:53:38) ->    20(time 28487 - 07:54:47)(time 28775 - 07:59:35) ->    19(time 29178 - 08:06:18)(time 29459 - 08:10:59) ->    18(time 29528 - 08:12:08)(time 29787 - 08:16:27) ->    17(time 30037 - 08:20:37)(time 30037 - 08:20:37) -> 0
=============
Train 4
=============
> Trip 0
   0(time 3321 - 00:55:21)(time 3580 - 00:59:40) ->    1(time 3649 - 01:00:49)(time 3930 - 01:05:30) ->    2(time 3999 - 01:06:39)(time 4287 - 01:11:27) ->    3(time 4356 - 01:12:36)(time 4620 - 01:17:00) ->    4(time 4689 - 01:18:09)(time 4956 - 01:22:36) ->    5(time 5025 - 01:23:45)(time 5274 - 01:27:54) ->    6(time 5343 - 01:29:03)(time 5586 - 01:33:06) ->    7(time 5721 - 01:35:21)(time 5992 - 01:39:52) ->    8(time 6061 - 01:41:01)(time 6333 - 01:45:33) ->    9(time 6402 - 01:46:42)(time 6682 - 01:51:22) ->    10(time 6751 - 01:52:31)(time 7015 - 01:56:55) ->    11(time 7063 - 01:57:43)(time 7311 - 02:01:51) ->    12(time 7380 - 02:03:00)(time 7665 - 02:07:45) ->    13(time 7915 - 02:11:55)(time 8161 - 02:16:01) ->    14(time 8411 - 02:20:11)(time 8692 - 02:24:52) ->    15(time 8942 - 02:29:02)(time 9189 - 02:33:09) ->    16(time 9439 - 02:37:19)(time 9439 - 02:37:19) ->    33(time 9509 - 02:38:29)(time 9756 - 02:42:36) ->    32(time 10006 - 02:46:46)(time 10287 - 02:51:27) ->    31(time 10726 - 02:58:46)(time 10972 - 03:02:52) ->    30(time 11222 - 03:07:02)(time 11507 - 03:11:47) ->    29(time 11699 - 03:14:59)(time 11947 - 03:19:07) ->    28(time 11995 - 03:19:55)(time 12259 - 03:24:19) ->    27(time 12328 - 03:25:28)(time 12608 - 03:30:08) ->    26(time 12677 - 03:31:17)(time 12949 - 03:35:49) ->    25(time 13018 - 03:36:58)(time 13289 - 03:41:29) ->    24(time 13358 - 03:42:38)(time 13601 - 03:46:41) ->    23(time 13670 - 03:47:50)(time 13919 - 03:51:59) ->    22(time 13988 - 03:53:08)(time 14255 - 03:57:35) ->    21(time 14324 - 03:58:44)(time 14588 - 04:03:08) ->    20(time 14657 - 04:04:17)(time 14945 - 04:09:05) ->    19(time 15014 - 04:10:14)(time 15295 - 04:14:55) ->    18(time 15364 - 04:16:04)(time 15623 - 04:20:23) ->    17(time 15873 - 04:24:33)(time 15873 - 04:24:33) -> 0
> Trip 1
   0(time 16373 - 04:32:53)(time 16632 - 04:37:12) ->    1(time 16701 - 04:38:21)(time 16982 - 04:43:02) ->    2(time 17051 - 04:44:11)(time 17339 - 04:48:59) ->    3(time 17408 - 04:50:08)(time 17672 - 04:54:32) ->    4(time 17741 - 04:55:41)(time 18008 - 05:00:08) ->    5(time 18077 - 05:01:17)(time 18326 - 05:05:26) ->    6(time 18395 - 05:06:35)(time 18638 - 05:10:38) ->    7(time 18707 - 05:11:47)(time 18978 - 05:16:18) ->    8(time 19047 - 05:17:27)(time 19319 - 05:21:59) ->    9(time 19388 - 05:23:08)(time 19668 - 05:27:48) ->    10(time 19737 - 05:28:57)(time 20001 - 05:33:21) ->    11(time 20049 - 05:34:09)(time 20297 - 05:38:17) ->    12(time 20366 - 05:39:26)(time 20651 - 05:44:11) ->    13(time 20901 - 05:48:21)(time 21147 - 05:52:27) ->    14(time 21397 - 05:56:37)(time 21678 - 06:01:18) ->    15(time 21726 - 06:02:06)(time 21973 - 06:06:13) ->    16(time 22223 - 06:10:23)(time 22223 - 06:10:23) ->    33(time 22223 - 06:10:23)(time 22470 - 06:14:30) ->    32(time 22518 - 06:15:18)(time 22799 - 06:19:59) ->    31(time 23049 - 06:24:09)(time 23295 - 06:28:15) ->    30(time 23734 - 06:35:34)(time 24019 - 06:40:19) ->    29(time 24088 - 06:41:28)(time 24336 - 06:45:36) ->    28(time 24384 - 06:46:24)(time 24648 - 06:50:48) ->    27(time 24717 - 06:51:57)(time 24997 - 06:56:37) ->    26(time 25066 - 06:57:46)(time 25338 - 07:02:18) ->    25(time 25407 - 07:03:27)(time 25678 - 07:07:58) ->    24(time 25747 - 07:09:07)(time 25990 - 07:13:10) ->    23(time 26059 - 07:14:19)(time 26308 - 07:18:28) ->    22(time 26377 - 07:19:37)(time 26644 - 07:24:04) ->    21(time 26713 - 07:25:13)(time 26977 - 07:29:37) ->    20(time 27046 - 07:30:46)(time 27334 - 07:35:34) ->    19(time 27403 - 07:36:43)(time 27684 - 07:41:24) ->    18(time 27753 - 07:42:33)(time 28012 - 07:46:52) ->    17(time 28262 - 07:51:02)(time 28262 - 07:51:02) -> 0
=============
Train 5
=============
> Trip 0
   0(time 3831 - 01:03:51)(time 4090 - 01:08:10) ->    1(time 4159 - 01:09:19)(time 4440 - 01:14:00) ->    2(time 4509 - 01:15:09)(time 4797 - 01:19:57) ->    3(time 4866 - 01:21:06)(time 5130 - 01:25:30) ->    4(time 5199 - 01:26:39)(time 5466 - 01:31:06) ->    5(time 5905 - 01:38:25)(time 6154 - 01:42:34) ->    6(time 6223 - 01:43:43)(time 6466 - 01:47:46) ->    7(time 6535 - 01:48:55)(time 6806 - 01:53:26) ->    8(time 6875 - 01:54:35)(time 7147 - 01:59:07) ->    9(time 7216 - 02:00:16)(time 7496 - 02:04:56) ->    10(time 7565 - 02:06:05)(time 7829 - 02:10:29) ->    11(time 7877 - 02:11:17)(time 8125 - 02:15:25) ->    12(time 8194 - 02:16:34)(time 8479 - 02:21:19) ->    13(time 8729 - 02:25:29)(time 8975 - 02:29:35) ->    14(time 9225 - 02:33:45)(time 9506 - 02:38:26) ->    15(time 9756 - 02:42:36)(time 10003 - 02:46:43) ->    16(time 10273 - 02:51:13)(time 10273 - 02:51:13) ->    33(time 10523 - 02:55:23)(time 10770 - 02:59:30) ->    32(time 10818 - 03:00:18)(time 11099 - 03:04:59) ->    31(time 11349 - 03:09:09)(time 11595 - 03:13:15) ->    30(time 11845 - 03:17:25)(time 12130 - 03:22:10) ->    29(time 12199 - 03:23:19)(time 12447 - 03:27:27) ->    28(time 12495 - 03:28:15)(time 12759 - 03:32:39) ->    27(time 12828 - 03:33:48)(time 13108 - 03:38:28) ->    26(time 13177 - 03:39:37)(time 13449 - 03:44:09) ->    25(time 13518 - 03:45:18)(time 13789 - 03:49:49) ->    24(time 13858 - 03:50:58)(time 14101 - 03:55:01) ->    23(time 14170 - 03:56:10)(time 14419 - 04:00:19) ->    22(time 14488 - 04:01:28)(time 14755 - 04:05:55) ->    21(time 14824 - 04:07:04)(time 15088 - 04:11:28) ->    20(time 15157 - 04:12:37)(time 15445 - 04:17:25) ->    19(time 15514 - 04:18:34)(time 15795 - 04:23:15) ->    18(time 15864 - 04:24:24)(time 16123 - 04:28:43) ->    17(time 16373 - 04:32:53)(time 16373 - 04:32:53) -> 0
> Trip 1
   0(time 16513 - 04:35:13)(time 16772 - 04:39:32) ->    1(time 16841 - 04:40:41)(time 17122 - 04:45:22) ->    2(time 17191 - 04:46:31)(time 17479 - 04:51:19) ->    3(time 17548 - 04:52:28)(time 17812 - 04:56:52) ->    4(time 17881 - 04:58:01)(time 18148 - 05:02:28) ->    5(time 18217 - 05:03:37)(time 18466 - 05:07:46) ->    6(time 18535 - 05:08:55)(time 18778 - 05:12:58) ->    7(time 18847 - 05:14:07)(time 19118 - 05:18:38) ->    8(time 19187 - 05:19:47)(time 19459 - 05:24:19) ->    9(time 19707 - 05:28:27)(time 19987 - 05:33:07) ->    10(time 20057 - 05:34:17)(time 20321 - 05:38:41) ->    11(time 20369 - 05:39:29)(time 20617 - 05:43:37) ->    12(time 20956 - 05:49:16)(time 21241 - 05:54:01) ->    13(time 21491 - 05:58:11)(time 21737 - 06:02:17) ->    14(time 21987 - 06:06:27)(time 22268 - 06:11:08) ->    15(time 22518 - 06:15:18)(time 22765 - 06:19:25) ->    16(time 23015 - 06:23:35)(time 23015 - 06:23:35) ->    33(time 23109 - 06:25:09)(time 23356 - 06:29:16) ->    32(time 23606 - 06:33:26)(time 23887 - 06:38:07) ->    31(time 24137 - 06:42:17)(time 24383 - 06:46:23) ->    30(time 24633 - 06:50:33)(time 24918 - 06:55:18) ->    29(time 24987 - 06:56:27)(time 25235 - 07:00:35) ->    28(time 25283 - 07:01:23)(time 25547 - 07:05:47) ->    27(time 25616 - 07:06:56)(time 25896 - 07:11:36) ->    26(time 25965 - 07:12:45)(time 26237 - 07:17:17) ->    25(time 26306 - 07:18:26)(time 26577 - 07:22:57) ->    24(time 26646 - 07:24:06)(time 26889 - 07:28:09) ->    23(time 26958 - 07:29:18)(time 27207 - 07:33:27) ->    22(time 27276 - 07:34:36)(time 27543 - 07:39:03) ->    21(time 27612 - 07:40:12)(time 27876 - 07:44:36) ->    20(time 27945 - 07:45:45)(time 28233 - 07:50:33) ->    19(time 28302 - 07:51:42)(time 28583 - 07:56:23) ->    18(time 28652 - 07:57:32)(time 28911 - 08:01:51) ->    17(time 29161 - 08:06:01)(time 29161 - 08:06:01) -> 0
