t6p18r15h3.txt:
   > Trying to open the instance file...
   > Reading number of trains...
   > Reading maximum number of trips per train...
   > Reading time intervals...
   > Reading number of points...
   > Reading stations...
   > Reading crossings...
   > Reading depots...
   > Reading initial point...
   > Reading routes...
   > Reading distance and distance and service...
   > Reading demands...
   > Reading maximum time...
   > Reading alpha...

--------------------------------
 Printing instance
--------------------------------
number of trains = 6
	max trips per trains: 2     2     2     2     2     2
number of intervals = 3
	(0,  19480)	(19481,  38960)	(38961,  58440)
number of points = 18
	initial point: 0
	stations: 0     1     2     3     4     5     6     8     9    10    12    13    14    15    16    17
	crossings: 0     2     7    11    15    16    17
	depots: 0    15    16    17
number of vertices = 36
	total vertices: 0     1     2     3     4     5     6     7     8     9    10    11    12    13    14    15    16    17    18    19    20    21    22    23    24    25    26    27    28    29    30    31    32    33    34    35
	upper vertices: 0     1     2     3     4     5     6     7     8     9    10    11    12    13    14    15    16    17
	lower vertices: 18    19    20    21    22    23    24    25    26    27    28    29    30    31    32    33    34    35
	vertices of point #0: (0, 18)
	vertices of point #1: (1, 19)
	vertices of point #2: (2, 20)
	vertices of point #3: (3, 21)
	vertices of point #4: (4, 22)
	vertices of point #5: (5, 23)
	vertices of point #6: (6, 24)
	vertices of point #7: (7, 25)
	vertices of point #8: (8, 26)
	vertices of point #9: (9, 27)
	vertices of point #10: (10, 28)
	vertices of point #11: (11, 29)
	vertices of point #12: (12, 30)
	vertices of point #13: (13, 31)
	vertices of point #14: (14, 32)
	vertices of point #15: (15, 33)
	vertices of point #16: (16, 34)
	vertices of point #17: (17, 35)

arcs...
	total arcs: 
		arc #0: (0, 1)
		arc #1: (0, 18)
		arc #2: (18, 0)
		arc #3: (1, 2)
		arc #4: (19, 18)
		arc #5: (2, 3)
		arc #6: (20, 19)
		arc #7: (3, 4)
		arc #8: (21, 20)
		arc #9: (4, 5)
		arc #10: (22, 21)
		arc #11: (5, 6)
		arc #12: (23, 22)
		arc #13: (6, 7)
		arc #14: (24, 23)
		arc #15: (7, 8)
		arc #16: (25, 24)
		arc #17: (8, 9)
		arc #18: (26, 25)
		arc #19: (9, 10)
		arc #20: (27, 26)
		arc #21: (10, 11)
		arc #22: (28, 27)
		arc #23: (11, 12)
		arc #24: (29, 28)
		arc #25: (12, 13)
		arc #26: (30, 29)
		arc #27: (13, 14)
		arc #28: (31, 30)
		arc #29: (14, 15)
		arc #30: (32, 31)
		arc #31: (15, 16)
		arc #32: (33, 32)
		arc #33: (15, 33)
		arc #34: (33, 15)
		arc #35: (16, 17)
		arc #36: (34, 33)
		arc #37: (16, 34)
		arc #38: (34, 16)
		arc #39: (35, 34)
		arc #40: (17, 35)
		arc #41: (35, 17)

	reverse arcs: 
		arc #1: (0, 18)
		arc #2: (18, 0)
		arc #33: (15, 33)
		arc #34: (33, 15)
		arc #37: (16, 34)
		arc #38: (34, 16)
		arc #40: (17, 35)
		arc #41: (35, 17)


incompatible points...
	(0, 1, 20, (1, 2))	(20, 19, 0, (19, 18))	(2, 6, 25, (6, 7))	(25, 21, 2, (21, 20))	(7, 10, 29, (10, 11))	(29, 26, 7, (26, 25))	(11, 14, 33, (14, 15))	(33, 30, 11, (30, 29))	(15, 15, 34, (15, 16))	(34, 34, 15, (34, 33))	(16, 16, 35, (16, 17))	(35, 35, 16, (35, 34))

number of routes = 15
vertices of routes...
	route #0: 0     1     2     3     4     5     6     7     8     9    10    11    12    13    14    15    16    17    35    34    33    32    31    30    29    28    27    26    25    24    23    22    21    20    19    18     0
	route #1: 35    34    33    32    31    30    29    28    27    26    25    24    23    22    21    20    19    18     0     1     2     3     4     5     6     7     8     9    10    11    12    13    14    15    16    17    35
	route #2: 15    16    17
	route #3: 33    32    31    30    29    28    27    26    25    24    23    22    21    20    19    18
	route #4: 0     1     2     3     4     5     6     7     8     9    10    11    12    13    14    15
	route #5: 35    34    33
	route #6: 16    17
	route #7: 34    33    32    31    30    29    28    27    26    25    24    23    22    21    20    19    18
	route #8: 0     1     2     3     4     5     6     7     8     9    10    11    12    13    14    15    16
	route #9: 35    34
	route #10: 33    32    31    30    29    28    27    26    25    24    23    22    21    20    19    18     0     1     2     3     4     5     6     7     8     9    10    11    12    13    14    15    33
	route #11: 15    16
	route #12: 34    33
	route #13: 34    33    32    31    30    29    28    27    26    25    24    23    22    21    20    19    18     0     1     2     3     4     5     6     7     8     9    10    11    12    13    14    15    16    34
	route #14: 15    16    17    35    34    33    15
arcs of routes...
	route #0: 0     3     5     7     9    11    13    15    17    19    21    23    25    27    29    31    35    40    39    36    32    30    28    26    24    22    20    18    16    14    12    10     8     6     4     2
	route #1: 39    36    32    30    28    26    24    22    20    18    16    14    12    10     8     6     4     2     0     3     5     7     9    11    13    15    17    19    21    23    25    27    29    31    35    40
	route #2: 31    35
	route #3: 32    30    28    26    24    22    20    18    16    14    12    10     8     6     4
	route #4: 0     3     5     7     9    11    13    15    17    19    21    23    25    27    29
	route #5: 39    36
	route #6: 35
	route #7: 36    32    30    28    26    24    22    20    18    16    14    12    10     8     6     4
	route #8: 0     3     5     7     9    11    13    15    17    19    21    23    25    27    29    31
	route #9: 39
	route #10: 32    30    28    26    24    22    20    18    16    14    12    10     8     6     4     2     0     3     5     7     9    11    13    15    17    19    21    23    25    27    29    33
	route #11: 31
	route #12: 36
	route #13: 36    32    30    28    26    24    22    20    18    16    14    12    10     8     6     4     2     0     3     5     7     9    11    13    15    17    19    21    23    25    27    29    31    37
	route #14: 31    35    40    39    36    34

incompatible routes...
	(0, 1)    	(0, 2)    	(0, 3)    	(0, 5)    	(0, 6)    	(0, 7)    	(0, 9)    	(0, 10)    	(0, 11)    	(0, 12)    	(0, 13)    	(0, 14)    	(1, 0)    	(1, 2)    	(1, 3)    	(1, 4)    	(1, 6)    	(1, 7)    	(1, 8)    	(1, 10)    	(1, 11)    	(1, 12)    	(1, 13)    	(1, 14)    	(2, 0)    	(2, 2)    	(2, 3)    	(2, 4)    	(2, 6)    	(2, 7)    	(2, 8)    	(2, 10)    	(2, 11)    	(2, 12)    	(2, 13)    	(2, 14)    	(3, 1)    	(3, 2)    	(3, 3)    	(3, 5)    	(3, 6)    	(3, 7)    	(3, 9)    	(3, 10)    	(3, 11)    	(3, 12)    	(3, 13)    	(3, 14)    	(4, 0)    	(4, 1)    	(4, 4)    	(4, 5)    	(4, 6)    	(4, 7)    	(4, 8)    	(4, 9)    	(4, 12)    	(4, 13)    	(5, 0)    	(5, 1)    	(5, 4)    	(5, 5)    	(5, 6)    	(5, 7)    	(5, 8)    	(5, 9)    	(5, 12)    	(5, 13)    	(6, 0)    	(6, 2)    	(6, 3)    	(6, 4)    	(6, 6)    	(6, 7)    	(6, 8)    	(6, 10)    	(6, 11)    	(6, 12)    	(6, 13)    	(6, 14)    	(7, 1)    	(7, 2)    	(7, 3)    	(7, 5)    	(7, 6)    	(7, 7)    	(7, 9)    	(7, 10)    	(7, 11)    	(7, 12)    	(7, 13)    	(7, 14)    	(8, 0)    	(8, 1)    	(8, 2)    	(8, 3)    	(8, 4)    	(8, 5)    	(8, 8)    	(8, 9)    	(8, 10)    	(8, 11)    	(8, 14)    	(9, 0)    	(9, 1)    	(9, 2)    	(9, 3)    	(9, 4)    	(9, 5)    	(9, 8)    	(9, 9)    	(9, 10)    	(9, 11)    	(9, 14)    	(10, 0)    	(10, 1)    	(10, 4)    	(10, 5)    	(10, 6)    	(10, 7)    	(10, 8)    	(10, 9)    	(10, 12)    	(10, 13)    	(11, 0)    	(11, 1)    	(11, 2)    	(11, 3)    	(11, 4)    	(11, 5)    	(11, 8)    	(11, 9)    	(11, 10)    	(11, 11)    	(11, 14)    	(12, 0)    	(12, 1)    	(12, 4)    	(12, 5)    	(12, 6)    	(12, 7)    	(12, 8)    	(12, 9)    	(12, 12)    	(12, 13)    	(13, 0)    	(13, 1)    	(13, 2)    	(13, 3)    	(13, 4)    	(13, 5)    	(13, 8)    	(13, 9)    	(13, 10)    	(13, 11)    	(13, 14)    	(14, 0)    	(14, 1)    	(14, 4)    	(14, 5)    	(14, 6)    	(14, 7)    	(14, 8)    	(14, 9)    	(14, 12)    	(14, 13)

vertices that can be adjacent in consecutive trips...
	(0, 0)    	(15, 15)    	(15, 33)    	(16, 16)    	(16, 34)    	(17, 35)    	(18, 0)    	(33, 15)    	(33, 33)    	(34, 16)    	(34, 34)    	(35, 35)
non cyclical routes: 
       2       3       4       5       6       7       8       9      11      12

routes of trip...
	routes that train #0 can complete at trip #0: 0       4       8
	routes that train #0 can complete at trip #1: 0       1       2       3       4       5       6       7       8       9      10      11      12      13      14

	routes that train #1 can complete at trip #0: 0       4       8
	routes that train #1 can complete at trip #1: 0       1       2       3       4       5       6       7       8       9      10      11      12      13      14

	routes that train #2 can complete at trip #0: 0       4       8
	routes that train #2 can complete at trip #1: 0       1       2       3       4       5       6       7       8       9      10      11      12      13      14

	routes that train #3 can complete at trip #0: 0       4       8
	routes that train #3 can complete at trip #1: 0       1       2       3       4       5       6       7       8       9      10      11      12      13      14

	routes that train #4 can complete at trip #0: 0       4       8
	routes that train #4 can complete at trip #1: 0       1       2       3       4       5       6       7       8       9      10      11      12      13      14

	routes that train #5 can complete at trip #0: 0       4       8
	routes that train #5 can complete at trip #1: 0       1       2       3       4       5       6       7       8       9      10      11      12      13      14

 cost...
	arc #0 [0][1]: 419
	arc #1 [0][18]: 0
	arc #2 [18][0]: 0
	arc #3 [1][2]: 491
	arc #4 [19][18]: 419
	arc #5 [2][3]: 457
	arc #6 [20][19]: 491
	arc #7 [3][4]: 463
	arc #8 [21][20]: 457
	arc #9 [4][5]: 412
	arc #10 [22][21]: 463
	arc #11 [5][6]: 496
	arc #12 [23][22]: 412
	arc #13 [6][7]: 421
	arc #14 [24][23]: 496
	arc #15 [7][8]: 459
	arc #16 [25][24]: 421
	arc #17 [8][9]: 496
	arc #18 [26][25]: 459
	arc #19 [9][10]: 475
	arc #20 [27][26]: 496
	arc #21 [10][11]: 466
	arc #22 [28][27]: 475
	arc #23 [11][12]: 435
	arc #24 [29][28]: 466
	arc #25 [12][13]: 482
	arc #26 [30][29]: 435
	arc #27 [13][14]: 430
	arc #28 [31][30]: 482
	arc #29 [14][15]: 499
	arc #30 [32][31]: 430
	arc #31 [15][16]: 456
	arc #32 [33][32]: 499
	arc #33 [15][33]: 0
	arc #34 [33][15]: 0
	arc #35 [16][17]: 447
	arc #36 [34][33]: 456
	arc #37 [16][34]: 0
	arc #38 [34][16]: 0
	arc #39 [35][34]: 447
	arc #40 [17][35]: 0
	arc #41 [35][17]: 0

cost with minimum service...
	arc #0 [0][1]: 487
	arc #1 [0][18]: 0
	arc #2 [18][0]: 0
	arc #3 [1][2]: 559
	arc #4 [19][18]: 675
	arc #5 [2][3]: 525
	arc #6 [20][19]: 559
	arc #7 [3][4]: 531
	arc #8 [21][20]: 525
	arc #9 [4][5]: 480
	arc #10 [22][21]: 531
	arc #11 [5][6]: 564
	arc #12 [23][22]: 480
	arc #13 [6][7]: 477
	arc #14 [24][23]: 564
	arc #15 [7][8]: 527
	arc #16 [25][24]: 489
	arc #17 [8][9]: 564
	arc #18 [26][25]: 515
	arc #19 [9][10]: 543
	arc #20 [27][26]: 564
	arc #21 [10][11]: 522
	arc #22 [28][27]: 543
	arc #23 [11][12]: 503
	arc #24 [29][28]: 534
	arc #25 [12][13]: 550
	arc #26 [30][29]: 491
	arc #27 [13][14]: 498
	arc #28 [31][30]: 550
	arc #29 [14][15]: 755
	arc #30 [32][31]: 498
	arc #31 [15][16]: 712
	arc #32 [33][32]: 567
	arc #33 [15][33]: 0
	arc #34 [33][15]: 0
	arc #35 [16][17]: 703
	arc #36 [34][33]: 712
	arc #37 [16][34]: 0
	arc #38 [34][16]: 0
	arc #39 [35][34]: 703
	arc #40 [17][35]: 0
	arc #41 [35][17]: 0

cost with maximum service...
	arc #0 [0][1]: 902
	arc #1 [0][18]: 483
	arc #2 [18][0]: 483
	arc #3 [1][2]: 974
	arc #4 [19][18]: 902
	arc #5 [2][3]: 940
	arc #6 [20][19]: 974
	arc #7 [3][4]: 946
	arc #8 [21][20]: 940
	arc #9 [4][5]: 895
	arc #10 [22][21]: 946
	arc #11 [5][6]: 979
	arc #12 [23][22]: 895
	arc #13 [6][7]: 904
	arc #14 [24][23]: 979
	arc #15 [7][8]: 942
	arc #16 [25][24]: 904
	arc #17 [8][9]: 979
	arc #18 [26][25]: 942
	arc #19 [9][10]: 958
	arc #20 [27][26]: 979
	arc #21 [10][11]: 949
	arc #22 [28][27]: 958
	arc #23 [11][12]: 918
	arc #24 [29][28]: 949
	arc #25 [12][13]: 965
	arc #26 [30][29]: 918
	arc #27 [13][14]: 913
	arc #28 [31][30]: 965
	arc #29 [14][15]: 982
	arc #30 [32][31]: 913
	arc #31 [15][16]: 939
	arc #32 [33][32]: 982
	arc #33 [15][33]: 483
	arc #34 [33][15]: 483
	arc #35 [16][17]: 930
	arc #36 [34][33]: 939
	arc #37 [16][34]: 483
	arc #38 [34][16]: 483
	arc #39 [35][34]: 930
	arc #40 [17][35]: 483
	arc #41 [35][17]: 483

demands...
	demands of vertex 0 at time interval: 3     3     3
	demands of vertex 1 at time interval: 3     3     3
	demands of vertex 2 at time interval: 3     3     3
	demands of vertex 3 at time interval: 3     3     3
	demands of vertex 4 at time interval: 3     3     3
	demands of vertex 5 at time interval: 3     3     3
	demands of vertex 6 at time interval: 3     3     3
	demands of vertex 7 at time interval: 0     0     0
	demands of vertex 8 at time interval: 3     3     3
	demands of vertex 9 at time interval: 3     3     3
	demands of vertex 10 at time interval: 3     3     3
	demands of vertex 11 at time interval: 0     0     0
	demands of vertex 12 at time interval: 3     3     3
	demands of vertex 13 at time interval: 3     3     3
	demands of vertex 14 at time interval: 3     3     3
	demands of vertex 15 at time interval: 3     3     3
	demands of vertex 16 at time interval: 3     3     3
	demands of vertex 17 at time interval: 0     0     0
	demands of vertex 18 at time interval: 0     0     0
	demands of vertex 19 at time interval: 3     3     3
	demands of vertex 20 at time interval: 3     3     3
	demands of vertex 21 at time interval: 3     3     3
	demands of vertex 22 at time interval: 3     3     3
	demands of vertex 23 at time interval: 3     3     3
	demands of vertex 24 at time interval: 3     3     3
	demands of vertex 25 at time interval: 0     0     0
	demands of vertex 26 at time interval: 3     3     3
	demands of vertex 27 at time interval: 3     3     3
	demands of vertex 28 at time interval: 3     3     3
	demands of vertex 29 at time interval: 0     0     0
	demands of vertex 30 at time interval: 3     3     3
	demands of vertex 31 at time interval: 3     3     3
	demands of vertex 32 at time interval: 3     3     3
	demands of vertex 33 at time interval: 3     3     3
	demands of vertex 34 at time interval: 3     3     3
	demands of vertex 35 at time interval: 3     3     3

maximum time = 58440
alpha = 40
Starting to test combinations... - Total number of combinations = 11390625
Found new best - 7/11390625
10% done - 1139063/11390625 combination(s) tested! (Thread 0)
20% done - 2278126/11390625 combination(s) tested! (Thread 0)
30% done - 3417189/11390625 combination(s) tested! (Thread 0)
40% done - 4556252/11390625 combination(s) tested! (Thread 0)
50% done - 5695315/11390625 combination(s) tested! (Thread 0)
60% done - 6834378/11390625 combination(s) tested! (Thread 0)
70% done - 7973441/11390625 combination(s) tested! (Thread 0)
80% done - 9112504/11390625 combination(s) tested! (Thread 0)
90% done - 10251567/11390625 combination(s) tested! (Thread 0)
All combination(s) tested!
1/11390625 were feasible combination(s)! - (0.000%)

>> Printing some results...
    -> Solution value = 58216 - 16:10:16
    -> Total time = 707.04
    -> Gap value = 0.00

=============
Train 0
=============
> Trip 0
   0(time 6798 - 01:53:18)(time 7217 - 02:00:17) ->    1(time 7285 - 02:01:25)(time 7776 - 02:09:36) ->    2(time 7844 - 02:10:44)(time 8301 - 02:18:21) ->    3(time 8369 - 02:19:29)(time 8832 - 02:27:12) ->    4(time 8900 - 02:28:20)(time 9312 - 02:35:12) ->    5(time 9380 - 02:36:20)(time 9876 - 02:44:36) ->    6(time 9944 - 02:45:44)(time 10365 - 02:52:45) ->    7(time 10421 - 02:53:41)(time 10880 - 03:01:20) ->    8(time 11363 - 03:09:23)(time 11859 - 03:17:39) ->    9(time 11927 - 03:18:47)(time 12402 - 03:26:42) ->    10(time 12885 - 03:34:45)(time 13351 - 03:42:31) ->    11(time 13834 - 03:50:34)(time 14269 - 03:57:49) ->    12(time 14752 - 04:05:52)(time 15234 - 04:13:54) ->    13(time 15717 - 04:21:57)(time 16147 - 04:29:07) ->    14(time 16630 - 04:37:10)(time 17129 - 04:45:29) ->    15(time 17612 - 04:53:32)(time 18068 - 05:01:08) ->    16(time 18551 - 05:09:11)(time 18998 - 05:16:38) ->    17(time 19481 - 05:24:41)(time 19481 - 05:24:41) ->    35(time 19964 - 05:32:44)(time 20411 - 05:40:11) ->    34(time 20894 - 05:48:14)(time 21350 - 05:55:50) ->    33(time 21809 - 06:03:29)(time 22308 - 06:11:48) ->    32(time 22791 - 06:19:51)(time 23221 - 06:27:01) ->    31(time 23704 - 06:35:04)(time 24186 - 06:43:06) ->    30(time 24669 - 06:51:09)(time 25104 - 06:58:24) ->    29(time 25587 - 07:06:27)(time 26053 - 07:14:13) ->    28(time 26121 - 07:15:21)(time 26596 - 07:23:16) ->    27(time 26664 - 07:24:24)(time 27160 - 07:32:40) ->    26(time 27228 - 07:33:48)(time 27687 - 07:41:27) ->    25(time 27743 - 07:42:23)(time 28164 - 07:49:24) ->    24(time 28232 - 07:50:32)(time 28728 - 07:58:48) ->    23(time 28796 - 07:59:56)(time 29208 - 08:06:48) ->    22(time 29276 - 08:07:56)(time 29739 - 08:15:39) ->    21(time 29807 - 08:16:47)(time 30264 - 08:24:24) ->    20(time 30332 - 08:25:32)(time 30823 - 08:33:43) ->    19(time 30891 - 08:34:51)(time 31310 - 08:41:50) ->    18(time 31566 - 08:46:06)(time 31566 - 08:46:06) -> 0
> Trip 1
   0(time 31566 - 08:46:06)(time 31985 - 08:53:05) ->    1(time 32053 - 08:54:13)(time 32544 - 09:02:24) ->    2(time 32612 - 09:03:32)(time 33069 - 09:11:09) ->    3(time 33137 - 09:12:17)(time 33600 - 09:20:00) ->    4(time 33668 - 09:21:08)(time 34080 - 09:28:00) ->    5(time 34148 - 09:29:08)(time 34644 - 09:37:24) ->    6(time 34712 - 09:38:32)(time 35133 - 09:45:33) ->    7(time 35253 - 09:47:33)(time 35712 - 09:55:12) ->    8(time 35780 - 09:56:20)(time 36276 - 10:04:36) ->    9(time 36344 - 10:05:44)(time 36819 - 10:13:39) ->    10(time 36887 - 10:14:47)(time 37353 - 10:22:33) ->    11(time 37409 - 10:23:29)(time 37844 - 10:30:44) ->    12(time 37912 - 10:31:52)(time 38394 - 10:39:54) ->    13(time 38462 - 10:41:02)(time 38892 - 10:48:12) ->    14(time 38960 - 10:49:20)(time 39459 - 10:57:39) ->    15(time 39860 - 11:04:20)(time 40316 - 11:11:56) ->    16(time 40572 - 11:16:12)(time 41019 - 11:23:39) ->    17(time 41275 - 11:27:55)(time 41275 - 11:27:55) ->    35(time 41275 - 11:27:55)(time 41722 - 11:35:22) ->    34(time 41978 - 11:39:38)(time 42434 - 11:47:14) ->    33(time 42690 - 11:51:30)(time 43189 - 11:59:49) ->    32(time 43257 - 12:00:57)(time 43687 - 12:08:07) ->    31(time 43755 - 12:09:15)(time 44237 - 12:17:17) ->    30(time 44305 - 12:18:25)(time 44740 - 12:25:40) ->    29(time 45223 - 12:33:43)(time 45689 - 12:41:29) ->    28(time 45757 - 12:42:37)(time 46232 - 12:50:32) ->    27(time 46300 - 12:51:40)(time 46796 - 12:59:56) ->    26(time 46929 - 13:02:09)(time 47388 - 13:09:48) ->    25(time 47871 - 13:17:51)(time 48292 - 13:24:52) ->    24(time 48360 - 13:26:00)(time 48856 - 13:34:16) ->    23(time 48924 - 13:35:24)(time 49336 - 13:42:16) ->    22(time 49404 - 13:43:24)(time 49867 - 13:51:07) ->    21(time 49935 - 13:52:15)(time 50392 - 13:59:52) ->    20(time 50460 - 14:01:00)(time 50951 - 14:09:11) ->    19(time 51019 - 14:10:19)(time 51438 - 14:17:18) ->    18(time 51694 - 14:21:34)(time 51694 - 14:21:34) -> 0
=============
Train 1
=============
> Trip 0
   0(time 68 - 00:01:08)(time 487 - 00:08:07) ->    1(time 555 - 00:09:15)(time 1046 - 00:17:26) ->    2(time 1114 - 00:18:34)(time 1571 - 00:26:11) ->    3(time 1639 - 00:27:19)(time 2102 - 00:35:02) ->    4(time 2170 - 00:36:10)(time 2582 - 00:43:02) ->    5(time 2650 - 00:44:10)(time 3146 - 00:52:26) ->    6(time 3214 - 00:53:34)(time 3635 - 01:00:35) ->    7(time 3691 - 01:01:31)(time 4150 - 01:09:10) ->    8(time 4218 - 01:10:18)(time 4714 - 01:18:34) ->    9(time 4782 - 01:19:42)(time 5257 - 01:27:37) ->    10(time 5325 - 01:28:45)(time 5791 - 01:36:31) ->    11(time 5847 - 01:37:27)(time 6282 - 01:44:42) ->    12(time 6350 - 01:45:50)(time 6832 - 01:53:52) ->    13(time 6900 - 01:55:00)(time 7330 - 02:02:10) ->    14(time 7398 - 02:03:18)(time 7897 - 02:11:37) ->    15(time 8153 - 02:15:53)(time 8609 - 02:23:29) ->    16(time 8865 - 02:27:45)(time 9312 - 02:35:12) ->    17(time 9568 - 02:39:28)(time 9568 - 02:39:28) ->    35(time 9824 - 02:43:44)(time 10271 - 02:51:11) ->    34(time 10527 - 02:55:27)(time 10983 - 03:03:03) ->    33(time 11239 - 03:07:19)(time 11738 - 03:15:38) ->    32(time 11806 - 03:16:46)(time 12236 - 03:23:56) ->    31(time 12304 - 03:25:04)(time 12786 - 03:33:06) ->    30(time 12854 - 03:34:14)(time 13289 - 03:41:29) ->    29(time 13373 - 03:42:53)(time 13839 - 03:50:39) ->    28(time 13907 - 03:51:47)(time 14382 - 03:59:42) ->    27(time 14450 - 04:00:50)(time 14946 - 04:09:06) ->    26(time 15014 - 04:10:14)(time 15473 - 04:17:53) ->    25(time 15529 - 04:18:49)(time 15950 - 04:25:50) ->    24(time 16018 - 04:26:58)(time 16514 - 04:35:14) ->    23(time 16582 - 04:36:22)(time 16994 - 04:43:14) ->    22(time 17062 - 04:44:22)(time 17525 - 04:52:05) ->    21(time 17593 - 04:53:13)(time 18050 - 05:00:50) ->    20(time 18118 - 05:01:58)(time 18609 - 05:10:09) ->    19(time 18677 - 05:11:17)(time 19096 - 05:18:16) ->    18(time 19352 - 05:22:32)(time 19352 - 05:22:32) -> 0
> Trip 1
   0(time 39029 - 10:50:29)(time 39448 - 10:57:28) ->    1(time 39516 - 10:58:36)(time 40007 - 11:06:47) ->    2(time 40075 - 11:07:55)(time 40532 - 11:15:32) ->    3(time 40600 - 11:16:40)(time 41063 - 11:24:23) ->    4(time 41131 - 11:25:31)(time 41543 - 11:32:23) ->    5(time 41611 - 11:33:31)(time 42107 - 11:41:47) ->    6(time 42175 - 11:42:55)(time 42596 - 11:49:56) ->    7(time 42652 - 11:50:52)(time 43111 - 11:58:31) ->    8(time 43179 - 11:59:39)(time 43675 - 12:07:55) ->    9(time 43743 - 12:09:03)(time 44218 - 12:16:58) ->    10(time 44286 - 12:18:06)(time 44752 - 12:25:52) ->    11(time 44996 - 12:29:56)(time 45431 - 12:37:11) ->    12(time 45499 - 12:38:19)(time 45981 - 12:46:21) ->    13(time 46049 - 12:47:29)(time 46479 - 12:54:39) ->    14(time 46547 - 12:55:47)(time 47046 - 13:04:06) ->    15(time 47302 - 13:08:22)(time 47758 - 13:15:58) ->    16(time 48014 - 13:20:14)(time 48461 - 13:27:41) ->    17(time 48717 - 13:31:57)(time 48717 - 13:31:57) ->    35(time 48717 - 13:31:57)(time 49164 - 13:39:24) ->    34(time 49420 - 13:43:40)(time 49876 - 13:51:16) ->    33(time 50132 - 13:55:32)(time 50631 - 14:03:51) ->    32(time 50699 - 14:04:59)(time 51129 - 14:12:09) ->    31(time 51197 - 14:13:17)(time 51679 - 14:21:19) ->    30(time 51747 - 14:22:27)(time 52182 - 14:29:42) ->    29(time 52238 - 14:30:38)(time 52704 - 14:38:24) ->    28(time 52772 - 14:39:32)(time 53247 - 14:47:27) ->    27(time 53315 - 14:48:35)(time 53811 - 14:56:51) ->    26(time 53879 - 14:57:59)(time 54338 - 15:05:38) ->    25(time 54394 - 15:06:34)(time 54815 - 15:13:35) ->    24(time 54883 - 15:14:43)(time 55379 - 15:22:59) ->    23(time 55447 - 15:24:07)(time 55859 - 15:30:59) ->    22(time 55927 - 15:32:07)(time 56390 - 15:39:50) ->    21(time 56458 - 15:40:58)(time 56915 - 15:48:35) ->    20(time 56983 - 15:49:43)(time 57474 - 15:57:54) ->    19(time 57542 - 15:59:02)(time 57961 - 16:06:01) ->    18(time 58217 - 16:10:17)(time 58217 - 16:10:17) -> 0
=============
Train 2
=============
> Trip 0
   0(time 136 - 00:02:16)(time 555 - 00:09:15) ->    1(time 623 - 00:10:23)(time 1114 - 00:18:34) ->    2(time 1370 - 00:22:50)(time 1827 - 00:30:27) ->    3(time 1895 - 00:31:35)(time 2358 - 00:39:18) ->    4(time 2426 - 00:40:26)(time 2838 - 00:47:18) ->    5(time 2906 - 00:48:26)(time 3402 - 00:56:42) ->    6(time 3470 - 00:57:50)(time 3891 - 01:04:51) ->    7(time 3947 - 01:05:47)(time 4406 - 01:13:26) ->    8(time 4474 - 01:14:34)(time 4970 - 01:22:50) ->    9(time 5038 - 01:23:58)(time 5513 - 01:31:53) ->    10(time 5581 - 01:33:01)(time 6047 - 01:40:47) ->    11(time 6103 - 01:41:43)(time 6538 - 01:48:58) ->    12(time 6606 - 01:50:06)(time 7088 - 01:58:08) ->    13(time 7156 - 01:59:16)(time 7586 - 02:06:26) ->    14(time 7654 - 02:07:34)(time 8153 - 02:15:53) ->    15(time 8409 - 02:20:09)(time 8865 - 02:27:45) ->    16(time 9121 - 02:32:01)(time 9568 - 02:39:28) ->    17(time 9824 - 02:43:44)(time 9824 - 02:43:44) ->    35(time 10080 - 02:48:00)(time 10527 - 02:55:27) ->    34(time 10783 - 02:59:43)(time 11239 - 03:07:19) ->    33(time 11495 - 03:11:35)(time 11994 - 03:19:54) ->    32(time 12062 - 03:21:02)(time 12492 - 03:28:12) ->    31(time 12560 - 03:29:20)(time 13042 - 03:37:22) ->    30(time 13110 - 03:38:30)(time 13545 - 03:45:45) ->    29(time 13601 - 03:46:41)(time 14067 - 03:54:27) ->    28(time 14135 - 03:55:35)(time 14610 - 04:03:30) ->    27(time 14678 - 04:04:38)(time 15174 - 04:12:54) ->    26(time 15242 - 04:14:02)(time 15701 - 04:21:41) ->    25(time 15757 - 04:22:37)(time 16178 - 04:29:38) ->    24(time 16246 - 04:30:46)(time 16742 - 04:39:02) ->    23(time 16810 - 04:40:10)(time 17222 - 04:47:02) ->    22(time 17290 - 04:48:10)(time 17753 - 04:55:53) ->    21(time 17821 - 04:57:01)(time 18278 - 05:04:38) ->    20(time 18346 - 05:05:46)(time 18837 - 05:13:57) ->    19(time 18933 - 05:15:33)(time 19352 - 05:22:32) ->    18(time 19608 - 05:26:48)(time 19608 - 05:26:48) -> 0
> Trip 1
   0(time 19796 - 05:29:56)(time 20215 - 05:36:55) ->    1(time 20283 - 05:38:03)(time 20774 - 05:46:14) ->    2(time 20842 - 05:47:22)(time 21299 - 05:54:59) ->    3(time 21367 - 05:56:07)(time 21830 - 06:03:50) ->    4(time 21898 - 06:04:58)(time 22310 - 06:11:50) ->    5(time 22378 - 06:12:58)(time 22874 - 06:21:14) ->    6(time 22942 - 06:22:22)(time 23363 - 06:29:23) ->    7(time 23419 - 06:30:19)(time 23878 - 06:37:58) ->    8(time 23946 - 06:39:06)(time 24442 - 06:47:22) ->    9(time 24510 - 06:48:30)(time 24985 - 06:56:25) ->    10(time 25053 - 06:57:33)(time 25519 - 07:05:19) ->    11(time 25587 - 07:06:27)(time 26022 - 07:13:42) ->    12(time 26090 - 07:14:50)(time 26572 - 07:22:52) ->    13(time 26640 - 07:24:00)(time 27070 - 07:31:10) ->    14(time 27138 - 07:32:18)(time 27637 - 07:40:37) ->    15(time 27893 - 07:44:53)(time 28349 - 07:52:29) ->    16(time 28605 - 07:56:45)(time 29052 - 08:04:12) ->    17(time 29308 - 08:08:28)(time 29308 - 08:08:28) ->    35(time 29308 - 08:08:28)(time 29755 - 08:15:55) ->    34(time 30011 - 08:20:11)(time 30467 - 08:27:47) ->    33(time 30723 - 08:32:03)(time 31222 - 08:40:22) ->    32(time 31290 - 08:41:30)(time 31720 - 08:48:40) ->    31(time 31788 - 08:49:48)(time 32270 - 08:57:50) ->    30(time 32338 - 08:58:58)(time 32773 - 09:06:13) ->    29(time 32829 - 09:07:09)(time 33295 - 09:14:55) ->    28(time 33363 - 09:16:03)(time 33838 - 09:23:58) ->    27(time 33906 - 09:25:06)(time 34402 - 09:33:22) ->    26(time 34470 - 09:34:30)(time 34929 - 09:42:09) ->    25(time 35133 - 09:45:33)(time 35554 - 09:52:34) ->    24(time 35622 - 09:53:42)(time 36118 - 10:01:58) ->    23(time 36186 - 10:03:06)(time 36598 - 10:09:58) ->    22(time 36666 - 10:11:06)(time 37129 - 10:18:49) ->    21(time 37197 - 10:19:57)(time 37654 - 10:27:34) ->    20(time 37722 - 10:28:42)(time 38213 - 10:36:53) ->    19(time 38281 - 10:38:01)(time 38700 - 10:45:00) ->    18(time 38956 - 10:49:16)(time 38956 - 10:49:16) -> 0
=============
Train 3
=============
> Trip 0
   0(time 11547 - 03:12:27)(time 11966 - 03:19:26) ->    1(time 12449 - 03:27:29)(time 12940 - 03:35:40) ->    2(time 13008 - 03:36:48)(time 13465 - 03:44:25) ->    3(time 13533 - 03:45:33)(time 13996 - 03:53:16) ->    4(time 14064 - 03:54:24)(time 14476 - 04:01:16) ->    5(time 14544 - 04:02:24)(time 15040 - 04:10:40) ->    6(time 15108 - 04:11:48)(time 15529 - 04:18:49) ->    7(time 15957 - 04:25:57)(time 16416 - 04:33:36) ->    8(time 16484 - 04:34:44)(time 16980 - 04:43:00) ->    9(time 17048 - 04:44:08)(time 17523 - 04:52:03) ->    10(time 17591 - 04:53:11)(time 18057 - 05:00:57) ->    11(time 18113 - 05:01:53)(time 18548 - 05:09:08) ->    12(time 18616 - 05:10:16)(time 19098 - 05:18:18) ->    13(time 19166 - 05:19:26)(time 19596 - 05:26:36) ->    14(time 19664 - 05:27:44)(time 20163 - 05:36:03) ->    15(time 20419 - 05:40:19)(time 20875 - 05:47:55) ->    16(time 21131 - 05:52:11)(time 21578 - 05:59:38) ->    17(time 21834 - 06:03:54)(time 21834 - 06:03:54) ->    35(time 21834 - 06:03:54)(time 22281 - 06:11:21) ->    34(time 22537 - 06:15:37)(time 22993 - 06:23:13) ->    33(time 23249 - 06:27:29)(time 23748 - 06:35:48) ->    32(time 23816 - 06:36:56)(time 24246 - 06:44:06) ->    31(time 24314 - 06:45:14)(time 24796 - 06:53:16) ->    30(time 25152 - 06:59:12)(time 25587 - 07:06:27) ->    29(time 26070 - 07:14:30)(time 26536 - 07:22:16) ->    28(time 27019 - 07:30:19)(time 27494 - 07:38:14) ->    27(time 27977 - 07:46:17)(time 28473 - 07:54:33) ->    26(time 28956 - 08:02:36)(time 29415 - 08:10:15) ->    25(time 29898 - 08:18:18)(time 30319 - 08:25:19) ->    24(time 30387 - 08:26:27)(time 30883 - 08:34:43) ->    23(time 31008 - 08:36:48)(time 31420 - 08:43:40) ->    22(time 31488 - 08:44:48)(time 31951 - 08:52:31) ->    21(time 32019 - 08:53:39)(time 32476 - 09:01:16) ->    20(time 32544 - 09:02:24)(time 33035 - 09:10:35) ->    19(time 33518 - 09:18:38)(time 33937 - 09:25:37) ->    18(time 34420 - 09:33:40)(time 34420 - 09:33:40) -> 0
> Trip 1
   0(time 38961 - 10:49:21)(time 39380 - 10:56:20) ->    1(time 39448 - 10:57:28)(time 39939 - 11:05:39) ->    2(time 40007 - 11:06:47)(time 40464 - 11:14:24) ->    3(time 40532 - 11:15:32)(time 40995 - 11:23:15) ->    4(time 41063 - 11:24:23)(time 41475 - 11:31:15) ->    5(time 41543 - 11:32:23)(time 42039 - 11:40:39) ->    6(time 42107 - 11:41:47)(time 42528 - 11:48:48) ->    7(time 42584 - 11:49:44)(time 43043 - 11:57:23) ->    8(time 43111 - 11:58:31)(time 43607 - 12:06:47) ->    9(time 43675 - 12:07:55)(time 44150 - 12:15:50) ->    10(time 44218 - 12:16:58)(time 44684 - 12:24:44) ->    11(time 44740 - 12:25:40)(time 45175 - 12:32:55) ->    12(time 45243 - 12:34:03)(time 45725 - 12:42:05) ->    13(time 45793 - 12:43:13)(time 46223 - 12:50:23) ->    14(time 46291 - 12:51:31)(time 46790 - 12:59:50) ->    15(time 47046 - 13:04:06)(time 47502 - 13:11:42) ->    16(time 47758 - 13:15:58)(time 48205 - 13:23:25) ->    17(time 48461 - 13:27:41)(time 48461 - 13:27:41) ->    35(time 48461 - 13:27:41)(time 48908 - 13:35:08) ->    34(time 49164 - 13:39:24)(time 49620 - 13:47:00) ->    33(time 49876 - 13:51:16)(time 50375 - 13:59:35) ->    32(time 50443 - 14:00:43)(time 50873 - 14:07:53) ->    31(time 50941 - 14:09:01)(time 51423 - 14:17:03) ->    30(time 51491 - 14:18:11)(time 51926 - 14:25:26) ->    29(time 51982 - 14:26:22)(time 52448 - 14:34:08) ->    28(time 52516 - 14:35:16)(time 52991 - 14:43:11) ->    27(time 53059 - 14:44:19)(time 53555 - 14:52:35) ->    26(time 53623 - 14:53:43)(time 54082 - 15:01:22) ->    25(time 54138 - 15:02:18)(time 54559 - 15:09:19) ->    24(time 54627 - 15:10:27)(time 55123 - 15:18:43) ->    23(time 55191 - 15:19:51)(time 55603 - 15:26:43) ->    22(time 55671 - 15:27:51)(time 56134 - 15:35:34) ->    21(time 56202 - 15:36:42)(time 56659 - 15:44:19) ->    20(time 56727 - 15:45:27)(time 57218 - 15:53:38) ->    19(time 57286 - 15:54:46)(time 57705 - 16:01:45) ->    18(time 57961 - 16:06:01)(time 57961 - 16:06:01) -> 0
=============
Train 4
=============
> Trip 0
   0(time 580 - 00:09:40)(time 999 - 00:16:39) ->    1(time 1067 - 00:17:47)(time 1558 - 00:25:58) ->    2(time 1626 - 00:27:06)(time 2083 - 00:34:43) ->    3(time 2151 - 00:35:51)(time 2614 - 00:43:34) ->    4(time 2682 - 00:44:42)(time 3094 - 00:51:34) ->    5(time 3162 - 00:52:42)(time 3658 - 01:00:58) ->    6(time 3726 - 01:02:06)(time 4147 - 01:09:07) ->    7(time 4203 - 01:10:03)(time 4662 - 01:17:42) ->    8(time 4730 - 01:18:50)(time 5226 - 01:27:06) ->    9(time 5294 - 01:28:14)(time 5769 - 01:36:09) ->    10(time 5837 - 01:37:17)(time 6303 - 01:45:03) ->    11(time 6359 - 01:45:59)(time 6794 - 01:53:14) ->    12(time 6862 - 01:54:22)(time 7344 - 02:02:24) ->    13(time 7412 - 02:03:32)(time 7842 - 02:10:42) ->    14(time 7910 - 02:11:50)(time 8409 - 02:20:09) ->    15(time 8665 - 02:24:25)(time 9121 - 02:32:01) ->    16(time 9377 - 02:36:17)(time 9824 - 02:43:44) ->    17(time 10307 - 02:51:47)(time 10307 - 02:51:47) ->    35(time 10336 - 02:52:16)(time 10783 - 02:59:43) ->    34(time 11039 - 03:03:59)(time 11495 - 03:11:35) ->    33(time 11751 - 03:15:51)(time 12250 - 03:24:10) ->    32(time 12318 - 03:25:18)(time 12748 - 03:32:28) ->    31(time 12816 - 03:33:36)(time 13298 - 03:41:38) ->    30(time 13366 - 03:42:46)(time 13801 - 03:50:01) ->    29(time 13857 - 03:50:57)(time 14323 - 03:58:43) ->    28(time 14391 - 03:59:51)(time 14866 - 04:07:46) ->    27(time 14934 - 04:08:54)(time 15430 - 04:17:10) ->    26(time 15498 - 04:18:18)(time 15957 - 04:25:57) ->    25(time 16013 - 04:26:53)(time 16434 - 04:33:54) ->    24(time 16502 - 04:35:02)(time 16998 - 04:43:18) ->    23(time 17094 - 04:44:54)(time 17506 - 04:51:46) ->    22(time 17574 - 04:52:54)(time 18037 - 05:00:37) ->    21(time 18105 - 05:01:45)(time 18562 - 05:09:22) ->    20(time 18630 - 05:10:30)(time 19121 - 05:18:41) ->    19(time 19189 - 05:19:49)(time 19608 - 05:26:48) ->    18(time 19864 - 05:31:04)(time 19864 - 05:31:04) -> 0
> Trip 1
   0(time 19864 - 05:31:04)(time 20283 - 05:38:03) ->    1(time 20351 - 05:39:11)(time 20842 - 05:47:22) ->    2(time 20910 - 05:48:30)(time 21367 - 05:56:07) ->    3(time 21435 - 05:57:15)(time 21898 - 06:04:58) ->    4(time 21966 - 06:06:06)(time 22378 - 06:12:58) ->    5(time 22446 - 06:14:06)(time 22942 - 06:22:22) ->    6(time 23010 - 06:23:30)(time 23431 - 06:30:31) ->    7(time 23487 - 06:31:27)(time 23946 - 06:39:06) ->    8(time 24014 - 06:40:14)(time 24510 - 06:48:30) ->    9(time 24578 - 06:49:38)(time 25053 - 06:57:33) ->    10(time 25121 - 06:58:41)(time 25587 - 07:06:27) ->    11(time 25655 - 07:07:35)(time 26090 - 07:14:50) ->    12(time 26158 - 07:15:58)(time 26640 - 07:24:00) ->    13(time 26708 - 07:25:08)(time 27138 - 07:32:18) ->    14(time 27394 - 07:36:34)(time 27893 - 07:44:53) ->    15(time 28149 - 07:49:09)(time 28605 - 07:56:45) ->    16(time 28861 - 08:01:01)(time 29308 - 08:08:28) ->    17(time 29564 - 08:12:44)(time 29564 - 08:12:44) ->    35(time 29564 - 08:12:44)(time 30011 - 08:20:11) ->    34(time 30267 - 08:24:27)(time 30723 - 08:32:03) ->    33(time 30979 - 08:36:19)(time 31478 - 08:44:38) ->    32(time 31546 - 08:45:46)(time 31976 - 08:52:56) ->    31(time 32044 - 08:54:04)(time 32526 - 09:02:06) ->    30(time 32594 - 09:03:14)(time 33029 - 09:10:29) ->    29(time 33085 - 09:11:25)(time 33551 - 09:19:11) ->    28(time 33619 - 09:20:19)(time 34094 - 09:28:14) ->    27(time 34162 - 09:29:22)(time 34658 - 09:37:38) ->    26(time 34726 - 09:38:46)(time 35185 - 09:46:25) ->    25(time 35241 - 09:47:21)(time 35662 - 09:54:22) ->    24(time 35730 - 09:55:30)(time 36226 - 10:03:46) ->    23(time 36294 - 10:04:54)(time 36706 - 10:11:46) ->    22(time 36774 - 10:12:54)(time 37237 - 10:20:37) ->    21(time 37305 - 10:21:45)(time 37762 - 10:29:22) ->    20(time 37830 - 10:30:30)(time 38321 - 10:38:41) ->    19(time 38537 - 10:42:17)(time 38956 - 10:49:16) ->    18(time 39212 - 10:53:32)(time 39212 - 10:53:32) -> 0
=============
Train 5
=============
> Trip 0
   0(time 0 - 00:00:00)(time 419 - 00:06:59) ->    1(time 487 - 00:08:07)(time 978 - 00:16:18) ->    2(time 1046 - 00:17:26)(time 1503 - 00:25:03) ->    3(time 1571 - 00:26:11)(time 2034 - 00:33:54) ->    4(time 2102 - 00:35:02)(time 2514 - 00:41:54) ->    5(time 2582 - 00:43:02)(time 3078 - 00:51:18) ->    6(time 3146 - 00:52:26)(time 3567 - 00:59:27) ->    7(time 3623 - 01:00:23)(time 4082 - 01:08:02) ->    8(time 4150 - 01:09:10)(time 4646 - 01:17:26) ->    9(time 4714 - 01:18:34)(time 5189 - 01:26:29) ->    10(time 5257 - 01:27:37)(time 5723 - 01:35:23) ->    11(time 5779 - 01:36:19)(time 6214 - 01:43:34) ->    12(time 6282 - 01:44:42)(time 6764 - 01:52:44) ->    13(time 6832 - 01:53:52)(time 7262 - 02:01:02) ->    14(time 7330 - 02:02:10)(time 7829 - 02:10:29) -> 15
> Trip 1
   33(time 31047 - 08:37:27)(time 31546 - 08:45:46) ->    32(time 31614 - 08:46:54)(time 32044 - 08:54:04) ->    31(time 32112 - 08:55:12)(time 32594 - 09:03:14) ->    30(time 32662 - 09:04:22)(time 33097 - 09:11:37) ->    29(time 33153 - 09:12:33)(time 33619 - 09:20:19) ->    28(time 33687 - 09:21:27)(time 34162 - 09:29:22) ->    27(time 34230 - 09:30:30)(time 34726 - 09:38:46) ->    26(time 34794 - 09:39:54)(time 35253 - 09:47:33) ->    25(time 35736 - 09:55:36)(time 36157 - 10:02:37) ->    24(time 36247 - 10:04:07)(time 36743 - 10:12:23) ->    23(time 37226 - 10:20:26)(time 37638 - 10:27:18) ->    22(time 38121 - 10:35:21)(time 38584 - 10:43:04) ->    21(time 39067 - 10:51:07)(time 39524 - 10:58:44) ->    20(time 40007 - 11:06:47)(time 40498 - 11:14:58) ->    19(time 40981 - 11:23:01)(time 41400 - 11:30:00) ->    18(time 41883 - 11:38:03)(time 41883 - 11:38:03) ->    0(time 42366 - 11:46:06)(time 42785 - 11:53:05) ->    1(time 43268 - 12:01:08)(time 43759 - 12:09:19) ->    2(time 43827 - 12:10:27)(time 44284 - 12:18:04) ->    3(time 44630 - 12:23:50)(time 45093 - 12:31:33) ->    4(time 45576 - 12:39:36)(time 45988 - 12:46:28) ->    5(time 46471 - 12:54:31)(time 46967 - 13:02:47) ->    6(time 47450 - 13:10:50)(time 47871 - 13:17:51) ->    7(time 48354 - 13:25:54)(time 48813 - 13:33:33) ->    8(time 49296 - 13:41:36)(time 49792 - 13:49:52) ->    9(time 50275 - 13:57:55)(time 50750 - 14:05:50) ->    10(time 51233 - 14:13:53)(time 51699 - 14:21:39) ->    11(time 52182 - 14:29:42)(time 52617 - 14:36:57) ->    12(time 52685 - 14:38:05)(time 53167 - 14:46:07) ->    13(time 53235 - 14:47:15)(time 53665 - 14:54:25) ->    14(time 53733 - 14:55:33)(time 54232 - 15:03:52) ->    15(time 54488 - 15:08:08)(time 54488 - 15:08:08) -> 33
