t6p19r2h1.txt:
   > Trying to open the instance file...
   > Reading number of trains...
   > Reading maximum number of trips per train...
   > Reading time intervals...
   > Reading number of points...
   > Reading stations...
   > Reading crossings...
   > Reading depots...
   > Reading initial point...
   > Reading routes...
   > Reading distance and distance and service...
   > Reading demands...
   > Reading maximum time...
   > Reading alpha...

--------------------------------
 Printing instance
--------------------------------
number of trains = 6
	max trips per trains: 2     2     2     2     2     2
number of intervals = 1
	(0,  51917)
number of points = 19
	initial point: 0
	stations: 0     1     2     3     4     5     6     7     8     9    10    12    13    14    15    16    17    18
	crossings: 0     1     4     9    11    18
	depots: 0    18
number of vertices = 38
	total vertices: 0     1     2     3     4     5     6     7     8     9    10    11    12    13    14    15    16    17    18    19    20    21    22    23    24    25    26    27    28    29    30    31    32    33    34    35    36    37
	upper vertices: 0     1     2     3     4     5     6     7     8     9    10    11    12    13    14    15    16    17    18
	lower vertices: 19    20    21    22    23    24    25    26    27    28    29    30    31    32    33    34    35    36    37
	vertices of point #0: (0, 19)
	vertices of point #1: (1, 20)
	vertices of point #2: (2, 21)
	vertices of point #3: (3, 22)
	vertices of point #4: (4, 23)
	vertices of point #5: (5, 24)
	vertices of point #6: (6, 25)
	vertices of point #7: (7, 26)
	vertices of point #8: (8, 27)
	vertices of point #9: (9, 28)
	vertices of point #10: (10, 29)
	vertices of point #11: (11, 30)
	vertices of point #12: (12, 31)
	vertices of point #13: (13, 32)
	vertices of point #14: (14, 33)
	vertices of point #15: (15, 34)
	vertices of point #16: (16, 35)
	vertices of point #17: (17, 36)
	vertices of point #18: (18, 37)

arcs...
	total arcs: 
		arc #0: (0, 1)
		arc #1: (0, 19)
		arc #2: (19, 0)
		arc #3: (1, 2)
		arc #4: (20, 19)
		arc #5: (2, 3)
		arc #6: (21, 20)
		arc #7: (3, 4)
		arc #8: (22, 21)
		arc #9: (4, 5)
		arc #10: (23, 22)
		arc #11: (5, 6)
		arc #12: (24, 23)
		arc #13: (6, 7)
		arc #14: (25, 24)
		arc #15: (7, 8)
		arc #16: (26, 25)
		arc #17: (8, 9)
		arc #18: (27, 26)
		arc #19: (9, 10)
		arc #20: (28, 27)
		arc #21: (10, 11)
		arc #22: (29, 28)
		arc #23: (11, 12)
		arc #24: (30, 29)
		arc #25: (12, 13)
		arc #26: (31, 30)
		arc #27: (13, 14)
		arc #28: (32, 31)
		arc #29: (14, 15)
		arc #30: (33, 32)
		arc #31: (15, 16)
		arc #32: (34, 33)
		arc #33: (16, 17)
		arc #34: (35, 34)
		arc #35: (17, 18)
		arc #36: (36, 35)
		arc #37: (37, 36)
		arc #38: (18, 37)
		arc #39: (37, 18)

	reverse arcs: 
		arc #1: (0, 19)
		arc #2: (19, 0)
		arc #38: (18, 37)
		arc #39: (37, 18)


incompatible points...
	(0, 0, 20, (0, 1))	(20, 20, 0, (20, 19))	(1, 3, 23, (3, 4))	(23, 21, 1, (21, 20))	(4, 8, 28, (8, 9))	(28, 24, 4, (24, 23))	(9, 10, 30, (10, 11))	(30, 29, 9, (29, 28))	(11, 17, 37, (17, 18))	(37, 31, 11, (31, 30))

number of routes = 2
vertices of routes...
	route #0: 0     1     2     3     4     5     6     7     8     9    10    11    12    13    14    15    16    17    18    37    36    35    34    33    32    31    30    29    28    27    26    25    24    23    22    21    20    19     0
	route #1: 37    36    35    34    33    32    31    30    29    28    27    26    25    24    23    22    21    20    19     0     1     2     3     4     5     6     7     8     9    10    11    12    13    14    15    16    17    18    37
arcs of routes...
	route #0: 0     3     5     7     9    11    13    15    17    19    21    23    25    27    29    31    33    35    38    37    36    34    32    30    28    26    24    22    20    18    16    14    12    10     8     6     4     2
	route #1: 37    36    34    32    30    28    26    24    22    20    18    16    14    12    10     8     6     4     2     0     3     5     7     9    11    13    15    17    19    21    23    25    27    29    31    33    35    38

incompatible routes...
	(0, 1)    	(1, 0)

vertices that can be adjacent in consecutive trips...
	(0, 0)    	(37, 37)
non cyclical routes: 


routes of trip...
	routes that train #0 can complete at trip #0: 0
	routes that train #0 can complete at trip #1: 0       1

	routes that train #1 can complete at trip #0: 0
	routes that train #1 can complete at trip #1: 0       1

	routes that train #2 can complete at trip #0: 0
	routes that train #2 can complete at trip #1: 0       1

	routes that train #3 can complete at trip #0: 0
	routes that train #3 can complete at trip #1: 0       1

	routes that train #4 can complete at trip #0: 0
	routes that train #4 can complete at trip #1: 0       1

	routes that train #5 can complete at trip #0: 0
	routes that train #5 can complete at trip #1: 0       1

 cost...
	arc #0 [0][1]: 368
	arc #1 [0][19]: 0
	arc #2 [19][0]: 0
	arc #3 [1][2]: 397
	arc #4 [20][19]: 368
	arc #5 [2][3]: 419
	arc #6 [21][20]: 397
	arc #7 [3][4]: 380
	arc #8 [22][21]: 419
	arc #9 [4][5]: 405
	arc #10 [23][22]: 380
	arc #11 [5][6]: 355
	arc #12 [24][23]: 405
	arc #13 [6][7]: 393
	arc #14 [25][24]: 355
	arc #15 [7][8]: 407
	arc #16 [26][25]: 393
	arc #17 [8][9]: 356
	arc #18 [27][26]: 407
	arc #19 [9][10]: 362
	arc #20 [28][27]: 356
	arc #21 [10][11]: 374
	arc #22 [29][28]: 362
	arc #23 [11][12]: 391
	arc #24 [30][29]: 374
	arc #25 [12][13]: 366
	arc #26 [31][30]: 391
	arc #27 [13][14]: 402
	arc #28 [32][31]: 366
	arc #29 [14][15]: 413
	arc #30 [33][32]: 402
	arc #31 [15][16]: 397
	arc #32 [34][33]: 413
	arc #33 [16][17]: 389
	arc #34 [35][34]: 397
	arc #35 [17][18]: 383
	arc #36 [36][35]: 389
	arc #37 [37][36]: 383
	arc #38 [18][37]: 0
	arc #39 [37][18]: 0

cost with minimum service...
	arc #0 [0][1]: 487
	arc #1 [0][19]: 0
	arc #2 [19][0]: 0
	arc #3 [1][2]: 516
	arc #4 [20][19]: 647
	arc #5 [2][3]: 538
	arc #6 [21][20]: 516
	arc #7 [3][4]: 499
	arc #8 [22][21]: 538
	arc #9 [4][5]: 524
	arc #10 [23][22]: 499
	arc #11 [5][6]: 474
	arc #12 [24][23]: 524
	arc #13 [6][7]: 512
	arc #14 [25][24]: 474
	arc #15 [7][8]: 526
	arc #16 [26][25]: 512
	arc #17 [8][9]: 475
	arc #18 [27][26]: 526
	arc #19 [9][10]: 481
	arc #20 [28][27]: 475
	arc #21 [10][11]: 457
	arc #22 [29][28]: 481
	arc #23 [11][12]: 510
	arc #24 [30][29]: 493
	arc #25 [12][13]: 485
	arc #26 [31][30]: 474
	arc #27 [13][14]: 521
	arc #28 [32][31]: 485
	arc #29 [14][15]: 532
	arc #30 [33][32]: 521
	arc #31 [15][16]: 516
	arc #32 [34][33]: 532
	arc #33 [16][17]: 508
	arc #34 [35][34]: 516
	arc #35 [17][18]: 662
	arc #36 [36][35]: 508
	arc #37 [37][36]: 502
	arc #38 [18][37]: 0
	arc #39 [37][18]: 0

cost with maximum service...
	arc #0 [0][1]: 816
	arc #1 [0][19]: 448
	arc #2 [19][0]: 448
	arc #3 [1][2]: 845
	arc #4 [20][19]: 816
	arc #5 [2][3]: 867
	arc #6 [21][20]: 845
	arc #7 [3][4]: 828
	arc #8 [22][21]: 867
	arc #9 [4][5]: 853
	arc #10 [23][22]: 828
	arc #11 [5][6]: 803
	arc #12 [24][23]: 853
	arc #13 [6][7]: 841
	arc #14 [25][24]: 803
	arc #15 [7][8]: 855
	arc #16 [26][25]: 841
	arc #17 [8][9]: 804
	arc #18 [27][26]: 855
	arc #19 [9][10]: 810
	arc #20 [28][27]: 804
	arc #21 [10][11]: 822
	arc #22 [29][28]: 810
	arc #23 [11][12]: 839
	arc #24 [30][29]: 822
	arc #25 [12][13]: 814
	arc #26 [31][30]: 839
	arc #27 [13][14]: 850
	arc #28 [32][31]: 814
	arc #29 [14][15]: 861
	arc #30 [33][32]: 850
	arc #31 [15][16]: 845
	arc #32 [34][33]: 861
	arc #33 [16][17]: 837
	arc #34 [35][34]: 845
	arc #35 [17][18]: 831
	arc #36 [36][35]: 837
	arc #37 [37][36]: 831
	arc #38 [18][37]: 448
	arc #39 [37][18]: 448

demands...
	demands of vertex 0 at time interval: 9
	demands of vertex 1 at time interval: 9
	demands of vertex 2 at time interval: 9
	demands of vertex 3 at time interval: 9
	demands of vertex 4 at time interval: 9
	demands of vertex 5 at time interval: 9
	demands of vertex 6 at time interval: 9
	demands of vertex 7 at time interval: 9
	demands of vertex 8 at time interval: 9
	demands of vertex 9 at time interval: 9
	demands of vertex 10 at time interval: 9
	demands of vertex 11 at time interval: 0
	demands of vertex 12 at time interval: 9
	demands of vertex 13 at time interval: 9
	demands of vertex 14 at time interval: 9
	demands of vertex 15 at time interval: 9
	demands of vertex 16 at time interval: 9
	demands of vertex 17 at time interval: 9
	demands of vertex 18 at time interval: 0
	demands of vertex 19 at time interval: 0
	demands of vertex 20 at time interval: 9
	demands of vertex 21 at time interval: 9
	demands of vertex 22 at time interval: 9
	demands of vertex 23 at time interval: 9
	demands of vertex 24 at time interval: 9
	demands of vertex 25 at time interval: 9
	demands of vertex 26 at time interval: 9
	demands of vertex 27 at time interval: 9
	demands of vertex 28 at time interval: 9
	demands of vertex 29 at time interval: 9
	demands of vertex 30 at time interval: 0
	demands of vertex 31 at time interval: 9
	demands of vertex 32 at time interval: 9
	demands of vertex 33 at time interval: 9
	demands of vertex 34 at time interval: 9
	demands of vertex 35 at time interval: 9
	demands of vertex 36 at time interval: 9
	demands of vertex 37 at time interval: 9

maximum time = 51917
alpha = 75
Starting to test combinations... - Total number of combinations = 64
Found new best - 4/64
10% done - 7/64 combination(s) tested! (Thread 0)
Found new best - 8/64
20% done - 14/64 combination(s) tested! (Thread 0)
30% done - 21/64 combination(s) tested! (Thread 0)
40% done - 28/64 combination(s) tested! (Thread 0)
50% done - 35/64 combination(s) tested! (Thread 0)
60% done - 42/64 combination(s) tested! (Thread 0)
70% done - 49/64 combination(s) tested! (Thread 0)
80% done - 56/64 combination(s) tested! (Thread 0)
90% done - 63/64 combination(s) tested! (Thread 0)
	Cannot prove optimality!

>> Printing some results...
    -> Solution value = 44638 - 12:23:58
    -> Total time = 8503.63

=============
Train 0
=============
> Trip 0
   0(time 558 - 00:09:18)(time 926 - 00:15:26) ->    1(time 1045 - 00:17:25)(time 1442 - 00:24:02) ->    2(time 1561 - 00:26:01)(time 1980 - 00:33:00) ->    3(time 2099 - 00:34:59)(time 2479 - 00:41:19) ->    4(time 2598 - 00:43:18)(time 3003 - 00:50:03) ->    5(time 3122 - 00:52:02)(time 3477 - 00:57:57) ->    6(time 3596 - 00:59:56)(time 3989 - 01:06:29) ->    7(time 4108 - 01:08:28)(time 4515 - 01:15:15) ->    8(time 4634 - 01:17:14)(time 4990 - 01:23:10) ->    9(time 5109 - 01:25:09)(time 5471 - 01:31:11) ->    10(time 5590 - 01:33:10)(time 5964 - 01:39:24) ->    11(time 6047 - 01:40:47)(time 6438 - 01:47:18) ->    12(time 6557 - 01:49:17)(time 6923 - 01:55:23) ->    13(time 7042 - 01:57:22)(time 7444 - 02:04:04) ->    14(time 7563 - 02:06:03)(time 7976 - 02:12:56) ->    15(time 8095 - 02:14:55)(time 8492 - 02:21:32) ->    16(time 8611 - 02:23:31)(time 9000 - 02:30:00) ->    17(time 9119 - 02:31:59)(time 9502 - 02:38:22) ->    18(time 9781 - 02:43:01)(time 9781 - 02:43:01) ->    37(time 9781 - 02:43:01)(time 10164 - 02:49:24) ->    36(time 10283 - 02:51:23)(time 10672 - 02:57:52) ->    35(time 10791 - 02:59:51)(time 11188 - 03:06:28) ->    34(time 11307 - 03:08:27)(time 11720 - 03:15:20) ->    33(time 11839 - 03:17:19)(time 12241 - 03:24:01) ->    32(time 12360 - 03:26:00)(time 12726 - 03:32:06) ->    31(time 12845 - 03:34:05)(time 13236 - 03:40:36) ->    30(time 13356 - 03:42:36)(time 13730 - 03:48:50) ->    29(time 13849 - 03:50:49)(time 14211 - 03:56:51) ->    28(time 14490 - 04:01:30)(time 14846 - 04:07:26) ->    27(time 14965 - 04:09:25)(time 15372 - 04:16:12) ->    26(time 15491 - 04:18:11)(time 15884 - 04:24:44) ->    25(time 16003 - 04:26:43)(time 16358 - 04:32:38) ->    24(time 16477 - 04:34:37)(time 16882 - 04:41:22) ->    23(time 17330 - 04:48:50)(time 17710 - 04:55:10) ->    22(time 17829 - 04:57:09)(time 18248 - 05:04:08) ->    21(time 18696 - 05:11:36)(time 19093 - 05:18:13) ->    20(time 19372 - 05:22:52)(time 19740 - 05:29:00) ->    19(time 20019 - 05:33:39)(time 20019 - 05:33:39) -> 0
> Trip 1
   0(time 23246 - 06:27:26)(time 23614 - 06:33:34) ->    1(time 24062 - 06:41:02)(time 24459 - 06:47:39) ->    2(time 24907 - 06:55:07)(time 25326 - 07:02:06) ->    3(time 25774 - 07:09:34)(time 26154 - 07:15:54) ->    4(time 26602 - 07:23:22)(time 27007 - 07:30:07) ->    5(time 27455 - 07:37:35)(time 27810 - 07:43:30) ->    6(time 27929 - 07:45:29)(time 28322 - 07:52:02) ->    7(time 28770 - 07:59:30)(time 29177 - 08:06:17) ->    8(time 29296 - 08:08:16)(time 29652 - 08:14:12) ->    9(time 29771 - 08:16:11)(time 30133 - 08:22:13) ->    10(time 30581 - 08:29:41)(time 30955 - 08:35:55) ->    11(time 31403 - 08:43:23)(time 31794 - 08:49:54) ->    12(time 31913 - 08:51:53)(time 32279 - 08:57:59) ->    13(time 32398 - 08:59:58)(time 32800 - 09:06:40) ->    14(time 32919 - 09:08:39)(time 33332 - 09:15:32) ->    15(time 33451 - 09:17:31)(time 33848 - 09:24:08) ->    16(time 33967 - 09:26:07)(time 34356 - 09:32:36) ->    17(time 34475 - 09:34:35)(time 34858 - 09:40:58) ->    18(time 35137 - 09:45:37)(time 35137 - 09:45:37) ->    37(time 35137 - 09:45:37)(time 35520 - 09:52:00) ->    36(time 35639 - 09:53:59)(time 36028 - 10:00:28) ->    35(time 36147 - 10:02:27)(time 36544 - 10:09:04) ->    34(time 36663 - 10:11:03)(time 37076 - 10:17:56) ->    33(time 37195 - 10:19:55)(time 37597 - 10:26:37) ->    32(time 37716 - 10:28:36)(time 38082 - 10:34:42) ->    31(time 38201 - 10:36:41)(time 38592 - 10:43:12) ->    30(time 38675 - 10:44:35)(time 39049 - 10:50:49) ->    29(time 39168 - 10:52:48)(time 39530 - 10:58:50) ->    28(time 39649 - 11:00:49)(time 40005 - 11:06:45) ->    27(time 40124 - 11:08:44)(time 40531 - 11:15:31) ->    26(time 40650 - 11:17:30)(time 41043 - 11:24:03) ->    25(time 41162 - 11:26:02)(time 41517 - 11:31:57) ->    24(time 41636 - 11:33:56)(time 42041 - 11:40:41) ->    23(time 42160 - 11:42:40)(time 42540 - 11:49:00) ->    22(time 42659 - 11:50:59)(time 43078 - 11:57:58) ->    21(time 43197 - 11:59:57)(time 43594 - 12:06:34) ->    20(time 43713 - 12:08:33)(time 44081 - 12:14:41) ->    19(time 44360 - 12:19:20)(time 44360 - 12:19:20) -> 0
=============
Train 1
=============
> Trip 0
   0(time 279 - 00:04:39)(time 647 - 00:10:47) ->    1(time 766 - 00:12:46)(time 1163 - 00:19:23) ->    2(time 1282 - 00:21:22)(time 1701 - 00:28:21) ->    3(time 1820 - 00:30:20)(time 2200 - 00:36:40) ->    4(time 2319 - 00:38:39)(time 2724 - 00:45:24) ->    5(time 2843 - 00:47:23)(time 3198 - 00:53:18) ->    6(time 3317 - 00:55:17)(time 3710 - 01:01:50) ->    7(time 3829 - 01:03:49)(time 4236 - 01:10:36) ->    8(time 4355 - 01:12:35)(time 4711 - 01:18:31) ->    9(time 4830 - 01:20:30)(time 5192 - 01:26:32) ->    10(time 5311 - 01:28:31)(time 5685 - 01:34:45) ->    11(time 5768 - 01:36:08)(time 6159 - 01:42:39) ->    12(time 6278 - 01:44:38)(time 6644 - 01:50:44) ->    13(time 6763 - 01:52:43)(time 7165 - 01:59:25) ->    14(time 7284 - 02:01:24)(time 7697 - 02:08:17) ->    15(time 7816 - 02:10:16)(time 8213 - 02:16:53) ->    16(time 8332 - 02:18:52)(time 8721 - 02:25:21) ->    17(time 8840 - 02:27:20)(time 9223 - 02:33:43) ->    18(time 9502 - 02:38:22)(time 9502 - 02:38:22) ->    37(time 9621 - 02:40:21)(time 10004 - 02:46:44) ->    36(time 10123 - 02:48:43)(time 10512 - 02:55:12) ->    35(time 10631 - 02:57:11)(time 11028 - 03:03:48) ->    34(time 11147 - 03:05:47)(time 11560 - 03:12:40) ->    33(time 11679 - 03:14:39)(time 12081 - 03:21:21) ->    32(time 12200 - 03:23:20)(time 12566 - 03:29:26) ->    31(time 12685 - 03:31:25)(time 13076 - 03:37:56) ->    30(time 13159 - 03:39:19)(time 13533 - 03:45:33) ->    29(time 13730 - 03:48:50)(time 14092 - 03:54:52) ->    28(time 14211 - 03:56:51)(time 14567 - 04:02:47) ->    27(time 14686 - 04:04:46)(time 15093 - 04:11:33) ->    26(time 15212 - 04:13:32)(time 15605 - 04:20:05) ->    25(time 15724 - 04:22:04)(time 16079 - 04:27:59) ->    24(time 16198 - 04:29:58)(time 16603 - 04:36:43) ->    23(time 16722 - 04:38:42)(time 17102 - 04:45:02) ->    22(time 17381 - 04:49:41)(time 17800 - 04:56:40) ->    21(time 18248 - 05:04:08)(time 18645 - 05:10:45) ->    20(time 19093 - 05:18:13)(time 19461 - 05:24:21) ->    19(time 19740 - 05:29:00)(time 19740 - 05:29:00) -> 0
> Trip 1
   0(time 24681 - 06:51:21)(time 25049 - 06:57:29) ->    1(time 25168 - 06:59:28)(time 25565 - 07:06:05) ->    2(time 25684 - 07:08:04)(time 26103 - 07:15:03) ->    3(time 26222 - 07:17:02)(time 26602 - 07:23:22) ->    4(time 27050 - 07:30:50)(time 27455 - 07:37:35) ->    5(time 27574 - 07:39:34)(time 27929 - 07:45:29) ->    6(time 28377 - 07:52:57)(time 28770 - 07:59:30) ->    7(time 29218 - 08:06:58)(time 29625 - 08:13:45) ->    8(time 30073 - 08:21:13)(time 30429 - 08:27:09) ->    9(time 30548 - 08:29:08)(time 30910 - 08:35:10) ->    10(time 31029 - 08:37:09)(time 31403 - 08:43:23) ->    11(time 31682 - 08:48:02)(time 32073 - 08:54:33) ->    12(time 32192 - 08:56:32)(time 32558 - 09:02:38) ->    13(time 32677 - 09:04:37)(time 33079 - 09:11:19) ->    14(time 33198 - 09:13:18)(time 33611 - 09:20:11) ->    15(time 33730 - 09:22:10)(time 34127 - 09:28:47) ->    16(time 34246 - 09:30:46)(time 34635 - 09:37:15) ->    17(time 34754 - 09:39:14)(time 35137 - 09:45:37) ->    18(time 35416 - 09:50:16)(time 35416 - 09:50:16) ->    37(time 35416 - 09:50:16)(time 35799 - 09:56:39) ->    36(time 35918 - 09:58:38)(time 36307 - 10:05:07) ->    35(time 36426 - 10:07:06)(time 36823 - 10:13:43) ->    34(time 36942 - 10:15:42)(time 37355 - 10:22:35) ->    33(time 37474 - 10:24:34)(time 37876 - 10:31:16) ->    32(time 37995 - 10:33:15)(time 38361 - 10:39:21) ->    31(time 38480 - 10:41:20)(time 38871 - 10:47:51) ->    30(time 38954 - 10:49:14)(time 39328 - 10:55:28) ->    29(time 39447 - 10:57:27)(time 39809 - 11:03:29) ->    28(time 39928 - 11:05:28)(time 40284 - 11:11:24) ->    27(time 40403 - 11:13:23)(time 40810 - 11:20:10) ->    26(time 40929 - 11:22:09)(time 41322 - 11:28:42) ->    25(time 41441 - 11:30:41)(time 41796 - 11:36:36) ->    24(time 41915 - 11:38:35)(time 42320 - 11:45:20) ->    23(time 42439 - 11:47:19)(time 42819 - 11:53:39) ->    22(time 42938 - 11:55:38)(time 43357 - 12:02:37) ->    21(time 43476 - 12:04:36)(time 43873 - 12:11:13) ->    20(time 43992 - 12:13:12)(time 44360 - 12:19:20) ->    19(time 44639 - 12:23:59)(time 44639 - 12:23:59) -> 0
=============
Train 2
=============
> Trip 0
   0(time 0 - 00:00:00)(time 368 - 00:06:08) ->    1(time 487 - 00:08:07)(time 884 - 00:14:44) ->    2(time 1003 - 00:16:43)(time 1422 - 00:23:42) ->    3(time 1541 - 00:25:41)(time 1921 - 00:32:01) ->    4(time 2040 - 00:34:00)(time 2445 - 00:40:45) ->    5(time 2564 - 00:42:44)(time 2919 - 00:48:39) ->    6(time 3038 - 00:50:38)(time 3431 - 00:57:11) ->    7(time 3550 - 00:59:10)(time 3957 - 01:05:57) ->    8(time 4076 - 01:07:56)(time 4432 - 01:13:52) ->    9(time 4551 - 01:15:51)(time 4913 - 01:21:53) ->    10(time 5032 - 01:23:52)(time 5406 - 01:30:06) ->    11(time 5489 - 01:31:29)(time 5880 - 01:38:00) ->    12(time 5999 - 01:39:59)(time 6365 - 01:46:05) ->    13(time 6484 - 01:48:04)(time 6886 - 01:54:46) ->    14(time 7005 - 01:56:45)(time 7418 - 02:03:38) ->    15(time 7537 - 02:05:37)(time 7934 - 02:12:14) ->    16(time 8053 - 02:14:13)(time 8442 - 02:20:42) ->    17(time 8561 - 02:22:41)(time 8944 - 02:29:04) ->    18(time 9223 - 02:33:43)(time 9223 - 02:33:43) ->    37(time 9502 - 02:38:22)(time 9885 - 02:44:45) ->    36(time 10004 - 02:46:44)(time 10393 - 02:53:13) ->    35(time 10512 - 02:55:12)(time 10909 - 03:01:49) ->    34(time 11028 - 03:03:48)(time 11441 - 03:10:41) ->    33(time 11560 - 03:12:40)(time 11962 - 03:19:22) ->    32(time 12081 - 03:21:21)(time 12447 - 03:27:27) ->    31(time 12566 - 03:29:26)(time 12957 - 03:35:57) ->    30(time 13040 - 03:37:20)(time 13414 - 03:43:34) ->    29(time 13533 - 03:45:33)(time 13895 - 03:51:35) ->    28(time 14014 - 03:53:34)(time 14370 - 03:59:30) ->    27(time 14489 - 04:01:29)(time 14896 - 04:08:16) ->    26(time 15015 - 04:10:15)(time 15408 - 04:16:48) ->    25(time 15527 - 04:18:47)(time 15882 - 04:24:42) ->    24(time 16001 - 04:26:41)(time 16406 - 04:33:26) ->    23(time 16525 - 04:35:25)(time 16905 - 04:41:45) ->    22(time 17024 - 04:43:44)(time 17443 - 04:50:43) ->    21(time 17562 - 04:52:42)(time 17959 - 04:59:19) ->    20(time 18078 - 05:01:18)(time 18446 - 05:07:26) ->    19(time 18725 - 05:12:05)(time 18725 - 05:12:05) -> 0
> Trip 1
   0(time 18725 - 05:12:05)(time 19093 - 05:18:13) ->    1(time 19212 - 05:20:12)(time 19609 - 05:26:49) ->    2(time 19728 - 05:28:48)(time 20147 - 05:35:47) ->    3(time 20266 - 05:37:46)(time 20646 - 05:44:06) ->    4(time 20765 - 05:46:05)(time 21170 - 05:52:50) ->    5(time 21289 - 05:54:49)(time 21644 - 06:00:44) ->    6(time 21763 - 06:02:43)(time 22156 - 06:09:16) ->    7(time 22275 - 06:11:15)(time 22682 - 06:18:02) ->    8(time 22801 - 06:20:01)(time 23157 - 06:25:57) ->    9(time 23276 - 06:27:56)(time 23638 - 06:33:58) ->    10(time 23757 - 06:35:57)(time 24131 - 06:42:11) ->    11(time 24214 - 06:43:34)(time 24605 - 06:50:05) ->    12(time 24724 - 06:52:04)(time 25090 - 06:58:10) ->    13(time 25209 - 07:00:09)(time 25611 - 07:06:51) ->    14(time 25730 - 07:08:50)(time 26143 - 07:15:43) ->    15(time 26262 - 07:17:42)(time 26659 - 07:24:19) ->    16(time 26778 - 07:26:18)(time 27167 - 07:32:47) ->    17(time 27286 - 07:34:46)(time 27669 - 07:41:09) ->    18(time 27948 - 07:45:48)(time 27948 - 07:45:48) ->    37(time 27948 - 07:45:48)(time 28331 - 07:52:11) ->    36(time 28450 - 07:54:10)(time 28839 - 08:00:39) ->    35(time 28958 - 08:02:38)(time 29355 - 08:09:15) ->    34(time 29474 - 08:11:14)(time 29887 - 08:18:07) ->    33(time 30006 - 08:20:06)(time 30408 - 08:26:48) ->    32(time 30527 - 08:28:47)(time 30893 - 08:34:53) ->    31(time 31012 - 08:36:52)(time 31403 - 08:43:23) ->    30(time 31682 - 08:48:02)(time 32056 - 08:54:16) ->    29(time 32175 - 08:56:15)(time 32537 - 09:02:17) ->    28(time 32656 - 09:04:16)(time 33012 - 09:10:12) ->    27(time 33131 - 09:12:11)(time 33538 - 09:18:58) ->    26(time 33657 - 09:20:57)(time 34050 - 09:27:30) ->    25(time 34169 - 09:29:29)(time 34524 - 09:35:24) ->    24(time 34643 - 09:37:23)(time 35048 - 09:44:08) ->    23(time 35167 - 09:46:07)(time 35547 - 09:52:27) ->    22(time 35666 - 09:54:26)(time 36085 - 10:01:25) ->    21(time 36204 - 10:03:24)(time 36601 - 10:10:01) ->    20(time 36720 - 10:12:00)(time 37088 - 10:18:08) ->    19(time 37367 - 10:22:47)(time 37367 - 10:22:47) -> 0
=============
Train 3
=============
> Trip 0
   0(time 6699 - 01:51:39)(time 7067 - 01:57:47) ->    1(time 7515 - 02:05:15)(time 7912 - 02:11:52) ->    2(time 8360 - 02:19:20)(time 8779 - 02:26:19) ->    3(time 9227 - 02:33:47)(time 9607 - 02:40:07) ->    4(time 10055 - 02:47:35)(time 10460 - 02:54:20) ->    5(time 10908 - 03:01:48)(time 11263 - 03:07:43) ->    6(time 11711 - 03:15:11)(time 12104 - 03:21:44) ->    7(time 12552 - 03:29:12)(time 12959 - 03:35:59) ->    8(time 13407 - 03:43:27)(time 13763 - 03:49:23) ->    9(time 14211 - 03:56:51)(time 14573 - 04:02:53) ->    10(time 14692 - 04:04:52)(time 15066 - 04:11:06) ->    11(time 15149 - 04:12:29)(time 15540 - 04:19:00) ->    12(time 15659 - 04:20:59)(time 16025 - 04:27:05) ->    13(time 16144 - 04:29:04)(time 16546 - 04:35:46) ->    14(time 16665 - 04:37:45)(time 17078 - 04:44:38) ->    15(time 17197 - 04:46:37)(time 17594 - 04:53:14) ->    16(time 17713 - 04:55:13)(time 18102 - 05:01:42) ->    17(time 18221 - 05:03:41)(time 18604 - 05:10:04) ->    18(time 18883 - 05:14:43)(time 18883 - 05:14:43) ->    37(time 18883 - 05:14:43)(time 19266 - 05:21:06) ->    36(time 19385 - 05:23:05)(time 19774 - 05:29:34) ->    35(time 19893 - 05:31:33)(time 20290 - 05:38:10) ->    34(time 20409 - 05:40:09)(time 20822 - 05:47:02) ->    33(time 20941 - 05:49:01)(time 21343 - 05:55:43) ->    32(time 21462 - 05:57:42)(time 21828 - 06:03:48) ->    31(time 21947 - 06:05:47)(time 22338 - 06:12:18) ->    30(time 22421 - 06:13:41)(time 22795 - 06:19:55) ->    29(time 22914 - 06:21:54)(time 23276 - 06:27:56) ->    28(time 23724 - 06:35:24)(time 24080 - 06:41:20) ->    27(time 24356 - 06:45:56)(time 24763 - 06:52:43) ->    26(time 24882 - 06:54:42)(time 25275 - 07:01:15) ->    25(time 25394 - 07:03:14)(time 25749 - 07:09:09) ->    24(time 26197 - 07:16:37)(time 26602 - 07:23:22) ->    23(time 26881 - 07:28:01)(time 27261 - 07:34:21) ->    22(time 27380 - 07:36:20)(time 27799 - 07:43:19) ->    21(time 27918 - 07:45:18)(time 28315 - 07:51:55) ->    20(time 28434 - 07:53:54)(time 28802 - 08:00:02) ->    19(time 29081 - 08:04:41)(time 29081 - 08:04:41) -> 0
=============
Train 4
=============
> Trip 0
   0(time 5079 - 01:24:39)(time 5447 - 01:30:47) ->    1(time 5895 - 01:38:15)(time 6292 - 01:44:52) ->    2(time 6740 - 01:52:20)(time 7159 - 01:59:19) ->    3(time 7607 - 02:06:47)(time 7987 - 02:13:07) ->    4(time 8435 - 02:20:35)(time 8840 - 02:27:20) ->    5(time 9288 - 02:34:48)(time 9643 - 02:40:43) ->    6(time 9762 - 02:42:42)(time 10155 - 02:49:15) ->    7(time 10603 - 02:56:43)(time 11010 - 03:03:30) ->    8(time 11129 - 03:05:29)(time 11485 - 03:11:25) ->    9(time 11604 - 03:13:24)(time 11966 - 03:19:26) ->    10(time 12414 - 03:26:54)(time 12788 - 03:33:08) ->    11(time 13236 - 03:40:36)(time 13627 - 03:47:07) ->    12(time 14064 - 03:54:24)(time 14430 - 04:00:30) ->    13(time 14878 - 04:07:58)(time 15280 - 04:14:40) ->    14(time 15728 - 04:22:08)(time 16141 - 04:29:01) ->    15(time 16589 - 04:36:29)(time 16986 - 04:43:06) ->    16(time 17434 - 04:50:34)(time 17823 - 04:57:03) ->    17(time 17942 - 04:59:02)(time 18325 - 05:05:25) ->    18(time 18604 - 05:10:04)(time 18604 - 05:10:04) ->    37(time 18764 - 05:12:44)(time 19147 - 05:19:07) ->    36(time 19266 - 05:21:06)(time 19655 - 05:27:35) ->    35(time 19774 - 05:29:34)(time 20171 - 05:36:11) ->    34(time 20290 - 05:38:10)(time 20703 - 05:45:03) ->    33(time 20822 - 05:47:02)(time 21224 - 05:53:44) ->    32(time 21343 - 05:55:43)(time 21709 - 06:01:49) ->    31(time 21828 - 06:03:48)(time 22219 - 06:10:19) ->    30(time 22302 - 06:11:42)(time 22676 - 06:17:56) ->    29(time 22795 - 06:19:55)(time 23157 - 06:25:57) ->    28(time 23276 - 06:27:56)(time 23632 - 06:33:52) ->    27(time 24080 - 06:41:20)(time 24487 - 06:48:07) ->    26(time 24763 - 06:52:43)(time 25156 - 06:59:16) ->    25(time 25275 - 07:01:15)(time 25630 - 07:07:10) ->    24(time 25749 - 07:09:09)(time 26154 - 07:15:54) ->    23(time 26602 - 07:23:22)(time 26982 - 07:29:42) ->    22(time 27101 - 07:31:41)(time 27520 - 07:38:40) ->    21(time 27639 - 07:40:39)(time 28036 - 07:47:16) ->    20(time 28155 - 07:49:15)(time 28523 - 07:55:23) ->    19(time 28802 - 08:00:02)(time 28802 - 08:00:02) -> 0
=============
Train 5
=============
> Trip 0
   0(time 13606 - 03:46:46)(time 13974 - 03:52:54) ->    1(time 14422 - 04:00:22)(time 14819 - 04:06:59) ->    2(time 15267 - 04:14:27)(time 15686 - 04:21:26) ->    3(time 16134 - 04:28:54)(time 16514 - 04:35:14) ->    4(time 16962 - 04:42:42)(time 17367 - 04:49:27) ->    5(time 17815 - 04:56:55)(time 18170 - 05:02:50) ->    6(time 18618 - 05:10:18)(time 19011 - 05:16:51) ->    7(time 19459 - 05:24:19)(time 19866 - 05:31:06) ->    8(time 20314 - 05:38:34)(time 20670 - 05:44:30) ->    9(time 21118 - 05:51:58)(time 21480 - 05:58:00) ->    10(time 21928 - 06:05:28)(time 22302 - 06:11:42) ->    11(time 22750 - 06:19:10)(time 23141 - 06:25:41) ->    12(time 23589 - 06:33:09)(time 23955 - 06:39:15) ->    13(time 24403 - 06:46:43)(time 24805 - 06:53:25) ->    14(time 25003 - 06:56:43)(time 25416 - 07:03:36) ->    15(time 25535 - 07:05:35)(time 25932 - 07:12:12) ->    16(time 26051 - 07:14:11)(time 26440 - 07:20:40) ->    17(time 26559 - 07:22:39)(time 26942 - 07:29:02) ->    18(time 27221 - 07:33:41)(time 27221 - 07:33:41) ->    37(time 27669 - 07:41:09)(time 28052 - 07:47:32) ->    36(time 28171 - 07:49:31)(time 28560 - 07:56:00) ->    35(time 28679 - 07:57:59)(time 29076 - 08:04:36) ->    34(time 29195 - 08:06:35)(time 29608 - 08:13:28) ->    33(time 29727 - 08:15:27)(time 30129 - 08:22:09) ->    32(time 30248 - 08:24:08)(time 30614 - 08:30:14) ->    31(time 30893 - 08:34:53)(time 31284 - 08:41:24) ->    30(time 31403 - 08:43:23)(time 31777 - 08:49:37) ->    29(time 31896 - 08:51:36)(time 32258 - 08:57:38) ->    28(time 32377 - 08:59:37)(time 32733 - 09:05:33) ->    27(time 32852 - 09:07:32)(time 33259 - 09:14:19) ->    26(time 33378 - 09:16:18)(time 33771 - 09:22:51) ->    25(time 33890 - 09:24:50)(time 34245 - 09:30:45) ->    24(time 34364 - 09:32:44)(time 34769 - 09:39:29) ->    23(time 34888 - 09:41:28)(time 35268 - 09:47:48) ->    22(time 35387 - 09:49:47)(time 35806 - 09:56:46) ->    21(time 35925 - 09:58:45)(time 36322 - 10:05:22) ->    20(time 36441 - 10:07:21)(time 36809 - 10:13:29) ->    19(time 37088 - 10:18:08)(time 37088 - 10:18:08) -> 0
