t6p16r6h1.txt:
   > Trying to open the instance file...
   > Reading number of trains...
   > Reading maximum number of trips per train...
   > Reading time intervals...
   > Reading number of points...
   > Reading stations...
   > Reading crossings...
   > Reading depots...
   > Reading initial point...
   > Reading routes...
   > Reading distance and distance and service...
   > Reading demands...
   > Reading maximum time...
   > Reading alpha...

--------------------------------
 Printing instance
--------------------------------
number of trains = 6
	max trips per trains: 2     2     2     2     2     2
number of intervals = 1
	(0,  49750)
number of points = 16
	initial point: 0
	stations: 0     1     2     3     4     5     6     7     9    10    11    12    13    14    15
	crossings: 0     8    10    15
	depots: 0    10    15
number of vertices = 32
	total vertices: 0     1     2     3     4     5     6     7     8     9    10    11    12    13    14    15    16    17    18    19    20    21    22    23    24    25    26    27    28    29    30    31
	upper vertices: 0     1     2     3     4     5     6     7     8     9    10    11    12    13    14    15
	lower vertices: 16    17    18    19    20    21    22    23    24    25    26    27    28    29    30    31
	vertices of point #0: (0, 16)
	vertices of point #1: (1, 17)
	vertices of point #2: (2, 18)
	vertices of point #3: (3, 19)
	vertices of point #4: (4, 20)
	vertices of point #5: (5, 21)
	vertices of point #6: (6, 22)
	vertices of point #7: (7, 23)
	vertices of point #8: (8, 24)
	vertices of point #9: (9, 25)
	vertices of point #10: (10, 26)
	vertices of point #11: (11, 27)
	vertices of point #12: (12, 28)
	vertices of point #13: (13, 29)
	vertices of point #14: (14, 30)
	vertices of point #15: (15, 31)

arcs...
	total arcs: 
		arc #0: (0, 1)
		arc #1: (0, 16)
		arc #2: (16, 0)
		arc #3: (1, 2)
		arc #4: (17, 16)
		arc #5: (2, 3)
		arc #6: (18, 17)
		arc #7: (3, 4)
		arc #8: (19, 18)
		arc #9: (4, 5)
		arc #10: (20, 19)
		arc #11: (5, 6)
		arc #12: (21, 20)
		arc #13: (6, 7)
		arc #14: (22, 21)
		arc #15: (7, 8)
		arc #16: (23, 22)
		arc #17: (8, 9)
		arc #18: (24, 23)
		arc #19: (9, 10)
		arc #20: (25, 24)
		arc #21: (10, 11)
		arc #22: (26, 25)
		arc #23: (10, 26)
		arc #24: (26, 10)
		arc #25: (11, 12)
		arc #26: (27, 26)
		arc #27: (12, 13)
		arc #28: (28, 27)
		arc #29: (13, 14)
		arc #30: (29, 28)
		arc #31: (14, 15)
		arc #32: (30, 29)
		arc #33: (31, 30)
		arc #34: (15, 31)
		arc #35: (31, 15)

	reverse arcs: 
		arc #1: (0, 16)
		arc #2: (16, 0)
		arc #23: (10, 26)
		arc #24: (26, 10)
		arc #34: (15, 31)
		arc #35: (31, 15)


incompatible points...
	(0, 7, 24, (7, 8))	(24, 17, 0, (17, 16))	(8, 9, 26, (9, 10))	(26, 25, 8, (25, 24))	(10, 14, 31, (14, 15))	(31, 27, 10, (27, 26))

number of routes = 6
vertices of routes...
	route #0: 0     1     2     3     4     5     6     7     8     9    10    11    12    13    14    15    31    30    29    28    27    26    25    24    23    22    21    20    19    18    17    16     0
	route #1: 31    30    29    28    27    26    25    24    23    22    21    20    19    18    17    16     0     1     2     3     4     5     6     7     8     9    10    11    12    13    14    15    31
	route #2: 10    11    12    13    14    15
	route #3: 26    25    24    23    22    21    20    19    18    17    16
	route #4: 0     1     2     3     4     5     6     7     8     9    10
	route #5: 31    30    29    28    27    26
arcs of routes...
	route #0: 0     3     5     7     9    11    13    15    17    19    21    25    27    29    31    34    33    32    30    28    26    22    20    18    16    14    12    10     8     6     4     2
	route #1: 33    32    30    28    26    22    20    18    16    14    12    10     8     6     4     2     0     3     5     7     9    11    13    15    17    19    21    25    27    29    31    34
	route #2: 21    25    27    29    31
	route #3: 22    20    18    16    14    12    10     8     6     4
	route #4: 0     3     5     7     9    11    13    15    17    19
	route #5: 33    32    30    28    26

incompatible routes...
	(0, 1)    	(0, 2)    	(0, 3)    	(0, 5)    	(1, 0)    	(1, 2)    	(1, 3)    	(1, 4)    	(2, 0)    	(2, 2)    	(2, 3)    	(2, 4)    	(3, 1)    	(3, 2)    	(3, 3)    	(3, 5)    	(4, 0)    	(4, 1)    	(4, 4)    	(4, 5)    	(5, 0)    	(5, 1)    	(5, 4)    	(5, 5)

vertices that can be adjacent in consecutive trips...
	(0, 0)    	(10, 10)    	(10, 26)    	(15, 31)    	(16, 0)    	(26, 10)    	(26, 26)    	(31, 31)
non cyclical routes: 
       2       3       4       5

routes of trip...
	routes that train #0 can complete at trip #0: 0       4
	routes that train #0 can complete at trip #1: 0       1       2       3       4       5

	routes that train #1 can complete at trip #0: 0       4
	routes that train #1 can complete at trip #1: 0       1       2       3       4       5

	routes that train #2 can complete at trip #0: 0       4
	routes that train #2 can complete at trip #1: 0       1       2       3       4       5

	routes that train #3 can complete at trip #0: 0       4
	routes that train #3 can complete at trip #1: 0       1       2       3       4       5

	routes that train #4 can complete at trip #0: 0       4
	routes that train #4 can complete at trip #1: 0       1       2       3       4       5

	routes that train #5 can complete at trip #0: 0       4
	routes that train #5 can complete at trip #1: 0       1       2       3       4       5

 cost...
	arc #0 [0][1]: 458
	arc #1 [0][16]: 0
	arc #2 [16][0]: 0
	arc #3 [1][2]: 430
	arc #4 [17][16]: 458
	arc #5 [2][3]: 462
	arc #6 [18][17]: 430
	arc #7 [3][4]: 433
	arc #8 [19][18]: 462
	arc #9 [4][5]: 475
	arc #10 [20][19]: 433
	arc #11 [5][6]: 466
	arc #12 [21][20]: 475
	arc #13 [6][7]: 469
	arc #14 [22][21]: 466
	arc #15 [7][8]: 472
	arc #16 [23][22]: 469
	arc #17 [8][9]: 420
	arc #18 [24][23]: 472
	arc #19 [9][10]: 465
	arc #20 [25][24]: 420
	arc #21 [10][11]: 447
	arc #22 [26][25]: 465
	arc #23 [10][26]: 0
	arc #24 [26][10]: 0
	arc #25 [11][12]: 470
	arc #26 [27][26]: 447
	arc #27 [12][13]: 484
	arc #28 [28][27]: 470
	arc #29 [13][14]: 427
	arc #30 [29][28]: 484
	arc #31 [14][15]: 466
	arc #32 [30][29]: 427
	arc #33 [31][30]: 466
	arc #34 [15][31]: 0
	arc #35 [31][15]: 0

cost with minimum service...
	arc #0 [0][1]: 568
	arc #1 [0][16]: 0
	arc #2 [16][0]: 0
	arc #3 [1][2]: 540
	arc #4 [17][16]: 626
	arc #5 [2][3]: 572
	arc #6 [18][17]: 540
	arc #7 [3][4]: 543
	arc #8 [19][18]: 572
	arc #9 [4][5]: 585
	arc #10 [20][19]: 543
	arc #11 [5][6]: 576
	arc #12 [21][20]: 585
	arc #13 [6][7]: 579
	arc #14 [22][21]: 576
	arc #15 [7][8]: 554
	arc #16 [23][22]: 579
	arc #17 [8][9]: 530
	arc #18 [24][23]: 582
	arc #19 [9][10]: 633
	arc #20 [25][24]: 502
	arc #21 [10][11]: 557
	arc #22 [26][25]: 575
	arc #23 [10][26]: 0
	arc #24 [26][10]: 0
	arc #25 [11][12]: 580
	arc #26 [27][26]: 615
	arc #27 [12][13]: 594
	arc #28 [28][27]: 580
	arc #29 [13][14]: 537
	arc #30 [29][28]: 594
	arc #31 [14][15]: 634
	arc #32 [30][29]: 537
	arc #33 [31][30]: 576
	arc #34 [15][31]: 0
	arc #35 [31][15]: 0

cost with maximum service...
	arc #0 [0][1]: 1021
	arc #1 [0][16]: 563
	arc #2 [16][0]: 563
	arc #3 [1][2]: 993
	arc #4 [17][16]: 1021
	arc #5 [2][3]: 1025
	arc #6 [18][17]: 993
	arc #7 [3][4]: 996
	arc #8 [19][18]: 1025
	arc #9 [4][5]: 1038
	arc #10 [20][19]: 996
	arc #11 [5][6]: 1029
	arc #12 [21][20]: 1038
	arc #13 [6][7]: 1032
	arc #14 [22][21]: 1029
	arc #15 [7][8]: 1035
	arc #16 [23][22]: 1032
	arc #17 [8][9]: 983
	arc #18 [24][23]: 1035
	arc #19 [9][10]: 1028
	arc #20 [25][24]: 983
	arc #21 [10][11]: 1010
	arc #22 [26][25]: 1028
	arc #23 [10][26]: 563
	arc #24 [26][10]: 563
	arc #25 [11][12]: 1033
	arc #26 [27][26]: 1010
	arc #27 [12][13]: 1047
	arc #28 [28][27]: 1033
	arc #29 [13][14]: 990
	arc #30 [29][28]: 1047
	arc #31 [14][15]: 1029
	arc #32 [30][29]: 990
	arc #33 [31][30]: 1029
	arc #34 [15][31]: 563
	arc #35 [31][15]: 563

demands...
	demands of vertex 0 at time interval: 9
	demands of vertex 1 at time interval: 9
	demands of vertex 2 at time interval: 9
	demands of vertex 3 at time interval: 9
	demands of vertex 4 at time interval: 9
	demands of vertex 5 at time interval: 9
	demands of vertex 6 at time interval: 9
	demands of vertex 7 at time interval: 9
	demands of vertex 8 at time interval: 0
	demands of vertex 9 at time interval: 9
	demands of vertex 10 at time interval: 9
	demands of vertex 11 at time interval: 9
	demands of vertex 12 at time interval: 9
	demands of vertex 13 at time interval: 9
	demands of vertex 14 at time interval: 9
	demands of vertex 15 at time interval: 0
	demands of vertex 16 at time interval: 0
	demands of vertex 17 at time interval: 9
	demands of vertex 18 at time interval: 9
	demands of vertex 19 at time interval: 9
	demands of vertex 20 at time interval: 9
	demands of vertex 21 at time interval: 9
	demands of vertex 22 at time interval: 9
	demands of vertex 23 at time interval: 9
	demands of vertex 24 at time interval: 0
	demands of vertex 25 at time interval: 9
	demands of vertex 26 at time interval: 9
	demands of vertex 27 at time interval: 9
	demands of vertex 28 at time interval: 9
	demands of vertex 29 at time interval: 9
	demands of vertex 30 at time interval: 9
	demands of vertex 31 at time interval: 9

maximum time = 49750
alpha = 77
Starting to test combinations... - Total number of combinations = 46656
Found new best - 4/46656
Found new best - 5/46656
Found new best - 15/46656
Found new best - 16/46656
Found new best - 17/46656
Found new best - 87/46656
10% done - 4666/46656 combination(s) tested! (Thread 0)
20% done - 9332/46656 combination(s) tested! (Thread 0)
30% done - 13998/46656 combination(s) tested! (Thread 0)
40% done - 18664/46656 combination(s) tested! (Thread 0)
50% done - 23330/46656 combination(s) tested! (Thread 0)
60% done - 27996/46656 combination(s) tested! (Thread 0)
70% done - 32662/46656 combination(s) tested! (Thread 0)
80% done - 37328/46656 combination(s) tested! (Thread 0)
90% done - 41994/46656 combination(s) tested! (Thread 0)
	Cannot prove optimality!

>> Printing some results...
    -> Solution value = 43922 - 12:12:02
    -> Total time = 15647.16

=============
Train 0
=============
> Trip 0
   0(time 0 - 00:00:00)(time 458 - 00:07:38) ->    1(time 568 - 00:09:28)(time 998 - 00:16:38) ->    2(time 1108 - 00:18:28)(time 1570 - 00:26:10) ->    3(time 1680 - 00:28:00)(time 2113 - 00:35:13) ->    4(time 2223 - 00:37:03)(time 2698 - 00:44:58) ->    5(time 2808 - 00:46:48)(time 3274 - 00:54:34) ->    6(time 3384 - 00:56:24)(time 3853 - 01:04:13) ->    7(time 3963 - 01:06:03)(time 4435 - 01:13:55) ->    8(time 4517 - 01:15:17)(time 4937 - 01:22:17) ->    9(time 5047 - 01:24:07)(time 5512 - 01:31:52) ->    10(time 5680 - 01:34:40)(time 6127 - 01:42:07) ->    11(time 6237 - 01:43:57)(time 6707 - 01:51:47) ->    12(time 6817 - 01:53:37)(time 7301 - 02:01:41) ->    13(time 7411 - 02:03:31)(time 7838 - 02:10:38) ->    14(time 7948 - 02:12:28)(time 8414 - 02:20:14) ->    15(time 8582 - 02:23:02)(time 8582 - 02:23:02) ->    31(time 8750 - 02:25:50)(time 9216 - 02:33:36) ->    30(time 9326 - 02:35:26)(time 9753 - 02:42:33) ->    29(time 9863 - 02:44:23)(time 10347 - 02:52:27) ->    28(time 10457 - 02:54:17)(time 10927 - 03:02:07) ->    27(time 11037 - 03:03:57)(time 11484 - 03:11:24) ->    26(time 11652 - 03:14:12)(time 12117 - 03:21:57) ->    25(time 12227 - 03:23:47)(time 12647 - 03:30:47) ->    24(time 12729 - 03:32:09)(time 13201 - 03:40:01) ->    23(time 13311 - 03:41:51)(time 13780 - 03:49:40) ->    22(time 13890 - 03:51:30)(time 14356 - 03:59:16) ->    21(time 14466 - 04:01:06)(time 14941 - 04:09:01) ->    20(time 15051 - 04:10:51)(time 15484 - 04:18:04) ->    19(time 15594 - 04:19:54)(time 16056 - 04:27:36) ->    18(time 16166 - 04:29:26)(time 16596 - 04:36:36) ->    17(time 16706 - 04:38:26)(time 17164 - 04:46:04) ->    16(time 17332 - 04:48:52)(time 17332 - 04:48:52) -> 0
> Trip 1
   0(time 17610 - 04:53:30)(time 18068 - 05:01:08) ->    1(time 18178 - 05:02:58)(time 18608 - 05:10:08) ->    2(time 18718 - 05:11:58)(time 19180 - 05:19:40) ->    3(time 19290 - 05:21:30)(time 19723 - 05:28:43) ->    4(time 19833 - 05:30:33)(time 20308 - 05:38:28) ->    5(time 20418 - 05:40:18)(time 20884 - 05:48:04) ->    6(time 20994 - 05:49:54)(time 21463 - 05:57:43) ->    7(time 21573 - 05:59:33)(time 22045 - 06:07:25) ->    8(time 22155 - 06:09:15)(time 22575 - 06:16:15) ->    9(time 22715 - 06:18:35)(time 23180 - 06:26:20) ->    10(time 23713 - 06:35:13)(time 24160 - 06:42:40) ->    11(time 24270 - 06:44:30)(time 24740 - 06:52:20) ->    12(time 24850 - 06:54:10)(time 25334 - 07:02:14) ->    13(time 25444 - 07:04:04)(time 25871 - 07:11:11) ->    14(time 25981 - 07:13:01)(time 26447 - 07:20:47) ->    15(time 26615 - 07:23:35)(time 26615 - 07:23:35) ->    31(time 27178 - 07:32:58)(time 27644 - 07:40:44) ->    30(time 28190 - 07:49:50)(time 28617 - 07:56:57) ->    29(time 29180 - 08:06:20)(time 29664 - 08:14:24) ->    28(time 30227 - 08:23:47)(time 30697 - 08:31:37) ->    27(time 31260 - 08:41:00)(time 31707 - 08:48:27) ->    26(time 32270 - 08:57:50)(time 32735 - 09:05:35) ->    25(time 32845 - 09:07:25)(time 33265 - 09:14:25) ->    24(time 33347 - 09:15:47)(time 33819 - 09:23:39) ->    23(time 33929 - 09:25:29)(time 34398 - 09:33:18) ->    22(time 34508 - 09:35:08)(time 34974 - 09:42:54) ->    21(time 35084 - 09:44:44)(time 35559 - 09:52:39) ->    20(time 35669 - 09:54:29)(time 36102 - 10:01:42) ->    19(time 36212 - 10:03:32)(time 36674 - 10:11:14) ->    18(time 36784 - 10:13:04)(time 37214 - 10:20:14) ->    17(time 37324 - 10:22:04)(time 37782 - 10:29:42) ->    16(time 37950 - 10:32:30)(time 37950 - 10:32:30) -> 0
=============
Train 1
=============
> Trip 0
   0(time 336 - 00:05:36)(time 794 - 00:13:14) ->    1(time 904 - 00:15:04)(time 1334 - 00:22:14) ->    2(time 1444 - 00:24:04)(time 1906 - 00:31:46) ->    3(time 2016 - 00:33:36)(time 2449 - 00:40:49) ->    4(time 2559 - 00:42:39)(time 3034 - 00:50:34) ->    5(time 3144 - 00:52:24)(time 3610 - 01:00:10) ->    6(time 3720 - 01:02:00)(time 4189 - 01:09:49) ->    7(time 4299 - 01:11:39)(time 4771 - 01:19:31) ->    8(time 4853 - 01:20:53)(time 5273 - 01:27:53) ->    9(time 5383 - 01:29:43)(time 5848 - 01:37:28) ->    10(time 6016 - 01:40:16)(time 6463 - 01:47:43) ->    11(time 6573 - 01:49:33)(time 7043 - 01:57:23) ->    12(time 7153 - 01:59:13)(time 7637 - 02:07:17) ->    13(time 7747 - 02:09:07)(time 8174 - 02:16:14) ->    14(time 8284 - 02:18:04)(time 8750 - 02:25:50) ->    15(time 8918 - 02:28:38)(time 8918 - 02:28:38) ->    31(time 9086 - 02:31:26)(time 9552 - 02:39:12) ->    30(time 9662 - 02:41:02)(time 10089 - 02:48:09) ->    29(time 10199 - 02:49:59)(time 10683 - 02:58:03) ->    28(time 10793 - 02:59:53)(time 11263 - 03:07:43) ->    27(time 11373 - 03:09:33)(time 11820 - 03:17:00) ->    26(time 11988 - 03:19:48)(time 12453 - 03:27:33) ->    25(time 12563 - 03:29:23)(time 12983 - 03:36:23) ->    24(time 13065 - 03:37:45)(time 13537 - 03:45:37) ->    23(time 13647 - 03:47:27)(time 14116 - 03:55:16) ->    22(time 14226 - 03:57:06)(time 14692 - 04:04:52) ->    21(time 14802 - 04:06:42)(time 15277 - 04:14:37) ->    20(time 15387 - 04:16:27)(time 15820 - 04:23:40) ->    19(time 15930 - 04:25:30)(time 16392 - 04:33:12) ->    18(time 16502 - 04:35:02)(time 16932 - 04:42:12) ->    17(time 17042 - 04:44:02)(time 17500 - 04:51:40) ->    16(time 17668 - 04:54:28)(time 17668 - 04:54:28) -> 0
> Trip 1
   0(time 17720 - 04:55:20)(time 18178 - 05:02:58) ->    1(time 18288 - 05:04:48)(time 18718 - 05:11:58) ->    2(time 18828 - 05:13:48)(time 19290 - 05:21:30) ->    3(time 19400 - 05:23:20)(time 19833 - 05:30:33) ->    4(time 19943 - 05:32:23)(time 20418 - 05:40:18) ->    5(time 20528 - 05:42:08)(time 20994 - 05:49:54) ->    6(time 21104 - 05:51:44)(time 21573 - 05:59:33) ->    7(time 21683 - 06:01:23)(time 22155 - 06:09:15) ->    8(time 22718 - 06:18:38)(time 23138 - 06:25:38) ->    9(time 23248 - 06:27:28)(time 23713 - 06:35:13) ->    10(time 23881 - 06:38:01)(time 24328 - 06:45:28) ->    11(time 24438 - 06:47:18)(time 24908 - 06:55:08) ->    12(time 25018 - 06:56:58)(time 25502 - 07:05:02) ->    13(time 25612 - 07:06:52)(time 26039 - 07:13:59) ->    14(time 26149 - 07:15:49)(time 26615 - 07:23:35) ->    15(time 27178 - 07:32:58)(time 27178 - 07:32:58) ->    31(time 27741 - 07:42:21)(time 28207 - 07:50:07) ->    30(time 28770 - 07:59:30)(time 29197 - 08:06:37) ->    29(time 29760 - 08:16:00)(time 30244 - 08:24:04) ->    28(time 30807 - 08:33:27)(time 31277 - 08:41:17) ->    27(time 31823 - 08:50:23)(time 32270 - 08:57:50) ->    26(time 32438 - 09:00:38)(time 32903 - 09:08:23) ->    25(time 33013 - 09:10:13)(time 33433 - 09:17:13) ->    24(time 33515 - 09:18:35)(time 33987 - 09:26:27) ->    23(time 34097 - 09:28:17)(time 34566 - 09:36:06) ->    22(time 34676 - 09:37:56)(time 35142 - 09:45:42) ->    21(time 35252 - 09:47:32)(time 35727 - 09:55:27) ->    20(time 35837 - 09:57:17)(time 36270 - 10:04:30) ->    19(time 36380 - 10:06:20)(time 36842 - 10:14:02) ->    18(time 36952 - 10:15:52)(time 37382 - 10:23:02) ->    17(time 37945 - 10:32:25)(time 38403 - 10:40:03) ->    16(time 38571 - 10:42:51)(time 38571 - 10:42:51) -> 0
=============
Train 2
=============
> Trip 0
   0(time 168 - 00:02:48)(time 626 - 00:10:26) ->    1(time 736 - 00:12:16)(time 1166 - 00:19:26) ->    2(time 1276 - 00:21:16)(time 1738 - 00:28:58) ->    3(time 1848 - 00:30:48)(time 2281 - 00:38:01) ->    4(time 2391 - 00:39:51)(time 2866 - 00:47:46) ->    5(time 2976 - 00:49:36)(time 3442 - 00:57:22) ->    6(time 3552 - 00:59:12)(time 4021 - 01:07:01) ->    7(time 4131 - 01:08:51)(time 4603 - 01:16:43) ->    8(time 4685 - 01:18:05)(time 5105 - 01:25:05) ->    9(time 5215 - 01:26:55)(time 5680 - 01:34:40) ->    10(time 5848 - 01:37:28)(time 6295 - 01:44:55) ->    11(time 6405 - 01:46:45)(time 6875 - 01:54:35) ->    12(time 6985 - 01:56:25)(time 7469 - 02:04:29) ->    13(time 7579 - 02:06:19)(time 8006 - 02:13:26) ->    14(time 8116 - 02:15:16)(time 8582 - 02:23:02) ->    15(time 8750 - 02:25:50)(time 8750 - 02:25:50) ->    31(time 8918 - 02:28:38)(time 9384 - 02:36:24) ->    30(time 9494 - 02:38:14)(time 9921 - 02:45:21) ->    29(time 10031 - 02:47:11)(time 10515 - 02:55:15) ->    28(time 10625 - 02:57:05)(time 11095 - 03:04:55) ->    27(time 11205 - 03:06:45)(time 11652 - 03:14:12) ->    26(time 11820 - 03:17:00)(time 12285 - 03:24:45) ->    25(time 12395 - 03:26:35)(time 12815 - 03:33:35) ->    24(time 12897 - 03:34:57)(time 13369 - 03:42:49) ->    23(time 13479 - 03:44:39)(time 13948 - 03:52:28) ->    22(time 14058 - 03:54:18)(time 14524 - 04:02:04) ->    21(time 14634 - 04:03:54)(time 15109 - 04:11:49) ->    20(time 15219 - 04:13:39)(time 15652 - 04:20:52) ->    19(time 15762 - 04:22:42)(time 16224 - 04:30:24) ->    18(time 16334 - 04:32:14)(time 16764 - 04:39:24) ->    17(time 16874 - 04:41:14)(time 17332 - 04:48:52) ->    16(time 17500 - 04:51:40)(time 17500 - 04:51:40) -> 0
> Trip 1
   0(time 17500 - 04:51:40)(time 17958 - 04:59:18) ->    1(time 18068 - 05:01:08)(time 18498 - 05:08:18) ->    2(time 18608 - 05:10:08)(time 19070 - 05:17:50) ->    3(time 19180 - 05:19:40)(time 19613 - 05:26:53) ->    4(time 19723 - 05:28:43)(time 20198 - 05:36:38) ->    5(time 20308 - 05:38:28)(time 20774 - 05:46:14) ->    6(time 20884 - 05:48:04)(time 21353 - 05:55:53) ->    7(time 21463 - 05:57:43)(time 21935 - 06:05:35) ->    8(time 22017 - 06:06:57)(time 22437 - 06:13:57) ->    9(time 22547 - 06:15:47)(time 23012 - 06:23:32) ->    10(time 23180 - 06:26:20)(time 23627 - 06:33:47) ->    11(time 23737 - 06:35:37)(time 24207 - 06:43:27) ->    12(time 24317 - 06:45:17)(time 24801 - 06:53:21) ->    13(time 24911 - 06:55:11)(time 25338 - 07:02:18) ->    14(time 25448 - 07:04:08)(time 25914 - 07:11:54) ->    15(time 26082 - 07:14:42)(time 26082 - 07:14:42) ->    31(time 26615 - 07:23:35)(time 27081 - 07:31:21) ->    30(time 27191 - 07:33:11)(time 27618 - 07:40:18) ->    29(time 27728 - 07:42:08)(time 28212 - 07:50:12) ->    28(time 28322 - 07:52:02)(time 28792 - 07:59:52) ->    27(time 28902 - 08:01:42)(time 29349 - 08:09:09) ->    26(time 29517 - 08:11:57)(time 29982 - 08:19:42) ->    25(time 30210 - 08:23:30)(time 30630 - 08:30:30) ->    24(time 31193 - 08:39:53)(time 31665 - 08:47:45) ->    23(time 31775 - 08:49:35)(time 32244 - 08:57:24) ->    22(time 32354 - 08:59:14)(time 32820 - 09:07:00) ->    21(time 32930 - 09:08:50)(time 33405 - 09:16:45) ->    20(time 33515 - 09:18:35)(time 33948 - 09:25:48) ->    19(time 34058 - 09:27:38)(time 34520 - 09:35:20) ->    18(time 34630 - 09:37:10)(time 35060 - 09:44:20) ->    17(time 35170 - 09:46:10)(time 35628 - 09:53:48) ->    16(time 35796 - 09:56:36)(time 35796 - 09:56:36) -> 0
=============
Train 3
=============
> Trip 0
   0(time 5687 - 01:34:47)(time 6145 - 01:42:25) ->    1(time 6255 - 01:44:15)(time 6685 - 01:51:25) ->    2(time 6795 - 01:53:15)(time 7257 - 02:00:57) ->    3(time 7367 - 02:02:47)(time 7800 - 02:10:00) ->    4(time 7910 - 02:11:50)(time 8385 - 02:19:45) ->    5(time 8495 - 02:21:35)(time 8961 - 02:29:21) ->    6(time 9071 - 02:31:11)(time 9540 - 02:39:00) ->    7(time 9650 - 02:40:50)(time 10122 - 02:48:42) ->    8(time 10204 - 02:50:04)(time 10624 - 02:57:04) ->    9(time 11187 - 03:06:27)(time 11652 - 03:14:12) ->    10(time 12215 - 03:23:35)(time 12662 - 03:31:02) ->    11(time 12772 - 03:32:52)(time 13242 - 03:40:42) ->    12(time 13805 - 03:50:05)(time 14289 - 03:58:09) ->    13(time 14660 - 04:04:20)(time 15087 - 04:11:27) ->    14(time 15197 - 04:13:17)(time 15663 - 04:21:03) ->    15(time 15831 - 04:23:51)(time 15831 - 04:23:51) ->    31(time 16394 - 04:33:14)(time 16860 - 04:41:00) ->    30(time 16970 - 04:42:50)(time 17397 - 04:49:57) ->    29(time 17960 - 04:59:20)(time 18444 - 05:07:24) ->    28(time 18554 - 05:09:14)(time 19024 - 05:17:04) ->    27(time 19134 - 05:18:54)(time 19581 - 05:26:21) ->    26(time 20144 - 05:35:44)(time 20609 - 05:43:29) ->    25(time 21172 - 05:52:52)(time 21592 - 05:59:52) ->    24(time 22155 - 06:09:15)(time 22627 - 06:17:07) ->    23(time 22737 - 06:18:57)(time 23206 - 06:26:46) ->    22(time 23316 - 06:28:36)(time 23782 - 06:36:22) ->    21(time 23892 - 06:38:12)(time 24367 - 06:46:07) ->    20(time 24477 - 06:47:57)(time 24910 - 06:55:10) ->    19(time 25020 - 06:57:00)(time 25482 - 07:04:42) ->    18(time 25592 - 07:06:32)(time 26022 - 07:13:42) ->    17(time 26132 - 07:15:32)(time 26590 - 07:23:10) ->    16(time 26758 - 07:25:58)(time 26758 - 07:25:58) -> 0
=============
Train 4
=============
> Trip 0
   0(time 26590 - 07:23:10)(time 27048 - 07:30:48) ->    1(time 27158 - 07:32:38)(time 27588 - 07:39:48) ->    2(time 27698 - 07:41:38)(time 28160 - 07:49:20) ->    3(time 28270 - 07:51:10)(time 28703 - 07:58:23) ->    4(time 28813 - 08:00:13)(time 29288 - 08:08:08) ->    5(time 29398 - 08:09:58)(time 29864 - 08:17:44) ->    6(time 29974 - 08:19:34)(time 30443 - 08:27:23) ->    7(time 30553 - 08:29:13)(time 31025 - 08:37:05) ->    8(time 31107 - 08:38:27)(time 31527 - 08:45:27) ->    9(time 31637 - 08:47:17)(time 32102 - 08:55:02) ->    10(time 32270 - 08:57:50)(time 32717 - 09:05:17) ->    11(time 32827 - 09:07:07)(time 33297 - 09:14:57) ->    12(time 33407 - 09:16:47)(time 33891 - 09:24:51) ->    13(time 34001 - 09:26:41)(time 34428 - 09:33:48) ->    14(time 34538 - 09:35:38)(time 35004 - 09:43:24) ->    15(time 35172 - 09:46:12)(time 35172 - 09:46:12) ->    31(time 35172 - 09:46:12)(time 35638 - 09:53:58) ->    30(time 35748 - 09:55:48)(time 36175 - 10:02:55) ->    29(time 36285 - 10:04:45)(time 36769 - 10:12:49) ->    28(time 36879 - 10:14:39)(time 37349 - 10:22:29) ->    27(time 37459 - 10:24:19)(time 37906 - 10:31:46) ->    26(time 38074 - 10:34:34)(time 38539 - 10:42:19) ->    25(time 38649 - 10:44:09)(time 39069 - 10:51:09) ->    24(time 39151 - 10:52:31)(time 39623 - 11:00:23) ->    23(time 39733 - 11:02:13)(time 40202 - 11:10:02) ->    22(time 40312 - 11:11:52)(time 40778 - 11:19:38) ->    21(time 40888 - 11:21:28)(time 41363 - 11:29:23) ->    20(time 41473 - 11:31:13)(time 41906 - 11:38:26) ->    19(time 42016 - 11:40:16)(time 42478 - 11:47:58) ->    18(time 42588 - 11:49:48)(time 43018 - 11:56:58) ->    17(time 43128 - 11:58:48)(time 43586 - 12:06:26) ->    16(time 43754 - 12:09:14)(time 43754 - 12:09:14) -> 0
=============
Train 5
=============
> Trip 0
   0(time 26758 - 07:25:58)(time 27216 - 07:33:36) ->    1(time 27326 - 07:35:26)(time 27756 - 07:42:36) ->    2(time 27866 - 07:44:26)(time 28328 - 07:52:08) ->    3(time 28438 - 07:53:58)(time 28871 - 08:01:11) ->    4(time 28981 - 08:03:01)(time 29456 - 08:10:56) ->    5(time 29566 - 08:12:46)(time 30032 - 08:20:32) ->    6(time 30142 - 08:22:22)(time 30611 - 08:30:11) ->    7(time 30721 - 08:32:01)(time 31193 - 08:39:53) ->    8(time 31275 - 08:41:15)(time 31695 - 08:48:15) ->    9(time 31805 - 08:50:05)(time 32270 - 08:57:50) ->    10(time 32438 - 09:00:38)(time 32885 - 09:08:05) ->    11(time 32995 - 09:09:55)(time 33465 - 09:17:45) ->    12(time 33575 - 09:19:35)(time 34059 - 09:27:39) ->    13(time 34169 - 09:29:29)(time 34596 - 09:36:36) ->    14(time 34706 - 09:38:26)(time 35172 - 09:46:12) ->    15(time 35340 - 09:49:00)(time 35340 - 09:49:00) ->    31(time 35340 - 09:49:00)(time 35806 - 09:56:46) ->    30(time 35916 - 09:58:36)(time 36343 - 10:05:43) ->    29(time 36453 - 10:07:33)(time 36937 - 10:15:37) ->    28(time 37047 - 10:17:27)(time 37517 - 10:25:17) ->    27(time 37627 - 10:27:07)(time 38074 - 10:34:34) ->    26(time 38242 - 10:37:22)(time 38707 - 10:45:07) ->    25(time 38817 - 10:46:57)(time 39237 - 10:53:57) ->    24(time 39319 - 10:55:19)(time 39791 - 11:03:11) ->    23(time 39901 - 11:05:01)(time 40370 - 11:12:50) ->    22(time 40480 - 11:14:40)(time 40946 - 11:22:26) ->    21(time 41056 - 11:24:16)(time 41531 - 11:32:11) ->    20(time 41641 - 11:34:01)(time 42074 - 11:41:14) ->    19(time 42184 - 11:43:04)(time 42646 - 11:50:46) ->    18(time 42756 - 11:52:36)(time 43186 - 11:59:46) ->    17(time 43296 - 12:01:36)(time 43754 - 12:09:14) ->    16(time 43922 - 12:12:02)(time 43922 - 12:12:02) -> 0
