t6p12r10h2.txt:
   > Trying to open the instance file...
   > Reading number of trains...
   > Reading maximum number of trips per train...
   > Reading time intervals...
   > Reading number of points...
   > Reading stations...
   > Reading crossings...
   > Reading depots...
   > Reading initial point...
   > Reading routes...
   > Reading distance and distance and service...
   > Reading demands...
   > Reading maximum time...
   > Reading alpha...

--------------------------------
 Printing instance
--------------------------------
number of trains = 6
	max trips per trains: 2     2     2     2     2     2
number of intervals = 2
	(0,  24688)	(24689,  49377)
number of points = 12
	initial point: 11
	stations: 0     1     3     4     6     7     8     9    10    11
	crossings: 0     1     2     3     5     6     7    11
	depots: 0     1     3    11
number of vertices = 24
	total vertices: 0     1     2     3     4     5     6     7     8     9    10    11    12    13    14    15    16    17    18    19    20    21    22    23
	upper vertices: 0     1     2     3     4     5     6     7     8     9    10    11
	lower vertices: 12    13    14    15    16    17    18    19    20    21    22    23
	vertices of point #0: (0, 12)
	vertices of point #1: (1, 13)
	vertices of point #2: (2, 14)
	vertices of point #3: (3, 15)
	vertices of point #4: (4, 16)
	vertices of point #5: (5, 17)
	vertices of point #6: (6, 18)
	vertices of point #7: (7, 19)
	vertices of point #8: (8, 20)
	vertices of point #9: (9, 21)
	vertices of point #10: (10, 22)
	vertices of point #11: (11, 23)

arcs...
	total arcs: 
		arc #0: (0, 1)
		arc #1: (0, 12)
		arc #2: (12, 0)
		arc #3: (1, 2)
		arc #4: (13, 12)
		arc #5: (1, 13)
		arc #6: (13, 1)
		arc #7: (2, 3)
		arc #8: (14, 13)
		arc #9: (3, 4)
		arc #10: (15, 14)
		arc #11: (3, 15)
		arc #12: (15, 3)
		arc #13: (4, 5)
		arc #14: (16, 15)
		arc #15: (5, 6)
		arc #16: (17, 16)
		arc #17: (6, 7)
		arc #18: (18, 17)
		arc #19: (7, 8)
		arc #20: (19, 18)
		arc #21: (8, 9)
		arc #22: (20, 19)
		arc #23: (9, 10)
		arc #24: (21, 20)
		arc #25: (10, 11)
		arc #26: (22, 21)
		arc #27: (23, 22)
		arc #28: (11, 23)
		arc #29: (23, 11)

	reverse arcs: 
		arc #1: (0, 12)
		arc #2: (12, 0)
		arc #5: (1, 13)
		arc #6: (13, 1)
		arc #11: (3, 15)
		arc #12: (15, 3)
		arc #28: (11, 23)
		arc #29: (23, 11)


incompatible points...
	(0, 0, 13, (0, 1))	(13, 13, 0, (13, 12))	(1, 1, 14, (1, 2))	(14, 14, 1, (14, 13))	(2, 2, 15, (2, 3))	(15, 15, 2, (15, 14))	(3, 4, 17, (4, 5))	(17, 16, 3, (16, 15))	(5, 5, 18, (5, 6))	(18, 18, 5, (18, 17))	(6, 6, 19, (6, 7))	(19, 19, 6, (19, 18))	(7, 10, 23, (10, 11))	(23, 20, 7, (20, 19))

number of routes = 10
vertices of routes...
	route #0: 0     1     2     3     4     5     6     7     8     9    10    11    23    22    21    20    19    18    17    16    15    14    13    12     0
	route #1: 23    22    21    20    19    18    17    16    15    14    13    12     0     1     2     3     4     5     6     7     8     9    10    11    23
	route #2: 1     2     3     4     5     6     7     8     9    10    11
	route #3: 13    12
	route #4: 0     1
	route #5: 23    22    21    20    19    18    17    16    15    14    13
	route #6: 3     4     5     6     7     8     9    10    11
	route #7: 15    14    13    12
	route #8: 0     1     2     3
	route #9: 23    22    21    20    19    18    17    16    15
arcs of routes...
	route #0: 0     3     7     9    13    15    17    19    21    23    25    28    27    26    24    22    20    18    16    14    10     8     4     2
	route #1: 27    26    24    22    20    18    16    14    10     8     4     2     0     3     7     9    13    15    17    19    21    23    25    28
	route #2: 3     7     9    13    15    17    19    21    23    25
	route #3: 4
	route #4: 0
	route #5: 27    26    24    22    20    18    16    14    10     8
	route #6: 9    13    15    17    19    21    23    25
	route #7: 10     8     4
	route #8: 0     3     7
	route #9: 27    26    24    22    20    18    16    14

incompatible routes...
	(0, 1)    	(0, 2)    	(0, 3)    	(0, 5)    	(0, 6)    	(0, 7)    	(0, 9)    	(1, 0)    	(1, 2)    	(1, 3)    	(1, 4)    	(1, 6)    	(1, 7)    	(1, 8)    	(2, 0)    	(2, 2)    	(2, 3)    	(2, 4)    	(2, 6)    	(2, 7)    	(2, 8)    	(3, 1)    	(3, 2)    	(3, 3)    	(3, 5)    	(3, 6)    	(3, 7)    	(3, 9)    	(4, 0)    	(4, 1)    	(4, 4)    	(4, 5)    	(4, 6)    	(4, 7)    	(4, 8)    	(4, 9)    	(5, 0)    	(5, 1)    	(5, 4)    	(5, 5)    	(5, 6)    	(5, 7)    	(5, 8)    	(5, 9)    	(6, 0)    	(6, 2)    	(6, 3)    	(6, 4)    	(6, 6)    	(6, 7)    	(6, 8)    	(7, 1)    	(7, 2)    	(7, 3)    	(7, 5)    	(7, 6)    	(7, 7)    	(7, 9)    	(8, 0)    	(8, 1)    	(8, 2)    	(8, 3)    	(8, 4)    	(8, 5)    	(8, 8)    	(8, 9)    	(9, 0)    	(9, 1)    	(9, 2)    	(9, 3)    	(9, 4)    	(9, 5)    	(9, 8)    	(9, 9)

vertices that can be adjacent in consecutive trips...
	(0, 0)    	(1, 1)    	(1, 13)    	(3, 3)    	(3, 15)    	(11, 23)    	(12, 0)    	(13, 1)    	(13, 13)    	(15, 3)    	(15, 15)    	(23, 23)
non cyclical routes: 
       2       3       4       5       6       7       8       9

routes of trip...
	routes that train #0 can complete at trip #0: 1       5       9
	routes that train #0 can complete at trip #1: 0       1       2       3       4       5       6       7       8       9

	routes that train #1 can complete at trip #0: 1       5       9
	routes that train #1 can complete at trip #1: 0       1       2       3       4       5       6       7       8       9

	routes that train #2 can complete at trip #0: 1       5       9
	routes that train #2 can complete at trip #1: 0       1       2       3       4       5       6       7       8       9

	routes that train #3 can complete at trip #0: 1       5       9
	routes that train #3 can complete at trip #1: 0       1       2       3       4       5       6       7       8       9

	routes that train #4 can complete at trip #0: 1       5       9
	routes that train #4 can complete at trip #1: 0       1       2       3       4       5       6       7       8       9

	routes that train #5 can complete at trip #0: 1       5       9
	routes that train #5 can complete at trip #1: 0       1       2       3       4       5       6       7       8       9

 cost...
	arc #0 [0][1]: 629
	arc #1 [0][12]: 0
	arc #2 [12][0]: 0
	arc #3 [1][2]: 576
	arc #4 [13][12]: 629
	arc #5 [1][13]: 0
	arc #6 [13][1]: 0
	arc #7 [2][3]: 567
	arc #8 [14][13]: 576
	arc #9 [3][4]: 583
	arc #10 [15][14]: 567
	arc #11 [3][15]: 0
	arc #12 [15][3]: 0
	arc #13 [4][5]: 565
	arc #14 [16][15]: 583
	arc #15 [5][6]: 605
	arc #16 [17][16]: 565
	arc #17 [6][7]: 624
	arc #18 [18][17]: 605
	arc #19 [7][8]: 636
	arc #20 [19][18]: 624
	arc #21 [8][9]: 628
	arc #22 [20][19]: 636
	arc #23 [9][10]: 566
	arc #24 [21][20]: 628
	arc #25 [10][11]: 599
	arc #26 [22][21]: 566
	arc #27 [23][22]: 599
	arc #28 [11][23]: 0
	arc #29 [23][11]: 0

cost with minimum service...
	arc #0 [0][1]: 929
	arc #1 [0][12]: 0
	arc #2 [12][0]: 0
	arc #3 [1][2]: 639
	arc #4 [13][12]: 929
	arc #5 [1][13]: 0
	arc #6 [13][1]: 0
	arc #7 [2][3]: 867
	arc #8 [14][13]: 876
	arc #9 [3][4]: 664
	arc #10 [15][14]: 630
	arc #11 [3][15]: 0
	arc #12 [15][3]: 0
	arc #13 [4][5]: 628
	arc #14 [16][15]: 883
	arc #15 [5][6]: 686
	arc #16 [17][16]: 646
	arc #17 [6][7]: 705
	arc #18 [18][17]: 668
	arc #19 [7][8]: 717
	arc #20 [19][18]: 705
	arc #21 [8][9]: 709
	arc #22 [20][19]: 717
	arc #23 [9][10]: 647
	arc #24 [21][20]: 709
	arc #25 [10][11]: 899
	arc #26 [22][21]: 647
	arc #27 [23][22]: 680
	arc #28 [11][23]: 0
	arc #29 [23][11]: 0

cost with maximum service...
	arc #0 [0][1]: 1191
	arc #1 [0][12]: 562
	arc #2 [12][0]: 562
	arc #3 [1][2]: 1138
	arc #4 [13][12]: 1191
	arc #5 [1][13]: 562
	arc #6 [13][1]: 562
	arc #7 [2][3]: 1129
	arc #8 [14][13]: 1138
	arc #9 [3][4]: 1145
	arc #10 [15][14]: 1129
	arc #11 [3][15]: 562
	arc #12 [15][3]: 562
	arc #13 [4][5]: 1127
	arc #14 [16][15]: 1145
	arc #15 [5][6]: 1167
	arc #16 [17][16]: 1127
	arc #17 [6][7]: 1186
	arc #18 [18][17]: 1167
	arc #19 [7][8]: 1198
	arc #20 [19][18]: 1186
	arc #21 [8][9]: 1190
	arc #22 [20][19]: 1198
	arc #23 [9][10]: 1128
	arc #24 [21][20]: 1190
	arc #25 [10][11]: 1161
	arc #26 [22][21]: 1128
	arc #27 [23][22]: 1161
	arc #28 [11][23]: 562
	arc #29 [23][11]: 562

demands...
	demands of vertex 0 at time interval: 4     4
	demands of vertex 1 at time interval: 4     4
	demands of vertex 2 at time interval: 0     0
	demands of vertex 3 at time interval: 4     4
	demands of vertex 4 at time interval: 4     4
	demands of vertex 5 at time interval: 0     0
	demands of vertex 6 at time interval: 4     4
	demands of vertex 7 at time interval: 4     4
	demands of vertex 8 at time interval: 4     4
	demands of vertex 9 at time interval: 4     4
	demands of vertex 10 at time interval: 4     4
	demands of vertex 11 at time interval: 0     0
	demands of vertex 12 at time interval: 0     0
	demands of vertex 13 at time interval: 4     4
	demands of vertex 14 at time interval: 0     0
	demands of vertex 15 at time interval: 4     4
	demands of vertex 16 at time interval: 4     4
	demands of vertex 17 at time interval: 0     0
	demands of vertex 18 at time interval: 4     4
	demands of vertex 19 at time interval: 4     4
	demands of vertex 20 at time interval: 4     4
	demands of vertex 21 at time interval: 4     4
	demands of vertex 22 at time interval: 4     4
	demands of vertex 23 at time interval: 4     4

maximum time = 49377
alpha = 55
Starting to test combinations... - Total number of combinations = 1000000
Found new best - 1/1000000
10% done - 100000/1000000 combination(s) tested! (Thread 0)
20% done - 200000/1000000 combination(s) tested! (Thread 0)
30% done - 300000/1000000 combination(s) tested! (Thread 0)
40% done - 400000/1000000 combination(s) tested! (Thread 0)
50% done - 500000/1000000 combination(s) tested! (Thread 0)
60% done - 600000/1000000 combination(s) tested! (Thread 0)
70% done - 700000/1000000 combination(s) tested! (Thread 0)
80% done - 800000/1000000 combination(s) tested! (Thread 0)
90% done - 900000/1000000 combination(s) tested! (Thread 0)
100% done - 1000000/1000000 combination(s) tested! (Thread 0)
	Cannot prove optimality!

>> Printing some results...
    -> Solution value = 23911 - 06:38:31
    -> Total time = 3741.73

=============
Train 0
=============
> Trip 0
   23(time 5390 - 01:29:50)(time 5989 - 01:39:49) ->    22(time 6070 - 01:41:10)(time 6636 - 01:50:36) ->    21(time 6717 - 01:51:57)(time 7345 - 02:02:25) ->    20(time 7426 - 02:03:46)(time 8062 - 02:14:22) ->    19(time 8143 - 02:15:43)(time 8767 - 02:26:07) ->    18(time 8848 - 02:27:28)(time 9453 - 02:37:33) ->    17(time 9516 - 02:38:36)(time 10081 - 02:48:01) ->    16(time 10162 - 02:49:22)(time 10745 - 02:59:05) ->    15(time 11045 - 03:04:05)(time 11612 - 03:13:32) ->    14(time 12174 - 03:22:54)(time 12750 - 03:32:30) ->    13(time 13050 - 03:37:30)(time 13679 - 03:47:59) ->    12(time 13979 - 03:52:59)(time 13979 - 03:52:59) ->    0(time 13979 - 03:52:59)(time 14608 - 04:03:28) ->    1(time 14908 - 04:08:28)(time 15484 - 04:18:04) ->    2(time 15547 - 04:19:07)(time 16114 - 04:28:34) ->    3(time 16414 - 04:33:34)(time 16997 - 04:43:17) ->    4(time 17078 - 04:44:38)(time 17643 - 04:54:03) ->    5(time 17706 - 04:55:06)(time 18311 - 05:05:11) ->    6(time 18392 - 05:06:32)(time 19016 - 05:16:56) ->    7(time 19097 - 05:18:17)(time 19733 - 05:28:53) ->    8(time 19814 - 05:30:14)(time 20442 - 05:40:42) ->    9(time 21004 - 05:50:04)(time 21570 - 05:59:30) ->    10(time 21651 - 06:00:51)(time 22250 - 06:10:50) ->    11(time 22550 - 06:15:50)(time 22550 - 06:15:50) -> 23
> Trip 1
   23(time 27600 - 07:40:00)(time 28199 - 07:49:59) ->    22(time 28280 - 07:51:20)(time 28846 - 08:00:46) ->    21(time 28927 - 08:02:07)(time 29555 - 08:12:35) ->    20(time 29636 - 08:13:56)(time 30272 - 08:24:32) ->    19(time 30353 - 08:25:53)(time 30977 - 08:36:17) ->    18(time 31058 - 08:37:38)(time 31663 - 08:47:43) ->    17(time 31726 - 08:48:46)(time 32291 - 08:58:11) ->    16(time 32372 - 08:59:32)(time 32955 - 09:09:15) ->    15(time 33255 - 09:14:15)(time 33822 - 09:23:42) ->    14(time 34228 - 09:30:28)(time 34804 - 09:40:04) ->    13(time 35104 - 09:45:04)(time 35733 - 09:55:33) ->    12(time 36033 - 10:00:33)(time 36033 - 10:00:33) ->    0(time 36033 - 10:00:33)(time 36662 - 10:11:02) ->    1(time 36962 - 10:16:02)(time 37538 - 10:25:38) ->    2(time 37601 - 10:26:41)(time 38168 - 10:36:08) ->    3(time 38468 - 10:41:08)(time 39051 - 10:50:51) ->    4(time 39132 - 10:52:12)(time 39697 - 11:01:37) ->    5(time 39760 - 11:02:40)(time 40365 - 11:12:45) ->    6(time 40446 - 11:14:06)(time 41070 - 11:24:30) ->    7(time 41151 - 11:25:51)(time 41787 - 11:36:27) ->    8(time 41868 - 11:37:48)(time 42496 - 11:48:16) ->    9(time 42577 - 11:49:37)(time 43143 - 11:59:03) ->    10(time 43224 - 12:00:24)(time 43823 - 12:10:23) ->    11(time 44123 - 12:15:23)(time 44123 - 12:15:23) -> 23
=============
Train 1
=============
> Trip 0
   23(time 6189 - 01:43:09)(time 6788 - 01:53:08) ->    22(time 6869 - 01:54:29)(time 7435 - 02:03:55) ->    21(time 7516 - 02:05:16)(time 8144 - 02:15:44) ->    20(time 8225 - 02:17:05)(time 8861 - 02:27:41) ->    19(time 8942 - 02:29:02)(time 9566 - 02:39:26) ->    18(time 9647 - 02:40:47)(time 10252 - 02:50:52) ->    17(time 10315 - 02:51:55)(time 10880 - 03:01:20) ->    16(time 10961 - 03:02:41)(time 11544 - 03:12:24) ->    15(time 11844 - 03:17:24)(time 12411 - 03:26:51) ->    14(time 12474 - 03:27:54)(time 13050 - 03:37:30) ->    13(time 13350 - 03:42:30)(time 13979 - 03:52:59) ->    12(time 14279 - 03:57:59)(time 14279 - 03:57:59) ->    0(time 14279 - 03:57:59)(time 14908 - 04:08:28) ->    1(time 15470 - 04:17:50)(time 16046 - 04:27:26) ->    2(time 16608 - 04:36:48)(time 17175 - 04:46:15) ->    3(time 17737 - 04:55:37)(time 18320 - 05:05:20) ->    4(time 18636 - 05:10:36)(time 19201 - 05:20:01) ->    5(time 19264 - 05:21:04)(time 19869 - 05:31:09) ->    6(time 19950 - 05:32:30)(time 20574 - 05:42:54) ->    7(time 20655 - 05:44:15)(time 21291 - 05:54:51) ->    8(time 21372 - 05:56:12)(time 22000 - 06:06:40) ->    9(time 22081 - 06:08:01)(time 22647 - 06:17:27) ->    10(time 22728 - 06:18:48)(time 23327 - 06:28:47) ->    11(time 23627 - 06:33:47)(time 23627 - 06:33:47) -> 23
> Trip 1
   23(time 24008 - 06:40:08)(time 24607 - 06:50:07) ->    22(time 24688 - 06:51:28)(time 25254 - 07:00:54) ->    21(time 25335 - 07:02:15)(time 25963 - 07:12:43) ->    20(time 26263 - 07:17:43)(time 26899 - 07:28:19) ->    19(time 26980 - 07:29:40)(time 27604 - 07:40:04) ->    18(time 27685 - 07:41:25)(time 28290 - 07:51:30) ->    17(time 28353 - 07:52:33)(time 28918 - 08:01:58) ->    16(time 28999 - 08:03:19)(time 29582 - 08:13:02) ->    15(time 29882 - 08:18:02)(time 30449 - 08:27:29) ->    14(time 30512 - 08:28:32)(time 31088 - 08:38:08) ->    13(time 31388 - 08:43:08)(time 32017 - 08:53:37) ->    12(time 32317 - 08:58:37)(time 32317 - 08:58:37) ->    0(time 32317 - 08:58:37)(time 32946 - 09:09:06) ->    1(time 33246 - 09:14:06)(time 33822 - 09:23:42) ->    2(time 34122 - 09:28:42)(time 34689 - 09:38:09) ->    3(time 34989 - 09:43:09)(time 35572 - 09:52:52) ->    4(time 35653 - 09:54:13)(time 36218 - 10:03:38) ->    5(time 36281 - 10:04:41)(time 36886 - 10:14:46) ->    6(time 36967 - 10:16:07)(time 37591 - 10:26:31) ->    7(time 37672 - 10:27:52)(time 38308 - 10:38:28) ->    8(time 38389 - 10:39:49)(time 39017 - 10:50:17) ->    9(time 39098 - 10:51:38)(time 39664 - 11:01:04) ->    10(time 39745 - 11:02:25)(time 40344 - 11:12:24) ->    11(time 40644 - 11:17:24)(time 40644 - 11:17:24) -> 23
=============
Train 2
=============
> Trip 0
   23(time 4031 - 01:07:11)(time 4630 - 01:17:10) ->    22(time 4711 - 01:18:31)(time 5277 - 01:27:57) ->    21(time 5358 - 01:29:18)(time 5986 - 01:39:46) ->    20(time 6067 - 01:41:07)(time 6703 - 01:51:43) ->    19(time 6784 - 01:53:04)(time 7408 - 02:03:28) ->    18(time 7489 - 02:04:49)(time 8094 - 02:14:54) ->    17(time 8157 - 02:15:57)(time 8722 - 02:25:22) ->    16(time 8803 - 02:26:43)(time 9386 - 02:36:26) ->    15(time 9686 - 02:41:26)(time 10253 - 02:50:53) ->    14(time 10316 - 02:51:56)(time 10892 - 03:01:32) ->    13(time 11192 - 03:06:32)(time 11821 - 03:17:01) ->    12(time 12121 - 03:22:01)(time 12121 - 03:22:01) ->    0(time 12121 - 03:22:01)(time 12750 - 03:32:30) ->    1(time 13050 - 03:37:30)(time 13626 - 03:47:06) ->    2(time 14032 - 03:53:52)(time 14599 - 04:03:19) ->    3(time 14899 - 04:08:19)(time 15482 - 04:18:02) ->    4(time 15563 - 04:19:23)(time 16128 - 04:28:48) ->    5(time 16191 - 04:29:51)(time 16796 - 04:39:56) ->    6(time 16877 - 04:41:17)(time 17501 - 04:51:41) ->    7(time 17582 - 04:53:02)(time 18218 - 05:03:38) ->    8(time 18299 - 05:04:59)(time 18927 - 05:15:27) ->    9(time 19008 - 05:16:48)(time 19574 - 05:26:14) ->    10(time 19655 - 05:27:35)(time 20254 - 05:37:34) ->    11(time 20554 - 05:42:34)(time 20554 - 05:42:34) -> 23
> Trip 1
   23(time 23927 - 06:38:47)(time 24526 - 06:48:46) ->    22(time 24607 - 06:50:07)(time 25173 - 06:59:33) ->    21(time 25254 - 07:00:54)(time 25882 - 07:11:22) ->    20(time 25963 - 07:12:43)(time 26599 - 07:23:19) ->    19(time 26680 - 07:24:40)(time 27304 - 07:35:04) ->    18(time 27385 - 07:36:25)(time 27990 - 07:46:30) ->    17(time 28053 - 07:47:33)(time 28618 - 07:56:58) ->    16(time 28699 - 07:58:19)(time 29282 - 08:08:02) ->    15(time 29582 - 08:13:02)(time 30149 - 08:22:29) ->    14(time 30212 - 08:23:32)(time 30788 - 08:33:08) ->    13(time 31088 - 08:38:08)(time 31717 - 08:48:37) ->    12(time 32017 - 08:53:37)(time 32017 - 08:53:37) ->    0(time 32017 - 08:53:37)(time 32646 - 09:04:06) ->    1(time 32946 - 09:09:06)(time 33522 - 09:18:42) ->    2(time 33822 - 09:23:42)(time 34389 - 09:33:09) ->    3(time 34689 - 09:38:09)(time 35272 - 09:47:52) ->    4(time 35353 - 09:49:13)(time 35918 - 09:58:38) ->    5(time 35981 - 09:59:41)(time 36586 - 10:09:46) ->    6(time 36667 - 10:11:07)(time 37291 - 10:21:31) ->    7(time 37372 - 10:22:52)(time 38008 - 10:33:28) ->    8(time 38089 - 10:34:49)(time 38717 - 10:45:17) ->    9(time 38798 - 10:46:38)(time 39364 - 10:56:04) ->    10(time 39445 - 10:57:25)(time 40044 - 11:07:24) ->    11(time 40344 - 11:12:24)(time 40344 - 11:12:24) -> 23
=============
Train 3
=============
> Trip 0
   23(time 7510 - 02:05:10)(time 8109 - 02:15:09) ->    22(time 8190 - 02:16:30)(time 8756 - 02:25:56) ->    21(time 8837 - 02:27:17)(time 9465 - 02:37:45) ->    20(time 9546 - 02:39:06)(time 10182 - 02:49:42) ->    19(time 10263 - 02:51:03)(time 10887 - 03:01:27) ->    18(time 10968 - 03:02:48)(time 11573 - 03:12:53) ->    17(time 11636 - 03:13:56)(time 12201 - 03:23:21) ->    16(time 12282 - 03:24:42)(time 12865 - 03:34:25) ->    15(time 13165 - 03:39:25)(time 13732 - 03:48:52) ->    14(time 14032 - 03:53:52)(time 14608 - 04:03:28) ->    13(time 14908 - 04:08:28)(time 15537 - 04:18:57) ->    12(time 15837 - 04:23:57)(time 15837 - 04:23:57) ->    0(time 15837 - 04:23:57)(time 16466 - 04:34:26) ->    1(time 16766 - 04:39:26)(time 17342 - 04:49:02) ->    2(time 17405 - 04:50:05)(time 17972 - 04:59:32) ->    3(time 18272 - 05:04:32)(time 18855 - 05:14:15) ->    4(time 18936 - 05:15:36)(time 19501 - 05:25:01) ->    5(time 19564 - 05:26:04)(time 20169 - 05:36:09) ->    6(time 20250 - 05:37:30)(time 20874 - 05:47:54) ->    7(time 20955 - 05:49:15)(time 21591 - 05:59:51) ->    8(time 21672 - 06:01:12)(time 22300 - 06:11:40) ->    9(time 22381 - 06:13:01)(time 22947 - 06:22:27) ->    10(time 23028 - 06:23:48)(time 23627 - 06:33:47) ->    11(time 23927 - 06:38:47)(time 23927 - 06:38:47) -> 23
> Trip 1
   23(time 26085 - 07:14:45)(time 26684 - 07:24:44) ->    22(time 26765 - 07:26:05)(time 27331 - 07:35:31) ->    21(time 27412 - 07:36:52)(time 28040 - 07:47:20) ->    20(time 28121 - 07:48:41)(time 28757 - 07:59:17) ->    19(time 28838 - 08:00:38)(time 29462 - 08:11:02) ->    18(time 29543 - 08:12:23)(time 30148 - 08:22:28) ->    17(time 30211 - 08:23:31)(time 30776 - 08:32:56) ->    16(time 30857 - 08:34:17)(time 31440 - 08:44:00) ->    15(time 31740 - 08:49:00)(time 32307 - 08:58:27) ->    14(time 32370 - 08:59:30)(time 32946 - 09:09:06) ->    13(time 33246 - 09:14:06)(time 33875 - 09:24:35) ->    12(time 34175 - 09:29:35)(time 34175 - 09:29:35) ->    0(time 34175 - 09:29:35)(time 34804 - 09:40:04) ->    1(time 35104 - 09:45:04)(time 35680 - 09:54:40) ->    2(time 35743 - 09:55:43)(time 36310 - 10:05:10) ->    3(time 36610 - 10:10:10)(time 37193 - 10:19:53) ->    4(time 37274 - 10:21:14)(time 37839 - 10:30:39) ->    5(time 37902 - 10:31:42)(time 38507 - 10:41:47) ->    6(time 38588 - 10:43:08)(time 39212 - 10:53:32) ->    7(time 39293 - 10:54:53)(time 39929 - 11:05:29) ->    8(time 40010 - 11:06:50)(time 40638 - 11:17:18) ->    9(time 40719 - 11:18:39)(time 41285 - 11:28:05) ->    10(time 41366 - 11:29:26)(time 41965 - 11:39:25) ->    11(time 42265 - 11:44:25)(time 42265 - 11:44:25) -> 23
=============
Train 4
=============
> Trip 0
   23(time 7810 - 02:10:10)(time 8409 - 02:20:09) ->    22(time 8490 - 02:21:30)(time 9056 - 02:30:56) ->    21(time 9137 - 02:32:17)(time 9765 - 02:42:45) ->    20(time 9846 - 02:44:06)(time 10482 - 02:54:42) ->    19(time 10563 - 02:56:03)(time 11187 - 03:06:27) ->    18(time 11268 - 03:07:48)(time 11873 - 03:17:53) ->    17(time 11936 - 03:18:56)(time 12501 - 03:28:21) ->    16(time 12582 - 03:29:42)(time 13165 - 03:39:25) ->    15(time 13465 - 03:44:25)(time 14032 - 03:53:52) ->    14(time 14332 - 03:58:52)(time 14908 - 04:08:28) ->    13(time 15208 - 04:13:28)(time 15837 - 04:23:57) ->    12(time 16137 - 04:28:57)(time 16137 - 04:28:57) ->    0(time 16137 - 04:28:57)(time 16766 - 04:39:26) ->    1(time 17066 - 04:44:26)(time 17642 - 04:54:02) ->    2(time 17705 - 04:55:05)(time 18272 - 05:04:32) ->    3(time 18572 - 05:09:32)(time 19155 - 05:19:15) ->    4(time 19236 - 05:20:36)(time 19801 - 05:30:01) ->    5(time 19864 - 05:31:04)(time 20469 - 05:41:09) ->    6(time 20550 - 05:42:30)(time 21174 - 05:52:54) ->    7(time 21255 - 05:54:15)(time 21891 - 06:04:51) ->    8(time 21972 - 06:06:12)(time 22600 - 06:16:40) ->    9(time 22681 - 06:18:01)(time 23247 - 06:27:27) ->    10(time 23328 - 06:28:48)(time 23927 - 06:38:47) ->    11(time 24489 - 06:48:09)(time 24489 - 06:48:09) -> 23
> Trip 1
   23(time 26166 - 07:16:06)(time 26765 - 07:26:05) ->    22(time 26846 - 07:27:26)(time 27412 - 07:36:52) ->    21(time 27493 - 07:38:13)(time 28121 - 07:48:41) ->    20(time 28202 - 07:50:02)(time 28838 - 08:00:38) ->    19(time 28919 - 08:01:59)(time 29543 - 08:12:23) ->    18(time 29624 - 08:13:44)(time 30229 - 08:23:49) ->    17(time 30421 - 08:27:01)(time 30986 - 08:36:26) ->    16(time 31548 - 08:45:48)(time 32131 - 08:55:31) ->    15(time 32693 - 09:04:53)(time 33260 - 09:14:20) ->    14(time 33822 - 09:23:42)(time 34398 - 09:33:18) ->    13(time 34804 - 09:40:04)(time 35433 - 09:50:33) ->    12(time 35733 - 09:55:33)(time 35733 - 09:55:33) ->    0(time 35733 - 09:55:33)(time 36362 - 10:06:02) ->    1(time 36662 - 10:11:02)(time 37238 - 10:20:38) ->    2(time 37301 - 10:21:41)(time 37868 - 10:31:08) ->    3(time 38168 - 10:36:08)(time 38751 - 10:45:51) ->    4(time 38832 - 10:47:12)(time 39397 - 10:56:37) ->    5(time 39460 - 10:57:40)(time 40065 - 11:07:45) ->    6(time 40146 - 11:09:06)(time 40770 - 11:19:30) ->    7(time 40851 - 11:20:51)(time 41487 - 11:31:27) ->    8(time 41568 - 11:32:48)(time 42196 - 11:43:16) ->    9(time 42277 - 11:44:37)(time 42843 - 11:54:03) ->    10(time 42924 - 11:55:24)(time 43523 - 12:05:23) ->    11(time 43823 - 12:10:23)(time 43823 - 12:10:23) -> 23
=============
Train 5
=============
> Trip 0
   23(time 4331 - 01:12:11)(time 4930 - 01:22:10) ->    22(time 5011 - 01:23:31)(time 5577 - 01:32:57) ->    21(time 5658 - 01:34:18)(time 6286 - 01:44:46) ->    20(time 6367 - 01:46:07)(time 7003 - 01:56:43) ->    19(time 7084 - 01:58:04)(time 7708 - 02:08:28) ->    18(time 7789 - 02:09:49)(time 8394 - 02:19:54) ->    17(time 8457 - 02:20:57)(time 9022 - 02:30:22) ->    16(time 9103 - 02:31:43)(time 9686 - 02:41:26) ->    15(time 9986 - 02:46:26)(time 10553 - 02:55:53) ->    14(time 10616 - 02:56:56)(time 11192 - 03:06:32) ->    13(time 11492 - 03:11:32)(time 12121 - 03:22:01) ->    12(time 12421 - 03:27:01)(time 12421 - 03:27:01) ->    0(time 12421 - 03:27:01)(time 13050 - 03:37:30) ->    1(time 13456 - 03:44:16)(time 14032 - 03:53:52) ->    2(time 14332 - 03:58:52)(time 14899 - 04:08:19) ->    3(time 15199 - 04:13:19)(time 15782 - 04:23:02) ->    4(time 15863 - 04:24:23)(time 16428 - 04:33:48) ->    5(time 16491 - 04:34:51)(time 17096 - 04:44:56) ->    6(time 17177 - 04:46:17)(time 17801 - 04:56:41) ->    7(time 17882 - 04:58:02)(time 18518 - 05:08:38) ->    8(time 18599 - 05:09:59)(time 19227 - 05:20:27) ->    9(time 19308 - 05:21:48)(time 19874 - 05:31:14) ->    10(time 19955 - 05:32:35)(time 20554 - 05:42:34) ->    11(time 20854 - 05:47:34)(time 20854 - 05:47:34) -> 23
> Trip 1
   23(time 25286 - 07:01:26)(time 25885 - 07:11:25) ->    22(time 25966 - 07:12:46)(time 26532 - 07:22:12) ->    21(time 26613 - 07:23:33)(time 27241 - 07:34:01) ->    20(time 27322 - 07:35:22)(time 27958 - 07:45:58) ->    19(time 28039 - 07:47:19)(time 28663 - 07:57:43) ->    18(time 28744 - 07:59:04)(time 29349 - 08:09:09) ->    17(time 29412 - 08:10:12)(time 29977 - 08:19:37) ->    16(time 30058 - 08:20:58)(time 30641 - 08:30:41) ->    15(time 30941 - 08:35:41)(time 31508 - 08:45:08) ->    14(time 32070 - 08:54:30)(time 32646 - 09:04:06) ->    13(time 32946 - 09:09:06)(time 33575 - 09:19:35) ->    12(time 33875 - 09:24:35)(time 33875 - 09:24:35) ->    0(time 33875 - 09:24:35)(time 34504 - 09:35:04) ->    1(time 34804 - 09:40:04)(time 35380 - 09:49:40) ->    2(time 35443 - 09:50:43)(time 36010 - 10:00:10) ->    3(time 36310 - 10:05:10)(time 36893 - 10:14:53) ->    4(time 36974 - 10:16:14)(time 37539 - 10:25:39) ->    5(time 37602 - 10:26:42)(time 38207 - 10:36:47) ->    6(time 38288 - 10:38:08)(time 38912 - 10:48:32) ->    7(time 38993 - 10:49:53)(time 39629 - 11:00:29) ->    8(time 39710 - 11:01:50)(time 40338 - 11:12:18) ->    9(time 40419 - 11:13:39)(time 40985 - 11:23:05) ->    10(time 41066 - 11:24:26)(time 41665 - 11:34:25) ->    11(time 41965 - 11:39:25)(time 41965 - 11:39:25) -> 23
