t6p23r2h2.txt:
   > Trying to open the instance file...
   > Reading number of trains...
   > Reading maximum number of trips per train...
   > Reading time intervals...
   > Reading number of points...
   > Reading stations...
   > Reading crossings...
   > Reading depots...
   > Reading initial point...
   > Reading routes...
   > Reading distance and distance and service...
   > Reading demands...
   > Reading maximum time...
   > Reading alpha...

--------------------------------
 Printing instance
--------------------------------
number of trains = 6
	max trips per trains: 2     2     2     2     2     2
number of intervals = 2
	(0,  19162)	(19163,  38324)
number of points = 23
	initial point: 22
	stations: 0     1     2     4     5     6     7     8     9    10    11    12    13    15    16    18    20    21    22
	crossings: 0     3     5    10    14    16    17    19    21    22
	depots: 0    22
number of vertices = 46
	total vertices: 0     1     2     3     4     5     6     7     8     9    10    11    12    13    14    15    16    17    18    19    20    21    22    23    24    25    26    27    28    29    30    31    32    33    34    35    36    37    38    39    40    41    42    43    44    45
	upper vertices: 0     1     2     3     4     5     6     7     8     9    10    11    12    13    14    15    16    17    18    19    20    21    22
	lower vertices: 23    24    25    26    27    28    29    30    31    32    33    34    35    36    37    38    39    40    41    42    43    44    45
	vertices of point #0: (0, 23)
	vertices of point #1: (1, 24)
	vertices of point #2: (2, 25)
	vertices of point #3: (3, 26)
	vertices of point #4: (4, 27)
	vertices of point #5: (5, 28)
	vertices of point #6: (6, 29)
	vertices of point #7: (7, 30)
	vertices of point #8: (8, 31)
	vertices of point #9: (9, 32)
	vertices of point #10: (10, 33)
	vertices of point #11: (11, 34)
	vertices of point #12: (12, 35)
	vertices of point #13: (13, 36)
	vertices of point #14: (14, 37)
	vertices of point #15: (15, 38)
	vertices of point #16: (16, 39)
	vertices of point #17: (17, 40)
	vertices of point #18: (18, 41)
	vertices of point #19: (19, 42)
	vertices of point #20: (20, 43)
	vertices of point #21: (21, 44)
	vertices of point #22: (22, 45)

arcs...
	total arcs: 
		arc #0: (0, 1)
		arc #1: (0, 23)
		arc #2: (23, 0)
		arc #3: (1, 2)
		arc #4: (24, 23)
		arc #5: (2, 3)
		arc #6: (25, 24)
		arc #7: (3, 4)
		arc #8: (26, 25)
		arc #9: (4, 5)
		arc #10: (27, 26)
		arc #11: (5, 6)
		arc #12: (28, 27)
		arc #13: (6, 7)
		arc #14: (29, 28)
		arc #15: (7, 8)
		arc #16: (30, 29)
		arc #17: (8, 9)
		arc #18: (31, 30)
		arc #19: (9, 10)
		arc #20: (32, 31)
		arc #21: (10, 11)
		arc #22: (33, 32)
		arc #23: (11, 12)
		arc #24: (34, 33)
		arc #25: (12, 13)
		arc #26: (35, 34)
		arc #27: (13, 14)
		arc #28: (36, 35)
		arc #29: (14, 15)
		arc #30: (37, 36)
		arc #31: (15, 16)
		arc #32: (38, 37)
		arc #33: (16, 17)
		arc #34: (39, 38)
		arc #35: (17, 18)
		arc #36: (40, 39)
		arc #37: (18, 19)
		arc #38: (41, 40)
		arc #39: (19, 20)
		arc #40: (42, 41)
		arc #41: (20, 21)
		arc #42: (43, 42)
		arc #43: (21, 22)
		arc #44: (44, 43)
		arc #45: (45, 44)
		arc #46: (22, 45)
		arc #47: (45, 22)

	reverse arcs: 
		arc #1: (0, 23)
		arc #2: (23, 0)
		arc #46: (22, 45)
		arc #47: (45, 22)


incompatible points...
	(0, 2, 26, (2, 3))	(26, 24, 0, (24, 23))	(3, 4, 28, (4, 5))	(28, 27, 3, (27, 26))	(5, 9, 33, (9, 10))	(33, 29, 5, (29, 28))	(10, 13, 37, (13, 14))	(37, 34, 10, (34, 33))	(14, 15, 39, (15, 16))	(39, 38, 14, (38, 37))	(16, 16, 40, (16, 17))	(40, 40, 16, (40, 39))	(17, 18, 42, (18, 19))	(42, 41, 17, (41, 40))	(19, 20, 44, (20, 21))	(44, 43, 19, (43, 42))	(21, 21, 45, (21, 22))	(45, 45, 21, (45, 44))

number of routes = 2
vertices of routes...
	route #0: 0     1     2     3     4     5     6     7     8     9    10    11    12    13    14    15    16    17    18    19    20    21    22    45    44    43    42    41    40    39    38    37    36    35    34    33    32    31    30    29    28    27    26    25    24    23     0
	route #1: 45    44    43    42    41    40    39    38    37    36    35    34    33    32    31    30    29    28    27    26    25    24    23     0     1     2     3     4     5     6     7     8     9    10    11    12    13    14    15    16    17    18    19    20    21    22    45
arcs of routes...
	route #0: 0     3     5     7     9    11    13    15    17    19    21    23    25    27    29    31    33    35    37    39    41    43    46    45    44    42    40    38    36    34    32    30    28    26    24    22    20    18    16    14    12    10     8     6     4     2
	route #1: 45    44    42    40    38    36    34    32    30    28    26    24    22    20    18    16    14    12    10     8     6     4     2     0     3     5     7     9    11    13    15    17    19    21    23    25    27    29    31    33    35    37    39    41    43    46

incompatible routes...
	(0, 1)    	(1, 0)

vertices that can be adjacent in consecutive trips...
	(0, 0)    	(45, 45)
non cyclical routes: 


routes of trip...
	routes that train #0 can complete at trip #0: 1
	routes that train #0 can complete at trip #1: 0       1

	routes that train #1 can complete at trip #0: 1
	routes that train #1 can complete at trip #1: 0       1

	routes that train #2 can complete at trip #0: 1
	routes that train #2 can complete at trip #1: 0       1

	routes that train #3 can complete at trip #0: 1
	routes that train #3 can complete at trip #1: 0       1

	routes that train #4 can complete at trip #0: 1
	routes that train #4 can complete at trip #1: 0       1

	routes that train #5 can complete at trip #0: 1
	routes that train #5 can complete at trip #1: 0       1

 cost...
	arc #0 [0][1]: 238
	arc #1 [0][23]: 0
	arc #2 [23][0]: 0
	arc #3 [1][2]: 231
	arc #4 [24][23]: 238
	arc #5 [2][3]: 227
	arc #6 [25][24]: 231
	arc #7 [3][4]: 221
	arc #8 [26][25]: 227
	arc #9 [4][5]: 217
	arc #10 [27][26]: 221
	arc #11 [5][6]: 257
	arc #12 [28][27]: 217
	arc #13 [6][7]: 219
	arc #14 [29][28]: 257
	arc #15 [7][8]: 238
	arc #16 [30][29]: 219
	arc #17 [8][9]: 249
	arc #18 [31][30]: 238
	arc #19 [9][10]: 257
	arc #20 [32][31]: 249
	arc #21 [10][11]: 235
	arc #22 [33][32]: 257
	arc #23 [11][12]: 234
	arc #24 [34][33]: 235
	arc #25 [12][13]: 249
	arc #26 [35][34]: 234
	arc #27 [13][14]: 222
	arc #28 [36][35]: 249
	arc #29 [14][15]: 235
	arc #30 [37][36]: 222
	arc #31 [15][16]: 226
	arc #32 [38][37]: 235
	arc #33 [16][17]: 231
	arc #34 [39][38]: 226
	arc #35 [17][18]: 256
	arc #36 [40][39]: 231
	arc #37 [18][19]: 248
	arc #38 [41][40]: 256
	arc #39 [19][20]: 223
	arc #40 [42][41]: 248
	arc #41 [20][21]: 261
	arc #42 [43][42]: 223
	arc #43 [21][22]: 241
	arc #44 [44][43]: 261
	arc #45 [45][44]: 241
	arc #46 [22][45]: 0
	arc #47 [45][22]: 0

cost with minimum service...
	arc #0 [0][1]: 324
	arc #1 [0][23]: 0
	arc #2 [23][0]: 0
	arc #3 [1][2]: 317
	arc #4 [24][23]: 503
	arc #5 [2][3]: 298
	arc #6 [25][24]: 317
	arc #7 [3][4]: 307
	arc #8 [26][25]: 313
	arc #9 [4][5]: 303
	arc #10 [27][26]: 292
	arc #11 [5][6]: 343
	arc #12 [28][27]: 303
	arc #13 [6][7]: 305
	arc #14 [29][28]: 343
	arc #15 [7][8]: 324
	arc #16 [30][29]: 305
	arc #17 [8][9]: 335
	arc #18 [31][30]: 324
	arc #19 [9][10]: 343
	arc #20 [32][31]: 335
	arc #21 [10][11]: 321
	arc #22 [33][32]: 343
	arc #23 [11][12]: 320
	arc #24 [34][33]: 321
	arc #25 [12][13]: 335
	arc #26 [35][34]: 320
	arc #27 [13][14]: 293
	arc #28 [36][35]: 335
	arc #29 [14][15]: 321
	arc #30 [37][36]: 308
	arc #31 [15][16]: 312
	arc #32 [38][37]: 306
	arc #33 [16][17]: 302
	arc #34 [39][38]: 312
	arc #35 [17][18]: 342
	arc #36 [40][39]: 317
	arc #37 [18][19]: 319
	arc #38 [41][40]: 327
	arc #39 [19][20]: 309
	arc #40 [42][41]: 334
	arc #41 [20][21]: 347
	arc #42 [43][42]: 294
	arc #43 [21][22]: 506
	arc #44 [44][43]: 347
	arc #45 [45][44]: 327
	arc #46 [22][45]: 0
	arc #47 [45][22]: 0

cost with maximum service...
	arc #0 [0][1]: 590
	arc #1 [0][23]: 352
	arc #2 [23][0]: 352
	arc #3 [1][2]: 583
	arc #4 [24][23]: 590
	arc #5 [2][3]: 579
	arc #6 [25][24]: 583
	arc #7 [3][4]: 573
	arc #8 [26][25]: 579
	arc #9 [4][5]: 569
	arc #10 [27][26]: 573
	arc #11 [5][6]: 609
	arc #12 [28][27]: 569
	arc #13 [6][7]: 571
	arc #14 [29][28]: 609
	arc #15 [7][8]: 590
	arc #16 [30][29]: 571
	arc #17 [8][9]: 601
	arc #18 [31][30]: 590
	arc #19 [9][10]: 609
	arc #20 [32][31]: 601
	arc #21 [10][11]: 587
	arc #22 [33][32]: 609
	arc #23 [11][12]: 586
	arc #24 [34][33]: 587
	arc #25 [12][13]: 601
	arc #26 [35][34]: 586
	arc #27 [13][14]: 574
	arc #28 [36][35]: 601
	arc #29 [14][15]: 587
	arc #30 [37][36]: 574
	arc #31 [15][16]: 578
	arc #32 [38][37]: 587
	arc #33 [16][17]: 583
	arc #34 [39][38]: 578
	arc #35 [17][18]: 608
	arc #36 [40][39]: 583
	arc #37 [18][19]: 600
	arc #38 [41][40]: 608
	arc #39 [19][20]: 575
	arc #40 [42][41]: 600
	arc #41 [20][21]: 613
	arc #42 [43][42]: 575
	arc #43 [21][22]: 593
	arc #44 [44][43]: 613
	arc #45 [45][44]: 593
	arc #46 [22][45]: 352
	arc #47 [45][22]: 352

demands...
	demands of vertex 0 at time interval: 4     4
	demands of vertex 1 at time interval: 4     4
	demands of vertex 2 at time interval: 4     4
	demands of vertex 3 at time interval: 0     0
	demands of vertex 4 at time interval: 4     4
	demands of vertex 5 at time interval: 4     4
	demands of vertex 6 at time interval: 4     4
	demands of vertex 7 at time interval: 4     4
	demands of vertex 8 at time interval: 4     4
	demands of vertex 9 at time interval: 4     4
	demands of vertex 10 at time interval: 4     4
	demands of vertex 11 at time interval: 4     4
	demands of vertex 12 at time interval: 4     4
	demands of vertex 13 at time interval: 4     4
	demands of vertex 14 at time interval: 0     0
	demands of vertex 15 at time interval: 4     4
	demands of vertex 16 at time interval: 4     4
	demands of vertex 17 at time interval: 0     0
	demands of vertex 18 at time interval: 4     4
	demands of vertex 19 at time interval: 0     0
	demands of vertex 20 at time interval: 4     4
	demands of vertex 21 at time interval: 4     4
	demands of vertex 22 at time interval: 0     0
	demands of vertex 23 at time interval: 0     0
	demands of vertex 24 at time interval: 4     4
	demands of vertex 25 at time interval: 4     4
	demands of vertex 26 at time interval: 0     0
	demands of vertex 27 at time interval: 4     4
	demands of vertex 28 at time interval: 4     4
	demands of vertex 29 at time interval: 4     4
	demands of vertex 30 at time interval: 4     4
	demands of vertex 31 at time interval: 4     4
	demands of vertex 32 at time interval: 4     4
	demands of vertex 33 at time interval: 4     4
	demands of vertex 34 at time interval: 4     4
	demands of vertex 35 at time interval: 4     4
	demands of vertex 36 at time interval: 4     4
	demands of vertex 37 at time interval: 0     0
	demands of vertex 38 at time interval: 4     4
	demands of vertex 39 at time interval: 4     4
	demands of vertex 40 at time interval: 0     0
	demands of vertex 41 at time interval: 4     4
	demands of vertex 42 at time interval: 0     0
	demands of vertex 43 at time interval: 4     4
	demands of vertex 44 at time interval: 4     4
	demands of vertex 45 at time interval: 4     4

maximum time = 38324
alpha = 72

Selecting set of cyclical routes...

Selecting set of initial routes...

Creating initial set of candidate combinations...
Solving candidate combinations...

Found new best - 1/1 candidate combination(s) tested! (Thread 0)

Removing trips...

Solving candidate combinations...

1/4 candidate combination(s) tested! (Thread 0)
2/4 candidate combination(s) tested! (Thread 0)
3/4 candidate combination(s) tested! (Thread 0)
4/4 candidate combination(s) tested! (Thread 0)

Relaxing trips, so the model can make changes...

>> Printing some results...
    -> Solution value = 21916 - 06:05:16
    -> Total time = 2471.06

=============
Train 0
=============
> Trip 0
   45(time 345 - 00:05:45)(time 586 - 00:09:46) ->    44(time 672 - 00:11:12)(time 933 - 00:15:33) ->    43(time 1019 - 00:16:59)(time 1242 - 00:20:42) ->    42(time 1313 - 00:21:53)(time 1561 - 00:26:01) ->    41(time 1647 - 00:27:27)(time 1903 - 00:31:43) ->    40(time 1974 - 00:32:54)(time 2205 - 00:36:45) ->    39(time 2291 - 00:38:11)(time 2517 - 00:41:57) ->    38(time 2603 - 00:43:23)(time 2838 - 00:47:18) ->    37(time 2909 - 00:48:29)(time 3131 - 00:52:11) ->    36(time 3217 - 00:53:37)(time 3466 - 00:57:46) ->    35(time 3552 - 00:59:12)(time 3786 - 01:03:06) ->    34(time 3872 - 01:04:32)(time 4107 - 01:08:27) ->    33(time 4193 - 01:09:53)(time 4450 - 01:14:10) ->    32(time 4536 - 01:15:36)(time 4785 - 01:19:45) ->    31(time 4871 - 01:21:11)(time 5109 - 01:25:09) ->    30(time 5195 - 01:26:35)(time 5414 - 01:30:14) ->    29(time 5500 - 01:31:40)(time 5757 - 01:35:57) ->    28(time 5843 - 01:37:23)(time 6060 - 01:41:00) ->    27(time 6146 - 01:42:26)(time 6367 - 01:46:07) ->    26(time 6438 - 01:47:18)(time 6665 - 01:51:05) ->    25(time 6751 - 01:52:31)(time 6982 - 01:56:22) ->    24(time 7068 - 01:57:48)(time 7306 - 02:01:46) ->    23(time 7571 - 02:06:11)(time 7571 - 02:06:11) ->    0(time 7571 - 02:06:11)(time 7809 - 02:10:09) ->    1(time 7895 - 02:11:35)(time 8126 - 02:15:26) ->    2(time 8391 - 02:19:51)(time 8618 - 02:23:38) ->    3(time 8689 - 02:24:49)(time 8910 - 02:28:30) ->    4(time 8996 - 02:29:56)(time 9213 - 02:33:33) ->    5(time 9299 - 02:34:59)(time 9556 - 02:39:16) ->    6(time 9642 - 02:40:42)(time 9861 - 02:44:21) ->    7(time 9947 - 02:45:47)(time 10185 - 02:49:45) ->    8(time 10271 - 02:51:11)(time 10520 - 02:55:20) ->    9(time 10606 - 02:56:46)(time 10863 - 03:01:03) ->    10(time 10949 - 03:02:29)(time 11184 - 03:06:24) ->    11(time 11270 - 03:07:50)(time 11504 - 03:11:44) ->    12(time 11590 - 03:13:10)(time 11839 - 03:17:19) ->    13(time 11925 - 03:18:45)(time 12147 - 03:22:27) ->    14(time 12218 - 03:23:38)(time 12453 - 03:27:33) ->    15(time 12539 - 03:28:59)(time 12765 - 03:32:45) ->    16(time 12851 - 03:34:11)(time 13082 - 03:38:02) ->    17(time 13153 - 03:39:13)(time 13409 - 03:43:29) ->    18(time 13495 - 03:44:55)(time 13743 - 03:49:03) ->    19(time 13814 - 03:50:14)(time 14037 - 03:53:57) ->    20(time 14123 - 03:55:23)(time 14384 - 03:59:44) ->    21(time 14470 - 04:01:10)(time 14711 - 04:05:11) ->    22(time 14976 - 04:09:36)(time 14976 - 04:09:36) -> 45
> Trip 1
   45(time 15418 - 04:16:58)(time 15659 - 04:20:59) ->    44(time 15745 - 04:22:25)(time 16006 - 04:26:46) ->    43(time 16092 - 04:28:12)(time 16315 - 04:31:55) ->    42(time 16386 - 04:33:06)(time 16634 - 04:37:14) ->    41(time 16720 - 04:38:40)(time 16976 - 04:42:56) ->    40(time 17047 - 04:44:07)(time 17278 - 04:47:58) ->    39(time 17559 - 04:52:39)(time 17785 - 04:56:25) ->    38(time 18137 - 05:02:17)(time 18372 - 05:06:12) ->    37(time 18724 - 05:12:04)(time 18946 - 05:15:46) ->    36(time 19032 - 05:17:12)(time 19281 - 05:21:21) ->    35(time 19367 - 05:22:47)(time 19601 - 05:26:41) ->    34(time 19687 - 05:28:07)(time 19922 - 05:32:02) ->    33(time 20008 - 05:33:28)(time 20265 - 05:37:45) ->    32(time 20351 - 05:39:11)(time 20600 - 05:43:20) ->    31(time 20686 - 05:44:46)(time 20924 - 05:48:44) ->    30(time 21276 - 05:54:36)(time 21495 - 05:58:15) ->    29(time 21581 - 05:59:41)(time 21838 - 06:03:58) ->    28(time 21924 - 06:05:24)(time 22141 - 06:09:01) ->    27(time 22227 - 06:10:27)(time 22448 - 06:14:08) ->    26(time 22519 - 06:15:19)(time 22746 - 06:19:06) ->    25(time 22832 - 06:20:32)(time 23063 - 06:24:23) ->    24(time 23395 - 06:29:55)(time 23633 - 06:33:53) ->    23(time 23985 - 06:39:45)(time 23985 - 06:39:45) ->    0(time 24337 - 06:45:37)(time 24575 - 06:49:35) ->    1(time 24661 - 06:51:01)(time 24892 - 06:54:52) ->    2(time 25244 - 07:00:44)(time 25471 - 07:04:31) ->    3(time 25823 - 07:10:23)(time 26044 - 07:14:04) ->    4(time 26396 - 07:19:56)(time 26613 - 07:23:33) ->    5(time 26965 - 07:29:25)(time 27222 - 07:33:42) ->    6(time 27308 - 07:35:08)(time 27527 - 07:38:47) ->    7(time 27613 - 07:40:13)(time 27851 - 07:44:11) ->    8(time 27937 - 07:45:37)(time 28186 - 07:49:46) ->    9(time 28272 - 07:51:12)(time 28529 - 07:55:29) ->    10(time 28615 - 07:56:55)(time 28850 - 08:00:50) ->    11(time 28936 - 08:02:16)(time 29170 - 08:06:10) ->    12(time 29256 - 08:07:36)(time 29505 - 08:11:45) ->    13(time 29591 - 08:13:11)(time 29813 - 08:16:53) ->    14(time 29884 - 08:18:04)(time 30119 - 08:21:59) ->    15(time 30205 - 08:23:25)(time 30431 - 08:27:11) ->    16(time 30517 - 08:28:37)(time 30748 - 08:32:28) ->    17(time 30819 - 08:33:39)(time 31075 - 08:37:55) ->    18(time 31161 - 08:39:21)(time 31409 - 08:43:29) ->    19(time 31480 - 08:44:40)(time 31703 - 08:48:23) ->    20(time 31789 - 08:49:49)(time 32050 - 08:54:10) ->    21(time 32136 - 08:55:36)(time 32377 - 08:59:37) ->    22(time 32642 - 09:04:02)(time 32642 - 09:04:02) -> 45
=============
Train 1
=============
> Trip 0
   45(time 610 - 00:10:10)(time 851 - 00:14:11) ->    44(time 937 - 00:15:37)(time 1198 - 00:19:58) ->    43(time 1284 - 00:21:24)(time 1507 - 00:25:07) ->    42(time 1578 - 00:26:18)(time 1826 - 00:30:26) ->    41(time 1912 - 00:31:52)(time 2168 - 00:36:08) ->    40(time 2239 - 00:37:19)(time 2470 - 00:41:10) ->    39(time 2556 - 00:42:36)(time 2782 - 00:46:22) ->    38(time 2868 - 00:47:48)(time 3103 - 00:51:43) ->    37(time 3174 - 00:52:54)(time 3396 - 00:56:36) ->    36(time 3482 - 00:58:02)(time 3731 - 01:02:11) ->    35(time 3817 - 01:03:37)(time 4051 - 01:07:31) ->    34(time 4137 - 01:08:57)(time 4372 - 01:12:52) ->    33(time 4458 - 01:14:18)(time 4715 - 01:18:35) ->    32(time 4801 - 01:20:01)(time 5050 - 01:24:10) ->    31(time 5136 - 01:25:36)(time 5374 - 01:29:34) ->    30(time 5460 - 01:31:00)(time 5679 - 01:34:39) ->    29(time 5765 - 01:36:05)(time 6022 - 01:40:22) ->    28(time 6108 - 01:41:48)(time 6325 - 01:45:25) ->    27(time 6411 - 01:46:51)(time 6632 - 01:50:32) ->    26(time 6703 - 01:51:43)(time 6930 - 01:55:30) ->    25(time 7016 - 01:56:56)(time 7247 - 02:00:47) ->    24(time 7333 - 02:02:13)(time 7571 - 02:06:11) ->    23(time 7836 - 02:10:36)(time 7836 - 02:10:36) ->    0(time 7836 - 02:10:36)(time 8074 - 02:14:34) ->    1(time 8160 - 02:16:00)(time 8391 - 02:19:51) ->    2(time 8477 - 02:21:17)(time 8704 - 02:25:04) ->    3(time 8775 - 02:26:15)(time 8996 - 02:29:56) ->    4(time 9082 - 02:31:22)(time 9299 - 02:34:59) ->    5(time 9385 - 02:36:25)(time 9642 - 02:40:42) ->    6(time 9728 - 02:42:08)(time 9947 - 02:45:47) ->    7(time 10033 - 02:47:13)(time 10271 - 02:51:11) ->    8(time 10357 - 02:52:37)(time 10606 - 02:56:46) ->    9(time 10692 - 02:58:12)(time 10949 - 03:02:29) ->    10(time 11035 - 03:03:55)(time 11270 - 03:07:50) ->    11(time 11356 - 03:09:16)(time 11590 - 03:13:10) ->    12(time 11676 - 03:14:36)(time 11925 - 03:18:45) ->    13(time 12011 - 03:20:11)(time 12233 - 03:23:53) ->    14(time 12304 - 03:25:04)(time 12539 - 03:28:59) ->    15(time 12625 - 03:30:25)(time 12851 - 03:34:11) ->    16(time 12937 - 03:35:37)(time 13168 - 03:39:28) ->    17(time 13239 - 03:40:39)(time 13495 - 03:44:55) ->    18(time 13655 - 03:47:35)(time 13903 - 03:51:43) ->    19(time 14255 - 03:57:35)(time 14478 - 04:01:18) ->    20(time 14830 - 04:07:10)(time 15091 - 04:11:31) ->    21(time 15177 - 04:12:57)(time 15418 - 04:16:58) ->    22(time 15757 - 04:22:37)(time 15757 - 04:22:37) -> 45
> Trip 1
   45(time 15757 - 04:22:37)(time 15998 - 04:26:38) ->    44(time 16084 - 04:28:04)(time 16345 - 04:32:25) ->    43(time 16431 - 04:33:51)(time 16654 - 04:37:34) ->    42(time 16725 - 04:38:45)(time 16973 - 04:42:53) ->    41(time 17059 - 04:44:19)(time 17315 - 04:48:35) ->    40(time 17667 - 04:54:27)(time 17898 - 04:58:18) ->    39(time 18236 - 05:03:56)(time 18462 - 05:07:42) ->    38(time 18548 - 05:09:08)(time 18783 - 05:13:03) ->    37(time 18854 - 05:14:14)(time 19076 - 05:17:56) ->    36(time 19162 - 05:19:22)(time 19411 - 05:23:31) ->    35(time 19763 - 05:29:23)(time 19997 - 05:33:17) ->    34(time 20083 - 05:34:43)(time 20318 - 05:38:38) ->    33(time 20670 - 05:44:30)(time 20927 - 05:48:47) ->    32(time 21013 - 05:50:13)(time 21262 - 05:54:22) ->    31(time 21614 - 06:00:14)(time 21852 - 06:04:12) ->    30(time 21938 - 06:05:38)(time 22157 - 06:09:17) ->    29(time 22243 - 06:10:43)(time 22500 - 06:15:00) ->    28(time 22586 - 06:16:26)(time 22803 - 06:20:03) ->    27(time 22889 - 06:21:29)(time 23110 - 06:25:10) ->    26(time 23462 - 06:31:02)(time 23689 - 06:34:49) ->    25(time 23775 - 06:36:15)(time 24006 - 06:40:06) ->    24(time 24092 - 06:41:32)(time 24330 - 06:45:30) ->    23(time 24682 - 06:51:22)(time 24682 - 06:51:22) ->    0(time 24955 - 06:55:55)(time 25193 - 06:59:53) ->    1(time 25279 - 07:01:19)(time 25510 - 07:05:10) ->    2(time 25596 - 07:06:36)(time 25823 - 07:10:23) ->    3(time 26175 - 07:16:15)(time 26396 - 07:19:56) ->    4(time 26748 - 07:25:48)(time 26965 - 07:29:25) ->    5(time 27051 - 07:30:51)(time 27308 - 07:35:08) ->    6(time 27394 - 07:36:34)(time 27613 - 07:40:13) ->    7(time 27699 - 07:41:39)(time 27937 - 07:45:37) ->    8(time 28023 - 07:47:03)(time 28272 - 07:51:12) ->    9(time 28358 - 07:52:38)(time 28615 - 07:56:55) ->    10(time 28701 - 07:58:21)(time 28936 - 08:02:16) ->    11(time 29022 - 08:03:42)(time 29256 - 08:07:36) ->    12(time 29342 - 08:09:02)(time 29591 - 08:13:11) ->    13(time 29677 - 08:14:37)(time 29899 - 08:18:19) ->    14(time 29970 - 08:19:30)(time 30205 - 08:23:25) ->    15(time 30291 - 08:24:51)(time 30517 - 08:28:37) ->    16(time 30603 - 08:30:03)(time 30834 - 08:33:54) ->    17(time 30905 - 08:35:05)(time 31161 - 08:39:21) ->    18(time 31247 - 08:40:47)(time 31495 - 08:44:55) ->    19(time 31566 - 08:46:06)(time 31789 - 08:49:49) ->    20(time 32054 - 08:54:14)(time 32315 - 08:58:35) ->    21(time 32401 - 09:00:01)(time 32642 - 09:04:02) ->    22(time 32907 - 09:08:27)(time 32907 - 09:08:27) -> 45
=============
Train 2
=============
> Trip 0
   45(time 2283 - 00:38:03)(time 2524 - 00:42:04) ->    44(time 2610 - 00:43:30)(time 2871 - 00:47:51) ->    43(time 2957 - 00:49:17)(time 3180 - 00:53:00) ->    42(time 3251 - 00:54:11)(time 3499 - 00:58:19) ->    41(time 3585 - 00:59:45)(time 3841 - 01:04:01) ->    40(time 3912 - 01:05:12)(time 4143 - 01:09:03) ->    39(time 4229 - 01:10:29)(time 4455 - 01:14:15) ->    38(time 4541 - 01:15:41)(time 4776 - 01:19:36) ->    37(time 4847 - 01:20:47)(time 5069 - 01:24:29) ->    36(time 5155 - 01:25:55)(time 5404 - 01:30:04) ->    35(time 5490 - 01:31:30)(time 5724 - 01:35:24) ->    34(time 5810 - 01:36:50)(time 6045 - 01:40:45) ->    33(time 6131 - 01:42:11)(time 6388 - 01:46:28) ->    32(time 6740 - 01:52:20)(time 6989 - 01:56:29) ->    31(time 7075 - 01:57:55)(time 7313 - 02:01:53) ->    30(time 7399 - 02:03:19)(time 7618 - 02:06:58) ->    29(time 7704 - 02:08:24)(time 7961 - 02:12:41) ->    28(time 8047 - 02:14:07)(time 8264 - 02:17:44) ->    27(time 8350 - 02:19:10)(time 8571 - 02:22:51) ->    26(time 8923 - 02:28:43)(time 9150 - 02:32:30) ->    25(time 9502 - 02:38:22)(time 9733 - 02:42:13) ->    24(time 10085 - 02:48:05)(time 10323 - 02:52:03) ->    23(time 10675 - 02:57:55)(time 10675 - 02:57:55) ->    0(time 11027 - 03:03:47)(time 11265 - 03:07:45) ->    1(time 11351 - 03:09:11)(time 11582 - 03:13:02) ->    2(time 11668 - 03:14:28)(time 11895 - 03:18:15) ->    3(time 11966 - 03:19:26)(time 12187 - 03:23:07) ->    4(time 12273 - 03:24:33)(time 12490 - 03:28:10) ->    5(time 12576 - 03:29:36)(time 12833 - 03:33:53) ->    6(time 12919 - 03:35:19)(time 13138 - 03:38:58) ->    7(time 13224 - 03:40:24)(time 13462 - 03:44:22) ->    8(time 13548 - 03:45:48)(time 13797 - 03:49:57) ->    9(time 13883 - 03:51:23)(time 14140 - 03:55:40) ->    10(time 14226 - 03:57:06)(time 14461 - 04:01:01) ->    11(time 14547 - 04:02:27)(time 14781 - 04:06:21) ->    12(time 14867 - 04:07:47)(time 15116 - 04:11:56) ->    13(time 15202 - 04:13:22)(time 15424 - 04:17:04) ->    14(time 15651 - 04:20:51)(time 15886 - 04:24:46) ->    15(time 16238 - 04:30:38)(time 16464 - 04:34:24) ->    16(time 16816 - 04:40:16)(time 17047 - 04:44:07) ->    17(time 17315 - 04:48:35)(time 17571 - 04:52:51) ->    18(time 17657 - 04:54:17)(time 17905 - 04:58:25) ->    19(time 17976 - 04:59:36)(time 18199 - 05:03:19) ->    20(time 18285 - 05:04:45)(time 18546 - 05:09:06) ->    21(time 18632 - 05:10:32)(time 18873 - 05:14:33) ->    22(time 19138 - 05:18:58)(time 19138 - 05:18:58) -> 45
> Trip 1
   45(time 19403 - 05:23:23)(time 19644 - 05:27:24) ->    44(time 19730 - 05:28:50)(time 19991 - 05:33:11) ->    43(time 20077 - 05:34:37)(time 20300 - 05:38:20) ->    42(time 20371 - 05:39:31)(time 20619 - 05:43:39) ->    41(time 20705 - 05:45:05)(time 20961 - 05:49:21) ->    40(time 21032 - 05:50:32)(time 21263 - 05:54:23) ->    39(time 21349 - 05:55:49)(time 21575 - 05:59:35) ->    38(time 21661 - 06:01:01)(time 21896 - 06:04:56) ->    37(time 21967 - 06:06:07)(time 22189 - 06:09:49) ->    36(time 22275 - 06:11:15)(time 22524 - 06:15:24) ->    35(time 22610 - 06:16:50)(time 22844 - 06:20:44) ->    34(time 22930 - 06:22:10)(time 23165 - 06:26:05) ->    33(time 23251 - 06:27:31)(time 23508 - 06:31:48) ->    32(time 23594 - 06:33:14)(time 23843 - 06:37:23) ->    31(time 23929 - 06:38:49)(time 24167 - 06:42:47) ->    30(time 24253 - 06:44:13)(time 24472 - 06:47:52) ->    29(time 24558 - 06:49:18)(time 24815 - 06:53:35) ->    28(time 25167 - 06:59:27)(time 25384 - 07:03:04) ->    27(time 25470 - 07:04:30)(time 25691 - 07:08:11) ->    26(time 25823 - 07:10:23)(time 26050 - 07:14:10) ->    25(time 26136 - 07:15:36)(time 26367 - 07:19:27) ->    24(time 26453 - 07:20:53)(time 26691 - 07:24:51) ->    23(time 26956 - 07:29:16)(time 26956 - 07:29:16) ->    0(time 27135 - 07:32:15)(time 27373 - 07:36:13) ->    1(time 27459 - 07:37:39)(time 27690 - 07:41:30) ->    2(time 27776 - 07:42:56)(time 28003 - 07:46:43) ->    3(time 28089 - 07:48:09)(time 28310 - 07:51:50) ->    4(time 28396 - 07:53:16)(time 28613 - 07:56:53) ->    5(time 28699 - 07:58:19)(time 28956 - 08:02:36) ->    6(time 29042 - 08:04:02)(time 29261 - 08:07:41) ->    7(time 29347 - 08:09:07)(time 29585 - 08:13:05) ->    8(time 29671 - 08:14:31)(time 29920 - 08:18:40) ->    9(time 30006 - 08:20:06)(time 30263 - 08:24:23) ->    10(time 30349 - 08:25:49)(time 30584 - 08:29:44) ->    11(time 30670 - 08:31:10)(time 30904 - 08:35:04) ->    12(time 30990 - 08:36:30)(time 31239 - 08:40:39) ->    13(time 31325 - 08:42:05)(time 31547 - 08:45:47) ->    14(time 31618 - 08:46:58)(time 31853 - 08:50:53) ->    15(time 31939 - 08:52:19)(time 32165 - 08:56:05) ->    16(time 32251 - 08:57:31)(time 32482 - 09:01:22) ->    17(time 32553 - 09:02:33)(time 32809 - 09:06:49) ->    18(time 32895 - 09:08:15)(time 33143 - 09:12:23) ->    19(time 33214 - 09:13:34)(time 33437 - 09:17:17) ->    20(time 33523 - 09:18:43)(time 33784 - 09:23:04) ->    21(time 33870 - 09:24:30)(time 34111 - 09:28:31) ->    22(time 34376 - 09:32:56)(time 34376 - 09:32:56) -> 45
=============
Train 3
=============
> Trip 0
   45(time 3269 - 00:54:29)(time 3510 - 00:58:30) ->    44(time 3596 - 00:59:56)(time 3857 - 01:04:17) ->    43(time 3943 - 01:05:43)(time 4166 - 01:09:26) ->    42(time 4237 - 01:10:37)(time 4485 - 01:14:45) ->    41(time 4571 - 01:16:11)(time 4827 - 01:20:27) ->    40(time 4898 - 01:21:38)(time 5129 - 01:25:29) ->    39(time 5215 - 01:26:55)(time 5441 - 01:30:41) ->    38(time 5527 - 01:32:07)(time 5762 - 01:36:02) ->    37(time 5833 - 01:37:13)(time 6055 - 01:40:55) ->    36(time 6141 - 01:42:21)(time 6390 - 01:46:30) ->    35(time 6476 - 01:47:56)(time 6710 - 01:51:50) ->    34(time 6796 - 01:53:16)(time 7031 - 01:57:11) ->    33(time 7117 - 01:58:37)(time 7374 - 02:02:54) ->    32(time 7460 - 02:04:20)(time 7709 - 02:08:29) ->    31(time 8061 - 02:14:21)(time 8299 - 02:18:19) ->    30(time 8385 - 02:19:45)(time 8604 - 02:23:24) ->    29(time 8690 - 02:24:50)(time 8947 - 02:29:07) ->    28(time 9299 - 02:34:59)(time 9516 - 02:38:36) ->    27(time 9602 - 02:40:02)(time 9823 - 02:43:43) ->    26(time 9894 - 02:44:54)(time 10121 - 02:48:41) ->    25(time 10207 - 02:50:07)(time 10438 - 02:53:58) ->    24(time 10524 - 02:55:24)(time 10762 - 02:59:22) ->    23(time 11027 - 03:03:47)(time 11027 - 03:03:47) ->    0(time 11113 - 03:05:13)(time 11351 - 03:09:11) ->    1(time 11437 - 03:10:37)(time 11668 - 03:14:28) ->    2(time 11754 - 03:15:54)(time 11981 - 03:19:41) ->    3(time 12052 - 03:20:52)(time 12273 - 03:24:33) ->    4(time 12359 - 03:25:59)(time 12576 - 03:29:36) ->    5(time 12662 - 03:31:02)(time 12919 - 03:35:19) ->    6(time 13271 - 03:41:11)(time 13490 - 03:44:50) ->    7(time 13842 - 03:50:42)(time 14080 - 03:54:40) ->    8(time 14432 - 04:00:32)(time 14681 - 04:04:41) ->    9(time 14767 - 04:06:07)(time 15024 - 04:10:24) ->    10(time 15110 - 04:11:50)(time 15345 - 04:15:45) ->    11(time 15431 - 04:17:11)(time 15665 - 04:21:05) ->    12(time 16017 - 04:26:57)(time 16266 - 04:31:06) ->    13(time 16352 - 04:32:32)(time 16574 - 04:36:14) ->    14(time 16645 - 04:37:25)(time 16880 - 04:41:20) ->    15(time 16966 - 04:42:46)(time 17192 - 04:46:32) ->    16(time 17278 - 04:47:58)(time 17509 - 04:51:49) ->    17(time 17580 - 04:53:00)(time 17836 - 04:57:16) ->    18(time 17922 - 04:58:42)(time 18170 - 05:02:50) ->    19(time 18241 - 05:04:01)(time 18464 - 05:07:44) ->    20(time 18550 - 05:09:10)(time 18811 - 05:13:31) ->    21(time 18897 - 05:14:57)(time 19138 - 05:18:58) ->    22(time 19403 - 05:23:23)(time 19403 - 05:23:23) -> 45
> Trip 1
   45(time 19489 - 05:24:49)(time 19730 - 05:28:50) ->    44(time 19816 - 05:30:16)(time 20077 - 05:34:37) ->    43(time 20163 - 05:36:03)(time 20386 - 05:39:46) ->    42(time 20457 - 05:40:57)(time 20705 - 05:45:05) ->    41(time 20791 - 05:46:31)(time 21047 - 05:50:47) ->    40(time 21118 - 05:51:58)(time 21349 - 05:55:49) ->    39(time 21435 - 05:57:15)(time 21661 - 06:01:01) ->    38(time 21747 - 06:02:27)(time 21982 - 06:06:22) ->    37(time 22053 - 06:07:33)(time 22275 - 06:11:15) ->    36(time 22361 - 06:12:41)(time 22610 - 06:16:50) ->    35(time 22696 - 06:18:16)(time 22930 - 06:22:10) ->    34(time 23016 - 06:23:36)(time 23251 - 06:27:31) ->    33(time 23337 - 06:28:57)(time 23594 - 06:33:14) ->    32(time 23680 - 06:34:40)(time 23929 - 06:38:49) ->    31(time 24015 - 06:40:15)(time 24253 - 06:44:13) ->    30(time 24339 - 06:45:39)(time 24558 - 06:49:18) ->    29(time 24910 - 06:55:10)(time 25167 - 06:59:27) ->    28(time 25299 - 07:01:39)(time 25516 - 07:05:16) ->    27(time 25602 - 07:06:42)(time 25823 - 07:10:23) ->    26(time 26088 - 07:14:48)(time 26315 - 07:18:35) ->    25(time 26401 - 07:20:01)(time 26632 - 07:23:52) ->    24(time 26718 - 07:25:18)(time 26956 - 07:29:16) ->    23(time 27221 - 07:33:41)(time 27221 - 07:33:41) ->    0(time 27221 - 07:33:41)(time 27459 - 07:37:39) ->    1(time 27545 - 07:39:05)(time 27776 - 07:42:56) ->    2(time 27862 - 07:44:22)(time 28089 - 07:48:09) ->    3(time 28354 - 07:52:34)(time 28575 - 07:56:15) ->    4(time 28661 - 07:57:41)(time 28878 - 08:01:18) ->    5(time 28964 - 08:02:44)(time 29221 - 08:07:01) ->    6(time 29307 - 08:08:27)(time 29526 - 08:12:06) ->    7(time 29612 - 08:13:32)(time 29850 - 08:17:30) ->    8(time 29936 - 08:18:56)(time 30185 - 08:23:05) ->    9(time 30271 - 08:24:31)(time 30528 - 08:28:48) ->    10(time 30614 - 08:30:14)(time 30849 - 08:34:09) ->    11(time 30935 - 08:35:35)(time 31169 - 08:39:29) ->    12(time 31255 - 08:40:55)(time 31504 - 08:45:04) ->    13(time 31590 - 08:46:30)(time 31812 - 08:50:12) ->    14(time 31883 - 08:51:23)(time 32118 - 08:55:18) ->    15(time 32204 - 08:56:44)(time 32430 - 09:00:30) ->    16(time 32516 - 09:01:56)(time 32747 - 09:05:47) ->    17(time 32818 - 09:06:58)(time 33074 - 09:11:14) ->    18(time 33160 - 09:12:40)(time 33408 - 09:16:48) ->    19(time 33479 - 09:17:59)(time 33702 - 09:21:42) ->    20(time 33788 - 09:23:08)(time 34049 - 09:27:29) ->    21(time 34135 - 09:28:55)(time 34376 - 09:32:56) ->    22(time 34641 - 09:37:21)(time 34641 - 09:37:21) -> 45
=============
Train 4
=============
> Trip 0
   45(time 3887 - 01:04:47)(time 4128 - 01:08:48) ->    44(time 4214 - 01:10:14)(time 4475 - 01:14:35) ->    43(time 4561 - 01:16:01)(time 4784 - 01:19:44) ->    42(time 4855 - 01:20:55)(time 5103 - 01:25:03) ->    41(time 5189 - 01:26:29)(time 5445 - 01:30:45) ->    40(time 5516 - 01:31:56)(time 5747 - 01:35:47) ->    39(time 5833 - 01:37:13)(time 6059 - 01:40:59) ->    38(time 6145 - 01:42:25)(time 6380 - 01:46:20) ->    37(time 6451 - 01:47:31)(time 6673 - 01:51:13) ->    36(time 6759 - 01:52:39)(time 7008 - 01:56:48) ->    35(time 7094 - 01:58:14)(time 7328 - 02:02:08) ->    34(time 7414 - 02:03:34)(time 7649 - 02:07:29) ->    33(time 7735 - 02:08:55)(time 7992 - 02:13:12) ->    32(time 8078 - 02:14:38)(time 8327 - 02:18:47) ->    31(time 8413 - 02:20:13)(time 8651 - 02:24:11) ->    30(time 8737 - 02:25:37)(time 8956 - 02:29:16) ->    29(time 9042 - 02:30:42)(time 9299 - 02:34:59) ->    28(time 9564 - 02:39:24)(time 9781 - 02:43:01) ->    27(time 9867 - 02:44:27)(time 10088 - 02:48:08) ->    26(time 10159 - 02:49:19)(time 10386 - 02:53:06) ->    25(time 10472 - 02:54:32)(time 10703 - 02:58:23) ->    24(time 10789 - 02:59:49)(time 11027 - 03:03:47) ->    23(time 11379 - 03:09:39)(time 11379 - 03:09:39) ->    0(time 11731 - 03:15:31)(time 11969 - 03:19:29) ->    1(time 12242 - 03:24:02)(time 12473 - 03:27:53) ->    2(time 12825 - 03:33:45)(time 13052 - 03:37:32) ->    3(time 13123 - 03:38:43)(time 13344 - 03:42:24) ->    4(time 13430 - 03:43:50)(time 13647 - 03:47:27) ->    5(time 13733 - 03:48:53)(time 13990 - 03:53:10) ->    6(time 14076 - 03:54:36)(time 14295 - 03:58:15) ->    7(time 14381 - 03:59:41)(time 14619 - 04:03:39) ->    8(time 14705 - 04:05:05)(time 14954 - 04:09:14) ->    9(time 15191 - 04:13:11)(time 15448 - 04:17:28) ->    10(time 15534 - 04:18:54)(time 15769 - 04:22:49) ->    11(time 15855 - 04:24:15)(time 16089 - 04:28:09) ->    12(time 16175 - 04:29:35)(time 16424 - 04:33:44) ->    13(time 16510 - 04:35:10)(time 16732 - 04:38:52) ->    14(time 16803 - 04:40:03)(time 17038 - 04:43:58) ->    15(time 17124 - 04:45:24)(time 17350 - 04:49:10) ->    16(time 17436 - 04:50:36)(time 17667 - 04:54:27) ->    17(time 17845 - 04:57:25)(time 18101 - 05:01:41) ->    18(time 18187 - 05:03:07)(time 18435 - 05:07:15) ->    19(time 18506 - 05:08:26)(time 18729 - 05:12:09) ->    20(time 18815 - 05:13:35)(time 19076 - 05:17:56) ->    21(time 19162 - 05:19:22)(time 19403 - 05:23:23) ->    22(time 19755 - 05:29:15)(time 19755 - 05:29:15) -> 45
> Trip 1
   45(time 20634 - 05:43:54)(time 20875 - 05:47:55) ->    44(time 20961 - 05:49:21)(time 21222 - 05:53:42) ->    43(time 21308 - 05:55:08)(time 21531 - 05:58:51) ->    42(time 21602 - 06:00:02)(time 21850 - 06:04:10) ->    41(time 22202 - 06:10:02)(time 22458 - 06:14:18) ->    40(time 22810 - 06:20:10)(time 23041 - 06:24:01) ->    39(time 23393 - 06:29:53)(time 23619 - 06:33:39) ->    38(time 23705 - 06:35:05)(time 23940 - 06:39:00) ->    37(time 24011 - 06:40:11)(time 24233 - 06:43:53) ->    36(time 24319 - 06:45:19)(time 24568 - 06:49:28) ->    35(time 24654 - 06:50:54)(time 24888 - 06:54:48) ->    34(time 24974 - 06:56:14)(time 25209 - 07:00:09) ->    33(time 25315 - 07:01:55)(time 25572 - 07:06:12) ->    32(time 25658 - 07:07:38)(time 25907 - 07:11:47) ->    31(time 25993 - 07:13:13)(time 26231 - 07:17:11) ->    30(time 26317 - 07:18:37)(time 26536 - 07:22:16) ->    29(time 26622 - 07:23:42)(time 26879 - 07:27:59) ->    28(time 26965 - 07:29:25)(time 27182 - 07:33:02) ->    27(time 27516 - 07:38:36)(time 27737 - 07:42:17) ->    26(time 28089 - 07:48:09)(time 28316 - 07:51:56) ->    25(time 28402 - 07:53:22)(time 28633 - 07:57:13) ->    24(time 28719 - 07:58:39)(time 28957 - 08:02:37) ->    23(time 29222 - 08:07:02)(time 29222 - 08:07:02) ->    0(time 29222 - 08:07:02)(time 29460 - 08:11:00) ->    1(time 29546 - 08:12:26)(time 29777 - 08:16:17) ->    2(time 29863 - 08:17:43)(time 30090 - 08:21:30) ->    3(time 30161 - 08:22:41)(time 30382 - 08:26:22) ->    4(time 30468 - 08:27:48)(time 30685 - 08:31:25) ->    5(time 30771 - 08:32:51)(time 31028 - 08:37:08) ->    6(time 31114 - 08:38:34)(time 31333 - 08:42:13) ->    7(time 31419 - 08:43:39)(time 31657 - 08:47:37) ->    8(time 31743 - 08:49:03)(time 31992 - 08:53:12) ->    9(time 32078 - 08:54:38)(time 32335 - 08:58:55) ->    10(time 32421 - 09:00:21)(time 32656 - 09:04:16) ->    11(time 32742 - 09:05:42)(time 32976 - 09:09:36) ->    12(time 33062 - 09:11:02)(time 33311 - 09:15:11) ->    13(time 33397 - 09:16:37)(time 33619 - 09:20:19) ->    14(time 33690 - 09:21:30)(time 33925 - 09:25:25) ->    15(time 34011 - 09:26:51)(time 34237 - 09:30:37) ->    16(time 34323 - 09:32:03)(time 34554 - 09:35:54) ->    17(time 34625 - 09:37:05)(time 34881 - 09:41:21) ->    18(time 34967 - 09:42:47)(time 35215 - 09:46:55) ->    19(time 35286 - 09:48:06)(time 35509 - 09:51:49) ->    20(time 35595 - 09:53:15)(time 35856 - 09:57:36) ->    21(time 35942 - 09:59:02)(time 36183 - 10:03:03) ->    22(time 36448 - 10:07:28)(time 36448 - 10:07:28) -> 45
=============
Train 5
=============
> Trip 0
   45(time 6835 - 01:53:55)(time 7076 - 01:57:56) ->    44(time 7162 - 01:59:22)(time 7423 - 02:03:43) ->    43(time 7509 - 02:05:09)(time 7732 - 02:08:52) ->    42(time 7803 - 02:10:03)(time 8051 - 02:14:11) ->    41(time 8137 - 02:15:37)(time 8393 - 02:19:53) ->    40(time 8464 - 02:21:04)(time 8695 - 02:24:55) ->    39(time 8781 - 02:26:21)(time 9007 - 02:30:07) ->    38(time 9093 - 02:31:33)(time 9328 - 02:35:28) ->    37(time 9399 - 02:36:39)(time 9621 - 02:40:21) ->    36(time 9707 - 02:41:47)(time 9956 - 02:45:56) ->    35(time 10042 - 02:47:22)(time 10276 - 02:51:16) ->    34(time 10362 - 02:52:42)(time 10597 - 02:56:37) ->    33(time 10949 - 03:02:29)(time 11206 - 03:06:46) ->    32(time 11292 - 03:08:12)(time 11541 - 03:12:21) ->    31(time 11627 - 03:13:47)(time 11865 - 03:17:45) ->    30(time 11951 - 03:19:11)(time 12170 - 03:22:50) ->    29(time 12256 - 03:24:16)(time 12513 - 03:28:33) ->    28(time 12599 - 03:29:59)(time 12816 - 03:33:36) ->    27(time 12902 - 03:35:02)(time 13123 - 03:38:43) ->    26(time 13194 - 03:39:54)(time 13421 - 03:43:41) ->    25(time 13507 - 03:45:07)(time 13738 - 03:48:58) ->    24(time 13824 - 03:50:24)(time 14062 - 03:54:22) ->    23(time 14327 - 03:58:47)(time 14327 - 03:58:47) ->    0(time 14327 - 03:58:47)(time 14565 - 04:02:45) ->    1(time 14651 - 04:04:11)(time 14882 - 04:08:02) ->    2(time 14968 - 04:09:28)(time 15195 - 04:13:15) ->    3(time 15266 - 04:14:26)(time 15487 - 04:18:07) ->    4(time 15573 - 04:19:33)(time 15790 - 04:23:10) ->    5(time 15876 - 04:24:36)(time 16133 - 04:28:53) ->    6(time 16219 - 04:30:19)(time 16438 - 04:33:58) ->    7(time 16524 - 04:35:24)(time 16762 - 04:39:22) ->    8(time 16848 - 04:40:48)(time 17097 - 04:44:57) ->    9(time 17183 - 04:46:23)(time 17440 - 04:50:40) ->    10(time 17526 - 04:52:06)(time 17761 - 04:56:01) ->    11(time 17847 - 04:57:27)(time 18081 - 05:01:21) ->    12(time 18167 - 05:02:47)(time 18416 - 05:06:56) ->    13(time 18502 - 05:08:22)(time 18724 - 05:12:04) ->    14(time 18795 - 05:13:15)(time 19030 - 05:17:10) ->    15(time 19116 - 05:18:36)(time 19342 - 05:22:22) ->    16(time 19428 - 05:23:48)(time 19659 - 05:27:39) ->    17(time 19730 - 05:28:50)(time 19986 - 05:33:06) ->    18(time 20072 - 05:34:32)(time 20320 - 05:38:40) ->    19(time 20391 - 05:39:51)(time 20614 - 05:43:34) ->    20(time 20700 - 05:45:00)(time 20961 - 05:49:21) ->    21(time 21047 - 05:50:47)(time 21288 - 05:54:48) ->    22(time 21553 - 05:59:13)(time 21553 - 05:59:13) -> 45
> Trip 1
   45(time 21553 - 05:59:13)(time 21794 - 06:03:14) ->    44(time 21880 - 06:04:40)(time 22141 - 06:09:01) ->    43(time 22227 - 06:10:27)(time 22450 - 06:14:10) ->    42(time 22521 - 06:15:21)(time 22769 - 06:19:29) ->    41(time 22855 - 06:20:55)(time 23111 - 06:25:11) ->    40(time 23182 - 06:26:22)(time 23413 - 06:30:13) ->    39(time 23499 - 06:31:39)(time 23725 - 06:35:25) ->    38(time 23811 - 06:36:51)(time 24046 - 06:40:46) ->    37(time 24117 - 06:41:57)(time 24339 - 06:45:39) ->    36(time 24425 - 06:47:05)(time 24674 - 06:51:14) ->    35(time 24760 - 06:52:40)(time 24994 - 06:56:34) ->    34(time 25080 - 06:58:00)(time 25315 - 07:01:55) ->    33(time 25401 - 07:03:21)(time 25658 - 07:07:38) ->    32(time 25744 - 07:09:04)(time 25993 - 07:13:13) ->    31(time 26079 - 07:14:39)(time 26317 - 07:18:37) ->    30(time 26403 - 07:20:03)(time 26622 - 07:23:42) ->    29(time 26708 - 07:25:08)(time 26965 - 07:29:25) ->    28(time 27317 - 07:35:17)(time 27534 - 07:38:54) ->    27(time 27868 - 07:44:28)(time 28089 - 07:48:09) ->    26(time 28175 - 07:49:35)(time 28402 - 07:53:22) ->    25(time 28488 - 07:54:48)(time 28719 - 07:58:39) ->    24(time 28984 - 08:03:04)(time 29222 - 08:07:02) ->    23(time 29487 - 08:11:27)(time 29487 - 08:11:27) ->    0(time 29487 - 08:11:27)(time 29725 - 08:15:25) ->    1(time 29811 - 08:16:51)(time 30042 - 08:20:42) ->    2(time 30128 - 08:22:08)(time 30355 - 08:25:55) ->    3(time 30426 - 08:27:06)(time 30647 - 08:30:47) ->    4(time 30733 - 08:32:13)(time 30950 - 08:35:50) ->    5(time 31036 - 08:37:16)(time 31293 - 08:41:33) ->    6(time 31379 - 08:42:59)(time 31598 - 08:46:38) ->    7(time 31684 - 08:48:04)(time 31922 - 08:52:02) ->    8(time 32008 - 08:53:28)(time 32257 - 08:57:37) ->    9(time 32343 - 08:59:03)(time 32600 - 09:03:20) ->    10(time 32686 - 09:04:46)(time 32921 - 09:08:41) ->    11(time 33007 - 09:10:07)(time 33241 - 09:14:01) ->    12(time 33327 - 09:15:27)(time 33576 - 09:19:36) ->    13(time 33662 - 09:21:02)(time 33884 - 09:24:44) ->    14(time 33955 - 09:25:55)(time 34190 - 09:29:50) ->    15(time 34276 - 09:31:16)(time 34502 - 09:35:02) ->    16(time 34588 - 09:36:28)(time 34819 - 09:40:19) ->    17(time 34890 - 09:41:30)(time 35146 - 09:45:46) ->    18(time 35232 - 09:47:12)(time 35480 - 09:51:20) ->    19(time 35551 - 09:52:31)(time 35774 - 09:56:14) ->    20(time 35860 - 09:57:40)(time 36121 - 10:02:01) ->    21(time 36207 - 10:03:27)(time 36448 - 10:07:28) ->    22(time 36713 - 10:11:53)(time 36713 - 10:11:53) -> 45
