t6p20r2h2.txt:
   > Trying to open the instance file...
   > Reading number of trains...
   > Reading maximum number of trips per train...
   > Reading time intervals...
   > Reading number of points...
   > Reading stations...
   > Reading crossings...
   > Reading depots...
   > Reading initial point...
   > Reading routes...
   > Reading distance and distance and service...
   > Reading demands...
   > Reading maximum time...
   > Reading alpha...

--------------------------------
 Printing instance
--------------------------------
number of trains = 6
	max trips per trains: 2     2     2     2     2     2
number of intervals = 2
	(0,  24427)	(24428,  48855)
number of points = 20
	initial point: 0
	stations: 0     1     2     3     4     5     6     7     8     9    10    11    12    13    14    15    16    17    18    19
	crossings: 0     7    12    13    19
	depots: 0    19
number of vertices = 40
	total vertices: 0     1     2     3     4     5     6     7     8     9    10    11    12    13    14    15    16    17    18    19    20    21    22    23    24    25    26    27    28    29    30    31    32    33    34    35    36    37    38    39
	upper vertices: 0     1     2     3     4     5     6     7     8     9    10    11    12    13    14    15    16    17    18    19
	lower vertices: 20    21    22    23    24    25    26    27    28    29    30    31    32    33    34    35    36    37    38    39
	vertices of point #0: (0, 20)
	vertices of point #1: (1, 21)
	vertices of point #2: (2, 22)
	vertices of point #3: (3, 23)
	vertices of point #4: (4, 24)
	vertices of point #5: (5, 25)
	vertices of point #6: (6, 26)
	vertices of point #7: (7, 27)
	vertices of point #8: (8, 28)
	vertices of point #9: (9, 29)
	vertices of point #10: (10, 30)
	vertices of point #11: (11, 31)
	vertices of point #12: (12, 32)
	vertices of point #13: (13, 33)
	vertices of point #14: (14, 34)
	vertices of point #15: (15, 35)
	vertices of point #16: (16, 36)
	vertices of point #17: (17, 37)
	vertices of point #18: (18, 38)
	vertices of point #19: (19, 39)

arcs...
	total arcs: 
		arc #0: (0, 1)
		arc #1: (0, 20)
		arc #2: (20, 0)
		arc #3: (1, 2)
		arc #4: (21, 20)
		arc #5: (2, 3)
		arc #6: (22, 21)
		arc #7: (3, 4)
		arc #8: (23, 22)
		arc #9: (4, 5)
		arc #10: (24, 23)
		arc #11: (5, 6)
		arc #12: (25, 24)
		arc #13: (6, 7)
		arc #14: (26, 25)
		arc #15: (7, 8)
		arc #16: (27, 26)
		arc #17: (8, 9)
		arc #18: (28, 27)
		arc #19: (9, 10)
		arc #20: (29, 28)
		arc #21: (10, 11)
		arc #22: (30, 29)
		arc #23: (11, 12)
		arc #24: (31, 30)
		arc #25: (12, 13)
		arc #26: (32, 31)
		arc #27: (13, 14)
		arc #28: (33, 32)
		arc #29: (14, 15)
		arc #30: (34, 33)
		arc #31: (15, 16)
		arc #32: (35, 34)
		arc #33: (16, 17)
		arc #34: (36, 35)
		arc #35: (17, 18)
		arc #36: (37, 36)
		arc #37: (18, 19)
		arc #38: (38, 37)
		arc #39: (39, 38)
		arc #40: (19, 39)
		arc #41: (39, 19)

	reverse arcs: 
		arc #1: (0, 20)
		arc #2: (20, 0)
		arc #40: (19, 39)
		arc #41: (39, 19)


incompatible points...
	(0, 6, 27, (6, 7))	(27, 21, 0, (21, 20))	(7, 11, 32, (11, 12))	(32, 28, 7, (28, 27))	(12, 12, 33, (12, 13))	(33, 33, 12, (33, 32))	(13, 18, 39, (18, 19))	(39, 34, 13, (34, 33))

number of routes = 2
vertices of routes...
	route #0: 0     1     2     3     4     5     6     7     8     9    10    11    12    13    14    15    16    17    18    19    39    38    37    36    35    34    33    32    31    30    29    28    27    26    25    24    23    22    21    20     0
	route #1: 39    38    37    36    35    34    33    32    31    30    29    28    27    26    25    24    23    22    21    20     0     1     2     3     4     5     6     7     8     9    10    11    12    13    14    15    16    17    18    19    39
arcs of routes...
	route #0: 0     3     5     7     9    11    13    15    17    19    21    23    25    27    29    31    33    35    37    40    39    38    36    34    32    30    28    26    24    22    20    18    16    14    12    10     8     6     4     2
	route #1: 39    38    36    34    32    30    28    26    24    22    20    18    16    14    12    10     8     6     4     2     0     3     5     7     9    11    13    15    17    19    21    23    25    27    29    31    33    35    37    40

incompatible routes...
	(0, 1)    	(1, 0)

vertices that can be adjacent in consecutive trips...
	(0, 0)    	(39, 39)
non cyclical routes: 


routes of trip...
	routes that train #0 can complete at trip #0: 0
	routes that train #0 can complete at trip #1: 0       1

	routes that train #1 can complete at trip #0: 0
	routes that train #1 can complete at trip #1: 0       1

	routes that train #2 can complete at trip #0: 0
	routes that train #2 can complete at trip #1: 0       1

	routes that train #3 can complete at trip #0: 0
	routes that train #3 can complete at trip #1: 0       1

	routes that train #4 can complete at trip #0: 0
	routes that train #4 can complete at trip #1: 0       1

	routes that train #5 can complete at trip #0: 0
	routes that train #5 can complete at trip #1: 0       1

 cost...
	arc #0 [0][1]: 375
	arc #1 [0][20]: 0
	arc #2 [20][0]: 0
	arc #3 [1][2]: 347
	arc #4 [21][20]: 375
	arc #5 [2][3]: 325
	arc #6 [22][21]: 347
	arc #7 [3][4]: 351
	arc #8 [23][22]: 325
	arc #9 [4][5]: 342
	arc #10 [24][23]: 351
	arc #11 [5][6]: 348
	arc #12 [25][24]: 342
	arc #13 [6][7]: 362
	arc #14 [26][25]: 348
	arc #15 [7][8]: 356
	arc #16 [27][26]: 362
	arc #17 [8][9]: 354
	arc #18 [28][27]: 356
	arc #19 [9][10]: 340
	arc #20 [29][28]: 354
	arc #21 [10][11]: 334
	arc #22 [30][29]: 340
	arc #23 [11][12]: 363
	arc #24 [31][30]: 334
	arc #25 [12][13]: 378
	arc #26 [32][31]: 363
	arc #27 [13][14]: 335
	arc #28 [33][32]: 378
	arc #29 [14][15]: 326
	arc #30 [34][33]: 335
	arc #31 [15][16]: 354
	arc #32 [35][34]: 326
	arc #33 [16][17]: 333
	arc #34 [36][35]: 354
	arc #35 [17][18]: 346
	arc #36 [37][36]: 333
	arc #37 [18][19]: 318
	arc #38 [38][37]: 346
	arc #39 [39][38]: 318
	arc #40 [19][39]: 0
	arc #41 [39][19]: 0

cost with minimum service...
	arc #0 [0][1]: 452
	arc #1 [0][20]: 0
	arc #2 [20][0]: 0
	arc #3 [1][2]: 424
	arc #4 [21][20]: 520
	arc #5 [2][3]: 402
	arc #6 [22][21]: 424
	arc #7 [3][4]: 428
	arc #8 [23][22]: 402
	arc #9 [4][5]: 419
	arc #10 [24][23]: 428
	arc #11 [5][6]: 425
	arc #12 [25][24]: 419
	arc #13 [6][7]: 439
	arc #14 [26][25]: 425
	arc #15 [7][8]: 433
	arc #16 [27][26]: 439
	arc #17 [8][9]: 431
	arc #18 [28][27]: 433
	arc #19 [9][10]: 417
	arc #20 [29][28]: 431
	arc #21 [10][11]: 411
	arc #22 [30][29]: 417
	arc #23 [11][12]: 440
	arc #24 [31][30]: 411
	arc #25 [12][13]: 455
	arc #26 [32][31]: 440
	arc #27 [13][14]: 412
	arc #28 [33][32]: 455
	arc #29 [14][15]: 403
	arc #30 [34][33]: 412
	arc #31 [15][16]: 431
	arc #32 [35][34]: 403
	arc #33 [16][17]: 410
	arc #34 [36][35]: 431
	arc #35 [17][18]: 423
	arc #36 [37][36]: 410
	arc #37 [18][19]: 463
	arc #38 [38][37]: 423
	arc #39 [39][38]: 395
	arc #40 [19][39]: 0
	arc #41 [39][19]: 0

cost with maximum service...
	arc #0 [0][1]: 826
	arc #1 [0][20]: 451
	arc #2 [20][0]: 451
	arc #3 [1][2]: 798
	arc #4 [21][20]: 826
	arc #5 [2][3]: 776
	arc #6 [22][21]: 798
	arc #7 [3][4]: 802
	arc #8 [23][22]: 776
	arc #9 [4][5]: 793
	arc #10 [24][23]: 802
	arc #11 [5][6]: 799
	arc #12 [25][24]: 793
	arc #13 [6][7]: 813
	arc #14 [26][25]: 799
	arc #15 [7][8]: 807
	arc #16 [27][26]: 813
	arc #17 [8][9]: 805
	arc #18 [28][27]: 807
	arc #19 [9][10]: 791
	arc #20 [29][28]: 805
	arc #21 [10][11]: 785
	arc #22 [30][29]: 791
	arc #23 [11][12]: 814
	arc #24 [31][30]: 785
	arc #25 [12][13]: 829
	arc #26 [32][31]: 814
	arc #27 [13][14]: 786
	arc #28 [33][32]: 829
	arc #29 [14][15]: 777
	arc #30 [34][33]: 786
	arc #31 [15][16]: 805
	arc #32 [35][34]: 777
	arc #33 [16][17]: 784
	arc #34 [36][35]: 805
	arc #35 [17][18]: 797
	arc #36 [37][36]: 784
	arc #37 [18][19]: 769
	arc #38 [38][37]: 797
	arc #39 [39][38]: 769
	arc #40 [19][39]: 451
	arc #41 [39][19]: 451

demands...
	demands of vertex 0 at time interval: 4     4
	demands of vertex 1 at time interval: 4     4
	demands of vertex 2 at time interval: 4     4
	demands of vertex 3 at time interval: 4     4
	demands of vertex 4 at time interval: 4     4
	demands of vertex 5 at time interval: 4     4
	demands of vertex 6 at time interval: 4     4
	demands of vertex 7 at time interval: 4     4
	demands of vertex 8 at time interval: 4     4
	demands of vertex 9 at time interval: 4     4
	demands of vertex 10 at time interval: 4     4
	demands of vertex 11 at time interval: 4     4
	demands of vertex 12 at time interval: 4     4
	demands of vertex 13 at time interval: 4     4
	demands of vertex 14 at time interval: 4     4
	demands of vertex 15 at time interval: 4     4
	demands of vertex 16 at time interval: 4     4
	demands of vertex 17 at time interval: 4     4
	demands of vertex 18 at time interval: 4     4
	demands of vertex 19 at time interval: 0     0
	demands of vertex 20 at time interval: 0     0
	demands of vertex 21 at time interval: 4     4
	demands of vertex 22 at time interval: 4     4
	demands of vertex 23 at time interval: 4     4
	demands of vertex 24 at time interval: 4     4
	demands of vertex 25 at time interval: 4     4
	demands of vertex 26 at time interval: 4     4
	demands of vertex 27 at time interval: 4     4
	demands of vertex 28 at time interval: 4     4
	demands of vertex 29 at time interval: 4     4
	demands of vertex 30 at time interval: 4     4
	demands of vertex 31 at time interval: 4     4
	demands of vertex 32 at time interval: 4     4
	demands of vertex 33 at time interval: 4     4
	demands of vertex 34 at time interval: 4     4
	demands of vertex 35 at time interval: 4     4
	demands of vertex 36 at time interval: 4     4
	demands of vertex 37 at time interval: 4     4
	demands of vertex 38 at time interval: 4     4
	demands of vertex 39 at time interval: 4     4

maximum time = 48855
alpha = 43
Starting to test combinations... - Total number of combinations = 64
Found new best - 2/64
10% done - 7/64 combination(s) tested! (Thread 0)
20% done - 14/64 combination(s) tested! (Thread 0)
30% done - 21/64 combination(s) tested! (Thread 0)
40% done - 28/64 combination(s) tested! (Thread 0)
50% done - 35/64 combination(s) tested! (Thread 0)
60% done - 42/64 combination(s) tested! (Thread 0)
70% done - 49/64 combination(s) tested! (Thread 0)
80% done - 56/64 combination(s) tested! (Thread 0)
90% done - 63/64 combination(s) tested! (Thread 0)
	Cannot prove optimality!

>> Printing some results...
    -> Solution value = 45892 - 12:44:52
    -> Total time = 7567.37

=============
Train 0
=============
> Trip 0
   0(time 290 - 00:04:50)(time 665 - 00:11:05) ->    1(time 742 - 00:12:22)(time 1089 - 00:18:09) ->    2(time 1166 - 00:19:26)(time 1491 - 00:24:51) ->    3(time 1568 - 00:26:08)(time 1919 - 00:31:59) ->    4(time 1996 - 00:33:16)(time 2338 - 00:38:58) ->    5(time 2415 - 00:40:15)(time 2763 - 00:46:03) ->    6(time 2840 - 00:47:20)(time 3202 - 00:53:22) ->    7(time 3279 - 00:54:39)(time 3635 - 01:00:35) ->    8(time 3712 - 01:01:52)(time 4066 - 01:07:46) ->    9(time 4143 - 01:09:03)(time 4483 - 01:14:43) ->    10(time 4560 - 01:16:00)(time 4894 - 01:21:34) ->    11(time 4971 - 01:22:51)(time 5334 - 01:28:54) ->    12(time 5411 - 01:30:11)(time 5789 - 01:36:29) ->    13(time 5866 - 01:37:46)(time 6201 - 01:43:21) ->    14(time 6278 - 01:44:38)(time 6604 - 01:50:04) ->    15(time 6681 - 01:51:21)(time 7035 - 01:57:15) ->    16(time 7112 - 01:58:32)(time 7445 - 02:04:05) ->    17(time 7522 - 02:05:22)(time 7868 - 02:11:08) ->    18(time 7945 - 02:12:25)(time 8263 - 02:17:43) ->    19(time 8714 - 02:25:14)(time 8714 - 02:25:14) ->    39(time 9165 - 02:32:45)(time 9483 - 02:38:03) ->    38(time 9568 - 02:39:28)(time 9914 - 02:45:14) ->    37(time 9991 - 02:46:31)(time 10324 - 02:52:04) ->    36(time 10401 - 02:53:21)(time 10755 - 02:59:15) ->    35(time 10832 - 03:00:32)(time 11158 - 03:05:58) ->    34(time 11235 - 03:07:15)(time 11570 - 03:12:50) ->    33(time 11647 - 03:14:07)(time 12025 - 03:20:25) ->    32(time 12102 - 03:21:42)(time 12465 - 03:27:45) ->    31(time 12542 - 03:29:02)(time 12876 - 03:34:36) ->    30(time 12953 - 03:35:53)(time 13293 - 03:41:33) ->    29(time 13370 - 03:42:50)(time 13724 - 03:48:44) ->    28(time 13801 - 03:50:01)(time 14157 - 03:55:57) ->    27(time 14234 - 03:57:14)(time 14596 - 04:03:16) ->    26(time 14673 - 04:04:33)(time 15021 - 04:10:21) ->    25(time 15098 - 04:11:38)(time 15440 - 04:17:20) ->    24(time 15517 - 04:18:37)(time 15868 - 04:24:28) ->    23(time 15945 - 04:25:45)(time 16270 - 04:31:10) ->    22(time 16347 - 04:32:27)(time 16694 - 04:38:14) ->    21(time 16771 - 04:39:31)(time 17146 - 04:45:46) ->    20(time 17291 - 04:48:11)(time 17291 - 04:48:11) -> 0
> Trip 1
   0(time 24428 - 06:47:08)(time 24803 - 06:53:23) ->    1(time 24880 - 06:54:40)(time 25227 - 07:00:27) ->    2(time 25304 - 07:01:44)(time 25629 - 07:07:09) ->    3(time 25706 - 07:08:26)(time 26057 - 07:14:17) ->    4(time 26134 - 07:15:34)(time 26476 - 07:21:16) ->    5(time 26553 - 07:22:33)(time 26901 - 07:28:21) ->    6(time 26978 - 07:29:38)(time 27340 - 07:35:40) ->    7(time 27417 - 07:36:57)(time 27773 - 07:42:53) ->    8(time 27850 - 07:44:10)(time 28204 - 07:50:04) ->    9(time 28281 - 07:51:21)(time 28621 - 07:57:01) ->    10(time 28698 - 07:58:18)(time 29032 - 08:03:52) ->    11(time 29109 - 08:05:09)(time 29472 - 08:11:12) ->    12(time 29549 - 08:12:29)(time 29927 - 08:18:47) ->    13(time 30004 - 08:20:04)(time 30339 - 08:25:39) ->    14(time 30416 - 08:26:56)(time 30742 - 08:32:22) ->    15(time 30819 - 08:33:39)(time 31173 - 08:39:33) ->    16(time 31250 - 08:40:50)(time 31583 - 08:46:23) ->    17(time 31660 - 08:47:40)(time 32006 - 08:53:26) ->    18(time 32083 - 08:54:43)(time 32401 - 09:00:01) ->    19(time 32546 - 09:02:26)(time 32546 - 09:02:26) ->    39(time 32546 - 09:02:26)(time 32864 - 09:07:44) ->    38(time 32941 - 09:09:01)(time 33287 - 09:14:47) ->    37(time 33364 - 09:16:04)(time 33697 - 09:21:37) ->    36(time 33774 - 09:22:54)(time 34128 - 09:28:48) ->    35(time 34205 - 09:30:05)(time 34531 - 09:35:31) ->    34(time 34608 - 09:36:48)(time 34943 - 09:42:23) ->    33(time 35088 - 09:44:48)(time 35466 - 09:51:06) ->    32(time 35543 - 09:52:23)(time 35906 - 09:58:26) ->    31(time 35983 - 09:59:43)(time 36317 - 10:05:17) ->    30(time 36394 - 10:06:34)(time 36734 - 10:12:14) ->    29(time 36811 - 10:13:31)(time 37165 - 10:19:25) ->    28(time 37242 - 10:20:42)(time 37598 - 10:26:38) ->    27(time 37675 - 10:27:55)(time 38037 - 10:33:57) ->    26(time 38114 - 10:35:14)(time 38462 - 10:41:02) ->    25(time 38539 - 10:42:19)(time 38881 - 10:48:01) ->    24(time 38958 - 10:49:18)(time 39309 - 10:55:09) ->    23(time 39386 - 10:56:26)(time 39711 - 11:01:51) ->    22(time 39788 - 11:03:08)(time 40135 - 11:08:55) ->    21(time 40212 - 11:10:12)(time 40587 - 11:16:27) ->    20(time 40732 - 11:18:52)(time 40732 - 11:18:52) -> 0
=============
Train 1
=============
> Trip 0
   0(time 77 - 00:01:17)(time 452 - 00:07:32) ->    1(time 529 - 00:08:49)(time 876 - 00:14:36) ->    2(time 953 - 00:15:53)(time 1278 - 00:21:18) ->    3(time 1355 - 00:22:35)(time 1706 - 00:28:26) ->    4(time 1783 - 00:29:43)(time 2125 - 00:35:25) ->    5(time 2202 - 00:36:42)(time 2550 - 00:42:30) ->    6(time 2627 - 00:43:47)(time 2989 - 00:49:49) ->    7(time 3066 - 00:51:06)(time 3422 - 00:57:02) ->    8(time 3499 - 00:58:19)(time 3853 - 01:04:13) ->    9(time 3930 - 01:05:30)(time 4270 - 01:11:10) ->    10(time 4347 - 01:12:27)(time 4681 - 01:18:01) ->    11(time 4758 - 01:19:18)(time 5121 - 01:25:21) ->    12(time 5198 - 01:26:38)(time 5576 - 01:32:56) ->    13(time 5653 - 01:34:13)(time 5988 - 01:39:48) ->    14(time 6065 - 01:41:05)(time 6391 - 01:46:31) ->    15(time 6468 - 01:47:48)(time 6822 - 01:53:42) ->    16(time 6899 - 01:54:59)(time 7232 - 02:00:32) ->    17(time 7309 - 02:01:49)(time 7655 - 02:07:35) ->    18(time 7800 - 02:10:00)(time 8118 - 02:15:18) ->    19(time 8263 - 02:17:43)(time 8263 - 02:17:43) ->    39(time 8340 - 02:19:00)(time 8658 - 02:24:18) ->    38(time 8735 - 02:25:35)(time 9081 - 02:31:21) ->    37(time 9158 - 02:32:38)(time 9491 - 02:38:11) ->    36(time 9568 - 02:39:28)(time 9922 - 02:45:22) ->    35(time 9999 - 02:46:39)(time 10325 - 02:52:05) ->    34(time 10402 - 02:53:22)(time 10737 - 02:58:57) ->    33(time 10814 - 03:00:14)(time 11192 - 03:06:32) ->    32(time 11643 - 03:14:03)(time 12006 - 03:20:06) ->    31(time 12083 - 03:21:23)(time 12417 - 03:26:57) ->    30(time 12494 - 03:28:14)(time 12834 - 03:33:54) ->    29(time 12911 - 03:35:11)(time 13265 - 03:41:05) ->    28(time 13342 - 03:42:22)(time 13698 - 03:48:18) ->    27(time 13775 - 03:49:35)(time 14137 - 03:55:37) ->    26(time 14214 - 03:56:54)(time 14562 - 04:02:42) ->    25(time 14639 - 04:03:59)(time 14981 - 04:09:41) ->    24(time 15058 - 04:10:58)(time 15409 - 04:16:49) ->    23(time 15486 - 04:18:06)(time 15811 - 04:23:31) ->    22(time 15888 - 04:24:48)(time 16235 - 04:30:35) ->    21(time 16312 - 04:31:52)(time 16687 - 04:38:07) ->    20(time 16832 - 04:40:32)(time 16832 - 04:40:32) -> 0
> Trip 1
   0(time 24505 - 06:48:25)(time 24880 - 06:54:40) ->    1(time 24957 - 06:55:57)(time 25304 - 07:01:44) ->    2(time 25381 - 07:03:01)(time 25706 - 07:08:26) ->    3(time 25783 - 07:09:43)(time 26134 - 07:15:34) ->    4(time 26211 - 07:16:51)(time 26553 - 07:22:33) ->    5(time 26630 - 07:23:50)(time 26978 - 07:29:38) ->    6(time 27055 - 07:30:55)(time 27417 - 07:36:57) ->    7(time 27494 - 07:38:14)(time 27850 - 07:44:10) ->    8(time 27927 - 07:45:27)(time 28281 - 07:51:21) ->    9(time 28358 - 07:52:38)(time 28698 - 07:58:18) ->    10(time 28775 - 07:59:35)(time 29109 - 08:05:09) ->    11(time 29186 - 08:06:26)(time 29549 - 08:12:29) ->    12(time 29694 - 08:14:54)(time 30072 - 08:21:12) ->    13(time 30149 - 08:22:29)(time 30484 - 08:28:04) ->    14(time 30561 - 08:29:21)(time 30887 - 08:34:47) ->    15(time 30964 - 08:36:04)(time 31318 - 08:41:58) ->    16(time 31395 - 08:43:15)(time 31728 - 08:48:48) ->    17(time 31805 - 08:50:05)(time 32151 - 08:55:51) ->    18(time 32228 - 08:57:08)(time 32546 - 09:02:26) ->    19(time 32691 - 09:04:51)(time 32691 - 09:04:51) ->    39(time 32691 - 09:04:51)(time 33009 - 09:10:09) ->    38(time 33086 - 09:11:26)(time 33432 - 09:17:12) ->    37(time 33509 - 09:18:29)(time 33842 - 09:24:02) ->    36(time 33919 - 09:25:19)(time 34273 - 09:31:13) ->    35(time 34350 - 09:32:30)(time 34676 - 09:37:56) ->    34(time 34753 - 09:39:13)(time 35088 - 09:44:48) ->    33(time 35233 - 09:47:13)(time 35611 - 09:53:31) ->    32(time 35688 - 09:54:48)(time 36051 - 10:00:51) ->    31(time 36128 - 10:02:08)(time 36462 - 10:07:42) ->    30(time 36539 - 10:08:59)(time 36879 - 10:14:39) ->    29(time 36956 - 10:15:56)(time 37310 - 10:21:50) ->    28(time 37387 - 10:23:07)(time 37743 - 10:29:03) ->    27(time 37820 - 10:30:20)(time 38182 - 10:36:22) ->    26(time 38259 - 10:37:39)(time 38607 - 10:43:27) ->    25(time 38684 - 10:44:44)(time 39026 - 10:50:26) ->    24(time 39103 - 10:51:43)(time 39454 - 10:57:34) ->    23(time 39531 - 10:58:51)(time 39856 - 11:04:16) ->    22(time 39933 - 11:05:33)(time 40280 - 11:11:20) ->    21(time 40357 - 11:12:37)(time 40732 - 11:18:52) ->    20(time 40877 - 11:21:17)(time 40877 - 11:21:17) -> 0
=============
Train 2
=============
> Trip 0
   0(time 6148 - 01:42:28)(time 6523 - 01:48:43) ->    1(time 6600 - 01:50:00)(time 6947 - 01:55:47) ->    2(time 7024 - 01:57:04)(time 7349 - 02:02:29) ->    3(time 7426 - 02:03:46)(time 7777 - 02:09:37) ->    4(time 7854 - 02:10:54)(time 8196 - 02:16:36) ->    5(time 8273 - 02:17:53)(time 8621 - 02:23:41) ->    6(time 8698 - 02:24:58)(time 9060 - 02:31:00) ->    7(time 9137 - 02:32:17)(time 9493 - 02:38:13) ->    8(time 9570 - 02:39:30)(time 9924 - 02:45:24) ->    9(time 10001 - 02:46:41)(time 10341 - 02:52:21) ->    10(time 10418 - 02:53:38)(time 10752 - 02:59:12) ->    11(time 10829 - 03:00:29)(time 11192 - 03:06:32) ->    12(time 11269 - 03:07:49)(time 11647 - 03:14:07) ->    13(time 12098 - 03:21:38)(time 12433 - 03:27:13) ->    14(time 12510 - 03:28:30)(time 12836 - 03:33:56) ->    15(time 12913 - 03:35:13)(time 13267 - 03:41:07) ->    16(time 13344 - 03:42:24)(time 13677 - 03:47:57) ->    17(time 14128 - 03:55:28)(time 14474 - 04:01:14) ->    18(time 14551 - 04:02:31)(time 14869 - 04:07:49) ->    19(time 15014 - 04:10:14)(time 15014 - 04:10:14) ->    39(time 15014 - 04:10:14)(time 15332 - 04:15:32) ->    38(time 15409 - 04:16:49)(time 15755 - 04:22:35) ->    37(time 15832 - 04:23:52)(time 16165 - 04:29:25) ->    36(time 16242 - 04:30:42)(time 16596 - 04:36:36) ->    35(time 16673 - 04:37:53)(time 16999 - 04:43:19) ->    34(time 17076 - 04:44:36)(time 17411 - 04:50:11) ->    33(time 17488 - 04:51:28)(time 17866 - 04:57:46) ->    32(time 17943 - 04:59:03)(time 18306 - 05:05:06) ->    31(time 18383 - 05:06:23)(time 18717 - 05:11:57) ->    30(time 18794 - 05:13:14)(time 19134 - 05:18:54) ->    29(time 19211 - 05:20:11)(time 19565 - 05:26:05) ->    28(time 19779 - 05:29:39)(time 20135 - 05:35:35) ->    27(time 20586 - 05:43:06)(time 20948 - 05:49:08) ->    26(time 21025 - 05:50:25)(time 21373 - 05:56:13) ->    25(time 21450 - 05:57:30)(time 21792 - 06:03:12) ->    24(time 21869 - 06:04:29)(time 22220 - 06:10:20) ->    23(time 22671 - 06:17:51)(time 22996 - 06:23:16) ->    22(time 23073 - 06:24:33)(time 23420 - 06:30:20) ->    21(time 23497 - 06:31:37)(time 23872 - 06:37:52) ->    20(time 24017 - 06:40:17)(time 24017 - 06:40:17) -> 0
> Trip 1
   0(time 28764 - 07:59:24)(time 29139 - 08:05:39) ->    1(time 29216 - 08:06:56)(time 29563 - 08:12:43) ->    2(time 29640 - 08:14:00)(time 29965 - 08:19:25) ->    3(time 30042 - 08:20:42)(time 30393 - 08:26:33) ->    4(time 30470 - 08:27:50)(time 30812 - 08:33:32) ->    5(time 30889 - 08:34:49)(time 31237 - 08:40:37) ->    6(time 31314 - 08:41:54)(time 31676 - 08:47:56) ->    7(time 32127 - 08:55:27)(time 32483 - 09:01:23) ->    8(time 32934 - 09:08:54)(time 33288 - 09:14:48) ->    9(time 33365 - 09:16:05)(time 33705 - 09:21:45) ->    10(time 33782 - 09:23:02)(time 34116 - 09:28:36) ->    11(time 34193 - 09:29:53)(time 34556 - 09:35:56) ->    12(time 34633 - 09:37:13)(time 35011 - 09:43:31) ->    13(time 35088 - 09:44:48)(time 35423 - 09:50:23) ->    14(time 35500 - 09:51:40)(time 35826 - 09:57:06) ->    15(time 35903 - 09:58:23)(time 36257 - 10:04:17) ->    16(time 36334 - 10:05:34)(time 36667 - 10:11:07) ->    17(time 36744 - 10:12:24)(time 37090 - 10:18:10) ->    18(time 37167 - 10:19:27)(time 37485 - 10:24:45) ->    19(time 37630 - 10:27:10)(time 37630 - 10:27:10) ->    39(time 37630 - 10:27:10)(time 37948 - 10:32:28) ->    38(time 38025 - 10:33:45)(time 38371 - 10:39:31) ->    37(time 38448 - 10:40:48)(time 38781 - 10:46:21) ->    36(time 38858 - 10:47:38)(time 39212 - 10:53:32) ->    35(time 39289 - 10:54:49)(time 39615 - 11:00:15) ->    34(time 39692 - 11:01:32)(time 40027 - 11:07:07) ->    33(time 40104 - 11:08:24)(time 40482 - 11:14:42) ->    32(time 40559 - 11:15:59)(time 40922 - 11:22:02) ->    31(time 40999 - 11:23:19)(time 41333 - 11:28:53) ->    30(time 41410 - 11:30:10)(time 41750 - 11:35:50) ->    29(time 41827 - 11:37:07)(time 42181 - 11:43:01) ->    28(time 42258 - 11:44:18)(time 42614 - 11:50:14) ->    27(time 42691 - 11:51:31)(time 43053 - 11:57:33) ->    26(time 43130 - 11:58:50)(time 43478 - 12:04:38) ->    25(time 43555 - 12:05:55)(time 43897 - 12:11:37) ->    24(time 43974 - 12:12:54)(time 44325 - 12:18:45) ->    23(time 44402 - 12:20:02)(time 44727 - 12:25:27) ->    22(time 44804 - 12:26:44)(time 45151 - 12:32:31) ->    21(time 45228 - 12:33:48)(time 45603 - 12:40:03) ->    20(time 45748 - 12:42:28)(time 45748 - 12:42:28) -> 0
=============
Train 3
=============
> Trip 0
   0(time 0 - 00:00:00)(time 375 - 00:06:15) ->    1(time 452 - 00:07:32)(time 799 - 00:13:19) ->    2(time 876 - 00:14:36)(time 1201 - 00:20:01) ->    3(time 1278 - 00:21:18)(time 1629 - 00:27:09) ->    4(time 1706 - 00:28:26)(time 2048 - 00:34:08) ->    5(time 2125 - 00:35:25)(time 2473 - 00:41:13) ->    6(time 2550 - 00:42:30)(time 2912 - 00:48:32) ->    7(time 2989 - 00:49:49)(time 3345 - 00:55:45) ->    8(time 3422 - 00:57:02)(time 3776 - 01:02:56) ->    9(time 3853 - 01:04:13)(time 4193 - 01:09:53) ->    10(time 4270 - 01:11:10)(time 4604 - 01:16:44) ->    11(time 4681 - 01:18:01)(time 5044 - 01:24:04) ->    12(time 5121 - 01:25:21)(time 5499 - 01:31:39) ->    13(time 5576 - 01:32:56)(time 5911 - 01:38:31) ->    14(time 5988 - 01:39:48)(time 6314 - 01:45:14) ->    15(time 6391 - 01:46:31)(time 6745 - 01:52:25) ->    16(time 6822 - 01:53:42)(time 7155 - 01:59:15) ->    17(time 7232 - 02:00:32)(time 7578 - 02:06:18) ->    18(time 7655 - 02:07:35)(time 7973 - 02:12:53) ->    19(time 8118 - 02:15:18)(time 8118 - 02:15:18) ->    39(time 8263 - 02:17:43)(time 8581 - 02:23:01) ->    38(time 8658 - 02:24:18)(time 9004 - 02:30:04) ->    37(time 9081 - 02:31:21)(time 9414 - 02:36:54) ->    36(time 9491 - 02:38:11)(time 9845 - 02:44:05) ->    35(time 9922 - 02:45:22)(time 10248 - 02:50:48) ->    34(time 10325 - 02:52:05)(time 10660 - 02:57:40) ->    33(time 10737 - 02:58:57)(time 11115 - 03:05:15) ->    32(time 11192 - 03:06:32)(time 11555 - 03:12:35) ->    31(time 11632 - 03:13:52)(time 11966 - 03:19:26) ->    30(time 12043 - 03:20:43)(time 12383 - 03:26:23) ->    29(time 12460 - 03:27:40)(time 12814 - 03:33:34) ->    28(time 12891 - 03:34:51)(time 13247 - 03:40:47) ->    27(time 13324 - 03:42:04)(time 13686 - 03:48:06) ->    26(time 13763 - 03:49:23)(time 14111 - 03:55:11) ->    25(time 14188 - 03:56:28)(time 14530 - 04:02:10) ->    24(time 14607 - 04:03:27)(time 14958 - 04:09:18) ->    23(time 15035 - 04:10:35)(time 15360 - 04:16:00) ->    22(time 15437 - 04:17:17)(time 15784 - 04:23:04) ->    21(time 15861 - 04:24:21)(time 16236 - 04:30:36) ->    20(time 16381 - 04:33:01)(time 16381 - 04:33:01) -> 0
> Trip 1
   0(time 17146 - 04:45:46)(time 17521 - 04:52:01) ->    1(time 17598 - 04:53:18)(time 17945 - 04:59:05) ->    2(time 18022 - 05:00:22)(time 18347 - 05:05:47) ->    3(time 18424 - 05:07:04)(time 18775 - 05:12:55) ->    4(time 18852 - 05:14:12)(time 19194 - 05:19:54) ->    5(time 19271 - 05:21:11)(time 19619 - 05:26:59) ->    6(time 19696 - 05:28:16)(time 20058 - 05:34:18) ->    7(time 20135 - 05:35:35)(time 20491 - 05:41:31) ->    8(time 20874 - 05:47:54)(time 21228 - 05:53:48) ->    9(time 21305 - 05:55:05)(time 21645 - 06:00:45) ->    10(time 21722 - 06:02:02)(time 22056 - 06:07:36) ->    11(time 22133 - 06:08:53)(time 22496 - 06:14:56) ->    12(time 22573 - 06:16:13)(time 22951 - 06:22:31) ->    13(time 23028 - 06:23:48)(time 23363 - 06:29:23) ->    14(time 23440 - 06:30:40)(time 23766 - 06:36:06) ->    15(time 23843 - 06:37:23)(time 24197 - 06:43:17) ->    16(time 24274 - 06:44:34)(time 24607 - 06:50:07) ->    17(time 24684 - 06:51:24)(time 25030 - 06:57:10) ->    18(time 25107 - 06:58:27)(time 25425 - 07:03:45) ->    19(time 25570 - 07:06:10)(time 25570 - 07:06:10) ->    39(time 25570 - 07:06:10)(time 25888 - 07:11:28) ->    38(time 25965 - 07:12:45)(time 26311 - 07:18:31) ->    37(time 26388 - 07:19:48)(time 26721 - 07:25:21) ->    36(time 26798 - 07:26:38)(time 27152 - 07:32:32) ->    35(time 27229 - 07:33:49)(time 27555 - 07:39:15) ->    34(time 27934 - 07:45:34)(time 28269 - 07:51:09) ->    33(time 28720 - 07:58:40)(time 29098 - 08:04:58) ->    32(time 29549 - 08:12:29)(time 29912 - 08:18:32) ->    31(time 29989 - 08:19:49)(time 30323 - 08:25:23) ->    30(time 30400 - 08:26:40)(time 30740 - 08:32:20) ->    29(time 30817 - 08:33:37)(time 31171 - 08:39:31) ->    28(time 31320 - 08:42:00)(time 31676 - 08:47:56) ->    27(time 32127 - 08:55:27)(time 32489 - 09:01:29) ->    26(time 32566 - 09:02:46)(time 32914 - 09:08:34) ->    25(time 32991 - 09:09:51)(time 33333 - 09:15:33) ->    24(time 33410 - 09:16:50)(time 33761 - 09:22:41) ->    23(time 33838 - 09:23:58)(time 34163 - 09:29:23) ->    22(time 34240 - 09:30:40)(time 34587 - 09:36:27) ->    21(time 34664 - 09:37:44)(time 35039 - 09:43:59) ->    20(time 35184 - 09:46:24)(time 35184 - 09:46:24) -> 0
=============
Train 4
=============
> Trip 0
   0(time 5323 - 01:28:43)(time 5698 - 01:34:58) ->    1(time 5775 - 01:36:15)(time 6122 - 01:42:02) ->    2(time 6199 - 01:43:19)(time 6524 - 01:48:44) ->    3(time 6975 - 01:56:15)(time 7326 - 02:02:06) ->    4(time 7777 - 02:09:37)(time 8119 - 02:15:19) ->    5(time 8196 - 02:16:36)(time 8544 - 02:22:24) ->    6(time 8621 - 02:23:41)(time 8983 - 02:29:43) ->    7(time 9060 - 02:31:00)(time 9416 - 02:36:56) ->    8(time 9493 - 02:38:13)(time 9847 - 02:44:07) ->    9(time 9924 - 02:45:24)(time 10264 - 02:51:04) ->    10(time 10341 - 02:52:21)(time 10675 - 02:57:55) ->    11(time 10752 - 02:59:12)(time 11115 - 03:05:15) ->    12(time 11192 - 03:06:32)(time 11570 - 03:12:50) ->    13(time 11647 - 03:14:07)(time 11982 - 03:19:42) ->    14(time 12356 - 03:25:56)(time 12682 - 03:31:22) ->    15(time 12759 - 03:32:39)(time 13113 - 03:38:33) ->    16(time 13190 - 03:39:50)(time 13523 - 03:45:23) ->    17(time 13600 - 03:46:40)(time 13946 - 03:52:26) ->    18(time 14023 - 03:53:43)(time 14341 - 03:59:01) ->    19(time 14486 - 04:01:26)(time 14486 - 04:01:26) ->    39(time 14937 - 04:08:57)(time 15255 - 04:14:15) ->    38(time 15332 - 04:15:32)(time 15678 - 04:21:18) ->    37(time 15755 - 04:22:35)(time 16088 - 04:28:08) ->    36(time 16165 - 04:29:25)(time 16519 - 04:35:19) ->    35(time 16596 - 04:36:36)(time 16922 - 04:42:02) ->    34(time 16999 - 04:43:19)(time 17334 - 04:48:54) ->    33(time 17411 - 04:50:11)(time 17789 - 04:56:29) ->    32(time 17866 - 04:57:46)(time 18229 - 05:03:49) ->    31(time 18306 - 05:05:06)(time 18640 - 05:10:40) ->    30(time 18717 - 05:11:57)(time 19057 - 05:17:37) ->    29(time 19134 - 05:18:54)(time 19488 - 05:24:48) ->    28(time 19565 - 05:26:05)(time 19921 - 05:32:01) ->    27(time 20135 - 05:35:35)(time 20497 - 05:41:37) ->    26(time 20574 - 05:42:54)(time 20922 - 05:48:42) ->    25(time 20999 - 05:49:59)(time 21341 - 05:55:41) ->    24(time 21418 - 05:56:58)(time 21769 - 06:02:49) ->    23(time 21846 - 06:04:06)(time 22171 - 06:09:31) ->    22(time 22248 - 06:10:48)(time 22595 - 06:16:35) ->    21(time 22672 - 06:17:52)(time 23047 - 06:24:07) ->    20(time 23192 - 06:26:32)(time 23192 - 06:26:32) -> 0
> Trip 1
   0(time 29215 - 08:06:55)(time 29590 - 08:13:10) ->    1(time 29667 - 08:14:27)(time 30014 - 08:20:14) ->    2(time 30091 - 08:21:31)(time 30416 - 08:26:56) ->    3(time 30493 - 08:28:13)(time 30844 - 08:34:04) ->    4(time 30921 - 08:35:21)(time 31263 - 08:41:03) ->    5(time 31340 - 08:42:20)(time 31688 - 08:48:08) ->    6(time 31765 - 08:49:25)(time 32127 - 08:55:27) ->    7(time 32578 - 09:02:58)(time 32934 - 09:08:54) ->    8(time 33011 - 09:10:11)(time 33365 - 09:16:05) ->    9(time 33442 - 09:17:22)(time 33782 - 09:23:02) ->    10(time 33859 - 09:24:19)(time 34193 - 09:29:53) ->    11(time 34270 - 09:31:10)(time 34633 - 09:37:13) ->    12(time 34710 - 09:38:30)(time 35088 - 09:44:48) ->    13(time 35233 - 09:47:13)(time 35568 - 09:52:48) ->    14(time 35645 - 09:54:05)(time 35971 - 09:59:31) ->    15(time 36048 - 10:00:48)(time 36402 - 10:06:42) ->    16(time 36479 - 10:07:59)(time 36812 - 10:13:32) ->    17(time 36889 - 10:14:49)(time 37235 - 10:20:35) ->    18(time 37312 - 10:21:52)(time 37630 - 10:27:10) ->    19(time 37775 - 10:29:35)(time 37775 - 10:29:35) ->    39(time 37775 - 10:29:35)(time 38093 - 10:34:53) ->    38(time 38170 - 10:36:10)(time 38516 - 10:41:56) ->    37(time 38593 - 10:43:13)(time 38926 - 10:48:46) ->    36(time 39003 - 10:50:03)(time 39357 - 10:55:57) ->    35(time 39434 - 10:57:14)(time 39760 - 11:02:40) ->    34(time 39837 - 11:03:57)(time 40172 - 11:09:32) ->    33(time 40249 - 11:10:49)(time 40627 - 11:17:07) ->    32(time 40704 - 11:18:24)(time 41067 - 11:24:27) ->    31(time 41144 - 11:25:44)(time 41478 - 11:31:18) ->    30(time 41555 - 11:32:35)(time 41895 - 11:38:15) ->    29(time 41972 - 11:39:32)(time 42326 - 11:45:26) ->    28(time 42403 - 11:46:43)(time 42759 - 11:52:39) ->    27(time 42836 - 11:53:56)(time 43198 - 11:59:58) ->    26(time 43275 - 12:01:15)(time 43623 - 12:07:03) ->    25(time 43700 - 12:08:20)(time 44042 - 12:14:02) ->    24(time 44119 - 12:15:19)(time 44470 - 12:21:10) ->    23(time 44547 - 12:22:27)(time 44872 - 12:27:52) ->    22(time 44949 - 12:29:09)(time 45296 - 12:34:56) ->    21(time 45373 - 12:36:13)(time 45748 - 12:42:28) ->    20(time 45893 - 12:44:53)(time 45893 - 12:44:53) -> 0
=============
Train 5
=============
> Trip 0
   0(time 17223 - 04:47:03)(time 17598 - 04:53:18) ->    1(time 17675 - 04:54:35)(time 18022 - 05:00:22) ->    2(time 18099 - 05:01:39)(time 18424 - 05:07:04) ->    3(time 18501 - 05:08:21)(time 18852 - 05:14:12) ->    4(time 18929 - 05:15:29)(time 19271 - 05:21:11) ->    5(time 19348 - 05:22:28)(time 19696 - 05:28:16) ->    6(time 19773 - 05:29:33)(time 20135 - 05:35:35) ->    7(time 20586 - 05:43:06)(time 20942 - 05:49:02) ->    8(time 21019 - 05:50:19)(time 21373 - 05:56:13) ->    9(time 21450 - 05:57:30)(time 21790 - 06:03:10) ->    10(time 21867 - 06:04:27)(time 22201 - 06:10:01) ->    11(time 22278 - 06:11:18)(time 22641 - 06:17:21) ->    12(time 22718 - 06:18:38)(time 23096 - 06:24:56) ->    13(time 23173 - 06:26:13)(time 23508 - 06:31:48) ->    14(time 23585 - 06:33:05)(time 23911 - 06:38:31) ->    15(time 23988 - 06:39:48)(time 24342 - 06:45:42) ->    16(time 24419 - 06:46:59)(time 24752 - 06:52:32) ->    17(time 24829 - 06:53:49)(time 25175 - 06:59:35) ->    18(time 25252 - 07:00:52)(time 25570 - 07:06:10) ->    19(time 26021 - 07:13:41)(time 26021 - 07:13:41) ->    39(time 26323 - 07:18:43)(time 26641 - 07:24:01) ->    38(time 26718 - 07:25:18)(time 27064 - 07:31:04) ->    37(time 27141 - 07:32:21)(time 27474 - 07:37:54) ->    36(time 27551 - 07:39:11)(time 27905 - 07:45:05) ->    35(time 27982 - 07:46:22)(time 28308 - 07:51:48) ->    34(time 28385 - 07:53:05)(time 28720 - 07:58:40) ->    33(time 29171 - 08:06:11)(time 29549 - 08:12:29) ->    32(time 29626 - 08:13:46)(time 29989 - 08:19:49) ->    31(time 30066 - 08:21:06)(time 30400 - 08:26:40) ->    30(time 30477 - 08:27:57)(time 30817 - 08:33:37) ->    29(time 30966 - 08:36:06)(time 31320 - 08:42:00) ->    28(time 31771 - 08:49:31)(time 32127 - 08:55:27) ->    27(time 32578 - 09:02:58)(time 32940 - 09:09:00) ->    26(time 33017 - 09:10:17)(time 33365 - 09:16:05) ->    25(time 33442 - 09:17:22)(time 33784 - 09:23:04) ->    24(time 33861 - 09:24:21)(time 34212 - 09:30:12) ->    23(time 34289 - 09:31:29)(time 34614 - 09:36:54) ->    22(time 34691 - 09:38:11)(time 35038 - 09:43:58) ->    21(time 35115 - 09:45:15)(time 35490 - 09:51:30) ->    20(time 35635 - 09:53:55)(time 35635 - 09:53:55) -> 0
