t6p22r2h1.txt:
   > Trying to open the instance file...
   > Reading number of trains...
   > Reading maximum number of trips per train...
   > Reading time intervals...
   > Reading number of points...
   > Reading stations...
   > Reading crossings...
   > Reading depots...
   > Reading initial point...
   > Reading routes...
   > Reading distance and distance and service...
   > Reading demands...
   > Reading maximum time...
   > Reading alpha...

--------------------------------
 Printing instance
--------------------------------
number of trains = 6
	max trips per trains: 2     2     2     2     2     2
number of intervals = 1
	(0,  53404)
number of points = 22
	initial point: 0
	stations: 0     2     3     4     6     7     8     9    10    11    12    13    14    15    16    17    18    19    20    21
	crossings: 0     1     5     9    10    14    15    21
	depots: 0    21
number of vertices = 44
	total vertices: 0     1     2     3     4     5     6     7     8     9    10    11    12    13    14    15    16    17    18    19    20    21    22    23    24    25    26    27    28    29    30    31    32    33    34    35    36    37    38    39    40    41    42    43
	upper vertices: 0     1     2     3     4     5     6     7     8     9    10    11    12    13    14    15    16    17    18    19    20    21
	lower vertices: 22    23    24    25    26    27    28    29    30    31    32    33    34    35    36    37    38    39    40    41    42    43
	vertices of point #0: (0, 22)
	vertices of point #1: (1, 23)
	vertices of point #2: (2, 24)
	vertices of point #3: (3, 25)
	vertices of point #4: (4, 26)
	vertices of point #5: (5, 27)
	vertices of point #6: (6, 28)
	vertices of point #7: (7, 29)
	vertices of point #8: (8, 30)
	vertices of point #9: (9, 31)
	vertices of point #10: (10, 32)
	vertices of point #11: (11, 33)
	vertices of point #12: (12, 34)
	vertices of point #13: (13, 35)
	vertices of point #14: (14, 36)
	vertices of point #15: (15, 37)
	vertices of point #16: (16, 38)
	vertices of point #17: (17, 39)
	vertices of point #18: (18, 40)
	vertices of point #19: (19, 41)
	vertices of point #20: (20, 42)
	vertices of point #21: (21, 43)

arcs...
	total arcs: 
		arc #0: (0, 1)
		arc #1: (0, 22)
		arc #2: (22, 0)
		arc #3: (1, 2)
		arc #4: (23, 22)
		arc #5: (2, 3)
		arc #6: (24, 23)
		arc #7: (3, 4)
		arc #8: (25, 24)
		arc #9: (4, 5)
		arc #10: (26, 25)
		arc #11: (5, 6)
		arc #12: (27, 26)
		arc #13: (6, 7)
		arc #14: (28, 27)
		arc #15: (7, 8)
		arc #16: (29, 28)
		arc #17: (8, 9)
		arc #18: (30, 29)
		arc #19: (9, 10)
		arc #20: (31, 30)
		arc #21: (10, 11)
		arc #22: (32, 31)
		arc #23: (11, 12)
		arc #24: (33, 32)
		arc #25: (12, 13)
		arc #26: (34, 33)
		arc #27: (13, 14)
		arc #28: (35, 34)
		arc #29: (14, 15)
		arc #30: (36, 35)
		arc #31: (15, 16)
		arc #32: (37, 36)
		arc #33: (16, 17)
		arc #34: (38, 37)
		arc #35: (17, 18)
		arc #36: (39, 38)
		arc #37: (18, 19)
		arc #38: (40, 39)
		arc #39: (19, 20)
		arc #40: (41, 40)
		arc #41: (20, 21)
		arc #42: (42, 41)
		arc #43: (43, 42)
		arc #44: (21, 43)
		arc #45: (43, 21)

	reverse arcs: 
		arc #1: (0, 22)
		arc #2: (22, 0)
		arc #44: (21, 43)
		arc #45: (43, 21)


incompatible points...
	(0, 0, 23, (0, 1))	(23, 23, 0, (23, 22))	(1, 4, 27, (4, 5))	(27, 24, 1, (24, 23))	(5, 8, 31, (8, 9))	(31, 28, 5, (28, 27))	(9, 9, 32, (9, 10))	(32, 32, 9, (32, 31))	(10, 13, 36, (13, 14))	(36, 33, 10, (33, 32))	(14, 14, 37, (14, 15))	(37, 37, 14, (37, 36))	(15, 20, 43, (20, 21))	(43, 38, 15, (38, 37))

number of routes = 2
vertices of routes...
	route #0: 0     1     2     3     4     5     6     7     8     9    10    11    12    13    14    15    16    17    18    19    20    21    43    42    41    40    39    38    37    36    35    34    33    32    31    30    29    28    27    26    25    24    23    22     0
	route #1: 43    42    41    40    39    38    37    36    35    34    33    32    31    30    29    28    27    26    25    24    23    22     0     1     2     3     4     5     6     7     8     9    10    11    12    13    14    15    16    17    18    19    20    21    43
arcs of routes...
	route #0: 0     3     5     7     9    11    13    15    17    19    21    23    25    27    29    31    33    35    37    39    41    44    43    42    40    38    36    34    32    30    28    26    24    22    20    18    16    14    12    10     8     6     4     2
	route #1: 43    42    40    38    36    34    32    30    28    26    24    22    20    18    16    14    12    10     8     6     4     2     0     3     5     7     9    11    13    15    17    19    21    23    25    27    29    31    33    35    37    39    41    44

incompatible routes...
	(0, 1)    	(1, 0)

vertices that can be adjacent in consecutive trips...
	(0, 0)    	(43, 43)
non cyclical routes: 


routes of trip...
	routes that train #0 can complete at trip #0: 0
	routes that train #0 can complete at trip #1: 0       1

	routes that train #1 can complete at trip #0: 0
	routes that train #1 can complete at trip #1: 0       1

	routes that train #2 can complete at trip #0: 0
	routes that train #2 can complete at trip #1: 0       1

	routes that train #3 can complete at trip #0: 0
	routes that train #3 can complete at trip #1: 0       1

	routes that train #4 can complete at trip #0: 0
	routes that train #4 can complete at trip #1: 0       1

	routes that train #5 can complete at trip #0: 0
	routes that train #5 can complete at trip #1: 0       1

 cost...
	arc #0 [0][1]: 320
	arc #1 [0][22]: 0
	arc #2 [22][0]: 0
	arc #3 [1][2]: 362
	arc #4 [23][22]: 320
	arc #5 [2][3]: 314
	arc #6 [24][23]: 362
	arc #7 [3][4]: 336
	arc #8 [25][24]: 314
	arc #9 [4][5]: 353
	arc #10 [26][25]: 336
	arc #11 [5][6]: 360
	arc #12 [27][26]: 353
	arc #13 [6][7]: 349
	arc #14 [28][27]: 360
	arc #15 [7][8]: 309
	arc #16 [29][28]: 349
	arc #17 [8][9]: 324
	arc #18 [30][29]: 309
	arc #19 [9][10]: 306
	arc #20 [31][30]: 324
	arc #21 [10][11]: 307
	arc #22 [32][31]: 306
	arc #23 [11][12]: 360
	arc #24 [33][32]: 307
	arc #25 [12][13]: 338
	arc #26 [34][33]: 360
	arc #27 [13][14]: 363
	arc #28 [35][34]: 338
	arc #29 [14][15]: 338
	arc #30 [36][35]: 363
	arc #31 [15][16]: 312
	arc #32 [37][36]: 338
	arc #33 [16][17]: 371
	arc #34 [38][37]: 312
	arc #35 [17][18]: 313
	arc #36 [39][38]: 371
	arc #37 [18][19]: 321
	arc #38 [40][39]: 313
	arc #39 [19][20]: 355
	arc #40 [41][40]: 321
	arc #41 [20][21]: 344
	arc #42 [42][41]: 355
	arc #43 [43][42]: 344
	arc #44 [21][43]: 0
	arc #45 [43][21]: 0

cost with minimum service...
	arc #0 [0][1]: 355
	arc #1 [0][22]: 0
	arc #2 [22][0]: 0
	arc #3 [1][2]: 479
	arc #4 [23][22]: 477
	arc #5 [2][3]: 431
	arc #6 [24][23]: 397
	arc #7 [3][4]: 453
	arc #8 [25][24]: 431
	arc #9 [4][5]: 388
	arc #10 [26][25]: 453
	arc #11 [5][6]: 477
	arc #12 [27][26]: 470
	arc #13 [6][7]: 466
	arc #14 [28][27]: 395
	arc #15 [7][8]: 426
	arc #16 [29][28]: 466
	arc #17 [8][9]: 441
	arc #18 [30][29]: 426
	arc #19 [9][10]: 423
	arc #20 [31][30]: 441
	arc #21 [10][11]: 424
	arc #22 [32][31]: 423
	arc #23 [11][12]: 477
	arc #24 [33][32]: 424
	arc #25 [12][13]: 455
	arc #26 [34][33]: 477
	arc #27 [13][14]: 480
	arc #28 [35][34]: 455
	arc #29 [14][15]: 455
	arc #30 [36][35]: 480
	arc #31 [15][16]: 429
	arc #32 [37][36]: 455
	arc #33 [16][17]: 488
	arc #34 [38][37]: 429
	arc #35 [17][18]: 430
	arc #36 [39][38]: 488
	arc #37 [18][19]: 438
	arc #38 [40][39]: 430
	arc #39 [19][20]: 472
	arc #40 [41][40]: 438
	arc #41 [20][21]: 501
	arc #42 [42][41]: 472
	arc #43 [43][42]: 461
	arc #44 [21][43]: 0
	arc #45 [43][21]: 0

cost with maximum service...
	arc #0 [0][1]: 647
	arc #1 [0][22]: 327
	arc #2 [22][0]: 327
	arc #3 [1][2]: 689
	arc #4 [23][22]: 647
	arc #5 [2][3]: 641
	arc #6 [24][23]: 689
	arc #7 [3][4]: 663
	arc #8 [25][24]: 641
	arc #9 [4][5]: 680
	arc #10 [26][25]: 663
	arc #11 [5][6]: 687
	arc #12 [27][26]: 680
	arc #13 [6][7]: 676
	arc #14 [28][27]: 687
	arc #15 [7][8]: 636
	arc #16 [29][28]: 676
	arc #17 [8][9]: 651
	arc #18 [30][29]: 636
	arc #19 [9][10]: 633
	arc #20 [31][30]: 651
	arc #21 [10][11]: 634
	arc #22 [32][31]: 633
	arc #23 [11][12]: 687
	arc #24 [33][32]: 634
	arc #25 [12][13]: 665
	arc #26 [34][33]: 687
	arc #27 [13][14]: 690
	arc #28 [35][34]: 665
	arc #29 [14][15]: 665
	arc #30 [36][35]: 690
	arc #31 [15][16]: 639
	arc #32 [37][36]: 665
	arc #33 [16][17]: 698
	arc #34 [38][37]: 639
	arc #35 [17][18]: 640
	arc #36 [39][38]: 698
	arc #37 [18][19]: 648
	arc #38 [40][39]: 640
	arc #39 [19][20]: 682
	arc #40 [41][40]: 648
	arc #41 [20][21]: 671
	arc #42 [42][41]: 682
	arc #43 [43][42]: 671
	arc #44 [21][43]: 327
	arc #45 [43][21]: 327

demands...
	demands of vertex 0 at time interval: 9
	demands of vertex 1 at time interval: 0
	demands of vertex 2 at time interval: 9
	demands of vertex 3 at time interval: 9
	demands of vertex 4 at time interval: 9
	demands of vertex 5 at time interval: 0
	demands of vertex 6 at time interval: 9
	demands of vertex 7 at time interval: 9
	demands of vertex 8 at time interval: 9
	demands of vertex 9 at time interval: 9
	demands of vertex 10 at time interval: 9
	demands of vertex 11 at time interval: 9
	demands of vertex 12 at time interval: 9
	demands of vertex 13 at time interval: 9
	demands of vertex 14 at time interval: 9
	demands of vertex 15 at time interval: 9
	demands of vertex 16 at time interval: 9
	demands of vertex 17 at time interval: 9
	demands of vertex 18 at time interval: 9
	demands of vertex 19 at time interval: 9
	demands of vertex 20 at time interval: 9
	demands of vertex 21 at time interval: 0
	demands of vertex 22 at time interval: 0
	demands of vertex 23 at time interval: 0
	demands of vertex 24 at time interval: 9
	demands of vertex 25 at time interval: 9
	demands of vertex 26 at time interval: 9
	demands of vertex 27 at time interval: 0
	demands of vertex 28 at time interval: 9
	demands of vertex 29 at time interval: 9
	demands of vertex 30 at time interval: 9
	demands of vertex 31 at time interval: 9
	demands of vertex 32 at time interval: 9
	demands of vertex 33 at time interval: 9
	demands of vertex 34 at time interval: 9
	demands of vertex 35 at time interval: 9
	demands of vertex 36 at time interval: 9
	demands of vertex 37 at time interval: 9
	demands of vertex 38 at time interval: 9
	demands of vertex 39 at time interval: 9
	demands of vertex 40 at time interval: 9
	demands of vertex 41 at time interval: 9
	demands of vertex 42 at time interval: 9
	demands of vertex 43 at time interval: 9

maximum time = 53404
alpha = 51

Selecting set of cyclical routes...

Selecting set of initial routes...

Creating initial set of candidate combinations...
Solving candidate combinations...

Found new best - 1/1 candidate combination(s) tested! (Thread 0)

Removing trips...

Solving candidate combinations...

1/3 candidate combination(s) tested! (Thread 0)
2/3 candidate combination(s) tested! (Thread 0)
3/3 candidate combination(s) tested! (Thread 0)

Relaxing trips, so the model can make changes...

>> Printing some results...
    -> Solution value = 31363 - 08:42:43
    -> Total time = 2456.82

=============
Train 0
=============
> Trip 0
   0(time 0 - 00:00:00)(time 320 - 00:05:20) ->    1(time 355 - 00:05:55)(time 717 - 00:11:57) ->    2(time 834 - 00:13:54)(time 1148 - 00:19:08) ->    3(time 1265 - 00:21:05)(time 1601 - 00:26:41) ->    4(time 1718 - 00:28:38)(time 2071 - 00:34:31) ->    5(time 2106 - 00:35:06)(time 2466 - 00:41:06) ->    6(time 2583 - 00:43:03)(time 2932 - 00:48:52) ->    7(time 3049 - 00:50:49)(time 3358 - 00:55:58) ->    8(time 3475 - 00:57:55)(time 3799 - 01:03:19) ->    9(time 3916 - 01:05:16)(time 4222 - 01:10:22) ->    10(time 4339 - 01:12:19)(time 4646 - 01:17:26) ->    11(time 4763 - 01:19:23)(time 5123 - 01:25:23) ->    12(time 5240 - 01:27:20)(time 5578 - 01:32:58) ->    13(time 5695 - 01:34:55)(time 6058 - 01:40:58) ->    14(time 6175 - 01:42:55)(time 6513 - 01:48:33) ->    15(time 6630 - 01:50:30)(time 6942 - 01:55:42) ->    16(time 7059 - 01:57:39)(time 7430 - 02:03:50) ->    17(time 7547 - 02:05:47)(time 7860 - 02:11:00) ->    18(time 7977 - 02:12:57)(time 8298 - 02:18:18) ->    19(time 8415 - 02:20:15)(time 8770 - 02:26:10) ->    20(time 8887 - 02:28:07)(time 9231 - 02:33:51) ->    21(time 9388 - 02:36:28)(time 9388 - 02:36:28) ->    43(time 9545 - 02:39:05)(time 9889 - 02:44:49) ->    42(time 10006 - 02:46:46)(time 10361 - 02:52:41) ->    41(time 10478 - 02:54:38)(time 10799 - 02:59:59) ->    40(time 10916 - 03:01:56)(time 11229 - 03:07:09) ->    39(time 11346 - 03:09:06)(time 11717 - 03:15:17) ->    38(time 11834 - 03:17:14)(time 12146 - 03:22:26) ->    37(time 12263 - 03:24:23)(time 12601 - 03:30:01) ->    36(time 12718 - 03:31:58)(time 13081 - 03:38:01) ->    35(time 13198 - 03:39:58)(time 13536 - 03:45:36) ->    34(time 13653 - 03:47:33)(time 14013 - 03:53:33) ->    33(time 14130 - 03:55:30)(time 14437 - 04:00:37) ->    32(time 14554 - 04:02:34)(time 14860 - 04:07:40) ->    31(time 14977 - 04:09:37)(time 15301 - 04:15:01) ->    30(time 15418 - 04:16:58)(time 15727 - 04:22:07) ->    29(time 15844 - 04:24:04)(time 16193 - 04:29:53) ->    28(time 16310 - 04:31:50)(time 16670 - 04:37:50) ->    27(time 16705 - 04:38:25)(time 17058 - 04:44:18) ->    26(time 17175 - 04:46:15)(time 17511 - 04:51:51) ->    25(time 17628 - 04:53:48)(time 17942 - 04:59:02) ->    24(time 18059 - 05:00:59)(time 18421 - 05:07:01) ->    23(time 18456 - 05:07:36)(time 18776 - 05:12:56) ->    22(time 18933 - 05:15:33)(time 18933 - 05:15:33) -> 0
> Trip 1
   0(time 18933 - 05:15:33)(time 19253 - 05:20:53) ->    1(time 19288 - 05:21:28)(time 19650 - 05:27:30) ->    2(time 19767 - 05:29:27)(time 20081 - 05:34:41) ->    3(time 20238 - 05:37:18)(time 20574 - 05:42:54) ->    4(time 20691 - 05:44:51)(time 21044 - 05:50:44) ->    5(time 21079 - 05:51:19)(time 21439 - 05:57:19) ->    6(time 21556 - 05:59:16)(time 21905 - 06:05:05) ->    7(time 22022 - 06:07:02)(time 22331 - 06:12:11) ->    8(time 22448 - 06:14:08)(time 22772 - 06:19:32) ->    9(time 22889 - 06:21:29)(time 23195 - 06:26:35) ->    10(time 23312 - 06:28:32)(time 23619 - 06:33:39) ->    11(time 23736 - 06:35:36)(time 24096 - 06:41:36) ->    12(time 24213 - 06:43:33)(time 24551 - 06:49:11) ->    13(time 24668 - 06:51:08)(time 25031 - 06:57:11) ->    14(time 25148 - 06:59:08)(time 25486 - 07:04:46) ->    15(time 25768 - 07:09:28)(time 26080 - 07:14:40) ->    16(time 26197 - 07:16:37)(time 26568 - 07:22:48) ->    17(time 26895 - 07:28:15)(time 27208 - 07:33:28) ->    18(time 27535 - 07:38:55)(time 27856 - 07:44:16) ->    19(time 27973 - 07:46:13)(time 28328 - 07:52:08) ->    20(time 28445 - 07:54:05)(time 28789 - 07:59:49) ->    21(time 28946 - 08:02:26)(time 28946 - 08:02:26) ->    43(time 28986 - 08:03:06)(time 29330 - 08:08:50) ->    42(time 29447 - 08:10:47)(time 29802 - 08:16:42) ->    41(time 29919 - 08:18:39)(time 30240 - 08:24:00) ->    40(time 30357 - 08:25:57)(time 30670 - 08:31:10) ->    39(time 30787 - 08:33:07)(time 31158 - 08:39:18) ->    38(time 31275 - 08:41:15)(time 31587 - 08:46:27) ->    37(time 31704 - 08:48:24)(time 32042 - 08:54:02) ->    36(time 32369 - 08:59:29)(time 32732 - 09:05:32) ->    35(time 33059 - 09:10:59)(time 33397 - 09:16:37) ->    34(time 33724 - 09:22:04)(time 34084 - 09:28:04) ->    33(time 34411 - 09:33:31)(time 34718 - 09:38:38) ->    32(time 34835 - 09:40:35)(time 35141 - 09:45:41) ->    31(time 35258 - 09:47:38)(time 35582 - 09:53:02) ->    30(time 35699 - 09:54:59)(time 36008 - 10:00:08) ->    29(time 36125 - 10:02:05)(time 36474 - 10:07:54) ->    28(time 36591 - 10:09:51)(time 36951 - 10:15:51) ->    27(time 36986 - 10:16:26)(time 37339 - 10:22:19) ->    26(time 37456 - 10:24:16)(time 37792 - 10:29:52) ->    25(time 37909 - 10:31:49)(time 38223 - 10:37:03) ->    24(time 38340 - 10:39:00)(time 38702 - 10:45:02) ->    23(time 38737 - 10:45:37)(time 39057 - 10:50:57) ->    22(time 39214 - 10:53:34)(time 39214 - 10:53:34) -> 0
=============
Train 1
=============
> Trip 0
   0(time 51 - 00:00:51)(time 371 - 00:06:11) ->    1(time 472 - 00:07:52)(time 834 - 00:13:54) ->    2(time 951 - 00:15:51)(time 1265 - 00:21:05) ->    3(time 1382 - 00:23:02)(time 1718 - 00:28:38) ->    4(time 1835 - 00:30:35)(time 2188 - 00:36:28) ->    5(time 2223 - 00:37:03)(time 2583 - 00:43:03) ->    6(time 2700 - 00:45:00)(time 3049 - 00:50:49) ->    7(time 3166 - 00:52:46)(time 3475 - 00:57:55) ->    8(time 3592 - 00:59:52)(time 3916 - 01:05:16) ->    9(time 4033 - 01:07:13)(time 4339 - 01:12:19) ->    10(time 4456 - 01:14:16)(time 4763 - 01:19:23) ->    11(time 4880 - 01:21:20)(time 5240 - 01:27:20) ->    12(time 5357 - 01:29:17)(time 5695 - 01:34:55) ->    13(time 5812 - 01:36:52)(time 6175 - 01:42:55) ->    14(time 6292 - 01:44:52)(time 6630 - 01:50:30) ->    15(time 6747 - 01:52:27)(time 7059 - 01:57:39) ->    16(time 7176 - 01:59:36)(time 7547 - 02:05:47) ->    17(time 7664 - 02:07:44)(time 7977 - 02:12:57) ->    18(time 8094 - 02:14:54)(time 8415 - 02:20:15) ->    19(time 8572 - 02:22:52)(time 8927 - 02:28:47) ->    20(time 9044 - 02:30:44)(time 9388 - 02:36:28) ->    21(time 9545 - 02:39:05)(time 9545 - 02:39:05) ->    43(time 9702 - 02:41:42)(time 10046 - 02:47:26) ->    42(time 10163 - 02:49:23)(time 10518 - 02:55:18) ->    41(time 10635 - 02:57:15)(time 10956 - 03:02:36) ->    40(time 11073 - 03:04:33)(time 11386 - 03:09:46) ->    39(time 11503 - 03:11:43)(time 11874 - 03:17:54) ->    38(time 11991 - 03:19:51)(time 12303 - 03:25:03) ->    37(time 12420 - 03:27:00)(time 12758 - 03:32:38) ->    36(time 12875 - 03:34:35)(time 13238 - 03:40:38) ->    35(time 13355 - 03:42:35)(time 13693 - 03:48:13) ->    34(time 13810 - 03:50:10)(time 14170 - 03:56:10) ->    33(time 14287 - 03:58:07)(time 14594 - 04:03:14) ->    32(time 14711 - 04:05:11)(time 15017 - 04:10:17) ->    31(time 15134 - 04:12:14)(time 15458 - 04:17:38) ->    30(time 15575 - 04:19:35)(time 15884 - 04:24:44) ->    29(time 16001 - 04:26:41)(time 16350 - 04:32:30) ->    28(time 16467 - 04:34:27)(time 16827 - 04:40:27) ->    27(time 16862 - 04:41:02)(time 17215 - 04:46:55) ->    26(time 17332 - 04:48:52)(time 17668 - 04:54:28) ->    25(time 17785 - 04:56:25)(time 18099 - 05:01:39) ->    24(time 18216 - 05:03:36)(time 18578 - 05:09:38) ->    23(time 18613 - 05:10:13)(time 18933 - 05:15:33) ->    22(time 19090 - 05:18:10)(time 19090 - 05:18:10) -> 0
> Trip 1
   0(time 19090 - 05:18:10)(time 19410 - 05:23:30) ->    1(time 19445 - 05:24:05)(time 19807 - 05:30:07) ->    2(time 19924 - 05:32:04)(time 20238 - 05:37:18) ->    3(time 20355 - 05:39:15)(time 20691 - 05:44:51) ->    4(time 20808 - 05:46:48)(time 21161 - 05:52:41) ->    5(time 21196 - 05:53:16)(time 21556 - 05:59:16) ->    6(time 21673 - 06:01:13)(time 22022 - 06:07:02) ->    7(time 22139 - 06:08:59)(time 22448 - 06:14:08) ->    8(time 22565 - 06:16:05)(time 22889 - 06:21:29) ->    9(time 23006 - 06:23:26)(time 23312 - 06:28:32) ->    10(time 23429 - 06:30:29)(time 23736 - 06:35:36) ->    11(time 23853 - 06:37:33)(time 24213 - 06:43:33) ->    12(time 24330 - 06:45:30)(time 24668 - 06:51:08) ->    13(time 24785 - 06:53:05)(time 25148 - 06:59:08) ->    14(time 25475 - 07:04:35)(time 25813 - 07:10:13) ->    15(time 26140 - 07:15:40)(time 26452 - 07:20:52) ->    16(time 26774 - 07:26:14)(time 27145 - 07:32:25) ->    17(time 27262 - 07:34:22)(time 27575 - 07:39:35) ->    18(time 27692 - 07:41:32)(time 28013 - 07:46:53) ->    19(time 28130 - 07:48:50)(time 28485 - 07:54:45) ->    20(time 28602 - 07:56:42)(time 28946 - 08:02:26) ->    21(time 29103 - 08:05:03)(time 29103 - 08:05:03) ->    43(time 29103 - 08:05:03)(time 29447 - 08:10:47) ->    42(time 29564 - 08:12:44)(time 29919 - 08:18:39) ->    41(time 30036 - 08:20:36)(time 30357 - 08:25:57) ->    40(time 30474 - 08:27:54)(time 30787 - 08:33:07) ->    39(time 30904 - 08:35:04)(time 31275 - 08:41:15) ->    38(time 31392 - 08:43:12)(time 31704 - 08:48:24) ->    37(time 32031 - 08:53:51)(time 32369 - 08:59:29) ->    36(time 32696 - 09:04:56)(time 33059 - 09:10:59) ->    35(time 33386 - 09:16:26)(time 33724 - 09:22:04) ->    34(time 34051 - 09:27:31)(time 34411 - 09:33:31) ->    33(time 34528 - 09:35:28)(time 34835 - 09:40:35) ->    32(time 34952 - 09:42:32)(time 35258 - 09:47:38) ->    31(time 35585 - 09:53:05)(time 35909 - 09:58:29) ->    30(time 36236 - 10:03:56)(time 36545 - 10:09:05) ->    29(time 36872 - 10:14:32)(time 37221 - 10:20:21) ->    28(time 37548 - 10:25:48)(time 37908 - 10:31:48) ->    27(time 38235 - 10:37:15)(time 38588 - 10:43:08) ->    26(time 38915 - 10:48:35)(time 39251 - 10:54:11) ->    25(time 39578 - 10:59:38)(time 39892 - 11:04:52) ->    24(time 40219 - 11:10:19)(time 40581 - 11:16:21) ->    23(time 40908 - 11:21:48)(time 41228 - 11:27:08) ->    22(time 41555 - 11:32:35)(time 41555 - 11:32:35) -> 0
=============
Train 2
=============
> Trip 0
   0(time 152 - 00:02:32)(time 472 - 00:07:52) ->    1(time 589 - 00:09:49)(time 951 - 00:15:51) ->    2(time 1068 - 00:17:48)(time 1382 - 00:23:02) ->    3(time 1499 - 00:24:59)(time 1835 - 00:30:35) ->    4(time 1952 - 00:32:32)(time 2305 - 00:38:25) ->    5(time 2340 - 00:39:00)(time 2700 - 00:45:00) ->    6(time 2817 - 00:46:57)(time 3166 - 00:52:46) ->    7(time 3283 - 00:54:43)(time 3592 - 00:59:52) ->    8(time 3709 - 01:01:49)(time 4033 - 01:07:13) ->    9(time 4150 - 01:09:10)(time 4456 - 01:14:16) ->    10(time 4573 - 01:16:13)(time 4880 - 01:21:20) ->    11(time 4997 - 01:23:17)(time 5357 - 01:29:17) ->    12(time 5474 - 01:31:14)(time 5812 - 01:36:52) ->    13(time 5929 - 01:38:49)(time 6292 - 01:44:52) ->    14(time 6409 - 01:46:49)(time 6747 - 01:52:27) ->    15(time 6864 - 01:54:24)(time 7176 - 01:59:36) ->    16(time 7293 - 02:01:33)(time 7664 - 02:07:44) ->    17(time 7861 - 02:11:01)(time 8174 - 02:16:14) ->    18(time 8291 - 02:18:11)(time 8612 - 02:23:32) ->    19(time 8729 - 02:25:29)(time 9084 - 02:31:24) ->    20(time 9201 - 02:33:21)(time 9545 - 02:39:05) ->    21(time 9872 - 02:44:32)(time 9872 - 02:44:32) ->    43(time 9943 - 02:45:43)(time 10287 - 02:51:27) ->    42(time 10404 - 02:53:24)(time 10759 - 02:59:19) ->    41(time 10876 - 03:01:16)(time 11197 - 03:06:37) ->    40(time 11314 - 03:08:34)(time 11627 - 03:13:47) ->    39(time 11744 - 03:15:44)(time 12115 - 03:21:55) ->    38(time 12232 - 03:23:52)(time 12544 - 03:29:04) ->    37(time 12661 - 03:31:01)(time 12999 - 03:36:39) ->    36(time 13326 - 03:42:06)(time 13689 - 03:48:09) ->    35(time 14016 - 03:53:36)(time 14354 - 03:59:14) ->    34(time 14520 - 04:02:00)(time 14880 - 04:08:00) ->    33(time 14997 - 04:09:57)(time 15304 - 04:15:04) ->    32(time 15421 - 04:17:01)(time 15727 - 04:22:07) ->    31(time 15844 - 04:24:04)(time 16168 - 04:29:28) ->    30(time 16285 - 04:31:25)(time 16594 - 04:36:34) ->    29(time 16711 - 04:38:31)(time 17060 - 04:44:20) ->    28(time 17177 - 04:46:17)(time 17537 - 04:52:17) ->    27(time 17572 - 04:52:52)(time 17925 - 04:58:45) ->    26(time 18042 - 05:00:42)(time 18378 - 05:06:18) ->    25(time 18495 - 05:08:15)(time 18809 - 05:13:29) ->    24(time 18926 - 05:15:26)(time 19288 - 05:21:28) ->    23(time 19615 - 05:26:55)(time 19935 - 05:32:15) ->    22(time 20092 - 05:34:52)(time 20092 - 05:34:52) -> 0
> Trip 1
   0(time 22180 - 06:09:40)(time 22500 - 06:15:00) ->    1(time 22827 - 06:20:27)(time 23189 - 06:26:29) ->    2(time 23516 - 06:31:56)(time 23830 - 06:37:10) ->    3(time 23947 - 06:39:07)(time 24283 - 06:44:43) ->    4(time 24400 - 06:46:40)(time 24753 - 06:52:33) ->    5(time 25080 - 06:58:00)(time 25440 - 07:04:00) ->    6(time 25767 - 07:09:27)(time 26116 - 07:15:16) ->    7(time 26443 - 07:20:43)(time 26752 - 07:25:52) ->    8(time 27079 - 07:31:19)(time 27403 - 07:36:43) ->    9(time 27730 - 07:42:10)(time 28036 - 07:47:16) ->    10(time 28363 - 07:52:43)(time 28670 - 07:57:50) ->    11(time 28997 - 08:03:17)(time 29357 - 08:09:17) ->    12(time 29684 - 08:14:44)(time 30022 - 08:20:22) ->    13(time 30349 - 08:25:49)(time 30712 - 08:31:52) ->    14(time 31039 - 08:37:19)(time 31377 - 08:42:57) ->    15(time 31704 - 08:48:24)(time 32016 - 08:53:36) ->    16(time 32133 - 08:55:33)(time 32504 - 09:01:44) ->    17(time 32621 - 09:03:41)(time 32934 - 09:08:54) ->    18(time 33051 - 09:10:51)(time 33372 - 09:16:12) ->    19(time 33489 - 09:18:09)(time 33844 - 09:24:04) ->    20(time 33961 - 09:26:01)(time 34305 - 09:31:45) ->    21(time 34462 - 09:34:22)(time 34462 - 09:34:22) ->    43(time 34462 - 09:34:22)(time 34806 - 09:40:06) ->    42(time 34923 - 09:42:03)(time 35278 - 09:47:58) ->    41(time 35395 - 09:49:55)(time 35716 - 09:55:16) ->    40(time 35899 - 09:58:19)(time 36212 - 10:03:32) ->    39(time 36539 - 10:08:59)(time 36910 - 10:15:10) ->    38(time 37237 - 10:20:37)(time 37549 - 10:25:49) ->    37(time 37876 - 10:31:16)(time 38214 - 10:36:54) ->    36(time 38541 - 10:42:21)(time 38904 - 10:48:24) ->    35(time 39231 - 10:53:51)(time 39569 - 10:59:29) ->    34(time 39896 - 11:04:56)(time 40256 - 11:10:56) ->    33(time 40583 - 11:16:23)(time 40890 - 11:21:30) ->    32(time 41217 - 11:26:57)(time 41523 - 11:32:03) ->    31(time 41850 - 11:37:30)(time 42174 - 11:42:54) ->    30(time 42501 - 11:48:21)(time 42810 - 11:53:30) ->    29(time 43137 - 11:58:57)(time 43486 - 12:04:46) ->    28(time 43813 - 12:10:13)(time 44173 - 12:16:13) ->    27(time 44500 - 12:21:40)(time 44853 - 12:27:33) ->    26(time 45180 - 12:33:00)(time 45516 - 12:38:36) ->    25(time 45843 - 12:44:03)(time 46157 - 12:49:17) ->    24(time 46484 - 12:54:44)(time 46846 - 13:00:46) ->    23(time 47173 - 13:06:13)(time 47493 - 13:11:33) ->    22(time 47820 - 13:17:00)(time 47820 - 13:17:00) -> 0
=============
Train 3
=============
> Trip 0
   0(time 2646 - 00:44:06)(time 2966 - 00:49:26) ->    1(time 3293 - 00:54:53)(time 3655 - 01:00:55) ->    2(time 3982 - 01:06:22)(time 4296 - 01:11:36) ->    3(time 4623 - 01:17:03)(time 4959 - 01:22:39) ->    4(time 5286 - 01:28:06)(time 5639 - 01:33:59) ->    5(time 5966 - 01:39:26)(time 6326 - 01:45:26) ->    6(time 6653 - 01:50:53)(time 7002 - 01:56:42) ->    7(time 7329 - 02:02:09)(time 7638 - 02:07:18) ->    8(time 7965 - 02:12:45)(time 8289 - 02:18:09) ->    9(time 8616 - 02:23:36)(time 8922 - 02:28:42) ->    10(time 9249 - 02:34:09)(time 9556 - 02:39:16) ->    11(time 9883 - 02:44:43)(time 10243 - 02:50:43) ->    12(time 10570 - 02:56:10)(time 10908 - 03:01:48) ->    13(time 11235 - 03:07:15)(time 11598 - 03:13:18) ->    14(time 11925 - 03:18:45)(time 12263 - 03:24:23) ->    15(time 12590 - 03:29:50)(time 12902 - 03:35:02) ->    16(time 13019 - 03:36:59)(time 13390 - 03:43:10) ->    17(time 13507 - 03:45:07)(time 13820 - 03:50:20) ->    18(time 13937 - 03:52:17)(time 14258 - 03:57:38) ->    19(time 14375 - 03:59:35)(time 14730 - 04:05:30) ->    20(time 15057 - 04:10:57)(time 15401 - 04:16:41) ->    21(time 15728 - 04:22:08)(time 15728 - 04:22:08) ->    43(time 16055 - 04:27:35)(time 16399 - 04:33:19) ->    42(time 16516 - 04:35:16)(time 16871 - 04:41:11) ->    41(time 16988 - 04:43:08)(time 17309 - 04:48:29) ->    40(time 17426 - 04:50:26)(time 17739 - 04:55:39) ->    39(time 17856 - 04:57:36)(time 18227 - 05:03:47) ->    38(time 18344 - 05:05:44)(time 18656 - 05:10:56) ->    37(time 18915 - 05:15:15)(time 19253 - 05:20:53) ->    36(time 19580 - 05:26:20)(time 19943 - 05:32:23) ->    35(time 20270 - 05:37:50)(time 20608 - 05:43:28) ->    34(time 20935 - 05:48:55)(time 21295 - 05:54:55) ->    33(time 21622 - 06:00:22)(time 21929 - 06:05:29) ->    32(time 22256 - 06:10:56)(time 22562 - 06:16:02) ->    31(time 22889 - 06:21:29)(time 23213 - 06:26:53) ->    30(time 23330 - 06:28:50)(time 23639 - 06:33:59) ->    29(time 23756 - 06:35:56)(time 24105 - 06:41:45) ->    28(time 24222 - 06:43:42)(time 24582 - 06:49:42) ->    27(time 24753 - 06:52:33)(time 25106 - 06:58:26) ->    26(time 25223 - 07:00:23)(time 25559 - 07:05:59) ->    25(time 25676 - 07:07:56)(time 25990 - 07:13:10) ->    24(time 26107 - 07:15:07)(time 26469 - 07:21:09) ->    23(time 26796 - 07:26:36)(time 27116 - 07:31:56) ->    22(time 27273 - 07:34:33)(time 27273 - 07:34:33) -> 0
> Trip 1
   0(time 30204 - 08:23:24)(time 30524 - 08:28:44) ->    1(time 30851 - 08:34:11)(time 31213 - 08:40:13) ->    2(time 31330 - 08:42:10)(time 31644 - 08:47:24) ->    3(time 31761 - 08:49:21)(time 32097 - 08:54:57) ->    4(time 32214 - 08:56:54)(time 32567 - 09:02:47) ->    5(time 32602 - 09:03:22)(time 32962 - 09:09:22) ->    6(time 33079 - 09:11:19)(time 33428 - 09:17:08) ->    7(time 33545 - 09:19:05)(time 33854 - 09:24:14) ->    8(time 33971 - 09:26:11)(time 34295 - 09:31:35) ->    9(time 34412 - 09:33:32)(time 34718 - 09:38:38) ->    10(time 34835 - 09:40:35)(time 35142 - 09:45:42) ->    11(time 35259 - 09:47:39)(time 35619 - 09:53:39) ->    12(time 35736 - 09:55:36)(time 36074 - 10:01:14) ->    13(time 36194 - 10:03:14)(time 36557 - 10:09:17) ->    14(time 36884 - 10:14:44)(time 37222 - 10:20:22) ->    15(time 37549 - 10:25:49)(time 37861 - 10:31:01) ->    16(time 37978 - 10:32:58)(time 38349 - 10:39:09) ->    17(time 38466 - 10:41:06)(time 38779 - 10:46:19) ->    18(time 38896 - 10:48:16)(time 39217 - 10:53:37) ->    19(time 39334 - 10:55:34)(time 39689 - 11:01:29) ->    20(time 39806 - 11:03:26)(time 40150 - 11:09:10) ->    21(time 40307 - 11:11:47)(time 40307 - 11:11:47) ->    43(time 40594 - 11:16:34)(time 40938 - 11:22:18) ->    42(time 41055 - 11:24:15)(time 41410 - 11:30:10) ->    41(time 41527 - 11:32:07)(time 41848 - 11:37:28) ->    40(time 41965 - 11:39:25)(time 42278 - 11:44:38) ->    39(time 42395 - 11:46:35)(time 42766 - 11:52:46) ->    38(time 42883 - 11:54:43)(time 43195 - 11:59:55) ->    37(time 43312 - 12:01:52)(time 43650 - 12:07:30) ->    36(time 43767 - 12:09:27)(time 44130 - 12:15:30) ->    35(time 44247 - 12:17:27)(time 44585 - 12:23:05) ->    34(time 44702 - 12:25:02)(time 45062 - 12:31:02) ->    33(time 45179 - 12:32:59)(time 45486 - 12:38:06) ->    32(time 45603 - 12:40:03)(time 45909 - 12:45:09) ->    31(time 46026 - 12:47:06)(time 46350 - 12:52:30) ->    30(time 46467 - 12:54:27)(time 46776 - 12:59:36) ->    29(time 46893 - 13:01:33)(time 47242 - 13:07:22) ->    28(time 47359 - 13:09:19)(time 47719 - 13:15:19) ->    27(time 47754 - 13:15:54)(time 48107 - 13:21:47) ->    26(time 48224 - 13:23:44)(time 48560 - 13:29:20) ->    25(time 48677 - 13:31:17)(time 48991 - 13:36:31) ->    24(time 49108 - 13:38:28)(time 49470 - 13:44:30) ->    23(time 49505 - 13:45:05)(time 49825 - 13:50:25) ->    22(time 49982 - 13:53:02)(time 49982 - 13:53:02) -> 0
=============
Train 4
=============
> Trip 0
   0(time 3976 - 01:06:16)(time 4296 - 01:11:36) ->    1(time 4623 - 01:17:03)(time 4985 - 01:23:05) ->    2(time 5312 - 01:28:32)(time 5626 - 01:33:46) ->    3(time 5953 - 01:39:13)(time 6289 - 01:44:49) ->    4(time 6616 - 01:50:16)(time 6969 - 01:56:09) ->    5(time 7296 - 02:01:36)(time 7656 - 02:07:36) ->    6(time 7983 - 02:13:03)(time 8332 - 02:18:52) ->    7(time 8659 - 02:24:19)(time 8968 - 02:29:28) ->    8(time 9295 - 02:34:55)(time 9619 - 02:40:19) ->    9(time 9946 - 02:45:46)(time 10252 - 02:50:52) ->    10(time 10579 - 02:56:19)(time 10886 - 03:01:26) ->    11(time 11003 - 03:03:23)(time 11363 - 03:09:23) ->    12(time 11690 - 03:14:50)(time 12028 - 03:20:28) ->    13(time 12355 - 03:25:55)(time 12718 - 03:31:58) ->    14(time 12999 - 03:36:39)(time 13337 - 03:42:17) ->    15(time 13454 - 03:44:14)(time 13766 - 03:49:26) ->    16(time 13883 - 03:51:23)(time 14254 - 03:57:34) ->    17(time 14371 - 03:59:31)(time 14684 - 04:04:44) ->    18(time 14801 - 04:06:41)(time 15122 - 04:12:02) ->    19(time 15239 - 04:13:59)(time 15594 - 04:19:54) ->    20(time 15711 - 04:21:51)(time 16055 - 04:27:35) ->    21(time 16212 - 04:30:12)(time 16212 - 04:30:12) ->    43(time 16212 - 04:30:12)(time 16556 - 04:35:56) ->    42(time 16673 - 04:37:53)(time 17028 - 04:43:48) ->    41(time 17145 - 04:45:45)(time 17466 - 04:51:06) ->    40(time 17649 - 04:54:09)(time 17962 - 04:59:22) ->    39(time 18289 - 05:04:49)(time 18660 - 05:11:00) ->    38(time 18777 - 05:12:57)(time 19089 - 05:18:09) ->    37(time 19416 - 05:23:36)(time 19754 - 05:29:14) ->    36(time 20081 - 05:34:41)(time 20444 - 05:40:44) ->    35(time 20771 - 05:46:11)(time 21109 - 05:51:49) ->    34(time 21436 - 05:57:16)(time 21796 - 06:03:16) ->    33(time 22123 - 06:08:43)(time 22430 - 06:13:50) ->    32(time 22583 - 06:16:23)(time 22889 - 06:21:29) ->    31(time 23182 - 06:26:22)(time 23506 - 06:31:46) ->    30(time 23623 - 06:33:43)(time 23932 - 06:38:52) ->    29(time 24049 - 06:40:49)(time 24398 - 06:46:38) ->    28(time 24515 - 06:48:35)(time 24875 - 06:54:35) ->    27(time 25202 - 07:00:02)(time 25555 - 07:05:55) ->    26(time 25672 - 07:07:52)(time 26008 - 07:13:28) ->    25(time 26125 - 07:15:25)(time 26439 - 07:20:39) ->    24(time 26556 - 07:22:36)(time 26918 - 07:28:38) ->    23(time 26953 - 07:29:13)(time 27273 - 07:34:33) ->    22(time 27430 - 07:37:10)(time 27430 - 07:37:10) -> 0
> Trip 1
   0(time 30531 - 08:28:51)(time 30851 - 08:34:11) ->    1(time 30968 - 08:36:08)(time 31330 - 08:42:10) ->    2(time 31447 - 08:44:07)(time 31761 - 08:49:21) ->    3(time 31878 - 08:51:18)(time 32214 - 08:56:54) ->    4(time 32331 - 08:58:51)(time 32684 - 09:04:44) ->    5(time 32719 - 09:05:19)(time 33079 - 09:11:19) ->    6(time 33196 - 09:13:16)(time 33545 - 09:19:05) ->    7(time 33662 - 09:21:02)(time 33971 - 09:26:11) ->    8(time 34088 - 09:28:08)(time 34412 - 09:33:32) ->    9(time 34529 - 09:35:29)(time 34835 - 09:40:35) ->    10(time 34952 - 09:42:32)(time 35259 - 09:47:39) ->    11(time 35376 - 09:49:36)(time 35736 - 09:55:36) ->    12(time 35856 - 09:57:36)(time 36194 - 10:03:14) ->    13(time 36521 - 10:08:41)(time 36884 - 10:14:44) ->    14(time 37211 - 10:20:11)(time 37549 - 10:25:49) ->    15(time 37666 - 10:27:46)(time 37978 - 10:32:58) ->    16(time 38095 - 10:34:55)(time 38466 - 10:41:06) ->    17(time 38583 - 10:43:03)(time 38896 - 10:48:16) ->    18(time 39013 - 10:50:13)(time 39334 - 10:55:34) ->    19(time 39451 - 10:57:31)(time 39806 - 11:03:26) ->    20(time 40093 - 11:08:13)(time 40437 - 11:13:57) ->    21(time 40594 - 11:16:34)(time 40594 - 11:16:34) ->    43(time 40751 - 11:19:11)(time 41095 - 11:24:55) ->    42(time 41212 - 11:26:52)(time 41567 - 11:32:47) ->    41(time 41684 - 11:34:44)(time 42005 - 11:40:05) ->    40(time 42122 - 11:42:02)(time 42435 - 11:47:15) ->    39(time 42552 - 11:49:12)(time 42923 - 11:55:23) ->    38(time 43040 - 11:57:20)(time 43352 - 12:02:32) ->    37(time 43469 - 12:04:29)(time 43807 - 12:10:07) ->    36(time 43924 - 12:12:04)(time 44287 - 12:18:07) ->    35(time 44404 - 12:20:04)(time 44742 - 12:25:42) ->    34(time 44859 - 12:27:39)(time 45219 - 12:33:39) ->    33(time 45336 - 12:35:36)(time 45643 - 12:40:43) ->    32(time 45760 - 12:42:40)(time 46066 - 12:47:46) ->    31(time 46183 - 12:49:43)(time 46507 - 12:55:07) ->    30(time 46624 - 12:57:04)(time 46933 - 13:02:13) ->    29(time 47050 - 13:04:10)(time 47399 - 13:09:59) ->    28(time 47516 - 13:11:56)(time 47876 - 13:17:56) ->    27(time 47911 - 13:18:31)(time 48264 - 13:24:24) ->    26(time 48381 - 13:26:21)(time 48717 - 13:31:57) ->    25(time 48834 - 13:33:54)(time 49148 - 13:39:08) ->    24(time 49265 - 13:41:05)(time 49627 - 13:47:07) ->    23(time 49662 - 13:47:42)(time 49982 - 13:53:02) ->    22(time 50139 - 13:55:39)(time 50139 - 13:55:39) -> 0
=============
Train 5
=============
> Trip 0
   0(time 9145 - 02:32:25)(time 9465 - 02:37:45) ->    1(time 9792 - 02:43:12)(time 10154 - 02:49:14) ->    2(time 10481 - 02:54:41)(time 10795 - 02:59:55) ->    3(time 11122 - 03:05:22)(time 11458 - 03:10:58) ->    4(time 11785 - 03:16:25)(time 12138 - 03:22:18) ->    5(time 12465 - 03:27:45)(time 12825 - 03:33:45) ->    6(time 13152 - 03:39:12)(time 13501 - 03:45:01) ->    7(time 13828 - 03:50:28)(time 14137 - 03:55:37) ->    8(time 14464 - 04:01:04)(time 14788 - 04:06:28) ->    9(time 15115 - 04:11:55)(time 15421 - 04:17:01) ->    10(time 15748 - 04:22:28)(time 16055 - 04:27:35) ->    11(time 16382 - 04:33:02)(time 16742 - 04:39:02) ->    12(time 17069 - 04:44:29)(time 17407 - 04:50:07) ->    13(time 17734 - 04:55:34)(time 18097 - 05:01:37) ->    14(time 18424 - 05:07:04)(time 18762 - 05:12:42) ->    15(time 19089 - 05:18:09)(time 19401 - 05:23:21) ->    16(time 19518 - 05:25:18)(time 19889 - 05:31:29) ->    17(time 20006 - 05:33:26)(time 20319 - 05:38:39) ->    18(time 20436 - 05:40:36)(time 20757 - 05:45:57) ->    19(time 20874 - 05:47:54)(time 21229 - 05:53:49) ->    20(time 21346 - 05:55:46)(time 21690 - 06:01:30) ->    21(time 21847 - 06:04:07)(time 21847 - 06:04:07) ->    43(time 21847 - 06:04:07)(time 22191 - 06:09:51) ->    42(time 22308 - 06:11:48)(time 22663 - 06:17:43) ->    41(time 22780 - 06:19:40)(time 23101 - 06:25:01) ->    40(time 23346 - 06:29:06)(time 23659 - 06:34:19) ->    39(time 23776 - 06:36:16)(time 24147 - 06:42:27) ->    38(time 24264 - 06:44:24)(time 24576 - 06:49:36) ->    37(time 24693 - 06:51:33)(time 25031 - 06:57:11) ->    36(time 25148 - 06:59:08)(time 25511 - 07:05:11) ->    35(time 25628 - 07:07:08)(time 25966 - 07:12:46) ->    34(time 26083 - 07:14:43)(time 26443 - 07:20:43) ->    33(time 26560 - 07:22:40)(time 26867 - 07:27:47) ->    32(time 26984 - 07:29:44)(time 27290 - 07:34:50) ->    31(time 27407 - 07:36:47)(time 27731 - 07:42:11) ->    30(time 27848 - 07:44:08)(time 28157 - 07:49:17) ->    29(time 28274 - 07:51:14)(time 28623 - 07:57:03) ->    28(time 28740 - 07:59:00)(time 29100 - 08:05:00) ->    27(time 29135 - 08:05:35)(time 29488 - 08:11:28) ->    26(time 29605 - 08:13:25)(time 29941 - 08:19:01) ->    25(time 30058 - 08:20:58)(time 30372 - 08:26:12) ->    24(time 30489 - 08:28:09)(time 30851 - 08:34:11) ->    23(time 30886 - 08:34:46)(time 31206 - 08:40:06) ->    22(time 31363 - 08:42:43)(time 31363 - 08:42:43) -> 0
> Trip 1
   0(time 31363 - 08:42:43)(time 31683 - 08:48:03) ->    1(time 31718 - 08:48:38)(time 32080 - 08:54:40) ->    2(time 32197 - 08:56:37)(time 32511 - 09:01:51) ->    3(time 32628 - 09:03:48)(time 32964 - 09:09:24) ->    4(time 33081 - 09:11:21)(time 33434 - 09:17:14) ->    5(time 33469 - 09:17:49)(time 33829 - 09:23:49) ->    6(time 33946 - 09:25:46)(time 34295 - 09:31:35) ->    7(time 34412 - 09:33:32)(time 34721 - 09:38:41) ->    8(time 34838 - 09:40:38)(time 35162 - 09:46:02) ->    9(time 35279 - 09:47:59)(time 35585 - 09:53:05) ->    10(time 35702 - 09:55:02)(time 36009 - 10:00:09) ->    11(time 36126 - 10:02:06)(time 36486 - 10:08:06) ->    12(time 36603 - 10:10:03)(time 36941 - 10:15:41) ->    13(time 37058 - 10:17:38)(time 37421 - 10:23:41) ->    14(time 37538 - 10:25:38)(time 37876 - 10:31:16) ->    15(time 37993 - 10:33:13)(time 38305 - 10:38:25) ->    16(time 38422 - 10:40:22)(time 38793 - 10:46:33) ->    17(time 38910 - 10:48:30)(time 39223 - 10:53:43) ->    18(time 39340 - 10:55:40)(time 39661 - 11:01:01) ->    19(time 39778 - 11:02:58)(time 40133 - 11:08:53) ->    20(time 40250 - 11:10:50)(time 40594 - 11:16:34) ->    21(time 40751 - 11:19:11)(time 40751 - 11:19:11) ->    43(time 40908 - 11:21:48)(time 41252 - 11:27:32) ->    42(time 41369 - 11:29:29)(time 41724 - 11:35:24) ->    41(time 41841 - 11:37:21)(time 42162 - 11:42:42) ->    40(time 42279 - 11:44:39)(time 42592 - 11:49:52) ->    39(time 42709 - 11:51:49)(time 43080 - 11:58:00) ->    38(time 43197 - 11:59:57)(time 43509 - 12:05:09) ->    37(time 43626 - 12:07:06)(time 43964 - 12:12:44) ->    36(time 44081 - 12:14:41)(time 44444 - 12:20:44) ->    35(time 44561 - 12:22:41)(time 44899 - 12:28:19) ->    34(time 45016 - 12:30:16)(time 45376 - 12:36:16) ->    33(time 45493 - 12:38:13)(time 45800 - 12:43:20) ->    32(time 45917 - 12:45:17)(time 46223 - 12:50:23) ->    31(time 46340 - 12:52:20)(time 46664 - 12:57:44) ->    30(time 46781 - 12:59:41)(time 47090 - 13:04:50) ->    29(time 47207 - 13:06:47)(time 47556 - 13:12:36) ->    28(time 47673 - 13:14:33)(time 48033 - 13:20:33) ->    27(time 48068 - 13:21:08)(time 48421 - 13:27:01) ->    26(time 48538 - 13:28:58)(time 48874 - 13:34:34) ->    25(time 48991 - 13:36:31)(time 49305 - 13:41:45) ->    24(time 49422 - 13:43:42)(time 49784 - 13:49:44) ->    23(time 49819 - 13:50:19)(time 50139 - 13:55:39) ->    22(time 50296 - 13:58:16)(time 50296 - 13:58:16) -> 0
