t6p21r2h1.txt:
   > Trying to open the instance file...
   > Reading number of trains...
   > Reading maximum number of trips per train...
   > Reading time intervals...
   > Reading number of points...
   > Reading stations...
   > Reading crossings...
   > Reading depots...
   > Reading initial point...
   > Reading routes...
   > Reading distance and distance and service...
   > Reading demands...
   > Reading maximum time...
   > Reading alpha...

--------------------------------
 Printing instance
--------------------------------
number of trains = 6
	max trips per trains: 2     2     2     2     2     2
number of intervals = 1
	(0,  10147)
number of points = 21
	initial point: 0
	stations: 0     1     2     3     4     5     6     7     8     9    10    11    12    13    14    15    16    17    18    19    20
	crossings: 0    16    17    20
	depots: 0    20
number of vertices = 42
	total vertices: 0     1     2     3     4     5     6     7     8     9    10    11    12    13    14    15    16    17    18    19    20    21    22    23    24    25    26    27    28    29    30    31    32    33    34    35    36    37    38    39    40    41
	upper vertices: 0     1     2     3     4     5     6     7     8     9    10    11    12    13    14    15    16    17    18    19    20
	lower vertices: 21    22    23    24    25    26    27    28    29    30    31    32    33    34    35    36    37    38    39    40    41
	vertices of point #0: (0, 21)
	vertices of point #1: (1, 22)
	vertices of point #2: (2, 23)
	vertices of point #3: (3, 24)
	vertices of point #4: (4, 25)
	vertices of point #5: (5, 26)
	vertices of point #6: (6, 27)
	vertices of point #7: (7, 28)
	vertices of point #8: (8, 29)
	vertices of point #9: (9, 30)
	vertices of point #10: (10, 31)
	vertices of point #11: (11, 32)
	vertices of point #12: (12, 33)
	vertices of point #13: (13, 34)
	vertices of point #14: (14, 35)
	vertices of point #15: (15, 36)
	vertices of point #16: (16, 37)
	vertices of point #17: (17, 38)
	vertices of point #18: (18, 39)
	vertices of point #19: (19, 40)
	vertices of point #20: (20, 41)

arcs...
	total arcs: 
		arc #0: (0, 1)
		arc #1: (0, 21)
		arc #2: (21, 0)
		arc #3: (1, 2)
		arc #4: (22, 21)
		arc #5: (2, 3)
		arc #6: (23, 22)
		arc #7: (3, 4)
		arc #8: (24, 23)
		arc #9: (4, 5)
		arc #10: (25, 24)
		arc #11: (5, 6)
		arc #12: (26, 25)
		arc #13: (6, 7)
		arc #14: (27, 26)
		arc #15: (7, 8)
		arc #16: (28, 27)
		arc #17: (8, 9)
		arc #18: (29, 28)
		arc #19: (9, 10)
		arc #20: (30, 29)
		arc #21: (10, 11)
		arc #22: (31, 30)
		arc #23: (11, 12)
		arc #24: (32, 31)
		arc #25: (12, 13)
		arc #26: (33, 32)
		arc #27: (13, 14)
		arc #28: (34, 33)
		arc #29: (14, 15)
		arc #30: (35, 34)
		arc #31: (15, 16)
		arc #32: (36, 35)
		arc #33: (16, 17)
		arc #34: (37, 36)
		arc #35: (17, 18)
		arc #36: (38, 37)
		arc #37: (18, 19)
		arc #38: (39, 38)
		arc #39: (19, 20)
		arc #40: (40, 39)
		arc #41: (41, 40)
		arc #42: (20, 41)
		arc #43: (41, 20)

	reverse arcs: 
		arc #1: (0, 21)
		arc #2: (21, 0)
		arc #42: (20, 41)
		arc #43: (41, 20)


incompatible points...
	(0, 15, 37, (15, 16))	(37, 22, 0, (22, 21))	(16, 16, 38, (16, 17))	(38, 38, 16, (38, 37))	(17, 19, 41, (19, 20))	(41, 39, 17, (39, 38))

number of routes = 2
vertices of routes...
	route #0: 0     1     2     3     4     5     6     7     8     9    10    11    12    13    14    15    16    17    18    19    20    41    40    39    38    37    36    35    34    33    32    31    30    29    28    27    26    25    24    23    22    21     0
	route #1: 41    40    39    38    37    36    35    34    33    32    31    30    29    28    27    26    25    24    23    22    21     0     1     2     3     4     5     6     7     8     9    10    11    12    13    14    15    16    17    18    19    20    41
arcs of routes...
	route #0: 0     3     5     7     9    11    13    15    17    19    21    23    25    27    29    31    33    35    37    39    42    41    40    38    36    34    32    30    28    26    24    22    20    18    16    14    12    10     8     6     4     2
	route #1: 41    40    38    36    34    32    30    28    26    24    22    20    18    16    14    12    10     8     6     4     2     0     3     5     7     9    11    13    15    17    19    21    23    25    27    29    31    33    35    37    39    42

incompatible routes...
	(0, 1)    	(1, 0)

vertices that can be adjacent in consecutive trips...
	(0, 0)    	(41, 41)
non cyclical routes: 


routes of trip...
	routes that train #0 can complete at trip #0: 0
	routes that train #0 can complete at trip #1: 0       1

	routes that train #1 can complete at trip #0: 0
	routes that train #1 can complete at trip #1: 0       1

	routes that train #2 can complete at trip #0: 0
	routes that train #2 can complete at trip #1: 0       1

	routes that train #3 can complete at trip #0: 0
	routes that train #3 can complete at trip #1: 0       1

	routes that train #4 can complete at trip #0: 0
	routes that train #4 can complete at trip #1: 0       1

	routes that train #5 can complete at trip #0: 0
	routes that train #5 can complete at trip #1: 0       1

 cost...
	arc #0 [0][1]: 82
	arc #1 [0][21]: 0
	arc #2 [21][0]: 0
	arc #3 [1][2]: 89
	arc #4 [22][21]: 82
	arc #5 [2][3]: 87
	arc #6 [23][22]: 89
	arc #7 [3][4]: 88
	arc #8 [24][23]: 87
	arc #9 [4][5]: 83
	arc #10 [25][24]: 88
	arc #11 [5][6]: 91
	arc #12 [26][25]: 83
	arc #13 [6][7]: 87
	arc #14 [27][26]: 91
	arc #15 [7][8]: 85
	arc #16 [28][27]: 87
	arc #17 [8][9]: 92
	arc #18 [29][28]: 85
	arc #19 [9][10]: 79
	arc #20 [30][29]: 92
	arc #21 [10][11]: 78
	arc #22 [31][30]: 79
	arc #23 [11][12]: 89
	arc #24 [32][31]: 78
	arc #25 [12][13]: 76
	arc #26 [33][32]: 89
	arc #27 [13][14]: 90
	arc #28 [34][33]: 76
	arc #29 [14][15]: 85
	arc #30 [35][34]: 90
	arc #31 [15][16]: 90
	arc #32 [36][35]: 85
	arc #33 [16][17]: 80
	arc #34 [37][36]: 90
	arc #35 [17][18]: 92
	arc #36 [38][37]: 80
	arc #37 [18][19]: 88
	arc #38 [39][38]: 92
	arc #39 [19][20]: 81
	arc #40 [40][39]: 88
	arc #41 [41][40]: 81
	arc #42 [20][41]: 0
	arc #43 [41][20]: 0

cost with minimum service...
	arc #0 [0][1]: 164
	arc #1 [0][21]: 0
	arc #2 [21][0]: 0
	arc #3 [1][2]: 171
	arc #4 [22][21]: 180
	arc #5 [2][3]: 169
	arc #6 [23][22]: 171
	arc #7 [3][4]: 170
	arc #8 [24][23]: 169
	arc #9 [4][5]: 165
	arc #10 [25][24]: 170
	arc #11 [5][6]: 173
	arc #12 [26][25]: 165
	arc #13 [6][7]: 169
	arc #14 [27][26]: 173
	arc #15 [7][8]: 167
	arc #16 [28][27]: 169
	arc #17 [8][9]: 174
	arc #18 [29][28]: 167
	arc #19 [9][10]: 161
	arc #20 [30][29]: 174
	arc #21 [10][11]: 160
	arc #22 [31][30]: 161
	arc #23 [11][12]: 171
	arc #24 [32][31]: 160
	arc #25 [12][13]: 158
	arc #26 [33][32]: 171
	arc #27 [13][14]: 172
	arc #28 [34][33]: 158
	arc #29 [14][15]: 167
	arc #30 [35][34]: 172
	arc #31 [15][16]: 172
	arc #32 [36][35]: 167
	arc #33 [16][17]: 162
	arc #34 [37][36]: 172
	arc #35 [17][18]: 174
	arc #36 [38][37]: 162
	arc #37 [18][19]: 170
	arc #38 [39][38]: 174
	arc #39 [19][20]: 179
	arc #40 [40][39]: 170
	arc #41 [41][40]: 163
	arc #42 [20][41]: 0
	arc #43 [41][20]: 0

cost with maximum service...
	arc #0 [0][1]: 411
	arc #1 [0][21]: 329
	arc #2 [21][0]: 329
	arc #3 [1][2]: 418
	arc #4 [22][21]: 411
	arc #5 [2][3]: 416
	arc #6 [23][22]: 418
	arc #7 [3][4]: 417
	arc #8 [24][23]: 416
	arc #9 [4][5]: 412
	arc #10 [25][24]: 417
	arc #11 [5][6]: 420
	arc #12 [26][25]: 412
	arc #13 [6][7]: 416
	arc #14 [27][26]: 420
	arc #15 [7][8]: 414
	arc #16 [28][27]: 416
	arc #17 [8][9]: 421
	arc #18 [29][28]: 414
	arc #19 [9][10]: 408
	arc #20 [30][29]: 421
	arc #21 [10][11]: 407
	arc #22 [31][30]: 408
	arc #23 [11][12]: 418
	arc #24 [32][31]: 407
	arc #25 [12][13]: 405
	arc #26 [33][32]: 418
	arc #27 [13][14]: 419
	arc #28 [34][33]: 405
	arc #29 [14][15]: 414
	arc #30 [35][34]: 419
	arc #31 [15][16]: 419
	arc #32 [36][35]: 414
	arc #33 [16][17]: 409
	arc #34 [37][36]: 419
	arc #35 [17][18]: 421
	arc #36 [38][37]: 409
	arc #37 [18][19]: 417
	arc #38 [39][38]: 421
	arc #39 [19][20]: 410
	arc #40 [40][39]: 417
	arc #41 [41][40]: 410
	arc #42 [20][41]: 329
	arc #43 [41][20]: 329

demands...
	demands of vertex 0 at time interval: 6
	demands of vertex 1 at time interval: 6
	demands of vertex 2 at time interval: 6
	demands of vertex 3 at time interval: 6
	demands of vertex 4 at time interval: 6
	demands of vertex 5 at time interval: 6
	demands of vertex 6 at time interval: 6
	demands of vertex 7 at time interval: 6
	demands of vertex 8 at time interval: 6
	demands of vertex 9 at time interval: 6
	demands of vertex 10 at time interval: 6
	demands of vertex 11 at time interval: 6
	demands of vertex 12 at time interval: 6
	demands of vertex 13 at time interval: 6
	demands of vertex 14 at time interval: 6
	demands of vertex 15 at time interval: 6
	demands of vertex 16 at time interval: 6
	demands of vertex 17 at time interval: 6
	demands of vertex 18 at time interval: 6
	demands of vertex 19 at time interval: 6
	demands of vertex 20 at time interval: 0
	demands of vertex 21 at time interval: 0
	demands of vertex 22 at time interval: 6
	demands of vertex 23 at time interval: 6
	demands of vertex 24 at time interval: 6
	demands of vertex 25 at time interval: 6
	demands of vertex 26 at time interval: 6
	demands of vertex 27 at time interval: 6
	demands of vertex 28 at time interval: 6
	demands of vertex 29 at time interval: 6
	demands of vertex 30 at time interval: 6
	demands of vertex 31 at time interval: 6
	demands of vertex 32 at time interval: 6
	demands of vertex 33 at time interval: 6
	demands of vertex 34 at time interval: 6
	demands of vertex 35 at time interval: 6
	demands of vertex 36 at time interval: 6
	demands of vertex 37 at time interval: 6
	demands of vertex 38 at time interval: 6
	demands of vertex 39 at time interval: 6
	demands of vertex 40 at time interval: 6
	demands of vertex 41 at time interval: 6

maximum time = 10147
alpha = 79
Starting to test combinations... - Total number of combinations = 64
10% done - 7/64 combination(s) tested! (Thread 0)
20% done - 14/64 combination(s) tested! (Thread 0)
30% done - 21/64 combination(s) tested! (Thread 0)
40% done - 28/64 combination(s) tested! (Thread 0)
50% done - 35/64 combination(s) tested! (Thread 0)
60% done - 42/64 combination(s) tested! (Thread 0)
70% done - 49/64 combination(s) tested! (Thread 0)
80% done - 56/64 combination(s) tested! (Thread 0)
90% done - 63/64 combination(s) tested! (Thread 0)
Found new best - 64/64
All combination(s) tested!
1/64 were feasible combination(s)! - (1.562%)

>> Printing some results...
    -> Solution value = 8363 - 02:19:23
    -> Total time = 218.27
    -> Gap value = 0.00

=============
Train 0
=============
> Trip 0
   0(time 542 - 00:09:02)(time 624 - 00:10:24) ->    1(time 953 - 00:15:53)(time 1042 - 00:17:22) ->    2(time 1124 - 00:18:44)(time 1211 - 00:20:11) ->    3(time 1293 - 00:21:33)(time 1381 - 00:23:01) ->    4(time 1710 - 00:28:30)(time 1793 - 00:29:53) ->    5(time 1875 - 00:31:15)(time 1966 - 00:32:46) ->    6(time 2295 - 00:38:15)(time 2382 - 00:39:42) ->    7(time 2464 - 00:41:04)(time 2549 - 00:42:29) ->    8(time 2631 - 00:43:51)(time 2723 - 00:45:23) ->    9(time 2805 - 00:46:45)(time 2884 - 00:48:04) ->    10(time 2966 - 00:49:26)(time 3044 - 00:50:44) ->    11(time 3126 - 00:52:06)(time 3215 - 00:53:35) ->    12(time 3544 - 00:59:04)(time 3620 - 01:00:20) ->    13(time 3702 - 01:01:42)(time 3792 - 01:03:12) ->    14(time 3874 - 01:04:34)(time 3959 - 01:05:59) ->    15(time 4041 - 01:07:21)(time 4131 - 01:08:51) ->    16(time 4213 - 01:10:13)(time 4293 - 01:11:33) ->    17(time 4375 - 01:12:55)(time 4467 - 01:14:27) ->    18(time 4549 - 01:15:49)(time 4637 - 01:17:17) ->    19(time 4719 - 01:18:39)(time 4800 - 01:20:00) ->    20(time 4996 - 01:23:16)(time 4996 - 01:23:16) ->    41(time 4996 - 01:23:16)(time 5077 - 01:24:37) ->    40(time 5159 - 01:25:59)(time 5247 - 01:27:27) ->    39(time 5329 - 01:28:49)(time 5421 - 01:30:21) ->    38(time 5503 - 01:31:43)(time 5583 - 01:33:03) ->    37(time 5665 - 01:34:25)(time 5755 - 01:35:55) ->    36(time 5837 - 01:37:17)(time 5922 - 01:38:42) ->    35(time 6004 - 01:40:04)(time 6094 - 01:41:34) ->    34(time 6176 - 01:42:56)(time 6252 - 01:44:12) ->    33(time 6334 - 01:45:34)(time 6423 - 01:47:03) ->    32(time 6505 - 01:48:25)(time 6583 - 01:49:43) ->    31(time 6665 - 01:51:05)(time 6744 - 01:52:24) ->    30(time 6826 - 01:53:46)(time 6918 - 01:55:18) ->    29(time 7000 - 01:56:40)(time 7085 - 01:58:05) ->    28(time 7167 - 01:59:27)(time 7254 - 02:00:54) ->    27(time 7336 - 02:02:16)(time 7427 - 02:03:47) ->    26(time 7509 - 02:05:09)(time 7592 - 02:06:32) ->    25(time 7674 - 02:07:54)(time 7762 - 02:09:22) ->    24(time 7844 - 02:10:44)(time 7931 - 02:12:11) ->    23(time 8013 - 02:13:33)(time 8102 - 02:15:02) ->    22(time 8184 - 02:16:24)(time 8266 - 02:17:46) ->    21(time 8364 - 02:19:24)(time 8364 - 02:19:24) -> 0
=============
Train 1
=============
> Trip 0
   0(time 382 - 00:06:22)(time 464 - 00:07:44) ->    1(time 546 - 00:09:06)(time 635 - 00:10:35) ->    2(time 717 - 00:11:57)(time 804 - 00:13:24) ->    3(time 886 - 00:14:46)(time 974 - 00:16:14) ->    4(time 1056 - 00:17:36)(time 1139 - 00:18:59) ->    5(time 1221 - 00:20:21)(time 1312 - 00:21:52) ->    6(time 1394 - 00:23:14)(time 1481 - 00:24:41) ->    7(time 1563 - 00:26:03)(time 1648 - 00:27:28) ->    8(time 1730 - 00:28:50)(time 1822 - 00:30:22) ->    9(time 1904 - 00:31:44)(time 1983 - 00:33:03) ->    10(time 2312 - 00:38:32)(time 2390 - 00:39:50) ->    11(time 2472 - 00:41:12)(time 2561 - 00:42:41) ->    12(time 2890 - 00:48:10)(time 2966 - 00:49:26) ->    13(time 3295 - 00:54:55)(time 3385 - 00:56:25) ->    14(time 3714 - 01:01:54)(time 3799 - 01:03:19) ->    15(time 3881 - 01:04:41)(time 3971 - 01:06:11) ->    16(time 4053 - 01:07:33)(time 4133 - 01:08:53) ->    17(time 4215 - 01:10:15)(time 4307 - 01:11:47) ->    18(time 4389 - 01:13:09)(time 4477 - 01:14:37) ->    19(time 4575 - 01:16:15)(time 4656 - 01:17:36) ->    20(time 4800 - 01:20:00)(time 4800 - 01:20:00) ->    41(time 4882 - 01:21:22)(time 4963 - 01:22:43) ->    40(time 5045 - 01:24:05)(time 5133 - 01:25:33) ->    39(time 5215 - 01:26:55)(time 5307 - 01:28:27) ->    38(time 5389 - 01:29:49)(time 5469 - 01:31:09) ->    37(time 5567 - 01:32:47)(time 5657 - 01:34:17) ->    36(time 5739 - 01:35:39)(time 5824 - 01:37:04) ->    35(time 5906 - 01:38:26)(time 5996 - 01:39:56) ->    34(time 6078 - 01:41:18)(time 6154 - 01:42:34) ->    33(time 6236 - 01:43:56)(time 6325 - 01:45:25) ->    32(time 6407 - 01:46:47)(time 6485 - 01:48:05) ->    31(time 6567 - 01:49:27)(time 6646 - 01:50:46) ->    30(time 6728 - 01:52:08)(time 6820 - 01:53:40) ->    29(time 6902 - 01:55:02)(time 6987 - 01:56:27) ->    28(time 7069 - 01:57:49)(time 7156 - 01:59:16) ->    27(time 7238 - 02:00:38)(time 7329 - 02:02:09) ->    26(time 7411 - 02:03:31)(time 7494 - 02:04:54) ->    25(time 7576 - 02:06:16)(time 7664 - 02:07:44) ->    24(time 7746 - 02:09:06)(time 7833 - 02:10:33) ->    23(time 7915 - 02:11:55)(time 8004 - 02:13:24) ->    22(time 8086 - 02:14:46)(time 8168 - 02:16:08) ->    21(time 8266 - 02:17:46)(time 8266 - 02:17:46) -> 0
=============
Train 2
=============
> Trip 0
   0(time 300 - 00:05:00)(time 382 - 00:06:22) ->    1(time 464 - 00:07:44)(time 553 - 00:09:13) ->    2(time 635 - 00:10:35)(time 722 - 00:12:02) ->    3(time 804 - 00:13:24)(time 892 - 00:14:52) ->    4(time 974 - 00:16:14)(time 1057 - 00:17:37) ->    5(time 1139 - 00:18:59)(time 1230 - 00:20:30) ->    6(time 1312 - 00:21:52)(time 1399 - 00:23:19) ->    7(time 1481 - 00:24:41)(time 1566 - 00:26:06) ->    8(time 1648 - 00:27:28)(time 1740 - 00:29:00) ->    9(time 1822 - 00:30:22)(time 1901 - 00:31:41) ->    10(time 1983 - 00:33:03)(time 2061 - 00:34:21) ->    11(time 2390 - 00:39:50)(time 2479 - 00:41:19) ->    12(time 2561 - 00:42:41)(time 2637 - 00:43:57) ->    13(time 2966 - 00:49:26)(time 3056 - 00:50:56) ->    14(time 3385 - 00:56:25)(time 3470 - 00:57:50) ->    15(time 3552 - 00:59:12)(time 3642 - 01:00:42) ->    16(time 3724 - 01:02:04)(time 3804 - 01:03:24) ->    17(time 4133 - 01:08:53)(time 4225 - 01:10:25) ->    18(time 4307 - 01:11:47)(time 4395 - 01:13:15) ->    19(time 4477 - 01:14:37)(time 4558 - 01:15:58) ->    20(time 4656 - 01:17:36)(time 4656 - 01:17:36) ->    41(time 4800 - 01:20:00)(time 4881 - 01:21:21) ->    40(time 4963 - 01:22:43)(time 5051 - 01:24:11) ->    39(time 5133 - 01:25:33)(time 5225 - 01:27:05) ->    38(time 5307 - 01:28:27)(time 5387 - 01:29:47) ->    37(time 5469 - 01:31:09)(time 5559 - 01:32:39) ->    36(time 5641 - 01:34:01)(time 5726 - 01:35:26) ->    35(time 5808 - 01:36:48)(time 5898 - 01:38:18) ->    34(time 5980 - 01:39:40)(time 6056 - 01:40:56) ->    33(time 6138 - 01:42:18)(time 6227 - 01:43:47) ->    32(time 6309 - 01:45:09)(time 6387 - 01:46:27) ->    31(time 6469 - 01:47:49)(time 6548 - 01:49:08) ->    30(time 6630 - 01:50:30)(time 6722 - 01:52:02) ->    29(time 6804 - 01:53:24)(time 6889 - 01:54:49) ->    28(time 6971 - 01:56:11)(time 7058 - 01:57:38) ->    27(time 7140 - 01:59:00)(time 7231 - 02:00:31) ->    26(time 7313 - 02:01:53)(time 7396 - 02:03:16) ->    25(time 7478 - 02:04:38)(time 7566 - 02:06:06) ->    24(time 7648 - 02:07:28)(time 7735 - 02:08:55) ->    23(time 7817 - 02:10:17)(time 7906 - 02:11:46) ->    22(time 7988 - 02:13:08)(time 8070 - 02:14:30) ->    21(time 8168 - 02:16:08)(time 8168 - 02:16:08) -> 0
=============
Train 3
=============
> Trip 0
   0(time 164 - 00:02:44)(time 246 - 00:04:06) ->    1(time 328 - 00:05:28)(time 417 - 00:06:57) ->    2(time 515 - 00:08:35)(time 602 - 00:10:02) ->    3(time 684 - 00:11:24)(time 772 - 00:12:52) ->    4(time 854 - 00:14:14)(time 937 - 00:15:37) ->    5(time 1019 - 00:16:59)(time 1110 - 00:18:30) ->    6(time 1192 - 00:19:52)(time 1279 - 00:21:19) ->    7(time 1361 - 00:22:41)(time 1446 - 00:24:06) ->    8(time 1528 - 00:25:28)(time 1620 - 00:27:00) ->    9(time 1702 - 00:28:22)(time 1781 - 00:29:41) ->    10(time 1863 - 00:31:03)(time 1941 - 00:32:21) ->    11(time 2023 - 00:33:43)(time 2112 - 00:35:12) ->    12(time 2194 - 00:36:34)(time 2270 - 00:37:50) ->    13(time 2352 - 00:39:12)(time 2442 - 00:40:42) ->    14(time 2524 - 00:42:04)(time 2609 - 00:43:29) ->    15(time 2691 - 00:44:51)(time 2781 - 00:46:21) ->    16(time 2863 - 00:47:43)(time 2943 - 00:49:03) ->    17(time 3025 - 00:50:25)(time 3117 - 00:51:57) ->    18(time 3199 - 00:53:19)(time 3287 - 00:54:47) ->    19(time 3385 - 00:56:25)(time 3466 - 00:57:46) ->    20(time 3564 - 00:59:24)(time 3564 - 00:59:24) ->    41(time 3708 - 01:01:48)(time 3789 - 01:03:09) ->    40(time 3871 - 01:04:31)(time 3959 - 01:05:59) ->    39(time 4041 - 01:07:21)(time 4133 - 01:08:53) ->    38(time 4293 - 01:11:33)(time 4373 - 01:12:53) ->    37(time 4455 - 01:14:15)(time 4545 - 01:15:45) ->    36(time 4627 - 01:17:07)(time 4712 - 01:18:32) ->    35(time 4794 - 01:19:54)(time 4884 - 01:21:24) ->    34(time 4966 - 01:22:46)(time 5042 - 01:24:02) ->    33(time 5124 - 01:25:24)(time 5213 - 01:26:53) ->    32(time 5295 - 01:28:15)(time 5373 - 01:29:33) ->    31(time 5455 - 01:30:55)(time 5534 - 01:32:14) ->    30(time 5616 - 01:33:36)(time 5708 - 01:35:08) ->    29(time 5790 - 01:36:30)(time 5875 - 01:37:55) ->    28(time 5957 - 01:39:17)(time 6044 - 01:40:44) ->    27(time 6126 - 01:42:06)(time 6217 - 01:43:37) ->    26(time 6299 - 01:44:59)(time 6382 - 01:46:22) ->    25(time 6464 - 01:47:44)(time 6552 - 01:49:12) ->    24(time 6634 - 01:50:34)(time 6721 - 01:52:01) ->    23(time 6803 - 01:53:23)(time 6892 - 01:54:52) ->    22(time 6974 - 01:56:14)(time 7056 - 01:57:36) ->    21(time 7154 - 01:59:14)(time 7154 - 01:59:14) -> 0
=============
Train 4
=============
> Trip 0
   0(time 82 - 00:01:22)(time 164 - 00:02:44) ->    1(time 246 - 00:04:06)(time 335 - 00:05:35) ->    2(time 417 - 00:06:57)(time 504 - 00:08:24) ->    3(time 602 - 00:10:02)(time 690 - 00:11:30) ->    4(time 772 - 00:12:52)(time 855 - 00:14:15) ->    5(time 937 - 00:15:37)(time 1028 - 00:17:08) ->    6(time 1110 - 00:18:30)(time 1197 - 00:19:57) ->    7(time 1279 - 00:21:19)(time 1364 - 00:22:44) ->    8(time 1446 - 00:24:06)(time 1538 - 00:25:38) ->    9(time 1620 - 00:27:00)(time 1699 - 00:28:19) ->    10(time 1781 - 00:29:41)(time 1859 - 00:30:59) ->    11(time 1941 - 00:32:21)(time 2030 - 00:33:50) ->    12(time 2112 - 00:35:12)(time 2188 - 00:36:28) ->    13(time 2270 - 00:37:50)(time 2360 - 00:39:20) ->    14(time 2442 - 00:40:42)(time 2527 - 00:42:07) ->    15(time 2609 - 00:43:29)(time 2699 - 00:44:59) ->    16(time 2781 - 00:46:21)(time 2861 - 00:47:41) ->    17(time 2943 - 00:49:03)(time 3035 - 00:50:35) ->    18(time 3117 - 00:51:57)(time 3205 - 00:53:25) ->    19(time 3287 - 00:54:47)(time 3368 - 00:56:08) ->    20(time 3466 - 00:57:46)(time 3466 - 00:57:46) ->    41(time 3548 - 00:59:08)(time 3629 - 01:00:29) ->    40(time 3711 - 01:01:51)(time 3799 - 01:03:19) ->    39(time 3881 - 01:04:41)(time 3973 - 01:06:13) ->    38(time 4133 - 01:08:53)(time 4213 - 01:10:13) ->    37(time 4295 - 01:11:35)(time 4385 - 01:13:05) ->    36(time 4467 - 01:14:27)(time 4552 - 01:15:52) ->    35(time 4634 - 01:17:14)(time 4724 - 01:18:44) ->    34(time 4806 - 01:20:06)(time 4882 - 01:21:22) ->    33(time 4964 - 01:22:44)(time 5053 - 01:24:13) ->    32(time 5135 - 01:25:35)(time 5213 - 01:26:53) ->    31(time 5295 - 01:28:15)(time 5374 - 01:29:34) ->    30(time 5456 - 01:30:56)(time 5548 - 01:32:28) ->    29(time 5630 - 01:33:50)(time 5715 - 01:35:15) ->    28(time 5797 - 01:36:37)(time 5884 - 01:38:04) ->    27(time 5966 - 01:39:26)(time 6057 - 01:40:57) ->    26(time 6139 - 01:42:19)(time 6222 - 01:43:42) ->    25(time 6304 - 01:45:04)(time 6392 - 01:46:32) ->    24(time 6474 - 01:47:54)(time 6561 - 01:49:21) ->    23(time 6643 - 01:50:43)(time 6732 - 01:52:12) ->    22(time 6814 - 01:53:34)(time 6896 - 01:54:56) ->    21(time 6994 - 01:56:34)(time 6994 - 01:56:34) -> 0
=============
Train 5
=============
> Trip 0
   0(time 0 - 00:00:00)(time 82 - 00:01:22) ->    1(time 164 - 00:02:44)(time 253 - 00:04:13) ->    2(time 335 - 00:05:35)(time 422 - 00:07:02) ->    3(time 504 - 00:08:24)(time 592 - 00:09:52) ->    4(time 674 - 00:11:14)(time 757 - 00:12:37) ->    5(time 839 - 00:13:59)(time 930 - 00:15:30) ->    6(time 1012 - 00:16:52)(time 1099 - 00:18:19) ->    7(time 1181 - 00:19:41)(time 1266 - 00:21:06) ->    8(time 1348 - 00:22:28)(time 1440 - 00:24:00) ->    9(time 1522 - 00:25:22)(time 1601 - 00:26:41) ->    10(time 1683 - 00:28:03)(time 1761 - 00:29:21) ->    11(time 1843 - 00:30:43)(time 1932 - 00:32:12) ->    12(time 2014 - 00:33:34)(time 2090 - 00:34:50) ->    13(time 2172 - 00:36:12)(time 2262 - 00:37:42) ->    14(time 2344 - 00:39:04)(time 2429 - 00:40:29) ->    15(time 2511 - 00:41:51)(time 2601 - 00:43:21) ->    16(time 2683 - 00:44:43)(time 2763 - 00:46:03) ->    17(time 2845 - 00:47:25)(time 2937 - 00:48:57) ->    18(time 3019 - 00:50:19)(time 3107 - 00:51:47) ->    19(time 3189 - 00:53:09)(time 3270 - 00:54:30) ->    20(time 3368 - 00:56:08)(time 3368 - 00:56:08) ->    41(time 3466 - 00:57:46)(time 3547 - 00:59:07) ->    40(time 3629 - 01:00:29)(time 3717 - 01:01:57) ->    39(time 3799 - 01:03:19)(time 3891 - 01:04:51) ->    38(time 3973 - 01:06:13)(time 4053 - 01:07:33) ->    37(time 4135 - 01:08:55)(time 4225 - 01:10:25) ->    36(time 4307 - 01:11:47)(time 4392 - 01:13:12) ->    35(time 4474 - 01:14:34)(time 4564 - 01:16:04) ->    34(time 4646 - 01:17:26)(time 4722 - 01:18:42) ->    33(time 4804 - 01:20:04)(time 4893 - 01:21:33) ->    32(time 4975 - 01:22:55)(time 5053 - 01:24:13) ->    31(time 5135 - 01:25:35)(time 5214 - 01:26:54) ->    30(time 5296 - 01:28:16)(time 5388 - 01:29:48) ->    29(time 5470 - 01:31:10)(time 5555 - 01:32:35) ->    28(time 5637 - 01:33:57)(time 5724 - 01:35:24) ->    27(time 5806 - 01:36:46)(time 5897 - 01:38:17) ->    26(time 5979 - 01:39:39)(time 6062 - 01:41:02) ->    25(time 6144 - 01:42:24)(time 6232 - 01:43:52) ->    24(time 6314 - 01:45:14)(time 6401 - 01:46:41) ->    23(time 6483 - 01:48:03)(time 6572 - 01:49:32) ->    22(time 6654 - 01:50:54)(time 6736 - 01:52:16) ->    21(time 6834 - 01:53:54)(time 6834 - 01:53:54) -> 0
