t6p21r2h1.txt:
   > Trying to open the instance file...
   > Reading number of trains...
   > Reading maximum number of trips per train...
   > Reading time intervals...
   > Reading number of points...
   > Reading stations...
   > Reading crossings...
   > Reading depots...
   > Reading initial point...
   > Reading routes...
   > Reading distance and distance and service...
   > Reading demands...
   > Reading maximum time...
   > Reading alpha...

--------------------------------
 Printing instance
--------------------------------
number of trains = 6
	max trips per trains: 2     2     2     2     2     2
number of intervals = 1
	(0,  10147)
number of points = 21
	initial point: 0
	stations: 0     1     2     3     4     5     6     7     8     9    10    11    12    13    14    15    16    17    18    19    20
	crossings: 0    16    17    20
	depots: 0    20
number of vertices = 42
	total vertices: 0     1     2     3     4     5     6     7     8     9    10    11    12    13    14    15    16    17    18    19    20    21    22    23    24    25    26    27    28    29    30    31    32    33    34    35    36    37    38    39    40    41
	upper vertices: 0     1     2     3     4     5     6     7     8     9    10    11    12    13    14    15    16    17    18    19    20
	lower vertices: 21    22    23    24    25    26    27    28    29    30    31    32    33    34    35    36    37    38    39    40    41
	vertices of point #0: (0, 21)
	vertices of point #1: (1, 22)
	vertices of point #2: (2, 23)
	vertices of point #3: (3, 24)
	vertices of point #4: (4, 25)
	vertices of point #5: (5, 26)
	vertices of point #6: (6, 27)
	vertices of point #7: (7, 28)
	vertices of point #8: (8, 29)
	vertices of point #9: (9, 30)
	vertices of point #10: (10, 31)
	vertices of point #11: (11, 32)
	vertices of point #12: (12, 33)
	vertices of point #13: (13, 34)
	vertices of point #14: (14, 35)
	vertices of point #15: (15, 36)
	vertices of point #16: (16, 37)
	vertices of point #17: (17, 38)
	vertices of point #18: (18, 39)
	vertices of point #19: (19, 40)
	vertices of point #20: (20, 41)

arcs...
	total arcs: 
		arc #0: (0, 1)
		arc #1: (0, 21)
		arc #2: (21, 0)
		arc #3: (1, 2)
		arc #4: (22, 21)
		arc #5: (2, 3)
		arc #6: (23, 22)
		arc #7: (3, 4)
		arc #8: (24, 23)
		arc #9: (4, 5)
		arc #10: (25, 24)
		arc #11: (5, 6)
		arc #12: (26, 25)
		arc #13: (6, 7)
		arc #14: (27, 26)
		arc #15: (7, 8)
		arc #16: (28, 27)
		arc #17: (8, 9)
		arc #18: (29, 28)
		arc #19: (9, 10)
		arc #20: (30, 29)
		arc #21: (10, 11)
		arc #22: (31, 30)
		arc #23: (11, 12)
		arc #24: (32, 31)
		arc #25: (12, 13)
		arc #26: (33, 32)
		arc #27: (13, 14)
		arc #28: (34, 33)
		arc #29: (14, 15)
		arc #30: (35, 34)
		arc #31: (15, 16)
		arc #32: (36, 35)
		arc #33: (16, 17)
		arc #34: (37, 36)
		arc #35: (17, 18)
		arc #36: (38, 37)
		arc #37: (18, 19)
		arc #38: (39, 38)
		arc #39: (19, 20)
		arc #40: (40, 39)
		arc #41: (41, 40)
		arc #42: (20, 41)
		arc #43: (41, 20)

	reverse arcs: 
		arc #1: (0, 21)
		arc #2: (21, 0)
		arc #42: (20, 41)
		arc #43: (41, 20)


incompatible points...
	(0, 15, 37, (15, 16))	(37, 22, 0, (22, 21))	(16, 16, 38, (16, 17))	(38, 38, 16, (38, 37))	(17, 19, 41, (19, 20))	(41, 39, 17, (39, 38))

number of routes = 2
vertices of routes...
	route #0: 0     1     2     3     4     5     6     7     8     9    10    11    12    13    14    15    16    17    18    19    20    41    40    39    38    37    36    35    34    33    32    31    30    29    28    27    26    25    24    23    22    21     0
	route #1: 41    40    39    38    37    36    35    34    33    32    31    30    29    28    27    26    25    24    23    22    21     0     1     2     3     4     5     6     7     8     9    10    11    12    13    14    15    16    17    18    19    20    41
arcs of routes...
	route #0: 0     3     5     7     9    11    13    15    17    19    21    23    25    27    29    31    33    35    37    39    42    41    40    38    36    34    32    30    28    26    24    22    20    18    16    14    12    10     8     6     4     2
	route #1: 41    40    38    36    34    32    30    28    26    24    22    20    18    16    14    12    10     8     6     4     2     0     3     5     7     9    11    13    15    17    19    21    23    25    27    29    31    33    35    37    39    42

incompatible routes...
	(0, 1)    	(1, 0)

vertices that can be adjacent in consecutive trips...
	(0, 0)    	(41, 41)
non cyclical routes: 


routes of trip...
	routes that train #0 can complete at trip #0: 0
	routes that train #0 can complete at trip #1: 0       1

	routes that train #1 can complete at trip #0: 0
	routes that train #1 can complete at trip #1: 0       1

	routes that train #2 can complete at trip #0: 0
	routes that train #2 can complete at trip #1: 0       1

	routes that train #3 can complete at trip #0: 0
	routes that train #3 can complete at trip #1: 0       1

	routes that train #4 can complete at trip #0: 0
	routes that train #4 can complete at trip #1: 0       1

	routes that train #5 can complete at trip #0: 0
	routes that train #5 can complete at trip #1: 0       1

 cost...
	arc #0 [0][1]: 82
	arc #1 [0][21]: 0
	arc #2 [21][0]: 0
	arc #3 [1][2]: 89
	arc #4 [22][21]: 82
	arc #5 [2][3]: 87
	arc #6 [23][22]: 89
	arc #7 [3][4]: 88
	arc #8 [24][23]: 87
	arc #9 [4][5]: 83
	arc #10 [25][24]: 88
	arc #11 [5][6]: 91
	arc #12 [26][25]: 83
	arc #13 [6][7]: 87
	arc #14 [27][26]: 91
	arc #15 [7][8]: 85
	arc #16 [28][27]: 87
	arc #17 [8][9]: 92
	arc #18 [29][28]: 85
	arc #19 [9][10]: 79
	arc #20 [30][29]: 92
	arc #21 [10][11]: 78
	arc #22 [31][30]: 79
	arc #23 [11][12]: 89
	arc #24 [32][31]: 78
	arc #25 [12][13]: 76
	arc #26 [33][32]: 89
	arc #27 [13][14]: 90
	arc #28 [34][33]: 76
	arc #29 [14][15]: 85
	arc #30 [35][34]: 90
	arc #31 [15][16]: 90
	arc #32 [36][35]: 85
	arc #33 [16][17]: 80
	arc #34 [37][36]: 90
	arc #35 [17][18]: 92
	arc #36 [38][37]: 80
	arc #37 [18][19]: 88
	arc #38 [39][38]: 92
	arc #39 [19][20]: 81
	arc #40 [40][39]: 88
	arc #41 [41][40]: 81
	arc #42 [20][41]: 0
	arc #43 [41][20]: 0

cost with minimum service...
	arc #0 [0][1]: 164
	arc #1 [0][21]: 0
	arc #2 [21][0]: 0
	arc #3 [1][2]: 171
	arc #4 [22][21]: 180
	arc #5 [2][3]: 169
	arc #6 [23][22]: 171
	arc #7 [3][4]: 170
	arc #8 [24][23]: 169
	arc #9 [4][5]: 165
	arc #10 [25][24]: 170
	arc #11 [5][6]: 173
	arc #12 [26][25]: 165
	arc #13 [6][7]: 169
	arc #14 [27][26]: 173
	arc #15 [7][8]: 167
	arc #16 [28][27]: 169
	arc #17 [8][9]: 174
	arc #18 [29][28]: 167
	arc #19 [9][10]: 161
	arc #20 [30][29]: 174
	arc #21 [10][11]: 160
	arc #22 [31][30]: 161
	arc #23 [11][12]: 171
	arc #24 [32][31]: 160
	arc #25 [12][13]: 158
	arc #26 [33][32]: 171
	arc #27 [13][14]: 172
	arc #28 [34][33]: 158
	arc #29 [14][15]: 167
	arc #30 [35][34]: 172
	arc #31 [15][16]: 172
	arc #32 [36][35]: 167
	arc #33 [16][17]: 162
	arc #34 [37][36]: 172
	arc #35 [17][18]: 174
	arc #36 [38][37]: 162
	arc #37 [18][19]: 170
	arc #38 [39][38]: 174
	arc #39 [19][20]: 179
	arc #40 [40][39]: 170
	arc #41 [41][40]: 163
	arc #42 [20][41]: 0
	arc #43 [41][20]: 0

cost with maximum service...
	arc #0 [0][1]: 411
	arc #1 [0][21]: 329
	arc #2 [21][0]: 329
	arc #3 [1][2]: 418
	arc #4 [22][21]: 411
	arc #5 [2][3]: 416
	arc #6 [23][22]: 418
	arc #7 [3][4]: 417
	arc #8 [24][23]: 416
	arc #9 [4][5]: 412
	arc #10 [25][24]: 417
	arc #11 [5][6]: 420
	arc #12 [26][25]: 412
	arc #13 [6][7]: 416
	arc #14 [27][26]: 420
	arc #15 [7][8]: 414
	arc #16 [28][27]: 416
	arc #17 [8][9]: 421
	arc #18 [29][28]: 414
	arc #19 [9][10]: 408
	arc #20 [30][29]: 421
	arc #21 [10][11]: 407
	arc #22 [31][30]: 408
	arc #23 [11][12]: 418
	arc #24 [32][31]: 407
	arc #25 [12][13]: 405
	arc #26 [33][32]: 418
	arc #27 [13][14]: 419
	arc #28 [34][33]: 405
	arc #29 [14][15]: 414
	arc #30 [35][34]: 419
	arc #31 [15][16]: 419
	arc #32 [36][35]: 414
	arc #33 [16][17]: 409
	arc #34 [37][36]: 419
	arc #35 [17][18]: 421
	arc #36 [38][37]: 409
	arc #37 [18][19]: 417
	arc #38 [39][38]: 421
	arc #39 [19][20]: 410
	arc #40 [40][39]: 417
	arc #41 [41][40]: 410
	arc #42 [20][41]: 329
	arc #43 [41][20]: 329

demands...
	demands of vertex 0 at time interval: 6
	demands of vertex 1 at time interval: 6
	demands of vertex 2 at time interval: 6
	demands of vertex 3 at time interval: 6
	demands of vertex 4 at time interval: 6
	demands of vertex 5 at time interval: 6
	demands of vertex 6 at time interval: 6
	demands of vertex 7 at time interval: 6
	demands of vertex 8 at time interval: 6
	demands of vertex 9 at time interval: 6
	demands of vertex 10 at time interval: 6
	demands of vertex 11 at time interval: 6
	demands of vertex 12 at time interval: 6
	demands of vertex 13 at time interval: 6
	demands of vertex 14 at time interval: 6
	demands of vertex 15 at time interval: 6
	demands of vertex 16 at time interval: 6
	demands of vertex 17 at time interval: 6
	demands of vertex 18 at time interval: 6
	demands of vertex 19 at time interval: 6
	demands of vertex 20 at time interval: 0
	demands of vertex 21 at time interval: 0
	demands of vertex 22 at time interval: 6
	demands of vertex 23 at time interval: 6
	demands of vertex 24 at time interval: 6
	demands of vertex 25 at time interval: 6
	demands of vertex 26 at time interval: 6
	demands of vertex 27 at time interval: 6
	demands of vertex 28 at time interval: 6
	demands of vertex 29 at time interval: 6
	demands of vertex 30 at time interval: 6
	demands of vertex 31 at time interval: 6
	demands of vertex 32 at time interval: 6
	demands of vertex 33 at time interval: 6
	demands of vertex 34 at time interval: 6
	demands of vertex 35 at time interval: 6
	demands of vertex 36 at time interval: 6
	demands of vertex 37 at time interval: 6
	demands of vertex 38 at time interval: 6
	demands of vertex 39 at time interval: 6
	demands of vertex 40 at time interval: 6
	demands of vertex 41 at time interval: 6

maximum time = 10147
alpha = 79

>> Solving...
Version identifier: 20.1.0.0 | 2020-11-10 | 9bedb6d68
CPXPARAM_Threads                                 1
CPXPARAM_TimeLimit                               43200
Aggregator has done 857 substitutions...
Aggregator has done 1512 substitutions...
Tried aggregator 4 times.
MIP Presolve eliminated 158118 rows and 19494 columns.
MIP Presolve modified 235582 coefficients.
Aggregator did 1512 substitutions.
Reduced MIP has 498445 rows, 192757 columns, and 1206901 nonzeros.
Reduced MIP has 192252 binaries, 0 generals, 0 SOSs, and 0 indicators.
Presolve time = 74.92 sec. (26112.68 ticks)
Probing fixed 144252 vars, tightened 675 bounds.
Probing time = 17.08 sec. (759.20 ticks)
Tried aggregator 2 times.
MIP Presolve eliminated 494503 rows and 191124 columns.
MIP Presolve modified 5220 coefficients.
Aggregator did 690 substitutions.
Reduced MIP has 3252 rows, 943 columns, and 9114 nonzeros.
Reduced MIP has 690 binaries, 0 generals, 0 SOSs, and 0 indicators.
Presolve time = 0.95 sec. (307.13 ticks)
Probing time = 0.00 sec. (4.69 ticks)
Tried aggregator 1 time.
Detecting symmetries...
Reduced MIP has 3252 rows, 943 columns, and 9114 nonzeros.
Reduced MIP has 690 binaries, 0 generals, 0 SOSs, and 0 indicators.
Presolve time = 0.01 sec. (4.92 ticks)
Probing time = 0.00 sec. (4.69 ticks)
Clique table members: 45.
MIP emphasis: balance optimality and feasibility.
MIP search method: dynamic search.
Parallel mode: none, using 1 thread.
Root relaxation solution time = 0.01 sec. (9.44 ticks)

        Nodes                                         Cuts/
   Node  Left     Objective  IInf  Best Integer    Best Bound    ItCnt     Gap

      0     0     6834.0000   630                   6834.0000      660         
      0     0     6933.5000   630                   Cuts: 653     1149         
      0     0     6935.8463   630                   Cuts: 380     1479         
      0     0     6982.5000   630                   Cuts: 198     1632         
      0     0     6982.5000   630                    Cuts: 98     1716         
      0     0     6982.5000   630                    Cuts: 73     1776         
Detecting symmetries...
*     0+    0                         8524.0000     6982.5000            18.08%
Detecting symmetries...
      0     2     6982.5000   630     8524.0000     6982.5000     1776   18.08%
Elapsed time = 126.67 sec. (32874.55 ticks, tree = 0.01 MB, solutions = 1)
     22    21     7241.1667   159     8524.0000     6982.5000     3889   18.08%
     72    53     7042.5000   202     8524.0000     6998.8333     6213   17.89%
     94    66     7072.5000   162     8524.0000     6998.8333     7940   17.89%
    126    92    infeasible           8524.0000     7012.5000    10366   17.73%
    160   111     7121.5000   151     8524.0000     7028.8333    12524   17.54%
    235   148     7042.5000   273     8524.0000     7028.8333    16405   17.54%
    281   175    infeasible           8524.0000     7028.8333    18940   17.54%
    346   205     7684.0000   161     8524.0000     7031.5000    21284   17.51%
    423   256     7077.8333   134     8524.0000     7037.0000    23460   17.44%
    702   407     7116.1667   282     8524.0000     7045.1667    32857   17.35%
Elapsed time = 132.29 sec. (36039.55 ticks, tree = 0.46 MB, solutions = 1)

Performing restart 1

Repeating presolve.
Tried aggregator 1 time.
MIP Presolve eliminated 60 rows and 0 columns.
MIP Presolve modified 3915 coefficients.
Reduced MIP has 3192 rows, 943 columns, and 8994 nonzeros.
Reduced MIP has 690 binaries, 0 generals, 0 SOSs, and 0 indicators.
Presolve time = 0.01 sec. (3.89 ticks)
Tried aggregator 1 time.
Reduced MIP has 3192 rows, 943 columns, and 8994 nonzeros.
Reduced MIP has 690 binaries, 0 generals, 0 SOSs, and 0 indicators.
Presolve time = 0.01 sec. (4.87 ticks)
Represolve time = 0.31 sec. (72.01 ticks)
    938     0     6990.8095   636     8524.0000     Cuts: 766    43276   17.32%
    938     0     6998.0956   534     8524.0000     Cuts: 602    43572   17.32%
    938     0     6998.8333   353     8524.0000     Cuts: 898    43917   17.32%
    938     0     6998.8338   607     8524.0000     Cuts: 898    44272   17.32%
    938     0     6998.8549   406     8524.0000     Cuts: 778    44750   17.32%
    938     0     6998.8675   605     8524.0000     Cuts: 898    45143   17.32%
    938     0     6999.0718   638     8524.0000     Cuts: 857    45490   17.32%
    938     0     6999.0736   485     8524.0000     Cuts: 450    45747   17.32%
    938     0     6999.0975   637     8524.0000     Cuts: 898    46041   17.32%
    938     2     6999.0975   636     8524.0000     7047.8333    46041   17.32%
    944     7     7045.1667   225     8524.0000     7047.8333    46530   17.32%
    968    24     7083.2286   225     8524.0000     7047.8333    48560   17.32%
   1005    45     7031.5000   291     8524.0000     7047.8333    52371   17.32%
   1122   121    infeasible           8524.0000     7047.8333    55981   17.32%
   1182   160     7047.8333   242     8524.0000     7047.8333    61447   17.32%
   1239   193     7048.5474   402     8524.0000     7047.8333    64890   17.32%
   1356   258     7686.3640   137     8524.0000     7047.8333    70184   17.32%
   1485   334     7813.5779   206     8524.0000     7047.8333    75337   17.32%
   1636   425    infeasible           8524.0000     7049.2004    79171   17.30%
Elapsed time = 156.07 sec. (49858.44 ticks, tree = 0.41 MB, solutions = 1)
   1788   507     7086.3906   190     8524.0000     7055.6667    84152   17.23%
   1928   581     8321.1667   104     8524.0000     7061.5000    90276   17.16%
   2049   625    infeasible           8524.0000     7070.0834    96402   17.06%
   2192   700     7147.8290   124     8524.0000     7073.3512   101964   17.02%
   2336   771     8180.0000   110     8524.0000     7083.5467   107918   16.90%
   2448   801    infeasible           8524.0000     7087.5763   114179   16.85%
   2585   860     7216.0675   134     8524.0000     7091.9809   119783   16.80%
   2726   920     7203.6962    85     8524.0000     7100.9981   125878   16.69%
   2845   966     7995.0000   104     8524.0000     7106.0718   132370   16.63%
   2970  1000     7782.1576    82     8524.0000     7111.3215   138950   16.57%
Elapsed time = 175.13 sec. (59659.07 ticks, tree = 1.02 MB, solutions = 1)
   3103  1047     7158.8163   192     8524.0000     7113.9242   144266   16.54%
*  3198+ 1074                         8364.0000     7123.1029            14.84%
   3238  1095     7134.4385   232     8364.0000     7123.5861   149652   14.83%
   3342  1130     7955.8335   145     8364.0000     7134.5725   155517   14.70%
   3474  1157     8225.0000   125     8364.0000     7143.0699   161005   14.60%
   3591  1187     7684.0000   111     8364.0000     7149.1008   166900   14.53%
   3666  1184     7923.1304   115     8364.0000     7166.7089   173017   14.31%
   3777  1166     7684.0000   158     8364.0000     7190.5168   179251   14.03%
   3878  1141    infeasible           8364.0000     7208.8333   184666   13.81%
   3976  1088    infeasible           8364.0000     7266.5000   191238   13.12%
   4073  1042     7684.0907   188     8364.0000     7382.5237   196399   11.73%
Elapsed time = 193.95 sec. (69351.40 ticks, tree = 1.14 MB, solutions = 2)
   4213  1015     8036.0000    73     8364.0000     7684.0000   202800    8.13%
   4339  1062     7880.0000   151     8364.0000     7684.0000   208612    8.13%
   4463  1109     8123.0923   150     8364.0000     7684.0000   214150    8.13%
   4552  1131     7914.0000   171     8364.0000     7684.0000   219244    8.13%
   4644  1171     7733.0000   171     8364.0000     7684.0000   225272    8.13%
   4748  1217     7962.0000    94     8364.0000     7686.3640   229916    8.10%
   4844  1241     7694.0515   180     8364.0000     7694.0515   234674    8.01%
   4951  1265     8246.0000   116     8364.0000     7727.4814   239662    7.61%
   5068  1307    infeasible           8364.0000     7733.0000   244906    7.54%
   5184  1327     8057.7431   170     8364.0000     7756.5000   250469    7.26%
Elapsed time = 214.47 sec. (79142.10 ticks, tree = 1.49 MB, solutions = 2)
   5294  1343     7862.9283    95     8364.0000     7769.5384   256602    7.11%
   5421  1372     7880.0000   163     8364.0000     7774.0000   262279    7.05%
   5560  1419     7880.0000   104     8364.0000     7782.0000   267816    6.96%
   5688  1459     8044.0000    88     8364.0000     7782.0000   273112    6.96%
   5818  1496     7882.8941    71     8364.0000     7782.0000   278311    6.96%
   5979  1555     8060.0000   102     8364.0000     7782.0000   283010    6.96%
   6122  1603     7884.2609    49     8364.0000     7782.0000   289220    6.96%
   6225  1640     7864.0000   128     8364.0000     7782.0000   294215    6.96%
   6363  1654     7912.4146   138     8364.0000     7786.1050   300004    6.91%
   6482  1671     7864.0000    81     8364.0000     7823.0000   306231    6.47%
Elapsed time = 235.60 sec. (88965.02 ticks, tree = 1.96 MB, solutions = 2)
   6606  1704     7942.6111   112     8364.0000     7831.0000   311484    6.37%
   6758  1767     8091.8260   164     8364.0000     7831.0000   316329    6.37%
   6923  1848     8240.0000    15     8364.0000     7840.0000   320328    6.26%
   7021  1819     8240.0000    20     8364.0000     7856.0000   326307    6.07%
   7169  1825     7962.0000   102     8364.0000     7864.6702   331643    5.97%
   7309  1814     7911.5000   139     8364.0000     7872.4780   336898    5.88%
   7468  1847     7950.7482    83     8364.0000     7880.0000   341840    5.79%
   7644  1890     8036.0000    54     8364.0000     7880.0000   346869    5.79%
   7824  1964     8224.0855   123     8364.0000     7880.0000   352126    5.79%
   7953  2001     7930.6368   161     8364.0000     7880.0000   357792    5.79%
Elapsed time = 257.49 sec. (98574.12 ticks, tree = 2.36 MB, solutions = 2)
   8061  2018     7900.3944   179     8364.0000     7880.1635   363154    5.78%
   8207  2064    infeasible           8364.0000     7883.5102   367757    5.74%
   8355  2083     8240.0000    36     8364.0000     7902.0000   372003    5.52%
   8502  2103     7913.0000    77     8364.0000     7913.0000   376792    5.39%
   8620  2112     8240.0000    26     8364.0000     7921.0000   381360    5.30%
   8774  2147     7978.0000   107     8364.0000     7929.0000   386046    5.20%
   8928  2157     8068.0000   109     8364.0000     7931.1304   390965    5.18%
   9065  2147     8044.0000    81     8364.0000     7943.0000   396490    5.03%
   9206  2127    infeasible           8364.0000     7948.0429   402052    4.97%
   9338  2140     8044.0000    94     8364.0000     7954.0000   406061    4.90%
Elapsed time = 280.29 sec. (108203.81 ticks, tree = 2.66 MB, solutions = 2)
   9463  2135     8240.0000    18     8364.0000     7958.4471   412504    4.85%
   9629  2120        cutoff           8364.0000     7965.4642   418609    4.76%
   9795  2111    infeasible           8364.0000     7979.6368   424292    4.60%
   9976  2108    infeasible           8364.0000     7995.0000   430013    4.41%
  10158  2132     8240.0000    13     8364.0000     8003.0000   435308    4.32%
  10318  2144     8364.0000    21     8364.0000     8018.5270   439049    4.13%
  10517  2105     8240.0000    27     8364.0000     8036.0000   445039    3.92%
  10693  2094     8106.2142   136     8364.0000     8041.2188   451254    3.86%
  10902  2107     8044.0000    70     8364.0000     8044.0000   456800    3.83%
  11126  2083     8240.0000    14     8364.0000     8045.4470   461918    3.81%
Elapsed time = 305.58 sec. (118693.32 ticks, tree = 2.68 MB, solutions = 2)
  11325  2100     8224.0000    20     8364.0000     8052.0000   467030    3.73%
  11500  2093        cutoff           8364.0000     8053.6937   472986    3.71%
  11653  2081     8101.0000   119     8364.0000     8060.0000   477820    3.63%
  11833  2050     8082.0000    93     8364.0000     8082.0000   483097    3.37%
  12025  2054    infeasible           8364.0000     8090.0000   487568    3.28%
  12161  2032     8240.0000    17     8364.0000     8094.5270   493349    3.22%
  12303  2010    infeasible           8364.0000     8106.2142   498324    3.08%
  12481  1911     8364.0000     9     8364.0000     8120.5536   503695    2.91%
  12658  1865     8216.0000    38     8364.0000     8131.0000   508823    2.79%
  13604  1355     8286.0000    10     8364.0000     8216.0000   529523    1.77%
Elapsed time = 338.47 sec. (131212.37 ticks, tree = 1.93 MB, solutions = 2)
  14788   545    infeasible           8364.0000     8306.0000   544735    0.69%

Clique cuts applied:  6
Cover cuts applied:  841
Implied bound cuts applied:  26
Flow cuts applied:  242
Mixed integer rounding cuts applied:  551
Lift and project cuts applied:  36
Gomory fractional cuts applied:  173

Root node processing (before b&c):
  Real time             =  126.69 sec. (32881.63 ticks)
Sequential b&c:
  Real time             =  221.63 sec. (102361.36 ticks)
                          ------------
Total (root+branch&cut) =  348.32 sec. (135242.98 ticks)
Optimal

>> Printing some results...
    -> Solution value = 8363 - 02:19:23
    -> Total time = 348.32
    -> Gap value = 0.00

=============
Train 0
=============
> Trip 0
   0(time 164 - 00:02:44)(time 246 - 00:04:06) ->    1(time 360 - 00:06:00)(time 449 - 00:07:29) ->    2(time 531 - 00:08:51)(time 618 - 00:10:18) ->    3(time 700 - 00:11:40)(time 788 - 00:13:08) ->    4(time 870 - 00:14:30)(time 953 - 00:15:53) ->    5(time 1035 - 00:17:15)(time 1126 - 00:18:46) ->    6(time 1208 - 00:20:08)(time 1295 - 00:21:35) ->    7(time 1377 - 00:22:57)(time 1462 - 00:24:22) ->    8(time 1544 - 00:25:44)(time 1636 - 00:27:16) ->    9(time 1718 - 00:28:38)(time 1797 - 00:29:57) ->    10(time 1879 - 00:31:19)(time 1957 - 00:32:37) ->    11(time 2039 - 00:33:59)(time 2128 - 00:35:28) ->    12(time 2210 - 00:36:50)(time 2286 - 00:38:06) ->    13(time 2368 - 00:39:28)(time 2458 - 00:40:58) ->    14(time 2540 - 00:42:20)(time 2625 - 00:43:45) ->    15(time 2707 - 00:45:07)(time 2797 - 00:46:37) ->    16(time 2879 - 00:47:59)(time 2959 - 00:49:19) ->    17(time 3041 - 00:50:41)(time 3133 - 00:52:13) ->    18(time 3215 - 00:53:35)(time 3303 - 00:55:03) ->    19(time 3385 - 00:56:25)(time 3466 - 00:57:46) ->    20(time 3626 - 01:00:26)(time 3626 - 01:00:26) ->    41(time 3708 - 01:01:48)(time 3789 - 01:03:09) ->    40(time 3871 - 01:04:31)(time 3959 - 01:05:59) ->    39(time 4041 - 01:07:21)(time 4133 - 01:08:53) ->    38(time 4293 - 01:11:33)(time 4373 - 01:12:53) ->    37(time 4455 - 01:14:15)(time 4545 - 01:15:45) ->    36(time 4874 - 01:21:14)(time 4959 - 01:22:39) ->    35(time 5041 - 01:24:01)(time 5131 - 01:25:31) ->    34(time 5213 - 01:26:53)(time 5289 - 01:28:09) ->    33(time 5371 - 01:29:31)(time 5460 - 01:31:00) ->    32(time 5542 - 01:32:22)(time 5620 - 01:33:40) ->    31(time 5702 - 01:35:02)(time 5781 - 01:36:21) ->    30(time 5863 - 01:37:43)(time 5955 - 01:39:15) ->    29(time 6037 - 01:40:37)(time 6122 - 01:42:02) ->    28(time 6204 - 01:43:24)(time 6291 - 01:44:51) ->    27(time 6373 - 01:46:13)(time 6464 - 01:47:44) ->    26(time 6546 - 01:49:06)(time 6629 - 01:50:29) ->    25(time 6711 - 01:51:51)(time 6799 - 01:53:19) ->    24(time 6881 - 01:54:41)(time 6968 - 01:56:08) ->    23(time 7050 - 01:57:30)(time 7139 - 01:58:59) ->    22(time 7221 - 02:00:21)(time 7303 - 02:01:43) ->    21(time 7401 - 02:03:21)(time 7401 - 02:03:21) -> 0
=============
Train 1
=============
> Trip 0
   0(time 0 - 00:00:00)(time 82 - 00:01:22) ->    1(time 164 - 00:02:44)(time 253 - 00:04:13) ->    2(time 335 - 00:05:35)(time 422 - 00:07:02) ->    3(time 504 - 00:08:24)(time 592 - 00:09:52) ->    4(time 674 - 00:11:14)(time 757 - 00:12:37) ->    5(time 839 - 00:13:59)(time 930 - 00:15:30) ->    6(time 1012 - 00:16:52)(time 1099 - 00:18:19) ->    7(time 1181 - 00:19:41)(time 1266 - 00:21:06) ->    8(time 1348 - 00:22:28)(time 1440 - 00:24:00) ->    9(time 1522 - 00:25:22)(time 1601 - 00:26:41) ->    10(time 1683 - 00:28:03)(time 1761 - 00:29:21) ->    11(time 1843 - 00:30:43)(time 1932 - 00:32:12) ->    12(time 2014 - 00:33:34)(time 2090 - 00:34:50) ->    13(time 2172 - 00:36:12)(time 2262 - 00:37:42) ->    14(time 2344 - 00:39:04)(time 2429 - 00:40:29) ->    15(time 2511 - 00:41:51)(time 2601 - 00:43:21) ->    16(time 2683 - 00:44:43)(time 2763 - 00:46:03) ->    17(time 2845 - 00:47:25)(time 2937 - 00:48:57) ->    18(time 3019 - 00:50:19)(time 3107 - 00:51:47) ->    19(time 3189 - 00:53:09)(time 3270 - 00:54:30) ->    20(time 3368 - 00:56:08)(time 3368 - 00:56:08) ->    41(time 3466 - 00:57:46)(time 3547 - 00:59:07) ->    40(time 3629 - 01:00:29)(time 3717 - 01:01:57) ->    39(time 3799 - 01:03:19)(time 3891 - 01:04:51) ->    38(time 3973 - 01:06:13)(time 4053 - 01:07:33) ->    37(time 4135 - 01:08:55)(time 4225 - 01:10:25) ->    36(time 4307 - 01:11:47)(time 4392 - 01:13:12) ->    35(time 4474 - 01:14:34)(time 4564 - 01:16:04) ->    34(time 4646 - 01:17:26)(time 4722 - 01:18:42) ->    33(time 4804 - 01:20:04)(time 4893 - 01:21:33) ->    32(time 4975 - 01:22:55)(time 5053 - 01:24:13) ->    31(time 5135 - 01:25:35)(time 5214 - 01:26:54) ->    30(time 5296 - 01:28:16)(time 5388 - 01:29:48) ->    29(time 5470 - 01:31:10)(time 5555 - 01:32:35) ->    28(time 5637 - 01:33:57)(time 5724 - 01:35:24) ->    27(time 5806 - 01:36:46)(time 5897 - 01:38:17) ->    26(time 5979 - 01:39:39)(time 6062 - 01:41:02) ->    25(time 6144 - 01:42:24)(time 6232 - 01:43:52) ->    24(time 6314 - 01:45:14)(time 6401 - 01:46:41) ->    23(time 6483 - 01:48:03)(time 6572 - 01:49:32) ->    22(time 6654 - 01:50:54)(time 6736 - 01:52:16) ->    21(time 6834 - 01:53:54)(time 6834 - 01:53:54) -> 0
=============
Train 2
=============
> Trip 0
   0(time 1530 - 00:25:30)(time 1612 - 00:26:52) ->    1(time 1694 - 00:28:14)(time 1783 - 00:29:43) ->    2(time 1865 - 00:31:05)(time 1952 - 00:32:32) ->    3(time 2034 - 00:33:54)(time 2122 - 00:35:22) ->    4(time 2204 - 00:36:44)(time 2287 - 00:38:07) ->    5(time 2369 - 00:39:29)(time 2460 - 00:41:00) ->    6(time 2542 - 00:42:22)(time 2629 - 00:43:49) ->    7(time 2711 - 00:45:11)(time 2796 - 00:46:36) ->    8(time 2878 - 00:47:58)(time 2970 - 00:49:30) ->    9(time 3052 - 00:50:52)(time 3131 - 00:52:11) ->    10(time 3213 - 00:53:33)(time 3291 - 00:54:51) ->    11(time 3373 - 00:56:13)(time 3462 - 00:57:42) ->    12(time 3544 - 00:59:04)(time 3620 - 01:00:20) ->    13(time 3702 - 01:01:42)(time 3792 - 01:03:12) ->    14(time 3874 - 01:04:34)(time 3959 - 01:05:59) ->    15(time 4041 - 01:07:21)(time 4131 - 01:08:51) ->    16(time 4213 - 01:10:13)(time 4293 - 01:11:33) ->    17(time 4375 - 01:12:55)(time 4467 - 01:14:27) ->    18(time 4549 - 01:15:49)(time 4637 - 01:17:17) ->    19(time 4719 - 01:18:39)(time 4800 - 01:20:00) ->    20(time 4996 - 01:23:16)(time 4996 - 01:23:16) ->    41(time 4996 - 01:23:16)(time 5077 - 01:24:37) ->    40(time 5159 - 01:25:59)(time 5247 - 01:27:27) ->    39(time 5329 - 01:28:49)(time 5421 - 01:30:21) ->    38(time 5503 - 01:31:43)(time 5583 - 01:33:03) ->    37(time 5665 - 01:34:25)(time 5755 - 01:35:55) ->    36(time 5837 - 01:37:17)(time 5922 - 01:38:42) ->    35(time 6004 - 01:40:04)(time 6094 - 01:41:34) ->    34(time 6176 - 01:42:56)(time 6252 - 01:44:12) ->    33(time 6334 - 01:45:34)(time 6423 - 01:47:03) ->    32(time 6505 - 01:48:25)(time 6583 - 01:49:43) ->    31(time 6665 - 01:51:05)(time 6744 - 01:52:24) ->    30(time 6826 - 01:53:46)(time 6918 - 01:55:18) ->    29(time 7000 - 01:56:40)(time 7085 - 01:58:05) ->    28(time 7167 - 01:59:27)(time 7254 - 02:00:54) ->    27(time 7336 - 02:02:16)(time 7427 - 02:03:47) ->    26(time 7509 - 02:05:09)(time 7592 - 02:06:32) ->    25(time 7674 - 02:07:54)(time 7762 - 02:09:22) ->    24(time 7844 - 02:10:44)(time 7931 - 02:12:11) ->    23(time 8013 - 02:13:33)(time 8102 - 02:15:02) ->    22(time 8184 - 02:16:24)(time 8266 - 02:17:46) ->    21(time 8364 - 02:19:24)(time 8364 - 02:19:24) -> 0
=============
Train 3
=============
> Trip 0
   0(time 82 - 00:01:22)(time 164 - 00:02:44) ->    1(time 246 - 00:04:06)(time 335 - 00:05:35) ->    2(time 417 - 00:06:57)(time 504 - 00:08:24) ->    3(time 586 - 00:09:46)(time 674 - 00:11:14) ->    4(time 756 - 00:12:36)(time 839 - 00:13:59) ->    5(time 921 - 00:15:21)(time 1012 - 00:16:52) ->    6(time 1094 - 00:18:14)(time 1181 - 00:19:41) ->    7(time 1263 - 00:21:03)(time 1348 - 00:22:28) ->    8(time 1430 - 00:23:50)(time 1522 - 00:25:22) ->    9(time 1604 - 00:26:44)(time 1683 - 00:28:03) ->    10(time 1765 - 00:29:25)(time 1843 - 00:30:43) ->    11(time 1925 - 00:32:05)(time 2014 - 00:33:34) ->    12(time 2096 - 00:34:56)(time 2172 - 00:36:12) ->    13(time 2254 - 00:37:34)(time 2344 - 00:39:04) ->    14(time 2426 - 00:40:26)(time 2511 - 00:41:51) ->    15(time 2593 - 00:43:13)(time 2683 - 00:44:43) ->    16(time 2765 - 00:46:05)(time 2845 - 00:47:25) ->    17(time 2927 - 00:48:47)(time 3019 - 00:50:19) ->    18(time 3101 - 00:51:41)(time 3189 - 00:53:09) ->    19(time 3287 - 00:54:47)(time 3368 - 00:56:08) ->    20(time 3466 - 00:57:46)(time 3466 - 00:57:46) ->    41(time 3626 - 01:00:26)(time 3707 - 01:01:47) ->    40(time 3789 - 01:03:09)(time 3877 - 01:04:37) ->    39(time 3959 - 01:05:59)(time 4051 - 01:07:31) ->    38(time 4133 - 01:08:53)(time 4213 - 01:10:13) ->    37(time 4295 - 01:11:35)(time 4385 - 01:13:05) ->    36(time 4467 - 01:14:27)(time 4552 - 01:15:52) ->    35(time 4634 - 01:17:14)(time 4724 - 01:18:44) ->    34(time 4806 - 01:20:06)(time 4882 - 01:21:22) ->    33(time 4964 - 01:22:44)(time 5053 - 01:24:13) ->    32(time 5135 - 01:25:35)(time 5213 - 01:26:53) ->    31(time 5295 - 01:28:15)(time 5374 - 01:29:34) ->    30(time 5456 - 01:30:56)(time 5548 - 01:32:28) ->    29(time 5630 - 01:33:50)(time 5715 - 01:35:15) ->    28(time 5797 - 01:36:37)(time 5884 - 01:38:04) ->    27(time 5966 - 01:39:26)(time 6057 - 01:40:57) ->    26(time 6139 - 01:42:19)(time 6222 - 01:43:42) ->    25(time 6304 - 01:45:04)(time 6392 - 01:46:32) ->    24(time 6474 - 01:47:54)(time 6561 - 01:49:21) ->    23(time 6643 - 01:50:43)(time 6732 - 01:52:12) ->    22(time 6814 - 01:53:34)(time 6896 - 01:54:56) ->    21(time 6994 - 01:56:34)(time 6994 - 01:56:34) -> 0
=============
Train 4
=============
> Trip 0
   0(time 1210 - 00:20:10)(time 1292 - 00:21:32) ->    1(time 1374 - 00:22:54)(time 1463 - 00:24:23) ->    2(time 1545 - 00:25:45)(time 1632 - 00:27:12) ->    3(time 1714 - 00:28:34)(time 1802 - 00:30:02) ->    4(time 1884 - 00:31:24)(time 1967 - 00:32:47) ->    5(time 2049 - 00:34:09)(time 2140 - 00:35:40) ->    6(time 2222 - 00:37:02)(time 2309 - 00:38:29) ->    7(time 2391 - 00:39:51)(time 2476 - 00:41:16) ->    8(time 2558 - 00:42:38)(time 2650 - 00:44:10) ->    9(time 2732 - 00:45:32)(time 2811 - 00:46:51) ->    10(time 2893 - 00:48:13)(time 2971 - 00:49:31) ->    11(time 3053 - 00:50:53)(time 3142 - 00:52:22) ->    12(time 3224 - 00:53:44)(time 3300 - 00:55:00) ->    13(time 3382 - 00:56:22)(time 3472 - 00:57:52) ->    14(time 3554 - 00:59:14)(time 3639 - 01:00:39) ->    15(time 3721 - 01:02:01)(time 3811 - 01:03:31) ->    16(time 3893 - 01:04:53)(time 3973 - 01:06:13) ->    17(time 4133 - 01:08:53)(time 4225 - 01:10:25) ->    18(time 4307 - 01:11:47)(time 4395 - 01:13:15) ->    19(time 4477 - 01:14:37)(time 4558 - 01:15:58) ->    20(time 4656 - 01:17:36)(time 4656 - 01:17:36) ->    41(time 4800 - 01:20:00)(time 4881 - 01:21:21) ->    40(time 4963 - 01:22:43)(time 5051 - 01:24:11) ->    39(time 5133 - 01:25:33)(time 5225 - 01:27:05) ->    38(time 5307 - 01:28:27)(time 5387 - 01:29:47) ->    37(time 5469 - 01:31:09)(time 5559 - 01:32:39) ->    36(time 5641 - 01:34:01)(time 5726 - 01:35:26) ->    35(time 5808 - 01:36:48)(time 5898 - 01:38:18) ->    34(time 5980 - 01:39:40)(time 6056 - 01:40:56) ->    33(time 6138 - 01:42:18)(time 6227 - 01:43:47) ->    32(time 6309 - 01:45:09)(time 6387 - 01:46:27) ->    31(time 6469 - 01:47:49)(time 6548 - 01:49:08) ->    30(time 6630 - 01:50:30)(time 6722 - 01:52:02) ->    29(time 6804 - 01:53:24)(time 6889 - 01:54:49) ->    28(time 6971 - 01:56:11)(time 7058 - 01:57:38) ->    27(time 7140 - 01:59:00)(time 7231 - 02:00:31) ->    26(time 7313 - 02:01:53)(time 7396 - 02:03:16) ->    25(time 7478 - 02:04:38)(time 7566 - 02:06:06) ->    24(time 7648 - 02:07:28)(time 7735 - 02:08:55) ->    23(time 7817 - 02:10:17)(time 7906 - 02:11:46) ->    22(time 7988 - 02:13:08)(time 8070 - 02:14:30) ->    21(time 8168 - 02:16:08)(time 8168 - 02:16:08) -> 0
=============
Train 5
=============
> Trip 0
   0(time 1370 - 00:22:50)(time 1452 - 00:24:12) ->    1(time 1534 - 00:25:34)(time 1623 - 00:27:03) ->    2(time 1705 - 00:28:25)(time 1792 - 00:29:52) ->    3(time 1874 - 00:31:14)(time 1962 - 00:32:42) ->    4(time 2044 - 00:34:04)(time 2127 - 00:35:27) ->    5(time 2209 - 00:36:49)(time 2300 - 00:38:20) ->    6(time 2382 - 00:39:42)(time 2469 - 00:41:09) ->    7(time 2551 - 00:42:31)(time 2636 - 00:43:56) ->    8(time 2718 - 00:45:18)(time 2810 - 00:46:50) ->    9(time 2892 - 00:48:12)(time 2971 - 00:49:31) ->    10(time 3053 - 00:50:53)(time 3131 - 00:52:11) ->    11(time 3213 - 00:53:33)(time 3302 - 00:55:02) ->    12(time 3384 - 00:56:24)(time 3460 - 00:57:40) ->    13(time 3542 - 00:59:02)(time 3632 - 01:00:32) ->    14(time 3714 - 01:01:54)(time 3799 - 01:03:19) ->    15(time 3881 - 01:04:41)(time 3971 - 01:06:11) ->    16(time 4053 - 01:07:33)(time 4133 - 01:08:53) ->    17(time 4215 - 01:10:15)(time 4307 - 01:11:47) ->    18(time 4389 - 01:13:09)(time 4477 - 01:14:37) ->    19(time 4621 - 01:17:01)(time 4702 - 01:18:22) ->    20(time 4800 - 01:20:00)(time 4800 - 01:20:00) ->    41(time 4898 - 01:21:38)(time 4979 - 01:22:59) ->    40(time 5061 - 01:24:21)(time 5149 - 01:25:49) ->    39(time 5231 - 01:27:11)(time 5323 - 01:28:43) ->    38(time 5405 - 01:30:05)(time 5485 - 01:31:25) ->    37(time 5567 - 01:32:47)(time 5657 - 01:34:17) ->    36(time 5739 - 01:35:39)(time 5824 - 01:37:04) ->    35(time 5906 - 01:38:26)(time 5996 - 01:39:56) ->    34(time 6078 - 01:41:18)(time 6154 - 01:42:34) ->    33(time 6236 - 01:43:56)(time 6325 - 01:45:25) ->    32(time 6407 - 01:46:47)(time 6485 - 01:48:05) ->    31(time 6567 - 01:49:27)(time 6646 - 01:50:46) ->    30(time 6728 - 01:52:08)(time 6820 - 01:53:40) ->    29(time 6902 - 01:55:02)(time 6987 - 01:56:27) ->    28(time 7069 - 01:57:49)(time 7156 - 01:59:16) ->    27(time 7238 - 02:00:38)(time 7329 - 02:02:09) ->    26(time 7411 - 02:03:31)(time 7494 - 02:04:54) ->    25(time 7576 - 02:06:16)(time 7664 - 02:07:44) ->    24(time 7746 - 02:09:06)(time 7833 - 02:10:33) ->    23(time 7915 - 02:11:55)(time 8004 - 02:13:24) ->    22(time 8086 - 02:14:46)(time 8168 - 02:16:08) ->    21(time 8266 - 02:17:46)(time 8266 - 02:17:46) -> 0
