t6p24r16h1.txt:
   > Trying to open the instance file...
   > Reading number of trains...
   > Reading maximum number of trips per train...
   > Reading time intervals...
   > Reading number of points...
   > Reading stations...
   > Reading crossings...
   > Reading depots...
   > Reading initial point...
   > Reading routes...
   > Reading distance and distance and service...
   > Reading demands...
   > Reading maximum time...
   > Reading alpha...

--------------------------------
 Printing instance
--------------------------------
number of trains = 6
	max trips per trains: 2     2     2     2     2     2
number of intervals = 1
	(0,  48009)
number of points = 24
	initial point: 23
	stations: 0     1     2     3     4     5     6     7     8     9    11    12    13    15    16    17    18    19    21    22    23
	crossings: 0     5    10    14    15    20    23
	depots: 0     5    15    23
number of vertices = 48
	total vertices: 0     1     2     3     4     5     6     7     8     9    10    11    12    13    14    15    16    17    18    19    20    21    22    23    24    25    26    27    28    29    30    31    32    33    34    35    36    37    38    39    40    41    42    43    44    45    46    47
	upper vertices: 0     1     2     3     4     5     6     7     8     9    10    11    12    13    14    15    16    17    18    19    20    21    22    23
	lower vertices: 24    25    26    27    28    29    30    31    32    33    34    35    36    37    38    39    40    41    42    43    44    45    46    47
	vertices of point #0: (0, 24)
	vertices of point #1: (1, 25)
	vertices of point #2: (2, 26)
	vertices of point #3: (3, 27)
	vertices of point #4: (4, 28)
	vertices of point #5: (5, 29)
	vertices of point #6: (6, 30)
	vertices of point #7: (7, 31)
	vertices of point #8: (8, 32)
	vertices of point #9: (9, 33)
	vertices of point #10: (10, 34)
	vertices of point #11: (11, 35)
	vertices of point #12: (12, 36)
	vertices of point #13: (13, 37)
	vertices of point #14: (14, 38)
	vertices of point #15: (15, 39)
	vertices of point #16: (16, 40)
	vertices of point #17: (17, 41)
	vertices of point #18: (18, 42)
	vertices of point #19: (19, 43)
	vertices of point #20: (20, 44)
	vertices of point #21: (21, 45)
	vertices of point #22: (22, 46)
	vertices of point #23: (23, 47)

arcs...
	total arcs: 
		arc #0: (0, 1)
		arc #1: (0, 24)
		arc #2: (24, 0)
		arc #3: (1, 2)
		arc #4: (25, 24)
		arc #5: (2, 3)
		arc #6: (26, 25)
		arc #7: (3, 4)
		arc #8: (27, 26)
		arc #9: (4, 5)
		arc #10: (28, 27)
		arc #11: (5, 6)
		arc #12: (29, 28)
		arc #13: (5, 29)
		arc #14: (29, 5)
		arc #15: (6, 7)
		arc #16: (30, 29)
		arc #17: (7, 8)
		arc #18: (31, 30)
		arc #19: (8, 9)
		arc #20: (32, 31)
		arc #21: (9, 10)
		arc #22: (33, 32)
		arc #23: (10, 11)
		arc #24: (34, 33)
		arc #25: (11, 12)
		arc #26: (35, 34)
		arc #27: (12, 13)
		arc #28: (36, 35)
		arc #29: (13, 14)
		arc #30: (37, 36)
		arc #31: (14, 15)
		arc #32: (38, 37)
		arc #33: (15, 16)
		arc #34: (39, 38)
		arc #35: (15, 39)
		arc #36: (39, 15)
		arc #37: (16, 17)
		arc #38: (40, 39)
		arc #39: (17, 18)
		arc #40: (41, 40)
		arc #41: (18, 19)
		arc #42: (42, 41)
		arc #43: (19, 20)
		arc #44: (43, 42)
		arc #45: (20, 21)
		arc #46: (44, 43)
		arc #47: (21, 22)
		arc #48: (45, 44)
		arc #49: (22, 23)
		arc #50: (46, 45)
		arc #51: (47, 46)
		arc #52: (23, 47)
		arc #53: (47, 23)

	reverse arcs: 
		arc #1: (0, 24)
		arc #2: (24, 0)
		arc #13: (5, 29)
		arc #14: (29, 5)
		arc #35: (15, 39)
		arc #36: (39, 15)
		arc #52: (23, 47)
		arc #53: (47, 23)


incompatible points...
	(0, 4, 29, (4, 5))	(29, 25, 0, (25, 24))	(5, 9, 34, (9, 10))	(34, 30, 5, (30, 29))	(10, 13, 38, (13, 14))	(38, 35, 10, (35, 34))	(14, 14, 39, (14, 15))	(39, 39, 14, (39, 38))	(15, 19, 44, (19, 20))	(44, 40, 15, (40, 39))	(20, 22, 47, (22, 23))	(47, 45, 20, (45, 44))

number of routes = 16
vertices of routes...
	route #0: 0     1     2     3     4     5     6     7     8     9    10    11    12    13    14    15    16    17    18    19    20    21    22    23    47    46    45    44    43    42    41    40    39    38    37    36    35    34    33    32    31    30    29    28    27    26    25    24     0
	route #1: 47    46    45    44    43    42    41    40    39    38    37    36    35    34    33    32    31    30    29    28    27    26    25    24     0     1     2     3     4     5     6     7     8     9    10    11    12    13    14    15    16    17    18    19    20    21    22    23    47
	route #2: 5     6     7     8     9    10    11    12    13    14    15    16    17    18    19    20    21    22    23
	route #3: 29    28    27    26    25    24
	route #4: 0     1     2     3     4     5
	route #5: 47    46    45    44    43    42    41    40    39    38    37    36    35    34    33    32    31    30    29
	route #6: 15    16    17    18    19    20    21    22    23
	route #7: 39    38    37    36    35    34    33    32    31    30    29    28    27    26    25    24
	route #8: 0     1     2     3     4     5     6     7     8     9    10    11    12    13    14    15
	route #9: 47    46    45    44    43    42    41    40    39
	route #10: 5     6     7     8     9    10    11    12    13    14    15    16    17    18    19    20    21    22    23    47    46    45    44    43    42    41    40    39    38    37    36    35    34    33    32    31    30    29     5
	route #11: 39    38    37    36    35    34    33    32    31    30    29
	route #12: 39    38    37    36    35    34    33    32    31    30    29    28    27    26    25    24     0     1     2     3     4     5     6     7     8     9    10    11    12    13    14    15    39
	route #13: 5     6     7     8     9    10    11    12    13    14    15
	route #14: 15    16    17    18    19    20    21    22    23    47    46    45    44    43    42    41    40    39    15
	route #15: 29    28    27    26    25    24     0     1     2     3     4     5    29
arcs of routes...
	route #0: 0     3     5     7     9    11    15    17    19    21    23    25    27    29    31    33    37    39    41    43    45    47    49    52    51    50    48    46    44    42    40    38    34    32    30    28    26    24    22    20    18    16    12    10     8     6     4     2
	route #1: 51    50    48    46    44    42    40    38    34    32    30    28    26    24    22    20    18    16    12    10     8     6     4     2     0     3     5     7     9    11    15    17    19    21    23    25    27    29    31    33    37    39    41    43    45    47    49    52
	route #2: 11    15    17    19    21    23    25    27    29    31    33    37    39    41    43    45    47    49
	route #3: 12    10     8     6     4
	route #4: 0     3     5     7     9
	route #5: 51    50    48    46    44    42    40    38    34    32    30    28    26    24    22    20    18    16
	route #6: 33    37    39    41    43    45    47    49
	route #7: 34    32    30    28    26    24    22    20    18    16    12    10     8     6     4
	route #8: 0     3     5     7     9    11    15    17    19    21    23    25    27    29    31
	route #9: 51    50    48    46    44    42    40    38
	route #10: 11    15    17    19    21    23    25    27    29    31    33    37    39    41    43    45    47    49    52    51    50    48    46    44    42    40    38    34    32    30    28    26    24    22    20    18    16    14
	route #11: 34    32    30    28    26    24    22    20    18    16
	route #12: 34    32    30    28    26    24    22    20    18    16    12    10     8     6     4     2     0     3     5     7     9    11    15    17    19    21    23    25    27    29    31    35
	route #13: 11    15    17    19    21    23    25    27    29    31
	route #14: 33    37    39    41    43    45    47    49    52    51    50    48    46    44    42    40    38    36
	route #15: 12    10     8     6     4     2     0     3     5     7     9    13

incompatible routes...
	(0, 1)    	(0, 2)    	(0, 3)    	(0, 5)    	(0, 6)    	(0, 7)    	(0, 9)    	(0, 10)    	(0, 11)    	(0, 12)    	(0, 13)    	(0, 14)    	(0, 15)    	(1, 0)    	(1, 2)    	(1, 3)    	(1, 4)    	(1, 6)    	(1, 7)    	(1, 8)    	(1, 10)    	(1, 11)    	(1, 12)    	(1, 13)    	(1, 14)    	(1, 15)    	(2, 0)    	(2, 2)    	(2, 3)    	(2, 4)    	(2, 6)    	(2, 7)    	(2, 8)    	(2, 10)    	(2, 11)    	(2, 12)    	(2, 13)    	(2, 14)    	(2, 15)    	(3, 1)    	(3, 2)    	(3, 3)    	(3, 5)    	(3, 6)    	(3, 7)    	(3, 9)    	(3, 10)    	(3, 11)    	(3, 12)    	(3, 13)    	(3, 14)    	(3, 15)    	(4, 0)    	(4, 1)    	(4, 4)    	(4, 5)    	(4, 6)    	(4, 7)    	(4, 8)    	(4, 9)    	(4, 11)    	(4, 12)    	(4, 14)    	(5, 0)    	(5, 1)    	(5, 4)    	(5, 5)    	(5, 6)    	(5, 7)    	(5, 8)    	(5, 9)    	(5, 11)    	(5, 12)    	(5, 14)    	(6, 0)    	(6, 2)    	(6, 3)    	(6, 4)    	(6, 6)    	(6, 7)    	(6, 8)    	(6, 10)    	(6, 11)    	(6, 12)    	(6, 13)    	(6, 14)    	(6, 15)    	(7, 1)    	(7, 2)    	(7, 3)    	(7, 5)    	(7, 6)    	(7, 7)    	(7, 9)    	(7, 10)    	(7, 11)    	(7, 12)    	(7, 13)    	(7, 14)    	(7, 15)    	(8, 0)    	(8, 1)    	(8, 2)    	(8, 3)    	(8, 4)    	(8, 5)    	(8, 8)    	(8, 9)    	(8, 10)    	(8, 13)    	(8, 15)    	(9, 0)    	(9, 1)    	(9, 2)    	(9, 3)    	(9, 4)    	(9, 5)    	(9, 8)    	(9, 9)    	(9, 10)    	(9, 13)    	(9, 15)    	(10, 0)    	(10, 1)    	(10, 4)    	(10, 5)    	(10, 6)    	(10, 7)    	(10, 8)    	(10, 9)    	(10, 11)    	(10, 12)    	(10, 14)    	(11, 0)    	(11, 1)    	(11, 4)    	(11, 5)    	(11, 6)    	(11, 7)    	(11, 8)    	(11, 9)    	(11, 11)    	(11, 12)    	(11, 14)    	(12, 0)    	(12, 1)    	(12, 2)    	(12, 3)    	(12, 4)    	(12, 5)    	(12, 8)    	(12, 9)    	(12, 10)    	(12, 13)    	(12, 15)    	(13, 0)    	(13, 1)    	(13, 2)    	(13, 3)    	(13, 4)    	(13, 5)    	(13, 8)    	(13, 9)    	(13, 10)    	(13, 13)    	(13, 15)    	(14, 0)    	(14, 1)    	(14, 2)    	(14, 3)    	(14, 4)    	(14, 5)    	(14, 8)    	(14, 9)    	(14, 10)    	(14, 13)    	(14, 15)    	(15, 0)    	(15, 1)    	(15, 4)    	(15, 5)    	(15, 6)    	(15, 7)    	(15, 8)    	(15, 9)    	(15, 11)    	(15, 12)    	(15, 14)

vertices that can be adjacent in consecutive trips...
	(0, 0)    	(5, 5)    	(5, 29)    	(15, 15)    	(15, 39)    	(23, 47)    	(24, 0)    	(29, 5)    	(29, 29)    	(39, 15)    	(39, 39)    	(47, 47)
non cyclical routes: 
       2       3       4       5       6       7       8       9      11      13

routes of trip...
	routes that train #0 can complete at trip #0: 1       5       9
	routes that train #0 can complete at trip #1: 0       1       2       3       4       5       6       7       8       9      10      11      12      13      14      15

	routes that train #1 can complete at trip #0: 1       5       9
	routes that train #1 can complete at trip #1: 0       1       2       3       4       5       6       7       8       9      10      11      12      13      14      15

	routes that train #2 can complete at trip #0: 1       5       9
	routes that train #2 can complete at trip #1: 0       1       2       3       4       5       6       7       8       9      10      11      12      13      14      15

	routes that train #3 can complete at trip #0: 1       5       9
	routes that train #3 can complete at trip #1: 0       1       2       3       4       5       6       7       8       9      10      11      12      13      14      15

	routes that train #4 can complete at trip #0: 1       5       9
	routes that train #4 can complete at trip #1: 0       1       2       3       4       5       6       7       8       9      10      11      12      13      14      15

	routes that train #5 can complete at trip #0: 1       5       9
	routes that train #5 can complete at trip #1: 0       1       2       3       4       5       6       7       8       9      10      11      12      13      14      15

 cost...
	arc #0 [0][1]: 297
	arc #1 [0][24]: 0
	arc #2 [24][0]: 0
	arc #3 [1][2]: 283
	arc #4 [25][24]: 297
	arc #5 [2][3]: 300
	arc #6 [26][25]: 283
	arc #7 [3][4]: 299
	arc #8 [27][26]: 300
	arc #9 [4][5]: 302
	arc #10 [28][27]: 299
	arc #11 [5][6]: 252
	arc #12 [29][28]: 302
	arc #13 [5][29]: 0
	arc #14 [29][5]: 0
	arc #15 [6][7]: 303
	arc #16 [30][29]: 252
	arc #17 [7][8]: 278
	arc #18 [31][30]: 303
	arc #19 [8][9]: 280
	arc #20 [32][31]: 278
	arc #21 [9][10]: 290
	arc #22 [33][32]: 280
	arc #23 [10][11]: 278
	arc #24 [34][33]: 290
	arc #25 [11][12]: 263
	arc #26 [35][34]: 278
	arc #27 [12][13]: 285
	arc #28 [36][35]: 263
	arc #29 [13][14]: 305
	arc #30 [37][36]: 285
	arc #31 [14][15]: 292
	arc #32 [38][37]: 305
	arc #33 [15][16]: 285
	arc #34 [39][38]: 292
	arc #35 [15][39]: 0
	arc #36 [39][15]: 0
	arc #37 [16][17]: 264
	arc #38 [40][39]: 285
	arc #39 [17][18]: 303
	arc #40 [41][40]: 264
	arc #41 [18][19]: 258
	arc #42 [42][41]: 303
	arc #43 [19][20]: 266
	arc #44 [43][42]: 258
	arc #45 [20][21]: 257
	arc #46 [44][43]: 266
	arc #47 [21][22]: 293
	arc #48 [45][44]: 257
	arc #49 [22][23]: 270
	arc #50 [46][45]: 293
	arc #51 [47][46]: 270
	arc #52 [23][47]: 0
	arc #53 [47][23]: 0

cost with minimum service...
	arc #0 [0][1]: 379
	arc #1 [0][24]: 0
	arc #2 [24][0]: 0
	arc #3 [1][2]: 365
	arc #4 [25][24]: 441
	arc #5 [2][3]: 382
	arc #6 [26][25]: 365
	arc #7 [3][4]: 381
	arc #8 [27][26]: 382
	arc #9 [4][5]: 446
	arc #10 [28][27]: 381
	arc #11 [5][6]: 334
	arc #12 [29][28]: 384
	arc #13 [5][29]: 0
	arc #14 [29][5]: 0
	arc #15 [6][7]: 385
	arc #16 [30][29]: 396
	arc #17 [7][8]: 360
	arc #18 [31][30]: 385
	arc #19 [8][9]: 362
	arc #20 [32][31]: 360
	arc #21 [9][10]: 358
	arc #22 [33][32]: 362
	arc #23 [10][11]: 360
	arc #24 [34][33]: 372
	arc #25 [11][12]: 345
	arc #26 [35][34]: 346
	arc #27 [12][13]: 367
	arc #28 [36][35]: 345
	arc #29 [13][14]: 373
	arc #30 [37][36]: 367
	arc #31 [14][15]: 436
	arc #32 [38][37]: 387
	arc #33 [15][16]: 367
	arc #34 [39][38]: 360
	arc #35 [15][39]: 0
	arc #36 [39][15]: 0
	arc #37 [16][17]: 346
	arc #38 [40][39]: 429
	arc #39 [17][18]: 385
	arc #40 [41][40]: 346
	arc #41 [18][19]: 340
	arc #42 [42][41]: 385
	arc #43 [19][20]: 334
	arc #44 [43][42]: 340
	arc #45 [20][21]: 339
	arc #46 [44][43]: 348
	arc #47 [21][22]: 375
	arc #48 [45][44]: 325
	arc #49 [22][23]: 414
	arc #50 [46][45]: 375
	arc #51 [47][46]: 352
	arc #52 [23][47]: 0
	arc #53 [47][23]: 0

cost with maximum service...
	arc #0 [0][1]: 799
	arc #1 [0][24]: 502
	arc #2 [24][0]: 502
	arc #3 [1][2]: 785
	arc #4 [25][24]: 799
	arc #5 [2][3]: 802
	arc #6 [26][25]: 785
	arc #7 [3][4]: 801
	arc #8 [27][26]: 802
	arc #9 [4][5]: 804
	arc #10 [28][27]: 801
	arc #11 [5][6]: 754
	arc #12 [29][28]: 804
	arc #13 [5][29]: 502
	arc #14 [29][5]: 502
	arc #15 [6][7]: 805
	arc #16 [30][29]: 754
	arc #17 [7][8]: 780
	arc #18 [31][30]: 805
	arc #19 [8][9]: 782
	arc #20 [32][31]: 780
	arc #21 [9][10]: 792
	arc #22 [33][32]: 782
	arc #23 [10][11]: 780
	arc #24 [34][33]: 792
	arc #25 [11][12]: 765
	arc #26 [35][34]: 780
	arc #27 [12][13]: 787
	arc #28 [36][35]: 765
	arc #29 [13][14]: 807
	arc #30 [37][36]: 787
	arc #31 [14][15]: 794
	arc #32 [38][37]: 807
	arc #33 [15][16]: 787
	arc #34 [39][38]: 794
	arc #35 [15][39]: 502
	arc #36 [39][15]: 502
	arc #37 [16][17]: 766
	arc #38 [40][39]: 787
	arc #39 [17][18]: 805
	arc #40 [41][40]: 766
	arc #41 [18][19]: 760
	arc #42 [42][41]: 805
	arc #43 [19][20]: 768
	arc #44 [43][42]: 760
	arc #45 [20][21]: 759
	arc #46 [44][43]: 768
	arc #47 [21][22]: 795
	arc #48 [45][44]: 759
	arc #49 [22][23]: 772
	arc #50 [46][45]: 795
	arc #51 [47][46]: 772
	arc #52 [23][47]: 502
	arc #53 [47][23]: 502

demands...
	demands of vertex 0 at time interval: 9
	demands of vertex 1 at time interval: 9
	demands of vertex 2 at time interval: 9
	demands of vertex 3 at time interval: 9
	demands of vertex 4 at time interval: 9
	demands of vertex 5 at time interval: 9
	demands of vertex 6 at time interval: 9
	demands of vertex 7 at time interval: 9
	demands of vertex 8 at time interval: 9
	demands of vertex 9 at time interval: 9
	demands of vertex 10 at time interval: 0
	demands of vertex 11 at time interval: 9
	demands of vertex 12 at time interval: 9
	demands of vertex 13 at time interval: 9
	demands of vertex 14 at time interval: 0
	demands of vertex 15 at time interval: 9
	demands of vertex 16 at time interval: 9
	demands of vertex 17 at time interval: 9
	demands of vertex 18 at time interval: 9
	demands of vertex 19 at time interval: 9
	demands of vertex 20 at time interval: 0
	demands of vertex 21 at time interval: 9
	demands of vertex 22 at time interval: 9
	demands of vertex 23 at time interval: 0
	demands of vertex 24 at time interval: 0
	demands of vertex 25 at time interval: 9
	demands of vertex 26 at time interval: 9
	demands of vertex 27 at time interval: 9
	demands of vertex 28 at time interval: 9
	demands of vertex 29 at time interval: 9
	demands of vertex 30 at time interval: 9
	demands of vertex 31 at time interval: 9
	demands of vertex 32 at time interval: 9
	demands of vertex 33 at time interval: 9
	demands of vertex 34 at time interval: 0
	demands of vertex 35 at time interval: 9
	demands of vertex 36 at time interval: 9
	demands of vertex 37 at time interval: 9
	demands of vertex 38 at time interval: 0
	demands of vertex 39 at time interval: 9
	demands of vertex 40 at time interval: 9
	demands of vertex 41 at time interval: 9
	demands of vertex 42 at time interval: 9
	demands of vertex 43 at time interval: 9
	demands of vertex 44 at time interval: 0
	demands of vertex 45 at time interval: 9
	demands of vertex 46 at time interval: 9
	demands of vertex 47 at time interval: 9

maximum time = 48009
alpha = 43

>> Solving...
Version identifier: 20.1.0.0 | 2020-11-10 | 9bedb6d68
CPXPARAM_Threads                                 1
CPXPARAM_TimeLimit                               43200
Aggregator has done 984 substitutions...
Tried aggregator 3 times.
MIP Presolve eliminated 198141 rows and 22434 columns.
MIP Presolve modified 116874 coefficients.
Aggregator did 984 substitutions.
Reduced MIP has 662356 rows, 255625 columns, and 1607166 nonzeros.
Reduced MIP has 254652 binaries, 0 generals, 0 SOSs, and 0 indicators.
Presolve time = 86.53 sec. (16953.90 ticks)
Probing fixed 0 vars, tightened 158 bounds.
Probing time = 43.07 sec. (3119.70 ticks)
Tried aggregator 1 time.
Detecting symmetries...
Elapsed time for symmetry detection = 52.56 sec. (10003.09 ticks)
Elapsed time for symmetry detection = 100.07 sec. (20011.06 ticks)
Elapsed time for symmetry detection = 126.50 sec. (30014.28 ticks)
Elapsed time for symmetry detection = 177.96 sec. (40021.39 ticks)
Elapsed time for symmetry detection = 230.41 sec. (50025.74 ticks)
Elapsed time for symmetry detection = 282.73 sec. (60033.06 ticks)
Elapsed time for symmetry detection = 337.98 sec. (70039.03 ticks)
Elapsed time for symmetry detection = 393.78 sec. (80044.89 ticks)
Elapsed time for symmetry detection = 446.22 sec. (90053.25 ticks)
Elapsed time for symmetry detection = 498.31 sec. (100056.17 ticks)
Elapsed time for symmetry detection = 551.25 sec. (110064.28 ticks)
Elapsed time for symmetry detection = 603.07 sec. (120068.83 ticks)
Elapsed time for symmetry detection = 655.65 sec. (130075.61 ticks)
Elapsed time for symmetry detection = 709.09 sec. (140080.28 ticks)
Elapsed time for symmetry detection = 753.49 sec. (150087.88 ticks)
Elapsed time for symmetry detection = 795.36 sec. (160095.35 ticks)
Elapsed time for symmetry detection = 847.70 sec. (170099.50 ticks)
Elapsed time for symmetry detection = 901.53 sec. (180107.93 ticks)
Elapsed time for symmetry detection = 956.43 sec. (190110.96 ticks)
Elapsed time for symmetry detection = 1011.02 sec. (200118.95 ticks)
Elapsed time for symmetry detection = 1065.17 sec. (210123.74 ticks)
Elapsed time for symmetry detection = 1117.43 sec. (220131.02 ticks)
Elapsed time for symmetry detection = 1169.23 sec. (230135.68 ticks)
Elapsed time for symmetry detection = 1222.89 sec. (240142.81 ticks)
Elapsed time for symmetry detection = 1278.13 sec. (250151.32 ticks)
Elapsed time for symmetry detection = 1330.60 sec. (260154.59 ticks)
Found 2.738979e+203795 symmetric permutations.
MIP Presolve eliminated 231 rows and 220 columns.
MIP Presolve modified 7558 coefficients.
Reduced MIP has 662125 rows, 255405 columns, and 1605716 nonzeros.
Reduced MIP has 254432 binaries, 0 generals, 0 SOSs, and 0 indicators.
Presolve time = 1423.21 sec. (274014.20 ticks)
Probing fixed 0 vars, tightened 84 bounds.
Probing time = 15.60 sec. (1769.90 ticks)
Clique table members: 1064285.
MIP emphasis: balance optimality and feasibility.
MIP search method: dynamic search.
Parallel mode: none, using 1 thread.
Root relaxation solution time = 6317.65 sec. (418687.77 ticks)

        Nodes                                         Cuts/
   Node  Left     Objective  IInf  Best Integer    Best Bound    ItCnt     Gap

      0     0        0.0000 126978                      0.0000   186564         
      0     0     1596.2163 127441                  Cuts: 9522   372657         
      0     0     2007.0479 120528                  Cuts: 4283   408768         
      0     0     2248.0872 126508                  Cuts: 3298   524879         
      0     0     2377.1950 124411                  Cuts: 2880   573134         
      0     0     2429.0990 123930                  Cuts: 1791   590308         

Repeating presolve.
Tried aggregator 1 time.
MIP Presolve eliminated 559083 rows and 223650 columns.
MIP Presolve modified 4641 coefficients.
Reduced MIP has 103042 rows, 31755 columns, and 263826 nonzeros.
Reduced MIP has 30782 binaries, 0 generals, 0 SOSs, and 0 indicators.
Presolve time = 5.63 sec. (2242.42 ticks)
Probing fixed 0 vars, tightened 84 bounds.
Probing time = 3.06 sec. (371.02 ticks)
Tried aggregator 1 time.
Detecting symmetries...
MIP Presolve eliminated 47 rows and 47 columns.
MIP Presolve modified 3886 coefficients.
Reduced MIP has 102995 rows, 31708 columns, and 263665 nonzeros.
Reduced MIP has 30735 binaries, 0 generals, 0 SOSs, and 0 indicators.
Presolve time = 4.49 sec. (4385.75 ticks)
Represolve time = 15.69 sec. (7141.92 ticks)
Probing fixed 0 vars, tightened 79 bounds.
Probing time = 2.94 sec. (329.29 ticks)
Clique table members: 163455.
MIP emphasis: balance optimality and feasibility.
MIP search method: dynamic search.
Parallel mode: none, using 1 thread.
Root relaxation solution time = 118.39 sec. (16420.31 ticks)

        Nodes                                         Cuts/
   Node  Left     Objective  IInf  Best Integer    Best Bound    ItCnt     Gap

      0     0     2429.0990 15070                   2429.0990   632413         
      0     0     2458.2555 15108                  Cuts: 2063   640108         
      0     0     2471.1213 13788                  Cuts: 1868   647302         
      0     0     2471.2801 14570                  Cuts: 1216   650262         
      0     0     2471.5292 14300                   Cuts: 739   651978         
      0     0     2471.5455 14346                   Cuts: 567   652727         

Repeating presolve.
Tried aggregator 1 time.
MIP Presolve eliminated 40376 rows and 16163 columns.
MIP Presolve modified 4325 coefficients.
Reduced MIP has 62619 rows, 15545 columns, and 166642 nonzeros.
Reduced MIP has 14572 binaries, 0 generals, 0 SOSs, and 0 indicators.
Presolve time = 1.71 sec. (658.65 ticks)
Probing fixed 0 vars, tightened 68 bounds.
Probing time = 1.13 sec. (210.11 ticks)
Tried aggregator 1 time.
Detecting symmetries...
MIP Presolve eliminated 25 rows and 18 columns.
MIP Presolve modified 3254 coefficients.
Reduced MIP has 62594 rows, 15527 columns, and 166470 nonzeros.
Reduced MIP has 14554 binaries, 0 generals, 0 SOSs, and 0 indicators.
Presolve time = 1.72 sec. (1169.12 ticks)
Represolve time = 5.99 sec. (2105.17 ticks)
Probing fixed 0 vars, tightened 57 bounds.
Probing time = 0.86 sec. (163.39 ticks)
Clique table members: 99524.
MIP emphasis: balance optimality and feasibility.
MIP search method: dynamic search.
Parallel mode: none, using 1 thread.
Root relaxation solution time = 27.89 sec. (5863.89 ticks)

        Nodes                                         Cuts/
   Node  Left     Objective  IInf  Best Integer    Best Bound    ItCnt     Gap

      0     0     2471.5455  6930                   2471.5455   676526         
      0     0     2471.5605  7108                   Cuts: 752   677726         
      0     0     2474.8890  6722                   Cuts: 361   679199         
      0     0     2474.9324  6980                   Cuts: 215   680178         

Repeating presolve.
Tried aggregator 2 times.
MIP Presolve eliminated 12287 rows and 4775 columns.
MIP Presolve modified 3406 coefficients.
Aggregator did 90 substitutions.
Reduced MIP has 50217 rows, 10662 columns, and 136736 nonzeros.
Reduced MIP has 9689 binaries, 0 generals, 0 SOSs, and 0 indicators.
Presolve time = 1.34 sec. (517.17 ticks)
Probing fixed 0 vars, tightened 34 bounds.
Probing time = 0.63 sec. (122.29 ticks)
Tried aggregator 1 time.
Detecting symmetries...
MIP Presolve eliminated 1 rows and 1 columns.
MIP Presolve modified 2188 coefficients.
Reduced MIP has 50216 rows, 10661 columns, and 136733 nonzeros.
Reduced MIP has 9688 binaries, 0 generals, 0 SOSs, and 0 indicators.
Presolve time = 1.40 sec. (506.72 ticks)
Represolve time = 4.37 sec. (1219.22 ticks)
Probing fixed 0 vars, tightened 24 bounds.
Probing time = 0.56 sec. (104.91 ticks)
Clique table members: 79559.
MIP emphasis: balance optimality and feasibility.
MIP search method: dynamic search.
Parallel mode: none, using 1 thread.
Root relaxation solution time = 9.03 sec. (3144.18 ticks)

        Nodes                                         Cuts/
   Node  Left     Objective  IInf  Best Integer    Best Bound    ItCnt     Gap

      0     0     2474.9324  4695                   2474.9324   695927         
      0     0     2474.9324  4847                   Cuts: 540   696683         
      0     0     2475.9255  4774                   Cuts: 224   697366         
      0     0     2475.9325  4773                   Cuts: 298   697638         
      0     2     2477.2845  4703                   2510.5618   697958         
Elapsed time = 31671.89 sec. (4684033.73 ticks, tree = 0.01 MB, solutions = 0)
      1     3    14001.9476  5034                   2510.5618   708733         
      2     4     3164.9638  5050                   3170.4317   736890         
      3     5    20895.2531  4077                   3170.4317   743582         
      4     6    20895.2531  3071                   3170.4317   746549         
      5     7    20895.2531  3983                   3170.4317   752339         
      6     8    34214.0000  1910                   3170.4317   767380         
      7     9    34214.0385  1627                   3170.4317   768300         
      8    10    34214.0385  1401                   3170.4317   768877         
      9    11    40938.0385   354                   3170.4317   770095         
     20    20    40938.0385   296                   3170.4317   770912         
Elapsed time = 31956.76 sec. (4728000.84 ticks, tree = 0.48 MB, solutions = 0)
     33    33    40938.0385   240                   3170.4317   771649         
     48    42    40938.0385   196                   3170.4317   772565         
     62    47     3180.0576  5041                   3180.0576   789875         
     64    49     3180.0576  4934                   3180.0576   790968         
     65    50    23292.3737  4128                   3180.0576   815194         
     66    49    infeasible                         3180.0576   818646         
     67    50    34132.0000  3979                   3180.0576   827232         
     68    51    34132.0384  2866                   3180.0576   833865         
     69    52    34132.0385  1830                   3180.0576   838205         
     70    53    34132.0385  1617                   3180.0576   841149         
Elapsed time = 32111.21 sec. (4768915.11 ticks, tree = 1.66 MB, solutions = 0)
     71    54    34132.0385  1606                   3180.0576   841301         
     72    55    36247.0000   776                   3180.0576   845398         
     80    59    37894.0000   398                   3180.0576   847182         
    117    85    38556.0000    81                   3180.0576   849289         
    149    90    17066.0000  5447                   3180.0576   865104         
    150    91    17066.0000  5310                   3180.0576   871042         
    151    92    17066.0000  5214                   3180.0576   879274         
    152    93    17066.0000  5210                   3180.0576   884934         
    153    94    24425.4201  5025                   3180.0576   893604         
    154    95    17066.0000  4705                   3180.0576   899112         
Elapsed time = 32267.04 sec. (4795376.70 ticks, tree = 2.03 MB, solutions = 0)
    155    96    17066.0000  4727                   3180.0576   903145         
    156    97    17066.5736  5012                   3180.0576   910959         
    157    98    20693.5274  4925                   3180.0576   921168         
    158    99    22722.0000  4655                   3180.0576   927988         
    162   103    39788.0000  3385                   3180.0576   936166         
    184   125    39788.0000  1636                   3180.0576   940381         
    188   129    39788.0000  1296                   3180.0576   948785         
    200   139    39788.0000  1382                   3180.0576   954991         
    208   143    39788.0000  1083                   3180.0576   962742         
    224   152    39870.0000   296                   3180.0576   966551         
Elapsed time = 32364.22 sec. (4815938.63 ticks, tree = 2.76 MB, solutions = 0)
    242   159    41644.0000   362                   3180.0576   967784         
    252   161    21793.9598  4018                   3189.0000   985858         
    254   163    34132.0000  3141                   3189.0000   996841         
    255   164    34132.0000  3239                   3189.0000  1004543         
    256   165    34132.0000  3025                   3189.0000  1015988         
    257   166    41726.0000  1004                   3189.0000  1027493         
    260   169    41726.0000   944                   3189.0000  1027728         
    280   189    41726.0000   772                   3189.0000  1032153         
    300   207    43570.0000   254                   3189.0000  1035554         
    304   206    17066.0000  5145                  14006.9044  1050811         
Elapsed time = 32557.38 sec. (4843726.68 ticks, tree = 3.06 MB, solutions = 0)
    305   207    17066.0000  5019                  14006.9044  1059107         
    307   209    17066.0000  4860                  14006.9044  1063130         
    308   210    24425.4201  4615                  14006.9044  1068697         
    309   211    24578.0000  4452                  14006.9044  1073439         
    312   214    24578.0000  4259                  14006.9044  1079752         
    317   217    41644.0000  2897                  14006.9044  1088629         
    320   220    45492.0000  1969                  14006.9044  1092885         
    328   224    17215.1909  4991                  14037.2834  1100671         
    329   225    27106.0000  5080                  14037.2834  1111115         
    330   226    21432.4565  4468                  14037.2834  1122101         
Elapsed time = 32665.77 sec. (4866157.18 ticks, tree = 3.27 MB, solutions = 0)
    331   227    21432.4565  4584                  14037.2834  1132698         
    332   228    21742.1647  3887                  14037.2834  1137370         
    333   229    34132.0000  4571                  14037.2834  1147690         
    336   230    34132.0000  4443                  14037.2834  1153694         
    338   232    34132.0000  4474                  14037.2834  1160074         
    339   233    37894.0000   655                  14037.2834  1166606         
    362   245    41656.0000   300                  14037.2834  1169046         
    365   244    20196.3275  4927                  17066.0000  1174832         
    366   245    20196.3275  4788                  17066.0000  1180182         
    368   247    21136.7990  4713                  17066.0000  1190103         
Elapsed time = 32733.21 sec. (4886339.06 ticks, tree = 3.54 MB, solutions = 0)
    369   248    21136.7990  4732                  17066.0000  1197936         
    370   249    27106.0000  4326                  17066.0000  1205328         
    371   250    27106.0000  4379                  17066.0000  1212564         
    372   251    27106.0000  4213                  17066.0000  1219210         
    373   252    27106.0000  4282                  17066.0000  1232530         
    374   253    27106.0385  3709                  17066.0000  1236643         
    380   255    34132.0000  4159                  17066.0000  1248340         
    382   257    34132.0000  4189                  17066.0000  1258923         
    384   259    34132.0000  3527                  17066.0000  1269743         
    386   261    34132.0000  3435                  17066.0000  1277431         
Elapsed time = 32921.90 sec. (4915016.68 ticks, tree = 3.70 MB, solutions = 0)
    390   265    41644.0000  3294                  17066.0000  1285034         
    394   265    34132.0000  4371                  17066.0000  1292221         
    395   266    34132.0289  3762                  17066.0000  1300819         
    397   268    44534.0000  2259                  17066.0000  1308992         
    398   269    44534.0000  1172                  17066.0000  1318171         
    412   273    24425.4201  4912                  17066.0000  1328911         
    413   274    24425.4201  4606                  17066.0000  1334330         
    414   275    24578.0000  4474                  17066.0000  1339212         
    417   278    41644.0000  1813                  17066.0000  1349372         
    418   279    41644.0000  1914                  17066.0000  1355687         
Elapsed time = 33012.91 sec. (4929619.13 ticks, tree = 3.94 MB, solutions = 0)
    421   282    41644.0000   816                  17066.0000  1362978         
    435   290    17066.0000  5040                  17066.0000  1375862         
    436   291    17066.0000  4827                  17066.0000  1380621         
    437   292    17066.0000  4551                  17066.0000  1385257         
    438   293    17066.0000  4483                  17066.0000  1390454         
    439   294    34132.0000  4241                  17066.0000  1404405         
    440   295    34132.0000  4068                  17066.0000  1414694         
    445   300    34132.0385  1927                  17066.0000  1421640         
    497   348    34276.0000  1502                  17066.0000  1424951         
    585   403    17066.0000  4378                  17066.0000  1436805         
Elapsed time = 33177.41 sec. (4958822.16 ticks, tree = 5.85 MB, solutions = 0)
    600   418    34200.0000  2379                  17066.0000  1456663         
    620   431    34132.0385  3137                  17066.0000  1475405         
    698   493    34132.0061  3836                  17066.0000  1497254         
    762   540    17066.0000  4552                  17066.0000  1518726         
    777   553    34200.0000  1952                  17066.0000  1539910         
    831   585    infeasible                        17066.0000  1554700         
    845   599    34483.0000   628                  17066.0000  1564930         
    919   632    34132.0000  3468                  17066.0000  1577686         
   1038   727    17134.0000  4175                  17066.0000  1599926         
   1039   728    17134.0000  4235                  17066.0000  1602927         
Elapsed time = 33352.40 sec. (5006670.96 ticks, tree = 10.68 MB, solutions = 0)
   1066   747    17066.0000  4409                  17066.0000  1623194         
   1116   782    17662.0000  1340                  17066.0000  1641707         
   1165   815    17066.1580  4054                  17066.0000  1661551         
   1220   854    17754.0000  1474                  17066.0000  1674245         
   1300   911    41780.0000   416                  17066.0000  1689590         
   1382   963    34708.0000   278                  17066.0000  1703268         
   1482  1030    35658.0000   424                  17066.0000  1714768         
   1534  1064    34378.0000  1260                  17066.0000  1736457         
   1614  1112    infeasible                        17066.0000  1741070         
   1629  1116    17066.4979  4830                  17066.0000  1817303         
Elapsed time = 33753.40 sec. (5169955.22 ticks, tree = 16.43 MB, solutions = 0)
   1630  1117    20693.5274  4842                  17066.0000  1822956         
   1631  1118    27468.0000  4230                  17066.0000  1834956         
   1632  1119    27468.0000  4181                  17066.0000  1840832         
   1633  1120    27468.0000  4135                  17066.0000  1841409         
   1634  1121    27468.0000  3644                  17066.0000  1845729         
   1684  1164    27912.0000   566                  17066.0000  1863792         
   1699  1170    17066.0000  5024                  17066.0000  1879478         
   1700  1171    20693.5274  4936                  17066.0000  1896649         
   1702  1173    27468.0000  4737                  17066.0000  1914952         
   1709  1180    44534.0000  2876                  17066.0000  1941638         
Elapsed time = 33990.60 sec. (5242446.53 ticks, tree = 17.30 MB, solutions = 0)
   1768  1224    34132.0000  4548                  17066.0000  1957256         
   1771  1227    34132.0385  4154                  17066.0000  1976513         
   1788  1244    34282.0000  2048                  17066.0000  2001164         
   1809  1258    17066.0000  5213                  17066.0000  2019327         
   1814  1263    17066.0000  5009                  17066.0000  2032074         
   1819  1268    34132.0000  4303                  17066.0000  2054628         
   1872  1309    41849.0385   573                  17066.0000  2076663         
   1887  1314    34132.0000  3600                  17066.0000  2092911         
   1898  1319    17210.0000  4376                  17066.0000  2109819         
   1899  1320    17210.0000  3806                  17066.0000  2115669         
Elapsed time = 34151.89 sec. (5292770.10 ticks, tree = 19.32 MB, solutions = 0)
   1989  1384    17066.0000  4830                  17066.0000  2131806         
   2012  1407    34440.0206  2437                  17066.0000  2149128         
   2034  1421    17265.6725  4061                  17066.0000  2171553         
   2063  1440    17066.0000  4627                  17066.0000  2193715         
   2071  1442    34132.0000  2630                  17066.0000  2215035         
   2085  1454    38038.0000   875                  17066.0000  2235764         
   2138  1493    34132.0000  3622                  17066.0000  2251891         
   2233  1543    39965.0000   158                  17066.0000  2265006         
   2295  1579    infeasible                        17066.0000  2281883         
   2339  1588    34214.0000  1495                  17066.0000  2295952         
Elapsed time = 34393.30 sec. (5335870.25 ticks, tree = 23.21 MB, solutions = 0)
   2340  1589    34276.0000  1504                  17066.0000  2298719         
   2397  1632    17285.2126  3838                  17066.0000  2313991         
   2472  1687    34132.0000  4417                  17066.0000  2334154         
   2486  1701    41726.0000  1123                  17066.0000  2353096         
   2589  1786    34132.0000  3983                  17066.0000  2373975         
   2595  1792    34132.0000  3228                  17066.0000  2394191         
   2631  1816    17067.9826  4759                  17066.0000  2419169         
   2632  1817    17210.0000  3881                  17066.0000  2423549         
   2718  1868    17067.9191  4671                  17066.0000  2451431         
   2755  1904    34420.0000   452                  17066.0000  2470414         
Elapsed time = 34636.90 sec. (5391418.06 ticks, tree = 27.73 MB, solutions = 0)
   2757  1904    17066.6507  4709                  17066.0000  2481526         
   2767  1908    17066.0000  5026                  17066.0000  2506877         
   2771  1912    17066.0000  4779                  17066.0000  2524434         
   2777  1918    34276.0385  1337                  17066.0000  2542684         
   2841  1946    17066.0000  4472                  17066.0000  2557531         
   2848  1952    34132.0000  3249                  17066.0000  2581255         
   2866  1964    20828.0000  4478                  17066.0000  2613032         
   2869  1967    37894.0000  2986                  17066.0000  2624236         
   2925  1996    20828.0000  4356                  17066.0000  2641670         
   2933  2004    37894.0000  2837                  17066.0000  2662742         
Elapsed time = 34798.97 sec. (5445062.55 ticks, tree = 29.08 MB, solutions = 0)
   2966  2023    17066.0000  4690                  17066.0000  2679136         
   2974  2031    17336.9736  3252                  17066.0000  2701805         
   3005  2050    34132.0000  4338                  17066.0000  2723571         
   3010  2055    34132.0000  4047                  17066.0000  2744227         
   3017  2058    17207.5485  4281                  17066.0000  2762308         
   3024  2063    34132.0000  2924                  17066.0000  2789250         
   3081  2107    34132.0000  4178                  17066.0000  2810863         
   3088  2110    17066.0000  4994                  17066.0000  2835141         
   3089  2111    34132.0000  4674                  17066.0000  2846927         
   3110  2127    34132.0000  4904                  17066.0000  2874867         
Elapsed time = 35071.32 sec. (5497488.90 ticks, tree = 30.87 MB, solutions = 0)
   3112  2129    34132.0000  4917                  17066.0000  2902325         
   3115  2132    34132.0000  3651                  17066.0000  2925857         
   3153  2152    41890.0000   210                  17066.0000  2943842         
   3205  2181    20828.0000  5082                  17066.1580  2960539         
   3209  2185    30868.0000  4927                  17066.1580  2979381         
   3212  2188    20828.0000  3931                  17066.1580  2998993         
   3223  2197    20910.0000  1779                  17066.1580  3021652         
   3242  2213    21424.0000   914                  17066.1580  3029114         
   3307  2268    17442.0000  1798                  17066.5736  3038542         
   3333  2286    34132.0000  4172                  17066.5736  3052419         
Elapsed time = 35370.52 sec. (5550141.32 ticks, tree = 33.10 MB, solutions = 0)
   3342  2291    34132.0000  3160                  17066.5736  3076544         
   3442  2364    27468.0000  4236                  17066.6507  3100894         
   3457  2379    44678.0000  1544                  17066.6507  3126287         
   3499  2410    17066.6507  4585                  17066.6507  3138088         
   3510  2418    47216.0000   498                  17066.6507  3161883         
   3586  2454    20871.0000  5087                  17066.6507  3176947         
   3625  2488    39092.0000  1618                  17066.6507  3193873         
   3687  2542    34214.0000  1895                  17066.6507  3214982         
   3733  2579    34426.0000  2463                  17066.6507  3235525         
   3755  2594    34132.0000  3358                  17067.9191  3261556         
Elapsed time = 35480.41 sec. (5602810.18 ticks, tree = 37.61 MB, solutions = 0)
   3805  2627    17095.6665  4252                  17067.9826  3276185         
   3858  2680    34542.0000  1267                  17067.9826  3296602         
   3921  2724    34508.0000  2179                  17067.9826  3313124         
   3999  2783    34132.0000  3833                  17067.9826  3331140         
   4024  2804    17068.1239  4504                  17068.1239  3354808         
   4080  2848    24898.0000   716                  17068.1239  3372395         
   4123  2865    17068.1239  4989                  17068.1239  3376368         
   4148  2884    38140.0000   915                  17068.1239  3399516         
   4216  2927    17084.4144  4338                  17068.1239  3412284         
   4300  2986    17134.0000  4066                  17068.1239  3436897         
Elapsed time = 35680.38 sec. (5647183.50 ticks, tree = 43.38 MB, solutions = 0)
   4341  3020    40014.0000  1182                  17068.1239  3457056         
   4424  3076    28352.0000  1853                  17068.1239  3468277         
   4528  3131    37894.0000  1791                  17068.1239  3478604         
   4553  3154    infeasible                        17068.1239  3485394         
   4615  3198    38038.0000   876                  17068.2586  3508640         
   4659  3236    27468.0000  3746                  17068.2586  3528117         
   4711  3254    17068.2586  4860                  17068.2586  3547679         
   4738  3279    44678.0000   278                  17068.2586  3570375         
   4790  3309    39788.0000  1943                  17095.6665  3591753         
   4819  3330    34276.0000  3015                  17095.6665  3612058         
Elapsed time = 35903.82 sec. (5694123.54 ticks, tree = 48.62 MB, solutions = 0)
   4863  3368    17334.7069  3616                  17095.6665  3628694         

Performing restart 1

Repeating presolve.
Tried aggregator 2 times.
MIP Presolve eliminated 697 rows and 4 columns.
MIP Presolve modified 2060 coefficients.
Aggregator did 196 substitutions.
Reduced MIP has 49323 rows, 10461 columns, and 134523 nonzeros.
Reduced MIP has 9488 binaries, 0 generals, 0 SOSs, and 0 indicators.
Presolve time = 0.88 sec. (394.67 ticks)
Tried aggregator 1 time.
MIP Presolve eliminated 2 rows and 2 columns.
MIP Presolve modified 1280 coefficients.
Reduced MIP has 49321 rows, 10459 columns, and 134517 nonzeros.
Reduced MIP has 9486 binaries, 0 generals, 0 SOSs, and 0 indicators.
Presolve time = 1.28 sec. (484.10 ticks)
Represolve time = 4.47 sec. (1325.44 ticks)
   4940     0     3102.0883  5069                  Cuts: 1349  3678559         
   4940     0     3162.6722  4878                   Cuts: 707  3695420         
   4940     0     3306.8863  5422                  Cuts: 2195  3719138         
   4940     0     3306.8863  5304                  Cuts: 3696  3762287         
   4940     0     3306.8863  5065                  Cuts: 5271  3774344         
   4940     0     3830.6902  5060                  Cuts: 1895  3790908         
   4940     0     3937.9740  5123                   Cuts: 631  3813072         
   4940     2     3937.9740  3876                  17109.0000  3813072         
   4941     3    17066.0000  5133                  17109.0000  3827009         
   4942     4     9568.6532  5049                  17109.0000  3855758         
   4943     5    17066.0000  4564                  17109.0000  3863809         
   4944     6    12906.0054  4728                  17109.0000  3888882         
   4945     7    23600.0617  4231                  17109.0000  3911396         
   4947     9    34132.0000  4091                  17109.0000  3920112         
   4948     8    infeasible                        17109.0000  3923743         
   4949     9    34132.0000  4021                  17109.0000  3946897         
Elapsed time = 37754.99 sec. (6139719.12 ticks, tree = 0.07 MB, solutions = 0)
   4954    10    34132.0000  3105                  17109.0000  3954593         
   5011    62    20479.2000  4249                  17109.0000  3972867         
   5024    73    34214.0000  1898                  17109.0000  3994100         
   5148   168    38654.0000   118                  17109.0000  3999141         
   5171   178    34132.0000  3825                  17109.0000  4014496         
   5186   183    17066.0000  5134                  17109.0000  4035830         
   5189   186    34132.0000  3493                  17109.0000  4056392         
   5193   190    34132.0000  1971                  17109.0000  4080708         
   5257   236    34132.0000  4961                  17109.0000  4100544         
   5259   238    34132.0000  4836                  17109.0000  4128894         
Elapsed time = 38185.88 sec. (6208056.81 ticks, tree = 3.40 MB, solutions = 0)
   5260   239    34319.0000  2759                  17109.0000  4137764         
   5261   240    34358.0000  2455                  17109.0000  4139541         
   5262   241    34358.0000   993                  17109.0000  4140159         
   5263   242    34358.0000   984                  17109.0000  4140166         
   5264   243    34440.0000   959                  17109.0000  4140193         
   5266   245    34584.0000   737                  17109.0000  4140379         
   5267   246    34584.0000   438                  17109.0000  4140821         
   5268   247    34584.0000   426                  17109.0000  4140936         
   5327   284    17066.0000  5037                  17109.0000  4147846         
   5330   287    34132.0000  4696                  17109.0000  4162342         
Elapsed time = 38377.54 sec. (6274704.86 ticks, tree = 4.19 MB, solutions = 0)
   5348   302    34440.0000   426                  17109.0000  4184675         
   5406   336    17066.0000  4859                  17109.0000  4190250         
   5413   341    34214.0000  3681                  17109.0000  4211075         
   5463   377    17066.0000  4916                  17109.0000  4231004         
   5516   418    18101.6236  3902                  17109.0000  4257062         
   5547   447    34878.0000   698                  17109.0000  4282758         
   5601   491    34420.0000  1572                  17109.0000  4301134         
   5602   492    34420.0000   746                  17109.0000  4303303         
   5603   493    34420.0000   737                  17109.0000  4303420         
   5604   494    34420.0000   743                  17109.0000  4303530         
Elapsed time = 38450.95 sec. (6333827.72 ticks, tree = 7.08 MB, solutions = 0)
   5605   495    34420.0000   975                  17109.0000  4304641         
   5606   494    infeasible                        17109.0000  4304718         
   5607   495    34420.0000   867                  17109.0000  4306164         
   5608   496    34420.0385   520                  17109.0000  4306618         
   5609   497    34564.0385   462                  17109.0000  4306629         
   5610   498    34564.0385   436                  17109.0000  4306747         
   5611   499    38408.0000   306                  17109.0000  4307082         
   5614   498    17066.0000  3696                  17109.0000  4316066         
   5615   499    17066.0000  3495                  17109.0000  4319294         
   5671   544    38202.0000   453                  17109.0000  4338263         
Elapsed time = 38581.86 sec. (6432966.55 ticks, tree = 7.83 MB, solutions = 0)
   5675   546    17066.0000  4058                  17109.0000  4346966         
   5700   571    34915.0000   594                  17109.0000  4371334         
   5770   629    34319.0000  1288                  17109.0000  4391507         
   5832   676    17066.0000  4113                  17109.0000  4403922         
   5883   720    35242.0000   734                  17109.0000  4421876         
   5885   720    17066.0000  3857                  17109.0000  4423056         

Performing restart 2

Repeating presolve.
Tried aggregator 2 times.
MIP Presolve eliminated 342 rows and 1 columns.
MIP Presolve modified 654 coefficients.
Aggregator did 108 substitutions.
Reduced MIP has 48871 rows, 10350 columns, and 133461 nonzeros.
Reduced MIP has 9377 binaries, 0 generals, 0 SOSs, and 0 indicators.
Presolve time = 0.63 sec. (364.00 ticks)
Tried aggregator 1 time.
MIP Presolve modified 264 coefficients.
Reduced MIP has 48871 rows, 10350 columns, and 133461 nonzeros.
Reduced MIP has 9377 binaries, 0 generals, 0 SOSs, and 0 indicators.
Presolve time = 0.60 sec. (413.17 ticks)
Represolve time = 1.77 sec. (1055.34 ticks)
   5928     0     3941.4874  5067                   Cuts: 359  4474758         
   5928     0     3941.4874  5183                  Cuts: 2665  4478975         
   5928     0     3941.4874  5105                   Cuts: 462  4490745         
   5928     0     3941.4874  5053                  Cuts: 2429  4508217         
   5928     0     3941.4874  5195                  Cuts: 2430  4512148         
   5928     0     3941.4874  5081                   Cuts: 368  4527911         
   5928     0     3941.4874  5026                  Cuts: 2036  4576623         
   5928     0     3941.4874  5087                  Cuts: 2049  4584849         
   5928     0     3942.2923  5107                   Cuts: 468  4596630         
   5928     0     3944.2667  5042                  Cuts: 1936  4620217         
   5928     0     3944.2667  5113                  Cuts: 3163  4630497         
   5928     2     3944.2667  4125                  17109.0000  4630497         
   5929     3    17066.0000  5128                  17109.0000  4646175         
   5930     4     9896.4114  4737                  17109.0000  4679097         
   5931     5    34132.0000  4668                  17109.0000  4708087         
Elapsed time = 41187.76 sec. (7169587.83 ticks, tree = 0.02 MB, solutions = 0)
   5932     6    17066.0000  5105                  17109.0000  4713043         
   5933     7    17066.0000  4789                  17109.0000  4716436         
   5934     8    17066.0000  4671                  17109.0000  4721602         
   5935     9    34132.0000  4547                  17109.0000  4737304         
   5937    11    34132.0000  3398                  17109.0000  4743805         
   5938    12    17066.0000  4339                  17109.0000  4748967         
   5939    13    34132.0000  3776                  17109.0000  4752755         
   5940    14    17066.0000  3800                  17109.0000  4755802         
   5941    15    34132.0000  3271                  17109.0000  4763380         
   5942    16    17066.0000  2775                  17109.0000  4768870         
Elapsed time = 41323.63 sec. (7251288.14 ticks, tree = 3.91 MB, solutions = 0)
   5943    17    34132.0000  2373                  17109.0000  4772789         
   5944    18    17066.0192  2788                  17109.0000  4775125         
   5945    19    34132.0000  2320                  17109.0000  4779904         
   5946    20    17066.0192  2834                  17109.0000  4786332         
   5947    21    17210.0000  2277                  17109.0000  4786677         
   5949    23    17292.0000  2167                  17109.0000  4786955         
   5950    24    17292.0000  2214                  17109.0000  4787112         
   5951    25    17292.0000  1901                  17109.0000  4787623         
   5952    26    17292.0000  1798                  17109.0000  4787717         
   5953    27    17292.0000  1680                  17109.0000  4788577         
Elapsed time = 41375.30 sec. (7307969.57 ticks, tree = 6.31 MB, solutions = 0)
   5954    28    17292.0000  1674                  17109.0000  4789216         
   5956    30    17354.0000  1328                  17109.0000  4789935         
   5958    32    17354.0000  1455                  17109.0000  4790297         
   5959    33    17354.0000  1567                  17109.0000  4790754         
   5961    35    17498.0000  1390                  17109.0000  4790931         
   5963    36    17518.0000  1355                  17109.0000  4791669         
   5964    37    17498.0000  1327                  17109.0000  4791774         
   5965    38    17498.0000  1322                  17109.0000  4791779         
   5966    39    17498.0000  1873                  17109.0000  4792220         
   5968    41    17498.0000  1124                  17109.0000  4792582         
Elapsed time = 41442.60 sec. (7370349.34 ticks, tree = 11.76 MB, solutions = 0)
   5969    42    17642.0000   977                  17109.0000  4792720         
   5970    43    17501.0000  1093                  17109.0000  4792951         
   5971    42    infeasible                        17109.0000  4793046         
   5972    41    infeasible                        17109.0000  4793122         
   5973    42    17066.0000  4555                  17109.0000  4806726         
   5974    43    17148.0000  4430                  17109.0000  4813489         
   5975    44    17148.0000  4448                  17109.0000  4814201         
   5976    45    17148.0000  4471                  17109.0000  4815542         
   5977    46    17210.0000  4355                  17109.0000  4816850         
   5978    47    17210.0000  4103                  17109.0000  4818335         
Elapsed time = 41554.98 sec. (7446789.50 ticks, tree = 14.46 MB, solutions = 0)
   5979    48    34132.0000  3333                  17109.0000  4822300         
   5980    49    34132.0000  2144                  17109.0000  4829294         
   5981    50    34214.0000  2194                  17109.0000  4832321         
   5983    52    34214.0000  1794                  17109.0000  4833230         
   5988    57    34646.0000   694                  17109.0000  4835280         
   5992    61    34708.0000   578                  17109.0000  4835453         
   5995    64    34790.0000   437                  17109.0000  4835616         
   5999    68    34872.0000   354                  17109.0000  4835872         
   6002    71    34954.0000   367                  17109.0000  4836359         
   6005    70    16058.0439  4664                  17109.0000  4843479         
Elapsed time = 41594.26 sec. (7498912.60 ticks, tree = 16.28 MB, solutions = 0)
   6006    71    17066.0000  4640                  17109.0000  4848249         
   6008    73    34132.0000  4809                  17109.0000  4872462         
   6009    74    23864.3750  3963                  17109.0000  4879076         
   6010    75    34132.0000  4656                  17109.0000  4895216         
   6013    76    34132.0000  3930                  17109.0000  4899650         
   6016    79    34319.0000  1953                  17109.0000  4907990         
   6019    82    34463.0000  1543                  17109.0000  4908418         
   6021    84    34502.0000   792                  17109.0000  4911617         
   6024    87    34646.0000   806                  17109.0000  4912581         
   6028    91    38264.0000   202                  17109.0000  4915314         
Elapsed time = 41655.16 sec. (7570806.59 ticks, tree = 16.54 MB, solutions = 0)
   6033    94    38120.0000   180                  17109.0000  4915827         
   6038    95    infeasible                        17109.0000  4916378         
   6040    95    34132.0000  4543                  17109.0000  4930547         
   6042    97    34132.0000  2258                  17109.0000  4948356         
   6048   103    34440.0000  1406                  17109.0000  4949084         
   6053   108    34872.0000  1131                  17109.0000  4950739         
   6056   111    35180.0000   912                  17109.0000  4950920         
   6059   112    infeasible                        17109.0000  4951288         
   6061   112    20479.2000  3806                  17109.0000  4969503         
   6063   114    34132.0000  4340                  17109.0000  4988734         
Elapsed time = 41724.39 sec. (7639971.71 ticks, tree = 16.12 MB, solutions = 0)
   6066   117    34276.0000  1952                  17109.0000  4997315         
   6070   121    34276.0000   761                  17109.0000  5000945         
   6074   125    34401.0000   612                  17109.0000  5001159         
   6080   127    34689.0000   410                  17109.0000  5002014         
   6087   128    infeasible                        17109.0000  5002447         
   6088   129    34132.0000  4533                  17109.0000  5022687         
   6090   131    34132.0000  4175                  17109.0000  5036568         
   6093   134    34175.0000  2348                  17109.0000  5041569         
   6094   135    34175.0000  1916                  17109.0000  5042157         
   6098   139    34463.0000  1301                  17109.0000  5042921         
Elapsed time = 41767.16 sec. (7701773.39 ticks, tree = 16.04 MB, solutions = 0)
   6101   142    34751.0000  1055                  17109.0000  5043332         
   6105   142    17210.0000  2348                  17148.0000  5043837         
   6107   144    17354.0000  2586                  17148.0000  5044901         
   6108   145    17354.0000  2519                  17148.0000  5045187         
   6109   146    17354.0000  2511                  17148.0000  5045522         
   6110   147    17498.0000  2415                  17148.0000  5045703         
   6111   148    17498.0000  2249                  17148.0000  5045870         
   6112   149    17498.0000  1657                  17148.0000  5046012         
   6113   150    17642.0000  1591                  17148.0000  5046188         
   6115   152    17786.0000  1464                  17148.0000  5046422         
Elapsed time = 41809.81 sec. (7768676.95 ticks, tree = 16.20 MB, solutions = 0)
   6116   153    17642.0000  1569                  17148.0000  5046696         
   6117   154    17642.0000  1405                  17148.0000  5046896         
   6118   155    17642.0000  1399                  17148.0000  5046912         
   6119   156    17642.0000  1377                  17148.0000  5047174         
   6121   158    17786.0000  1105                  17148.0000  5047445         
   6123   160    17786.0000  1101                  17148.0000  5047698         
   6124   161    17930.0000   947                  17148.0000  5047850         
   6125   162    17786.0000  1025                  17148.0000  5048130         
   6126   163    17930.0000   794                  17148.0000  5048339         
   6127   164    17786.0000   903                  17148.0000  5048401         
Elapsed time = 41854.96 sec. (7827341.06 ticks, tree = 16.38 MB, solutions = 0)
   6128   165    17786.0000   879                  17148.0000  5048568         
   6129   166    17786.0000   859                  17148.0000  5048611         
   6132   169    17930.0000   811                  17148.0000  5048867         
   6133   170    17930.0000   759                  17148.0000  5048908         
   6136   170    17930.0000   735                  17148.0000  5049080         
   6137   171    17930.0000   741                  17148.0000  5049375         
   6138   172    17930.0000   675                  17148.0000  5049495         
   6141   171    infeasible                        17148.0000  5049644         
   6142   170    infeasible                        17148.0000  5049802         
   6144   172    34214.0000  2250                  17148.0000  5061374         
Elapsed time = 41895.44 sec. (7878197.43 ticks, tree = 16.12 MB, solutions = 0)
   6146   174    34276.0385  1972                  17148.0000  5063055         
   6148   176    34420.0000  1609                  17148.0000  5063318         
   6152   180    34646.0000  1402                  17148.0000  5063708         
   6156   182    34872.0000  1308                  17148.0000  5063916         
   6161   187    35222.0000  1023                  17148.0000  5064297         
   6166   192    35510.0000   986                  17148.0000  5064569         
   6171   191    infeasible                        17148.0000  5065141         
   6172   192    20479.2000  4069                  17148.0000  5071647         
   6173   193    25599.0000  3620                  17148.0000  5074814         
   6174   194    25599.0000  3376                  17148.0000  5076754         
Elapsed time = 41927.77 sec. (7924436.24 ticks, tree = 16.04 MB, solutions = 0)
   6176   196    34296.0000  1282                  17148.0000  5088274         
   6178   198    34502.0000   942                  17148.0000  5090194         
   6180   200    34646.0000   792                  17148.0000  5090417         
   6182   202    34646.0000   797                  17148.0000  5090500         
   6184   204    34646.0000   876                  17148.0000  5090654         
   6185   205    34790.0000   556                  17148.0000  5090904         
   6188   208    34852.0000   536                  17148.0000  5090965         
   6191   210    34852.0000   489                  17148.0000  5091123         
   6194   209    20479.2000  3952                  17210.0000  5098862         
   6196   211    34132.0000  4061                  17210.0000  5113064         
Elapsed time = 41961.54 sec. (7981952.92 ticks, tree = 15.86 MB, solutions = 0)
   6199   212    34132.0000  3141                  17210.0000  5117328         
   6202   215    34276.0000  1390                  17210.0000  5120138         
   6203   216    34276.0000  1426                  17210.0000  5120213         
   6204   217    34276.0000  1426                  17210.0000  5120453         
   6206   219    34420.0385  1212                  17210.0000  5120752         
   6208   221    34564.0000   738                  17210.0000  5123103         
   6210   223    34708.0000   641                  17210.0000  5123372         
   6212   225    34852.0000   652                  17210.0000  5123679         
   6215   224    17210.0000  1778                  17210.0000  5124345         
   6217   226    17354.0000  1319                  17210.0000  5124967         
Elapsed time = 42017.28 sec. (8055787.41 ticks, tree = 15.70 MB, solutions = 0)
   6219   228    17354.0000  1115                  17210.0000  5125399         
   6221   230    17498.0000   912                  17210.0000  5125842         
   6224   233    17786.0000   798                  17210.0000  5126086         
   6225   234    17786.0000   786                  17210.0000  5126093         
   6226   235    17786.0000   642                  17210.0000  5126307         
   6228   237    17786.0000   742                  17210.0000  5126408         
   6230   239    17786.0000   764                  17210.0000  5126558         
   6231   240    17786.0000   642                  17210.0000  5126694         
   6234   243    17806.0000   634                  17210.0000  5126959         
   6237   246    17930.0000   432                  17210.0000  5127144         
Elapsed time = 42058.01 sec. (8112526.02 ticks, tree = 15.97 MB, solutions = 0)
   6239   248    17930.0000   385                  17210.0000  5127220         
   6241   250    18074.0000   254                  17210.0000  5127539         
   6244   253    18362.0000   209                  17210.0000  5127797         
   6251   258    25442.0000   123                  17210.0000  5128164         
   6259   260    17210.0000  1567                  17210.0000  5129299         
   6261   262    17374.0000  1291                  17210.0000  5130066         
   6263   264    17642.0000  1214                  17210.0000  5130601         
   6265   266    17642.0000   808                  17210.0000  5131343         
   6267   268    17642.0000   578                  17210.0000  5131890         
   6270   271    17786.0000   550                  17210.0000  5132206         
Elapsed time = 42102.19 sec. (8171870.61 ticks, tree = 16.33 MB, solutions = 0)
   6273   274    17930.0000   480                  17210.0000  5132522         
   6274   275    17930.0000   506                  17210.0000  5132711         
   6275   276    17930.0000   513                  17210.0000  5132842         
   6279   276    infeasible                        17210.0000  5133981         
   6281   276    17210.0000  2121                  17210.0000  5135037         
   6282   277    17210.0000  1352                  17210.0000  5136057         
   6284   279    17498.0000  1180                  17210.0000  5136755         
   6286   281    17498.0000   988                  17210.0000  5137143         
   6289   284    17786.0000   922                  17210.0000  5137679         
   6290   285    17786.0000   874                  17210.0000  5137874         
Elapsed time = 42142.13 sec. (8226745.34 ticks, tree = 16.52 MB, solutions = 0)
   6291   286    17786.0000   720                  17210.0000  5138092         
   6293   288    17786.0000   696                  17210.0000  5138192         
   6294   289    17786.0000   832                  17210.0000  5138554         
   6296   291    17930.0000   810                  17210.0000  5138686         
   6297   290    infeasible                        17210.0000  5138770         
   6298   289    infeasible                        17210.0000  5138795         
   6300   291    17354.0000  1219                  17210.0000  5139162         
   6302   293    17498.0000  1235                  17210.0000  5139594         
   6304   295    17642.0000   824                  17210.0000  5140248         
   6306   297    17642.0000   830                  17210.0000  5140813         
Elapsed time = 42190.24 sec. (8289445.90 ticks, tree = 16.68 MB, solutions = 0)
   6308   299    17786.0000   652                  17210.0000  5141910         
   6310   301    17930.0000   633                  17210.0000  5142230         
   6311   302    17930.0000   625                  17210.0000  5142377         
   6312   303    17930.0000   527                  17210.0000  5142884         
   6313   303    17930.0000   495                  17210.0000  5142942         
   6315   305    17930.0000   561                  17210.0000  5143087         
   6318   305    17210.0000  1485                  17210.0000  5143909         
   6320   307    17354.0000  1312                  17210.0000  5144528         
   6322   309    17498.0000   972                  17210.0000  5145183         
   6323   310    17498.0000   954                  17210.0000  5145374         
Elapsed time = 42234.53 sec. (8348557.62 ticks, tree = 16.86 MB, solutions = 0)
   6324   311    17580.0000   902                  17210.0000  5145564         
   6325   312    17724.0000   870                  17210.0000  5145595         
   6327   314    17786.0000   590                  17210.0000  5146007         
   6329   316    17930.0000   324                  17210.0000  5146445         
   6331   318    17930.0000   312                  17210.0000  5146779         
   6333   320    18012.0000   300                  17210.0000  5146871         
   6337   322    21260.0000   269                  17210.0000  5147342         
   6340   321    infeasible                        17210.0000  5147402         
   6341   322    17210.4344  1960                  17210.0000  5148259         
   6342   323    17210.4344  1870                  17210.0000  5148449         
Elapsed time = 42273.89 sec. (8401097.85 ticks, tree = 17.04 MB, solutions = 0)
   6343   324    17354.0000  1706                  17210.0000  5149158         
   6345   326    17436.0000  1596                  17210.0000  5149505         
   6347   328    17354.0734   845                  17210.0000  5150536         
   6349   329    17498.0000   676                  17210.0000  5150712         
   6353   331    34420.0000   937                  17210.0000  5153348         
   6357   335    34708.0000   690                  17210.0000  5153671         
   6360   338    34996.0000   452                  17210.0000  5153911         
   6363   341    34996.0000   372                  17210.0000  5154357         
   6367   345    35140.0000   308                  17210.0000  5154672         
   6370   348    34996.0000   310                  17210.0000  5154728         
Elapsed time = 42314.00 sec. (8453544.03 ticks, tree = 17.41 MB, solutions = 0)
   6373   349    35140.0000   276                  17210.0000  5154860         
   6376   349    infeasible                        17210.0000  5155167         
   6378   349    35242.0000   243                  17210.0000  5155184         
   6380   349    17210.0000  1794                  17210.0000  5155822         
   6382   351    17354.0000  2331                  17210.0000  5156469         
   6384   353    17354.0000  1712                  17210.0000  5157240         
   6386   355    17374.0000  1648                  17210.0000  5157977         
   6388   357    17498.0000  1260                  17210.0000  5158588         
   6390   359    17642.0000  1128                  17210.0000  5159010         
   6391   360    17642.0000  1099                  17210.0000  5159127         
Elapsed time = 42360.57 sec. (8514397.43 ticks, tree = 17.19 MB, solutions = 0)
   6393   362    17786.0000   758                  17210.0000  5159657         
   6394   363    17786.0000   766                  17210.0000  5159683         
   6397   366    17786.0000   809                  17210.0000  5159857         
   6398   367    17786.0000   811                  17210.0000  5159873         
   6399   368    18074.0000   714                  17210.0000  5160198         
   6402   369    infeasible                        17210.0000  5160671         
   6404   369    17210.0000  1672                  17210.0000  5160831         
   6406   371    17498.0000  1374                  17210.0000  5161421         
   6407   372    17498.0000  1184                  17210.0000  5161661         
   6409   374    17498.0000  1186                  17210.0000  5161832         
Elapsed time = 42414.58 sec. (8584366.42 ticks, tree = 17.38 MB, solutions = 0)
   6412   377    17786.0000  1033                  17210.0000  5162125         
   6414   379    17786.0000   906                  17210.0000  5162604         
   6415   380    17786.0000   934                  17210.0000  5162655         
   6417   382    17786.0000   981                  17210.0000  5163282         
   6419   384    17930.0000   974                  17210.0000  5163716         
   6420   385    17930.0000   930                  17210.0000  5163805         
   6421   386    17930.0000   979                  17210.0000  5164348         
   6423   388    17950.0000   960                  17210.0000  5165082         
   6424   387    infeasible                        17210.0000  5165253         
   6425   386    infeasible                        17210.0000  5165379         
Elapsed time = 42468.27 sec. (8653306.73 ticks, tree = 17.56 MB, solutions = 0)
   6427   388    17292.0000  2303                  17210.0000  5166499         
   6429   390    17374.0000  1460                  17210.0000  5166725         
   6430   391    17374.0000  1285                  17210.0000  5167067         
   6431   392    17374.0000  1369                  17210.0000  5167778         
   6432   393    17374.0000  1315                  17210.0000  5167861         
   6433   394    17374.0000  1248                  17210.0000  5168011         
   6434   395    17374.0000  1115                  17210.0000  5168102         
   6435   396    17436.0000  1002                  17210.0000  5168520         
   6436   397    17436.0000  1008                  17210.0000  5168606         
   6437   398    17518.0000   898                  17210.0000  5168697         
Elapsed time = 42506.98 sec. (8710104.87 ticks, tree = 17.70 MB, solutions = 0)
   6438   399    17642.0000   867                  17210.0000  5168850         
   6439   400    17642.0000   894                  17210.0000  5168943         
   6441   402    21260.0000   849                  17210.0000  5169335         
   6444   405    21404.0000   629                  17210.0000  5169887         
   6448   409    21486.0000   402                  17210.0000  5170419         
   6452   409    17251.0000  1785                  17210.0000  5170758         
   6454   411    17251.0000  1559                  17210.0000  5171342         
   6456   413    17498.0000  1510                  17210.0000  5173690         
   6457   414    17498.0000  1312                  17210.0000  5174191         
   6459   416    17642.0000  1827                  17210.0000  5175539         
Elapsed time = 42546.36 sec. (8766205.82 ticks, tree = 17.94 MB, solutions = 0)
   6461   418    17786.0000  1758                  17210.0000  5176034         
   6462   419    17786.0000  1012                  17210.0000  5176106         
   6464   421    17930.0000   947                  17210.0000  5177194         
   6465   422    17930.0000   903                  17210.0000  5177377         
   6468   423    21342.0000   715                  17210.0000  5178669         
   6469   424    21342.0000   693                  17210.0000  5178733         
   6471   426    21342.0000   667                  17210.0000  5179310         
   6473   428    21342.0000   675                  17210.0000  5179409         
   6475   430    21794.0000   634                  17210.0000  5179648         
   6476   429    infeasible                        17210.0000  5179707         
Elapsed time = 42591.75 sec. (8824135.86 ticks, tree = 18.14 MB, solutions = 0)
   6478   429    17210.0000  2817                  17210.0000  5181903         
   6479   430    17210.0000  2481                  17210.0000  5182766         
   6480   431    17210.0939  2347                  17210.0000  5182856         
   6481   432    17210.1648  2288                  17210.0000  5183057         
   6483   434    17354.0000  1966                  17210.0000  5183350         
   6485   436    17498.0000  1784                  17210.0000  5183419         
   6487   438    17642.0000  1673                  17210.0000  5183635         
   6488   439    17642.0000  1416                  17210.0000  5183792         
   6489   440    17642.0000  1256                  17210.0000  5183951         
   6491   442    17642.0000   996                  17210.0000  5184292         
Elapsed time = 42626.56 sec. (8884481.73 ticks, tree = 18.30 MB, solutions = 0)
   6493   444    17724.0000   827                  17210.0000  5184603         
   6495   446    21116.0000   649                  17210.0000  5184853         
   6497   444    infeasible                        17210.0000  5184991         
   6498   445    17210.0939  2374                  17210.0000  5185080         
   6500   447    17292.0000  2188                  17210.0000  5185382         
   6501   448    17354.0000  2034                  17210.0000  5185463         
   6503   450    17436.0000  1874                  17210.0000  5185558         
   6505   452    17436.0000  1834                  17210.0000  5185632         
   6507   454    17436.0000  1483                  17210.0000  5185940         
   6508   455    17436.0000  1431                  17210.0000  5186028         
Elapsed time = 42665.50 sec. (8945820.74 ticks, tree = 18.48 MB, solutions = 0)
   6509   456    17518.0000  1347                  17210.0000  5186477         
   6510   457    17642.0000   991                  17210.0000  5186914         
   6511   458    17642.0000   910                  17210.0000  5186958         
   6512   459    17642.0000   864                  17210.0000  5187177         
   6514   459    20972.0000   701                  17210.0000  5187926         
   6516   461    21116.0000   677                  17210.0000  5188259         
   6518   463    21116.0000   597                  17210.0000  5188475         
   6520   465    21116.0000   561                  17210.0000  5188817         
   6523   468    21260.0000   403                  17210.0000  5189273         
   6527   470    infeasible                        17210.0000  5189347         
Elapsed time = 42702.49 sec. (8995797.55 ticks, tree = 18.70 MB, solutions = 0)
   6531   472    34358.0000  1492                  17210.0000  5192402         
   6534   475    34420.0000  1454                  17210.0000  5192624         
   6537   478    34708.0000  1114                  17210.0000  5193047         
   6539   480    34708.0000   771                  17210.0000  5193251         
   6542   483    34708.0000   724                  17210.0000  5193689         
   6544   481    infeasible                        17210.0000  5193754         
   6545   482    25599.0000  2827                  17210.0939  5200057         
   6547   484    34214.0000  2800                  17210.0939  5210927         
   6550   487    34276.0344  2083                  17210.0939  5216698         
   6555   492    34646.0385   599                  17210.0939  5219722         
Elapsed time = 42740.30 sec. (9048797.98 ticks, tree = 18.62 MB, solutions = 0)
   6559   494    34790.0000   436                  17210.0939  5220344         
   6562   497    34940.0331   383                  17210.0939  5220562         
   6564   499    35016.0000   368                  17210.0939  5220605         
   6567   500    35016.0000   336                  17210.0939  5220628         
   6572   501    17354.0000  1946                  17210.0939  5221368         
   6574   503    17498.0000  1921                  17210.0939  5221626         
   6576   505    17498.0000  1847                  17210.0939  5221686         
   6577   506    17498.0000  1823                  17210.0939  5221789         
   6578   507    17498.0000  1679                  17210.0939  5221961         
   6579   508    17498.0000  1485                  17210.0939  5222408         
Elapsed time = 42773.74 sec. (9099779.85 ticks, tree = 18.83 MB, solutions = 0)
   6581   509    17498.0000  1423                  17210.0939  5222975         
   6582   510    17580.0000  1280                  17210.0939  5223304         
   6583   511    17580.0000  1276                  17210.0939  5223307         
   6584   512    17642.0000  1268                  17210.0939  5223436         
   6586   514    17724.0000  1156                  17210.0939  5223616         
   6589   514    17354.0000  1856                  17210.1648  5224914         
   6591   516    17498.0000  1756                  17210.1648  5225139         
   6593   518    17498.0000  1903                  17210.1648  5225465         
   6595   520    17642.0000  1526                  17210.1648  5225656         
   6598   523    17642.0000  1328                  17210.1648  5225966         
Elapsed time = 42814.96 sec. (9162703.71 ticks, tree = 19.07 MB, solutions = 0)
   6600   525    17930.0000  1158                  17210.1648  5226412         
   6602   527    17973.0000  1148                  17210.1648  5227161         
   6604   527    21486.0000   997                  17210.1648  5228047         
   6607   526    17354.0000  1724                  17210.4344  5229474         
   6608   527    17354.0000  1720                  17210.4344  5229531         
   6609   528    17354.1290  1887                  17210.4344  5229987         
   6611   530    17642.0000  1655                  17210.4344  5230213         
   6613   532    17642.0000  1342                  17210.4344  5230575         
   6615   534    17642.0000  1164                  17210.4344  5230842         
   6617   536    21116.0000   849                  17210.4344  5231759         
Elapsed time = 42861.03 sec. (9227061.63 ticks, tree = 19.25 MB, solutions = 0)
   6619   536    infeasible                        17210.4344  5232397         
   6621   536    17354.0000  1748                  17210.4344  5232948         
   6623   538    17354.0198  1190                  17210.4344  5234003         
   6625   540    17374.1296  1141                  17210.4344  5234370         
   6626   541    17374.1296  1140                  17210.4344  5234638         
   6628   543    20828.0000   832                  17210.4344  5235208         
   6630   545    17518.0000   876                  17210.4344  5235555         
   6633   548    20992.0555   863                  17210.4344  5237732         
   6637   550    24878.0000   333                  17210.4344  5238682         
   6642   554    24878.0000   319                  17210.4344  5238903         
Elapsed time = 42894.85 sec. (9275897.39 ticks, tree = 19.50 MB, solutions = 0)
   6646   556    24878.0000   276                  17210.4344  5239325         
   6651   558    25022.0000   172                  17210.4344  5239595         
   6654   557    17210.4344  1878                  17210.4344  5239999         
   6656   559    17354.0198  1282                  17210.4344  5241314         
   6658   557    infeasible                        17210.4344  5241570         
   6660   559    17354.0000  1267                  17210.4344  5242175         
   6662   561    17354.0000  1275                  17210.4344  5242503         
   6663   562    17498.0000  1227                  17210.4344  5242960         
   6665   564    17498.0000  1084                  17210.4344  5243515         
   6667   564    infeasible                        17210.4344  5243921         
Elapsed time = 42931.19 sec. (9333829.33 ticks, tree = 19.65 MB, solutions = 0)
   6668   565    17498.0000   986                  17210.4344  5243988         
   6670   567    17642.0000   853                  17210.4344  5244168         
   6672   569    17786.0000   816                  17210.4344  5244495         
   6674   571    17786.0000   721                  17210.4344  5244905         
   6675   570    infeasible                        17210.4344  5245114         
   6679   572    34564.0000   760                  17251.0000  5247242         
   6682   575    34708.0000   728                  17251.0000  5247493         
   6684   577    34852.0000   698                  17251.0000  5247600         
   6686   577    infeasible                        17251.0000  5247991         
   6688   577    17354.0000  1443                  17251.0000  5249252         
Elapsed time = 42966.89 sec. (9380765.95 ticks, tree = 19.83 MB, solutions = 0)
   6690   579    17354.0358  1485                  17251.0000  5249892         
   6691   580    17498.0000  1266                  17251.0000  5250506         
   6693   582    17436.0000  1342                  17251.0000  5250762         
   6694   583    17436.0000  1294                  17251.0000  5250853         
   6696   585    17580.0000  1220                  17251.0000  5251145         
   6697   586    17580.0000  1148                  17251.0000  5251337         
   6698   587    17580.0000  1160                  17251.0000  5251568         
   6700   589    17580.0000  1088                  17251.0000  5252691         
   6702   591    17724.0000   961                  17251.0000  5253425         
   6703   592    17786.0000   956                  17251.0000  5254101         
Elapsed time = 43003.81 sec. (9435030.73 ticks, tree = 20.03 MB, solutions = 0)
   6706   591    17251.0000  1781                  17251.0000  5254743         
   6708   593    17354.0000  1551                  17251.0000  5254946         
   6710   595    17354.0000  1707                  17251.0000  5256025         
   6712   597    17354.0791  1523                  17251.0000  5256891         
   6713   598    17498.0000  1973                  17251.0000  5257313         
   6716   601    17642.0000  1033                  17251.0000  5258023         
   6717   600    infeasible                        17251.0000  5258123         
   6720   603    17786.0000   953                  17251.0000  5258290         
   6721   604    17786.0000   938                  17251.0000  5258386         
   6722   605    17786.0000   922                  17251.0000  5258481         
Elapsed time = 43047.97 sec. (9499189.61 ticks, tree = 20.20 MB, solutions = 0)
   6724   605    17786.0000   931                  17251.0000  5258567         
   6726   607    17786.0000   904                  17251.0000  5258862         
   6729   610    17858.0000   831                  17251.0000  5259398         
   6731   610    17858.0000   814                  17251.0000  5259782         
   6732   611    17858.0000   824                  17251.0000  5260073         
   6735   614    21486.0000   498                  17251.0000  5261450         
   6737   616    21692.0000   346                  17251.0000  5261742         
   6739   617    21836.0000   231                  17251.0000  5262093         
   6741   619    21836.0000   206                  17251.0000  5262179         
   6743   621    21836.0000   178                  17251.0000  5262209         
Elapsed time = 43103.64 sec. (9566510.39 ticks, tree = 20.42 MB, solutions = 0)
   6745   622    21980.0000   164                  17251.0000  5262392         
   6747   623    21980.0000   158                  17251.0000  5262441         
   6749   623    infeasible                        17251.0000  5262493         
   6751   623    17436.0000  1592                  17251.0000  5262837         
   6752   624    17498.0000  1582                  17251.0000  5262871         
   6753   625    17498.0000  2058                  17251.0000  5263471         
   6754   626    17498.0000  1451                  17251.0000  5263696         
   6756   628    17642.0000  1151                  17251.0000  5264289         
   6758   630    17724.0000   947                  17251.0000  5264714         
   6760   632    17724.0000   899                  17251.0000  5265041         
Elapsed time = 43139.25 sec. (9615545.83 ticks, tree = 20.57 MB, solutions = 0)
   6762   634    17786.0000   889                  17251.0000  5265256         
   6764   636    17806.0000   888                  17251.0000  5265349         
   6765   637    17806.0000   861                  17251.0000  5265382         
   6766   638    17950.0000   783                  17251.0000  5265574         
   6768   636    infeasible                        17251.0000  5265817         
   6769   637    17354.0000  2389                  17292.0000  5266921         
   6770   638    17354.0000  2260                  17292.0000  5267822         
   6771   639    17354.0000  2162                  17292.0000  5268019         
   6772   640    17354.0000  2329                  17292.0000  5268716         
   6773   641    17354.0732  1611                  17292.0000  5269255         
Elapsed time = 43181.00 sec. (9673854.81 ticks, tree = 20.69 MB, solutions = 0)
   6775   643    17498.0000  1458                  17292.0000  5270145         
   6776   644    17498.0000  1338                  17292.0000  5270325         
   6778   646    17580.0000  1158                  17292.0000  5270577         
   6779   647    17580.0000  1116                  17292.0000  5270622         

GUB cover cuts applied:  15
Clique cuts applied:  4
Cover cuts applied:  334
Implied bound cuts applied:  380
Flow cuts applied:  139
Mixed integer rounding cuts applied:  110
Zero-half cuts applied:  60
Gomory fractional cuts applied:  1

Root node processing (before b&c):
  Real time             = 31671.62 sec. (4683813.51 ticks)
Sequential b&c:
  Real time             = 11528.39 sec. (5016814.56 ticks)
                          ------------
Total (root+branch&cut) = 43200.00 sec. (9700628.07 ticks)
Unknown
terminate called after throwing an instance of 'IloCplex::Exception'
