t6p23r2h2.txt:
   > Trying to open the instance file...
   > Reading number of trains...
   > Reading maximum number of trips per train...
   > Reading time intervals...
   > Reading number of points...
   > Reading stations...
   > Reading crossings...
   > Reading depots...
   > Reading initial point...
   > Reading routes...
   > Reading distance and distance and service...
   > Reading demands...
   > Reading maximum time...
   > Reading alpha...

--------------------------------
 Printing instance
--------------------------------
number of trains = 6
	max trips per trains: 2     2     2     2     2     2
number of intervals = 2
	(0,  19162)	(19163,  38324)
number of points = 23
	initial point: 22
	stations: 0     1     2     4     5     6     7     8     9    10    11    12    13    15    16    18    20    21    22
	crossings: 0     3     5    10    14    16    17    19    21    22
	depots: 0    22
number of vertices = 46
	total vertices: 0     1     2     3     4     5     6     7     8     9    10    11    12    13    14    15    16    17    18    19    20    21    22    23    24    25    26    27    28    29    30    31    32    33    34    35    36    37    38    39    40    41    42    43    44    45
	upper vertices: 0     1     2     3     4     5     6     7     8     9    10    11    12    13    14    15    16    17    18    19    20    21    22
	lower vertices: 23    24    25    26    27    28    29    30    31    32    33    34    35    36    37    38    39    40    41    42    43    44    45
	vertices of point #0: (0, 23)
	vertices of point #1: (1, 24)
	vertices of point #2: (2, 25)
	vertices of point #3: (3, 26)
	vertices of point #4: (4, 27)
	vertices of point #5: (5, 28)
	vertices of point #6: (6, 29)
	vertices of point #7: (7, 30)
	vertices of point #8: (8, 31)
	vertices of point #9: (9, 32)
	vertices of point #10: (10, 33)
	vertices of point #11: (11, 34)
	vertices of point #12: (12, 35)
	vertices of point #13: (13, 36)
	vertices of point #14: (14, 37)
	vertices of point #15: (15, 38)
	vertices of point #16: (16, 39)
	vertices of point #17: (17, 40)
	vertices of point #18: (18, 41)
	vertices of point #19: (19, 42)
	vertices of point #20: (20, 43)
	vertices of point #21: (21, 44)
	vertices of point #22: (22, 45)

arcs...
	total arcs: 
		arc #0: (0, 1)
		arc #1: (0, 23)
		arc #2: (23, 0)
		arc #3: (1, 2)
		arc #4: (24, 23)
		arc #5: (2, 3)
		arc #6: (25, 24)
		arc #7: (3, 4)
		arc #8: (26, 25)
		arc #9: (4, 5)
		arc #10: (27, 26)
		arc #11: (5, 6)
		arc #12: (28, 27)
		arc #13: (6, 7)
		arc #14: (29, 28)
		arc #15: (7, 8)
		arc #16: (30, 29)
		arc #17: (8, 9)
		arc #18: (31, 30)
		arc #19: (9, 10)
		arc #20: (32, 31)
		arc #21: (10, 11)
		arc #22: (33, 32)
		arc #23: (11, 12)
		arc #24: (34, 33)
		arc #25: (12, 13)
		arc #26: (35, 34)
		arc #27: (13, 14)
		arc #28: (36, 35)
		arc #29: (14, 15)
		arc #30: (37, 36)
		arc #31: (15, 16)
		arc #32: (38, 37)
		arc #33: (16, 17)
		arc #34: (39, 38)
		arc #35: (17, 18)
		arc #36: (40, 39)
		arc #37: (18, 19)
		arc #38: (41, 40)
		arc #39: (19, 20)
		arc #40: (42, 41)
		arc #41: (20, 21)
		arc #42: (43, 42)
		arc #43: (21, 22)
		arc #44: (44, 43)
		arc #45: (45, 44)
		arc #46: (22, 45)
		arc #47: (45, 22)

	reverse arcs: 
		arc #1: (0, 23)
		arc #2: (23, 0)
		arc #46: (22, 45)
		arc #47: (45, 22)


incompatible points...
	(0, 2, 26, (2, 3))	(26, 24, 0, (24, 23))	(3, 4, 28, (4, 5))	(28, 27, 3, (27, 26))	(5, 9, 33, (9, 10))	(33, 29, 5, (29, 28))	(10, 13, 37, (13, 14))	(37, 34, 10, (34, 33))	(14, 15, 39, (15, 16))	(39, 38, 14, (38, 37))	(16, 16, 40, (16, 17))	(40, 40, 16, (40, 39))	(17, 18, 42, (18, 19))	(42, 41, 17, (41, 40))	(19, 20, 44, (20, 21))	(44, 43, 19, (43, 42))	(21, 21, 45, (21, 22))	(45, 45, 21, (45, 44))

number of routes = 2
vertices of routes...
	route #0: 0     1     2     3     4     5     6     7     8     9    10    11    12    13    14    15    16    17    18    19    20    21    22    45    44    43    42    41    40    39    38    37    36    35    34    33    32    31    30    29    28    27    26    25    24    23     0
	route #1: 45    44    43    42    41    40    39    38    37    36    35    34    33    32    31    30    29    28    27    26    25    24    23     0     1     2     3     4     5     6     7     8     9    10    11    12    13    14    15    16    17    18    19    20    21    22    45
arcs of routes...
	route #0: 0     3     5     7     9    11    13    15    17    19    21    23    25    27    29    31    33    35    37    39    41    43    46    45    44    42    40    38    36    34    32    30    28    26    24    22    20    18    16    14    12    10     8     6     4     2
	route #1: 45    44    42    40    38    36    34    32    30    28    26    24    22    20    18    16    14    12    10     8     6     4     2     0     3     5     7     9    11    13    15    17    19    21    23    25    27    29    31    33    35    37    39    41    43    46

incompatible routes...
	(0, 1)    	(1, 0)

vertices that can be adjacent in consecutive trips...
	(0, 0)    	(45, 45)
non cyclical routes: 


routes of trip...
	routes that train #0 can complete at trip #0: 1
	routes that train #0 can complete at trip #1: 0       1

	routes that train #1 can complete at trip #0: 1
	routes that train #1 can complete at trip #1: 0       1

	routes that train #2 can complete at trip #0: 1
	routes that train #2 can complete at trip #1: 0       1

	routes that train #3 can complete at trip #0: 1
	routes that train #3 can complete at trip #1: 0       1

	routes that train #4 can complete at trip #0: 1
	routes that train #4 can complete at trip #1: 0       1

	routes that train #5 can complete at trip #0: 1
	routes that train #5 can complete at trip #1: 0       1

 cost...
	arc #0 [0][1]: 238
	arc #1 [0][23]: 0
	arc #2 [23][0]: 0
	arc #3 [1][2]: 231
	arc #4 [24][23]: 238
	arc #5 [2][3]: 227
	arc #6 [25][24]: 231
	arc #7 [3][4]: 221
	arc #8 [26][25]: 227
	arc #9 [4][5]: 217
	arc #10 [27][26]: 221
	arc #11 [5][6]: 257
	arc #12 [28][27]: 217
	arc #13 [6][7]: 219
	arc #14 [29][28]: 257
	arc #15 [7][8]: 238
	arc #16 [30][29]: 219
	arc #17 [8][9]: 249
	arc #18 [31][30]: 238
	arc #19 [9][10]: 257
	arc #20 [32][31]: 249
	arc #21 [10][11]: 235
	arc #22 [33][32]: 257
	arc #23 [11][12]: 234
	arc #24 [34][33]: 235
	arc #25 [12][13]: 249
	arc #26 [35][34]: 234
	arc #27 [13][14]: 222
	arc #28 [36][35]: 249
	arc #29 [14][15]: 235
	arc #30 [37][36]: 222
	arc #31 [15][16]: 226
	arc #32 [38][37]: 235
	arc #33 [16][17]: 231
	arc #34 [39][38]: 226
	arc #35 [17][18]: 256
	arc #36 [40][39]: 231
	arc #37 [18][19]: 248
	arc #38 [41][40]: 256
	arc #39 [19][20]: 223
	arc #40 [42][41]: 248
	arc #41 [20][21]: 261
	arc #42 [43][42]: 223
	arc #43 [21][22]: 241
	arc #44 [44][43]: 261
	arc #45 [45][44]: 241
	arc #46 [22][45]: 0
	arc #47 [45][22]: 0

cost with minimum service...
	arc #0 [0][1]: 324
	arc #1 [0][23]: 0
	arc #2 [23][0]: 0
	arc #3 [1][2]: 317
	arc #4 [24][23]: 503
	arc #5 [2][3]: 298
	arc #6 [25][24]: 317
	arc #7 [3][4]: 307
	arc #8 [26][25]: 313
	arc #9 [4][5]: 303
	arc #10 [27][26]: 292
	arc #11 [5][6]: 343
	arc #12 [28][27]: 303
	arc #13 [6][7]: 305
	arc #14 [29][28]: 343
	arc #15 [7][8]: 324
	arc #16 [30][29]: 305
	arc #17 [8][9]: 335
	arc #18 [31][30]: 324
	arc #19 [9][10]: 343
	arc #20 [32][31]: 335
	arc #21 [10][11]: 321
	arc #22 [33][32]: 343
	arc #23 [11][12]: 320
	arc #24 [34][33]: 321
	arc #25 [12][13]: 335
	arc #26 [35][34]: 320
	arc #27 [13][14]: 293
	arc #28 [36][35]: 335
	arc #29 [14][15]: 321
	arc #30 [37][36]: 308
	arc #31 [15][16]: 312
	arc #32 [38][37]: 306
	arc #33 [16][17]: 302
	arc #34 [39][38]: 312
	arc #35 [17][18]: 342
	arc #36 [40][39]: 317
	arc #37 [18][19]: 319
	arc #38 [41][40]: 327
	arc #39 [19][20]: 309
	arc #40 [42][41]: 334
	arc #41 [20][21]: 347
	arc #42 [43][42]: 294
	arc #43 [21][22]: 506
	arc #44 [44][43]: 347
	arc #45 [45][44]: 327
	arc #46 [22][45]: 0
	arc #47 [45][22]: 0

cost with maximum service...
	arc #0 [0][1]: 590
	arc #1 [0][23]: 352
	arc #2 [23][0]: 352
	arc #3 [1][2]: 583
	arc #4 [24][23]: 590
	arc #5 [2][3]: 579
	arc #6 [25][24]: 583
	arc #7 [3][4]: 573
	arc #8 [26][25]: 579
	arc #9 [4][5]: 569
	arc #10 [27][26]: 573
	arc #11 [5][6]: 609
	arc #12 [28][27]: 569
	arc #13 [6][7]: 571
	arc #14 [29][28]: 609
	arc #15 [7][8]: 590
	arc #16 [30][29]: 571
	arc #17 [8][9]: 601
	arc #18 [31][30]: 590
	arc #19 [9][10]: 609
	arc #20 [32][31]: 601
	arc #21 [10][11]: 587
	arc #22 [33][32]: 609
	arc #23 [11][12]: 586
	arc #24 [34][33]: 587
	arc #25 [12][13]: 601
	arc #26 [35][34]: 586
	arc #27 [13][14]: 574
	arc #28 [36][35]: 601
	arc #29 [14][15]: 587
	arc #30 [37][36]: 574
	arc #31 [15][16]: 578
	arc #32 [38][37]: 587
	arc #33 [16][17]: 583
	arc #34 [39][38]: 578
	arc #35 [17][18]: 608
	arc #36 [40][39]: 583
	arc #37 [18][19]: 600
	arc #38 [41][40]: 608
	arc #39 [19][20]: 575
	arc #40 [42][41]: 600
	arc #41 [20][21]: 613
	arc #42 [43][42]: 575
	arc #43 [21][22]: 593
	arc #44 [44][43]: 613
	arc #45 [45][44]: 593
	arc #46 [22][45]: 352
	arc #47 [45][22]: 352

demands...
	demands of vertex 0 at time interval: 4     4
	demands of vertex 1 at time interval: 4     4
	demands of vertex 2 at time interval: 4     4
	demands of vertex 3 at time interval: 0     0
	demands of vertex 4 at time interval: 4     4
	demands of vertex 5 at time interval: 4     4
	demands of vertex 6 at time interval: 4     4
	demands of vertex 7 at time interval: 4     4
	demands of vertex 8 at time interval: 4     4
	demands of vertex 9 at time interval: 4     4
	demands of vertex 10 at time interval: 4     4
	demands of vertex 11 at time interval: 4     4
	demands of vertex 12 at time interval: 4     4
	demands of vertex 13 at time interval: 4     4
	demands of vertex 14 at time interval: 0     0
	demands of vertex 15 at time interval: 4     4
	demands of vertex 16 at time interval: 4     4
	demands of vertex 17 at time interval: 0     0
	demands of vertex 18 at time interval: 4     4
	demands of vertex 19 at time interval: 0     0
	demands of vertex 20 at time interval: 4     4
	demands of vertex 21 at time interval: 4     4
	demands of vertex 22 at time interval: 0     0
	demands of vertex 23 at time interval: 0     0
	demands of vertex 24 at time interval: 4     4
	demands of vertex 25 at time interval: 4     4
	demands of vertex 26 at time interval: 0     0
	demands of vertex 27 at time interval: 4     4
	demands of vertex 28 at time interval: 4     4
	demands of vertex 29 at time interval: 4     4
	demands of vertex 30 at time interval: 4     4
	demands of vertex 31 at time interval: 4     4
	demands of vertex 32 at time interval: 4     4
	demands of vertex 33 at time interval: 4     4
	demands of vertex 34 at time interval: 4     4
	demands of vertex 35 at time interval: 4     4
	demands of vertex 36 at time interval: 4     4
	demands of vertex 37 at time interval: 0     0
	demands of vertex 38 at time interval: 4     4
	demands of vertex 39 at time interval: 4     4
	demands of vertex 40 at time interval: 0     0
	demands of vertex 41 at time interval: 4     4
	demands of vertex 42 at time interval: 0     0
	demands of vertex 43 at time interval: 4     4
	demands of vertex 44 at time interval: 4     4
	demands of vertex 45 at time interval: 4     4

maximum time = 38324
alpha = 72
Starting to test combinations... - Total number of combinations = 64
Found new best - 1/64
10% done - 7/64 combination(s) tested! (Thread 0)
20% done - 14/64 combination(s) tested! (Thread 0)
30% done - 21/64 combination(s) tested! (Thread 0)
40% done - 28/64 combination(s) tested! (Thread 0)
50% done - 35/64 combination(s) tested! (Thread 0)
60% done - 42/64 combination(s) tested! (Thread 0)
70% done - 49/64 combination(s) tested! (Thread 0)
80% done - 56/64 combination(s) tested! (Thread 0)
90% done - 63/64 combination(s) tested! (Thread 0)
	Cannot prove optimality!

>> Printing some results...
    -> Solution value = 20781 - 05:46:21
    -> Total time = 3628.29

=============
Train 0
=============
> Trip 0
   45(time 792 - 00:13:12)(time 1033 - 00:17:13) ->    44(time 1119 - 00:18:39)(time 1380 - 00:23:00) ->    43(time 1466 - 00:24:26)(time 1689 - 00:28:09) ->    42(time 1760 - 00:29:20)(time 2008 - 00:33:28) ->    41(time 2094 - 00:34:54)(time 2350 - 00:39:10) ->    40(time 2421 - 00:40:21)(time 2652 - 00:44:12) ->    39(time 2738 - 00:45:38)(time 2964 - 00:49:24) ->    38(time 3050 - 00:50:50)(time 3285 - 00:54:45) ->    37(time 3356 - 00:55:56)(time 3578 - 00:59:38) ->    36(time 3664 - 01:01:04)(time 3913 - 01:05:13) ->    35(time 3999 - 01:06:39)(time 4233 - 01:10:33) ->    34(time 4319 - 01:11:59)(time 4554 - 01:15:54) ->    33(time 4640 - 01:17:20)(time 4897 - 01:21:37) ->    32(time 4983 - 01:23:03)(time 5232 - 01:27:12) ->    31(time 5318 - 01:28:38)(time 5556 - 01:32:36) ->    30(time 5642 - 01:34:02)(time 5861 - 01:37:41) ->    29(time 5947 - 01:39:07)(time 6204 - 01:43:24) ->    28(time 6538 - 01:48:58)(time 6755 - 01:52:35) ->    27(time 7107 - 01:58:27)(time 7328 - 02:02:08) ->    26(time 7399 - 02:03:19)(time 7626 - 02:07:06) ->    25(time 7906 - 02:11:46)(time 8137 - 02:15:37) ->    24(time 8223 - 02:17:03)(time 8461 - 02:21:01) ->    23(time 8726 - 02:25:26)(time 8726 - 02:25:26) ->    0(time 8905 - 02:28:25)(time 9143 - 02:32:23) ->    1(time 9229 - 02:33:49)(time 9460 - 02:37:40) ->    2(time 9546 - 02:39:06)(time 9773 - 02:42:53) ->    3(time 9859 - 02:44:19)(time 10080 - 02:48:00) ->    4(time 10414 - 02:53:34)(time 10631 - 02:57:11) ->    5(time 10983 - 03:03:03)(time 11240 - 03:07:20) ->    6(time 11326 - 03:08:46)(time 11545 - 03:12:25) ->    7(time 11631 - 03:13:51)(time 11869 - 03:17:49) ->    8(time 11955 - 03:19:15)(time 12204 - 03:23:24) ->    9(time 12290 - 03:24:50)(time 12547 - 03:29:07) ->    10(time 12633 - 03:30:33)(time 12868 - 03:34:28) ->    11(time 12954 - 03:35:54)(time 13188 - 03:39:48) ->    12(time 13274 - 03:41:14)(time 13523 - 03:45:23) ->    13(time 13609 - 03:46:49)(time 13831 - 03:50:31) ->    14(time 13902 - 03:51:42)(time 14137 - 03:55:37) ->    15(time 14223 - 03:57:03)(time 14449 - 04:00:49) ->    16(time 14535 - 04:02:15)(time 14766 - 04:06:06) ->    17(time 14837 - 04:07:17)(time 15093 - 04:11:33) ->    18(time 15179 - 04:12:59)(time 15427 - 04:17:07) ->    19(time 15498 - 04:18:18)(time 15721 - 04:22:01) ->    20(time 15807 - 04:23:27)(time 16068 - 04:27:48) ->    21(time 16154 - 04:29:14)(time 16395 - 04:33:15) ->    22(time 16660 - 04:37:40)(time 16660 - 04:37:40) -> 45
> Trip 1
   45(time 16839 - 04:40:39)(time 17080 - 04:44:40) ->    44(time 17166 - 04:46:06)(time 17427 - 04:50:27) ->    43(time 17513 - 04:51:53)(time 17736 - 04:55:36) ->    42(time 17822 - 04:57:02)(time 18070 - 05:01:10) ->    41(time 18252 - 05:04:12)(time 18508 - 05:08:28) ->    40(time 18579 - 05:09:39)(time 18810 - 05:13:30) ->    39(time 19162 - 05:19:22)(time 19388 - 05:23:08) ->    38(time 19474 - 05:24:34)(time 19709 - 05:28:29) ->    37(time 19780 - 05:29:40)(time 20002 - 05:33:22) ->    36(time 20088 - 05:34:48)(time 20337 - 05:38:57) ->    35(time 20423 - 05:40:23)(time 20657 - 05:44:17) ->    34(time 21009 - 05:50:09)(time 21244 - 05:54:04) ->    33(time 21330 - 05:55:30)(time 21587 - 05:59:47) ->    32(time 21673 - 06:01:13)(time 21922 - 06:05:22) ->    31(time 22010 - 06:06:50)(time 22248 - 06:10:48) ->    30(time 22334 - 06:12:14)(time 22553 - 06:15:53) ->    29(time 22639 - 06:17:19)(time 22896 - 06:21:36) ->    28(time 22982 - 06:23:02)(time 23199 - 06:26:39) ->    27(time 23285 - 06:28:05)(time 23506 - 06:31:46) ->    26(time 23577 - 06:32:57)(time 23804 - 06:36:44) ->    25(time 23890 - 06:38:10)(time 24121 - 06:42:01) ->    24(time 24207 - 06:43:27)(time 24445 - 06:47:25) ->    23(time 24710 - 06:51:50)(time 24710 - 06:51:50) ->    0(time 24710 - 06:51:50)(time 24948 - 06:55:48) ->    1(time 25034 - 06:57:14)(time 25265 - 07:01:05) ->    2(time 25351 - 07:02:31)(time 25578 - 07:06:18) ->    3(time 25843 - 07:10:43)(time 26064 - 07:14:24) ->    4(time 26416 - 07:20:16)(time 26633 - 07:23:53) ->    5(time 26985 - 07:29:45)(time 27242 - 07:34:02) ->    6(time 27328 - 07:35:28)(time 27547 - 07:39:07) ->    7(time 27633 - 07:40:33)(time 27871 - 07:44:31) ->    8(time 27957 - 07:45:57)(time 28206 - 07:50:06) ->    9(time 28292 - 07:51:32)(time 28549 - 07:55:49) ->    10(time 28635 - 07:57:15)(time 28870 - 08:01:10) ->    11(time 28956 - 08:02:36)(time 29190 - 08:06:30) ->    12(time 29276 - 08:07:56)(time 29525 - 08:12:05) ->    13(time 29611 - 08:13:31)(time 29833 - 08:17:13) ->    14(time 29904 - 08:18:24)(time 30139 - 08:22:19) ->    15(time 30225 - 08:23:45)(time 30451 - 08:27:31) ->    16(time 30537 - 08:28:57)(time 30768 - 08:32:48) ->    17(time 30839 - 08:33:59)(time 31095 - 08:38:15) ->    18(time 31181 - 08:39:41)(time 31429 - 08:43:49) ->    19(time 31500 - 08:45:00)(time 31723 - 08:48:43) ->    20(time 31809 - 08:50:09)(time 32070 - 08:54:30) ->    21(time 32156 - 08:55:56)(time 32397 - 08:59:57) ->    22(time 32662 - 09:04:22)(time 32662 - 09:04:22) -> 45
=============
Train 1
=============
> Trip 0
   45(time 1765 - 00:29:25)(time 2006 - 00:33:26) ->    44(time 2092 - 00:34:52)(time 2353 - 00:39:13) ->    43(time 2439 - 00:40:39)(time 2662 - 00:44:22) ->    42(time 2733 - 00:45:33)(time 2981 - 00:49:41) ->    41(time 3067 - 00:51:07)(time 3323 - 00:55:23) ->    40(time 3394 - 00:56:34)(time 3625 - 01:00:25) ->    39(time 3711 - 01:01:51)(time 3937 - 01:05:37) ->    38(time 4023 - 01:07:03)(time 4258 - 01:10:58) ->    37(time 4329 - 01:12:09)(time 4551 - 01:15:51) ->    36(time 4637 - 01:17:17)(time 4886 - 01:21:26) ->    35(time 4972 - 01:22:52)(time 5206 - 01:26:46) ->    34(time 5292 - 01:28:12)(time 5527 - 01:32:07) ->    33(time 5613 - 01:33:33)(time 5870 - 01:37:50) ->    32(time 5956 - 01:39:16)(time 6205 - 01:43:25) ->    31(time 6291 - 01:44:51)(time 6529 - 01:48:49) ->    30(time 6615 - 01:50:15)(time 6834 - 01:53:54) ->    29(time 6920 - 01:55:20)(time 7177 - 01:59:37) ->    28(time 7263 - 02:01:03)(time 7480 - 02:04:40) ->    27(time 7566 - 02:06:06)(time 7787 - 02:09:47) ->    26(time 7858 - 02:10:58)(time 8085 - 02:14:45) ->    25(time 8171 - 02:16:11)(time 8402 - 02:20:02) ->    24(time 8488 - 02:21:28)(time 8726 - 02:25:26) ->    23(time 8991 - 02:29:51)(time 8991 - 02:29:51) ->    0(time 8991 - 02:29:51)(time 9229 - 02:33:49) ->    1(time 9315 - 02:35:15)(time 9546 - 02:39:06) ->    2(time 9632 - 02:40:32)(time 9859 - 02:44:19) ->    3(time 10193 - 02:49:53)(time 10414 - 02:53:34) ->    4(time 10766 - 02:59:26)(time 10983 - 03:03:03) ->    5(time 11248 - 03:07:28)(time 11505 - 03:11:45) ->    6(time 11591 - 03:13:11)(time 11810 - 03:16:50) ->    7(time 11896 - 03:18:16)(time 12134 - 03:22:14) ->    8(time 12220 - 03:23:40)(time 12469 - 03:27:49) ->    9(time 12555 - 03:29:15)(time 12812 - 03:33:32) ->    10(time 12898 - 03:34:58)(time 13133 - 03:38:53) ->    11(time 13219 - 03:40:19)(time 13453 - 03:44:13) ->    12(time 13539 - 03:45:39)(time 13788 - 03:49:48) ->    13(time 13874 - 03:51:14)(time 14096 - 03:54:56) ->    14(time 14167 - 03:56:07)(time 14402 - 04:00:02) ->    15(time 14488 - 04:01:28)(time 14714 - 04:05:14) ->    16(time 14800 - 04:06:40)(time 15031 - 04:10:31) ->    17(time 15102 - 04:11:42)(time 15358 - 04:15:58) ->    18(time 15444 - 04:17:24)(time 15692 - 04:21:32) ->    19(time 15763 - 04:22:43)(time 15986 - 04:26:26) ->    20(time 16072 - 04:27:52)(time 16333 - 04:32:13) ->    21(time 16419 - 04:33:39)(time 16660 - 04:37:40) ->    22(time 16925 - 04:42:05)(time 16925 - 04:42:05) -> 45
> Trip 1
   45(time 16925 - 04:42:05)(time 17166 - 04:46:06) ->    44(time 17252 - 04:47:32)(time 17513 - 04:51:53) ->    43(time 17599 - 04:53:19)(time 17822 - 04:57:02) ->    42(time 18004 - 05:00:04)(time 18252 - 05:04:12) ->    41(time 18604 - 05:10:04)(time 18860 - 05:14:20) ->    40(time 19162 - 05:19:22)(time 19393 - 05:23:13) ->    39(time 19479 - 05:24:39)(time 19705 - 05:28:25) ->    38(time 19791 - 05:29:51)(time 20026 - 05:33:46) ->    37(time 20097 - 05:34:57)(time 20319 - 05:38:39) ->    36(time 20442 - 05:40:42)(time 20691 - 05:44:51) ->    35(time 20777 - 05:46:17)(time 21011 - 05:50:11) ->    34(time 21097 - 05:51:37)(time 21332 - 05:55:32) ->    33(time 21418 - 05:56:58)(time 21675 - 06:01:15) ->    32(time 21761 - 06:02:41)(time 22010 - 06:06:50) ->    31(time 22096 - 06:08:16)(time 22334 - 06:12:14) ->    30(time 22420 - 06:13:40)(time 22639 - 06:17:19) ->    29(time 22725 - 06:18:45)(time 22982 - 06:23:02) ->    28(time 23247 - 06:27:27)(time 23464 - 06:31:04) ->    27(time 23550 - 06:32:30)(time 23771 - 06:36:11) ->    26(time 23842 - 06:37:22)(time 24069 - 06:41:09) ->    25(time 24155 - 06:42:35)(time 24386 - 06:46:26) ->    24(time 24472 - 06:47:52)(time 24710 - 06:51:50) ->    23(time 24975 - 06:56:15)(time 24975 - 06:56:15) ->    0(time 24975 - 06:56:15)(time 25213 - 07:00:13) ->    1(time 25299 - 07:01:39)(time 25530 - 07:05:30) ->    2(time 25616 - 07:06:56)(time 25843 - 07:10:43) ->    3(time 26195 - 07:16:35)(time 26416 - 07:20:16) ->    4(time 26768 - 07:26:08)(time 26985 - 07:29:45) ->    5(time 27071 - 07:31:11)(time 27328 - 07:35:28) ->    6(time 27414 - 07:36:54)(time 27633 - 07:40:33) ->    7(time 27719 - 07:41:59)(time 27957 - 07:45:57) ->    8(time 28043 - 07:47:23)(time 28292 - 07:51:32) ->    9(time 28557 - 07:55:57)(time 28814 - 08:00:14) ->    10(time 28900 - 08:01:40)(time 29135 - 08:05:35) ->    11(time 29221 - 08:07:01)(time 29455 - 08:10:55) ->    12(time 29541 - 08:12:21)(time 29790 - 08:16:30) ->    13(time 29876 - 08:17:56)(time 30098 - 08:21:38) ->    14(time 30169 - 08:22:49)(time 30404 - 08:26:44) ->    15(time 30490 - 08:28:10)(time 30716 - 08:31:56) ->    16(time 30802 - 08:33:22)(time 31033 - 08:37:13) ->    17(time 31104 - 08:38:24)(time 31360 - 08:42:40) ->    18(time 31446 - 08:44:06)(time 31694 - 08:48:14) ->    19(time 31765 - 08:49:25)(time 31988 - 08:53:08) ->    20(time 32074 - 08:54:34)(time 32335 - 08:58:55) ->    21(time 32421 - 09:00:21)(time 32662 - 09:04:22) ->    22(time 32927 - 09:08:47)(time 32927 - 09:08:47) -> 45
=============
Train 2
=============
> Trip 0
   45(time 2155 - 00:35:55)(time 2396 - 00:39:56) ->    44(time 2482 - 00:41:22)(time 2743 - 00:45:43) ->    43(time 2829 - 00:47:09)(time 3052 - 00:50:52) ->    42(time 3123 - 00:52:03)(time 3371 - 00:56:11) ->    41(time 3457 - 00:57:37)(time 3713 - 01:01:53) ->    40(time 3784 - 01:03:04)(time 4015 - 01:06:55) ->    39(time 4101 - 01:08:21)(time 4327 - 01:12:07) ->    38(time 4413 - 01:13:33)(time 4648 - 01:17:28) ->    37(time 4719 - 01:18:39)(time 4941 - 01:22:21) ->    36(time 5027 - 01:23:47)(time 5276 - 01:27:56) ->    35(time 5362 - 01:29:22)(time 5596 - 01:33:16) ->    34(time 5948 - 01:39:08)(time 6183 - 01:43:03) ->    33(time 6535 - 01:48:55)(time 6792 - 01:53:12) ->    32(time 6878 - 01:54:38)(time 7127 - 01:58:47) ->    31(time 7479 - 02:04:39)(time 7717 - 02:08:37) ->    30(time 8069 - 02:14:29)(time 8288 - 02:18:08) ->    29(time 8640 - 02:24:00)(time 8897 - 02:28:17) ->    28(time 9249 - 02:34:09)(time 9466 - 02:37:46) ->    27(time 9552 - 02:39:12)(time 9773 - 02:42:53) ->    26(time 9859 - 02:44:19)(time 10086 - 02:48:06) ->    25(time 10172 - 02:49:32)(time 10403 - 02:53:23) ->    24(time 10489 - 02:54:49)(time 10727 - 02:58:47) ->    23(time 10992 - 03:03:12)(time 10992 - 03:03:12) ->    0(time 11171 - 03:06:11)(time 11409 - 03:10:09) ->    1(time 11495 - 03:11:35)(time 11726 - 03:15:26) ->    2(time 11812 - 03:16:52)(time 12039 - 03:20:39) ->    3(time 12125 - 03:22:05)(time 12346 - 03:25:46) ->    4(time 12432 - 03:27:12)(time 12649 - 03:30:49) ->    5(time 12735 - 03:32:15)(time 12992 - 03:36:32) ->    6(time 13078 - 03:37:58)(time 13297 - 03:41:37) ->    7(time 13383 - 03:43:03)(time 13621 - 03:47:01) ->    8(time 13707 - 03:48:27)(time 13956 - 03:52:36) ->    9(time 14042 - 03:54:02)(time 14299 - 03:58:19) ->    10(time 14385 - 03:59:45)(time 14620 - 04:03:40) ->    11(time 14972 - 04:09:32)(time 15206 - 04:13:26) ->    12(time 15292 - 04:14:52)(time 15541 - 04:19:01) ->    13(time 15652 - 04:20:52)(time 15874 - 04:24:34) ->    14(time 15945 - 04:25:45)(time 16180 - 04:29:40) ->    15(time 16266 - 04:31:06)(time 16492 - 04:34:52) ->    16(time 16578 - 04:36:18)(time 16809 - 04:40:09) ->    17(time 16880 - 04:41:20)(time 17136 - 04:45:36) ->    18(time 17222 - 04:47:02)(time 17470 - 04:51:10) ->    19(time 17822 - 04:57:02)(time 18045 - 05:00:45) ->    20(time 18131 - 05:02:11)(time 18392 - 05:06:32) ->    21(time 18478 - 05:07:58)(time 18719 - 05:11:59) ->    22(time 18984 - 05:16:24)(time 18984 - 05:16:24) -> 45
> Trip 1
   45(time 19163 - 05:19:23)(time 19404 - 05:23:24) ->    44(time 19490 - 05:24:50)(time 19751 - 05:29:11) ->    43(time 19837 - 05:30:37)(time 20060 - 05:34:20) ->    42(time 20146 - 05:35:46)(time 20394 - 05:39:54) ->    41(time 20480 - 05:41:20)(time 20736 - 05:45:36) ->    40(time 20807 - 05:46:47)(time 21038 - 05:50:38) ->    39(time 21124 - 05:52:04)(time 21350 - 05:55:50) ->    38(time 21436 - 05:57:16)(time 21671 - 06:01:11) ->    37(time 22023 - 06:07:03)(time 22245 - 06:10:45) ->    36(time 22331 - 06:12:11)(time 22580 - 06:16:20) ->    35(time 22666 - 06:17:46)(time 22900 - 06:21:40) ->    34(time 23252 - 06:27:32)(time 23487 - 06:31:27) ->    33(time 23573 - 06:32:53)(time 23830 - 06:37:10) ->    32(time 23916 - 06:38:36)(time 24165 - 06:42:45) ->    31(time 24251 - 06:44:11)(time 24489 - 06:48:09) ->    30(time 24575 - 06:49:35)(time 24794 - 06:53:14) ->    29(time 24880 - 06:54:40)(time 25137 - 06:58:57) ->    28(time 25223 - 07:00:23)(time 25440 - 07:04:00) ->    27(time 25536 - 07:05:36)(time 25757 - 07:09:17) ->    26(time 25843 - 07:10:43)(time 26070 - 07:14:30) ->    25(time 26156 - 07:15:56)(time 26387 - 07:19:47) ->    24(time 26473 - 07:21:13)(time 26711 - 07:25:11) ->    23(time 26976 - 07:29:36)(time 26976 - 07:29:36) ->    0(time 27155 - 07:32:35)(time 27393 - 07:36:33) ->    1(time 27479 - 07:37:59)(time 27710 - 07:41:50) ->    2(time 27796 - 07:43:16)(time 28023 - 07:47:03) ->    3(time 28109 - 07:48:29)(time 28330 - 07:52:10) ->    4(time 28416 - 07:53:36)(time 28633 - 07:57:13) ->    5(time 28719 - 07:58:39)(time 28976 - 08:02:56) ->    6(time 29062 - 08:04:22)(time 29281 - 08:08:01) ->    7(time 29367 - 08:09:27)(time 29605 - 08:13:25) ->    8(time 29691 - 08:14:51)(time 29940 - 08:19:00) ->    9(time 30026 - 08:20:26)(time 30283 - 08:24:43) ->    10(time 30369 - 08:26:09)(time 30604 - 08:30:04) ->    11(time 30690 - 08:31:30)(time 30924 - 08:35:24) ->    12(time 31010 - 08:36:50)(time 31259 - 08:40:59) ->    13(time 31345 - 08:42:25)(time 31567 - 08:46:07) ->    14(time 31638 - 08:47:18)(time 31873 - 08:51:13) ->    15(time 31959 - 08:52:39)(time 32185 - 08:56:25) ->    16(time 32271 - 08:57:51)(time 32502 - 09:01:42) ->    17(time 32573 - 09:02:53)(time 32829 - 09:07:09) ->    18(time 32915 - 09:08:35)(time 33163 - 09:12:43) ->    19(time 33234 - 09:13:54)(time 33457 - 09:17:37) ->    20(time 33543 - 09:19:03)(time 33804 - 09:23:24) ->    21(time 33890 - 09:24:50)(time 34131 - 09:28:51) ->    22(time 34396 - 09:33:16)(time 34396 - 09:33:16) -> 45
=============
Train 3
=============
> Trip 0
   45(time 3837 - 01:03:57)(time 4078 - 01:07:58) ->    44(time 4164 - 01:09:24)(time 4425 - 01:13:45) ->    43(time 4511 - 01:15:11)(time 4734 - 01:18:54) ->    42(time 4805 - 01:20:05)(time 5053 - 01:24:13) ->    41(time 5139 - 01:25:39)(time 5395 - 01:29:55) ->    40(time 5466 - 01:31:06)(time 5697 - 01:34:57) ->    39(time 5783 - 01:36:23)(time 6009 - 01:40:09) ->    38(time 6095 - 01:41:35)(time 6330 - 01:45:30) ->    37(time 6401 - 01:46:41)(time 6623 - 01:50:23) ->    36(time 6709 - 01:51:49)(time 6958 - 01:55:58) ->    35(time 7044 - 01:57:24)(time 7278 - 02:01:18) ->    34(time 7364 - 02:02:44)(time 7599 - 02:06:39) ->    33(time 7685 - 02:08:05)(time 7942 - 02:12:22) ->    32(time 8028 - 02:13:48)(time 8277 - 02:17:57) ->    31(time 8363 - 02:19:23)(time 8601 - 02:23:21) ->    30(time 8687 - 02:24:47)(time 8906 - 02:28:26) ->    29(time 8992 - 02:29:52)(time 9249 - 02:34:09) ->    28(time 9335 - 02:35:35)(time 9552 - 02:39:12) ->    27(time 9638 - 02:40:38)(time 9859 - 02:44:19) ->    26(time 9945 - 02:45:45)(time 10172 - 02:49:32) ->    25(time 10258 - 02:50:58)(time 10489 - 02:54:49) ->    24(time 10754 - 02:59:14)(time 10992 - 03:03:12) ->    23(time 11257 - 03:07:37)(time 11257 - 03:07:37) ->    0(time 11257 - 03:07:37)(time 11495 - 03:11:35) ->    1(time 11581 - 03:13:01)(time 11812 - 03:16:52) ->    2(time 11898 - 03:18:18)(time 12125 - 03:22:05) ->    3(time 12211 - 03:23:31)(time 12432 - 03:27:12) ->    4(time 12518 - 03:28:38)(time 12735 - 03:32:15) ->    5(time 12821 - 03:33:41)(time 13078 - 03:37:58) ->    6(time 13164 - 03:39:24)(time 13383 - 03:43:03) ->    7(time 13469 - 03:44:29)(time 13707 - 03:48:27) ->    8(time 13818 - 03:50:18)(time 14067 - 03:54:27) ->    9(time 14419 - 04:00:19)(time 14676 - 04:04:36) ->    10(time 14762 - 04:06:02)(time 14997 - 04:09:57) ->    11(time 15083 - 04:11:23)(time 15317 - 04:15:17) ->    12(time 15403 - 04:16:43)(time 15652 - 04:20:52) ->    13(time 16004 - 04:26:44)(time 16226 - 04:30:26) ->    14(time 16297 - 04:31:37)(time 16532 - 04:35:32) ->    15(time 16618 - 04:36:58)(time 16844 - 04:40:44) ->    16(time 16930 - 04:42:10)(time 17161 - 04:46:01) ->    17(time 17232 - 04:47:12)(time 17488 - 04:51:28) ->    18(time 17574 - 04:52:54)(time 17822 - 04:57:02) ->    19(time 18087 - 05:01:27)(time 18310 - 05:05:10) ->    20(time 18396 - 05:06:36)(time 18657 - 05:10:57) ->    21(time 18743 - 05:12:23)(time 18984 - 05:16:24) ->    22(time 19249 - 05:20:49)(time 19249 - 05:20:49) -> 45
> Trip 1
   45(time 19249 - 05:20:49)(time 19490 - 05:24:50) ->    44(time 19576 - 05:26:16)(time 19837 - 05:30:37) ->    43(time 19923 - 05:32:03)(time 20146 - 05:35:46) ->    42(time 20232 - 05:37:12)(time 20480 - 05:41:20) ->    41(time 20832 - 05:47:12)(time 21088 - 05:51:28) ->    40(time 21159 - 05:52:39)(time 21390 - 05:56:30) ->    39(time 21491 - 05:58:11)(time 21717 - 06:01:57) ->    38(time 21803 - 06:03:23)(time 22038 - 06:07:18) ->    37(time 22109 - 06:08:29)(time 22331 - 06:12:11) ->    36(time 22683 - 06:18:03)(time 22932 - 06:22:12) ->    35(time 23018 - 06:23:38)(time 23252 - 06:27:32) ->    34(time 23338 - 06:28:58)(time 23573 - 06:32:53) ->    33(time 23659 - 06:34:19)(time 23916 - 06:38:36) ->    32(time 24002 - 06:40:02)(time 24251 - 06:44:11) ->    31(time 24337 - 06:45:37)(time 24575 - 06:49:35) ->    30(time 24661 - 06:51:01)(time 24880 - 06:54:40) ->    29(time 24966 - 06:56:06)(time 25223 - 07:00:23) ->    28(time 25319 - 07:01:59)(time 25536 - 07:05:36) ->    27(time 25622 - 07:07:02)(time 25843 - 07:10:43) ->    26(time 25929 - 07:12:09)(time 26156 - 07:15:56) ->    25(time 26242 - 07:17:22)(time 26473 - 07:21:13) ->    24(time 26738 - 07:25:38)(time 26976 - 07:29:36) ->    23(time 27241 - 07:34:01)(time 27241 - 07:34:01) ->    0(time 27241 - 07:34:01)(time 27479 - 07:37:59) ->    1(time 27565 - 07:39:25)(time 27796 - 07:43:16) ->    2(time 27882 - 07:44:42)(time 28109 - 07:48:29) ->    3(time 28195 - 07:49:55)(time 28416 - 07:53:36) ->    4(time 28502 - 07:55:02)(time 28719 - 07:58:39) ->    5(time 28805 - 08:00:05)(time 29062 - 08:04:22) ->    6(time 29148 - 08:05:48)(time 29367 - 08:09:27) ->    7(time 29453 - 08:10:53)(time 29691 - 08:14:51) ->    8(time 29777 - 08:16:17)(time 30026 - 08:20:26) ->    9(time 30112 - 08:21:52)(time 30369 - 08:26:09) ->    10(time 30455 - 08:27:35)(time 30690 - 08:31:30) ->    11(time 30776 - 08:32:56)(time 31010 - 08:36:50) ->    12(time 31096 - 08:38:16)(time 31345 - 08:42:25) ->    13(time 31431 - 08:43:51)(time 31653 - 08:47:33) ->    14(time 31724 - 08:48:44)(time 31959 - 08:52:39) ->    15(time 32045 - 08:54:05)(time 32271 - 08:57:51) ->    16(time 32357 - 08:59:17)(time 32588 - 09:03:08) ->    17(time 32659 - 09:04:19)(time 32915 - 09:08:35) ->    18(time 33001 - 09:10:01)(time 33249 - 09:14:09) ->    19(time 33499 - 09:18:19)(time 33722 - 09:22:02) ->    20(time 33808 - 09:23:28)(time 34069 - 09:27:49) ->    21(time 34155 - 09:29:15)(time 34396 - 09:33:16) ->    22(time 34661 - 09:37:41)(time 34661 - 09:37:41) -> 45
=============
Train 4
=============
> Trip 0
   45(time 5485 - 01:31:25)(time 5726 - 01:35:26) ->    44(time 5812 - 01:36:52)(time 6073 - 01:41:13) ->    43(time 6159 - 01:42:39)(time 6382 - 01:46:22) ->    42(time 6453 - 01:47:33)(time 6701 - 01:51:41) ->    41(time 6787 - 01:53:07)(time 7043 - 01:57:23) ->    40(time 7114 - 01:58:34)(time 7345 - 02:02:25) ->    39(time 7431 - 02:03:51)(time 7657 - 02:07:37) ->    38(time 7743 - 02:09:03)(time 7978 - 02:12:58) ->    37(time 8049 - 02:14:09)(time 8271 - 02:17:51) ->    36(time 8357 - 02:19:17)(time 8606 - 02:23:26) ->    35(time 8692 - 02:24:52)(time 8926 - 02:28:46) ->    34(time 9012 - 02:30:12)(time 9247 - 02:34:07) ->    33(time 9333 - 02:35:33)(time 9590 - 02:39:50) ->    32(time 9676 - 02:41:16)(time 9925 - 02:45:25) ->    31(time 10011 - 02:46:51)(time 10249 - 02:50:49) ->    30(time 10335 - 02:52:15)(time 10554 - 02:55:54) ->    29(time 10640 - 02:57:20)(time 10897 - 03:01:37) ->    28(time 10983 - 03:03:03)(time 11200 - 03:06:40) ->    27(time 11552 - 03:12:32)(time 11773 - 03:16:13) ->    26(time 12125 - 03:22:05)(time 12352 - 03:25:52) ->    25(time 12438 - 03:27:18)(time 12669 - 03:31:09) ->    24(time 12842 - 03:34:02)(time 13080 - 03:38:00) ->    23(time 13345 - 03:42:25)(time 13345 - 03:42:25) ->    0(time 13345 - 03:42:25)(time 13583 - 03:46:23) ->    1(time 13848 - 03:50:48)(time 14079 - 03:54:39) ->    2(time 14165 - 03:56:05)(time 14392 - 03:59:52) ->    3(time 14463 - 04:01:03)(time 14684 - 04:04:44) ->    4(time 14770 - 04:06:10)(time 14987 - 04:09:47) ->    5(time 15073 - 04:11:13)(time 15330 - 04:15:30) ->    6(time 15416 - 04:16:56)(time 15635 - 04:20:35) ->    7(time 15941 - 04:25:41)(time 16179 - 04:29:39) ->    8(time 16265 - 04:31:05)(time 16514 - 04:35:14) ->    9(time 16600 - 04:36:40)(time 16857 - 04:40:57) ->    10(time 16943 - 04:42:23)(time 17178 - 04:46:18) ->    11(time 17264 - 04:47:44)(time 17498 - 04:51:38) ->    12(time 17584 - 04:53:04)(time 17833 - 04:57:13) ->    13(time 17919 - 04:58:39)(time 18141 - 05:02:21) ->    14(time 18212 - 05:03:32)(time 18447 - 05:07:27) ->    15(time 18533 - 05:08:53)(time 18759 - 05:12:39) ->    16(time 18845 - 05:14:05)(time 19076 - 05:17:56) ->    17(time 19147 - 05:19:07)(time 19403 - 05:23:23) ->    18(time 19546 - 05:25:46)(time 19794 - 05:29:54) ->    19(time 20146 - 05:35:46)(time 20369 - 05:39:29) ->    20(time 20455 - 05:40:55)(time 20716 - 05:45:16) ->    21(time 20802 - 05:46:42)(time 21043 - 05:50:43) ->    22(time 21308 - 05:55:08)(time 21308 - 05:55:08) -> 45
> Trip 1
   45(time 21308 - 05:55:08)(time 21549 - 05:59:09) ->    44(time 21635 - 06:00:35)(time 21896 - 06:04:56) ->    43(time 21982 - 06:06:22)(time 22205 - 06:10:05) ->    42(time 22276 - 06:11:16)(time 22524 - 06:15:24) ->    41(time 22610 - 06:16:50)(time 22866 - 06:21:06) ->    40(time 22937 - 06:22:17)(time 23168 - 06:26:08) ->    39(time 23254 - 06:27:34)(time 23480 - 06:31:20) ->    38(time 23745 - 06:35:45)(time 23980 - 06:39:40) ->    37(time 24051 - 06:40:51)(time 24273 - 06:44:33) ->    36(time 24359 - 06:45:59)(time 24608 - 06:50:08) ->    35(time 24694 - 06:51:34)(time 24928 - 06:55:28) ->    34(time 25014 - 06:56:54)(time 25249 - 07:00:49) ->    33(time 25335 - 07:02:15)(time 25592 - 07:06:32) ->    32(time 25678 - 07:07:58)(time 25927 - 07:12:07) ->    31(time 26013 - 07:13:33)(time 26251 - 07:17:31) ->    30(time 26337 - 07:18:57)(time 26556 - 07:22:36) ->    29(time 26642 - 07:24:02)(time 26899 - 07:28:19) ->    28(time 26985 - 07:29:45)(time 27202 - 07:33:22) ->    27(time 27536 - 07:38:56)(time 27757 - 07:42:37) ->    26(time 28109 - 07:48:29)(time 28336 - 07:52:16) ->    25(time 28422 - 07:53:42)(time 28653 - 07:57:33) ->    24(time 28739 - 07:58:59)(time 28977 - 08:02:57) ->    23(time 29242 - 08:07:22)(time 29242 - 08:07:22) ->    0(time 29242 - 08:07:22)(time 29480 - 08:11:20) ->    1(time 29566 - 08:12:46)(time 29797 - 08:16:37) ->    2(time 29883 - 08:18:03)(time 30110 - 08:21:50) ->    3(time 30181 - 08:23:01)(time 30402 - 08:26:42) ->    4(time 30488 - 08:28:08)(time 30705 - 08:31:45) ->    5(time 30791 - 08:33:11)(time 31048 - 08:37:28) ->    6(time 31134 - 08:38:54)(time 31353 - 08:42:33) ->    7(time 31439 - 08:43:59)(time 31677 - 08:47:57) ->    8(time 31763 - 08:49:23)(time 32012 - 08:53:32) ->    9(time 32098 - 08:54:58)(time 32355 - 08:59:15) ->    10(time 32441 - 09:00:41)(time 32676 - 09:04:36) ->    11(time 32762 - 09:06:02)(time 32996 - 09:09:56) ->    12(time 33082 - 09:11:22)(time 33331 - 09:15:31) ->    13(time 33417 - 09:16:57)(time 33639 - 09:20:39) ->    14(time 33710 - 09:21:50)(time 33945 - 09:25:45) ->    15(time 34031 - 09:27:11)(time 34257 - 09:30:57) ->    16(time 34343 - 09:32:23)(time 34574 - 09:36:14) ->    17(time 34645 - 09:37:25)(time 34901 - 09:41:41) ->    18(time 34987 - 09:43:07)(time 35235 - 09:47:15) ->    19(time 35306 - 09:48:26)(time 35529 - 09:52:09) ->    20(time 35615 - 09:53:35)(time 35876 - 09:57:56) ->    21(time 35962 - 09:59:22)(time 36203 - 10:03:23) ->    22(time 36468 - 10:07:48)(time 36468 - 10:07:48) -> 45
=============
Train 5
=============
> Trip 0
   45(time 5571 - 01:32:51)(time 5812 - 01:36:52) ->    44(time 5898 - 01:38:18)(time 6159 - 01:42:39) ->    43(time 6245 - 01:44:05)(time 6468 - 01:47:48) ->    42(time 6539 - 01:48:59)(time 6787 - 01:53:07) ->    41(time 6873 - 01:54:33)(time 7129 - 01:58:49) ->    40(time 7200 - 02:00:00)(time 7431 - 02:03:51) ->    39(time 7517 - 02:05:17)(time 7743 - 02:09:03) ->    38(time 7829 - 02:10:29)(time 8064 - 02:14:24) ->    37(time 8135 - 02:15:35)(time 8357 - 02:19:17) ->    36(time 8443 - 02:20:43)(time 8692 - 02:24:52) ->    35(time 8778 - 02:26:18)(time 9012 - 02:30:12) ->    34(time 9098 - 02:31:38)(time 9333 - 02:35:33) ->    33(time 9419 - 02:36:59)(time 9676 - 02:41:16) ->    32(time 9762 - 02:42:42)(time 10011 - 02:46:51) ->    31(time 10097 - 02:48:17)(time 10335 - 02:52:15) ->    30(time 10421 - 02:53:41)(time 10640 - 02:57:20) ->    29(time 10726 - 02:58:46)(time 10983 - 03:03:03) ->    28(time 11335 - 03:08:55)(time 11552 - 03:12:32) ->    27(time 11904 - 03:18:24)(time 12125 - 03:22:05) ->    26(time 12477 - 03:27:57)(time 12704 - 03:31:44) ->    25(time 12790 - 03:33:10)(time 13021 - 03:37:01) ->    24(time 13107 - 03:38:27)(time 13345 - 03:42:25) ->    23(time 13610 - 03:46:50)(time 13610 - 03:46:50) ->    0(time 13610 - 03:46:50)(time 13848 - 03:50:48) ->    1(time 13934 - 03:52:14)(time 14165 - 03:56:05) ->    2(time 14251 - 03:57:31)(time 14478 - 04:01:18) ->    3(time 14769 - 04:06:09)(time 14990 - 04:09:50) ->    4(time 15076 - 04:11:16)(time 15293 - 04:14:53) ->    5(time 15379 - 04:16:19)(time 15636 - 04:20:36) ->    6(time 15722 - 04:22:02)(time 15941 - 04:25:41) ->    7(time 16027 - 04:27:07)(time 16265 - 04:31:05) ->    8(time 16351 - 04:32:31)(time 16600 - 04:36:40) ->    9(time 16686 - 04:38:06)(time 16943 - 04:42:23) ->    10(time 17029 - 04:43:49)(time 17264 - 04:47:44) ->    11(time 17350 - 04:49:10)(time 17584 - 04:53:04) ->    12(time 17670 - 04:54:30)(time 17919 - 04:58:39) ->    13(time 18005 - 05:00:05)(time 18227 - 05:03:47) ->    14(time 18298 - 05:04:58)(time 18533 - 05:08:53) ->    15(time 18619 - 05:10:19)(time 18845 - 05:14:05) ->    16(time 18931 - 05:15:31)(time 19162 - 05:19:22) ->    17(time 19514 - 05:25:14)(time 19770 - 05:29:30) ->    18(time 19898 - 05:31:38)(time 20146 - 05:35:46) ->    19(time 20232 - 05:37:12)(time 20455 - 05:40:55) ->    20(time 20720 - 05:45:20)(time 20981 - 05:49:41) ->    21(time 21067 - 05:51:07)(time 21308 - 05:55:08) ->    22(time 21573 - 05:59:33)(time 21573 - 05:59:33) -> 45
> Trip 1
   45(time 21573 - 05:59:33)(time 21814 - 06:03:34) ->    44(time 21900 - 06:05:00)(time 22161 - 06:09:21) ->    43(time 22247 - 06:10:47)(time 22470 - 06:14:30) ->    42(time 22541 - 06:15:41)(time 22789 - 06:19:49) ->    41(time 22875 - 06:21:15)(time 23131 - 06:25:31) ->    40(time 23202 - 06:26:42)(time 23433 - 06:30:33) ->    39(time 23519 - 06:31:59)(time 23745 - 06:35:45) ->    38(time 23831 - 06:37:11)(time 24066 - 06:41:06) ->    37(time 24137 - 06:42:17)(time 24359 - 06:45:59) ->    36(time 24445 - 06:47:25)(time 24694 - 06:51:34) ->    35(time 24780 - 06:53:00)(time 25014 - 06:56:54) ->    34(time 25100 - 06:58:20)(time 25335 - 07:02:15) ->    33(time 25421 - 07:03:41)(time 25678 - 07:07:58) ->    32(time 25764 - 07:09:24)(time 26013 - 07:13:33) ->    31(time 26099 - 07:14:59)(time 26337 - 07:18:57) ->    30(time 26423 - 07:20:23)(time 26642 - 07:24:02) ->    29(time 26728 - 07:25:28)(time 26985 - 07:29:45) ->    28(time 27319 - 07:35:19)(time 27536 - 07:38:56) ->    27(time 27888 - 07:44:48)(time 28109 - 07:48:29) ->    26(time 28195 - 07:49:55)(time 28422 - 07:53:42) ->    25(time 28687 - 07:58:07)(time 28918 - 08:01:58) ->    24(time 29004 - 08:03:24)(time 29242 - 08:07:22) ->    23(time 29507 - 08:11:47)(time 29507 - 08:11:47) ->    0(time 29507 - 08:11:47)(time 29745 - 08:15:45) ->    1(time 30010 - 08:20:10)(time 30241 - 08:24:01) ->    2(time 30327 - 08:25:27)(time 30554 - 08:29:14) ->    3(time 30625 - 08:30:25)(time 30846 - 08:34:06) ->    4(time 31195 - 08:39:55)(time 31412 - 08:43:32) ->    5(time 31498 - 08:44:58)(time 31755 - 08:49:15) ->    6(time 31841 - 08:50:41)(time 32060 - 08:54:20) ->    7(time 32146 - 08:55:46)(time 32384 - 08:59:44) ->    8(time 32470 - 09:01:10)(time 32719 - 09:05:19) ->    9(time 32805 - 09:06:45)(time 33062 - 09:11:02) ->    10(time 33148 - 09:12:28)(time 33383 - 09:16:23) ->    11(time 33469 - 09:17:49)(time 33703 - 09:21:43) ->    12(time 33789 - 09:23:09)(time 34038 - 09:27:18) ->    13(time 34124 - 09:28:44)(time 34346 - 09:32:26) ->    14(time 34596 - 09:36:36)(time 34831 - 09:40:31) ->    15(time 34917 - 09:41:57)(time 35143 - 09:45:43) ->    16(time 35229 - 09:47:09)(time 35460 - 09:51:00) ->    17(time 35531 - 09:52:11)(time 35787 - 09:56:27) ->    18(time 35873 - 09:57:53)(time 36121 - 10:02:01) ->    19(time 36192 - 10:03:12)(time 36415 - 10:06:55) ->    20(time 36501 - 10:08:21)(time 36762 - 10:12:42) ->    21(time 36848 - 10:14:08)(time 37089 - 10:18:09) ->    22(time 37441 - 10:24:01)(time 37441 - 10:24:01) -> 45
